10-08 09:57:23.331    1415-6533/? D/mot_vr_audio_hw﹕ in_read waiting for hotword
10-08 09:57:23.391    1752-1778/? W/WindowManager﹕ Timeout waiting for drawn: undrawn=[Window{ade9d680 u0 com.google.android.wearable.app/com.google.android.clockwork.home.HomeActivity}]
10-08 09:57:23.441    6532-6532/? D/ADSPD﹕ ACK success!
10-08 09:57:23.462    1752-2357/? D/SensorHAL﹕ adjustSensorHandle: handle = 9 adjustedHandle = 1
10-08 09:57:23.462    1752-2357/? D/SensorHAL﹕ adjustSensorHandle: handle = 9 adjustedHandle = 1
10-08 09:57:23.472    1752-1912/? D/SensorHAL﹕ adjustSensorHandle: handle = 9 adjustedHandle = 1
10-08 09:57:23.482    1752-1778/? I/DisplayManagerService﹕ Display device changed: DisplayDeviceInfo{"ActivityViewVirtualDisplay": 320 x 320, 60.0 fps, density 213, 213.0 x 213.0 dpi, touch NONE, rotation 0, type VIRTUAL, state OFF, owner android (uid 1000), FLAG_OWN_CONTENT_ONLY}
10-08 09:57:23.492    4603-4603/? V/WearActivity﹕ Pause!
10-08 09:57:23.492    1752-1752/? V/ActivityManager﹕ Display changed displayId=31
10-08 09:57:23.512    4603-4603/? V/WearActivity﹕ display changed: 31, new state: 1
10-08 09:57:23.512    4603-4603/? I/TimeWrapper﹕ FPS: 20.705544, samples: 7
10-08 09:57:23.512    4603-4603/? I/TimeWrapper﹕ Min/Avg/Max frame render speed (ms): 6.591797 / 16.396658 / 27.435303
10-08 09:57:23.512    4603-4603/? I/TimeWrapper﹕ Waketime: 33.95017%
10-08 09:57:23.512    4603-4603/? I/ClockFace﹕ Ambient mode: true
10-08 09:57:23.512    4603-4603/? V/ClockFace﹕ clearing caches
10-08 09:57:23.512    4603-4603/? V/MyViewAnim﹕ stopping animation!
10-08 09:57:23.512    4603-4603/? V/WearActivity﹕ onDisplayChanged: off!
10-08 09:57:23.522    4603-6529/? W/MessageQueue﹕ Handler (android.view.Choreographer$FrameHandler) {add4dd10} sending message to a Handler on a dead thread
    java.lang.RuntimeException: Handler (android.view.Choreographer$FrameHandler) {add4dd10} sending message to a Handler on a dead thread
            at android.os.MessageQueue.enqueueMessage(MessageQueue.java:320)
            at android.os.Handler.enqueueMessage(Handler.java:626)
            at android.os.Handler.sendMessageAtTime(Handler.java:595)
            at android.view.Choreographer$FrameDisplayEventReceiver.onVsync(Choreographer.java:741)
            at android.view.DisplayEventReceiver.dispatchVsync(DisplayEventReceiver.java:139)
            at android.os.MessageQueue.nativePollOnce(Native Method)
            at android.os.MessageQueue.next(MessageQueue.java:138)
            at android.os.Looper.loop(Looper.java:123)
            at org.dwallach.calwatch.MyViewAnim$PanelThread.run(MyViewAnim.java:331)
10-08 09:57:23.522    4603-6529/? V/MyViewAnim﹕ looper finished!
10-08 09:57:24.322    1752-6531/? D/mot_vr_audio_hw﹕ ADSPD connection is stale.  Reconnecting...
10-08 09:57:24.322    6532-6532/? D/ADSPD﹕ Incoming connection from client
10-08 09:57:24.322    1415-6530/? D/mot_vr_audio_hw﹕ ADSPD connection is stale.  Reconnecting...
10-08 09:57:24.322    6532-6532/? D/ADSPD﹕ Incoming connection from client
10-08 09:57:24.322    1752-6531/? D/mot_vr_audio_hw﹕ ADSPD connected successfully
10-08 09:57:24.322    1752-6531/? D/mot_vr_audio_hw﹕ reconnected to adspd
10-08 09:57:24.322    1415-6530/? D/mot_vr_audio_hw﹕ ADSPD connected successfully
10-08 09:57:24.322    6532-6532/? D/ADSPD﹕ Client cmd=0x0003, size=4
10-08 09:57:24.322    1415-6530/? D/mot_vr_audio_hw﹕ reconnected to adspd
10-08 09:57:24.342    6532-6532/? D/ADSPD﹕ Received from DSP: cmd=0x8003, size=2
10-08 09:57:24.342    1415-6536/? D/mot_vr_audio_hw﹕ received recognition control callback, status 0
10-08 09:57:25.373    2069-2104/? W/bt-btif﹕ dm_pm_timer expires
10-08 09:57:25.373    2069-2104/? W/bt-btif﹕ dm_pm_timer expires 0
10-08 09:57:25.373    2069-2104/? W/bt-btif﹕ proc dm_pm_timer expires
10-08 09:57:28.997    1752-1782/? I/PowerManagerService﹕ Going to sleep due to screen timeout...
10-08 09:57:28.997    1752-1782/? I/PowerManagerService﹕ Dozing...
10-08 09:57:29.017    1752-1775/? I/DreamController﹕ Starting dream: name=ComponentInfo{com.google.android.wearable.app/com.google.android.clockwork.home.AmbientMode}, isTest=false, canDoze=true, userId=0
10-08 09:57:29.037    1415-1525/? D/mot_vr_audio_hw﹕ dsp_recognizer_enabled = false
10-08 09:57:29.037    6532-6532/? D/ADSPD﹕ Client cmd=0x0003, size=4
10-08 09:57:29.037    1415-6533/? D/mot_vr_audio_hw﹕ Switching DSP to standby/passthrough mode
10-08 09:57:29.037    1415-6533/? D/mot_vr_audio_hw﹕ Input 0xb7903328 ready to read
10-08 09:57:29.037    1752-1752/? W/InputMethodManagerService﹕ Ignoring setImeWindowStatus of uid 1000 token: null
10-08 09:57:29.047    6532-6532/? D/ADSPD﹕ Received from DSP: cmd=0x8003, size=2
10-08 09:57:29.047    6532-6532/? D/ADSPD﹕ Client cmd=0x0003, size=4
10-08 09:57:29.047    1415-6536/? D/mot_vr_audio_hw﹕ received recognition control callback, status 0
10-08 09:57:29.067    6532-6532/? D/ADSPD﹕ Received from DSP: cmd=0x8003, size=2
10-08 09:57:29.067    1415-6536/? D/mot_vr_audio_hw﹕ received recognition control callback, status 0
10-08 09:57:29.087    1752-1753/? D/dalvikvm﹕ GC_CONCURRENT freed 117K, 18% free 5826K/7084K, paused 11ms+5ms, total 74ms
10-08 09:57:29.087    1415-6533/? W/mot_vr_audio_hw﹕ Discarded 10 buffers without finding audio data
10-08 09:57:29.097    6532-6532/? D/ADSPD﹕ Client cmd=0x0003, size=4
10-08 09:57:29.097    1415-6533/? D/mot_vr_audio_hw﹕ Re-arming DSP
10-08 09:57:29.097    1415-6533/? D/mot_vr_audio_hw﹕ Input 0xb7903328 standby complete
10-08 09:57:29.107    1415-2025/? D/mot_vr_audio_hw﹕ Input 0xb7903328 close complete
10-08 09:57:29.117    6532-6532/? D/ADSPD﹕ Received from DSP: cmd=0x8003, size=2
10-08 09:57:29.117    6532-6532/? D/ADSPD﹕ Client cmd=0x4003, size=2
10-08 09:57:29.117    1415-6536/? D/mot_vr_audio_hw﹕ received recognition control callback, status 0
10-08 09:57:29.147    4603-4603/? V/WearActivity﹕ Stop!
10-08 09:57:29.177    1752-3165/? I/ActivityManager﹕ START u0 {act=android.intent.action.MAIN cat=[android.intent.category.HOME] flg=0x10000000 cmp=com.google.android.wearable.app/com.google.android.clockwork.home.HomeActivity (has extras)} from pid 1868 on display 0
10-08 09:57:29.177    1752-1775/? I/DreamController﹕ Stopping dream: name=ComponentInfo{com.google.android.wearable.app/com.google.android.clockwork.home.AmbientMode}, isTest=false, canDoze=true, userId=0
10-08 09:57:29.187    1752-1782/? I/PowerManagerService﹕ Sleeping...
10-08 09:57:29.427    1868-1868/? I/AmbientMode﹕ Ambient mode started: canDoze=true, dozeHardware=null
10-08 09:57:29.427    1415-2801/? D/mot_vr_audio_hw﹕ dsp_recognizer_enabled = true
10-08 09:57:29.427    6532-6532/? D/ADSPD﹕ Client cmd=0x0003, size=4
10-08 09:57:29.437    1415-1525/? D/mot_vr_audio_hw﹕ open_input_stream(): devices = 0x80000004, rate = 8000, channels = 0x10
10-08 09:57:29.437    1415-1525/? D/mot_vr_audio_hw﹕ Created resampler for 16000->8000 Hz
10-08 09:57:29.447    6532-6532/? D/ADSPD﹕ Received from DSP: cmd=0x8003, size=2
10-08 09:57:29.447    6532-6532/? D/ADSPD﹕ Client cmd=0x4003, size=2
10-08 09:57:29.447    1415-6536/? D/mot_vr_audio_hw﹕ received recognition control callback, status 0
10-08 09:57:29.447    1415-6538/? D/mot_vr_audio_hw﹕ in_read waiting for hotword
10-08 09:57:29.457    1415-2025/? D/mot_vr_audio_hw﹕ dsp_recognizer_enabled = false
10-08 09:57:29.457    6532-6532/? D/ADSPD﹕ Client cmd=0x0003, size=4
10-08 09:57:29.457    1415-6538/? D/mot_vr_audio_hw﹕ Switching DSP to standby/passthrough mode
10-08 09:57:29.457    1415-6538/? D/mot_vr_audio_hw﹕ Input 0xb7903328 ready to read
10-08 09:57:29.467    6532-6532/? D/ADSPD﹕ Received from DSP: cmd=0x8003, size=2
10-08 09:57:29.467    6532-6532/? D/ADSPD﹕ Client cmd=0x0003, size=4
10-08 09:57:29.467    1415-6536/? D/mot_vr_audio_hw﹕ received recognition control callback, status 0
10-08 09:57:29.487    6532-6532/? D/ADSPD﹕ Received from DSP: cmd=0x8003, size=2
10-08 09:57:29.487    1415-6536/? D/mot_vr_audio_hw﹕ received recognition control callback, status 0
10-08 09:57:29.507    1415-6538/? W/mot_vr_audio_hw﹕ Discarded 10 buffers without finding audio data
10-08 09:57:29.517    6532-6532/? D/ADSPD﹕ Client cmd=0x0003, size=4
10-08 09:57:29.527    1415-6538/? D/mot_vr_audio_hw﹕ Re-arming DSP
10-08 09:57:29.527    1415-6538/? D/mot_vr_audio_hw﹕ Input 0xb7903328 standby complete
10-08 09:57:29.537    6532-6532/? D/ADSPD﹕ Received from DSP: cmd=0x8003, size=2
10-08 09:57:29.537    1415-6536/? D/mot_vr_audio_hw﹕ received recognition control callback, status 0
10-08 09:57:29.537    6532-6532/? D/ADSPD﹕ Client cmd=0x4003, size=2
10-08 09:57:29.537    1415-1415/? D/mot_vr_audio_hw﹕ Input 0xb7903328 close complete
10-08 09:57:29.547    1868-1868/? I/AmbientMode﹕ Dream ended: isDozing=true
10-08 09:57:29.718    1752-1778/? I/DisplayManagerService﹕ Display device changed: DisplayDeviceInfo{"ActivityViewVirtualDisplay": 320 x 320, 60.0 fps, density 213, 213.0 x 213.0 dpi, touch NONE, rotation 0, type VIRTUAL, state ON, owner android (uid 1000), FLAG_OWN_CONTENT_ONLY}
10-08 09:57:29.728    4603-4603/? V/WearActivity﹕ display changed: 31, new state: 2
10-08 09:57:29.728    4603-4603/? I/ClockFace﹕ Ambient mode: false
10-08 09:57:29.728    4603-4603/? V/ClockFace﹕ clearing caches
10-08 09:57:29.728    4603-4603/? E/MyViewAnim﹕ no surface holder, can't draw anything
10-08 09:57:29.728    4603-4603/? V/ClockFace﹕ clearing caches
10-08 09:57:29.728    4603-4603/? V/MyViewAnim﹕ new animator starting
10-08 09:57:29.728    4603-4603/? V/MyViewAnim﹕ Time listener is up!
10-08 09:57:29.728    4603-4603/? V/MyViewAnim﹕ starting draw thread from scratch
10-08 09:57:29.728    1752-1752/? V/ActivityManager﹕ Display changed displayId=31
10-08 09:57:29.738    4603-4603/? V/WearActivity﹕ onDisplayChanged: on!
10-08 09:57:29.748    4603-6540/? V/ClockFace﹕ rendering new face, faceMode(0)
10-08 09:57:29.758    4603-6540/? V/ClockFace﹕ fetching new battery status (15645)
10-08 09:57:29.758    4603-6540/? V/ClockFace﹕ battery at 0.8
10-08 09:57:29.998    1752-1805/? D/LightsService﹕ Excessive delay setting light: 115ms
10-08 09:57:29.998    1413-1413/? D/SurfaceFlinger﹕ Screen released, type=0 flinger=0xb8082448
10-08 09:57:30.138    1413-1413/? D/hwcomposer﹕ hwc_blank(0: 1)
10-08 09:57:30.138    1752-1805/? D/SurfaceControl﹕ Excessive delay in blankDisplay() while turning screen off: 141ms
10-08 09:57:30.168    1752-1778/? I/DisplayManagerService﹕ Display device changed: DisplayDeviceInfo{"Built-in Screen": 320 x 290, 45.000004 fps, density 213, 90.31111 x 136.40741 dpi, touch INTERNAL, rotation 0, type BUILT_IN, state OFF, FLAG_DEFAULT_DISPLAY, FLAG_ROTATES_WITH_CONTENT, FLAG_SECURE, FLAG_SUPPORTS_PROTECTED_BUFFERS}
10-08 09:57:30.168    1752-1752/? V/ActivityManager﹕ Display changed displayId=0
10-08 09:57:30.178    4603-4603/? V/WearActivity﹕ display changed: 0, new state: 1
10-08 09:57:30.178    4603-4603/? I/TimeWrapper﹕ FPS: 9.550569, samples: 4
10-08 09:57:30.178    4603-4603/? I/TimeWrapper﹕ Min/Avg/Max frame render speed (ms): 6.591797 / 13.816833 / 19.65332
10-08 09:57:30.178    4603-4603/? I/TimeWrapper﹕ Waketime: 13.195863%
10-08 09:57:30.178    4603-4603/? I/ClockFace﹕ Ambient mode: true
10-08 09:57:30.178    4603-4603/? V/ClockFace﹕ clearing caches
10-08 09:57:30.178    4603-4603/? V/MyViewAnim﹕ stopping animation!
10-08 09:57:30.178    4603-4603/? V/WearActivity﹕ onDisplayChanged: off!
10-08 09:57:30.188    1752-1782/? D/MinnowPowerHAL﹕ power_set_interactive: 0
10-08 09:57:30.188    1752-1782/? D/MinnowPowerHAL﹕ sysfs_write: /sys/devices/platform/omapdss/display0/interactivemode 0
10-08 09:57:30.188    1752-1782/? D/MinnowPowerHAL﹕ sysfs_write: /sys/devices/ocp.2/i2c.6/i2c-0/0-004a/interactivemode 0
10-08 09:57:30.188    1752-1782/? D/mot_vr_audio_hw﹕ dsp_set_pm_state = off
10-08 09:57:30.188    6532-6532/? D/ADSPD﹕ Client cmd=0x4002, size=2
10-08 09:57:30.188    6532-6532/? D/ADSPD﹕ DSP_CMD_DAEMON_SET_PM_STATE : 0
10-08 09:57:30.188    4603-6540/? V/ClockFace﹕ rendering new face, faceMode(0)
10-08 09:57:30.198    4603-6540/? V/MyViewAnim﹕ looper finished!
10-08 09:57:31.589    2069-2104/? W/bt-btif﹕ dm_pm_timer expires
10-08 09:57:31.589    2069-2104/? W/bt-btif﹕ dm_pm_timer expires 0
10-08 09:57:31.589    2069-2104/? W/bt-btif﹕ proc dm_pm_timer expires
10-08 09:57:58.922    1752-1795/? D/ConnectivityService﹕ Sampling interval elapsed, updating statistics ..
10-08 09:57:58.922    1752-1795/? D/ConnectivityService﹕ Done.
10-08 09:57:58.922    1752-1795/? D/ConnectivityService﹕ Setting timer for 720seconds
10-08 09:58:01.715    1752-1897/? D/dalvikvm﹕ GC_FOR_ALLOC freed 402K, 22% free 5540K/7084K, paused 37ms, total 39ms
10-08 09:58:01.755    1752-1897/? D/dalvikvm﹕ GC_FOR_ALLOC freed 16K, 18% free 5816K/7084K, paused 36ms, total 36ms
10-08 09:58:01.755    1752-1897/? I/dalvikvm-heap﹕ Grow heap (frag case) to 6.017MB for 147472-byte allocation
10-08 09:58:01.795    1752-1760/? D/dalvikvm﹕ GC_FOR_ALLOC freed 0K, 18% free 5960K/7232K, paused 38ms, total 38ms
10-08 09:58:01.835    1752-1752/? D/dalvikvm﹕ GC_FOR_ALLOC freed 1K, 18% free 5963K/7232K, paused 40ms, total 40ms
10-08 09:58:01.835    1752-1752/? I/dalvikvm-heap﹕ Grow heap (frag case) to 6.160MB for 147472-byte allocation
10-08 09:58:01.875    1752-1760/? D/dalvikvm﹕ GC_FOR_ALLOC freed <1K, 18% free 6106K/7380K, paused 38ms, total 38ms
10-08 09:58:01.915    1752-1752/? D/dalvikvm﹕ GC_FOR_ALLOC freed <1K, 17% free 6189K/7380K, paused 38ms, total 38ms
10-08 09:58:01.915    1752-1752/? I/dalvikvm-heap﹕ Grow heap (frag case) to 6.381MB for 147472-byte allocation
10-08 09:58:01.945    1752-1760/? D/dalvikvm﹕ GC_FOR_ALLOC freed 0K, 16% free 6333K/7528K, paused 37ms, total 37ms
10-08 09:58:01.995    1752-1752/? D/dalvikvm﹕ GC_FOR_ALLOC freed 0K, 16% free 6336K/7528K, paused 39ms, total 39ms
10-08 09:58:01.995    1752-1752/? I/dalvikvm-heap﹕ Grow heap (frag case) to 6.524MB for 147472-byte allocation
10-08 09:58:02.025    1752-1752/? D/dalvikvm﹕ GC_FOR_ALLOC freed <1K, 16% free 6480K/7676K, paused 35ms, total 36ms
10-08 09:58:02.165    1752-2702/? I/ActivityManager﹕ START u0 {act=android.intent.action.MAIN cat=[android.intent.category.HOME] flg=0x10000000 cmp=com.google.android.wearable.app/com.google.android.clockwork.home.HomeActivity (has extras)} from pid 1868 on display 0
10-08 09:58:02.175    4603-4603/? V/WearActivity﹕ display changed: 0, new state: 1
10-08 09:58:02.175    4603-4603/? I/ClockFace﹕ Ambient mode: true
10-08 09:58:02.175    4603-4603/? V/MyViewAnim﹕ stopping animation!
10-08 09:58:02.175    4603-4603/? V/WearActivity﹕ onDisplayChanged: off!
10-08 09:58:02.175    1752-1752/? V/ActivityManager﹕ Display changed displayId=0
10-08 09:58:02.185    1868-1868/? E/ClockworkHome﹕ Tried to exit ambient mode, but enterAmbientMode() was never called.
10-08 09:58:02.235    1868-1919/? D/dalvikvm﹕ GC_FOR_ALLOC freed 1270K, 44% free 8887K/15764K, paused 32ms, total 32ms
10-08 09:58:02.265    1752-1897/? I/PowerManagerService﹕ Waking up from sleep...
10-08 09:58:02.265    1752-1776/? W/KeyguardServiceDelegate﹕ onScreenTurnedOn(): no keyguard service!
10-08 09:58:02.275    1752-1897/? D/MinnowPowerHAL﹕ power_set_interactive: 1
10-08 09:58:02.275    1752-1897/? D/MinnowPowerHAL﹕ sysfs_write: /sys/devices/platform/omapdss/display0/interactivemode 1
10-08 09:58:02.275    1752-1752/? W/InputMethodManagerService﹕ Ignoring setImeWindowStatus of uid 1000 token: null
10-08 09:58:02.376    1868-1873/? D/dalvikvm﹕ GC_CONCURRENT freed 434K, 45% free 8815K/15764K, paused 3ms+7ms, total 77ms
10-08 09:58:02.376    1752-1897/? D/MinnowPowerHAL﹕ sysfs_write: /sys/devices/ocp.2/i2c.6/i2c-0/0-004a/interactivemode 1
10-08 09:58:02.376    1752-1897/? D/mot_vr_audio_hw﹕ dsp_set_pm_state = on
10-08 09:58:02.376    6532-6532/? D/ADSPD﹕ Client cmd=0x4002, size=2
10-08 09:58:02.376    6532-6532/? D/ADSPD﹕ DSP_CMD_DAEMON_SET_PM_STATE : 1
10-08 09:58:02.376    1752-1897/? D/PowerManagerService-JNI﹕ Excessive delay in setInteractive(true) while turning screen on: 106ms
10-08 09:58:02.396    1415-2025/? D/mot_vr_audio_hw﹕ dsp_recognizer_enabled = true
10-08 09:58:02.396    1415-1415/? D/mot_vr_audio_hw﹕ open_input_stream(): devices = 0x80000004, rate = 8000, channels = 0x10
10-08 09:58:02.396    1415-1415/? D/mot_vr_audio_hw﹕ Created resampler for 16000->8000 Hz
10-08 09:58:02.396    1413-1413/? D/SurfaceFlinger﹕ Screen acquired, type=0 flinger=0xb8082448
10-08 09:58:02.396    1413-1413/? D/hwcomposer﹕ hwc_blank(0: 0)
10-08 09:58:02.416    4603-4603/? V/WearActivity﹕ display changed: 0, new state: 2
10-08 09:58:02.416    4603-4603/? I/ClockFace﹕ Ambient mode: false
10-08 09:58:02.416    4603-4603/? V/ClockFace﹕ clearing caches
10-08 09:58:02.416    4603-4603/? E/MyViewAnim﹕ no surface holder, can't draw anything
10-08 09:58:02.416    4603-4603/? V/ClockFace﹕ clearing caches
10-08 09:58:02.416    4603-4603/? V/MyViewAnim﹕ new animator starting
10-08 09:58:02.416    4603-4603/? V/MyViewAnim﹕ Time listener is up!
10-08 09:58:02.416    4603-4603/? V/MyViewAnim﹕ starting draw thread from scratch
10-08 09:58:02.416    1752-1778/? I/DisplayManagerService﹕ Display device changed: DisplayDeviceInfo{"Built-in Screen": 320 x 290, 45.000004 fps, density 213, 90.31111 x 136.40741 dpi, touch INTERNAL, rotation 0, type BUILT_IN, state ON, FLAG_DEFAULT_DISPLAY, FLAG_ROTATES_WITH_CONTENT, FLAG_SECURE, FLAG_SUPPORTS_PROTECTED_BUFFERS}
10-08 09:58:02.416    1752-1752/? V/ActivityManager﹕ Display changed displayId=0
10-08 09:58:02.426    4603-4603/? V/WearActivity﹕ onDisplayChanged: on!
10-08 09:58:02.426    1415-1525/? D/mot_vr_audio_hw﹕ dsp_recognizer_enabled = false
10-08 09:58:02.436    1415-6544/? D/mot_vr_audio_hw﹕ Switching DSP to standby/passthrough mode
10-08 09:58:02.436    1415-6544/? D/mot_vr_audio_hw﹕ Input 0xb7903328 ready to read
10-08 09:58:02.456    4603-6546/? V/ClockFace﹕ rendering new face, faceMode(0)
10-08 09:58:02.466    1913-2022/? D/dalvikvm﹕ GC_FOR_ALLOC freed 238K, 28% free 2189K/3004K, paused 75ms, total 78ms
10-08 09:58:02.466    4603-6546/? V/ClockFace﹕ fetching new battery status (15651)
10-08 09:58:02.466    4603-6546/? V/ClockFace﹕ battery at 0.8
10-08 09:58:02.476    6532-6532/? E/ADSPD﹕ Timeout on select()
10-08 09:58:02.476    6532-6532/? E/ADSPD﹕ NO ACK received after loading firmware
10-08 09:58:02.476    6532-6532/? E/ADSPD﹕ Unknown ACK received 0x00
10-08 09:58:02.476    6532-6532/? D/ADSPD﹕ Client cmd=0x0003, size=4
10-08 09:58:02.486    1415-6544/? W/mot_vr_audio_hw﹕ Discarded 10 buffers without finding audio data
10-08 09:58:02.496    1415-6544/? D/mot_vr_audio_hw﹕ Re-arming DSP
10-08 09:58:02.496    1415-6544/? D/mot_vr_audio_hw﹕ Input 0xb7903328 standby complete
10-08 09:58:02.506    1415-2801/? D/mot_vr_audio_hw﹕ Input 0xb7903328 close complete
10-08 09:58:02.516    4603-4603/? V/WearActivity﹕ display changed: 0, new state: 2
10-08 09:58:02.516    4603-4603/? I/ClockFace﹕ Ambient mode: false
10-08 09:58:02.516    1752-1752/? V/ActivityManager﹕ Display changed displayId=0
10-08 09:58:02.586    4603-4603/? V/ClockFace﹕ clearing caches
10-08 09:58:02.586    4603-4603/? V/MyViewAnim﹕ resuming old animator!
10-08 09:58:02.586    4603-4603/? V/WearActivity﹕ onDisplayChanged: on!
10-08 09:58:02.586    4603-4603/? V/WearActivity﹕ Resume!
10-08 09:58:02.586    4603-4603/? V/ClockFace﹕ clearing caches
10-08 09:58:02.586    4603-4603/? V/MyViewAnim﹕ resuming old animator!
10-08 09:58:02.586    6532-6532/? D/ADSPD﹕ Received from DSP: cmd=0xFC80, size=768
10-08 09:58:02.596    4603-6546/? V/ClockFace﹕ fetching new battery status (15654)
10-08 09:58:02.596    4603-6546/? V/ClockFace﹕ battery at 0.8
10-08 09:58:02.626    4603-6546/? V/ClockFace﹕ rendering new face, faceMode(0)
10-08 09:58:02.636    1415-1525/? D/mot_vr_audio_hw﹕ dsp_recognizer_enabled = true
10-08 09:58:02.646    1415-2025/? D/mot_vr_audio_hw﹕ open_input_stream(): devices = 0x80000004, rate = 8000, channels = 0x10
10-08 09:58:02.646    1415-2025/? D/mot_vr_audio_hw﹕ Created resampler for 16000->8000 Hz
10-08 09:58:02.676    1415-6547/? D/mot_vr_audio_hw﹕ in_read waiting for hotword
10-08 09:58:02.686    6532-6532/? E/ADSPD﹕ Timeout on select()
10-08 09:58:02.686    6532-6532/? E/ADSPD﹕ Unable to read response body from DSP
10-08 09:58:02.686    1752-6537/? W/mot_vr_audio_hw﹕ received DSP disconnect callback (disconnect count 10, error count 13)
10-08 09:58:02.686    1415-6536/? W/mot_vr_audio_hw﹕ received DSP disconnect callback (disconnect count 10, error count 55)
10-08 09:58:02.706    6551-6551/? I/ADSPD﹕ DSP daemon started (version 960f73f)
10-08 09:58:02.766    1752-1778/? W/WindowManager﹕ Timeout waiting for drawn: undrawn=[Window{ade9d680 u0 com.google.android.wearable.app/com.google.android.clockwork.home.HomeActivity}]
10-08 09:58:02.796    1752-2357/? D/SensorHAL﹕ adjustSensorHandle: handle = 9 adjustedHandle = 1
10-08 09:58:02.796    1752-2357/? D/SensorHAL﹕ adjustSensorHandle: handle = 9 adjustedHandle = 1
10-08 09:58:02.826    6551-6551/? D/ADSPD﹕ ACK success!
10-08 09:58:02.826    1752-1801/? D/SensorHAL﹕ adjustSensorHandle: handle = 9 adjustedHandle = 1
10-08 09:58:02.836    1752-1805/? D/LightsService﹕ Excessive delay setting light: 64ms
10-08 09:58:02.836    1752-1778/? I/DisplayManagerService﹕ Display device changed: DisplayDeviceInfo{"ActivityViewVirtualDisplay": 320 x 320, 60.0 fps, density 213, 213.0 x 213.0 dpi, touch NONE, rotation 0, type VIRTUAL, state OFF, owner android (uid 1000), FLAG_OWN_CONTENT_ONLY}
10-08 09:58:02.846    4603-4603/? V/WearActivity﹕ display changed: 31, new state: 1
10-08 09:58:02.846    4603-4603/? I/TimeWrapper﹕ FPS: 19.31506, samples: 6
10-08 09:58:02.846    4603-4603/? I/TimeWrapper﹕ Min/Avg/Max frame render speed (ms): 10.986329 / 16.942343 / 24.902344
10-08 09:58:02.846    4603-4603/? I/TimeWrapper﹕ Waketime: 32.724236%
10-08 09:58:02.846    4603-4603/? I/ClockFace﹕ Ambient mode: true
10-08 09:58:02.846    4603-4603/? V/ClockFace﹕ clearing caches
10-08 09:58:02.846    4603-4603/? V/MyViewAnim﹕ stopping animation!
10-08 09:58:02.846    4603-4603/? V/WearActivity﹕ onDisplayChanged: off!
10-08 09:58:02.846    4603-4603/? V/WearActivity﹕ Pause!
10-08 09:58:02.846    1752-1752/? V/ActivityManager﹕ Display changed displayId=31
10-08 09:58:02.876    4603-6546/? V/MyViewAnim﹕ looper finished!
10-08 09:58:03.697    1415-6549/? D/mot_vr_audio_hw﹕ ADSPD connection is stale.  Reconnecting...
10-08 09:58:03.697    6551-6551/? D/ADSPD﹕ Incoming connection from client
10-08 09:58:03.697    1752-6550/? D/mot_vr_audio_hw﹕ ADSPD connection is stale.  Reconnecting...
10-08 09:58:03.697    6551-6551/? D/ADSPD﹕ Incoming connection from client
10-08 09:58:03.697    1752-6550/? D/mot_vr_audio_hw﹕ ADSPD connected successfully
10-08 09:58:03.697    1752-6550/? D/mot_vr_audio_hw﹕ reconnected to adspd
10-08 09:58:03.697    1415-6549/? D/mot_vr_audio_hw﹕ ADSPD connected successfully
10-08 09:58:03.697    6551-6551/? D/ADSPD﹕ Client cmd=0x0003, size=4
10-08 09:58:03.697    1415-6549/? D/mot_vr_audio_hw﹕ reconnected to adspd
10-08 09:58:03.707    6551-6551/? D/ADSPD﹕ Received from DSP: cmd=0x8003, size=2
10-08 09:58:03.717    1415-6554/? D/mot_vr_audio_hw﹕ received recognition control callback, status 0
10-08 09:58:04.728    2069-2104/? W/bt-btif﹕ dm_pm_timer expires
10-08 09:58:04.728    2069-2104/? W/bt-btif﹕ dm_pm_timer expires 0
10-08 09:58:04.728    2069-2104/? W/bt-btif﹕ proc dm_pm_timer expires
10-08 09:58:08.391    1752-1782/? I/PowerManagerService﹕ Going to sleep due to screen timeout...
10-08 09:58:08.401    1415-2801/? D/mot_vr_audio_hw﹕ dsp_recognizer_enabled = false
10-08 09:58:08.401    6551-6551/? D/ADSPD﹕ Client cmd=0x0003, size=4
10-08 09:58:08.401    1415-6547/? D/mot_vr_audio_hw﹕ Switching DSP to standby/passthrough mode
10-08 09:58:08.401    1415-6547/? D/mot_vr_audio_hw﹕ Input 0xb7903328 ready to read
10-08 09:58:08.401    1752-1775/? I/DreamController﹕ Starting dream: name=ComponentInfo{com.google.android.wearable.app/com.google.android.clockwork.home.AmbientMode}, isTest=false, canDoze=true, userId=0
10-08 09:58:08.401    1752-1782/? I/PowerManagerService﹕ Dozing...
10-08 09:58:08.411    6551-6551/? D/ADSPD﹕ Received from DSP: cmd=0x8003, size=2
10-08 09:58:08.411    6551-6551/? D/ADSPD﹕ Client cmd=0x0003, size=4
10-08 09:58:08.411    1415-6554/? D/mot_vr_audio_hw﹕ received recognition control callback, status 0
10-08 09:58:08.421    1752-1752/? W/InputMethodManagerService﹕ Ignoring setImeWindowStatus of uid 1000 token: null
10-08 09:58:08.431    6551-6551/? D/ADSPD﹕ Received from DSP: cmd=0x8003, size=2
10-08 09:58:08.431    1415-6554/? D/mot_vr_audio_hw﹕ received recognition control callback, status 0
10-08 09:58:08.451    1415-6547/? W/mot_vr_audio_hw﹕ Discarded 10 buffers without finding audio data
10-08 09:58:08.461    6551-6551/? D/ADSPD﹕ Client cmd=0x0003, size=4
10-08 09:58:08.461    1415-6547/? D/mot_vr_audio_hw﹕ Re-arming DSP
10-08 09:58:08.461    1415-6547/? D/mot_vr_audio_hw﹕ Input 0xb7903328 standby complete
10-08 09:58:08.481    6551-6551/? D/ADSPD﹕ Received from DSP: cmd=0x8003, size=2
10-08 09:58:08.481    1415-6554/? D/mot_vr_audio_hw﹕ received recognition control callback, status 0
10-08 09:58:08.481    6551-6551/? D/ADSPD﹕ Client cmd=0x4003, size=2
10-08 09:58:08.481    1415-1525/? D/mot_vr_audio_hw﹕ Input 0xb7903328 close complete
10-08 09:58:08.512    4603-4603/? V/WearActivity﹕ Stop!
10-08 09:58:08.552    1752-1763/? I/ActivityManager﹕ START u0 {act=android.intent.action.MAIN cat=[android.intent.category.HOME] flg=0x10000000 cmp=com.google.android.wearable.app/com.google.android.clockwork.home.HomeActivity (has extras)} from pid 1868 on display 0
10-08 09:58:08.562    1752-1775/? I/DreamController﹕ Stopping dream: name=ComponentInfo{com.google.android.wearable.app/com.google.android.clockwork.home.AmbientMode}, isTest=false, canDoze=true, userId=0
10-08 09:58:08.562    1752-1782/? I/PowerManagerService﹕ Sleeping...
10-08 09:58:08.712    1868-1868/? I/AmbientMode﹕ Ambient mode started: canDoze=true, dozeHardware=null
10-08 09:58:08.712    1415-2801/? D/mot_vr_audio_hw﹕ dsp_recognizer_enabled = true
10-08 09:58:08.712    6551-6551/? D/ADSPD﹕ Client cmd=0x0003, size=4
10-08 09:58:08.722    1415-1415/? D/mot_vr_audio_hw﹕ open_input_stream(): devices = 0x80000004, rate = 8000, channels = 0x10
10-08 09:58:08.722    1415-1415/? D/mot_vr_audio_hw﹕ Created resampler for 16000->8000 Hz
10-08 09:58:08.732    6551-6551/? D/ADSPD﹕ Received from DSP: cmd=0x8003, size=2
10-08 09:58:08.732    6551-6551/? D/ADSPD﹕ Client cmd=0x4003, size=2
10-08 09:58:08.732    1415-6554/? D/mot_vr_audio_hw﹕ received recognition control callback, status 0
10-08 09:58:08.732    1415-6555/? D/mot_vr_audio_hw﹕ in_read waiting for hotword
10-08 09:58:08.742    1415-2801/? D/mot_vr_audio_hw﹕ dsp_recognizer_enabled = false
10-08 09:58:08.742    6551-6551/? D/ADSPD﹕ Client cmd=0x0003, size=4
10-08 09:58:08.742    1415-6555/? D/mot_vr_audio_hw﹕ Switching DSP to standby/passthrough mode
10-08 09:58:08.742    1415-6555/? D/mot_vr_audio_hw﹕ Input 0xb7903328 ready to read
10-08 09:58:08.752    6551-6551/? D/ADSPD﹕ Received from DSP: cmd=0x8003, size=2
10-08 09:58:08.752    6551-6551/? D/ADSPD﹕ Client cmd=0x0003, size=4
10-08 09:58:08.752    1415-6554/? D/mot_vr_audio_hw﹕ received recognition control callback, status 0
10-08 09:58:08.762    6551-6551/? D/ADSPD﹕ Received from DSP: cmd=0x8003, size=2
10-08 09:58:08.772    1415-6554/? D/mot_vr_audio_hw﹕ received recognition control callback, status 0
10-08 09:58:08.792    1415-6555/? W/mot_vr_audio_hw﹕ Discarded 10 buffers without finding audio data
10-08 09:58:08.802    6551-6551/? D/ADSPD﹕ Client cmd=0x0003, size=4
10-08 09:58:08.802    1415-6555/? D/mot_vr_audio_hw﹕ Re-arming DSP
10-08 09:58:08.802    1415-6555/? D/mot_vr_audio_hw﹕ Input 0xb7903328 standby complete
10-08 09:58:08.812    1415-1525/? D/mot_vr_audio_hw﹕ Input 0xb7903328 close complete
10-08 09:58:08.812    6551-6551/? D/ADSPD﹕ Received from DSP: cmd=0x8003, size=2
10-08 09:58:08.822    6551-6551/? D/ADSPD﹕ Client cmd=0x4003, size=2
10-08 09:58:08.822    1415-6554/? D/mot_vr_audio_hw﹕ received recognition control callback, status 0
10-08 09:58:08.822    1868-1868/? I/AmbientMode﹕ Dream ended: isDozing=true
10-08 09:58:09.112    1752-1778/? I/DisplayManagerService﹕ Display device changed: DisplayDeviceInfo{"ActivityViewVirtualDisplay": 320 x 320, 60.0 fps, density 213, 213.0 x 213.0 dpi, touch NONE, rotation 0, type VIRTUAL, state ON, owner android (uid 1000), FLAG_OWN_CONTENT_ONLY}
10-08 09:58:09.112    1752-1752/? V/ActivityManager﹕ Display changed displayId=31
10-08 09:58:09.122    4603-4603/? V/WearActivity﹕ display changed: 31, new state: 2
10-08 09:58:09.122    4603-4603/? I/ClockFace﹕ Ambient mode: false
10-08 09:58:09.122    4603-4603/? V/ClockFace﹕ clearing caches
10-08 09:58:09.122    4603-4603/? E/MyViewAnim﹕ no surface holder, can't draw anything
10-08 09:58:09.122    4603-4603/? V/ClockFace﹕ clearing caches
10-08 09:58:09.122    4603-4603/? V/MyViewAnim﹕ new animator starting
10-08 09:58:09.122    4603-4603/? V/MyViewAnim﹕ Time listener is up!
10-08 09:58:09.122    4603-4603/? V/MyViewAnim﹕ starting draw thread from scratch
10-08 09:58:09.122    4603-4603/? V/WearActivity﹕ onDisplayChanged: on!
10-08 09:58:09.152    4603-6557/? V/ClockFace﹕ rendering new face, faceMode(0)
10-08 09:58:09.162    4603-6557/? V/ClockFace﹕ fetching new battery status (15660)
10-08 09:58:09.162    4603-6557/? V/ClockFace﹕ battery at 0.8
10-08 09:58:09.192    1752-1805/? D/LightsService﹕ Excessive delay setting light: 86ms
10-08 09:58:09.192    1413-1413/? D/SurfaceFlinger﹕ Screen released, type=0 flinger=0xb8082448
10-08 09:58:09.332    1413-1413/? D/hwcomposer﹕ hwc_blank(0: 1)
10-08 09:58:09.332    1752-1805/? D/SurfaceControl﹕ Excessive delay in blankDisplay() while turning screen off: 138ms
10-08 09:58:09.362    1752-1778/? I/DisplayManagerService﹕ Display device changed: DisplayDeviceInfo{"Built-in Screen": 320 x 290, 45.000004 fps, density 213, 90.31111 x 136.40741 dpi, touch INTERNAL, rotation 0, type BUILT_IN, state OFF, FLAG_DEFAULT_DISPLAY, FLAG_ROTATES_WITH_CONTENT, FLAG_SECURE, FLAG_SUPPORTS_PROTECTED_BUFFERS}
10-08 09:58:09.362    1752-1752/? V/ActivityManager﹕ Display changed displayId=0
10-08 09:58:09.372    4603-4603/? V/WearActivity﹕ display changed: 0, new state: 1
10-08 09:58:09.372    4603-4603/? I/TimeWrapper﹕ FPS: 4.8516436, samples: 1
10-08 09:58:09.372    4603-4603/? I/TimeWrapper﹕ Min/Avg/Max frame render speed (ms): 13.153077 / 13.153077 / 13.153077
10-08 09:58:09.372    4603-4603/? I/TimeWrapper﹕ Waketime: 6.3814034%
10-08 09:58:09.372    4603-4603/? I/ClockFace﹕ Ambient mode: true
10-08 09:58:09.372    4603-4603/? V/ClockFace﹕ clearing caches
10-08 09:58:09.372    4603-4603/? V/MyViewAnim﹕ stopping animation!
10-08 09:58:09.372    4603-4603/? V/WearActivity﹕ onDisplayChanged: off!
10-08 09:58:09.382    4603-6557/? V/ClockFace﹕ rendering new face, faceMode(0)
10-08 09:58:09.382    1752-1782/? D/MinnowPowerHAL﹕ power_set_interactive: 0
10-08 09:58:09.382    1752-1782/? D/MinnowPowerHAL﹕ sysfs_write: /sys/devices/platform/omapdss/display0/interactivemode 0
10-08 09:58:09.382    1752-1782/? D/MinnowPowerHAL﹕ sysfs_write: /sys/devices/ocp.2/i2c.6/i2c-0/0-004a/interactivemode 0
10-08 09:58:09.382    1752-1782/? D/mot_vr_audio_hw﹕ dsp_set_pm_state = off
10-08 09:58:09.392    6551-6551/? D/ADSPD﹕ Client cmd=0x4002, size=2
10-08 09:58:09.392    6551-6551/? D/ADSPD﹕ DSP_CMD_DAEMON_SET_PM_STATE : 0
10-08 09:58:09.412    4603-6557/? V/MyViewAnim﹕ looper finished!
10-08 09:58:11.414    2069-2104/? W/bt-btif﹕ dm_pm_timer expires
10-08 09:58:11.414    2069-2104/? W/bt-btif﹕ dm_pm_timer expires 0
10-08 09:58:11.414    2069-2104/? W/bt-btif﹕ proc dm_pm_timer expires
10-08 09:59:23.478    1868-2015/? I/Clockwork.Settings﹕ time sync timezone: America/Chicago
10-08 09:59:23.488    1752-1912/? D/﹕ Setting time of day to sec=1412780364
10-08 09:59:24.017    1965-6567/? I/Clockwork.TimeService﹕ set timezone to America/Chicago
10-08 09:59:24.017    1752-1762/? D/AlarmManagerService﹕ Kernel timezone updated to 300 minutes west of GMT
10-08 09:59:24.067    1868-2015/? I/Clockwork.Settings﹕ time sync timezone: America/Chicago
10-08 09:59:24.050    1965-6568/? I/Clockwork.TimeService﹕ set timezone to America/Chicago
10-08 09:59:24.050    1752-1897/? D/AlarmManagerService﹕ Kernel timezone updated to 300 minutes west of GMT
10-08 09:59:24.060    1883-1887/? D/dalvikvm﹕ GC_CONCURRENT freed 416K, 25% free 2369K/3140K, paused 1ms+35ms, total 53ms
10-08 09:59:24.077    1752-1762/? D/﹕ Setting time of day to sec=1412780364
10-08 09:59:24.100    1883-6569/? I/CheckinService﹕ active receiver: disabled
10-08 09:59:24.110    1883-6570/? I/CheckinService﹕ active receiver: disabled
10-08 09:59:24.140    1900-1900/? D/GCM﹕ GcmService start Intent { act=com.google.android.checkin.CHECKIN_COMPLETE flg=0x10 cmp=com.google.android.gms/.gcm.GcmService (has extras) } com.google.android.checkin.CHECKIN_COMPLETE
10-08 09:59:24.140    1752-3165/? I/ActivityManager﹕ Delay finish: com.google.android.gms/.gcm.ServiceAutoStarter
10-08 09:59:24.140    1752-2702/? I/ActivityManager﹕ Resuming delayed broadcast
10-08 09:59:24.380    1868-2015/? W/CwCal﹕ CalHomeUtil.updateBackground:bundle dismissed, do nothing
10-08 09:59:25.391    2152-2154/? D/dalvikvm﹕ GC_CONCURRENT freed 387K, 23% free 2005K/2596K, paused 3ms+2ms, total 24ms
10-08 09:59:26.312    2069-2104/? W/bt-btif﹕ dm_pm_timer expires
10-08 09:59:26.312    2069-2104/? W/bt-btif﹕ dm_pm_timer expires 0
10-08 09:59:26.312    2069-2104/? W/bt-btif﹕ proc dm_pm_timer expires
10-08 10:00:01.928    4603-4603/? V/WearReceiverService﹕ starting listening service
10-08 10:00:01.938    4603-4603/? V/WearReceiverService﹕ onCreate!
10-08 10:00:01.938    4603-4603/? V/WearReceiverService﹕ Trying to connect to GoogleApi
10-08 10:00:01.948    4603-4603/? D/WearableClient﹕ WearableClientImpl.onPostInitHandler: done
10-08 10:00:01.958    4603-6571/? V/WearReceiverService﹕ message received!
10-08 10:00:01.958    4603-6571/? V/ClockFace﹕ clearing caches
10-08 10:00:01.958    4603-6571/? V/ClockState﹕ clipping 3 raw events to fit the screen
10-08 10:00:01.958    4603-4603/? V/WearReceiverService﹕ Connected to Google Api Service
10-08 10:00:01.958    4603-4603/? V/WearReceiverService﹕ pinging phone for data
10-08 10:00:01.968    4603-6571/? V/EventLayoutUniform﹕ Event layout success.
10-08 10:00:01.968    4603-6571/? V/EventLayoutUniform﹕ Event layout time: 12.237549 ms
10-08 10:00:01.968    4603-6571/? V/ClockState﹕ maxLevel for new events: 10000
10-08 10:00:01.968    4603-6571/? V/ClockState﹕ number of new events: 3
10-08 10:00:01.968    4603-6571/? V/ClockFace﹕ clearing caches
10-08 10:00:01.968    4603-6571/? V/ClockFace﹕ clearing caches
10-08 10:00:01.968    4603-6571/? V/ClockFace﹕ clearing caches
10-08 10:00:01.968    4603-6571/? V/ClockState﹕ new calendar event list, 3 entries
10-08 10:00:01.968    4603-6571/? V/ClockFace﹕ clearing caches
10-08 10:00:01.968    4603-6571/? V/ClockFace﹕ clearing caches
10-08 10:00:01.968    4603-6571/? V/ClockFace﹕ clearing caches
10-08 10:00:01.968    4603-6571/? V/ClockFace﹕ clearing caches
10-08 10:00:01.968    4603-6571/? V/ClockState﹕ event update complete
10-08 10:00:01.968    4603-6571/? V/WearReceiverService﹕ savePreferences
10-08 10:00:01.978    4603-4616/? V/WearReceiverService﹕ Sending to node: e12e6647-0917-4594-a0b8-f42d78390f6d
10-08 10:00:01.998    1913-2022/? D/dalvikvm﹕ GC_FOR_ALLOC freed 194K, 28% free 2187K/3004K, paused 14ms, total 15ms
10-08 10:00:01.998    4603-4616/? V/WearReceiverService﹕ ping delivered!
10-08 10:00:02.118    4603-6571/? V/WearReceiverService﹕ message received!
10-08 10:00:02.128    4603-6571/? V/ClockFace﹕ clearing caches
10-08 10:00:02.128    4603-6571/? V/ClockState﹕ clipping 3 raw events to fit the screen
10-08 10:00:02.148    4603-6571/? V/EventLayoutUniform﹕ Event layout success.
10-08 10:00:02.148    4603-6571/? V/EventLayoutUniform﹕ Event layout time: 14.556885 ms
10-08 10:00:02.148    4603-6571/? V/ClockState﹕ maxLevel for new events: 10000
10-08 10:00:02.148    4603-6571/? V/ClockState﹕ number of new events: 3
10-08 10:00:02.148    4603-6571/? V/ClockFace﹕ clearing caches
10-08 10:00:02.148    4603-6571/? V/ClockFace﹕ clearing caches
10-08 10:00:02.148    4603-6571/? V/ClockFace﹕ clearing caches
10-08 10:00:02.148    4603-6571/? V/ClockState﹕ new calendar event list, 3 entries
10-08 10:00:02.148    4603-6571/? V/ClockFace﹕ clearing caches
10-08 10:00:02.148    4603-6571/? V/ClockFace﹕ clearing caches
10-08 10:00:02.148    4603-6571/? V/ClockFace﹕ clearing caches
10-08 10:00:02.148    4603-6571/? V/ClockFace﹕ clearing caches
10-08 10:00:02.148    4603-6571/? V/ClockState﹕ event update complete
10-08 10:00:02.148    4603-6571/? V/WearReceiverService﹕ savePreferences
10-08 10:00:04.130    2069-2104/? W/bt-btif﹕ dm_pm_timer expires
10-08 10:00:04.130    2069-2104/? W/bt-btif﹕ dm_pm_timer expires 0
10-08 10:00:04.130    2069-2104/? W/bt-btif﹕ proc dm_pm_timer expires
10-08 10:00:08.364    2069-2104/? W/bt-btif﹕ dm_pm_timer expires
10-08 10:00:08.364    2069-2104/? W/bt-btif﹕ dm_pm_timer expires 0
10-08 10:00:08.364    2069-2104/? W/bt-btif﹕ proc dm_pm_timer expires
10-08 10:01:19.011    1868-2015/? I/Clockwork.Settings﹕ time sync timezone: America/Chicago
10-08 10:01:19.021    1752-1801/? D/﹕ Setting time of day to sec=1412780479
10-08 10:01:19.931    1965-6572/? I/Clockwork.TimeService﹕ set timezone to America/Chicago
10-08 10:01:19.931    1752-1897/? D/AlarmManagerService﹕ Kernel timezone updated to 300 minutes west of GMT
10-08 10:01:19.991    1883-6573/? I/CheckinService﹕ active receiver: disabled
10-08 10:01:20.021    1900-1900/? D/GCM﹕ GcmService start Intent { act=com.google.android.checkin.CHECKIN_COMPLETE flg=0x10 cmp=com.google.android.gms/.gcm.GcmService (has extras) } com.google.android.checkin.CHECKIN_COMPLETE
10-08 10:01:20.021    1752-2702/? I/ActivityManager﹕ Delay finish: com.google.android.gms/.gcm.ServiceAutoStarter
10-08 10:01:20.021    1752-2357/? I/ActivityManager﹕ Resuming delayed broadcast
10-08 10:01:21.922    2069-2104/? W/bt-btif﹕ dm_pm_timer expires
10-08 10:01:21.922    2069-2104/? W/bt-btif﹕ dm_pm_timer expires 0
10-08 10:01:21.922    2069-2104/? W/bt-btif﹕ proc dm_pm_timer expires
10-08 10:01:25.367    2069-2104/? W/bt-btif﹕ dm_pm_timer expires
10-08 10:01:25.367    2069-2104/? W/bt-btif﹕ dm_pm_timer expires 0
10-08 10:01:25.367    2069-2104/? W/bt-btif﹕ proc dm_pm_timer expires
10-08 10:01:54.121    1752-2702/? D/dalvikvm﹕ GC_FOR_ALLOC freed 949K, 23% free 6043K/7824K, paused 39ms, total 42ms
10-08 10:01:54.191    1752-1752/? D/dalvikvm﹕ GC_FOR_ALLOC freed 359K, 19% free 6351K/7824K, paused 44ms, total 44ms
10-08 10:01:54.251    1868-1873/? D/dalvikvm﹕ GC_CONCURRENT freed 1843K, 44% free 8897K/15764K, paused 3ms+5ms, total 43ms
10-08 10:01:54.341    1752-2357/? I/ActivityManager﹕ START u0 {act=android.intent.action.MAIN cat=[android.intent.category.HOME] flg=0x10000000 cmp=com.google.android.wearable.app/com.google.android.clockwork.home.HomeActivity (has extras)} from pid 1868 on display 0
10-08 10:01:54.341    1752-1752/? V/ActivityManager﹕ Display changed displayId=0
10-08 10:01:54.351    4603-4603/? V/WearActivity﹕ display changed: 0, new state: 1
10-08 10:01:54.351    4603-4603/? I/ClockFace﹕ Ambient mode: true
10-08 10:01:54.351    4603-4603/? V/MyViewAnim﹕ stopping animation!
10-08 10:01:54.351    4603-4603/? V/WearActivity﹕ onDisplayChanged: off!
10-08 10:01:54.361    1868-1868/? E/ClockworkHome﹕ Tried to exit ambient mode, but enterAmbientMode() was never called.
10-08 10:01:54.401    1752-3165/? I/PowerManagerService﹕ Waking up from sleep...
10-08 10:01:54.401    1752-1776/? W/KeyguardServiceDelegate﹕ onScreenTurnedOn(): no keyguard service!
10-08 10:01:54.411    1752-3165/? D/MinnowPowerHAL﹕ power_set_interactive: 1
10-08 10:01:54.411    1752-3165/? D/MinnowPowerHAL﹕ sysfs_write: /sys/devices/platform/omapdss/display0/interactivemode 1
10-08 10:01:54.411    1752-1752/? W/InputMethodManagerService﹕ Ignoring setImeWindowStatus of uid 1000 token: null
10-08 10:01:54.501    1752-3165/? D/MinnowPowerHAL﹕ sysfs_write: /sys/devices/ocp.2/i2c.6/i2c-0/0-004a/interactivemode 1
10-08 10:01:54.501    1752-3165/? D/mot_vr_audio_hw﹕ dsp_set_pm_state = on
10-08 10:01:54.501    6551-6551/? D/ADSPD﹕ Client cmd=0x4002, size=2
10-08 10:01:54.501    6551-6551/? D/ADSPD﹕ DSP_CMD_DAEMON_SET_PM_STATE : 1
10-08 10:01:54.501    1752-3165/? D/PowerManagerService-JNI﹕ Excessive delay in setInteractive(true) while turning screen on: 92ms
10-08 10:01:54.511    1413-1413/? D/SurfaceFlinger﹕ Screen acquired, type=0 flinger=0xb8082448
10-08 10:01:54.511    1415-2025/? D/mot_vr_audio_hw﹕ dsp_recognizer_enabled = true
10-08 10:01:54.511    1415-2801/? D/mot_vr_audio_hw﹕ open_input_stream(): devices = 0x80000004, rate = 8000, channels = 0x10
10-08 10:01:54.511    1415-2801/? D/mot_vr_audio_hw﹕ Created resampler for 16000->8000 Hz
10-08 10:01:54.531    1413-1413/? D/hwcomposer﹕ hwc_blank(0: 0)
10-08 10:01:54.541    1752-1778/? I/DisplayManagerService﹕ Display device changed: DisplayDeviceInfo{"Built-in Screen": 320 x 290, 45.000004 fps, density 213, 90.31111 x 136.40741 dpi, touch INTERNAL, rotation 0, type BUILT_IN, state ON, FLAG_DEFAULT_DISPLAY, FLAG_ROTATES_WITH_CONTENT, FLAG_SECURE, FLAG_SUPPORTS_PROTECTED_BUFFERS}
10-08 10:01:54.541    1752-1752/? V/ActivityManager﹕ Display changed displayId=0
10-08 10:01:54.551    4603-4603/? V/WearActivity﹕ display changed: 0, new state: 2
10-08 10:01:54.551    4603-4603/? I/ClockFace﹕ Ambient mode: false
10-08 10:01:54.551    4603-4603/? V/ClockFace﹕ clearing caches
10-08 10:01:54.551    4603-4603/? E/MyViewAnim﹕ no surface holder, can't draw anything
10-08 10:01:54.551    4603-4603/? V/ClockFace﹕ clearing caches
10-08 10:01:54.551    4603-4603/? V/MyViewAnim﹕ new animator starting
10-08 10:01:54.551    4603-4603/? V/MyViewAnim﹕ Time listener is up!
10-08 10:01:54.551    4603-4603/? V/MyViewAnim﹕ starting draw thread from scratch
10-08 10:01:54.551    1415-6578/? D/mot_vr_audio_hw﹕ in_read waiting for hotword
10-08 10:01:54.551    4603-4603/? V/WearActivity﹕ onDisplayChanged: on!
10-08 10:01:54.571    4603-6580/? V/ClockFace﹕ rendering new face, faceMode(0)
10-08 10:01:54.571    1415-1415/? D/mot_vr_audio_hw﹕ dsp_recognizer_enabled = false
10-08 10:01:54.581    1415-6578/? D/mot_vr_audio_hw﹕ Switching DSP to standby/passthrough mode
10-08 10:01:54.581    1415-6578/? D/mot_vr_audio_hw﹕ Input 0xb7903328 ready to read
10-08 10:01:54.591    1868-1873/? D/dalvikvm﹕ GC_CONCURRENT freed 466K, 45% free 8813K/15764K, paused 3ms+49ms, total 152ms
10-08 10:01:54.591    4603-6580/? V/ClockFace﹕ fetching new battery status (15663)
10-08 10:01:54.591    4603-6580/? V/ClockFace﹕ battery at 0.8
10-08 10:01:54.602    6551-6551/? E/ADSPD﹕ Timeout on select()
10-08 10:01:54.602    6551-6551/? E/ADSPD﹕ NO ACK received after loading firmware
10-08 10:01:54.602    6551-6551/? E/ADSPD﹕ Unknown ACK received 0x00
10-08 10:01:54.602    6551-6551/? D/ADSPD﹕ Client cmd=0x0003, size=4
10-08 10:01:54.632    1415-6578/? W/mot_vr_audio_hw﹕ Discarded 10 buffers without finding audio data
10-08 10:01:54.642    1415-6578/? D/mot_vr_audio_hw﹕ Re-arming DSP
10-08 10:01:54.642    1415-6578/? D/mot_vr_audio_hw﹕ Input 0xb7903328 standby complete
10-08 10:01:54.662    1415-1525/? D/mot_vr_audio_hw﹕ Input 0xb7903328 close complete
10-08 10:01:54.662    1752-1752/? V/ActivityManager﹕ Display changed displayId=0
10-08 10:01:54.672    4603-4603/? V/WearActivity﹕ display changed: 0, new state: 2
10-08 10:01:54.672    4603-4603/? I/TimeWrapper﹕ FPS: 12.815018, samples: 1
10-08 10:01:54.672    4603-4603/? I/TimeWrapper﹕ Min/Avg/Max frame render speed (ms): 11.871338 / 11.871338 / 11.871338
10-08 10:01:54.672    4603-4603/? I/TimeWrapper﹕ Waketime: 15.2131405%
10-08 10:01:54.672    4603-4603/? I/ClockFace﹕ Ambient mode: false
10-08 10:01:54.722    4603-4603/? V/ClockFace﹕ clearing caches
10-08 10:01:54.722    4603-4603/? V/MyViewAnim﹕ resuming old animator!
10-08 10:01:54.722    4603-4603/? V/WearActivity﹕ onDisplayChanged: on!
10-08 10:01:54.722    4603-4603/? V/WearActivity﹕ Resume!
10-08 10:01:54.722    4603-4603/? V/ClockFace﹕ clearing caches
10-08 10:01:54.722    4603-4603/? V/MyViewAnim﹕ resuming old animator!
10-08 10:01:54.722    6551-6551/? D/ADSPD﹕ Received from DSP: cmd=0xFC80, size=768
10-08 10:01:54.742    4603-6580/? V/ClockFace﹕ fetching new battery status (15666)
10-08 10:01:54.742    4603-6580/? V/ClockFace﹕ battery at 0.8
10-08 10:01:54.762    4603-6580/? V/ClockFace﹕ rendering new face, faceMode(0)
10-08 10:01:54.782    1415-2025/? D/mot_vr_audio_hw﹕ dsp_recognizer_enabled = true
10-08 10:01:54.782    1415-1415/? D/mot_vr_audio_hw﹕ open_input_stream(): devices = 0x80000004, rate = 8000, channels = 0x10
10-08 10:01:54.782    1415-1415/? D/mot_vr_audio_hw﹕ Created resampler for 16000->8000 Hz
10-08 10:01:54.812    1415-6581/? D/mot_vr_audio_hw﹕ in_read waiting for hotword
10-08 10:01:54.822    6551-6551/? E/ADSPD﹕ Timeout on select()
10-08 10:01:54.822    6551-6551/? E/ADSPD﹕ Unable to read response body from DSP
10-08 10:01:54.822    1415-6554/? W/mot_vr_audio_hw﹕ received DSP disconnect callback (disconnect count 11, error count 55)
10-08 10:01:54.822    1752-6553/? W/mot_vr_audio_hw﹕ received DSP disconnect callback (disconnect count 11, error count 13)
10-08 10:01:54.852    6585-6585/? I/ADSPD﹕ DSP daemon started (version 960f73f)
10-08 10:01:54.902    1752-1778/? W/WindowManager﹕ Timeout waiting for drawn: undrawn=[Window{ade9d680 u0 com.google.android.wearable.app/com.google.android.clockwork.home.HomeActivity}]
10-08 10:01:54.952    1752-1762/? D/SensorHAL﹕ adjustSensorHandle: handle = 9 adjustedHandle = 1
10-08 10:01:54.952    1752-1762/? D/SensorHAL﹕ adjustSensorHandle: handle = 9 adjustedHandle = 1
10-08 10:01:54.962    1752-1805/? D/LightsService﹕ Excessive delay setting light: 54ms
10-08 10:01:54.962    6585-6585/? D/ADSPD﹕ ACK success!
10-08 10:01:54.962    1752-1778/? I/DisplayManagerService﹕ Display device changed: DisplayDeviceInfo{"ActivityViewVirtualDisplay": 320 x 320, 60.0 fps, density 213, 213.0 x 213.0 dpi, touch NONE, rotation 0, type VIRTUAL, state OFF, owner android (uid 1000), FLAG_OWN_CONTENT_ONLY}
10-08 10:01:54.972    1752-1752/? V/ActivityManager﹕ Display changed displayId=31
10-08 10:01:54.992    4603-4603/? V/WearActivity﹕ display changed: 31, new state: 1
10-08 10:01:54.992    4603-4603/? I/TimeWrapper﹕ FPS: 21.273317, samples: 6
10-08 10:01:54.992    4603-4603/? I/TimeWrapper﹕ Min/Avg/Max frame render speed (ms): 10.223389 / 16.311646 / 24.505615
10-08 10:01:54.992    4603-4603/? I/TimeWrapper﹕ Waketime: 34.700283%
10-08 10:01:54.992    4603-4603/? I/ClockFace﹕ Ambient mode: true
10-08 10:01:54.992    4603-4603/? V/ClockFace﹕ clearing caches
10-08 10:01:54.992    4603-4603/? V/MyViewAnim﹕ stopping animation!
10-08 10:01:54.992    4603-4603/? V/WearActivity﹕ onDisplayChanged: off!
10-08 10:01:54.992    4603-4603/? V/WearActivity﹕ Pause!
10-08 10:01:54.992    1752-1801/? D/SensorHAL﹕ adjustSensorHandle: handle = 9 adjustedHandle = 1
10-08 10:01:55.002    4603-6580/? V/MyViewAnim﹕ looper finished!
10-08 10:01:55.833    1752-6583/? D/mot_vr_audio_hw﹕ ADSPD connection is stale.  Reconnecting...
10-08 10:01:55.833    1415-6584/? D/mot_vr_audio_hw﹕ ADSPD connection is stale.  Reconnecting...
10-08 10:01:55.843    6585-6585/? D/ADSPD﹕ Incoming connection from client
10-08 10:01:55.843    6585-6585/? D/ADSPD﹕ Incoming connection from client
10-08 10:01:55.843    1752-6583/? D/mot_vr_audio_hw﹕ ADSPD connected successfully
10-08 10:01:55.843    1752-6583/? D/mot_vr_audio_hw﹕ reconnected to adspd
10-08 10:01:55.843    1415-6584/? D/mot_vr_audio_hw﹕ ADSPD connected successfully
10-08 10:01:55.843    6585-6585/? D/ADSPD﹕ Client cmd=0x0003, size=4
10-08 10:01:55.843    1415-6584/? D/mot_vr_audio_hw﹕ reconnected to adspd
10-08 10:01:55.853    6585-6585/? D/ADSPD﹕ Received from DSP: cmd=0x8003, size=2
10-08 10:01:55.863    1415-6588/? D/mot_vr_audio_hw﹕ received recognition control callback, status 0
10-08 10:01:56.894    2069-2104/? W/bt-btif﹕ dm_pm_timer expires
10-08 10:01:56.894    2069-2104/? W/bt-btif﹕ dm_pm_timer expires 0
10-08 10:01:56.894    2069-2104/? W/bt-btif﹕ proc dm_pm_timer expires
10-08 10:02:00.507    1752-1782/? I/PowerManagerService﹕ Going to sleep due to screen timeout...
10-08 10:02:00.507    1752-1782/? I/PowerManagerService﹕ Dozing...
10-08 10:02:00.517    1752-1775/? I/DreamController﹕ Starting dream: name=ComponentInfo{com.google.android.wearable.app/com.google.android.clockwork.home.AmbientMode}, isTest=false, canDoze=true, userId=0
10-08 10:02:00.527    1415-2801/? D/mot_vr_audio_hw﹕ dsp_recognizer_enabled = false
10-08 10:02:00.527    6585-6585/? D/ADSPD﹕ Client cmd=0x0003, size=4
10-08 10:02:00.527    1415-6581/? D/mot_vr_audio_hw﹕ Switching DSP to standby/passthrough mode
10-08 10:02:00.527    1415-6581/? D/mot_vr_audio_hw﹕ Input 0xb7903328 ready to read
10-08 10:02:00.527    1752-1752/? W/InputMethodManagerService﹕ Ignoring setImeWindowStatus of uid 1000 token: null
10-08 10:02:00.537    6585-6585/? D/ADSPD﹕ Received from DSP: cmd=0x8003, size=2
10-08 10:02:00.537    6585-6585/? D/ADSPD﹕ Client cmd=0x0003, size=4
10-08 10:02:00.537    1415-6588/? D/mot_vr_audio_hw﹕ received recognition control callback, status 0
10-08 10:02:00.557    6585-6585/? D/ADSPD﹕ Received from DSP: cmd=0x8003, size=2
10-08 10:02:00.557    1415-6588/? D/mot_vr_audio_hw﹕ received recognition control callback, status 0
10-08 10:02:00.577    1415-6581/? W/mot_vr_audio_hw﹕ Discarded 10 buffers without finding audio data
10-08 10:02:00.587    6585-6585/? D/ADSPD﹕ Client cmd=0x0003, size=4
10-08 10:02:00.587    1415-6581/? D/mot_vr_audio_hw﹕ Re-arming DSP
10-08 10:02:00.587    1415-6581/? D/mot_vr_audio_hw﹕ Input 0xb7903328 standby complete
10-08 10:02:00.597    1415-2025/? D/mot_vr_audio_hw﹕ Input 0xb7903328 close complete
10-08 10:02:00.607    6585-6585/? D/ADSPD﹕ Received from DSP: cmd=0x8003, size=2
