10-08 06:56:02.258    1752-1778/? E/WindowState﹕ getStack: Window{adf3f928 u0 com.motorola.targetnotif/com.motorola.loop.ChargeActivity EXITING} couldn't find taskId=31 Callers=com.android.server.wm.WindowState.getDisplayContent:721 com.android.server.wm.WindowState.isDefaultDisplay:1223 com.android.server.wm.WindowStateAnimator.updateSurfaceWindowCrop:1130 com.android.server.wm.WindowStateAnimator.setSurfaceBoundariesLocked:1241
10-08 06:56:02.258    1752-1778/? E/WindowState﹕ getStack: Window{adf3f928 u0 com.motorola.targetnotif/com.motorola.loop.ChargeActivity EXITING} couldn't find taskId=31 Callers=com.android.server.wm.WindowManagerService.performLayoutAndPlaceSurfacesLockedInner:9196 com.android.server.wm.WindowManagerService.performLayoutAndPlaceSurfacesLockedLoop:8325 com.android.server.wm.WindowManagerService.performLayoutAndPlaceSurfacesLocked:8267 com.android.server.wm.WindowManagerService.access$400:158
10-08 06:56:02.258    1752-1778/? E/WindowState﹕ getStack: Window{adf3f928 u0 com.motorola.targetnotif/com.motorola.loop.ChargeActivity EXITING} couldn't find taskId=31 Callers=com.android.server.wm.WindowState.getDisplayContent:721 com.android.server.wm.WindowManagerService.handleNotObscuredLocked:8982 com.android.server.wm.WindowManagerService.performLayoutAndPlaceSurfacesLockedInner:9206 com.android.server.wm.WindowManagerService.performLayoutAndPlaceSurfacesLockedLoop:8325
10-08 06:56:02.268    1752-1778/? E/WindowState﹕ getStack: Window{adf3f928 u0 com.motorola.targetnotif/com.motorola.loop.ChargeActivity EXITING} couldn't find taskId=31 Callers=com.android.server.wm.WindowState.getDisplayContent:721 com.android.server.wm.WindowStateAnimator.updateSurfaceWindowCrop:1119 com.android.server.wm.WindowStateAnimator.setSurfaceBoundariesLocked:1241 com.android.server.wm.WindowManagerService.performLayoutAndPlaceSurfacesLockedInner:9277
10-08 06:56:02.268    1752-1778/? E/WindowState﹕ getStack: Window{adf3f928 u0 com.motorola.targetnotif/com.motorola.loop.ChargeActivity EXITING} couldn't find taskId=31 Callers=com.android.server.wm.WindowState.getDisplayContent:721 com.android.server.wm.WindowState.isDefaultDisplay:1218 com.android.server.wm.WindowStateAnimator.updateSurfaceWindowCrop:1130 com.android.server.wm.WindowStateAnimator.setSurfaceBoundariesLocked:1241
10-08 06:56:02.268    1752-1778/? E/WindowState﹕ getStack: Window{adf3f928 u0 com.motorola.targetnotif/com.motorola.loop.ChargeActivity EXITING} couldn't find taskId=31 Callers=com.android.server.wm.WindowState.getDisplayContent:721 com.android.server.wm.WindowState.isDefaultDisplay:1223 com.android.server.wm.WindowStateAnimator.updateSurfaceWindowCrop:1130 com.android.server.wm.WindowStateAnimator.setSurfaceBoundariesLocked:1241
10-08 06:56:02.268    1752-1778/? E/WindowState﹕ getStack: Window{adf3f928 u0 com.motorola.targetnotif/com.motorola.loop.ChargeActivity EXITING} couldn't find taskId=31 Callers=com.android.server.wm.DisplayContent.setTouchExcludeRegion:237 com.android.server.wm.WindowManagerService.setFocusedStackFrame:3838 com.android.server.wm.WindowManagerService.performLayoutAndPlaceSurfacesLockedInner:9589 com.android.server.wm.WindowManagerService.performLayoutAndPlaceSurfacesLockedLoop:8325
10-08 06:56:02.278    1752-1762/? E/WindowState﹕ getStack: Window{adf3f928 u0 com.motorola.targetnotif/com.motorola.loop.ChargeActivity EXITING} couldn't find taskId=31 Callers=com.android.server.wm.WindowManagerService.performLayoutAndPlaceSurfacesLockedInner:9196 com.android.server.wm.WindowManagerService.performLayoutAndPlaceSurfacesLockedLoop:8325 com.android.server.wm.WindowManagerService.performLayoutAndPlaceSurfacesLocked:8267 com.android.server.wm.WindowManagerService.relayoutWindow:3060
10-08 06:56:02.278    1752-1762/? E/WindowState﹕ getStack: Window{adf3f928 u0 com.motorola.targetnotif/com.motorola.loop.ChargeActivity EXITING} couldn't find taskId=31 Callers=com.android.server.wm.WindowState.getDisplayContent:721 com.android.server.wm.WindowManagerService.handleNotObscuredLocked:8982 com.android.server.wm.WindowManagerService.performLayoutAndPlaceSurfacesLockedInner:9206 com.android.server.wm.WindowManagerService.performLayoutAndPlaceSurfacesLockedLoop:8325
10-08 06:56:02.278    1752-1762/? E/WindowState﹕ getStack: Window{adf3f928 u0 com.motorola.targetnotif/com.motorola.loop.ChargeActivity EXITING} couldn't find taskId=31 Callers=com.android.server.wm.WindowState.getDisplayContent:721 com.android.server.wm.WindowStateAnimator.updateSurfaceWindowCrop:1119 com.android.server.wm.WindowStateAnimator.setSurfaceBoundariesLocked:1241 com.android.server.wm.WindowManagerService.performLayoutAndPlaceSurfacesLockedInner:9277
10-08 06:56:02.278    1752-1762/? E/WindowState﹕ getStack: Window{adf3f928 u0 com.motorola.targetnotif/com.motorola.loop.ChargeActivity EXITING} couldn't find taskId=31 Callers=com.android.server.wm.WindowState.getDisplayContent:721 com.android.server.wm.WindowState.isDefaultDisplay:1218 com.android.server.wm.WindowStateAnimator.updateSurfaceWindowCrop:1130 com.android.server.wm.WindowStateAnimator.setSurfaceBoundariesLocked:1241
10-08 06:56:02.278    1752-1762/? E/WindowState﹕ getStack: Window{adf3f928 u0 com.motorola.targetnotif/com.motorola.loop.ChargeActivity EXITING} couldn't find taskId=31 Callers=com.android.server.wm.WindowState.getDisplayContent:721 com.android.server.wm.WindowState.isDefaultDisplay:1223 com.android.server.wm.WindowStateAnimator.updateSurfaceWindowCrop:1130 com.android.server.wm.WindowStateAnimator.setSurfaceBoundariesLocked:1241
10-08 06:56:02.278    1752-1762/? E/WindowState﹕ getStack: Window{adf3f928 u0 com.motorola.targetnotif/com.motorola.loop.ChargeActivity EXITING} couldn't find taskId=31 Callers=com.android.server.wm.DisplayContent.setTouchExcludeRegion:237 com.android.server.wm.WindowManagerService.setFocusedStackFrame:3838 com.android.server.wm.WindowManagerService.performLayoutAndPlaceSurfacesLockedInner:9589 com.android.server.wm.WindowManagerService.performLayoutAndPlaceSurfacesLockedLoop:8325
10-08 06:56:02.358    1752-3165/? E/WindowState﹕ getStack: Window{adf3f928 u0 com.motorola.targetnotif/com.motorola.loop.ChargeActivity EXITING} couldn't find taskId=31 Callers=com.android.server.wm.WindowManagerService.performLayoutAndPlaceSurfacesLockedInner:9196 com.android.server.wm.WindowManagerService.performLayoutAndPlaceSurfacesLockedLoop:8325 com.android.server.wm.WindowManagerService.performLayoutAndPlaceSurfacesLocked:8267 com.android.server.wm.WindowManagerService.relayoutWindow:3060
10-08 06:56:02.368    1752-3165/? E/WindowState﹕ getStack: Window{adf3f928 u0 com.motorola.targetnotif/com.motorola.loop.ChargeActivity EXITING} couldn't find taskId=31 Callers=com.android.server.wm.WindowState.getDisplayContent:721 com.android.server.wm.WindowManagerService.handleNotObscuredLocked:8982 com.android.server.wm.WindowManagerService.performLayoutAndPlaceSurfacesLockedInner:9206 com.android.server.wm.WindowManagerService.performLayoutAndPlaceSurfacesLockedLoop:8325
10-08 06:56:02.368    1752-3165/? E/WindowState﹕ getStack: Window{adf3f928 u0 com.motorola.targetnotif/com.motorola.loop.ChargeActivity EXITING} couldn't find taskId=31 Callers=com.android.server.wm.WindowState.getDisplayContent:721 com.android.server.wm.WindowStateAnimator.updateSurfaceWindowCrop:1119 com.android.server.wm.WindowStateAnimator.setSurfaceBoundariesLocked:1241 com.android.server.wm.WindowManagerService.performLayoutAndPlaceSurfacesLockedInner:9277
10-08 06:56:02.368    1752-3165/? E/WindowState﹕ getStack: Window{adf3f928 u0 com.motorola.targetnotif/com.motorola.loop.ChargeActivity EXITING} couldn't find taskId=31 Callers=com.android.server.wm.WindowState.getDisplayContent:721 com.android.server.wm.WindowState.isDefaultDisplay:1218 com.android.server.wm.WindowStateAnimator.updateSurfaceWindowCrop:1130 com.android.server.wm.WindowStateAnimator.setSurfaceBoundariesLocked:1241
10-08 06:56:02.368    1752-3165/? E/WindowState﹕ getStack: Window{adf3f928 u0 com.motorola.targetnotif/com.motorola.loop.ChargeActivity EXITING} couldn't find taskId=31 Callers=com.android.server.wm.WindowState.getDisplayContent:721 com.android.server.wm.WindowState.isDefaultDisplay:1223 com.android.server.wm.WindowStateAnimator.updateSurfaceWindowCrop:1130 com.android.server.wm.WindowStateAnimator.setSurfaceBoundariesLocked:1241
10-08 06:56:02.368    1752-3165/? E/WindowState﹕ getStack: Window{adf3f928 u0 com.motorola.targetnotif/com.motorola.loop.ChargeActivity EXITING} couldn't find taskId=31 Callers=com.android.server.wm.DisplayContent.setTouchExcludeRegion:237 com.android.server.wm.WindowManagerService.setFocusedStackFrame:3838 com.android.server.wm.WindowManagerService.performLayoutAndPlaceSurfacesLockedInner:9589 com.android.server.wm.WindowManagerService.performLayoutAndPlaceSurfacesLockedLoop:8325
10-08 06:56:02.378    1752-1897/? E/WindowState﹕ getStack: Window{adf3f928 u0 com.motorola.targetnotif/com.motorola.loop.ChargeActivity EXITING} couldn't find taskId=31 Callers=com.android.server.wm.WindowManagerService.performLayoutAndPlaceSurfacesLockedInner:9196 com.android.server.wm.WindowManagerService.performLayoutAndPlaceSurfacesLockedLoop:8325 com.android.server.wm.WindowManagerService.performLayoutAndPlaceSurfacesLocked:8267 com.android.server.wm.WindowManagerService.relayoutWindow:3060
10-08 06:56:02.378    1752-1897/? E/WindowState﹕ getStack: Window{adf3f928 u0 com.motorola.targetnotif/com.motorola.loop.ChargeActivity EXITING} couldn't find taskId=31 Callers=com.android.server.wm.WindowState.getDisplayContent:721 com.android.server.wm.WindowManagerService.handleNotObscuredLocked:8982 com.android.server.wm.WindowManagerService.performLayoutAndPlaceSurfacesLockedInner:9206 com.android.server.wm.WindowManagerService.performLayoutAndPlaceSurfacesLockedLoop:8325
10-08 06:56:02.378    1752-1897/? E/WindowState﹕ getStack: Window{adf3f928 u0 com.motorola.targetnotif/com.motorola.loop.ChargeActivity EXITING} couldn't find taskId=31 Callers=com.android.server.wm.WindowState.getDisplayContent:721 com.android.server.wm.WindowStateAnimator.updateSurfaceWindowCrop:1119 com.android.server.wm.WindowStateAnimator.setSurfaceBoundariesLocked:1241 com.android.server.wm.WindowManagerService.performLayoutAndPlaceSurfacesLockedInner:9277
10-08 06:56:02.378    1752-1897/? E/WindowState﹕ getStack: Window{adf3f928 u0 com.motorola.targetnotif/com.motorola.loop.ChargeActivity EXITING} couldn't find taskId=31 Callers=com.android.server.wm.WindowState.getDisplayContent:721 com.android.server.wm.WindowState.isDefaultDisplay:1218 com.android.server.wm.WindowStateAnimator.updateSurfaceWindowCrop:1130 com.android.server.wm.WindowStateAnimator.setSurfaceBoundariesLocked:1241
10-08 06:56:02.378    1752-1897/? E/WindowState﹕ getStack: Window{adf3f928 u0 com.motorola.targetnotif/com.motorola.loop.ChargeActivity EXITING} couldn't find taskId=31 Callers=com.android.server.wm.WindowState.getDisplayContent:721 com.android.server.wm.WindowState.isDefaultDisplay:1223 com.android.server.wm.WindowStateAnimator.updateSurfaceWindowCrop:1130 com.android.server.wm.WindowStateAnimator.setSurfaceBoundariesLocked:1241
10-08 06:56:02.378    1752-1897/? E/WindowState﹕ getStack: Window{adf3f928 u0 com.motorola.targetnotif/com.motorola.loop.ChargeActivity EXITING} couldn't find taskId=31 Callers=com.android.server.wm.DisplayContent.setTouchExcludeRegion:237 com.android.server.wm.WindowManagerService.setFocusedStackFrame:3838 com.android.server.wm.WindowManagerService.performLayoutAndPlaceSurfacesLockedInner:9589 com.android.server.wm.WindowManagerService.performLayoutAndPlaceSurfacesLockedLoop:8325
10-08 06:56:02.398    1752-1763/? E/WindowState﹕ getStack: Window{adf3f928 u0 com.motorola.targetnotif/com.motorola.loop.ChargeActivity EXITING} couldn't find taskId=31 Callers=com.android.server.wm.WindowManagerService.performLayoutAndPlaceSurfacesLockedInner:9196 com.android.server.wm.WindowManagerService.performLayoutAndPlaceSurfacesLockedLoop:8325 com.android.server.wm.WindowManagerService.performLayoutAndPlaceSurfacesLocked:8267 com.android.server.wm.WindowManagerService.relayoutWindow:3060
10-08 06:56:02.398    1752-1763/? E/WindowState﹕ getStack: Window{adf3f928 u0 com.motorola.targetnotif/com.motorola.loop.ChargeActivity EXITING} couldn't find taskId=31 Callers=com.android.server.wm.WindowState.getDisplayContent:721 com.android.server.wm.WindowManagerService.handleNotObscuredLocked:8982 com.android.server.wm.WindowManagerService.performLayoutAndPlaceSurfacesLockedInner:9206 com.android.server.wm.WindowManagerService.performLayoutAndPlaceSurfacesLockedLoop:8325
10-08 06:56:02.398    1752-1763/? E/WindowState﹕ getStack: Window{adf3f928 u0 com.motorola.targetnotif/com.motorola.loop.ChargeActivity EXITING} couldn't find taskId=31 Callers=com.android.server.wm.WindowState.getDisplayContent:721 com.android.server.wm.WindowStateAnimator.updateSurfaceWindowCrop:1119 com.android.server.wm.WindowStateAnimator.setSurfaceBoundariesLocked:1241 com.android.server.wm.WindowManagerService.performLayoutAndPlaceSurfacesLockedInner:9277
10-08 06:56:02.398    1752-1763/? E/WindowState﹕ getStack: Window{adf3f928 u0 com.motorola.targetnotif/com.motorola.loop.ChargeActivity EXITING} couldn't find taskId=31 Callers=com.android.server.wm.WindowState.getDisplayContent:721 com.android.server.wm.WindowState.isDefaultDisplay:1218 com.android.server.wm.WindowStateAnimator.updateSurfaceWindowCrop:1130 com.android.server.wm.WindowStateAnimator.setSurfaceBoundariesLocked:1241
10-08 06:56:02.398    1752-1763/? E/WindowState﹕ getStack: Window{adf3f928 u0 com.motorola.targetnotif/com.motorola.loop.ChargeActivity EXITING} couldn't find taskId=31 Callers=com.android.server.wm.WindowState.getDisplayContent:721 com.android.server.wm.WindowState.isDefaultDisplay:1223 com.android.server.wm.WindowStateAnimator.updateSurfaceWindowCrop:1130 com.android.server.wm.WindowStateAnimator.setSurfaceBoundariesLocked:1241
10-08 06:56:02.398    1752-1763/? E/WindowState﹕ getStack: Window{adf3f928 u0 com.motorola.targetnotif/com.motorola.loop.ChargeActivity EXITING} couldn't find taskId=31 Callers=com.android.server.wm.DisplayContent.setTouchExcludeRegion:237 com.android.server.wm.WindowManagerService.setFocusedStackFrame:3838 com.android.server.wm.WindowManagerService.performLayoutAndPlaceSurfacesLockedInner:9589 com.android.server.wm.WindowManagerService.performLayoutAndPlaceSurfacesLockedLoop:8325
10-08 06:56:02.408    1752-1778/? E/WindowState﹕ getStack: Window{adf3f928 u0 com.motorola.targetnotif/com.motorola.loop.ChargeActivity EXITING} couldn't find taskId=31 Callers=com.android.server.wm.WindowState.getDisplayContent:721 com.android.server.wm.WindowStateAnimator.stepAnimationLocked:263 com.android.server.wm.WindowAnimator.updateWindowsLocked:225 com.android.server.wm.WindowAnimator.animateLocked:508
10-08 06:56:02.408    1752-1778/? E/WindowState﹕ getStack: Window{adf3f928 u0 com.motorola.targetnotif/com.motorola.loop.ChargeActivity EXITING} couldn't find taskId=31 Callers=com.android.server.wm.WindowState.getDisplayContent:721 com.android.server.wm.WindowState.getDisplayId:726 com.android.server.wm.WindowStateAnimator.computeShownFrameLocked:912 com.android.server.wm.WindowStateAnimator.prepareSurfaceLocked:1258
10-08 06:56:02.408    1752-1778/? E/WindowState﹕ getStack: Window{adf3f928 u0 com.motorola.targetnotif/com.motorola.loop.ChargeActivity EXITING} couldn't find taskId=31 Callers=com.android.server.wm.WindowState.getDisplayContent:721 com.android.server.wm.WindowStateAnimator.updateSurfaceWindowCrop:1119 com.android.server.wm.WindowStateAnimator.setSurfaceBoundariesLocked:1241 com.android.server.wm.WindowStateAnimator.prepareSurfaceLocked:1260
10-08 06:56:02.408    1752-1778/? E/WindowState﹕ getStack: Window{adf3f928 u0 com.motorola.targetnotif/com.motorola.loop.ChargeActivity EXITING} couldn't find taskId=31 Callers=com.android.server.wm.WindowState.getDisplayContent:721 com.android.server.wm.WindowState.isDefaultDisplay:1218 com.android.server.wm.WindowStateAnimator.updateSurfaceWindowCrop:1130 com.android.server.wm.WindowStateAnimator.setSurfaceBoundariesLocked:1241
10-08 06:56:02.408    1752-1778/? E/WindowState﹕ getStack: Window{adf3f928 u0 com.motorola.targetnotif/com.motorola.loop.ChargeActivity EXITING} couldn't find taskId=31 Callers=com.android.server.wm.WindowState.getDisplayContent:721 com.android.server.wm.WindowState.isDefaultDisplay:1223 com.android.server.wm.WindowStateAnimator.updateSurfaceWindowCrop:1130 com.android.server.wm.WindowStateAnimator.setSurfaceBoundariesLocked:1241
10-08 06:56:02.408    1752-2357/? E/WindowState﹕ getStack: Window{adf3f928 u0 com.motorola.targetnotif/com.motorola.loop.ChargeActivity EXITING} couldn't find taskId=31 Callers=com.android.server.wm.WindowManagerService.performLayoutAndPlaceSurfacesLockedInner:9196 com.android.server.wm.WindowManagerService.performLayoutAndPlaceSurfacesLockedLoop:8325 com.android.server.wm.WindowManagerService.performLayoutAndPlaceSurfacesLocked:8267 com.android.server.wm.WindowManagerService.relayoutWindow:3060
10-08 06:56:02.408    1752-2357/? E/WindowState﹕ getStack: Window{adf3f928 u0 com.motorola.targetnotif/com.motorola.loop.ChargeActivity EXITING} couldn't find taskId=31 Callers=com.android.server.wm.WindowState.getDisplayContent:721 com.android.server.wm.WindowManagerService.handleNotObscuredLocked:8982 com.android.server.wm.WindowManagerService.performLayoutAndPlaceSurfacesLockedInner:9206 com.android.server.wm.WindowManagerService.performLayoutAndPlaceSurfacesLockedLoop:8325
10-08 06:56:02.428    1752-2357/? E/WindowState﹕ getStack: Window{adf3f928 u0 com.motorola.targetnotif/com.motorola.loop.ChargeActivity EXITING} couldn't find taskId=31 Callers=com.android.server.wm.WindowState.getDisplayContent:721 com.android.server.wm.WindowStateAnimator.updateSurfaceWindowCrop:1119 com.android.server.wm.WindowStateAnimator.setSurfaceBoundariesLocked:1241 com.android.server.wm.WindowManagerService.performLayoutAndPlaceSurfacesLockedInner:9277
10-08 06:56:02.428    1752-2357/? E/WindowState﹕ getStack: Window{adf3f928 u0 com.motorola.targetnotif/com.motorola.loop.ChargeActivity EXITING} couldn't find taskId=31 Callers=com.android.server.wm.WindowState.getDisplayContent:721 com.android.server.wm.WindowState.isDefaultDisplay:1218 com.android.server.wm.WindowStateAnimator.updateSurfaceWindowCrop:1130 com.android.server.wm.WindowStateAnimator.setSurfaceBoundariesLocked:1241
10-08 06:56:02.428    1752-2357/? E/WindowState﹕ getStack: Window{adf3f928 u0 com.motorola.targetnotif/com.motorola.loop.ChargeActivity EXITING} couldn't find taskId=31 Callers=com.android.server.wm.WindowState.getDisplayContent:721 com.android.server.wm.WindowState.isDefaultDisplay:1223 com.android.server.wm.WindowStateAnimator.updateSurfaceWindowCrop:1130 com.android.server.wm.WindowStateAnimator.setSurfaceBoundariesLocked:1241
10-08 06:56:02.438    1752-2357/? E/WindowState﹕ getStack: Window{adf3f928 u0 com.motorola.targetnotif/com.motorola.loop.ChargeActivity EXITING} couldn't find taskId=31 Callers=com.android.server.wm.DisplayContent.setTouchExcludeRegion:237 com.android.server.wm.WindowManagerService.setFocusedStackFrame:3838 com.android.server.wm.WindowManagerService.performLayoutAndPlaceSurfacesLockedInner:9589 com.android.server.wm.WindowManagerService.performLayoutAndPlaceSurfacesLockedLoop:8325
10-08 06:56:02.448    1752-1778/? E/WindowState﹕ getStack: Window{adf3f928 u0 com.motorola.targetnotif/com.motorola.loop.ChargeActivity EXITING} couldn't find taskId=31 Callers=com.android.server.wm.WindowManagerService.performLayoutAndPlaceSurfacesLockedInner:9196 com.android.server.wm.WindowManagerService.performLayoutAndPlaceSurfacesLockedLoop:8325 com.android.server.wm.WindowManagerService.performLayoutAndPlaceSurfacesLocked:8267 com.android.server.wm.WindowManagerService.access$400:158
10-08 06:56:02.448    1752-1778/? E/WindowState﹕ getStack: Window{adf3f928 u0 com.motorola.targetnotif/com.motorola.loop.ChargeActivity EXITING} couldn't find taskId=31 Callers=com.android.server.wm.WindowState.getDisplayContent:721 com.android.server.wm.WindowManagerService.handleNotObscuredLocked:8982 com.android.server.wm.WindowManagerService.performLayoutAndPlaceSurfacesLockedInner:9206 com.android.server.wm.WindowManagerService.performLayoutAndPlaceSurfacesLockedLoop:8325
10-08 06:56:02.448    1752-1778/? E/WindowState﹕ getStack: Window{adf3f928 u0 com.motorola.targetnotif/com.motorola.loop.ChargeActivity EXITING} couldn't find taskId=31 Callers=com.android.server.wm.WindowState.getDisplayContent:721 com.android.server.wm.WindowStateAnimator.updateSurfaceWindowCrop:1119 com.android.server.wm.WindowStateAnimator.setSurfaceBoundariesLocked:1241 com.android.server.wm.WindowManagerService.performLayoutAndPlaceSurfacesLockedInner:9277
10-08 06:56:02.448    1752-1778/? E/WindowState﹕ getStack: Window{adf3f928 u0 com.motorola.targetnotif/com.motorola.loop.ChargeActivity EXITING} couldn't find taskId=31 Callers=com.android.server.wm.WindowState.getDisplayContent:721 com.android.server.wm.WindowState.isDefaultDisplay:1218 com.android.server.wm.WindowStateAnimator.updateSurfaceWindowCrop:1130 com.android.server.wm.WindowStateAnimator.setSurfaceBoundariesLocked:1241
10-08 06:56:02.448    1752-1778/? E/WindowState﹕ getStack: Window{adf3f928 u0 com.motorola.targetnotif/com.motorola.loop.ChargeActivity EXITING} couldn't find taskId=31 Callers=com.android.server.wm.WindowState.getDisplayContent:721 com.android.server.wm.WindowState.isDefaultDisplay:1223 com.android.server.wm.WindowStateAnimator.updateSurfaceWindowCrop:1130 com.android.server.wm.WindowStateAnimator.setSurfaceBoundariesLocked:1241
10-08 06:56:02.448    1752-1778/? E/WindowState﹕ getStack: Window{adf3f928 u0 com.motorola.targetnotif/com.motorola.loop.ChargeActivity EXITING} couldn't find taskId=31 Callers=com.android.server.wm.DisplayContent.setTouchExcludeRegion:237 com.android.server.wm.WindowManagerService.setFocusedStackFrame:3838 com.android.server.wm.WindowManagerService.performLayoutAndPlaceSurfacesLockedInner:9589 com.android.server.wm.WindowManagerService.performLayoutAndPlaceSurfacesLockedLoop:8325
10-08 06:56:02.458    1752-1778/? E/WindowState﹕ getStack: Window{adf3f928 u0 com.motorola.targetnotif/com.motorola.loop.ChargeActivity EXITING} couldn't find taskId=31 Callers=com.android.server.wm.WindowState.getDisplayContent:721 com.android.server.wm.WindowStateAnimator.stepAnimationLocked:263 com.android.server.wm.WindowAnimator.updateWindowsLocked:225 com.android.server.wm.WindowAnimator.animateLocked:508
10-08 06:56:02.528    1752-1778/? E/WindowState﹕ getStack: Window{adf3f928 u0 com.motorola.targetnotif/com.motorola.loop.ChargeActivity EXITING} couldn't find taskId=31 Callers=com.android.server.wm.WindowState.getDisplayContent:721 com.android.server.wm.WindowState.getDisplayId:726 com.android.server.wm.WindowStateAnimator.computeShownFrameLocked:912 com.android.server.wm.WindowStateAnimator.prepareSurfaceLocked:1258
10-08 06:56:02.528    1752-1778/? E/WindowState﹕ getStack: Window{adf3f928 u0 com.motorola.targetnotif/com.motorola.loop.ChargeActivity EXITING} couldn't find taskId=31 Callers=com.android.server.wm.WindowState.getDisplayContent:721 com.android.server.wm.WindowStateAnimator.updateSurfaceWindowCrop:1119 com.android.server.wm.WindowStateAnimator.setSurfaceBoundariesLocked:1241 com.android.server.wm.WindowStateAnimator.prepareSurfaceLocked:1260
10-08 06:56:02.528    1752-1778/? E/WindowState﹕ getStack: Window{adf3f928 u0 com.motorola.targetnotif/com.motorola.loop.ChargeActivity EXITING} couldn't find taskId=31 Callers=com.android.server.wm.WindowState.getDisplayContent:721 com.android.server.wm.WindowState.isDefaultDisplay:1218 com.android.server.wm.WindowStateAnimator.updateSurfaceWindowCrop:1130 com.android.server.wm.WindowStateAnimator.setSurfaceBoundariesLocked:1241
10-08 06:56:02.528    1752-1778/? E/WindowState﹕ getStack: Window{adf3f928 u0 com.motorola.targetnotif/com.motorola.loop.ChargeActivity EXITING} couldn't find taskId=31 Callers=com.android.server.wm.WindowState.getDisplayContent:721 com.android.server.wm.WindowState.isDefaultDisplay:1223 com.android.server.wm.WindowStateAnimator.updateSurfaceWindowCrop:1130 com.android.server.wm.WindowStateAnimator.setSurfaceBoundariesLocked:1241
10-08 06:56:02.538    1752-1897/? E/WindowState﹕ getStack: Window{adf3f928 u0 com.motorola.targetnotif/com.motorola.loop.ChargeActivity EXITING} couldn't find taskId=31 Callers=com.android.server.wm.WindowManagerService.performLayoutAndPlaceSurfacesLockedInner:9196 com.android.server.wm.WindowManagerService.performLayoutAndPlaceSurfacesLockedLoop:8325 com.android.server.wm.WindowManagerService.performLayoutAndPlaceSurfacesLocked:8267 com.android.server.wm.WindowManagerService.relayoutWindow:3060
10-08 06:56:02.538    1752-1897/? E/WindowState﹕ getStack: Window{adf3f928 u0 com.motorola.targetnotif/com.motorola.loop.ChargeActivity EXITING} couldn't find taskId=31 Callers=com.android.server.wm.WindowState.getDisplayContent:721 com.android.server.wm.WindowManagerService.handleNotObscuredLocked:8982 com.android.server.wm.WindowManagerService.performLayoutAndPlaceSurfacesLockedInner:9206 com.android.server.wm.WindowManagerService.performLayoutAndPlaceSurfacesLockedLoop:8325
10-08 06:56:02.538    1752-1897/? E/WindowState﹕ getStack: Window{adf3f928 u0 com.motorola.targetnotif/com.motorola.loop.ChargeActivity EXITING} couldn't find taskId=31 Callers=com.android.server.wm.WindowState.getDisplayContent:721 com.android.server.wm.WindowStateAnimator.updateSurfaceWindowCrop:1119 com.android.server.wm.WindowStateAnimator.setSurfaceBoundariesLocked:1241 com.android.server.wm.WindowManagerService.performLayoutAndPlaceSurfacesLockedInner:9277
10-08 06:56:02.538    1752-1897/? E/WindowState﹕ getStack: Window{adf3f928 u0 com.motorola.targetnotif/com.motorola.loop.ChargeActivity EXITING} couldn't find taskId=31 Callers=com.android.server.wm.WindowState.getDisplayContent:721 com.android.server.wm.WindowState.isDefaultDisplay:1218 com.android.server.wm.WindowStateAnimator.updateSurfaceWindowCrop:1130 com.android.server.wm.WindowStateAnimator.setSurfaceBoundariesLocked:1241
10-08 06:56:02.538    1752-1897/? E/WindowState﹕ getStack: Window{adf3f928 u0 com.motorola.targetnotif/com.motorola.loop.ChargeActivity EXITING} couldn't find taskId=31 Callers=com.android.server.wm.WindowState.getDisplayContent:721 com.android.server.wm.WindowState.isDefaultDisplay:1223 com.android.server.wm.WindowStateAnimator.updateSurfaceWindowCrop:1130 com.android.server.wm.WindowStateAnimator.setSurfaceBoundariesLocked:1241
10-08 06:56:02.538    1752-1897/? E/WindowState﹕ getStack: Window{adf3f928 u0 com.motorola.targetnotif/com.motorola.loop.ChargeActivity EXITING} couldn't find taskId=31 Callers=com.android.server.wm.DisplayContent.setTouchExcludeRegion:237 com.android.server.wm.WindowManagerService.setFocusedStackFrame:3838 com.android.server.wm.WindowManagerService.performLayoutAndPlaceSurfacesLockedInner:9589 com.android.server.wm.WindowManagerService.performLayoutAndPlaceSurfacesLockedLoop:8325
10-08 06:56:02.608    1752-1778/? E/WindowState﹕ getStack: Window{adf3f928 u0 com.motorola.targetnotif/com.motorola.loop.ChargeActivity EXITING} couldn't find taskId=31 Callers=com.android.server.wm.WindowState.getDisplayContent:721 com.android.server.wm.WindowStateAnimator.stepAnimationLocked:263 com.android.server.wm.WindowAnimator.updateWindowsLocked:225 com.android.server.wm.WindowAnimator.animateLocked:508
10-08 06:56:02.608    1752-1778/? E/WindowState﹕ getStack: Window{adf3f928 u0 com.motorola.targetnotif/com.motorola.loop.ChargeActivity EXITING} couldn't find taskId=31 Callers=com.android.server.wm.WindowState.getDisplayContent:721 com.android.server.wm.WindowState.getDisplayId:726 com.android.server.wm.WindowStateAnimator.computeShownFrameLocked:912 com.android.server.wm.WindowStateAnimator.prepareSurfaceLocked:1258
10-08 06:56:02.628    1752-1778/? E/WindowState﹕ getStack: Window{adf3f928 u0 com.motorola.targetnotif/com.motorola.loop.ChargeActivity EXITING} couldn't find taskId=31 Callers=com.android.server.wm.WindowState.getDisplayContent:721 com.android.server.wm.WindowStateAnimator.updateSurfaceWindowCrop:1119 com.android.server.wm.WindowStateAnimator.setSurfaceBoundariesLocked:1241 com.android.server.wm.WindowStateAnimator.prepareSurfaceLocked:1260
10-08 06:56:02.638    1752-1778/? E/WindowState﹕ getStack: Window{adf3f928 u0 com.motorola.targetnotif/com.motorola.loop.ChargeActivity EXITING} couldn't find taskId=31 Callers=com.android.server.wm.WindowState.getDisplayContent:721 com.android.server.wm.WindowState.isDefaultDisplay:1218 com.android.server.wm.WindowStateAnimator.updateSurfaceWindowCrop:1130 com.android.server.wm.WindowStateAnimator.setSurfaceBoundariesLocked:1241
10-08 06:56:02.638    1752-1778/? E/WindowState﹕ getStack: Window{adf3f928 u0 com.motorola.targetnotif/com.motorola.loop.ChargeActivity EXITING} couldn't find taskId=31 Callers=com.android.server.wm.WindowState.getDisplayContent:721 com.android.server.wm.WindowState.isDefaultDisplay:1223 com.android.server.wm.WindowStateAnimator.updateSurfaceWindowCrop:1130 com.android.server.wm.WindowStateAnimator.setSurfaceBoundariesLocked:1241
10-08 06:56:02.638    1752-1801/? E/WindowState﹕ getStack: Window{adf3f928 u0 com.motorola.targetnotif/com.motorola.loop.ChargeActivity EXITING} couldn't find taskId=31 Callers=com.android.server.wm.WindowManagerService.performLayoutAndPlaceSurfacesLockedInner:9196 com.android.server.wm.WindowManagerService.performLayoutAndPlaceSurfacesLockedLoop:8325 com.android.server.wm.WindowManagerService.performLayoutAndPlaceSurfacesLocked:8267 com.android.server.wm.WindowManagerService.relayoutWindow:3060
10-08 06:56:02.638    1752-1801/? E/WindowState﹕ getStack: Window{adf3f928 u0 com.motorola.targetnotif/com.motorola.loop.ChargeActivity EXITING} couldn't find taskId=31 Callers=com.android.server.wm.WindowState.getDisplayContent:721 com.android.server.wm.WindowManagerService.handleNotObscuredLocked:8982 com.android.server.wm.WindowManagerService.performLayoutAndPlaceSurfacesLockedInner:9206 com.android.server.wm.WindowManagerService.performLayoutAndPlaceSurfacesLockedLoop:8325
10-08 06:56:02.638    1752-1801/? E/WindowState﹕ getStack: Window{adf3f928 u0 com.motorola.targetnotif/com.motorola.loop.ChargeActivity EXITING} couldn't find taskId=31 Callers=com.android.server.wm.WindowState.getDisplayContent:721 com.android.server.wm.WindowStateAnimator.updateSurfaceWindowCrop:1119 com.android.server.wm.WindowStateAnimator.setSurfaceBoundariesLocked:1241 com.android.server.wm.WindowManagerService.performLayoutAndPlaceSurfacesLockedInner:9277
10-08 06:56:02.638    1752-1801/? E/WindowState﹕ getStack: Window{adf3f928 u0 com.motorola.targetnotif/com.motorola.loop.ChargeActivity EXITING} couldn't find taskId=31 Callers=com.android.server.wm.WindowState.getDisplayContent:721 com.android.server.wm.WindowState.isDefaultDisplay:1218 com.android.server.wm.WindowStateAnimator.updateSurfaceWindowCrop:1130 com.android.server.wm.WindowStateAnimator.setSurfaceBoundariesLocked:1241
10-08 06:56:02.638    1752-1801/? E/WindowState﹕ getStack: Window{adf3f928 u0 com.motorola.targetnotif/com.motorola.loop.ChargeActivity EXITING} couldn't find taskId=31 Callers=com.android.server.wm.WindowState.getDisplayContent:721 com.android.server.wm.WindowState.isDefaultDisplay:1223 com.android.server.wm.WindowStateAnimator.updateSurfaceWindowCrop:1130 com.android.server.wm.WindowStateAnimator.setSurfaceBoundariesLocked:1241
10-08 06:56:02.648    1752-1801/? E/WindowState﹕ getStack: Window{adf3f928 u0 com.motorola.targetnotif/com.motorola.loop.ChargeActivity EXITING} couldn't find taskId=31 Callers=com.android.server.wm.DisplayContent.setTouchExcludeRegion:237 com.android.server.wm.WindowManagerService.setFocusedStackFrame:3838 com.android.server.wm.WindowManagerService.performLayoutAndPlaceSurfacesLockedInner:9589 com.android.server.wm.WindowManagerService.performLayoutAndPlaceSurfacesLockedLoop:8325
10-08 06:56:02.648    1752-3165/? E/WindowState﹕ getStack: Window{adf3f928 u0 com.motorola.targetnotif/com.motorola.loop.ChargeActivity EXITING} couldn't find taskId=31 Callers=com.android.server.wm.WindowManagerService.performLayoutAndPlaceSurfacesLockedInner:9196 com.android.server.wm.WindowManagerService.performLayoutAndPlaceSurfacesLockedLoop:8325 com.android.server.wm.WindowManagerService.performLayoutAndPlaceSurfacesLocked:8267 com.android.server.wm.WindowManagerService.relayoutWindow:3060
10-08 06:56:02.648    1752-3165/? E/WindowState﹕ getStack: Window{adf3f928 u0 com.motorola.targetnotif/com.motorola.loop.ChargeActivity EXITING} couldn't find taskId=31 Callers=com.android.server.wm.WindowState.getDisplayContent:721 com.android.server.wm.WindowManagerService.handleNotObscuredLocked:8982 com.android.server.wm.WindowManagerService.performLayoutAndPlaceSurfacesLockedInner:9206 com.android.server.wm.WindowManagerService.performLayoutAndPlaceSurfacesLockedLoop:8325
10-08 06:56:02.648    1752-3165/? E/WindowState﹕ getStack: Window{adf3f928 u0 com.motorola.targetnotif/com.motorola.loop.ChargeActivity EXITING} couldn't find taskId=31 Callers=com.android.server.wm.WindowState.getDisplayContent:721 com.android.server.wm.WindowStateAnimator.updateSurfaceWindowCrop:1119 com.android.server.wm.WindowStateAnimator.setSurfaceBoundariesLocked:1241 com.android.server.wm.WindowManagerService.performLayoutAndPlaceSurfacesLockedInner:9277
10-08 06:56:02.648    1752-3165/? E/WindowState﹕ getStack: Window{adf3f928 u0 com.motorola.targetnotif/com.motorola.loop.ChargeActivity EXITING} couldn't find taskId=31 Callers=com.android.server.wm.WindowState.getDisplayContent:721 com.android.server.wm.WindowState.isDefaultDisplay:1218 com.android.server.wm.WindowStateAnimator.updateSurfaceWindowCrop:1130 com.android.server.wm.WindowStateAnimator.setSurfaceBoundariesLocked:1241
10-08 06:56:02.648    1752-3165/? E/WindowState﹕ getStack: Window{adf3f928 u0 com.motorola.targetnotif/com.motorola.loop.ChargeActivity EXITING} couldn't find taskId=31 Callers=com.android.server.wm.WindowState.getDisplayContent:721 com.android.server.wm.WindowState.isDefaultDisplay:1223 com.android.server.wm.WindowStateAnimator.updateSurfaceWindowCrop:1130 com.android.server.wm.WindowStateAnimator.setSurfaceBoundariesLocked:1241
10-08 06:56:02.658    1752-3165/? E/WindowState﹕ getStack: Window{adf3f928 u0 com.motorola.targetnotif/com.motorola.loop.ChargeActivity EXITING} couldn't find taskId=31 Callers=com.android.server.wm.DisplayContent.setTouchExcludeRegion:237 com.android.server.wm.WindowManagerService.setFocusedStackFrame:3838 com.android.server.wm.WindowManagerService.performLayoutAndPlaceSurfacesLockedInner:9589 com.android.server.wm.WindowManagerService.performLayoutAndPlaceSurfacesLockedLoop:8325
10-08 06:56:02.668    1752-1778/? E/WindowState﹕ getStack: Window{adf3f928 u0 com.motorola.targetnotif/com.motorola.loop.ChargeActivity EXITING} couldn't find taskId=31 Callers=com.android.server.wm.WindowManagerService.performLayoutAndPlaceSurfacesLockedInner:9196 com.android.server.wm.WindowManagerService.performLayoutAndPlaceSurfacesLockedLoop:8325 com.android.server.wm.WindowManagerService.performLayoutAndPlaceSurfacesLocked:8267 com.android.server.wm.WindowManagerService.access$400:158
10-08 06:56:02.668    1752-1778/? E/WindowState﹕ getStack: Window{adf3f928 u0 com.motorola.targetnotif/com.motorola.loop.ChargeActivity EXITING} couldn't find taskId=31 Callers=com.android.server.wm.WindowState.getDisplayContent:721 com.android.server.wm.WindowManagerService.handleNotObscuredLocked:8982 com.android.server.wm.WindowManagerService.performLayoutAndPlaceSurfacesLockedInner:9206 com.android.server.wm.WindowManagerService.performLayoutAndPlaceSurfacesLockedLoop:8325
10-08 06:56:02.678    1752-1778/? E/WindowState﹕ getStack: Window{adf3f928 u0 com.motorola.targetnotif/com.motorola.loop.ChargeActivity EXITING} couldn't find taskId=31 Callers=com.android.server.wm.WindowState.getDisplayContent:721 com.android.server.wm.WindowStateAnimator.updateSurfaceWindowCrop:1119 com.android.server.wm.WindowStateAnimator.setSurfaceBoundariesLocked:1241 com.android.server.wm.WindowManagerService.performLayoutAndPlaceSurfacesLockedInner:9277
10-08 06:56:02.678    1752-1778/? E/WindowState﹕ getStack: Window{adf3f928 u0 com.motorola.targetnotif/com.motorola.loop.ChargeActivity EXITING} couldn't find taskId=31 Callers=com.android.server.wm.WindowState.getDisplayContent:721 com.android.server.wm.WindowState.isDefaultDisplay:1218 com.android.server.wm.WindowStateAnimator.updateSurfaceWindowCrop:1130 com.android.server.wm.WindowStateAnimator.setSurfaceBoundariesLocked:1241
10-08 06:56:02.678    1752-1778/? E/WindowState﹕ getStack: Window{adf3f928 u0 com.motorola.targetnotif/com.motorola.loop.ChargeActivity EXITING} couldn't find taskId=31 Callers=com.android.server.wm.WindowState.getDisplayContent:721 com.android.server.wm.WindowState.isDefaultDisplay:1223 com.android.server.wm.WindowStateAnimator.updateSurfaceWindowCrop:1130 com.android.server.wm.WindowStateAnimator.setSurfaceBoundariesLocked:1241
10-08 06:56:02.688    1752-1778/? W/WindowManager﹕ On display=0 Rebuild removed 2 windows but added 1
    java.lang.RuntimeException: here
            at com.android.server.wm.WindowManagerService.rebuildAppWindowListLocked(WindowManagerService.java:8172)
            at com.android.server.wm.WindowManagerService.rebuildAppWindowListLocked(WindowManagerService.java:8099)
            at com.android.server.wm.WindowManagerService.handleAppTransitionReadyLocked(WindowManagerService.java:8591)
            at com.android.server.wm.WindowManagerService.performLayoutAndPlaceSurfacesLockedInner(WindowManagerService.java:9367)
            at com.android.server.wm.WindowManagerService.performLayoutAndPlaceSurfacesLockedLoop(WindowManagerService.java:8325)
            at com.android.server.wm.WindowManagerService.performLayoutAndPlaceSurfacesLocked(WindowManagerService.java:8267)
            at com.android.server.wm.WindowManagerService.access$400(WindowManagerService.java:158)
            at com.android.server.wm.WindowManagerService$H.handleMessage(WindowManagerService.java:7272)
            at android.os.Handler.dispatchMessage(Handler.java:102)
            at android.os.Looper.loop(Looper.java:136)
            at android.os.HandlerThread.run(HandlerThread.java:61)
            at com.android.server.ServiceThread.run(ServiceThread.java:46)
10-08 06:56:02.688    1752-1778/? E/WindowState﹕ getStack: Window{adf3f928 u0 com.motorola.targetnotif/com.motorola.loop.ChargeActivity EXITING} couldn't find taskId=31 Callers=com.android.server.wm.WindowState.getDisplayContent:721 com.android.server.wm.WindowState.getDisplayId:726 com.android.server.wm.WindowState.dump:1388 com.android.server.wm.WindowManagerService.rebuildAppWindowListLocked:8180
10-08 06:56:02.688    1752-1778/? W/WindowManager﹕ This window was lost: Window{adf3f928 u0 com.motorola.targetnotif/com.motorola.loop.ChargeActivity EXITING}
10-08 06:56:02.688    1752-1778/? W/WindowManager﹕ mDisplayId=0 mSession=Session{ade80bb8 1993:u0a10012} mClient=android.os.BinderProxy@adeee960
    mOwnerUid=10012 mShowToOwnerOnly=true package=com.motorola.targetnotif appop=NONE
    mAttrs=WM.LayoutParams{(0,0)(fillxfill) sim=#120 ty=1 fl=#3810100 pfl=0x8 wanim=0x10302fc userActivityTimeout=5000}
    Requested w=320 h=320 mLayoutSeq=4390
    mBaseLayer=21000 mSubLayer=0 mAnimLayer=21005+0=21005 mLastLayer=21005
    mToken=AppWindowToken{adf25b00 token=Token{adf0ded8 ActivityRecord{addb4750 u0 com.motorola.targetnotif/com.motorola.loop.ChargeActivity t31}}}
    mRootToken=AppWindowToken{adf25b00 token=Token{adf0ded8 ActivityRecord{addb4750 u0 com.motorola.targetnotif/com.motorola.loop.ChargeActivity t31}}}
    mAppToken=AppWindowToken{adf25b00 token=Token{adf0ded8 ActivityRecord{addb4750 u0 com.motorola.targetnotif/com.motorola.loop.ChargeActivity t31}}}
    mViewVisibility=0x0 mHaveFrame=true mObscured=false
    mSeq=0 mSystemUiVisibility=0x0
    mGivenContentInsets=[0,0][0,0] mGivenVisibleInsets=[0,0][0,0]
    mConfiguration={1.0 ?mcc?mnc en_US ldltr sw217dp w240dp h193dp 213dpi smll land watch finger -keyb/h/h -nav/h s.4}
    mHasSurface=true mShownFrame=[0.0,0.0][320.0,290.0] isReadyForDisplay()=true
    mFrame=[0,0][320,290] last=[0,0][320,290]
    mSystemDecorRect=[0,0][320,290] last=[0,0][320,290]
    Frames: containing=[0,0][320,290] parent=[0,0][320,290]
    display=[0,0][320,290] overscan=[0,0][320,290]
    content=[0,0][320,260] visible=[0,0][320,260]
    decor=[0,0][320,290]
    Cur insets: overscan=[0,0][0,0] content=[0,0][0,30] visible=[0,0][0,30]
    Lst insets: overscan=[0,0][0,0] content=[0,0][0,30] visible=[0,0][0,30]
    WindowStateAnimator{adf22300 com.motorola.targetnotif/com.motorola.loop.ChargeActivity}:
    mAnimating=true mLocalAnimating=false mAnimationIsEntrance=false mAnimation=null
    XForm: has=true hasLocal=false {alpha=1.0 matrix=[1.0, 0.0, 0.0][0.0, 1.0, 0.0][0.0, 0.0, 1.0]}
    mSurface=Surface(name=com.motorola.targetnotif/com.motorola.loop.ChargeActivity)
    mDrawState=HAS_DRAWN mLastHidden=false
    Surface: shown=true layer=21005 alpha=1.0 rect=(0.0,0.0) 320.0 x 290.0
    mGlobalScale=1.0 mDsDx=1.0 mDtDx=0.0 mDsDy=0.0 mDtDy=1.0
    mExiting=true mRemoveOnExit=true mDestroying=false mRemoved=false
    mLastFreezeDuration=+20h47m42s43ms
10-08 06:56:02.698    1752-1778/? W/WindowManager﹕ Current app token list:
10-08 06:56:02.698    1752-1778/? V/WindowManager﹕ Stack #0 tasks from bottom to top:
10-08 06:56:02.698    1752-1778/? V/WindowManager﹕ Task #1 activities from bottom to top:
10-08 06:56:02.708    1752-1778/? V/WindowManager﹕ activity #0: Token{add7d050 ActivityRecord{ade3fb00 u0 com.google.android.wearable.app/com.google.android.clockwork.home.HomeActivity t1}}
10-08 06:56:02.708    1752-1778/? V/WindowManager﹕ Stack #31 tasks from bottom to top:
10-08 06:56:02.708    1752-1778/? V/WindowManager﹕ Task #26 activities from bottom to top:
10-08 06:56:02.708    1752-1778/? V/WindowManager﹕ activity #0: Token{adf3cca0 ActivityRecord{adec00a8 u0 org.dwallach.calwatch/.WearActivity t26}}
10-08 06:56:02.708    1752-1778/? W/WindowManager﹕ Final window list:
10-08 06:56:02.708    1752-1778/? V/WindowManager﹕ Display #0
10-08 06:56:02.708    1752-1778/? V/WindowManager﹕ #1: Window{ade56e20 u0 KeyguardScrim}
10-08 06:56:02.708    1752-1778/? V/WindowManager﹕ #0: Window{ade9d680 u0 com.google.android.wearable.app/com.google.android.clockwork.home.HomeActivity}
10-08 06:56:02.708    1752-1778/? V/WindowManager﹕ Display #31
10-08 06:56:02.708    1752-1778/? V/WindowManager﹕ #1: Window{adec5a68 u0 org.dwallach.calwatch/org.dwallach.calwatch.WearActivity}
10-08 06:56:02.708    1752-1778/? V/WindowManager﹕ #0: Window{adee36d8 u0 SurfaceView}
10-08 06:56:03.199    1752-1782/? I/PowerManagerService﹕ Going to sleep due to screen timeout...
10-08 06:56:03.199    1752-1782/? I/PowerManagerService﹕ Dozing...
10-08 06:56:03.219    1752-1775/? I/DreamController﹕ Starting dream: name=ComponentInfo{com.google.android.wearable.app/com.google.android.clockwork.home.AmbientMode}, isTest=false, canDoze=true, userId=0
10-08 06:56:03.239    1752-1752/? W/InputMethodManagerService﹕ Ignoring setImeWindowStatus of uid 1000 token: null
10-08 06:56:03.459    1752-1763/? I/ActivityManager﹕ START u0 {act=android.intent.action.MAIN cat=[android.intent.category.HOME] flg=0x10000000 cmp=com.google.android.wearable.app/com.google.android.clockwork.home.HomeActivity (has extras)} from pid 1868 on display 0
10-08 06:56:03.469    1752-1775/? I/DreamController﹕ Stopping dream: name=ComponentInfo{com.google.android.wearable.app/com.google.android.clockwork.home.AmbientMode}, isTest=false, canDoze=true, userId=0
10-08 06:56:03.479    1752-1782/? I/PowerManagerService﹕ Sleeping...
10-08 06:56:04.230    1752-1778/? I/DisplayManagerService﹕ Display device changed: DisplayDeviceInfo{"Built-in Screen": 320 x 290, 45.000004 fps, density 213, 90.31111 x 136.40741 dpi, touch INTERNAL, rotation 0, type BUILT_IN, state OFF, FLAG_DEFAULT_DISPLAY, FLAG_ROTATES_WITH_CONTENT, FLAG_SECURE, FLAG_SUPPORTS_PROTECTED_BUFFERS}
10-08 06:56:04.230    1752-1752/? V/ActivityManager﹕ Display changed displayId=0
10-08 06:56:22.359    1752-1769/? D/SensorHALGestureSensor﹕ Gesture event received! time = 1412769382364822592
10-08 06:56:22.359    1752-3165/? I/PowerManagerService﹕ Waking up from sleep...
10-08 06:56:22.359    1752-1776/? W/KeyguardServiceDelegate﹕ onScreenTurnedOn(): no keyguard service!
10-08 06:56:22.529    1752-1752/? V/ActivityManager﹕ Display changed displayId=0
10-08 06:56:22.539    1752-1778/? I/DisplayManagerService﹕ Display device changed: DisplayDeviceInfo{"Built-in Screen": 320 x 290, 45.000004 fps, density 213, 90.31111 x 136.40741 dpi, touch INTERNAL, rotation 0, type BUILT_IN, state ON, FLAG_DEFAULT_DISPLAY, FLAG_ROTATES_WITH_CONTENT, FLAG_SECURE, FLAG_SUPPORTS_PROTECTED_BUFFERS}
10-08 06:56:22.560    1752-1752/? W/InputMethodManagerService﹕ Ignoring setImeWindowStatus of uid 1000 token: null
10-08 06:56:22.560    1752-1752/? V/ActivityManager﹕ Display changed displayId=0
10-08 06:56:22.730    1752-1763/? D/SensorHAL﹕ adjustSensorHandle: handle = 9 adjustedHandle = 1
10-08 06:56:22.730    1752-1763/? D/SensorHAL﹕ adjustSensorHandle: handle = 9 adjustedHandle = 1
10-08 06:56:22.760    1752-1912/? D/SensorHAL﹕ adjustSensorHandle: handle = 9 adjustedHandle = 1
10-08 06:56:27.534    1752-2357/? I/PowerManagerService﹕ Going to sleep due to screen timeout...
10-08 06:56:27.534    1752-1782/? I/PowerManagerService﹕ Dozing...
10-08 06:56:27.544    1752-1775/? I/DreamController﹕ Starting dream: name=ComponentInfo{com.google.android.wearable.app/com.google.android.clockwork.home.AmbientMode}, isTest=false, canDoze=true, userId=0
10-08 06:56:27.634    1752-1762/? I/ActivityManager﹕ START u0 {act=android.intent.action.MAIN cat=[android.intent.category.HOME] flg=0x10000000 cmp=com.google.android.wearable.app/com.google.android.clockwork.home.HomeActivity (has extras)} from pid 1868 on display 0
10-08 06:56:27.634    1752-1775/? I/DreamController﹕ Stopping dream: name=ComponentInfo{com.google.android.wearable.app/com.google.android.clockwork.home.AmbientMode}, isTest=false, canDoze=true, userId=0
10-08 06:56:27.644    1752-1782/? I/PowerManagerService﹕ Sleeping...
10-08 06:56:28.515    1752-1778/? I/DisplayManagerService﹕ Display device changed: DisplayDeviceInfo{"Built-in Screen": 320 x 290, 45.000004 fps, density 213, 90.31111 x 136.40741 dpi, touch INTERNAL, rotation 0, type BUILT_IN, state OFF, FLAG_DEFAULT_DISPLAY, FLAG_ROTATES_WITH_CONTENT, FLAG_SECURE, FLAG_SUPPORTS_PROTECTED_BUFFERS}
10-08 06:56:28.515    1752-1752/? V/ActivityManager﹕ Display changed displayId=0
10-08 06:56:28.555    1752-1752/? W/InputMethodManagerService﹕ Ignoring setImeWindowStatus of uid 1000 token: null
10-08 06:56:43.597    1752-1785/? I/PowerManagerService﹕ Waking up from sleep...
10-08 06:56:43.597    1752-1776/? W/KeyguardServiceDelegate﹕ onScreenTurnedOn(): no keyguard service!
10-08 06:56:43.777    1752-1752/? W/InputMethodManagerService﹕ Ignoring setImeWindowStatus of uid 1000 token: null
10-08 06:56:43.797    1752-1778/? I/DisplayManagerService﹕ Display device changed: DisplayDeviceInfo{"Built-in Screen": 320 x 290, 45.000004 fps, density 213, 90.31111 x 136.40741 dpi, touch INTERNAL, rotation 0, type BUILT_IN, state ON, FLAG_DEFAULT_DISPLAY, FLAG_ROTATES_WITH_CONTENT, FLAG_SECURE, FLAG_SUPPORTS_PROTECTED_BUFFERS}
10-08 06:56:43.847    1752-1752/? V/ActivityManager﹕ Display changed displayId=0
10-08 06:56:43.968    1752-2702/? D/SensorHAL﹕ adjustSensorHandle: handle = 9 adjustedHandle = 1
10-08 06:56:43.968    1752-2702/? D/SensorHAL﹕ adjustSensorHandle: handle = 9 adjustedHandle = 1
10-08 06:56:43.998    1752-1897/? D/SensorHAL﹕ adjustSensorHandle: handle = 9 adjustedHandle = 1
10-08 06:56:48.592    1752-1782/? I/PowerManagerService﹕ Going to sleep due to screen timeout...
10-08 06:56:48.592    1752-1782/? I/PowerManagerService﹕ Dozing...
10-08 06:56:48.602    1752-1775/? I/DreamController﹕ Starting dream: name=ComponentInfo{com.google.android.wearable.app/com.google.android.clockwork.home.AmbientMode}, isTest=false, canDoze=true, userId=0
10-08 06:56:48.612    1752-1752/? W/InputMethodManagerService﹕ Ignoring setImeWindowStatus of uid 1000 token: null
10-08 06:56:48.852    1752-2357/? I/ActivityManager﹕ START u0 {act=android.intent.action.MAIN cat=[android.intent.category.HOME] flg=0x10000000 cmp=com.google.android.wearable.app/com.google.android.clockwork.home.HomeActivity (has extras)} from pid 1868 on display 0
10-08 06:56:48.852    1752-1752/? V/ActivityManager﹕ Display changed displayId=0
10-08 06:56:48.892    1752-1775/? I/DreamController﹕ Stopping dream: name=ComponentInfo{com.google.android.wearable.app/com.google.android.clockwork.home.AmbientMode}, isTest=false, canDoze=true, userId=0
10-08 06:56:48.902    1752-1782/? I/PowerManagerService﹕ Sleeping...
10-08 06:56:48.992    1752-1897/? I/ActivityManager﹕ Activity reported stop, but no longer stopping: ActivityRecord{ade3fb00 u0 com.google.android.wearable.app/com.google.android.clockwork.home.HomeActivity t1}
10-08 06:56:49.673    1752-1778/? I/DisplayManagerService﹕ Display device changed: DisplayDeviceInfo{"Built-in Screen": 320 x 290, 45.000004 fps, density 213, 90.31111 x 136.40741 dpi, touch INTERNAL, rotation 0, type BUILT_IN, state OFF, FLAG_DEFAULT_DISPLAY, FLAG_ROTATES_WITH_CONTENT, FLAG_SECURE, FLAG_SUPPORTS_PROTECTED_BUFFERS}
10-08 06:56:49.673    1752-1752/? V/ActivityManager﹕ Display changed displayId=0
10-08 06:57:11.765    1752-1795/? D/ConnectivityService﹕ ConnectivityChange for PROXY: CONNECTED/CONNECTED
10-08 06:57:11.795    1752-1795/? E/ConnectivityService﹕ Unexpected mtu value: android.net.ProxyDataTracker@ade14c20
