Crash around 10:12am

========
10-08 06:45:12.108    1752-1912/? E/WindowState﹕ getStack: Window{adff2700 u0 com.google.android.apps.wearable.settings/com.google.android.clockwork.settings.SettingsActivity EXITING} couldn't find taskId=30 Callers=com.android.server.wm.WindowState.getDisplayContent:721 com.android.server.wm.WindowStateAnimator.updateSurfaceWindowCrop:1119 com.android.server.wm.WindowStateAnimator.setSurfaceBoundariesLocked:1241 com.android.server.wm.WindowManagerService.performLayoutAndPlaceSurfacesLockedInner:9277
10-08 06:45:12.108    1752-1912/? E/WindowState﹕ getStack: Window{adff2700 u0 com.google.android.apps.wearable.settings/com.google.android.clockwork.settings.SettingsActivity EXITING} couldn't find taskId=30 Callers=com.android.server.wm.WindowState.getDisplayContent:721 com.android.server.wm.WindowState.isDefaultDisplay:1218 com.android.server.wm.WindowStateAnimator.updateSurfaceWindowCrop:1130 com.android.server.wm.WindowStateAnimator.setSurfaceBoundariesLocked:1241
10-08 06:45:12.118    1752-1912/? E/WindowState﹕ getStack: Window{adff2700 u0 com.google.android.apps.wearable.settings/com.google.android.clockwork.settings.SettingsActivity EXITING} couldn't find taskId=30 Callers=com.android.server.wm.WindowState.getDisplayContent:721 com.android.server.wm.WindowState.isDefaultDisplay:1223 com.android.server.wm.WindowStateAnimator.updateSurfaceWindowCrop:1130 com.android.server.wm.WindowStateAnimator.setSurfaceBoundariesLocked:1241
10-08 06:45:12.118    1752-1912/? E/WindowState﹕ getStack: Window{adff2700 u0 com.google.android.apps.wearable.settings/com.google.android.clockwork.settings.SettingsActivity EXITING} couldn't find taskId=30 Callers=com.android.server.wm.DisplayContent.setTouchExcludeRegion:237 com.android.server.wm.WindowManagerService.setFocusedStackFrame:3838 com.android.server.wm.WindowManagerService.performLayoutAndPlaceSurfacesLockedInner:9589 com.android.server.wm.WindowManagerService.performLayoutAndPlaceSurfacesLockedLoop:8325
10-08 06:45:12.118    1752-1778/? E/WindowState﹕ getStack: Window{adff2700 u0 com.google.android.apps.wearable.settings/com.google.android.clockwork.settings.SettingsActivity EXITING} couldn't find taskId=30 Callers=com.android.server.wm.WindowState.getDisplayContent:721 com.android.server.wm.WindowStateAnimator.stepAnimationLocked:263 com.android.server.wm.WindowAnimator.updateWindowsLocked:225 com.android.server.wm.WindowAnimator.animateLocked:508
10-08 06:45:12.118    1752-1778/? E/WindowState﹕ getStack: Window{adff2700 u0 com.google.android.apps.wearable.settings/com.google.android.clockwork.settings.SettingsActivity EXITING} couldn't find taskId=30 Callers=com.android.server.wm.WindowState.getDisplayContent:721 com.android.server.wm.WindowState.getDisplayId:726 com.android.server.wm.WindowStateAnimator.computeShownFrameLocked:912 com.android.server.wm.WindowStateAnimator.prepareSurfaceLocked:1258
10-08 06:45:12.128    1752-1778/? E/WindowState﹕ getStack: Window{adff2700 u0 com.google.android.apps.wearable.settings/com.google.android.clockwork.settings.SettingsActivity EXITING} couldn't find taskId=30 Callers=com.android.server.wm.WindowState.getDisplayContent:721 com.android.server.wm.WindowStateAnimator.updateSurfaceWindowCrop:1119 com.android.server.wm.WindowStateAnimator.setSurfaceBoundariesLocked:1241 com.android.server.wm.WindowStateAnimator.prepareSurfaceLocked:1260
10-08 06:45:12.128    1752-1778/? E/WindowState﹕ getStack: Window{adff2700 u0 com.google.android.apps.wearable.settings/com.google.android.clockwork.settings.SettingsActivity EXITING} couldn't find taskId=30 Callers=com.android.server.wm.WindowState.getDisplayContent:721 com.android.server.wm.WindowState.isDefaultDisplay:1218 com.android.server.wm.WindowStateAnimator.updateSurfaceWindowCrop:1130 com.android.server.wm.WindowStateAnimator.setSurfaceBoundariesLocked:1241
10-08 06:45:12.128    1752-1778/? E/WindowState﹕ getStack: Window{adff2700 u0 com.google.android.apps.wearable.settings/com.google.android.clockwork.settings.SettingsActivity EXITING} couldn't find taskId=30 Callers=com.android.server.wm.WindowState.getDisplayContent:721 com.android.server.wm.WindowState.isDefaultDisplay:1223 com.android.server.wm.WindowStateAnimator.updateSurfaceWindowCrop:1130 com.android.server.wm.WindowStateAnimator.setSurfaceBoundariesLocked:1241
10-08 06:45:12.138    1752-1763/? E/WindowState﹕ getStack: Window{adff2700 u0 com.google.android.apps.wearable.settings/com.google.android.clockwork.settings.SettingsActivity EXITING} couldn't find taskId=30 Callers=com.android.server.wm.WindowManagerService.performLayoutAndPlaceSurfacesLockedInner:9196 com.android.server.wm.WindowManagerService.performLayoutAndPlaceSurfacesLockedLoop:8325 com.android.server.wm.WindowManagerService.performLayoutAndPlaceSurfacesLocked:8267 com.android.server.wm.WindowManagerService.executeAppTransition:3980
10-08 06:45:12.138    1752-1763/? E/WindowState﹕ getStack: Window{adff2700 u0 com.google.android.apps.wearable.settings/com.google.android.clockwork.settings.SettingsActivity EXITING} couldn't find taskId=30 Callers=com.android.server.wm.WindowState.getDisplayContent:721 com.android.server.wm.WindowManagerService.handleNotObscuredLocked:8982 com.android.server.wm.WindowManagerService.performLayoutAndPlaceSurfacesLockedInner:9206 com.android.server.wm.WindowManagerService.performLayoutAndPlaceSurfacesLockedLoop:8325
10-08 06:45:12.148    1752-1763/? E/WindowState﹕ getStack: Window{adff2700 u0 com.google.android.apps.wearable.settings/com.google.android.clockwork.settings.SettingsActivity EXITING} couldn't find taskId=30 Callers=com.android.server.wm.WindowState.getDisplayContent:721 com.android.server.wm.WindowStateAnimator.updateSurfaceWindowCrop:1119 com.android.server.wm.WindowStateAnimator.setSurfaceBoundariesLocked:1241 com.android.server.wm.WindowManagerService.performLayoutAndPlaceSurfacesLockedInner:9277
10-08 06:45:12.148    1752-1763/? E/WindowState﹕ getStack: Window{adff2700 u0 com.google.android.apps.wearable.settings/com.google.android.clockwork.settings.SettingsActivity EXITING} couldn't find taskId=30 Callers=com.android.server.wm.WindowState.getDisplayContent:721 com.android.server.wm.WindowState.isDefaultDisplay:1218 com.android.server.wm.WindowStateAnimator.updateSurfaceWindowCrop:1130 com.android.server.wm.WindowStateAnimator.setSurfaceBoundariesLocked:1241
10-08 06:45:12.148    1752-1763/? E/WindowState﹕ getStack: Window{adff2700 u0 com.google.android.apps.wearable.settings/com.google.android.clockwork.settings.SettingsActivity EXITING} couldn't find taskId=30 Callers=com.android.server.wm.WindowState.getDisplayContent:721 com.android.server.wm.WindowState.isDefaultDisplay:1223 com.android.server.wm.WindowStateAnimator.updateSurfaceWindowCrop:1130 com.android.server.wm.WindowStateAnimator.setSurfaceBoundariesLocked:1241
10-08 06:45:12.168    1752-1763/? E/WindowState﹕ getStack: Window{adff2700 u0 com.google.android.apps.wearable.settings/com.google.android.clockwork.settings.SettingsActivity EXITING} couldn't find taskId=30 Callers=com.android.server.wm.DisplayContent.setTouchExcludeRegion:237 com.android.server.wm.WindowManagerService.setFocusedStackFrame:3838 com.android.server.wm.WindowManagerService.performLayoutAndPlaceSurfacesLockedInner:9589 com.android.server.wm.WindowManagerService.performLayoutAndPlaceSurfacesLockedLoop:8325
10-08 06:45:12.168    1752-1778/? E/WindowState﹕ getStack: Window{adff2700 u0 com.google.android.apps.wearable.settings/com.google.android.clockwork.settings.SettingsActivity EXITING} couldn't find taskId=30 Callers=com.android.server.wm.WindowState.getDisplayContent:721 com.android.server.wm.WindowStateAnimator.stepAnimationLocked:263 com.android.server.wm.WindowAnimator.updateWindowsLocked:225 com.android.server.wm.WindowAnimator.animateLocked:508
10-08 06:45:12.168    1752-1778/? E/WindowState﹕ getStack: Window{adff2700 u0 com.google.android.apps.wearable.settings/com.google.android.clockwork.settings.SettingsActivity EXITING} couldn't find taskId=30 Callers=com.android.server.wm.WindowState.getDisplayContent:721 com.android.server.wm.WindowState.getDisplayId:726 com.android.server.wm.WindowStateAnimator.computeShownFrameLocked:912 com.android.server.wm.WindowStateAnimator.prepareSurfaceLocked:1258
10-08 06:45:12.168    1752-1778/? E/WindowState﹕ getStack: Window{adff2700 u0 com.google.android.apps.wearable.settings/com.google.android.clockwork.settings.SettingsActivity EXITING} couldn't find taskId=30 Callers=com.android.server.wm.WindowState.getDisplayContent:721 com.android.server.wm.WindowStateAnimator.updateSurfaceWindowCrop:1119 com.android.server.wm.WindowStateAnimator.setSurfaceBoundariesLocked:1241 com.android.server.wm.WindowStateAnimator.prepareSurfaceLocked:1260
10-08 06:45:12.168    1752-1778/? E/WindowState﹕ getStack: Window{adff2700 u0 com.google.android.apps.wearable.settings/com.google.android.clockwork.settings.SettingsActivity EXITING} couldn't find taskId=30 Callers=com.android.server.wm.WindowState.getDisplayContent:721 com.android.server.wm.WindowState.isDefaultDisplay:1218 com.android.server.wm.WindowStateAnimator.updateSurfaceWindowCrop:1130 com.android.server.wm.WindowStateAnimator.setSurfaceBoundariesLocked:1241
10-08 06:45:12.168    1752-1778/? E/WindowState﹕ getStack: Window{adff2700 u0 com.google.android.apps.wearable.settings/com.google.android.clockwork.settings.SettingsActivity EXITING} couldn't find taskId=30 Callers=com.android.server.wm.WindowState.getDisplayContent:721 com.android.server.wm.WindowState.isDefaultDisplay:1223 com.android.server.wm.WindowStateAnimator.updateSurfaceWindowCrop:1130 com.android.server.wm.WindowStateAnimator.setSurfaceBoundariesLocked:1241
10-08 06:45:12.208    1752-1778/? E/WindowState﹕ getStack: Window{adff2700 u0 com.google.android.apps.wearable.settings/com.google.android.clockwork.settings.SettingsActivity EXITING} couldn't find taskId=30 Callers=com.android.server.wm.WindowManagerService.performLayoutAndPlaceSurfacesLockedInner:9196 com.android.server.wm.WindowManagerService.performLayoutAndPlaceSurfacesLockedLoop:8325 com.android.server.wm.WindowManagerService.performLayoutAndPlaceSurfacesLocked:8267 com.android.server.wm.WindowManagerService.access$400:158
10-08 06:45:12.208    1752-1778/? E/WindowState﹕ getStack: Window{adff2700 u0 com.google.android.apps.wearable.settings/com.google.android.clockwork.settings.SettingsActivity EXITING} couldn't find taskId=30 Callers=com.android.server.wm.WindowState.getDisplayContent:721 com.android.server.wm.WindowManagerService.handleNotObscuredLocked:8982 com.android.server.wm.WindowManagerService.performLayoutAndPlaceSurfacesLockedInner:9206 com.android.server.wm.WindowManagerService.performLayoutAndPlaceSurfacesLockedLoop:8325
10-08 06:45:12.208    1752-1778/? E/WindowState﹕ getStack: Window{adff2700 u0 com.google.android.apps.wearable.settings/com.google.android.clockwork.settings.SettingsActivity EXITING} couldn't find taskId=30 Callers=com.android.server.wm.WindowState.getDisplayContent:721 com.android.server.wm.WindowStateAnimator.updateSurfaceWindowCrop:1119 com.android.server.wm.WindowStateAnimator.setSurfaceBoundariesLocked:1241 com.android.server.wm.WindowManagerService.performLayoutAndPlaceSurfacesLockedInner:9277
10-08 06:45:12.218    1752-1778/? E/WindowState﹕ getStack: Window{adff2700 u0 com.google.android.apps.wearable.settings/com.google.android.clockwork.settings.SettingsActivity EXITING} couldn't find taskId=30 Callers=com.android.server.wm.WindowState.getDisplayContent:721 com.android.server.wm.WindowState.isDefaultDisplay:1218 com.android.server.wm.WindowStateAnimator.updateSurfaceWindowCrop:1130 com.android.server.wm.WindowStateAnimator.setSurfaceBoundariesLocked:1241
10-08 06:45:12.228    1752-1778/? E/WindowState﹕ getStack: Window{adff2700 u0 com.google.android.apps.wearable.settings/com.google.android.clockwork.settings.SettingsActivity EXITING} couldn't find taskId=30 Callers=com.android.server.wm.WindowState.getDisplayContent:721 com.android.server.wm.WindowState.isDefaultDisplay:1223 com.android.server.wm.WindowStateAnimator.updateSurfaceWindowCrop:1130 com.android.server.wm.WindowStateAnimator.setSurfaceBoundariesLocked:1241
10-08 06:45:12.228    1752-1778/? E/WindowState﹕ getStack: Window{adff2700 u0 com.google.android.apps.wearable.settings/com.google.android.clockwork.settings.SettingsActivity EXITING} couldn't find taskId=30 Callers=com.android.server.wm.DisplayContent.setTouchExcludeRegion:237 com.android.server.wm.WindowManagerService.setFocusedStackFrame:3838 com.android.server.wm.WindowManagerService.performLayoutAndPlaceSurfacesLockedInner:9589 com.android.server.wm.WindowManagerService.performLayoutAndPlaceSurfacesLockedLoop:8325
10-08 06:45:12.238    1752-1778/? E/WindowState﹕ getStack: Window{adff2700 u0 com.google.android.apps.wearable.settings/com.google.android.clockwork.settings.SettingsActivity EXITING} couldn't find taskId=30 Callers=com.android.server.wm.WindowState.getDisplayContent:721 com.android.server.wm.WindowStateAnimator.stepAnimationLocked:263 com.android.server.wm.WindowAnimator.updateWindowsLocked:225 com.android.server.wm.WindowAnimator.animateLocked:508
10-08 06:45:12.238    1752-1778/? E/WindowState﹕ getStack: Window{adff2700 u0 com.google.android.apps.wearable.settings/com.google.android.clockwork.settings.SettingsActivity EXITING} couldn't find taskId=30 Callers=com.android.server.wm.WindowState.getDisplayContent:721 com.android.server.wm.WindowState.getDisplayId:726 com.android.server.wm.WindowStateAnimator.computeShownFrameLocked:912 com.android.server.wm.WindowStateAnimator.prepareSurfaceLocked:1258
10-08 06:45:12.238    1752-1778/? E/WindowState﹕ getStack: Window{adff2700 u0 com.google.android.apps.wearable.settings/com.google.android.clockwork.settings.SettingsActivity EXITING} couldn't find taskId=30 Callers=com.android.server.wm.WindowState.getDisplayContent:721 com.android.server.wm.WindowStateAnimator.updateSurfaceWindowCrop:1119 com.android.server.wm.WindowStateAnimator.setSurfaceBoundariesLocked:1241 com.android.server.wm.WindowStateAnimator.prepareSurfaceLocked:1260
10-08 06:45:12.238    1752-1778/? E/WindowState﹕ getStack: Window{adff2700 u0 com.google.android.apps.wearable.settings/com.google.android.clockwork.settings.SettingsActivity EXITING} couldn't find taskId=30 Callers=com.android.server.wm.WindowState.getDisplayContent:721 com.android.server.wm.WindowState.isDefaultDisplay:1218 com.android.server.wm.WindowStateAnimator.updateSurfaceWindowCrop:1130 com.android.server.wm.WindowStateAnimator.setSurfaceBoundariesLocked:1241
10-08 06:45:12.248    1752-1778/? E/WindowState﹕ getStack: Window{adff2700 u0 com.google.android.apps.wearable.settings/com.google.android.clockwork.settings.SettingsActivity EXITING} couldn't find taskId=30 Callers=com.android.server.wm.WindowState.getDisplayContent:721 com.android.server.wm.WindowState.isDefaultDisplay:1223 com.android.server.wm.WindowStateAnimator.updateSurfaceWindowCrop:1130 com.android.server.wm.WindowStateAnimator.setSurfaceBoundariesLocked:1241
10-08 06:45:12.248    1752-1801/? E/WindowState﹕ getStack: Window{adff2700 u0 com.google.android.apps.wearable.settings/com.google.android.clockwork.settings.SettingsActivity EXITING} couldn't find taskId=30 Callers=com.android.server.wm.WindowManagerService.performLayoutAndPlaceSurfacesLockedInner:9196 com.android.server.wm.WindowManagerService.performLayoutAndPlaceSurfacesLockedLoop:8325 com.android.server.wm.WindowManagerService.performLayoutAndPlaceSurfacesLocked:8267 com.android.server.wm.WindowManagerService.relayoutWindow:3060
10-08 06:45:12.268    1752-1801/? E/WindowState﹕ getStack: Window{adff2700 u0 com.google.android.apps.wearable.settings/com.google.android.clockwork.settings.SettingsActivity EXITING} couldn't find taskId=30 Callers=com.android.server.wm.WindowState.getDisplayContent:721 com.android.server.wm.WindowManagerService.handleNotObscuredLocked:8982 com.android.server.wm.WindowManagerService.performLayoutAndPlaceSurfacesLockedInner:9206 com.android.server.wm.WindowManagerService.performLayoutAndPlaceSurfacesLockedLoop:8325
10-08 06:45:12.268    1752-1801/? E/WindowState﹕ getStack: Window{adff2700 u0 com.google.android.apps.wearable.settings/com.google.android.clockwork.settings.SettingsActivity EXITING} couldn't find taskId=30 Callers=com.android.server.wm.WindowState.getDisplayContent:721 com.android.server.wm.WindowStateAnimator.updateSurfaceWindowCrop:1119 com.android.server.wm.WindowStateAnimator.setSurfaceBoundariesLocked:1241 com.android.server.wm.WindowManagerService.performLayoutAndPlaceSurfacesLockedInner:9277
10-08 06:45:12.278    1752-1801/? E/WindowState﹕ getStack: Window{adff2700 u0 com.google.android.apps.wearable.settings/com.google.android.clockwork.settings.SettingsActivity EXITING} couldn't find taskId=30 Callers=com.android.server.wm.WindowState.getDisplayContent:721 com.android.server.wm.WindowState.isDefaultDisplay:1218 com.android.server.wm.WindowStateAnimator.updateSurfaceWindowCrop:1130 com.android.server.wm.WindowStateAnimator.setSurfaceBoundariesLocked:1241
10-08 06:45:12.278    1752-1801/? E/WindowState﹕ getStack: Window{adff2700 u0 com.google.android.apps.wearable.settings/com.google.android.clockwork.settings.SettingsActivity EXITING} couldn't find taskId=30 Callers=com.android.server.wm.WindowState.getDisplayContent:721 com.android.server.wm.WindowState.isDefaultDisplay:1223 com.android.server.wm.WindowStateAnimator.updateSurfaceWindowCrop:1130 com.android.server.wm.WindowStateAnimator.setSurfaceBoundariesLocked:1241
10-08 06:45:12.278    1752-1801/? E/WindowState﹕ getStack: Window{adff2700 u0 com.google.android.apps.wearable.settings/com.google.android.clockwork.settings.SettingsActivity EXITING} couldn't find taskId=30 Callers=com.android.server.wm.DisplayContent.setTouchExcludeRegion:237 com.android.server.wm.WindowManagerService.setFocusedStackFrame:3838 com.android.server.wm.WindowManagerService.performLayoutAndPlaceSurfacesLockedInner:9589 com.android.server.wm.WindowManagerService.performLayoutAndPlaceSurfacesLockedLoop:8325
10-08 06:45:12.278    1752-1778/? E/WindowState﹕ getStack: Window{adff2700 u0 com.google.android.apps.wearable.settings/com.google.android.clockwork.settings.SettingsActivity EXITING} couldn't find taskId=30 Callers=com.android.server.wm.WindowState.getDisplayContent:721 com.android.server.wm.WindowStateAnimator.stepAnimationLocked:263 com.android.server.wm.WindowAnimator.updateWindowsLocked:225 com.android.server.wm.WindowAnimator.animateLocked:508
10-08 06:45:12.278    1752-1778/? E/WindowState﹕ getStack: Window{adff2700 u0 com.google.android.apps.wearable.settings/com.google.android.clockwork.settings.SettingsActivity EXITING} couldn't find taskId=30 Callers=com.android.server.wm.WindowState.getDisplayContent:721 com.android.server.wm.WindowState.getDisplayId:726 com.android.server.wm.WindowStateAnimator.computeShownFrameLocked:912 com.android.server.wm.WindowStateAnimator.prepareSurfaceLocked:1258
10-08 06:45:12.278    1752-1778/? E/WindowState﹕ getStack: Window{adff2700 u0 com.google.android.apps.wearable.settings/com.google.android.clockwork.settings.SettingsActivity EXITING} couldn't find taskId=30 Callers=com.android.server.wm.WindowState.getDisplayContent:721 com.android.server.wm.WindowStateAnimator.updateSurfaceWindowCrop:1119 com.android.server.wm.WindowStateAnimator.setSurfaceBoundariesLocked:1241 com.android.server.wm.WindowStateAnimator.prepareSurfaceLocked:1260
10-08 06:45:12.278    1752-1778/? E/WindowState﹕ getStack: Window{adff2700 u0 com.google.android.apps.wearable.settings/com.google.android.clockwork.settings.SettingsActivity EXITING} couldn't find taskId=30 Callers=com.android.server.wm.WindowState.getDisplayContent:721 com.android.server.wm.WindowState.isDefaultDisplay:1218 com.android.server.wm.WindowStateAnimator.updateSurfaceWindowCrop:1130 com.android.server.wm.WindowStateAnimator.setSurfaceBoundariesLocked:1241
10-08 06:45:12.278    1752-1778/? E/WindowState﹕ getStack: Window{adff2700 u0 com.google.android.apps.wearable.settings/com.google.android.clockwork.settings.SettingsActivity EXITING} couldn't find taskId=30 Callers=com.android.server.wm.WindowState.getDisplayContent:721 com.android.server.wm.WindowState.isDefaultDisplay:1223 com.android.server.wm.WindowStateAnimator.updateSurfaceWindowCrop:1130 com.android.server.wm.WindowStateAnimator.setSurfaceBoundariesLocked:1241
10-08 06:45:12.308    1752-1778/? E/WindowState﹕ getStack: Window{adff2700 u0 com.google.android.apps.wearable.settings/com.google.android.clockwork.settings.SettingsActivity EXITING} couldn't find taskId=30 Callers=com.android.server.wm.WindowState.getDisplayContent:721 com.android.server.wm.WindowStateAnimator.stepAnimationLocked:263 com.android.server.wm.WindowAnimator.updateWindowsLocked:225 com.android.server.wm.WindowAnimator.animateLocked:508
10-08 06:45:12.438    1752-1778/? E/WindowState﹕ getStack: Window{adff2700 u0 com.google.android.apps.wearable.settings/com.google.android.clockwork.settings.SettingsActivity EXITING} couldn't find taskId=30 Callers=com.android.server.wm.WindowState.getDisplayContent:721 com.android.server.wm.WindowState.getDisplayId:726 com.android.server.wm.WindowStateAnimator.computeShownFrameLocked:912 com.android.server.wm.WindowStateAnimator.prepareSurfaceLocked:1258
10-08 06:45:12.438    1752-1778/? E/WindowState﹕ getStack: Window{adff2700 u0 com.google.android.apps.wearable.settings/com.google.android.clockwork.settings.SettingsActivity EXITING} couldn't find taskId=30 Callers=com.android.server.wm.WindowState.getDisplayContent:721 com.android.server.wm.WindowStateAnimator.updateSurfaceWindowCrop:1119 com.android.server.wm.WindowStateAnimator.setSurfaceBoundariesLocked:1241 com.android.server.wm.WindowStateAnimator.prepareSurfaceLocked:1260
10-08 06:45:12.438    1752-1778/? E/WindowState﹕ getStack: Window{adff2700 u0 com.google.android.apps.wearable.settings/com.google.android.clockwork.settings.SettingsActivity EXITING} couldn't find taskId=30 Callers=com.android.server.wm.WindowState.getDisplayContent:721 com.android.server.wm.WindowState.isDefaultDisplay:1218 com.android.server.wm.WindowStateAnimator.updateSurfaceWindowCrop:1130 com.android.server.wm.WindowStateAnimator.setSurfaceBoundariesLocked:1241
10-08 06:45:12.438    1752-1778/? E/WindowState﹕ getStack: Window{adff2700 u0 com.google.android.apps.wearable.settings/com.google.android.clockwork.settings.SettingsActivity EXITING} couldn't find taskId=30 Callers=com.android.server.wm.WindowState.getDisplayContent:721 com.android.server.wm.WindowState.isDefaultDisplay:1223 com.android.server.wm.WindowStateAnimator.updateSurfaceWindowCrop:1130 com.android.server.wm.WindowStateAnimator.setSurfaceBoundariesLocked:1241
10-08 06:45:12.448    1752-1778/? E/WindowState﹕ getStack: Window{adff2700 u0 com.google.android.apps.wearable.settings/com.google.android.clockwork.settings.SettingsActivity EXITING} couldn't find taskId=30 Callers=com.android.server.wm.WindowState.getDisplayContent:721 com.android.server.wm.WindowStateAnimator.stepAnimationLocked:263 com.android.server.wm.WindowAnimator.updateWindowsLocked:225 com.android.server.wm.WindowAnimator.animateLocked:508
10-08 06:45:12.458    1752-1778/? E/WindowState﹕ getStack: Window{adff2700 u0 com.google.android.apps.wearable.settings/com.google.android.clockwork.settings.SettingsActivity EXITING} couldn't find taskId=30 Callers=com.android.server.wm.WindowState.getDisplayContent:721 com.android.server.wm.WindowState.getDisplayId:726 com.android.server.wm.WindowStateAnimator.computeShownFrameLocked:912 com.android.server.wm.WindowStateAnimator.prepareSurfaceLocked:1258
10-08 06:45:12.458    1752-1778/? E/WindowState﹕ getStack: Window{adff2700 u0 com.google.android.apps.wearable.settings/com.google.android.clockwork.settings.SettingsActivity EXITING} couldn't find taskId=30 Callers=com.android.server.wm.WindowState.getDisplayContent:721 com.android.server.wm.WindowStateAnimator.updateSurfaceWindowCrop:1119 com.android.server.wm.WindowStateAnimator.setSurfaceBoundariesLocked:1241 com.android.server.wm.WindowStateAnimator.prepareSurfaceLocked:1260
10-08 06:45:12.458    1752-1778/? E/WindowState﹕ getStack: Window{adff2700 u0 com.google.android.apps.wearable.settings/com.google.android.clockwork.settings.SettingsActivity EXITING} couldn't find taskId=30 Callers=com.android.server.wm.WindowState.getDisplayContent:721 com.android.server.wm.WindowState.isDefaultDisplay:1218 com.android.server.wm.WindowStateAnimator.updateSurfaceWindowCrop:1130 com.android.server.wm.WindowStateAnimator.setSurfaceBoundariesLocked:1241
10-08 06:45:12.458    1752-1778/? E/WindowState﹕ getStack: Window{adff2700 u0 com.google.android.apps.wearable.settings/com.google.android.clockwork.settings.SettingsActivity EXITING} couldn't find taskId=30 Callers=com.android.server.wm.WindowState.getDisplayContent:721 com.android.server.wm.WindowState.isDefaultDisplay:1223 com.android.server.wm.WindowStateAnimator.updateSurfaceWindowCrop:1130 com.android.server.wm.WindowStateAnimator.setSurfaceBoundariesLocked:1241
10-08 06:45:12.478    1752-1778/? E/WindowState﹕ getStack: Window{adff2700 u0 com.google.android.apps.wearable.settings/com.google.android.clockwork.settings.SettingsActivity EXITING} couldn't find taskId=30 Callers=com.android.server.wm.WindowManagerService.performLayoutAndPlaceSurfacesLockedInner:9196 com.android.server.wm.WindowManagerService.performLayoutAndPlaceSurfacesLockedLoop:8325 com.android.server.wm.WindowManagerService.performLayoutAndPlaceSurfacesLocked:8267 com.android.server.wm.WindowManagerService.access$400:158
10-08 06:45:12.478    1752-1778/? E/WindowState﹕ getStack: Window{adff2700 u0 com.google.android.apps.wearable.settings/com.google.android.clockwork.settings.SettingsActivity EXITING} couldn't find taskId=30 Callers=com.android.server.wm.WindowState.getDisplayContent:721 com.android.server.wm.WindowManagerService.handleNotObscuredLocked:8982 com.android.server.wm.WindowManagerService.performLayoutAndPlaceSurfacesLockedInner:9206 com.android.server.wm.WindowManagerService.performLayoutAndPlaceSurfacesLockedLoop:8325
10-08 06:45:12.478    1752-1778/? E/WindowState﹕ getStack: Window{adff2700 u0 com.google.android.apps.wearable.settings/com.google.android.clockwork.settings.SettingsActivity EXITING} couldn't find taskId=30 Callers=com.android.server.wm.WindowState.getDisplayContent:721 com.android.server.wm.WindowStateAnimator.updateSurfaceWindowCrop:1119 com.android.server.wm.WindowStateAnimator.setSurfaceBoundariesLocked:1241 com.android.server.wm.WindowManagerService.performLayoutAndPlaceSurfacesLockedInner:9277
10-08 06:45:12.478    1752-1778/? E/WindowState﹕ getStack: Window{adff2700 u0 com.google.android.apps.wearable.settings/com.google.android.clockwork.settings.SettingsActivity EXITING} couldn't find taskId=30 Callers=com.android.server.wm.WindowState.getDisplayContent:721 com.android.server.wm.WindowState.isDefaultDisplay:1218 com.android.server.wm.WindowStateAnimator.updateSurfaceWindowCrop:1130 com.android.server.wm.WindowStateAnimator.setSurfaceBoundariesLocked:1241
10-08 06:45:12.478    1752-1778/? E/WindowState﹕ getStack: Window{adff2700 u0 com.google.android.apps.wearable.settings/com.google.android.clockwork.settings.SettingsActivity EXITING} couldn't find taskId=30 Callers=com.android.server.wm.WindowState.getDisplayContent:721 com.android.server.wm.WindowState.isDefaultDisplay:1223 com.android.server.wm.WindowStateAnimator.updateSurfaceWindowCrop:1130 com.android.server.wm.WindowStateAnimator.setSurfaceBoundariesLocked:1241
10-08 06:45:12.498    1752-1778/? W/WindowManager﹕ On display=0 Rebuild removed 2 windows but added 1
    java.lang.RuntimeException: here
            at com.android.server.wm.WindowManagerService.rebuildAppWindowListLocked(WindowManagerService.java:8172)
            at com.android.server.wm.WindowManagerService.rebuildAppWindowListLocked(WindowManagerService.java:8099)
            at com.android.server.wm.WindowManagerService.handleAppTransitionReadyLocked(WindowManagerService.java:8591)
            at com.android.server.wm.WindowManagerService.performLayoutAndPlaceSurfacesLockedInner(WindowManagerService.java:9367)
            at com.android.server.wm.WindowManagerService.performLayoutAndPlaceSurfacesLockedLoop(WindowManagerService.java:8325)
            at com.android.server.wm.WindowManagerService.performLayoutAndPlaceSurfacesLocked(WindowManagerService.java:8267)
            at com.android.server.wm.WindowManagerService.access$400(WindowManagerService.java:158)
            at com.android.server.wm.WindowManagerService$H.handleMessage(WindowManagerService.java:7272)
            at android.os.Handler.dispatchMessage(Handler.java:102)
            at android.os.Looper.loop(Looper.java:136)
            at android.os.HandlerThread.run(HandlerThread.java:61)
            at com.android.server.ServiceThread.run(ServiceThread.java:46)
10-08 06:45:12.508    1752-1778/? E/WindowState﹕ getStack: Window{adff2700 u0 com.google.android.apps.wearable.settings/com.google.android.clockwork.settings.SettingsActivity EXITING} couldn't find taskId=30 Callers=com.android.server.wm.WindowState.getDisplayContent:721 com.android.server.wm.WindowState.getDisplayId:726 com.android.server.wm.WindowState.dump:1388 com.android.server.wm.WindowManagerService.rebuildAppWindowListLocked:8180
10-08 06:45:12.518    1752-1778/? W/WindowManager﹕ This window was lost: Window{adff2700 u0 com.google.android.apps.wearable.settings/com.google.android.clockwork.settings.SettingsActivity EXITING}
10-08 06:45:12.518    1752-1778/? W/WindowManager﹕ mDisplayId=0 mSession=Session{adeb4de8 1965:1000} mClient=android.os.BinderProxy@adf36fe0
    mOwnerUid=1000 mShowToOwnerOnly=true package=com.google.android.apps.wearable.settings appop=NONE
    mAttrs=WM.LayoutParams{(229,0)(fillxfill) sim=#20 ty=1 fl=#3810300 pfl=0x8 wanim=0x10302fc alpha=0.6421875}
    Requested w=320 h=320 mLayoutSeq=4296
    mBaseLayer=21000 mSubLayer=0 mAnimLayer=21005+0=21005 mLastLayer=21005
    mToken=AppWindowToken{adfb64d0 token=Token{ae0172d0 ActivityRecord{adf51bb8 u0 com.google.android.apps.wearable.settings/com.google.android.clockwork.settings.SettingsActivity t30}}}
    mRootToken=AppWindowToken{adfb64d0 token=Token{ae0172d0 ActivityRecord{adf51bb8 u0 com.google.android.apps.wearable.settings/com.google.android.clockwork.settings.SettingsActivity t30}}}
    mAppToken=AppWindowToken{adfb64d0 token=Token{ae0172d0 ActivityRecord{adf51bb8 u0 com.google.android.apps.wearable.settings/com.google.android.clockwork.settings.SettingsActivity t30}}}
    mViewVisibility=0x0 mHaveFrame=true mObscured=false
    mSeq=0 mSystemUiVisibility=0x0
    mGivenContentInsets=[0,0][0,0] mGivenVisibleInsets=[0,0][0,0]
    mConfiguration={1.0 ?mcc?mnc en_US ldltr sw217dp w240dp h193dp 213dpi smll land watch finger -keyb/h/h -nav/h s.4}
    mHasSurface=true mShownFrame=[229.0,0.0][549.0,290.0] isReadyForDisplay()=true
    mFrame=[229,0][549,290] last=[229,0][549,290]
    mSystemDecorRect=[0,0][320,290] last=[0,0][320,290]
    Frames: containing=[0,0][320,290] parent=[0,0][320,290]
    display=[-10000,-10000][10000,10000] overscan=[-10000,-10000][10000,10000]
    content=[229,0][549,290] visible=[229,0][549,290]
    decor=[0,0][320,260]
    Cur insets: overscan=[0,0][0,0] content=[0,0][0,0] visible=[0,0][0,0]
    Lst insets: overscan=[0,0][0,0] content=[0,0][0,0] visible=[0,0][0,0]
    WindowStateAnimator{ae021858 com.google.android.apps.wearable.settings/com.google.android.clockwork.settings.SettingsActivity}:
    mAnimating=true mLocalAnimating=false mAnimationIsEntrance=false mAnimation=null
    XForm: has=true hasLocal=false {alpha=1.0 matrix=[1.0, 0.0, 0.0][0.0, 1.0, 0.0][0.0, 0.0, 1.0]}
    mSurface=Surface(name=com.google.android.apps.wearable.settings/com.google.android.clockwork.settings.SettingsActivity)
    mDrawState=HAS_DRAWN mLastHidden=false
    Surface: shown=true layer=21005 alpha=0.6421875 rect=(229.0,0.0) 320.0 x 290.0
    mShownAlpha=0.6421875 mAlpha=0.6421875 mLastAlpha=0.6421875
    mGlobalScale=1.0 mDsDx=1.0 mDtDx=0.0 mDsDy=0.0 mDtDy=1.0
    mExiting=true mRemoveOnExit=true mDestroying=false mRemoved=false
10-08 06:45:12.518    1752-1778/? W/WindowManager﹕ Current app token list:
10-08 06:45:12.518    1752-1778/? V/WindowManager﹕ Stack #0 tasks from bottom to top:
10-08 06:45:12.518    1752-1778/? V/WindowManager﹕ Task #1 activities from bottom to top:
10-08 06:45:12.518    1752-1778/? V/WindowManager﹕ activity #0: Token{add7d050 ActivityRecord{ade3fb00 u0 com.google.android.wearable.app/com.google.android.clockwork.home.HomeActivity t1}}
10-08 06:45:12.518    1752-1778/? V/WindowManager﹕ Stack #31 tasks from bottom to top:
10-08 06:45:12.518    1752-1778/? V/WindowManager﹕ Task #26 activities from bottom to top:
10-08 06:45:12.518    1752-1778/? V/WindowManager﹕ activity #0: Token{adf3cca0 ActivityRecord{adec00a8 u0 org.dwallach.calwatch/.WearActivity t26}}
10-08 06:45:12.518    1752-1778/? W/WindowManager﹕ Final window list:
10-08 06:45:12.518    1752-1778/? V/WindowManager﹕ Display #0
10-08 06:45:12.518    1752-1778/? V/WindowManager﹕ #1: Window{ade56e20 u0 KeyguardScrim}
10-08 06:45:12.518    1752-1778/? V/WindowManager﹕ #0: Window{ade9d680 u0 com.google.android.wearable.app/com.google.android.clockwork.home.HomeActivity}
10-08 06:45:12.518    1752-1778/? V/WindowManager﹕ Display #31
10-08 06:45:12.518    1752-1778/? V/WindowManager﹕ #1: Window{adec5a68 u0 org.dwallach.calwatch/org.dwallach.calwatch.WearActivity}
10-08 06:45:12.518    1752-1778/? V/WindowManager﹕ #0: Window{adee36d8 u0 SurfaceView}
10-08 06:45:16.732    1752-1752/? I/DockObserver﹕ Dock state changed from 0 to 1
10-08 06:45:16.852    1752-1752/? I/ActivityManager﹕ START u0 {act=android.intent.action.MAIN cat=[android.intent.category.DESK_DOCK] flg=0x10200000 cmp=com.motorola.targetnotif/com.motorola.loop.ChargeActivity} from pid 1752 on display 0
10-08 06:45:17.173    1752-1752/? I/EntropyMixer﹕ Writing entropy...
10-08 06:45:17.984    1752-1782/? W/WirelessChargerDetector﹕ Wireless charger detector is broken.  Only received 0 samples from the gravity sensor but we need at least 3 and we expect to see about 16 on average.
10-08 06:45:22.188    1752-1782/? I/PowerManagerService﹕ Nap time...
10-08 06:45:22.188    1752-1782/? I/PowerManagerService﹕ Going to sleep due to screen timeout...
10-08 06:45:22.188    1752-1782/? I/PowerManagerService﹕ Dozing...
10-08 06:45:22.208    1752-1775/? I/DreamController﹕ Starting dream: name=ComponentInfo{com.google.android.wearable.app/com.google.android.clockwork.home.AmbientMode}, isTest=false, canDoze=true, userId=0
10-08 06:45:22.238    1752-1778/? I/DisplayManagerService﹕ Display device changed: DisplayDeviceInfo{"ActivityViewVirtualDisplay": 320 x 320, 60.0 fps, density 213, 213.0 x 213.0 dpi, touch NONE, rotation 0, type VIRTUAL, state OFF, owner android (uid 1000), FLAG_OWN_CONTENT_ONLY}
10-08 06:45:22.258    1752-1752/? V/ActivityManager﹕ Display changed displayId=31
10-08 06:45:22.288    1752-1752/? W/InputMethodManagerService﹕ Ignoring setImeWindowStatus of uid 1000 token: null
10-08 06:45:22.468    1752-1912/? I/ActivityManager﹕ START u0 {act=android.intent.action.MAIN cat=[android.intent.category.DESK_DOCK] flg=0x10000000 cmp=com.motorola.targetnotif/com.motorola.loop.ChargeActivity (has extras)} from pid 1868 on display 0
10-08 06:45:22.558    1752-1778/? I/DisplayManagerService﹕ Display device changed: DisplayDeviceInfo{"Built-in Screen": 320 x 290, 45.000004 fps, density 213, 90.31111 x 136.40741 dpi, touch INTERNAL, rotation 0, type BUILT_IN, state DOZING, FLAG_DEFAULT_DISPLAY, FLAG_ROTATES_WITH_CONTENT, FLAG_SECURE, FLAG_SUPPORTS_PROTECTED_BUFFERS}
10-08 06:45:22.558    1752-1752/? V/ActivityManager﹕ Display changed displayId=0
10-08 06:46:00.328    1752-1801/? I/ActivityManager﹕ START u0 {act=android.intent.action.MAIN cat=[android.intent.category.DESK_DOCK] flg=0x10000000 cmp=com.motorola.targetnotif/com.motorola.loop.ChargeActivity (has extras)} from pid 1868 on display 0
10-08 06:46:00.338    1752-1752/? V/ActivityManager﹕ Display changed displayId=0
10-08 06:46:00.669    1752-2357/? I/ActivityManager﹕ START u0 {act=android.intent.action.MAIN cat=[android.intent.category.DESK_DOCK] flg=0x10000000 cmp=com.motorola.targetnotif/com.motorola.loop.ChargeActivity (has extras)} from pid 1868 on display 0
10-08 06:46:37.682    1752-1795/? D/ConnectivityService﹕ ConnectivityChange for PROXY: DISCONNECTED/DISCONNECTED
10-08 06:46:37.682    1752-1795/? D/ConnectivityService﹕ tryFailover: set mActiveDefaultNetwork=-1, prevNetType=16
10-08 06:46:37.682    1752-1795/? D/ConnectivityService﹕ Attempting to switch to BLUETOOTH_TETHER
10-08 06:46:37.682    1752-1795/? D/ConnectivityService﹕ resetConnections(ifb0, 3)
10-08 06:46:37.682    1752-1795/? D/Nat464Xlat﹕ requiresClat: netType=16, hasIPv4Address=false
10-08 06:46:53.722    1752-1771/? E/ActivityThread﹕ Failed to find provider info for telephony
10-08 06:47:03.402    1752-1897/? I/ActivityManager﹕ START u0 {act=android.intent.action.MAIN cat=[android.intent.category.DESK_DOCK] flg=0x10000000 cmp=com.motorola.targetnotif/com.motorola.loop.ChargeActivity (has extras)} from pid 1868 on display 0
10-08 06:48:00.113    1752-1912/? I/ActivityManager﹕ START u0 {act=android.intent.action.MAIN cat=[android.intent.category.DESK_DOCK] flg=0x10000000 cmp=com.motorola.targetnotif/com.motorola.loop.ChargeActivity (has extras)} from pid 1868 on display 0
10-08 06:49:00.103    1752-2357/? I/ActivityManager﹕ START u0 {act=android.intent.action.MAIN cat=[android.intent.category.DESK_DOCK] flg=0x10000000 cmp=com.motorola.targetnotif/com.motorola.loop.ChargeActivity (has extras)} from pid 1868 on display 0
10-08 06:50:00.113    1752-1801/? I/ActivityManager﹕ START u0 {act=android.intent.action.MAIN cat=[android.intent.category.DESK_DOCK] flg=0x10000000 cmp=com.motorola.targetnotif/com.motorola.loop.ChargeActivity (has extras)} from pid 1868 on display 0
10-08 06:50:00.644    1752-1772/? W/ActivityManager﹕ Activity pause timeout for ActivityRecord{addb4750 u0 com.motorola.targetnotif/com.motorola.loop.ChargeActivity t31}
10-08 06:51:03.432    1752-1897/? I/ActivityManager﹕ START u0 {act=android.intent.action.MAIN cat=[android.intent.category.DESK_DOCK] flg=0x10000000 cmp=com.motorola.targetnotif/com.motorola.loop.ChargeActivity (has extras)} from pid 1868 on display 0
10-08 06:52:00.093    1752-1795/? D/ConnectivityService﹕ Sampling interval elapsed, updating statistics ..
10-08 06:52:00.103    1752-1795/? D/ConnectivityService﹕ Done.
10-08 06:52:00.103    1752-1795/? D/ConnectivityService﹕ Setting timer for 720seconds
10-08 06:52:00.134    1752-1801/? I/ActivityManager﹕ Delay finish: com.google.android.gms/.checkin.EventLogService$Receiver
10-08 06:52:00.294    1752-1897/? I/ActivityManager﹕ Resuming delayed broadcast
10-08 06:52:00.304    1752-1762/? I/ActivityManager﹕ START u0 {act=android.intent.action.MAIN cat=[android.intent.category.DESK_DOCK] flg=0x10000000 cmp=com.motorola.targetnotif/com.motorola.loop.ChargeActivity (has extras)} from pid 1868 on display 0
10-08 06:53:00.103    1752-1762/? I/ActivityManager﹕ START u0 {act=android.intent.action.MAIN cat=[android.intent.category.DESK_DOCK] flg=0x10000000 cmp=com.motorola.targetnotif/com.motorola.loop.ChargeActivity (has extras)} from pid 1868 on display 0
10-08 06:53:00.634    1752-1772/? W/ActivityManager﹕ Activity pause timeout for ActivityRecord{addb4750 u0 com.motorola.targetnotif/com.motorola.loop.ChargeActivity t31}
10-08 06:54:00.314    1752-2357/? I/ActivityManager﹕ START u0 {act=android.intent.action.MAIN cat=[android.intent.category.DESK_DOCK] flg=0x10000000 cmp=com.motorola.targetnotif/com.motorola.loop.ChargeActivity (has extras)} from pid 1868 on display 0
10-08 06:55:00.107    1752-1801/? I/ActivityManager﹕ START u0 {act=android.intent.action.MAIN cat=[android.intent.category.DESK_DOCK] flg=0x10000000 cmp=com.motorola.targetnotif/com.motorola.loop.ChargeActivity (has extras)} from pid 1868 on display 0
10-08 06:55:00.638    1752-1772/? W/ActivityManager﹕ Activity pause timeout for ActivityRecord{addb4750 u0 com.motorola.targetnotif/com.motorola.loop.ChargeActivity t31}
10-08 06:55:57.964    1752-1802/? I/PowerManagerService﹕ Waking up from dozing...
10-08 06:55:57.964    1752-1776/? W/KeyguardServiceDelegate﹕ onScreenTurnedOn(): no keyguard service!
10-08 06:55:57.994    1752-1775/? I/DreamController﹕ Stopping dream: name=ComponentInfo{com.google.android.wearable.app/com.google.android.clockwork.home.AmbientMode}, isTest=false, canDoze=true, userId=0
10-08 06:55:58.004    1752-1778/? I/DisplayManagerService﹕ Display device changed: DisplayDeviceInfo{"Built-in Screen": 320 x 290, 45.000004 fps, density 213, 90.31111 x 136.40741 dpi, touch INTERNAL, rotation 0, type BUILT_IN, state ON, FLAG_DEFAULT_DISPLAY, FLAG_ROTATES_WITH_CONTENT, FLAG_SECURE, FLAG_SUPPORTS_PROTECTED_BUFFERS}
10-08 06:55:58.024    1752-1752/? V/ActivityManager﹕ Display changed displayId=0
10-08 06:55:58.034    1752-1752/? W/InputMethodManagerService﹕ Ignoring setImeWindowStatus of uid 1000 token: null
10-08 06:55:58.044    1752-1752/? I/DockObserver﹕ Dock state changed from 1 to 0
10-08 06:55:58.084    1752-1752/? V/ActivityManager﹕ Display changed displayId=0
10-08 06:55:58.504    1752-1778/? W/WindowManager﹕ Timeout waiting for drawn: undrawn=[Window{adfdd148 u0 dream}, Window{adf3f928 u0 com.motorola.targetnotif/com.motorola.loop.ChargeActivity}]
10-08 06:55:59.996    1752-1778/? W/WindowManager﹕ Window freeze timeout expired.
10-08 06:56:00.006    1752-1778/? W/WindowManager﹕ Force clearing orientation change: Window{adfdd148 u0 dream EXITING}
10-08 06:56:00.006    1752-1778/? W/WindowManager﹕ Force clearing orientation change: Window{adf3f928 u0 com.motorola.targetnotif/com.motorola.loop.ChargeActivity}
10-08 06:56:00.156    1752-2702/? D/SensorHAL﹕ adjustSensorHandle: handle = 9 adjustedHandle = 1
10-08 06:56:00.156    1752-2702/? D/SensorHAL﹕ adjustSensorHandle: handle = 9 adjustedHandle = 1
10-08 06:56:00.176    1752-1762/? D/SensorHAL﹕ adjustSensorHandle: handle = 9 adjustedHandle = 1
10-08 06:56:01.247    1752-1778/? I/DisplayManagerService﹕ Display device changed: DisplayDeviceInfo{"ActivityViewVirtualDisplay": 320 x 320, 60.0 fps, density 213, 213.0 x 213.0 dpi, touch NONE, rotation 0, type VIRTUAL, state ON, owner android (uid 1000), FLAG_OWN_CONTENT_ONLY}
10-08 06:56:01.257    1752-1752/? V/ActivityManager﹕ Display changed displayId=31
10-08 06:56:01.337    1752-2702/? E/WindowState﹕ getStack: Window{adf3f928 u0 com.motorola.targetnotif/com.motorola.loop.ChargeActivity EXITING} couldn't find taskId=31 Callers=com.android.server.wm.WindowManagerService.performLayoutAndPlaceSurfacesLockedInner:9196 com.android.server.wm.WindowManagerService.performLayoutAndPlaceSurfacesLockedLoop:8325 com.android.server.wm.WindowManagerService.performLayoutAndPlaceSurfacesLocked:8267 com.android.server.wm.WindowManagerService.executeAppTransition:3980
10-08 06:56:01.337    1752-2702/? E/WindowState﹕ getStack: Window{adf3f928 u0 com.motorola.targetnotif/com.motorola.loop.ChargeActivity EXITING} couldn't find taskId=31 Callers=com.android.server.wm.WindowState.getDisplayContent:721 com.android.server.wm.WindowManagerService.handleNotObscuredLocked:8982 com.android.server.wm.WindowManagerService.performLayoutAndPlaceSurfacesLockedInner:9206 com.android.server.wm.WindowManagerService.performLayoutAndPlaceSurfacesLockedLoop:8325
10-08 06:56:01.347    1752-2702/? E/WindowState﹕ getStack: Window{adf3f928 u0 com.motorola.targetnotif/com.motorola.loop.ChargeActivity EXITING} couldn't find taskId=31 Callers=com.android.server.wm.WindowState.getDisplayContent:721 com.android.server.wm.WindowStateAnimator.updateSurfaceWindowCrop:1119 com.android.server.wm.WindowStateAnimator.setSurfaceBoundariesLocked:1241 com.android.server.wm.WindowManagerService.performLayoutAndPlaceSurfacesLockedInner:9277
10-08 06:56:01.347    1752-2702/? E/WindowState﹕ getStack: Window{adf3f928 u0 com.motorola.targetnotif/com.motorola.loop.ChargeActivity EXITING} couldn't find taskId=31 Callers=com.android.server.wm.WindowState.getDisplayContent:721 com.android.server.wm.WindowState.isDefaultDisplay:1218 com.android.server.wm.WindowStateAnimator.updateSurfaceWindowCrop:1130 com.android.server.wm.WindowStateAnimator.setSurfaceBoundariesLocked:1241
10-08 06:56:01.347    1752-2702/? E/WindowState﹕ getStack: Window{adf3f928 u0 com.motorola.targetnotif/com.motorola.loop.ChargeActivity EXITING} couldn't find taskId=31 Callers=com.android.server.wm.WindowState.getDisplayContent:721 com.android.server.wm.WindowState.isDefaultDisplay:1223 com.android.server.wm.WindowStateAnimator.updateSurfaceWindowCrop:1130 com.android.server.wm.WindowStateAnimator.setSurfaceBoundariesLocked:1241
10-08 06:56:01.347    1752-2702/? E/WindowState﹕ getStack: Window{adf3f928 u0 com.motorola.targetnotif/com.motorola.loop.ChargeActivity EXITING} couldn't find taskId=31 Callers=com.android.server.wm.DisplayContent.setTouchExcludeRegion:237 com.android.server.wm.WindowManagerService.setFocusedStackFrame:3838 com.android.server.wm.WindowManagerService.performLayoutAndPlaceSurfacesLockedInner:9589 com.android.server.wm.WindowManagerService.performLayoutAndPlaceSurfacesLockedLoop:8325
10-08 06:56:01.347    1752-2702/? E/WindowState﹕ getStack: Window{adf3f928 u0 com.motorola.targetnotif/com.motorola.loop.ChargeActivity EXITING} couldn't find taskId=31 Callers=com.android.server.wm.WindowManagerService.performLayoutAndPlaceSurfacesLockedInner:9196 com.android.server.wm.WindowManagerService.performLayoutAndPlaceSurfacesLockedLoop:8325 com.android.server.wm.WindowManagerService.performLayoutAndPlaceSurfacesLocked:8267 com.android.server.wm.WindowManagerService.executeAppTransition:3980
10-08 06:56:01.347    1752-2702/? E/WindowState﹕ getStack: Window{adf3f928 u0 com.motorola.targetnotif/com.motorola.loop.ChargeActivity EXITING} couldn't find taskId=31 Callers=com.android.server.wm.WindowState.getDisplayContent:721 com.android.server.wm.WindowManagerService.handleNotObscuredLocked:8982 com.android.server.wm.WindowManagerService.performLayoutAndPlaceSurfacesLockedInner:9206 com.android.server.wm.WindowManagerService.performLayoutAndPlaceSurfacesLockedLoop:8325
10-08 06:56:01.347    1752-2702/? E/WindowState﹕ getStack: Window{adf3f928 u0 com.motorola.targetnotif/com.motorola.loop.ChargeActivity EXITING} couldn't find taskId=31 Callers=com.android.server.wm.WindowState.getDisplayContent:721 com.android.server.wm.WindowStateAnimator.updateSurfaceWindowCrop:1119 com.android.server.wm.WindowStateAnimator.setSurfaceBoundariesLocked:1241 com.android.server.wm.WindowManagerService.performLayoutAndPlaceSurfacesLockedInner:9277
10-08 06:56:01.357    1752-2702/? E/WindowState﹕ getStack: Window{adf3f928 u0 com.motorola.targetnotif/com.motorola.loop.ChargeActivity EXITING} couldn't find taskId=31 Callers=com.android.server.wm.WindowState.getDisplayContent:721 com.android.server.wm.WindowState.isDefaultDisplay:1218 com.android.server.wm.WindowStateAnimator.updateSurfaceWindowCrop:1130 com.android.server.wm.WindowStateAnimator.setSurfaceBoundariesLocked:1241
10-08 06:56:01.357    1752-2702/? E/WindowState﹕ getStack: Window{adf3f928 u0 com.motorola.targetnotif/com.motorola.loop.ChargeActivity EXITING} couldn't find taskId=31 Callers=com.android.server.wm.WindowState.getDisplayContent:721 com.android.server.wm.WindowState.isDefaultDisplay:1223 com.android.server.wm.WindowStateAnimator.updateSurfaceWindowCrop:1130 com.android.server.wm.WindowStateAnimator.setSurfaceBoundariesLocked:1241
10-08 06:56:01.357    1752-2702/? E/WindowState﹕ getStack: Window{adf3f928 u0 com.motorola.targetnotif/com.motorola.loop.ChargeActivity EXITING} couldn't find taskId=31 Callers=com.android.server.wm.DisplayContent.setTouchExcludeRegion:237 com.android.server.wm.WindowManagerService.setFocusedStackFrame:3838 com.android.server.wm.WindowManagerService.performLayoutAndPlaceSurfacesLockedInner:9589 com.android.server.wm.WindowManagerService.performLayoutAndPlaceSurfacesLockedLoop:8325
10-08 06:56:02.248    1752-1778/? E/WindowState﹕ getStack: Window{adf3f928 u0 com.motorola.targetnotif/com.motorola.loop.ChargeActivity EXITING} couldn't find taskId=31 Callers=com.android.server.wm.WindowState.getDisplayContent:721 com.android.server.wm.WindowStateAnimator.stepAnimationLocked:263 com.android.server.wm.WindowAnimator.updateWindowsLocked:225 com.android.server.wm.WindowAnimator.animateLocked:508
10-08 06:56:02.248    1752-1778/? E/WindowState﹕ getStack: Window{adf3f928 u0 com.motorola.targetnotif/com.motorola.loop.ChargeActivity EXITING} couldn't find taskId=31 Callers=com.android.server.wm.WindowState.getDisplayContent:721 com.android.server.wm.WindowState.getDisplayId:726 com.android.server.wm.WindowStateAnimator.computeShownFrameLocked:912 com.android.server.wm.WindowStateAnimator.prepareSurfaceLocked:1258
10-08 06:56:02.248    1752-1778/? E/WindowState﹕ getStack: Window{adf3f928 u0 com.motorola.targetnotif/com.motorola.loop.ChargeActivity EXITING} couldn't find taskId=31 Callers=com.android.server.wm.WindowState.getDisplayContent:721 com.android.server.wm.WindowStateAnimator.updateSurfaceWindowCrop:1119 com.android.server.wm.WindowStateAnimator.setSurfaceBoundariesLocked:1241 com.android.server.wm.WindowStateAnimator.prepareSurfaceLocked:1260
10-08 06:56:02.248    1752-1778/? E/WindowState﹕ getStack: Window{adf3f928 u0 com.motorola.targetnotif/com.motorola.loop.ChargeActivity EXITING} couldn't find taskId=31 Callers=com.android.server.wm.WindowState.getDisplayContent:721 com.android.server.wm.WindowState.isDefaultDisplay:1218 com.android.server.wm.WindowStateAnimator.updateSurfaceWindowCrop:1130 com.android.server.wm.WindowStateAnimator.setSurfaceBoundariesLocked:1241
