10-08 10:02:00.607    6585-6585/? D/ADSPD﹕ Client cmd=0x4003, size=2
10-08 10:02:00.607    1415-6588/? D/mot_vr_audio_hw﹕ received recognition control callback, status 0
10-08 10:02:00.637    4603-4603/? V/WearActivity﹕ Stop!
10-08 10:02:00.667    1752-1912/? I/ActivityManager﹕ START u0 {act=android.intent.action.MAIN cat=[android.intent.category.HOME] flg=0x10000000 cmp=com.google.android.wearable.app/com.google.android.clockwork.home.HomeActivity (has extras)} from pid 1868 on display 0
10-08 10:02:00.667    1752-1775/? I/DreamController﹕ Stopping dream: name=ComponentInfo{com.google.android.wearable.app/com.google.android.clockwork.home.AmbientMode}, isTest=false, canDoze=true, userId=0
10-08 10:02:00.677    1752-1782/? I/PowerManagerService﹕ Sleeping...
10-08 10:02:00.938    1868-1868/? I/AmbientMode﹕ Ambient mode started: canDoze=true, dozeHardware=null
10-08 10:02:00.938    1415-2801/? D/mot_vr_audio_hw﹕ dsp_recognizer_enabled = true
10-08 10:02:00.938    6585-6585/? D/ADSPD﹕ Client cmd=0x0003, size=4
10-08 10:02:00.948    1415-1415/? D/mot_vr_audio_hw﹕ open_input_stream(): devices = 0x80000004, rate = 8000, channels = 0x10
10-08 10:02:00.948    1415-1415/? D/mot_vr_audio_hw﹕ Created resampler for 16000->8000 Hz
10-08 10:02:00.958    6585-6585/? D/ADSPD﹕ Received from DSP: cmd=0x8003, size=2
10-08 10:02:00.958    6585-6585/? D/ADSPD﹕ Client cmd=0x4003, size=2
10-08 10:02:00.958    1415-6588/? D/mot_vr_audio_hw﹕ received recognition control callback, status 0
10-08 10:02:00.958    1415-6589/? D/mot_vr_audio_hw﹕ in_read waiting for hotword
10-08 10:02:00.968    1415-2025/? D/mot_vr_audio_hw﹕ dsp_recognizer_enabled = false
10-08 10:02:00.968    6585-6585/? D/ADSPD﹕ Client cmd=0x0003, size=4
10-08 10:02:00.968    1415-6589/? D/mot_vr_audio_hw﹕ Switching DSP to standby/passthrough mode
10-08 10:02:00.968    1415-6589/? D/mot_vr_audio_hw﹕ Input 0xb7903328 ready to read
10-08 10:02:00.978    6585-6585/? D/ADSPD﹕ Received from DSP: cmd=0x8003, size=2
10-08 10:02:00.978    6585-6585/? D/ADSPD﹕ Client cmd=0x0003, size=4
10-08 10:02:00.978    1415-6588/? D/mot_vr_audio_hw﹕ received recognition control callback, status 0
10-08 10:02:00.988    6585-6585/? D/ADSPD﹕ Received from DSP: cmd=0x8003, size=2
10-08 10:02:00.998    1415-6588/? D/mot_vr_audio_hw﹕ received recognition control callback, status 0
10-08 10:02:01.028    1415-6589/? W/mot_vr_audio_hw﹕ Discarded 10 buffers without finding audio data
10-08 10:02:01.038    6585-6585/? D/ADSPD﹕ Client cmd=0x0003, size=4
10-08 10:02:01.038    1415-6589/? D/mot_vr_audio_hw﹕ Re-arming DSP
10-08 10:02:01.038    1415-6589/? D/mot_vr_audio_hw﹕ Input 0xb7903328 standby complete
10-08 10:02:01.048    6585-6585/? D/ADSPD﹕ Received from DSP: cmd=0x8003, size=2
10-08 10:02:01.048    1415-6588/? D/mot_vr_audio_hw﹕ received recognition control callback, status 0
10-08 10:02:01.058    6585-6585/? D/ADSPD﹕ Client cmd=0x4003, size=2
10-08 10:02:01.058    1415-1525/? D/mot_vr_audio_hw﹕ Input 0xb7903328 close complete
10-08 10:02:01.068    1868-1868/? I/AmbientMode﹕ Dream ended: isDozing=true
10-08 10:02:01.208    1752-1778/? I/DisplayManagerService﹕ Display device changed: DisplayDeviceInfo{"ActivityViewVirtualDisplay": 320 x 320, 60.0 fps, density 213, 213.0 x 213.0 dpi, touch NONE, rotation 0, type VIRTUAL, state ON, owner android (uid 1000), FLAG_OWN_CONTENT_ONLY}
10-08 10:02:01.208    1752-1752/? V/ActivityManager﹕ Display changed displayId=31
10-08 10:02:01.218    4603-4603/? V/WearActivity﹕ display changed: 31, new state: 2
10-08 10:02:01.218    4603-4603/? I/ClockFace﹕ Ambient mode: false
10-08 10:02:01.218    4603-4603/? V/ClockFace﹕ clearing caches
10-08 10:02:01.218    4603-4603/? E/MyViewAnim﹕ no surface holder, can't draw anything
10-08 10:02:01.218    4603-4603/? V/ClockFace﹕ clearing caches
10-08 10:02:01.218    4603-4603/? V/MyViewAnim﹕ new animator starting
10-08 10:02:01.218    4603-4603/? V/MyViewAnim﹕ Time listener is up!
10-08 10:02:01.218    4603-4603/? V/MyViewAnim﹕ starting draw thread from scratch
10-08 10:02:01.218    4603-4603/? V/WearActivity﹕ onDisplayChanged: on!
10-08 10:02:01.228    4603-6591/? V/ClockFace﹕ rendering new face, faceMode(0)
10-08 10:02:01.248    4603-6591/? V/ClockFace﹕ fetching new battery status (15672)
10-08 10:02:01.248    4603-6591/? V/ClockFace﹕ battery at 0.8
10-08 10:02:01.548    1752-1805/? D/LightsService﹕ Excessive delay setting light: 178ms
10-08 10:02:01.548    1413-1413/? D/SurfaceFlinger﹕ Screen released, type=0 flinger=0xb8082448
10-08 10:02:01.688    1413-1413/? D/hwcomposer﹕ hwc_blank(0: 1)
10-08 10:02:01.688    1752-1805/? D/SurfaceControl﹕ Excessive delay in blankDisplay() while turning screen off: 137ms
10-08 10:02:01.718    1752-1778/? I/DisplayManagerService﹕ Display device changed: DisplayDeviceInfo{"Built-in Screen": 320 x 290, 45.000004 fps, density 213, 90.31111 x 136.40741 dpi, touch INTERNAL, rotation 0, type BUILT_IN, state OFF, FLAG_DEFAULT_DISPLAY, FLAG_ROTATES_WITH_CONTENT, FLAG_SECURE, FLAG_SUPPORTS_PROTECTED_BUFFERS}
10-08 10:02:01.718    1752-1752/? V/ActivityManager﹕ Display changed displayId=0
10-08 10:02:01.728    4603-4603/? V/WearActivity﹕ display changed: 0, new state: 1
10-08 10:02:01.728    4603-4603/? I/TimeWrapper﹕ FPS: 12.586135, samples: 6
10-08 10:02:01.728    4603-4603/? I/TimeWrapper﹕ Min/Avg/Max frame render speed (ms): 7.293702 / 13.183594 / 32.409668
10-08 10:02:01.728    4603-4603/? I/TimeWrapper﹕ Waketime: 16.59305%
10-08 10:02:01.728    4603-4603/? I/ClockFace﹕ Ambient mode: true
10-08 10:02:01.728    4603-4603/? V/ClockFace﹕ clearing caches
10-08 10:02:01.728    4603-4603/? V/MyViewAnim﹕ stopping animation!
10-08 10:02:01.728    4603-4603/? V/WearActivity﹕ onDisplayChanged: off!
10-08 10:02:01.738    1752-1782/? D/MinnowPowerHAL﹕ power_set_interactive: 0
10-08 10:02:01.738    1752-1782/? D/MinnowPowerHAL﹕ sysfs_write: /sys/devices/platform/omapdss/display0/interactivemode 0
10-08 10:02:01.738    1752-1782/? D/MinnowPowerHAL﹕ sysfs_write: /sys/devices/ocp.2/i2c.6/i2c-0/0-004a/interactivemode 0
10-08 10:02:01.738    4603-6591/? V/ClockFace﹕ rendering new face, faceMode(0)
10-08 10:02:01.738    1752-1782/? D/mot_vr_audio_hw﹕ dsp_set_pm_state = off
10-08 10:02:01.738    6585-6585/? D/ADSPD﹕ Client cmd=0x4002, size=2
10-08 10:02:01.738    6585-6585/? D/ADSPD﹕ DSP_CMD_DAEMON_SET_PM_STATE : 0
10-08 10:02:01.748    4603-6591/? V/MyViewAnim﹕ looper finished!
10-08 10:02:03.100    2069-2104/? W/bt-btif﹕ dm_pm_timer expires
10-08 10:02:03.100    2069-2104/? W/bt-btif﹕ dm_pm_timer expires 0
10-08 10:02:03.100    2069-2104/? W/bt-btif﹕ proc dm_pm_timer expires
10-08 10:06:57.676    1752-1769/? D/SensorHALGestureSensor﹕ Gesture event received! time = 1412780817681193736
10-08 10:06:57.676    1752-1801/? I/PowerManagerService﹕ Waking up from sleep...
10-08 10:06:57.796    1752-1801/? D/PowerManagerService-JNI﹕ Excessive delay in autosuspend_disable() while turning screen on: 113ms
10-08 10:06:57.796    1752-1801/? D/MinnowPowerHAL﹕ power_set_interactive: 1
10-08 10:06:57.796    1752-1801/? D/MinnowPowerHAL﹕ sysfs_write: /sys/devices/platform/omapdss/display0/interactivemode 1
10-08 10:06:57.796    1752-1801/? D/MinnowPowerHAL﹕ sysfs_write: /sys/devices/ocp.2/i2c.6/i2c-0/0-004a/interactivemode 1
10-08 10:06:57.796    1752-1801/? D/mot_vr_audio_hw﹕ dsp_set_pm_state = on
10-08 10:06:57.796    6585-6585/? D/ADSPD﹕ Client cmd=0x4002, size=2
10-08 10:06:57.796    6585-6585/? D/ADSPD﹕ DSP_CMD_DAEMON_SET_PM_STATE : 1
10-08 10:06:57.796    1752-1776/? W/KeyguardServiceDelegate﹕ onScreenTurnedOn(): no keyguard service!
10-08 10:06:57.806    1413-1413/? D/SurfaceFlinger﹕ Screen acquired, type=0 flinger=0xb8082448
10-08 10:06:57.806    1413-1413/? D/hwcomposer﹕ hwc_blank(0: 0)
10-08 10:06:57.806    1752-1778/? I/DisplayManagerService﹕ Display device changed: DisplayDeviceInfo{"Built-in Screen": 320 x 290, 45.000004 fps, density 213, 90.31111 x 136.40741 dpi, touch INTERNAL, rotation 0, type BUILT_IN, state ON, FLAG_DEFAULT_DISPLAY, FLAG_ROTATES_WITH_CONTENT, FLAG_SECURE, FLAG_SUPPORTS_PROTECTED_BUFFERS}
10-08 10:06:57.836    4603-4603/? V/WearActivity﹕ display changed: 0, new state: 2
10-08 10:06:57.836    4603-4603/? I/ClockFace﹕ Ambient mode: false
10-08 10:06:57.836    4603-4603/? V/ClockFace﹕ clearing caches
10-08 10:06:57.836    4603-4603/? E/MyViewAnim﹕ no surface holder, can't draw anything
10-08 10:06:57.836    4603-4603/? V/ClockFace﹕ clearing caches
10-08 10:06:57.836    4603-4603/? V/MyViewAnim﹕ new animator starting
10-08 10:06:57.836    4603-4603/? V/MyViewAnim﹕ Time listener is up!
10-08 10:06:57.836    4603-4603/? V/MyViewAnim﹕ starting draw thread from scratch
10-08 10:06:57.846    4603-4603/? V/WearActivity﹕ onDisplayChanged: on!
10-08 10:06:57.846    4603-4603/? V/WearActivity﹕ display changed: 0, new state: 2
10-08 10:06:57.846    4603-4603/? I/ClockFace﹕ Ambient mode: false
10-08 10:06:57.846    4603-4603/? V/ClockFace﹕ rendering new face, faceMode(0)
10-08 10:06:57.856    6585-6585/? D/ADSPD﹕ ACK success!
10-08 10:06:57.866    1752-1752/? V/ActivityManager﹕ Display changed displayId=0
10-08 10:06:57.866    1752-1752/? V/ActivityManager﹕ Display changed displayId=0
10-08 10:06:57.866    1752-1752/? W/InputMethodManagerService﹕ Ignoring setImeWindowStatus of uid 1000 token: null
10-08 10:06:57.876    4603-4603/? V/ClockFace﹕ fetching new battery status (15680)
10-08 10:06:57.876    4603-4603/? V/ClockFace﹕ battery at 0.79
10-08 10:06:57.896    4603-4603/? V/ClockFace﹕ clearing caches
10-08 10:06:57.896    4603-4603/? V/MyViewAnim﹕ resuming old animator!
10-08 10:06:57.896    4603-4603/? V/WearActivity﹕ onDisplayChanged: on!
10-08 10:06:57.896    4603-4603/? V/WearActivity﹕ Resume!
10-08 10:06:57.896    4603-4603/? V/ClockFace﹕ clearing caches
10-08 10:06:57.896    4603-4603/? V/MyViewAnim﹕ resuming old animator!
10-08 10:06:57.926    4603-6592/? V/ClockFace﹕ rendering new face, faceMode(0)
10-08 10:06:57.936    4603-6592/? V/ClockFace﹕ fetching new battery status (15682)
10-08 10:06:57.936    4603-6592/? V/ClockFace﹕ battery at 0.79
10-08 10:06:57.966    1868-1868/? E/ClockworkHome﹕ Tried to exit ambient mode, but enterAmbientMode() was never called.
10-08 10:06:57.976    1415-1525/? D/mot_vr_audio_hw﹕ dsp_recognizer_enabled = true
10-08 10:06:57.976    6585-6585/? D/ADSPD﹕ Client cmd=0x0003, size=4
10-08 10:06:57.976    1415-1415/? D/mot_vr_audio_hw﹕ open_input_stream(): devices = 0x80000004, rate = 8000, channels = 0x10
10-08 10:06:57.976    1415-1415/? D/mot_vr_audio_hw﹕ Created resampler for 16000->8000 Hz
10-08 10:06:57.986    6585-6585/? D/ADSPD﹕ Received from DSP: cmd=0x8003, size=2
10-08 10:06:57.986    6585-6585/? D/ADSPD﹕ Client cmd=0x4003, size=2
10-08 10:06:57.986    1415-6588/? D/mot_vr_audio_hw﹕ received recognition control callback, status 0
10-08 10:06:58.046    1752-1805/? D/LightsService﹕ Excessive delay setting light: 56ms
10-08 10:06:58.056    1913-2022/? D/dalvikvm﹕ GC_FOR_ALLOC freed 204K, 28% free 2185K/3004K, paused 53ms, total 62ms
10-08 10:06:58.096    1415-6593/? D/mot_vr_audio_hw﹕ in_read waiting for hotword
10-08 10:06:58.116    1752-1897/? D/SensorHAL﹕ adjustSensorHandle: handle = 9 adjustedHandle = 1
10-08 10:06:58.116    1752-1897/? D/SensorHAL﹕ adjustSensorHandle: handle = 9 adjustedHandle = 1
10-08 10:06:58.146    1752-1762/? D/SensorHAL﹕ adjustSensorHandle: handle = 9 adjustedHandle = 1
10-08 10:07:00.609    4603-4607/? D/dalvikvm﹕ GC_CONCURRENT freed 501K, 22% free 2713K/3476K, paused 3ms+24ms, total 72ms
10-08 10:07:01.359    2069-2104/? W/bt-btif﹕ dm_pm_timer expires
10-08 10:07:01.359    2069-2104/? W/bt-btif﹕ dm_pm_timer expires 0
10-08 10:07:01.359    2069-2104/? W/bt-btif﹕ proc dm_pm_timer expires
10-08 10:07:02.821    1752-1801/? I/PowerManagerService﹕ Going to sleep due to screen timeout...
10-08 10:07:02.821    1752-1782/? I/PowerManagerService﹕ Dozing...
10-08 10:07:02.831    1752-1775/? I/DreamController﹕ Starting dream: name=ComponentInfo{com.google.android.wearable.app/com.google.android.clockwork.home.AmbientMode}, isTest=false, canDoze=true, userId=0
10-08 10:07:02.901    1752-1897/? I/ActivityManager﹕ START u0 {act=android.intent.action.MAIN cat=[android.intent.category.HOME] flg=0x10000000 cmp=com.google.android.wearable.app/com.google.android.clockwork.home.HomeActivity (has extras)} from pid 1868 on display 0
10-08 10:07:02.901    1752-1775/? I/DreamController﹕ Stopping dream: name=ComponentInfo{com.google.android.wearable.app/com.google.android.clockwork.home.AmbientMode}, isTest=false, canDoze=true, userId=0
10-08 10:07:02.911    1752-1782/? I/PowerManagerService﹕ Sleeping...
10-08 10:07:02.961    1752-1856/? D/LightsService﹕ Excessive delay setting light: 58ms
10-08 10:07:02.971    1868-1868/? I/AmbientMode﹕ Ambient mode started: canDoze=true, dozeHardware=null
10-08 10:07:02.971    1415-2801/? D/mot_vr_audio_hw﹕ dsp_recognizer_enabled = false
10-08 10:07:02.971    6585-6585/? D/ADSPD﹕ Client cmd=0x0003, size=4
10-08 10:07:02.991    1415-6593/? D/mot_vr_audio_hw﹕ Switching DSP to standby/passthrough mode
10-08 10:07:02.991    1415-6593/? D/mot_vr_audio_hw﹕ Input 0xb7903328 ready to read
10-08 10:07:03.001    6585-6585/? D/ADSPD﹕ Received from DSP: cmd=0x8003, size=2
10-08 10:07:03.001    6585-6585/? D/ADSPD﹕ Client cmd=0x0003, size=4
10-08 10:07:03.001    1415-6588/? D/mot_vr_audio_hw﹕ received recognition control callback, status 0
10-08 10:07:03.011    6585-6585/? D/ADSPD﹕ Received from DSP: cmd=0x8003, size=2
10-08 10:07:03.011    1415-6588/? D/mot_vr_audio_hw﹕ received recognition control callback, status 0
10-08 10:07:03.041    1415-6593/? W/mot_vr_audio_hw﹕ Discarded 10 buffers without finding audio data
10-08 10:07:03.061    6585-6585/? D/ADSPD﹕ Client cmd=0x0003, size=4
10-08 10:07:03.061    1415-6593/? D/mot_vr_audio_hw﹕ Re-arming DSP
10-08 10:07:03.061    1415-6593/? D/mot_vr_audio_hw﹕ Input 0xb7903328 standby complete
10-08 10:07:03.071    6585-6585/? D/ADSPD﹕ Received from DSP: cmd=0x8003, size=2
10-08 10:07:03.071    1415-6588/? D/mot_vr_audio_hw﹕ received recognition control callback, status 0
10-08 10:07:03.071    6585-6585/? D/ADSPD﹕ Client cmd=0x4003, size=2
10-08 10:07:03.071    1415-2025/? D/mot_vr_audio_hw﹕ Input 0xb7903328 close complete
10-08 10:07:03.091    1415-1525/? D/mot_vr_audio_hw﹕ dsp_recognizer_enabled = true
10-08 10:07:03.091    6585-6585/? D/ADSPD﹕ Client cmd=0x0003, size=4
10-08 10:07:03.091    1415-2801/? D/mot_vr_audio_hw﹕ open_input_stream(): devices = 0x80000004, rate = 8000, channels = 0x10
10-08 10:07:03.091    1415-2801/? D/mot_vr_audio_hw﹕ Created resampler for 16000->8000 Hz
10-08 10:07:03.101    6585-6585/? D/ADSPD﹕ Received from DSP: cmd=0x8003, size=2
10-08 10:07:03.101    6585-6585/? D/ADSPD﹕ Client cmd=0x4003, size=2
10-08 10:07:03.101    1415-6588/? D/mot_vr_audio_hw﹕ received recognition control callback, status 0
10-08 10:07:03.121    1415-6595/? D/mot_vr_audio_hw﹕ in_read waiting for hotword
10-08 10:07:03.121    1868-1868/? I/AmbientMode﹕ Dream ended: isDozing=true
10-08 10:07:03.471    1752-1805/? D/LightsService﹕ Excessive delay setting light: 124ms
10-08 10:07:03.471    1413-1413/? D/SurfaceFlinger﹕ Screen released, type=0 flinger=0xb8082448
10-08 10:07:03.621    1413-1413/? D/hwcomposer﹕ hwc_blank(0: 1)
10-08 10:07:03.621    1752-1805/? D/SurfaceControl﹕ Excessive delay in blankDisplay() while turning screen off: 151ms
10-08 10:07:03.651    1752-1778/? I/DisplayManagerService﹕ Display device changed: DisplayDeviceInfo{"Built-in Screen": 320 x 290, 45.000004 fps, density 213, 90.31111 x 136.40741 dpi, touch INTERNAL, rotation 0, type BUILT_IN, state OFF, FLAG_DEFAULT_DISPLAY, FLAG_ROTATES_WITH_CONTENT, FLAG_SECURE, FLAG_SUPPORTS_PROTECTED_BUFFERS}
10-08 10:07:03.651    1752-1752/? V/ActivityManager﹕ Display changed displayId=0
10-08 10:07:03.661    4603-4603/? V/WearActivity﹕ display changed: 0, new state: 1
10-08 10:07:03.661    4603-4603/? I/TimeWrapper﹕ FPS: 31.426336, samples: 182
10-08 10:07:03.661    4603-4603/? I/TimeWrapper﹕ Min/Avg/Max frame render speed (ms): 5.889893 / 9.482415 / 42.541504
10-08 10:07:03.661    4603-4603/? I/TimeWrapper﹕ Waketime: 29.79976%
10-08 10:07:03.661    4603-4603/? I/ClockFace﹕ Ambient mode: true
10-08 10:07:03.661    4603-4603/? V/ClockFace﹕ clearing caches
10-08 10:07:03.661    4603-4603/? V/MyViewAnim﹕ stopping animation!
10-08 10:07:03.661    4603-4603/? V/WearActivity﹕ onDisplayChanged: off!
10-08 10:07:03.661    4603-6592/? V/ClockFace﹕ rendering new face, faceMode(0)
10-08 10:07:03.672    1752-1782/? D/MinnowPowerHAL﹕ power_set_interactive: 0
10-08 10:07:03.672    1752-1782/? D/MinnowPowerHAL﹕ sysfs_write: /sys/devices/platform/omapdss/display0/interactivemode 0
10-08 10:07:03.672    1752-1782/? D/MinnowPowerHAL﹕ sysfs_write: /sys/devices/ocp.2/i2c.6/i2c-0/0-004a/interactivemode 0
10-08 10:07:03.672    1752-1782/? D/mot_vr_audio_hw﹕ dsp_set_pm_state = off
10-08 10:07:03.672    6585-6585/? D/ADSPD﹕ Client cmd=0x4002, size=2
10-08 10:07:03.672    6585-6585/? D/ADSPD﹕ DSP_CMD_DAEMON_SET_PM_STATE : 0
10-08 10:07:03.672    6585-6585/? D/ADSPD﹕ DSP not turned off as still being used
10-08 10:07:03.682    4603-4603/? V/WearActivity﹕ Pause!
10-08 10:07:03.692    4603-4603/? V/WearActivity﹕ Stop!
10-08 10:07:03.692    1415-2025/? D/mot_vr_audio_hw﹕ dsp_recognizer_enabled = false
10-08 10:07:03.702    6585-6585/? D/ADSPD﹕ Client cmd=0x0003, size=4
10-08 10:07:03.702    6585-6585/? D/ADSPD﹕ Trying to send to dsp while in dsp in RESET
10-08 10:07:03.702    1415-6595/? W/mot_vr_audio_hw﹕ Not allowing wake() since DSP is disabled
10-08 10:07:03.702    4603-6592/? V/MyViewAnim﹕ looper finished!
10-08 10:07:03.702    1752-1752/? W/InputMethodManagerService﹕ Ignoring setImeWindowStatus of uid 1000 token: null
10-08 10:07:03.712    1415-6595/? W/mot_vr_audio_hw﹕ Not allowing wake() since DSP is disabled
10-08 10:07:03.732    6585-6585/? D/ADSPD﹕ Client cmd=0x4003, size=2
10-08 10:07:03.732    6585-6585/? D/ADSPD﹕ DSP no longer used, turned off here
10-08 10:07:03.732    1415-1525/? D/mot_vr_audio_hw﹕ Input 0xb7903328 close complete
10-08 10:07:05.593    1752-3165/? I/ActivityManager﹕ Delay finish: com.google.android.gms/.checkin.EventLogService$Receiver
10-08 10:07:05.603    1883-2745/? I/EventLogService﹕ Aggregate from 1412778825623 (log), 1412778825623 (data)
10-08 10:07:05.703    1883-2745/? I/ServiceDumpSys﹕ dumping service [account]
10-08 10:07:05.734    1752-1897/? I/ActivityManager﹕ Resuming delayed broadcast
10-08 10:07:05.934    2069-2104/? W/bt-btif﹕ dm_pm_timer expires
10-08 10:07:05.934    2069-2104/? W/bt-btif﹕ dm_pm_timer expires 0
10-08 10:07:05.934    2069-2104/? W/bt-btif﹕ proc dm_pm_timer expires
10-08 10:07:06.194    1752-1769/? D/SensorHALGestureSensor﹕ Gesture event received! time = 1412780826208110239
10-08 10:07:06.204    1752-3165/? I/PowerManagerService﹕ Waking up from sleep...
10-08 10:07:06.214    1752-1776/? W/KeyguardServiceDelegate﹕ onScreenTurnedOn(): no keyguard service!
10-08 10:07:06.444    1752-3165/? D/PowerManagerService-JNI﹕ Excessive delay in autosuspend_disable() while turning screen on: 221ms
10-08 10:07:06.444    1752-3165/? D/MinnowPowerHAL﹕ power_set_interactive: 1
10-08 10:07:06.444    1752-3165/? D/MinnowPowerHAL﹕ sysfs_write: /sys/devices/platform/omapdss/display0/interactivemode 1
10-08 10:07:06.584    1752-3165/? D/MinnowPowerHAL﹕ sysfs_write: /sys/devices/ocp.2/i2c.6/i2c-0/0-004a/interactivemode 1
10-08 10:07:06.584    1752-3165/? D/mot_vr_audio_hw﹕ dsp_set_pm_state = on
10-08 10:07:06.584    6585-6585/? D/ADSPD﹕ Client cmd=0x4002, size=2
10-08 10:07:06.584    6585-6585/? D/ADSPD﹕ DSP_CMD_DAEMON_SET_PM_STATE : 1
10-08 10:07:06.584    1752-3165/? D/PowerManagerService-JNI﹕ Excessive delay in setInteractive(true) while turning screen on: 141ms
10-08 10:07:06.594    1868-1868/? E/ClockworkHome﹕ Tried to exit ambient mode, but enterAmbientMode() was never called.
10-08 10:07:06.594    4603-4603/? V/WearActivity﹕ Resume!
10-08 10:07:06.594    4603-4603/? V/ClockFace﹕ clearing caches
10-08 10:07:06.594    4603-4603/? V/MyViewAnim﹕ new animator starting
10-08 10:07:06.594    4603-4603/? V/MyViewAnim﹕ Time listener is up!
10-08 10:07:06.594    4603-4603/? V/MyViewAnim﹕ starting draw thread from scratch
10-08 10:07:06.594    1415-2025/? D/mot_vr_audio_hw﹕ dsp_recognizer_enabled = true
10-08 10:07:06.594    1415-1525/? D/mot_vr_audio_hw﹕ open_input_stream(): devices = 0x80000004, rate = 8000, channels = 0x10
10-08 10:07:06.594    1415-1525/? D/mot_vr_audio_hw﹕ Created resampler for 16000->8000 Hz
10-08 10:07:06.604    1413-1413/? D/SurfaceFlinger﹕ Screen acquired, type=0 flinger=0xb8082448
10-08 10:07:06.604    1413-1413/? D/hwcomposer﹕ hwc_blank(0: 0)
10-08 10:07:06.604    1752-1752/? W/InputMethodManagerService﹕ Ignoring setImeWindowStatus of uid 1000 token: null
10-08 10:07:06.644    1752-1778/? I/DisplayManagerService﹕ Display device changed: DisplayDeviceInfo{"Built-in Screen": 320 x 290, 45.000004 fps, density 213, 90.31111 x 136.40741 dpi, touch INTERNAL, rotation 0, type BUILT_IN, state ON, FLAG_DEFAULT_DISPLAY, FLAG_ROTATES_WITH_CONTENT, FLAG_SECURE, FLAG_SUPPORTS_PROTECTED_BUFFERS}
10-08 10:07:06.664    4603-4603/? V/WearActivity﹕ display changed: 0, new state: 2
10-08 10:07:06.664    4603-4603/? I/ClockFace﹕ Ambient mode: false
10-08 10:07:06.664    4603-4603/? V/ClockFace﹕ clearing caches
10-08 10:07:06.664    4603-4603/? V/ClockFace﹕ rendering new face, faceMode(0)
10-08 10:07:06.674    1415-6600/? D/mot_vr_audio_hw﹕ in_read waiting for hotword
10-08 10:07:06.674    4603-6599/? E/﹕ BitTube(Parcel): can't dup filedescriptor (Too many open files)
10-08 10:07:06.674    4603-6599/? E/Looper﹕ Error adding epoll events for fd -24, errno=9
10-08 10:07:06.674    1752-1752/? V/ActivityManager﹕ Display changed displayId=0
10-08 10:07:06.684    6585-6585/? E/ADSPD﹕ Timeout on select()
10-08 10:07:06.684    6585-6585/? E/ADSPD﹕ NO ACK received after loading firmware
10-08 10:07:06.684    6585-6585/? E/ADSPD﹕ Unknown ACK received 0x00
10-08 10:07:06.684    6585-6585/? D/ADSPD﹕ Client cmd=0x0003, size=4
10-08 10:07:06.694    4603-6599/? E/MyViewAnim﹕ looper halted due to an error
    java.lang.RuntimeException: Failed to initialize display event receiver.  status=-2147483648
            at android.view.DisplayEventReceiver.nativeInit(Native Method)
            at android.view.DisplayEventReceiver.<init>(DisplayEventReceiver.java:61)
            at android.view.Choreographer$FrameDisplayEventReceiver.<init>(Choreographer.java:695)
            at android.view.Choreographer.<init>(Choreographer.java:169)
            at android.view.Choreographer.<init>(Choreographer.java:72)
            at android.view.Choreographer$1.initialValue(Choreographer.java:98)
            at android.view.Choreographer$1.initialValue(Choreographer.java:91)
            at java.lang.ThreadLocal$Values.getAfterMiss(ThreadLocal.java:430)
            at java.lang.ThreadLocal.get(ThreadLocal.java:65)
            at android.view.Choreographer.getInstance(Choreographer.java:194)
            at android.animation.ValueAnimator$AnimationHandler.<init>(ValueAnimator.java:578)
            at android.animation.ValueAnimator$AnimationHandler.<init>(ValueAnimator.java:553)
            at android.animation.ValueAnimator.getOrCreateAnimationHandler(ValueAnimator.java:1334)
            at android.animation.ValueAnimator.start(ValueAnimator.java:932)
            at android.animation.ValueAnimator.start(ValueAnimator.java:946)
            at android.animation.TimeAnimator.start(TimeAnimator.java:18)
            at org.dwallach.calwatch.MyViewAnim$PanelThread.run(MyViewAnim.java:320)
10-08 10:07:06.704    6585-6585/? D/ADSPD﹕ Received from DSP: cmd=0x8003, size=2
10-08 10:07:06.704    6585-6585/? D/ADSPD﹕ Client cmd=0x4003, size=2
10-08 10:07:06.704    1415-6588/? D/mot_vr_audio_hw﹕ received recognition control callback, status 0
10-08 10:07:06.704    4603-4603/? V/ClockFace﹕ fetching new battery status (15864)
10-08 10:07:06.704    4603-4603/? V/ClockFace﹕ battery at 0.79
10-08 10:07:06.704    4603-4603/? V/ClockFace﹕ clearing caches
10-08 10:07:06.704    4603-4603/? V/MyViewAnim﹕ resuming old animator!
10-08 10:07:06.704    4603-4603/? V/WearActivity﹕ onDisplayChanged: on!
10-08 10:07:06.745    1752-1897/? D/SensorHAL﹕ adjustSensorHandle: handle = 9 adjustedHandle = 1
10-08 10:07:06.745    1752-1897/? D/SensorHAL﹕ adjustSensorHandle: handle = 9 adjustedHandle = 1
10-08 10:07:06.755    1752-1763/? D/SensorHAL﹕ adjustSensorHandle: handle = 9 adjustedHandle = 1
10-08 10:07:09.747    2152-2154/? D/dalvikvm﹕ GC_CONCURRENT freed 382K, 23% free 2007K/2596K, paused 2ms+2ms, total 21ms
10-08 10:07:10.388    2069-2104/? W/bt-btif﹕ dm_pm_timer expires
10-08 10:07:10.388    2069-2104/? W/bt-btif﹕ dm_pm_timer expires 0
10-08 10:07:10.388    2069-2104/? W/bt-btif﹕ proc dm_pm_timer expires
10-08 10:07:10.588    4603-4603/? V/ClockFace﹕ rendering new face, faceMode(0)
10-08 10:07:10.608    4603-4603/? V/ClockFace﹕ fetching new battery status (15865)
10-08 10:07:10.608    4603-4603/? V/ClockFace﹕ battery at 0.79
10-08 10:07:11.639    1752-1763/? I/PowerManagerService﹕ Going to sleep due to screen timeout...
10-08 10:07:11.639    1752-1782/? I/PowerManagerService﹕ Dozing...
10-08 10:07:11.649    1752-1775/? I/DreamController﹕ Starting dream: name=ComponentInfo{com.google.android.wearable.app/com.google.android.clockwork.home.AmbientMode}, isTest=false, canDoze=true, userId=0
10-08 10:07:11.739    1752-2357/? I/ActivityManager﹕ START u0 {act=android.intent.action.MAIN cat=[android.intent.category.HOME] flg=0x10000000 cmp=com.google.android.wearable.app/com.google.android.clockwork.home.HomeActivity (has extras)} from pid 1868 on display 0
10-08 10:07:11.739    1752-1775/? I/DreamController﹕ Stopping dream: name=ComponentInfo{com.google.android.wearable.app/com.google.android.clockwork.home.AmbientMode}, isTest=false, canDoze=true, userId=0
10-08 10:07:11.739    1752-1782/? I/PowerManagerService﹕ Sleeping...
10-08 10:07:11.980    1868-1868/? I/AmbientMode﹕ Ambient mode started: canDoze=true, dozeHardware=null
10-08 10:07:11.980    1415-1525/? D/mot_vr_audio_hw﹕ dsp_recognizer_enabled = false
10-08 10:07:11.980    6585-6585/? D/ADSPD﹕ Client cmd=0x0003, size=4
10-08 10:07:11.990    1415-6600/? D/mot_vr_audio_hw﹕ Switching DSP to standby/passthrough mode
10-08 10:07:11.990    1415-6600/? D/mot_vr_audio_hw﹕ Input 0xb7903328 ready to read
10-08 10:07:12.000    6585-6585/? D/ADSPD﹕ Received from DSP: cmd=0x8003, size=2
10-08 10:07:12.000    6585-6585/? D/ADSPD﹕ Client cmd=0x0003, size=4
10-08 10:07:12.000    1415-6588/? D/mot_vr_audio_hw﹕ received recognition control callback, status 0
10-08 10:07:12.010    6585-6585/? D/ADSPD﹕ Received from DSP: cmd=0x8003, size=2
10-08 10:07:12.010    1415-6588/? D/mot_vr_audio_hw﹕ received recognition control callback, status 0
10-08 10:07:12.040    1415-6600/? W/mot_vr_audio_hw﹕ Discarded 10 buffers without finding audio data
10-08 10:07:12.050    6585-6585/? D/ADSPD﹕ Client cmd=0x0003, size=4
10-08 10:07:12.050    1415-6600/? D/mot_vr_audio_hw﹕ Re-arming DSP
10-08 10:07:12.050    1415-6600/? D/mot_vr_audio_hw﹕ Input 0xb7903328 standby complete
10-08 10:07:12.060    1415-2801/? D/mot_vr_audio_hw﹕ Input 0xb7903328 close complete
10-08 10:07:12.060    6585-6585/? D/ADSPD﹕ Received from DSP: cmd=0x8003, size=2
10-08 10:07:12.060    6585-6585/? D/ADSPD﹕ Client cmd=0x4003, size=2
10-08 10:07:12.060    1415-6588/? D/mot_vr_audio_hw﹕ received recognition control callback, status 0
10-08 10:07:12.070    1415-2801/? D/mot_vr_audio_hw﹕ dsp_recognizer_enabled = true
10-08 10:07:12.070    6585-6585/? D/ADSPD﹕ Client cmd=0x0003, size=4
10-08 10:07:12.070    1415-1525/? D/mot_vr_audio_hw﹕ open_input_stream(): devices = 0x80000004, rate = 8000, channels = 0x10
10-08 10:07:12.070    1415-1525/? D/mot_vr_audio_hw﹕ Created resampler for 16000->8000 Hz
10-08 10:07:12.080    6585-6585/? D/ADSPD﹕ Received from DSP: cmd=0x8003, size=2
10-08 10:07:12.080    6585-6585/? D/ADSPD﹕ Client cmd=0x4003, size=2
10-08 10:07:12.080    1415-6588/? D/mot_vr_audio_hw﹕ received recognition control callback, status 0
10-08 10:07:12.090    1415-6602/? D/mot_vr_audio_hw﹕ in_read waiting for hotword
10-08 10:07:12.090    1868-1868/? I/AmbientMode﹕ Dream ended: isDozing=true
10-08 10:07:12.330    1413-1413/? D/SurfaceFlinger﹕ Screen released, type=0 flinger=0xb8082448
10-08 10:07:12.460    1413-1413/? D/hwcomposer﹕ hwc_blank(0: 1)
10-08 10:07:12.460    1752-1856/? D/SurfaceControl﹕ Excessive delay in blankDisplay() while turning screen off: 129ms
10-08 10:07:12.470    4603-4603/? V/WearActivity﹕ display changed: 0, new state: 1
10-08 10:07:12.470    4603-4603/? I/TimeWrapper﹕ FPS: 0.17358507, samples: 1
10-08 10:07:12.470    4603-4603/? I/TimeWrapper﹕ Min/Avg/Max frame render speed (ms): 18.432615 / 18.432615 / 18.432615
10-08 10:07:12.470    4603-4603/? I/TimeWrapper﹕ Waketime: 0.31996268%
10-08 10:07:12.470    4603-4603/? I/ClockFace﹕ Ambient mode: true
10-08 10:07:12.470    4603-4603/? V/ClockFace﹕ clearing caches
10-08 10:07:12.470    4603-4603/? V/MyViewAnim﹕ stopping animation!
10-08 10:07:12.470    4603-4603/? V/WearActivity﹕ onDisplayChanged: off!
10-08 10:07:12.470    1752-1778/? I/DisplayManagerService﹕ Display device changed: DisplayDeviceInfo{"Built-in Screen": 320 x 290, 45.000004 fps, density 213, 90.31111 x 136.40741 dpi, touch INTERNAL, rotation 0, type BUILT_IN, state OFF, FLAG_DEFAULT_DISPLAY, FLAG_ROTATES_WITH_CONTENT, FLAG_SECURE, FLAG_SUPPORTS_PROTECTED_BUFFERS}
10-08 10:07:12.470    1752-1752/? V/ActivityManager﹕ Display changed displayId=0
10-08 10:07:12.480    1752-1782/? D/MinnowPowerHAL﹕ power_set_interactive: 0
10-08 10:07:12.480    1752-1782/? D/MinnowPowerHAL﹕ sysfs_write: /sys/devices/platform/omapdss/display0/interactivemode 0
10-08 10:07:12.480    1752-1782/? D/MinnowPowerHAL﹕ sysfs_write: /sys/devices/ocp.2/i2c.6/i2c-0/0-004a/interactivemode 0
10-08 10:07:12.490    1752-1782/? D/mot_vr_audio_hw﹕ dsp_set_pm_state = off
10-08 10:07:12.490    6585-6585/? D/ADSPD﹕ Client cmd=0x4002, size=2
10-08 10:07:12.490    6585-6585/? D/ADSPD﹕ DSP_CMD_DAEMON_SET_PM_STATE : 0
10-08 10:07:12.490    6585-6585/? D/ADSPD﹕ DSP not turned off as still being used
10-08 10:07:12.490    4603-4603/? V/WearActivity﹕ Pause!
10-08 10:07:12.490    4603-4603/? V/WearActivity﹕ Stop!
10-08 10:07:12.490    1415-2025/? D/mot_vr_audio_hw﹕ dsp_recognizer_enabled = false
10-08 10:07:12.490    6585-6585/? D/ADSPD﹕ Client cmd=0x0003, size=4
10-08 10:07:12.490    6585-6585/? D/ADSPD﹕ Trying to send to dsp while in dsp in RESET
10-08 10:07:12.490    1415-6602/? W/mot_vr_audio_hw﹕ Not allowing wake() since DSP is disabled
10-08 10:07:12.490    1752-1752/? W/InputMethodManagerService﹕ Ignoring setImeWindowStatus of uid 1000 token: null
10-08 10:07:12.500    1415-6602/? W/mot_vr_audio_hw﹕ Not allowing wake() since DSP is disabled
10-08 10:07:12.520    6585-6585/? D/ADSPD﹕ Client cmd=0x4003, size=2
10-08 10:07:12.520    6585-6585/? D/ADSPD﹕ DSP no longer used, turned off here
10-08 10:07:12.520    1415-2801/? D/mot_vr_audio_hw﹕ Input 0xb7903328 close complete
10-08 10:07:14.983    2069-2104/? W/bt-btif﹕ dm_pm_timer expires
10-08 10:07:14.983    2069-2104/? W/bt-btif﹕ dm_pm_timer expires 0
10-08 10:07:14.983    2069-2104/? W/bt-btif﹕ proc dm_pm_timer expires
10-08 10:07:16.254    1752-1769/? D/SensorHALGestureSensor﹕ Gesture event received! time = 1412780836260814097
10-08 10:07:16.254    1752-1762/? I/PowerManagerService﹕ Waking up from sleep...
10-08 10:07:16.254    1752-1776/? W/KeyguardServiceDelegate﹕ onScreenTurnedOn(): no keyguard service!
10-08 10:07:16.274    1752-1762/? D/MinnowPowerHAL﹕ power_set_interactive: 1
10-08 10:07:16.274    1752-1762/? D/MinnowPowerHAL﹕ sysfs_write: /sys/devices/platform/omapdss/display0/interactivemode 1
10-08 10:07:16.404    1752-1762/? D/MinnowPowerHAL﹕ sysfs_write: /sys/devices/ocp.2/i2c.6/i2c-0/0-004a/interactivemode 1
10-08 10:07:16.404    1752-1762/? D/mot_vr_audio_hw﹕ dsp_set_pm_state = on
10-08 10:07:16.404    6585-6585/? D/ADSPD﹕ Client cmd=0x4002, size=2
10-08 10:07:16.404    6585-6585/? D/ADSPD﹕ DSP_CMD_DAEMON_SET_PM_STATE : 1
10-08 10:07:16.404    1752-1762/? D/PowerManagerService-JNI﹕ Excessive delay in setInteractive(true) while turning screen on: 132ms
10-08 10:07:16.414    4603-4603/? V/WearActivity﹕ Resume!
10-08 10:07:16.414    4603-4603/? V/ClockFace﹕ clearing caches
10-08 10:07:16.414    4603-4603/? V/MyViewAnim﹕ new animator starting
10-08 10:07:16.414    4603-4603/? V/MyViewAnim﹕ Time listener is up!
10-08 10:07:16.414    4603-4603/? V/MyViewAnim﹕ starting draw thread from scratch
10-08 10:07:16.414    1868-1868/? E/ClockworkHome﹕ Tried to exit ambient mode, but enterAmbientMode() was never called.
10-08 10:07:16.424    1415-2025/? D/mot_vr_audio_hw﹕ dsp_recognizer_enabled = true
10-08 10:07:16.434    1413-1413/? D/SurfaceFlinger﹕ Screen acquired, type=0 flinger=0xb8082448
10-08 10:07:16.434    1413-1413/? D/hwcomposer﹕ hwc_blank(0: 0)
10-08 10:07:16.434    6585-6585/? D/ADSPD﹕ ACK success!
10-08 10:07:16.434    6585-6585/? D/ADSPD﹕ Client cmd=0x0003, size=4
10-08 10:07:16.434    1415-1525/? D/mot_vr_audio_hw﹕ open_input_stream(): devices = 0x80000004, rate = 8000, channels = 0x10
10-08 10:07:16.434    1415-1525/? D/mot_vr_audio_hw﹕ Created resampler for 16000->8000 Hz
10-08 10:07:16.444    6585-6585/? D/ADSPD﹕ Received from DSP: cmd=0x8003, size=2
10-08 10:07:16.444    6585-6585/? D/ADSPD﹕ Client cmd=0x4003, size=2
10-08 10:07:16.444    1415-6588/? D/mot_vr_audio_hw﹕ received recognition control callback, status 0
10-08 10:07:16.454    1752-1752/? W/InputMethodManagerService﹕ Ignoring setImeWindowStatus of uid 1000 token: null
10-08 10:07:16.464    1752-1778/? I/DisplayManagerService﹕ Display device changed: DisplayDeviceInfo{"Built-in Screen": 320 x 290, 45.000004 fps, density 213, 90.31111 x 136.40741 dpi, touch INTERNAL, rotation 0, type BUILT_IN, state ON, FLAG_DEFAULT_DISPLAY, FLAG_ROTATES_WITH_CONTENT, FLAG_SECURE, FLAG_SUPPORTS_PROTECTED_BUFFERS}
10-08 10:07:16.484    1415-6605/? D/mot_vr_audio_hw﹕ in_read waiting for hotword
10-08 10:07:16.484    1752-1752/? V/ActivityManager﹕ Display changed displayId=0
10-08 10:07:16.494    4603-4603/? V/WearActivity﹕ display changed: 0, new state: 2
10-08 10:07:16.494    4603-4603/? I/ClockFace﹕ Ambient mode: false
10-08 10:07:16.494    4603-4603/? V/ClockFace﹕ clearing caches
10-08 10:07:16.494    4603-4603/? V/ClockFace﹕ rendering new face, faceMode(0)
10-08 10:07:16.504    4603-6604/? A/Looper﹕ Could not create wake pipe.  errno=24
10-08 10:07:16.504    4603-6604/? A/libc﹕ Fatal signal 6 (SIGABRT) at 0x11fb (code=-6), thread 6604 (Thread-396)
10-08 10:07:16.504    4603-4603/? V/ClockFace﹕ fetching new battery status (15866)
10-08 10:07:16.504    4603-4603/? V/ClockFace﹕ battery at 0.79
10-08 10:07:16.534    4603-4603/? V/ClockFace﹕ clearing caches
10-08 10:07:16.534    4603-4603/? V/MyViewAnim﹕ resuming old animator!
10-08 10:07:16.534    4603-4603/? V/WearActivity﹕ onDisplayChanged: on!
10-08 10:07:16.554    1913-2022/? D/dalvikvm﹕ GC_FOR_ALLOC freed 123K, 28% free 2180K/3004K, paused 131ms, total 132ms
10-08 10:07:16.584    1752-2702/? D/SensorHAL﹕ adjustSensorHandle: handle = 9 adjustedHandle = 1
10-08 10:07:16.584    1752-2702/? D/SensorHAL﹕ adjustSensorHandle: handle = 9 adjustedHandle = 1
10-08 10:07:16.604    1752-1763/? D/SensorHAL﹕ adjustSensorHandle: handle = 9 adjustedHandle = 1
10-08 10:07:16.614    1411-1411/? I/DEBUG﹕ *** *** *** *** *** *** *** *** *** *** *** *** *** *** *** ***
10-08 10:07:16.614    1411-1411/? I/DEBUG﹕ Build fingerprint: 'motorola/metallica/minnow:4.4W.1/KGW42R/1448224:user/release-keys'
10-08 10:07:16.614    1411-1411/? I/DEBUG﹕ Revision: '0'
10-08 10:07:16.614    1411-1411/? I/DEBUG﹕ pid: 4603, tid: 6604, name: Thread-396  >>> org.dwallach.calwatch <<<
10-08 10:07:16.614    1411-1411/? I/DEBUG﹕ signal 6 (SIGABRT), code -6 (SI_TKILL), fault addr --------
10-08 10:07:16.764    1411-1411/? I/DEBUG﹕ r0 00000000  r1 000019cc  r2 00000006  r3 00000000
10-08 10:07:16.764    1411-1411/? I/DEBUG﹕ r4 00000006  r5 00000018  r6 000019cc  r7 0000010c
10-08 10:07:16.764    1411-1411/? I/DEBUG﹕ r8 a3595b00  r9 a44d5f4c  sl 00000008  fp a3595b14
10-08 10:07:16.764    1411-1411/? I/DEBUG﹕ ip b6ea6b10  sp a3595638  lr b6eda335  pc b6ef3f70  cpsr 000f0010
10-08 10:07:16.764    1411-1411/? I/DEBUG﹕ d0  ffffffffffffffff  d1  202e657069702065
10-08 10:07:16.764    1411-1411/? I/DEBUG﹕ d2  0000005000000072  d3  b85f48f800000072
10-08 10:07:16.764    1411-1411/? I/DEBUG﹕ d4  004500790061006c  d5  0074006e00650076
10-08 10:07:16.764    1411-1411/? I/DEBUG﹕ d6  006e006e006f0043  d7  0069007400630065
10-08 10:07:16.764    1411-1411/? I/DEBUG﹕ d8  405db3d642c00000  d9  4244985142b91261
10-08 10:07:16.764    1411-1411/? I/DEBUG﹕ d10 424c9851c0000000  d11 42a0000042449851
10-08 10:07:16.764    1411-1411/? I/DEBUG﹕ d12 408f4000000000a0  d13 4064000000000000
10-08 10:07:16.764    1411-1411/? I/DEBUG﹕ d14 3f80000043200000  d15 4064000000000000
10-08 10:07:16.764    1411-1411/? I/DEBUG﹕ d16 0000000000000000  d17 0000273200000000
10-08 10:07:16.764    1411-1411/? I/DEBUG﹕ d18 0000072000000620  d19 000007a0000007a0
10-08 10:07:16.764    1411-1411/? I/DEBUG﹕ d20 0723e73c0627c638  d21 07a1f7be07a1f7be
10-08 10:07:16.764    1411-1411/? I/DEBUG﹕ d22 0000001d00000019  d23 0000001f0000001f
10-08 10:07:16.764    1411-1411/? I/DEBUG﹕ d24 07e0f81f07e0f81f  d25 07e0f81f07e0f81f
10-08 10:07:16.764    1411-1411/? I/DEBUG﹕ d26 0000072300000627  d27 000007a1000007a1
10-08 10:07:16.764    1411-1411/? I/DEBUG﹕ d28 0723e0dc0627c1d8  d29 07a1f05e07a1f05e
10-08 10:07:16.764    1411-1411/? I/DEBUG﹕ d30 0000000000000000  d31 03b1700e003f0000
10-08 10:07:16.764    1411-1411/? I/DEBUG﹕ scr 20000010
10-08 10:07:16.764    1411-1411/? I/DEBUG﹕ backtrace:
10-08 10:07:16.764    1411-1411/? I/DEBUG﹕ #00 pc 0002df70  /system/lib/libc.so (tgkill+12)
10-08 10:07:16.764    1411-1411/? I/DEBUG﹕ #01 pc 00014331  /system/lib/libc.so (pthread_kill+64)
10-08 10:07:16.764    1411-1411/? I/DEBUG﹕ #02 pc 00014c75  /system/lib/libc.so (raise+10)
10-08 10:07:16.764    1411-1411/? I/DEBUG﹕ #03 pc 0001257d  /system/lib/libc.so
10-08 10:07:16.764    1411-1411/? I/DEBUG﹕ #04 pc 000109c4  /system/lib/libc.so (abort+4)
10-08 10:07:16.764    1411-1411/? I/DEBUG﹕ #05 pc 00006b15  /system/lib/libcutils.so (__android_log_assert+88)
10-08 10:07:16.764    1411-1411/? I/DEBUG﹕ #06 pc 0001024b  /system/lib/libutils.so (android::Looper::Looper(bool)+194)
10-08 10:07:16.764    1411-1411/? I/DEBUG﹕ #07 pc 0006b721  /system/lib/libandroid_runtime.so (android::NativeMessageQueue::NativeMessageQueue()+80)
10-08 10:07:16.764    1411-1411/? I/DEBUG﹕ #08 pc 0006b759  /system/lib/libandroid_runtime.so
10-08 10:07:16.764    1411-1411/? I/DEBUG﹕ #09 pc 0001e544  /system/lib/libdvm.so (dvmPlatformInvoke+112)
10-08 10:07:16.764    1411-1411/? I/DEBUG﹕ #10 pc 0004e51b  /system/lib/libdvm.so (dvmCallJNIMethod(unsigned int const*, JValue*, Method const*, Thread*)+418)
10-08 10:07:16.764    1411-1411/? I/DEBUG﹕ #11 pc 00027960  /system/lib/libdvm.so
10-08 10:07:16.764    1411-1411/? I/DEBUG﹕ #12 pc 0002e6d4  /system/lib/libdvm.so (dvmMterpStd(Thread*)+68)
10-08 10:07:16.764    1411-1411/? I/DEBUG﹕ #13 pc 0002bf24  /system/lib/libdvm.so (dvmInterpret(Thread*, Method const*, JValue*)+184)
10-08 10:07:16.764    1411-1411/? I/DEBUG﹕ #14 pc 0006114d  /system/lib/libdvm.so (dvmCallMethodV(Thread*, Method const*, Object*, bool, JValue*, std::__va_list)+328)
10-08 10:07:16.764    1411-1411/? I/DEBUG﹕ #15 pc 00061171  /system/lib/libdvm.so (dvmCallMethod(Thread*, Method const*, Object*, JValue*, ...)+20)
10-08 10:07:16.764    1411-1411/? I/DEBUG﹕ #16 pc 00055c99  /system/lib/libdvm.so
10-08 10:07:16.764    1411-1411/? I/DEBUG﹕ #17 pc 00013add  /system/lib/libc.so
10-08 10:07:16.764    1411-1411/? I/DEBUG﹕ #18 pc 000126b3  /system/lib/libc.so (__bionic_clone_entry+6)
10-08 10:07:16.764    1411-1411/? I/DEBUG﹕ #19 pc 00013c89  /system/lib/libc.so (pthread_create+340)
10-08 10:07:16.764    1411-1411/? I/DEBUG﹕ stack:
10-08 10:07:16.764    1411-1411/? I/DEBUG﹕ a35955f8  b6ea6b10  /system/lib/libutils.so
10-08 10:07:16.764    1411-1411/? I/DEBUG﹕ a35955fc  a3595b00  [stack:6604]
10-08 10:07:16.764    1411-1411/? I/DEBUG﹕ a3595600  a44d5f4c
10-08 10:07:16.764    1411-1411/? I/DEBUG﹕ a3595604  00000008
10-08 10:07:16.764    1411-1411/? I/DEBUG﹕ a3595608  00000000
10-08 10:07:16.764    1411-1411/? I/DEBUG﹕ a359560c  b6f2e5fd  /system/lib/libcutils.so
10-08 10:07:16.764    1411-1411/? I/DEBUG﹕ a3595610  00000026
10-08 10:07:16.764    1411-1411/? I/DEBUG﹕ a3595614  b6ea6b60  /system/lib/libutils.so
10-08 10:07:16.764    1411-1411/? I/DEBUG﹕ a3595618  00000000
10-08 10:07:16.764    1411-1411/? I/DEBUG﹕ a359561c  b6f2e845  /system/lib/libcutils.so (__android_log_write+216)
10-08 10:07:16.764    1411-1411/? I/DEBUG﹕ a3595620  00000006
10-08 10:07:16.764    1411-1411/? I/DEBUG﹕ a3595624  00000018
10-08 10:07:16.764    1411-1411/? I/DEBUG﹕ a3595628  000019cc
10-08 10:07:16.764    1411-1411/? I/DEBUG﹕ a359562c  b6ea6b10  /system/lib/libutils.so
10-08 10:07:16.764    1411-1411/? I/DEBUG﹕ a3595630  a3595b00  [stack:6604]
10-08 10:07:16.764    1411-1411/? I/DEBUG﹕ a3595634  b6eda329  /system/lib/libc.so (pthread_kill+56)
10-08 10:07:16.764    1411-1411/? I/DEBUG﹕ #00  a3595638  00000006
10-08 10:07:16.764    1411-1411/? I/DEBUG﹕ ........  ........
10-08 10:07:16.764    1411-1411/? I/DEBUG﹕ #01  a3595638  00000006
10-08 10:07:16.764    1411-1411/? I/DEBUG﹕ a359563c  b6ea465c  /system/lib/libutils.so
10-08 10:07:16.764    1411-1411/? I/DEBUG﹕ a3595640  a3595658  [stack:6604]
10-08 10:07:16.764    1411-1411/? I/DEBUG﹕ a3595644  b6edac79  /system/lib/libc.so (raise+14)
10-08 10:07:16.764    1411-1411/? I/DEBUG﹕ #02  a3595648  a3595654  [stack:6604]
10-08 10:07:16.764    1411-1411/? I/DEBUG﹕ a359564c  b6ed8581  /system/lib/libc.so
10-08 10:07:16.784    1411-1411/? I/DEBUG﹕ memory near r1:
10-08 10:07:16.784    1411-1411/? I/DEBUG﹕ 000019ac ffffffff ffffffff ffffffff ffffffff
10-08 10:07:16.784    1411-1411/? I/DEBUG﹕ 000019bc ffffffff ffffffff ffffffff ffffffff
10-08 10:07:16.784    1411-1411/? I/DEBUG﹕ 000019cc ffffffff ffffffff ffffffff ffffffff
10-08 10:07:16.784    1411-1411/? I/DEBUG﹕ 000019dc ffffffff ffffffff ffffffff ffffffff
10-08 10:07:16.784    1411-1411/? I/DEBUG﹕ 000019ec ffffffff ffffffff ffffffff ffffffff
10-08 10:07:16.784    1411-1411/? I/DEBUG﹕ 000019fc ffffffff ffffffff ffffffff ffffffff
10-08 10:07:16.784    1411-1411/? I/DEBUG﹕ 00001a0c ffffffff ffffffff ffffffff ffffffff
10-08 10:07:16.784    1411-1411/? I/DEBUG﹕ 00001a1c ffffffff ffffffff ffffffff ffffffff
10-08 10:07:16.784    1411-1411/? I/DEBUG﹕ 00001a2c ffffffff ffffffff ffffffff ffffffff
10-08 10:07:16.784    1411-1411/? I/DEBUG﹕ 00001a3c ffffffff ffffffff ffffffff ffffffff
10-08 10:07:16.784    1411-1411/? I/DEBUG﹕ 00001a4c ffffffff ffffffff ffffffff ffffffff
10-08 10:07:16.784    1411-1411/? I/DEBUG﹕ 00001a5c ffffffff ffffffff ffffffff ffffffff
10-08 10:07:16.784    1411-1411/? I/DEBUG﹕ 00001a6c ffffffff ffffffff ffffffff ffffffff
10-08 10:07:16.784    1411-1411/? I/DEBUG﹕ 00001a7c ffffffff ffffffff ffffffff ffffffff
10-08 10:07:16.784    1411-1411/? I/DEBUG﹕ 00001a8c ffffffff ffffffff ffffffff ffffffff
10-08 10:07:16.784    1411-1411/? I/DEBUG﹕ 00001a9c ffffffff ffffffff ffffffff ffffffff
10-08 10:07:16.784    1411-1411/? I/DEBUG﹕ memory near r6:
10-08 10:07:16.784    1411-1411/? I/DEBUG﹕ 000019ac ffffffff ffffffff ffffffff ffffffff
10-08 10:07:16.784    1411-1411/? I/DEBUG﹕ 000019bc ffffffff ffffffff ffffffff ffffffff
10-08 10:07:16.784    1411-1411/? I/DEBUG﹕ 000019cc ffffffff ffffffff ffffffff ffffffff
10-08 10:07:16.784    1411-1411/? I/DEBUG﹕ 000019dc ffffffff ffffffff ffffffff ffffffff
10-08 10:07:16.784    1411-1411/? I/DEBUG﹕ 000019ec ffffffff ffffffff ffffffff ffffffff
10-08 10:07:16.784    1411-1411/? I/DEBUG﹕ 000019fc ffffffff ffffffff ffffffff ffffffff
10-08 10:07:16.784    1411-1411/? I/DEBUG﹕ 00001a0c ffffffff ffffffff ffffffff ffffffff
10-08 10:07:16.784    1411-1411/? I/DEBUG﹕ 00001a1c ffffffff ffffffff ffffffff ffffffff
10-08 10:07:16.784    1411-1411/? I/DEBUG﹕ 00001a2c ffffffff ffffffff ffffffff ffffffff
10-08 10:07:16.784    1411-1411/? I/DEBUG﹕ 00001a3c ffffffff ffffffff ffffffff ffffffff
10-08 10:07:16.784    1411-1411/? I/DEBUG﹕ 00001a4c ffffffff ffffffff ffffffff ffffffff
10-08 10:07:16.784    1411-1411/? I/DEBUG﹕ 00001a5c ffffffff ffffffff ffffffff ffffffff
10-08 10:07:16.784    1411-1411/? I/DEBUG﹕ 00001a6c ffffffff ffffffff ffffffff ffffffff
10-08 10:07:16.784    1411-1411/? I/DEBUG﹕ 00001a7c ffffffff ffffffff ffffffff ffffffff
10-08 10:07:16.784    1411-1411/? I/DEBUG﹕ 00001a8c ffffffff ffffffff ffffffff ffffffff
10-08 10:07:16.784    1411-1411/? I/DEBUG﹕ 00001a9c ffffffff ffffffff ffffffff ffffffff
10-08 10:07:16.784    1411-1411/? I/DEBUG﹕ memory near r8:
10-08 10:07:16.784    1411-1411/? I/DEBUG﹕ a3595ae0 b86aedc8 00000003 a44d5f54 b6dd675d
10-08 10:07:16.784    1411-1411/? I/DEBUG﹕ a3595af0 a8e0433e a9afb110 b8719ba8 b5a66548
10-08 10:07:16.784    1411-1411/? I/DEBUG﹕ a3595b00 a8fe7c4a 0000010a ada6f828 b8719bb8
10-08 10:07:16.784    1411-1411/? I/DEBUG﹕ a3595b10 00000001 b5a9651f a44d5f4c a8fe7c4a
10-08 10:07:16.784    1411-1411/? I/DEBUG﹕ a3595b20 b6dd674d b8719bb8 a44d5f28 a9afb030
10-08 10:07:16.784    1411-1411/? I/DEBUG﹕ a3595b30 1d200001 00000000 b6f14d78 a3595c30
10-08 10:07:16.784    1411-1411/? I/DEBUG﹕ a3595b40 00000000 a3595c84 42c00000 405db3d6
10-08 10:07:16.784    1411-1411/? I/DEBUG﹕ a3595b50 42b91261 42449851 c0000000 424c9851
10-08 10:07:16.784    1411-1411/? I/DEBUG﹕ a3595b60 42449851 42a00000 000000a0 408f4000
10-08 10:07:16.784    1411-1411/? I/DEBUG﹕ a3595b70 00000000 40640000 43200000 3f800000
10-08 10:07:16.784    1411-1411/? I/DEBUG﹕ a3595b80 00000000 40640000 b5af93a0 00000009
10-08 10:07:16.784    1411-1411/? I/DEBUG﹕ a3595b90 00000000 a44d5f38 b8719ba8 a9aa5b40
10-08 10:07:16.784    1411-1411/? I/DEBUG﹕ a3595ba0 00000000 00000009 00000000 b5aa9157
10-08 10:07:16.784    1411-1411/? I/DEBUG﹕ a3595bb0 b5af4c60 00000020 b5af93a0 0015ef58
10-08 10:07:16.784    1411-1411/? I/DEBUG﹕ a3595bc0 b8444328 fffffea4 00000001 00000014
10-08 10:07:16.784    1411-1411/? I/DEBUG﹕ a3595bd0 b5af93a0 adcf60d0 b8444328 b5abbe6b
10-08 10:07:16.784    1411-1411/? I/DEBUG﹕ memory near r9:
10-08 10:07:16.784    1411-1411/? I/DEBUG﹕ a44d5f2c adcf60d0 a44d5f60 a8e0563a a44d5f60
10-08 10:07:16.784    1411-1411/? I/DEBUG﹕ a44d5f3c a8e05648 a9afb110 00000000 00000000
10-08 10:07:16.784    1411-1411/? I/DEBUG﹕ a44d5f4c a44d5f84 a8e0433e a9afb030 a8e05648
10-08 10:07:16.784    1411-1411/? I/DEBUG﹕ a44d5f5c 00000000 adcf60d0 a8e045cc adcf60a0
10-08 10:07:16.784    1411-1411/? I/DEBUG﹕ a44d5f6c 00000001 a44d5fa4 a8e045f0 a9afaaf0
10-08 10:07:16.784    1411-1411/? I/DEBUG﹕ a44d5f7c a8e0433e 00000000 adcf60a0 adcf81c0
10-08 10:07:16.784    1411-1411/? I/DEBUG﹕ a44d5f8c 00000001 a44d5fc4 a8e045ae a9afac40
10-08 10:07:16.784    1411-1411/? I/DEBUG﹕ a44d5f9c a8e045f0 00000000 adb26838 adcf81c0
10-08 10:07:16.784    1411-1411/? I/DEBUG﹕ a44d5fac 00000001 a44d5fdc a4606ba0 a9afac08
10-08 10:07:16.784    1411-1411/? I/DEBUG﹕ a44d5fbc a8e045ae 00000000 00000001 a44d6000
10-08 10:07:16.784    1411-1411/? I/DEBUG﹕ a44d5fcc 00000000 a9ce45b0 a4606ba0 00000000
10-08 10:07:16.784    1411-1411/? I/DEBUG﹕ a44d5fdc 00000000 00000000 00000000 add98ee0
10-08 10:07:16.784    1411-1411/? I/DEBUG﹕ a44d5fec 00000000 00000000 00000000 00000000
10-08 10:07:16.784    1411-1411/? I/DEBUG﹕ a44d5ffc 00000000 00000000 00000000 00000000
10-08 10:07:16.784    1411-1411/? I/DEBUG﹕ a44d600c 00000000 00000000 00000000 00000000
10-08 10:07:16.784    1411-1411/? I/DEBUG﹕ a44d601c 00000000 00000000 00000000 00000000
10-08 10:07:16.784    1411-1411/? I/DEBUG﹕ memory near fp:
10-08 10:07:16.784    1411-1411/? I/DEBUG﹕ a3595af4 a9afb110 b8719ba8 b5a66548 a8fe7c4a
10-08 10:07:16.784    1411-1411/? I/DEBUG﹕ a3595b04 0000010a ada6f828 b8719bb8 00000001
10-08 10:07:16.784    1411-1411/? I/DEBUG﹕ a3595b14 b5a9651f a44d5f4c a8fe7c4a b6dd674d
10-08 10:07:16.784    1411-1411/? I/DEBUG﹕ a3595b24 b8719bb8 a44d5f28 a9afb030 1d200001
10-08 10:07:16.784    1411-1411/? I/DEBUG﹕ a3595b34 00000000 b6f14d78 a3595c30 00000000
10-08 10:07:16.784    1411-1411/? I/DEBUG﹕ a3595b44 a3595c84 42c00000 405db3d6 42b91261
10-08 10:07:16.784    1411-1411/? I/DEBUG﹕ a3595b54 42449851 c0000000 424c9851 42449851
10-08 10:07:16.784    1411-1411/? I/DEBUG﹕ a3595b64 42a00000 000000a0 408f4000 00000000
10-08 10:07:16.784    1411-1411/? I/DEBUG﹕ a3595b74 40640000 43200000 3f800000 00000000
10-08 10:07:16.784    1411-1411/? I/DEBUG﹕ a3595b84 40640000 b5af93a0 00000009 00000000
10-08 10:07:16.784    1411-1411/? I/DEBUG﹕ a3595b94 a44d5f38 b8719ba8 a9aa5b40 00000000
10-08 10:07:16.784    1411-1411/? I/DEBUG﹕ a3595ba4 00000009 00000000 b5aa9157 b5af4c60
10-08 10:07:16.784    1411-1411/? I/DEBUG﹕ a3595bb4 00000020 b5af93a0 0015ef58 b8444328
10-08 10:07:16.784    1411-1411/? I/DEBUG﹕ a3595bc4 fffffea4 00000001 00000014 b5af93a0
10-08 10:07:16.784    1411-1411/? I/DEBUG﹕ a3595bd4 adcf60d0 b8444328 b5abbe6b b5af4c60
10-08 10:07:16.784    1411-1411/? I/DEBUG﹕ a3595be4 ada56a78 b5af93a0 adcf60d0 00000014
10-08 10:07:16.784    1411-1411/? I/DEBUG﹕ memory near ip:
10-08 10:07:16.784    1411-1411/? I/DEBUG﹕ b6ea6af0 b6ea1ebf b6e9edb7 b6e9edb7 b6e9f09b
10-08 10:07:16.784    1411-1411/? I/DEBUG﹕ b6ea6b00 b6e9edb7 00000000 00000000 00000000
10-08 10:07:16.784    1411-1411/? I/DEBUG﹕ b6ea6b10 b6ea1eed b6ea1f15 b6ea1dc5 b6ea2599
10-08 10:07:16.784    1411-1411/? I/DEBUG﹕ b6ea6b20 b6ea2db5 b6ea2dd1 b6ea2deb b6ea2e11
10-08 10:07:16.784    1411-1411/? I/DEBUG﹕ b6ea6b30 00000000 00000000 b6ea1f65 b6ea1f8d
10-08 10:07:16.784    1411-1411/? I/DEBUG﹕ b6ea6b40 b6ea1dab b6ea2761 b6ea2d13 b6ea2cf1
10-08 10:07:16.784    1411-1411/? I/DEBUG﹕ b6ea6b50 b6ea2d69 b6ea2d37 b6e9e549 00000000
10-08 10:07:16.784    1411-1411/? I/DEBUG﹕ b6ea6b60 00000000 00000000 b6ea1f29 b6ea1f51
