Performance
   TODO do we have a performance problem? we're getting 30fps on LG watch, 55+ FPS on N5 with small face

DONE?! deal with recurring events
-- RecurrenceProcessor.expand() seems to do exactly what I want. Hypothetically, this is going to
   be a quick hack, if it work.

   maybe I need a better RFC 2245 (iCal) parser? Google has one:
   https://code.google.com/p/google-rfc-2445/

   Curiously, it's blowing up on the E2E VIV office hours, which has an exDate field of this:
   America/Los_Angeles;20140815T100000,20140822T100000,20140829T100000)

   The claim is that there's a "missing LHS" in the timezone part. Hrmm.

Port to Android Wear
-- Useful article including sample code: http://toastdroid.com/2014/07/18/developing-watchfaces-for-android-wear/
-- How to set up the damn emulator: http://www.tech-recipes.com/rx/49586/how-do-i-connect-an-android-wear-emulator-to-a-real-phone/
   adb -d forward tcp:5601 tcp:5601

    TODO verify on round face
    TODO support the "real" watchface API?
        http://www.binpress.com/tutorial/how-to-create-a-custom-android-wear-watch-face/120
        https://github.com/kentarosu/androidwear-myfirstwatchface

        TODO "sample" face for selector
        TODO deal with dimming (kill second hand? lower frame rate? all white?) "Ambient mode"
        -- untested ambient mode code now in place, 1Hz updates for minute hand, no second hand, no calendar; may want to go more slowly

    TODO better ambient mode detection? https://gist.github.com/PomepuyN/cdd821eca163a3279de2 (pasted at bottom)


TODO sort out how to compile protobufs automatically via Gradle (vs. known bugs lodged with Google)
-- At least the Square protobuf runtime is automatically fetched and compiled
-- Seems to be compiling correctly, might even work on the first try (ha!)

TODO fancier control panel: Material Layout cards

Verify all the weird connect/disconnect corner cases
    TODO fresh boot of phone, make sure service is up no matter what
    TODO disconnect / reconnect of phone from watch
    TODO fresh boot of watch / reconnect to old phone app
    TODO nothing running on phone / fresh watch wants data
    TODO are we recovering properly if the phone kills the service after a long hiatus?

TODO get a real app icon
DONE?! slower refresh rate when second hand not being displayed
TODO app signing
TODO smarter DrawArc

DONE! make battery gauge pretty
DONE?! if we're coming back from being asleep, make sure we invalidate the batteryPathCache

DONE! fix regression: we're not clipping the events to the visible 12 hour window
  Also, we now send 24 hours of events at once and do all the clipping in the watch, meaning
  that the watch will have something useful to show in the morning even if it's been disconnected
  from the phone all night (e.g., if charging in different parts of the house)


BUGS BUGs BUGZ!
  TODO when there are no events coming up, it looks like nothing ever gets sent to the watch
  TODO incorrect handling of watch lifecycle (shock, horror)
  -- ignoring changes in the Activity seems to be helping, a bit, but we're not learning
     anything, at all, when the user covers the screen with something else. Not good. Also,
     there's some ugliness when another email or event wants to draw on top.

Notes on supporting a "real" watch face (via reading over:
https://github.com/twotoasters/watchface-template/tree/master/submodules

 Gears library:
    Activity.java: nothing interesting at all
    DeviceUtils.java: totally cheesy way of determining AMOLED: lookup
      table based on device type
    Watch.java:
      TODO- an intent called KEEP_WATCHFACE_AWAKE
      - logic to deal with changing timezones
      - onTimeChanged() via alarm manager when seconds are turned off (do we care?)
      - unclear if any of this is necessary

  mobile/src/main/AndroidMainfest.xml:
    uses-permission for background
    preview.png

    (BOTH DONE! -- but need to redo the preview image once the face graphics settles down)

  wear/src/main/AndroidManifest.xml:
    more permission usage
    some funkiness about how the activity is set up (providing background, etc.)

    (BOTH DONE!)

  Meanwhile, there's all this business about Square's various testing
  and code injection libraries. Probably not worth bothering
  now. Maybe later.


Lifecycle madness:

Here's what happens when I hit the home button on the phone:

09-09 16:36:18.176  25448-25448/org.dwallach.calwatch V/PhoneActivity﹕ Pause!
09-09 16:36:18.176  25448-25448/org.dwallach.calwatch V/MyViewAnim﹕ pausing animation
09-09 16:36:18.576  25448-25448/org.dwallach.calwatch V/MyViewAnim﹕ Drawing surface destroyed!
09-09 16:36:18.576  25448-25448/org.dwallach.calwatch V/MyViewAnim﹕ stopping animation!
09-09 16:36:18.576  25448-10110/org.dwallach.calwatch V/MyViewAnim﹕ looper finished!
09-09 16:36:18.976  25448-25448/org.dwallach.calwatch V/PhoneActivity﹕ Stop!
09-09 16:36:18.976  25448-25448/org.dwallach.calwatch V/MyViewAnim﹕ stopping animation!

Versus, here's what happens, *sometimes* when the screen goes off by itself:

09-09 16:27:00.676  25448-25448/org.dwallach.calwatch V/PhoneActivity﹕ Pause!
09-09 16:27:00.676  25448-25448/org.dwallach.calwatch V/MyViewAnim﹕ pausing animation
09-09 16:27:00.686  25448-25448/org.dwallach.calwatch V/PhoneActivity﹕ Stop!
09-09 16:27:00.686  25448-25448/org.dwallach.calwatch V/MyViewAnim﹕ stopping animation!
09-09 16:27:00.686   25448-9866/org.dwallach.calwatch V/MyViewAnim﹕ looper finished!
09-09 16:27:06.106  25448-25448/org.dwallach.calwatch V/MyViewAnim﹕ Drawing surface destroyed!
09-09 16:27:06.106  25448-25448/org.dwallach.calwatch V/MyViewAnim﹕ stopping animation!
TODO: where the hell did this come from and why is the phone activity restarting itself?
09-09 16:27:06.126  25448-25448/org.dwallach.calwatch V/PhoneActivity﹕ Create!
09-09 16:27:06.126  25448-25448/org.dwallach.calwatch V/PhoneActivity﹕ Start!
09-09 16:27:06.126  25448-25448/org.dwallach.calwatch V/PhoneActivity﹕ And in the beginning ...
09-09 16:27:06.126  25448-25448/org.dwallach.calwatch V/PhoneActivity﹕ reconnecting clock state



Further improvements:
  Calendar rendering:
    TODO if we've got a busy calendar on one side of the watch and a simpler one on the other side, we can have unbalanced wedges (one could be 0-5 and the other is 6-6)

    Possible solution: rather than having the current scheme where we add levels every time, we could instead start with 0 - MAXINT
    Every wedge starts out from 0 - MAXINT. When there's overlap, we add a constraint that the two not overlap. That has us
    setting up a series of constraints that a solver could go after. This.max is less than that.min. That.min is greater than this.max, but
    we want to maximize the size of each wedge *and* we want to minimize another function that measures stddev over wedge thickness when
    wedges overlap.

    A constraint solver can probably do this without breaking a sweat. Seems like overkill, but might work.

    http://jacopguide.osolpro.com/guideJaCoP.html
    http://www.constraintsolving.com/solvers/java-based-solvers

  Moto 360:
    DONE!! pull back the radius along the bottom to fit the cropped ~30 pixels -- maybe an extension to drawRadialLine that knows about the bounding box and projects the line backward

More lifecycle madness: here's a trace from the watch where it's getting no events and freaking out

09-11 22:04:45.764  19155-19155/org.dwallach.calwatch D/dalvikvm﹕ Late-enabling CheckJNI
09-11 22:04:45.864  19155-19155/org.dwallach.calwatch V/PhoneActivity﹕ Create!
09-11 22:04:45.864  19155-19155/org.dwallach.calwatch V/PhoneActivity﹕ Start!
09-11 22:04:45.864  19155-19155/org.dwallach.calwatch V/PhoneActivity﹕ And in the beginning ...
09-11 22:04:45.864  19155-19155/org.dwallach.calwatch V/PhoneActivity﹕ reconnecting clock state
09-11 22:04:45.904  19155-19155/org.dwallach.calwatch V/MyViewAnim﹕ setup!
09-11 22:04:45.904  19155-19155/org.dwallach.calwatch V/ClockFace﹕ ClockFace setup!
09-11 22:04:45.904  19155-19155/org.dwallach.calwatch V/ClockFace﹕ clearing caches
09-11 22:04:45.904  19155-19155/org.dwallach.calwatch V/ClockState﹕ no events to compute visibility over
09-11 22:04:45.924  19155-19155/org.dwallach.calwatch D/dalvikvm﹕ JIT code cache reset in 0 ms (0 bytes 3/0)
09-11 22:04:45.924  19155-19155/org.dwallach.calwatch D/dalvikvm﹕ GC_FOR_ALLOC freed 316K, 14% free 17406K/20196K, paused 20ms, total 20ms
09-11 22:04:45.964  19155-19155/org.dwallach.calwatch D/dalvikvm﹕ GC_FOR_ALLOC freed 5K, 14% free 17582K/20352K, paused 14ms, total 14ms
09-11 22:04:45.974  19155-19155/org.dwallach.calwatch V/PhoneActivity﹕ registering callback
09-11 22:04:45.974  19155-19155/org.dwallach.calwatch V/WatchReceiver﹕ Kickstart launching intent
09-11 22:04:45.984  19155-19155/org.dwallach.calwatch V/WatchCalendarService﹕ launching watch calendar service
09-11 22:04:45.984  19155-19155/org.dwallach.calwatch V/PhoneActivity﹕ loadPreferences
09-11 22:04:45.984  19155-19155/org.dwallach.calwatch V/PhoneActivity﹕ Noticed a change in the clock state; saving preferences
09-11 22:04:45.984  19155-19155/org.dwallach.calwatch V/PhoneActivity﹕ savePreferences
09-11 22:04:45.984  19155-19155/org.dwallach.calwatch V/ClockFace﹕ clearing caches
09-11 22:04:45.984  19155-19155/org.dwallach.calwatch V/ClockState﹕ no events to compute visibility over
09-11 22:04:45.984  19155-19155/org.dwallach.calwatch V/PhoneActivity﹕ Noticed a change in the clock state; saving preferences
09-11 22:04:45.984  19155-19155/org.dwallach.calwatch V/PhoneActivity﹕ savePreferences
09-11 22:04:45.984  19155-19155/org.dwallach.calwatch V/ClockFace﹕ clearing caches
09-11 22:04:45.984  19155-19155/org.dwallach.calwatch V/ClockState﹕ no events to compute visibility over
09-11 22:04:45.984  19155-19155/org.dwallach.calwatch V/PhoneActivity﹕ Noticed a change in the clock state; saving preferences
09-11 22:04:45.984  19155-19155/org.dwallach.calwatch V/PhoneActivity﹕ savePreferences
09-11 22:04:45.984  19155-19155/org.dwallach.calwatch V/ClockFace﹕ clearing caches
09-11 22:04:45.984  19155-19155/org.dwallach.calwatch V/ClockState﹕ no events to compute visibility over
09-11 22:04:45.984  19155-19155/org.dwallach.calwatch V/PhoneActivity﹕ Resume!
09-11 22:04:45.984  19155-19155/org.dwallach.calwatch V/ClockFace﹕ clearing caches
09-11 22:04:45.984  19155-19155/org.dwallach.calwatch V/MyViewAnim﹕ new animator starting
09-11 22:04:45.984  19155-19155/org.dwallach.calwatch V/MyViewAnim﹕ Time listener is up!
09-11 22:04:45.984  19155-19155/org.dwallach.calwatch V/MyViewAnim﹕ starting draw thread from scratch
09-11 22:04:45.994  19155-19175/org.dwallach.calwatch W/MyViewAnim﹕ no canvas yet?
09-11 22:04:46.004  19155-19155/org.dwallach.calwatch V/WatchCalendarService﹕ starting calendar fetcher
09-11 22:04:46.004  19155-19155/org.dwallach.calwatch V/CalendarFetcher﹕ starting fetcher thread
09-11 22:04:46.004  19155-19177/org.dwallach.calwatch V/CalendarFetcher﹕ run: starting
09-11 22:04:46.004  19155-19155/org.dwallach.calwatch V/WatchCalendarService﹕ service created!
09-11 22:04:46.004  19155-19177/org.dwallach.calwatch V/CalendarFetcher﹕ starting to load content
09-11 22:04:46.044  19155-19177/org.dwallach.calwatch D/dalvikvm﹕ GC_FOR_ALLOC freed 306K, 14% free 17788K/20568K, paused 13ms, total 13ms
09-11 22:04:46.054  19155-19177/org.dwallach.calwatch V/CalendarFetcher﹕ calendars found (9)
09-11 22:04:46.064  19155-19155/org.dwallach.calwatch V/WatchCalendarService﹕ service starting!
09-11 22:04:46.094  19155-19155/org.dwallach.calwatch I/Adreno-EGL﹕ <qeglDrvAPI_eglInitialize:320>: EGL 1.4 QUALCOMM Build: I0404c4692afb8623f95c43aeb6d5e13ed4b30ddbDate: 11/06/13
09-11 22:04:46.114  19155-19175/org.dwallach.calwatch W/MyViewAnim﹕ no canvas yet?
09-11 22:04:46.114  19155-19177/org.dwallach.calwatch V/CalendarFetcher﹕ Query times... Now: September 11, 5:04 PM, QueryStart: September 11, 10:00 PM, QueryEnd: September 12, 10:00 PM
09-11 22:04:46.164  19155-19155/org.dwallach.calwatch D/OpenGLRenderer﹕ Enabling debug mode 0
09-11 22:04:46.214  19155-19175/org.dwallach.calwatch W/MyViewAnim﹕ no canvas yet?
09-11 22:04:46.214  19155-19155/org.dwallach.calwatch V/MyViewAnim﹕ Drawing surface created!
09-11 22:04:46.214  19155-19155/org.dwallach.calwatch V/ClockFace﹕ clearing caches
09-11 22:04:46.214  19155-19155/org.dwallach.calwatch V/MyViewAnim﹕ resuming old animator!
09-11 22:04:46.214  19155-19155/org.dwallach.calwatch V/MyViewAnim﹕ Drawing surface changed!
09-11 22:04:46.214  19155-19155/org.dwallach.calwatch V/ClockFace﹕ clearing caches
09-11 22:04:46.214  19155-19155/org.dwallach.calwatch V/MyViewAnim﹕ resuming old animator!
09-11 22:04:46.214  19155-19155/org.dwallach.calwatch V/ClockFace﹕ clearing caches
09-11 22:04:46.224  19155-19175/org.dwallach.calwatch V/ClockState﹕ no events to compute visibility over
09-11 22:04:46.224  19155-19175/org.dwallach.calwatch V/ClockFace﹕ clearing caches
09-11 22:04:46.224  19155-19175/org.dwallach.calwatch V/ClockState﹕ no events to compute visibility over
09-11 22:04:46.224  19155-19175/org.dwallach.calwatch V/ClockFace﹕ eventList still null after update; giving up
09-11 22:04:46.224  19155-19175/org.dwallach.calwatch V/ClockFace﹕ rendering new face, faceMode(2)
09-11 22:04:46.234  19155-19155/org.dwallach.calwatch D/WearableClient﹕ WearableClientImpl.onPostInitHandler: done
09-11 22:04:46.274  19155-19175/org.dwallach.calwatch V/ClockFace﹕ fetching new battery status (1)
09-11 22:04:46.274  19155-19175/org.dwallach.calwatch V/ClockFace﹕ battery at 1.0
09-11 22:04:46.284  19155-19175/org.dwallach.calwatch V/ClockState﹕ no events to compute visibility over
09-11 22:04:46.284  19155-19175/org.dwallach.calwatch V/ClockFace﹕ clearing caches
09-11 22:04:46.284  19155-19175/org.dwallach.calwatch V/ClockState﹕ no events to compute visibility over
09-11 22:04:46.284  19155-19175/org.dwallach.calwatch V/ClockFace﹕ eventList still null after update; giving up
09-11 22:04:46.284  19155-19175/org.dwallach.calwatch V/ClockFace﹕ rendering new face, faceMode(2)
09-11 22:04:46.314  19155-19177/org.dwallach.calwatch D/dalvikvm﹕ GC_FOR_ALLOC freed 408K, 14% free 17894K/20776K, paused 12ms, total 12ms
09-11 22:04:46.324  19155-19175/org.dwallach.calwatch V/ClockFace﹕ fetching new battery status (2)
09-11 22:04:46.324  19155-19175/org.dwallach.calwatch V/ClockFace﹕ battery at 1.0
09-11 22:04:46.334  19155-19175/org.dwallach.calwatch V/ClockState﹕ no events to compute visibility over
09-11 22:04:46.334  19155-19175/org.dwallach.calwatch V/ClockFace﹕ clearing caches
09-11 22:04:46.334  19155-19175/org.dwallach.calwatch V/ClockState﹕ no events to compute visibility over
09-11 22:04:46.334  19155-19175/org.dwallach.calwatch V/ClockFace﹕ eventList still null after update; giving up
09-11 22:04:46.334  19155-19175/org.dwallach.calwatch V/ClockFace﹕ rendering new face, faceMode(2)
09-11 22:04:46.384  19155-19175/org.dwallach.calwatch V/ClockFace﹕ fetching new battery status (3)
09-11 22:04:46.384  19155-19175/org.dwallach.calwatch V/ClockFace﹕ battery at 1.0
09-11 22:04:46.404  19155-19175/org.dwallach.calwatch V/ClockState﹕ no events to compute visibility over
09-11 22:04:46.404  19155-19175/org.dwallach.calwatch V/ClockFace﹕ clearing caches
09-11 22:04:46.404  19155-19175/org.dwallach.calwatch V/ClockState﹕ no events to compute visibility over
09-11 22:04:46.404  19155-19175/org.dwallach.calwatch V/ClockFace﹕ eventList still null after update; giving up
09-11 22:04:46.404  19155-19175/org.dwallach.calwatch V/ClockFace﹕ rendering new face, faceMode(2)
09-11 22:04:46.424  19155-19155/org.dwallach.calwatch V/WatchCalendarService﹕ Google API connected!
09-11 22:04:46.424  19155-19175/org.dwallach.calwatch V/ClockFace﹕ fetching new battery status (4)
09-11 22:04:46.424  19155-19175/org.dwallach.calwatch V/ClockFace﹕ battery at 1.0
09-11 22:04:46.434  19155-19155/org.dwallach.calwatch V/WearSender﹕ onCreate!
09-11 22:04:46.444  19155-19175/org.dwallach.calwatch V/ClockState﹕ no events to compute visibility over
09-11 22:04:46.444  19155-19175/org.dwallach.calwatch V/ClockFace﹕ clearing caches
09-11 22:04:46.444  19155-19175/org.dwallach.calwatch V/ClockState﹕ no events to compute visibility over
09-11 22:04:46.444  19155-19175/org.dwallach.calwatch V/ClockFace﹕ eventList still null after update; giving up
09-11 22:04:46.444  19155-19175/org.dwallach.calwatch V/ClockFace﹕ rendering new face, faceMode(2)
09-11 22:04:46.464  19155-19175/org.dwallach.calwatch V/ClockFace﹕ fetching new battery status (5)
09-11 22:04:46.464  19155-19175/org.dwallach.calwatch V/ClockFace﹕ battery at 1.0
09-11 22:04:46.474  19155-19155/org.dwallach.calwatch D/WearableClient﹕ WearableClientImpl.onPostInitHandler: done
09-11 22:04:46.494  19155-19155/org.dwallach.calwatch D/dalvikvm﹕ GC_FOR_ALLOC freed 492K, 15% free 17914K/20880K, paused 12ms, total 12ms
09-11 22:04:46.504  19155-19175/org.dwallach.calwatch V/ClockState﹕ no events to compute visibility over
09-11 22:04:46.504  19155-19175/org.dwallach.calwatch V/ClockFace﹕ clearing caches
09-11 22:04:46.504  19155-19175/org.dwallach.calwatch V/ClockState﹕ no events to compute visibility over
09-11 22:04:46.504  19155-19175/org.dwallach.calwatch V/ClockFace﹕ eventList still null after update; giving up
09-11 22:04:46.504  19155-19175/org.dwallach.calwatch V/ClockFace﹕ rendering new face, faceMode(2)
09-11 22:04:46.514  19155-19175/org.dwallach.calwatch V/ClockFace﹕ fetching new battery status (6)
09-11 22:04:46.514  19155-19175/org.dwallach.calwatch V/ClockFace﹕ battery at 1.0
09-11 22:04:46.514  19155-19175/org.dwallach.calwatch V/ClockState﹕ no events to compute visibility over
09-11 22:04:46.514  19155-19175/org.dwallach.calwatch V/ClockFace﹕ clearing caches
09-11 22:04:46.514  19155-19175/org.dwallach.calwatch V/ClockState﹕ no events to compute visibility over
09-11 22:04:46.514  19155-19175/org.dwallach.calwatch V/ClockFace﹕ eventList still null after update; giving up
09-11 22:04:46.514  19155-19175/org.dwallach.calwatch V/ClockFace﹕ rendering new face, faceMode(2)
09-11 22:04:46.524  19155-19155/org.dwallach.calwatch V/WearSender﹕ connected to Google API!
09-11 22:04:46.524  19155-19175/org.dwallach.calwatch V/ClockFace﹕ fetching new battery status (7)
09-11 22:04:46.524  19155-19175/org.dwallach.calwatch V/ClockFace﹕ battery at 1.0
09-11 22:04:46.544  19155-19177/org.dwallach.calwatch V/CalendarFetcher﹕ recurring event: E2E VIV Project Office Hours -- 1 instances found
09-11 22:04:46.544  19155-19177/org.dwallach.calwatch V/CalendarFetcher﹕ Found visible event. Title(E2E VIV Project Office Hours), calID(1), eventColor(0), eventColorKey(null), displayColor(ff9a9cff), ID(2522), originalID( null)
09-11 22:04:46.544  19155-19177/org.dwallach.calwatch V/CalendarFetcher﹕ --> Start: September 12, 12:00 PM, End: September 12, 1:00 PM
09-11 22:04:46.544  19155-19175/org.dwallach.calwatch V/ClockState﹕ no events to compute visibility over
09-11 22:04:46.544  19155-19175/org.dwallach.calwatch V/ClockFace﹕ clearing caches
09-11 22:04:46.544  19155-19175/org.dwallach.calwatch V/ClockState﹕ no events to compute visibility over
09-11 22:04:46.544  19155-19175/org.dwallach.calwatch V/ClockFace﹕ eventList still null after update; giving up
09-11 22:04:46.544  19155-19175/org.dwallach.calwatch V/ClockFace﹕ rendering new face, faceMode(2)
09-11 22:04:46.554  19155-19177/org.dwallach.calwatch V/CalendarFetcher﹕ --> Clip: September 11, 10:00 PM, End: September 12, 10:00 PM
09-11 22:04:46.554  19155-19177/org.dwallach.calwatch V/CalendarFetcher﹕ InvalidFormatException: Title(E2E VIV Project Office Hours), dtStart(1406912400000), dtEnd(0), rRule(FREQ=WEEKLY;WKST=MO;BYDAY=FR), rDate(null), exRule(null), exDate(America/Los_Angeles;20140815T100000,20140822T100000,20140829T100000), duration(P3600S), ID(2537), originalID(null)com.android.calendarcommon2.EventRecurrence$InvalidFormatException: Missing LHS in AMERICA/LOS_ANGELES
09-11 22:04:46.554  19155-19175/org.dwallach.calwatch V/ClockFace﹕ fetching new battery status (8)
09-11 22:04:46.554  19155-19175/org.dwallach.calwatch V/ClockFace﹕ battery at 1.0
09-11 22:04:46.564  19155-19177/org.dwallach.calwatch V/CalendarFetcher﹕ recurring event: Comp215 -- 1 instances found
09-11 22:04:46.564  19155-19177/org.dwallach.calwatch V/CalendarFetcher﹕ Found visible event. Title(Comp215), calID(1), eventColor(0), eventColorKey(null), displayColor(ff9a9cff), ID(2494), originalID( null)
09-11 22:04:46.564  19155-19175/org.dwallach.calwatch V/ClockState﹕ no events to compute visibility over
09-11 22:04:46.564  19155-19175/org.dwallach.calwatch V/ClockFace﹕ clearing caches
09-11 22:04:46.564  19155-19175/org.dwallach.calwatch V/ClockState﹕ no events to compute visibility over
09-11 22:04:46.564  19155-19175/org.dwallach.calwatch V/ClockFace﹕ eventList still null after update; giving up
09-11 22:04:46.564  19155-19175/org.dwallach.calwatch V/ClockFace﹕ rendering new face, faceMode(2)
09-11 22:04:46.574  19155-19177/org.dwallach.calwatch V/CalendarFetcher﹕ --> Start: September 12, 9:00 AM, End: September 12, 9:50 AM
09-11 22:04:46.574  19155-19177/org.dwallach.calwatch V/CalendarFetcher﹕ --> Clip: September 11, 10:00 PM, End: September 12, 10:00 PM
09-11 22:04:46.584  19155-19175/org.dwallach.calwatch V/ClockFace﹕ fetching new battery status (9)
09-11 22:04:46.584  19155-19175/org.dwallach.calwatch V/ClockFace﹕ battery at 1.0
09-11 22:04:46.594  19155-19177/org.dwallach.calwatch V/CalendarFetcher﹕ recurring event: Comp215 office hour  -- 1 instances found
09-11 22:04:46.594  19155-19177/org.dwallach.calwatch V/CalendarFetcher﹕ Found visible event. Title(Comp215 office hour ), calID(1), eventColor(0), eventColorKey(), displayColor(ff9a9cff), ID(2775), originalID( null)
09-11 22:04:46.594  19155-19177/org.dwallach.calwatch V/CalendarFetcher﹕ --> Start: September 12, 10:00 AM, End: September 12, 11:00 AM
09-11 22:04:46.594  19155-19177/org.dwallach.calwatch V/CalendarFetcher﹕ --> Clip: September 11, 10:00 PM, End: September 12, 10:00 PM
09-11 22:04:46.604  19155-19175/org.dwallach.calwatch V/ClockState﹕ no events to compute visibility over
09-11 22:04:46.604  19155-19175/org.dwallach.calwatch V/ClockFace﹕ clearing caches
09-11 22:04:46.604  19155-19175/org.dwallach.calwatch V/ClockState﹕ no events to compute visibility over
09-11 22:04:46.604  19155-19175/org.dwallach.calwatch V/ClockFace﹕ eventList still null after update; giving up
09-11 22:04:46.604  19155-19175/org.dwallach.calwatch V/ClockFace﹕ rendering new face, faceMode(2)
09-11 22:04:46.624  19155-19177/org.dwallach.calwatch V/CalendarFetcher﹕ Found visible event. Title(Jennifer, Beth), calID(31), eventColor(0), eventColorKey(null), displayColor(ffff7537), ID(2849), originalID( null)
09-11 22:04:46.624  19155-19177/org.dwallach.calwatch V/CalendarFetcher﹕ --> Start: September 12, 10:00 AM, End: September 12, 11:00 AM
09-11 22:04:46.624  19155-19177/org.dwallach.calwatch V/CalendarFetcher﹕ --> Clip: September 11, 10:00 PM, End: September 12, 10:00 PM
09-11 22:04:46.624  19155-19177/org.dwallach.calwatch V/CalendarFetcher﹕ Found visible event. Title(CUC), calID(31), eventColor(0), eventColorKey(null), displayColor(ffff7537), ID(2641), originalID( null)
09-11 22:04:46.624  19155-19177/org.dwallach.calwatch V/CalendarFetcher﹕ --> Start: September 12, 12:00 PM, End: September 12, 1:30 PM
09-11 22:04:46.644  19155-19177/org.dwallach.calwatch D/dalvikvm﹕ GC_FOR_ALLOC freed 507K, 15% free 17919K/20900K, paused 11ms, total 11ms
09-11 22:04:46.644  19155-19175/org.dwallach.calwatch V/ClockFace﹕ fetching new battery status (10)
09-11 22:04:46.644  19155-19175/org.dwallach.calwatch V/ClockFace﹕ battery at 1.0
09-11 22:04:46.644  19155-19177/org.dwallach.calwatch V/CalendarFetcher﹕ --> Clip: September 11, 10:00 PM, End: September 12, 10:00 PM
09-11 22:04:46.644  19155-19177/org.dwallach.calwatch V/CalendarFetcher﹕ Found visible event. Title(E2E VIV Project Office Hours), calID(1), eventColor(0), eventColorKey(null), displayColor(ff9a9cff), ID(2852), originalID( 2537)
09-11 22:04:46.644  19155-19177/org.dwallach.calwatch V/CalendarFetcher﹕ --> Start: September 12, 12:00 PM, End: September 12, 1:00 PM
09-11 22:04:46.644  19155-19177/org.dwallach.calwatch V/CalendarFetcher﹕ --> Clip: September 11, 10:00 PM, End: September 12, 10:00 PM
09-11 22:04:46.644  19155-19177/org.dwallach.calwatch V/CalendarFetcher﹕ Found visible event. Title(Maggie Harvey), calID(31), eventColor(0), eventColorKey(null), displayColor(ffff7537), ID(2850), originalID( null)
09-11 22:04:46.644  19155-19177/org.dwallach.calwatch V/CalendarFetcher﹕ --> Start: September 12, 2:00 PM, End: September 12, 2:30 PM
09-11 22:04:46.644  19155-19177/org.dwallach.calwatch V/CalendarFetcher﹕ --> Clip: September 11, 10:00 PM, End: September 12, 10:00 PM
09-11 22:04:46.644  19155-19177/org.dwallach.calwatch V/CalendarFetcher﹕ Found visible event. Title(phone call with PeerJ guy), calID(1), eventColor(0), eventColorKey(null), displayColor(ff9a9cff), ID(2868), originalID( null)
09-11 22:04:46.644  19155-19177/org.dwallach.calwatch V/CalendarFetcher﹕ --> Start: September 12, 3:00 PM, End: September 12, 4:00 PM
09-11 22:04:46.644  19155-19177/org.dwallach.calwatch V/CalendarFetcher﹕ --> Clip: September 11, 10:00 PM, End: September 12, 10:00 PM
09-11 22:04:46.644  19155-19177/org.dwallach.calwatch V/CalendarFetcher﹕ Found visible event. Title(Microsoft Info Session), calID(10), eventColor(0), eventColorKey(null), displayColor(ff42d692), ID(2857), originalID( null)
09-11 22:04:46.644  19155-19177/org.dwallach.calwatch V/CalendarFetcher﹕ --> Start: September 12, 4:00 PM, End: September 12, 5:00 PM
09-11 22:04:46.644  19155-19177/org.dwallach.calwatch V/CalendarFetcher﹕ --> Clip: September 11, 10:00 PM, End: September 12, 10:00 PM
09-11 22:04:46.644  19155-19177/org.dwallach.calwatch V/CalendarFetcher﹕ Found visible event. Title(Lina), calID(31), eventColor(0), eventColorKey(null), displayColor(ffff7537), ID(2866), originalID( null)
09-11 22:04:46.644  19155-19177/org.dwallach.calwatch V/CalendarFetcher﹕ --> Start: September 12, 4:30 PM, End: September 12, 5:30 PM
09-11 22:04:46.654  19155-19177/org.dwallach.calwatch V/CalendarFetcher﹕ --> Clip: September 11, 10:00 PM, End: September 12, 10:00 PM
09-11 22:04:46.654  19155-19175/org.dwallach.calwatch V/ClockState﹕ no events to compute visibility over
09-11 22:04:46.654  19155-19175/org.dwallach.calwatch V/ClockFace﹕ clearing caches
09-11 22:04:46.654  19155-19175/org.dwallach.calwatch V/ClockState﹕ no events to compute visibility over
09-11 22:04:46.654  19155-19175/org.dwallach.calwatch V/ClockFace﹕ eventList still null after update; giving up
09-11 22:04:46.654  19155-19175/org.dwallach.calwatch V/ClockFace﹕ rendering new face, faceMode(2)
09-11 22:04:46.654  19155-19177/org.dwallach.calwatch V/CalendarFetcher﹕ database found events(9)
09-11 22:04:46.654  19155-19177/org.dwallach.calwatch V/WatchCalendarService﹕ New calendar state to send to watch!
09-11 22:04:46.654  19155-19177/org.dwallach.calwatch V/PhoneActivity﹕ Noticed a change in the clock state; saving preferences
09-11 22:04:46.654  19155-19177/org.dwallach.calwatch V/PhoneActivity﹕ savePreferences
09-11 22:04:46.654  19155-19177/org.dwallach.calwatch V/ClockFace﹕ clearing caches
09-11 22:04:46.654  19155-19177/org.dwallach.calwatch V/ClockState﹕ clipStart: 1410472800000 clipEnd: 1410516000000
09-11 22:04:46.654  19155-19177/org.dwallach.calwatch V/ClockState﹕ maxLevel for new events: 0
09-11 22:04:46.654  19155-19177/org.dwallach.calwatch V/ClockState﹕ number of new events: 3
09-11 22:04:46.654  19155-19177/org.dwallach.calwatch V/WatchCalendarService﹕ internal clock state changed: time to send all to the watch
09-11 22:04:46.664  19155-19175/org.dwallach.calwatch V/ClockFace﹕ fetching new battery status (11)
09-11 22:04:46.664  19155-19175/org.dwallach.calwatch V/ClockFace﹕ battery at 1.0
09-11 22:04:46.664  19155-19177/org.dwallach.calwatch V/WearSender﹕ preparing event list for transmission, length(249 bytes)
09-11 22:04:46.664  19155-19177/org.dwallach.calwatch V/WearSender﹕ ready to send request
09-11 22:04:46.674  19155-19216/org.dwallach.calwatch V/WearSender﹕ Sending to node: ea18e089-4892-44b0-b376-c3222145c6ee
09-11 22:04:46.684  19155-19175/org.dwallach.calwatch V/ClockFace﹕ rendering new face, faceMode(2)
09-11 22:04:48.944  19155-19175/org.dwallach.calwatch D/dalvikvm﹕ GC_FOR_ALLOC freed 447K, 14% free 17983K/20904K, paused 11ms, total 12ms
09-11 22:04:50.894  19155-19155/org.dwallach.calwatch V/WatchReceiver﹕ received intent: Intent { act=org.dwallach.calwatch.WAKE flg=0x30 cmp=org.dwallach.calwatch/.WatchReceiver }
09-11 22:04:50.894  19155-19155/org.dwallach.calwatch V/WatchReceiver﹕ boot-time: set up alarm intent
09-11 22:04:50.894  19155-19391/org.dwallach.calwatch V/WatchReceiver﹕ setting up alarm service
09-11 22:04:50.964  19155-19155/org.dwallach.calwatch V/WatchReceiver﹕ received intent: Intent { flg=0x14 cmp=org.dwallach.calwatch/.WatchReceiver (has extras) }
09-11 22:04:50.964  19155-19155/org.dwallach.calwatch V/WatchReceiver﹕ attempting to kickstart the watch calendar service
09-11 22:04:52.864  19155-19175/org.dwallach.calwatch D/dalvikvm﹕ GC_FOR_ALLOC freed 492K, 15% free 18000K/20968K, paused 12ms, total 14ms
    --------- beginning of system
09-11 22:05:08.146    1726-1726/org.dwallach.calwatch V/WearActivity﹕ starting onCreate
09-11 22:05:08.196    1726-1726/org.dwallach.calwatch V/WearActivity﹕ initializing ambient watcher
09-11 22:05:08.196    1726-1726/org.dwallach.calwatch V/WearActivity﹕ Resume!
09-11 22:05:08.206    1726-1726/org.dwallach.calwatch V/WearActivity﹕ initializing ambient watcher
09-11 22:05:08.226    1726-1726/org.dwallach.calwatch V/WearReceiverService﹕ starting listening service
09-11 22:05:08.236    1726-1726/org.dwallach.calwatch V/WearReceiverService﹕ onCreate!
09-11 22:05:08.236    1726-1726/org.dwallach.calwatch V/WearReceiverService﹕ Trying to connect to GoogleApi
09-11 22:05:08.376    1726-1726/org.dwallach.calwatch V/WearReceiverService﹕ service starting!
09-11 22:05:08.376    1726-1726/org.dwallach.calwatch V/WearReceiverService﹕ pinging phone for data
09-11 22:05:08.376    1726-1726/org.dwallach.calwatch E/WearReceiverService﹕ pingPhone: No GoogleAPI?!
09-11 22:05:08.396    1726-1726/org.dwallach.calwatch V/MyViewAnim﹕ setup!
09-11 22:05:08.396    1726-1726/org.dwallach.calwatch V/ClockFace﹕ ClockFace setup!
09-11 22:05:08.396    1726-1726/org.dwallach.calwatch V/ClockFace﹕ clearing caches
09-11 22:05:08.396    1726-1726/org.dwallach.calwatch V/ClockState﹕ no events to compute visibility over
09-11 22:05:08.406    1726-1726/org.dwallach.calwatch V/WearActivity﹕ starting data API receiver
09-11 22:05:08.416    1726-1726/org.dwallach.calwatch W/Adreno-GSL﹕ <ioctl_kgsl_device_getproperty:675>: mmap failed: errno 22 Invalid argument
09-11 22:05:08.416    1726-1726/org.dwallach.calwatch I/Adreno-EGL﹕ <eglInitialize:410>: EGL 1.4 QUALCOMM Build: I5d7f7da02100184b19feffeee8491ca4cec45d7bDate: 05/27/14
09-11 22:05:08.466    1726-1726/org.dwallach.calwatch D/OpenGLRenderer﹕ Enabling debug mode 0
09-11 22:05:08.486    1726-1726/org.dwallach.calwatch V/MyViewAnim﹕ Drawing surface created!
09-11 22:05:08.486    1726-1726/org.dwallach.calwatch V/ClockFace﹕ clearing caches
09-11 22:05:08.486    1726-1726/org.dwallach.calwatch V/MyViewAnim﹕ new animator starting
09-11 22:05:08.496    1726-1726/org.dwallach.calwatch V/MyViewAnim﹕ Time listener is up!
09-11 22:05:08.496    1726-1726/org.dwallach.calwatch V/MyViewAnim﹕ starting draw thread from scratch
09-11 22:05:08.496    1726-1726/org.dwallach.calwatch V/MyViewAnim﹕ Drawing surface changed!
09-11 22:05:08.496    1726-1726/org.dwallach.calwatch V/ClockFace﹕ clearing caches
09-11 22:05:08.496    1726-1726/org.dwallach.calwatch V/MyViewAnim﹕ resuming old animator!
09-11 22:05:08.496    1726-1726/org.dwallach.calwatch V/ClockFace﹕ clearing caches
09-11 22:05:08.526    1726-1741/org.dwallach.calwatch V/ClockState﹕ no events to compute visibility over
09-11 22:05:08.526    1726-1741/org.dwallach.calwatch V/ClockFace﹕ clearing caches
09-11 22:05:08.526    1726-1726/org.dwallach.calwatch D/WearableClient﹕ WearableClientImpl.onPostInitHandler: done
09-11 22:05:08.526    1726-1741/org.dwallach.calwatch V/ClockState﹕ no events to compute visibility over
09-11 22:05:08.526    1726-1741/org.dwallach.calwatch V/ClockFace﹕ eventList still null after update; giving up
09-11 22:05:08.536    1726-1741/org.dwallach.calwatch V/ClockFace﹕ rendering new face, faceMode(0)
09-11 22:05:08.596    1726-1741/org.dwallach.calwatch V/ClockFace﹕ fetching new battery status (1)
09-11 22:05:08.596    1726-1741/org.dwallach.calwatch V/ClockFace﹕ battery at 1.0
09-11 22:05:08.626    1726-1741/org.dwallach.calwatch V/ClockState﹕ no events to compute visibility over
09-11 22:05:08.626    1726-1741/org.dwallach.calwatch V/ClockFace﹕ clearing caches
09-11 22:05:08.636    1726-1741/org.dwallach.calwatch V/ClockState﹕ no events to compute visibility over
09-11 22:05:08.636    1726-1741/org.dwallach.calwatch V/ClockFace﹕ eventList still null after update; giving up
09-11 22:05:08.636    1726-1741/org.dwallach.calwatch V/ClockFace﹕ rendering new face, faceMode(0)
09-11 22:05:08.666    1726-1741/org.dwallach.calwatch V/ClockFace﹕ fetching new battery status (2)
09-11 22:05:08.666    1726-1741/org.dwallach.calwatch V/ClockFace﹕ battery at 1.0
09-11 22:05:08.686    1726-1741/org.dwallach.calwatch V/ClockState﹕ no events to compute visibility over
09-11 22:05:08.696    1726-1741/org.dwallach.calwatch V/ClockFace﹕ clearing caches
09-11 22:05:08.696    1726-1741/org.dwallach.calwatch V/ClockState﹕ no events to compute visibility over
09-11 22:05:08.696    1726-1741/org.dwallach.calwatch V/ClockFace﹕ eventList still null after update; giving up
09-11 22:05:08.696    1726-1741/org.dwallach.calwatch V/ClockFace﹕ rendering new face, faceMode(0)
09-11 22:05:08.716    1726-1726/org.dwallach.calwatch V/WearReceiverService﹕ Connected to Google Api Service
09-11 22:05:08.726    1726-1726/org.dwallach.calwatch V/WearReceiverService﹕ pinging phone for data
09-11 22:05:08.746    1726-1726/org.dwallach.calwatch V/WearActivity﹕ display changed: 21, new state: 2
09-11 22:05:08.756    1726-1726/org.dwallach.calwatch I/ClockFace﹕ Ambient mode: false
09-11 22:05:08.756    1726-1726/org.dwallach.calwatch V/WearActivity﹕ onDisplayChanged: on!
09-11 22:05:08.786    1726-1741/org.dwallach.calwatch V/ClockFace﹕ fetching new battery status (3)
09-11 22:05:08.786    1726-1741/org.dwallach.calwatch V/ClockFace﹕ battery at 1.0
09-11 22:05:08.816    1726-1741/org.dwallach.calwatch V/ClockState﹕ no events to compute visibility over
09-11 22:05:08.826    1726-1741/org.dwallach.calwatch V/ClockFace﹕ clearing caches
09-11 22:05:08.826    1726-1738/org.dwallach.calwatch D/dalvikvm﹕ GC_FOR_ALLOC freed 256K, 5% free 5800K/6092K, paused 27ms, total 28ms
09-11 22:05:08.826    1726-1741/org.dwallach.calwatch V/ClockState﹕ no events to compute visibility over
09-11 22:05:08.826    1726-1741/org.dwallach.calwatch V/ClockFace﹕ eventList still null after update; giving up
09-11 22:05:08.826    1726-1741/org.dwallach.calwatch V/ClockFace﹕ rendering new face, faceMode(0)
09-11 22:05:08.846    1726-1743/org.dwallach.calwatch V/WearReceiverService﹕ Sending to node: e12e6647-0917-4594-a0b8-f42d78390f6d
09-11 22:05:08.856    1726-1741/org.dwallach.calwatch V/ClockFace﹕ fetching new battery status (4)
09-11 22:05:08.856    1726-1741/org.dwallach.calwatch V/ClockFace﹕ battery at 1.0
09-11 22:05:08.866    1726-1743/org.dwallach.calwatch V/WearReceiverService﹕ ping delivered!
09-11 22:05:08.876    1726-1741/org.dwallach.calwatch V/ClockState﹕ no events to compute visibility over
09-11 22:05:08.886    1726-1741/org.dwallach.calwatch V/ClockFace﹕ clearing caches
09-11 22:05:08.886    1726-1741/org.dwallach.calwatch V/ClockState﹕ no events to compute visibility over
09-11 22:05:08.886    1726-1741/org.dwallach.calwatch V/ClockFace﹕ eventList still null after update; giving up
09-11 22:05:08.886    1726-1741/org.dwallach.calwatch V/ClockFace﹕ rendering new face, faceMode(0)
09-11 22:05:08.906    1726-1741/org.dwallach.calwatch V/ClockFace﹕ fetching new battery status (5)
09-11 22:05:08.906    1726-1741/org.dwallach.calwatch V/ClockFace﹕ battery at 1.0
09-11 22:05:08.936    1726-1741/org.dwallach.calwatch V/ClockState﹕ no events to compute visibility over
09-11 22:05:08.936    1726-1741/org.dwallach.calwatch V/ClockFace﹕ clearing caches
09-11 22:05:08.946    1726-1741/org.dwallach.calwatch V/ClockState﹕ no events to compute visibility over
09-11 22:05:08.946    1726-1741/org.dwallach.calwatch V/ClockFace﹕ eventList still null after update; giving up
09-11 22:05:08.946    1726-1741/org.dwallach.calwatch V/ClockFace﹕ rendering new face, faceMode(0)
09-11 22:05:08.956    1726-1741/org.dwallach.calwatch V/ClockFace﹕ fetching new battery status (6)
09-11 22:05:08.966    1726-1741/org.dwallach.calwatch V/ClockFace﹕ battery at 1.0
09-11 22:05:08.986    1726-1741/org.dwallach.calwatch V/ClockState﹕ no events to compute visibility over
09-11 22:05:08.986    1726-1741/org.dwallach.calwatch V/ClockFace﹕ clearing caches
09-11 22:05:08.986    1726-1741/org.dwallach.calwatch V/ClockState﹕ no events to compute visibility over
09-11 22:05:08.986    1726-1741/org.dwallach.calwatch V/ClockFace﹕ eventList still null after update; giving up
09-11 22:05:08.986    1726-1741/org.dwallach.calwatch V/ClockFace﹕ rendering new face, faceMode(0)
09-11 22:05:09.006    1726-1741/org.dwallach.calwatch V/ClockFace﹕ fetching new battery status (7)
09-11 22:05:09.006    1726-1741/org.dwallach.calwatch V/ClockFace﹕ battery at 1.0
09-11 22:05:09.016    1726-1741/org.dwallach.calwatch V/ClockState﹕ no events to compute visibility over
09-11 22:05:09.016    1726-1741/org.dwallach.calwatch V/ClockFace﹕ clearing caches
09-11 22:05:09.016    1726-1741/org.dwallach.calwatch V/ClockState﹕ no events to compute visibility over
09-11 22:05:09.016    1726-1741/org.dwallach.calwatch V/ClockFace﹕ eventList still null after update; giving up
09-11 22:05:09.016    1726-1741/org.dwallach.calwatch V/ClockFace﹕ rendering new face, faceMode(0)
09-11 22:05:09.036    1726-1741/org.dwallach.calwatch V/ClockFace﹕ fetching new battery status (8)
09-11 22:05:09.036    1726-1741/org.dwallach.calwatch V/ClockFace﹕ battery at 1.0
09-11 22:05:09.056    1726-1741/org.dwallach.calwatch V/ClockState﹕ no events to compute visibility over
09-11 22:05:09.056    1726-1741/org.dwallach.calwatch V/ClockFace﹕ clearing caches
09-11 22:05:09.056    1726-1741/org.dwallach.calwatch V/ClockState﹕ no events to compute visibility over
09-11 22:05:09.056    1726-1741/org.dwallach.calwatch V/ClockFace﹕ eventList still null after update; giving up
09-11 22:05:09.056    1726-1741/org.dwallach.calwatch V/ClockFace﹕ rendering new face, faceMode(0)
09-11 22:05:09.066    1726-1741/org.dwallach.calwatch V/ClockFace﹕ fetching new battery status (9)
09-11 22:05:09.066    1726-1741/org.dwallach.calwatch V/ClockFace﹕ battery at 1.0
09-11 22:05:09.086    1726-1741/org.dwallach.calwatch V/ClockState﹕ no events to compute visibility over
09-11 22:05:09.086    1726-1741/org.dwallach.calwatch V/ClockFace﹕ clearing caches
09-11 22:05:09.086    1726-1741/org.dwallach.calwatch V/ClockState﹕ no events to compute visibility over
09-11 22:05:09.086    1726-1741/org.dwallach.calwatch V/ClockFace﹕ eventList still null after update; giving up
09-11 22:05:09.086    1726-1741/org.dwallach.calwatch V/ClockFace﹕ rendering new face, faceMode(0)
09-11 22:05:09.106    1726-1741/org.dwallach.calwatch V/ClockFace﹕ fetching new battery status (10)
09-11 22:05:09.106    1726-1741/org.dwallach.calwatch V/ClockFace﹕ battery at 1.0
09-11 22:05:09.116    1726-1741/org.dwallach.calwatch V/ClockState﹕ no events to compute visibility over
09-11 22:05:09.116    1726-1741/org.dwallach.calwatch V/ClockFace﹕ clearing caches
09-11 22:05:09.116    1726-1741/org.dwallach.calwatch V/ClockState﹕ no events to compute visibility over
09-11 22:05:09.116    1726-1741/org.dwallach.calwatch V/ClockFace﹕ eventList still null after update; giving up
09-11 22:05:09.126    1726-1741/org.dwallach.calwatch V/ClockFace﹕ rendering new face, faceMode(0)
09-11 22:05:09.136    1726-1741/org.dwallach.calwatch V/ClockFace﹕ fetching new battery status (11)
09-11 22:05:09.136    1726-1741/org.dwallach.calwatch V/ClockFace﹕ battery at 1.0
09-11 22:05:09.156    1726-1741/org.dwallach.calwatch V/ClockState﹕ no events to compute visibility over
09-11 22:05:09.156    1726-1741/org.dwallach.calwatch V/ClockFace﹕ clearing caches
09-11 22:05:09.156    1726-1741/org.dwallach.calwatch V/ClockState﹕ no events to compute visibility over
09-11 22:05:09.156    1726-1741/org.dwallach.calwatch V/ClockFace﹕ eventList still null after update; giving up
09-11 22:05:09.156    1726-1741/org.dwallach.calwatch V/ClockFace﹕ rendering new face, faceMode(0)
09-11 22:05:09.166    1726-1741/org.dwallach.calwatch V/ClockFace﹕ fetching new battery status (12)
09-11 22:05:09.166    1726-1741/org.dwallach.calwatch V/ClockFace﹕ battery at 1.0
09-11 22:05:09.186    1726-1741/org.dwallach.calwatch V/ClockState﹕ no events to compute visibility over
09-11 22:05:09.186    1726-1741/org.dwallach.calwatch V/ClockFace﹕ clearing caches
09-11 22:05:09.186    1726-1741/org.dwallach.calwatch V/ClockState﹕ no events to compute visibility over
09-11 22:05:09.186    1726-1741/org.dwallach.calwatch V/ClockFace﹕ eventList still null after update; giving up
09-11 22:05:09.186    1726-1741/org.dwallach.calwatch V/ClockFace﹕ rendering new face, faceMode(0)
09-11 22:05:09.206    1726-1741/org.dwallach.calwatch V/ClockFace﹕ fetching new battery status (13)
09-11 22:05:09.206    1726-1741/org.dwallach.calwatch V/ClockFace﹕ battery at 1.0
09-11 22:05:09.216    1726-1741/org.dwallach.calwatch V/ClockState﹕ no events to compute visibility over
09-11 22:05:09.216    1726-1741/org.dwallach.calwatch V/ClockFace﹕ clearing caches
09-11 22:05:09.216    1726-1741/org.dwallach.calwatch V/ClockState﹕ no events to compute visibility over
09-11 22:05:09.226    1726-1741/org.dwallach.calwatch V/ClockFace﹕ eventList still null after update; giving up
09-11 22:05:09.226    1726-1741/org.dwallach.calwatch V/ClockFace﹕ rendering new face, faceMode(0)
09-11 22:05:09.236    1726-1741/org.dwallach.calwatch V/ClockFace﹕ fetching new battery status (14)
09-11 22:05:09.236    1726-1741/org.dwallach.calwatch V/ClockFace﹕ battery at 1.0
09-11 22:05:09.256    1726-1741/org.dwallach.calwatch V/ClockState﹕ no events to compute visibility over
09-11 22:05:09.256    1726-1741/org.dwallach.calwatch V/ClockFace﹕ clearing caches
09-11 22:05:09.256    1726-1741/org.dwallach.calwatch V/ClockState﹕ no events to compute visibility over
09-11 22:05:09.256    1726-1741/org.dwallach.calwatch V/ClockFace﹕ eventList still null after update; giving up
09-11 22:05:09.256    1726-1741/org.dwallach.calwatch V/ClockFace﹕ rendering new face, faceMode(0)
09-11 22:05:09.266    1726-1741/org.dwallach.calwatch V/ClockFace﹕ fetching new battery status (15)
09-11 22:05:09.276    1726-1741/org.dwallach.calwatch V/ClockFace﹕ battery at 1.0
09-11 22:05:09.286    1726-1741/org.dwallach.calwatch V/ClockState﹕ no events to compute visibility over
09-11 22:05:09.286    1726-1741/org.dwallach.calwatch V/ClockFace﹕ clearing caches
09-11 22:05:09.286    1726-1741/org.dwallach.calwatch V/ClockState﹕ no events to compute visibility over
09-11 22:05:09.286    1726-1741/org.dwallach.calwatch V/ClockFace﹕ eventList still null after update; giving up
09-11 22:05:09.286    1726-1741/org.dwallach.calwatch V/ClockFace﹕ rendering new face, faceMode(0)
09-11 22:05:09.306    1726-1741/org.dwallach.calwatch V/ClockFace﹕ fetching new battery status (16)
09-11 22:05:09.306    1726-1741/org.dwallach.calwatch V/ClockFace﹕ battery at 1.0
09-11 22:05:09.316    1726-1741/org.dwallach.calwatch V/ClockState﹕ no events to compute visibility over
09-11 22:05:09.326    1726-1741/org.dwallach.calwatch V/ClockFace﹕ clearing caches
09-11 22:05:09.326    1726-1741/org.dwallach.calwatch V/ClockState﹕ no events to compute visibility over
09-11 22:05:09.326    1726-1741/org.dwallach.calwatch V/ClockFace﹕ eventList still null after update; giving up
09-11 22:05:09.326    1726-1741/org.dwallach.calwatch V/ClockFace﹕ rendering new face, faceMode(0)
09-11 22:05:09.336    1726-1741/org.dwallach.calwatch V/ClockFace﹕ fetching new battery status (17)
09-11 22:05:09.336    1726-1741/org.dwallach.calwatch V/ClockFace﹕ battery at 1.0
09-11 22:05:09.356    1726-1741/org.dwallach.calwatch V/ClockState﹕ no events to compute visibility over
09-11 22:05:09.356    1726-1741/org.dwallach.calwatch V/ClockFace﹕ clearing caches
09-11 22:05:09.356    1726-1741/org.dwallach.calwatch V/ClockState﹕ no events to compute visibility over
09-11 22:05:09.356    1726-1741/org.dwallach.calwatch V/ClockFace﹕ eventList still null after update; giving up
09-11 22:05:09.356    1726-1741/org.dwallach.calwatch V/ClockFace﹕ rendering new face, faceMode(0)
09-11 22:05:09.376    1726-1741/org.dwallach.calwatch V/ClockFace﹕ fetching new battery status (18)
09-11 22:05:09.376    1726-1741/org.dwallach.calwatch V/ClockFace﹕ battery at 1.0
09-11 22:05:09.386    1726-1741/org.dwallach.calwatch V/ClockState﹕ no events to compute visibility over
09-11 22:05:09.386    1726-1741/org.dwallach.calwatch V/ClockFace﹕ clearing caches
09-11 22:05:09.386    1726-1741/org.dwallach.calwatch V/ClockState﹕ no events to compute visibility over
09-11 22:05:09.386    1726-1741/org.dwallach.calwatch V/ClockFace﹕ eventList still null after update; giving up
09-11 22:05:09.396    1726-1741/org.dwallach.calwatch V/ClockFace﹕ rendering new face, faceMode(0)
09-11 22:05:09.406    1726-1741/org.dwallach.calwatch V/ClockFace﹕ fetching new battery status (19)
09-11 22:05:09.406    1726-1741/org.dwallach.calwatch V/ClockFace﹕ battery at 1.0
09-11 22:05:09.426    1726-1741/org.dwallach.calwatch V/ClockState﹕ no events to compute visibility over
09-11 22:05:09.426    1726-1741/org.dwallach.calwatch V/ClockFace﹕ clearing caches
09-11 22:05:09.426    1726-1741/org.dwallach.calwatch V/ClockState﹕ no events to compute visibility over
09-11 22:05:09.426    1726-1741/org.dwallach.calwatch V/ClockFace﹕ eventList still null after update; giving up
09-11 22:05:09.426    1726-1741/org.dwallach.calwatch V/ClockFace﹕ rendering new face, faceMode(0)
09-11 22:05:09.436    1726-1741/org.dwallach.calwatch V/ClockFace﹕ fetching new battery status (20)
09-11 22:05:09.436    1726-1741/org.dwallach.calwatch V/ClockFace﹕ battery at 1.0
09-11 22:05:09.456    1726-1741/org.dwallach.calwatch V/ClockState﹕ no events to compute visibility over
09-11 22:05:09.456    1726-1741/org.dwallach.calwatch V/ClockFace﹕ clearing caches
09-11 22:05:09.456    1726-1741/org.dwallach.calwatch V/ClockState﹕ no events to compute visibility over
09-11 22:05:09.456    1726-1741/org.dwallach.calwatch V/ClockFace﹕ eventList still null after update; giving up
09-11 22:05:09.456    1726-1741/org.dwallach.calwatch V/ClockFace﹕ rendering new face, faceMode(0)
09-11 22:05:09.476    1726-1741/org.dwallach.calwatch V/ClockFace﹕ fetching new battery status (21)
09-11 22:05:09.476    1726-1741/org.dwallach.calwatch V/ClockFace﹕ battery at 1.0
09-11 22:05:09.486    1726-1741/org.dwallach.calwatch V/ClockState﹕ no events to compute visibility over
09-11 22:05:09.486    1726-1741/org.dwallach.calwatch V/ClockFace﹕ clearing caches
09-11 22:05:09.486    1726-1741/org.dwallach.calwatch V/ClockState﹕ no events to compute visibility over
09-11 22:05:09.496    1726-1741/org.dwallach.calwatch V/ClockFace﹕ eventList still null after update; giving up
09-11 22:05:09.496    1726-1741/org.dwallach.calwatch V/ClockFace﹕ rendering new face, faceMode(0)
09-11 22:05:09.506    1726-1741/org.dwallach.calwatch V/ClockFace﹕ fetching new battery status (22)
09-11 22:05:09.506    1726-1741/org.dwallach.calwatch V/ClockFace﹕ battery at 1.0
09-11 22:05:09.526    1726-1741/org.dwallach.calwatch V/ClockState﹕ no events to compute visibility over
09-11 22:05:09.526    1726-1741/org.dwallach.calwatch V/ClockFace﹕ clearing caches
09-11 22:05:09.526    1726-1741/org.dwallach.calwatch V/ClockState﹕ no events to compute visibility over
09-11 22:05:09.526    1726-1741/org.dwallach.calwatch V/ClockFace﹕ eventList still null after update; giving up
09-11 22:05:09.526    1726-1741/org.dwallach.calwatch V/ClockFace﹕ rendering new face, faceMode(0)
09-11 22:05:09.536    1726-1741/org.dwallach.calwatch V/ClockFace﹕ fetching new battery status (23)
09-11 22:05:09.536    1726-1741/org.dwallach.calwatch V/ClockFace﹕ battery at 1.0
09-11 22:05:09.556    1726-1741/org.dwallach.calwatch V/ClockState﹕ no events to compute visibility over
09-11 22:05:09.556    1726-1741/org.dwallach.calwatch V/ClockFace﹕ clearing caches
09-11 22:05:09.556    1726-1741/org.dwallach.calwatch V/ClockState﹕ no events to compute visibility over
09-11 22:05:09.556    1726-1741/org.dwallach.calwatch V/ClockFace﹕ eventList still null after update; giving up
09-11 22:05:09.556    1726-1741/org.dwallach.calwatch V/ClockFace﹕ rendering new face, faceMode(0)
09-11 22:05:09.576    1726-1741/org.dwallach.calwatch V/ClockFace﹕ fetching new battery status (24)
09-11 22:05:09.576    1726-1741/org.dwallach.calwatch V/ClockFace﹕ battery at 1.0
09-11 22:05:09.586    1726-1741/org.dwallach.calwatch V/ClockState﹕ no events to compute visibility over
09-11 22:05:09.586    1726-1741/org.dwallach.calwatch V/ClockFace﹕ clearing caches
09-11 22:05:09.586    1726-1741/org.dwallach.calwatch V/ClockState﹕ no events to compute visibility over
09-11 22:05:09.596    1726-1741/org.dwallach.calwatch V/ClockFace﹕ eventList still null after update; giving up
09-11 22:05:09.596    1726-1741/org.dwallach.calwatch V/ClockFace﹕ rendering new face, faceMode(0)
09-11 22:05:09.606    1726-1741/org.dwallach.calwatch V/ClockFace﹕ fetching new battery status (25)
