10-09 14:12:37.628    1752-1778/? E/WindowState﹕ getStack: Window{adfa0448 u0 com.google.android.apps.wearable.settings/com.google.android.clockwork.settings.SettingsActivity EXITING} couldn't find taskId=55 Callers=com.android.server.wm.WindowState.getDisplayContent:721 com.android.server.wm.WindowManagerService.handleNotObscuredLocked:8982 com.android.server.wm.WindowManagerService.performLayoutAndPlaceSurfacesLockedInner:9206 com.android.server.wm.WindowManagerService.performLayoutAndPlaceSurfacesLockedLoop:8325
10-09 14:12:37.628    1752-1778/? E/WindowState﹕ getStack: Window{adfa0448 u0 com.google.android.apps.wearable.settings/com.google.android.clockwork.settings.SettingsActivity EXITING} couldn't find taskId=55 Callers=com.android.server.wm.WindowState.getDisplayContent:721 com.android.server.wm.WindowStateAnimator.updateSurfaceWindowCrop:1119 com.android.server.wm.WindowStateAnimator.setSurfaceBoundariesLocked:1241 com.android.server.wm.WindowManagerService.performLayoutAndPlaceSurfacesLockedInner:9277
10-09 14:12:37.638    1752-1778/? E/WindowState﹕ getStack: Window{adfa0448 u0 com.google.android.apps.wearable.settings/com.google.android.clockwork.settings.SettingsActivity EXITING} couldn't find taskId=55 Callers=com.android.server.wm.WindowState.getDisplayContent:721 com.android.server.wm.WindowState.isDefaultDisplay:1218 com.android.server.wm.WindowStateAnimator.updateSurfaceWindowCrop:1130 com.android.server.wm.WindowStateAnimator.setSurfaceBoundariesLocked:1241
10-09 14:12:37.638    1752-1778/? E/WindowState﹕ getStack: Window{adfa0448 u0 com.google.android.apps.wearable.settings/com.google.android.clockwork.settings.SettingsActivity EXITING} couldn't find taskId=55 Callers=com.android.server.wm.WindowState.getDisplayContent:721 com.android.server.wm.WindowState.isDefaultDisplay:1223 com.android.server.wm.WindowStateAnimator.updateSurfaceWindowCrop:1130 com.android.server.wm.WindowStateAnimator.setSurfaceBoundariesLocked:1241
10-09 14:12:37.638    1752-1778/? E/WindowState﹕ getStack: Window{adfa0448 u0 com.google.android.apps.wearable.settings/com.google.android.clockwork.settings.SettingsActivity EXITING} couldn't find taskId=55 Callers=com.android.server.wm.DisplayContent.setTouchExcludeRegion:237 com.android.server.wm.WindowManagerService.setFocusedStackFrame:3838 com.android.server.wm.WindowManagerService.performLayoutAndPlaceSurfacesLockedInner:9589 com.android.server.wm.WindowManagerService.performLayoutAndPlaceSurfacesLockedLoop:8325
10-09 14:12:37.668    1752-1778/? E/WindowState﹕ getStack: Window{adfa0448 u0 com.google.android.apps.wearable.settings/com.google.android.clockwork.settings.SettingsActivity EXITING} couldn't find taskId=55 Callers=com.android.server.wm.WindowState.getDisplayContent:721 com.android.server.wm.WindowStateAnimator.stepAnimationLocked:263 com.android.server.wm.WindowAnimator.updateWindowsLocked:225 com.android.server.wm.WindowAnimator.animateLocked:508
10-09 14:12:37.668    1752-1778/? E/WindowState﹕ getStack: Window{adfa0448 u0 com.google.android.apps.wearable.settings/com.google.android.clockwork.settings.SettingsActivity EXITING} couldn't find taskId=55 Callers=com.android.server.wm.WindowState.getDisplayContent:721 com.android.server.wm.WindowState.getDisplayId:726 com.android.server.wm.WindowStateAnimator.computeShownFrameLocked:912 com.android.server.wm.WindowStateAnimator.prepareSurfaceLocked:1258
10-09 14:12:37.668    1752-1778/? E/WindowState﹕ getStack: Window{adfa0448 u0 com.google.android.apps.wearable.settings/com.google.android.clockwork.settings.SettingsActivity EXITING} couldn't find taskId=55 Callers=com.android.server.wm.WindowState.getDisplayContent:721 com.android.server.wm.WindowStateAnimator.updateSurfaceWindowCrop:1119 com.android.server.wm.WindowStateAnimator.setSurfaceBoundariesLocked:1241 com.android.server.wm.WindowStateAnimator.prepareSurfaceLocked:1260
10-09 14:12:37.688    1752-1778/? E/WindowState﹕ getStack: Window{adfa0448 u0 com.google.android.apps.wearable.settings/com.google.android.clockwork.settings.SettingsActivity EXITING} couldn't find taskId=55 Callers=com.android.server.wm.WindowState.getDisplayContent:721 com.android.server.wm.WindowState.isDefaultDisplay:1218 com.android.server.wm.WindowStateAnimator.updateSurfaceWindowCrop:1130 com.android.server.wm.WindowStateAnimator.setSurfaceBoundariesLocked:1241
10-09 14:12:37.698    1752-1778/? E/WindowState﹕ getStack: Window{adfa0448 u0 com.google.android.apps.wearable.settings/com.google.android.clockwork.settings.SettingsActivity EXITING} couldn't find taskId=55 Callers=com.android.server.wm.WindowState.getDisplayContent:721 com.android.server.wm.WindowState.isDefaultDisplay:1223 com.android.server.wm.WindowStateAnimator.updateSurfaceWindowCrop:1130 com.android.server.wm.WindowStateAnimator.setSurfaceBoundariesLocked:1241
10-09 14:12:37.698    1752-1763/? E/WindowState﹕ getStack: Window{adfa0448 u0 com.google.android.apps.wearable.settings/com.google.android.clockwork.settings.SettingsActivity EXITING} couldn't find taskId=55 Callers=com.android.server.wm.WindowManagerService.performLayoutAndPlaceSurfacesLockedInner:9196 com.android.server.wm.WindowManagerService.performLayoutAndPlaceSurfacesLockedLoop:8325 com.android.server.wm.WindowManagerService.performLayoutAndPlaceSurfacesLocked:8267 com.android.server.wm.WindowManagerService.relayoutWindow:3060
10-09 14:12:37.698    1752-1763/? E/WindowState﹕ getStack: Window{adfa0448 u0 com.google.android.apps.wearable.settings/com.google.android.clockwork.settings.SettingsActivity EXITING} couldn't find taskId=55 Callers=com.android.server.wm.WindowState.getDisplayContent:721 com.android.server.wm.WindowManagerService.handleNotObscuredLocked:8982 com.android.server.wm.WindowManagerService.performLayoutAndPlaceSurfacesLockedInner:9206 com.android.server.wm.WindowManagerService.performLayoutAndPlaceSurfacesLockedLoop:8325
10-09 14:12:37.698    1752-1763/? E/WindowState﹕ getStack: Window{adfa0448 u0 com.google.android.apps.wearable.settings/com.google.android.clockwork.settings.SettingsActivity EXITING} couldn't find taskId=55 Callers=com.android.server.wm.WindowState.getDisplayContent:721 com.android.server.wm.WindowStateAnimator.updateSurfaceWindowCrop:1119 com.android.server.wm.WindowStateAnimator.setSurfaceBoundariesLocked:1241 com.android.server.wm.WindowManagerService.performLayoutAndPlaceSurfacesLockedInner:9277
10-09 14:12:37.698    1752-1763/? E/WindowState﹕ getStack: Window{adfa0448 u0 com.google.android.apps.wearable.settings/com.google.android.clockwork.settings.SettingsActivity EXITING} couldn't find taskId=55 Callers=com.android.server.wm.WindowState.getDisplayContent:721 com.android.server.wm.WindowState.isDefaultDisplay:1218 com.android.server.wm.WindowStateAnimator.updateSurfaceWindowCrop:1130 com.android.server.wm.WindowStateAnimator.setSurfaceBoundariesLocked:1241
10-09 14:12:37.698    1752-1763/? E/WindowState﹕ getStack: Window{adfa0448 u0 com.google.android.apps.wearable.settings/com.google.android.clockwork.settings.SettingsActivity EXITING} couldn't find taskId=55 Callers=com.android.server.wm.WindowState.getDisplayContent:721 com.android.server.wm.WindowState.isDefaultDisplay:1223 com.android.server.wm.WindowStateAnimator.updateSurfaceWindowCrop:1130 com.android.server.wm.WindowStateAnimator.setSurfaceBoundariesLocked:1241
10-09 14:12:37.698    1752-1763/? E/WindowState﹕ getStack: Window{adfa0448 u0 com.google.android.apps.wearable.settings/com.google.android.clockwork.settings.SettingsActivity EXITING} couldn't find taskId=55 Callers=com.android.server.wm.DisplayContent.setTouchExcludeRegion:237 com.android.server.wm.WindowManagerService.setFocusedStackFrame:3838 com.android.server.wm.WindowManagerService.performLayoutAndPlaceSurfacesLockedInner:9589 com.android.server.wm.WindowManagerService.performLayoutAndPlaceSurfacesLockedLoop:8325
10-09 14:12:37.719    1752-1778/? E/WindowState﹕ getStack: Window{adfa0448 u0 com.google.android.apps.wearable.settings/com.google.android.clockwork.settings.SettingsActivity EXITING} couldn't find taskId=55 Callers=com.android.server.wm.WindowManagerService.performLayoutAndPlaceSurfacesLockedInner:9196 com.android.server.wm.WindowManagerService.performLayoutAndPlaceSurfacesLockedLoop:8325 com.android.server.wm.WindowManagerService.performLayoutAndPlaceSurfacesLocked:8267 com.android.server.wm.WindowManagerService.access$400:158
10-09 14:12:37.719    1752-1778/? E/WindowState﹕ getStack: Window{adfa0448 u0 com.google.android.apps.wearable.settings/com.google.android.clockwork.settings.SettingsActivity EXITING} couldn't find taskId=55 Callers=com.android.server.wm.WindowState.getDisplayContent:721 com.android.server.wm.WindowManagerService.handleNotObscuredLocked:8982 com.android.server.wm.WindowManagerService.performLayoutAndPlaceSurfacesLockedInner:9206 com.android.server.wm.WindowManagerService.performLayoutAndPlaceSurfacesLockedLoop:8325
10-09 14:12:37.719    1752-1778/? E/WindowState﹕ getStack: Window{adfa0448 u0 com.google.android.apps.wearable.settings/com.google.android.clockwork.settings.SettingsActivity EXITING} couldn't find taskId=55 Callers=com.android.server.wm.WindowState.getDisplayContent:721 com.android.server.wm.WindowStateAnimator.updateSurfaceWindowCrop:1119 com.android.server.wm.WindowStateAnimator.setSurfaceBoundariesLocked:1241 com.android.server.wm.WindowManagerService.performLayoutAndPlaceSurfacesLockedInner:9277
10-09 14:12:37.719    1752-1778/? E/WindowState﹕ getStack: Window{adfa0448 u0 com.google.android.apps.wearable.settings/com.google.android.clockwork.settings.SettingsActivity EXITING} couldn't find taskId=55 Callers=com.android.server.wm.WindowState.getDisplayContent:721 com.android.server.wm.WindowState.isDefaultDisplay:1218 com.android.server.wm.WindowStateAnimator.updateSurfaceWindowCrop:1130 com.android.server.wm.WindowStateAnimator.setSurfaceBoundariesLocked:1241
10-09 14:12:37.719    1752-1778/? E/WindowState﹕ getStack: Window{adfa0448 u0 com.google.android.apps.wearable.settings/com.google.android.clockwork.settings.SettingsActivity EXITING} couldn't find taskId=55 Callers=com.android.server.wm.WindowState.getDisplayContent:721 com.android.server.wm.WindowState.isDefaultDisplay:1223 com.android.server.wm.WindowStateAnimator.updateSurfaceWindowCrop:1130 com.android.server.wm.WindowStateAnimator.setSurfaceBoundariesLocked:1241
10-09 14:12:37.729    1752-1778/? W/WindowManager﹕ On display=0 Rebuild removed 2 windows but added 1
    java.lang.RuntimeException: here
            at com.android.server.wm.WindowManagerService.rebuildAppWindowListLocked(WindowManagerService.java:8172)
            at com.android.server.wm.WindowManagerService.rebuildAppWindowListLocked(WindowManagerService.java:8099)
            at com.android.server.wm.WindowManagerService.handleAppTransitionReadyLocked(WindowManagerService.java:8591)
            at com.android.server.wm.WindowManagerService.performLayoutAndPlaceSurfacesLockedInner(WindowManagerService.java:9367)
            at com.android.server.wm.WindowManagerService.performLayoutAndPlaceSurfacesLockedLoop(WindowManagerService.java:8325)
            at com.android.server.wm.WindowManagerService.performLayoutAndPlaceSurfacesLocked(WindowManagerService.java:8267)
            at com.android.server.wm.WindowManagerService.access$400(WindowManagerService.java:158)
            at com.android.server.wm.WindowManagerService$H.handleMessage(WindowManagerService.java:7272)
            at android.os.Handler.dispatchMessage(Handler.java:102)
            at android.os.Looper.loop(Looper.java:136)
            at android.os.HandlerThread.run(HandlerThread.java:61)
            at com.android.server.ServiceThread.run(ServiceThread.java:46)
10-09 14:12:37.729    1752-1778/? E/WindowState﹕ getStack: Window{adfa0448 u0 com.google.android.apps.wearable.settings/com.google.android.clockwork.settings.SettingsActivity EXITING} couldn't find taskId=55 Callers=com.android.server.wm.WindowState.getDisplayContent:721 com.android.server.wm.WindowState.getDisplayId:726 com.android.server.wm.WindowState.dump:1388 com.android.server.wm.WindowManagerService.rebuildAppWindowListLocked:8180
10-09 14:12:37.729    1752-1778/? W/WindowManager﹕ This window was lost: Window{adfa0448 u0 com.google.android.apps.wearable.settings/com.google.android.clockwork.settings.SettingsActivity EXITING}
10-09 14:12:37.729    1752-1778/? W/WindowManager﹕ mDisplayId=0 mSession=Session{adeb4de8 1965:1000} mClient=android.os.BinderProxy@adfe40d0
    mOwnerUid=1000 mShowToOwnerOnly=true package=com.google.android.apps.wearable.settings appop=NONE
    mAttrs=WM.LayoutParams{(260,0)(fillxfill) sim=#20 ty=1 fl=#3810300 pfl=0x8 wanim=0x10302fc alpha=0.59375}
    Requested w=320 h=320 mLayoutSeq=10354
    mBaseLayer=21000 mSubLayer=0 mAnimLayer=21005+0=21005 mLastLayer=21005
    mToken=AppWindowToken{adebac68 token=Token{adefe868 ActivityRecord{adebe938 u0 com.google.android.apps.wearable.settings/com.google.android.clockwork.settings.SettingsActivity t55}}}
    mRootToken=AppWindowToken{adebac68 token=Token{adefe868 ActivityRecord{adebe938 u0 com.google.android.apps.wearable.settings/com.google.android.clockwork.settings.SettingsActivity t55}}}
    mAppToken=AppWindowToken{adebac68 token=Token{adefe868 ActivityRecord{adebe938 u0 com.google.android.apps.wearable.settings/com.google.android.clockwork.settings.SettingsActivity t55}}}
    mViewVisibility=0x0 mHaveFrame=true mObscured=false
    mSeq=0 mSystemUiVisibility=0x0
    mGivenContentInsets=[0,0][0,0] mGivenVisibleInsets=[0,0][0,0]
    mConfiguration={1.0 ?mcc?mnc en_US ldltr sw217dp w240dp h193dp 213dpi smll land watch finger -keyb/h/h -nav/h s.4}
    mHasSurface=true mShownFrame=[260.0,0.0][580.0,290.0] isReadyForDisplay()=true
    mFrame=[260,0][580,290] last=[260,0][580,290]
    mSystemDecorRect=[0,0][320,290] last=[0,0][320,290]
    Frames: containing=[0,0][320,290] parent=[0,0][320,290]
    display=[-10000,-10000][10000,10000] overscan=[-10000,-10000][10000,10000]
    content=[260,0][580,290] visible=[260,0][580,290]
    decor=[0,0][320,260]
    Cur insets: overscan=[0,0][0,0] content=[0,0][0,0] visible=[0,0][0,0]
    Lst insets: overscan=[0,0][0,0] content=[0,0][0,0] visible=[0,0][0,0]
    WindowStateAnimator{ae17dcc0 com.google.android.apps.wearable.settings/com.google.android.clockwork.settings.SettingsActivity}:
    mAnimating=true mLocalAnimating=false mAnimationIsEntrance=false mAnimation=null
    XForm: has=true hasLocal=false {alpha=1.0 matrix=[1.0, 0.0, 0.0][0.0, 1.0, 0.0][0.0, 0.0, 1.0]}
    mSurface=Surface(name=com.google.android.apps.wearable.settings/com.google.android.clockwork.settings.SettingsActivity)
    mDrawState=HAS_DRAWN mLastHidden=false
    Surface: shown=true layer=21005 alpha=0.59375 rect=(260.0,0.0) 320.0 x 290.0
    mShownAlpha=0.59375 mAlpha=0.59375 mLastAlpha=0.59375
    mGlobalScale=1.0 mDsDx=1.0 mDtDx=0.0 mDsDy=0.0 mDtDy=1.0
    mExiting=true mRemoveOnExit=true mDestroying=false mRemoved=false
10-09 14:12:37.739    1752-1778/? W/WindowManager﹕ Current app token list:
10-09 14:12:37.739    1752-1778/? V/WindowManager﹕ Stack #0 tasks from bottom to top:
10-09 14:12:37.739    1752-1778/? V/WindowManager﹕ Task #1 activities from bottom to top:
10-09 14:12:37.739    1752-1778/? V/WindowManager﹕ activity #0: Token{add7d050 ActivityRecord{ade3fb00 u0 com.google.android.wearable.app/com.google.android.clockwork.home.HomeActivity t1}}
10-09 14:12:37.739    1752-1778/? V/WindowManager﹕ Stack #64 tasks from bottom to top:
10-09 14:12:37.739    1752-1778/? V/WindowManager﹕ Task #53 activities from bottom to top:
10-09 14:12:37.749    1752-1778/? V/WindowManager﹕ activity #0: Token{adef9e00 ActivityRecord{adc6b2d0 u0 org.dwallach.calwatch/.WearActivity t53}}
10-09 14:12:37.749    1752-1778/? W/WindowManager﹕ Final window list:
10-09 14:12:37.749    1752-1778/? V/WindowManager﹕ Display #0
10-09 14:12:37.749    1752-1778/? V/WindowManager﹕ #1: Window{ade56e20 u0 KeyguardScrim}
10-09 14:12:37.749    1752-1778/? V/WindowManager﹕ #0: Window{ade9d680 u0 com.google.android.wearable.app/com.google.android.clockwork.home.HomeActivity}
10-09 14:12:37.749    1752-1778/? V/WindowManager﹕ Display #66
10-09 14:12:37.749    1752-1778/? V/WindowManager﹕ #1: Window{adf72740 u0 org.dwallach.calwatch/org.dwallach.calwatch.WearActivity}
10-09 14:12:37.749    1752-1778/? V/WindowManager﹕ #0: Window{adfb8248 u0 SurfaceView}
10-09 14:12:40.751    1752-1785/? I/PowerManagerService﹕ Going to sleep by user request...
10-09 14:12:40.751    1752-1782/? I/PowerManagerService﹕ Dozing...
10-09 14:12:40.792    1752-1775/? I/DreamController﹕ Starting dream: name=ComponentInfo{com.google.android.wearable.app/com.google.android.clockwork.home.AmbientMode}, isTest=false, canDoze=true, userId=0
10-09 14:12:40.822    1752-1752/? W/InputMethodManagerService﹕ Ignoring setImeWindowStatus of uid 1000 token: null
10-09 14:12:40.992    1752-2357/? I/ActivityManager﹕ START u0 {act=android.intent.action.MAIN cat=[android.intent.category.HOME] flg=0x10000000 cmp=com.google.android.wearable.app/com.google.android.clockwork.home.HomeActivity (has extras)} from pid 1868 on display 0
10-09 14:12:41.012    1752-1775/? I/DreamController﹕ Stopping dream: name=ComponentInfo{com.google.android.wearable.app/com.google.android.clockwork.home.AmbientMode}, isTest=false, canDoze=true, userId=0
10-09 14:12:41.012    1752-1782/? I/PowerManagerService﹕ Sleeping...
10-09 14:12:41.102    1752-2702/? I/ActivityManager﹕ Activity reported stop, but no longer stopping: ActivityRecord{ade3fb00 u0 com.google.android.wearable.app/com.google.android.clockwork.home.HomeActivity t1}
10-09 14:12:41.823    1752-1778/? I/DisplayManagerService﹕ Display device changed: DisplayDeviceInfo{"Built-in Screen": 320 x 290, 45.000004 fps, density 213, 90.31111 x 136.40741 dpi, touch INTERNAL, rotation 0, type BUILT_IN, state OFF, FLAG_DEFAULT_DISPLAY, FLAG_ROTATES_WITH_CONTENT, FLAG_SECURE, FLAG_SUPPORTS_PROTECTED_BUFFERS}
10-09 14:12:41.823    1752-1752/? V/ActivityManager﹕ Display changed displayId=0
10-09 14:24:32.193    1752-1795/? D/ConnectivityService﹕ Sampling interval elapsed, updating statistics ..
10-09 14:24:32.203    1752-1795/? D/ConnectivityService﹕ Done.
10-09 14:24:32.203    1752-1795/? D/ConnectivityService﹕ Setting timer for 720seconds
10-09 14:33:38.259    1752-1769/? D/SensorHALGestureSensor﹕ Gesture event received! time = 1412883218264426255
10-09 14:33:38.259    1752-8718/? I/PowerManagerService﹕ Waking up from sleep...
10-09 14:33:38.259    1752-1776/? W/KeyguardServiceDelegate﹕ onScreenTurnedOn(): no keyguard service!
10-09 14:33:38.449    1752-1778/? I/DisplayManagerService﹕ Display device changed: DisplayDeviceInfo{"Built-in Screen": 320 x 290, 45.000004 fps, density 213, 90.31111 x 136.40741 dpi, touch INTERNAL, rotation 0, type BUILT_IN, state ON, FLAG_DEFAULT_DISPLAY, FLAG_ROTATES_WITH_CONTENT, FLAG_SECURE, FLAG_SUPPORTS_PROTECTED_BUFFERS}
10-09 14:33:38.459    1752-1752/? V/ActivityManager﹕ Display changed displayId=0
10-09 14:33:38.479    1752-1752/? V/ActivityManager﹕ Display changed displayId=0
10-09 14:33:38.489    1752-1752/? W/InputMethodManagerService﹕ Ignoring setImeWindowStatus of uid 1000 token: null
10-09 14:33:38.589    1752-1763/? D/SensorHAL﹕ adjustSensorHandle: handle = 9 adjustedHandle = 1
10-09 14:33:38.589    1752-1763/? D/SensorHAL﹕ adjustSensorHandle: handle = 9 adjustedHandle = 1
10-09 14:33:38.609    1752-1762/? D/SensorHAL﹕ adjustSensorHandle: handle = 9 adjustedHandle = 1
10-09 14:33:43.444    1752-1912/? I/PowerManagerService﹕ Going to sleep due to screen timeout...
10-09 14:33:43.444    1752-1782/? I/PowerManagerService﹕ Dozing...
10-09 14:33:43.444    1752-1775/? I/DreamController﹕ Starting dream: name=ComponentInfo{com.google.android.wearable.app/com.google.android.clockwork.home.AmbientMode}, isTest=false, canDoze=true, userId=0
10-09 14:33:43.554    1752-2702/? I/ActivityManager﹕ START u0 {act=android.intent.action.MAIN cat=[android.intent.category.HOME] flg=0x10000000 cmp=com.google.android.wearable.app/com.google.android.clockwork.home.HomeActivity (has extras)} from pid 1868 on display 0
10-09 14:33:43.554    1752-1775/? I/DreamController﹕ Stopping dream: name=ComponentInfo{com.google.android.wearable.app/com.google.android.clockwork.home.AmbientMode}, isTest=false, canDoze=true, userId=0
10-09 14:33:43.564    1752-1782/? I/PowerManagerService﹕ Sleeping...
10-09 14:33:44.435    1752-1778/? I/DisplayManagerService﹕ Display device changed: DisplayDeviceInfo{"Built-in Screen": 320 x 290, 45.000004 fps, density 213, 90.31111 x 136.40741 dpi, touch INTERNAL, rotation 0, type BUILT_IN, state OFF, FLAG_DEFAULT_DISPLAY, FLAG_ROTATES_WITH_CONTENT, FLAG_SECURE, FLAG_SUPPORTS_PROTECTED_BUFFERS}
10-09 14:33:44.435    1752-1752/? V/ActivityManager﹕ Display changed displayId=0
10-09 14:33:44.485    1752-1752/? W/InputMethodManagerService﹕ Ignoring setImeWindowStatus of uid 1000 token: null
10-09 14:34:13.555    1752-1762/? I/ActivityManager﹕ Delay finish: com.google.android.gms/.gcm.ServiceAutoStarter
10-09 14:34:13.555    1752-1912/? I/ActivityManager﹕ Resuming delayed broadcast
10-09 14:34:27.678    1752-1912/? I/ActivityManager﹕ Delay finish: com.google.android.gms/.gcm.ServiceAutoStarter
10-09 14:34:27.678    1752-1763/? I/ActivityManager﹕ Resuming delayed broadcast
10-09 14:36:35.666    1752-1795/? D/ConnectivityService﹕ Sampling interval elapsed, updating statistics ..
10-09 14:36:35.666    1752-1795/? D/ConnectivityService﹕ Done.
10-09 14:36:35.666    1752-1795/? D/ConnectivityService﹕ Setting timer for 720seconds
10-09 14:38:53.526    1752-1769/? D/SensorHALGestureSensor﹕ Gesture event received! time = 1412883533531760076
10-09 14:38:53.526    1752-1801/? I/PowerManagerService﹕ Waking up from sleep...
10-09 14:38:53.526    1752-1776/? W/KeyguardServiceDelegate﹕ onScreenTurnedOn(): no keyguard service!
10-09 14:38:53.696    1752-1752/? W/InputMethodManagerService﹕ Ignoring setImeWindowStatus of uid 1000 token: null
10-09 14:38:53.736    1752-1778/? I/DisplayManagerService﹕ Display device changed: DisplayDeviceInfo{"Built-in Screen": 320 x 290, 45.000004 fps, density 213, 90.31111 x 136.40741 dpi, touch INTERNAL, rotation 0, type BUILT_IN, state ON, FLAG_DEFAULT_DISPLAY, FLAG_ROTATES_WITH_CONTENT, FLAG_SECURE, FLAG_SUPPORTS_PROTECTED_BUFFERS}
10-09 14:38:53.787    1752-1752/? V/ActivityManager﹕ Display changed displayId=0
10-09 14:38:53.817    1752-1912/? D/SensorHAL﹕ adjustSensorHandle: handle = 9 adjustedHandle = 1
10-09 14:38:53.817    1752-1912/? D/SensorHAL﹕ adjustSensorHandle: handle = 9 adjustedHandle = 1
10-09 14:38:53.837    1752-8718/? D/SensorHAL﹕ adjustSensorHandle: handle = 9 adjustedHandle = 1
10-09 14:38:58.691    1752-1897/? I/PowerManagerService﹕ Going to sleep due to screen timeout...
10-09 14:38:58.691    1752-1782/? I/PowerManagerService﹕ Dozing...
10-09 14:38:58.691    1752-1775/? I/DreamController﹕ Starting dream: name=ComponentInfo{com.google.android.wearable.app/com.google.android.clockwork.home.AmbientMode}, isTest=false, canDoze=true, userId=0
10-09 14:38:58.791    1752-8718/? I/ActivityManager﹕ START u0 {act=android.intent.action.MAIN cat=[android.intent.category.HOME] flg=0x10000000 cmp=com.google.android.wearable.app/com.google.android.clockwork.home.HomeActivity (has extras)} from pid 1868 on display 0
10-09 14:38:58.791    1752-1775/? I/DreamController﹕ Stopping dream: name=ComponentInfo{com.google.android.wearable.app/com.google.android.clockwork.home.AmbientMode}, isTest=false, canDoze=true, userId=0
10-09 14:38:58.801    1752-1782/? I/PowerManagerService﹕ Sleeping...
10-09 14:38:59.652    1752-1778/? I/DisplayManagerService﹕ Display device changed: DisplayDeviceInfo{"Built-in Screen": 320 x 290, 45.000004 fps, density 213, 90.31111 x 136.40741 dpi, touch INTERNAL, rotation 0, type BUILT_IN, state OFF, FLAG_DEFAULT_DISPLAY, FLAG_ROTATES_WITH_CONTENT, FLAG_SECURE, FLAG_SUPPORTS_PROTECTED_BUFFERS}
10-09 14:38:59.652    1752-1752/? V/ActivityManager﹕ Display changed displayId=0
10-09 14:38:59.732    1752-1752/? W/InputMethodManagerService﹕ Ignoring setImeWindowStatus of uid 1000 token: null
10-09 14:41:16.086    1752-1785/? I/PowerManagerService﹕ Waking up from sleep...
10-09 14:41:16.086    1752-1776/? W/KeyguardServiceDelegate﹕ onScreenTurnedOn(): no keyguard service!
10-09 14:41:16.256    1752-1778/? I/DisplayManagerService﹕ Display device changed: DisplayDeviceInfo{"Built-in Screen": 320 x 290, 45.000004 fps, density 213, 90.31111 x 136.40741 dpi, touch INTERNAL, rotation 0, type BUILT_IN, state ON, FLAG_DEFAULT_DISPLAY, FLAG_ROTATES_WITH_CONTENT, FLAG_SECURE, FLAG_SUPPORTS_PROTECTED_BUFFERS}
10-09 14:41:16.256    1752-1752/? W/InputMethodManagerService﹕ Ignoring setImeWindowStatus of uid 1000 token: null
10-09 14:41:16.266    1752-1752/? V/ActivityManager﹕ Display changed displayId=0
10-09 14:41:16.376    1752-8718/? D/SensorHAL﹕ adjustSensorHandle: handle = 9 adjustedHandle = 1
10-09 14:41:16.376    1752-8718/? D/SensorHAL﹕ adjustSensorHandle: handle = 9 adjustedHandle = 1
10-09 14:41:16.406    1752-1762/? D/SensorHAL﹕ adjustSensorHandle: handle = 9 adjustedHandle = 1
10-09 14:41:21.181    1752-1782/? I/PowerManagerService﹕ Going to sleep due to screen timeout...
10-09 14:41:21.211    1752-1782/? I/PowerManagerService﹕ Dozing...
10-09 14:41:21.211    1752-1775/? I/DreamController﹕ Starting dream: name=ComponentInfo{com.google.android.wearable.app/com.google.android.clockwork.home.AmbientMode}, isTest=false, canDoze=true, userId=0
10-09 14:41:21.241    1752-1752/? W/InputMethodManagerService﹕ Ignoring setImeWindowStatus of uid 1000 token: null
10-09 14:41:21.391    1752-1912/? I/ActivityManager﹕ START u0 {act=android.intent.action.MAIN cat=[android.intent.category.HOME] flg=0x10000000 cmp=com.google.android.wearable.app/com.google.android.clockwork.home.HomeActivity (has extras)} from pid 1868 on display 0
10-09 14:41:21.401    1752-1752/? V/ActivityManager﹕ Display changed displayId=0
10-09 14:41:21.421    1752-1775/? I/DreamController﹕ Stopping dream: name=ComponentInfo{com.google.android.wearable.app/com.google.android.clockwork.home.AmbientMode}, isTest=false, canDoze=true, userId=0
10-09 14:41:21.431    1752-1782/? I/PowerManagerService﹕ Sleeping...
10-09 14:41:22.052    1752-1778/? I/DisplayManagerService﹕ Display device changed: DisplayDeviceInfo{"Built-in Screen": 320 x 290, 45.000004 fps, density 213, 90.31111 x 136.40741 dpi, touch INTERNAL, rotation 0, type BUILT_IN, state OFF, FLAG_DEFAULT_DISPLAY, FLAG_ROTATES_WITH_CONTENT, FLAG_SECURE, FLAG_SUPPORTS_PROTECTED_BUFFERS}
10-09 14:41:22.062    1752-1752/? V/ActivityManager﹕ Display changed displayId=0
10-09 14:41:43.826    1752-1785/? I/PowerManagerService﹕ Waking up from sleep...
10-09 14:41:43.826    1752-1776/? W/KeyguardServiceDelegate﹕ onScreenTurnedOn(): no keyguard service!
10-09 14:41:44.006    1752-1752/? V/ActivityManager﹕ Display changed displayId=0
10-09 14:41:44.006    1752-1778/? I/DisplayManagerService﹕ Display device changed: DisplayDeviceInfo{"Built-in Screen": 320 x 290, 45.000004 fps, density 213, 90.31111 x 136.40741 dpi, touch INTERNAL, rotation 0, type BUILT_IN, state ON, FLAG_DEFAULT_DISPLAY, FLAG_ROTATES_WITH_CONTENT, FLAG_SECURE, FLAG_SUPPORTS_PROTECTED_BUFFERS}
10-09 14:41:44.026    1752-1752/? W/InputMethodManagerService﹕ Ignoring setImeWindowStatus of uid 1000 token: null
10-09 14:41:44.026    1752-1752/? V/ActivityManager﹕ Display changed displayId=0
10-09 14:41:44.146    1752-1912/? D/SensorHAL﹕ adjustSensorHandle: handle = 9 adjustedHandle = 1
10-09 14:41:44.146    1752-1912/? D/SensorHAL﹕ adjustSensorHandle: handle = 9 adjustedHandle = 1
10-09 14:41:44.156    1752-3165/? D/SensorHAL﹕ adjustSensorHandle: handle = 9 adjustedHandle = 1
10-09 14:41:48.821    1752-1782/? I/PowerManagerService﹕ Going to sleep due to screen timeout...
10-09 14:41:48.821    1752-1782/? I/PowerManagerService﹕ Dozing...
10-09 14:41:48.821    1752-1775/? I/DreamController﹕ Starting dream: name=ComponentInfo{com.google.android.wearable.app/com.google.android.clockwork.home.AmbientMode}, isTest=false, canDoze=true, userId=0
10-09 14:41:48.851    1752-1752/? W/InputMethodManagerService﹕ Ignoring setImeWindowStatus of uid 1000 token: null
10-09 14:41:49.031    1752-1763/? I/ActivityManager﹕ START u0 {act=android.intent.action.MAIN cat=[android.intent.category.HOME] flg=0x10000000 cmp=com.google.android.wearable.app/com.google.android.clockwork.home.HomeActivity (has extras)} from pid 1868 on display 0
10-09 14:41:49.041    1752-1752/? V/ActivityManager﹕ Display changed displayId=0
10-09 14:41:49.061    1752-1775/? I/DreamController﹕ Stopping dream: name=ComponentInfo{com.google.android.wearable.app/com.google.android.clockwork.home.AmbientMode}, isTest=false, canDoze=true, userId=0
10-09 14:41:49.071    1752-1782/? I/PowerManagerService﹕ Sleeping...
10-09 14:41:49.842    1752-1778/? I/DisplayManagerService﹕ Display device changed: DisplayDeviceInfo{"Built-in Screen": 320 x 290, 45.000004 fps, density 213, 90.31111 x 136.40741 dpi, touch INTERNAL, rotation 0, type BUILT_IN, state OFF, FLAG_DEFAULT_DISPLAY, FLAG_ROTATES_WITH_CONTENT, FLAG_SECURE, FLAG_SUPPORTS_PROTECTED_BUFFERS}
10-09 14:41:49.842    1752-1752/? V/ActivityManager﹕ Display changed displayId=0
10-09 14:44:13.835    1752-1763/? I/ActivityManager﹕ Delay finish: com.google.android.gsf/.settings.GoogleLocationSettings$LocationSettingsChangedListener
10-09 14:44:13.975    1752-1912/? I/ActivityManager﹕ Resuming delayed broadcast
10-09 14:44:13.985    1752-1897/? I/ActivityManager﹕ Delay finish: com.google.android.gms/.gcm.ServiceAutoStarter
10-09 14:44:13.985    1752-1801/? I/ActivityManager﹕ Resuming delayed broadcast
10-09 14:44:58.162    1752-1769/? D/SensorHALGestureSensor﹕ Gesture event received! time = 1412883898167685194
10-09 14:44:58.162    1752-3165/? I/PowerManagerService﹕ Waking up from sleep...
10-09 14:44:58.162    1752-1776/? W/KeyguardServiceDelegate﹕ onScreenTurnedOn(): no keyguard service!
10-09 14:44:58.332    1752-1752/? V/ActivityManager﹕ Display changed displayId=0
10-09 14:44:58.332    1752-1778/? I/DisplayManagerService﹕ Display device changed: DisplayDeviceInfo{"Built-in Screen": 320 x 290, 45.000004 fps, density 213, 90.31111 x 136.40741 dpi, touch INTERNAL, rotation 0, type BUILT_IN, state ON, FLAG_DEFAULT_DISPLAY, FLAG_ROTATES_WITH_CONTENT, FLAG_SECURE, FLAG_SUPPORTS_PROTECTED_BUFFERS}
10-09 14:44:58.342    1752-1752/? W/InputMethodManagerService﹕ Ignoring setImeWindowStatus of uid 1000 token: null
10-09 14:44:58.342    1752-1752/? V/ActivityManager﹕ Display changed displayId=0
10-09 14:44:58.483    1752-2702/? D/SensorHAL﹕ adjustSensorHandle: handle = 9 adjustedHandle = 1
10-09 14:44:58.483    1752-2702/? D/SensorHAL﹕ adjustSensorHandle: handle = 9 adjustedHandle = 1
10-09 14:44:58.503    1752-2357/? D/SensorHAL﹕ adjustSensorHandle: handle = 9 adjustedHandle = 1
10-09 14:45:03.337    1752-1801/? I/PowerManagerService﹕ Going to sleep due to screen timeout...
10-09 14:45:03.337    1752-1782/? I/PowerManagerService﹕ Dozing...
10-09 14:45:03.337    1752-1775/? I/DreamController﹕ Starting dream: name=ComponentInfo{com.google.android.wearable.app/com.google.android.clockwork.home.AmbientMode}, isTest=false, canDoze=true, userId=0
10-09 14:45:03.437    1752-8718/? I/ActivityManager﹕ START u0 {act=android.intent.action.MAIN cat=[android.intent.category.HOME] flg=0x10000000 cmp=com.google.android.wearable.app/com.google.android.clockwork.home.HomeActivity (has extras)} from pid 1868 on display 0
10-09 14:45:03.437    1752-1775/? I/DreamController﹕ Stopping dream: name=ComponentInfo{com.google.android.wearable.app/com.google.android.clockwork.home.AmbientMode}, isTest=false, canDoze=true, userId=0
10-09 14:45:03.447    1752-1782/? I/PowerManagerService﹕ Sleeping...
10-09 14:45:04.108    1752-1778/? I/DisplayManagerService﹕ Display device changed: DisplayDeviceInfo{"Built-in Screen": 320 x 290, 45.000004 fps, density 213, 90.31111 x 136.40741 dpi, touch INTERNAL, rotation 0, type BUILT_IN, state OFF, FLAG_DEFAULT_DISPLAY, FLAG_ROTATES_WITH_CONTENT, FLAG_SECURE, FLAG_SUPPORTS_PROTECTED_BUFFERS}
10-09 14:45:04.118    1752-1752/? V/ActivityManager﹕ Display changed displayId=0
10-09 14:45:04.208    1752-1752/? W/InputMethodManagerService﹕ Ignoring setImeWindowStatus of uid 1000 token: null
10-09 14:48:41.166    1752-1795/? D/ConnectivityService﹕ Sampling interval elapsed, updating statistics ..
10-09 14:48:41.176    1752-1795/? D/ConnectivityService﹕ Done.
10-09 14:48:41.176    1752-1795/? D/ConnectivityService﹕ Setting timer for 720seconds
10-09 14:50:50.466    1752-1769/? D/SensorHALGestureSensor﹕ Gesture event received! time = 1412884250471243364
10-09 14:50:50.466    1752-1897/? I/PowerManagerService﹕ Waking up from sleep...
10-09 14:50:50.466    1752-1776/? W/KeyguardServiceDelegate﹕ onScreenTurnedOn(): no keyguard service!
10-09 14:50:50.516    1752-1752/? W/InputMethodManagerService﹕ Ignoring setImeWindowStatus of uid 1000 token: null
10-09 14:50:50.606    1752-1778/? I/DisplayManagerService﹕ Display device changed: DisplayDeviceInfo{"Built-in Screen": 320 x 290, 45.000004 fps, density 213, 90.31111 x 136.40741 dpi, touch INTERNAL, rotation 0, type BUILT_IN, state ON, FLAG_DEFAULT_DISPLAY, FLAG_ROTATES_WITH_CONTENT, FLAG_SECURE, FLAG_SUPPORTS_PROTECTED_BUFFERS}
10-09 14:50:50.606    1752-1752/? V/ActivityManager﹕ Display changed displayId=0
10-09 14:50:50.686    1752-1897/? D/SensorHAL﹕ adjustSensorHandle: handle = 9 adjustedHandle = 1
10-09 14:50:50.686    1752-1897/? D/SensorHAL﹕ adjustSensorHandle: handle = 9 adjustedHandle = 1
10-09 14:50:50.716    1752-3165/? D/SensorHAL﹕ adjustSensorHandle: handle = 9 adjustedHandle = 1
10-09 14:50:55.601    1752-1762/? I/PowerManagerService﹕ Going to sleep due to screen timeout...
10-09 14:50:55.601    1752-1782/? I/PowerManagerService﹕ Dozing...
10-09 14:50:55.601    1752-1775/? I/DreamController﹕ Starting dream: name=ComponentInfo{com.google.android.wearable.app/com.google.android.clockwork.home.AmbientMode}, isTest=false, canDoze=true, userId=0
10-09 14:50:55.701    1752-1801/? I/ActivityManager﹕ START u0 {act=android.intent.action.MAIN cat=[android.intent.category.HOME] flg=0x10000000 cmp=com.google.android.wearable.app/com.google.android.clockwork.home.HomeActivity (has extras)} from pid 1868 on display 0
10-09 14:50:55.711    1752-1775/? I/DreamController﹕ Stopping dream: name=ComponentInfo{com.google.android.wearable.app/com.google.android.clockwork.home.AmbientMode}, isTest=false, canDoze=true, userId=0
10-09 14:50:55.711    1752-1782/? I/PowerManagerService﹕ Sleeping...
10-09 14:50:56.542    1752-1778/? I/DisplayManagerService﹕ Display device changed: DisplayDeviceInfo{"Built-in Screen": 320 x 290, 45.000004 fps, density 213, 90.31111 x 136.40741 dpi, touch INTERNAL, rotation 0, type BUILT_IN, state OFF, FLAG_DEFAULT_DISPLAY, FLAG_ROTATES_WITH_CONTENT, FLAG_SECURE, FLAG_SUPPORTS_PROTECTED_BUFFERS}
10-09 14:50:56.542    1752-1752/? V/ActivityManager﹕ Display changed displayId=0
10-09 14:50:56.902    1752-1752/? W/InputMethodManagerService﹕ Ignoring setImeWindowStatus of uid 1000 token: null
10-09 14:53:08.320    1752-1769/? D/SensorHALGestureSensor﹕ Gesture event received! time = 1412884388325979687
10-09 14:53:08.320    1752-2702/? I/PowerManagerService﹕ Waking up from sleep...
10-09 14:53:08.441    1752-1776/? W/KeyguardServiceDelegate﹕ onScreenTurnedOn(): no keyguard service!
10-09 14:53:08.451    1752-1778/? I/DisplayManagerService﹕ Display device changed: DisplayDeviceInfo{"Built-in Screen": 320 x 290, 45.000004 fps, density 213, 90.31111 x 136.40741 dpi, touch INTERNAL, rotation 0, type BUILT_IN, state ON, FLAG_DEFAULT_DISPLAY, FLAG_ROTATES_WITH_CONTENT, FLAG_SECURE, FLAG_SUPPORTS_PROTECTED_BUFFERS}
10-09 14:53:08.491    1752-1752/? V/ActivityManager﹕ Display changed displayId=0
10-09 14:53:08.671    1752-1752/? W/InputMethodManagerService﹕ Ignoring setImeWindowStatus of uid 1000 token: null
10-09 14:53:08.711    1752-3165/? D/SensorHAL﹕ adjustSensorHandle: handle = 9 adjustedHandle = 1
10-09 14:53:08.711    1752-3165/? D/SensorHAL﹕ adjustSensorHandle: handle = 9 adjustedHandle = 1
10-09 14:53:08.741    1752-1897/? D/SensorHAL﹕ adjustSensorHandle: handle = 9 adjustedHandle = 1
10-09 14:53:13.475    1752-2702/? I/PowerManagerService﹕ Going to sleep due to screen timeout...
10-09 14:53:13.475    1752-1782/? I/PowerManagerService﹕ Dozing...
10-09 14:53:13.485    1752-1775/? I/DreamController﹕ Starting dream: name=ComponentInfo{com.google.android.wearable.app/com.google.android.clockwork.home.AmbientMode}, isTest=false, canDoze=true, userId=0
10-09 14:53:13.586    1752-1897/? I/ActivityManager﹕ START u0 {act=android.intent.action.MAIN cat=[android.intent.category.HOME] flg=0x10000000 cmp=com.google.android.wearable.app/com.google.android.clockwork.home.HomeActivity (has extras)} from pid 1868 on display 0
10-09 14:53:13.586    1752-1775/? I/DreamController﹕ Stopping dream: name=ComponentInfo{com.google.android.wearable.app/com.google.android.clockwork.home.AmbientMode}, isTest=false, canDoze=true, userId=0
10-09 14:53:13.596    1752-1782/? I/PowerManagerService﹕ Sleeping...
10-09 14:53:14.476    1752-1778/? I/DisplayManagerService﹕ Display device changed: DisplayDeviceInfo{"Built-in Screen": 320 x 290, 45.000004 fps, density 213, 90.31111 x 136.40741 dpi, touch INTERNAL, rotation 0, type BUILT_IN, state OFF, FLAG_DEFAULT_DISPLAY, FLAG_ROTATES_WITH_CONTENT, FLAG_SECURE, FLAG_SUPPORTS_PROTECTED_BUFFERS}
10-09 14:53:14.476    1752-1752/? V/ActivityManager﹕ Display changed displayId=0
10-09 14:53:14.526    1752-1752/? W/InputMethodManagerService﹕ Ignoring setImeWindowStatus of uid 1000 token: null
10-09 14:57:21.556    1752-1769/? D/SensorHALGestureSensor﹕ Gesture event received! time = 1412884641568991026
10-09 14:57:21.556    1752-8718/? I/PowerManagerService﹕ Waking up from sleep...
10-09 14:57:21.556    1752-1776/? W/KeyguardServiceDelegate﹕ onScreenTurnedOn(): no keyguard service!
10-09 14:57:21.757    1752-1778/? I/DisplayManagerService﹕ Display device changed: DisplayDeviceInfo{"Built-in Screen": 320 x 290, 45.000004 fps, density 213, 90.31111 x 136.40741 dpi, touch INTERNAL, rotation 0, type BUILT_IN, state ON, FLAG_DEFAULT_DISPLAY, FLAG_ROTATES_WITH_CONTENT, FLAG_SECURE, FLAG_SUPPORTS_PROTECTED_BUFFERS}
10-09 14:57:21.777    1752-1752/? W/InputMethodManagerService﹕ Ignoring setImeWindowStatus of uid 1000 token: null
10-09 14:57:21.807    1752-1752/? V/ActivityManager﹕ Display changed displayId=0
10-09 14:57:21.857    1752-1912/? D/SensorHAL﹕ adjustSensorHandle: handle = 9 adjustedHandle = 1
10-09 14:57:21.857    1752-1912/? D/SensorHAL﹕ adjustSensorHandle: handle = 9 adjustedHandle = 1
10-09 14:57:21.877    1752-2357/? D/SensorHAL﹕ adjustSensorHandle: handle = 9 adjustedHandle = 1
10-09 14:57:26.701    1752-1763/? I/PowerManagerService﹕ Going to sleep due to screen timeout...
10-09 14:57:26.711    1752-1782/? I/PowerManagerService﹕ Dozing...
10-09 14:57:26.711    1752-1775/? I/DreamController﹕ Starting dream: name=ComponentInfo{com.google.android.wearable.app/com.google.android.clockwork.home.AmbientMode}, isTest=false, canDoze=true, userId=0
10-09 14:57:26.791    1752-8718/? I/ActivityManager﹕ START u0 {act=android.intent.action.MAIN cat=[android.intent.category.HOME] flg=0x10000000 cmp=com.google.android.wearable.app/com.google.android.clockwork.home.HomeActivity (has extras)} from pid 1868 on display 0
10-09 14:57:26.801    1752-1775/? I/DreamController﹕ Stopping dream: name=ComponentInfo{com.google.android.wearable.app/com.google.android.clockwork.home.AmbientMode}, isTest=false, canDoze=true, userId=0
10-09 14:57:26.801    1752-1782/? I/PowerManagerService﹕ Sleeping...
10-09 14:57:27.882    1752-1778/? I/DisplayManagerService﹕ Display device changed: DisplayDeviceInfo{"Built-in Screen": 320 x 290, 45.000004 fps, density 213, 90.31111 x 136.40741 dpi, touch INTERNAL, rotation 0, type BUILT_IN, state OFF, FLAG_DEFAULT_DISPLAY, FLAG_ROTATES_WITH_CONTENT, FLAG_SECURE, FLAG_SUPPORTS_PROTECTED_BUFFERS}
10-09 14:57:27.882    1752-1752/? V/ActivityManager﹕ Display changed displayId=0
10-09 14:57:27.953    1752-1752/? W/InputMethodManagerService﹕ Ignoring setImeWindowStatus of uid 1000 token: null
10-09 15:00:46.166    1752-1795/? D/ConnectivityService﹕ Sampling interval elapsed, updating statistics ..
10-09 15:00:46.166    1752-1795/? D/ConnectivityService﹕ Done.
10-09 15:00:46.166    1752-1795/? D/ConnectivityService﹕ Setting timer for 720seconds
10-09 15:08:07.114    1752-1785/? I/PowerManagerService﹕ Waking up from sleep...
10-09 15:08:07.114    1752-1776/? W/KeyguardServiceDelegate﹕ onScreenTurnedOn(): no keyguard service!
10-09 15:08:07.294    1752-1752/? W/InputMethodManagerService﹕ Ignoring setImeWindowStatus of uid 1000 token: null
10-09 15:08:07.304    1752-1778/? I/DisplayManagerService﹕ Display device changed: DisplayDeviceInfo{"Built-in Screen": 320 x 290, 45.000004 fps, density 213, 90.31111 x 136.40741 dpi, touch INTERNAL, rotation 0, type BUILT_IN, state ON, FLAG_DEFAULT_DISPLAY, FLAG_ROTATES_WITH_CONTENT, FLAG_SECURE, FLAG_SUPPORTS_PROTECTED_BUFFERS}
10-09 15:08:07.354    1752-1752/? V/ActivityManager﹕ Display changed displayId=0
10-09 15:08:07.434    1752-1801/? D/SensorHAL﹕ adjustSensorHandle: handle = 9 adjustedHandle = 1
10-09 15:08:07.434    1752-1801/? D/SensorHAL﹕ adjustSensorHandle: handle = 9 adjustedHandle = 1
10-09 15:08:07.484    1752-1763/? D/SensorHAL﹕ adjustSensorHandle: handle = 9 adjustedHandle = 1
10-09 15:08:08.995    1752-1778/? I/DisplayManagerService﹕ Display device changed: DisplayDeviceInfo{"ActivityViewVirtualDisplay": 320 x 320, 60.0 fps, density 213, 213.0 x 213.0 dpi, touch NONE, rotation 0, type VIRTUAL, state OFF, owner android (uid 1000), FLAG_OWN_CONTENT_ONLY}
10-09 15:08:08.995    1752-1752/? V/ActivityManager﹕ Display changed displayId=66
10-09 15:08:09.135    1752-1752/? V/ActivityManager﹕ Display changed displayId=0
10-09 15:08:09.166    1752-1778/? I/DisplayManagerService﹕ Display device changed: DisplayDeviceInfo{"ActivityViewVirtualDisplay": 320 x 320, 60.0 fps, density 213, 213.0 x 213.0 dpi, touch NONE, rotation 0, type VIRTUAL, state ON, owner android (uid 1000), FLAG_OWN_CONTENT_ONLY}
10-09 15:08:09.166    1752-1752/? V/ActivityManager﹕ Display changed displayId=66
10-09 15:08:18.615    1752-1782/? I/PowerManagerService﹕ Going to sleep due to screen timeout...
10-09 15:08:18.615    1752-1782/? I/PowerManagerService﹕ Dozing...
10-09 15:08:18.615    1752-1775/? I/DreamController﹕ Starting dream: name=ComponentInfo{com.google.android.wearable.app/com.google.android.clockwork.home.AmbientMode}, isTest=false, canDoze=true, userId=0
10-09 15:08:18.665    1752-1752/? W/InputMethodManagerService﹕ Ignoring setImeWindowStatus of uid 1000 token: null
10-09 15:08:18.855    1752-1897/? I/ActivityManager﹕ START u0 {act=android.intent.action.MAIN cat=[android.intent.category.HOME] flg=0x10000000 cmp=com.google.android.wearable.app/com.google.android.clockwork.home.HomeActivity (has extras)} from pid 1868 on display 0
10-09 15:08:18.875    1752-1775/? I/DreamController﹕ Stopping dream: name=ComponentInfo{com.google.android.wearable.app/com.google.android.clockwork.home.AmbientMode}, isTest=false, canDoze=true, userId=0
10-09 15:08:18.885    1752-1782/? I/PowerManagerService﹕ Sleeping...
10-09 15:08:19.736    1752-1778/? I/DisplayManagerService﹕ Display device changed: DisplayDeviceInfo{"Built-in Screen": 320 x 290, 45.000004 fps, density 213, 90.31111 x 136.40741 dpi, touch INTERNAL, rotation 0, type BUILT_IN, state OFF, FLAG_DEFAULT_DISPLAY, FLAG_ROTATES_WITH_CONTENT, FLAG_SECURE, FLAG_SUPPORTS_PROTECTED_BUFFERS}
10-09 15:08:19.736    1752-1752/? V/ActivityManager﹕ Display changed displayId=0
10-09 15:12:14.599    1752-1769/? D/SensorHALGestureSensor﹕ Gesture event received! time = 1412885534604329916
10-09 15:12:14.599    1752-1801/? I/PowerManagerService﹕ Waking up from sleep...
10-09 15:12:14.599    1752-1776/? W/KeyguardServiceDelegate﹕ onScreenTurnedOn(): no keyguard service!
10-09 15:12:14.799    1752-1752/? V/ActivityManager﹕ Display changed displayId=0
10-09 15:12:14.799    1752-1778/? I/DisplayManagerService﹕ Display device changed: DisplayDeviceInfo{"Built-in Screen": 320 x 290, 45.000004 fps, density 213, 90.31111 x 136.40741 dpi, touch INTERNAL, rotation 0, type BUILT_IN, state ON, FLAG_DEFAULT_DISPLAY, FLAG_ROTATES_WITH_CONTENT, FLAG_SECURE, FLAG_SUPPORTS_PROTECTED_BUFFERS}
10-09 15:12:14.809    1752-1752/? W/InputMethodManagerService﹕ Ignoring setImeWindowStatus of uid 1000 token: null
10-09 15:12:14.809    1752-1752/? V/ActivityManager﹕ Display changed displayId=0
10-09 15:12:14.949    1752-8718/? D/SensorHAL﹕ adjustSensorHandle: handle = 9 adjustedHandle = 1
10-09 15:12:14.949    1752-8718/? D/SensorHAL﹕ adjustSensorHandle: handle = 9 adjustedHandle = 1
10-09 15:12:14.979    1752-1762/? D/SensorHAL﹕ adjustSensorHandle: handle = 9 adjustedHandle = 1
10-09 15:12:19.804    1752-1897/? I/PowerManagerService﹕ Going to sleep due to screen timeout...
10-09 15:12:19.804    1752-1782/? I/PowerManagerService﹕ Dozing...
10-09 15:12:19.804    1752-1775/? I/DreamController﹕ Starting dream: name=ComponentInfo{com.google.android.wearable.app/com.google.android.clockwork.home.AmbientMode}, isTest=false, canDoze=true, userId=0
10-09 15:12:19.894    1752-2357/? I/ActivityManager﹕ START u0 {act=android.intent.action.MAIN cat=[android.intent.category.HOME] flg=0x10000000 cmp=com.google.android.wearable.app/com.google.android.clockwork.home.HomeActivity (has extras)} from pid 1868 on display 0
10-09 15:12:19.894    1752-1775/? I/DreamController﹕ Stopping dream: name=ComponentInfo{com.google.android.wearable.app/com.google.android.clockwork.home.AmbientMode}, isTest=false, canDoze=true, userId=0
10-09 15:12:19.904    1752-1782/? I/PowerManagerService﹕ Sleeping...
10-09 15:12:20.625    1752-1778/? I/DisplayManagerService﹕ Display device changed: DisplayDeviceInfo{"Built-in Screen": 320 x 290, 45.000004 fps, density 213, 90.31111 x 136.40741 dpi, touch INTERNAL, rotation 0, type BUILT_IN, state OFF, FLAG_DEFAULT_DISPLAY, FLAG_ROTATES_WITH_CONTENT, FLAG_SECURE, FLAG_SUPPORTS_PROTECTED_BUFFERS}
10-09 15:12:20.635    1752-1752/? V/ActivityManager﹕ Display changed displayId=0
10-09 15:12:20.675    1752-1752/? W/InputMethodManagerService﹕ Ignoring setImeWindowStatus of uid 1000 token: null
10-09 15:12:51.166    1752-1795/? D/ConnectivityService﹕ Sampling interval elapsed, updating statistics ..
10-09 15:12:51.186    1752-1795/? D/ConnectivityService﹕ Done.
10-09 15:12:51.186    1752-1795/? D/ConnectivityService﹕ Setting timer for 720seconds
10-09 15:24:56.166    1752-1795/? D/ConnectivityService﹕ Sampling interval elapsed, updating statistics ..
10-09 15:24:56.166    1752-1795/? D/ConnectivityService﹕ Done.
10-09 15:24:56.166    1752-1795/? D/ConnectivityService﹕ Setting timer for 720seconds
10-09 15:24:56.186    1752-1763/? I/ActivityManager﹕ Delay finish: com.google.android.gms/.checkin.EventLogService$Receiver
10-09 15:24:56.386    1752-1762/? I/ActivityManager﹕ Resuming delayed broadcast
10-09 15:28:41.049    1752-1785/? I/PowerManagerService﹕ Waking up from sleep...
10-09 15:28:41.049    1752-1776/? W/KeyguardServiceDelegate﹕ onScreenTurnedOn(): no keyguard service!
10-09 15:28:41.239    1752-1778/? I/DisplayManagerService﹕ Display device changed: DisplayDeviceInfo{"Built-in Screen": 320 x 290, 45.000004 fps, density 213, 90.31111 x 136.40741 dpi, touch INTERNAL, rotation 0, type BUILT_IN, state ON, FLAG_DEFAULT_DISPLAY, FLAG_ROTATES_WITH_CONTENT, FLAG_SECURE, FLAG_SUPPORTS_PROTECTED_BUFFERS}
10-09 15:28:41.269    1752-1752/? V/ActivityManager﹕ Display changed displayId=0
10-09 15:28:41.279    1752-1752/? W/InputMethodManagerService﹕ Ignoring setImeWindowStatus of uid 1000 token: null
10-09 15:28:41.349    1752-8718/? D/SensorHAL﹕ adjustSensorHandle: handle = 9 adjustedHandle = 1
10-09 15:28:41.349    1752-8718/? D/SensorHAL﹕ adjustSensorHandle: handle = 9 adjustedHandle = 1
10-09 15:28:41.379    1752-1912/? D/SensorHAL﹕ adjustSensorHandle: handle = 9 adjustedHandle = 1
10-09 15:28:46.054    1752-1782/? I/PowerManagerService﹕ Going to sleep due to screen timeout...
10-09 15:28:46.054    1752-1782/? I/PowerManagerService﹕ Dozing...
10-09 15:28:46.064    1752-1775/? I/DreamController﹕ Starting dream: name=ComponentInfo{com.google.android.wearable.app/com.google.android.clockwork.home.AmbientMode}, isTest=false, canDoze=true, userId=0
10-09 15:28:46.084    1752-1752/? W/InputMethodManagerService﹕ Ignoring setImeWindowStatus of uid 1000 token: null
10-09 15:28:46.284    1752-1801/? I/ActivityManager﹕ START u0 {act=android.intent.action.MAIN cat=[android.intent.category.HOME] flg=0x10000000 cmp=com.google.android.wearable.app/com.google.android.clockwork.home.HomeActivity (has extras)} from pid 1868 on display 0
10-09 15:28:46.304    1752-1752/? V/ActivityManager﹕ Display changed displayId=0
10-09 15:28:46.314    1752-1775/? I/DreamController﹕ Stopping dream: name=ComponentInfo{com.google.android.wearable.app/com.google.android.clockwork.home.AmbientMode}, isTest=false, canDoze=true, userId=0
10-09 15:28:46.324    1752-1782/? I/PowerManagerService﹕ Sleeping...
10-09 15:28:46.374    1752-8718/? I/ActivityManager﹕ Activity reported stop, but no longer stopping: ActivityRecord{ade3fb00 u0 com.google.android.wearable.app/com.google.android.clockwork.home.HomeActivity t1}
10-09 15:28:47.175    1752-1778/? I/DisplayManagerService﹕ Display device changed: DisplayDeviceInfo{"Built-in Screen": 320 x 290, 45.000004 fps, density 213, 90.31111 x 136.40741 dpi, touch INTERNAL, rotation 0, type BUILT_IN, state OFF, FLAG_DEFAULT_DISPLAY, FLAG_ROTATES_WITH_CONTENT, FLAG_SECURE, FLAG_SUPPORTS_PROTECTED_BUFFERS}
10-09 15:28:47.175    1752-1752/? V/ActivityManager﹕ Display changed displayId=0
10-09 15:32:13.809    1752-1769/? D/SensorHALGestureSensor﹕ Gesture event received! time = 1412886733814015571
