10-09 18:15:23.191    2069-2104/? W/bt-btif﹕ dm_pm_timer expires
10-09 18:15:23.191    2069-2104/? W/bt-btif﹕ dm_pm_timer expires 0
10-09 18:15:23.191    2069-2104/? W/bt-btif﹕ proc dm_pm_timer expires
10-09 18:15:25.613  10924-10924/? V/WearActivity﹕ Pause!
10-09 18:15:25.613    1752-1782/? I/PowerManagerService﹕ Going to sleep due to screen timeout...
10-09 18:15:25.613    1752-1782/? I/PowerManagerService﹕ Dozing...
10-09 18:15:25.623    1752-1775/? I/DreamController﹕ Starting dream: name=ComponentInfo{com.google.android.wearable.app/com.google.android.clockwork.home.AmbientMode}, isTest=false, canDoze=true, userId=0
10-09 18:15:25.633    1415-1525/? D/mot_vr_audio_hw﹕ dsp_recognizer_enabled = false
10-09 18:15:25.633  11763-11763/? D/ADSPD﹕ Client cmd=0x0003, size=4
10-09 18:15:25.633   1415-12029/? D/mot_vr_audio_hw﹕ Switching DSP to standby/passthrough mode
10-09 18:15:25.633   1415-12029/? D/mot_vr_audio_hw﹕ Input 0xb7903328 ready to read
10-09 18:15:25.633  10924-10924/? V/WearActivity﹕ Stop!
10-09 18:15:25.643  11763-11763/? D/ADSPD﹕ Received from DSP: cmd=0x8003, size=2
10-09 18:15:25.643  11763-11763/? D/ADSPD﹕ Client cmd=0x0003, size=4
10-09 18:15:25.643   1415-11769/? D/mot_vr_audio_hw﹕ received recognition control callback, status 0
10-09 18:15:25.643    1752-1752/? W/InputMethodManagerService﹕ Ignoring setImeWindowStatus of uid 1000 token: null
10-09 18:15:25.663  11763-11763/? D/ADSPD﹕ Received from DSP: cmd=0x8003, size=2
10-09 18:15:25.663   1415-11769/? D/mot_vr_audio_hw﹕ received recognition control callback, status 0
10-09 18:15:25.693   1415-12029/? W/mot_vr_audio_hw﹕ Discarded 10 buffers without finding audio data
10-09 18:15:25.693  11763-11763/? D/ADSPD﹕ Client cmd=0x0003, size=4
10-09 18:15:25.693   1415-12029/? D/mot_vr_audio_hw﹕ Re-arming DSP
10-09 18:15:25.693   1415-12029/? D/mot_vr_audio_hw﹕ Input 0xb7903328 standby complete
10-09 18:15:25.703    1415-2801/? D/mot_vr_audio_hw﹕ Input 0xb7903328 close complete
10-09 18:15:25.713  11763-11763/? D/ADSPD﹕ Received from DSP: cmd=0x8003, size=2
10-09 18:15:25.713  11763-11763/? D/ADSPD﹕ Client cmd=0x4003, size=2
10-09 18:15:25.713   1415-11769/? D/mot_vr_audio_hw﹕ received recognition control callback, status 0
10-09 18:15:25.763  10924-10924/? V/WearActivity﹕ display changed: 0, new state: 2
10-09 18:15:25.763  10924-10924/? I/ClockFace﹕ Ambient mode: false
10-09 18:15:25.763    1752-1763/? I/ActivityManager﹕ START u0 {act=android.intent.action.MAIN cat=[android.intent.category.HOME] flg=0x10000000 cmp=com.google.android.wearable.app/com.google.android.clockwork.home.HomeActivity (has extras)} from pid 1868 on display 0
10-09 18:15:25.763    1752-1752/? V/ActivityManager﹕ Display changed displayId=0
10-09 18:15:25.773  10924-10924/? V/ClockFace﹕ rendering new face, faceMode(0)
10-09 18:15:25.783    1752-1775/? I/DreamController﹕ Stopping dream: name=ComponentInfo{com.google.android.wearable.app/com.google.android.clockwork.home.AmbientMode}, isTest=false, canDoze=true, userId=0
10-09 18:15:25.783    1752-1782/? I/PowerManagerService﹕ Sleeping...
10-09 18:15:25.793  10924-10924/? V/ClockFace﹕ fetching new battery status (14693)
10-09 18:15:25.793  10924-10924/? V/ClockFace﹕ battery at 0.4
10-09 18:15:25.793  10924-10924/? V/ClockFace﹕ --> dot radius: 0.03
10-09 18:15:25.793  10924-10924/? V/ClockFace﹕ clearing caches
10-09 18:15:25.793  10924-10924/? V/MyViewAnim﹕ resuming old animator!
10-09 18:15:25.793  10924-10924/? V/WearActivity﹕ onDisplayChanged: on!
10-09 18:15:25.833    1868-1868/? I/AmbientMode﹕ Ambient mode started: canDoze=true, dozeHardware=null
10-09 18:15:25.843    1415-1525/? D/mot_vr_audio_hw﹕ dsp_recognizer_enabled = true
10-09 18:15:25.843  11763-11763/? D/ADSPD﹕ Client cmd=0x0003, size=4
10-09 18:15:25.843    1415-1415/? D/mot_vr_audio_hw﹕ open_input_stream(): devices = 0x80000004, rate = 8000, channels = 0x10
10-09 18:15:25.843    1415-1415/? D/mot_vr_audio_hw﹕ Created resampler for 16000->8000 Hz
10-09 18:15:25.853  11763-11763/? D/ADSPD﹕ Received from DSP: cmd=0x8003, size=2
10-09 18:15:25.853  11763-11763/? D/ADSPD﹕ Client cmd=0x4003, size=2
10-09 18:15:25.853   1415-11769/? D/mot_vr_audio_hw﹕ received recognition control callback, status 0
10-09 18:15:25.863   1415-12032/? D/mot_vr_audio_hw﹕ in_read waiting for hotword
10-09 18:15:25.873    1415-2801/? D/mot_vr_audio_hw﹕ dsp_recognizer_enabled = false
10-09 18:15:25.873  11763-11763/? D/ADSPD﹕ Client cmd=0x0003, size=4
10-09 18:15:25.873   1415-12032/? D/mot_vr_audio_hw﹕ Switching DSP to standby/passthrough mode
10-09 18:15:25.873   1415-12032/? D/mot_vr_audio_hw﹕ Input 0xb7903328 ready to read
10-09 18:15:25.883  11763-11763/? D/ADSPD﹕ Received from DSP: cmd=0x8003, size=2
10-09 18:15:25.883  11763-11763/? D/ADSPD﹕ Client cmd=0x0003, size=4
10-09 18:15:25.883   1415-11769/? D/mot_vr_audio_hw﹕ received recognition control callback, status 0
10-09 18:15:25.903  11763-11763/? D/ADSPD﹕ Received from DSP: cmd=0x8003, size=2
10-09 18:15:25.903   1415-11769/? D/mot_vr_audio_hw﹕ received recognition control callback, status 0
10-09 18:15:25.923   1415-12032/? W/mot_vr_audio_hw﹕ Discarded 10 buffers without finding audio data
10-09 18:15:25.933  11763-11763/? D/ADSPD﹕ Client cmd=0x0003, size=4
10-09 18:15:25.933   1415-12032/? D/mot_vr_audio_hw﹕ Re-arming DSP
10-09 18:15:25.933   1415-12032/? D/mot_vr_audio_hw﹕ Input 0xb7903328 standby complete
10-09 18:15:25.943    1415-2025/? D/mot_vr_audio_hw﹕ Input 0xb7903328 close complete
10-09 18:15:25.953  11763-11763/? D/ADSPD﹕ Received from DSP: cmd=0x8003, size=2
10-09 18:15:25.953  11763-11763/? D/ADSPD﹕ Client cmd=0x4003, size=2
10-09 18:15:25.953   1415-11769/? D/mot_vr_audio_hw﹕ received recognition control callback, status 0
10-09 18:15:25.963    1868-1868/? I/AmbientMode﹕ Dream ended: isDozing=true
10-09 18:15:25.973    1913-2022/? D/dalvikvm﹕ GC_FOR_ALLOC freed 204K, 28% free 2185K/3028K, paused 22ms, total 27ms
10-09 18:15:26.274    1413-1413/? D/SurfaceFlinger﹕ Screen released, type=0 flinger=0xb8082448
10-09 18:15:26.404    1413-1413/? D/hwcomposer﹕ hwc_blank(0: 1)
10-09 18:15:26.404    1752-1856/? D/SurfaceControl﹕ Excessive delay in blankDisplay() while turning screen off: 128ms
10-09 18:15:26.404    1752-1778/? I/DisplayManagerService﹕ Display device changed: DisplayDeviceInfo{"Built-in Screen": 320 x 290, 45.000004 fps, density 213, 90.31111 x 136.40741 dpi, touch INTERNAL, rotation 0, type BUILT_IN, state OFF, FLAG_DEFAULT_DISPLAY, FLAG_ROTATES_WITH_CONTENT, FLAG_SECURE, FLAG_SUPPORTS_PROTECTED_BUFFERS}
10-09 18:15:26.404    1752-1752/? V/ActivityManager﹕ Display changed displayId=0
10-09 18:15:26.414  10924-10924/? V/WearActivity﹕ display changed: 0, new state: 1
10-09 18:15:26.414  10924-10924/? I/ClockFace﹕ Ambient mode: true
10-09 18:15:26.414  10924-10924/? V/ClockFace﹕ clearing caches
10-09 18:15:26.414  10924-10924/? V/MyViewAnim﹕ stopping animation!
10-09 18:15:26.414  10924-10924/? V/MyViewAnim﹕ no draw thread around to kill ?!
10-09 18:15:26.414  10924-10924/? V/WearActivity﹕ onDisplayChanged: off!
10-09 18:15:26.424    1752-1782/? D/MinnowPowerHAL﹕ power_set_interactive: 0
10-09 18:15:26.424    1752-1782/? D/MinnowPowerHAL﹕ sysfs_write: /sys/devices/platform/omapdss/display0/interactivemode 0
10-09 18:15:26.424    1752-1782/? D/MinnowPowerHAL﹕ sysfs_write: /sys/devices/ocp.2/i2c.6/i2c-0/0-004a/interactivemode 0
10-09 18:15:26.424    1752-1782/? D/mot_vr_audio_hw﹕ dsp_set_pm_state = off
10-09 18:15:26.424  11763-11763/? D/ADSPD﹕ Client cmd=0x4002, size=2
10-09 18:15:26.424  11763-11763/? D/ADSPD﹕ DSP_CMD_DAEMON_SET_PM_STATE : 0
10-09 18:15:28.025    2069-2104/? W/bt-btif﹕ dm_pm_timer expires
10-09 18:15:28.025    2069-2104/? W/bt-btif﹕ dm_pm_timer expires 0
10-09 18:15:28.025    2069-2104/? W/bt-btif﹕ proc dm_pm_timer expires
10-09 18:15:28.456    1752-1785/? D/MinnowPowerHAL﹕ power_set_interactive: 1
10-09 18:15:28.456    1752-1785/? D/MinnowPowerHAL﹕ sysfs_write: /sys/devices/platform/omapdss/display0/interactivemode 1
10-09 18:15:28.456    1752-1785/? I/PowerManagerService﹕ Waking up from sleep...
10-09 18:15:28.456    1752-1776/? W/KeyguardServiceDelegate﹕ onScreenTurnedOn(): no keyguard service!
10-09 18:15:28.596    1752-1785/? D/MinnowPowerHAL﹕ sysfs_write: /sys/devices/ocp.2/i2c.6/i2c-0/0-004a/interactivemode 1
10-09 18:15:28.606    1752-1785/? D/mot_vr_audio_hw﹕ dsp_set_pm_state = on
10-09 18:15:28.606    1752-1785/? D/PowerManagerService-JNI﹕ Excessive delay in setInteractive(true) while turning screen on: 147ms
10-09 18:15:28.606  11763-11763/? D/ADSPD﹕ Client cmd=0x4002, size=2
10-09 18:15:28.606  11763-11763/? D/ADSPD﹕ DSP_CMD_DAEMON_SET_PM_STATE : 1
10-09 18:15:28.606  11763-11763/? D/ADSPD﹕ ACK success!
10-09 18:15:28.616  10924-10924/? V/WearActivity﹕ display changed: 0, new state: 1
10-09 18:15:28.616  10924-10924/? I/ClockFace﹕ Ambient mode: true
10-09 18:15:28.616  10924-10924/? V/MyViewAnim﹕ stopping animation!
10-09 18:15:28.616  10924-10924/? V/MyViewAnim﹕ no draw thread around to kill ?!
10-09 18:15:28.616  10924-10924/? V/WearActivity﹕ onDisplayChanged: off!
10-09 18:15:28.616    1413-1413/? D/SurfaceFlinger﹕ Screen acquired, type=0 flinger=0xb8082448
10-09 18:15:28.616    1868-1868/? E/ClockworkHome﹕ Tried to exit ambient mode, but enterAmbientMode() was never called.
10-09 18:15:28.626    1415-2801/? D/mot_vr_audio_hw﹕ dsp_recognizer_enabled = true
10-09 18:15:28.626  11763-11763/? D/ADSPD﹕ Client cmd=0x0003, size=4
10-09 18:15:28.626    1415-1415/? D/mot_vr_audio_hw﹕ open_input_stream(): devices = 0x80000004, rate = 8000, channels = 0x10
10-09 18:15:28.626    1415-1415/? D/mot_vr_audio_hw﹕ Created resampler for 16000->8000 Hz
10-09 18:15:28.636  11763-11763/? D/ADSPD﹕ Received from DSP: cmd=0x8003, size=2
10-09 18:15:28.636  11763-11763/? D/ADSPD﹕ Client cmd=0x4003, size=2
10-09 18:15:28.636   1415-11769/? D/mot_vr_audio_hw﹕ received recognition control callback, status 0
10-09 18:15:28.636   1415-12034/? D/mot_vr_audio_hw﹕ in_read waiting for hotword
10-09 18:15:28.656    1413-1413/? D/hwcomposer﹕ hwc_blank(0: 0)
10-09 18:15:28.666  10924-10924/? V/WearActivity﹕ Resume!
10-09 18:15:28.666  10924-10924/? V/ClockFace﹕ clearing caches
10-09 18:15:28.666  10924-10924/? V/MyViewAnim﹕ resuming old animator!
10-09 18:15:28.676    1752-1752/? V/ActivityManager﹕ Display changed displayId=0
10-09 18:15:28.686    1752-1778/? I/DisplayManagerService﹕ Display device changed: DisplayDeviceInfo{"Built-in Screen": 320 x 290, 45.000004 fps, density 213, 90.31111 x 136.40741 dpi, touch INTERNAL, rotation 0, type BUILT_IN, state ON, FLAG_DEFAULT_DISPLAY, FLAG_ROTATES_WITH_CONTENT, FLAG_SECURE, FLAG_SUPPORTS_PROTECTED_BUFFERS}
10-09 18:15:28.686    1752-1752/? W/InputMethodManagerService﹕ Ignoring setImeWindowStatus of uid 1000 token: null
10-09 18:15:28.706  10924-10924/? V/WearActivity﹕ display changed: 0, new state: 2
10-09 18:15:28.706  10924-10924/? I/ClockFace﹕ Ambient mode: false
10-09 18:15:28.706  10924-10924/? V/ClockFace﹕ clearing caches
10-09 18:15:28.706  10924-10924/? V/ClockFace﹕ rendering new face, faceMode(0)
10-09 18:15:28.716    1752-1752/? V/ActivityManager﹕ Display changed displayId=0
10-09 18:15:28.726  10924-10924/? V/ClockFace﹕ fetching new battery status (14694)
10-09 18:15:28.726  10924-10924/? V/ClockFace﹕ battery at 0.4
10-09 18:15:28.736  10924-10924/? V/ClockFace﹕ --> dot radius: 0.03
10-09 18:15:28.746  10924-10924/? V/ClockFace﹕ clearing caches
10-09 18:15:28.746  10924-10924/? V/MyViewAnim﹕ resuming old animator!
10-09 18:15:28.746  10924-10924/? V/WearActivity﹕ onDisplayChanged: on!
10-09 18:15:28.756    1752-1912/? D/SensorHAL﹕ adjustSensorHandle: handle = 9 adjustedHandle = 1
10-09 18:15:28.756    1752-1912/? D/SensorHAL﹕ adjustSensorHandle: handle = 9 adjustedHandle = 1
10-09 18:15:28.766    1752-1856/? D/LightsService﹕ Excessive delay setting light: 51ms
10-09 18:15:28.776    1752-1762/? D/SensorHAL﹕ adjustSensorHandle: handle = 9 adjustedHandle = 1
10-09 18:15:32.620    2069-2104/? W/bt-btif﹕ dm_pm_timer expires
10-09 18:15:32.620    2069-2104/? W/bt-btif﹕ dm_pm_timer expires 0
10-09 18:15:32.620    2069-2104/? W/bt-btif﹕ proc dm_pm_timer expires
10-09 18:15:33.461    1752-1782/? I/PowerManagerService﹕ Going to sleep due to screen timeout...
10-09 18:15:33.461    1752-1782/? I/PowerManagerService﹕ Dozing...
10-09 18:15:33.471  10924-10924/? V/WearActivity﹕ Pause!
10-09 18:15:33.471    1752-1775/? I/DreamController﹕ Starting dream: name=ComponentInfo{com.google.android.wearable.app/com.google.android.clockwork.home.AmbientMode}, isTest=false, canDoze=true, userId=0
10-09 18:15:33.481    1415-1415/? D/mot_vr_audio_hw﹕ dsp_recognizer_enabled = false
10-09 18:15:33.481  11763-11763/? D/ADSPD﹕ Client cmd=0x0003, size=4
10-09 18:15:33.491  10924-10924/? V/WearActivity﹕ Stop!
10-09 18:15:33.491   1415-12034/? D/mot_vr_audio_hw﹕ Switching DSP to standby/passthrough mode
10-09 18:15:33.491   1415-12034/? D/mot_vr_audio_hw﹕ Input 0xb7903328 ready to read
10-09 18:15:33.491    1752-1752/? W/InputMethodManagerService﹕ Ignoring setImeWindowStatus of uid 1000 token: null
10-09 18:15:33.501  11763-11763/? D/ADSPD﹕ Received from DSP: cmd=0x8003, size=2
10-09 18:15:33.501  11763-11763/? D/ADSPD﹕ Client cmd=0x0003, size=4
10-09 18:15:33.501   1415-11769/? D/mot_vr_audio_hw﹕ received recognition control callback, status 0
10-09 18:15:33.521  11763-11763/? D/ADSPD﹕ Received from DSP: cmd=0x8003, size=2
10-09 18:15:33.521   1415-11769/? D/mot_vr_audio_hw﹕ received recognition control callback, status 0
10-09 18:15:33.541   1415-12034/? W/mot_vr_audio_hw﹕ Discarded 10 buffers without finding audio data
10-09 18:15:33.551  11763-11763/? D/ADSPD﹕ Client cmd=0x0003, size=4
10-09 18:15:33.551   1415-12034/? D/mot_vr_audio_hw﹕ Re-arming DSP
10-09 18:15:33.551   1415-12034/? D/mot_vr_audio_hw﹕ Input 0xb7903328 standby complete
10-09 18:15:33.561    1415-2801/? D/mot_vr_audio_hw﹕ Input 0xb7903328 close complete
10-09 18:15:33.561  11763-11763/? D/ADSPD﹕ Received from DSP: cmd=0x8003, size=2
10-09 18:15:33.561  11763-11763/? D/ADSPD﹕ Client cmd=0x4003, size=2
10-09 18:15:33.561   1415-11769/? D/mot_vr_audio_hw﹕ received recognition control callback, status 0
10-09 18:15:33.611    1752-1801/? I/ActivityManager﹕ START u0 {act=android.intent.action.MAIN cat=[android.intent.category.HOME] flg=0x10000000 cmp=com.google.android.wearable.app/com.google.android.clockwork.home.HomeActivity (has extras)} from pid 1868 on display 0
10-09 18:15:33.621  10924-10924/? V/WearActivity﹕ display changed: 0, new state: 2
10-09 18:15:33.621  10924-10924/? I/ClockFace﹕ Ambient mode: false
10-09 18:15:33.621  10924-10924/? V/ClockFace﹕ rendering new face, faceMode(0)
10-09 18:15:33.621    1752-1752/? V/ActivityManager﹕ Display changed displayId=0
10-09 18:15:33.631    1752-1775/? I/DreamController﹕ Stopping dream: name=ComponentInfo{com.google.android.wearable.app/com.google.android.clockwork.home.AmbientMode}, isTest=false, canDoze=true, userId=0
10-09 18:15:33.641    1752-1782/? I/PowerManagerService﹕ Sleeping...
10-09 18:15:33.671  10924-10924/? V/ClockFace﹕ fetching new battery status (14695)
10-09 18:15:33.671  10924-10924/? V/ClockFace﹕ battery at 0.4
10-09 18:15:33.671  10924-10924/? V/ClockFace﹕ --> dot radius: 0.03
10-09 18:15:33.681  10924-10924/? V/ClockFace﹕ clearing caches
10-09 18:15:33.681  10924-10924/? V/MyViewAnim﹕ resuming old animator!
10-09 18:15:33.681  10924-10924/? V/WearActivity﹕ onDisplayChanged: on!
10-09 18:15:33.681    1868-1868/? I/AmbientMode﹕ Ambient mode started: canDoze=true, dozeHardware=null
10-09 18:15:33.691    1415-1415/? D/mot_vr_audio_hw﹕ dsp_recognizer_enabled = true
10-09 18:15:33.691  11763-11763/? D/ADSPD﹕ Client cmd=0x0003, size=4
10-09 18:15:33.691    1415-1525/? D/mot_vr_audio_hw﹕ open_input_stream(): devices = 0x80000004, rate = 8000, channels = 0x10
10-09 18:15:33.691    1415-1525/? D/mot_vr_audio_hw﹕ Created resampler for 16000->8000 Hz
10-09 18:15:33.701  11763-11763/? D/ADSPD﹕ Received from DSP: cmd=0x8003, size=2
10-09 18:15:33.701  11763-11763/? D/ADSPD﹕ Client cmd=0x4003, size=2
10-09 18:15:33.701   1415-11769/? D/mot_vr_audio_hw﹕ received recognition control callback, status 0
10-09 18:15:33.721   1415-12036/? D/mot_vr_audio_hw﹕ in_read waiting for hotword
10-09 18:15:33.731    1415-2801/? D/mot_vr_audio_hw﹕ dsp_recognizer_enabled = false
10-09 18:15:33.731  11763-11763/? D/ADSPD﹕ Client cmd=0x0003, size=4
10-09 18:15:33.731   1415-12036/? D/mot_vr_audio_hw﹕ Switching DSP to standby/passthrough mode
10-09 18:15:33.731   1415-12036/? D/mot_vr_audio_hw﹕ Input 0xb7903328 ready to read
10-09 18:15:33.741  11763-11763/? D/ADSPD﹕ Received from DSP: cmd=0x8003, size=2
10-09 18:15:33.741  11763-11763/? D/ADSPD﹕ Client cmd=0x0003, size=4
10-09 18:15:33.741   1415-11769/? D/mot_vr_audio_hw﹕ received recognition control callback, status 0
10-09 18:15:33.751  11763-11763/? D/ADSPD﹕ Received from DSP: cmd=0x8003, size=2
10-09 18:15:33.751   1415-11769/? D/mot_vr_audio_hw﹕ received recognition control callback, status 0
10-09 18:15:33.781   1415-12036/? W/mot_vr_audio_hw﹕ Discarded 10 buffers without finding audio data
10-09 18:15:33.791  11763-11763/? D/ADSPD﹕ Client cmd=0x0003, size=4
10-09 18:15:33.791   1415-12036/? D/mot_vr_audio_hw﹕ Re-arming DSP
10-09 18:15:33.791   1415-12036/? D/mot_vr_audio_hw﹕ Input 0xb7903328 standby complete
10-09 18:15:33.801    1415-2025/? D/mot_vr_audio_hw﹕ Input 0xb7903328 close complete
10-09 18:15:33.801  11763-11763/? D/ADSPD﹕ Received from DSP: cmd=0x8003, size=2
10-09 18:15:33.801  11763-11763/? D/ADSPD﹕ Client cmd=0x4003, size=2
10-09 18:15:33.801   1415-11769/? D/mot_vr_audio_hw﹕ received recognition control callback, status 0
10-09 18:15:33.821    1868-1868/? I/AmbientMode﹕ Dream ended: isDozing=true
10-09 18:15:34.121    1413-1413/? D/SurfaceFlinger﹕ Screen released, type=0 flinger=0xb8082448
10-09 18:15:34.251    1413-1413/? D/hwcomposer﹕ hwc_blank(0: 1)
10-09 18:15:34.251    1752-1856/? D/SurfaceControl﹕ Excessive delay in blankDisplay() while turning screen off: 127ms
10-09 18:15:34.251    1752-1778/? I/DisplayManagerService﹕ Display device changed: DisplayDeviceInfo{"Built-in Screen": 320 x 290, 45.000004 fps, density 213, 90.31111 x 136.40741 dpi, touch INTERNAL, rotation 0, type BUILT_IN, state OFF, FLAG_DEFAULT_DISPLAY, FLAG_ROTATES_WITH_CONTENT, FLAG_SECURE, FLAG_SUPPORTS_PROTECTED_BUFFERS}
10-09 18:15:34.251    1752-1752/? V/ActivityManager﹕ Display changed displayId=0
10-09 18:15:34.261  10924-10924/? V/WearActivity﹕ display changed: 0, new state: 1
10-09 18:15:34.261  10924-10924/? I/ClockFace﹕ Ambient mode: true
10-09 18:15:34.261  10924-10924/? V/ClockFace﹕ clearing caches
10-09 18:15:34.261  10924-10924/? V/MyViewAnim﹕ stopping animation!
10-09 18:15:34.261  10924-10924/? V/MyViewAnim﹕ no draw thread around to kill ?!
10-09 18:15:34.261  10924-10924/? V/WearActivity﹕ onDisplayChanged: off!
10-09 18:15:34.261    1752-1782/? D/MinnowPowerHAL﹕ power_set_interactive: 0
10-09 18:15:34.261    1752-1782/? D/MinnowPowerHAL﹕ sysfs_write: /sys/devices/platform/omapdss/display0/interactivemode 0
10-09 18:15:34.261    1752-1782/? D/MinnowPowerHAL﹕ sysfs_write: /sys/devices/ocp.2/i2c.6/i2c-0/0-004a/interactivemode 0
10-09 18:15:34.261    1752-1782/? D/mot_vr_audio_hw﹕ dsp_set_pm_state = off
10-09 18:15:34.261  11763-11763/? D/ADSPD﹕ Client cmd=0x4002, size=2
10-09 18:15:34.261  11763-11763/? D/ADSPD﹕ DSP_CMD_DAEMON_SET_PM_STATE : 0
10-09 18:15:37.124    2069-2104/? W/bt-btif﹕ dm_pm_timer expires
10-09 18:15:37.124    2069-2104/? W/bt-btif﹕ dm_pm_timer expires 0
10-09 18:15:37.124    2069-2104/? W/bt-btif﹕ proc dm_pm_timer expires
10-09 18:15:59.136    1752-1785/? I/PowerManagerService﹕ Waking up from sleep...
10-09 18:15:59.136    1752-1776/? W/KeyguardServiceDelegate﹕ onScreenTurnedOn(): no keyguard service!
10-09 18:15:59.146  10924-10924/? V/WearActivity﹕ display changed: 0, new state: 1
10-09 18:15:59.146  10924-10924/? I/ClockFace﹕ Ambient mode: true
10-09 18:15:59.146  10924-10924/? V/MyViewAnim﹕ stopping animation!
10-09 18:15:59.146  10924-10924/? V/MyViewAnim﹕ no draw thread around to kill ?!
10-09 18:15:59.146  10924-10924/? V/WearActivity﹕ onDisplayChanged: off!
10-09 18:15:59.276    1752-1785/? D/PowerManagerService-JNI﹕ Excessive delay in autosuspend_disable() while turning screen on: 143ms
10-09 18:15:59.276    1752-1785/? D/MinnowPowerHAL﹕ power_set_interactive: 1
10-09 18:15:59.276    1752-1785/? D/MinnowPowerHAL﹕ sysfs_write: /sys/devices/platform/omapdss/display0/interactivemode 1
10-09 18:15:59.316    1752-1785/? D/MinnowPowerHAL﹕ sysfs_write: /sys/devices/ocp.2/i2c.6/i2c-0/0-004a/interactivemode 1
10-09 18:15:59.316    1752-1785/? D/mot_vr_audio_hw﹕ dsp_set_pm_state = on
10-09 18:15:59.316  11763-11763/? D/ADSPD﹕ Client cmd=0x4002, size=2
10-09 18:15:59.316    1752-1785/? D/PowerManagerService-JNI﹕ Excessive delay in setInteractive(true) while turning screen on: 32ms
10-09 18:15:59.316  11763-11763/? D/ADSPD﹕ DSP_CMD_DAEMON_SET_PM_STATE : 1
10-09 18:15:59.316  11763-11763/? D/ADSPD﹕ ACK success!
10-09 18:15:59.316    1413-1413/? D/SurfaceFlinger﹕ Screen acquired, type=0 flinger=0xb8082448
10-09 18:15:59.316    1413-1413/? D/hwcomposer﹕ hwc_blank(0: 0)
10-09 18:15:59.316    1868-1868/? E/ClockworkHome﹕ Tried to exit ambient mode, but enterAmbientMode() was never called.
10-09 18:15:59.326    1415-2801/? D/mot_vr_audio_hw﹕ dsp_recognizer_enabled = true
10-09 18:15:59.326  11763-11763/? D/ADSPD﹕ Client cmd=0x0003, size=4
10-09 18:15:59.326    1415-1415/? D/mot_vr_audio_hw﹕ open_input_stream(): devices = 0x80000004, rate = 8000, channels = 0x10
10-09 18:15:59.326    1415-1415/? D/mot_vr_audio_hw﹕ Created resampler for 16000->8000 Hz
10-09 18:15:59.336  11763-11763/? D/ADSPD﹕ Received from DSP: cmd=0x8003, size=2
10-09 18:15:59.336  11763-11763/? D/ADSPD﹕ Client cmd=0x4003, size=2
10-09 18:15:59.336   1415-11769/? D/mot_vr_audio_hw﹕ received recognition control callback, status 0
10-09 18:15:59.346    1752-1778/? I/DisplayManagerService﹕ Display device changed: DisplayDeviceInfo{"Built-in Screen": 320 x 290, 45.000004 fps, density 213, 90.31111 x 136.40741 dpi, touch INTERNAL, rotation 0, type BUILT_IN, state ON, FLAG_DEFAULT_DISPLAY, FLAG_ROTATES_WITH_CONTENT, FLAG_SECURE, FLAG_SUPPORTS_PROTECTED_BUFFERS}
10-09 18:15:59.356  10924-10924/? V/WearActivity﹕ Resume!
10-09 18:15:59.356  10924-10924/? V/ClockFace﹕ clearing caches
10-09 18:15:59.356  10924-10924/? V/MyViewAnim﹕ resuming old animator!
10-09 18:15:59.366  10924-10924/? V/WearActivity﹕ display changed: 0, new state: 2
10-09 18:15:59.366  10924-10924/? I/ClockFace﹕ Ambient mode: false
10-09 18:15:59.366  10924-10924/? V/ClockFace﹕ clearing caches
10-09 18:15:59.366    1752-1752/? V/ActivityManager﹕ Display changed displayId=0
10-09 18:15:59.376  10924-10924/? V/ClockFace﹕ rendering new face, faceMode(0)
10-09 18:15:59.376    1752-1752/? V/ActivityManager﹕ Display changed displayId=0
10-09 18:15:59.376    1752-1752/? W/InputMethodManagerService﹕ Ignoring setImeWindowStatus of uid 1000 token: null
10-09 18:15:59.396   1415-12049/? D/mot_vr_audio_hw﹕ in_read waiting for hotword
10-09 18:15:59.426  10924-10924/? V/ClockFace﹕ fetching new battery status (14696)
10-09 18:15:59.426  10924-10924/? V/ClockFace﹕ battery at 0.4
10-09 18:15:59.426  10924-10924/? V/ClockFace﹕ --> dot radius: 0.03
10-09 18:15:59.426  10924-10924/? V/ClockFace﹕ clearing caches
10-09 18:15:59.426  10924-10924/? V/MyViewAnim﹕ resuming old animator!
10-09 18:15:59.426  10924-10924/? V/WearActivity﹕ onDisplayChanged: on!
10-09 18:15:59.456    1752-1801/? D/SensorHAL﹕ adjustSensorHandle: handle = 9 adjustedHandle = 1
10-09 18:15:59.456    1752-1801/? D/SensorHAL﹕ adjustSensorHandle: handle = 9 adjustedHandle = 1
10-09 18:15:59.466    1752-2702/? D/SensorHAL﹕ adjustSensorHandle: handle = 9 adjustedHandle = 1
10-09 18:16:00.017  10924-10924/? V/ClockFace﹕ rendering new face, faceMode(0)
10-09 18:16:00.027  10924-10924/? V/ClockFace﹕ fetching new battery status (14697)
10-09 18:16:00.027  10924-10924/? V/ClockFace﹕ battery at 0.4
10-09 18:16:00.027  10924-10924/? V/ClockFace﹕ --> dot radius: 0.03
10-09 18:16:02.589    2069-2104/? W/bt-btif﹕ dm_pm_timer expires
10-09 18:16:02.589    2069-2104/? W/bt-btif﹕ dm_pm_timer expires 0
10-09 18:16:02.589    2069-2104/? W/bt-btif﹕ proc dm_pm_timer expires
10-09 18:16:04.131  10924-10924/? V/WearActivity﹕ Pause!
10-09 18:16:04.131    1752-1782/? I/PowerManagerService﹕ Going to sleep due to screen timeout...
10-09 18:16:04.131    1752-1782/? I/PowerManagerService﹕ Dozing...
10-09 18:16:04.141    1752-1775/? I/DreamController﹕ Starting dream: name=ComponentInfo{com.google.android.wearable.app/com.google.android.clockwork.home.AmbientMode}, isTest=false, canDoze=true, userId=0
10-09 18:16:04.151    1415-1415/? D/mot_vr_audio_hw﹕ dsp_recognizer_enabled = false
10-09 18:16:04.151  11763-11763/? D/ADSPD﹕ Client cmd=0x0003, size=4
10-09 18:16:04.151   1415-12049/? D/mot_vr_audio_hw﹕ Switching DSP to standby/passthrough mode
10-09 18:16:04.151   1415-12049/? D/mot_vr_audio_hw﹕ Input 0xb7903328 ready to read
10-09 18:16:04.161  10924-10924/? V/WearActivity﹕ Stop!
10-09 18:16:04.161  11763-11763/? D/ADSPD﹕ Received from DSP: cmd=0x8003, size=2
10-09 18:16:04.161  11763-11763/? D/ADSPD﹕ Client cmd=0x0003, size=4
10-09 18:16:04.161   1415-11769/? D/mot_vr_audio_hw﹕ received recognition control callback, status 0
10-09 18:16:04.161    1752-1752/? W/InputMethodManagerService﹕ Ignoring setImeWindowStatus of uid 1000 token: null
10-09 18:16:04.181  11763-11763/? D/ADSPD﹕ Received from DSP: cmd=0x8003, size=2
10-09 18:16:04.181   1415-11769/? D/mot_vr_audio_hw﹕ received recognition control callback, status 0
10-09 18:16:04.211   1415-12049/? W/mot_vr_audio_hw﹕ Discarded 10 buffers without finding audio data
10-09 18:16:04.211  11763-11763/? D/ADSPD﹕ Client cmd=0x0003, size=4
10-09 18:16:04.211   1415-12049/? D/mot_vr_audio_hw﹕ Re-arming DSP
10-09 18:16:04.211   1415-12049/? D/mot_vr_audio_hw﹕ Input 0xb7903328 standby complete
10-09 18:16:04.221    1415-2801/? D/mot_vr_audio_hw﹕ Input 0xb7903328 close complete
10-09 18:16:04.231  11763-11763/? D/ADSPD﹕ Received from DSP: cmd=0x8003, size=2
10-09 18:16:04.231  11763-11763/? D/ADSPD﹕ Client cmd=0x4003, size=2
10-09 18:16:04.231   1415-11769/? D/mot_vr_audio_hw﹕ received recognition control callback, status 0
10-09 18:16:04.271    1752-1897/? I/ActivityManager﹕ START u0 {act=android.intent.action.MAIN cat=[android.intent.category.HOME] flg=0x10000000 cmp=com.google.android.wearable.app/com.google.android.clockwork.home.HomeActivity (has extras)} from pid 1868 on display 0
10-09 18:16:04.281  10924-10924/? V/WearActivity﹕ display changed: 0, new state: 2
10-09 18:16:04.281  10924-10924/? I/TimeWrapper﹕ FPS: 0.41118565, samples: 2
10-09 18:16:04.281  10924-10924/? I/TimeWrapper﹕ Min/Avg/Max frame render speed (ms): 5.462646 / 9.414673 / 13.3667
10-09 18:16:04.281  10924-10924/? I/TimeWrapper﹕ Waketime: 0.38711783%
10-09 18:16:04.281  10924-10924/? I/ClockFace﹕ Ambient mode: false
10-09 18:16:04.281    1752-1752/? V/ActivityManager﹕ Display changed displayId=0
10-09 18:16:04.291    1752-1775/? I/DreamController﹕ Stopping dream: name=ComponentInfo{com.google.android.wearable.app/com.google.android.clockwork.home.AmbientMode}, isTest=false, canDoze=true, userId=0
10-09 18:16:04.301    1752-1782/? I/PowerManagerService﹕ Sleeping...
10-09 18:16:04.311  10924-10924/? V/ClockFace﹕ clearing caches
10-09 18:16:04.311  10924-10924/? V/MyViewAnim﹕ resuming old animator!
10-09 18:16:04.311  10924-10924/? V/WearActivity﹕ onDisplayChanged: on!
10-09 18:16:04.341    1868-1868/? I/AmbientMode﹕ Ambient mode started: canDoze=true, dozeHardware=null
10-09 18:16:04.351    1415-1415/? D/mot_vr_audio_hw﹕ dsp_recognizer_enabled = true
10-09 18:16:04.351  11763-11763/? D/ADSPD﹕ Client cmd=0x0003, size=4
10-09 18:16:04.351    1415-1525/? D/mot_vr_audio_hw﹕ open_input_stream(): devices = 0x80000004, rate = 8000, channels = 0x10
10-09 18:16:04.351    1415-1525/? D/mot_vr_audio_hw﹕ Created resampler for 16000->8000 Hz
10-09 18:16:04.361  11763-11763/? D/ADSPD﹕ Received from DSP: cmd=0x8003, size=2
10-09 18:16:04.361  11763-11763/? D/ADSPD﹕ Client cmd=0x4003, size=2
10-09 18:16:04.361   1415-11769/? D/mot_vr_audio_hw﹕ received recognition control callback, status 0
10-09 18:16:04.371   1415-12051/? D/mot_vr_audio_hw﹕ in_read waiting for hotword
10-09 18:16:04.371    1415-2801/? D/mot_vr_audio_hw﹕ dsp_recognizer_enabled = false
10-09 18:16:04.371  11763-11763/? D/ADSPD﹕ Client cmd=0x0003, size=4
10-09 18:16:04.381   1415-12051/? D/mot_vr_audio_hw﹕ Switching DSP to standby/passthrough mode
10-09 18:16:04.381   1415-12051/? D/mot_vr_audio_hw﹕ Input 0xb7903328 ready to read
10-09 18:16:04.391  11763-11763/? D/ADSPD﹕ Received from DSP: cmd=0x8003, size=2
10-09 18:16:04.391  11763-11763/? D/ADSPD﹕ Client cmd=0x0003, size=4
10-09 18:16:04.391   1415-11769/? D/mot_vr_audio_hw﹕ received recognition control callback, status 0
10-09 18:16:04.401  11763-11763/? D/ADSPD﹕ Received from DSP: cmd=0x8003, size=2
10-09 18:16:04.411   1415-11769/? D/mot_vr_audio_hw﹕ received recognition control callback, status 0
10-09 18:16:04.431   1415-12051/? W/mot_vr_audio_hw﹕ Discarded 10 buffers without finding audio data
10-09 18:16:04.441  11763-11763/? D/ADSPD﹕ Client cmd=0x0003, size=4
10-09 18:16:04.451   1415-12051/? D/mot_vr_audio_hw﹕ Re-arming DSP
10-09 18:16:04.451   1415-12051/? D/mot_vr_audio_hw﹕ Input 0xb7903328 standby complete
10-09 18:16:04.451    1415-2025/? D/mot_vr_audio_hw﹕ Input 0xb7903328 close complete
10-09 18:16:04.461  11763-11763/? D/ADSPD﹕ Received from DSP: cmd=0x8003, size=2
10-09 18:16:04.461  11763-11763/? D/ADSPD﹕ Client cmd=0x4003, size=2
10-09 18:16:04.461   1415-11769/? D/mot_vr_audio_hw﹕ received recognition control callback, status 0
10-09 18:16:04.481    1868-1868/? I/AmbientMode﹕ Dream ended: isDozing=true
10-09 18:16:04.772    1413-1413/? D/SurfaceFlinger﹕ Screen released, type=0 flinger=0xb8082448
10-09 18:16:04.932    1413-1413/? D/hwcomposer﹕ hwc_blank(0: 1)
10-09 18:16:04.932    1752-1805/? D/SurfaceControl﹕ Excessive delay in blankDisplay() while turning screen off: 156ms
10-09 18:16:04.932    1752-1778/? I/DisplayManagerService﹕ Display device changed: DisplayDeviceInfo{"Built-in Screen": 320 x 290, 45.000004 fps, density 213, 90.31111 x 136.40741 dpi, touch INTERNAL, rotation 0, type BUILT_IN, state OFF, FLAG_DEFAULT_DISPLAY, FLAG_ROTATES_WITH_CONTENT, FLAG_SECURE, FLAG_SUPPORTS_PROTECTED_BUFFERS}
10-09 18:16:04.932    1752-1752/? V/ActivityManager﹕ Display changed displayId=0
10-09 18:16:04.952  10924-10924/? V/WearActivity﹕ display changed: 0, new state: 1
10-09 18:16:04.952  10924-10924/? I/ClockFace﹕ Ambient mode: true
10-09 18:16:04.952  10924-10924/? V/ClockFace﹕ clearing caches
10-09 18:16:04.952  10924-10924/? V/MyViewAnim﹕ stopping animation!
10-09 18:16:04.952  10924-10924/? V/MyViewAnim﹕ no draw thread around to kill ?!
10-09 18:16:04.952  10924-10924/? V/WearActivity﹕ onDisplayChanged: off!
10-09 18:16:04.952    1752-1782/? D/MinnowPowerHAL﹕ power_set_interactive: 0
10-09 18:16:04.952    1752-1782/? D/MinnowPowerHAL﹕ sysfs_write: /sys/devices/platform/omapdss/display0/interactivemode 0
10-09 18:16:04.952    1752-1782/? D/MinnowPowerHAL﹕ sysfs_write: /sys/devices/ocp.2/i2c.6/i2c-0/0-004a/interactivemode 0
10-09 18:16:04.962    1752-1782/? D/mot_vr_audio_hw﹕ dsp_set_pm_state = off
10-09 18:16:04.962  11763-11763/? D/ADSPD﹕ Client cmd=0x4002, size=2
10-09 18:16:04.962  11763-11763/? D/ADSPD﹕ DSP_CMD_DAEMON_SET_PM_STATE : 0
10-09 18:16:07.124    2069-2104/? W/bt-btif﹕ dm_pm_timer expires
10-09 18:16:07.124    2069-2104/? W/bt-btif﹕ dm_pm_timer expires 0
10-09 18:16:07.124    2069-2104/? W/bt-btif﹕ proc dm_pm_timer expires
10-09 18:16:10.075    1868-2015/? W/CwCal﹕ CalHomeUtil.updateBackground:bundle dismissed, do nothing
10-09 18:16:12.007    2069-2104/? W/bt-btif﹕ dm_pm_timer expires
10-09 18:16:12.007    2069-2104/? W/bt-btif﹕ dm_pm_timer expires 0
10-09 18:16:12.007    2069-2104/? W/bt-btif﹕ proc dm_pm_timer expires
10-09 18:16:17.652    1752-1769/? D/SensorHALGestureSensor﹕ Gesture event received! time = 1412896577657821479
10-09 18:16:17.652    1752-1897/? I/PowerManagerService﹕ Waking up from sleep...
10-09 18:16:17.652    1752-1776/? W/KeyguardServiceDelegate﹕ onScreenTurnedOn(): no keyguard service!
10-09 18:16:17.662  10924-10924/? V/WearActivity﹕ display changed: 0, new state: 1
10-09 18:16:17.662  10924-10924/? I/ClockFace﹕ Ambient mode: true
10-09 18:16:17.662  10924-10924/? V/MyViewAnim﹕ stopping animation!
10-09 18:16:17.662  10924-10924/? V/MyViewAnim﹕ no draw thread around to kill ?!
10-09 18:16:17.662  10924-10924/? V/WearActivity﹕ onDisplayChanged: off!
10-09 18:16:17.782    1752-1897/? D/PowerManagerService-JNI﹕ Excessive delay in autosuspend_disable() while turning screen on: 116ms
10-09 18:16:17.782    1752-1897/? D/MinnowPowerHAL﹕ power_set_interactive: 1
10-09 18:16:17.782    1752-1897/? D/MinnowPowerHAL﹕ sysfs_write: /sys/devices/platform/omapdss/display0/interactivemode 1
10-09 18:16:17.842    1752-1897/? D/MinnowPowerHAL﹕ sysfs_write: /sys/devices/ocp.2/i2c.6/i2c-0/0-004a/interactivemode 1
10-09 18:16:17.842    1752-1897/? D/mot_vr_audio_hw﹕ dsp_set_pm_state = on
10-09 18:16:17.842  11763-11763/? D/ADSPD﹕ Client cmd=0x4002, size=2
10-09 18:16:17.842    1752-1897/? D/PowerManagerService-JNI﹕ Excessive delay in setInteractive(true) while turning screen on: 56ms
10-09 18:16:17.842  11763-11763/? D/ADSPD﹕ DSP_CMD_DAEMON_SET_PM_STATE : 1
10-09 18:16:17.852  10924-10924/? V/WearActivity﹕ Resume!
10-09 18:16:17.852  10924-10924/? V/ClockFace﹕ clearing caches
10-09 18:16:17.852  10924-10924/? V/MyViewAnim﹕ resuming old animator!
10-09 18:16:17.852    1413-1413/? D/SurfaceFlinger﹕ Screen acquired, type=0 flinger=0xb8082448
10-09 18:16:17.852    1413-1413/? D/hwcomposer﹕ hwc_blank(0: 0)
10-09 18:16:17.862  10924-10924/? V/WearActivity﹕ display changed: 0, new state: 2
10-09 18:16:17.862  10924-10924/? I/ClockFace﹕ Ambient mode: false
10-09 18:16:17.862  10924-10924/? V/ClockFace﹕ clearing caches
10-09 18:16:17.862    1752-1752/? V/ActivityManager﹕ Display changed displayId=0
10-09 18:16:17.862    1752-1778/? I/DisplayManagerService﹕ Display device changed: DisplayDeviceInfo{"Built-in Screen": 320 x 290, 45.000004 fps, density 213, 90.31111 x 136.40741 dpi, touch INTERNAL, rotation 0, type BUILT_IN, state ON, FLAG_DEFAULT_DISPLAY, FLAG_ROTATES_WITH_CONTENT, FLAG_SECURE, FLAG_SUPPORTS_PROTECTED_BUFFERS}
10-09 18:16:17.872  10924-10924/? V/ClockFace﹕ rendering new face, faceMode(0)
10-09 18:16:17.882    1752-1752/? W/InputMethodManagerService﹕ Ignoring setImeWindowStatus of uid 1000 token: null
10-09 18:16:17.882    1752-1752/? V/ActivityManager﹕ Display changed displayId=0
10-09 18:16:17.892    1868-1868/? E/ClockworkHome﹕ Tried to exit ambient mode, but enterAmbientMode() was never called.
10-09 18:16:17.892    1415-2801/? D/mot_vr_audio_hw﹕ dsp_recognizer_enabled = true
10-09 18:16:17.892    1415-1415/? D/mot_vr_audio_hw﹕ open_input_stream(): devices = 0x80000004, rate = 8000, channels = 0x10
10-09 18:16:17.892    1415-1415/? D/mot_vr_audio_hw﹕ Created resampler for 16000->8000 Hz
10-09 18:16:17.923   1415-12053/? D/mot_vr_audio_hw﹕ in_read waiting for hotword
10-09 18:16:17.933  10924-10924/? V/ClockFace﹕ fetching new battery status (14700)
10-09 18:16:17.933  10924-10924/? V/ClockFace﹕ battery at 0.4
10-09 18:16:17.933  10924-10924/? V/ClockFace﹕ --> dot radius: 0.03
10-09 18:16:17.943  10924-10924/? V/ClockFace﹕ clearing caches
10-09 18:16:17.943  10924-10924/? V/MyViewAnim﹕ resuming old animator!
10-09 18:16:17.943  10924-10924/? V/WearActivity﹕ onDisplayChanged: on!
10-09 18:16:17.943  11763-11763/? E/ADSPD﹕ Timeout on select()
10-09 18:16:17.943  11763-11763/? E/ADSPD﹕ NO ACK received after loading firmware
10-09 18:16:17.943  11763-11763/? E/ADSPD﹕ Unknown ACK received 0x00
10-09 18:16:17.943  11763-11763/? D/ADSPD﹕ Client cmd=0x0003, size=4
10-09 18:16:17.953    1752-1856/? D/LightsService﹕ Excessive delay setting light: 60ms
10-09 18:16:17.963  11763-11763/? D/ADSPD﹕ Received from DSP: cmd=0x8003, size=2
10-09 18:16:17.963  11763-11763/? D/ADSPD﹕ Client cmd=0x4003, size=2
10-09 18:16:17.963   1415-11769/? D/mot_vr_audio_hw﹕ received recognition control callback, status 0
10-09 18:16:17.963    1752-1762/? D/SensorHAL﹕ adjustSensorHandle: handle = 9 adjustedHandle = 1
10-09 18:16:17.963    1752-1762/? D/SensorHAL﹕ adjustSensorHandle: handle = 9 adjustedHandle = 1
10-09 18:16:17.993    1752-2702/? D/SensorHAL﹕ adjustSensorHandle: handle = 9 adjustedHandle = 1
10-09 18:16:20.075  10924-10924/? V/ClockFace﹕ rendering new face, faceMode(0)
10-09 18:16:20.095  10924-10924/? V/ClockFace﹕ fetching new battery status (14701)
10-09 18:16:20.095  10924-10924/? V/ClockFace﹕ battery at 0.4
10-09 18:16:20.095  10924-10924/? V/ClockFace﹕ --> dot radius: 0.03
10-09 18:16:20.305   1868-12055/? D/dalvikvm﹕ GC_FOR_ALLOC freed 1000K, 40% free 12942K/21308K, paused 36ms, total 38ms
10-09 18:16:20.485    1868-1873/? D/dalvikvm﹕ GC_CONCURRENT freed 192K, 31% free 14797K/21308K, paused 11ms+6ms, total 83ms
10-09 18:16:20.485    1868-1868/? D/dalvikvm﹕ WAIT_FOR_CONCURRENT_GC blocked 14ms
10-09 18:16:20.485   1868-12055/? D/dalvikvm﹕ WAIT_FOR_CONCURRENT_GC blocked 15ms
10-09 18:16:20.695    1868-1873/? D/dalvikvm﹕ GC_CONCURRENT freed 1929K, 31% free 14881K/21308K, paused 4ms+5ms, total 41ms
10-09 18:16:20.695    1868-1868/? D/dalvikvm﹕ WAIT_FOR_CONCURRENT_GC blocked 27ms
10-09 18:16:21.096    2069-2104/? W/bt-btif﹕ dm_pm_timer expires
10-09 18:16:21.096    2069-2104/? W/bt-btif﹕ dm_pm_timer expires 0
10-09 18:16:21.096    2069-2104/? W/bt-btif﹕ proc dm_pm_timer expires
10-09 18:16:23.118    1752-1778/? I/DisplayManagerService﹕ Display device changed: DisplayDeviceInfo{"ActivityViewVirtualDisplay": 320 x 320, 60.0 fps, density 213, 213.0 x 213.0 dpi, touch NONE, rotation 0, type VIRTUAL, state OFF, owner android (uid 1000), FLAG_OWN_CONTENT_ONLY}
10-09 18:16:23.118    1752-1752/? V/ActivityManager﹕ Display changed displayId=66
10-09 18:16:23.138  10924-10924/? V/WearActivity﹕ display changed: 66, new state: 1
10-09 18:16:23.138  10924-10924/? I/TimeWrapper﹕ FPS: 0.19215837, samples: 1
10-09 18:16:23.138  10924-10924/? I/TimeWrapper﹕ Min/Avg/Max frame render speed (ms): 30.792236 / 30.792236 / 30.792236
10-09 18:16:23.138  10924-10924/? I/TimeWrapper﹕ Waketime: 0.5916986%
10-09 18:16:23.138  10924-10924/? I/ClockFace﹕ Ambient mode: true
10-09 18:16:23.138  10924-10924/? V/ClockFace﹕ clearing caches
10-09 18:16:23.138  10924-10924/? V/MyViewAnim﹕ stopping animation!
10-09 18:16:23.138  10924-10924/? V/MyViewAnim﹕ no draw thread around to kill ?!
10-09 18:16:23.138  10924-10924/? V/WearActivity﹕ onDisplayChanged: off!
10-09 18:16:23.138  10924-10924/? V/WearActivity﹕ Pause!
10-09 18:16:23.168    1752-8718/? D/ActivityManager﹕ finishAllActivitiesLocked: finishing ActivityRecord{adc6b2d0 u0 org.dwallach.calwatch/.WearActivity t53} immediately
10-09 18:16:23.178  10924-10924/? V/WearActivity﹕ Stop!
10-09 18:16:23.178  10924-10924/? V/WearActivity﹕ Destroy!
10-09 18:16:23.178  10924-10924/? V/MyViewAnim﹕ stopping animation!
10-09 18:16:23.178  10924-10924/? V/MyViewAnim﹕ no draw thread around to kill ?!
10-09 18:16:23.178  10924-10924/? V/WearActivity﹕ killing ambient watcher & alarm
10-09 18:16:23.188  10924-10924/? V/MyViewAnim﹕ Drawing surface destroyed!
10-09 18:16:23.188  10924-10924/? V/MyViewAnim﹕ stopping animation!
10-09 18:16:23.188  10924-10924/? V/MyViewAnim﹕ no draw thread around to kill ?!
10-09 18:16:23.228    1752-1801/? I/DisplayManagerService﹕ Display device removed: DisplayDeviceInfo{"ActivityViewVirtualDisplay": 320 x 320, 60.0 fps, density 213, 213.0 x 213.0 dpi, touch NONE, rotation 0, type VIRTUAL, state OFF, owner android (uid 1000), FLAG_OWN_CONTENT_ONLY}
10-09 18:16:23.228    1752-1752/? V/ActivityManager﹕ Display removed displayId=66
10-09 18:16:23.248    1752-3165/? I/DisplayManagerService﹕ Display device added: DisplayDeviceInfo{"ActivityViewVirtualDisplay": 320 x 320, 60.0 fps, density 213, 213.0 x 213.0 dpi, touch NONE, rotation 0, type VIRTUAL, state OFF, owner android (uid 1000), FLAG_OWN_CONTENT_ONLY}
10-09 18:16:23.248    1752-1752/? V/ActivityManager﹕ Display added displayId=67
10-09 18:16:23.278    1752-1752/? V/ActivityManager﹕ Display changed displayId=67
10-09 18:16:23.298    1752-8718/? I/ActivityManager﹕ START u0 {flg=0x18010000 cmp=com.motorola.targetnotif/com.motorola.loop.RetroActivity} from pid 1868 on display 67
10-09 18:16:23.308    1752-1752/? V/ActivityManager﹕ Display changed displayId=0
10-09 18:16:23.498    1752-1778/? I/ActivityManager﹕ Displayed com.motorola.targetnotif/com.motorola.loop.RetroActivity: +196ms
10-09 18:16:23.498    1752-1778/? I/DisplayManagerService﹕ Display device changed: DisplayDeviceInfo{"ActivityViewVirtualDisplay": 320 x 320, 60.0 fps, density 213, 213.0 x 213.0 dpi, touch NONE, rotation 0, type VIRTUAL, state ON, owner android (uid 1000), FLAG_OWN_CONTENT_ONLY}
10-09 18:16:23.508    1752-1752/? V/ActivityManager﹕ Display changed displayId=67
10-09 18:16:23.618   1993-12056/? D/dalvikvm﹕ GC_FOR_ALLOC freed 326K, 35% free 2868K/4364K, paused 71ms, total 72ms
10-09 18:16:23.618   1993-12056/? I/dalvikvm-heap﹕ Grow heap (frag case) to 3.477MB for 409616-byte allocation
10-09 18:16:23.678    1993-2001/? D/dalvikvm﹕ GC_FOR_ALLOC freed 36K, 33% free 3231K/4768K, paused 62ms, total 62ms
10-09 18:16:23.728    1993-1996/? D/dalvikvm﹕ GC_CONCURRENT freed 85K, 34% free 3163K/4768K, paused 6ms+2ms, total 47ms
10-09 18:16:23.798   1993-12059/? D/WearableClient﹕ WearableClientImpl.onPostInitHandler: done
10-09 18:16:26.151    2069-2104/? W/bt-btif﹕ dm_pm_timer expires
10-09 18:16:26.151    2069-2104/? W/bt-btif﹕ dm_pm_timer expires 0
10-09 18:16:26.151    2069-2104/? W/bt-btif﹕ proc dm_pm_timer expires
10-09 18:16:27.222    1868-1873/? D/dalvikvm﹕ GC_CONCURRENT freed 1640K, 29% free 15294K/21308K, paused 9ms+7ms, total 104ms
10-09 18:16:27.222   1868-12060/? D/dalvikvm﹕ WAIT_FOR_CONCURRENT_GC blocked 44ms
10-09 18:16:27.472    1868-1868/? D/dalvikvm﹕ GC_FOR_ALLOC freed 1669K, 28% free 15494K/21308K, paused 36ms, total 37ms
10-09 18:16:28.052    2152-2154/? D/dalvikvm﹕ GC_CONCURRENT freed 389K, 23% free 2010K/2600K, paused 3ms+2ms, total 25ms
10-09 18:16:28.833   1868-12060/? D/dalvikvm﹕ GC_FOR_ALLOC freed 2976K, 34% free 14194K/21308K, paused 32ms, total 32ms
10-09 18:16:29.143    1752-1778/? I/DisplayManagerService﹕ Display device changed: DisplayDeviceInfo{"ActivityViewVirtualDisplay": 320 x 320, 60.0 fps, density 213, 213.0 x 213.0 dpi, touch NONE, rotation 0, type VIRTUAL, state OFF, owner android (uid 1000), FLAG_OWN_CONTENT_ONLY}
10-09 18:16:29.143    1752-1752/? V/ActivityManager﹕ Display changed displayId=67
10-09 18:16:29.163    1752-1801/? D/ActivityManager﹕ finishAllActivitiesLocked: finishing ActivityRecord{adf33960 u0 com.motorola.targetnotif/com.motorola.loop.RetroActivity t56} immediately
10-09 18:16:29.204    1752-1897/? I/DisplayManagerService﹕ Display device added: DisplayDeviceInfo{"ActivityViewVirtualDisplay": 320 x 320, 60.0 fps, density 213, 213.0 x 213.0 dpi, touch NONE, rotation 0, type VIRTUAL, state OFF, owner android (uid 1000), FLAG_OWN_CONTENT_ONLY}
10-09 18:16:29.204    1752-1752/? V/ActivityManager﹕ Display added displayId=68
10-09 18:16:29.214    1752-1752/? V/ActivityManager﹕ Display changed displayId=68
10-09 18:16:29.234    1752-1763/? I/ActivityManager﹕ START u0 {flg=0x18010000 cmp=org.dwallach.calwatch/.WearActivity} from pid 1868 on display 68
10-09 18:16:29.264  10924-10924/? V/WearActivity﹕ starting onCreate
10-09 18:16:29.264  10924-10924/? V/BatteryWrapper﹕ Hmm, a new context
10-09 18:16:29.304  10924-10924/? V/WearActivity﹕ initializing ambient watcher
10-09 18:16:29.304  10924-10924/? V/WearActivity﹕ Resume!
10-09 18:16:29.304  10924-10924/? E/WearActivity﹕ failed to initialize alarm
10-09 18:16:29.334    1752-1897/? I/DisplayManagerService﹕ Display device removed: DisplayDeviceInfo{"ActivityViewVirtualDisplay": 320 x 320, 60.0 fps, density 213, 213.0 x 213.0 dpi, touch NONE, rotation 0, type VIRTUAL, state OFF, owner android (uid 1000), FLAG_OWN_CONTENT_ONLY}
10-09 18:16:29.334    1752-1752/? V/ActivityManager﹕ Display removed displayId=67
10-09 18:16:29.384  10924-10924/? V/MyViewAnim﹕ setup!
10-09 18:16:29.384  10924-10924/? V/MyViewAnim﹕ initializing ClockFace
10-09 18:16:29.384  10924-10924/? V/ClockFace﹕ ClockFace setup!
10-09 18:16:29.384  10924-10924/? V/ClockFace﹕ clearing caches
10-09 18:16:29.384  10924-10924/? V/ClockFace﹕ Moto 360 detected. Flat bottom hack enabled.
10-09 18:16:29.384  10924-10924/? V/WearActivity﹕ starting data API receiver
10-09 18:16:29.394  10924-10926/? D/dalvikvm﹕ GC_CONCURRENT freed 393K, 25% free 2311K/3080K, paused 3ms+11ms, total 106ms
10-09 18:16:29.444  10924-10924/? V/MyViewAnim﹕ Drawing surface created!
10-09 18:16:29.444  10924-10924/? V/ClockFace﹕ clearing caches
10-09 18:16:29.444  10924-10924/? V/MyViewAnim﹕ new animator starting
10-09 18:16:29.444  10924-10924/? V/MyViewAnim﹕ Time listener is up!
10-09 18:16:29.444  10924-10924/? V/MyViewAnim﹕ starting draw thread from scratch
10-09 18:16:29.454  10924-10924/? V/MyViewAnim﹕ Drawing surface changed!
10-09 18:16:29.454  10924-10924/? V/ClockFace﹕ clearing caches
10-09 18:16:29.454  10924-10924/? V/MyViewAnim﹕ resuming old animator!
10-09 18:16:29.454  10924-10924/? V/ClockFace﹕ clearing caches
10-09 18:16:29.494    1752-1778/? I/ActivityManager﹕ Displayed org.dwallach.calwatch/.WearActivity: +245ms
10-09 18:16:29.494    1752-1778/? I/DisplayManagerService﹕ Display device changed: DisplayDeviceInfo{"ActivityViewVirtualDisplay": 320 x 320, 60.0 fps, density 213, 213.0 x 213.0 dpi, touch NONE, rotation 0, type VIRTUAL, state ON, owner android (uid 1000), FLAG_OWN_CONTENT_ONLY}
10-09 18:16:29.494    1752-1752/? V/ActivityManager﹕ Display changed displayId=68
10-09 18:16:29.504  10924-12061/? V/ClockFace﹕ rendering new face, faceMode(0)
10-09 18:16:29.514  10924-10924/? V/WearActivity﹕ display changed: 68, new state: 2
10-09 18:16:29.514  10924-10924/? I/ClockFace﹕ Ambient mode: false
10-09 18:16:29.554  10924-12061/? V/ClockFace﹕ fetching new battery status (14702)
10-09 18:16:29.554  10924-12061/? V/ClockFace﹕ battery at 0.4
10-09 18:16:29.554  10924-12061/? V/ClockFace﹕ --> dot radius: 0.03
10-09 18:16:29.574  10924-10924/? V/ClockFace﹕ clearing caches
10-09 18:16:29.574  10924-10924/? V/MyViewAnim﹕ resuming old animator!
10-09 18:16:29.574  10924-10924/? V/WearActivity﹕ onDisplayChanged: on!
10-09 18:16:29.604  10924-12061/? V/ClockFace﹕ rendering new face, faceMode(0)
10-09 18:16:29.624  10924-12061/? V/ClockFace﹕ fetching new battery status (14704)
10-09 18:16:29.624  10924-12061/? V/ClockFace﹕ battery at 0.4
10-09 18:16:29.624  10924-12061/? V/ClockFace﹕ --> dot radius: 0.03
10-09 18:16:38.793  10924-10924/? V/WearActivity﹕ Pause!
10-09 18:16:38.793    1752-1782/? I/PowerManagerService﹕ Going to sleep due to screen timeout...
10-09 18:16:38.793    1752-1782/? I/PowerManagerService﹕ Dozing...
10-09 18:16:38.823    1752-1775/? I/DreamController﹕ Starting dream: name=ComponentInfo{com.google.android.wearable.app/com.google.android.clockwork.home.AmbientMode}, isTest=false, canDoze=true, userId=0
10-09 18:16:38.833    1415-1415/? D/mot_vr_audio_hw﹕ dsp_recognizer_enabled = false
10-09 18:16:38.833  11763-11763/? D/ADSPD﹕ Client cmd=0x0003, size=4
10-09 18:16:38.833   1415-12053/? D/mot_vr_audio_hw﹕ Switching DSP to standby/passthrough mode
10-09 18:16:38.833   1415-12053/? D/mot_vr_audio_hw﹕ Input 0xb7903328 ready to read
10-09 18:16:38.843  10924-10924/? V/WearActivity﹕ Stop!
10-09 18:16:38.843  11763-11763/? D/ADSPD﹕ Received from DSP: cmd=0x8003, size=2
10-09 18:16:38.843  11763-11763/? D/ADSPD﹕ Client cmd=0x0003, size=4
10-09 18:16:38.853   1415-11769/? D/mot_vr_audio_hw﹕ received recognition control callback, status 0
10-09 18:16:38.853    1752-1752/? W/InputMethodManagerService﹕ Ignoring setImeWindowStatus of uid 1000 token: null
10-09 18:16:38.863  11763-11763/? D/ADSPD﹕ Received from DSP: cmd=0x8003, size=2
10-09 18:16:38.863   1415-11769/? D/mot_vr_audio_hw﹕ received recognition control callback, status 0
10-09 18:16:38.893   1415-12053/? W/mot_vr_audio_hw﹕ Discarded 10 buffers without finding audio data
10-09 18:16:38.903  11763-11763/? D/ADSPD﹕ Client cmd=0x0003, size=4
10-09 18:16:38.903   1415-12053/? D/mot_vr_audio_hw﹕ Re-arming DSP
10-09 18:16:38.903   1415-12053/? D/mot_vr_audio_hw﹕ Input 0xb7903328 standby complete
10-09 18:16:38.913  11763-11763/? D/ADSPD﹕ Received from DSP: cmd=0x8003, size=2
10-09 18:16:38.913   1415-11769/? D/mot_vr_audio_hw﹕ received recognition control callback, status 0
10-09 18:16:38.913  11763-11763/? D/ADSPD﹕ Client cmd=0x4003, size=2
10-09 18:16:38.913    1415-2801/? D/mot_vr_audio_hw﹕ Input 0xb7903328 close complete
10-09 18:16:38.973    1913-2022/? D/dalvikvm﹕ GC_FOR_ALLOC freed 210K, 28% free 2189K/3028K, paused 33ms, total 52ms
10-09 18:16:38.983    1752-1762/? D/dalvikvm﹕ WAIT_FOR_CONCURRENT_GC blocked 1ms
10-09 18:16:39.053    1752-1762/? D/dalvikvm﹕ GC_EXPLICIT freed 705K, 32% free 5173K/7512K, paused 2ms+7ms, total 72ms
10-09 18:16:39.083    1752-1897/? I/ActivityManager﹕ START u0 {act=android.intent.action.MAIN cat=[android.intent.category.HOME] flg=0x10000000 cmp=com.google.android.wearable.app/com.google.android.clockwork.home.HomeActivity (has extras)} from pid 1868 on display 0
10-09 18:16:39.103    1752-1775/? I/DreamController﹕ Stopping dream: name=ComponentInfo{com.google.android.wearable.app/com.google.android.clockwork.home.AmbientMode}, isTest=false, canDoze=true, userId=0
10-09 18:16:39.113    1752-1782/? I/PowerManagerService﹕ Sleeping...
10-09 18:16:39.193    1752-3165/? I/ActivityManager﹕ Activity reported stop, but no longer stopping: ActivityRecord{ade3fb00 u0 com.google.android.wearable.app/com.google.android.clockwork.home.HomeActivity t1}
