10-09 17:23:32.978    1415-2025/? D/mot_vr_audio_hw﹕ Input 0xb7903328 close complete
10-09 17:23:32.988    1415-2025/? D/mot_vr_audio_hw﹕ dsp_recognizer_enabled = true
10-09 17:23:32.988  11763-11763/? D/ADSPD﹕ Client cmd=0x0003, size=4
10-09 17:23:32.988    1415-1525/? D/mot_vr_audio_hw﹕ open_input_stream(): devices = 0x80000004, rate = 8000, channels = 0x10
10-09 17:23:32.988    1415-1525/? D/mot_vr_audio_hw﹕ Created resampler for 16000->8000 Hz
10-09 17:23:32.998  11763-11763/? D/ADSPD﹕ Received from DSP: cmd=0x8003, size=2
10-09 17:23:32.998  11763-11763/? D/ADSPD﹕ Client cmd=0x4003, size=2
10-09 17:23:32.998   1415-11769/? D/mot_vr_audio_hw﹕ received recognition control callback, status 0
10-09 17:23:33.008   1415-11931/? D/mot_vr_audio_hw﹕ in_read waiting for hotword
10-09 17:23:33.008    1868-1868/? I/AmbientMode﹕ Dream ended: isDozing=true
10-09 17:23:33.308    1413-1413/? D/SurfaceFlinger﹕ Screen released, type=0 flinger=0xb8082448
10-09 17:23:33.448    1413-1413/? D/hwcomposer﹕ hwc_blank(0: 1)
10-09 17:23:33.448    1752-1856/? D/SurfaceControl﹕ Excessive delay in blankDisplay() while turning screen off: 137ms
10-09 17:23:33.448    1752-1778/? I/DisplayManagerService﹕ Display device changed: DisplayDeviceInfo{"Built-in Screen": 320 x 290, 45.000004 fps, density 213, 90.31111 x 136.40741 dpi, touch INTERNAL, rotation 0, type BUILT_IN, state OFF, FLAG_DEFAULT_DISPLAY, FLAG_ROTATES_WITH_CONTENT, FLAG_SECURE, FLAG_SUPPORTS_PROTECTED_BUFFERS}
10-09 17:23:33.448    1752-1752/? V/ActivityManager﹕ Display changed displayId=0
10-09 17:23:33.468  10924-10924/? V/WearActivity﹕ display changed: 0, new state: 1
10-09 17:23:33.468  10924-10924/? I/TimeWrapper﹕ FPS: 0.178404, samples: 1
10-09 17:23:33.468  10924-10924/? I/TimeWrapper﹕ Min/Avg/Max frame render speed (ms): 18.493652 / 18.493652 / 18.493652
10-09 17:23:33.468  10924-10924/? I/TimeWrapper﹕ Waketime: 0.32993418%
10-09 17:23:33.468  10924-10924/? I/ClockFace﹕ Ambient mode: true
10-09 17:23:33.468  10924-10924/? V/ClockFace﹕ clearing caches
10-09 17:23:33.468  10924-10924/? V/MyViewAnim﹕ stopping animation!
10-09 17:23:33.468  10924-10924/? V/MyViewAnim﹕ no draw thread around to kill ?!
10-09 17:23:33.468  10924-10924/? V/WearActivity﹕ onDisplayChanged: off!
10-09 17:23:33.478    1752-1782/? D/MinnowPowerHAL﹕ power_set_interactive: 0
10-09 17:23:33.478    1752-1782/? D/MinnowPowerHAL﹕ sysfs_write: /sys/devices/platform/omapdss/display0/interactivemode 0
10-09 17:23:33.478    1752-1782/? D/MinnowPowerHAL﹕ sysfs_write: /sys/devices/ocp.2/i2c.6/i2c-0/0-004a/interactivemode 0
10-09 17:23:33.478    1752-1782/? D/mot_vr_audio_hw﹕ dsp_set_pm_state = off
10-09 17:23:33.478  11763-11763/? D/ADSPD﹕ Client cmd=0x4002, size=2
10-09 17:23:33.478  11763-11763/? D/ADSPD﹕ DSP_CMD_DAEMON_SET_PM_STATE : 0
10-09 17:23:33.478  11763-11763/? D/ADSPD﹕ DSP not turned off as still being used
10-09 17:23:33.478  10924-10924/? V/WearActivity﹕ Pause!
10-09 17:23:33.498  10924-10924/? V/WearActivity﹕ Stop!
10-09 17:23:33.508    1415-2801/? D/mot_vr_audio_hw﹕ dsp_recognizer_enabled = false
10-09 17:23:33.508  11763-11763/? D/ADSPD﹕ Client cmd=0x0003, size=4
10-09 17:23:33.508  11763-11763/? D/ADSPD﹕ Trying to send to dsp while in dsp in RESET
10-09 17:23:33.508   1415-11931/? W/mot_vr_audio_hw﹕ Not allowing wake() since DSP is disabled
10-09 17:23:33.508    1752-1752/? W/InputMethodManagerService﹕ Ignoring setImeWindowStatus of uid 1000 token: null
10-09 17:23:33.518   1415-11931/? W/mot_vr_audio_hw﹕ Not allowing wake() since DSP is disabled
10-09 17:23:33.538  11763-11763/? D/ADSPD﹕ Client cmd=0x4003, size=2
10-09 17:23:33.538  11763-11763/? D/ADSPD﹕ DSP no longer used, turned off here
10-09 17:23:33.538    1415-2025/? D/mot_vr_audio_hw﹕ Input 0xb7903328 close complete
10-09 17:23:35.621    2069-2104/? W/bt-btif﹕ dm_pm_timer expires
10-09 17:23:35.621    2069-2104/? W/bt-btif﹕ dm_pm_timer expires 0
10-09 17:23:35.621    2069-2104/? W/bt-btif﹕ proc dm_pm_timer expires
10-09 17:25:19.109    1752-1769/? D/SensorHALGestureSensor﹕ Gesture event received! time = 1412893519114121905
10-09 17:25:19.109    1752-1763/? I/PowerManagerService﹕ Waking up from sleep...
10-09 17:25:19.109    1752-1776/? W/KeyguardServiceDelegate﹕ onScreenTurnedOn(): no keyguard service!
10-09 17:25:19.249    1752-1763/? D/PowerManagerService-JNI﹕ Excessive delay in autosuspend_disable() while turning screen on: 140ms
10-09 17:25:19.249    1752-1763/? D/MinnowPowerHAL﹕ power_set_interactive: 1
10-09 17:25:19.249    1752-1763/? D/MinnowPowerHAL﹕ sysfs_write: /sys/devices/platform/omapdss/display0/interactivemode 1
10-09 17:25:19.269    1752-1763/? D/MinnowPowerHAL﹕ sysfs_write: /sys/devices/ocp.2/i2c.6/i2c-0/0-004a/interactivemode 1
10-09 17:25:19.269    1752-1763/? D/mot_vr_audio_hw﹕ dsp_set_pm_state = on
10-09 17:25:19.269  11763-11763/? D/ADSPD﹕ Client cmd=0x4002, size=2
10-09 17:25:19.269  11763-11763/? D/ADSPD﹕ DSP_CMD_DAEMON_SET_PM_STATE : 1
10-09 17:25:19.269    1752-1763/? D/PowerManagerService-JNI﹕ Excessive delay in setInteractive(true) while turning screen on: 23ms
10-09 17:25:19.279  10924-10924/? V/WearActivity﹕ Resume!
10-09 17:25:19.279  10924-10924/? V/ClockFace﹕ clearing caches
10-09 17:25:19.279  10924-10924/? V/MyViewAnim﹕ resuming old animator!
10-09 17:25:19.279    1413-1413/? D/SurfaceFlinger﹕ Screen acquired, type=0 flinger=0xb8082448
10-09 17:25:19.279    1413-1413/? D/hwcomposer﹕ hwc_blank(0: 0)
10-09 17:25:19.289  11763-11763/? D/ADSPD﹕ ACK success!
10-09 17:25:19.289    1752-1752/? W/InputMethodManagerService﹕ Ignoring setImeWindowStatus of uid 1000 token: null
10-09 17:25:19.299    1868-1868/? E/ClockworkHome﹕ Tried to exit ambient mode, but enterAmbientMode() was never called.
10-09 17:25:19.299    1752-1778/? I/DisplayManagerService﹕ Display device changed: DisplayDeviceInfo{"Built-in Screen": 320 x 290, 45.000004 fps, density 213, 90.31111 x 136.40741 dpi, touch INTERNAL, rotation 0, type BUILT_IN, state ON, FLAG_DEFAULT_DISPLAY, FLAG_ROTATES_WITH_CONTENT, FLAG_SECURE, FLAG_SUPPORTS_PROTECTED_BUFFERS}
10-09 17:25:19.309  10924-10924/? V/WearActivity﹕ display changed: 0, new state: 2
10-09 17:25:19.309  10924-10924/? I/ClockFace﹕ Ambient mode: false
10-09 17:25:19.309  10924-10924/? V/ClockFace﹕ clearing caches
10-09 17:25:19.309  10924-10924/? V/ClockFace﹕ rendering new face, faceMode(0)
10-09 17:25:19.319    1752-1752/? V/ActivityManager﹕ Display changed displayId=0
10-09 17:25:19.329    1415-2801/? D/mot_vr_audio_hw﹕ dsp_recognizer_enabled = true
10-09 17:25:19.329  11763-11763/? D/ADSPD﹕ Client cmd=0x0003, size=4
10-09 17:25:19.329    1415-2025/? D/mot_vr_audio_hw﹕ open_input_stream(): devices = 0x80000004, rate = 8000, channels = 0x10
10-09 17:25:19.329    1415-2025/? D/mot_vr_audio_hw﹕ Created resampler for 16000->8000 Hz
10-09 17:25:19.339  11763-11763/? D/ADSPD﹕ Received from DSP: cmd=0x8003, size=2
10-09 17:25:19.339  11763-11763/? D/ADSPD﹕ Client cmd=0x4003, size=2
10-09 17:25:19.339   1415-11769/? D/mot_vr_audio_hw﹕ received recognition control callback, status 0
10-09 17:25:19.369  10924-10924/? V/ClockFace﹕ fetching new battery status (14655)
10-09 17:25:19.369  10924-10924/? V/ClockFace﹕ battery at 0.43
10-09 17:25:19.369  10924-10924/? V/ClockFace﹕ --> dot radius: 0.026999999
10-09 17:25:19.379   1415-11933/? D/mot_vr_audio_hw﹕ in_read waiting for hotword
10-09 17:25:19.389  10924-10924/? V/ClockFace﹕ clearing caches
10-09 17:25:19.389  10924-10924/? V/MyViewAnim﹕ resuming old animator!
10-09 17:25:19.389  10924-10924/? V/WearActivity﹕ onDisplayChanged: on!
10-09 17:25:19.409    1913-2022/? D/dalvikvm﹕ GC_FOR_ALLOC freed 161K, 28% free 2184K/3028K, paused 67ms, total 84ms
10-09 17:25:19.459    1752-1912/? D/SensorHAL﹕ adjustSensorHandle: handle = 9 adjustedHandle = 1
10-09 17:25:19.459    1752-1912/? D/SensorHAL﹕ adjustSensorHandle: handle = 9 adjustedHandle = 1
10-09 17:25:19.479    1752-2357/? D/SensorHAL﹕ adjustSensorHandle: handle = 9 adjustedHandle = 1
10-09 17:25:20.059  10924-10924/? V/ClockFace﹕ rendering new face, faceMode(0)
10-09 17:25:20.069  10924-10924/? V/ClockFace﹕ fetching new battery status (14656)
10-09 17:25:20.069  10924-10924/? V/ClockFace﹕ battery at 0.43
10-09 17:25:20.069  10924-10924/? V/ClockFace﹕ --> dot radius: 0.026999999
10-09 17:25:21.391    1752-1778/? I/DisplayManagerService﹕ Display device changed: DisplayDeviceInfo{"ActivityViewVirtualDisplay": 320 x 320, 60.0 fps, density 213, 213.0 x 213.0 dpi, touch NONE, rotation 0, type VIRTUAL, state OFF, owner android (uid 1000), FLAG_OWN_CONTENT_ONLY}
10-09 17:25:21.401  10924-10924/? V/WearActivity﹕ display changed: 66, new state: 1
10-09 17:25:21.401  10924-10924/? I/TimeWrapper﹕ FPS: 0.4921598, samples: 1
10-09 17:25:21.401  10924-10924/? I/TimeWrapper﹕ Min/Avg/Max frame render speed (ms): 9.338379 / 9.338379 / 9.338379
10-09 17:25:21.401  10924-10924/? I/TimeWrapper﹕ Waketime: 0.45959747%
10-09 17:25:21.401  10924-10924/? I/ClockFace﹕ Ambient mode: true
10-09 17:25:21.401  10924-10924/? V/ClockFace﹕ clearing caches
10-09 17:25:21.401  10924-10924/? V/MyViewAnim﹕ stopping animation!
10-09 17:25:21.401  10924-10924/? V/MyViewAnim﹕ no draw thread around to kill ?!
10-09 17:25:21.401  10924-10924/? V/WearActivity﹕ onDisplayChanged: off!
10-09 17:25:21.401  10924-10924/? V/WearActivity﹕ Pause!
10-09 17:25:21.401    1752-1752/? V/ActivityManager﹕ Display changed displayId=66
10-09 17:25:21.731    2069-2104/? W/bt-btif﹕ dm_pm_timer expires
10-09 17:25:21.731    2069-2104/? W/bt-btif﹕ dm_pm_timer expires 0
10-09 17:25:21.731    2069-2104/? W/bt-btif﹕ proc dm_pm_timer expires
10-09 17:25:22.372    1868-1868/? W/HomeRowListAdapter﹕ onRelease() called on an unknown row.
10-09 17:25:23.763  10924-10924/? V/WearActivity﹕ display changed: 0, new state: 2
10-09 17:25:23.763  10924-10924/? I/ClockFace﹕ Ambient mode: false
10-09 17:25:23.763  10924-10924/? V/ClockFace﹕ clearing caches
10-09 17:25:23.763  10924-10924/? E/MyViewAnim﹕ no surface holder, can't draw anything
10-09 17:25:23.763  10924-10924/? V/ClockFace﹕ clearing caches
10-09 17:25:23.763  10924-10924/? V/MyViewAnim﹕ resuming old animator!
10-09 17:25:23.763  10924-10924/? V/WearActivity﹕ onDisplayChanged: on!
10-09 17:25:23.763    1752-1752/? V/ActivityManager﹕ Display changed displayId=0
10-09 17:25:23.773  10924-10924/? V/WearActivity﹕ Resume!
10-09 17:25:23.773  10924-10924/? V/ClockFace﹕ clearing caches
10-09 17:25:23.773  10924-10924/? V/MyViewAnim﹕ resuming old animator!
10-09 17:25:23.783    1752-1778/? I/DisplayManagerService﹕ Display device changed: DisplayDeviceInfo{"ActivityViewVirtualDisplay": 320 x 320, 60.0 fps, density 213, 213.0 x 213.0 dpi, touch NONE, rotation 0, type VIRTUAL, state ON, owner android (uid 1000), FLAG_OWN_CONTENT_ONLY}
10-09 17:25:23.783    1752-1752/? V/ActivityManager﹕ Display changed displayId=66
10-09 17:25:23.793  10924-10924/? V/WearActivity﹕ display changed: 66, new state: 2
10-09 17:25:23.793  10924-10924/? I/ClockFace﹕ Ambient mode: false
10-09 17:25:23.813  10924-10924/? V/ClockFace﹕ rendering new face, faceMode(0)
10-09 17:25:23.863  10924-10924/? V/ClockFace﹕ fetching new battery status (14657)
10-09 17:25:23.863  10924-10924/? V/ClockFace﹕ battery at 0.43
10-09 17:25:23.863  10924-10924/? V/ClockFace﹕ --> dot radius: 0.026999999
10-09 17:25:23.863  10924-10924/? V/ClockFace﹕ clearing caches
10-09 17:25:23.863  10924-10924/? V/MyViewAnim﹕ resuming old animator!
10-09 17:25:23.863  10924-10924/? V/WearActivity﹕ onDisplayChanged: on!
10-09 17:25:25.084  10924-10924/? V/ClockFace﹕ rendering new face, faceMode(0)
10-09 17:25:25.084  10924-10924/? V/ClockFace﹕ fetching new battery status (14658)
10-09 17:25:25.084  10924-10924/? V/ClockFace﹕ battery at 0.43
10-09 17:25:25.084  10924-10924/? V/ClockFace﹕ --> dot radius: 0.026999999
10-09 17:25:26.236    2069-2104/? W/bt-btif﹕ dm_pm_timer expires
10-09 17:25:26.236    2069-2104/? W/bt-btif﹕ dm_pm_timer expires 0
10-09 17:25:26.236    2069-2104/? W/bt-btif﹕ proc dm_pm_timer expires
10-09 17:25:33.312    1752-1782/? I/PowerManagerService﹕ Going to sleep due to screen timeout...
10-09 17:25:33.312    1752-1782/? I/PowerManagerService﹕ Dozing...
10-09 17:25:33.322  10924-10924/? V/WearActivity﹕ Pause!
10-09 17:25:33.332    1752-1775/? I/DreamController﹕ Starting dream: name=ComponentInfo{com.google.android.wearable.app/com.google.android.clockwork.home.AmbientMode}, isTest=false, canDoze=true, userId=0
10-09 17:25:33.352    1415-2025/? D/mot_vr_audio_hw﹕ dsp_recognizer_enabled = false
10-09 17:25:33.352  11763-11763/? D/ADSPD﹕ Client cmd=0x0003, size=4
10-09 17:25:33.352  10924-10924/? V/WearActivity﹕ Stop!
10-09 17:25:33.362   1415-11933/? D/mot_vr_audio_hw﹕ Switching DSP to standby/passthrough mode
10-09 17:25:33.362   1415-11933/? D/mot_vr_audio_hw﹕ Input 0xb7903328 ready to read
10-09 17:25:33.362    1752-1752/? W/InputMethodManagerService﹕ Ignoring setImeWindowStatus of uid 1000 token: null
10-09 17:25:33.372  11763-11763/? D/ADSPD﹕ Received from DSP: cmd=0x8003, size=2
10-09 17:25:33.372  11763-11763/? D/ADSPD﹕ Client cmd=0x0003, size=4
10-09 17:25:33.372   1415-11769/? D/mot_vr_audio_hw﹕ received recognition control callback, status 0
10-09 17:25:33.382  11763-11763/? D/ADSPD﹕ Received from DSP: cmd=0x8003, size=2
10-09 17:25:33.382   1415-11769/? D/mot_vr_audio_hw﹕ received recognition control callback, status 0
10-09 17:25:33.413   1415-11933/? W/mot_vr_audio_hw﹕ Discarded 10 buffers without finding audio data
10-09 17:25:33.423  11763-11763/? D/ADSPD﹕ Client cmd=0x0003, size=4
10-09 17:25:33.423   1415-11933/? D/mot_vr_audio_hw﹕ Re-arming DSP
10-09 17:25:33.423   1415-11933/? D/mot_vr_audio_hw﹕ Input 0xb7903328 standby complete
10-09 17:25:33.423    1752-1753/? D/dalvikvm﹕ GC_CONCURRENT freed 762K, 31% free 5187K/7512K, paused 9ms+7ms, total 88ms
10-09 17:25:33.433  11763-11763/? D/ADSPD﹕ Received from DSP: cmd=0x8003, size=2
10-09 17:25:33.433   1415-11769/? D/mot_vr_audio_hw﹕ received recognition control callback, status 0
10-09 17:25:33.443  11763-11763/? D/ADSPD﹕ Client cmd=0x4003, size=2
10-09 17:25:33.443    1415-1525/? D/mot_vr_audio_hw﹕ Input 0xb7903328 close complete
10-09 17:25:33.513    1752-1763/? I/ActivityManager﹕ START u0 {act=android.intent.action.MAIN cat=[android.intent.category.HOME] flg=0x10000000 cmp=com.google.android.wearable.app/com.google.android.clockwork.home.HomeActivity (has extras)} from pid 1868 on display 0
10-09 17:25:33.513    1752-1775/? I/DreamController﹕ Stopping dream: name=ComponentInfo{com.google.android.wearable.app/com.google.android.clockwork.home.AmbientMode}, isTest=false, canDoze=true, userId=0
10-09 17:25:33.523    1752-1782/? I/PowerManagerService﹕ Sleeping...
10-09 17:25:33.603    1868-1868/? I/AmbientMode﹕ Ambient mode started: canDoze=true, dozeHardware=null
10-09 17:25:33.603    1415-2801/? D/mot_vr_audio_hw﹕ dsp_recognizer_enabled = true
10-09 17:25:33.603  11763-11763/? D/ADSPD﹕ Client cmd=0x0003, size=4
10-09 17:25:33.603    1415-2025/? D/mot_vr_audio_hw﹕ open_input_stream(): devices = 0x80000004, rate = 8000, channels = 0x10
10-09 17:25:33.603    1415-2025/? D/mot_vr_audio_hw﹕ Created resampler for 16000->8000 Hz
10-09 17:25:33.623  11763-11763/? D/ADSPD﹕ Received from DSP: cmd=0x8003, size=2
10-09 17:25:33.623  11763-11763/? D/ADSPD﹕ Client cmd=0x4003, size=2
10-09 17:25:33.623   1415-11769/? D/mot_vr_audio_hw﹕ received recognition control callback, status 0
10-09 17:25:33.633   1415-11936/? D/mot_vr_audio_hw﹕ in_read waiting for hotword
10-09 17:25:33.633    1415-1525/? D/mot_vr_audio_hw﹕ dsp_recognizer_enabled = false
10-09 17:25:33.633  11763-11763/? D/ADSPD﹕ Client cmd=0x0003, size=4
10-09 17:25:33.633   1415-11936/? D/mot_vr_audio_hw﹕ Switching DSP to standby/passthrough mode
10-09 17:25:33.633   1415-11936/? D/mot_vr_audio_hw﹕ Input 0xb7903328 ready to read
10-09 17:25:33.653  11763-11763/? D/ADSPD﹕ Received from DSP: cmd=0x8003, size=2
10-09 17:25:33.653  11763-11763/? D/ADSPD﹕ Client cmd=0x0003, size=4
10-09 17:25:33.653   1415-11769/? D/mot_vr_audio_hw﹕ received recognition control callback, status 0
10-09 17:25:33.663  11763-11763/? D/ADSPD﹕ Received from DSP: cmd=0x8003, size=2
10-09 17:25:33.663   1415-11769/? D/mot_vr_audio_hw﹕ received recognition control callback, status 0
10-09 17:25:33.683   1415-11936/? W/mot_vr_audio_hw﹕ Discarded 10 buffers without finding audio data
10-09 17:25:33.703  11763-11763/? D/ADSPD﹕ Client cmd=0x0003, size=4
10-09 17:25:33.703   1415-11936/? D/mot_vr_audio_hw﹕ Re-arming DSP
10-09 17:25:33.703   1415-11936/? D/mot_vr_audio_hw﹕ Input 0xb7903328 standby complete
10-09 17:25:33.713    1415-1415/? D/mot_vr_audio_hw﹕ Input 0xb7903328 close complete
10-09 17:25:33.713  11763-11763/? D/ADSPD﹕ Received from DSP: cmd=0x8003, size=2
10-09 17:25:33.713  11763-11763/? D/ADSPD﹕ Client cmd=0x4003, size=2
10-09 17:25:33.713   1415-11769/? D/mot_vr_audio_hw﹕ received recognition control callback, status 0
10-09 17:25:33.723    1868-1868/? I/AmbientMode﹕ Dream ended: isDozing=true
10-09 17:25:34.003    1413-1413/? D/SurfaceFlinger﹕ Screen released, type=0 flinger=0xb8082448
10-09 17:25:34.163    1413-1413/? D/hwcomposer﹕ hwc_blank(0: 1)
10-09 17:25:34.163    1752-1805/? D/SurfaceControl﹕ Excessive delay in blankDisplay() while turning screen off: 155ms
10-09 17:25:34.163    1752-1778/? I/DisplayManagerService﹕ Display device changed: DisplayDeviceInfo{"Built-in Screen": 320 x 290, 45.000004 fps, density 213, 90.31111 x 136.40741 dpi, touch INTERNAL, rotation 0, type BUILT_IN, state OFF, FLAG_DEFAULT_DISPLAY, FLAG_ROTATES_WITH_CONTENT, FLAG_SECURE, FLAG_SUPPORTS_PROTECTED_BUFFERS}
10-09 17:25:34.163    1752-1752/? V/ActivityManager﹕ Display changed displayId=0
10-09 17:25:34.173  10924-10924/? V/WearActivity﹕ display changed: 0, new state: 1
10-09 17:25:34.173  10924-10924/? I/TimeWrapper﹕ FPS: 0.19396695, samples: 2
10-09 17:25:34.173  10924-10924/? I/TimeWrapper﹕ Min/Avg/Max frame render speed (ms): 11.047364 / 14.86206 / 18.676756
10-09 17:25:34.173  10924-10924/? I/TimeWrapper﹕ Waketime: 0.28827482%
10-09 17:25:34.173  10924-10924/? I/ClockFace﹕ Ambient mode: true
10-09 17:25:34.173  10924-10924/? V/ClockFace﹕ clearing caches
10-09 17:25:34.173  10924-10924/? V/MyViewAnim﹕ stopping animation!
10-09 17:25:34.173  10924-10924/? V/MyViewAnim﹕ no draw thread around to kill ?!
10-09 17:25:34.173  10924-10924/? V/WearActivity﹕ onDisplayChanged: off!
10-09 17:25:34.173    1752-1782/? D/MinnowPowerHAL﹕ power_set_interactive: 0
10-09 17:25:34.173    1752-1782/? D/MinnowPowerHAL﹕ sysfs_write: /sys/devices/platform/omapdss/display0/interactivemode 0
10-09 17:25:34.173    1752-1782/? D/MinnowPowerHAL﹕ sysfs_write: /sys/devices/ocp.2/i2c.6/i2c-0/0-004a/interactivemode 0
10-09 17:25:34.183    1752-1782/? D/mot_vr_audio_hw﹕ dsp_set_pm_state = off
10-09 17:25:34.183  11763-11763/? D/ADSPD﹕ Client cmd=0x4002, size=2
10-09 17:25:34.183  11763-11763/? D/ADSPD﹕ DSP_CMD_DAEMON_SET_PM_STATE : 0
10-09 17:25:35.765    2069-2104/? W/bt-btif﹕ dm_pm_timer expires
10-09 17:25:35.765    2069-2104/? W/bt-btif﹕ dm_pm_timer expires 0
10-09 17:25:35.765    2069-2104/? W/bt-btif﹕ proc dm_pm_timer expires
10-09 17:26:02.603    2152-2154/? D/dalvikvm﹕ GC_CONCURRENT freed 385K, 23% free 2008K/2600K, paused 4ms+3ms, total 25ms
10-09 17:29:12.192    1752-1795/? D/ConnectivityService﹕ Sampling interval elapsed, updating statistics ..
10-09 17:29:12.192    1752-1795/? D/ConnectivityService﹕ Done.
10-09 17:29:12.192    1752-1795/? D/ConnectivityService﹕ Setting timer for 720seconds
10-09 17:34:40.056    1752-1769/? D/SensorHALGestureSensor﹕ Gesture event received! time = 1412894080061143095
10-09 17:34:40.056    1752-1912/? I/PowerManagerService﹕ Waking up from sleep...
10-09 17:34:40.056    1752-1776/? W/KeyguardServiceDelegate﹕ onScreenTurnedOn(): no keyguard service!
10-09 17:34:40.066  10924-10924/? V/WearActivity﹕ display changed: 0, new state: 1
10-09 17:34:40.066  10924-10924/? I/ClockFace﹕ Ambient mode: true
10-09 17:34:40.066  10924-10924/? V/MyViewAnim﹕ stopping animation!
10-09 17:34:40.066  10924-10924/? V/MyViewAnim﹕ no draw thread around to kill ?!
10-09 17:34:40.066  10924-10924/? V/WearActivity﹕ onDisplayChanged: off!
10-09 17:34:40.186    1752-1912/? D/PowerManagerService-JNI﹕ Excessive delay in autosuspend_disable() while turning screen on: 110ms
10-09 17:34:40.186    1752-1912/? D/MinnowPowerHAL﹕ power_set_interactive: 1
10-09 17:34:40.186    1752-1912/? D/MinnowPowerHAL﹕ sysfs_write: /sys/devices/platform/omapdss/display0/interactivemode 1
10-09 17:34:40.246    1752-1912/? D/MinnowPowerHAL﹕ sysfs_write: /sys/devices/ocp.2/i2c.6/i2c-0/0-004a/interactivemode 1
10-09 17:34:40.246    1752-1912/? D/mot_vr_audio_hw﹕ dsp_set_pm_state = on
10-09 17:34:40.246  11763-11763/? D/ADSPD﹕ Client cmd=0x4002, size=2
10-09 17:34:40.246    1752-1912/? D/PowerManagerService-JNI﹕ Excessive delay in setInteractive(true) while turning screen on: 56ms
10-09 17:34:40.246  11763-11763/? D/ADSPD﹕ DSP_CMD_DAEMON_SET_PM_STATE : 1
10-09 17:34:40.256  10924-10924/? V/WearActivity﹕ Resume!
10-09 17:34:40.256  10924-10924/? V/ClockFace﹕ clearing caches
10-09 17:34:40.256  10924-10924/? V/MyViewAnim﹕ resuming old animator!
10-09 17:34:40.256    1413-1413/? D/SurfaceFlinger﹕ Screen acquired, type=0 flinger=0xb8082448
10-09 17:34:40.256    1413-1413/? D/hwcomposer﹕ hwc_blank(0: 0)
10-09 17:34:40.256    1752-1752/? V/ActivityManager﹕ Display changed displayId=0
10-09 17:34:40.266    1752-1778/? I/DisplayManagerService﹕ Display device changed: DisplayDeviceInfo{"Built-in Screen": 320 x 290, 45.000004 fps, density 213, 90.31111 x 136.40741 dpi, touch INTERNAL, rotation 0, type BUILT_IN, state ON, FLAG_DEFAULT_DISPLAY, FLAG_ROTATES_WITH_CONTENT, FLAG_SECURE, FLAG_SUPPORTS_PROTECTED_BUFFERS}
10-09 17:34:40.276  10924-10924/? V/WearActivity﹕ display changed: 0, new state: 2
10-09 17:34:40.276  10924-10924/? I/ClockFace﹕ Ambient mode: false
10-09 17:34:40.276  10924-10924/? V/ClockFace﹕ clearing caches
10-09 17:34:40.276    1752-1752/? W/InputMethodManagerService﹕ Ignoring setImeWindowStatus of uid 1000 token: null
10-09 17:34:40.286    1868-1868/? E/ClockworkHome﹕ Tried to exit ambient mode, but enterAmbientMode() was never called.
10-09 17:34:40.286    1752-1752/? V/ActivityManager﹕ Display changed displayId=0
10-09 17:34:40.296    1415-1525/? D/mot_vr_audio_hw﹕ dsp_recognizer_enabled = true
10-09 17:34:40.296    1415-2801/? D/mot_vr_audio_hw﹕ open_input_stream(): devices = 0x80000004, rate = 8000, channels = 0x10
10-09 17:34:40.296    1415-2801/? D/mot_vr_audio_hw﹕ Created resampler for 16000->8000 Hz
10-09 17:34:40.306  10924-10924/? V/ClockFace﹕ rendering new face, faceMode(0)
10-09 17:34:40.316   1415-11948/? D/mot_vr_audio_hw﹕ in_read waiting for hotword
10-09 17:34:40.346  10924-10924/? V/ClockFace﹕ fetching new battery status (14660)
10-09 17:34:40.346  10924-10924/? V/ClockFace﹕ battery at 0.42
10-09 17:34:40.346  10924-10924/? V/ClockFace﹕ --> dot radius: 0.028
10-09 17:34:40.346  11763-11763/? E/ADSPD﹕ Timeout on select()
10-09 17:34:40.346  11763-11763/? E/ADSPD﹕ NO ACK received after loading firmware
10-09 17:34:40.346  11763-11763/? E/ADSPD﹕ Unknown ACK received 0x00
10-09 17:34:40.346  11763-11763/? D/ADSPD﹕ Client cmd=0x0003, size=4
10-09 17:34:40.346  10924-10924/? V/ClockFace﹕ clearing caches
10-09 17:34:40.346  10924-10924/? V/MyViewAnim﹕ resuming old animator!
10-09 17:34:40.346  10924-10924/? V/WearActivity﹕ onDisplayChanged: on!
10-09 17:34:40.346    1752-1805/? D/LightsService﹕ Excessive delay setting light: 54ms
10-09 17:34:40.356  11763-11763/? D/ADSPD﹕ Received from DSP: cmd=0x8003, size=2
10-09 17:34:40.356  11763-11763/? D/ADSPD﹕ Client cmd=0x4003, size=2
10-09 17:34:40.366   1415-11769/? D/mot_vr_audio_hw﹕ received recognition control callback, status 0
10-09 17:34:40.376  10924-10924/? V/ClockFace﹕ rendering new face, faceMode(0)
10-09 17:34:40.376    1752-1763/? D/SensorHAL﹕ adjustSensorHandle: handle = 9 adjustedHandle = 1
10-09 17:34:40.376    1752-1763/? D/SensorHAL﹕ adjustSensorHandle: handle = 9 adjustedHandle = 1
10-09 17:34:40.416  10924-10924/? V/ClockFace﹕ fetching new battery status (14661)
10-09 17:34:40.416  10924-10924/? V/ClockFace﹕ battery at 0.42
10-09 17:34:40.416  10924-10924/? V/ClockFace﹕ --> dot radius: 0.028
10-09 17:34:40.426    1752-1897/? D/SensorHAL﹕ adjustSensorHandle: handle = 9 adjustedHandle = 1
10-09 17:34:42.829    2069-2104/? W/bt-btif﹕ dm_pm_timer expires
10-09 17:34:42.829    2069-2104/? W/bt-btif﹕ dm_pm_timer expires 0
10-09 17:34:42.829    2069-2104/? W/bt-btif﹕ proc dm_pm_timer expires
10-09 17:34:45.261    1752-8718/? I/PowerManagerService﹕ Going to sleep due to screen timeout...
10-09 17:34:45.261    1752-1782/? I/PowerManagerService﹕ Dozing...
10-09 17:34:45.261    1752-1775/? I/DreamController﹕ Starting dream: name=ComponentInfo{com.google.android.wearable.app/com.google.android.clockwork.home.AmbientMode}, isTest=false, canDoze=true, userId=0
10-09 17:34:45.301    1752-3165/? I/ActivityManager﹕ START u0 {act=android.intent.action.MAIN cat=[android.intent.category.HOME] flg=0x10000000 cmp=com.google.android.wearable.app/com.google.android.clockwork.home.HomeActivity (has extras)} from pid 1868 on display 0
10-09 17:34:45.311    1752-1775/? I/DreamController﹕ Stopping dream: name=ComponentInfo{com.google.android.wearable.app/com.google.android.clockwork.home.AmbientMode}, isTest=false, canDoze=true, userId=0
10-09 17:34:45.311    1752-1782/? I/PowerManagerService﹕ Sleeping...
10-09 17:34:45.471    1868-1868/? I/AmbientMode﹕ Ambient mode started: canDoze=true, dozeHardware=null
10-09 17:34:45.471    1415-2801/? D/mot_vr_audio_hw﹕ dsp_recognizer_enabled = false
10-09 17:34:45.471  11763-11763/? D/ADSPD﹕ Client cmd=0x0003, size=4
10-09 17:34:45.481   1415-11948/? D/mot_vr_audio_hw﹕ Switching DSP to standby/passthrough mode
10-09 17:34:45.481   1415-11948/? D/mot_vr_audio_hw﹕ Input 0xb7903328 ready to read
10-09 17:34:45.491  11763-11763/? D/ADSPD﹕ Received from DSP: cmd=0x8003, size=2
10-09 17:34:45.491  11763-11763/? D/ADSPD﹕ Client cmd=0x0003, size=4
10-09 17:34:45.491   1415-11769/? D/mot_vr_audio_hw﹕ received recognition control callback, status 0
10-09 17:34:45.501  11763-11763/? D/ADSPD﹕ Received from DSP: cmd=0x8003, size=2
10-09 17:34:45.501   1415-11769/? D/mot_vr_audio_hw﹕ received recognition control callback, status 0
10-09 17:34:45.531   1415-11948/? W/mot_vr_audio_hw﹕ Discarded 10 buffers without finding audio data
10-09 17:34:45.541  11763-11763/? D/ADSPD﹕ Client cmd=0x0003, size=4
10-09 17:34:45.541   1415-11948/? D/mot_vr_audio_hw﹕ Re-arming DSP
10-09 17:34:45.541   1415-11948/? D/mot_vr_audio_hw﹕ Input 0xb7903328 standby complete
10-09 17:34:45.551  11763-11763/? D/ADSPD﹕ Received from DSP: cmd=0x8003, size=2
10-09 17:34:45.551   1415-11769/? D/mot_vr_audio_hw﹕ received recognition control callback, status 0
10-09 17:34:45.561  11763-11763/? D/ADSPD﹕ Client cmd=0x4003, size=2
10-09 17:34:45.561    1415-1415/? D/mot_vr_audio_hw﹕ Input 0xb7903328 close complete
10-09 17:34:45.571    1415-1415/? D/mot_vr_audio_hw﹕ dsp_recognizer_enabled = true
10-09 17:34:45.571  11763-11763/? D/ADSPD﹕ Client cmd=0x0003, size=4
10-09 17:34:45.571    1415-2801/? D/mot_vr_audio_hw﹕ open_input_stream(): devices = 0x80000004, rate = 8000, channels = 0x10
10-09 17:34:45.571    1415-2801/? D/mot_vr_audio_hw﹕ Created resampler for 16000->8000 Hz
10-09 17:34:45.581  11763-11763/? D/ADSPD﹕ Received from DSP: cmd=0x8003, size=2
10-09 17:34:45.581  11763-11763/? D/ADSPD﹕ Client cmd=0x4003, size=2
10-09 17:34:45.581   1415-11769/? D/mot_vr_audio_hw﹕ received recognition control callback, status 0
10-09 17:34:45.591   1415-11950/? D/mot_vr_audio_hw﹕ in_read waiting for hotword
10-09 17:34:45.591    1868-1868/? I/AmbientMode﹕ Dream ended: isDozing=true
10-09 17:34:45.882    1413-1413/? D/SurfaceFlinger﹕ Screen released, type=0 flinger=0xb8082448
10-09 17:34:46.052    1413-1413/? D/hwcomposer﹕ hwc_blank(0: 1)
10-09 17:34:46.052    1752-1856/? D/SurfaceControl﹕ Excessive delay in blankDisplay() while turning screen off: 166ms
10-09 17:34:46.052    1752-1778/? I/DisplayManagerService﹕ Display device changed: DisplayDeviceInfo{"Built-in Screen": 320 x 290, 45.000004 fps, density 213, 90.31111 x 136.40741 dpi, touch INTERNAL, rotation 0, type BUILT_IN, state OFF, FLAG_DEFAULT_DISPLAY, FLAG_ROTATES_WITH_CONTENT, FLAG_SECURE, FLAG_SUPPORTS_PROTECTED_BUFFERS}
10-09 17:34:46.052    1752-1752/? V/ActivityManager﹕ Display changed displayId=0
10-09 17:34:46.072  10924-10924/? V/WearActivity﹕ display changed: 0, new state: 1
10-09 17:34:46.072  10924-10924/? I/TimeWrapper﹕ FPS: 0.34915477, samples: 2
10-09 17:34:46.072  10924-10924/? I/TimeWrapper﹕ Min/Avg/Max frame render speed (ms): 18.310549 / 38.467407 / 58.624268
10-09 17:34:46.072  10924-10924/? I/TimeWrapper﹕ Waketime: 1.3431079%
10-09 17:34:46.072  10924-10924/? I/ClockFace﹕ Ambient mode: true
10-09 17:34:46.072  10924-10924/? V/ClockFace﹕ clearing caches
10-09 17:34:46.072  10924-10924/? V/MyViewAnim﹕ stopping animation!
10-09 17:34:46.072  10924-10924/? V/MyViewAnim﹕ no draw thread around to kill ?!
10-09 17:34:46.072  10924-10924/? V/WearActivity﹕ onDisplayChanged: off!
10-09 17:34:46.072    1752-1782/? D/MinnowPowerHAL﹕ power_set_interactive: 0
10-09 17:34:46.072    1752-1782/? D/MinnowPowerHAL﹕ sysfs_write: /sys/devices/platform/omapdss/display0/interactivemode 0
10-09 17:34:46.072    1752-1782/? D/MinnowPowerHAL﹕ sysfs_write: /sys/devices/ocp.2/i2c.6/i2c-0/0-004a/interactivemode 0
10-09 17:34:46.072    1752-1782/? D/mot_vr_audio_hw﹕ dsp_set_pm_state = off
10-09 17:34:46.082  11763-11763/? D/ADSPD﹕ Client cmd=0x4002, size=2
10-09 17:34:46.082  11763-11763/? D/ADSPD﹕ DSP_CMD_DAEMON_SET_PM_STATE : 0
10-09 17:34:46.082  11763-11763/? D/ADSPD﹕ DSP not turned off as still being used
10-09 17:34:46.082  10924-10924/? V/WearActivity﹕ Pause!
10-09 17:34:46.092  10924-10924/? V/WearActivity﹕ Stop!
10-09 17:34:46.092    1415-1525/? D/mot_vr_audio_hw﹕ dsp_recognizer_enabled = false
10-09 17:34:46.092  11763-11763/? D/ADSPD﹕ Client cmd=0x0003, size=4
10-09 17:34:46.092  11763-11763/? D/ADSPD﹕ Trying to send to dsp while in dsp in RESET
10-09 17:34:46.092   1415-11950/? W/mot_vr_audio_hw﹕ Not allowing wake() since DSP is disabled
10-09 17:34:46.102    1752-1752/? W/InputMethodManagerService﹕ Ignoring setImeWindowStatus of uid 1000 token: null
10-09 17:34:46.112   1415-11950/? W/mot_vr_audio_hw﹕ Not allowing wake() since DSP is disabled
10-09 17:34:46.122  11763-11763/? D/ADSPD﹕ Client cmd=0x4003, size=2
10-09 17:34:46.122  11763-11763/? D/ADSPD﹕ DSP no longer used, turned off here
10-09 17:34:46.122    1415-1415/? D/mot_vr_audio_hw﹕ Input 0xb7903328 close complete
10-09 17:34:48.814    2069-2104/? W/bt-btif﹕ dm_pm_timer expires
10-09 17:34:48.814    2069-2104/? W/bt-btif﹕ dm_pm_timer expires 0
10-09 17:34:48.814    2069-2104/? W/bt-btif﹕ proc dm_pm_timer expires
10-09 17:34:57.312    1752-1769/? D/SensorHALGestureSensor﹕ Gesture event received! time = 1412894097317673848
10-09 17:34:57.312    1752-1912/? I/PowerManagerService﹕ Waking up from sleep...
10-09 17:34:57.312    1752-1776/? W/KeyguardServiceDelegate﹕ onScreenTurnedOn(): no keyguard service!
10-09 17:34:57.473    1752-1912/? D/PowerManagerService-JNI﹕ Excessive delay in autosuspend_disable() while turning screen on: 153ms
10-09 17:34:57.473    1752-1912/? D/MinnowPowerHAL﹕ power_set_interactive: 1
10-09 17:34:57.473    1752-1912/? D/MinnowPowerHAL﹕ sysfs_write: /sys/devices/platform/omapdss/display0/interactivemode 1
10-09 17:34:57.533    1752-1912/? D/MinnowPowerHAL﹕ sysfs_write: /sys/devices/ocp.2/i2c.6/i2c-0/0-004a/interactivemode 1
10-09 17:34:57.533    1752-1912/? D/mot_vr_audio_hw﹕ dsp_set_pm_state = on
10-09 17:34:57.533  11763-11763/? D/ADSPD﹕ Client cmd=0x4002, size=2
10-09 17:34:57.533    1752-1912/? D/PowerManagerService-JNI﹕ Excessive delay in setInteractive(true) while turning screen on: 55ms
10-09 17:34:57.533  11763-11763/? D/ADSPD﹕ DSP_CMD_DAEMON_SET_PM_STATE : 1
10-09 17:34:57.533  10924-10924/? V/WearActivity﹕ Resume!
10-09 17:34:57.533  10924-10924/? V/ClockFace﹕ clearing caches
10-09 17:34:57.533  10924-10924/? V/MyViewAnim﹕ resuming old animator!
10-09 17:34:57.543    1413-1413/? D/SurfaceFlinger﹕ Screen acquired, type=0 flinger=0xb8082448
10-09 17:34:57.543    1413-1413/? D/hwcomposer﹕ hwc_blank(0: 0)
10-09 17:34:57.543    1752-1752/? W/InputMethodManagerService﹕ Ignoring setImeWindowStatus of uid 1000 token: null
10-09 17:34:57.543    1752-1778/? I/DisplayManagerService﹕ Display device changed: DisplayDeviceInfo{"Built-in Screen": 320 x 290, 45.000004 fps, density 213, 90.31111 x 136.40741 dpi, touch INTERNAL, rotation 0, type BUILT_IN, state ON, FLAG_DEFAULT_DISPLAY, FLAG_ROTATES_WITH_CONTENT, FLAG_SECURE, FLAG_SUPPORTS_PROTECTED_BUFFERS}
10-09 17:34:57.563  10924-10924/? V/WearActivity﹕ display changed: 0, new state: 2
10-09 17:34:57.563  10924-10924/? I/ClockFace﹕ Ambient mode: false
10-09 17:34:57.563  10924-10924/? V/ClockFace﹕ clearing caches
10-09 17:34:57.563  10924-10924/? V/ClockFace﹕ rendering new face, faceMode(0)
10-09 17:34:57.583    1868-1868/? E/ClockworkHome﹕ Tried to exit ambient mode, but enterAmbientMode() was never called.
10-09 17:34:57.583    1415-1525/? D/mot_vr_audio_hw﹕ dsp_recognizer_enabled = true
10-09 17:34:57.583    1415-1415/? D/mot_vr_audio_hw﹕ open_input_stream(): devices = 0x80000004, rate = 8000, channels = 0x10
10-09 17:34:57.583    1415-1415/? D/mot_vr_audio_hw﹕ Created resampler for 16000->8000 Hz
10-09 17:34:57.583    1752-1752/? V/ActivityManager﹕ Display changed displayId=0
10-09 17:34:57.603   1415-11952/? D/mot_vr_audio_hw﹕ in_read waiting for hotword
10-09 17:34:57.633  11763-11763/? E/ADSPD﹕ Timeout on select()
10-09 17:34:57.633  11763-11763/? E/ADSPD﹕ NO ACK received after loading firmware
10-09 17:34:57.633  11763-11763/? E/ADSPD﹕ Unknown ACK received 0x00
10-09 17:34:57.633  11763-11763/? D/ADSPD﹕ Client cmd=0x0003, size=4
10-09 17:34:57.633  10924-10924/? V/ClockFace﹕ fetching new battery status (14663)
10-09 17:34:57.633  10924-10924/? V/ClockFace﹕ battery at 0.42
10-09 17:34:57.633  10924-10924/? V/ClockFace﹕ --> dot radius: 0.028
10-09 17:34:57.643  10924-10924/? V/ClockFace﹕ clearing caches
10-09 17:34:57.643  10924-10924/? V/MyViewAnim﹕ resuming old animator!
10-09 17:34:57.643  10924-10924/? V/WearActivity﹕ onDisplayChanged: on!
10-09 17:34:57.643  11763-11763/? D/ADSPD﹕ Received from DSP: cmd=0x8003, size=2
10-09 17:34:57.643  11763-11763/? D/ADSPD﹕ Client cmd=0x4003, size=2
10-09 17:34:57.643   1415-11769/? D/mot_vr_audio_hw﹕ received recognition control callback, status 0
10-09 17:34:57.663    1752-3165/? D/SensorHAL﹕ adjustSensorHandle: handle = 9 adjustedHandle = 1
10-09 17:34:57.663    1752-3165/? D/SensorHAL﹕ adjustSensorHandle: handle = 9 adjustedHandle = 1
10-09 17:34:57.683    1752-8718/? D/SensorHAL﹕ adjustSensorHandle: handle = 9 adjustedHandle = 1
10-09 17:35:00.015  10924-10924/? V/ClockFace﹕ rendering new face, faceMode(0)
10-09 17:35:00.025  10924-10924/? V/ClockFace﹕ fetching new battery status (14664)
10-09 17:35:00.025  10924-10924/? V/ClockFace﹕ battery at 0.42
10-09 17:35:00.025  10924-10924/? V/ClockFace﹕ --> dot radius: 0.028
10-09 17:35:00.195    2069-2104/? W/bt-btif﹕ dm_pm_timer expires
10-09 17:35:00.195    2069-2104/? W/bt-btif﹕ dm_pm_timer expires 0
10-09 17:35:00.195    2069-2104/? W/bt-btif﹕ proc dm_pm_timer expires
10-09 17:35:02.547    1752-2702/? I/PowerManagerService﹕ Going to sleep due to screen timeout...
10-09 17:35:02.547    1752-1782/? I/PowerManagerService﹕ Dozing...
10-09 17:35:02.547    1752-1775/? I/DreamController﹕ Starting dream: name=ComponentInfo{com.google.android.wearable.app/com.google.android.clockwork.home.AmbientMode}, isTest=false, canDoze=true, userId=0
10-09 17:35:02.598    1752-1897/? I/ActivityManager﹕ START u0 {act=android.intent.action.MAIN cat=[android.intent.category.HOME] flg=0x10000000 cmp=com.google.android.wearable.app/com.google.android.clockwork.home.HomeActivity (has extras)} from pid 1868 on display 0
10-09 17:35:02.608    1752-1775/? I/DreamController﹕ Stopping dream: name=ComponentInfo{com.google.android.wearable.app/com.google.android.clockwork.home.AmbientMode}, isTest=false, canDoze=true, userId=0
10-09 17:35:02.608    1752-1782/? I/PowerManagerService﹕ Sleeping...
10-09 17:35:02.678    1868-1868/? I/AmbientMode﹕ Ambient mode started: canDoze=true, dozeHardware=null
10-09 17:35:02.678    1415-1415/? D/mot_vr_audio_hw﹕ dsp_recognizer_enabled = false
10-09 17:35:02.678  11763-11763/? D/ADSPD﹕ Client cmd=0x0003, size=4
10-09 17:35:02.678   1415-11952/? D/mot_vr_audio_hw﹕ Switching DSP to standby/passthrough mode
10-09 17:35:02.678   1415-11952/? D/mot_vr_audio_hw﹕ Input 0xb7903328 ready to read
10-09 17:35:02.688  11763-11763/? D/ADSPD﹕ Received from DSP: cmd=0x8003, size=2
10-09 17:35:02.688  11763-11763/? D/ADSPD﹕ Client cmd=0x0003, size=4
10-09 17:35:02.688   1415-11769/? D/mot_vr_audio_hw﹕ received recognition control callback, status 0
10-09 17:35:02.698  11763-11763/? D/ADSPD﹕ Received from DSP: cmd=0x8003, size=2
10-09 17:35:02.708   1415-11769/? D/mot_vr_audio_hw﹕ received recognition control callback, status 0
10-09 17:35:02.728   1415-11952/? W/mot_vr_audio_hw﹕ Discarded 10 buffers without finding audio data
10-09 17:35:02.738  11763-11763/? D/ADSPD﹕ Client cmd=0x0003, size=4
10-09 17:35:02.738   1415-11952/? D/mot_vr_audio_hw﹕ Re-arming DSP
10-09 17:35:02.738   1415-11952/? D/mot_vr_audio_hw﹕ Input 0xb7903328 standby complete
10-09 17:35:02.748  11763-11763/? D/ADSPD﹕ Received from DSP: cmd=0x8003, size=2
10-09 17:35:02.758   1415-11769/? D/mot_vr_audio_hw﹕ received recognition control callback, status 0
10-09 17:35:02.758  11763-11763/? D/ADSPD﹕ Client cmd=0x4003, size=2
10-09 17:35:02.758    1415-2801/? D/mot_vr_audio_hw﹕ Input 0xb7903328 close complete
10-09 17:35:02.768    1415-1525/? D/mot_vr_audio_hw﹕ dsp_recognizer_enabled = true
10-09 17:35:02.768  11763-11763/? D/ADSPD﹕ Client cmd=0x0003, size=4
10-09 17:35:02.768    1415-2025/? D/mot_vr_audio_hw﹕ open_input_stream(): devices = 0x80000004, rate = 8000, channels = 0x10
10-09 17:35:02.768    1415-2025/? D/mot_vr_audio_hw﹕ Created resampler for 16000->8000 Hz
10-09 17:35:02.778  11763-11763/? D/ADSPD﹕ Received from DSP: cmd=0x8003, size=2
10-09 17:35:02.778  11763-11763/? D/ADSPD﹕ Client cmd=0x4003, size=2
10-09 17:35:02.778   1415-11769/? D/mot_vr_audio_hw﹕ received recognition control callback, status 0
10-09 17:35:02.788   1415-11954/? D/mot_vr_audio_hw﹕ in_read waiting for hotword
10-09 17:35:02.788    1913-2022/? D/dalvikvm﹕ GC_FOR_ALLOC freed 213K, 28% free 2194K/3028K, paused 42ms, total 42ms
10-09 17:35:02.808    1868-1868/? I/AmbientMode﹕ Dream ended: isDozing=true
10-09 17:35:03.048    1413-1413/? D/SurfaceFlinger﹕ Screen released, type=0 flinger=0xb8082448
10-09 17:35:03.208    1413-1413/? D/hwcomposer﹕ hwc_blank(0: 1)
10-09 17:35:03.208    1752-1856/? D/SurfaceControl﹕ Excessive delay in blankDisplay() while turning screen off: 156ms
10-09 17:35:03.208    1752-1778/? I/DisplayManagerService﹕ Display device changed: DisplayDeviceInfo{"Built-in Screen": 320 x 290, 45.000004 fps, density 213, 90.31111 x 136.40741 dpi, touch INTERNAL, rotation 0, type BUILT_IN, state OFF, FLAG_DEFAULT_DISPLAY, FLAG_ROTATES_WITH_CONTENT, FLAG_SECURE, FLAG_SUPPORTS_PROTECTED_BUFFERS}
10-09 17:35:03.208    1752-1752/? V/ActivityManager﹕ Display changed displayId=0
10-09 17:35:03.228  10924-10924/? V/WearActivity﹕ display changed: 0, new state: 1
10-09 17:35:03.228  10924-10924/? I/TimeWrapper﹕ FPS: 0.3574288, samples: 2
10-09 17:35:03.228  10924-10924/? I/TimeWrapper﹕ Min/Avg/Max frame render speed (ms): 5.767823 / 10.08606 / 14.404297
10-09 17:35:03.228  10924-10924/? I/TimeWrapper﹕ Waketime: 0.36050484%
10-09 17:35:03.228  10924-10924/? I/ClockFace﹕ Ambient mode: true
10-09 17:35:03.228  10924-10924/? V/ClockFace﹕ clearing caches
10-09 17:35:03.228  10924-10924/? V/MyViewAnim﹕ stopping animation!
10-09 17:35:03.228  10924-10924/? V/MyViewAnim﹕ no draw thread around to kill ?!
10-09 17:35:03.228  10924-10924/? V/WearActivity﹕ onDisplayChanged: off!
10-09 17:35:03.228    1752-1782/? D/MinnowPowerHAL﹕ power_set_interactive: 0
10-09 17:35:03.228    1752-1782/? D/MinnowPowerHAL﹕ sysfs_write: /sys/devices/platform/omapdss/display0/interactivemode 0
10-09 17:35:03.238    1752-1782/? D/MinnowPowerHAL﹕ sysfs_write: /sys/devices/ocp.2/i2c.6/i2c-0/0-004a/interactivemode 0
10-09 17:35:03.238    1752-1782/? D/mot_vr_audio_hw﹕ dsp_set_pm_state = off
10-09 17:35:03.238  11763-11763/? D/ADSPD﹕ Client cmd=0x4002, size=2
10-09 17:35:03.238  11763-11763/? D/ADSPD﹕ DSP_CMD_DAEMON_SET_PM_STATE : 0
10-09 17:35:03.238  11763-11763/? D/ADSPD﹕ DSP not turned off as still being used
10-09 17:35:03.238  10924-10924/? V/WearActivity﹕ Pause!
10-09 17:35:03.248    1415-2025/? D/mot_vr_audio_hw﹕ dsp_recognizer_enabled = false
10-09 17:35:03.248  11763-11763/? D/ADSPD﹕ Client cmd=0x0003, size=4
10-09 17:35:03.248  11763-11763/? D/ADSPD﹕ Trying to send to dsp while in dsp in RESET
10-09 17:35:03.248   1415-11954/? W/mot_vr_audio_hw﹕ Not allowing wake() since DSP is disabled
10-09 17:35:03.248  10924-10924/? V/WearActivity﹕ Stop!
10-09 17:35:03.258   1415-11954/? W/mot_vr_audio_hw﹕ Not allowing wake() since DSP is disabled
10-09 17:35:03.258    1752-1752/? W/InputMethodManagerService﹕ Ignoring setImeWindowStatus of uid 1000 token: null
10-09 17:35:03.278  11763-11763/? D/ADSPD﹕ Client cmd=0x4003, size=2
10-09 17:35:03.278  11763-11763/? D/ADSPD﹕ DSP no longer used, turned off here
10-09 17:35:03.278    1415-1415/? D/mot_vr_audio_hw﹕ Input 0xb7903328 close complete
10-09 17:35:05.350    2069-2104/? W/bt-btif﹕ dm_pm_timer expires
10-09 17:35:05.350    2069-2104/? W/bt-btif﹕ dm_pm_timer expires 0
10-09 17:35:05.350    2069-2104/? W/bt-btif﹕ proc dm_pm_timer expires
10-09 17:35:08.925    1752-1769/? D/SensorHALGestureSensor﹕ Gesture event received! time = 1412894108930863538
10-09 17:35:08.925    1752-2702/? I/PowerManagerService﹕ Waking up from sleep...
10-09 17:35:08.925    1752-1776/? W/KeyguardServiceDelegate﹕ onScreenTurnedOn(): no keyguard service!
10-09 17:35:09.076    1752-2702/? D/PowerManagerService-JNI﹕ Excessive delay in autosuspend_disable() while turning screen on: 156ms
10-09 17:35:09.076    1752-2702/? D/MinnowPowerHAL﹕ power_set_interactive: 1
10-09 17:35:09.076    1752-2702/? D/MinnowPowerHAL﹕ sysfs_write: /sys/devices/platform/omapdss/display0/interactivemode 1
10-09 17:35:09.116    1752-2702/? D/MinnowPowerHAL﹕ sysfs_write: /sys/devices/ocp.2/i2c.6/i2c-0/0-004a/interactivemode 1
10-09 17:35:09.116    1752-2702/? D/mot_vr_audio_hw﹕ dsp_set_pm_state = on
10-09 17:35:09.116    1752-2702/? D/PowerManagerService-JNI﹕ Excessive delay in setInteractive(true) while turning screen on: 33ms
10-09 17:35:09.116  11763-11763/? D/ADSPD﹕ Client cmd=0x4002, size=2
10-09 17:35:09.116  11763-11763/? D/ADSPD﹕ DSP_CMD_DAEMON_SET_PM_STATE : 1
10-09 17:35:09.116    1413-1413/? D/SurfaceFlinger﹕ Screen acquired, type=0 flinger=0xb8082448
10-09 17:35:09.116    1413-1413/? D/hwcomposer﹕ hwc_blank(0: 0)
10-09 17:35:09.116    1868-1868/? E/ClockworkHome﹕ Tried to exit ambient mode, but enterAmbientMode() was never called.
10-09 17:35:09.126    1415-2025/? D/mot_vr_audio_hw﹕ dsp_recognizer_enabled = true
10-09 17:35:09.126    1415-1415/? D/mot_vr_audio_hw﹕ open_input_stream(): devices = 0x80000004, rate = 8000, channels = 0x10
10-09 17:35:09.126    1415-1415/? D/mot_vr_audio_hw﹕ Created resampler for 16000->8000 Hz
10-09 17:35:09.136  10924-10924/? V/WearActivity﹕ Resume!
10-09 17:35:09.136  10924-10924/? V/ClockFace﹕ clearing caches
10-09 17:35:09.136  10924-10924/? V/MyViewAnim﹕ resuming old animator!
10-09 17:35:09.136    1752-1778/? I/DisplayManagerService﹕ Display device changed: DisplayDeviceInfo{"Built-in Screen": 320 x 290, 45.000004 fps, density 213, 90.31111 x 136.40741 dpi, touch INTERNAL, rotation 0, type BUILT_IN, state ON, FLAG_DEFAULT_DISPLAY, FLAG_ROTATES_WITH_CONTENT, FLAG_SECURE, FLAG_SUPPORTS_PROTECTED_BUFFERS}
10-09 17:35:09.156  10924-10924/? V/WearActivity﹕ display changed: 0, new state: 2
10-09 17:35:09.156  10924-10924/? I/ClockFace﹕ Ambient mode: false
10-09 17:35:09.156  10924-10924/? V/ClockFace﹕ clearing caches
10-09 17:35:09.156  10924-10924/? V/ClockFace﹕ rendering new face, faceMode(0)
10-09 17:35:09.166    1752-1752/? V/ActivityManager﹕ Display changed displayId=0
10-09 17:35:09.166    1752-1752/? W/InputMethodManagerService﹕ Ignoring setImeWindowStatus of uid 1000 token: null
10-09 17:35:09.176   1415-11956/? D/mot_vr_audio_hw﹕ in_read waiting for hotword
10-09 17:35:09.216  11763-11763/? E/ADSPD﹕ Timeout on select()
10-09 17:35:09.216  11763-11763/? E/ADSPD﹕ NO ACK received after loading firmware
10-09 17:35:09.216  11763-11763/? E/ADSPD﹕ Unknown ACK received 0x00
10-09 17:35:09.216  11763-11763/? D/ADSPD﹕ Client cmd=0x0003, size=4
10-09 17:35:09.216  10924-10924/? V/ClockFace﹕ fetching new battery status (14666)
10-09 17:35:09.216  10924-10924/? V/ClockFace﹕ battery at 0.42
10-09 17:35:09.216  10924-10924/? V/ClockFace﹕ --> dot radius: 0.028
10-09 17:35:09.216  10924-10924/? V/ClockFace﹕ clearing caches
10-09 17:35:09.216  10924-10924/? V/MyViewAnim﹕ resuming old animator!
10-09 17:35:09.216  10924-10924/? V/WearActivity﹕ onDisplayChanged: on!
10-09 17:35:09.226  11763-11763/? D/ADSPD﹕ Received from DSP: cmd=0x8003, size=2
10-09 17:35:09.226  11763-11763/? D/ADSPD﹕ Client cmd=0x4003, size=2
10-09 17:35:09.226   1415-11769/? D/mot_vr_audio_hw﹕ received recognition control callback, status 0
10-09 17:35:09.246    1752-1762/? D/SensorHAL﹕ adjustSensorHandle: handle = 9 adjustedHandle = 1
10-09 17:35:09.246    1752-1762/? D/SensorHAL﹕ adjustSensorHandle: handle = 9 adjustedHandle = 1
10-09 17:35:09.266    1752-1897/? D/SensorHAL﹕ adjustSensorHandle: handle = 9 adjustedHandle = 1
10-09 17:35:10.067  10924-10924/? V/ClockFace﹕ rendering new face, faceMode(0)
10-09 17:35:10.067  10924-10924/? V/ClockFace﹕ fetching new battery status (14667)
10-09 17:35:10.067  10924-10924/? V/ClockFace﹕ battery at 0.42
10-09 17:35:10.067  10924-10924/? V/ClockFace﹕ --> dot radius: 0.028
10-09 17:35:11.648    2069-2104/? W/bt-btif﹕ dm_pm_timer expires
10-09 17:35:11.648    2069-2104/? W/bt-btif﹕ dm_pm_timer expires 0
10-09 17:35:11.648    2069-2104/? W/bt-btif﹕ proc dm_pm_timer expires
10-09 17:35:14.140    1752-1762/? I/PowerManagerService﹕ Going to sleep due to screen timeout...
10-09 17:35:14.140    1752-1782/? I/PowerManagerService﹕ Dozing...
10-09 17:35:14.150    1752-1775/? I/DreamController﹕ Starting dream: name=ComponentInfo{com.google.android.wearable.app/com.google.android.clockwork.home.AmbientMode}, isTest=false, canDoze=true, userId=0
10-09 17:35:14.201    1752-2357/? I/ActivityManager﹕ START u0 {act=android.intent.action.MAIN cat=[android.intent.category.HOME] flg=0x10000000 cmp=com.google.android.wearable.app/com.google.android.clockwork.home.HomeActivity (has extras)} from pid 1868 on display 0
10-09 17:35:14.201    1752-1775/? I/DreamController﹕ Stopping dream: name=ComponentInfo{com.google.android.wearable.app/com.google.android.clockwork.home.AmbientMode}, isTest=false, canDoze=true, userId=0
10-09 17:35:14.201    1752-1782/? I/PowerManagerService﹕ Sleeping...
10-09 17:35:14.261    1868-1868/? I/AmbientMode﹕ Ambient mode started: canDoze=true, dozeHardware=null
10-09 17:35:14.271    1415-1415/? D/mot_vr_audio_hw﹕ dsp_recognizer_enabled = false
10-09 17:35:14.271  11763-11763/? D/ADSPD﹕ Client cmd=0x0003, size=4
10-09 17:35:14.271   1415-11956/? D/mot_vr_audio_hw﹕ Switching DSP to standby/passthrough mode
10-09 17:35:14.271   1415-11956/? D/mot_vr_audio_hw﹕ Input 0xb7903328 ready to read
10-09 17:35:14.281  11763-11763/? D/ADSPD﹕ Received from DSP: cmd=0x8003, size=2
10-09 17:35:14.281  11763-11763/? D/ADSPD﹕ Client cmd=0x0003, size=4
10-09 17:35:14.281   1415-11769/? D/mot_vr_audio_hw﹕ received recognition control callback, status 0
10-09 17:35:14.291  11763-11763/? D/ADSPD﹕ Received from DSP: cmd=0x8003, size=2
10-09 17:35:14.301   1415-11769/? D/mot_vr_audio_hw﹕ received recognition control callback, status 0
10-09 17:35:14.321   1415-11956/? W/mot_vr_audio_hw﹕ Discarded 10 buffers without finding audio data
10-09 17:35:14.331  11763-11763/? D/ADSPD﹕ Client cmd=0x0003, size=4
10-09 17:35:14.331   1415-11956/? D/mot_vr_audio_hw﹕ Re-arming DSP
10-09 17:35:14.331   1415-11956/? D/mot_vr_audio_hw﹕ Input 0xb7903328 standby complete
10-09 17:35:14.341    1415-1525/? D/mot_vr_audio_hw﹕ Input 0xb7903328 close complete
10-09 17:35:14.341  11763-11763/? D/ADSPD﹕ Received from DSP: cmd=0x8003, size=2
10-09 17:35:14.341  11763-11763/? D/ADSPD﹕ Client cmd=0x4003, size=2
10-09 17:35:14.351   1415-11769/? D/mot_vr_audio_hw﹕ received recognition control callback, status 0
10-09 17:35:14.361    1415-2025/? D/mot_vr_audio_hw﹕ dsp_recognizer_enabled = true
10-09 17:35:14.361  11763-11763/? D/ADSPD﹕ Client cmd=0x0003, size=4
10-09 17:35:14.361    1415-1415/? D/mot_vr_audio_hw﹕ open_input_stream(): devices = 0x80000004, rate = 8000, channels = 0x10
10-09 17:35:14.361    1415-1415/? D/mot_vr_audio_hw﹕ Created resampler for 16000->8000 Hz
10-09 17:35:14.381  11763-11763/? D/ADSPD﹕ Received from DSP: cmd=0x8003, size=2
10-09 17:35:14.381  11763-11763/? D/ADSPD﹕ Client cmd=0x4003, size=2
10-09 17:35:14.381   1415-11769/? D/mot_vr_audio_hw﹕ received recognition control callback, status 0
10-09 17:35:14.381    1868-1868/? I/AmbientMode﹕ Dream ended: isDozing=true
10-09 17:35:14.401   1415-11958/? D/mot_vr_audio_hw﹕ in_read waiting for hotword
10-09 17:35:14.651    1413-1413/? D/SurfaceFlinger﹕ Screen released, type=0 flinger=0xb8082448
10-09 17:35:14.791    1413-1413/? D/hwcomposer﹕ hwc_blank(0: 1)
10-09 17:35:14.791    1752-1805/? D/SurfaceControl﹕ Excessive delay in blankDisplay() while turning screen off: 139ms
