10-09 17:44:43.124    1868-1868/? E/ClockworkHome﹕ Tried to exit ambient mode, but enterAmbientMode() was never called.
10-09 17:44:43.124    1752-1752/? V/ActivityManager﹕ Display changed displayId=0
10-09 17:44:43.134    1415-1415/? D/mot_vr_audio_hw﹕ dsp_recognizer_enabled = true
10-09 17:44:43.134    1415-2025/? D/mot_vr_audio_hw﹕ open_input_stream(): devices = 0x80000004, rate = 8000, channels = 0x10
10-09 17:44:43.134    1415-2025/? D/mot_vr_audio_hw﹕ Created resampler for 16000->8000 Hz
10-09 17:44:43.174  11763-11763/? E/ADSPD﹕ Timeout on select()
10-09 17:44:43.174  11763-11763/? E/ADSPD﹕ NO ACK received after loading firmware
10-09 17:44:43.174  11763-11763/? E/ADSPD﹕ Unknown ACK received 0x00
10-09 17:44:43.184  11763-11763/? D/ADSPD﹕ Client cmd=0x0003, size=4
10-09 17:44:43.194  11763-11763/? D/ADSPD﹕ Received from DSP: cmd=0x8003, size=2
10-09 17:44:43.194  11763-11763/? D/ADSPD﹕ Client cmd=0x4003, size=2
10-09 17:44:43.194   1415-11769/? D/mot_vr_audio_hw﹕ received recognition control callback, status 0
10-09 17:44:43.204    1752-3165/? D/SensorHAL﹕ adjustSensorHandle: handle = 9 adjustedHandle = 1
10-09 17:44:43.204    1752-3165/? D/SensorHAL﹕ adjustSensorHandle: handle = 9 adjustedHandle = 1
10-09 17:44:43.214    1752-8718/? D/SensorHAL﹕ adjustSensorHandle: handle = 9 adjustedHandle = 1
10-09 17:44:43.234   1415-12004/? D/mot_vr_audio_hw﹕ in_read waiting for hotword
10-09 17:44:45.076  10924-10924/? V/ClockFace﹕ rendering new face, faceMode(0)
10-09 17:44:45.086  10924-10924/? V/ClockFace﹕ fetching new battery status (14683)
10-09 17:44:45.086  10924-10924/? V/ClockFace﹕ battery at 0.41
10-09 17:44:45.086  10924-10924/? V/ClockFace﹕ --> dot radius: 0.029000001
10-09 17:44:45.696    2069-2104/? W/bt-btif﹕ dm_pm_timer expires
10-09 17:44:45.696    2069-2104/? W/bt-btif﹕ dm_pm_timer expires 0
10-09 17:44:45.696    2069-2104/? W/bt-btif﹕ proc dm_pm_timer expires
10-09 17:44:48.109    1752-1912/? I/PowerManagerService﹕ Going to sleep due to screen timeout...
10-09 17:44:48.109    1752-1782/? I/PowerManagerService﹕ Dozing...
10-09 17:44:48.109    1752-1775/? I/DreamController﹕ Starting dream: name=ComponentInfo{com.google.android.wearable.app/com.google.android.clockwork.home.AmbientMode}, isTest=false, canDoze=true, userId=0
10-09 17:44:48.149    1752-1762/? I/ActivityManager﹕ START u0 {act=android.intent.action.MAIN cat=[android.intent.category.HOME] flg=0x10000000 cmp=com.google.android.wearable.app/com.google.android.clockwork.home.HomeActivity (has extras)} from pid 1868 on display 0
10-09 17:44:48.149    1752-1775/? I/DreamController﹕ Stopping dream: name=ComponentInfo{com.google.android.wearable.app/com.google.android.clockwork.home.AmbientMode}, isTest=false, canDoze=true, userId=0
10-09 17:44:48.159    1752-1782/? I/PowerManagerService﹕ Sleeping...
10-09 17:44:48.219    1868-1868/? I/AmbientMode﹕ Ambient mode started: canDoze=true, dozeHardware=null
10-09 17:44:48.219    1415-2025/? D/mot_vr_audio_hw﹕ dsp_recognizer_enabled = false
10-09 17:44:48.219  11763-11763/? D/ADSPD﹕ Client cmd=0x0003, size=4
10-09 17:44:48.219   1415-12004/? D/mot_vr_audio_hw﹕ Switching DSP to standby/passthrough mode
10-09 17:44:48.219   1415-12004/? D/mot_vr_audio_hw﹕ Input 0xb7903328 ready to read
10-09 17:44:48.229  11763-11763/? D/ADSPD﹕ Received from DSP: cmd=0x8003, size=2
10-09 17:44:48.229  11763-11763/? D/ADSPD﹕ Client cmd=0x0003, size=4
10-09 17:44:48.229   1415-11769/? D/mot_vr_audio_hw﹕ received recognition control callback, status 0
10-09 17:44:48.249  11763-11763/? D/ADSPD﹕ Received from DSP: cmd=0x8003, size=2
10-09 17:44:48.249   1415-11769/? D/mot_vr_audio_hw﹕ received recognition control callback, status 0
10-09 17:44:48.269   1415-12004/? W/mot_vr_audio_hw﹕ Discarded 10 buffers without finding audio data
10-09 17:44:48.279  11763-11763/? D/ADSPD﹕ Client cmd=0x0003, size=4
10-09 17:44:48.279   1415-12004/? D/mot_vr_audio_hw﹕ Re-arming DSP
10-09 17:44:48.279   1415-12004/? D/mot_vr_audio_hw﹕ Input 0xb7903328 standby complete
10-09 17:44:48.299    1415-1415/? D/mot_vr_audio_hw﹕ Input 0xb7903328 close complete
10-09 17:44:48.299  11763-11763/? D/ADSPD﹕ Received from DSP: cmd=0x8003, size=2
10-09 17:44:48.299  11763-11763/? D/ADSPD﹕ Client cmd=0x4003, size=2
10-09 17:44:48.299   1415-11769/? D/mot_vr_audio_hw﹕ received recognition control callback, status 0
10-09 17:44:48.309    1415-1525/? D/mot_vr_audio_hw﹕ dsp_recognizer_enabled = true
10-09 17:44:48.309  11763-11763/? D/ADSPD﹕ Client cmd=0x0003, size=4
10-09 17:44:48.309    1415-2025/? D/mot_vr_audio_hw﹕ open_input_stream(): devices = 0x80000004, rate = 8000, channels = 0x10
10-09 17:44:48.309    1415-2025/? D/mot_vr_audio_hw﹕ Created resampler for 16000->8000 Hz
10-09 17:44:48.319  11763-11763/? D/ADSPD﹕ Received from DSP: cmd=0x8003, size=2
10-09 17:44:48.329  11763-11763/? D/ADSPD﹕ Client cmd=0x4003, size=2
10-09 17:44:48.329   1415-11769/? D/mot_vr_audio_hw﹕ received recognition control callback, status 0
10-09 17:44:48.329   1415-12006/? D/mot_vr_audio_hw﹕ in_read waiting for hotword
10-09 17:44:48.339    1913-2022/? D/dalvikvm﹕ GC_FOR_ALLOC freed 224K, 28% free 2184K/3028K, paused 39ms, total 41ms
10-09 17:44:48.349    1868-1868/? I/AmbientMode﹕ Dream ended: isDozing=true
10-09 17:44:48.599    1413-1413/? D/SurfaceFlinger﹕ Screen released, type=0 flinger=0xb8082448
10-09 17:44:48.769    1413-1413/? D/hwcomposer﹕ hwc_blank(0: 1)
10-09 17:44:48.769    1752-1856/? D/SurfaceControl﹕ Excessive delay in blankDisplay() while turning screen off: 169ms
10-09 17:44:48.769    1752-1778/? I/DisplayManagerService﹕ Display device changed: DisplayDeviceInfo{"Built-in Screen": 320 x 290, 45.000004 fps, density 213, 90.31111 x 136.40741 dpi, touch INTERNAL, rotation 0, type BUILT_IN, state OFF, FLAG_DEFAULT_DISPLAY, FLAG_ROTATES_WITH_CONTENT, FLAG_SECURE, FLAG_SUPPORTS_PROTECTED_BUFFERS}
10-09 17:44:48.769    1752-1752/? V/ActivityManager﹕ Display changed displayId=0
10-09 17:44:48.789  10924-10924/? V/WearActivity﹕ display changed: 0, new state: 1
10-09 17:44:48.789  10924-10924/? I/ClockFace﹕ Ambient mode: true
10-09 17:44:48.789  10924-10924/? V/ClockFace﹕ clearing caches
10-09 17:44:48.789  10924-10924/? V/MyViewAnim﹕ stopping animation!
10-09 17:44:48.789  10924-10924/? V/MyViewAnim﹕ no draw thread around to kill ?!
10-09 17:44:48.789  10924-10924/? V/WearActivity﹕ onDisplayChanged: off!
10-09 17:44:48.789    1752-1782/? D/MinnowPowerHAL﹕ power_set_interactive: 0
10-09 17:44:48.789    1752-1782/? D/MinnowPowerHAL﹕ sysfs_write: /sys/devices/platform/omapdss/display0/interactivemode 0
10-09 17:44:48.799    1752-1782/? D/MinnowPowerHAL﹕ sysfs_write: /sys/devices/ocp.2/i2c.6/i2c-0/0-004a/interactivemode 0
10-09 17:44:48.799    1752-1782/? D/mot_vr_audio_hw﹕ dsp_set_pm_state = off
10-09 17:44:48.799  11763-11763/? D/ADSPD﹕ Client cmd=0x4002, size=2
10-09 17:44:48.799  11763-11763/? D/ADSPD﹕ DSP_CMD_DAEMON_SET_PM_STATE : 0
10-09 17:44:48.799  11763-11763/? D/ADSPD﹕ DSP not turned off as still being used
10-09 17:44:48.799  10924-10924/? V/WearActivity﹕ Pause!
10-09 17:44:48.809  10924-10924/? V/WearActivity﹕ Stop!
10-09 17:44:48.809    1415-1415/? D/mot_vr_audio_hw﹕ dsp_recognizer_enabled = false
10-09 17:44:48.809  11763-11763/? D/ADSPD﹕ Client cmd=0x0003, size=4
10-09 17:44:48.809  11763-11763/? D/ADSPD﹕ Trying to send to dsp while in dsp in RESET
10-09 17:44:48.809   1415-12006/? W/mot_vr_audio_hw﹕ Not allowing wake() since DSP is disabled
10-09 17:44:48.819   1415-12006/? W/mot_vr_audio_hw﹕ Not allowing wake() since DSP is disabled
10-09 17:44:48.819    1752-1752/? W/InputMethodManagerService﹕ Ignoring setImeWindowStatus of uid 1000 token: null
10-09 17:44:48.840  11763-11763/? D/ADSPD﹕ Client cmd=0x4003, size=2
10-09 17:44:48.840  11763-11763/? D/ADSPD﹕ DSP no longer used, turned off here
10-09 17:44:48.840    1415-1525/? D/mot_vr_audio_hw﹕ Input 0xb7903328 close complete
10-09 17:44:51.572    2069-2104/? W/bt-btif﹕ dm_pm_timer expires
10-09 17:44:51.572    2069-2104/? W/bt-btif﹕ dm_pm_timer expires 0
10-09 17:44:51.572    2069-2104/? W/bt-btif﹕ proc dm_pm_timer expires
10-09 17:53:17.323    1752-1795/? D/ConnectivityService﹕ Sampling interval elapsed, updating statistics ..
10-09 17:53:17.323    1752-1795/? D/ConnectivityService﹕ Done.
10-09 17:53:17.323    1752-1795/? D/ConnectivityService﹕ Setting timer for 720seconds
10-09 17:53:17.343    1883-2172/? I/EventLogService﹕ Aggregate from 1412893020526 (log), 1412893020526 (data)
10-09 17:53:17.343    1752-1801/? I/ActivityManager﹕ Delay finish: com.google.android.gms/.checkin.EventLogService$Receiver
10-09 17:53:17.494    1883-1887/? D/dalvikvm﹕ GC_CONCURRENT freed 361K, 24% free 2557K/3356K, paused 3ms+1ms, total 24ms
10-09 17:53:17.504    1883-2172/? I/ServiceDumpSys﹕ dumping service [account]
10-09 17:53:17.534    1752-1801/? I/ActivityManager﹕ Resuming delayed broadcast
10-09 17:59:07.634    1752-1753/? D/dalvikvm﹕ GC_CONCURRENT freed 668K, 31% free 5229K/7512K, paused 4ms+7ms, total 56ms
10-09 18:00:32.413    2152-2154/? D/dalvikvm﹕ GC_CONCURRENT freed 385K, 23% free 2011K/2596K, paused 2ms+5ms, total 18ms
10-09 18:00:37.295    1752-1769/? D/SensorHALGestureSensor﹕ Gesture event received! time = 1412895637300522162
10-09 18:00:37.295    1752-2702/? I/PowerManagerService﹕ Waking up from sleep...
10-09 18:00:37.295    1752-1776/? W/KeyguardServiceDelegate﹕ onScreenTurnedOn(): no keyguard service!
10-09 18:00:37.455    1752-2702/? D/PowerManagerService-JNI﹕ Excessive delay in autosuspend_disable() while turning screen on: 152ms
10-09 18:00:37.455    1752-2702/? D/MinnowPowerHAL﹕ power_set_interactive: 1
10-09 18:00:37.455    1752-2702/? D/MinnowPowerHAL﹕ sysfs_write: /sys/devices/platform/omapdss/display0/interactivemode 1
10-09 18:00:37.495    1752-2702/? D/MinnowPowerHAL﹕ sysfs_write: /sys/devices/ocp.2/i2c.6/i2c-0/0-004a/interactivemode 1
10-09 18:00:37.495    1752-2702/? D/mot_vr_audio_hw﹕ dsp_set_pm_state = on
10-09 18:00:37.495  11763-11763/? D/ADSPD﹕ Client cmd=0x4002, size=2
10-09 18:00:37.495  11763-11763/? D/ADSPD﹕ DSP_CMD_DAEMON_SET_PM_STATE : 1
10-09 18:00:37.495    1752-2702/? D/PowerManagerService-JNI﹕ Excessive delay in setInteractive(true) while turning screen on: 33ms
10-09 18:00:37.505    1413-1413/? D/SurfaceFlinger﹕ Screen acquired, type=0 flinger=0xb8082448
10-09 18:00:37.505    1413-1413/? D/hwcomposer﹕ hwc_blank(0: 0)
10-09 18:00:37.505    1868-1868/? E/ClockworkHome﹕ Tried to exit ambient mode, but enterAmbientMode() was never called.
10-09 18:00:37.505    1415-2801/? D/mot_vr_audio_hw﹕ dsp_recognizer_enabled = true
10-09 18:00:37.505    1415-2025/? D/mot_vr_audio_hw﹕ open_input_stream(): devices = 0x80000004, rate = 8000, channels = 0x10
10-09 18:00:37.505    1415-2025/? D/mot_vr_audio_hw﹕ Created resampler for 16000->8000 Hz
10-09 18:00:37.525  10924-10924/? V/WearActivity﹕ Resume!
10-09 18:00:37.525  10924-10924/? V/ClockFace﹕ clearing caches
10-09 18:00:37.525  10924-10924/? V/MyViewAnim﹕ resuming old animator!
10-09 18:00:37.535    1752-1778/? I/DisplayManagerService﹕ Display device changed: DisplayDeviceInfo{"Built-in Screen": 320 x 290, 45.000004 fps, density 213, 90.31111 x 136.40741 dpi, touch INTERNAL, rotation 0, type BUILT_IN, state ON, FLAG_DEFAULT_DISPLAY, FLAG_ROTATES_WITH_CONTENT, FLAG_SECURE, FLAG_SUPPORTS_PROTECTED_BUFFERS}
10-09 18:00:37.545  10924-10924/? V/WearActivity﹕ display changed: 0, new state: 2
10-09 18:00:37.545  10924-10924/? I/ClockFace﹕ Ambient mode: false
10-09 18:00:37.545  10924-10924/? V/ClockFace﹕ clearing caches
10-09 18:00:37.545  10924-10924/? V/ClockState﹕ clipping 12 raw events to fit the screen
10-09 18:00:37.555    1752-1752/? V/ActivityManager﹕ Display changed displayId=0
10-09 18:00:37.565   1415-12008/? D/mot_vr_audio_hw﹕ in_read waiting for hotword
10-09 18:00:37.565    1752-1752/? W/InputMethodManagerService﹕ Ignoring setImeWindowStatus of uid 1000 token: null
10-09 18:00:37.575  10924-10924/? V/EventLayoutUniform﹕ Event layout success.
10-09 18:00:37.575  10924-10924/? V/EventLayoutUniform﹕ Event layout time: 28.594971 ms
10-09 18:00:37.575  10924-10924/? V/ClockState﹕ maxLevel for new events: 10000
10-09 18:00:37.575  10924-10924/? V/ClockState﹕ number of new events: 2
10-09 18:00:37.595  11763-11763/? E/ADSPD﹕ Timeout on select()
10-09 18:00:37.595  11763-11763/? E/ADSPD﹕ NO ACK received after loading firmware
10-09 18:00:37.595  11763-11763/? E/ADSPD﹕ Unknown ACK received 0x00
10-09 18:00:37.595  11763-11763/? D/ADSPD﹕ Client cmd=0x0003, size=4
10-09 18:00:37.605  11763-11763/? D/ADSPD﹕ Received from DSP: cmd=0x8003, size=2
10-09 18:00:37.605  11763-11763/? D/ADSPD﹕ Client cmd=0x4003, size=2
10-09 18:00:37.605   1415-11769/? D/mot_vr_audio_hw﹕ received recognition control callback, status 0
10-09 18:00:37.605  10924-10924/? V/ClockFace﹕ rendering new face, faceMode(0)
10-09 18:00:37.615    1752-1805/? D/LightsService﹕ Excessive delay setting light: 60ms
10-09 18:00:37.625  10924-10924/? V/ClockFace﹕ fetching new battery status (14684)
10-09 18:00:37.625  10924-10924/? V/ClockFace﹕ battery at 0.41
10-09 18:00:37.625  10924-10924/? V/ClockFace﹕ --> dot radius: 0.029000001
10-09 18:00:37.625    1752-1763/? D/SensorHAL﹕ adjustSensorHandle: handle = 9 adjustedHandle = 1
10-09 18:00:37.625    1752-1763/? D/SensorHAL﹕ adjustSensorHandle: handle = 9 adjustedHandle = 1
10-09 18:00:37.635  10924-10924/? V/ClockFace﹕ clearing caches
10-09 18:00:37.635  10924-10924/? V/MyViewAnim﹕ resuming old animator!
10-09 18:00:37.635  10924-10924/? V/WearActivity﹕ onDisplayChanged: on!
10-09 18:00:37.645    1752-2702/? D/SensorHAL﹕ adjustSensorHandle: handle = 9 adjustedHandle = 1
10-09 18:00:38.626  10924-10936/? V/WearReceiverService﹕ message received!
10-09 18:00:38.636  10924-10936/? V/ClockFace﹕ clearing caches
10-09 18:00:38.636  10924-10936/? V/ClockState﹕ clipping 11 raw events to fit the screen
10-09 18:00:38.636  10924-10936/? V/EventLayoutUniform﹕ Event layout success.
10-09 18:00:38.646  10924-10936/? V/EventLayoutUniform﹕ Event layout time: 5.371094 ms
10-09 18:00:38.646  10924-10936/? V/ClockState﹕ maxLevel for new events: 10000
10-09 18:00:38.646  10924-10936/? V/ClockState﹕ number of new events: 2
10-09 18:00:38.646  10924-10936/? V/ClockState﹕ new calendar event list, 11 entries
10-09 18:00:38.646  10924-10936/? V/ClockFace﹕ clearing caches
10-09 18:00:38.646  10924-10936/? V/ClockState﹕ event update complete
10-09 18:00:38.646  10924-10936/? V/WearReceiverService﹕ savePreferences
10-09 18:00:40.078  10924-10924/? V/ClockFace﹕ rendering new face, faceMode(0)
10-09 18:00:40.088  10924-10924/? V/ClockFace﹕ fetching new battery status (14685)
10-09 18:00:40.088  10924-10924/? V/ClockFace﹕ battery at 0.41
10-09 18:00:40.088  10924-10924/? V/ClockFace﹕ --> dot radius: 0.029000001
10-09 18:00:40.618    2069-2104/? W/bt-btif﹕ dm_pm_timer expires
10-09 18:00:40.618    2069-2104/? W/bt-btif﹕ dm_pm_timer expires 0
10-09 18:00:40.618    2069-2104/? W/bt-btif﹕ proc dm_pm_timer expires
10-09 18:00:42.530    1752-1912/? I/PowerManagerService﹕ Going to sleep due to screen timeout...
10-09 18:00:42.530    1752-1782/? I/PowerManagerService﹕ Dozing...
10-09 18:00:42.530    1752-1775/? I/DreamController﹕ Starting dream: name=ComponentInfo{com.google.android.wearable.app/com.google.android.clockwork.home.AmbientMode}, isTest=false, canDoze=true, userId=0
10-09 18:00:42.580    1752-2702/? I/ActivityManager﹕ START u0 {act=android.intent.action.MAIN cat=[android.intent.category.HOME] flg=0x10000000 cmp=com.google.android.wearable.app/com.google.android.clockwork.home.HomeActivity (has extras)} from pid 1868 on display 0
10-09 18:00:42.580    1752-1775/? I/DreamController﹕ Stopping dream: name=ComponentInfo{com.google.android.wearable.app/com.google.android.clockwork.home.AmbientMode}, isTest=false, canDoze=true, userId=0
10-09 18:00:42.590    1752-1782/? I/PowerManagerService﹕ Sleeping...
10-09 18:00:42.650    1868-1868/? I/AmbientMode﹕ Ambient mode started: canDoze=true, dozeHardware=null
10-09 18:00:42.650    1415-2025/? D/mot_vr_audio_hw﹕ dsp_recognizer_enabled = false
10-09 18:00:42.650  11763-11763/? D/ADSPD﹕ Client cmd=0x0003, size=4
10-09 18:00:42.650   1415-12008/? D/mot_vr_audio_hw﹕ Switching DSP to standby/passthrough mode
10-09 18:00:42.650   1415-12008/? D/mot_vr_audio_hw﹕ Input 0xb7903328 ready to read
10-09 18:00:42.660  11763-11763/? D/ADSPD﹕ Received from DSP: cmd=0x8003, size=2
10-09 18:00:42.670  11763-11763/? D/ADSPD﹕ Client cmd=0x0003, size=4
10-09 18:00:42.670   1415-11769/? D/mot_vr_audio_hw﹕ received recognition control callback, status 0
10-09 18:00:42.680  11763-11763/? D/ADSPD﹕ Received from DSP: cmd=0x8003, size=2
10-09 18:00:42.680   1415-11769/? D/mot_vr_audio_hw﹕ received recognition control callback, status 0
10-09 18:00:42.700   1415-12008/? W/mot_vr_audio_hw﹕ Discarded 10 buffers without finding audio data
10-09 18:00:42.710  11763-11763/? D/ADSPD﹕ Client cmd=0x0003, size=4
10-09 18:00:42.720   1415-12008/? D/mot_vr_audio_hw﹕ Re-arming DSP
10-09 18:00:42.720   1415-12008/? D/mot_vr_audio_hw﹕ Input 0xb7903328 standby complete
10-09 18:00:42.720    1415-1415/? D/mot_vr_audio_hw﹕ Input 0xb7903328 close complete
10-09 18:00:42.730  11763-11763/? D/ADSPD﹕ Received from DSP: cmd=0x8003, size=2
10-09 18:00:42.730  11763-11763/? D/ADSPD﹕ Client cmd=0x4003, size=2
10-09 18:00:42.730   1415-11769/? D/mot_vr_audio_hw﹕ received recognition control callback, status 0
10-09 18:00:42.740    1415-2801/? D/mot_vr_audio_hw﹕ dsp_recognizer_enabled = true
10-09 18:00:42.740  11763-11763/? D/ADSPD﹕ Client cmd=0x0003, size=4
10-09 18:00:42.740    1415-2025/? D/mot_vr_audio_hw﹕ open_input_stream(): devices = 0x80000004, rate = 8000, channels = 0x10
10-09 18:00:42.740    1415-2025/? D/mot_vr_audio_hw﹕ Created resampler for 16000->8000 Hz
10-09 18:00:42.750  11763-11763/? D/ADSPD﹕ Received from DSP: cmd=0x8003, size=2
10-09 18:00:42.750  11763-11763/? D/ADSPD﹕ Client cmd=0x4003, size=2
10-09 18:00:42.750   1415-11769/? D/mot_vr_audio_hw﹕ received recognition control callback, status 0
10-09 18:00:42.760   1415-12011/? D/mot_vr_audio_hw﹕ in_read waiting for hotword
10-09 18:00:42.770    1868-1868/? I/AmbientMode﹕ Dream ended: isDozing=true
10-09 18:00:43.041    1413-1413/? D/SurfaceFlinger﹕ Screen released, type=0 flinger=0xb8082448
10-09 18:00:43.171    1413-1413/? D/hwcomposer﹕ hwc_blank(0: 1)
10-09 18:00:43.171    1752-1805/? D/SurfaceControl﹕ Excessive delay in blankDisplay() while turning screen off: 125ms
10-09 18:00:43.171    1752-1778/? I/DisplayManagerService﹕ Display device changed: DisplayDeviceInfo{"Built-in Screen": 320 x 290, 45.000004 fps, density 213, 90.31111 x 136.40741 dpi, touch INTERNAL, rotation 0, type BUILT_IN, state OFF, FLAG_DEFAULT_DISPLAY, FLAG_ROTATES_WITH_CONTENT, FLAG_SECURE, FLAG_SUPPORTS_PROTECTED_BUFFERS}
10-09 18:00:43.171    1752-1752/? V/ActivityManager﹕ Display changed displayId=0
10-09 18:00:43.181  10924-10924/? V/WearActivity﹕ display changed: 0, new state: 1
10-09 18:00:43.181  10924-10924/? I/TimeWrapper﹕ FPS: 0.17989568, samples: 1
10-09 18:00:43.181  10924-10924/? I/TimeWrapper﹕ Min/Avg/Max frame render speed (ms): 13.702392 / 13.702392 / 13.702392
10-09 18:00:43.181  10924-10924/? I/TimeWrapper﹕ Waketime: 0.24650013%
10-09 18:00:43.181  10924-10924/? I/ClockFace﹕ Ambient mode: true
10-09 18:00:43.181  10924-10924/? V/ClockFace﹕ clearing caches
10-09 18:00:43.181  10924-10924/? V/MyViewAnim﹕ stopping animation!
10-09 18:00:43.181  10924-10924/? V/MyViewAnim﹕ no draw thread around to kill ?!
10-09 18:00:43.181  10924-10924/? V/WearActivity﹕ onDisplayChanged: off!
10-09 18:00:43.191    1752-1782/? D/MinnowPowerHAL﹕ power_set_interactive: 0
10-09 18:00:43.191    1752-1782/? D/MinnowPowerHAL﹕ sysfs_write: /sys/devices/platform/omapdss/display0/interactivemode 0
10-09 18:00:43.191    1752-1782/? D/MinnowPowerHAL﹕ sysfs_write: /sys/devices/ocp.2/i2c.6/i2c-0/0-004a/interactivemode 0
10-09 18:00:43.191    1752-1782/? D/mot_vr_audio_hw﹕ dsp_set_pm_state = off
10-09 18:00:43.191  11763-11763/? D/ADSPD﹕ Client cmd=0x4002, size=2
10-09 18:00:43.191  11763-11763/? D/ADSPD﹕ DSP_CMD_DAEMON_SET_PM_STATE : 0
10-09 18:00:43.191  11763-11763/? D/ADSPD﹕ DSP not turned off as still being used
10-09 18:00:43.201  10924-10924/? V/WearActivity﹕ Pause!
10-09 18:00:43.211  10924-10924/? V/WearActivity﹕ Stop!
10-09 18:00:43.211    1415-1415/? D/mot_vr_audio_hw﹕ dsp_recognizer_enabled = false
10-09 18:00:43.211  11763-11763/? D/ADSPD﹕ Client cmd=0x0003, size=4
10-09 18:00:43.211  11763-11763/? D/ADSPD﹕ Trying to send to dsp while in dsp in RESET
10-09 18:00:43.211   1415-12011/? W/mot_vr_audio_hw﹕ Not allowing wake() since DSP is disabled
10-09 18:00:43.211    1752-1752/? W/InputMethodManagerService﹕ Ignoring setImeWindowStatus of uid 1000 token: null
10-09 18:00:43.221   1415-12011/? W/mot_vr_audio_hw﹕ Not allowing wake() since DSP is disabled
10-09 18:00:43.251  11763-11763/? D/ADSPD﹕ Client cmd=0x4003, size=2
10-09 18:00:43.251  11763-11763/? D/ADSPD﹕ DSP no longer used, turned off here
10-09 18:00:43.251    1415-2801/? D/mot_vr_audio_hw﹕ Input 0xb7903328 close complete
10-09 18:00:45.343    2069-2104/? W/bt-btif﹕ dm_pm_timer expires
10-09 18:00:45.343    2069-2104/? W/bt-btif﹕ dm_pm_timer expires 0
10-09 18:00:45.343    2069-2104/? W/bt-btif﹕ proc dm_pm_timer expires
10-09 18:02:07.684    1868-2015/? I/Clockwork.Settings﹕ time sync timezone: America/Chicago
10-09 18:02:07.684    1752-1763/? D/﹕ Setting time of day to sec=1412895728
10-09 18:02:08.546   1965-12014/? I/Clockwork.TimeService﹕ set timezone to America/Chicago
10-09 18:02:08.546    1752-2702/? D/AlarmManagerService﹕ Kernel timezone updated to 300 minutes west of GMT
10-09 18:02:08.586   1883-12015/? I/CheckinService﹕ active receiver: disabled
10-09 18:02:08.616    1900-1900/? D/GCM﹕ GcmService start Intent { act=com.google.android.checkin.CHECKIN_COMPLETE flg=0x10 cmp=com.google.android.gms/.gcm.GcmService (has extras) } com.google.android.checkin.CHECKIN_COMPLETE
10-09 18:02:08.616    1752-1897/? I/ActivityManager﹕ Delay finish: com.google.android.gms/.gcm.ServiceAutoStarter
10-09 18:02:08.626    1752-8718/? I/ActivityManager﹕ Resuming delayed broadcast
10-09 18:02:08.696    1993-1996/? D/dalvikvm﹕ GC_CONCURRENT freed 384K, 34% free 2889K/4364K, paused 3ms+3ms, total 30ms
10-09 18:02:10.517    2069-2104/? W/bt-btif﹕ dm_pm_timer expires
10-09 18:02:10.517    2069-2104/? W/bt-btif﹕ dm_pm_timer expires 0
10-09 18:02:10.517    2069-2104/? W/bt-btif﹕ proc dm_pm_timer expires
10-09 18:04:24.557    1752-1769/? D/SensorHALGestureSensor﹕ Gesture event received! time = 1412895864561966131
10-09 18:04:24.557    1752-1801/? I/PowerManagerService﹕ Waking up from sleep...
10-09 18:04:24.557    1752-1776/? W/KeyguardServiceDelegate﹕ onScreenTurnedOn(): no keyguard service!
10-09 18:04:24.717    1752-1801/? D/PowerManagerService-JNI﹕ Excessive delay in autosuspend_disable() while turning screen on: 162ms
10-09 18:04:24.717    1752-1801/? D/MinnowPowerHAL﹕ power_set_interactive: 1
10-09 18:04:24.717    1752-1801/? D/MinnowPowerHAL﹕ sysfs_write: /sys/devices/platform/omapdss/display0/interactivemode 1
10-09 18:04:24.757    1752-1801/? D/MinnowPowerHAL﹕ sysfs_write: /sys/devices/ocp.2/i2c.6/i2c-0/0-004a/interactivemode 1
10-09 18:04:24.757    1752-1801/? D/mot_vr_audio_hw﹕ dsp_set_pm_state = on
10-09 18:04:24.757  11763-11763/? D/ADSPD﹕ Client cmd=0x4002, size=2
10-09 18:04:24.757    1752-1801/? D/PowerManagerService-JNI﹕ Excessive delay in setInteractive(true) while turning screen on: 33ms
10-09 18:04:24.757  11763-11763/? D/ADSPD﹕ DSP_CMD_DAEMON_SET_PM_STATE : 1
10-09 18:04:24.757    1413-1413/? D/SurfaceFlinger﹕ Screen acquired, type=0 flinger=0xb8082448
10-09 18:04:24.757    1413-1413/? D/hwcomposer﹕ hwc_blank(0: 0)
10-09 18:04:24.757    1868-1868/? E/ClockworkHome﹕ Tried to exit ambient mode, but enterAmbientMode() was never called.
10-09 18:04:24.767    1415-1415/? D/mot_vr_audio_hw﹕ dsp_recognizer_enabled = true
10-09 18:04:24.767    1415-1525/? D/mot_vr_audio_hw﹕ open_input_stream(): devices = 0x80000004, rate = 8000, channels = 0x10
10-09 18:04:24.767    1415-1525/? D/mot_vr_audio_hw﹕ Created resampler for 16000->8000 Hz
10-09 18:04:24.777    1752-1778/? I/DisplayManagerService﹕ Display device changed: DisplayDeviceInfo{"Built-in Screen": 320 x 290, 45.000004 fps, density 213, 90.31111 x 136.40741 dpi, touch INTERNAL, rotation 0, type BUILT_IN, state ON, FLAG_DEFAULT_DISPLAY, FLAG_ROTATES_WITH_CONTENT, FLAG_SECURE, FLAG_SUPPORTS_PROTECTED_BUFFERS}
10-09 18:04:24.787  10924-10924/? V/WearActivity﹕ Resume!
10-09 18:04:24.787  10924-10924/? V/ClockFace﹕ clearing caches
10-09 18:04:24.787  10924-10924/? V/MyViewAnim﹕ resuming old animator!
10-09 18:04:24.797  10924-10924/? V/WearActivity﹕ display changed: 0, new state: 2
10-09 18:04:24.797  10924-10924/? I/ClockFace﹕ Ambient mode: false
10-09 18:04:24.797  10924-10924/? V/ClockFace﹕ clearing caches
10-09 18:04:24.807  10924-10924/? V/ClockFace﹕ rendering new face, faceMode(0)
10-09 18:04:24.807    1752-1752/? V/ActivityManager﹕ Display changed displayId=0
10-09 18:04:24.807    1752-1752/? W/InputMethodManagerService﹕ Ignoring setImeWindowStatus of uid 1000 token: null
10-09 18:04:24.827   1415-12017/? D/mot_vr_audio_hw﹕ in_read waiting for hotword
10-09 18:04:24.827  10924-10924/? V/ClockFace﹕ fetching new battery status (14686)
10-09 18:04:24.827  10924-10924/? V/ClockFace﹕ battery at 0.4
10-09 18:04:24.827  10924-10924/? V/ClockFace﹕ --> dot radius: 0.03
10-09 18:04:24.827  10924-10924/? V/ClockFace﹕ clearing caches
10-09 18:04:24.827  10924-10924/? V/MyViewAnim﹕ resuming old animator!
10-09 18:04:24.827  10924-10924/? V/WearActivity﹕ onDisplayChanged: on!
10-09 18:04:24.857  11763-11763/? E/ADSPD﹕ Timeout on select()
10-09 18:04:24.857  11763-11763/? E/ADSPD﹕ NO ACK received after loading firmware
10-09 18:04:24.857  11763-11763/? E/ADSPD﹕ Unknown ACK received 0x00
10-09 18:04:24.857  11763-11763/? D/ADSPD﹕ Client cmd=0x0003, size=4
10-09 18:04:24.867  11763-11763/? D/ADSPD﹕ Received from DSP: cmd=0x8003, size=2
10-09 18:04:24.867  11763-11763/? D/ADSPD﹕ Client cmd=0x4003, size=2
10-09 18:04:24.867   1415-11769/? D/mot_vr_audio_hw﹕ received recognition control callback, status 0
10-09 18:04:24.887    1752-1912/? D/SensorHAL﹕ adjustSensorHandle: handle = 9 adjustedHandle = 1
10-09 18:04:24.887    1752-1912/? D/SensorHAL﹕ adjustSensorHandle: handle = 9 adjustedHandle = 1
10-09 18:04:24.907    1752-1801/? D/SensorHAL﹕ adjustSensorHandle: handle = 9 adjustedHandle = 1
10-09 18:04:25.067  10924-10924/? V/ClockFace﹕ rendering new face, faceMode(0)
10-09 18:04:25.087  10924-10924/? V/ClockFace﹕ fetching new battery status (14687)
10-09 18:04:25.087  10924-10924/? V/ClockFace﹕ battery at 0.4
10-09 18:04:25.087  10924-10924/? V/ClockFace﹕ --> dot radius: 0.03
10-09 18:04:27.199    2069-2104/? W/bt-btif﹕ dm_pm_timer expires
10-09 18:04:27.199    2069-2104/? W/bt-btif﹕ dm_pm_timer expires 0
10-09 18:04:27.199    2069-2104/? W/bt-btif﹕ proc dm_pm_timer expires
10-09 18:04:29.802    1752-1801/? I/PowerManagerService﹕ Going to sleep due to screen timeout...
10-09 18:04:29.802    1752-1775/? I/DreamController﹕ Starting dream: name=ComponentInfo{com.google.android.wearable.app/com.google.android.clockwork.home.AmbientMode}, isTest=false, canDoze=true, userId=0
10-09 18:04:29.802    1752-1782/? I/PowerManagerService﹕ Dozing...
10-09 18:04:29.842    1752-1912/? I/ActivityManager﹕ START u0 {act=android.intent.action.MAIN cat=[android.intent.category.HOME] flg=0x10000000 cmp=com.google.android.wearable.app/com.google.android.clockwork.home.HomeActivity (has extras)} from pid 1868 on display 0
10-09 18:04:29.842    1752-1775/? I/DreamController﹕ Stopping dream: name=ComponentInfo{com.google.android.wearable.app/com.google.android.clockwork.home.AmbientMode}, isTest=false, canDoze=true, userId=0
10-09 18:04:29.852    1752-1782/? I/PowerManagerService﹕ Sleeping...
10-09 18:04:29.912    1868-1868/? I/AmbientMode﹕ Ambient mode started: canDoze=true, dozeHardware=null
10-09 18:04:29.922    1415-1525/? D/mot_vr_audio_hw﹕ dsp_recognizer_enabled = false
10-09 18:04:29.922  11763-11763/? D/ADSPD﹕ Client cmd=0x0003, size=4
10-09 18:04:29.922   1415-12017/? D/mot_vr_audio_hw﹕ Switching DSP to standby/passthrough mode
10-09 18:04:29.922   1415-12017/? D/mot_vr_audio_hw﹕ Input 0xb7903328 ready to read
10-09 18:04:29.932  11763-11763/? D/ADSPD﹕ Received from DSP: cmd=0x8003, size=2
10-09 18:04:29.932  11763-11763/? D/ADSPD﹕ Client cmd=0x0003, size=4
10-09 18:04:29.932   1415-11769/? D/mot_vr_audio_hw﹕ received recognition control callback, status 0
10-09 18:04:29.942  11763-11763/? D/ADSPD﹕ Received from DSP: cmd=0x8003, size=2
10-09 18:04:29.952   1415-11769/? D/mot_vr_audio_hw﹕ received recognition control callback, status 0
10-09 18:04:29.972   1415-12017/? W/mot_vr_audio_hw﹕ Discarded 10 buffers without finding audio data
10-09 18:04:29.982  11763-11763/? D/ADSPD﹕ Client cmd=0x0003, size=4
10-09 18:04:29.982   1415-12017/? D/mot_vr_audio_hw﹕ Re-arming DSP
10-09 18:04:29.982   1415-12017/? D/mot_vr_audio_hw﹕ Input 0xb7903328 standby complete
10-09 18:04:29.992    1415-2025/? D/mot_vr_audio_hw﹕ Input 0xb7903328 close complete
10-09 18:04:29.992  11763-11763/? D/ADSPD﹕ Received from DSP: cmd=0x8003, size=2
10-09 18:04:29.992  11763-11763/? D/ADSPD﹕ Client cmd=0x4003, size=2
10-09 18:04:29.992   1415-11769/? D/mot_vr_audio_hw﹕ received recognition control callback, status 0
10-09 18:04:30.012    1415-1415/? D/mot_vr_audio_hw﹕ dsp_recognizer_enabled = true
10-09 18:04:30.012  11763-11763/? D/ADSPD﹕ Client cmd=0x0003, size=4
10-09 18:04:30.012    1415-2025/? D/mot_vr_audio_hw﹕ open_input_stream(): devices = 0x80000004, rate = 8000, channels = 0x10
10-09 18:04:30.012    1415-2025/? D/mot_vr_audio_hw﹕ Created resampler for 16000->8000 Hz
10-09 18:04:30.022  11763-11763/? D/ADSPD﹕ Received from DSP: cmd=0x8003, size=2
10-09 18:04:30.022  11763-11763/? D/ADSPD﹕ Client cmd=0x4003, size=2
10-09 18:04:30.022   1415-11769/? D/mot_vr_audio_hw﹕ received recognition control callback, status 0
10-09 18:04:30.032    1868-1868/? I/AmbientMode﹕ Dream ended: isDozing=true
10-09 18:04:30.032   1415-12019/? D/mot_vr_audio_hw﹕ in_read waiting for hotword
10-09 18:04:30.302    1413-1413/? D/SurfaceFlinger﹕ Screen released, type=0 flinger=0xb8082448
10-09 18:04:30.462    1413-1413/? D/hwcomposer﹕ hwc_blank(0: 1)
10-09 18:04:30.462    1752-1856/? D/SurfaceControl﹕ Excessive delay in blankDisplay() while turning screen off: 160ms
10-09 18:04:30.462    1752-1778/? I/DisplayManagerService﹕ Display device changed: DisplayDeviceInfo{"Built-in Screen": 320 x 290, 45.000004 fps, density 213, 90.31111 x 136.40741 dpi, touch INTERNAL, rotation 0, type BUILT_IN, state OFF, FLAG_DEFAULT_DISPLAY, FLAG_ROTATES_WITH_CONTENT, FLAG_SECURE, FLAG_SUPPORTS_PROTECTED_BUFFERS}
10-09 18:04:30.462    1752-1752/? V/ActivityManager﹕ Display changed displayId=0
10-09 18:04:30.482  10924-10924/? V/WearActivity﹕ display changed: 0, new state: 1
10-09 18:04:30.482  10924-10924/? I/TimeWrapper﹕ FPS: 0.35337, samples: 2
10-09 18:04:30.482  10924-10924/? I/TimeWrapper﹕ Min/Avg/Max frame render speed (ms): 22.766111 / 26.565552 / 30.36499
10-09 18:04:30.482  10924-10924/? I/TimeWrapper﹕ Waketime: 0.938747%
10-09 18:04:30.482  10924-10924/? I/ClockFace﹕ Ambient mode: true
10-09 18:04:30.482  10924-10924/? V/ClockFace﹕ clearing caches
10-09 18:04:30.482  10924-10924/? V/MyViewAnim﹕ stopping animation!
10-09 18:04:30.482  10924-10924/? V/MyViewAnim﹕ no draw thread around to kill ?!
10-09 18:04:30.482  10924-10924/? V/WearActivity﹕ onDisplayChanged: off!
10-09 18:04:30.482    1752-1782/? D/MinnowPowerHAL﹕ power_set_interactive: 0
10-09 18:04:30.482    1752-1782/? D/MinnowPowerHAL﹕ sysfs_write: /sys/devices/platform/omapdss/display0/interactivemode 0
10-09 18:04:30.482    1752-1782/? D/MinnowPowerHAL﹕ sysfs_write: /sys/devices/ocp.2/i2c.6/i2c-0/0-004a/interactivemode 0
10-09 18:04:30.492    1752-1782/? D/mot_vr_audio_hw﹕ dsp_set_pm_state = off
10-09 18:04:30.492  11763-11763/? D/ADSPD﹕ Client cmd=0x4002, size=2
10-09 18:04:30.492  11763-11763/? D/ADSPD﹕ DSP_CMD_DAEMON_SET_PM_STATE : 0
10-09 18:04:30.492  11763-11763/? D/ADSPD﹕ DSP not turned off as still being used
10-09 18:04:30.492  10924-10924/? V/WearActivity﹕ Pause!
10-09 18:04:30.512  10924-10924/? V/WearActivity﹕ Stop!
10-09 18:04:30.512    1415-1525/? D/mot_vr_audio_hw﹕ dsp_recognizer_enabled = false
10-09 18:04:30.512  11763-11763/? D/ADSPD﹕ Client cmd=0x0003, size=4
10-09 18:04:30.522  11763-11763/? D/ADSPD﹕ Trying to send to dsp while in dsp in RESET
10-09 18:04:30.522   1415-12019/? W/mot_vr_audio_hw﹕ Not allowing wake() since DSP is disabled
10-09 18:04:30.522    1752-1752/? W/InputMethodManagerService﹕ Ignoring setImeWindowStatus of uid 1000 token: null
10-09 18:04:30.532   1415-12019/? W/mot_vr_audio_hw﹕ Not allowing wake() since DSP is disabled
10-09 18:04:30.542  11763-11763/? D/ADSPD﹕ Client cmd=0x4003, size=2
10-09 18:04:30.542  11763-11763/? D/ADSPD﹕ DSP no longer used, turned off here
10-09 18:04:30.552    1415-1415/? D/mot_vr_audio_hw﹕ Input 0xb7903328 close complete
10-09 18:04:30.572    1913-2022/? D/dalvikvm﹕ GC_FOR_ALLOC freed 200K, 28% free 2184K/3028K, paused 25ms, total 26ms
10-09 18:04:32.664    2069-2104/? W/bt-btif﹕ dm_pm_timer expires
10-09 18:04:32.664    2069-2104/? W/bt-btif﹕ dm_pm_timer expires 0
10-09 18:04:32.664    2069-2104/? W/bt-btif﹕ proc dm_pm_timer expires
10-09 18:05:21.699    1752-1795/? D/ConnectivityService﹕ Sampling interval elapsed, updating statistics ..
10-09 18:05:21.699    1752-1795/? D/ConnectivityService﹕ Done.
10-09 18:05:21.699    1752-1795/? D/ConnectivityService﹕ Setting timer for 720seconds
10-09 18:05:56.366    1752-1769/? D/SensorHALGestureSensor﹕ Gesture event received! time = 1412895956371841573
10-09 18:05:56.366    1752-1801/? I/PowerManagerService﹕ Waking up from sleep...
10-09 18:05:56.526    1752-1801/? D/PowerManagerService-JNI﹕ Excessive delay in autosuspend_disable() while turning screen on: 157ms
10-09 18:05:56.526    1752-1801/? D/MinnowPowerHAL﹕ power_set_interactive: 1
10-09 18:05:56.526    1752-1801/? D/MinnowPowerHAL﹕ sysfs_write: /sys/devices/platform/omapdss/display0/interactivemode 1
10-09 18:05:56.526    1752-1801/? D/MinnowPowerHAL﹕ sysfs_write: /sys/devices/ocp.2/i2c.6/i2c-0/0-004a/interactivemode 1
10-09 18:05:56.526    1752-1801/? D/mot_vr_audio_hw﹕ dsp_set_pm_state = on
10-09 18:05:56.526  11763-11763/? D/ADSPD﹕ Client cmd=0x4002, size=2
10-09 18:05:56.536  11763-11763/? D/ADSPD﹕ DSP_CMD_DAEMON_SET_PM_STATE : 1
10-09 18:05:56.536    1752-1776/? W/KeyguardServiceDelegate﹕ onScreenTurnedOn(): no keyguard service!
10-09 18:05:56.546    1413-1413/? D/SurfaceFlinger﹕ Screen acquired, type=0 flinger=0xb8082448
10-09 18:05:56.556    1413-1413/? D/hwcomposer﹕ hwc_blank(0: 0)
10-09 18:05:56.556    1752-1778/? I/DisplayManagerService﹕ Display device changed: DisplayDeviceInfo{"Built-in Screen": 320 x 290, 45.000004 fps, density 213, 90.31111 x 136.40741 dpi, touch INTERNAL, rotation 0, type BUILT_IN, state ON, FLAG_DEFAULT_DISPLAY, FLAG_ROTATES_WITH_CONTENT, FLAG_SECURE, FLAG_SUPPORTS_PROTECTED_BUFFERS}
10-09 18:05:56.567  10924-10924/? V/WearActivity﹕ display changed: 0, new state: 2
10-09 18:05:56.567  10924-10924/? I/ClockFace﹕ Ambient mode: false
10-09 18:05:56.567  10924-10924/? V/ClockFace﹕ clearing caches
10-09 18:05:56.567  10924-10924/? E/MyViewAnim﹕ no surface holder, can't draw anything
10-09 18:05:56.567  10924-10924/? V/ClockFace﹕ clearing caches
10-09 18:05:56.567  10924-10924/? V/MyViewAnim﹕ resuming old animator!
10-09 18:05:56.567  10924-10924/? V/WearActivity﹕ onDisplayChanged: on!
10-09 18:05:56.577    1752-1752/? V/ActivityManager﹕ Display changed displayId=0
10-09 18:05:56.577    1752-1752/? W/InputMethodManagerService﹕ Ignoring setImeWindowStatus of uid 1000 token: null
10-09 18:05:56.587  10924-10924/? V/WearActivity﹕ Resume!
10-09 18:05:56.587  10924-10924/? V/ClockFace﹕ clearing caches
10-09 18:05:56.587  10924-10924/? V/MyViewAnim﹕ resuming old animator!
10-09 18:05:56.617    1868-1868/? E/ClockworkHome﹕ Tried to exit ambient mode, but enterAmbientMode() was never called.
10-09 18:05:56.617    1415-1415/? D/mot_vr_audio_hw﹕ dsp_recognizer_enabled = true
10-09 18:05:56.617    1415-2801/? D/mot_vr_audio_hw﹕ open_input_stream(): devices = 0x80000004, rate = 8000, channels = 0x10
10-09 18:05:56.617    1415-2801/? D/mot_vr_audio_hw﹕ Created resampler for 16000->8000 Hz
10-09 18:05:56.637   1415-12021/? D/mot_vr_audio_hw﹕ in_read waiting for hotword
10-09 18:05:56.647  11763-11763/? E/ADSPD﹕ Timeout on select()
10-09 18:05:56.647  11763-11763/? E/ADSPD﹕ NO ACK received after loading firmware
10-09 18:05:56.647  11763-11763/? E/ADSPD﹕ Unknown ACK received 0x00
10-09 18:05:56.647  11763-11763/? D/ADSPD﹕ Client cmd=0x0003, size=4
10-09 18:05:56.657  11763-11763/? D/ADSPD﹕ Received from DSP: cmd=0x8003, size=2
10-09 18:05:56.657  11763-11763/? D/ADSPD﹕ Client cmd=0x4003, size=2
10-09 18:05:56.657   1415-11769/? D/mot_vr_audio_hw﹕ received recognition control callback, status 0
10-09 18:05:56.677    1752-2702/? D/SensorHAL﹕ adjustSensorHandle: handle = 9 adjustedHandle = 1
10-09 18:05:56.677    1752-2702/? D/SensorHAL﹕ adjustSensorHandle: handle = 9 adjustedHandle = 1
10-09 18:05:56.697    1752-3165/? D/SensorHAL﹕ adjustSensorHandle: handle = 9 adjustedHandle = 1
10-09 18:05:59.189    2069-2104/? W/bt-btif﹕ dm_pm_timer expires
10-09 18:05:59.189    2069-2104/? W/bt-btif﹕ dm_pm_timer expires 0
10-09 18:05:59.189    2069-2104/? W/bt-btif﹕ proc dm_pm_timer expires
10-09 18:06:00.020  10924-10924/? V/ClockFace﹕ rendering new face, faceMode(0)
10-09 18:06:00.030  10924-10924/? V/ClockFace﹕ fetching new battery status (14689)
10-09 18:06:00.030  10924-10924/? V/ClockFace﹕ battery at 0.4
10-09 18:06:00.030  10924-10924/? V/ClockFace﹕ --> dot radius: 0.03
10-09 18:06:01.541    1752-1763/? I/PowerManagerService﹕ Going to sleep due to screen timeout...
10-09 18:06:01.551    1752-1782/? I/PowerManagerService﹕ Dozing...
10-09 18:06:01.551    1752-1775/? I/DreamController﹕ Starting dream: name=ComponentInfo{com.google.android.wearable.app/com.google.android.clockwork.home.AmbientMode}, isTest=false, canDoze=true, userId=0
10-09 18:06:01.601    1752-1912/? I/ActivityManager﹕ START u0 {act=android.intent.action.MAIN cat=[android.intent.category.HOME] flg=0x10000000 cmp=com.google.android.wearable.app/com.google.android.clockwork.home.HomeActivity (has extras)} from pid 1868 on display 0
10-09 18:06:01.601    1752-1775/? I/DreamController﹕ Stopping dream: name=ComponentInfo{com.google.android.wearable.app/com.google.android.clockwork.home.AmbientMode}, isTest=false, canDoze=true, userId=0
10-09 18:06:01.611    1752-1782/? I/PowerManagerService﹕ Sleeping...
10-09 18:06:01.671    1868-1868/? I/AmbientMode﹕ Ambient mode started: canDoze=true, dozeHardware=null
10-09 18:06:01.671    1415-1415/? D/mot_vr_audio_hw﹕ dsp_recognizer_enabled = false
10-09 18:06:01.671  11763-11763/? D/ADSPD﹕ Client cmd=0x0003, size=4
10-09 18:06:01.671   1415-12021/? D/mot_vr_audio_hw﹕ Switching DSP to standby/passthrough mode
10-09 18:06:01.671   1415-12021/? D/mot_vr_audio_hw﹕ Input 0xb7903328 ready to read
10-09 18:06:01.692  11763-11763/? D/ADSPD﹕ Received from DSP: cmd=0x8003, size=2
10-09 18:06:01.692  11763-11763/? D/ADSPD﹕ Client cmd=0x0003, size=4
10-09 18:06:01.692   1415-11769/? D/mot_vr_audio_hw﹕ received recognition control callback, status 0
10-09 18:06:01.702  11763-11763/? D/ADSPD﹕ Received from DSP: cmd=0x8003, size=2
10-09 18:06:01.702   1415-11769/? D/mot_vr_audio_hw﹕ received recognition control callback, status 0
10-09 18:06:01.732   1415-12021/? W/mot_vr_audio_hw﹕ Discarded 10 buffers without finding audio data
10-09 18:06:01.732  11763-11763/? D/ADSPD﹕ Client cmd=0x0003, size=4
10-09 18:06:01.742   1415-12021/? D/mot_vr_audio_hw﹕ Re-arming DSP
10-09 18:06:01.742   1415-12021/? D/mot_vr_audio_hw﹕ Input 0xb7903328 standby complete
10-09 18:06:01.752  11763-11763/? D/ADSPD﹕ Received from DSP: cmd=0x8003, size=2
10-09 18:06:01.752   1415-11769/? D/mot_vr_audio_hw﹕ received recognition control callback, status 0
10-09 18:06:01.752  11763-11763/? D/ADSPD﹕ Client cmd=0x4003, size=2
10-09 18:06:01.752    1415-1525/? D/mot_vr_audio_hw﹕ Input 0xb7903328 close complete
10-09 18:06:01.762    1415-2025/? D/mot_vr_audio_hw﹕ dsp_recognizer_enabled = true
10-09 18:06:01.762  11763-11763/? D/ADSPD﹕ Client cmd=0x0003, size=4
10-09 18:06:01.762    1415-1415/? D/mot_vr_audio_hw﹕ open_input_stream(): devices = 0x80000004, rate = 8000, channels = 0x10
10-09 18:06:01.762    1415-1415/? D/mot_vr_audio_hw﹕ Created resampler for 16000->8000 Hz
10-09 18:06:01.772  11763-11763/? D/ADSPD﹕ Received from DSP: cmd=0x8003, size=2
10-09 18:06:01.772  11763-11763/? D/ADSPD﹕ Client cmd=0x4003, size=2
10-09 18:06:01.772   1415-11769/? D/mot_vr_audio_hw﹕ received recognition control callback, status 0
10-09 18:06:01.792   1415-12023/? D/mot_vr_audio_hw﹕ in_read waiting for hotword
10-09 18:06:01.792    1868-1868/? I/AmbientMode﹕ Dream ended: isDozing=true
10-09 18:06:02.072    1413-1413/? D/SurfaceFlinger﹕ Screen released, type=0 flinger=0xb8082448
10-09 18:06:02.212    1413-1413/? D/hwcomposer﹕ hwc_blank(0: 1)
10-09 18:06:02.212    1752-1856/? D/SurfaceControl﹕ Excessive delay in blankDisplay() while turning screen off: 133ms
10-09 18:06:02.212    1752-1778/? I/DisplayManagerService﹕ Display device changed: DisplayDeviceInfo{"Built-in Screen": 320 x 290, 45.000004 fps, density 213, 90.31111 x 136.40741 dpi, touch INTERNAL, rotation 0, type BUILT_IN, state OFF, FLAG_DEFAULT_DISPLAY, FLAG_ROTATES_WITH_CONTENT, FLAG_SECURE, FLAG_SUPPORTS_PROTECTED_BUFFERS}
10-09 18:06:02.212    1752-1752/? V/ActivityManager﹕ Display changed displayId=0
10-09 18:06:02.222  10924-10924/? V/WearActivity﹕ display changed: 0, new state: 1
10-09 18:06:02.222  10924-10924/? I/TimeWrapper﹕ FPS: 0.45393214, samples: 1
10-09 18:06:02.222  10924-10924/? I/TimeWrapper﹕ Min/Avg/Max frame render speed (ms): 10.772705 / 10.772705 / 10.772705
10-09 18:06:02.222  10924-10924/? I/TimeWrapper﹕ Waketime: 0.4890077%
10-09 18:06:02.222  10924-10924/? I/ClockFace﹕ Ambient mode: true
10-09 18:06:02.222  10924-10924/? V/ClockFace﹕ clearing caches
10-09 18:06:02.222  10924-10924/? V/MyViewAnim﹕ stopping animation!
10-09 18:06:02.222  10924-10924/? V/MyViewAnim﹕ no draw thread around to kill ?!
10-09 18:06:02.222  10924-10924/? V/WearActivity﹕ onDisplayChanged: off!
10-09 18:06:02.232    1752-1782/? D/MinnowPowerHAL﹕ power_set_interactive: 0
10-09 18:06:02.232    1752-1782/? D/MinnowPowerHAL﹕ sysfs_write: /sys/devices/platform/omapdss/display0/interactivemode 0
10-09 18:06:02.232    1752-1782/? D/MinnowPowerHAL﹕ sysfs_write: /sys/devices/ocp.2/i2c.6/i2c-0/0-004a/interactivemode 0
10-09 18:06:02.232    1752-1782/? D/mot_vr_audio_hw﹕ dsp_set_pm_state = off
10-09 18:06:02.232  11763-11763/? D/ADSPD﹕ Client cmd=0x4002, size=2
10-09 18:06:02.232  11763-11763/? D/ADSPD﹕ DSP_CMD_DAEMON_SET_PM_STATE : 0
10-09 18:06:02.232  11763-11763/? D/ADSPD﹕ DSP not turned off as still being used
10-09 18:06:02.232  10924-10924/? V/WearActivity﹕ Pause!
10-09 18:06:02.242  10924-10924/? V/WearActivity﹕ Stop!
10-09 18:06:02.252    1415-1525/? D/mot_vr_audio_hw﹕ dsp_recognizer_enabled = false
10-09 18:06:02.252  11763-11763/? D/ADSPD﹕ Client cmd=0x0003, size=4
10-09 18:06:02.252  11763-11763/? D/ADSPD﹕ Trying to send to dsp while in dsp in RESET
10-09 18:06:02.252   1415-12023/? W/mot_vr_audio_hw﹕ Not allowing wake() since DSP is disabled
10-09 18:06:02.252    1752-1752/? W/InputMethodManagerService﹕ Ignoring setImeWindowStatus of uid 1000 token: null
10-09 18:06:02.262   1415-12023/? W/mot_vr_audio_hw﹕ Not allowing wake() since DSP is disabled
10-09 18:06:02.282  11763-11763/? D/ADSPD﹕ Client cmd=0x4003, size=2
10-09 18:06:02.282  11763-11763/? D/ADSPD﹕ DSP no longer used, turned off here
10-09 18:06:02.282    1415-2025/? D/mot_vr_audio_hw﹕ Input 0xb7903328 close complete
10-09 18:06:04.694    2069-2104/? W/bt-btif﹕ dm_pm_timer expires
10-09 18:06:04.694    2069-2104/? W/bt-btif﹕ dm_pm_timer expires 0
10-09 18:06:04.694    2069-2104/? W/bt-btif﹕ proc dm_pm_timer expires
10-09 18:06:13.304    1868-2015/? I/Clockwork.Settings﹕ time sync timezone: America/Chicago
10-09 18:06:13.304    1752-2702/? D/﹕ Setting time of day to sec=1412895973
10-09 18:06:13.738   1965-12025/? I/Clockwork.TimeService﹕ set timezone to America/Chicago
10-09 18:06:13.738    1752-3165/? D/AlarmManagerService﹕ Kernel timezone updated to 300 minutes west of GMT
10-09 18:06:13.778    1868-2015/? I/Clockwork.Settings﹕ time sync timezone: America/Chicago
10-09 18:06:13.769   1965-12027/? I/Clockwork.TimeService﹕ set timezone to America/Chicago
10-09 18:06:13.769    1752-1763/? D/AlarmManagerService﹕ Kernel timezone updated to 300 minutes west of GMT
10-09 18:06:13.788    1752-1912/? D/﹕ Setting time of day to sec=1412895973
10-09 18:06:13.819   1883-12026/? I/CheckinService﹕ active receiver: disabled
10-09 18:06:13.819   1883-12028/? I/CheckinService﹕ active receiver: disabled
10-09 18:06:13.859    1900-1900/? D/GCM﹕ GcmService start Intent { act=com.google.android.checkin.CHECKIN_COMPLETE flg=0x10 cmp=com.google.android.gms/.gcm.GcmService (has extras) } com.google.android.checkin.CHECKIN_COMPLETE
10-09 18:06:13.859    1752-2702/? I/ActivityManager﹕ Delay finish: com.google.android.gms/.gcm.ServiceAutoStarter
10-09 18:06:13.859    1752-3165/? I/ActivityManager﹕ Resuming delayed broadcast
10-09 18:06:15.760    2069-2104/? W/bt-btif﹕ dm_pm_timer expires
10-09 18:06:15.760    2069-2104/? W/bt-btif﹕ dm_pm_timer expires 0
10-09 18:06:15.760    2069-2104/? W/bt-btif﹕ proc dm_pm_timer expires
10-09 18:08:32.862    2152-2154/? D/dalvikvm﹕ GC_CONCURRENT freed 390K, 23% free 2010K/2600K, paused 2ms+7ms, total 25ms
10-09 18:09:22.442    1752-1753/? D/dalvikvm﹕ GC_CONCURRENT freed 780K, 32% free 5174K/7512K, paused 3ms+5ms, total 50ms
10-09 18:15:20.618    1752-1785/? I/PowerManagerService﹕ Waking up from sleep...
10-09 18:15:20.618    1752-1776/? W/KeyguardServiceDelegate﹕ onScreenTurnedOn(): no keyguard service!
10-09 18:15:20.778    1752-1785/? D/PowerManagerService-JNI﹕ Excessive delay in autosuspend_disable() while turning screen on: 163ms
10-09 18:15:20.778    1752-1785/? D/MinnowPowerHAL﹕ power_set_interactive: 1
10-09 18:15:20.778    1752-1785/? D/MinnowPowerHAL﹕ sysfs_write: /sys/devices/platform/omapdss/display0/interactivemode 1
10-09 18:15:20.818    1752-1785/? D/MinnowPowerHAL﹕ sysfs_write: /sys/devices/ocp.2/i2c.6/i2c-0/0-004a/interactivemode 1
10-09 18:15:20.818    1752-1785/? D/mot_vr_audio_hw﹕ dsp_set_pm_state = on
10-09 18:15:20.818  11763-11763/? D/ADSPD﹕ Client cmd=0x4002, size=2
10-09 18:15:20.818  11763-11763/? D/ADSPD﹕ DSP_CMD_DAEMON_SET_PM_STATE : 1
10-09 18:15:20.818    1752-1785/? D/PowerManagerService-JNI﹕ Excessive delay in setInteractive(true) while turning screen on: 33ms
10-09 18:15:20.828    1868-1868/? E/ClockworkHome﹕ Tried to exit ambient mode, but enterAmbientMode() was never called.
10-09 18:15:20.828    1413-1413/? D/SurfaceFlinger﹕ Screen acquired, type=0 flinger=0xb8082448
10-09 18:15:20.828    1413-1413/? D/hwcomposer﹕ hwc_blank(0: 0)
10-09 18:15:20.838    1415-2801/? D/mot_vr_audio_hw﹕ dsp_recognizer_enabled = true
10-09 18:15:20.838    1415-1525/? D/mot_vr_audio_hw﹕ open_input_stream(): devices = 0x80000004, rate = 8000, channels = 0x10
10-09 18:15:20.838    1415-1525/? D/mot_vr_audio_hw﹕ Created resampler for 16000->8000 Hz
10-09 18:15:20.858  10924-10924/? V/WearActivity﹕ Resume!
10-09 18:15:20.858  10924-10924/? V/ClockFace﹕ clearing caches
10-09 18:15:20.858  10924-10924/? V/MyViewAnim﹕ resuming old animator!
10-09 18:15:20.858  10924-10924/? V/ClockFace﹕ rendering new face, faceMode(0)
10-09 18:15:20.858    1752-1778/? I/DisplayManagerService﹕ Display device changed: DisplayDeviceInfo{"Built-in Screen": 320 x 290, 45.000004 fps, density 213, 90.31111 x 136.40741 dpi, touch INTERNAL, rotation 0, type BUILT_IN, state ON, FLAG_DEFAULT_DISPLAY, FLAG_ROTATES_WITH_CONTENT, FLAG_SECURE, FLAG_SUPPORTS_PROTECTED_BUFFERS}
10-09 18:15:20.868    1752-1752/? W/InputMethodManagerService﹕ Ignoring setImeWindowStatus of uid 1000 token: null
10-09 18:15:20.898    1752-1752/? V/ActivityManager﹕ Display changed displayId=0
10-09 18:15:20.908   1415-12029/? D/mot_vr_audio_hw﹕ in_read waiting for hotword
10-09 18:15:20.918  11763-11763/? E/ADSPD﹕ Timeout on select()
10-09 18:15:20.918  11763-11763/? E/ADSPD﹕ NO ACK received after loading firmware
10-09 18:15:20.918  11763-11763/? E/ADSPD﹕ Unknown ACK received 0x00
10-09 18:15:20.918  11763-11763/? D/ADSPD﹕ Client cmd=0x0003, size=4
10-09 18:15:20.928  10924-10924/? V/WearActivity﹕ display changed: 0, new state: 2
10-09 18:15:20.928  10924-10924/? I/ClockFace﹕ Ambient mode: false
10-09 18:15:20.928  10924-10924/? V/ClockFace﹕ clearing caches
10-09 18:15:20.928  11763-11763/? D/ADSPD﹕ Received from DSP: cmd=0x8003, size=2
10-09 18:15:20.928  11763-11763/? D/ADSPD﹕ Client cmd=0x4003, size=2
10-09 18:15:20.928   1415-11769/? D/mot_vr_audio_hw﹕ received recognition control callback, status 0
10-09 18:15:20.948    1752-1856/? D/LightsService﹕ Excessive delay setting light: 60ms
10-09 18:15:20.948  10924-10924/? V/ClockFace﹕ rendering new face, faceMode(0)
10-09 18:15:20.968  10924-10924/? V/ClockFace﹕ fetching new battery status (14692)
10-09 18:15:20.968  10924-10924/? V/ClockFace﹕ battery at 0.4
10-09 18:15:20.968  10924-10924/? V/ClockFace﹕ --> dot radius: 0.03
10-09 18:15:20.968  10924-10924/? V/ClockFace﹕ clearing caches
10-09 18:15:20.968  10924-10924/? V/MyViewAnim﹕ resuming old animator!
10-09 18:15:20.968  10924-10924/? V/WearActivity﹕ onDisplayChanged: on!
10-09 18:15:20.968    1752-8718/? D/SensorHAL﹕ adjustSensorHandle: handle = 9 adjustedHandle = 1
10-09 18:15:20.968    1752-8718/? D/SensorHAL﹕ adjustSensorHandle: handle = 9 adjustedHandle = 1
10-09 18:15:20.988    1752-2702/? D/SensorHAL﹕ adjustSensorHandle: handle = 9 adjustedHandle = 1
