10-20 20:14:18.353   1913-16864/? D/DataItems﹕ inserted data item row 732 for DataItemRecord[com.google.android.wearable.app,a197f9212f2fed64f0ff9c2a4edf24b9c8801c8c,DataItemInternal[a5ab7425, dataSz=349, host=e12e6647-0917-4594-a0b8-f42d78390f6d, path=/calendar/cal/3179/1413849600000, numAssets=0],e12e6647-0917-4594-a0b8-f42d78390f6d,seqId=4464,assetsAreReady=false]
10-20 20:14:18.383  18076-18088/? V/WearReceiverService﹕ message received!
10-20 20:14:18.383  18076-18088/? V/ClockFace﹕ clearing caches
10-20 20:14:18.383  18076-18088/? V/ClockState﹕ clipping 11 raw events to fit the screen
10-20 20:14:18.393  18076-18088/? V/EventLayoutUniform﹕ Event layout success.
10-20 20:14:18.393  18076-18088/? V/EventLayoutUniform﹕ Event layout time: 7.690429 ms
10-20 20:14:18.393  18076-18088/? V/ClockState﹕ maxLevel for new events: 10000
10-20 20:14:18.393  18076-18088/? V/ClockState﹕ number of new events: 1
10-20 20:14:18.393  18076-18088/? V/ClockFace﹕ clearing caches
10-20 20:14:18.393  18076-18088/? V/ClockFace﹕ clearing caches
10-20 20:14:18.393  18076-18088/? V/ClockState﹕ new calendar event list, 11 entries
10-20 20:14:18.393  18076-18088/? V/ClockFace﹕ clearing caches
10-20 20:14:18.393  18076-18088/? V/ClockFace﹕ clearing caches
10-20 20:14:18.393  18076-18088/? V/ClockFace﹕ clearing caches
10-20 20:14:18.393  18076-18088/? V/ClockState﹕ event update complete
10-20 20:14:18.393  18076-18088/? V/WearReceiverService﹕ savePreferences
10-20 20:14:18.393   1913-16864/? V/wearable﹕ ensureBuffersHaveSpace: increasing size from 2495 to 3090
10-20 20:14:18.423  18076-18078/? D/dalvikvm﹕ GC_CONCURRENT freed 368K, 21% free 2421K/3036K, paused 2ms+3ms, total 26ms
10-20 20:14:18.463   1913-16864/? D/DataItems﹕ marked dataitem assets ready, dataitem 569
10-20 20:14:18.463   1913-16864/? D/DataItems﹕ marked dataitem assets ready, dataitem 578
10-20 20:14:18.463   1913-16864/? D/DataItems﹕ marked dataitem assets ready, dataitem 579
10-20 20:14:18.543    1913-1916/? D/dalvikvm﹕ GC_CONCURRENT freed 319K, 24% free 2293K/3008K, paused 3ms+1ms, total 29ms
10-20 20:14:18.563    1866-2029/? I/Clockwork.Settings﹕ time sync timezone: America/Chicago
10-20 20:14:18.563    1750-1925/? D/﹕ Setting time of day to sec=1413854059
10-20 20:14:19.211   1966-18867/? I/Clockwork.TimeService﹕ set timezone to America/Chicago
10-20 20:14:19.211    1750-8727/? D/AlarmManagerService﹕ Kernel timezone updated to 300 minutes west of GMT
10-20 20:14:19.261    1883-2174/? I/EventLogService﹕ Aggregate from 1413853207578 (log), 1413852118782 (data)
10-20 20:14:19.281   1883-18868/? I/CheckinService﹕ active receiver: disabled
10-20 20:14:19.291    1750-1760/? I/ActivityManager﹕ Delay finish: com.google.android.gsf/.settings.GoogleLocationSettings$LocationSettingsChangedListener
10-20 20:14:19.381  18016-18018/? D/dalvikvm﹕ GC_CONCURRENT freed 734K, 34% free 2122K/3176K, paused 2ms+5ms, total 21ms
10-20 20:14:19.441    1883-2174/? I/ServiceDumpSys﹕ dumping service [account]
10-20 20:14:19.471    1750-1925/? I/ActivityManager﹕ Resuming delayed broadcast
10-20 20:14:19.481    1901-1901/? D/GCM﹕ GcmService start Intent { act=com.google.android.checkin.CHECKIN_COMPLETE flg=0x10 cmp=com.google.android.gms/.gcm.GcmService (has extras) } com.google.android.checkin.CHECKIN_COMPLETE
10-20 20:14:19.481    1750-3242/? I/ActivityManager﹕ Delay finish: com.google.android.gms/.gcm.ServiceAutoStarter
10-20 20:14:19.481    1750-1761/? I/ActivityManager﹕ Resuming delayed broadcast
10-20 20:14:19.501  18016-18018/? D/dalvikvm﹕ GC_CONCURRENT freed 186K, 27% free 2329K/3176K, paused 2ms+3ms, total 50ms
10-20 20:14:19.581  18016-18018/? D/dalvikvm﹕ GC_CONCURRENT freed 195K, 21% free 2527K/3176K, paused 2ms+3ms, total 19ms
10-20 20:14:19.631  18016-18018/? D/dalvikvm﹕ GC_CONCURRENT freed 384K, 21% free 2547K/3188K, paused 2ms+3ms, total 20ms
10-20 20:14:19.681  18016-18018/? D/dalvikvm﹕ GC_CONCURRENT freed 400K, 21% free 2549K/3212K, paused 2ms+2ms, total 19ms
10-20 20:14:19.741  18016-18018/? D/dalvikvm﹕ GC_CONCURRENT freed 384K, 21% free 2566K/3212K, paused 3ms+3ms, total 20ms
10-20 20:14:19.781  18016-18018/? D/dalvikvm﹕ GC_CONCURRENT freed 401K, 21% free 2566K/3212K, paused 2ms+2ms, total 19ms
10-20 20:14:19.831  18016-18018/? D/dalvikvm﹕ GC_CONCURRENT freed 385K, 20% free 2584K/3212K, paused 3ms+3ms, total 20ms
10-20 20:14:19.991  18016-18018/? D/dalvikvm﹕ GC_CONCURRENT freed 390K, 20% free 2604K/3224K, paused 2ms+5ms, total 21ms
10-20 20:14:20.031  18016-18018/? D/dalvikvm﹕ GC_CONCURRENT freed 404K, 20% free 2609K/3248K, paused 3ms+3ms, total 20ms
10-20 20:14:20.081  18016-18018/? D/dalvikvm﹕ GC_CONCURRENT freed 409K, 20% free 2610K/3248K, paused 2ms+2ms, total 19ms
10-20 20:14:20.131  18016-18018/? D/dalvikvm﹕ GC_CONCURRENT freed 401K, 20% free 2611K/3248K, paused 3ms+3ms, total 21ms
10-20 20:14:20.131    1750-1767/? D/SensorHALGestureSensor﹕ Gesture event received! time = 1413854060136872802
10-20 20:14:20.131    1750-1760/? I/PowerManagerService﹕ Waking up from sleep...
10-20 20:14:20.131    1750-1774/? W/KeyguardServiceDelegate﹕ onScreenTurnedOn(): no keyguard service!
10-20 20:14:20.141    1750-1760/? D/MinnowPowerHAL﹕ power_set_interactive: 1
10-20 20:14:20.141    1750-1760/? D/MinnowPowerHAL﹕ sysfs_write: /sys/devices/platform/omapdss/display0/interactivemode 1
10-20 20:14:20.221    1750-1760/? D/MinnowPowerHAL﹕ sysfs_write: /sys/devices/ocp.2/i2c.6/i2c-0/0-004a/interactivemode 1
10-20 20:14:20.221    1750-1760/? D/mot_vr_audio_hw﹕ dsp_set_pm_state = on
10-20 20:14:20.221  18278-18278/? D/ADSPD﹕ Client cmd=0x4002, size=2
10-20 20:14:20.221  18278-18278/? D/ADSPD﹕ DSP_CMD_DAEMON_SET_PM_STATE : 1
10-20 20:14:20.221    1750-1760/? D/PowerManagerService-JNI﹕ Excessive delay in setInteractive(true) while turning screen on: 81ms
10-20 20:14:20.231    1866-1866/? E/ClockworkHome﹕ Tried to exit ambient mode, but enterAmbientMode() was never called.
10-20 20:14:20.231  18076-18076/? V/WearActivity﹕ Resume!
10-20 20:14:20.231  18076-18076/? V/MyViewAnim﹕ resume
10-20 20:14:20.231  18076-18076/? V/ClockFace﹕ clearing caches
10-20 20:14:20.231  18076-18076/? V/MyViewAnim﹕ new animator starting
10-20 20:14:20.231  18076-18076/? V/MyViewAnim﹕ Time listener is up!
10-20 20:14:20.231  18076-18076/? V/MyViewAnim﹕ starting draw thread from scratch
10-20 20:14:20.242    1417-3048/? D/mot_vr_audio_hw﹕ dsp_recognizer_enabled = true
10-20 20:14:20.242    1417-1897/? D/mot_vr_audio_hw﹕ open_input_stream(): devices = 0x80000004, rate = 8000, channels = 0x10
10-20 20:14:20.242    1417-1897/? D/mot_vr_audio_hw﹕ Created resampler for 16000->8000 Hz
10-20 20:14:20.242    1415-1415/? D/SurfaceFlinger﹕ Screen acquired, type=0 flinger=0xb7463448
10-20 20:14:20.252    1750-1750/? W/InputMethodManagerService﹕ Ignoring setImeWindowStatus of uid 1000 token: null
10-20 20:14:20.262  18076-18076/? V/WearActivity﹕ initializing second-scale alarm
10-20 20:14:20.262    1415-1415/? D/hwcomposer﹕ hwc_blank(0: 0)
10-20 20:14:20.282    1750-1776/? I/DisplayManagerService﹕ Display device changed: DisplayDeviceInfo{"Built-in Screen": 320 x 290, 45.000004 fps, density 213, 90.31111 x 136.40741 dpi, touch INTERNAL, rotation 0, type BUILT_IN, state ON, FLAG_DEFAULT_DISPLAY, FLAG_ROTATES_WITH_CONTENT, FLAG_SECURE, FLAG_SUPPORTS_PROTECTED_BUFFERS}
10-20 20:14:20.302  18076-18076/? V/WearActivity﹕ display changed: 0, new state: 2
10-20 20:14:20.302  18076-18076/? I/ClockFace﹕ Ambient mode: false
10-20 20:14:20.302  18076-18076/? V/MyViewAnim﹕ resume
10-20 20:14:20.302  18076-18076/? V/ClockFace﹕ clearing caches
10-20 20:14:20.302  18076-18076/? V/MyViewAnim﹕ new animator starting
10-20 20:14:20.302  18076-18076/? V/MyViewAnim﹕ Time listener is up!
10-20 20:14:20.302  18076-18076/? V/MyViewAnim﹕ starting draw thread from scratch
10-20 20:14:20.302   1417-18870/? D/mot_vr_audio_hw﹕ in_read waiting for hotword
10-20 20:14:20.312  18076-18076/? V/WearActivity﹕ onDisplayChanged: on!
10-20 20:14:20.312  18278-18278/? D/ADSPD﹕ ACK success!
10-20 20:14:20.312  18278-18278/? D/ADSPD﹕ Client cmd=0x0003, size=4
10-20 20:14:20.322  18076-18076/? V/WearActivity﹕ display changed: 0, new state: 2
10-20 20:14:20.322  18076-18076/? I/ClockFace﹕ Ambient mode: false
10-20 20:14:20.322  18076-18076/? V/MyViewAnim﹕ resume
10-20 20:14:20.322  18076-18076/? V/ClockFace﹕ clearing caches
10-20 20:14:20.322  18076-18076/? V/MyViewAnim﹕ new animator starting
10-20 20:14:20.322  18076-18076/? V/MyViewAnim﹕ Time listener is up!
10-20 20:14:20.322  18076-18076/? V/MyViewAnim﹕ starting draw thread from scratch
10-20 20:14:20.322    1750-1750/? V/ActivityManager﹕ Display changed displayId=0
10-20 20:14:20.332  18278-18278/? D/ADSPD﹕ Received from DSP: cmd=0x8003, size=2
10-20 20:14:20.332  18278-18278/? D/ADSPD﹕ Client cmd=0x4003, size=2
10-20 20:14:20.332   1417-18281/? D/mot_vr_audio_hw﹕ received recognition control callback, status 0
10-20 20:14:20.332  18076-18869/? V/ClockFace﹕ rendering new face, faceMode(0)
10-20 20:14:20.332  18076-18076/? V/WearActivity﹕ onDisplayChanged: on!
10-20 20:14:20.332  18076-18076/? V/WearActivity﹕ display changed: 0, new state: 2
10-20 20:14:20.332  18076-18076/? I/ClockFace﹕ Ambient mode: false
10-20 20:14:20.362  18076-18869/? V/ClockFace﹕ fetching new battery status (11443)
10-20 20:14:20.362  18076-18869/? V/ClockFace﹕ battery at 0.55
10-20 20:14:20.382  18076-18076/? V/MyViewAnim﹕ resume
10-20 20:14:20.382  18076-18076/? V/ClockFace﹕ clearing caches
10-20 20:14:20.382  18076-18076/? V/MyViewAnim﹕ resuming old animator!
10-20 20:14:20.382  18076-18076/? V/WearActivity﹕ onDisplayChanged: on!
10-20 20:14:20.402  18076-18869/? V/ClockFace﹕ rendering new face, faceMode(0)
10-20 20:14:20.412    1750-3242/? D/SensorHAL﹕ adjustSensorHandle: handle = 9 adjustedHandle = 1
10-20 20:14:20.412    1750-3242/? D/SensorHAL﹕ adjustSensorHandle: handle = 9 adjustedHandle = 1
10-20 20:14:20.422    1750-1881/? D/SensorHAL﹕ adjustSensorHandle: handle = 9 adjustedHandle = 1
10-20 20:14:20.442  18076-18869/? V/ClockFace﹕ fetching new battery status (11445)
10-20 20:14:20.442  18076-18869/? V/ClockFace﹕ battery at 0.55
10-20 20:14:20.442  18016-18018/? D/dalvikvm﹕ GC_CONCURRENT freed 393K, 20% free 2621K/3260K, paused 2ms+49ms, total 255ms
10-20 20:14:20.532  18016-18866/? D/dalvikvm﹕ GC_FOR_ALLOC freed 827K, 37% free 2103K/3324K, paused 22ms, total 24ms
10-20 20:14:20.582  18016-18018/? D/dalvikvm﹕ GC_CONCURRENT freed 239K, 33% free 2257K/3324K, paused 3ms+3ms, total 18ms
10-20 20:14:20.732  18016-18018/? D/dalvikvm﹕ GC_CONCURRENT freed 209K, 25% free 2494K/3324K, paused 2ms+3ms, total 67ms
10-20 20:14:20.762  18016-18866/? W/WearablePkgInstaller﹕ Version number of new app is not higher than existing app.
10-20 20:14:20.762    1866-6679/? D/WearablePackageInfoProvider﹕ 18016 is a system app.
10-20 20:14:20.832  18016-18866/? W/WearablePkgInstaller﹕ Replacing package:com.motorola.targetnotif
10-20 20:14:20.842    1866-1878/? D/WearablePackageInfoProvider﹕ 18035 is a system app.
10-20 20:14:20.842    1866-6700/? D/WearablePackageInfoProvider﹕ 18016 is a system app.
10-20 20:14:20.932  18016-18866/? D/WearablePkgInstaller﹕ Using file /data/data/com.google.android.clockwork.packageinstaller/files/tmp/com.motorola.targetnotif.apk
10-20 20:14:21.042    1750-1775/? D/Tethering﹕ MasterInitialState.processMessage what=3
10-20 20:14:21.042    1750-1857/? D/CaptivePortalTracker﹕ NoActiveNetworkState{ when=-2ms what=1 obj=NetworkInfo: type: PROXY[], state: CONNECTED/CONNECTED, reason: enabled, extra: (none), roaming: false, failover: false, isAvailable: true, isConnectedToProvisioningNetwork: false target=com.android.internal.util.StateMachine$SmHandler }
10-20 20:14:21.042    1750-1857/? D/CaptivePortalTracker﹕ NoActiveNetworkState not a wifi connectivity change, ignore
10-20 20:14:21.082    1750-1769/? E/ActivityThread﹕ Failed to find provider info for telephony
10-20 20:14:21.142    1750-1775/? D/Tethering﹕ MasterInitialState.processMessage what=3
10-20 20:14:21.142    1750-1857/? D/CaptivePortalTracker﹕ NoActiveNetworkState{ when=-1ms what=1 obj=NetworkInfo: type: PROXY[], state: CONNECTED/CONNECTED, reason: enabled, extra: (none), roaming: false, failover: false, isAvailable: true, isConnectedToProvisioningNetwork: false target=com.android.internal.util.StateMachine$SmHandler }
10-20 20:14:21.142    1750-1857/? D/CaptivePortalTracker﹕ NoActiveNetworkState not a wifi connectivity change, ignore
10-20 20:14:21.182    1901-1901/? D/GCM﹕ GcmService start Intent { act=android.net.conn.CONNECTIVITY_CHANGE flg=0x4000010 cmp=com.google.android.gms/.gcm.GcmService (has extras) } android.net.conn.CONNECTIVITY_CHANGE
10-20 20:14:21.242    1750-1769/? E/ActivityThread﹕ Failed to find provider info for telephony
10-20 20:14:21.283    1901-1901/? D/GCM﹕ GcmService start Intent { act=android.net.conn.CONNECTIVITY_CHANGE flg=0x4000010 cmp=com.google.android.gms/.gcm.GcmService (has extras) } android.net.conn.CONNECTIVITY_CHANGE
10-20 20:14:21.483    1750-1778/? W/ActivityManager﹕ No content provider found for permission revoke: file:///data/app-private/vmdl-1806631107.tmp
10-20 20:14:21.483    1750-1778/? I/PackageManager﹕ Copying native libraries to /data/app-lib/vmdl-1614535632
10-20 20:14:21.623    1750-1754/? D/dalvikvm﹕ GC_CONCURRENT freed 724K, 22% free 5451K/6956K, paused 3ms+9ms, total 87ms
10-20 20:14:22.263    1750-1754/? D/dalvikvm﹕ GC_CONCURRENT freed 422K, 16% free 5867K/6956K, paused 4ms+8ms, total 106ms
10-20 20:14:22.374    2064-2106/? W/bt-btif﹕ dm_pm_timer expires
10-20 20:14:22.374    2064-2106/? W/bt-btif﹕ dm_pm_timer expires 0
10-20 20:14:22.374    2064-2106/? W/bt-btif﹕ proc dm_pm_timer expires
10-20 20:14:22.444  18016-18018/? D/dalvikvm﹕ GC_CONCURRENT freed 756K, 36% free 2155K/3324K, paused 3ms+21ms, total 103ms
10-20 20:14:22.514    1750-1778/? D/dalvikvm﹕ GC_FOR_ALLOC freed 718K, 18% free 5855K/7076K, paused 49ms, total 57ms
10-20 20:14:22.664  18016-18018/? D/dalvikvm﹕ GC_CONCURRENT freed 183K, 29% free 2367K/3324K, paused 2ms+5ms, total 25ms
10-20 20:14:22.784    1750-1778/? D/dalvikvm﹕ GC_FOR_ALLOC freed 717K, 18% free 5871K/7076K, paused 73ms, total 82ms
10-20 20:14:22.914  18016-18018/? D/dalvikvm﹕ GC_CONCURRENT freed 215K, 23% free 2567K/3324K, paused 2ms+5ms, total 37ms
10-20 20:14:23.064    1750-1778/? D/dalvikvm﹕ GC_FOR_ALLOC freed 727K, 17% free 5888K/7088K, paused 64ms, total 75ms
10-20 20:14:23.154  18016-18018/? D/dalvikvm﹕ GC_CONCURRENT freed 259K, 19% free 2718K/3324K, paused 2ms+7ms, total 36ms
10-20 20:14:23.294  18016-18018/? D/dalvikvm﹕ GC_CONCURRENT freed 445K, 21% free 2724K/3420K, paused 5ms+9ms, total 35ms
10-20 20:14:23.315    2064-2093/? D/btif_config_util﹕ btif_config_save_file(L153): in file name:/data/misc/bluedroid/bt_config.new
10-20 20:14:23.465  18016-18018/? D/dalvikvm﹕ GC_CONCURRENT freed 424K, 20% free 2741K/3420K, paused 2ms+2ms, total 41ms
10-20 20:14:23.575  18016-18018/? D/dalvikvm﹕ GC_CONCURRENT freed 451K, 21% free 2743K/3444K, paused 2ms+1ms, total 30ms
10-20 20:14:23.575  18016-18866/? D/dalvikvm﹕ WAIT_FOR_CONCURRENT_GC blocked 11ms
10-20 20:14:23.695  18016-18018/? D/dalvikvm﹕ GC_CONCURRENT freed 385K, 21% free 2750K/3444K, paused 2ms+9ms, total 34ms
10-20 20:14:23.785    1750-1778/? D/dalvikvm﹕ GC_FOR_ALLOC freed 745K, 17% free 5904K/7100K, paused 71ms, total 77ms
10-20 20:14:23.895  18016-18018/? D/dalvikvm﹕ GC_CONCURRENT freed 434K, 20% free 2769K/3456K, paused 2ms+2ms, total 42ms
10-20 20:14:23.905  18016-18866/? D/dalvikvm﹕ WAIT_FOR_CONCURRENT_GC blocked 16ms
10-20 20:14:24.025    1750-1778/? D/dalvikvm﹕ GC_FOR_ALLOC freed 773K, 17% free 5921K/7124K, paused 63ms, total 66ms
10-20 20:14:24.075  18016-18018/? D/dalvikvm﹕ GC_CONCURRENT freed 440K, 20% free 2777K/3468K, paused 4ms+5ms, total 47ms
10-20 20:14:24.205    1750-1770/? I/ActivityManager﹕ Force stopping com.google.android.maps.mytracks appid=10029 user=-1: uninstall pkg
10-20 20:14:24.205    1750-1770/? I/ActivityManager﹕ Killing 8736:com.google.android.maps.mytracks/u0a29 (adj 1): stop com.google.android.maps.mytracks
10-20 20:14:24.205    1750-1770/? W/ActivityManager﹕ Scheduling restart of crashed service com.google.android.maps.mytracks/com.google.android.apps.mytracks.services.WearListenerService in 1000ms
10-20 20:14:24.205    1750-1770/? I/ActivityManager﹕ Force stopping service ServiceRecord{ae0c0060 u0 com.google.android.maps.mytracks/com.google.android.apps.mytracks.services.WearListenerService}
10-20 20:14:24.245  18016-18018/? D/dalvikvm﹕ GC_CONCURRENT freed 422K, 20% free 2786K/3468K, paused 2ms+28ms, total 78ms
10-20 20:14:24.456    1750-1778/? I/PackageManager﹕ Package com.google.android.maps.mytracks codePath changed from /data/app/com.google.android.maps.mytracks-1.apk to /data/app/com.google.android.maps.mytracks-2.apk; Retaining data and using new
10-20 20:14:24.466    1750-1778/? I/PackageManager﹕ Running dexopt on: com.google.android.maps.mytracks
10-20 20:14:24.936  18016-18018/? D/dalvikvm﹕ GC_CONCURRENT freed 392K, 20% free 2786K/3468K, paused 2ms+22ms, total 71ms
10-20 20:14:25.136  18016-18018/? D/dalvikvm﹕ GC_CONCURRENT freed 403K, 20% free 2795K/3468K, paused 16ms+3ms, total 71ms
10-20 20:14:25.356  18016-18018/? D/dalvikvm﹕ GC_CONCURRENT freed 393K, 19% free 2834K/3468K, paused 25ms+10ms, total 101ms
10-20 20:14:25.647  18016-18018/? D/dalvikvm﹕ GC_CONCURRENT freed 421K, 19% free 2813K/3468K, paused 2ms+2ms, total 92ms
10-20 20:14:26.137    8728-8728/? D/PhoneListenerService﹕ onDestroy
10-20 20:14:26.197  18016-18018/? D/dalvikvm﹕ GC_CONCURRENT freed 393K, 19% free 2830K/3468K, paused 2ms+265ms, total 335ms
10-20 20:14:26.418  18016-18018/? D/dalvikvm﹕ GC_CONCURRENT freed 414K, 19% free 2863K/3516K, paused 2ms+1ms, total 64ms
10-20 20:14:26.418  18016-18866/? D/dalvikvm﹕ WAIT_FOR_CONCURRENT_GC blocked 39ms
10-20 20:14:26.418  18016-18866/? I/dalvikvm-heap﹕ Grow heap (frag case) to 3.049MB for 63504-byte allocation
10-20 20:14:26.478  18016-18866/? D/dalvikvm﹕ GC_FOR_ALLOC freed 805K, 41% free 2119K/3580K, paused 58ms, total 59ms
10-20 20:14:26.668  18016-18018/? D/dalvikvm﹕ GC_CONCURRENT freed 230K, 37% free 2279K/3580K, paused 20ms+4ms, total 71ms
10-20 20:14:26.978  18016-18018/? D/dalvikvm﹕ GC_CONCURRENT freed 110K, 29% free 2566K/3580K, paused 9ms+32ms, total 72ms
10-20 20:14:27.328  18016-18018/? D/dalvikvm﹕ GC_CONCURRENT freed 224K, 24% free 2735K/3580K, paused 2ms+56ms, total 135ms
10-20 20:14:27.358  18016-18866/? W/WearablePkgInstaller﹕ Version number of new app is not higher than existing app.
10-20 20:14:27.378    1866-2062/? D/WearablePackageInfoProvider﹕ 18016 is a system app.
10-20 20:14:27.569  18016-18866/? W/WearablePkgInstaller﹕ Replacing package:com.google.android.apps.maps
10-20 20:14:27.589    1866-6679/? D/WearablePackageInfoProvider﹕ 18016 is a system app.
10-20 20:14:27.659  18016-18866/? D/WearablePkgInstaller﹕ Using file /data/data/com.google.android.clockwork.packageinstaller/files/tmp/com.google.android.apps.maps.apk
10-20 20:14:27.919  18879-18879/? D/dalvikvm﹕ DexOpt: load 417ms, verify+opt 2439ms, 2571036 bytes
10-20 20:14:28.550    1750-1770/? I/ActivityManager﹕ Force stopping com.google.android.maps.mytracks appid=10029 user=-1: update pkg
10-20 20:14:28.550    1750-1778/? W/PackageManager﹕ Code path for pkg : com.google.android.maps.mytracks changing from /data/app/com.google.android.maps.mytracks-1.apk to /data/app/com.google.android.maps.mytracks-2.apk
10-20 20:14:28.550    1750-1778/? W/PackageManager﹕ Resource path for pkg : com.google.android.maps.mytracks changing from /data/app/com.google.android.maps.mytracks-1.apk to /data/app/com.google.android.maps.mytracks-2.apk
10-20 20:14:28.690  18016-18018/? D/dalvikvm﹕ GC_CONCURRENT freed 954K, 38% free 2230K/3580K, paused 2ms+3ms, total 64ms
10-20 20:14:28.900    1750-1754/? D/dalvikvm﹕ GC_CONCURRENT freed 1447K, 24% free 5386K/7056K, paused 4ms+4ms, total 79ms
10-20 20:14:28.930    1750-1778/? I/ActivityManager﹕ Force stopping com.google.android.maps.mytracks appid=10029 user=0: pkg removed
10-20 20:14:28.960  18016-18018/? D/dalvikvm﹕ GC_CONCURRENT freed 196K, 32% free 2458K/3580K, paused 12ms+1ms, total 42ms
10-20 20:14:29.030    1866-1866/? D/dalvikvm﹕ GC_EXPLICIT freed 1929K, 39% free 21419K/35020K, paused 9ms+8ms, total 67ms
10-20 20:14:29.130    1750-1784/? I/InputReader﹕ Reconfiguring input devices.  changes=0x00000010
10-20 20:14:29.150    1883-1883/? I/ConfigFetchService﹕ PackageReceiver: Intent { act=android.intent.action.PACKAGE_REMOVED dat=package:com.google.android.maps.mytracks flg=0x4000010 cmp=com.google.android.gms/.config.ConfigFetchService$PackageReceiver (has extras) }
10-20 20:14:29.170    1901-1901/? I/ConfigService﹕ onCreate
10-20 20:14:29.180    1883-1883/? I/ConfigFetchService﹕ onStartCommand Intent { act=android.intent.action.PACKAGE_REMOVED dat=package:com.google.android.maps.mytracks cmp=com.google.android.gms/.config.ConfigFetchService (has extras) }
10-20 20:14:29.180    1750-1800/? I/ActivityManager﹕ Delay finish: com.google.android.gms/.config.ConfigFetchService$PackageReceiver
10-20 20:14:29.180    1750-3242/? I/ActivityManager﹕ Resuming delayed broadcast
10-20 20:14:29.200    1901-1901/? I/ConfigService﹕ onBind for Intent { act=com.google.android.gms.config.UPDATE pkg=com.google.android.gms } action com.google.android.gms.config.UPDATE
10-20 20:14:29.230    1901-1901/? I/ConfigService﹕ onBind returning update interface
10-20 20:14:29.240    1901-1901/? I/ConfigService﹕ onBind for Intent { act=com.google.android.gms.config.START pkg=com.google.android.gms } action com.google.android.gms.config.START
10-20 20:14:29.240    1901-1901/? I/ConfigService﹕ onBind returning config service
10-20 20:14:29.250    1750-1784/? I/InputReader﹕ Reconfiguring input devices.  changes=0x00000010
10-20 20:14:29.250    1750-1769/? W/Searchables﹕ No global search activity found
10-20 20:14:29.280    1750-1784/? I/InputReader﹕ Reconfiguring input devices.  changes=0x00000010
10-20 20:14:29.280    1901-1901/? I/ConfigService﹕ onDestroy
10-20 20:14:29.370    1750-1769/? W/Searchables﹕ No global search activity found
10-20 20:14:29.390    1883-1883/? I/ConfigFetchService﹕ PackageReceiver: Intent { act=android.intent.action.PACKAGE_ADDED dat=package:com.google.android.maps.mytracks flg=0x4000010 cmp=com.google.android.gms/.config.ConfigFetchService$PackageReceiver (has extras) }
10-20 20:14:29.420    1750-8727/? I/ActivityManager﹕ Delay finish: com.google.android.gms/.config.ConfigFetchService$PackageReceiver
10-20 20:14:29.430    1901-1901/? I/ConfigService﹕ onCreate
10-20 20:14:29.450    1883-1883/? I/ConfigFetchService﹕ onStartCommand Intent { act=android.intent.action.PACKAGE_ADDED dat=package:com.google.android.maps.mytracks cmp=com.google.android.gms/.config.ConfigFetchService (has extras) }
10-20 20:14:29.450    1883-1883/? I/ConfigFetchService﹕ launchTask
10-20 20:14:29.461    1901-1901/? I/ConfigService﹕ onBind for Intent { act=com.google.android.gms.config.UPDATE pkg=com.google.android.gms } action com.google.android.gms.config.UPDATE
10-20 20:14:29.471    1750-1769/? W/RecognitionManagerService﹕ no available voice recognition services found for user 0
10-20 20:14:29.481    1750-1855/? D/LightsService﹕ Excessive delay setting light: 72ms
10-20 20:14:29.491    1901-1901/? I/ConfigService﹕ onBind returning update interface
10-20 20:14:29.491    1883-1883/? I/ConfigFetchService﹕ service connected
10-20 20:14:29.491    1901-1901/? I/ConfigService﹕ onBind for Intent { act=com.google.android.gms.config.START pkg=com.google.android.gms } action com.google.android.gms.config.START
10-20 20:14:29.491    1901-1901/? I/ConfigService﹕ onBind returning config service
10-20 20:14:29.491    1883-1883/? I/ConfigClient﹕ service connected
10-20 20:14:29.521    1883-2168/? W/ConfigFetchTask﹕ failed to get the device data version info from checkin service
    com.google.android.gms.common.i
            at com.google.android.gms.checkin.e.a(SourceFile:52)
            at com.google.android.gms.config.f.a(SourceFile:163)
            at com.google.android.gms.config.f.doInBackground(SourceFile:38)
            at android.os.AsyncTask$2.call(AsyncTask.java:288)
            at java.util.concurrent.FutureTask.run(FutureTask.java:237)
            at android.os.AsyncTask$SerialExecutor$1.run(AsyncTask.java:231)
            at java.util.concurrent.ThreadPoolExecutor.runWorker(ThreadPoolExecutor.java:1112)
            at java.util.concurrent.ThreadPoolExecutor$Worker.run(ThreadPoolExecutor.java:587)
            at java.lang.Thread.run(Thread.java:841)
10-20 20:14:29.581    1883-2168/? I/GoogleHttpClient﹕ Falling back to old SSLCertificateSocketFactory
10-20 20:14:29.661   1913-16863/? V/wearable﹕ ensureBuffersHaveSpace: increasing size from 237 to 353
10-20 20:14:30.031   1866-18864/? D/ClockworkProxy﹕ TCP connection requested by uid=10010
10-20 20:14:30.031   1866-18864/? D/ClockworkProxy﹕ doAccept: Create socket stream 75 for TCP connection from /192.168.167.239:49893 to /74.125.227.206:443
10-20 20:14:30.051   1866-18864/? D/ClockworkProxy﹕ doAccept: rpc succeeded. Activate stream 75
10-20 20:14:30.081    1913-1916/? D/dalvikvm﹕ GC_CONCURRENT freed 421K, 27% free 2258K/3080K, paused 1ms+2ms, total 39ms
10-20 20:14:30.131   1913-16863/? V/wearable﹕ ensureBuffersHaveSpace: increasing size from 353 to 823
10-20 20:14:30.311    1750-1780/? I/PowerManagerService﹕ Going to sleep due to screen timeout...
10-20 20:14:30.311    1750-1780/? I/PowerManagerService﹕ Dozing...
10-20 20:14:30.321  18016-18018/? D/dalvikvm﹕ GC_CONCURRENT freed 318K, 29% free 2570K/3580K, paused 2ms+40ms, total 99ms
10-20 20:14:30.331  18076-18076/? V/WearActivity﹕ Pause!
10-20 20:14:30.331    1750-1773/? I/DreamController﹕ Starting dream: name=ComponentInfo{com.google.android.wearable.app/com.google.android.clockwork.home.AmbientMode}, isTest=false, canDoze=true, userId=0
10-20 20:14:30.371  18076-18076/? V/WearActivity﹕ Stop!
10-20 20:14:30.371    1417-1417/? D/mot_vr_audio_hw﹕ dsp_recognizer_enabled = false
10-20 20:14:30.371  18278-18278/? D/ADSPD﹕ Client cmd=0x0003, size=4
10-20 20:14:30.371   1417-18870/? D/mot_vr_audio_hw﹕ Switching DSP to standby/passthrough mode
10-20 20:14:30.371   1417-18870/? D/mot_vr_audio_hw﹕ Input 0xb81f90d0 ready to read
10-20 20:14:30.371    1750-1750/? W/InputMethodManagerService﹕ Ignoring setImeWindowStatus of uid 1000 token: null
10-20 20:14:30.381  18278-18278/? D/ADSPD﹕ Received from DSP: cmd=0x8003, size=2
10-20 20:14:30.381  18278-18278/? D/ADSPD﹕ Client cmd=0x0003, size=4
10-20 20:14:30.391   1417-18281/? D/mot_vr_audio_hw﹕ received recognition control callback, status 0
10-20 20:14:30.401  18278-18278/? D/ADSPD﹕ Received from DSP: cmd=0x8003, size=2
10-20 20:14:30.401   1417-18281/? D/mot_vr_audio_hw﹕ received recognition control callback, status 0
10-20 20:14:30.421   1417-18870/? W/mot_vr_audio_hw﹕ Discarded 10 buffers without finding audio data
10-20 20:14:30.441  18278-18278/? D/ADSPD﹕ Client cmd=0x0003, size=4
10-20 20:14:30.441   1417-18870/? D/mot_vr_audio_hw﹕ Re-arming DSP
10-20 20:14:30.441   1417-18870/? D/mot_vr_audio_hw﹕ Input 0xb81f90d0 standby complete
10-20 20:14:30.451   1417-10517/? D/mot_vr_audio_hw﹕ Input 0xb81f90d0 close complete
10-20 20:14:30.451  18278-18278/? D/ADSPD﹕ Received from DSP: cmd=0x8003, size=2
10-20 20:14:30.451  18278-18278/? D/ADSPD﹕ Client cmd=0x4003, size=2
10-20 20:14:30.451   1417-18281/? D/mot_vr_audio_hw﹕ received recognition control callback, status 0
10-20 20:14:30.572    1750-1778/? D/dalvikvm﹕ GC_EXPLICIT freed 336K, 24% free 5363K/7056K, paused 33ms+82ms, total 1253ms
10-20 20:14:30.622    1750-1760/? I/ActivityManager﹕ START u0 {act=android.intent.action.MAIN cat=[android.intent.category.HOME] flg=0x10000000 cmp=com.google.android.wearable.app/com.google.android.clockwork.home.HomeActivity (has extras)} from pid 1866 on display 0
10-20 20:14:30.632    1750-1750/? V/ActivityManager﹕ Display changed displayId=0
10-20 20:14:30.642  18076-18076/? V/WearActivity﹕ display changed: 0, new state: 2
10-20 20:14:30.642  18076-18076/? I/TimeWrapper﹕ FPS: 11.380379, samples: 117
10-20 20:14:30.642  18076-18076/? I/TimeWrapper﹕ Min/Avg/Max frame render speed (ms): 4.699707 / 8.64143 / 42.60254
10-20 20:14:30.642  18076-18076/? I/TimeWrapper﹕ Waketime: 9.834275%
10-20 20:14:30.642  18076-18076/? I/ClockFace﹕ Ambient mode: false
10-20 20:14:30.662    1750-1773/? I/DreamController﹕ Stopping dream: name=ComponentInfo{com.google.android.wearable.app/com.google.android.clockwork.home.AmbientMode}, isTest=false, canDoze=true, userId=0
10-20 20:14:30.672    1750-1780/? I/PowerManagerService﹕ Sleeping...
10-20 20:14:30.732    1866-1866/? I/AmbientMode﹕ Ambient mode started: canDoze=true, dozeHardware=null
10-20 20:14:30.762  18076-18076/? V/MyViewAnim﹕ resume
10-20 20:14:30.762  18076-18076/? V/ClockFace﹕ clearing caches
10-20 20:14:30.762  18076-18076/? V/MyViewAnim﹕ resuming old animator!
10-20 20:14:30.762  18076-18076/? V/WearActivity﹕ onDisplayChanged: on!
10-20 20:14:30.772  18076-18076/? V/WearActivity﹕ display changed: 0, new state: 2
10-20 20:14:30.772  18076-18076/? I/ClockFace﹕ Ambient mode: false
10-20 20:14:30.772    1417-3932/? D/mot_vr_audio_hw﹕ dsp_recognizer_enabled = true
10-20 20:14:30.772  18278-18278/? D/ADSPD﹕ Client cmd=0x0003, size=4
10-20 20:14:30.772    1417-1521/? D/mot_vr_audio_hw﹕ open_input_stream(): devices = 0x80000004, rate = 8000, channels = 0x10
10-20 20:14:30.782    1417-1521/? D/mot_vr_audio_hw﹕ Created resampler for 16000->8000 Hz
10-20 20:14:30.792  18278-18278/? D/ADSPD﹕ Received from DSP: cmd=0x8003, size=2
10-20 20:14:30.792  18278-18278/? D/ADSPD﹕ Client cmd=0x4003, size=2
10-20 20:14:30.792   1417-18281/? D/mot_vr_audio_hw﹕ received recognition control callback, status 0
10-20 20:14:30.802   1417-18887/? D/mot_vr_audio_hw﹕ in_read waiting for hotword
10-20 20:14:30.822    1417-1417/? D/mot_vr_audio_hw﹕ dsp_recognizer_enabled = false
10-20 20:14:30.822  18278-18278/? D/ADSPD﹕ Client cmd=0x0003, size=4
10-20 20:14:30.822   1417-18887/? D/mot_vr_audio_hw﹕ Switching DSP to standby/passthrough mode
10-20 20:14:30.822   1417-18887/? D/mot_vr_audio_hw﹕ Input 0xb81f90d0 ready to read
10-20 20:14:30.832  18278-18278/? D/ADSPD﹕ Received from DSP: cmd=0x8003, size=2
10-20 20:14:30.832  18278-18278/? D/ADSPD﹕ Client cmd=0x0003, size=4
10-20 20:14:30.832   1417-18281/? D/mot_vr_audio_hw﹕ received recognition control callback, status 0
10-20 20:14:30.842  18278-18278/? D/ADSPD﹕ Received from DSP: cmd=0x8003, size=2
10-20 20:14:30.842   1417-18281/? D/mot_vr_audio_hw﹕ received recognition control callback, status 0
10-20 20:14:30.852    1913-2050/? D/dalvikvm﹕ GC_FOR_ALLOC freed 326K, 28% free 2218K/3080K, paused 24ms, total 25ms
10-20 20:14:30.872   1417-18887/? W/mot_vr_audio_hw﹕ Discarded 10 buffers without finding audio data
10-20 20:14:30.892  18278-18278/? D/ADSPD﹕ Client cmd=0x0003, size=4
10-20 20:14:30.892   1417-18887/? D/mot_vr_audio_hw﹕ Re-arming DSP
10-20 20:14:30.892   1417-18887/? D/mot_vr_audio_hw﹕ Input 0xb81f90d0 standby complete
10-20 20:14:30.902  18278-18278/? D/ADSPD﹕ Received from DSP: cmd=0x8003, size=2
10-20 20:14:30.902   1417-18281/? D/mot_vr_audio_hw﹕ received recognition control callback, status 0
10-20 20:14:30.922  18278-18278/? D/ADSPD﹕ Client cmd=0x4003, size=2
10-20 20:14:30.922   1417-10517/? D/mot_vr_audio_hw﹕ Input 0xb81f90d0 close complete
10-20 20:14:30.932    1866-1866/? I/AmbientMode﹕ Dream ended: isDozing=true
10-20 20:14:30.942    1883-1883/? I/ConfigFetchService﹕ fetch service done; releasing wakelock
10-20 20:14:30.942    1883-1883/? I/ConfigFetchService﹕ stopping self
10-20 20:14:30.942    1750-1761/? I/ActivityManager﹕ Resuming delayed broadcast
10-20 20:14:30.952    1901-1901/? I/ConfigService﹕ onDestroy
10-20 20:14:31.052    1866-8819/? D/WearablePackageInfoProvider﹕ 18035 is a system app.
10-20 20:14:31.122  18076-18076/? V/MyViewAnim﹕ resume
10-20 20:14:31.122  18076-18076/? V/ClockFace﹕ clearing caches
10-20 20:14:31.122  18076-18076/? V/MyViewAnim﹕ resuming old animator!
10-20 20:14:31.122  18076-18076/? V/WearActivity﹕ onDisplayChanged: on!
10-20 20:14:31.132  18076-18076/? V/WearActivity﹕ display changed: 0, new state: 2
10-20 20:14:31.132  18076-18076/? I/ClockFace﹕ Ambient mode: false
10-20 20:14:31.262  18016-18018/? D/dalvikvm﹕ GC_CONCURRENT freed 411K, 28% free 2583K/3580K, paused 3ms+1ms, total 71ms
10-20 20:14:31.262  18076-18076/? V/MyViewAnim﹕ resume
10-20 20:14:31.262  18076-18076/? V/ClockFace﹕ clearing caches
10-20 20:14:31.262  18076-18076/? V/MyViewAnim﹕ resuming old animator!
10-20 20:14:31.262  18076-18076/? V/WearActivity﹕ onDisplayChanged: on!
10-20 20:14:31.332  18076-18076/? V/ClockFace﹕ rendering new face, faceMode(0)
10-20 20:14:31.352  18076-18076/? V/ClockFace﹕ fetching new battery status (11565)
10-20 20:14:31.352  18076-18076/? V/ClockFace﹕ battery at 0.55
10-20 20:14:31.783    1750-1804/? D/LightsService﹕ Excessive delay setting light: 676ms
10-20 20:14:31.783    1415-1415/? D/SurfaceFlinger﹕ Screen released, type=0 flinger=0xb7463448
10-20 20:14:31.833  18016-18018/? D/dalvikvm﹕ GC_CONCURRENT freed 411K, 28% free 2593K/3580K, paused 2ms+4ms, total 26ms
10-20 20:14:31.913    1415-1415/? D/hwcomposer﹕ hwc_blank(0: 1)
10-20 20:14:31.913    1750-1804/? D/SurfaceControl﹕ Excessive delay in blankDisplay() while turning screen off: 127ms
10-20 20:14:31.913    1750-1776/? I/DisplayManagerService﹕ Display device changed: DisplayDeviceInfo{"Built-in Screen": 320 x 290, 45.000004 fps, density 213, 90.31111 x 136.40741 dpi, touch INTERNAL, rotation 0, type BUILT_IN, state OFF, FLAG_DEFAULT_DISPLAY, FLAG_ROTATES_WITH_CONTENT, FLAG_SECURE, FLAG_SUPPORTS_PROTECTED_BUFFERS}
10-20 20:14:31.923  18076-18076/? V/WearActivity﹕ display changed: 0, new state: 1
10-20 20:14:31.923  18076-18076/? I/TimeWrapper﹕ FPS: 13.008336, samples: 9
10-20 20:14:31.923  18076-18076/? I/TimeWrapper﹕ Min/Avg/Max frame render speed (ms): 4.79126 / 10.223388 / 18.463137
10-20 20:14:31.923  18076-18076/? I/TimeWrapper﹕ Waketime: 13.298928%
10-20 20:14:31.923  18076-18076/? V/MyViewAnim﹕ stopping animation!
10-20 20:14:31.923  18076-18076/? V/MyViewAnim﹕ killDrawThread
10-20 20:14:31.923  18076-18076/? V/WearActivity﹕ killing ambient watcher & alarm
10-20 20:14:31.923  18076-18076/? I/ClockFace﹕ Ambient mode: false
10-20 20:14:31.923  18076-18076/? V/WearActivity﹕ onDisplayChanged: off!
10-20 20:14:31.923  18076-18076/? V/WearActivity﹕ display changed: 0, new state: 1
10-20 20:14:31.923  18076-18076/? V/MyViewAnim﹕ stopping animation!
10-20 20:14:31.923  18076-18076/? V/MyViewAnim﹕ killDrawThread
10-20 20:14:31.923  18076-18076/? V/WearActivity﹕ killing ambient watcher & alarm
10-20 20:14:31.923    1750-1750/? V/ActivityManager﹕ Display changed displayId=0
10-20 20:14:31.933  18076-18076/? I/ClockFace﹕ Ambient mode: false
10-20 20:14:31.933  18076-18076/? V/WearActivity﹕ onDisplayChanged: off!
10-20 20:14:31.933  18076-18873/? V/MyViewAnim﹕ looper finished!
10-20 20:14:31.943  18076-18076/? V/WearActivity﹕ display changed: 0, new state: 1
10-20 20:14:31.943  18076-18076/? V/MyViewAnim﹕ stopping animation!
10-20 20:14:31.943  18076-18076/? V/MyViewAnim﹕ killDrawThread
10-20 20:14:31.943  18076-18076/? V/WearActivity﹕ killing ambient watcher & alarm
10-20 20:14:31.943    1750-1780/? D/MinnowPowerHAL﹕ power_set_interactive: 0
10-20 20:14:31.943    1750-1780/? D/MinnowPowerHAL﹕ sysfs_write: /sys/devices/platform/omapdss/display0/interactivemode 0
10-20 20:14:31.943    1750-1780/? D/MinnowPowerHAL﹕ sysfs_write: /sys/devices/ocp.2/i2c.6/i2c-0/0-004a/interactivemode 0
10-20 20:14:31.953    1750-1780/? D/mot_vr_audio_hw﹕ dsp_set_pm_state = off
10-20 20:14:31.953  18278-18278/? D/ADSPD﹕ Client cmd=0x4002, size=2
10-20 20:14:31.953  18278-18278/? D/ADSPD﹕ DSP_CMD_DAEMON_SET_PM_STATE : 0
10-20 20:14:31.953  18076-18076/? I/ClockFace﹕ Ambient mode: false
10-20 20:14:31.953  18076-18076/? V/WearActivity﹕ onDisplayChanged: off!
10-20 20:14:31.963  18076-18872/? V/MyViewAnim﹕ success getting new surface holder
10-20 20:14:31.973  18076-18869/? V/MyViewAnim﹕ looper finished!
10-20 20:14:31.973  18076-18872/? V/MyViewAnim﹕ looper finished!
10-20 20:14:31.983  18016-18018/? D/dalvikvm﹕ GC_CONCURRENT freed 403K, 28% free 2593K/3580K, paused 2ms+2ms, total 83ms
10-20 20:14:32.063  18016-18018/? D/dalvikvm﹕ GC_CONCURRENT freed 402K, 28% free 2602K/3580K, paused 2ms+3ms, total 24ms
10-20 20:14:32.153  18016-18018/? D/dalvikvm﹕ GC_CONCURRENT freed 442K, 27% free 2640K/3580K, paused 2ms+7ms, total 30ms
10-20 20:14:32.233  18016-18018/? D/dalvikvm﹕ GC_CONCURRENT freed 413K, 27% free 2636K/3580K, paused 2ms+1ms, total 26ms
10-20 20:14:32.243    1750-1778/? W/ActivityManager﹕ No content provider found for permission revoke: file:///data/app-private/vmdl1177957444.tmp
10-20 20:14:32.243    1750-1778/? I/PackageManager﹕ Copying native libraries to /data/app-lib/vmdl-1873188221
10-20 20:14:32.383    1750-1778/? D/dalvikvm﹕ GC_FOR_ALLOC freed 380K, 23% free 5456K/7056K, paused 44ms, total 44ms
10-20 20:14:32.423  18016-18018/? D/dalvikvm﹕ GC_CONCURRENT freed 438K, 27% free 2629K/3580K, paused 2ms+2ms, total 27ms
10-20 20:14:32.483  18016-18018/? D/dalvikvm﹕ GC_CONCURRENT freed 421K, 27% free 2638K/3580K, paused 2ms+3ms, total 28ms
10-20 20:14:32.544  18016-18018/? D/dalvikvm﹕ GC_CONCURRENT freed 421K, 27% free 2649K/3580K, paused 2ms+2ms, total 29ms
10-20 20:14:32.614  18016-18018/? D/dalvikvm﹕ GC_CONCURRENT freed 420K, 26% free 2657K/3580K, paused 2ms+3ms, total 29ms
10-20 20:14:32.704  18016-18018/? D/dalvikvm﹕ GC_CONCURRENT freed 935K, 39% free 2198K/3580K, paused 2ms+33ms, total 61ms
10-20 20:14:32.714    1750-1778/? D/dalvikvm﹕ GC_FOR_ALLOC freed 262K, 19% free 5756K/7056K, paused 65ms, total 66ms
10-20 20:14:32.814  18016-18018/? D/dalvikvm﹕ GC_CONCURRENT freed 184K, 33% free 2412K/3580K, paused 3ms+2ms, total 28ms
10-20 20:14:32.924  18016-18018/? D/dalvikvm﹕ GC_CONCURRENT freed 206K, 28% free 2600K/3580K, paused 2ms+2ms, total 29ms
10-20 20:14:32.934  18016-18866/? W/WearablePkgInstaller﹕ Version number of new app is not higher than existing app.
10-20 20:14:32.944    1866-9035/? D/WearablePackageInfoProvider﹕ 18016 is a system app.
10-20 20:14:32.984    1913-1916/? D/dalvikvm﹕ GC_CONCURRENT freed 364K, 28% free 2244K/3080K, paused 6ms+2ms, total 25ms
10-20 20:14:33.084    1750-1754/? D/dalvikvm﹕ GC_CONCURRENT freed 722K, 16% free 5970K/7056K, paused 4ms+6ms, total 60ms
10-20 20:14:33.104    2064-2106/? W/bt-btif﹕ dm_pm_timer expires
10-20 20:14:33.104    2064-2106/? W/bt-btif﹕ dm_pm_timer expires 0
10-20 20:14:33.104    2064-2106/? W/bt-btif﹕ proc dm_pm_timer expires
10-20 20:14:33.134  18016-18866/? W/WearablePkgInstaller﹕ Replacing package:me.lyft.android
10-20 20:14:33.144    1866-6679/? D/WearablePackageInfoProvider﹕ 18016 is a system app.
10-20 20:14:33.174  18016-18866/? D/WearablePkgInstaller﹕ Using file /data/data/com.google.android.clockwork.packageinstaller/files/tmp/me.lyft.android.apk
10-20 20:14:33.274    1750-1778/? D/dalvikvm﹕ GC_FOR_ALLOC freed 853K, 17% free 5986K/7212K, paused 54ms, total 55ms
10-20 20:14:33.464    1750-1778/? D/dalvikvm﹕ GC_FOR_ALLOC freed 874K, 17% free 6005K/7224K, paused 55ms, total 55ms
10-20 20:14:33.474    1750-9729/? D/MinnowPowerHAL﹕ power_set_interactive: 1
10-20 20:14:33.474    1750-9729/? D/MinnowPowerHAL﹕ sysfs_write: /sys/devices/platform/omapdss/display0/interactivemode 1
10-20 20:14:33.474    1750-9729/? I/PowerManagerService﹕ Waking up from sleep...
10-20 20:14:33.474    1750-1774/? W/KeyguardServiceDelegate﹕ onScreenTurnedOn(): no keyguard service!
10-20 20:14:33.484  18076-18076/? V/WearActivity﹕ display changed: 0, new state: 1
10-20 20:14:33.484  18076-18076/? V/MyViewAnim﹕ stopping animation!
10-20 20:14:33.484  18076-18076/? V/MyViewAnim﹕ killDrawThread
10-20 20:14:33.484  18076-18076/? V/MyViewAnim﹕ no draw thread around to kill ?!
10-20 20:14:33.484  18076-18076/? V/WearActivity﹕ killing ambient watcher & alarm
10-20 20:14:33.484  18076-18076/? I/ClockFace﹕ Ambient mode: false
10-20 20:14:33.484  18076-18076/? V/WearActivity﹕ onDisplayChanged: off!
10-20 20:14:33.484  18076-18076/? V/WearActivity﹕ display changed: 0, new state: 1
10-20 20:14:33.484  18076-18076/? V/MyViewAnim﹕ stopping animation!
10-20 20:14:33.484  18076-18076/? V/MyViewAnim﹕ killDrawThread
10-20 20:14:33.484  18076-18076/? V/MyViewAnim﹕ no draw thread around to kill ?!
10-20 20:14:33.484  18076-18076/? V/WearActivity﹕ killing ambient watcher & alarm
10-20 20:14:33.484  18076-18076/? I/ClockFace﹕ Ambient mode: false
10-20 20:14:33.484  18076-18076/? V/WearActivity﹕ onDisplayChanged: off!
10-20 20:14:33.484  18076-18076/? V/WearActivity﹕ display changed: 0, new state: 1
10-20 20:14:33.484  18076-18076/? V/MyViewAnim﹕ stopping animation!
10-20 20:14:33.484  18076-18076/? V/MyViewAnim﹕ killDrawThread
10-20 20:14:33.484  18076-18076/? V/MyViewAnim﹕ no draw thread around to kill ?!
10-20 20:14:33.484  18076-18076/? V/WearActivity﹕ killing ambient watcher & alarm
10-20 20:14:33.484  18076-18076/? I/ClockFace﹕ Ambient mode: false
10-20 20:14:33.484  18076-18076/? V/WearActivity﹕ onDisplayChanged: off!
10-20 20:14:33.504   1966-18890/? I/ConfDoze﹕ setting doze property to disabled=false
10-20 20:14:33.585    1750-9729/? D/MinnowPowerHAL﹕ sysfs_write: /sys/devices/ocp.2/i2c.6/i2c-0/0-004a/interactivemode 1
10-20 20:14:33.585    1750-9729/? D/mot_vr_audio_hw﹕ dsp_set_pm_state = on
10-20 20:14:33.585  18278-18278/? D/ADSPD﹕ Client cmd=0x4002, size=2
10-20 20:14:33.585  18278-18278/? D/ADSPD﹕ DSP_CMD_DAEMON_SET_PM_STATE : 1
10-20 20:14:33.585    1750-9729/? D/PowerManagerService-JNI﹕ Excessive delay in setInteractive(true) while turning screen on: 117ms
10-20 20:14:33.595  18076-18076/? V/WearActivity﹕ Resume!
10-20 20:14:33.595  18076-18076/? V/MyViewAnim﹕ resume
10-20 20:14:33.595  18076-18076/? V/ClockFace﹕ clearing caches
10-20 20:14:33.595  18076-18076/? V/MyViewAnim﹕ new animator starting
10-20 20:14:33.595  18076-18076/? V/MyViewAnim﹕ Time listener is up!
10-20 20:14:33.595  18076-18076/? V/MyViewAnim﹕ starting draw thread from scratch
10-20 20:14:33.595    1866-1866/? E/ClockworkHome﹕ Tried to exit ambient mode, but enterAmbientMode() was never called.
10-20 20:14:33.595    1415-1415/? D/SurfaceFlinger﹕ Screen acquired, type=0 flinger=0xb7463448
10-20 20:14:33.605    1417-1521/? D/mot_vr_audio_hw﹕ dsp_recognizer_enabled = true
10-20 20:14:33.605    1417-3932/? D/mot_vr_audio_hw﹕ open_input_stream(): devices = 0x80000004, rate = 8000, channels = 0x10
10-20 20:14:33.605    1417-3932/? D/mot_vr_audio_hw﹕ Created resampler for 16000->8000 Hz
10-20 20:14:33.615    1750-1750/? V/ActivityManager﹕ Display changed displayId=0
10-20 20:14:33.625    1415-1415/? D/hwcomposer﹕ hwc_blank(0: 0)
10-20 20:14:33.625    1750-1776/? I/DisplayManagerService﹕ Display device changed: DisplayDeviceInfo{"Built-in Screen": 320 x 290, 45.000004 fps, density 213, 90.31111 x 136.40741 dpi, touch INTERNAL, rotation 0, type BUILT_IN, state ON, FLAG_DEFAULT_DISPLAY, FLAG_ROTATES_WITH_CONTENT, FLAG_SECURE, FLAG_SUPPORTS_PROTECTED_BUFFERS}
10-20 20:14:33.635    1750-1750/? W/InputMethodManagerService﹕ Ignoring setImeWindowStatus of uid 1000 token: null
10-20 20:14:33.645    1750-1750/? V/ActivityManager﹕ Display changed displayId=0
10-20 20:14:33.665   1417-18892/? D/mot_vr_audio_hw﹕ in_read waiting for hotword
10-20 20:14:33.675  18076-18076/? V/WearActivity﹕ initializing second-scale alarm
10-20 20:14:33.685  18076-18891/? V/ClockFace﹕ rendering new face, faceMode(0)
10-20 20:14:33.685  18278-18278/? E/ADSPD﹕ Timeout on select()
10-20 20:14:33.685  18278-18278/? E/ADSPD﹕ NO ACK received after loading firmware
10-20 20:14:33.685  18278-18278/? E/ADSPD﹕ Unknown ACK received 0x00
10-20 20:14:33.685  18278-18278/? D/ADSPD﹕ Client cmd=0x0003, size=4
10-20 20:14:33.695  18076-18076/? V/WearActivity﹕ display changed: 0, new state: 2
10-20 20:14:33.695  18076-18076/? I/ClockFace﹕ Ambient mode: false
10-20 20:14:33.695  18076-18076/? V/MyViewAnim﹕ resume
10-20 20:14:33.695  18076-18076/? V/ClockFace﹕ clearing caches
10-20 20:14:33.695  18076-18076/? V/MyViewAnim﹕ new animator starting
10-20 20:14:33.695  18076-18076/? V/MyViewAnim﹕ Time listener is up!
10-20 20:14:33.695  18076-18076/? V/MyViewAnim﹕ starting draw thread from scratch
10-20 20:14:33.705  18076-18076/? V/WearActivity﹕ onDisplayChanged: on!
10-20 20:14:33.715  18076-18076/? V/WearActivity﹕ display changed: 0, new state: 2
10-20 20:14:33.715  18076-18076/? I/ClockFace﹕ Ambient mode: false
10-20 20:14:33.715  18076-18076/? V/MyViewAnim﹕ resume
10-20 20:14:33.715  18076-18076/? V/ClockFace﹕ clearing caches
10-20 20:14:33.715  18076-18076/? V/MyViewAnim﹕ new animator starting
10-20 20:14:33.715  18076-18076/? V/MyViewAnim﹕ Time listener is up!
10-20 20:14:33.715  18076-18076/? V/MyViewAnim﹕ starting draw thread from scratch
10-20 20:14:33.715    1750-1804/? D/LightsService﹕ Excessive delay setting light: 52ms
10-20 20:14:33.715  18076-18076/? V/WearActivity﹕ onDisplayChanged: on!
10-20 20:14:33.715  18076-18076/? V/WearActivity﹕ display changed: 0, new state: 2
10-20 20:14:33.715  18076-18076/? I/ClockFace﹕ Ambient mode: false
10-20 20:14:33.725  18278-18278/? D/ADSPD﹕ Received from DSP: cmd=0xFC80, size=768
10-20 20:14:33.735  18076-18891/? V/ClockFace﹕ fetching new battery status (11574)
10-20 20:14:33.735  18076-18891/? V/ClockFace﹕ battery at 0.55
10-20 20:14:33.735    1750-9730/? D/SensorHAL﹕ adjustSensorHandle: handle = 9 adjustedHandle = 1
10-20 20:14:33.735    1750-9730/? D/SensorHAL﹕ adjustSensorHandle: handle = 9 adjustedHandle = 1
10-20 20:14:33.755    1750-3242/? D/SensorHAL﹕ adjustSensorHandle: handle = 9 adjustedHandle = 1
10-20 20:14:33.775    1750-1804/? D/LightsService﹕ Excessive delay setting light: 52ms
10-20 20:14:33.785  18076-18076/? V/MyViewAnim﹕ resume
10-20 20:14:33.785  18076-18076/? V/ClockFace﹕ clearing caches
10-20 20:14:33.785  18076-18076/? V/MyViewAnim﹕ resuming old animator!
10-20 20:14:33.785  18076-18076/? V/WearActivity﹕ onDisplayChanged: on!
10-20 20:14:33.825  18278-18278/? E/ADSPD﹕ Timeout on select()
10-20 20:14:33.825  18278-18278/? E/ADSPD﹕ Unable to read response body from DSP
10-20 20:14:33.825   1750-18280/? W/mot_vr_audio_hw﹕ received DSP disconnect callback (disconnect count 78, error count 21)
10-20 20:14:33.825   1417-18281/? W/mot_vr_audio_hw﹕ received DSP disconnect callback (disconnect count 78, error count 126)
10-20 20:14:33.855  18898-18898/? I/ADSPD﹕ DSP daemon started (version 960f73f)
10-20 20:14:33.875  18016-18018/? D/dalvikvm﹕ GC_CONCURRENT freed 856K, 40% free 2167K/3580K, paused 4ms+9ms, total 52ms
10-20 20:14:33.885  18076-18891/? V/ClockFace﹕ rendering new face, faceMode(0)
10-20 20:14:33.895  18076-18891/? V/ClockFace﹕ fetching new battery status (11576)
10-20 20:14:33.895  18076-18891/? V/ClockFace﹕ battery at 0.55
10-20 20:14:33.975  18898-18898/? D/ADSPD﹕ ACK success!
10-20 20:14:34.005    1750-1754/? D/dalvikvm﹕ GC_CONCURRENT freed 916K, 17% free 6031K/7248K, paused 7ms+15ms, total 94ms
10-20 20:14:34.005    1750-1778/? D/dalvikvm﹕ WAIT_FOR_CONCURRENT_GC blocked 41ms
10-20 20:14:34.145  18016-18018/? D/dalvikvm﹕ GC_CONCURRENT freed 188K, 33% free 2408K/3580K, paused 2ms+10ms, total 44ms
10-20 20:14:34.325  18016-18018/? D/dalvikvm﹕ GC_CONCURRENT freed 316K, 30% free 2532K/3580K, paused 2ms+4ms, total 42ms
10-20 20:14:34.425  18016-18018/? D/dalvikvm﹕ GC_CONCURRENT freed 391K, 30% free 2535K/3580K, paused 2ms+2ms, total 28ms
10-20 20:14:34.535  18016-18018/? D/dalvikvm﹕ GC_CONCURRENT freed 497K, 29% free 2547K/3580K, paused 4ms+17ms, total 59ms
10-20 20:14:34.656  18016-18018/? D/dalvikvm﹕ GC_CONCURRENT freed 459K, 29% free 2557K/3580K, paused 2ms+5ms, total 44ms
10-20 20:14:34.846    1750-1754/? D/dalvikvm﹕ GC_CONCURRENT freed 946K, 17% free 6050K/7284K, paused 17ms+4ms, total 117ms
10-20 20:14:34.846    1750-1778/? D/dalvikvm﹕ WAIT_FOR_CONCURRENT_GC blocked 83ms
10-20 20:14:34.846  18016-18018/? D/dalvikvm﹕ GC_CONCURRENT freed 422K, 29% free 2566K/3580K, paused 3ms+67ms, total 117ms
10-20 20:14:34.856   1750-18896/? D/mot_vr_audio_hw﹕ ADSPD connection is stale.  Reconnecting...
10-20 20:14:34.856  18898-18898/? D/ADSPD﹕ Incoming connection from client
10-20 20:14:34.856   1417-18897/? D/mot_vr_audio_hw﹕ ADSPD connection is stale.  Reconnecting...
10-20 20:14:34.856  18898-18898/? D/ADSPD﹕ Incoming connection from client
10-20 20:14:34.856   1750-18896/? D/mot_vr_audio_hw﹕ ADSPD connected successfully
10-20 20:14:34.856   1750-18896/? D/mot_vr_audio_hw﹕ reconnected to adspd
10-20 20:14:34.856   1417-18897/? D/mot_vr_audio_hw﹕ ADSPD connected successfully
10-20 20:14:34.856  18898-18898/? D/ADSPD﹕ Client cmd=0x0003, size=4
10-20 20:14:34.856   1417-18897/? D/mot_vr_audio_hw﹕ reconnected to adspd
10-20 20:14:34.866  18898-18898/? D/ADSPD﹕ Received from DSP: cmd=0x8003, size=2
10-20 20:14:34.866   1417-18901/? D/mot_vr_audio_hw﹕ received recognition control callback, status 0
10-20 20:14:35.206    1750-1754/? D/dalvikvm﹕ GC_CONCURRENT freed 966K, 17% free 6070K/7308K, paused 3ms+5ms, total 81ms
10-20 20:14:35.206    1750-1778/? D/dalvikvm﹕ WAIT_FOR_CONCURRENT_GC blocked 45ms
10-20 20:14:35.346    1750-1770/? I/ActivityManager﹕ Force stopping com.motorola.targetnotif appid=10012 user=-1: replace sys pkg
10-20 20:14:35.346    1750-1770/? I/ActivityManager﹕ Killing 2000:com.motorola.targetnotif/u0a12 (adj 15): stop com.motorola.targetnotif
10-20 20:14:35.346    1750-1770/? W/ActivityManager﹕ Scheduling restart of crashed service com.motorola.targetnotif/com.motorola.omni.SensorListenerService in 1000ms
10-20 20:14:35.346    1750-1770/? W/ActivityManager﹕ Scheduling restart of crashed service com.motorola.targetnotif/com.motorola.loop.analytics.WAService in 11000ms
10-20 20:14:35.356    1750-1770/? I/ActivityManager﹕ Force stopping service ServiceRecord{ade216b0 u0 com.motorola.targetnotif/com.motorola.loop.analytics.WAService}
