10-20 17:30:19.001    1750-1794/? D/ConnectivityService﹕ Setting timer for 720seconds
10-20 17:30:19.011    1750-1776/? I/DisplayManagerService﹕ Display device changed: DisplayDeviceInfo{"Built-in Screen": 320 x 290, 45.000004 fps, density 213, 90.31111 x 136.40741 dpi, touch INTERNAL, rotation 0, type BUILT_IN, state ON, FLAG_DEFAULT_DISPLAY, FLAG_ROTATES_WITH_CONTENT, FLAG_SECURE, FLAG_SUPPORTS_PROTECTED_BUFFERS}
10-20 17:30:19.031    1750-1750/? V/ActivityManager﹕ Display changed displayId=0
10-20 17:30:19.392    1750-1750/? W/InputMethodManagerService﹕ Ignoring setImeWindowStatus of uid 1000 token: null
10-20 17:30:19.422    1750-9729/? D/SensorHAL﹕ adjustSensorHandle: handle = 9 adjustedHandle = 1
10-20 17:30:19.422    1750-9729/? D/SensorHAL﹕ adjustSensorHandle: handle = 9 adjustedHandle = 1
10-20 17:30:19.442    1750-1800/? D/SensorHAL﹕ adjustSensorHandle: handle = 9 adjustedHandle = 1
10-20 17:30:23.856    1750-1780/? I/PowerManagerService﹕ Going to sleep due to screen timeout...
10-20 17:30:23.856    1750-1780/? I/PowerManagerService﹕ Dozing...
10-20 17:30:23.876    1750-1773/? I/DreamController﹕ Starting dream: name=ComponentInfo{com.google.android.wearable.app/com.google.android.clockwork.home.AmbientMode}, isTest=false, canDoze=true, userId=0
10-20 17:30:23.896    1750-1750/? W/InputMethodManagerService﹕ Ignoring setImeWindowStatus of uid 1000 token: null
10-20 17:30:24.046    1750-1925/? I/ActivityManager﹕ Delay finish: com.google.android.gms/.checkin.EventLogService$Receiver
10-20 17:30:24.096    1750-8727/? I/ActivityManager﹕ START u0 {act=android.intent.action.MAIN cat=[android.intent.category.HOME] flg=0x10000000 cmp=com.google.android.wearable.app/com.google.android.clockwork.home.HomeActivity (has extras)} from pid 1866 on display 0
10-20 17:30:24.106    1750-1750/? V/ActivityManager﹕ Display changed displayId=0
10-20 17:30:24.136    1750-1773/? I/DreamController﹕ Stopping dream: name=ComponentInfo{com.google.android.wearable.app/com.google.android.clockwork.home.AmbientMode}, isTest=false, canDoze=true, userId=0
10-20 17:30:24.136    1750-1780/? I/PowerManagerService﹕ Sleeping...
10-20 17:30:24.186    1750-2717/? I/ActivityManager﹕ Activity reported stop, but no longer stopping: ActivityRecord{ade13390 u0 com.google.android.wearable.app/com.google.android.clockwork.home.HomeActivity t1}
10-20 17:30:24.757    1750-9730/? I/ActivityManager﹕ Resuming delayed broadcast
10-20 17:30:25.007    1750-1776/? I/DisplayManagerService﹕ Display device changed: DisplayDeviceInfo{"Built-in Screen": 320 x 290, 45.000004 fps, density 213, 90.31111 x 136.40741 dpi, touch INTERNAL, rotation 0, type BUILT_IN, state OFF, FLAG_DEFAULT_DISPLAY, FLAG_ROTATES_WITH_CONTENT, FLAG_SECURE, FLAG_SUPPORTS_PROTECTED_BUFFERS}
10-20 17:30:25.017    1750-1750/? V/ActivityManager﹕ Display changed displayId=0
10-20 17:34:21.774    1750-1761/? I/ActivityManager﹕ Delay finish: com.google.android.gms/.gcm.ServiceAutoStarter
10-20 17:34:21.774    1750-2717/? I/ActivityManager﹕ Resuming delayed broadcast
10-20 17:35:51.939    1750-1767/? D/SensorHALGestureSensor﹕ Gesture event received! time = 1413844551944862010
10-20 17:35:51.939    1750-1760/? I/PowerManagerService﹕ Waking up from sleep...
10-20 17:35:51.939    1750-1774/? W/KeyguardServiceDelegate﹕ onScreenTurnedOn(): no keyguard service!
10-20 17:35:52.170    1750-1776/? I/DisplayManagerService﹕ Display device changed: DisplayDeviceInfo{"Built-in Screen": 320 x 290, 45.000004 fps, density 213, 90.31111 x 136.40741 dpi, touch INTERNAL, rotation 0, type BUILT_IN, state ON, FLAG_DEFAULT_DISPLAY, FLAG_ROTATES_WITH_CONTENT, FLAG_SECURE, FLAG_SUPPORTS_PROTECTED_BUFFERS}
10-20 17:35:52.190    1750-1750/? V/ActivityManager﹕ Display changed displayId=0
10-20 17:35:52.190    1750-1750/? V/ActivityManager﹕ Display changed displayId=0
10-20 17:35:52.190    1750-1750/? W/InputMethodManagerService﹕ Ignoring setImeWindowStatus of uid 1000 token: null
10-20 17:35:52.290    1750-1925/? D/SensorHAL﹕ adjustSensorHandle: handle = 9 adjustedHandle = 1
10-20 17:35:52.290    1750-1925/? D/SensorHAL﹕ adjustSensorHandle: handle = 9 adjustedHandle = 1
10-20 17:35:52.310    1750-2717/? D/SensorHAL﹕ adjustSensorHandle: handle = 9 adjustedHandle = 1
10-20 17:35:52.660    1750-1784/? I/PowerManagerService﹕ Going to sleep by user request...
10-20 17:35:52.660    1750-1780/? I/PowerManagerService﹕ Dozing...
10-20 17:35:52.700    1750-1773/? I/DreamController﹕ Starting dream: name=ComponentInfo{com.google.android.wearable.app/com.google.android.clockwork.home.AmbientMode}, isTest=false, canDoze=true, userId=0
10-20 17:35:52.730    1750-1750/? W/InputMethodManagerService﹕ Ignoring setImeWindowStatus of uid 1000 token: null
10-20 17:35:52.880    1750-9730/? I/ActivityManager﹕ START u0 {act=android.intent.action.MAIN cat=[android.intent.category.HOME] flg=0x10000000 cmp=com.google.android.wearable.app/com.google.android.clockwork.home.HomeActivity (has extras)} from pid 1866 on display 0
10-20 17:35:52.880    1750-1750/? V/ActivityManager﹕ Display changed displayId=0
10-20 17:35:52.900    1750-1773/? I/DreamController﹕ Stopping dream: name=ComponentInfo{com.google.android.wearable.app/com.google.android.clockwork.home.AmbientMode}, isTest=false, canDoze=true, userId=0
10-20 17:35:52.910    1750-1780/? I/PowerManagerService﹕ Sleeping...
10-20 17:35:52.980    1750-9730/? I/ActivityManager﹕ Activity reported stop, but no longer stopping: ActivityRecord{ade13390 u0 com.google.android.wearable.app/com.google.android.clockwork.home.HomeActivity t1}
10-20 17:35:53.681    1750-1776/? I/DisplayManagerService﹕ Display device changed: DisplayDeviceInfo{"Built-in Screen": 320 x 290, 45.000004 fps, density 213, 90.31111 x 136.40741 dpi, touch INTERNAL, rotation 0, type BUILT_IN, state OFF, FLAG_DEFAULT_DISPLAY, FLAG_ROTATES_WITH_CONTENT, FLAG_SECURE, FLAG_SUPPORTS_PROTECTED_BUFFERS}
10-20 17:35:53.691    1750-1750/? V/ActivityManager﹕ Display changed displayId=0
10-20 17:35:53.701    1750-1784/? I/PowerManagerService﹕ Waking up from sleep...
10-20 17:35:53.701    1750-1774/? W/KeyguardServiceDelegate﹕ onScreenTurnedOn(): no keyguard service!
10-20 17:35:53.851    1750-1776/? I/DisplayManagerService﹕ Display device changed: DisplayDeviceInfo{"Built-in Screen": 320 x 290, 45.000004 fps, density 213, 90.31111 x 136.40741 dpi, touch INTERNAL, rotation 0, type BUILT_IN, state ON, FLAG_DEFAULT_DISPLAY, FLAG_ROTATES_WITH_CONTENT, FLAG_SECURE, FLAG_SUPPORTS_PROTECTED_BUFFERS}
10-20 17:35:53.871    1750-1750/? V/ActivityManager﹕ Display changed displayId=0
10-20 17:35:53.891    1750-1750/? V/ActivityManager﹕ Display changed displayId=0
10-20 17:35:53.891    1750-1750/? W/InputMethodManagerService﹕ Ignoring setImeWindowStatus of uid 1000 token: null
10-20 17:35:53.981    1750-1881/? D/SensorHAL﹕ adjustSensorHandle: handle = 9 adjustedHandle = 1
10-20 17:35:53.981    1750-1881/? D/SensorHAL﹕ adjustSensorHandle: handle = 9 adjustedHandle = 1
10-20 17:35:54.001    1750-8727/? D/SensorHAL﹕ adjustSensorHandle: handle = 9 adjustedHandle = 1
10-20 17:35:58.686    1750-1780/? I/PowerManagerService﹕ Going to sleep due to screen timeout...
10-20 17:35:58.686    1750-1780/? I/PowerManagerService﹕ Dozing...
10-20 17:35:58.686    1750-1773/? I/DreamController﹕ Starting dream: name=ComponentInfo{com.google.android.wearable.app/com.google.android.clockwork.home.AmbientMode}, isTest=false, canDoze=true, userId=0
10-20 17:35:58.756    1750-1800/? I/ActivityManager﹕ START u0 {act=android.intent.action.MAIN cat=[android.intent.category.HOME] flg=0x10000000 cmp=com.google.android.wearable.app/com.google.android.clockwork.home.HomeActivity (has extras)} from pid 1866 on display 0
10-20 17:35:58.766    1750-1773/? I/DreamController﹕ Stopping dream: name=ComponentInfo{com.google.android.wearable.app/com.google.android.clockwork.home.AmbientMode}, isTest=false, canDoze=true, userId=0
10-20 17:35:58.766    1750-1780/? I/PowerManagerService﹕ Sleeping...
10-20 17:35:59.477    1750-1776/? I/DisplayManagerService﹕ Display device changed: DisplayDeviceInfo{"Built-in Screen": 320 x 290, 45.000004 fps, density 213, 90.31111 x 136.40741 dpi, touch INTERNAL, rotation 0, type BUILT_IN, state OFF, FLAG_DEFAULT_DISPLAY, FLAG_ROTATES_WITH_CONTENT, FLAG_SECURE, FLAG_SUPPORTS_PROTECTED_BUFFERS}
10-20 17:35:59.477    1750-1750/? V/ActivityManager﹕ Display changed displayId=0
10-20 17:35:59.527    1750-1750/? W/InputMethodManagerService﹕ Ignoring setImeWindowStatus of uid 1000 token: null
10-20 17:37:00.216    1750-1925/? I/ActivityManager﹕ START u0 {act=android.intent.action.MAIN cat=[android.intent.category.HOME] flg=0x10000000 cmp=com.google.android.wearable.app/com.google.android.clockwork.home.HomeActivity (has extras)} from pid 1866 on display 0
10-20 17:37:51.656    1750-1767/? D/SensorHALGestureSensor﹕ Gesture event received! time = 1413844671661750421
10-20 17:37:51.656    1750-1761/? I/PowerManagerService﹕ Waking up from sleep...
10-20 17:37:51.656    1750-1774/? W/KeyguardServiceDelegate﹕ onScreenTurnedOn(): no keyguard service!
10-20 17:37:51.866    1750-1750/? W/InputMethodManagerService﹕ Ignoring setImeWindowStatus of uid 1000 token: null
10-20 17:37:51.886    1750-1776/? I/DisplayManagerService﹕ Display device changed: DisplayDeviceInfo{"Built-in Screen": 320 x 290, 45.000004 fps, density 213, 90.31111 x 136.40741 dpi, touch INTERNAL, rotation 0, type BUILT_IN, state ON, FLAG_DEFAULT_DISPLAY, FLAG_ROTATES_WITH_CONTENT, FLAG_SECURE, FLAG_SUPPORTS_PROTECTED_BUFFERS}
10-20 17:37:51.916    1750-1750/? V/ActivityManager﹕ Display changed displayId=0
10-20 17:37:52.047    1750-3242/? D/SensorHAL﹕ adjustSensorHandle: handle = 9 adjustedHandle = 1
10-20 17:37:52.047    1750-3242/? D/SensorHAL﹕ adjustSensorHandle: handle = 9 adjustedHandle = 1
10-20 17:37:52.077    1750-8727/? D/SensorHAL﹕ adjustSensorHandle: handle = 9 adjustedHandle = 1
10-20 17:37:56.861    1750-1760/? I/PowerManagerService﹕ Going to sleep due to screen timeout...
10-20 17:37:56.861    1750-1780/? I/PowerManagerService﹕ Dozing...
10-20 17:37:56.861    1750-1773/? I/DreamController﹕ Starting dream: name=ComponentInfo{com.google.android.wearable.app/com.google.android.clockwork.home.AmbientMode}, isTest=false, canDoze=true, userId=0
10-20 17:37:56.961    1750-8727/? I/ActivityManager﹕ START u0 {act=android.intent.action.MAIN cat=[android.intent.category.HOME] flg=0x10000000 cmp=com.google.android.wearable.app/com.google.android.clockwork.home.HomeActivity (has extras)} from pid 1866 on display 0
10-20 17:37:56.961    1750-1773/? I/DreamController﹕ Stopping dream: name=ComponentInfo{com.google.android.wearable.app/com.google.android.clockwork.home.AmbientMode}, isTest=false, canDoze=true, userId=0
10-20 17:37:56.961    1750-1780/? I/PowerManagerService﹕ Sleeping...
10-20 17:37:57.762    1750-1776/? I/DisplayManagerService﹕ Display device changed: DisplayDeviceInfo{"Built-in Screen": 320 x 290, 45.000004 fps, density 213, 90.31111 x 136.40741 dpi, touch INTERNAL, rotation 0, type BUILT_IN, state OFF, FLAG_DEFAULT_DISPLAY, FLAG_ROTATES_WITH_CONTENT, FLAG_SECURE, FLAG_SUPPORTS_PROTECTED_BUFFERS}
10-20 17:37:57.762    1750-1750/? V/ActivityManager﹕ Display changed displayId=0
10-20 17:37:58.032    1750-1750/? W/InputMethodManagerService﹕ Ignoring setImeWindowStatus of uid 1000 token: null
10-20 17:41:20.328    1750-1784/? I/PowerManagerService﹕ Waking up from sleep...
10-20 17:41:20.328    1750-1774/? W/KeyguardServiceDelegate﹕ onScreenTurnedOn(): no keyguard service!
10-20 17:41:20.528    1750-1776/? I/DisplayManagerService﹕ Display device changed: DisplayDeviceInfo{"Built-in Screen": 320 x 290, 45.000004 fps, density 213, 90.31111 x 136.40741 dpi, touch INTERNAL, rotation 0, type BUILT_IN, state ON, FLAG_DEFAULT_DISPLAY, FLAG_ROTATES_WITH_CONTENT, FLAG_SECURE, FLAG_SUPPORTS_PROTECTED_BUFFERS}
10-20 17:41:20.558    1750-1750/? V/ActivityManager﹕ Display changed displayId=0
10-20 17:41:20.578    1750-1750/? W/InputMethodManagerService﹕ Ignoring setImeWindowStatus of uid 1000 token: null
10-20 17:41:20.678    1750-1881/? D/SensorHAL﹕ adjustSensorHandle: handle = 9 adjustedHandle = 1
10-20 17:41:20.678    1750-1881/? D/SensorHAL﹕ adjustSensorHandle: handle = 9 adjustedHandle = 1
10-20 17:41:20.708    1750-1760/? D/SensorHAL﹕ adjustSensorHandle: handle = 9 adjustedHandle = 1
10-20 17:41:22.390    1750-1776/? I/DisplayManagerService﹕ Display device changed: DisplayDeviceInfo{"ActivityViewVirtualDisplay": 320 x 320, 60.0 fps, density 213, 213.0 x 213.0 dpi, touch NONE, rotation 0, type VIRTUAL, state OFF, owner android (uid 1000), FLAG_OWN_CONTENT_ONLY}
10-20 17:41:22.390    1750-1750/? V/ActivityManager﹕ Display changed displayId=21
10-20 17:41:22.710    1750-1750/? V/ActivityManager﹕ Display changed displayId=0
10-20 17:41:22.740    1750-1776/? I/DisplayManagerService﹕ Display device changed: DisplayDeviceInfo{"ActivityViewVirtualDisplay": 320 x 320, 60.0 fps, density 213, 213.0 x 213.0 dpi, touch NONE, rotation 0, type VIRTUAL, state ON, owner android (uid 1000), FLAG_OWN_CONTENT_ONLY}
10-20 17:41:22.740    1750-1750/? V/ActivityManager﹕ Display changed displayId=21
10-20 17:41:27.775    1750-9729/? I/ActivityManager﹕ Killing 16971:android.process.media/u0a9 (adj 15): empty for 1801s
10-20 17:41:32.019    1750-1780/? I/PowerManagerService﹕ Going to sleep due to screen timeout...
10-20 17:41:32.019    1750-1780/? I/PowerManagerService﹕ Dozing...
10-20 17:41:32.029    1750-1773/? I/DreamController﹕ Starting dream: name=ComponentInfo{com.google.android.wearable.app/com.google.android.clockwork.home.AmbientMode}, isTest=false, canDoze=true, userId=0
10-20 17:41:32.029    1750-1773/? I/ActivityManager﹕ Killing 13746:com.google.android.apps.maps/u0a20 (adj 15): empty for 1801s
10-20 17:41:32.039    1750-1773/? I/ActivityManager﹕ Killing 13051:com.google.android.keep/u0a18 (adj 15): empty for 1801s
10-20 17:41:32.039    1750-1773/? I/ActivityManager﹕ Killing 16889:com.trello/u0a17 (adj 15): empty for 1801s
10-20 17:41:32.049    1750-1773/? I/ActivityManager﹕ Killing 16874:com.google.android.deskclock/u0a16 (adj 15): empty for 1801s
10-20 17:41:32.059    1750-1773/? I/ActivityManager﹕ Killing 16865:com.google.android.apps.wearable.bugreportsender/u0a2 (adj 15): empty for 1801s
10-20 17:41:32.109    1750-1750/? W/InputMethodManagerService﹕ Ignoring setImeWindowStatus of uid 1000 token: null
10-20 17:41:32.359    1750-9729/? I/ActivityManager﹕ START u0 {act=android.intent.action.MAIN cat=[android.intent.category.HOME] flg=0x10000000 cmp=com.google.android.wearable.app/com.google.android.clockwork.home.HomeActivity (has extras)} from pid 1866 on display 0
10-20 17:41:32.369    1750-1773/? I/DreamController﹕ Stopping dream: name=ComponentInfo{com.google.android.wearable.app/com.google.android.clockwork.home.AmbientMode}, isTest=false, canDoze=true, userId=0
10-20 17:41:32.379    1750-1780/? I/PowerManagerService﹕ Sleeping...
10-20 17:41:32.449    1750-1881/? I/ActivityManager﹕ Activity reported stop, but no longer stopping: ActivityRecord{ade13390 u0 com.google.android.wearable.app/com.google.android.clockwork.home.HomeActivity t1}
10-20 17:41:33.120    1750-1776/? I/DisplayManagerService﹕ Display device changed: DisplayDeviceInfo{"Built-in Screen": 320 x 290, 45.000004 fps, density 213, 90.31111 x 136.40741 dpi, touch INTERNAL, rotation 0, type BUILT_IN, state OFF, FLAG_DEFAULT_DISPLAY, FLAG_ROTATES_WITH_CONTENT, FLAG_SECURE, FLAG_SUPPORTS_PROTECTED_BUFFERS}
10-20 17:41:33.130    1750-1750/? V/ActivityManager﹕ Display changed displayId=0
10-20 17:41:33.510    1750-1767/? D/SensorHALGestureSensor﹕ Gesture event received! time = 1413844893516975022
10-20 17:41:33.510    1750-1800/? I/PowerManagerService﹕ Waking up from sleep...
10-20 17:41:33.510    1750-1774/? W/KeyguardServiceDelegate﹕ onScreenTurnedOn(): no keyguard service!
10-20 17:41:33.691    1750-1750/? V/ActivityManager﹕ Display changed displayId=0
10-20 17:41:33.691    1750-1776/? I/DisplayManagerService﹕ Display device changed: DisplayDeviceInfo{"Built-in Screen": 320 x 290, 45.000004 fps, density 213, 90.31111 x 136.40741 dpi, touch INTERNAL, rotation 0, type BUILT_IN, state ON, FLAG_DEFAULT_DISPLAY, FLAG_ROTATES_WITH_CONTENT, FLAG_SECURE, FLAG_SUPPORTS_PROTECTED_BUFFERS}
10-20 17:41:33.701    1750-1750/? W/InputMethodManagerService﹕ Ignoring setImeWindowStatus of uid 1000 token: null
10-20 17:41:33.701    1750-1750/? V/ActivityManager﹕ Display changed displayId=0
10-20 17:41:33.821    1750-9730/? D/SensorHAL﹕ adjustSensorHandle: handle = 9 adjustedHandle = 1
10-20 17:41:33.821    1750-9730/? D/SensorHAL﹕ adjustSensorHandle: handle = 9 adjustedHandle = 1
10-20 17:41:33.831    1750-1761/? D/SensorHAL﹕ adjustSensorHandle: handle = 9 adjustedHandle = 1
10-20 17:41:38.675    1750-3242/? I/PowerManagerService﹕ Going to sleep due to screen timeout...
10-20 17:41:38.675    1750-1780/? I/PowerManagerService﹕ Dozing...
10-20 17:41:38.685    1750-1773/? I/DreamController﹕ Starting dream: name=ComponentInfo{com.google.android.wearable.app/com.google.android.clockwork.home.AmbientMode}, isTest=false, canDoze=true, userId=0
10-20 17:41:38.746    1750-1760/? I/ActivityManager﹕ START u0 {act=android.intent.action.MAIN cat=[android.intent.category.HOME] flg=0x10000000 cmp=com.google.android.wearable.app/com.google.android.clockwork.home.HomeActivity (has extras)} from pid 1866 on display 0
10-20 17:41:38.746    1750-1773/? I/DreamController﹕ Stopping dream: name=ComponentInfo{com.google.android.wearable.app/com.google.android.clockwork.home.AmbientMode}, isTest=false, canDoze=true, userId=0
10-20 17:41:38.756    1750-1780/? I/PowerManagerService﹕ Sleeping...
10-20 17:41:39.356    1750-1776/? I/DisplayManagerService﹕ Display device changed: DisplayDeviceInfo{"Built-in Screen": 320 x 290, 45.000004 fps, density 213, 90.31111 x 136.40741 dpi, touch INTERNAL, rotation 0, type BUILT_IN, state OFF, FLAG_DEFAULT_DISPLAY, FLAG_ROTATES_WITH_CONTENT, FLAG_SECURE, FLAG_SUPPORTS_PROTECTED_BUFFERS}
10-20 17:41:39.356    1750-1750/? V/ActivityManager﹕ Display changed displayId=0
10-20 17:41:39.526    1750-1750/? W/InputMethodManagerService﹕ Ignoring setImeWindowStatus of uid 1000 token: null
10-20 17:41:58.450    1750-1767/? D/SensorHALGestureSensor﹕ Gesture event received! time = 1413844918461799233
10-20 17:41:58.460    1750-1800/? I/PowerManagerService﹕ Waking up from sleep...
10-20 17:41:58.460    1750-1774/? W/KeyguardServiceDelegate﹕ onScreenTurnedOn(): no keyguard service!
10-20 17:41:58.580    1750-1750/? W/InputMethodManagerService﹕ Ignoring setImeWindowStatus of uid 1000 token: null
10-20 17:41:58.630    1750-1776/? I/DisplayManagerService﹕ Display device changed: DisplayDeviceInfo{"Built-in Screen": 320 x 290, 45.000004 fps, density 213, 90.31111 x 136.40741 dpi, touch INTERNAL, rotation 0, type BUILT_IN, state ON, FLAG_DEFAULT_DISPLAY, FLAG_ROTATES_WITH_CONTENT, FLAG_SECURE, FLAG_SUPPORTS_PROTECTED_BUFFERS}
10-20 17:41:58.660    1750-1750/? V/ActivityManager﹕ Display changed displayId=0
10-20 17:41:58.690    1750-9730/? D/SensorHAL﹕ adjustSensorHandle: handle = 9 adjustedHandle = 1
10-20 17:41:58.690    1750-9730/? D/SensorHAL﹕ adjustSensorHandle: handle = 9 adjustedHandle = 1
10-20 17:41:58.740    1750-8727/? D/SensorHAL﹕ adjustSensorHandle: handle = 9 adjustedHandle = 1
10-20 17:42:03.595    1750-9730/? I/PowerManagerService﹕ Going to sleep due to screen timeout...
10-20 17:42:03.595    1750-1780/? I/PowerManagerService﹕ Dozing...
10-20 17:42:03.595    1750-1773/? I/DreamController﹕ Starting dream: name=ComponentInfo{com.google.android.wearable.app/com.google.android.clockwork.home.AmbientMode}, isTest=false, canDoze=true, userId=0
10-20 17:42:03.675    1750-1761/? I/ActivityManager﹕ START u0 {act=android.intent.action.MAIN cat=[android.intent.category.HOME] flg=0x10000000 cmp=com.google.android.wearable.app/com.google.android.clockwork.home.HomeActivity (has extras)} from pid 1866 on display 0
10-20 17:42:03.675    1750-1773/? I/DreamController﹕ Stopping dream: name=ComponentInfo{com.google.android.wearable.app/com.google.android.clockwork.home.AmbientMode}, isTest=false, canDoze=true, userId=0
10-20 17:42:03.685    1750-1780/? I/PowerManagerService﹕ Sleeping...
10-20 17:42:04.335    1750-1776/? I/DisplayManagerService﹕ Display device changed: DisplayDeviceInfo{"Built-in Screen": 320 x 290, 45.000004 fps, density 213, 90.31111 x 136.40741 dpi, touch INTERNAL, rotation 0, type BUILT_IN, state OFF, FLAG_DEFAULT_DISPLAY, FLAG_ROTATES_WITH_CONTENT, FLAG_SECURE, FLAG_SUPPORTS_PROTECTED_BUFFERS}
10-20 17:42:04.335    1750-1750/? V/ActivityManager﹕ Display changed displayId=0
10-20 17:42:04.766    1750-1750/? W/InputMethodManagerService﹕ Ignoring setImeWindowStatus of uid 1000 token: null
10-20 17:42:23.641    1750-1767/? D/SensorHALGestureSensor﹕ Gesture event received! time = 1413844943646918856
10-20 17:42:23.641    1750-1925/? I/PowerManagerService﹕ Waking up from sleep...
10-20 17:42:23.641    1750-1774/? W/KeyguardServiceDelegate﹕ onScreenTurnedOn(): no keyguard service!
10-20 17:42:23.922    1750-1776/? I/DisplayManagerService﹕ Display device changed: DisplayDeviceInfo{"Built-in Screen": 320 x 290, 45.000004 fps, density 213, 90.31111 x 136.40741 dpi, touch INTERNAL, rotation 0, type BUILT_IN, state ON, FLAG_DEFAULT_DISPLAY, FLAG_ROTATES_WITH_CONTENT, FLAG_SECURE, FLAG_SUPPORTS_PROTECTED_BUFFERS}
10-20 17:42:23.932    1750-1794/? D/ConnectivityService﹕ Sampling interval elapsed, updating statistics ..
10-20 17:42:23.952    1750-1750/? V/ActivityManager﹕ Display changed displayId=0
10-20 17:42:23.952    1750-1794/? D/ConnectivityService﹕ Done.
10-20 17:42:23.952    1750-1794/? D/ConnectivityService﹕ Setting timer for 720seconds
10-20 17:42:23.962    1750-1750/? W/InputMethodManagerService﹕ Ignoring setImeWindowStatus of uid 1000 token: null
10-20 17:42:24.062    1750-9730/? D/SensorHAL﹕ adjustSensorHandle: handle = 9 adjustedHandle = 1
10-20 17:42:24.062    1750-9730/? D/SensorHAL﹕ adjustSensorHandle: handle = 9 adjustedHandle = 1
10-20 17:42:24.082    1750-1761/? D/SensorHAL﹕ adjustSensorHandle: handle = 9 adjustedHandle = 1
10-20 17:42:28.896    1750-1760/? I/PowerManagerService﹕ Going to sleep due to screen timeout...
10-20 17:42:28.896    1750-1780/? I/PowerManagerService﹕ Dozing...
10-20 17:42:28.896    1750-1773/? I/DreamController﹕ Starting dream: name=ComponentInfo{com.google.android.wearable.app/com.google.android.clockwork.home.AmbientMode}, isTest=false, canDoze=true, userId=0
10-20 17:42:28.967    1750-3242/? I/ActivityManager﹕ START u0 {act=android.intent.action.MAIN cat=[android.intent.category.HOME] flg=0x10000000 cmp=com.google.android.wearable.app/com.google.android.clockwork.home.HomeActivity (has extras)} from pid 1866 on display 0
10-20 17:42:28.967    1750-1773/? I/DreamController﹕ Stopping dream: name=ComponentInfo{com.google.android.wearable.app/com.google.android.clockwork.home.AmbientMode}, isTest=false, canDoze=true, userId=0
10-20 17:42:28.977    1750-1780/? I/PowerManagerService﹕ Sleeping...
10-20 17:42:29.667    1750-1776/? I/DisplayManagerService﹕ Display device changed: DisplayDeviceInfo{"Built-in Screen": 320 x 290, 45.000004 fps, density 213, 90.31111 x 136.40741 dpi, touch INTERNAL, rotation 0, type BUILT_IN, state OFF, FLAG_DEFAULT_DISPLAY, FLAG_ROTATES_WITH_CONTENT, FLAG_SECURE, FLAG_SUPPORTS_PROTECTED_BUFFERS}
10-20 17:42:29.667    1750-1750/? V/ActivityManager﹕ Display changed displayId=0
10-20 17:42:29.717    1750-1750/? W/InputMethodManagerService﹕ Ignoring setImeWindowStatus of uid 1000 token: null
10-20 17:46:58.218    1750-1761/? I/ActivityManager﹕ Delay finish: com.google.android.gms/.gcm.ServiceAutoStarter
10-20 17:46:58.218    1750-2717/? I/ActivityManager﹕ Resuming delayed broadcast
10-20 17:49:08.797    1750-1767/? D/SensorHALGestureSensor﹕ Gesture event received! time = 1413845348802375380
10-20 17:49:08.797    1750-8727/? I/PowerManagerService﹕ Waking up from sleep...
10-20 17:49:08.807    1750-1774/? W/KeyguardServiceDelegate﹕ onScreenTurnedOn(): no keyguard service!
10-20 17:49:08.997    1750-1776/? I/DisplayManagerService﹕ Display device changed: DisplayDeviceInfo{"Built-in Screen": 320 x 290, 45.000004 fps, density 213, 90.31111 x 136.40741 dpi, touch INTERNAL, rotation 0, type BUILT_IN, state ON, FLAG_DEFAULT_DISPLAY, FLAG_ROTATES_WITH_CONTENT, FLAG_SECURE, FLAG_SUPPORTS_PROTECTED_BUFFERS}
10-20 17:49:09.027    1750-1750/? V/ActivityManager﹕ Display changed displayId=0
10-20 17:49:09.027    1750-1750/? W/InputMethodManagerService﹕ Ignoring setImeWindowStatus of uid 1000 token: null
10-20 17:49:09.117    1750-2717/? D/SensorHAL﹕ adjustSensorHandle: handle = 9 adjustedHandle = 1
10-20 17:49:09.117    1750-2717/? D/SensorHAL﹕ adjustSensorHandle: handle = 9 adjustedHandle = 1
10-20 17:49:09.127    1750-9729/? D/SensorHAL﹕ adjustSensorHandle: handle = 9 adjustedHandle = 1
10-20 17:49:14.012    1750-1925/? I/PowerManagerService﹕ Going to sleep due to screen timeout...
10-20 17:49:14.012    1750-1780/? I/PowerManagerService﹕ Dozing...
10-20 17:49:14.012    1750-1773/? I/DreamController﹕ Starting dream: name=ComponentInfo{com.google.android.wearable.app/com.google.android.clockwork.home.AmbientMode}, isTest=false, canDoze=true, userId=0
10-20 17:49:14.082    1750-2717/? I/ActivityManager﹕ START u0 {act=android.intent.action.MAIN cat=[android.intent.category.HOME] flg=0x10000000 cmp=com.google.android.wearable.app/com.google.android.clockwork.home.HomeActivity (has extras)} from pid 1866 on display 0
10-20 17:49:14.092    1750-1773/? I/DreamController﹕ Stopping dream: name=ComponentInfo{com.google.android.wearable.app/com.google.android.clockwork.home.AmbientMode}, isTest=false, canDoze=true, userId=0
10-20 17:49:14.102    1750-1780/? I/PowerManagerService﹕ Sleeping...
10-20 17:49:14.813    1750-1776/? I/DisplayManagerService﹕ Display device changed: DisplayDeviceInfo{"Built-in Screen": 320 x 290, 45.000004 fps, density 213, 90.31111 x 136.40741 dpi, touch INTERNAL, rotation 0, type BUILT_IN, state OFF, FLAG_DEFAULT_DISPLAY, FLAG_ROTATES_WITH_CONTENT, FLAG_SECURE, FLAG_SUPPORTS_PROTECTED_BUFFERS}
10-20 17:49:14.823    1750-1750/? V/ActivityManager﹕ Display changed displayId=0
10-20 17:49:14.873    1750-1750/? W/InputMethodManagerService﹕ Ignoring setImeWindowStatus of uid 1000 token: null
10-20 17:49:36.909    1750-1925/? I/ActivityManager﹕ Delay finish: com.google.android.gms/.gcm.ServiceAutoStarter
10-20 17:49:36.909    1750-2717/? I/ActivityManager﹕ Resuming delayed broadcast
10-20 17:54:27.737    1750-1794/? D/ConnectivityService﹕ Sampling interval elapsed, updating statistics ..
10-20 17:54:27.737    1750-1794/? D/ConnectivityService﹕ Done.
10-20 17:54:27.737    1750-1794/? D/ConnectivityService﹕ Setting timer for 720seconds
10-20 17:54:27.827    1750-8727/? I/ActivityManager﹕ Delay finish: com.google.android.gms/.checkin.CheckinService$Receiver
10-20 17:54:29.569    1750-1760/? I/ActivityManager﹕ Resuming delayed broadcast
10-20 17:57:13.353    1750-9730/? I/ActivityManager﹕ Delay finish: com.google.android.gms/.gcm.ServiceAutoStarter
10-20 17:57:13.353    1750-1881/? I/ActivityManager﹕ Resuming delayed broadcast
10-20 17:58:00.756    1750-1767/? D/SensorHALGestureSensor﹕ Gesture event received! time = 1413845880761115580
10-20 17:58:00.756    1750-9729/? I/PowerManagerService﹕ Waking up from sleep...
10-20 17:58:00.766    1750-1774/? W/KeyguardServiceDelegate﹕ onScreenTurnedOn(): no keyguard service!
10-20 17:58:01.016    1750-1776/? I/DisplayManagerService﹕ Display device changed: DisplayDeviceInfo{"Built-in Screen": 320 x 290, 45.000004 fps, density 213, 90.31111 x 136.40741 dpi, touch INTERNAL, rotation 0, type BUILT_IN, state ON, FLAG_DEFAULT_DISPLAY, FLAG_ROTATES_WITH_CONTENT, FLAG_SECURE, FLAG_SUPPORTS_PROTECTED_BUFFERS}
10-20 17:58:01.016    1750-1750/? V/ActivityManager﹕ Display changed displayId=0
10-20 17:58:01.166    1750-1750/? W/InputMethodManagerService﹕ Ignoring setImeWindowStatus of uid 1000 token: null
10-20 17:58:01.266    1750-2717/? D/SensorHAL﹕ adjustSensorHandle: handle = 9 adjustedHandle = 1
10-20 17:58:01.266    1750-2717/? D/SensorHAL﹕ adjustSensorHandle: handle = 9 adjustedHandle = 1
10-20 17:58:01.276    1750-1761/? D/SensorHAL﹕ adjustSensorHandle: handle = 9 adjustedHandle = 1
10-20 17:58:06.021    1750-9730/? I/PowerManagerService﹕ Going to sleep due to screen timeout...
10-20 17:58:06.021    1750-1780/? I/PowerManagerService﹕ Dozing...
10-20 17:58:06.021    1750-1773/? I/DreamController﹕ Starting dream: name=ComponentInfo{com.google.android.wearable.app/com.google.android.clockwork.home.AmbientMode}, isTest=false, canDoze=true, userId=0
10-20 17:58:06.111    1750-3242/? I/ActivityManager﹕ START u0 {act=android.intent.action.MAIN cat=[android.intent.category.HOME] flg=0x10000000 cmp=com.google.android.wearable.app/com.google.android.clockwork.home.HomeActivity (has extras)} from pid 1866 on display 0
10-20 17:58:06.121    1750-1773/? I/DreamController﹕ Stopping dream: name=ComponentInfo{com.google.android.wearable.app/com.google.android.clockwork.home.AmbientMode}, isTest=false, canDoze=true, userId=0
10-20 17:58:06.151    1750-1780/? I/PowerManagerService﹕ Sleeping...
10-20 17:58:06.201    1750-1750/? W/InputMethodManagerService﹕ Ignoring setImeWindowStatus of uid 1000 token: null
10-20 17:58:06.872    1750-1776/? I/DisplayManagerService﹕ Display device changed: DisplayDeviceInfo{"Built-in Screen": 320 x 290, 45.000004 fps, density 213, 90.31111 x 136.40741 dpi, touch INTERNAL, rotation 0, type BUILT_IN, state OFF, FLAG_DEFAULT_DISPLAY, FLAG_ROTATES_WITH_CONTENT, FLAG_SECURE, FLAG_SUPPORTS_PROTECTED_BUFFERS}
10-20 17:58:06.872    1750-1750/? V/ActivityManager﹕ Display changed displayId=0
10-20 17:58:11.355    1750-1767/? D/SensorHALGestureSensor﹕ Gesture event received! time = 1413845891368293309
10-20 17:58:11.355    1750-3242/? I/PowerManagerService﹕ Waking up from sleep...
10-20 17:58:11.365    1750-1774/? W/KeyguardServiceDelegate﹕ onScreenTurnedOn(): no keyguard service!
10-20 17:58:11.585    1750-1750/? W/InputMethodManagerService﹕ Ignoring setImeWindowStatus of uid 1000 token: null
10-20 17:58:11.595    1750-1776/? I/DisplayManagerService﹕ Display device changed: DisplayDeviceInfo{"Built-in Screen": 320 x 290, 45.000004 fps, density 213, 90.31111 x 136.40741 dpi, touch INTERNAL, rotation 0, type BUILT_IN, state ON, FLAG_DEFAULT_DISPLAY, FLAG_ROTATES_WITH_CONTENT, FLAG_SECURE, FLAG_SUPPORTS_PROTECTED_BUFFERS}
10-20 17:58:11.645    1750-1750/? V/ActivityManager﹕ Display changed displayId=0
10-20 17:58:11.735    1750-1761/? D/SensorHAL﹕ adjustSensorHandle: handle = 9 adjustedHandle = 1
10-20 17:58:11.735    1750-1761/? D/SensorHAL﹕ adjustSensorHandle: handle = 9 adjustedHandle = 1
10-20 17:58:11.755    1750-3242/? D/SensorHAL﹕ adjustSensorHandle: handle = 9 adjustedHandle = 1
10-20 17:58:16.600    1750-9729/? I/PowerManagerService﹕ Going to sleep due to screen timeout...
10-20 17:58:16.600    1750-1780/? I/PowerManagerService﹕ Dozing...
10-20 17:58:16.600    1750-1773/? I/DreamController﹕ Starting dream: name=ComponentInfo{com.google.android.wearable.app/com.google.android.clockwork.home.AmbientMode}, isTest=false, canDoze=true, userId=0
10-20 17:58:16.690    1750-1761/? I/ActivityManager﹕ START u0 {act=android.intent.action.MAIN cat=[android.intent.category.HOME] flg=0x10000000 cmp=com.google.android.wearable.app/com.google.android.clockwork.home.HomeActivity (has extras)} from pid 1866 on display 0
10-20 17:58:16.690    1750-1773/? I/DreamController﹕ Stopping dream: name=ComponentInfo{com.google.android.wearable.app/com.google.android.clockwork.home.AmbientMode}, isTest=false, canDoze=true, userId=0
10-20 17:58:16.710    1750-1780/? I/PowerManagerService﹕ Sleeping...
10-20 17:58:17.331    1750-1776/? I/DisplayManagerService﹕ Display device changed: DisplayDeviceInfo{"Built-in Screen": 320 x 290, 45.000004 fps, density 213, 90.31111 x 136.40741 dpi, touch INTERNAL, rotation 0, type BUILT_IN, state OFF, FLAG_DEFAULT_DISPLAY, FLAG_ROTATES_WITH_CONTENT, FLAG_SECURE, FLAG_SUPPORTS_PROTECTED_BUFFERS}
10-20 17:58:17.331    1750-1750/? V/ActivityManager﹕ Display changed displayId=0
10-20 17:58:17.381    1750-1750/? W/InputMethodManagerService﹕ Ignoring setImeWindowStatus of uid 1000 token: null
10-20 17:58:54.143    1750-2717/? I/ActivityManager﹕ Delay finish: com.google.android.gms/.gcm.ServiceAutoStarter
10-20 17:58:54.143    1750-9730/? I/ActivityManager﹕ Resuming delayed broadcast
10-20 17:59:30.523    1750-1767/? D/SensorHALGestureSensor﹕ Gesture event received! time = 1413845970528968346
10-20 17:59:30.523    1750-1760/? I/PowerManagerService﹕ Waking up from sleep...
10-20 17:59:30.523    1750-1774/? W/KeyguardServiceDelegate﹕ onScreenTurnedOn(): no keyguard service!
10-20 17:59:30.744    1750-1776/? I/DisplayManagerService﹕ Display device changed: DisplayDeviceInfo{"Built-in Screen": 320 x 290, 45.000004 fps, density 213, 90.31111 x 136.40741 dpi, touch INTERNAL, rotation 0, type BUILT_IN, state ON, FLAG_DEFAULT_DISPLAY, FLAG_ROTATES_WITH_CONTENT, FLAG_SECURE, FLAG_SUPPORTS_PROTECTED_BUFFERS}
10-20 17:59:30.764    1750-1750/? V/ActivityManager﹕ Display changed displayId=0
10-20 17:59:30.854    1750-1750/? W/InputMethodManagerService﹕ Ignoring setImeWindowStatus of uid 1000 token: null
10-20 17:59:30.894    1750-1760/? D/SensorHAL﹕ adjustSensorHandle: handle = 9 adjustedHandle = 1
10-20 17:59:30.894    1750-1760/? D/SensorHAL﹕ adjustSensorHandle: handle = 9 adjustedHandle = 1
10-20 17:59:30.914    1750-3242/? D/SensorHAL﹕ adjustSensorHandle: handle = 9 adjustedHandle = 1
10-20 17:59:35.728    1750-1761/? I/PowerManagerService﹕ Going to sleep due to screen timeout...
10-20 17:59:35.738    1750-1780/? I/PowerManagerService﹕ Dozing...
10-20 17:59:35.738    1750-1773/? I/DreamController﹕ Starting dream: name=ComponentInfo{com.google.android.wearable.app/com.google.android.clockwork.home.AmbientMode}, isTest=false, canDoze=true, userId=0
10-20 17:59:35.829    1750-9729/? I/ActivityManager﹕ START u0 {act=android.intent.action.MAIN cat=[android.intent.category.HOME] flg=0x10000000 cmp=com.google.android.wearable.app/com.google.android.clockwork.home.HomeActivity (has extras)} from pid 1866 on display 0
10-20 17:59:35.839    1750-1773/? I/DreamController﹕ Stopping dream: name=ComponentInfo{com.google.android.wearable.app/com.google.android.clockwork.home.AmbientMode}, isTest=false, canDoze=true, userId=0
10-20 17:59:35.839    1750-1780/? I/PowerManagerService﹕ Sleeping...
10-20 17:59:36.539    1750-1776/? I/DisplayManagerService﹕ Display device changed: DisplayDeviceInfo{"Built-in Screen": 320 x 290, 45.000004 fps, density 213, 90.31111 x 136.40741 dpi, touch INTERNAL, rotation 0, type BUILT_IN, state OFF, FLAG_DEFAULT_DISPLAY, FLAG_ROTATES_WITH_CONTENT, FLAG_SECURE, FLAG_SUPPORTS_PROTECTED_BUFFERS}
10-20 17:59:36.539    1750-1750/? V/ActivityManager﹕ Display changed displayId=0
10-20 17:59:36.589    1750-1750/? W/InputMethodManagerService﹕ Ignoring setImeWindowStatus of uid 1000 token: null
10-20 17:59:40.631    1750-1784/? I/PowerManagerService﹕ Waking up from sleep...
10-20 17:59:40.631    1750-1774/? W/KeyguardServiceDelegate﹕ onScreenTurnedOn(): no keyguard service!
10-20 17:59:40.862    1750-1750/? W/InputMethodManagerService﹕ Ignoring setImeWindowStatus of uid 1000 token: null
10-20 17:59:40.892    1750-1776/? I/DisplayManagerService﹕ Display device changed: DisplayDeviceInfo{"Built-in Screen": 320 x 290, 45.000004 fps, density 213, 90.31111 x 136.40741 dpi, touch INTERNAL, rotation 0, type BUILT_IN, state ON, FLAG_DEFAULT_DISPLAY, FLAG_ROTATES_WITH_CONTENT, FLAG_SECURE, FLAG_SUPPORTS_PROTECTED_BUFFERS}
10-20 17:59:40.932    1750-1750/? V/ActivityManager﹕ Display changed displayId=0
10-20 17:59:41.052    1750-1760/? D/SensorHAL﹕ adjustSensorHandle: handle = 9 adjustedHandle = 1
10-20 17:59:41.052    1750-1760/? D/SensorHAL﹕ adjustSensorHandle: handle = 9 adjustedHandle = 1
10-20 17:59:41.062    1750-1881/? D/SensorHAL﹕ adjustSensorHandle: handle = 9 adjustedHandle = 1
10-20 17:59:44.347    1750-1760/? I/ActivityManager﹕ Delay finish: com.google.android.gms/.gcm.ServiceAutoStarter
10-20 17:59:44.357    1750-1881/? I/ActivityManager﹕ Resuming delayed broadcast
10-20 17:59:52.525    1750-1780/? I/PowerManagerService﹕ Going to sleep due to screen timeout...
10-20 17:59:52.525    1750-1780/? I/PowerManagerService﹕ Dozing...
10-20 17:59:52.575    1750-1773/? I/DreamController﹕ Starting dream: name=ComponentInfo{com.google.android.wearable.app/com.google.android.clockwork.home.AmbientMode}, isTest=false, canDoze=true, userId=0
10-20 17:59:52.595    1750-1750/? W/InputMethodManagerService﹕ Ignoring setImeWindowStatus of uid 1000 token: null
10-20 17:59:52.855    1750-1760/? I/ActivityManager﹕ START u0 {act=android.intent.action.MAIN cat=[android.intent.category.HOME] flg=0x10000000 cmp=com.google.android.wearable.app/com.google.android.clockwork.home.HomeActivity (has extras)} from pid 1866 on display 0
10-20 17:59:52.855    1750-1750/? V/ActivityManager﹕ Display changed displayId=0
10-20 17:59:52.885    1750-1773/? I/DreamController﹕ Stopping dream: name=ComponentInfo{com.google.android.wearable.app/com.google.android.clockwork.home.AmbientMode}, isTest=false, canDoze=true, userId=0
10-20 17:59:52.895    1750-1780/? I/PowerManagerService﹕ Sleeping...
10-20 17:59:52.945    1750-3242/? I/ActivityManager﹕ Activity reported stop, but no longer stopping: ActivityRecord{ade13390 u0 com.google.android.wearable.app/com.google.android.clockwork.home.HomeActivity t1}
10-20 17:59:53.666    1750-1776/? I/DisplayManagerService﹕ Display device changed: DisplayDeviceInfo{"Built-in Screen": 320 x 290, 45.000004 fps, density 213, 90.31111 x 136.40741 dpi, touch INTERNAL, rotation 0, type BUILT_IN, state OFF, FLAG_DEFAULT_DISPLAY, FLAG_ROTATES_WITH_CONTENT, FLAG_SECURE, FLAG_SUPPORTS_PROTECTED_BUFFERS}
10-20 17:59:53.676    1750-1750/? V/ActivityManager﹕ Display changed displayId=0
10-20 18:01:17.952    1750-1784/? I/PowerManagerService﹕ Waking up from sleep...
10-20 18:01:17.952    1750-1774/? W/KeyguardServiceDelegate﹕ onScreenTurnedOn(): no keyguard service!
10-20 18:01:18.172    1750-1750/? V/ActivityManager﹕ Display changed displayId=0
10-20 18:01:18.172    1750-1776/? I/DisplayManagerService﹕ Display device changed: DisplayDeviceInfo{"Built-in Screen": 320 x 290, 45.000004 fps, density 213, 90.31111 x 136.40741 dpi, touch INTERNAL, rotation 0, type BUILT_IN, state ON, FLAG_DEFAULT_DISPLAY, FLAG_ROTATES_WITH_CONTENT, FLAG_SECURE, FLAG_SUPPORTS_PROTECTED_BUFFERS}
10-20 18:01:18.182    1750-1750/? V/ActivityManager﹕ Display changed displayId=0
10-20 18:01:18.302    1750-1750/? W/InputMethodManagerService﹕ Ignoring setImeWindowStatus of uid 1000 token: null
10-20 18:01:18.362    1750-8727/? D/SensorHAL﹕ adjustSensorHandle: handle = 9 adjustedHandle = 1
10-20 18:01:18.362    1750-8727/? D/SensorHAL﹕ adjustSensorHandle: handle = 9 adjustedHandle = 1
10-20 18:01:18.372    1750-9729/? D/SensorHAL﹕ adjustSensorHandle: handle = 9 adjustedHandle = 1
10-20 18:01:23.137    1750-1780/? I/PowerManagerService﹕ Going to sleep due to screen timeout...
10-20 18:01:23.137    1750-1780/? I/PowerManagerService﹕ Dozing...
10-20 18:01:23.147    1750-1773/? I/DreamController﹕ Starting dream: name=ComponentInfo{com.google.android.wearable.app/com.google.android.clockwork.home.AmbientMode}, isTest=false, canDoze=true, userId=0
10-20 18:01:23.167    1750-1750/? W/InputMethodManagerService﹕ Ignoring setImeWindowStatus of uid 1000 token: null
10-20 18:01:23.337    1750-3242/? I/ActivityManager﹕ START u0 {act=android.intent.action.MAIN cat=[android.intent.category.HOME] flg=0x10000000 cmp=com.google.android.wearable.app/com.google.android.clockwork.home.HomeActivity (has extras)} from pid 1866 on display 0
10-20 18:01:23.347    1750-1750/? V/ActivityManager﹕ Display changed displayId=0
10-20 18:01:23.357    1750-1773/? I/DreamController﹕ Stopping dream: name=ComponentInfo{com.google.android.wearable.app/com.google.android.clockwork.home.AmbientMode}, isTest=false, canDoze=true, userId=0
10-20 18:01:23.357    1750-1780/? I/PowerManagerService﹕ Sleeping...
10-20 18:01:23.417    1750-1761/? I/ActivityManager﹕ Activity reported stop, but no longer stopping: ActivityRecord{ade13390 u0 com.google.android.wearable.app/com.google.android.clockwork.home.HomeActivity t1}
10-20 18:01:24.018    1750-1776/? I/DisplayManagerService﹕ Display device changed: DisplayDeviceInfo{"Built-in Screen": 320 x 290, 45.000004 fps, density 213, 90.31111 x 136.40741 dpi, touch INTERNAL, rotation 0, type BUILT_IN, state OFF, FLAG_DEFAULT_DISPLAY, FLAG_ROTATES_WITH_CONTENT, FLAG_SECURE, FLAG_SUPPORTS_PROTECTED_BUFFERS}
10-20 18:01:24.018    1750-1750/? V/ActivityManager﹕ Display changed displayId=0
10-20 18:01:51.212    1750-1761/? I/PowerManagerService﹕ Waking up from sleep...
10-20 18:01:51.222    1750-1774/? W/KeyguardServiceDelegate﹕ onScreenTurnedOn(): no keyguard service!
10-20 18:01:51.392    1750-1750/? V/ActivityManager﹕ Display changed displayId=0
10-20 18:01:51.412    1750-1776/? I/DisplayManagerService﹕ Display device changed: DisplayDeviceInfo{"Built-in Screen": 320 x 290, 45.000004 fps, density 213, 90.31111 x 136.40741 dpi, touch INTERNAL, rotation 0, type BUILT_IN, state ON, FLAG_DEFAULT_DISPLAY, FLAG_ROTATES_WITH_CONTENT, FLAG_SECURE, FLAG_SUPPORTS_PROTECTED_BUFFERS}
10-20 18:01:51.412    1750-1750/? W/InputMethodManagerService﹕ Ignoring setImeWindowStatus of uid 1000 token: null
10-20 18:01:51.432    1750-1750/? V/ActivityManager﹕ Display changed displayId=0
10-20 18:01:51.472    1750-2717/? D/SensorHAL﹕ adjustSensorHandle: handle = 9 adjustedHandle = 1
10-20 18:01:51.472    1750-2717/? D/SensorHAL﹕ adjustSensorHandle: handle = 9 adjustedHandle = 1
10-20 18:01:51.492    1750-9730/? D/SensorHAL﹕ adjustSensorHandle: handle = 9 adjustedHandle = 1
10-20 18:01:56.397    1750-1780/? I/PowerManagerService﹕ Going to sleep due to screen timeout...
10-20 18:01:56.397    1750-1780/? I/PowerManagerService﹕ Dozing...
10-20 18:01:56.407    1750-1773/? I/DreamController﹕ Starting dream: name=ComponentInfo{com.google.android.wearable.app/com.google.android.clockwork.home.AmbientMode}, isTest=false, canDoze=true, userId=0
10-20 18:01:56.417    1750-1750/? W/InputMethodManagerService﹕ Ignoring setImeWindowStatus of uid 1000 token: null
10-20 18:01:56.607    1750-3242/? I/ActivityManager﹕ START u0 {act=android.intent.action.MAIN cat=[android.intent.category.HOME] flg=0x10000000 cmp=com.google.android.wearable.app/com.google.android.clockwork.home.HomeActivity (has extras)} from pid 1866 on display 0
10-20 18:01:56.607    1750-1750/? V/ActivityManager﹕ Display changed displayId=0
10-20 18:01:56.677    1750-2717/? I/ActivityManager﹕ Activity reported stop, but no longer stopping: ActivityRecord{ade13390 u0 com.google.android.wearable.app/com.google.android.clockwork.home.HomeActivity t1}
10-20 18:01:56.697    1750-1776/? I/DisplayManagerService﹕ Display device changed: DisplayDeviceInfo{"Built-in Screen": 320 x 290, 45.000004 fps, density 213, 90.31111 x 136.40741 dpi, touch INTERNAL, rotation 0, type BUILT_IN, state DOZING, FLAG_DEFAULT_DISPLAY, FLAG_ROTATES_WITH_CONTENT, FLAG_SECURE, FLAG_SUPPORTS_PROTECTED_BUFFERS}
10-20 18:01:56.697    1750-1750/? V/ActivityManager﹕ Display changed displayId=0
10-20 18:02:00.091    1750-8727/? I/ActivityManager﹕ START u0 {act=android.intent.action.MAIN cat=[android.intent.category.HOME] flg=0x10000000 cmp=com.google.android.wearable.app/com.google.android.clockwork.home.HomeActivity (has extras)} from pid 1866 on display 0
10-20 18:02:00.101    1750-1750/? V/ActivityManager﹕ Display changed displayId=0
10-20 18:02:01.502    1750-1881/? I/ActivityManager﹕ Delay finish: com.google.android.gms/.checkin.EventLogService$Receiver
10-20 18:02:01.662    1750-8727/? I/ActivityManager﹕ Resuming delayed broadcast
10-20 18:02:19.105    1750-1784/? I/PowerManagerService﹕ Waking up from dozing...
10-20 18:02:19.105    1750-1774/? W/KeyguardServiceDelegate﹕ onScreenTurnedOn(): no keyguard service!
10-20 18:02:19.125    1750-1773/? I/DreamController﹕ Stopping dream: name=ComponentInfo{com.google.android.wearable.app/com.google.android.clockwork.home.AmbientMode}, isTest=false, canDoze=true, userId=0
10-20 18:02:19.155    1750-1776/? I/DisplayManagerService﹕ Display device changed: DisplayDeviceInfo{"Built-in Screen": 320 x 290, 45.000004 fps, density 213, 90.31111 x 136.40741 dpi, touch INTERNAL, rotation 0, type BUILT_IN, state ON, FLAG_DEFAULT_DISPLAY, FLAG_ROTATES_WITH_CONTENT, FLAG_SECURE, FLAG_SUPPORTS_PROTECTED_BUFFERS}
10-20 18:02:19.155    1750-1750/? W/InputMethodManagerService﹕ Ignoring setImeWindowStatus of uid 1000 token: null
10-20 18:02:19.175    1750-1750/? V/ActivityManager﹕ Display changed displayId=0
10-20 18:02:19.315    1750-2717/? D/SensorHAL﹕ adjustSensorHandle: handle = 9 adjustedHandle = 1
10-20 18:02:19.315    1750-2717/? D/SensorHAL﹕ adjustSensorHandle: handle = 9 adjustedHandle = 1
10-20 18:02:19.345    1750-9729/? D/SensorHAL﹕ adjustSensorHandle: handle = 9 adjustedHandle = 1
10-20 18:02:24.180    1750-1780/? I/PowerManagerService﹕ Going to sleep due to screen timeout...
10-20 18:02:24.180    1750-1780/? I/PowerManagerService﹕ Dozing...
10-20 18:02:24.190    1750-1773/? I/DreamController﹕ Starting dream: name=ComponentInfo{com.google.android.wearable.app/com.google.android.clockwork.home.AmbientMode}, isTest=false, canDoze=true, userId=0
10-20 18:02:24.220    1750-1750/? W/InputMethodManagerService﹕ Ignoring setImeWindowStatus of uid 1000 token: null
10-20 18:02:24.400    1750-3242/? I/ActivityManager﹕ START u0 {act=android.intent.action.MAIN cat=[android.intent.category.HOME] flg=0x10000000 cmp=com.google.android.wearable.app/com.google.android.clockwork.home.HomeActivity (has extras)} from pid 1866 on display 0
10-20 18:02:24.410    1750-1750/? V/ActivityManager﹕ Display changed displayId=0
10-20 18:02:24.450    1750-1881/? I/ActivityManager﹕ Activity reported stop, but no longer stopping: ActivityRecord{ade13390 u0 com.google.android.wearable.app/com.google.android.clockwork.home.HomeActivity t1}
10-20 18:02:24.470    1750-1776/? I/DisplayManagerService﹕ Display device changed: DisplayDeviceInfo{"Built-in Screen": 320 x 290, 45.000004 fps, density 213, 90.31111 x 136.40741 dpi, touch INTERNAL, rotation 0, type BUILT_IN, state DOZING, FLAG_DEFAULT_DISPLAY, FLAG_ROTATES_WITH_CONTENT, FLAG_SECURE, FLAG_SUPPORTS_PROTECTED_BUFFERS}
10-20 18:02:24.470    1750-1750/? V/ActivityManager﹕ Display changed displayId=0
10-20 18:02:37.567    1750-1784/? I/PowerManagerService﹕ Waking up from dozing...
10-20 18:02:37.567    1750-1774/? W/KeyguardServiceDelegate﹕ onScreenTurnedOn(): no keyguard service!
10-20 18:02:37.587    1750-1773/? I/DreamController﹕ Stopping dream: name=ComponentInfo{com.google.android.wearable.app/com.google.android.clockwork.home.AmbientMode}, isTest=false, canDoze=true, userId=0
10-20 18:02:37.607    1750-1776/? I/DisplayManagerService﹕ Display device changed: DisplayDeviceInfo{"Built-in Screen": 320 x 290, 45.000004 fps, density 213, 90.31111 x 136.40741 dpi, touch INTERNAL, rotation 0, type BUILT_IN, state ON, FLAG_DEFAULT_DISPLAY, FLAG_ROTATES_WITH_CONTENT, FLAG_SECURE, FLAG_SUPPORTS_PROTECTED_BUFFERS}
10-20 18:02:37.637    1750-1750/? V/ActivityManager﹕ Display changed displayId=0
10-20 18:02:37.637    1750-1750/? V/ActivityManager﹕ Display changed displayId=0
10-20 18:02:37.647    1750-1750/? W/InputMethodManagerService﹕ Ignoring setImeWindowStatus of uid 1000 token: null
10-20 18:02:37.877    1750-8727/? D/SensorHAL﹕ adjustSensorHandle: handle = 9 adjustedHandle = 1
10-20 18:02:37.877    1750-8727/? D/SensorHAL﹕ adjustSensorHandle: handle = 9 adjustedHandle = 1
10-20 18:02:37.897    1750-3242/? D/SensorHAL﹕ adjustSensorHandle: handle = 9 adjustedHandle = 1
10-20 18:02:42.562    1750-1780/? I/PowerManagerService﹕ Going to sleep due to screen timeout...
10-20 18:02:42.562    1750-1780/? I/PowerManagerService﹕ Dozing...
10-20 18:02:42.562    1750-1773/? I/DreamController﹕ Starting dream: name=ComponentInfo{com.google.android.wearable.app/com.google.android.clockwork.home.AmbientMode}, isTest=false, canDoze=true, userId=0
10-20 18:02:42.592    1750-1750/? W/InputMethodManagerService﹕ Ignoring setImeWindowStatus of uid 1000 token: null
10-20 18:02:42.752    1750-8727/? I/ActivityManager﹕ START u0 {act=android.intent.action.MAIN cat=[android.intent.category.HOME] flg=0x10000000 cmp=com.google.android.wearable.app/com.google.android.clockwork.home.HomeActivity (has extras)} from pid 1866 on display 0
10-20 18:02:42.752    1750-1750/? V/ActivityManager﹕ Display changed displayId=0
10-20 18:02:42.822    1750-1881/? I/ActivityManager﹕ Activity reported stop, but no longer stopping: ActivityRecord{ade13390 u0 com.google.android.wearable.app/com.google.android.clockwork.home.HomeActivity t1}
10-20 18:02:42.832    1750-1776/? I/DisplayManagerService﹕ Display device changed: DisplayDeviceInfo{"Built-in Screen": 320 x 290, 45.000004 fps, density 213, 90.31111 x 136.40741 dpi, touch INTERNAL, rotation 0, type BUILT_IN, state DOZING, FLAG_DEFAULT_DISPLAY, FLAG_ROTATES_WITH_CONTENT, FLAG_SECURE, FLAG_SUPPORTS_PROTECTED_BUFFERS}
10-20 18:02:42.842    1750-1750/? V/ActivityManager﹕ Display changed displayId=0
10-20 18:03:02.522    1750-3242/? I/ActivityManager﹕ START u0 {act=android.intent.action.MAIN cat=[android.intent.category.HOME] flg=0x10000000 cmp=com.google.android.wearable.app/com.google.android.clockwork.home.HomeActivity (has extras)} from pid 1866 on display 0
10-20 18:03:02.532    1750-1750/? V/ActivityManager﹕ Display changed displayId=0
10-20 18:03:22.764    1750-1761/? I/ActivityManager﹕ Delay finish: com.google.android.gms/.gcm.ServiceAutoStarter
10-20 18:03:22.764    1750-9729/? I/ActivityManager﹕ Resuming delayed broadcast
10-20 18:03:22.803    1750-2717/? I/ActivityManager﹕ Delay finish: com.google.android.gms/.gcm.ServiceAutoStarter
10-20 18:03:22.813    1750-9730/? I/ActivityManager﹕ Resuming delayed broadcast
