10-16 07:14:33.245  10816-10837/? W/ContextImpl﹕ Implicit intents with startService are not safe: Intent { act=com.google.android.gms.analytics.service.START (has extras) } android.content.ContextWrapper.bindService:517 com.google.analytics.tracking.android.d.b:82 com.google.analytics.tracking.android.x.j:279
10-16 07:14:33.255  10816-10837/? I/GAV2﹕ Thread[GAThread,1,main]: No campaign data found.
10-16 07:14:34.375    819-12351/? E/qcom_sensors_hal﹕ hal_process_report_ind: Bad item quality: 11
10-16 07:14:35.475    819-12351/? E/qcom_sensors_hal﹕ hal_process_report_ind: Bad item quality: 11
10-16 07:14:39.385  24530-24534/? D/dalvikvm﹕ GC_CONCURRENT freed 1622K, 32% free 20211K/29308K, paused 11ms+3ms, total 50ms
10-16 07:14:39.625  28660-31355/? D/AbstractMetricsFactoryImpl﹕ record : No data points in metrics event
10-16 07:14:39.775    7487-7498/? D/dalvikvm﹕ GC_CONCURRENT freed 723K, 15% free 19480K/22692K, paused 2ms+1ms, total 25ms
10-16 07:14:39.885    7487-7498/? D/dalvikvm﹕ GC_CONCURRENT freed 765K, 15% free 19473K/22712K, paused 1ms+3ms, total 31ms
10-16 07:14:39.885    7487-7487/? D/dalvikvm﹕ WAIT_FOR_CONCURRENT_GC blocked 16ms
10-16 07:14:39.885    7487-7848/? D/dalvikvm﹕ WAIT_FOR_CONCURRENT_GC blocked 16ms
10-16 07:14:39.985    7487-7498/? D/dalvikvm﹕ GC_CONCURRENT freed 745K, 15% free 19486K/22712K, paused 1ms+2ms, total 19ms
10-16 07:14:39.985    7487-7487/? D/dalvikvm﹕ WAIT_FOR_CONCURRENT_GC blocked 5ms
10-16 07:14:40.095    7487-7498/? D/dalvikvm﹕ GC_CONCURRENT freed 781K, 15% free 19465K/22720K, paused 2ms+3ms, total 34ms
10-16 07:14:40.095    7487-7848/? D/dalvikvm﹕ WAIT_FOR_CONCURRENT_GC blocked 19ms
10-16 07:14:40.195    7487-7498/? D/dalvikvm﹕ GC_CONCURRENT freed 739K, 15% free 19480K/22720K, paused 2ms+1ms, total 21ms
10-16 07:14:40.195    7487-7848/? D/dalvikvm﹕ WAIT_FOR_CONCURRENT_GC blocked 2ms
10-16 07:14:40.195    7487-7487/? D/dalvikvm﹕ WAIT_FOR_CONCURRENT_GC blocked 7ms
10-16 07:14:40.295    7487-7498/? D/dalvikvm﹕ GC_CONCURRENT freed 750K, 15% free 19490K/22720K, paused 2ms+2ms, total 25ms
10-16 07:14:40.385    7487-7498/? D/dalvikvm﹕ GC_CONCURRENT freed 770K, 15% free 19484K/22728K, paused 1ms+1ms, total 18ms
10-16 07:14:40.385    7487-7487/? D/dalvikvm﹕ WAIT_FOR_CONCURRENT_GC blocked 4ms
10-16 07:14:40.485    7487-7498/? D/dalvikvm﹕ GC_CONCURRENT freed 749K, 15% free 19496K/22728K, paused 1ms+2ms, total 22ms
10-16 07:14:40.485    7487-7848/? D/dalvikvm﹕ WAIT_FOR_CONCURRENT_GC blocked 5ms
10-16 07:14:40.485    7487-7487/? D/dalvikvm﹕ WAIT_FOR_CONCURRENT_GC blocked 9ms
10-16 07:14:40.585    7487-7498/? D/dalvikvm﹕ GC_CONCURRENT freed 720K, 15% free 19478K/22728K, paused 1ms+2ms, total 20ms
10-16 07:14:40.695    7487-7498/? D/dalvikvm﹕ GC_CONCURRENT freed 763K, 15% free 19474K/22728K, paused 2ms+3ms, total 24ms
10-16 07:14:40.695    7487-7487/? D/dalvikvm﹕ WAIT_FOR_CONCURRENT_GC blocked 6ms
10-16 07:14:40.785    7487-7498/? D/dalvikvm﹕ GC_CONCURRENT freed 756K, 15% free 19475K/22728K, paused 2ms+2ms, total 24ms
10-16 07:14:40.785    7487-7487/? D/dalvikvm﹕ WAIT_FOR_CONCURRENT_GC blocked 8ms
10-16 07:14:40.885    7487-7498/? D/dalvikvm﹕ GC_CONCURRENT freed 730K, 15% free 19466K/22728K, paused 1ms+1ms, total 19ms
10-16 07:14:40.985    7487-7498/? D/dalvikvm﹕ GC_CONCURRENT freed 700K, 15% free 19467K/22728K, paused 2ms+2ms, total 19ms
10-16 07:14:41.085    7487-7498/? D/dalvikvm﹕ GC_CONCURRENT freed 748K, 15% free 19473K/22728K, paused 3ms+2ms, total 23ms
10-16 07:14:41.085    7487-7487/? D/dalvikvm﹕ WAIT_FOR_CONCURRENT_GC blocked 6ms
10-16 07:14:41.175    7487-7498/? D/dalvikvm﹕ GC_CONCURRENT freed 735K, 15% free 19497K/22728K, paused 1ms+2ms, total 21ms
10-16 07:14:41.285    7487-7498/? D/dalvikvm﹕ GC_CONCURRENT freed 793K, 15% free 19469K/22736K, paused 2ms+1ms, total 22ms
10-16 07:14:41.285    7487-7848/? D/dalvikvm﹕ WAIT_FOR_CONCURRENT_GC blocked 5ms
10-16 07:14:41.375    7487-7498/? D/dalvikvm﹕ GC_CONCURRENT freed 736K, 15% free 19489K/22736K, paused 1ms+2ms, total 21ms
10-16 07:14:41.375    7487-7487/? D/dalvikvm﹕ WAIT_FOR_CONCURRENT_GC blocked 6ms
10-16 07:14:41.475    7487-7498/? D/dalvikvm﹕ GC_CONCURRENT freed 732K, 15% free 19499K/22736K, paused 2ms+4ms, total 25ms
10-16 07:14:52.635      819-845/? I/ActivityManager﹕ Start proc com.google.android.music:main for broadcast com.google.android.music/.leanback.AutoCacheSchedulingService$ActionReceiver: pid=11037 uid=10061 gids={50061, 3003, 1028, 1015}
10-16 07:14:52.775  11037-11042/? D/dalvikvm﹕ JIT code cache reset in 0 ms (0 bytes 3/0)
10-16 07:14:52.775  11037-11042/? D/dalvikvm﹕ GC_CONCURRENT freed 250K, 14% free 17346K/20072K, paused 2ms+4ms, total 17ms
10-16 07:14:52.795  11037-11037/? W/ActivityThread﹕ ClassLoader.loadClass: The class loader returned by Thread.getContextClassLoader() may fail for processes that host multiple applications. You should explicitly specify a context class loader. For example: Thread.setContextClassLoader(getClass().getClassLoader());
10-16 07:14:52.805  11037-11037/? I/MusicStore﹕ Database version: 95
10-16 07:14:52.815  11037-11037/? W/ContextImpl﹕ Implicit intents with startService are not safe: Intent { act=com.google.android.music.NETWORK_MONITOR_SERVICE } android.content.ContextWrapper.bindService:517 com.google.android.music.utils.SafeServiceConnection$ServiceConnectionImp.bindService:98 com.google.android.music.utils.SafeServiceConnection.bindService:259
10-16 07:14:52.865  11037-11037/? W/ContextImpl﹕ Implicit intents with startService are not safe: Intent { act=com.google.android.music.PREFERENCE_SERVICE } android.content.ContextWrapper.bindService:517 com.google.android.music.utils.SafeServiceConnection$ServiceConnectionImp.bindService:98 com.google.android.music.utils.SafeServiceConnection.bindService:259
10-16 07:14:52.875  11037-11042/? D/dalvikvm﹕ GC_CONCURRENT freed 381K, 15% free 17458K/20316K, paused 2ms+2ms, total 19ms
10-16 07:14:52.885  11037-11037/? I/ConfigStore﹕ Config Database version: 1
10-16 07:14:52.975  11037-11042/? D/dalvikvm﹕ GC_CONCURRENT freed 392K, 15% free 17506K/20376K, paused 1ms+1ms, total 23ms
10-16 07:14:53.045  11037-11042/? D/dalvikvm﹕ GC_CONCURRENT freed 301K, 14% free 17656K/20432K, paused 1ms+1ms, total 13ms
10-16 07:14:53.045  11037-11037/? I/MediaRouter﹕ Found default route: MediaRouter.RouteInfo{ uniqueId=android/.support.v7.media.SystemMediaRouteProvider:DEFAULT_ROUTE, name=Phone, description=null, enabled=true, connecting=false, playbackType=0, playbackStream=3, volumeHandling=1, volume=15, volumeMax=15, presentationDisplayId=-1, extras=null, providerPackageName=android }
10-16 07:14:53.075  11037-11037/? I/NetworkMonitor﹕ type=WIFI subType= reason=null isConnected=true
10-16 07:14:53.125    819-14447/? I/ActivityManager﹕ Start proc com.google.android.gallery3d for broadcast com.google.android.gallery3d/com.google.android.picasasync.BatteryReceiver: pid=11078 uid=10040 gids={50040, 3003, 1028, 1015}
10-16 07:14:53.155  11037-11037/? W/ContextImpl﹕ Implicit intents with startService are not safe: Intent { act=com.google.android.music.NETWORK_MONITOR_SERVICE } android.content.ContextWrapper.bindService:517 com.google.android.music.utils.SafeServiceConnection$ServiceConnectionImp.bindService:98 com.google.android.music.utils.SafeServiceConnection.bindService:259
10-16 07:14:53.165  11037-11042/? D/dalvikvm﹕ GC_CONCURRENT freed 424K, 15% free 17692K/20592K, paused 2ms+2ms, total 19ms
10-16 07:14:53.165  11037-11037/? I/NetworkMonitor﹕ type=WIFI subType= reason=null isConnected=true
10-16 07:14:53.205  11037-11037/? W/ContextImpl﹕ Implicit intents with startService are not safe: Intent { act=com.google.android.music.NETWORK_MONITOR_SERVICE } android.content.ContextWrapper.bindService:517 com.google.android.music.utils.SafeServiceConnection$ServiceConnectionImp.bindService:98 com.google.android.music.utils.SafeServiceConnection.bindService:259
10-16 07:14:53.215  11037-11042/? D/dalvikvm﹕ GC_CONCURRENT freed 475K, 15% free 17731K/20680K, paused 1ms+1ms, total 16ms
10-16 07:14:53.215  11037-11037/? D/dalvikvm﹕ WAIT_FOR_CONCURRENT_GC blocked 3ms
10-16 07:14:53.215  11037-11091/? D/dalvikvm﹕ WAIT_FOR_CONCURRENT_GC blocked 3ms
10-16 07:14:53.215  11037-11067/? D/dalvikvm﹕ WAIT_FOR_CONCURRENT_GC blocked 3ms
10-16 07:14:53.295  11078-11082/? D/dalvikvm﹕ GC_CONCURRENT freed 369K, 15% free 17320K/20164K, paused 2ms+1ms, total 16ms
10-16 07:14:53.325  11037-11091/? I/MusicLeanback﹕ Conditions not met for autocaching.
10-16 07:14:53.325  11037-11091/? I/MusicLeanback﹕ Stop autocaching.
10-16 07:14:53.335  11078-11082/? D/dalvikvm﹕ GC_CONCURRENT freed 265K, 14% free 17446K/20204K, paused 2ms+1ms, total 12ms
10-16 07:14:53.345  11037-11042/? D/dalvikvm﹕ GC_CONCURRENT freed 447K, 15% free 17722K/20680K, paused 1ms+1ms, total 15ms
10-16 07:14:53.405     819-1200/? I/ActivityManager﹕ Start proc com.google.android.apps.plus for broadcast com.google.android.apps.plus/com.google.android.libraries.social.autobackup.AutoBackupEnvironment$BatteryReceiver: pid=11103 uid=10066 gids={50066, 3003, 3002, 1028, 1015}
10-16 07:14:53.405     819-1200/? I/ActivityManager﹕ Killing 8880:com.google.android.partnersetup/u0a11 (adj 15): empty #17
10-16 07:14:53.415  11078-11101/? D/UploadsManager﹕ wifiOnlyPhoto changed to true
10-16 07:14:53.415  11078-11101/? D/UploadsManager﹕ wifiOnlyVideo changed to true
10-16 07:14:53.415  11078-11101/? D/UploadsManager﹕ syncOnBattery changed to true
10-16 07:14:53.415  11078-11101/? D/PicasaSync﹕ sync account database
10-16 07:14:53.445  11078-11082/? D/dalvikvm﹕ GC_CONCURRENT freed 308K, 14% free 17547K/20324K, paused 2ms+2ms, total 20ms
10-16 07:14:53.455  11078-11101/? D/PicasaSync﹕ accounts in DB=1
10-16 07:14:53.465  11078-11101/? D/PicasaSyncManager﹕ active network: NetworkInfo: type: WIFI[], state: CONNECTED/CONNECTED, reason: (unspecified), extra: "WallachNet", roaming: false, failover: false, isAvailable: true, isConnectedToProvisioningNetwork: false
10-16 07:14:53.465  11078-11101/? D/PicasaSyncManager﹕ background data: true
10-16 07:14:53.505  11078-11101/? D/PicasaSyncManager﹕ battery info: false
10-16 07:14:53.555  11103-11107/? D/dalvikvm﹕ GC_CONCURRENT freed 385K, 15% free 17299K/20160K, paused 2ms+2ms, total 17ms
10-16 07:14:53.645  11103-11107/? D/dalvikvm﹕ GC_CONCURRENT freed 305K, 14% free 17388K/20168K, paused 2ms+2ms, total 12ms
10-16 07:14:53.665  11103-11103/? D/dalvikvm﹕ Trying to load lib /data/app-lib/com.google.android.apps.plus-1/libcrashreporter.so 0x4329cd38
10-16 07:14:53.665  11103-11103/? D/dalvikvm﹕ Added shared lib /data/app-lib/com.google.android.apps.plus-1/libcrashreporter.so 0x4329cd38
10-16 07:14:53.705  11103-11107/? D/dalvikvm﹕ GC_CONCURRENT freed 361K, 14% free 17483K/20320K, paused 3ms+4ms, total 18ms
10-16 07:14:53.775  11103-11107/? D/dalvikvm﹕ GC_CONCURRENT freed 349K, 14% free 17621K/20444K, paused 1ms+1ms, total 12ms
10-16 07:14:53.835    819-14446/? I/ActivityManager﹕ Start proc com.android.chrome for broadcast com.android.chrome/com.google.android.apps.chrome.precache.PrecacheServiceLauncher: pid=11130 uid=10032 gids={50032, 3003, 1028, 1015}
10-16 07:14:53.865  11103-11107/? D/dalvikvm﹕ GC_CONCURRENT freed 238K, 14% free 17797K/20552K, paused 3ms+5ms, total 20ms
10-16 07:14:53.935  11130-11134/? D/dalvikvm﹕ GC_CONCURRENT freed 329K, 14% free 17393K/20196K, paused 2ms+2ms, total 19ms
10-16 07:14:53.935  11130-11130/? D/dalvikvm﹕ WAIT_FOR_CONCURRENT_GC blocked 4ms
10-16 07:14:53.935  11130-11152/? D/dalvikvm﹕ WAIT_FOR_CONCURRENT_GC blocked 4ms
10-16 07:14:53.945      819-942/? I/ActivityManager﹕ Killing 7037:com.metago.astro/u0a161 (adj 15): empty #17
10-16 07:14:53.955    7655-7655/? I/GCoreUlr﹕ Starting service, intent=Intent { act=com.google.android.location.reporting.ACTION_UPDATE_WORLD cmp=com.google.android.gms/com.google.android.location.reporting.service.DispatchingService (has extras) }, extras=Bundle[{receiverAction=android.intent.action.ACTION_POWER_DISCONNECTED}]
10-16 07:14:53.955    7655-8018/? I/GCoreUlr﹕ WorldUpdater received intent Intent { act=com.google.android.location.reporting.ACTION_UPDATE_WORLD cmp=com.google.android.gms/com.google.android.location.reporting.service.DispatchingService (has extras) } with receiverAction android.intent.action.ACTION_POWER_DISCONNECTED
10-16 07:14:53.965  11103-11107/? D/dalvikvm﹕ GC_CONCURRENT freed 254K, 14% free 17955K/20684K, paused 2ms+1ms, total 15ms
10-16 07:14:53.975    7487-5500/? I/GLSActivity﹕ [ae] getting account id
10-16 07:14:53.985    7487-5500/? I/GLSUser﹕ [p] Fetched account id for dwallach@gmail.com : 110912527581874985334
10-16 07:14:53.995    7487-7498/? D/dalvikvm﹕ GC_CONCURRENT freed 763K, 15% free 19491K/22736K, paused 1ms+1ms, total 20ms
10-16 07:14:54.045    7655-8018/? I/GCoreUlr﹕ No GCM registration ID
10-16 07:14:54.095    7655-8018/? I/GCoreUlr﹕ Ensuring that reporting is active for [account#-7#]
10-16 07:14:54.215      819-823/? D/dalvikvm﹕ GC_CONCURRENT freed 7364K, 30% free 54927K/78420K, paused 5ms+7ms, total 134ms
10-16 07:14:54.215      819-845/? D/dalvikvm﹕ WAIT_FOR_CONCURRENT_GC blocked 120ms
10-16 07:14:54.215     819-1101/? D/dalvikvm﹕ WAIT_FOR_CONCURRENT_GC blocked 118ms
10-16 07:14:54.215     819-3652/? D/dalvikvm﹕ WAIT_FOR_CONCURRENT_GC blocked 120ms
10-16 07:14:54.215     819-1190/? D/dalvikvm﹕ WAIT_FOR_CONCURRENT_GC blocked 118ms
10-16 07:14:54.215    819-14448/? D/dalvikvm﹕ WAIT_FOR_CONCURRENT_GC blocked 112ms
10-16 07:14:54.215      819-819/? D/dalvikvm﹕ WAIT_FOR_CONCURRENT_GC blocked 102ms
10-16 07:14:54.215      819-967/? D/dalvikvm﹕ WAIT_FOR_CONCURRENT_GC blocked 121ms
10-16 07:14:54.235    7655-8018/? I/GCoreUlr﹕ Starting service, intent=Intent { act=com.google.android.location.reporting.ACTION_LOCATION_STATUS cmp=com.google.android.gms/com.google.android.location.reporting.service.DispatchingService (has extras) }, extras=Bundle[{status=LocationStatus[cell status: STATUS_SUCCESSFUL, wifi status: STATUS_SUCCESSFUL, elapsed realtime ns: 728201287017993]}]
10-16 07:14:54.235      819-845/? I/ActivityManager﹕ Start proc com.aviary.android.feather:aviarycds for broadcast com.aviary.android.feather/.cds.AviaryCdsReceiver: pid=11164 uid=10105 gids={50105, 3003, 1028, 1015}
10-16 07:14:54.265  11103-11107/? D/dalvikvm﹕ GC_CONCURRENT freed 360K, 14% free 18000K/20836K, paused 3ms+1ms, total 16ms
10-16 07:14:54.305  29712-29716/? D/dalvikvm﹕ GC_CONCURRENT freed 375K, 16% free 17460K/20668K, paused 1ms+2ms, total 20ms
10-16 07:14:54.315    7655-7658/? D/dalvikvm﹕ GC_CONCURRENT freed 1222K, 18% free 21031K/25380K, paused 2ms+2ms, total 34ms
10-16 07:14:54.335  11103-11129/? I/dalvikvm﹕ Could not find method android.app.Activity.finishAfterTransition, referenced from method y.a_
10-16 07:14:54.335  11103-11129/? W/dalvikvm﹕ VFY: unable to resolve virtual method 869: Landroid/app/Activity;.finishAfterTransition ()V
10-16 07:14:54.335  11103-11129/? D/dalvikvm﹕ VFY: replacing opcode 0x6e at 0x0006
10-16 07:14:54.345  11164-11164/? I/AviaryCdsProvider﹕ onCreate
10-16 07:14:54.355  11164-11164/? I/AviaryCdsReceiver﹕ ACTION: android.intent.action.ACTION_POWER_DISCONNECTED
10-16 07:14:54.395    819-14446/? I/ActivityManager﹕ Start proc com.plexapp.android for broadcast com.plexapp.android/com.plexapp.plex.services.cameraupload.CameraUploadAutoStartReceiver: pid=11178 uid=10171 gids={50171, 3003, 1028, 1015}
10-16 07:14:54.395    819-14446/? I/ActivityManager﹕ Killing 9666:com.google.android.gms:snet/u0a7 (adj 15): empty #17
10-16 07:14:54.435      819-819/? I/EntropyMixer﹕ Writing entropy...
10-16 07:14:54.475  11103-11107/? D/dalvikvm﹕ GC_CONCURRENT freed 262K, 14% free 18249K/20988K, paused 4ms+3ms, total 36ms
10-16 07:14:54.565  11103-11107/? D/dalvikvm﹕ GC_CONCURRENT freed 534K, 15% free 18168K/21180K, paused 3ms+4ms, total 24ms
10-16 07:14:54.615  11178-11182/? D/dalvikvm﹕ JIT code cache reset in 0 ms (0 bytes 3/0)
10-16 07:14:54.615  11178-11182/? D/dalvikvm﹕ GC_CONCURRENT freed 366K, 15% free 17310K/20152K, paused 3ms+2ms, total 18ms
10-16 07:14:54.625  28660-31355/? D/AbstractMetricsFactoryImpl﹕ record : No data points in metrics event
10-16 07:14:54.655  11103-11107/? D/dalvikvm﹕ GC_CONCURRENT freed 637K, 15% free 18036K/21180K, paused 2ms+1ms, total 14ms
10-16 07:14:54.685  11178-11182/? D/dalvikvm﹕ GC_CONCURRENT freed 267K, 14% free 17456K/20200K, paused 2ms+1ms, total 13ms
10-16 07:14:54.725  11178-11182/? D/dalvikvm﹕ GC_CONCURRENT freed 398K, 15% free 17484K/20356K, paused 2ms+2ms, total 14ms
10-16 07:14:54.765  11178-11182/? D/dalvikvm﹕ GC_CONCURRENT freed 416K, 15% free 17493K/20384K, paused 1ms+1ms, total 12ms
10-16 07:14:54.805  11178-11178/? I/MediaRouter﹕ Found default route: MediaRouter.RouteInfo{ uniqueId=android/.support.v7.media.SystemMediaRouteProvider:DEFAULT_ROUTE, name=Phone, description=null, enabled=true, connecting=false, playbackType=0, playbackStream=3, volumeHandling=1, volume=15, volumeMax=15, presentationDisplayId=-1, extras=null, providerPackageName=android }
10-16 07:14:54.845  11178-11182/? D/dalvikvm﹕ GC_CONCURRENT freed 425K, 15% free 17571K/20472K, paused 0ms+2ms, total 13ms
10-16 07:14:54.895  11178-11182/? D/dalvikvm﹕ GC_CONCURRENT freed 385K, 15% free 17574K/20472K, paused 3ms+1ms, total 14ms
10-16 07:14:54.935  11178-11182/? D/dalvikvm﹕ GC_CONCURRENT freed 504K, 15% free 17583K/20560K, paused 1ms+1ms, total 18ms
10-16 07:14:54.995  11178-11182/? D/dalvikvm﹕ GC_CONCURRENT freed 469K, 15% free 17625K/20568K, paused 2ms+1ms, total 19ms
10-16 07:14:54.995  11178-11178/? D/dalvikvm﹕ WAIT_FOR_CONCURRENT_GC blocked 8ms
10-16 07:14:55.055  11178-11178/? W/GAV3﹕ Thread[main,5,main]: Missing tracking id (&tid) parameter.
10-16 07:14:55.055  11178-11178/? W/GAV3﹕ Thread[main,5,main]: Missing tracking id (&tid) parameter.
10-16 07:14:55.065  11178-11178/? W/GAV3﹕ Thread[main,5,main]: Missing tracking id (&tid) parameter.
10-16 07:14:55.065  11178-11178/? W/GAV3﹕ Thread[main,5,main]: Missing tracking id (&tid) parameter.
10-16 07:14:55.065  11178-11178/? W/GAV3﹕ Thread[main,5,main]: Missing tracking id (&tid) parameter.
10-16 07:14:55.065  11178-11178/? W/GAV3﹕ Thread[main,5,main]: Missing tracking id (&tid) parameter.
10-16 07:14:55.065  11178-11178/? W/GAV3﹕ Thread[main,5,main]: Missing tracking id (&tid) parameter.
10-16 07:14:55.065  11178-11178/? W/GAV3﹕ Thread[main,5,main]: Missing tracking id (&tid) parameter.
10-16 07:14:55.065  11178-11178/? W/GAV3﹕ Thread[main,5,main]: Missing tracking id (&tid) parameter.
10-16 07:14:55.065  11178-11182/? D/dalvikvm﹕ GC_CONCURRENT freed 444K, 15% free 17654K/20572K, paused 2ms+3ms, total 22ms
10-16 07:14:55.135  11178-11182/? D/dalvikvm﹕ GC_CONCURRENT freed 181K, 13% free 17978K/20640K, paused 2ms+2ms, total 24ms
10-16 07:14:55.135  11178-11178/? D/dalvikvm﹕ WAIT_FOR_CONCURRENT_GC blocked 14ms
10-16 07:14:55.175  11178-11182/? D/dalvikvm﹕ GC_CONCURRENT freed 90K, 13% free 18321K/20908K, paused 2ms+2ms, total 23ms
10-16 07:14:55.175  11178-11178/? D/dalvikvm﹕ WAIT_FOR_CONCURRENT_GC blocked 21ms
10-16 07:14:55.195  11178-11182/? D/dalvikvm﹕ GC_CONCURRENT freed 121K, 13% free 18680K/21284K, paused 2ms+5ms, total 21ms
10-16 07:14:55.255  11178-11182/? D/dalvikvm﹕ GC_CONCURRENT freed 438K, 14% free 18734K/21628K, paused 1ms+1ms, total 19ms
10-16 07:14:55.255  29712-29712/? D/MtpService﹕ updating state; isCurrentUser=true, mMtpLocked=false
10-16 07:14:55.275  11078-11101/? D/PicasaSyncManager﹕ battery info: true
10-16 07:14:55.305  11037-11037/? W/ContextImpl﹕ Implicit intents with startService are not safe: Intent { act=com.google.android.music.NETWORK_MONITOR_SERVICE } android.content.ContextWrapper.bindService:517 com.google.android.music.utils.SafeServiceConnection$ServiceConnectionImp.bindService:98 com.google.android.music.utils.SafeServiceConnection.bindService:259
10-16 07:14:55.305     819-3652/? I/ActivityManager﹕ Start proc com.google.android.youtube for service com.google.android.youtube/.app.remote.YouTubeTvRouteProviderService: pid=11221 uid=10073 gids={50073, 3003, 1028, 1015}
10-16 07:14:55.325      185-185/? D/dalvikvm﹕ GC_EXPLICIT freed 43K, 13% free 17210K/19732K, paused 1ms+1ms, total 18ms
10-16 07:14:55.325  11037-11037/? W/ContextImpl﹕ Implicit intents with startService are not safe: Intent { act=com.google.android.music.NETWORK_MONITOR_SERVICE } android.content.ContextWrapper.bindService:517 com.google.android.music.utils.SafeServiceConnection$ServiceConnectionImp.bindService:98 com.google.android.music.utils.SafeServiceConnection.bindService:259
10-16 07:14:55.335      185-185/? D/dalvikvm﹕ GC_EXPLICIT freed <1K, 13% free 17210K/19732K, paused 1ms+1ms, total 15ms
10-16 07:14:55.355  11037-11216/? I/MusicLeanback﹕ Conditions not met for autocaching.
10-16 07:14:55.355  11037-11216/? I/MusicLeanback﹕ Stop autocaching.
10-16 07:14:55.355      185-185/? D/dalvikvm﹕ GC_EXPLICIT freed <1K, 13% free 17210K/19732K, paused 1ms+2ms, total 16ms
10-16 07:14:55.375     819-3652/? I/ActivityManager﹕ Killing 9833:com.google.android.tts/u0a49 (adj 15): empty #17
10-16 07:14:55.385  11103-11107/? D/dalvikvm﹕ GC_CONCURRENT freed 399K, 15% free 18021K/21180K, paused 2ms+1ms, total 14ms
10-16 07:14:55.395    7473-7473/? I/TextToSpeech﹕ Asked to disconnect from ComponentInfo{com.google.android.tts/com.google.android.tts.service.GoogleTTSService}
10-16 07:14:55.395  11178-11182/? D/dalvikvm﹕ GC_CONCURRENT freed 239K, 13% free 18896K/21708K, paused 3ms+5ms, total 39ms
10-16 07:14:55.395     819-1198/? W/ActivityManager﹕ Scheduling restart of crashed service com.google.android.tts/.service.GoogleTTSService in 1000ms
10-16 07:14:55.435    7655-7655/? I/GCoreUlr﹕ Starting service, intent=Intent { act=com.google.android.location.reporting.ACTION_UPDATE_WORLD cmp=com.google.android.gms/com.google.android.location.reporting.service.DispatchingService (has extras) }, extras=Bundle[{receiverAction=android.intent.action.ACTION_POWER_CONNECTED}]
10-16 07:14:55.455    7655-8018/? I/GCoreUlr﹕ WorldUpdater received intent Intent { act=com.google.android.location.reporting.ACTION_UPDATE_WORLD cmp=com.google.android.gms/com.google.android.location.reporting.service.DispatchingService (has extras) } with receiverAction android.intent.action.ACTION_POWER_CONNECTED
10-16 07:14:55.455  11103-11249/? I/Adreno-EGL﹕ <qeglDrvAPI_eglInitialize:320>: EGL 1.4 QUALCOMM Build: I0404c4692afb8623f95c43aeb6d5e13ed4b30ddbDate: 11/06/13
10-16 07:14:55.485  11103-11107/? D/dalvikvm﹕ GC_CONCURRENT freed 324K, 15% free 18208K/21180K, paused 1ms+2ms, total 16ms
10-16 07:14:55.485  11103-11250/? D/dalvikvm﹕ WAIT_FOR_CONCURRENT_GC blocked 10ms
10-16 07:14:55.495  28660-28660/? I/com.amazon.mShop.android/com.amazon.identity.auth.device.utils.CentralApkUtils﹕ Cannot find amazon authenticator. If this is 1P device, this is a bug!
10-16 07:14:55.505  28660-28660/? I/com.amazon.mShop.android/com.amazon.identity.auth.device.utils.CentralApkUtils﹕ Cannot find amazon authenticator. If this is 1P device, this is a bug!
10-16 07:14:55.535    7811-7814/? D/dalvikvm﹕ GC_CONCURRENT freed 1169K, 23% free 20994K/27208K, paused 3ms+2ms, total 56ms
10-16 07:14:55.535    7811-7811/? D/dalvikvm﹕ WAIT_FOR_CONCURRENT_GC blocked 35ms
10-16 07:14:55.545     819-3652/? I/ActivityManager﹕ Start proc com.metago.astro for broadcast com.metago.astro/com.kii.cloud.collector.Receiver: pid=11256 uid=10161 gids={50161, 3003, 1028, 1015}
10-16 07:14:55.555  11103-11107/? D/dalvikvm﹕ GC_CONCURRENT freed 379K, 14% free 18236K/21180K, paused 2ms+1ms, total 15ms
10-16 07:14:55.565  11221-11227/? D/dalvikvm﹕ GC_CONCURRENT freed 303K, 14% free 17337K/20116K, paused 3ms+5ms, total 22ms
10-16 07:14:55.585    7655-8018/? I/GCoreUlr﹕ No GCM registration ID
10-16 07:14:55.615  11103-11107/? D/dalvikvm﹕ GC_CONCURRENT freed 624K, 15% free 18121K/21224K, paused 2ms+1ms, total 16ms
10-16 07:14:55.615  11103-11250/? D/dalvikvm﹕ WAIT_FOR_CONCURRENT_GC blocked 3ms
10-16 07:14:55.615  11221-11252/? D/dalvikvm﹕ Trying to load lib /data/app-lib/com.google.android.gms-2/libgmscore.so 0x432c0220
10-16 07:14:55.615  11221-11252/? D/dalvikvm﹕ Added shared lib /data/app-lib/com.google.android.gms-2/libgmscore.so 0x432c0220
10-16 07:14:55.615  11221-11252/? D/dalvikvm﹕ No JNI_OnLoad found in /data/app-lib/com.google.android.gms-2/libgmscore.so 0x432c0220, skipping init
10-16 07:14:55.625  11221-11252/? D/dalvikvm﹕ Trying to load lib /data/app-lib/com.google.android.gms-2/libconscrypt_gmscore_jni.so 0x432c0220
10-16 07:14:55.635  11221-11227/? D/dalvikvm﹕ GC_CONCURRENT freed 360K, 14% free 17443K/20280K, paused 1ms+3ms, total 15ms
10-16 07:14:55.635    7655-8018/? I/GCoreUlr﹕ Ensuring that reporting is active for [account#-7#]
10-16 07:14:55.635  11221-11252/? D/dalvikvm﹕ Added shared lib /data/app-lib/com.google.android.gms-2/libconscrypt_gmscore_jni.so 0x432c0220
10-16 07:14:55.635  11221-11252/? V/JNIHelp﹕ Registering com/google/android/gms/org/conscrypt/NativeCrypto's 235 native methods...
10-16 07:14:55.675  11256-11260/? D/dalvikvm﹕ JIT code cache reset in 0 ms (0 bytes 3/0)
10-16 07:14:55.675  11256-11260/? D/dalvikvm﹕ GC_CONCURRENT freed 311K, 14% free 17314K/20100K, paused 1ms+1ms, total 23ms
10-16 07:14:55.675    7655-8018/? I/GCoreUlr﹕ Starting service, intent=Intent { act=com.google.android.location.reporting.ACTION_LOCATION_STATUS cmp=com.google.android.gms/com.google.android.location.reporting.service.DispatchingService (has extras) }, extras=Bundle[{status=LocationStatus[cell status: STATUS_SUCCESSFUL, wifi status: STATUS_SUCCESSFUL, elapsed realtime ns: 728201287017993]}]
10-16 07:14:55.685  11221-11227/? D/dalvikvm﹕ GC_CONCURRENT freed 356K, 14% free 17598K/20428K, paused 2ms+6ms, total 19ms
10-16 07:14:55.685  11221-11221/? D/dalvikvm﹕ WAIT_FOR_CONCURRENT_GC blocked 4ms
10-16 07:14:55.685  11221-11252/? D/dalvikvm﹕ WAIT_FOR_CONCURRENT_GC blocked 3ms
10-16 07:14:55.695  11221-11252/? D/dalvikvm﹕ Trying to load lib /data/app-lib/com.google.android.gms-2/libgmscore.so 0x432c0220
10-16 07:14:55.695  11221-11252/? D/dalvikvm﹕ Shared lib '/data/app-lib/com.google.android.gms-2/libgmscore.so' already loaded in same CL 0x432c0220
10-16 07:14:55.705  11164-11164/? I/AviaryCdsReceiver﹕ ACTION: android.intent.action.ACTION_POWER_CONNECTED
10-16 07:14:55.705  11164-11164/? W/AviaryCdsReceiver﹕ PHONE CHARGING
10-16 07:14:55.705  11221-11252/? D/dalvikvm﹕ Trying to load lib /data/app-lib/com.google.android.gms-2/libconscrypt_gmscore_jni.so 0x432c0220
10-16 07:14:55.705  11221-11252/? D/dalvikvm﹕ Shared lib '/data/app-lib/com.google.android.gms-2/libconscrypt_gmscore_jni.so' already loaded in same CL 0x432c0220
10-16 07:14:55.725    819-12351/? E/qcom_sensors_hal﹕ hal_process_report_ind: Bad item quality: 11
10-16 07:14:55.725    7655-7658/? D/dalvikvm﹕ GC_CONCURRENT freed 1217K, 18% free 21049K/25380K, paused 3ms+3ms, total 42ms
10-16 07:14:55.735  11256-11260/? D/dalvikvm﹕ GC_CONCURRENT freed 322K, 14% free 17504K/20300K, paused 1ms+3ms, total 17ms
10-16 07:14:55.735  11256-11276/? D/dalvikvm﹕ WAIT_FOR_CONCURRENT_GC blocked 12ms
10-16 07:14:55.745  11164-11168/? D/dalvikvm﹕ GC_CONCURRENT freed 327K, 14% free 17279K/20080K, paused 3ms+0ms, total 33ms
10-16 07:14:55.745     819-1198/? I/ActivityManager﹕ Killing 10498:eu.chainfire.supersu/u0a79 (adj 15): empty #17
10-16 07:14:55.755  11221-11227/? D/dalvikvm﹕ GC_CONCURRENT freed 260K, 14% free 17805K/20548K, paused 8ms+3ms, total 27ms
10-16 07:14:55.785  11221-11252/? I/ProviderInstaller﹕ Installed default security provider GmsCore_OpenSSL
10-16 07:14:55.795  11256-11260/? D/dalvikvm﹕ GC_CONCURRENT freed 400K, 15% free 17618K/20492K, paused 1ms+1ms, total 18ms
10-16 07:14:55.795  11256-11276/? D/dalvikvm﹕ WAIT_FOR_CONCURRENT_GC blocked 4ms
10-16 07:14:55.835  11221-11227/? D/dalvikvm﹕ GC_CONCURRENT freed 433K, 14% free 17886K/20792K, paused 2ms+2ms, total 24ms
10-16 07:14:55.835  11221-11221/? D/dalvikvm﹕ WAIT_FOR_CONCURRENT_GC blocked 1ms
10-16 07:14:55.855  11256-11260/? D/dalvikvm﹕ GC_CONCURRENT freed 467K, 15% free 17628K/20568K, paused 1ms+2ms, total 16ms
10-16 07:14:55.895  11221-11227/? D/dalvikvm﹕ GC_CONCURRENT freed 466K, 15% free 17915K/20856K, paused 2ms+2ms, total 16ms
10-16 07:14:55.905  11256-11276/? D/dalvikvm﹕ GC_FOR_ALLOC freed 444K, 16% free 17478K/20608K, paused 11ms, total 11ms
10-16 07:14:55.905  11256-11276/? I/dalvikvm-heap﹕ Grow heap (frag case) to 19.558MB for 79892-byte allocation
10-16 07:14:55.925  11256-11264/? D/dalvikvm﹕ GC_FOR_ALLOC freed <1K, 16% free 17555K/20688K, paused 13ms, total 13ms
10-16 07:14:55.955  11221-11227/? D/dalvikvm﹕ GC_CONCURRENT freed 395K, 14% free 18031K/20900K, paused 1ms+1ms, total 22ms
10-16 07:14:55.955  11221-11221/? D/dalvikvm﹕ WAIT_FOR_CONCURRENT_GC blocked 12ms
10-16 07:14:56.005  11221-11227/? D/dalvikvm﹕ GC_CONCURRENT freed 403K, 14% free 18100K/20976K, paused 1ms+3ms, total 20ms
10-16 07:14:56.055  11178-11182/? D/dalvikvm﹕ GC_CONCURRENT freed 476K, 14% free 18923K/21876K, paused 3ms+5ms, total 22ms
10-16 07:14:56.075  11221-11227/? D/dalvikvm﹕ GC_CONCURRENT freed 436K, 14% free 18178K/21088K, paused 1ms+1ms, total 16ms
10-16 07:14:56.075  11221-11221/? D/dalvikvm﹕ WAIT_FOR_CONCURRENT_GC blocked 6ms
10-16 07:14:56.075    7811-7811/? W/CastMediaRouteProvider﹕ addOrUpdateDevice: device: "Downstairs Chromecast" (aa707f7398afbda358461915ee2d069e) applicationName: null
10-16 07:14:56.095  11221-11221/? E/YouTube﹕ apps.youtube.app.YouTubeApplication.e:196 YouTube MDX: Bogus value in shared preferences for key MdxServerSelection value , returning default value.
10-16 07:14:56.135  11178-11182/? D/dalvikvm﹕ GC_CONCURRENT freed 503K, 14% free 19030K/21972K, paused 3ms+3ms, total 25ms
10-16 07:14:56.145  11221-11227/? D/dalvikvm﹕ GC_CONCURRENT freed 317K, 14% free 18273K/21088K, paused 3ms+2ms, total 18ms
10-16 07:14:56.215  11221-11227/? D/dalvikvm﹕ GC_CONCURRENT freed 378K, 14% free 18336K/21188K, paused 2ms+2ms, total 18ms
10-16 07:14:56.215  11221-11298/? E/GoogleConversionPing﹕ Error sending ping
    java.net.ConnectException: failed to connect to www.googleadservices.com/127.0.0.1 (port 80): connect failed: ECONNREFUSED (Connection refused)
            at libcore.io.IoBridge.connect(IoBridge.java:114)
            at de.robv.android.xposed.XposedBridge.invokeOriginalMethodNative(Native Method)
            at de.robv.android.xposed.XposedBridge.handleHookedMethod(XposedBridge.java:631)
            at libcore.io.IoBridge.connect(Native Method)
            at java.net.PlainSocketImpl.connect(PlainSocketImpl.java:192)
            at java.net.PlainSocketImpl.connect(PlainSocketImpl.java:459)
            at java.net.Socket.connect(Socket.java:843)
            at com.android.okhttp.internal.Platform.connectSocket(Platform.java:131)
            at com.android.okhttp.Connection.connect(Connection.java:101)
            at com.android.okhttp.internal.http.HttpEngine.connect(HttpEngine.java:294)
            at com.android.okhttp.internal.http.HttpEngine.sendSocketRequest(HttpEngine.java:255)
            at com.android.okhttp.internal.http.HttpEngine.sendRequest(HttpEngine.java:206)
            at com.android.okhttp.internal.http.HttpURLConnectionImpl.execute(HttpURLConnectionImpl.java:345)
            at com.android.okhttp.internal.http.HttpURLConnectionImpl.getResponse(HttpURLConnectionImpl.java:296)
            at com.android.okhttp.internal.http.HttpURLConnectionImpl.getResponseCode(HttpURLConnectionImpl.java:503)
            at mv.run(PG:168)
            at java.lang.Thread.run(Thread.java:841)
     Caused by: libcore.io.ErrnoException: connect failed: ECONNREFUSED (Connection refused)
            at libcore.io.Posix.connect(Native Method)
            at libcore.io.BlockGuardOs.connect(BlockGuardOs.java:85)
            at libcore.io.IoBridge.connectErrno(IoBridge.java:127)
            at libcore.io.IoBridge.connect(IoBridge.java:112)
            at de.robv.android.xposed.XposedBridge.invokeOriginalMethodNative(Native Method)
            at de.robv.android.xposed.XposedBridge.handleHookedMethod(XposedBridge.java:631)
            at libcore.io.IoBridge.connect(Native Method)
            at java.net.PlainSocketImpl.connect(PlainSocketImpl.java:192)
            at java.net.PlainSocketImpl.connect(PlainSocketImpl.java:459)
            at java.net.Socket.connect(Socket.java:843)
            at com.android.okhttp.internal.Platform.connectSocket(Platform.java:131)
            at com.android.okhttp.Connection.connect(Connection.java:101)
            at com.android.okhttp.internal.http.HttpEngine.connect(HttpEngine.java:294)
            at com.android.okhttp.internal.http.HttpEngine.sendSocketRequest(HttpEngine.java:255)
            at com.android.okhttp.internal.http.HttpEngine.sendRequest(HttpEngine.java:206)
            at com.android.okhttp.internal.http.HttpURLConnectionImpl.execute(HttpURLConnectionImpl.java:345)
            at com.android.okhttp.internal.http.HttpURLConnectionImpl.getResponse(HttpURLConnectionImpl.java:296)
            at com.android.okhttp.internal.http.HttpURLConnectionImpl.getResponseCode(HttpURLConnectionImpl.java:503)
            at mv.run(PG:168)
            at java.lang.Thread.run(Thread.java:841)
10-16 07:14:56.215     819-1200/? I/ActivityManager﹕ Killing 10527:com.classdojo.android/u0a193 (adj 15): empty #17
10-16 07:14:56.225  11178-11182/? D/dalvikvm﹕ GC_CONCURRENT freed 539K, 14% free 19122K/22088K, paused 2ms+7ms, total 32ms
10-16 07:14:56.275  11178-11182/? D/dalvikvm﹕ GC_CONCURRENT freed 739K, 15% free 19024K/22236K, paused 1ms+1ms, total 14ms
10-16 07:14:56.275  11178-11178/? D/dalvikvm﹕ WAIT_FOR_CONCURRENT_GC blocked 6ms
10-16 07:14:56.275  11178-11200/? D/dalvikvm﹕ WAIT_FOR_CONCURRENT_GC blocked 7ms
10-16 07:14:56.325  11178-11182/? D/dalvikvm﹕ GC_CONCURRENT freed 652K, 15% free 18979K/22236K, paused 2ms+1ms, total 15ms
10-16 07:14:56.325  11178-11178/? D/dalvikvm﹕ WAIT_FOR_CONCURRENT_GC blocked 7ms
10-16 07:14:56.325  11178-11200/? D/dalvikvm﹕ WAIT_FOR_CONCURRENT_GC blocked 7ms
10-16 07:14:56.365  11178-11182/? D/dalvikvm﹕ GC_CONCURRENT freed 554K, 15% free 19018K/22236K, paused 1ms+2ms, total 14ms
10-16 07:14:56.365  11178-11178/? D/dalvikvm﹕ WAIT_FOR_CONCURRENT_GC blocked 8ms
10-16 07:14:56.365  11178-11200/? D/dalvikvm﹕ WAIT_FOR_CONCURRENT_GC blocked 8ms
10-16 07:14:56.415  11178-11182/? D/dalvikvm﹕ GC_CONCURRENT freed 608K, 15% free 19015K/22236K, paused 1ms+2ms, total 14ms
10-16 07:14:56.415  11178-11200/? D/dalvikvm﹕ WAIT_FOR_CONCURRENT_GC blocked 5ms
10-16 07:14:56.425      819-845/? I/ActivityManager﹕ Start proc com.google.android.tts for service com.google.android.tts/.service.GoogleTTSService: pid=11330 uid=10049 gids={50049, 3003, 1028, 1015}
10-16 07:14:56.465  11330-11330/? W/SettingsHelper﹕ Couldn't read prefered locale from settings.
10-16 07:14:56.485  11178-11182/? D/dalvikvm﹕ GC_CONCURRENT freed 528K, 15% free 19047K/22236K, paused 1ms+1ms, total 25ms
10-16 07:14:56.505  11330-11334/? D/dalvikvm﹕ GC_CONCURRENT freed 358K, 15% free 17360K/20196K, paused 2ms+11ms, total 34ms
10-16 07:14:56.505  11330-11330/? D/dalvikvm﹕ WAIT_FOR_CONCURRENT_GC blocked 7ms
10-16 07:14:56.545  11178-11182/? D/dalvikvm﹕ GC_CONCURRENT freed 542K, 15% free 19080K/22236K, paused 2ms+1ms, total 28ms
10-16 07:14:56.545  11178-11349/? D/dalvikvm﹕ WAIT_FOR_CONCURRENT_GC blocked 19ms
10-16 07:14:56.555  11178-11346/? D/dalvikvm﹕ WAIT_FOR_CONCURRENT_GC blocked 26ms
10-16 07:14:56.555  11178-11348/? D/dalvikvm﹕ WAIT_FOR_CONCURRENT_GC blocked 29ms
10-16 07:14:56.555  11178-11199/? D/dalvikvm﹕ WAIT_FOR_CONCURRENT_GC blocked 12ms
10-16 07:14:56.575    9778-9900/? D/AbstractMetricsFactoryImpl﹕ record : No data points in metrics event
10-16 07:14:56.595  11178-11182/? D/dalvikvm﹕ GC_CONCURRENT freed 576K, 14% free 19129K/22236K, paused 2ms+2ms, total 21ms
10-16 07:14:56.595  11178-11347/? D/dalvikvm﹕ WAIT_FOR_CONCURRENT_GC blocked 12ms
10-16 07:14:56.595  11178-11349/? D/dalvikvm﹕ WAIT_FOR_CONCURRENT_GC blocked 10ms
10-16 07:14:56.595  11178-11199/? D/dalvikvm﹕ WAIT_FOR_CONCURRENT_GC blocked 11ms
10-16 07:14:56.595  11178-11202/? D/dalvikvm﹕ WAIT_FOR_CONCURRENT_GC blocked 10ms
10-16 07:14:56.595  11178-11200/? D/dalvikvm﹕ WAIT_FOR_CONCURRENT_GC blocked 11ms
10-16 07:14:56.595  11178-11203/? D/dalvikvm﹕ WAIT_FOR_CONCURRENT_GC blocked 3ms
10-16 07:14:56.595  11178-11198/? D/dalvikvm﹕ WAIT_FOR_CONCURRENT_GC blocked 4ms
10-16 07:14:56.595  11178-11348/? D/dalvikvm﹕ WAIT_FOR_CONCURRENT_GC blocked 15ms
10-16 07:14:56.595  11178-11346/? D/dalvikvm﹕ WAIT_FOR_CONCURRENT_GC blocked 15ms
10-16 07:14:56.595  11178-11201/? D/dalvikvm﹕ WAIT_FOR_CONCURRENT_GC blocked 14ms
10-16 07:14:56.635  11178-11182/? D/dalvikvm﹕ GC_CONCURRENT freed 625K, 14% free 19146K/22244K, paused 3ms+1ms, total 18ms
10-16 07:14:56.635  11178-11347/? D/dalvikvm﹕ WAIT_FOR_CONCURRENT_GC blocked 14ms
10-16 07:14:56.635  11178-11346/? D/dalvikvm﹕ WAIT_FOR_CONCURRENT_GC blocked 13ms
10-16 07:14:56.635  11178-11349/? D/dalvikvm﹕ WAIT_FOR_CONCURRENT_GC blocked 11ms
10-16 07:14:56.635  11178-11214/? D/dalvikvm﹕ WAIT_FOR_CONCURRENT_GC blocked 11ms
10-16 07:14:56.635  11178-11199/? D/dalvikvm﹕ WAIT_FOR_CONCURRENT_GC blocked 12ms
10-16 07:14:56.635  11178-11202/? D/dalvikvm﹕ WAIT_FOR_CONCURRENT_GC blocked 12ms
10-16 07:14:56.635  11178-11200/? D/dalvikvm﹕ WAIT_FOR_CONCURRENT_GC blocked 19ms
10-16 07:14:56.645  11178-11203/? D/dalvikvm﹕ WAIT_FOR_CONCURRENT_GC blocked 22ms
10-16 07:14:56.665  11330-11355/? W/VoiceDataUpdater﹕ Avaiable voices info is not ready yet
10-16 07:14:56.665  11330-11330/? W/SettingsHelper﹕ Couldn't read prefered locale from settings.
10-16 07:14:56.665  11330-11330/? I/GoogleTTSService﹕ Creating Google TTS service, version 3.2.12.1369973.arm
10-16 07:14:56.675  11330-11330/? D/dalvikvm﹕ Trying to load lib /data/app-lib/com.google.android.tts-2/libspeexwrapper_ub.210302120.so 0x432940a8
10-16 07:14:56.675  11330-11330/? D/dalvikvm﹕ Added shared lib /data/app-lib/com.google.android.tts-2/libspeexwrapper_ub.210302120.so 0x432940a8
10-16 07:14:56.675  11178-11182/? D/dalvikvm﹕ GC_CONCURRENT freed 613K, 14% free 19179K/22268K, paused 2ms+1ms, total 19ms
10-16 07:14:56.675  11178-11203/? D/dalvikvm﹕ WAIT_FOR_CONCURRENT_GC blocked 10ms
10-16 07:14:56.675  11178-11349/? D/dalvikvm﹕ WAIT_FOR_CONCURRENT_GC blocked 10ms
10-16 07:14:56.675  11178-11347/? D/dalvikvm﹕ WAIT_FOR_CONCURRENT_GC blocked 10ms
10-16 07:14:56.675  11178-11199/? D/dalvikvm﹕ WAIT_FOR_CONCURRENT_GC blocked 10ms
10-16 07:14:56.675  11178-11198/? D/dalvikvm﹕ WAIT_FOR_CONCURRENT_GC blocked 10ms
10-16 07:14:56.675  11178-11202/? D/dalvikvm﹕ WAIT_FOR_CONCURRENT_GC blocked 14ms
10-16 07:14:56.695  11330-11359/? D/dalvikvm﹕ Trying to load lib /data/app-lib/com.google.android.tts-2/libpatts_engine_jni_api_ub.210302120.so 0x432940a8
10-16 07:14:56.705    7473-7473/? I/TextToSpeech﹕ Connected to ComponentInfo{com.google.android.tts/com.google.android.tts.service.GoogleTTSService}
10-16 07:14:56.705     819-3652/? I/ActivityManager﹕ Killing 10753:com.qualcomm.timeservice/u0a70 (adj 15): empty #17
10-16 07:14:56.715  11330-11334/? D/dalvikvm﹕ GC_CONCURRENT freed 301K, 14% free 17522K/20300K, paused 2ms+1ms, total 18ms
10-16 07:14:56.715  11178-11199/? D/dalvikvm﹕ GC_FOR_ALLOC freed 504K, 15% free 19140K/22308K, paused 19ms, total 19ms
10-16 07:14:56.715    7473-8550/? I/TextToSpeech﹕ Set up connection to ComponentInfo{com.google.android.tts/com.google.android.tts.service.GoogleTTSService}
10-16 07:14:56.785  11330-11359/? D/dalvikvm﹕ Added shared lib /data/app-lib/com.google.android.tts-2/libpatts_engine_jni_api_ub.210302120.so 0x432940a8
10-16 07:14:56.785  11330-11359/? I/patts﹕ [embedded_hmm_synthesizer.cc:21] Embedded HMM synthesizer initialized.
10-16 07:14:56.785  11330-11359/? I/patts﹕ [jni_loader.cc:74] Patts JNI loaded successfully.
10-16 07:14:56.785  11330-11359/? I/patts﹕ Loading project file (apk mode is true,assets from com.google.android.tts) ...
10-16 07:14:56.785  11330-11359/? I/patts﹕ [android_project_file.cc:35] Loading "voices/en-us-x-sfg-phone-hmm/phonology.cfg" ...
10-16 07:14:56.805  11330-11359/? I/patts﹕ [android_project_file.cc:35] Loading "voices/en-us-x-sfg-phone-hmm/compressed_lexicon_en_us.blex" ...
10-16 07:14:56.815  11330-11334/? D/dalvikvm﹕ GC_CONCURRENT freed 262K, 14% free 17669K/20456K, paused 1ms+5ms, total 20ms
10-16 07:14:56.825  11178-11182/? D/dalvikvm﹕ GC_CONCURRENT freed 562K, 15% free 19153K/22308K, paused 3ms+1ms, total 20ms
10-16 07:14:56.865  11330-11359/? I/patts﹕ [android_project_file.cc:35] Loading "voices/en-us-x-sfg-phone-hmm/phonology.pb" ...
10-16 07:14:56.885  11330-11359/? I/patts﹕ [android_project_file.cc:35] Loading "voices/en-us-x-sfg-phone-hmm/rewrite_android.far" ...
10-16 07:14:56.885  11330-11359/? I/patts﹕ [grm-manager.h:57] Loading FST archive from "voices/en-us-x-sfg-phone-hmm/rewrite_android.far" ...
10-16 07:14:56.895  11330-11359/? I/patts﹕ [android_project_file.cc:35] Loading "voices/en-us-x-sfg-phone-hmm/tokenize_and_classify_embedded_android.far" ...
10-16 07:14:56.895  11330-11359/? I/patts﹕ [grm-manager.h:57] Loading FST archive from "voices/en-us-x-sfg-phone-hmm/tokenize_and_classify_embedded_android.far" ...
10-16 07:14:56.895  11178-11182/? D/dalvikvm﹕ GC_CONCURRENT freed 615K, 14% free 19189K/22308K, paused 2ms+1ms, total 17ms
10-16 07:14:56.895  11178-11178/? D/dalvikvm﹕ WAIT_FOR_CONCURRENT_GC blocked 6ms
10-16 07:14:56.905  11178-11202/? D/dalvikvm﹕ WAIT_FOR_CONCURRENT_GC blocked 13ms
10-16 07:14:56.905  11178-11203/? D/dalvikvm﹕ WAIT_FOR_CONCURRENT_GC blocked 14ms
10-16 07:14:56.965  11178-11182/? D/dalvikvm﹕ GC_CONCURRENT freed 649K, 14% free 19205K/22328K, paused 7ms+1ms, total 22ms
10-16 07:14:56.965  11178-11366/? D/dalvikvm﹕ WAIT_FOR_CONCURRENT_GC blocked 14ms
10-16 07:14:56.965  11178-11369/? D/dalvikvm﹕ WAIT_FOR_CONCURRENT_GC blocked 15ms
10-16 07:14:56.965  11178-11178/? D/dalvikvm﹕ WAIT_FOR_CONCURRENT_GC blocked 14ms
10-16 07:14:56.985  11330-11359/? I/patts﹕ [android_project_file.cc:35] Loading "voices/en-us-x-sfg-phone-hmm/textnorm_params_embedded.pb" ...
10-16 07:14:57.005  11178-11182/? D/dalvikvm﹕ GC_CONCURRENT freed 667K, 15% free 19206K/22348K, paused 1ms+1ms, total 18ms
10-16 07:14:57.005  11178-11203/? D/dalvikvm﹕ WAIT_FOR_CONCURRENT_GC blocked 10ms
10-16 07:14:57.005  11178-11366/? D/dalvikvm﹕ WAIT_FOR_CONCURRENT_GC blocked 12ms
10-16 07:14:57.005  11178-11178/? D/dalvikvm﹕ WAIT_FOR_CONCURRENT_GC blocked 8ms
10-16 07:14:57.005  11178-11202/? D/dalvikvm﹕ WAIT_FOR_CONCURRENT_GC blocked 12ms
10-16 07:14:57.045  11178-11203/? D/dalvikvm﹕ GC_FOR_ALLOC freed 536K, 15% free 19172K/22348K, paused 14ms, total 14ms
10-16 07:14:57.115  11178-11182/? D/dalvikvm﹕ GC_CONCURRENT freed 489K, 14% free 19327K/22348K, paused 2ms+2ms, total 18ms
10-16 07:14:57.115  11178-11203/? D/dalvikvm﹕ WAIT_FOR_CONCURRENT_GC blocked 7ms
10-16 07:14:57.175  11178-11182/? D/dalvikvm﹕ GC_CONCURRENT freed 452K, 13% free 19551K/22472K, paused 1ms+2ms, total 18ms
10-16 07:14:57.205    9778-9935/? D/AbstractMetricsFactoryImpl﹕ record : No data points in metrics event
10-16 07:14:57.235  11256-11260/? D/dalvikvm﹕ GC_CONCURRENT freed 395K, 15% free 17614K/20688K, paused 9ms+1ms, total 20ms
10-16 07:14:57.275  11178-11182/? D/dalvikvm﹕ GC_CONCURRENT freed 792K, 15% free 19503K/22776K, paused 2ms+1ms, total 21ms
10-16 07:14:57.555  11178-11200/? D/dalvikvm﹕ GC_FOR_ALLOC freed 506K, 15% free 19452K/22776K, paused 32ms, total 33ms
10-16 07:14:57.685  11330-11334/? D/dalvikvm﹕ GC_CONCURRENT freed 469K, 15% free 17714K/20656K, paused 2ms+1ms, total 21ms
10-16 07:14:57.685  11330-11355/? D/dalvikvm﹕ WAIT_FOR_CONCURRENT_GC blocked 3ms
10-16 07:14:58.055      819-856/? I/ActivityManager﹕ Delay finish: com.google.android.music/.leanback.AutoCacheSchedulingService$EnablingReceiver
10-16 07:14:58.215     819-1203/? D/dalvikvm﹕ GC_EXPLICIT freed 5325K, 31% free 54726K/78420K, paused 3ms+8ms, total 156ms
10-16 07:14:58.215  11037-11037/? W/ContextImpl﹕ Implicit intents with startService are not safe: Intent { act=com.google.android.music.NETWORK_MONITOR_SERVICE } android.content.ContextWrapper.bindService:517 com.google.android.music.utils.SafeServiceConnection$ServiceConnectionImp.bindService:98 com.google.android.music.utils.SafeServiceConnection.bindService:259
10-16 07:14:58.225  11330-11359/? I/patts﹕ [android_project_file.cc:35] Loading "voices/en-us-x-sfg-phone-hmm/resolve_homographs_simple_us.pb" ...
10-16 07:14:58.225  11037-11037/? W/ContextImpl﹕ Implicit intents with startService are not safe: Intent { act=com.google.android.music.NETWORK_MONITOR_SERVICE } android.content.ContextWrapper.bindService:517 com.google.android.music.utils.SafeServiceConnection$ServiceConnectionImp.bindService:98 com.google.android.music.utils.SafeServiceConnection.bindService:259
10-16 07:14:58.225  11330-11359/? I/patts﹕ [android_project_file.cc:35] Loading "voices/en-us-x-sfg-phone-hmm/mapping_grammar_android.far" ...
10-16 07:14:58.225  11330-11359/? I/patts﹕ [grm-manager.h:57] Loading FST archive from "voices/en-us-x-sfg-phone-hmm/mapping_grammar_android.far" ...
10-16 07:14:58.235  11037-11042/? D/dalvikvm﹕ GC_CONCURRENT freed 447K, 15% free 17749K/20680K, paused 1ms+2ms, total 18ms
10-16 07:14:58.245  11330-11359/? I/patts﹕ [android_project_file.cc:35] Loading "voices/en-us-x-sfg-phone-hmm/roman_numeral_contexts.pb" ...
10-16 07:14:58.245  11330-11359/? I/patts﹕ [android_project_file.cc:35] Loading "voices/en-us-x-sfg-phone-hmm/roman_numeral_android.far" ...
10-16 07:14:58.245  11330-11359/? I/patts﹕ [grm-manager.h:57] Loading FST archive from "voices/en-us-x-sfg-phone-hmm/roman_numeral_android.far" ...
10-16 07:14:58.245  11330-11359/? I/patts﹕ [android_project_file.cc:35] Loading "voices/en-us-x-sfg-phone-hmm/lseq_compact_model_farm32.pb" ...
10-16 07:14:58.255  11330-11359/? I/patts﹕ [android_project_file.cc:35] Loading "voices/en-us-x-sfg-phone-hmm/feats_android.far" ...
10-16 07:14:58.255  11330-11359/? I/patts﹕ [grm-manager.h:57] Loading FST archive from "voices/en-us-x-sfg-phone-hmm/feats_android.far" ...
10-16 07:14:58.255  11330-11359/? I/patts﹕ [ranker.cc:106] LinearLseqRanker: using FarmHash32
10-16 07:14:58.255  11330-11359/? I/patts﹕ [android_project_file.cc:35] Loading "voices/en-us-x-sfg-phone-hmm/verbalize_android.far" ...
10-16 07:14:58.255  11330-11359/? I/patts﹕ [grm-manager.h:57] Loading FST archive from "voices/en-us-x-sfg-phone-hmm/verbalize_android.far" ...
10-16 07:14:58.255  11037-11386/? I/MusicLeanback﹕ Conditions not met for autocaching.
10-16 07:14:58.255  11037-11386/? I/MusicLeanback﹕ Stop autocaching.
10-16 07:14:58.255    819-14446/? I/ActivityManager﹕ Resuming delayed broadcast
10-16 07:14:58.285  11330-11359/? I/patts﹕ [android_project_file.cc:35] Loading "voices/en-us-x-sfg-phone-hmm/textnorm_params_embedded.pb" ...
10-16 07:14:58.285  11330-11359/? I/patts﹕ [android_project_file.cc:35] Loading "voices/en-us-x-sfg-phone-hmm/resolve_homographs_simple_us.pb" ...
10-16 07:14:58.315  11330-11359/? I/patts﹕ [android_project_file.cc:35] Loading "voices/en-us-x-sfg-phone-hmm/g2p_m3_syls0_stress0_en-US.fst" ...
10-16 07:14:58.315  11330-11359/? I/patts﹕ [compact_fst.cc:31] Loading FST from "voices/en-us-x-sfg-phone-hmm/g2p_m3_syls0_stress0_en-US.fst" ...
10-16 07:14:58.355  11078-11100/? I/GAV2﹕ Thread[GAThread,5,main]: No campaign data found.
10-16 07:14:58.755  11103-11107/? D/dalvikvm﹕ GC_CONCURRENT freed 470K, 15% free 18075K/21224K, paused 1ms+1ms, total 15ms
10-16 07:14:58.755  11103-11125/? I/GAV2﹕ Thread[GAThread,5,main]: No campaign data found.
10-16 07:14:58.945      819-829/? I/ActivityManager﹕ Killing 10786:com.google.android.keep/u0a53 (adj 15): empty #17
10-16 07:14:58.965  11330-11359/? I/patts﹕ [decoder_impl.cc:78] g2p FST: 57 graphemes, 41 phonemes (with special symbols)
10-16 07:14:58.985  11330-11359/? I/patts﹕ [android_project_file.cc:35] Loading "voices/en-us-x-sfg-phone-hmm/en_us.embedded.model.pb" ...
10-16 07:14:58.985  11330-11359/? I/patts﹕ [android_project_file.cc:35] Loading "voices/en-us-x-sfg-phone-hmm/engine_hmm_22050_ap-embedded_lsp.cfg" ...
10-16 07:14:58.985  11330-11359/? I/patts﹕ [embedded_hmm_synthesizer.cc:21] Embedded HMM synthesizer initialized.
10-16 07:14:58.985  11330-11359/? I/patts﹕ [android_project_file.cc:35] Loading "voices/en-us-x-sfg-phone-hmm/phonology.cfg" ...
10-16 07:14:58.995  11330-11359/? I/patts﹕ [android_project_file.cc:35] Loading "voices/en-us-x-sfg-phone-hmm/compile_hmm_phoneme.cfg" ...
10-16 07:14:59.005  11330-11359/? I/patts﹕ [android_project_file.cc:35] Loading "voices/en-us-x-sfg-phone-hmm/engine_hmm_22050_ap-embedded_lsp.cfg" ...
10-16 07:14:59.005  11330-11359/? I/patts﹕ [android_project_file.cc:35] Loading "voices/en-us-x-sfg-phone-hmm/patts1_hmm_voice_en_us_sfg_prod_22050_phoneme_lsp_swop_ap_msd_bin_8bit.voice" ...
10-16 07:14:59.035  11330-11359/? E/patts﹕ [io_section_tags.cc:114] Opening tag "F0-BOX-COX-LAMBDA" not found
10-16 07:14:59.915  32078-11415/? W/dalvikvm﹕ threadid=27: thread exiting with uncaught exception (group=0x41f5cba8)
10-16 07:14:59.915  32078-11415/? E/AndroidRuntime﹕ FATAL EXCEPTION: AdbHubService-UdToBtThread
    Process: com.google.android.wearable.app, PID: 32078
    java.lang.NullPointerException
            at android.bluetooth.BluetoothSocket.write(BluetoothSocket.java:437)
            at android.bluetooth.BluetoothOutputStream.write(BluetoothOutputStream.java:85)
            at com.google.android.apps.wearable.adboverbluetooth.BytePiper.pipeBytes(BytePiper.java:42)
            at com.google.android.clockwork.companion.AdbHubService$PipeControlThread$3.run(AdbHubService.java:313)
            at java.lang.Thread.run(Thread.java:841)
10-16 07:14:59.915     819-1190/? W/ActivityManager﹕ Force finishing activity com.google.android.wearable.app/com.google.android.clockwork.companion.StatusActivity
10-16 07:15:00.005    1166-1166/? W/HandlerScheduledExecuto﹕ Task does not implement UiTask. Consider using NamedUiRunnable for eww@4391f618
10-16 07:15:00.055  11178-11204/? I/GAV3﹕ Thread[GAThread,5,main]: No campaign data found.
10-16 07:15:00.185    7811-7920/? W/GA-SERVICE﹕ Thread[Thread-56945,5,main]:  Using destination https://ssl.google-analytics.com
