10-16 07:14:18.703    1994-1998/? D/dalvikvm﹕ GC_CONCURRENT freed 338K, 15% free 18251K/21424K, paused 3ms+1ms, total 18ms
10-16 07:14:18.703    1994-1994/? D/dalvikvm﹕ WAIT_FOR_CONCURRENT_GC blocked 12ms
10-16 07:14:18.723    1994-1994/? D/dalvikvm﹕ GC_FOR_ALLOC freed 89K, 15% free 18275K/21424K, paused 13ms, total 13ms
10-16 07:14:18.723    1994-1994/? I/dalvikvm-heap﹕ Grow heap (frag case) to 20.323MB for 65552-byte allocation
10-16 07:14:18.733    1994-2002/? D/dalvikvm﹕ GC_FOR_ALLOC freed <1K, 15% free 18338K/21492K, paused 13ms, total 13ms
10-16 07:14:19.283      819-830/? W/XPrivacy/XActivityManagerService﹕ Lockscreen=false
10-16 07:14:19.303      951-951/? D/PhoneStatusBar﹕ disable: < expand* icons alerts ticker* system_info back* home* recent* clock* search >
10-16 07:14:19.323    1154-6960/? D/NfcService﹕ NFC-C ON
10-16 07:14:19.333      819-845/? I/ActivityManager﹕ Start proc eu.chainfire.supersu for broadcast eu.chainfire.supersu/.UserPresentReceiver: pid=10498 uid=10079 gids={50079}
10-16 07:14:19.383  29712-10503/? D/MtpService﹕ addStorageLocked 65537 /storage/emulated/0
10-16 07:14:19.473    6734-6734/? D/Finsky﹕ [1] DetailsDataBasedFragment.rebindViews: Page [class=DetailsFragment] loaded in [30226095 ms] (hasDetailsDataLoaded? false)
10-16 07:14:19.503    819-14447/? W/InputMethodManagerService﹕ Window already focused, ignoring focus gain of: com.android.internal.view.IInputMethodClient$Stub$Proxy@43ebaa68 attribute=android.view.inputmethod.EditorInfo@44572b00, token = android.os.BinderProxy@4454d630
10-16 07:14:19.623    7487-7487/? V/UserPresentBroadcastReceiver﹕ Recieved ACTION_USER_PRESENT.
10-16 07:14:19.623    7487-7487/? D/d﹕ Notifying listener(s): onUserPresent()...
10-16 07:14:19.623    7487-7487/? D/c﹕ Starting periodic check for user presence.
10-16 07:14:19.643    6734-6734/? D/Finsky﹕ [1] DetailsDataBasedFragment.rebindViews: Page [class=DetailsFragment] loaded in [30226271 ms] (hasDetailsDataLoaded? true)
10-16 07:14:19.643    7487-7487/? D/c﹕ Stoping periodic check for user presence.
10-16 07:14:19.713    6734-6734/? D/dalvikvm﹕ GC_FOR_ALLOC freed 5137K, 19% free 33014K/40724K, paused 47ms, total 47ms
10-16 07:14:19.743    7487-7842/? D/dalvikvm﹕ GC_FOR_ALLOC freed 460K, 15% free 19461K/22720K, paused 30ms, total 30ms
10-16 07:14:19.753    6734-6738/? D/dalvikvm﹕ GC_CONCURRENT freed 119K, 18% free 33589K/40724K, paused 3ms+10ms, total 48ms
10-16 07:14:19.783     819-1202/? I/ActivityManager﹕ Start proc com.classdojo.android for broadcast com.classdojo.android/com.parse.ParseBroadcastReceiver: pid=10527 uid=10193 gids={50193, 3003, 1028, 1015}
10-16 07:14:19.843    6734-6761/? I/qtaguid﹕ Failed write_ctrl(u 84) res=-1 errno=22
10-16 07:14:19.843    6734-6761/? I/qtaguid﹕ Untagging socket 84 failed errno=-22
10-16 07:14:19.843    6734-6761/? W/NetworkManagementSocketTagger﹕ untagSocket(84) failed with errno -22
10-16 07:14:19.843    6734-6761/? I/ElegantRequestDirector﹕ I/O exception (org.apache.http.NoHttpResponseException) caught when processing request: The target server failed to respond
10-16 07:14:19.843    6734-6761/? I/ElegantRequestDirector﹕ Retrying request
10-16 07:14:19.883    7487-7498/? D/dalvikvm﹕ GC_CONCURRENT freed 751K, 15% free 19464K/22720K, paused 1ms+1ms, total 19ms
10-16 07:14:19.883    7487-7505/? D/dalvikvm﹕ WAIT_FOR_CONCURRENT_GC blocked 5ms
10-16 07:14:19.893  10527-10527/? I/BugSenseHandler﹕ Registering default exceptions handler
10-16 07:14:19.913    6734-6760/? I/qtaguid﹕ Failed write_ctrl(u 72) res=-1 errno=22
10-16 07:14:19.913    6734-6760/? I/qtaguid﹕ Untagging socket 72 failed errno=-22
10-16 07:14:19.913    6734-6760/? W/NetworkManagementSocketTagger﹕ untagSocket(72) failed with errno -22
10-16 07:14:19.913    6734-6760/? I/ElegantRequestDirector﹕ I/O exception (org.apache.http.NoHttpResponseException) caught when processing request: The target server failed to respond
10-16 07:14:19.913    6734-6760/? I/ElegantRequestDirector﹕ Retrying request
10-16 07:14:19.943  10527-10531/? D/dalvikvm﹕ GC_CONCURRENT freed 414K, 15% free 17282K/20172K, paused 1ms+5ms, total 27ms
10-16 07:14:19.963  10527-10541/? I/BugSenseHandler﹕ Flushing...
10-16 07:14:19.963  10527-10541/? I/BugSenseHandler﹕ Registering default exceptions handler
10-16 07:14:19.983  10527-10531/? D/dalvikvm﹕ GC_CONCURRENT freed 250K, 14% free 17545K/20268K, paused 2ms+2ms, total 14ms
10-16 07:14:19.983  10527-10527/? D/dalvikvm﹕ WAIT_FOR_CONCURRENT_GC blocked 5ms
10-16 07:14:19.983  10527-10548/? D/dalvikvm﹕ WAIT_FOR_CONCURRENT_GC blocked 4ms
10-16 07:14:19.983  10527-10549/? D/dalvikvm﹕ WAIT_FOR_CONCURRENT_GC blocked 4ms
10-16 07:14:19.983  10527-10547/? D/dalvikvm﹕ WAIT_FOR_CONCURRENT_GC blocked 3ms
10-16 07:14:19.983  10527-10544/? D/dalvikvm﹕ WAIT_FOR_CONCURRENT_GC blocked 5ms
10-16 07:14:20.003  10527-10531/? D/dalvikvm﹕ GC_CONCURRENT freed 327K, 14% free 17727K/20532K, paused 1ms+1ms, total 11ms
10-16 07:14:20.003  10527-10550/? D/dalvikvm﹕ WAIT_FOR_CONCURRENT_GC blocked 4ms
10-16 07:14:20.003  10527-10544/? D/dalvikvm﹕ WAIT_FOR_CONCURRENT_GC blocked 4ms
10-16 07:14:20.023  10527-10527/? I/FileHelper﹕ Deleted 0 temp files
10-16 07:14:20.023  10527-10527/? I/FileHelper﹕ Created image cache dir: /storage/emulated/0/Android/data/com.classdojo.android/cache/images
10-16 07:14:20.053  10527-10531/? D/dalvikvm﹕ GC_CONCURRENT freed 389K, 14% free 17827K/20692K, paused 2ms+2ms, total 18ms
10-16 07:14:20.093  10527-10547/? D/dalvikvm﹕ GC_FOR_ALLOC freed 226K, 14% free 17973K/20812K, paused 11ms, total 11ms
10-16 07:14:20.143  10527-10531/? D/dalvikvm﹕ GC_CONCURRENT freed 277K, 14% free 18208K/20960K, paused 2ms+3ms, total 20ms
10-16 07:14:20.143  10527-10559/? D/dalvikvm﹕ WAIT_FOR_CONCURRENT_GC blocked 6ms
10-16 07:14:20.143  10527-10544/? D/dalvikvm﹕ WAIT_FOR_CONCURRENT_GC blocked 5ms
10-16 07:14:20.143  10527-10547/? D/dalvikvm﹕ WAIT_FOR_CONCURRENT_GC blocked 5ms
10-16 07:14:20.163  10527-10527/? D/ProxySettings﹕ Current Proxy Configuration: DIRECT@
10-16 07:14:20.173  10527-10544/? W/BugSenseHandler﹕ Transmitting ping Exception Connection to https://ticks2.bugsense.com refused
10-16 07:14:20.173  10527-10547/? W/BugSenseHandler﹕ Transmitting ping Exception Connection to https://ticks2.bugsense.com refused
10-16 07:14:20.193  10527-10531/? D/dalvikvm﹕ GC_CONCURRENT freed 534K, 15% free 18188K/21196K, paused 3ms+1ms, total 14ms
10-16 07:14:20.193  10527-10527/? D/dalvikvm﹕ WAIT_FOR_CONCURRENT_GC blocked 8ms
10-16 07:14:20.193  10527-10547/? D/dalvikvm﹕ WAIT_FOR_CONCURRENT_GC blocked 8ms
10-16 07:14:20.203  10527-10527/? W/System.err﹕ java.lang.NullPointerException
10-16 07:14:20.203  10527-10527/? W/System.err﹕ at com.shouldit.proxy.lib.ProxyConfiguration.getProxyPort(ProxyConfiguration.java:430)
10-16 07:14:20.203  10527-10527/? W/System.err﹕ at com.classdojo.android.api.Server.checkForProxy(Server.java:1256)
10-16 07:14:20.203  10527-10527/? W/System.err﹕ at com.classdojo.android.api.Server.setupProxy(Server.java:1288)
10-16 07:14:20.203  10527-10527/? W/System.err﹕ at com.classdojo.android.ClassDojoApplication.onCreate(ClassDojoApplication.java:127)
10-16 07:14:20.203  10527-10527/? W/System.err﹕ at android.app.Instrumentation.callApplicationOnCreate(Instrumentation.java:1007)
10-16 07:14:20.203  10527-10527/? W/System.err﹕ at android.app.ActivityThread.handleBindApplication(ActivityThread.java:4328)
10-16 07:14:20.203  10527-10527/? W/System.err﹕ at de.robv.android.xposed.XposedBridge.invokeOriginalMethodNative(Native Method)
10-16 07:14:20.203  10527-10527/? W/System.err﹕ at de.robv.android.xposed.XposedBridge.handleHookedMethod(XposedBridge.java:631)
10-16 07:14:20.203  10527-10527/? W/System.err﹕ at android.app.ActivityThread.handleBindApplication(Native Method)
10-16 07:14:20.203  10527-10527/? W/System.err﹕ at android.app.ActivityThread.access$1500(ActivityThread.java:135)
10-16 07:14:20.203  10527-10527/? W/System.err﹕ at android.app.ActivityThread$H.handleMessage(ActivityThread.java:1256)
10-16 07:14:20.203  10527-10527/? W/System.err﹕ at android.os.Handler.dispatchMessage(Handler.java:102)
10-16 07:14:20.203  10527-10527/? W/System.err﹕ at android.os.Looper.loop(Looper.java:136)
10-16 07:14:20.203  10527-10527/? W/System.err﹕ at android.app.ActivityThread.main(ActivityThread.java:5001)
10-16 07:14:20.203  10527-10527/? W/System.err﹕ at java.lang.reflect.Method.invokeNative(Native Method)
10-16 07:14:20.203  10527-10527/? W/System.err﹕ at java.lang.reflect.Method.invoke(Method.java:515)
10-16 07:14:20.203  10527-10527/? W/System.err﹕ at com.android.internal.os.ZygoteInit$MethodAndArgsCaller.run(ZygoteInit.java:785)
10-16 07:14:20.203  10527-10527/? W/System.err﹕ at com.android.internal.os.ZygoteInit.main(ZygoteInit.java:601)
10-16 07:14:20.203  10527-10527/? W/System.err﹕ at de.robv.android.xposed.XposedBridge.main(XposedBridge.java:132)
10-16 07:14:20.203  10527-10527/? W/System.err﹕ at dalvik.system.NativeStart.main(Native Method)
10-16 07:14:20.203  10527-10527/? D/ProxySettings﹕ Current Proxy Configuration: DIRECT@
10-16 07:14:20.223  10527-10527/? W/System.err﹕ java.lang.NullPointerException
10-16 07:14:20.223  10527-10527/? W/System.err﹕ at com.shouldit.proxy.lib.ProxyConfiguration.getProxyPort(ProxyConfiguration.java:430)
10-16 07:14:20.223  10527-10527/? W/System.err﹕ at com.classdojo.common.net.APIServer.checkForProxy(APIServer.java:293)
10-16 07:14:20.223  10527-10527/? W/System.err﹕ at com.classdojo.common.net.APIServer.setupProxy(APIServer.java:325)
10-16 07:14:20.223  10527-10527/? W/System.err﹕ at com.classdojo.android.ClassDojoApplication.onCreate(ClassDojoApplication.java:128)
10-16 07:14:20.223  10527-10527/? W/System.err﹕ at android.app.Instrumentation.callApplicationOnCreate(Instrumentation.java:1007)
10-16 07:14:20.223  10527-10527/? W/System.err﹕ at android.app.ActivityThread.handleBindApplication(ActivityThread.java:4328)
10-16 07:14:20.223  10527-10527/? W/System.err﹕ at de.robv.android.xposed.XposedBridge.invokeOriginalMethodNative(Native Method)
10-16 07:14:20.223  10527-10527/? W/System.err﹕ at de.robv.android.xposed.XposedBridge.handleHookedMethod(XposedBridge.java:631)
10-16 07:14:20.223  10527-10527/? W/System.err﹕ at android.app.ActivityThread.handleBindApplication(Native Method)
10-16 07:14:20.223  10527-10527/? W/System.err﹕ at android.app.ActivityThread.access$1500(ActivityThread.java:135)
10-16 07:14:20.223  10527-10527/? W/System.err﹕ at android.app.ActivityThread$H.handleMessage(ActivityThread.java:1256)
10-16 07:14:20.223  10527-10527/? W/System.err﹕ at android.os.Handler.dispatchMessage(Handler.java:102)
10-16 07:14:20.223  10527-10527/? W/System.err﹕ at android.os.Looper.loop(Looper.java:136)
10-16 07:14:20.223  10527-10527/? W/System.err﹕ at android.app.ActivityThread.main(ActivityThread.java:5001)
10-16 07:14:20.223  10527-10527/? W/System.err﹕ at java.lang.reflect.Method.invokeNative(Native Method)
10-16 07:14:20.223  10527-10527/? W/System.err﹕ at java.lang.reflect.Method.invoke(Method.java:515)
10-16 07:14:20.223  10527-10527/? W/System.err﹕ at com.android.internal.os.ZygoteInit$MethodAndArgsCaller.run(ZygoteInit.java:785)
10-16 07:14:20.223  10527-10527/? W/System.err﹕ at com.android.internal.os.ZygoteInit.main(ZygoteInit.java:601)
10-16 07:14:20.223  10527-10527/? W/System.err﹕ at de.robv.android.xposed.XposedBridge.main(XposedBridge.java:132)
10-16 07:14:20.223  10527-10527/? W/System.err﹕ at dalvik.system.NativeStart.main(Native Method)
10-16 07:14:20.233  10527-10531/? D/dalvikvm﹕ GC_CONCURRENT freed 771K, 16% free 17879K/21196K, paused 1ms+1ms, total 14ms
10-16 07:14:20.293  10527-10527/? D/ProxySettings﹕ Current Proxy Configuration: DIRECT@
10-16 07:14:20.303  10527-10531/? D/dalvikvm﹕ GC_CONCURRENT freed 341K, 15% free 18049K/21196K, paused 3ms+2ms, total 18ms
10-16 07:14:20.303  10527-10527/? D/dalvikvm﹕ WAIT_FOR_CONCURRENT_GC blocked 7ms
10-16 07:14:20.303  10527-10568/? D/dalvikvm﹕ WAIT_FOR_CONCURRENT_GC blocked 7ms
10-16 07:14:20.323  10527-10527/? W/System.err﹕ java.lang.NullPointerException
10-16 07:14:20.323  10527-10527/? W/System.err﹕ at com.shouldit.proxy.lib.ProxyConfiguration.getProxyPort(ProxyConfiguration.java:430)
10-16 07:14:20.323  10527-10527/? W/System.err﹕ at com.classdojo.android.api.Server.checkForProxy(Server.java:1256)
10-16 07:14:20.323  10527-10527/? W/System.err﹕ at com.classdojo.android.api.Server$1.onReceive(Server.java:147)
10-16 07:14:20.323  10527-10527/? W/System.err﹕ at android.app.LoadedApk$ReceiverDispatcher$Args.run(LoadedApk.java:759)
10-16 07:14:20.323  10527-10527/? W/System.err﹕ at android.os.Handler.handleCallback(Handler.java:733)
10-16 07:14:20.323  10527-10527/? W/System.err﹕ at android.os.Handler.dispatchMessage(Handler.java:95)
10-16 07:14:20.323  10527-10527/? W/System.err﹕ at android.os.Looper.loop(Looper.java:136)
10-16 07:14:20.323  10527-10527/? W/System.err﹕ at android.app.ActivityThread.main(ActivityThread.java:5001)
10-16 07:14:20.323  10527-10527/? W/System.err﹕ at java.lang.reflect.Method.invokeNative(Native Method)
10-16 07:14:20.323  10527-10527/? W/System.err﹕ at java.lang.reflect.Method.invoke(Method.java:515)
10-16 07:14:20.323  10527-10527/? W/System.err﹕ at com.android.internal.os.ZygoteInit$MethodAndArgsCaller.run(ZygoteInit.java:785)
10-16 07:14:20.323  10527-10527/? W/System.err﹕ at com.android.internal.os.ZygoteInit.main(ZygoteInit.java:601)
10-16 07:14:20.323  10527-10527/? W/System.err﹕ at de.robv.android.xposed.XposedBridge.main(XposedBridge.java:132)
10-16 07:14:20.323  10527-10527/? W/System.err﹕ at dalvik.system.NativeStart.main(Native Method)
10-16 07:14:20.323  10527-10527/? D/ProxySettings﹕ Current Proxy Configuration: DIRECT@
10-16 07:14:20.353  10527-10527/? W/System.err﹕ java.lang.NullPointerException
10-16 07:14:20.353  10527-10527/? W/System.err﹕ at com.shouldit.proxy.lib.ProxyConfiguration.getProxyPort(ProxyConfiguration.java:430)
10-16 07:14:20.353  10527-10527/? W/System.err﹕ at com.classdojo.common.net.APIServer.checkForProxy(APIServer.java:293)
10-16 07:14:20.353  10527-10527/? W/System.err﹕ at com.classdojo.common.net.APIServer$1.onReceive(APIServer.java:81)
10-16 07:14:20.353  10527-10527/? W/System.err﹕ at android.app.LoadedApk$ReceiverDispatcher$Args.run(LoadedApk.java:759)
10-16 07:14:20.353  10527-10527/? W/System.err﹕ at android.os.Handler.handleCallback(Handler.java:733)
10-16 07:14:20.353  10527-10531/? D/dalvikvm﹕ GC_CONCURRENT freed 325K, 15% free 18156K/21196K, paused 2ms+3ms, total 19ms
10-16 07:14:20.353  10527-10527/? W/System.err﹕ at android.os.Handler.dispatchMessage(Handler.java:95)
10-16 07:14:20.353  10527-10527/? W/System.err﹕ at android.os.Looper.loop(Looper.java:136)
10-16 07:14:20.353  10527-10527/? W/System.err﹕ at android.app.ActivityThread.main(ActivityThread.java:5001)
10-16 07:14:20.353  10527-10527/? W/System.err﹕ at java.lang.reflect.Method.invokeNative(Native Method)
10-16 07:14:20.353  10527-10527/? W/System.err﹕ at java.lang.reflect.Method.invoke(Method.java:515)
10-16 07:14:20.353  10527-10527/? W/System.err﹕ at com.android.internal.os.ZygoteInit$MethodAndArgsCaller.run(ZygoteInit.java:785)
10-16 07:14:20.353  10527-10527/? W/System.err﹕ at com.android.internal.os.ZygoteInit.main(ZygoteInit.java:601)
10-16 07:14:20.353  10527-10527/? W/System.err﹕ at de.robv.android.xposed.XposedBridge.main(XposedBridge.java:132)
10-16 07:14:20.353  10527-10527/? W/System.err﹕ at dalvik.system.NativeStart.main(Native Method)
10-16 07:14:20.683    819-12351/? E/qcom_sensors_hal﹕ hal_process_report_ind: Bad item quality: 11
10-16 07:14:21.903    6734-6734/? D/Finsky﹕ [1] DfeRequest.deliverResponse: Not delivering second response for request=[[ ] https://android.clients.google.com/fdfe/details?doc=artist-Aq6hrus2atnqwg2jhdfays2x2da 0xe8d195d1 NORMAL 16]
10-16 07:14:22.013    7487-7498/? D/dalvikvm﹕ GC_CONCURRENT freed 633K, 15% free 19462K/22720K, paused 1ms+1ms, total 18ms
10-16 07:14:22.333    6734-6734/? D/Finsky﹕ [1] DfeRequest.deliverResponse: Not delivering second response for request=[[ ] https://android.clients.google.com/fdfe/details?doc=album-Bd2zwz3jrwwhl6m2c7ijtipslme&tid=song-Tz6efdypw4usjklz3ihswe56r2y 0xe8d195d1 NORMAL 15]
10-16 07:14:22.573    6734-6761/? I/qtaguid﹕ Failed write_ctrl(u 83) res=-1 errno=22
10-16 07:14:22.573    6734-6761/? I/qtaguid﹕ Untagging socket 83 failed errno=-22
10-16 07:14:22.573    6734-6761/? W/NetworkManagementSocketTagger﹕ untagSocket(83) failed with errno -22
10-16 07:14:22.593    6734-6734/? D/Finsky﹕ [1] DfeRequest.deliverResponse: Not delivering second response for request=[[ ] https://android.clients.google.com/fdfe/listCreatorContent?srcdoc=album-Bd2zwz3jrwwhl6m2c7ijtipslme&doc=artist-Aq6hrus2atnqwg2jhdfays2x2da&dt=2 0xe8d195d1 NORMAL 19]
10-16 07:14:22.683    6734-6760/? I/qtaguid﹕ Failed write_ctrl(u 72) res=-1 errno=22
10-16 07:14:22.683    6734-6760/? I/qtaguid﹕ Untagging socket 72 failed errno=-22
10-16 07:14:22.683    6734-6760/? W/NetworkManagementSocketTagger﹕ untagSocket(72) failed with errno -22
10-16 07:14:22.683    7487-7498/? D/dalvikvm﹕ GC_CONCURRENT freed 735K, 15% free 19481K/22720K, paused 8ms+2ms, total 44ms
10-16 07:14:22.683    7487-8495/? D/dalvikvm﹕ WAIT_FOR_CONCURRENT_GC blocked 15ms
10-16 07:14:22.693    6734-6734/? D/PlayCommon﹕ [1] DfeRequest.deliverResponse: Not delivering second response for request=[[ ] https://android.clients.google.com/fdfe/api/plusProfile 0xe8d195d1 NORMAL 18]
10-16 07:14:22.693    6734-6734/? D/Volley﹕ [1] Request.finish: 3094 ms: [ ] https://android.clients.google.com/fdfe/api/plusProfile 0xe8d195d1 NORMAL 18
10-16 07:14:22.773    7487-7498/? D/dalvikvm﹕ GC_CONCURRENT freed 674K, 15% free 19471K/22720K, paused 3ms+3ms, total 30ms
10-16 07:14:22.823    6734-6760/? I/qtaguid﹕ Failed write_ctrl(u 83) res=-1 errno=22
10-16 07:14:22.823    6734-6760/? I/qtaguid﹕ Untagging socket 83 failed errno=-22
10-16 07:14:22.823    6734-6760/? W/NetworkManagementSocketTagger﹕ untagSocket(83) failed with errno -22
10-16 07:14:22.843    6734-6734/? D/Finsky﹕ [1] DfeRequest.deliverResponse: Not delivering second response for request=[[ ] https://android.clients.google.com/fdfe/rec?c=2&doc=album-Bd2zwz3jrwwhl6m2c7ijtipslme&rt=1 0xe8d195d1 NORMAL 21]
10-16 07:14:22.843    6734-6734/? D/Volley﹕ [1] Request.finish: 3211 ms: [ ] https://android.clients.google.com/fdfe/rec?c=2&doc=album-Bd2zwz3jrwwhl6m2c7ijtipslme&rt=1 0xe8d195d1 NORMAL 21
10-16 07:14:22.923    6734-6761/? I/qtaguid﹕ Failed write_ctrl(u 72) res=-1 errno=22
10-16 07:14:22.923    6734-6761/? I/qtaguid﹕ Untagging socket 72 failed errno=-22
10-16 07:14:22.923    6734-6761/? W/NetworkManagementSocketTagger﹕ untagSocket(72) failed with errno -22
10-16 07:14:22.943    6734-6734/? D/Finsky﹕ [1] DfeRequest.deliverResponse: Not delivering second response for request=[[ ] https://android.clients.google.com/fdfe/rev?doc=album-Bd2zwz3jrwwhl6m2c7ijtipslme&n=20&o=0&sort=4 0xe8d195d1 NORMAL 20]
10-16 07:14:22.943    6734-6734/? D/Volley﹕ [1] Request.finish: 3316 ms: [ ] https://android.clients.google.com/fdfe/rev?doc=album-Bd2zwz3jrwwhl6m2c7ijtipslme&n=20&o=0&sort=4 0xe8d195d1 NORMAL 20
10-16 07:14:22.963    6734-6760/? I/qtaguid﹕ Failed write_ctrl(u 83) res=-1 errno=22
10-16 07:14:22.963    6734-6760/? I/qtaguid﹕ Untagging socket 83 failed errno=-22
10-16 07:14:22.963    6734-6760/? W/NetworkManagementSocketTagger﹕ untagSocket(83) failed with errno -22
10-16 07:14:22.993    6734-6734/? D/Volley﹕ [1] Request.finish: 3354 ms: [ ] https://android.clients.google.com/fdfe/list?c=2&ctr=album-Bd2zwz3jrwwhl6m2c7ijtipslme 0xe8d195d1 NORMAL 22
10-16 07:14:23.013    6734-6734/? D/Volley﹕ [1] Request.finish: 3373 ms: [ ] https://android.clients.google.com/fdfe/list?c=2&ctr=album-Bd2zwz3jrwwhl6m2c7ijtipslme 0xe8d195d1 NORMAL 23
10-16 07:14:24.373    951-10654/? D/dalvikvm﹕ GC_FOR_ALLOC freed 7998K, 48% free 26514K/50960K, paused 35ms, total 36ms
10-16 07:14:24.383      819-868/? I/ActivityManager﹕ START u0 {act=android.intent.action.MAIN cat=[android.intent.category.HOME] flg=0x10200000 cmp=com.google.android.googlequicksearchbox/com.google.android.launcher.GEL} from pid 819
10-16 07:14:24.503      819-868/? D/dalvikvm﹕ GC_FOR_ALLOC freed 6598K, 32% free 54043K/78420K, paused 120ms, total 120ms
10-16 07:14:24.553    1166-1166/? I/GEL﹕ handleIntent(Intent { act=android.intent.action.MAIN cat=[android.intent.category.HOME] flg=0x10600000 cmp=com.google.android.googlequicksearchbox/com.google.android.launcher.GEL })
10-16 07:14:24.573      951-955/? D/dalvikvm﹕ GC_CONCURRENT freed 2160K, 47% free 27392K/50960K, paused 2ms+2ms, total 28ms
10-16 07:14:24.633    1166-1166/? E/AppsCustomizePagedView﹕ Widget ComponentInfo{com.devhd.feedly/com.devhd.feedly.widget.FeedlyWidgetProvider_4_1} has invalid dimensions (0, 0)
10-16 07:14:24.743    1166-1170/? D/dalvikvm﹕ GC_CONCURRENT freed 23530K, 61% free 55053K/141120K, paused 4ms+6ms, total 55ms
10-16 07:14:24.743    1166-1166/? D/dalvikvm﹕ WAIT_FOR_CONCURRENT_GC blocked 38ms
10-16 07:14:24.923    1166-1166/? W/HandlerScheduledExecuto﹕ Task does not implement UiTask. Consider using NamedUiRunnable for eww@4391f618
10-16 07:14:24.953    1166-1166/? V/RenderScript﹕ Application requested CPU execution
10-16 07:14:24.963    1166-1166/? V/RenderScript﹕ 0x77422958 Launching thread(s), CPUs 4
10-16 07:14:25.133  24530-10684/? I/MicrophoneInputStream﹕ mic_starting fib@438c9bf0
10-16 07:14:25.133  24530-10686/? I/HotwordRecognitionRnr﹕ Starting hotword detection.
10-16 07:14:25.143    6734-6734/? D/Finsky﹕ [1] 1.run: Exiting process due to toc change
10-16 07:14:25.153    189-10685/? D/audio_hw_primary﹕ select_devices: out_snd_device(0: ) in_snd_device(35: voice-rec-mic)
10-16 07:14:25.153    189-10685/? D/﹕ Failed to fetch the lookup information of the device 0000003E
10-16 07:14:25.153    189-10685/? E/ACDB-LOADER﹕ Error: ACDB AudProc vol returned = -19
10-16 07:14:25.163    1166-1166/? W/HandlerScheduledExecuto﹕ Task does not implement UiTask. Consider using NamedUiRunnable for eut
10-16 07:14:25.163    6734-6734/? I/AndroidRuntime﹕ VM exiting with result code 0, cleanup skipped.
10-16 07:14:25.163  24530-24534/? D/dalvikvm﹕ GC_CONCURRENT freed 364K, 30% free 20751K/29308K, paused 2ms+1ms, total 43ms
10-16 07:14:25.163  24530-10686/? D/dalvikvm﹕ WAIT_FOR_CONCURRENT_GC blocked 29ms
10-16 07:14:25.203      819-868/? W/InputDispatcher﹕ channel '43357a20 com.android.vending/com.google.android.finsky.activities.MainActivity (server)' ~ Consumer closed input channel or an error occurred.  events=0x9
10-16 07:14:25.203      819-868/? E/InputDispatcher﹕ channel '43357a20 com.android.vending/com.google.android.finsky.activities.MainActivity (server)' ~ Channel is unrecoverably broken and will be disposed!
10-16 07:14:25.203    1166-1166/? W/HandlerScheduledExecuto﹕ Task does not implement UiTask. Consider using NamedUiRunnable for eut
10-16 07:14:25.203      819-857/? I/ActivityManager﹕ Process com.android.vending (pid 6734) has died.
10-16 07:14:25.203      819-857/? W/ActivityManager﹕ Force removing ActivityRecord{441700c8 u0 com.android.vending/com.google.android.finsky.activities.MainActivity t208}: app died, no saved state
10-16 07:14:25.213     819-1200/? W/InputDispatcher﹕ Attempted to unregister already unregistered input channel '43357a20 com.android.vending/com.google.android.finsky.activities.MainActivity (server)'
10-16 07:14:25.213    1166-1166/? W/HandlerScheduledExecuto﹕ Task does not implement UiTask. Consider using NamedUiRunnable for eut
10-16 07:14:25.213     819-1200/? I/WindowState﹕ WIN DEATH: Window{43357a20 u0 com.android.vending/com.google.android.finsky.activities.MainActivity EXITING}
10-16 07:14:25.223    1166-1166/? W/HandlerScheduledExecuto﹕ Task does not implement UiTask. Consider using NamedUiRunnable for eut
10-16 07:14:25.233    1166-1166/? W/HandlerScheduledExecuto﹕ Task does not implement UiTask. Consider using NamedUiRunnable for eut
10-16 07:14:25.243    1166-1166/? W/HandlerScheduledExecuto﹕ Task does not implement UiTask. Consider using NamedUiRunnable for eut
10-16 07:14:25.243  24530-24530/? I/HotwordWorker﹕ onReady
10-16 07:14:25.263    1166-1166/? W/HandlerScheduledExecuto﹕ Task does not implement UiTask. Consider using NamedUiRunnable for eut
10-16 07:14:25.283    1166-1166/? W/HandlerScheduledExecuto﹕ Task does not implement UiTask. Consider using NamedUiRunnable for eut
10-16 07:14:25.313    1166-1166/? W/BillListEntryAdapter﹕ Unexpected Entry without bill's amount due.
10-16 07:14:25.323    1166-1166/? W/HandlerScheduledExecuto﹕ Task does not implement UiTask. Consider using NamedUiRunnable for eut
10-16 07:14:25.343    1166-1166/? W/HandlerScheduledExecuto﹕ Task does not implement UiTask. Consider using NamedUiRunnable for eut
10-16 07:14:25.663  28660-31355/? D/AbstractMetricsFactoryImpl﹕ record : No data points in metrics event
10-16 07:14:25.913    819-12351/? E/qcom_sensors_hal﹕ hal_process_report_ind: Bad item quality: 11
10-16 07:14:26.353  30922-30948/? V/QcrilMsgTunnelSocket﹕ After reading offset = 0 remaining = 4 countRead = 4
10-16 07:14:26.353  30922-30948/? D/QcrilMsgTunnelSocket﹕ messageLength extracted from first 4 inputStream reads = 29
10-16 07:14:26.353  30922-30948/? V/QcrilMsgTunnelSocket﹕ offset = 0 remaining = 29 countRead = 0
10-16 07:14:26.363  30922-30948/? V/QcrilMsgTunnelSocket﹕ offset = 0 remaining = 29 countRead = 29
10-16 07:14:26.363  30922-30948/? D/QcrilMsgTunnelSocket﹕ readRilMessage: Buffer = [B@432b45e0 HexData = [0100000004040000110000005155414c434f4d4def0308000100000003]
10-16 07:14:26.363  30922-30948/? V/QcrilMsgTunnelSocket﹕ Read packet: 29 bytes. Data Available = 32 Position = 0
10-16 07:14:26.363  30922-30948/? D/QcrilMsgTunnelSocket﹕ processResponse. message type = 1. Data Available = 28
10-16 07:14:26.363  30922-30948/? D/QcrilMsgTunnelSocket﹕ ByteArray from parcel = 5155414c434f4d4def0308000100000003
10-16 07:14:26.363  30922-30948/? D/QcrilMsgTunnelSocket﹕ Received RIL_UNSOL_OEM_HOOK_RAW message
10-16 07:14:26.363  30922-30948/? D/QcrilMsgTunnelSocket﹕ Oem ID in RIL_UNSOL_OEM_HOOK_RAW is QUALCOMM
10-16 07:14:26.363  30922-30948/? D/QcrilMsgTunnelSocket﹕ OEM ID check Passed
10-16 07:14:26.363  30922-30948/? D/QcrilMsgTunnelSocket﹕ Response ID in RIL_UNSOL_OEM_HOOK_RAW is 525295
10-16 07:14:26.363  30922-30948/? D/QcrilMsgTunnelSocket﹕ Response ID 525295is not served in this process.
10-16 07:14:26.363  30922-30948/? D/QcrilMsgTunnelSocket﹕ To broadcast an Intent via the notifier to external apps
10-16 07:14:26.363  30922-30948/? V/QcrilMsgTunnelSocket﹕ Before reading offset = 0 remaining = 4 countRead = 0
10-16 07:14:26.363  30922-30922/? D/QcrilMsgTunnelIfaceManager﹕ handleMessage what=0
10-16 07:14:26.363  30922-30922/? D/QcrilMsgTunnelIfaceManager﹕ Broadcasting intent ACTION_UNSOL_RESPONSE_OEM_HOOK_RAW
10-16 07:14:27.006    1124-1124/? W/﹕ Unable to set rtc to 1413461667: Invalid argument
10-16 07:14:27.006   8079-10732/? I/AlarmClock﹕ Displaying next alarm time: ''
10-16 07:14:27.016    1124-1124/? W/﹕ Unable to set rtc to 1413461667: Invalid argument
10-16 07:14:27.016   8079-10732/? V/AlarmClock﹕ AlarmInitReceiver finished
10-16 07:14:27.063  30922-30948/? V/QcrilMsgTunnelSocket﹕ After reading offset = 0 remaining = 4 countRead = 4
10-16 07:14:27.063  30922-30948/? D/QcrilMsgTunnelSocket﹕ messageLength extracted from first 4 inputStream reads = 29
10-16 07:14:27.063  30922-30948/? V/QcrilMsgTunnelSocket﹕ offset = 0 remaining = 29 countRead = 0
10-16 07:14:27.063  30922-30948/? V/QcrilMsgTunnelSocket﹕ offset = 0 remaining = 29 countRead = 29
10-16 07:14:27.063  30922-30948/? D/QcrilMsgTunnelSocket﹕ readRilMessage: Buffer = [B@432b45e0 HexData = [0100000004040000110000005155414c434f4d4def0308000100000003]
10-16 07:14:27.063  30922-30948/? V/QcrilMsgTunnelSocket﹕ Read packet: 29 bytes. Data Available = 32 Position = 0
10-16 07:14:27.063  30922-30948/? D/QcrilMsgTunnelSocket﹕ processResponse. message type = 1. Data Available = 28
10-16 07:14:27.063  30922-30948/? D/QcrilMsgTunnelSocket﹕ ByteArray from parcel = 5155414c434f4d4def0308000100000003
10-16 07:14:27.063  30922-30948/? D/QcrilMsgTunnelSocket﹕ Received RIL_UNSOL_OEM_HOOK_RAW message
10-16 07:14:27.063  30922-30948/? D/QcrilMsgTunnelSocket﹕ Oem ID in RIL_UNSOL_OEM_HOOK_RAW is QUALCOMM
10-16 07:14:27.063  30922-30948/? D/QcrilMsgTunnelSocket﹕ OEM ID check Passed
10-16 07:14:27.063  30922-30948/? D/QcrilMsgTunnelSocket﹕ Response ID in RIL_UNSOL_OEM_HOOK_RAW is 525295
10-16 07:14:27.063  30922-30948/? D/QcrilMsgTunnelSocket﹕ Response ID 525295is not served in this process.
10-16 07:14:27.063  30922-30948/? D/QcrilMsgTunnelSocket﹕ To broadcast an Intent via the notifier to external apps
10-16 07:14:27.063  30922-30948/? V/QcrilMsgTunnelSocket﹕ Before reading offset = 0 remaining = 4 countRead = 0
10-16 07:14:27.063  30922-30922/? D/QcrilMsgTunnelIfaceManager﹕ handleMessage what=0
10-16 07:14:27.063  30922-30922/? D/QcrilMsgTunnelIfaceManager﹕ Broadcasting intent ACTION_UNSOL_RESPONSE_OEM_HOOK_RAW
10-16 07:14:27.086  24530-24565/? W/HandlerScheduledExecuto﹕ Task does not implement UiTask. Consider using NamedUiRunnable for bmm@432a1e28
10-16 07:14:27.096  22114-22114/? D/PollingManager﹕ phone state: 0 0 home T-Mobile T-Mobile 310260  GSM EDGE CSS not supported -1 -1 RoamInd=-1 DefRoamInd=-1 EmergOnly=false
10-16 07:14:27.126     819-3652/? I/ActivityManager﹕ Start proc com.qualcomm.timeservice for broadcast com.qualcomm.timeservice/.TimeServiceBroadcastReceiver: pid=10753 uid=10070 gids={50070}
10-16 07:14:27.156  24530-24565/? W/HandlerScheduledExecuto﹕ Task does not implement UiTask. Consider using NamedUiRunnable for bmn@432a1348
10-16 07:14:27.156  10753-10753/? D/dalvikvm﹕ No JNI_OnLoad found in /vendor/lib/libTimeService.so 0x4329bf80, skipping init
10-16 07:14:27.166  10753-10753/? D/TimeService﹕ Receivedandroid.intent.action.TIME_SET intent. Current Time is 1413461667169
10-16 07:14:27.166  10753-10753/? D/﹕ TimeServiceNative: User Time to be set is 1413461667169
10-16 07:14:27.166  10753-10753/? D/QC-time-services﹕ Lib:time_genoff_operation: pargs->base = 2
10-16 07:14:27.166  10753-10753/? D/QC-time-services﹕ Lib:time_genoff_operation: pargs->operation = 0
10-16 07:14:27.166  10753-10753/? D/QC-time-services﹕ Lib:time_genoff_operation: pargs->ts_val = 1413461667169
10-16 07:14:27.166  10753-10753/? D/QC-time-services﹕ Lib:time_genoff_operation: Send to server  passed!!
10-16 07:14:27.166      204-639/? D/QC-time-services﹕ Daemon: Connection accepted:time_genoff
10-16 07:14:27.166    204-10767/? D/QC-time-services﹕ Daemon:Received base = 2, unit = 1, operation = 0,value = 1413461667169
10-16 07:14:27.166    204-10767/? D/QC-time-services﹕ Daemon:genoff_opr: Base = 2, val = 1413461667169, operation = 0
10-16 07:14:27.166    204-10767/? D/QC-time-services﹕ Daemon:rtc_get: Time read from RTC -- MM/DD/YY HH:MM:SS3/22/70 20:29:44
10-16 07:14:27.166    204-10767/? D/QC-time-services﹕ Daemon:Value read from RTC seconds = 9664184000
10-16 07:14:27.166    204-10767/? D/QC-time-services﹕ Daemon:new time 1413461667169
10-16 07:14:27.166    204-10767/? D/QC-time-services﹕ Daemon: delta 1403797483169 genoff 1403797483169
10-16 07:14:27.166    204-10767/? D/QC-time-services﹕ Daemon:genoff_persistent_update: Writing genoff = 1403797483169 to memory
10-16 07:14:27.166    204-10767/? D/QC-time-services﹕ Daemon:Opening File: /data/system/time/ats_2
10-16 07:14:27.166    204-10767/? D/QC-time-services﹕ Daemon:time_persistent_memory_opr:Genoff write operation
10-16 07:14:27.166    204-10767/? D/QC-time-services﹕ Updating the TOD offset
10-16 07:14:27.166    204-10767/? D/QC-time-services﹕ Daemon:genoff_persistent_update: Writing genoff = 1403797483169 to memory
10-16 07:14:27.166    204-10767/? D/QC-time-services﹕ Daemon:Opening File: /data/system/time/ats_1
10-16 07:14:27.166    204-10767/? D/QC-time-services﹕ Daemon:time_persistent_memory_opr:Genoff write operation
10-16 07:14:27.176    204-10767/? D/QC-time-services﹕ Daemon:Update to modem bit set
10-16 07:14:27.176    204-10767/? D/QC-time-services﹕ Daemon:genoff_send_modem: Sending data to MODEM !
10-16 07:14:27.176    204-10767/? D/QC-time-services﹕ Daemon: Base = 2, Value being sent to MODEM = 1097496867169
10-16 07:14:27.176  10753-10753/? E/QC-time-services﹕ Receive Passed == base = 2, unit = 1, operation = 0, result = 0
10-16 07:14:27.176      204-639/? D/QC-time-services﹕ Daemon: Time-services: Waiting to acceptconnection
10-16 07:14:27.176      204-635/? D/QC-time-services﹕ Daemon:tod_update_ind_cb: Got Update from modem msg_id 40
10-16 07:14:27.186    8079-8079/? V/AlarmClock﹕ AlarmInitReceiver android.intent.action.TIME_SET
10-16 07:14:27.196  24530-24530/? W/HandlerScheduledExecuto﹕ Task does not implement UiTask. Consider using NamedUiRunnable for bmm@432a1e28
10-16 07:14:27.196    7655-7658/? D/dalvikvm﹕ GC_CONCURRENT freed 1410K, 18% free 21015K/25492K, paused 2ms+2ms, total 31ms
10-16 07:14:27.206     819-1202/? I/ActivityManager﹕ Start proc com.google.android.calendar for broadcast com.google.android.calendar/com.android.calendar.widget.CalendarAppWidgetService$CalendarFactory: pid=10768 uid=10029 gids={50029, 3003}
10-16 07:14:27.226      185-185/? D/dalvikvm﹕ GC_EXPLICIT freed 44K, 13% free 17210K/19732K, paused 2ms+1ms, total 17ms
10-16 07:14:27.236    819-14448/? D/AlarmManagerService﹕ Kernel timezone updated to 300 minutes west of GMT
10-16 07:14:27.236    1124-1124/? D/﹕ Setting time of day to sec=1413461667
10-16 07:14:27.236    1124-1128/? D/dalvikvm﹕ GC_CONCURRENT freed 427K, 14% free 18651K/21640K, paused 1ms+1ms, total 20ms
10-16 07:14:27.246      185-185/? D/dalvikvm﹕ GC_EXPLICIT freed <1K, 13% free 17210K/19732K, paused 1ms+2ms, total 15ms
10-16 07:14:27.256      185-185/? D/dalvikvm﹕ GC_EXPLICIT freed <1K, 13% free 17210K/19732K, paused 0ms+1ms, total 14ms
10-16 07:14:27.286  10768-10768/? W/ActivityThread﹕ ClassLoader.loadClass: The class loader returned by Thread.getContextClassLoader() may fail for processes that host multiple applications. You should explicitly specify a context class loader. For example: Thread.setContextClassLoader(getClass().getClassLoader());
10-16 07:14:27.306  10768-10772/? D/dalvikvm﹕ JIT code cache reset in 0 ms (0 bytes 3/0)
10-16 07:14:27.306  10768-10772/? D/dalvikvm﹕ GC_CONCURRENT freed 422K, 15% free 17282K/20180K, paused 2ms+1ms, total 16ms
10-16 07:14:27.346      819-829/? I/ActivityManager﹕ Start proc com.google.android.keep for broadcast com.google.android.keep/.notification.AlertReceiver: pid=10786 uid=10053 gids={50053, 3003, 1028, 1015}
10-16 07:14:27.366    7195-7199/? D/dalvikvm﹕ GC_CONCURRENT freed 401K, 15% free 17371K/20272K, paused 2ms+1ms, total 12ms
10-16 07:14:27.446  10786-10790/? D/dalvikvm﹕ JIT code cache reset in 0 ms (0 bytes 3/0)
10-16 07:14:27.446  10786-10790/? D/dalvikvm﹕ GC_CONCURRENT freed 297K, 14% free 17349K/20120K, paused 1ms+1ms, total 15ms
10-16 07:14:27.496  10768-10772/? D/dalvikvm﹕ GC_CONCURRENT freed 324K, 14% free 17357K/20180K, paused 2ms+1ms, total 11ms
10-16 07:14:27.536  10786-10790/? D/dalvikvm﹕ GC_CONCURRENT freed 339K, 14% free 17439K/20248K, paused 1ms+3ms, total 20ms
10-16 07:14:27.546    7487-7498/? D/dalvikvm﹕ GC_CONCURRENT freed 634K, 15% free 19478K/22692K, paused 2ms+2ms, total 32ms
10-16 07:14:27.636  10786-10790/? D/dalvikvm﹕ GC_CONCURRENT freed 453K, 15% free 17446K/20372K, paused 6ms+0ms, total 23ms
10-16 07:14:27.686  10768-10772/? D/dalvikvm﹕ GC_CONCURRENT freed 343K, 14% free 17425K/20240K, paused 1ms+0ms, total 11ms
10-16 07:14:27.696  10786-10790/? D/dalvikvm﹕ GC_CONCURRENT freed 424K, 15% free 17447K/20372K, paused 2ms+1ms, total 13ms
10-16 07:14:27.756  10786-10790/? D/dalvikvm﹕ GC_CONCURRENT freed 372K, 15% free 17469K/20372K, paused 2ms+0ms, total 11ms
10-16 07:14:27.783     819-1198/? D/AlarmManagerService﹕ Kernel timezone updated to 300 minutes west of GMT
10-16 07:14:27.803    1124-1124/? D/﹕ Setting time of day to sec=1413461667
10-16 07:14:27.806   7811-10815/? I/CheckinService﹕ active receiver: disabled
10-16 07:14:27.856     819-1202/? I/ActivityManager﹕ Start proc ch.bitspin.timely for broadcast ch.bitspin.timely/.alarm.AlarmBroadcastReceiver: pid=10816 uid=10103 gids={50103, 3003}
10-16 07:14:27.936  10816-10816/? D/dalvikvm﹕ GC_FOR_ALLOC freed 166K, 14% free 17244K/19884K, paused 12ms, total 12ms
10-16 07:14:27.956  10816-10816/? I/dalvikvm-heap﹕ Grow heap (frag case) to 33.559MB for 15000016-byte allocation
10-16 07:14:27.956  10816-10824/? D/dalvikvm﹕ GC_FOR_ALLOC freed 0K, 8% free 31892K/34536K, paused 9ms, total 9ms
10-16 07:14:27.976  10816-10820/? D/dalvikvm﹕ GC_CONCURRENT freed 32K, 8% free 31907K/34536K, paused 3ms+2ms, total 17ms
10-16 07:14:28.026  10816-10816/? D/dalvikvm﹕ Trying to load lib /data/app-lib/com.google.android.gms-2/libgmscore.so 0x44125f50
10-16 07:14:28.026  10816-10816/? D/dalvikvm﹕ Added shared lib /data/app-lib/com.google.android.gms-2/libgmscore.so 0x44125f50
10-16 07:14:28.026  10816-10816/? D/dalvikvm﹕ No JNI_OnLoad found in /data/app-lib/com.google.android.gms-2/libgmscore.so 0x44125f50, skipping init
10-16 07:14:28.026  10816-10816/? D/dalvikvm﹕ Trying to load lib /data/app-lib/com.google.android.gms-2/libconscrypt_gmscore_jni.so 0x44125f50
10-16 07:14:28.026  10816-10816/? D/dalvikvm﹕ Added shared lib /data/app-lib/com.google.android.gms-2/libconscrypt_gmscore_jni.so 0x44125f50
10-16 07:14:28.026  10816-10816/? V/JNIHelp﹕ Registering com/google/android/gms/org/conscrypt/NativeCrypto's 235 native methods...
10-16 07:14:28.056  24530-27481/? I/MicrophoneInputStream﹕ mic_close fib@438c9bf0
10-16 07:14:28.066  10816-10816/? D/dalvikvm﹕ Trying to load lib /data/app-lib/com.google.android.gms-2/libgmscore.so 0x44125f50
10-16 07:14:28.066  10816-10816/? D/dalvikvm﹕ Shared lib '/data/app-lib/com.google.android.gms-2/libgmscore.so' already loaded in same CL 0x44125f50
10-16 07:14:28.076  10816-10816/? D/dalvikvm﹕ Trying to load lib /data/app-lib/com.google.android.gms-2/libconscrypt_gmscore_jni.so 0x44125f50
10-16 07:14:28.076  10816-10816/? D/dalvikvm﹕ Shared lib '/data/app-lib/com.google.android.gms-2/libconscrypt_gmscore_jni.so' already loaded in same CL 0x44125f50
10-16 07:14:28.106  24530-10686/? I/HotwordRecognitionRnr﹕ Hotword detection finished
10-16 07:14:28.106  24530-27488/? I/HotwordRecognitionRnr﹕ Stopping hotword detection.
10-16 07:14:28.126  10816-10816/? I/ProviderInstaller﹕ Installed default security provider GmsCore_OpenSSL
10-16 07:14:28.246  10816-10816/? W/GAV2﹕ Thread[main,5,main]: Need to call initialize() and be in fallback mode to start dispatch.
10-16 07:14:28.276  10816-10816/? W/ActivityThread﹕ ClassLoader.loadClass: The class loader returned by Thread.getContextClassLoader() may fail for processes that host multiple applications. You should explicitly specify a context class loader. For example: Thread.setContextClassLoader(getClass().getClassLoader());
10-16 07:14:28.306  10816-10844/? W/Timely﹕ Device(8962645785875898831 is was deleted. Change dropped.
10-16 07:14:28.326  10816-10816/? I/Timely﹕ Starting broadcast listening thread.
10-16 07:14:28.336  10816-10816/? D/TimelyDebug﹕ AlarmManager.registerAlarms: reason = ACTION_TIME_CHANGED
10-16 07:14:28.336  10816-10816/? W/Timely﹕ System time has changed.
10-16 07:14:28.346  10816-10816/? I/Timely﹕ Stopping broadcast listening thread.
10-16 07:14:28.346  10816-10816/? I/Timely﹕ Starting broadcast listening thread.
10-16 07:14:28.356  10816-10845/? I/Timely﹕ Exiting broadcast listening thread.
10-16 07:14:28.376  28660-28660/? W/com.amazon.mShop.android/com.amazon.identity.auth.device.storage.LambortishClock﹕ Users clock moved. System time is 1413461668379 and timestamp is 1413461780306
10-16 07:14:28.406     819-1201/? I/ActivityManager﹕ Start proc ru.org.amip.ClockSync for broadcast ru.org.amip.ClockSync/.TimeChangeReceiver: pid=10848 uid=10119 gids={50119, 3003}
10-16 07:14:28.456  10848-10848/? D/ClockSync﹕ Timer cancelled
10-16 07:14:28.466  10848-10848/? D/ClockSync﹕ Time changed
10-16 07:14:28.576  32078-32108/? W/SettingsDataItemWriter﹕ could not send rpc to writer
    com.google.android.wearable.gmsclient.WearableException: sendRpc failed: Status{statusCode=unknown status code: 4000, resolution=null}
            at com.google.android.wearable.gmsclient.MessageManager.sendMessage(MessageManager.java:65)
            at com.google.android.clockwork.settings.SettingsDataItemWriter$ClockworkHandler.handleMessage(SettingsDataItemWriter.java:395)
            at android.os.Handler.dispatchMessage(Handler.java:102)
            at android.os.Looper.loop(Looper.java:136)
            at android.os.HandlerThread.run(HandlerThread.java:61)
10-16 07:14:28.586    9778-9778/? W/com.amazon.kindle/com.amazon.identity.auth.device.storage.LambortishClock﹕ Users clock moved. System time is 1413461668593 and timestamp is 1413461780548
10-16 07:14:28.616  10862-10862/? I/dalvikvm﹕ Enabling JNI app bug workarounds for target SDK version 10...
10-16 07:14:28.616     819-1202/? I/ActivityManager﹕ Start proc com.verisign.mvip.main for broadcast com.verisign.mvip.main/.GlobalTimeChangeReceiver: pid=10862 uid=10162 gids={50162, 3003}
10-16 07:14:28.706  10862-10866/? D/dalvikvm﹕ GC_CONCURRENT freed 307K, 14% free 17328K/20108K, paused 1ms+1ms, total 19ms
10-16 07:14:28.716  10862-10862/? D/dalvikvm﹕ DexOpt: --- BEGIN '.뤔蠺ﺲ' (bootstrap=0) ---
10-16 07:14:28.806  10874-10874/? D/dalvikvm﹕ DexOpt: load 2ms, verify+opt 1ms, 86372 bytes
10-16 07:14:28.816  10862-10862/? D/dalvikvm﹕ DexOpt: --- END '.뤔蠺ﺲ' (success) ---
10-16 07:14:28.816  10862-10862/? D/dalvikvm﹕ DEX prep '/data/data/com.verisign.mvip.main/.뤔蠺ﺲ': unzip in 0ms, rewrite 99ms
10-16 07:14:28.846  10862-10862/? D/dalvikvm﹕ DexOpt: --- BEGIN '.뤔蠺ﺲ' (bootstrap=0) ---
10-16 07:14:28.886  10876-10876/? D/dalvikvm﹕ DexOpt: load 3ms, verify+opt 4ms, 125388 bytes
10-16 07:14:28.906  10862-10862/? D/dalvikvm﹕ DexOpt: --- END '.뤔蠺ﺲ' (success) ---
10-16 07:14:28.906  10862-10862/? D/dalvikvm﹕ DEX prep '/data/data/com.verisign.mvip.main/.뤔蠺ﺲ': unzip in 0ms, rewrite 51ms
10-16 07:14:28.936    8079-8079/? V/AlarmClock﹕ AlarmInitReceiver android.intent.action.TIME_SET
10-16 07:14:28.956   8079-10732/? I/AlarmClock﹕ Displaying next alarm time: ''
10-16 07:14:28.956   8079-10732/? V/AlarmClock﹕ AlarmInitReceiver finished
10-16 07:14:28.966    8079-8083/? D/dalvikvm﹕ GC_CONCURRENT freed 365K, 15% free 17297K/20136K, paused 3ms+1ms, total 14ms
10-16 07:14:28.976  10753-10753/? D/TimeService﹕ Receivedandroid.intent.action.TIME_SET intent. Current Time is 1413461668981
10-16 07:14:28.976  10753-10753/? D/﹕ TimeServiceNative: User Time to be set is 1413461668981
10-16 07:14:28.976  10753-10753/? D/QC-time-services﹕ Lib:time_genoff_operation: pargs->base = 2
10-16 07:14:28.976  10753-10753/? D/QC-time-services﹕ Lib:time_genoff_operation: pargs->operation = 0
10-16 07:14:28.976  10753-10753/? D/QC-time-services﹕ Lib:time_genoff_operation: pargs->ts_val = 1413461668981
10-16 07:14:28.976  10753-10753/? D/QC-time-services﹕ Lib:time_genoff_operation: Send to server  passed!!
10-16 07:14:28.976      204-639/? D/QC-time-services﹕ Daemon: Connection accepted:time_genoff
10-16 07:14:28.976    204-10880/? D/QC-time-services﹕ Daemon:Received base = 2, unit = 1, operation = 0,value = 1413461668981
10-16 07:14:28.976    204-10880/? D/QC-time-services﹕ Daemon:genoff_opr: Base = 2, val = 1413461668981, operation = 0
10-16 07:14:28.976    204-10880/? D/QC-time-services﹕ Daemon:rtc_get: Time read from RTC -- MM/DD/YY HH:MM:SS3/22/70 20:29:46
10-16 07:14:28.976    204-10880/? D/QC-time-services﹕ Daemon:Value read from RTC seconds = 9664186000
10-16 07:14:28.976    204-10880/? D/QC-time-services﹕ Daemon:new time 1413461668981
10-16 07:14:28.976    204-10880/? D/QC-time-services﹕ Daemon: delta 1403797482981 genoff 1403797482981
10-16 07:14:28.976    204-10880/? D/QC-time-services﹕ Daemon:genoff_persistent_update: Writing genoff = 1403797482981 to memory
10-16 07:14:28.976    204-10880/? D/QC-time-services﹕ Daemon:Opening File: /data/system/time/ats_2
10-16 07:14:28.976    204-10880/? D/QC-time-services﹕ Daemon:time_persistent_memory_opr:Genoff write operation
10-16 07:14:28.976    204-10880/? D/QC-time-services﹕ Updating the TOD offset
10-16 07:14:28.976    204-10880/? D/QC-time-services﹕ Daemon:genoff_persistent_update: Writing genoff = 1403797482981 to memory
10-16 07:14:28.976    204-10880/? D/QC-time-services﹕ Daemon:Opening File: /data/system/time/ats_1
10-16 07:14:28.976    204-10880/? D/QC-time-services﹕ Daemon:time_persistent_memory_opr:Genoff write operation
10-16 07:14:28.986    204-10880/? D/QC-time-services﹕ Daemon:Update to modem bit set
10-16 07:14:28.986    204-10880/? D/QC-time-services﹕ Daemon:genoff_send_modem: Sending data to MODEM !
10-16 07:14:28.986    204-10880/? D/QC-time-services﹕ Daemon: Base = 2, Value being sent to MODEM = 1097496868981
10-16 07:14:28.986  10753-10753/? E/QC-time-services﹕ Receive Passed == base = 2, unit = 1, operation = 0, result = 0
10-16 07:14:28.986      204-635/? D/QC-time-services﹕ Daemon:tod_update_ind_cb: Got Update from modem msg_id 40
10-16 07:14:28.986      204-639/? D/QC-time-services﹕ Daemon: Time-services: Waiting to acceptconnection
10-16 07:14:29.046    7811-7814/? D/dalvikvm﹕ GC_CONCURRENT freed 1291K, 23% free 20960K/27208K, paused 2ms+2ms, total 44ms
10-16 07:14:29.056  10816-10816/? D/TimelyDebug﹕ AlarmManager.registerAlarms: reason = ACTION_TIME_CHANGED
10-16 07:14:29.056  10816-10816/? W/Timely﹕ System time has changed.
10-16 07:14:29.066   7811-10884/? I/CheckinService﹕ active receiver: disabled
10-16 07:14:29.086  28660-28660/? W/com.amazon.mShop.android/com.amazon.identity.auth.device.storage.LambortishClock﹕ Users clock moved. System time is 1413461669098 and timestamp is 1413461781003
10-16 07:14:29.096  10786-10790/? D/dalvikvm﹕ GC_CONCURRENT freed 413K, 15% free 17496K/20384K, paused 3ms+12ms, total 31ms
10-16 07:14:29.106  10848-10848/? D/ClockSync﹕ Time changed
10-16 07:14:29.116  10848-10852/? D/dalvikvm﹕ GC_CONCURRENT freed 359K, 15% free 17260K/20096K, paused 5ms+1ms, total 20ms
10-16 07:14:29.126  32078-32108/? W/SettingsDataItemWriter﹕ could not send rpc to writer
    com.google.android.wearable.gmsclient.WearableException: sendRpc failed: Status{statusCode=unknown status code: 4000, resolution=null}
            at com.google.android.wearable.gmsclient.MessageManager.sendMessage(MessageManager.java:65)
            at com.google.android.clockwork.settings.SettingsDataItemWriter$ClockworkHandler.handleMessage(SettingsDataItemWriter.java:395)
            at android.os.Handler.dispatchMessage(Handler.java:102)
            at android.os.Looper.loop(Looper.java:136)
            at android.os.HandlerThread.run(HandlerThread.java:61)
10-16 07:14:29.136    9778-9778/? W/com.amazon.kindle/com.amazon.identity.auth.device.storage.LambortishClock﹕ Users clock moved. System time is 1413461669143 and timestamp is 1413461781104
10-16 07:14:29.156  10768-10772/? D/dalvikvm﹕ GC_CONCURRENT freed 429K, 15% free 17430K/20336K, paused 2ms+1ms, total 11ms
10-16 07:14:29.156  10768-10776/? W/CursorWrapperInner﹕ Cursor finalized without prior close()
10-16 07:14:29.206    9778-9944/? I/Metrics:BatchTransmitte﹕ QueuePusher.sendBatches - Drained batch queue.; Number of batches sent: 0
10-16 07:14:29.246    7487-7487/? D/GCM﹕ GcmService start Intent { act=com.google.android.checkin.CHECKIN_COMPLETE flg=0x10 cmp=com.google.android.gms/.gcm.GcmService (has extras) } com.google.android.checkin.CHECKIN_COMPLETE
10-16 07:14:29.266    7487-7487/? D/GCM﹕ GcmService start Intent { act=com.google.android.checkin.CHECKIN_COMPLETE flg=0x10 cmp=com.google.android.gms/.gcm.GcmService (has extras) } com.google.android.checkin.CHECKIN_COMPLETE
10-16 07:14:29.306     819-1200/? I/ActivityManager﹕ START u0 {act=android.intent.action.MAIN cat=[android.intent.category.LAUNCHER] flg=0x10200000 cmp=com.google.android.wearable.app/com.google.android.clockwork.companion.StatusActivity (has extras)} from pid 1166
10-16 07:14:29.436     819-1200/? D/dalvikvm﹕ GC_FOR_ALLOC freed 7500K, 32% free 54099K/78420K, paused 122ms, total 122ms
10-16 07:14:29.496    7487-7498/? D/dalvikvm﹕ GC_CONCURRENT freed 623K, 15% free 19497K/22692K, paused 2ms+2ms, total 27ms
10-16 07:14:29.536  32078-32078/? D/WearableClient﹕ WearableClientImpl.onPostInitHandler: done
10-16 07:14:29.556    7796-7800/? D/dalvikvm﹕ GC_CONCURRENT freed 394K, 15% free 17639K/20716K, paused 1ms+2ms, total 16ms
10-16 07:14:29.616  32078-32078/? D/dalvikvm﹕ GC_FOR_ALLOC freed 426K, 30% free 24620K/35168K, paused 25ms, total 25ms
10-16 07:14:29.616  32078-32078/? I/dalvikvm-heap﹕ Grow heap (frag case) to 29.899MB for 3542416-byte allocation
10-16 07:14:29.656  32078-32085/? D/dalvikvm﹕ GC_FOR_ALLOC freed 2K, 28% free 28077K/38628K, paused 35ms, total 35ms
10-16 07:14:29.676  32078-32081/? D/dalvikvm﹕ GC_CONCURRENT freed 7K, 28% free 28069K/38628K, paused 1ms+2ms, total 27ms
10-16 07:14:29.766  32078-32078/? W/View﹕ requestLayout() improperly called by com.google.android.clockwork.companion.ParallaxingListHeader{432ffd80 V.ED..C. ......I. 0,0-0,0} during layout: running second layout pass
10-16 07:14:29.816  32078-32078/? I/ClockworkCompanion﹕ loaded config for device: "Moto 360" bt="Moto 360 2012" (5C:31:3E:4F:20:12) hasoem=true hasoemv=false hashero=true nodeid=17f6774c-d8de-4d4a-9d8b-8caa1784b6f8
10-16 07:14:29.826      819-844/? I/ActivityManager﹕ Displayed com.google.android.wearable.app/com.google.android.clockwork.companion.StatusActivity: +351ms
10-16 07:14:30.166    819-12351/? E/qcom_sensors_hal﹕ hal_process_report_ind: Bad item quality: 11
10-16 07:14:31.056  10816-10839/? V/Timely﹕ Registering AlarmClocks.
10-16 07:14:31.246    819-12351/? E/qcom_sensors_hal﹕ hal_process_report_ind: Bad item quality: 11
10-16 07:14:31.376  32078-32078/? W/View﹕ requestLayout() improperly called by com.google.android.clockwork.companion.ParallaxingListHeader{43317550 V.ED..C. ......I. 0,0-0,0} during layout: running second layout pass
10-16 07:14:32.595  10816-10839/? V/Timely﹕ Registering AlarmClocks.
