10-16 07:04:58.473    9666-9670/? D/dalvikvm﹕ GC_CONCURRENT freed 402K, 16% free 17830K/21040K, paused 1ms+1ms, total 26ms
10-16 07:04:58.513    9666-9670/? D/dalvikvm﹕ GC_CONCURRENT freed 546K, 16% free 17795K/21040K, paused 0ms+1ms, total 11ms
10-16 07:04:58.513    9666-9687/? D/dalvikvm﹕ WAIT_FOR_CONCURRENT_GC blocked 9ms
10-16 07:04:58.523    9666-9670/? D/dalvikvm﹕ GC_CONCURRENT freed 309K, 15% free 17957K/21040K, paused 1ms+1ms, total 11ms
10-16 07:04:58.573    9778-9955/? I/com.amazon.whispersync.dcp.framework.MetricsCollectorHolder﹕ Running normally, creating new metrics collector
10-16 07:04:58.573    9778-9955/? E/com.amazon.whispersync.dcp.framework.ClassConfigurationParser﹕ Could not find class configuration file dcp_class_configuration.xml
10-16 07:04:58.573    9778-9955/? E/com.amazon.whispersync.dcp.framework.ClassConfigurationParser﹕ The configuration file does not have a key for MetricCollector
10-16 07:04:58.573    9778-9955/? I/com.amazon.whispersync.dcp.framework.ClassConfigurationParser﹕ Attempting to create class com.amazon.whispersync.dcp.framework.ICEEMetricsCollector with android.content.Context constructor.
10-16 07:04:58.583    9778-9782/? D/dalvikvm﹕ GC_CONCURRENT freed 849K, 14% free 20481K/23804K, paused 2ms+2ms, total 28ms
10-16 07:04:58.603    9666-9670/? D/dalvikvm﹕ GC_CONCURRENT freed 549K, 16% free 17850K/21040K, paused 1ms+1ms, total 12ms
10-16 07:04:58.613    9778-9955/? W/System﹕ Ignoring header X-ADP-Reason because its value was null.
10-16 07:04:58.613    9778-9955/? I/DCP﹕ [JsonCallExecutor][CallExecutor][8f9462fb-ab4f-41e3-b71e-8e5ad21a7c6e][Auth]GET https://api.amazon.com/whispersync/v2/data/amzn1.account.XXXX/datasets?after=1&embed=records.first_page  (attempt 1)
10-16 07:04:58.613    9778-9957/? I/com.amazon.whispersync.dcp.framework.ConnectivityEnforcer﹕ Network with type -1 is already connected
10-16 07:04:58.663    9666-9670/? D/dalvikvm﹕ GC_CONCURRENT freed 430K, 16% free 17849K/21040K, paused 2ms+1ms, total 13ms
10-16 07:04:58.683    9778-9782/? D/dalvikvm﹕ GC_CONCURRENT freed 513K, 13% free 21051K/24048K, paused 3ms+2ms, total 25ms
10-16 07:04:58.683    9778-9955/? D/dalvikvm﹕ WAIT_FOR_CONCURRENT_GC blocked 10ms
10-16 07:04:58.733    9666-9670/? D/dalvikvm﹕ GC_CONCURRENT freed 449K, 16% free 17849K/21040K, paused 1ms+1ms, total 14ms
10-16 07:04:58.773    9778-9782/? D/dalvikvm﹕ GC_CONCURRENT freed 792K, 14% free 21528K/24808K, paused 3ms+2ms, total 26ms
10-16 07:04:58.773    9778-9917/? D/dalvikvm﹕ WAIT_FOR_CONCURRENT_GC blocked 18ms
10-16 07:04:58.773    9778-9955/? D/dalvikvm﹕ WAIT_FOR_CONCURRENT_GC blocked 13ms
10-16 07:04:58.793    9666-9670/? D/dalvikvm﹕ GC_CONCURRENT freed 651K, 16% free 17709K/21040K, paused 0ms+1ms, total 15ms
10-16 07:04:58.793    9666-9687/? D/dalvikvm﹕ WAIT_FOR_CONCURRENT_GC blocked 13ms
10-16 07:04:58.803    9778-9955/? D/dalvikvm﹕ GC_FOR_ALLOC freed 403K, 14% free 21903K/25320K, paused 26ms, total 27ms
10-16 07:04:58.823    9666-9670/? D/dalvikvm﹕ GC_CONCURRENT freed 399K, 16% free 17744K/21040K, paused 1ms+0ms, total 11ms
10-16 07:04:58.833    9778-9955/? D/dalvikvm﹕ GC_FOR_ALLOC freed 813K, 15% free 21972K/25644K, paused 23ms, total 23ms
10-16 07:04:58.863    9778-9955/? D/dalvikvm﹕ GC_FOR_ALLOC freed 908K, 15% free 22161K/25968K, paused 22ms, total 22ms
10-16 07:04:58.883    9778-9955/? D/dalvikvm﹕ GC_FOR_ALLOC freed 380K, 14% free 22544K/25968K, paused 22ms, total 23ms
10-16 07:04:58.893    9666-9670/? D/dalvikvm﹕ GC_CONCURRENT freed 435K, 16% free 17749K/21040K, paused 1ms+0ms, total 12ms
10-16 07:04:58.993    9666-9670/? D/dalvikvm﹕ GC_CONCURRENT freed 607K, 17% free 17535K/21040K, paused 4ms+0ms, total 21ms
10-16 07:04:59.023    9778-9782/? D/dalvikvm﹕ GC_CONCURRENT freed 952K, 13% free 23374K/26800K, paused 3ms+2ms, total 30ms
10-16 07:04:59.023    9778-9955/? D/dalvikvm﹕ WAIT_FOR_CONCURRENT_GC blocked 19ms
10-16 07:04:59.183    9778-9782/? D/dalvikvm﹕ GC_CONCURRENT freed 1289K, 14% free 24141K/27904K, paused 2ms+2ms, total 34ms
10-16 07:04:59.183    9778-9917/? D/dalvikvm﹕ WAIT_FOR_CONCURRENT_GC blocked 22ms
10-16 07:04:59.183    9778-9955/? D/dalvikvm﹕ WAIT_FOR_CONCURRENT_GC blocked 21ms
10-16 07:04:59.323      819-857/? W/BackupManagerService﹕ dataChanged but no participant pkg='com.amazon.kindle' uid=10106
10-16 07:04:59.323     819-1200/? W/BackupManagerService﹕ dataChanged but no participant pkg='com.amazon.kindle' uid=10106
10-16 07:04:59.323     819-1101/? W/BackupManagerService﹕ dataChanged but no participant pkg='com.amazon.kindle' uid=10106
10-16 07:04:59.333    9778-9917/? I/AmazonKindle.com.amazon.kindle.services.download.ReaderDownloadManager﹕ [DownloadManager-webserviceRequests3-thread-1]: <NoId> updated to COMPLETE state
10-16 07:04:59.363    9778-9782/? D/dalvikvm﹕ GC_CONCURRENT freed 1752K, 15% free 24702K/28928K, paused 1ms+2ms, total 47ms
10-16 07:04:59.363    9778-9955/? D/dalvikvm﹕ WAIT_FOR_CONCURRENT_GC blocked 12ms
10-16 07:05:00.533    9778-9955/? I/DCP﹕ [JsonCallExecutor][CallExecutor][8f9462fb-ab4f-41e3-b71e-8e5ad21a7c6e][Auth]Received response code 200 OK. Total time = 1918 ms. Handshake = 1775 ms. Upload = 0 ms (0 bytes). Latency = 129 ms. Download = 10 ms (444 bytes).
10-16 07:05:00.723    9778-9782/? D/dalvikvm﹕ GC_CONCURRENT freed 2009K, 16% free 25184K/29676K, paused 3ms+9ms, total 53ms
10-16 07:05:00.723    9778-9955/? D/dalvikvm﹕ WAIT_FOR_CONCURRENT_GC blocked 8ms
10-16 07:05:00.803    9778-9975/? I/DCP﹕ Sending 0 dataset update for 'CloudCollections.Items' namespace
10-16 07:05:00.833    9778-9975/? W/System﹕ Ignoring header X-ADP-Reason because its value was null.
10-16 07:05:00.833    9778-9975/? I/DCP﹕ [JsonCallExecutor][CallExecutor][5360968a-6dc2-4f05-bb96-ae461525c5f4][Auth]GET https://api.amazon.com/whispersync/v2/data/amzn1.account.XXXX/datasets?after=1&embed=records.first_page  (attempt 1)
10-16 07:05:00.843    9778-9977/? I/com.amazon.whispersync.dcp.framework.ConnectivityEnforcer﹕ Network with type -1 is already connected
10-16 07:05:01.023    9778-9975/? I/DCP﹕ [JsonCallExecutor][CallExecutor][5360968a-6dc2-4f05-bb96-ae461525c5f4][Auth]Received response code 200 OK. Total time = 188 ms. Handshake = 63 ms. Upload = 0 ms (0 bytes). Latency = 124 ms. Download = 0 ms (444 bytes).
10-16 07:05:01.183    9778-9945/? I/AmazonKindle.com.amazon.kindle.collections.business.CollectionsSyncManager﹕ [Thread-69363]: Collections on start-up sync completed!
10-16 07:05:02.173    9778-9874/? E/com.amazon.kindle/com.amazon.identity.auth.device.callback.CallbackFuture﹕ Timed out waiting for result!
10-16 07:05:02.183    9778-9874/? E/AmazonKindle.com.amazon.kindle.services.authentication.MAPTokenCache﹕ [pool-9-thread-1]: Retrieving of token: com.amazon.dcp.sso.token.cookie.xmainAndXabcCookies failed
    java.util.concurrent.TimeoutException: Timed out waiting for result!
            at com.amazon.identity.auth.device.callback.CallbackFuture.get(CallbackFuture.java:58)
            at com.amazon.identity.auth.device.callback.CallbackFuture.get(CallbackFuture.java:18)
            at com.amazon.kindle.services.authentication.MAPTokenCache.retrieveToken(MAPTokenCache.java:216)
            at com.amazon.kindle.services.authentication.MAPTokenCache.fetchToken(MAPTokenCache.java:189)
            at com.amazon.kindle.services.authentication.MAPTokenCache.access$100(MAPTokenCache.java:41)
            at com.amazon.kindle.services.authentication.MAPTokenCache$1.run(MAPTokenCache.java:97)
            at java.util.concurrent.Executors$RunnableAdapter.call(Executors.java:422)
            at java.util.concurrent.FutureTask.run(FutureTask.java:237)
            at java.util.concurrent.ThreadPoolExecutor.runWorker(ThreadPoolExecutor.java:1112)
            at java.util.concurrent.ThreadPoolExecutor$Worker.run(ThreadPoolExecutor.java:587)
            at java.lang.Thread.run(Thread.java:841)
10-16 07:05:02.213    9778-9982/? W/AmazonKindle.com.amazon.kindle.services.events.DeadEventHandler﹕ [pool-38-thread-1]: dead message detected: com.amazon.kindle.services.authentication.TokenChangeEvent@43c561a0
10-16 07:05:02.213    9778-9982/? W/AmazonKindle.com.amazon.kindle.services.events.DeadEventHandler﹕ [pool-38-thread-1]: dead message detected: com.amazon.kindle.services.authentication.TokenChangeEvent@43c57bb0
10-16 07:05:02.213    9778-9982/? W/AmazonKindle.com.amazon.kindle.services.events.DeadEventHandler﹕ [pool-38-thread-1]: dead message detected: com.amazon.kindle.services.authentication.TokenChangeEvent@43c57de8
10-16 07:05:02.213    9778-9982/? W/AmazonKindle.com.amazon.kindle.services.events.DeadEventHandler﹕ [pool-38-thread-1]: dead message detected: com.amazon.kindle.services.authentication.TokenChangeEvent@43c58038
10-16 07:05:02.223    9778-9982/? W/AmazonKindle.com.amazon.kindle.services.events.DeadEventHandler﹕ [pool-38-thread-1]: dead message detected: com.amazon.kindle.services.authentication.TokenChangeEvent@43c5cdf8
10-16 07:05:02.223    9778-9982/? W/AmazonKindle.com.amazon.kindle.services.events.DeadEventHandler﹕ [pool-38-thread-1]: dead message detected: com.amazon.kindle.services.authentication.TokenChangeEvent@43c5da60
10-16 07:05:02.223    9778-9982/? W/AmazonKindle.com.amazon.kindle.services.events.DeadEventHandler﹕ [pool-38-thread-1]: dead message detected: com.amazon.kindle.services.authentication.TokenChangeEvent@43c5e6b0
10-16 07:05:02.243    9778-9982/? W/AmazonKindle.com.amazon.kindle.services.events.DeadEventHandler﹕ [pool-38-thread-1]: dead message detected: com.amazon.kindle.services.authentication.TokenChangeEvent@43c6ddb0
10-16 07:05:02.243    9778-9982/? W/AmazonKindle.com.amazon.kindle.services.events.DeadEventHandler﹕ [pool-38-thread-1]: dead message detected: com.amazon.kindle.services.authentication.TokenChangeEvent@43c6dfe8
10-16 07:05:02.243    9778-9795/? I/com.amazon.kindle/com.amazon.identity.auth.attributes.CustomerAttributeStoreLogic﹕ Setting the attribute for key: com.amazon.kindle/com.amazon.dcp.sso.property.account.extratokens.emailAddress
10-16 07:05:02.253    9778-9930/? I/com.amazon.kindle/com.amazon.identity.auth.device.utils.CentralApkUtils﹕ Cannot find amazon authenticator. If this is 1P device, this is a bug!
10-16 07:05:02.293    9778-9778/? I/AmazonKindle.com.audible.android.kcp.player.manager.AudioPlayerManager﹕ [main]: Finished binding to Audible PlayerService
10-16 07:05:02.303     819-3652/? I/MediaFocusControl﹕ Remote Control   registerMediaButtonIntent() for PendingIntent{462df348: PendingIntentRecord{44013240 com.amazon.kindle broadcastIntent}}
10-16 07:05:02.303    9778-9984/? W/AmazonKindle.com.amazon.kindle.krx.reader.ReaderManager﹕ [pool-39-thread-1]: You are invoking getCurrentBookNavigator when a book isn't open. This will return null in the future.
10-16 07:05:02.343    9778-9782/? D/dalvikvm﹕ GC_CONCURRENT freed 2639K, 17% free 25207K/30320K, paused 6ms+3ms, total 50ms
10-16 07:05:02.343    9778-9984/? D/dalvikvm﹕ WAIT_FOR_CONCURRENT_GC blocked 38ms
10-16 07:05:02.343    9778-9889/? D/dalvikvm﹕ WAIT_FOR_CONCURRENT_GC blocked 38ms
10-16 07:05:02.343    9778-9795/? D/dalvikvm﹕ WAIT_FOR_CONCURRENT_GC blocked 35ms
10-16 07:05:02.363    9778-9984/? I/AmazonKindle.com.audible.hushpuppy.db.HushpuppyStorage﹕ [pool-39-thread-1]: getPfmAllowed: pfm_config={pfm=ATVPDKIKX0DER pfm_readable=US - www.amazon.com - PROD com.audible.hushpuppy.network.pfm.PfmEndpointMap@439b2190}
10-16 07:05:02.373    9778-9984/? W/ResourceType﹕ No known package when getting value for resource number 0xffffffff
10-16 07:05:02.373    9778-9984/? E/AmazonKindle.com.audible.android.kcp.leftnav.IconPanelComponent﹕ [pool-39-thread-1]: Resource not found exception thrown - unable to get the drawable
10-16 07:05:02.373    9778-9984/? I/AmazonKindle.com.audible.android.kcp.krx.BaseKrxProvider﹕ [pool-39-thread-1]: Registering provider ...
10-16 07:05:02.373    9778-9984/? I/AmazonKindle.com.audible.android.kcp.krx.BaseKrxProvider﹕ [pool-39-thread-1]: Registering provider ...
10-16 07:05:02.373    9778-9984/? I/AmazonKindle.com.audible.hushpuppy.ApplicationPlugin﹕ [pool-39-thread-1]: Handling PFMCORChangedEvent
10-16 07:05:02.383    9778-9889/? I/AmazonKindle.com.audible.hushpuppy.db.HushpuppyStorage﹕ [Hushpuppy-Event-Bus-1]: getPfmAllowed: pfm_config={pfm=ATVPDKIKX0DER pfm_readable=US - www.amazon.com - PROD com.audible.hushpuppy.network.pfm.PfmEndpointMap@43789190}
10-16 07:05:02.383    9778-9889/? I/AmazonKindle.com.audible.hushpuppy.ApplicationPlugin﹕ [Hushpuppy-Event-Bus-1]: Producing HushpuppyState enabled
10-16 07:05:02.383    9778-9889/? I/AmazonKindle.com.audible.hushpuppy.ApplicationPlugin﹕ [Hushpuppy-Event-Bus-1]: Registering Global sync broadcast receiver
10-16 07:05:02.383    9778-9984/? I/AmazonKindle.com.audible.hushpuppy.db.HushpuppyStorage﹕ [pool-39-thread-1]: getPfmAllowed: pfm_config={pfm=ATVPDKIKX0DER pfm_readable=US - www.amazon.com - PROD com.audible.hushpuppy.network.pfm.PfmEndpointMap@4374a868}
10-16 07:05:02.383    9778-9889/? I/AmazonKindle.com.audible.hushpuppy.ApplicationPlugin﹕ [Hushpuppy-Event-Bus-1]: Registering Reader library event listener
10-16 07:05:02.383    9778-9889/? I/AmazonKindle.com.audible.hushpuppy.ApplicationPlugin﹕ [Hushpuppy-Event-Bus-1]: Registering Reader navigation and activity lifecycle listeners
10-16 07:05:02.393    9778-9889/? I/AmazonKindle.com.audible.hushpuppy.db.HushpuppyStorage﹕ [Hushpuppy-Event-Bus-1]: getPfmAllowed: pfm_config={pfm=ATVPDKIKX0DER pfm_readable=US - www.amazon.com - PROD com.audible.hushpuppy.network.pfm.PfmEndpointMap@43667830}
10-16 07:05:02.393    9778-9889/? I/AmazonKindle.com.audible.hushpuppy.ApplicationPlugin﹕ [Hushpuppy-Event-Bus-1]: Producing HushpuppyState enabled
10-16 07:05:02.393    9778-9889/? I/AmazonKindle.com.audible.hushpuppy.LibraryPlugin﹕ [Hushpuppy-Event-Bus-1]: enable
10-16 07:05:02.393    9778-9984/? I/AmazonKindle.com.audible.android.kcp.krx.BaseKrxProvider﹕ [pool-39-thread-1]: Registering provider ...
10-16 07:05:02.393    9778-9984/? I/AmazonKindle.com.audible.android.kcp.krx.BaseKrxProvider﹕ [pool-39-thread-1]: Registering provider ...
10-16 07:05:02.393    9778-9984/? I/AmazonKindle.com.audible.android.kcp.krx.BaseKrxProvider﹕ [pool-39-thread-1]: Registering provider ...
10-16 07:05:02.393    9778-9889/? I/AmazonKindle.com.audible.hushpuppy.db.HushpuppyStorage﹕ [Hushpuppy-Event-Bus-1]: getPfmAllowed: pfm_config={pfm=ATVPDKIKX0DER pfm_readable=US - www.amazon.com - PROD com.audible.hushpuppy.network.pfm.PfmEndpointMap@43510098}
10-16 07:05:02.393    9778-9984/? I/AmazonKindle.com.audible.hushpuppy.db.HushpuppyStorage﹕ [pool-39-thread-1]: getPfmAllowed: pfm_config={pfm=ATVPDKIKX0DER pfm_readable=US - www.amazon.com - PROD com.audible.hushpuppy.network.pfm.PfmEndpointMap@43498248}
10-16 07:05:02.403    9778-9889/? I/AmazonKindle.com.audible.hushpuppy.ApplicationPlugin﹕ [Hushpuppy-Event-Bus-1]: Producing HushpuppyState enabled
10-16 07:05:02.403    9778-9889/? W/AmazonKindle.com.audible.hushpuppy.extension.DefaultDemoManager﹕ [Hushpuppy-Event-Bus-1]: isInStoreDemo returning default value of false
10-16 07:05:02.403    9778-9889/? W/AmazonKindle.com.audible.hushpuppy.extension.DefaultDemoManager﹕ [Hushpuppy-Event-Bus-1]: isInStoreDemo returning default value of false
10-16 07:05:02.553    9778-9984/? D/dalvikvm﹕ GC_FOR_ALLOC freed 746K, 17% free 25406K/30320K, paused 40ms, total 40ms
10-16 07:05:02.553    9778-9984/? I/AmazonKindle.com.audible.android.kcp.krx.BaseKrxProvider﹕ [pool-39-thread-1]: Registering provider ...
10-16 07:05:02.553    9778-9984/? I/AmazonKindle.com.audible.android.kcp.krx.BaseKrxProvider﹕ [pool-39-thread-1]: Registering provider ...
10-16 07:05:02.553    9778-9984/? I/AmazonKindle.com.audible.android.kcp.krx.BaseKrxProvider﹕ [pool-39-thread-1]: Registering provider ...
10-16 07:05:02.553    9778-9984/? I/AmazonKindle.com.audible.android.kcp.krx.BaseKrxProvider﹕ [pool-39-thread-1]: Registering provider ...
10-16 07:05:02.553    9778-9984/? I/AmazonKindle.com.audible.android.kcp.krx.BaseKrxProvider﹕ [pool-39-thread-1]: Registering provider ...
10-16 07:05:02.553    9778-9984/? I/AmazonKindle.com.audible.android.kcp.krx.BaseKrxProvider﹕ [pool-39-thread-1]: Registering provider ...
10-16 07:05:02.553    9778-9984/? I/AmazonKindle.com.audible.android.kcp.krx.BaseKrxProvider﹕ [pool-39-thread-1]: Registering provider ...
10-16 07:05:02.553    9778-9984/? I/AmazonKindle.com.audible.android.kcp.krx.BaseKrxProvider﹕ [pool-39-thread-1]: Registering provider ...
10-16 07:05:02.783      819-845/? W/ProcessCpuTracker﹕ Skipping unknown process pid 9992
10-16 07:05:02.783      819-845/? W/ProcessCpuTracker﹕ Skipping unknown process pid 9995
10-16 07:05:03.393      819-845/? I/ActivityManager﹕ Start proc com.facebook.orca for service com.facebook.orca/com.facebook.push.mqtt.service.MqttPushService: pid=10015 uid=10188 gids={50188, 3003, 1028, 1015}
10-16 07:05:03.523  10015-10015/? D/ACRA﹕ ACRA is enabled for com.facebook.orca, intializing...
10-16 07:05:03.533  10015-10015/? D/ACRA﹕ Looking for error files in /data/data/com.facebook.orca/app_acra-reports
10-16 07:05:03.533  10015-10015/? D/ACRA﹕ Looking for error files in /data/data/com.facebook.orca/app_minidumps
10-16 07:05:03.543  10015-10015/? D/dalvikvm﹕ Trying to load lib /data/app-lib/com.facebook.orca-2/libfb_stl_shared.so 0x4329db58
10-16 07:05:03.553  10015-10015/? D/dalvikvm﹕ Added shared lib /data/app-lib/com.facebook.orca-2/libfb_stl_shared.so 0x4329db58
10-16 07:05:03.553  10015-10015/? D/dalvikvm﹕ No JNI_OnLoad found in /data/app-lib/com.facebook.orca-2/libfb_stl_shared.so 0x4329db58, skipping init
10-16 07:05:03.553  10015-10015/? D/SoLoader﹕ found fb_stl_shared in default place
10-16 07:05:03.553  10015-10015/? D/dalvikvm﹕ Trying to load lib /data/app-lib/com.facebook.orca-2/libfb_breakpad_client.so 0x4329db58
10-16 07:05:03.553  10015-10015/? D/dalvikvm﹕ Added shared lib /data/app-lib/com.facebook.orca-2/libfb_breakpad_client.so 0x4329db58
10-16 07:05:03.553  10015-10015/? D/SoLoader﹕ found fb_breakpad_client in default place
10-16 07:05:03.573  10015-10018/? D/dalvikvm﹕ GC_CONCURRENT freed 367K, 15% free 17355K/20196K, paused 1ms+1ms, total 14ms
10-16 07:05:03.573  10015-10015/? D/dalvikvm﹕ WAIT_FOR_CONCURRENT_GC blocked 2ms
10-16 07:05:03.573  10015-10015/? D/dalvikvm﹕ Trying to load lib /data/app-lib/com.facebook.orca-2/libfb_dalvik-internals.so 0x4329db58
10-16 07:05:03.573  10015-10015/? D/dalvikvm﹕ Added shared lib /data/app-lib/com.facebook.orca-2/libfb_dalvik-internals.so 0x4329db58
10-16 07:05:03.573  10015-10015/? D/SoLoader﹕ found fb_dalvik-internals in default place
10-16 07:05:03.573  10015-10015/? I/dalvik-internals﹕ Successfully looked up JNI_GetCreatedJavaVMs: ptr=0x41594a95 sz=0
10-16 07:05:03.573  10015-10015/? I/dalvik-internals﹕ Successfully looked up gDvm: ptr=0x415f61f0 sz=0
10-16 07:05:03.573  10015-10015/? I/dalvik-internals﹕ Successfully looked up dvmResolveClass: ptr=0x415b3539 sz=196
10-16 07:05:03.573  10015-10015/? I/dalvik-internals﹕ Successfully looked up dvmFlushBreakpoints: ptr=0x41571504 sz=172
10-16 07:05:03.573  10015-10015/? I/dalvik-internals﹕ Successfully looked up dvmSuspendAllThreads: ptr=0x4159c079 sz=0
10-16 07:05:03.573  10015-10015/? I/dalvik-internals﹕ Successfully looked up dvmResumeAllThreads: ptr=0x4159bd01 sz=0
10-16 07:05:03.573  10015-10015/? E/dalvik-internals﹕ Failed to look up ladDumpProfiles
10-16 07:05:03.573  10015-10015/? E/dalvik-internals﹕ Failed to look up ladResetProfiles
10-16 07:05:03.573  10015-10015/? E/dalvik-internals﹕ Failed to look up ladPrintHeaderInfo
10-16 07:05:03.573  10015-10015/? V/DexLibLoader﹕ about to lock odex store
10-16 07:05:03.573  10015-10015/? V/DexLibLoader﹕ locking odex store took 1 ms
10-16 07:05:03.573  10015-10015/? V/DexLibLoader﹕ Secondary program dex metadata: secondary-1.dex.jar 5e021c96b7b8d146dc688e265470b50b2f87d4b5 secondary.dex01.Canary
10-16 07:05:03.573  10015-10015/? V/DexLibLoader﹕ Secondary program dex metadata: secondary-2.dex.jar 26391712b2722ee85c5d041ef672b48f0a60987a secondary.dex02.Canary
10-16 07:05:03.573  10015-10015/? V/DexLibLoader﹕ directory "/data/data/com.facebook.orca/app_secondary_program_dex" contains "program-5e021c96b7b8d146dc688e265470b50b2f87d4b5857d6ea.dex.jar" as expected
10-16 07:05:03.583  10015-10015/? V/DexLibLoader﹕ directory "/data/data/com.facebook.orca/app_secondary_program_dex" contains "program-26391712b2722ee85c5d041ef672b48f0a60987a857d6ea.dex.jar" as expected
10-16 07:05:03.583  10015-10015/? D/DexLibLoader﹕ ignoring file "program-5e021c96b7b8d146dc688e265470b50b2f87d4b5857d6ea.dex.odex" in "/data/data/com.facebook.orca/app_secondary_program_dex"
10-16 07:05:03.583  10015-10015/? D/DexLibLoader﹕ ignoring file "program-26391712b2722ee85c5d041ef672b48f0a60987a857d6ea.dex.odex" in "/data/data/com.facebook.orca/app_secondary_program_dex"
10-16 07:05:03.583  10015-10015/? D/DexLibLoader﹕ directory "/data/data/com.facebook.orca/app_secondary_program_dex" is valid
10-16 07:05:03.583  10015-10015/? D/DexLibLoader﹕ ignoring file "primary_deps" in "/data/data/com.facebook.orca/app_secondary_program_dex_opt"
10-16 07:05:03.583  10015-10015/? V/DexLibLoader﹕ directory "/data/data/com.facebook.orca/app_secondary_program_dex_opt" contains "program-5e021c96b7b8d146dc688e265470b50b2f87d4b5857d6ea.dex.dex" as expected
10-16 07:05:03.583  10015-10015/? V/DexLibLoader﹕ directory "/data/data/com.facebook.orca/app_secondary_program_dex_opt" contains "program-26391712b2722ee85c5d041ef672b48f0a60987a857d6ea.dex.dex" as expected
10-16 07:05:03.583  10015-10015/? D/DexLibLoader﹕ directory "/data/data/com.facebook.orca/app_secondary_program_dex_opt" is valid
10-16 07:05:03.593  10015-10015/? D/DexLibLoader﹕ loading pre-built cross-dex opt odex files
10-16 07:05:03.593  10015-10015/? D/dalvik-internals﹕ successfully hooked dvmResolveClass using jump
10-16 07:05:03.593  10015-10015/? D/dalvik-internals﹕ successfully hooked dvmFlushBreakpoints using jump
10-16 07:05:03.613  10015-10015/? D/DexLibLoader﹕ released odex store lock
10-16 07:05:03.613  10015-10015/? D/DexLibLoader﹕ DexLibLoader.loadAll took 42 ms
10-16 07:05:03.763  10015-10018/? D/dalvikvm﹕ GC_CONCURRENT freed 276K, 14% free 17502K/20252K, paused 2ms+2ms, total 16ms
10-16 07:05:03.833  10015-10018/? D/dalvikvm﹕ GC_CONCURRENT freed 208K, 14% free 17745K/20428K, paused 2ms+2ms, total 14ms
10-16 07:05:03.913  10015-10018/? D/dalvikvm﹕ GC_CONCURRENT freed 172K, 13% free 18056K/20704K, paused 0ms+3ms, total 15ms
10-16 07:05:03.993  10015-10018/? D/dalvikvm﹕ GC_CONCURRENT freed 194K, 13% free 18376K/21044K, paused 1ms+2ms, total 24ms
10-16 07:05:03.993  10015-10015/? D/dalvikvm﹕ WAIT_FOR_CONCURRENT_GC blocked 9ms
10-16 07:05:04.073  10015-10018/? D/dalvikvm﹕ GC_CONCURRENT freed 194K, 13% free 18696K/21364K, paused 2ms+3ms, total 29ms
10-16 07:05:04.073  10015-10015/? D/dalvikvm﹕ WAIT_FOR_CONCURRENT_GC blocked 12ms
10-16 07:05:04.153  10015-10018/? D/dalvikvm﹕ GC_CONCURRENT freed 192K, 13% free 19018K/21684K, paused 2ms+1ms, total 28ms
10-16 07:05:04.153  10015-10015/? D/dalvikvm﹕ WAIT_FOR_CONCURRENT_GC blocked 12ms
10-16 07:05:04.223  10015-10018/? D/dalvikvm﹕ GC_CONCURRENT freed 253K, 13% free 19341K/22068K, paused 2ms+1ms, total 21ms
10-16 07:05:04.233  10015-10015/? W/msgr(:<default>):bq﹕ Verify
10-16 07:05:04.353  10015-10018/? D/dalvikvm﹕ GC_CONCURRENT freed 596K, 14% free 19435K/22512K, paused 2ms+3ms, total 33ms
10-16 07:05:04.453  10015-10018/? D/dalvikvm﹕ GC_CONCURRENT freed 430K, 13% free 19739K/22644K, paused 2ms+2ms, total 28ms
10-16 07:05:04.493  10015-10015/? E/dalvikvm﹕ Could not find class 'org.apache.harmony.xnet.provider.jsse.OpenSSLSocketImpl', referenced from method com.facebook.ssl.openssl.a.c.<clinit>
10-16 07:05:04.493  10015-10015/? W/dalvikvm﹕ VFY: unable to resolve const-class 10557 (Lorg/apache/harmony/xnet/provider/jsse/OpenSSLSocketImpl;) in Lcom/facebook/ssl/openssl/a/c;
10-16 07:05:04.493  10015-10015/? D/dalvikvm﹕ VFY: replacing opcode 0x1c at 0x000d
10-16 07:05:04.493  10015-10015/? E/dalvikvm﹕ Could not find class 'org.apache.harmony.xnet.provider.jsse.OpenSSLSocketFactoryImpl', referenced from method com.facebook.ssl.openssl.b.b.<clinit>
10-16 07:05:04.493  10015-10015/? W/dalvikvm﹕ VFY: unable to resolve const-class 10556 (Lorg/apache/harmony/xnet/provider/jsse/OpenSSLSocketFactoryImpl;) in Lcom/facebook/ssl/openssl/b/b;
10-16 07:05:04.493  10015-10015/? D/dalvikvm﹕ VFY: replacing opcode 0x1c at 0x000d
10-16 07:05:04.493  10015-10015/? E/dalvikvm﹕ Could not find class 'org.apache.harmony.xnet.provider.jsse.SSLParametersImpl', referenced from method com.facebook.ssl.openssl.b.b.a
10-16 07:05:04.503  10015-10015/? W/dalvikvm﹕ VFY: unable to resolve check-cast 10559 (Lorg/apache/harmony/xnet/provider/jsse/SSLParametersImpl;) in Lcom/facebook/ssl/openssl/b/b;
10-16 07:05:04.503  10015-10015/? D/dalvikvm﹕ VFY: replacing opcode 0x1f at 0x0006
10-16 07:05:04.503  10015-10015/? E/dalvikvm﹕ Could not find class 'org.apache.harmony.xnet.provider.jsse.SSLParametersImpl', referenced from method com.facebook.ssl.openssl.b.c.<clinit>
10-16 07:05:04.503  10015-10015/? W/dalvikvm﹕ VFY: unable to resolve const-class 10559 (Lorg/apache/harmony/xnet/provider/jsse/SSLParametersImpl;) in Lcom/facebook/ssl/openssl/b/c;
10-16 07:05:04.503  10015-10015/? D/dalvikvm﹕ VFY: replacing opcode 0x1c at 0x000d
10-16 07:05:04.503  10015-10015/? W/dalvikvm﹕ VFY: unable to find class referenced in signature (Lorg/apache/harmony/xnet/provider/jsse/SSLParametersImpl;)
10-16 07:05:04.503  10015-10015/? E/dalvikvm﹕ Could not find class 'org.apache.harmony.xnet.provider.jsse.ClientSessionContext', referenced from method com.facebook.ssl.openssl.b.c.a
10-16 07:05:04.503  10015-10015/? W/dalvikvm﹕ VFY: unable to resolve check-cast 10555 (Lorg/apache/harmony/xnet/provider/jsse/ClientSessionContext;) in Lcom/facebook/ssl/openssl/b/c;
10-16 07:05:04.503  10015-10015/? D/dalvikvm﹕ VFY: replacing opcode 0x1f at 0x0006
10-16 07:05:04.503  10015-10015/? W/dalvikvm﹕ VFY: unable to find class referenced in signature (Lorg/apache/harmony/xnet/provider/jsse/SSLParametersImpl;)
10-16 07:05:04.503  10015-10015/? W/dalvikvm﹕ Unable to resolve superclass of Lcom/facebook/ssl/openssl/TicketEnabledOpenSSLSocketImplWrapper; (10558)
10-16 07:05:04.503  10015-10015/? W/dalvikvm﹕ Link of class 'Lcom/facebook/ssl/openssl/TicketEnabledOpenSSLSocketImplWrapper;' failed
10-16 07:05:04.503  10015-10015/? E/dalvikvm﹕ Could not find class 'com.facebook.ssl.openssl.TicketEnabledOpenSSLSocketImplWrapper', referenced from method com.facebook.ssl.openssl.b.a
10-16 07:05:04.503  10015-10015/? W/dalvikvm﹕ VFY: unable to resolve new-instance 6632 (Lcom/facebook/ssl/openssl/TicketEnabledOpenSSLSocketImplWrapper;) in Lcom/facebook/ssl/openssl/b;
10-16 07:05:04.503  10015-10015/? D/dalvikvm﹕ VFY: replacing opcode 0x22 at 0x0000
10-16 07:05:04.503  10015-10015/? W/dalvikvm﹕ Unable to resolve superclass of Lcom/facebook/ssl/openssl/TicketEnabledOpenSSLSocketImplWrapper; (10558)
10-16 07:05:04.503  10015-10015/? W/dalvikvm﹕ Link of class 'Lcom/facebook/ssl/openssl/TicketEnabledOpenSSLSocketImplWrapper;' failed
10-16 07:05:04.503  10015-10015/? D/dalvikvm﹕ DexOpt: unable to opt direct call 0x9105 at 0x08 in Lcom/facebook/ssl/openssl/b;.a
10-16 07:05:04.683     819-1190/? D/dalvikvm﹕ GC_EXPLICIT freed 5596K, 32% free 54049K/78420K, paused 4ms+7ms, total 165ms
10-16 07:05:04.723  10015-10018/? D/dalvikvm﹕ GC_CONCURRENT freed 582K, 14% free 19941K/22996K, paused 3ms+5ms, total 28ms
10-16 07:05:04.813  10015-10066/? D/dalvikvm﹕ Trying to load lib /data/app-lib/com.facebook.orca-2/libfb_stl_shared.so 0x4329db58
10-16 07:05:04.813  10015-10066/? D/dalvikvm﹕ Shared lib '/data/app-lib/com.facebook.orca-2/libfb_stl_shared.so' already loaded in same CL 0x4329db58
10-16 07:05:04.813  10015-10066/? D/SoLoader﹕ found fb_stl_shared in default place
10-16 07:05:04.823  10015-10066/? D/dalvikvm﹕ Trying to load lib /data/app-lib/com.facebook.orca-2/libfb.so 0x4329db58
10-16 07:05:04.823  10015-10066/? D/dalvikvm﹕ Added shared lib /data/app-lib/com.facebook.orca-2/libfb.so 0x4329db58
10-16 07:05:04.823  10015-10066/? D/dalvikvm﹕ No JNI_OnLoad found in /data/app-lib/com.facebook.orca-2/libfb.so 0x4329db58, skipping init
10-16 07:05:04.823  10015-10066/? D/SoLoader﹕ found fb in default place
10-16 07:05:04.823  10015-10066/? D/dalvikvm﹕ Trying to load lib /data/app-lib/com.facebook.orca-2/libfb_breakpad_client.so 0x4329db58
10-16 07:05:04.823  10015-10066/? D/dalvikvm﹕ Shared lib '/data/app-lib/com.facebook.orca-2/libfb_breakpad_client.so' already loaded in same CL 0x4329db58
10-16 07:05:04.823  10015-10066/? D/SoLoader﹕ found fb_breakpad_client in default place
10-16 07:05:04.823  10015-10066/? D/dalvikvm﹕ Trying to load lib /data/app-lib/com.facebook.orca-2/libfbjni.so 0x4329db58
10-16 07:05:04.823  10015-10066/? D/dalvikvm﹕ Added shared lib /data/app-lib/com.facebook.orca-2/libfbjni.so 0x4329db58
10-16 07:05:04.823  10015-10066/? D/SoLoader﹕ found fbjni in default place
10-16 07:05:04.833  10015-10066/? D/dalvikvm﹕ Trying to load lib /data/app-lib/com.facebook.orca-2/libheartbleed.so 0x4329db58
10-16 07:05:04.833  10015-10066/? D/dalvikvm﹕ Added shared lib /data/app-lib/com.facebook.orca-2/libheartbleed.so 0x4329db58
10-16 07:05:04.833  10015-10066/? D/SoLoader﹕ found heartbleed in default place
10-16 07:05:05.103  10015-10018/? D/dalvikvm﹕ GC_CONCURRENT freed 681K, 14% free 20173K/23328K, paused 4ms+4ms, total 45ms
10-16 07:05:05.103  10015-10061/? D/dalvikvm﹕ WAIT_FOR_CONCURRENT_GC blocked 19ms
10-16 07:05:07.503  29802-29805/? D/dalvikvm﹕ GC_CONCURRENT freed 384K, 18% free 18265K/22040K, paused 1ms+1ms, total 13ms
10-16 07:05:08.903      819-845/? W/BroadcastQueue﹕ Permission Denial: broadcasting Intent { act=android.net.conn.INET_CONDITION_ACTION flg=0x4000010 (has extras) } from null (pid=-1, uid=-1) requires com.facebook.permission.prod.FB_APP_COMMUNICATION due to registered receiver BroadcastFilter{439fbd88 u0 ReceiverList{44b475f8 10015 com.facebook.orca/10188/u0 remote:449a0a40}}
10-16 07:05:08.903      819-845/? W/BroadcastQueue﹕ Permission Denial: broadcasting Intent { act=android.net.conn.CONNECTIVITY_CHANGE flg=0x4000010 (has extras) } from null (pid=-1, uid=-1) requires com.facebook.permission.prod.FB_APP_COMMUNICATION due to registered receiver BroadcastFilter{439fbd88 u0 ReceiverList{44b475f8 10015 com.facebook.orca/10188/u0 remote:449a0a40}}
10-16 07:05:08.953  10015-10018/? D/dalvikvm﹕ GC_CONCURRENT freed 759K, 14% free 20407K/23640K, paused 3ms+4ms, total 45ms
10-16 07:05:08.953  10015-10015/? D/dalvikvm﹕ WAIT_FOR_CONCURRENT_GC blocked 2ms
10-16 07:05:08.953  10015-10065/? D/dalvikvm﹕ WAIT_FOR_CONCURRENT_GC blocked 3ms
10-16 07:05:09.033  10015-10015/? W/msgr(:<default>):a﹕ Attempt to start service that is already started
10-16 07:05:09.183  10015-10018/? D/dalvikvm﹕ GC_CONCURRENT freed 924K, 15% free 20553K/23952K, paused 3ms+3ms, total 50ms
10-16 07:05:09.183  10015-10015/? D/dalvikvm﹕ WAIT_FOR_CONCURRENT_GC blocked 32ms
10-16 07:05:09.273      819-845/? W/BroadcastQueue﹕ Permission Denial: broadcasting Intent { act=android.net.conn.CONNECTIVITY_CHANGE flg=0x4000010 (has extras) } from null (pid=-1, uid=-1) requires com.facebook.permission.prod.FB_APP_COMMUNICATION due to registered receiver BroadcastFilter{4475cb78 u0 ReceiverList{449e4f98 10015 com.facebook.orca/10188/u0 remote:447abb78}}
10-16 07:05:09.323  10015-10058/? I/System.out﹕ ~~~ loading file libphone_data/PhoneNumberMetadataProto_US
10-16 07:05:09.413  10015-10018/? D/dalvikvm﹕ GC_CONCURRENT freed 866K, 14% free 20805K/24144K, paused 3ms+13ms, total 79ms
10-16 07:05:09.413  10015-10089/? D/dalvikvm﹕ WAIT_FOR_CONCURRENT_GC blocked 24ms
10-16 07:05:09.603  10015-10018/? D/dalvikvm﹕ GC_CONCURRENT freed 907K, 14% free 21030K/24412K, paused 3ms+3ms, total 34ms
10-16 07:05:10.663  28660-31355/? D/AbstractMetricsFactoryImpl﹕ record : No data points in metrics event
10-16 07:05:11.373  10015-10101/? W/msgr(:<default>):JACKSON_FALLBACK﹕ Using BeanSerializer for com.facebook.appirater.api.FetchISRConfigResult to serialize class com.facebook.appirater.api.FetchISRConfigResult
10-16 07:05:11.483  10015-10018/? D/dalvikvm﹕ GC_CONCURRENT freed 1044K, 15% free 21257K/24776K, paused 2ms+4ms, total 33ms
10-16 07:05:11.503  10015-10124/? D/dalvikvm﹕ Trying to load lib /data/app-lib/com.facebook.orca-2/libfb_stl_shared.so 0x4329db58
10-16 07:05:11.503  10015-10124/? D/dalvikvm﹕ Shared lib '/data/app-lib/com.facebook.orca-2/libfb_stl_shared.so' already loaded in same CL 0x4329db58
10-16 07:05:11.503  10015-10124/? D/SoLoader﹕ found fb_stl_shared in default place
10-16 07:05:11.503  10015-10124/? D/dalvikvm﹕ Trying to load lib /data/app-lib/com.facebook.orca-2/libwebp.so 0x4329db58
10-16 07:05:11.503  10015-10124/? D/dalvikvm﹕ Added shared lib /data/app-lib/com.facebook.orca-2/libwebp.so 0x4329db58
10-16 07:05:11.503  10015-10124/? D/dalvikvm﹕ No JNI_OnLoad found in /data/app-lib/com.facebook.orca-2/libwebp.so 0x4329db58, skipping init
10-16 07:05:11.503  10015-10124/? D/SoLoader﹕ found webp in default place
10-16 07:05:11.503  10015-10124/? D/dalvikvm﹕ Trying to load lib /data/app-lib/com.facebook.orca-2/libfb.so 0x4329db58
10-16 07:05:11.503  10015-10124/? D/dalvikvm﹕ Shared lib '/data/app-lib/com.facebook.orca-2/libfb.so' already loaded in same CL 0x4329db58
10-16 07:05:11.503  10015-10124/? D/SoLoader﹕ found fb in default place
10-16 07:05:11.503  10015-10124/? D/dalvikvm﹕ Trying to load lib /data/app-lib/com.facebook.orca-2/libfb_jpegturbo.so 0x4329db58
10-16 07:05:11.513  10015-10124/? D/dalvikvm﹕ Added shared lib /data/app-lib/com.facebook.orca-2/libfb_jpegturbo.so 0x4329db58
10-16 07:05:11.513  10015-10124/? D/dalvikvm﹕ No JNI_OnLoad found in /data/app-lib/com.facebook.orca-2/libfb_jpegturbo.so 0x4329db58, skipping init
10-16 07:05:11.513  10015-10124/? D/SoLoader﹕ found fb_jpegturbo in default place
10-16 07:05:11.513  10015-10124/? D/dalvikvm﹕ Trying to load lib /data/app-lib/com.facebook.orca-2/libfb_breakpad_client.so 0x4329db58
10-16 07:05:11.513  10015-10124/? D/dalvikvm﹕ Shared lib '/data/app-lib/com.facebook.orca-2/libfb_breakpad_client.so' already loaded in same CL 0x4329db58
10-16 07:05:11.513  10015-10124/? D/SoLoader﹕ found fb_breakpad_client in default place
10-16 07:05:11.513  10015-10124/? D/dalvikvm﹕ Trying to load lib /data/app-lib/com.facebook.orca-2/libfbjni.so 0x4329db58
10-16 07:05:11.513  10015-10124/? D/dalvikvm﹕ Shared lib '/data/app-lib/com.facebook.orca-2/libfbjni.so' already loaded in same CL 0x4329db58
10-16 07:05:11.513  10015-10124/? D/SoLoader﹕ found fbjni in default place
10-16 07:05:11.513  10015-10124/? D/dalvikvm﹕ Trying to load lib /data/app-lib/com.facebook.orca-2/libfb_imgproc.so 0x4329db58
10-16 07:05:11.523  10015-10124/? D/dalvikvm﹕ Added shared lib /data/app-lib/com.facebook.orca-2/libfb_imgproc.so 0x4329db58
10-16 07:05:11.523  10015-10124/? D/SoLoader﹕ found fb_imgproc in default place
10-16 07:05:11.523  10015-10124/? I/NativeImageProcessor﹕ == read 42 bytes ==
10-16 07:05:11.523  10015-10124/? I/NativeImageProcessor﹕ == read -1 bytes ==
10-16 07:05:11.683    9778-9784/? I/dalvikvm﹕ Jit: resizing JitTable from 4096 to 8192
10-16 07:05:14.413  10015-10018/? D/dalvikvm﹕ GC_CONCURRENT freed 1235K, 15% free 21254K/24964K, paused 2ms+4ms, total 40ms
10-16 07:05:25.663  28660-31355/? D/AbstractMetricsFactoryImpl﹕ record : No data points in metrics event
10-16 07:05:26.803    7655-7658/? D/dalvikvm﹕ GC_CONCURRENT freed 1152K, 18% free 21025K/25380K, paused 29ms+4ms, total 70ms
10-16 07:05:40.663  28660-31355/? D/AbstractMetricsFactoryImpl﹕ record : No data points in metrics event
10-16 07:05:41.933  10015-10018/? D/dalvikvm﹕ GC_CONCURRENT freed 1253K, 15% free 21338K/25068K, paused 3ms+3ms, total 37ms
10-16 07:05:42.203  10015-10018/? D/dalvikvm﹕ GC_CONCURRENT freed 1378K, 16% free 21340K/25192K, paused 4ms+4ms, total 56ms
10-16 07:05:42.203  10015-10098/? D/dalvikvm﹕ WAIT_FOR_CONCURRENT_GC blocked 36ms
10-16 07:05:42.423  10015-10018/? D/dalvikvm﹕ GC_CONCURRENT freed 1334K, 16% free 21345K/25192K, paused 2ms+4ms, total 37ms
10-16 07:05:55.663  28660-31355/? D/AbstractMetricsFactoryImpl﹕ record : No data points in metrics event
10-16 07:06:10.663  28660-31355/? D/AbstractMetricsFactoryImpl﹕ record : No data points in metrics event
10-16 07:06:13.253    7811-7920/? W/GA-SERVICE﹕ Thread[Thread-56945,5,main]: Exception sending hit: HttpHostConnectException
10-16 07:06:13.253    7811-7920/? W/GA-SERVICE﹕ Thread[Thread-56945,5,main]: Connection to https://ssl.google-analytics.com refused
10-16 07:06:13.263    7811-7814/? D/dalvikvm﹕ GC_CONCURRENT freed 1280K, 23% free 21031K/27208K, paused 3ms+4ms, total 58ms
10-16 07:06:13.263    7811-7920/? D/dalvikvm﹕ WAIT_FOR_CONCURRENT_GC blocked 9ms
10-16 07:06:13.263    7811-7920/? W/GA-SERVICE﹕ Thread[Thread-56945,5,main]: Empty hitIds passed to deleteHits.
10-16 07:06:25.663  28660-31355/? D/AbstractMetricsFactoryImpl﹕ record : No data points in metrics event
10-16 07:06:40.663  28660-31355/? D/AbstractMetricsFactoryImpl﹕ record : No data points in metrics event
10-16 07:06:47.323      901-901/? I/wpa_supplicant﹕ wlan0: WPA: Group rekeying completed with 88:1f:a1:32:81:70 [GTK=CCMP]
10-16 07:06:52.223      901-901/? I/wpa_supplicant﹕ wlan0: WPA: Group rekeying completed with 88:1f:a1:32:81:70 [GTK=CCMP]
10-16 07:06:55.663  28660-31355/? D/AbstractMetricsFactoryImpl﹕ record : No data points in metrics event
10-16 07:07:10.663  28660-31355/? D/AbstractMetricsFactoryImpl﹕ record : No data points in metrics event
10-16 07:07:25.663  28660-31355/? D/AbstractMetricsFactoryImpl﹕ record : No data points in metrics event
10-16 07:07:40.663  28660-31355/? D/AbstractMetricsFactoryImpl﹕ record : No data points in metrics event
10-16 07:07:55.663  28660-31355/? D/AbstractMetricsFactoryImpl﹕ record : No data points in metrics event
10-16 07:07:59.003    7796-8397/? I/WearableConn﹕ Connecting to "Moto 360 2012"
10-16 07:07:59.003    7796-8397/? W/BluetoothAdapter﹕ getBluetoothService() called with no BluetoothManagerCallback
10-16 07:07:59.003    2377-1089/? D/BTIF_SOCK﹕ service_uuid: 5e8945b0-9525-11e3-a5e2-0800200c9a66
10-16 07:07:59.003    7796-8397/? D/BluetoothSocket﹕ connect(), SocketState: INIT, mPfd: {ParcelFileDescriptor: FileDescriptor[325]}
10-16 07:08:04.133    2377-2455/? W/bt-sdp﹕ SDP - Rcvd conn cnf with error: 0x4  CID 0x49
10-16 07:08:04.133    2377-2455/? E/bt-btif﹕ DISCOVERY_COMP_EVT slot id:2472, failed to find channle,                                       status:1, scn:0
10-16 07:08:04.133    2377-2499/? W/bt-btif﹕ invalid rfc slot id: 2472
10-16 07:08:04.133    7796-8397/? W/WearableConn﹕ Error writing to device, error: read failed, socket might closed or timeout, read ret: -1
10-16 07:08:04.143    7796-8397/? D/WearableBluetooth﹕ onSocketReady returned, closing socket
10-16 07:08:04.143    7796-8397/? I/WearableConn﹕ Waiting 256.0 seconds to retry connection
10-16 07:08:04.223  32078-32081/? D/dalvikvm﹕ GC_CONCURRENT freed 2506K, 31% free 24612K/35168K, paused 7ms+1ms, total 78ms
10-16 07:08:10.663  28660-31355/? D/AbstractMetricsFactoryImpl﹕ record : No data points in metrics event
10-16 07:08:13.253    7811-7920/? W/GA-SERVICE﹕ Thread[Thread-56945,5,main]: Exception sending hit: HttpHostConnectException
10-16 07:08:13.253    7811-7920/? W/GA-SERVICE﹕ Thread[Thread-56945,5,main]: Connection to https://ssl.google-analytics.com refused
10-16 07:08:13.253    7811-7920/? W/GA-SERVICE﹕ Thread[Thread-56945,5,main]: Empty hitIds passed to deleteHits.
10-16 07:08:25.663  28660-31355/? D/AbstractMetricsFactoryImpl﹕ record : No data points in metrics event
10-16 07:08:40.663  28660-31355/? D/AbstractMetricsFactoryImpl﹕ record : No data points in metrics event
10-16 07:08:47.713    1124-1128/? D/dalvikvm﹕ GC_CONCURRENT freed 397K, 14% free 18657K/21640K, paused 1ms+1ms, total 15ms
10-16 07:08:48.493    7655-8018/? I/GCoreUlr﹕ Successfully inserted location
10-16 07:08:48.503    7655-8018/? I/GCoreUlr﹕ Not calling LocationReportingService, hasMoved: false, elapsed millis: 571003, request: Phone
10-16 07:08:48.503    7655-7658/? D/dalvikvm﹕ GC_CONCURRENT freed 1143K, 17% free 21104K/25380K, paused 1ms+2ms, total 31ms
10-16 07:08:50.653    9778-9909/? I/Metrics:BatchTransmitte﹕ QueuePusher.sendBatches - Drained batch queue.; Number of batches sent: 0
10-16 07:08:55.663  28660-31355/? D/AbstractMetricsFactoryImpl﹕ record : No data points in metrics event
10-16 07:09:00.243      951-955/? D/dalvikvm﹕ GC_CONCURRENT freed 4341K, 41% free 30385K/50960K, paused 1ms+2ms, total 36ms
10-16 07:09:04.303    7487-7498/? D/dalvikvm﹕ GC_CONCURRENT freed 753K, 15% free 19494K/22728K, paused 2ms+2ms, total 31ms
10-16 07:09:10.663  28660-31355/? D/AbstractMetricsFactoryImpl﹕ record : No data points in metrics event
10-16 07:09:10.663  28660-28689/? I/Metrics:BatchTransmitte﹕ QueuePusher.sendBatches - Drained batch queue.; Number of batches sent: 0
10-16 07:09:25.663  28660-31355/? D/AbstractMetricsFactoryImpl﹕ record : No data points in metrics event
10-16 07:09:30.253    9778-9944/? I/Metrics:BatchTransmitte﹕ QueuePusher.sendBatches - Drained batch queue.; Number of batches sent: 0
10-16 07:09:40.663  28660-31355/? D/AbstractMetricsFactoryImpl﹕ record : No data points in metrics event
10-16 07:09:55.663  28660-31355/? D/AbstractMetricsFactoryImpl﹕ record : No data points in metrics event
10-16 07:09:57.613    9778-9900/? D/AbstractMetricsFactoryImpl﹕ record : No data points in metrics event
10-16 07:09:58.243    9778-9935/? D/AbstractMetricsFactoryImpl﹕ record : No data points in metrics event
10-16 07:10:10.663  28660-31355/? D/AbstractMetricsFactoryImpl﹕ record : No data points in metrics event
10-16 07:10:13.343    7811-7814/? D/dalvikvm﹕ GC_CONCURRENT freed 1335K, 23% free 20973K/27208K, paused 45ms+2ms, total 82ms
10-16 07:10:13.343    7811-7920/? D/dalvikvm﹕ WAIT_FOR_CONCURRENT_GC blocked 8ms
10-16 07:10:13.373    7811-7920/? W/GA-SERVICE﹕ Thread[Thread-56945,5,main]: Exception sending hit: HttpHostConnectException
10-16 07:10:13.373    7811-7920/? W/GA-SERVICE﹕ Thread[Thread-56945,5,main]: Connection to https://ssl.google-analytics.com refused
10-16 07:10:13.373    7811-7920/? W/GA-SERVICE﹕ Thread[Thread-56945,5,main]: Empty hitIds passed to deleteHits.
10-16 07:10:25.663  28660-31355/? D/AbstractMetricsFactoryImpl﹕ record : No data points in metrics event
10-16 07:10:40.663  28660-31355/? D/AbstractMetricsFactoryImpl﹕ record : No data points in metrics event
10-16 07:10:50.533    7473-7477/? D/dalvikvm﹕ GC_CONCURRENT freed 8112K, 30% free 47578K/67864K, paused 24ms+4ms, total 155ms
10-16 07:10:55.663  28660-31355/? D/AbstractMetricsFactoryImpl﹕ record : No data points in metrics event
10-16 07:10:56.803  29802-29805/? D/dalvikvm﹕ GC_CONCURRENT freed 386K, 18% free 18265K/22040K, paused 1ms+7ms, total 44ms
10-16 07:11:10.663  28660-31355/? D/AbstractMetricsFactoryImpl﹕ record : No data points in metrics event
10-16 07:11:25.663  28660-31355/? D/AbstractMetricsFactoryImpl﹕ record : No data points in metrics event
10-16 07:11:40.663  28660-31355/? D/AbstractMetricsFactoryImpl﹕ record : No data points in metrics event
10-16 07:11:55.663  28660-31355/? D/AbstractMetricsFactoryImpl﹕ record : No data points in metrics event
10-16 07:12:07.723      901-901/? I/wpa_supplicant﹕ wlan0: WPA: Group rekeying completed with 88:1f:a1:32:81:70 [GTK=CCMP]
10-16 07:12:10.663  28660-31355/? D/AbstractMetricsFactoryImpl﹕ record : No data points in metrics event
10-16 07:12:13.413    7811-7814/? D/dalvikvm﹕ GC_CONCURRENT freed 1239K, 23% free 20989K/27208K, paused 2ms+1ms, total 27ms
10-16 07:12:13.413    7811-7920/? D/dalvikvm﹕ WAIT_FOR_CONCURRENT_GC blocked 16ms
10-16 07:12:13.443    7811-7920/? W/GA-SERVICE﹕ Thread[Thread-56945,5,main]: Exception sending hit: HttpHostConnectException
10-16 07:12:13.443    7811-7920/? W/GA-SERVICE﹕ Thread[Thread-56945,5,main]: Connection to https://ssl.google-analytics.com refused
10-16 07:12:13.443    7811-7920/? W/GA-SERVICE﹕ Thread[Thread-56945,5,main]: Empty hitIds passed to deleteHits.
10-16 07:12:25.663  28660-31355/? D/AbstractMetricsFactoryImpl﹕ record : No data points in metrics event
10-16 07:12:40.663  28660-31355/? D/AbstractMetricsFactoryImpl﹕ record : No data points in metrics event
10-16 07:12:55.663  28660-31355/? D/AbstractMetricsFactoryImpl﹕ record : No data points in metrics event
10-16 07:13:10.663  28660-31355/? D/AbstractMetricsFactoryImpl﹕ record : No data points in metrics event
10-16 07:13:11.893    2377-2381/? D/dalvikvm﹕ GC_CONCURRENT freed 387K, 15% free 17551K/20512K, paused 11ms+1ms, total 62ms
10-16 07:13:25.663  28660-31355/? D/AbstractMetricsFactoryImpl﹕ record : No data points in metrics event
10-16 07:13:32.683    7796-8397/? I/WearableConn﹕ Connecting to "Moto 360 2012"
10-16 07:13:32.713    7796-8397/? W/BluetoothAdapter﹕ getBluetoothService() called with no BluetoothManagerCallback
10-16 07:13:32.713    2377-2429/? D/BTIF_SOCK﹕ service_uuid: 5e8945b0-9525-11e3-a5e2-0800200c9a66
10-16 07:13:32.713    7796-8397/? D/BluetoothSocket﹕ connect(), SocketState: INIT, mPfd: {ParcelFileDescriptor: FileDescriptor[326]}
10-16 07:13:33.553  24530-24534/? D/dalvikvm﹕ GC_CONCURRENT freed 976K, 32% free 20118K/29308K, paused 6ms+3ms, total 32ms
10-16 07:13:33.623    7655-7958/? D/dalvikvm﹕ GC_FOR_ALLOC freed 946K, 17% free 21107K/25380K, paused 30ms, total 31ms
10-16 07:13:33.623    7655-7958/? I/dalvikvm-heap﹕ Grow heap (frag case) to 23.079MB for 55119-byte allocation
10-16 07:13:33.643    7655-7958/? D/dalvikvm﹕ GC_FOR_ALLOC freed <1K, 17% free 21161K/25436K, paused 24ms, total 24ms
10-16 07:13:33.673    7655-7958/? D/dalvikvm﹕ GC_FOR_ALLOC freed 5K, 17% free 21156K/25436K, paused 24ms, total 24ms
10-16 07:13:33.673    7655-7958/? I/dalvikvm-heap﹕ Grow heap (frag case) to 23.126MB for 55120-byte allocation
10-16 07:13:33.693    7655-7664/? D/dalvikvm﹕ GC_FOR_ALLOC freed 0K, 17% free 21210K/25492K, paused 24ms, total 24ms
10-16 07:13:33.783    7655-8018/? I/GCoreUlr﹕ Successfully inserted location
10-16 07:13:33.783    7655-8018/? I/GCoreUlr﹕ Not calling LocationReportingService, hasMoved: false, elapsed millis: 856290, request: Phone
10-16 07:13:37.843    2377-2455/? W/bt-sdp﹕ SDP - Rcvd conn cnf with error: 0x4  CID 0x4b
10-16 07:13:37.843    2377-2455/? E/bt-btif﹕ DISCOVERY_COMP_EVT slot id:2473, failed to find channle,                                       status:1, scn:0
10-16 07:13:37.843    2377-2499/? W/bt-btif﹕ invalid rfc slot id: 2473
10-16 07:13:37.843    7796-8397/? W/WearableConn﹕ Error writing to device, error: read failed, socket might closed or timeout, read ret: -1
10-16 07:13:37.853    7796-8397/? D/WearableBluetooth﹕ onSocketReady returned, closing socket
10-16 07:13:37.853    7796-8397/? I/WearableConn﹕ Waiting 256.0 seconds to retry connection
10-16 07:13:39.573    7487-9314/? D/GCM﹕ Message class com.google.e.a.a.h
10-16 07:13:40.093      819-881/? D/ConnectivityService﹕ handleInetConditionHoldEnd: net=1, condition=100, published condition=100
10-16 07:13:40.663  28660-31355/? D/AbstractMetricsFactoryImpl﹕ record : No data points in metrics event
10-16 07:13:50.653    9778-9908/? I/Metrics:BatchTransmitte﹕ QueuePusher.sendBatches - Drained batch queue.; Number of batches sent: 0
10-16 07:13:50.653    9778-9909/? I/Metrics:BatchTransmitte﹕ QueuePusher.sendBatches - Drained batch queue.; Number of batches sent: 0
10-16 07:13:55.663  28660-31355/? D/AbstractMetricsFactoryImpl﹕ record : No data points in metrics event
10-16 07:14:10.663  28660-31355/? D/AbstractMetricsFactoryImpl﹕ record : No data points in metrics event
10-16 07:14:10.673  28660-28689/? I/Metrics:BatchTransmitte﹕ QueuePusher.sendBatches - Drained batch queue.; Number of batches sent: 0
10-16 07:14:13.443    7811-7814/? D/dalvikvm﹕ GC_CONCURRENT freed 1247K, 23% free 20998K/27208K, paused 2ms+2ms, total 28ms
10-16 07:14:13.443    7811-7920/? D/dalvikvm﹕ WAIT_FOR_CONCURRENT_GC blocked 22ms
10-16 07:14:13.513    7811-7920/? W/GA-SERVICE﹕ Thread[Thread-56945,5,main]: Exception sending hit: HttpHostConnectException
10-16 07:14:13.513    7811-7920/? W/GA-SERVICE﹕ Thread[Thread-56945,5,main]: Connection to https://ssl.google-analytics.com refused
10-16 07:14:13.513    7811-7920/? W/GA-SERVICE﹕ Thread[Thread-56945,5,main]: Empty hitIds passed to deleteHits.
10-16 07:14:15.223  28660-28688/? I/Metrics:BatchTransmitte﹕ QueuePusher.sendBatches - Drained batch queue.; Number of batches sent: 2
10-16 07:14:17.663      819-819/? V/KeyguardServiceDelegate﹕ onScreenTurnedOn(showListener = com.android.internal.policy.impl.PhoneWindowManager$17@44c39a28)
10-16 07:14:17.663      819-869/? I/PowerManagerService﹕ Waking up from sleep...
10-16 07:14:17.713      819-819/? W/XPrivacy/XActivityManagerService﹕ Sleeping=false
10-16 07:14:17.783      184-184/? D/SurfaceFlinger﹕ Screen acquired, type=0 flinger=0xb8e77450
10-16 07:14:17.783      184-184/? D/qdhwcomposer﹕ hwc_blank: Unblanking display: 0
10-16 07:14:17.813     819-1198/? V/KeyguardServiceDelegate﹕ **** SHOWN CALLED ****
10-16 07:14:17.813     819-1198/? I/WindowManager﹕ Lock screen displayed!
10-16 07:14:17.843      819-863/? D/DisplayPowerController﹕ Unblocked screen on after 766769047 ms
10-16 07:14:17.873    6823-6825/? D/dalvikvm﹕ GC_CONCURRENT freed 2376K, 17% free 25656K/30696K, paused 3ms+9ms, total 80ms
10-16 07:14:18.023      184-184/? D/qdhwcomposer﹕ hwc_blank: Done unblanking display: 0
10-16 07:14:18.023      819-964/? D/SurfaceControl﹕ Excessive delay in unblankDisplay() while turning screen on: 241ms
10-16 07:14:18.133    1154-1262/? I/USERIAL_LINUX﹕ USERIAL_Open(): enter
10-16 07:14:18.133    1154-1262/? I/USERIAL_LINUX﹕ USERIAL_Open() device: /dev/bcm2079x port=5, uart_port=0 WAKE_DELAY(20) WRITE_DELAY(20) POWER_ON_DELAY(0) PRE_POWER_OFF_DELAY(10) POST_POWER_OFF_DELAY(0)
10-16 07:14:18.143    1154-1262/? I/USERIAL_LINUX﹕ USERIAL_Open(): exit
10-16 07:14:18.523      819-823/? D/dalvikvm﹕ GC_CONCURRENT freed 8090K, 32% free 54076K/78420K, paused 5ms+7ms, total 161ms
