First, here's what happened on the phone, where Android Wear had an ANR:

10-16 06:12:03.083      819-881/? D/ConnectivityService﹕ handleInetConditionHoldEnd: net=1, condition=100, published condition=100
10-16 06:14:26.003      819-881/? D/ConnectivityService﹕ Sampling interval elapsed, updating statistics ..
10-16 06:14:26.073      819-881/? D/ConnectivityService﹕ Done.
10-16 06:14:26.073      819-881/? D/ConnectivityService﹕ Setting timer for 720seconds
10-16 06:15:01.083      819-830/? I/ActivityManager﹕ Start proc com.google.android.deskclock for broadcast com.google.android.deskclock/com.android.alarmclock.DigitalAppWidgetProvider: pid=6377 uid=10035 gids={50035, 1028}
10-16 06:15:01.203     819-1115/? D/ConnectivityService﹕ startUsingNetworkFeature reconnecting to 0: enableSUPL
10-16 06:15:01.203     819-3652/? I/ActivityManager﹕ Killing 5455:com.HBO/u0a60 (adj 15): empty #17
10-16 06:15:01.203     819-1115/? D/ConnectivityService﹕ startUsingNetworkFeature X: return APN_REQUEST_STARTED
10-16 06:15:01.213      819-819/? D/MobileDataStateTracker﹕ supl: Broadcast received: android.intent.action.ANY_DATA_STATE apnType=supl
10-16 06:15:01.223      819-819/? D/MobileDataStateTracker﹕ supl: Received state=CONNECTING, old=DISCONNECTED, reason=dataEnabled
10-16 06:15:01.223      819-819/? D/MobileDataStateTracker﹕ supl: setDetailed state, old =IDLE and new state=CONNECTING
10-16 06:15:01.223      819-819/? D/MobileDataStateTracker﹕ fota: Broadcast received: android.intent.action.ANY_DATA_STATE apnType=fota
10-16 06:15:01.223      819-819/? D/MobileDataStateTracker﹕ fota: Received state=DISCONNECTED, old=DISCONNECTED, reason=dataEnabled
10-16 06:15:01.233      819-819/? D/MobileDataStateTracker﹕ dun: Broadcast received: android.intent.action.ANY_DATA_STATE apnType=dun
10-16 06:15:01.233      819-819/? D/MobileDataStateTracker﹕ dun: Received state=DISCONNECTED, old=DISCONNECTED, reason=dataEnabled
10-16 06:15:01.233      819-819/? D/MobileDataStateTracker﹕ ia: Broadcast received: android.intent.action.ANY_DATA_STATE apnType=ia
10-16 06:15:01.233      819-819/? D/MobileDataStateTracker﹕ ia: Received state=DISCONNECTED, old=DISCONNECTED, reason=dataEnabled
10-16 06:15:01.233      819-819/? D/MobileDataStateTracker﹕ hipri: Broadcast received: android.intent.action.ANY_DATA_STATE apnType=hipri
10-16 06:15:01.243      819-819/? D/MobileDataStateTracker﹕ hipri: Received state=DISCONNECTED, old=DISCONNECTED, reason=dataEnabled
10-16 06:15:01.243      819-819/? D/MobileDataStateTracker﹕ ims: Broadcast received: android.intent.action.ANY_DATA_STATE apnType=ims
10-16 06:15:01.243      819-819/? D/MobileDataStateTracker﹕ ims: Received state=DISCONNECTED, old=DISCONNECTED, reason=dataEnabled
10-16 06:15:01.243      819-819/? D/MobileDataStateTracker﹕ default: Broadcast received: android.intent.action.ANY_DATA_STATE apnType=default
10-16 06:15:01.243      819-819/? D/MobileDataStateTracker﹕ default: Received state=DISCONNECTED, old=DISCONNECTED, reason=dataEnabled
10-16 06:15:01.243      819-819/? D/MobileDataStateTracker﹕ mms: Broadcast received: android.intent.action.ANY_DATA_STATE apnType=mms
10-16 06:15:01.253      819-819/? D/MobileDataStateTracker﹕ mms: Received state=DISCONNECTED, old=DISCONNECTED, reason=dataEnabled
10-16 06:15:01.253      819-819/? D/MobileDataStateTracker﹕ cbs: Broadcast received: android.intent.action.ANY_DATA_STATE apnType=cbs
10-16 06:15:01.253      819-819/? D/MobileDataStateTracker﹕ cbs: Received state=DISCONNECTED, old=DISCONNECTED, reason=dataEnabled
10-16 06:15:03.383      819-819/? D/MobileDataStateTracker﹕ supl: Broadcast received: android.intent.action.ANY_DATA_STATE apnType=supl
10-16 06:15:03.383      819-819/? D/MobileDataStateTracker﹕ supl: Received state=CONNECTING, old=CONNECTING, reason=(unspecified)
10-16 06:15:06.393      819-819/? D/MobileDataStateTracker﹕ supl: Broadcast received: android.intent.action.ANY_DATA_STATE apnType=supl
10-16 06:15:06.393      819-819/? D/MobileDataStateTracker﹕ supl: Received state=CONNECTED, old=CONNECTING, reason=connected
10-16 06:15:06.393      819-819/? D/MobileDataStateTracker﹕ supl: setDetailed state, old =CONNECTING and new state=CONNECTED
10-16 06:15:06.403      819-881/? D/ConnectivityService﹕ ConnectivityChange for mobile_supl: CONNECTED/CONNECTED
10-16 06:15:06.453      819-881/? E/ConnectivityService﹕ Exception trying to remove a route: java.lang.IllegalStateException: command '31542 interface route remove rmnet0 default :: 0 2607:fb90:1c22:f621:f50a:7ea5:aa34:26fa' failed with '400 31542 Failed to remove route from default table (No such process)'
10-16 06:15:06.453      819-881/? D/Nat464Xlat﹕ requiresClat: netType=3, hasIPv4Address=false
10-16 06:15:06.453      819-881/? D/MobileDataStateTracker﹕ default: setPolicyDataEnable(enabled=true)
10-16 06:15:06.593      819-881/? D/MobileDataStateTracker﹕ default: setPolicyDataEnable(enabled=true)
10-16 06:15:09.613     819-1115/? D/ConnectivityService﹕ stopUsingNetworkFeature: teardown net 0: enableSUPL
10-16 06:15:09.663    819-14446/? I/ActivityManager﹕ Start proc com.google.android.setupwizard for broadcast com.google.android.setupwizard/.MobileConnectivityChangeReceiver: pid=6551 uid=10017 gids={50017, 3003}
10-16 06:15:09.733     819-1202/? I/ActivityManager﹕ Killing 32113:com.google.android.youtube/u0a73 (adj 15): empty #17
10-16 06:15:09.753     819-1201/? W/ActivityManager﹕ Scheduling restart of crashed service com.google.android.youtube/.app.remote.YouTubeTvRouteProviderService in 1000ms
10-16 06:15:09.813     819-1190/? I/ActivityManager﹕ Start proc com.android.chrome for broadcast com.android.chrome/com.google.android.apps.chrome.precache.PrecacheServiceLauncher: pid=6571 uid=10032 gids={50032, 3003, 1028, 1015}
10-16 06:15:09.883    819-14448/? I/ActivityManager﹕ Killing 5302:air.WatchESPN/u0a185 (adj 15): empty #17
10-16 06:15:09.963      819-830/? I/ActivityManager﹕ Start proc com.HBO for broadcast com.HBO/com.hbo.utils.ConnectivityReceiver: pid=6588 uid=10060 gids={50060, 1028, 1015, 3003}
10-16 06:15:10.473    819-14447/? I/ActivityManager﹕ Start proc air.WatchESPN for broadcast air.WatchESPN/com.espn.watchespn.NetworkChangedListener: pid=6612 uid=10185 gids={50185, 3003, 1028, 1015}
10-16 06:15:10.543     819-1200/? I/ActivityManager﹕ Start proc com.google.android.youtube for service com.google.android.youtube/.app.remote.YouTubeTvRouteProviderService: pid=6628 uid=10073 gids={50073, 3003, 1028, 1015}
10-16 06:15:10.613      819-819/? D/MobileDataStateTracker﹕ supl: Broadcast received: android.intent.action.ANY_DATA_STATE apnType=supl
10-16 06:15:10.613      819-819/? D/MobileDataStateTracker﹕ supl: Received state=DISCONNECTED, old=CONNECTED, reason=dataDisabled
10-16 06:15:10.613      819-819/? D/MobileDataStateTracker﹕ supl: setDetailed state, old =CONNECTED and new state=DISCONNECTED
10-16 06:15:10.613      819-881/? D/ConnectivityService﹕ ConnectivityChange for mobile_supl: DISCONNECTED/DISCONNECTED
10-16 06:15:10.623      181-593/? W/FrameworkListener﹕ Handler 'interface' error (No such device)
10-16 06:15:10.693      181-593/? W/FrameworkListener﹕ Handler 'interface' error (No such device)
10-16 06:15:10.693     819-1202/? I/ActivityManager﹕ Process com.facebook.katana (pid 28488) has died.
10-16 06:15:10.693     819-1202/? W/ActivityManager﹕ Scheduling restart of crashed service com.facebook.katana/com.facebook.push.mqtt.service.MqttPushService in 1000ms
10-16 06:15:10.703      819-881/? D/ConnectivityService﹕ resetConnections(rmnet0, 3)
10-16 06:15:10.763      819-881/? D/Nat464Xlat﹕ requiresClat: netType=3, hasIPv4Address=false
10-16 06:15:10.783      819-881/? D/MobileDataStateTracker﹕ default: setPolicyDataEnable(enabled=true)
10-16 06:15:10.813      819-881/? D/MobileDataStateTracker﹕ default: setPolicyDataEnable(enabled=true)
10-16 06:15:10.843      819-881/? D/MobileDataStateTracker﹕ default: setPolicyDataEnable(enabled=true)
10-16 06:15:10.853      819-881/? D/MobileDataStateTracker﹕ default: setPolicyDataEnable(enabled=true)
10-16 06:15:11.043     819-1202/? I/ActivityManager﹕ Killing 5515:ru.org.amip.ClockSync/u0a119 (adj 15): empty #17
10-16 06:15:11.103    819-14446/? I/ActivityManager﹕ Start proc ru.org.amip.ClockSync for broadcast ru.org.amip.ClockSync/.ConnectivityReceiver: pid=6695 uid=10119 gids={50119, 3003}
10-16 06:15:11.263     819-1101/? I/ActivityManager﹕ Killing 5539:com.trello/u0a181 (adj 15): empty #17
10-16 06:15:11.333    819-14447/? I/ActivityManager﹕ Start proc com.trello for broadcast com.trello/.common.ConnectivityBroadcastReceiver: pid=6717 uid=10181 gids={50181, 3003, 1028, 1015}
10-16 06:15:11.543    819-14446/? I/ActivityManager﹕ Killing 5594:com.google.android.tts/u0a49 (adj 15): empty #17
10-16 06:15:11.563      819-942/? W/ActivityManager﹕ Scheduling restart of crashed service com.google.android.tts/.service.GoogleTTSService in 10136ms
10-16 06:15:11.693      819-830/? I/ActivityManager﹕ Killing 5755:com.google.android.talk/u0a51 (adj 15): empty #17
10-16 06:15:11.723      819-845/? I/ActivityManager﹕ Start proc com.facebook.katana for service com.facebook.katana/com.facebook.push.mqtt.service.MqttPushService: pid=6823 uid=10110 gids={50110, 1028, 1015, 3003}
10-16 06:15:12.573      819-881/? D/ConnectivityService﹕ handleInetConditionHoldEnd: net=1, condition=100, published condition=100
10-16 06:15:16.853      819-881/? D/ConnectivityService﹕ handleInetConditionHoldEnd: net=1, condition=100, published condition=100
10-16 06:15:17.313      819-857/? I/ActivityManager﹕ Killing 5802:de.robv.android.xposed.installer/u0a179 (adj 15): empty #17
10-16 06:15:18.823      819-845/? W/BroadcastQueue﹕ Permission Denial: broadcasting Intent { act=android.net.conn.INET_CONDITION_ACTION flg=0x4000010 (has extras) } from null (pid=-1, uid=-1) requires com.facebook.permission.prod.FB_APP_COMMUNICATION due to registered receiver BroadcastFilter{449e65e0 u0 ReceiverList{441c60e0 6823 com.facebook.katana/10110/u0 remote:43b28f58}}
10-16 06:15:18.823      819-845/? W/BroadcastQueue﹕ Permission Denial: broadcasting Intent { act=android.net.conn.CONNECTIVITY_CHANGE flg=0x4000010 (has extras) } from null (pid=-1, uid=-1) requires com.facebook.permission.prod.FB_APP_COMMUNICATION due to registered receiver BroadcastFilter{449e65e0 u0 ReceiverList{441c60e0 6823 com.facebook.katana/10110/u0 remote:43b28f58}}
10-16 06:15:19.243      819-845/? W/BroadcastQueue﹕ Permission Denial: broadcasting Intent { act=android.net.conn.CONNECTIVITY_CHANGE flg=0x4000010 (has extras) } from null (pid=-1, uid=-1) requires com.facebook.permission.prod.FB_APP_COMMUNICATION due to registered receiver BroadcastFilter{441b6ab0 u0 ReceiverList{433c0018 6823 com.facebook.katana/10110/u0 remote:433f8ac8}}
10-16 06:15:19.913      819-845/? I/ActivityManager﹕ Start proc com.google.android.talk for broadcast com.google.android.talk/com.google.android.apps.hangouts.phone.PackageReplacedReceiver: pid=6959 uid=10051 gids={50051, 3003, 1028, 1015, 3002}
10-16 06:15:19.923    819-14447/? I/PackageManager﹕ Adding preferred activity ComponentInfo{com.google.android.talk/com.google.android.apps.hangouts.phone.BabelHomeActivity} for user 0 :
10-16 06:15:19.963     819-1203/? I/PackageManager﹕ Adding preferred activity ComponentInfo{com.google.android.talk/com.google.android.apps.hangouts.phone.BabelHomeActivity} for user 0 :
10-16 06:15:20.043    819-14446/? I/PackageManager﹕ Adding preferred activity ComponentInfo{com.google.android.talk/com.google.android.apps.hangouts.phone.BabelHomeActivity} for user 0 :
10-16 06:15:20.063      819-857/? I/PackageManager﹕ Adding preferred activity ComponentInfo{com.google.android.talk/com.google.android.apps.hangouts.phone.BabelHomeActivity} for user 0 :
10-16 06:15:20.093     819-3652/? I/PackageManager﹕ Adding preferred activity ComponentInfo{com.google.android.talk/com.google.android.apps.hangouts.phone.BabelHomeActivity} for user 0 :
10-16 06:15:20.123     819-1101/? I/PackageManager﹕ Adding preferred activity ComponentInfo{com.google.android.talk/com.google.android.apps.hangouts.phone.BabelHomeActivity} for user 0 :
10-16 06:15:20.143      819-857/? I/PackageManager﹕ Adding preferred activity ComponentInfo{com.google.android.talk/com.google.android.apps.hangouts.phone.BabelHomeActivity} for user 0 :
10-16 06:15:20.183      819-942/? I/PackageManager﹕ Adding preferred activity ComponentInfo{com.google.android.talk/com.google.android.apps.hangouts.phone.BabelHomeActivity} for user 0 :
10-16 06:15:20.553    819-14448/? I/ActivityManager﹕ Delay finish: com.google.android.apps.plus/.service.PackagesMediaMonitor
10-16 06:15:20.573     819-1101/? I/ActivityManager﹕ Resuming delayed broadcast
10-16 06:15:20.623    819-14447/? I/ActivityManager﹕ Start proc de.robv.android.xposed.installer for broadcast de.robv.android.xposed.installer/.PackageChangeReceiver: pid=7013 uid=10179 gids={50179, 1028, 1015, 3003}
10-16 06:15:20.693      819-829/? I/ActivityManager﹕ Killing 5821:com.metago.astro/u0a161 (adj 15): empty #17
10-16 06:15:20.753      819-942/? I/ActivityManager﹕ Start proc com.metago.astro for broadcast com.metago.astro/com.kii.cloud.collector.Receiver: pid=7037 uid=10161 gids={50161, 3003, 1028, 1015}
10-16 06:15:20.753      819-942/? I/ActivityManager﹕ Killing 6377:com.google.android.deskclock/u0a35 (adj 15): empty #17
10-16 06:15:20.873     819-1203/? I/ActivityManager﹕ Killing 5384:com.google.android.music:main/u0a61 (adj 15): empty #17
10-16 06:15:20.893      819-830/? A/ActivityManager﹕ Service ServiceRecord{46387a08 u0 com.google.android.music/.net.NetworkMonitor} in process ProcessRecord{4333cc40 5384:com.google.android.music:main/u0a61} not same as in map: null
10-16 06:15:20.903      819-830/? A/ActivityManager﹕ Service ServiceRecord{4460a080 u0 com.google.android.music/.preferences.MusicPreferenceService$MusicPreferenceServiceBinder} in process ProcessRecord{4333cc40 5384:com.google.android.music:main/u0a61} not same as in map: null
10-16 06:15:21.723      819-845/? I/ActivityManager﹕ Start proc com.google.android.tts for service com.google.android.tts/.service.GoogleTTSService: pid=7073 uid=10049 gids={50049, 3003, 1028, 1015}
10-16 06:15:22.003      819-829/? I/ActivityManager﹕ Killing 6551:com.google.android.setupwizard/u0a17 (adj 15): empty #17
10-16 06:16:29.553  32303-32303/? E/ActivityThread﹕ Failed to find provider info for com.getpebble.android.provider
10-16 06:16:29.563  32303-32303/? E/ActivityThread﹕ Failed to find provider info for com.getpebble.android.provider
10-16 06:16:29.613      819-881/? D/MobileDataStateTracker﹕ default: setPolicyDataEnable(enabled=true)
10-16 06:16:29.683     819-1202/? I/ActivityManager﹕ Start proc com.android.providers.calendar for content provider com.android.providers.calendar/.CalendarProvider2: pid=7195 uid=10001 gids={50001, 3003, 1028, 1015}
10-16 06:16:29.763    7195-7195/? W/ActivityThread﹕ ClassLoader.loadClass: The class loader returned by Thread.getContextClassLoader() may fail for processes that host multiple applications. You should explicitly specify a context class loader. For example: Thread.setContextClassLoader(getClass().getClassLoader());
10-16 06:16:30.943      819-845/? I/ActivityManager﹕ Start proc com.google.android.calendar for broadcast com.google.android.calendar/com.android.calendar.alerts.AlertReceiver: pid=7226 uid=10029 gids={50029, 3003}
10-16 06:16:31.013    7226-7226/? W/ActivityThread﹕ ClassLoader.loadClass: The class loader returned by Thread.getContextClassLoader() may fail for processes that host multiple applications. You should explicitly specify a context class loader. For example: Thread.setContextClassLoader(getClass().getClassLoader());
10-16 06:16:36.603    819-14446/? I/ActivityManager﹕ Killing 6571:com.android.chrome/u0a32 (adj 15): empty #17
10-16 06:16:40.563      819-856/? I/ActivityManager﹕ Killing 6588:com.HBO/u0a60 (adj 15): empty #17
10-16 06:22:00.083      819-845/? I/ProcessStatsService﹕ Prepared write state in 84ms
10-16 06:27:02.733      819-881/? D/ConnectivityService﹕ Sampling interval elapsed, updating statistics ..
10-16 06:27:02.733      819-881/? D/ConnectivityService﹕ Done.
10-16 06:27:02.733      819-881/? D/ConnectivityService﹕ Setting timer for 720seconds
10-16 06:27:03.973      819-881/? D/ConnectivityService﹕ handleInetConditionHoldEnd: net=1, condition=100, published condition=100
10-16 06:29:26.033      819-819/? V/BackupManagerService﹕ Running a backup pass
10-16 06:29:26.043      819-944/? W/BackupManagerService﹕ Requested unavailable transport: com.google.android.backup/.BackupTransportService
10-16 06:29:26.043      819-944/? V/BackupManagerService﹕ Backup requested but no transport available
10-16 06:30:01.123     819-3652/? I/ActivityManager﹕ Start proc com.google.android.deskclock for broadcast com.google.android.deskclock/com.android.alarmclock.DigitalAppWidgetProvider: pid=8079 uid=10035 gids={50035, 1028}
10-16 06:30:01.203     819-1203/? I/ActivityManager﹕ Killing 6612:air.WatchESPN/u0a185 (adj 15): empty #17
10-16 06:39:31.903      819-881/? D/ConnectivityService﹕ Sampling interval elapsed, updating statistics ..
10-16 06:39:31.903      819-881/? D/ConnectivityService﹕ Done.
10-16 06:39:31.903      819-881/? D/ConnectivityService﹕ Setting timer for 720seconds
10-16 06:39:31.993      819-857/? I/ActivityManager﹕ Process com.google.android.apps.plus (pid 32330) has died.
10-16 06:42:04.333      819-881/? D/ConnectivityService﹕ handleInetConditionHoldEnd: net=1, condition=100, published condition=100
10-16 06:45:22.223      819-845/? I/ActivityManager﹕ Killing 7013:de.robv.android.xposed.installer/u0a179 (adj 15): empty for 1801s
10-16 06:45:22.223      819-845/? I/ActivityManager﹕ Killing 6959:com.google.android.talk/u0a51 (adj 15): empty for 1801s
10-16 06:45:22.223      819-845/? I/ActivityManager﹕ Killing 5561:com.google.android.gms.unstable/u0a7 (adj 15): empty for 1804s
10-16 06:45:22.223      819-845/? I/ActivityManager﹕ Killing 5235:com.nytimes.android/u0a127 (adj 15): empty for 1807s
10-16 06:45:22.223      819-845/? I/ActivityManager﹕ Killing 6695:ru.org.amip.ClockSync/u0a119 (adj 15): empty for 1807s
10-16 06:45:22.223      819-845/? I/ActivityManager﹕ Killing 5483:com.devhd.feedly/u0a140 (adj 15): empty for 1807s
10-16 06:45:30.433      819-881/? D/MobileDataStateTracker﹕ default: setPolicyDataEnable(enabled=true)
10-16 06:46:29.393  32303-32303/? E/ActivityThread﹕ Failed to find provider info for com.getpebble.android.provider
10-16 06:46:29.433  32303-32303/? E/ActivityThread﹕ Failed to find provider info for com.getpebble.android.provider
10-16 06:46:37.553      819-857/? I/ActivityManager﹕ Start proc com.google.android.partnersetup for content provider com.google.android.partnersetup/.RlzAppProvider: pid=8880 uid=10011 gids={50011, 3003}
10-16 06:46:40.573      819-829/? I/ActivityManager﹕ Killing 7073:com.google.android.tts/u0a49 (adj 15): empty for 1878s
10-16 06:46:40.583     819-1202/? W/ActivityManager﹕ Scheduling restart of crashed service com.google.android.tts/.service.GoogleTTSService in 1000ms
10-16 06:46:41.673      819-845/? I/ActivityManager﹕ Start proc com.google.android.tts for service com.google.android.tts/.service.GoogleTTSService: pid=8908 uid=10049 gids={50049, 3003, 1028, 1015}
10-16 06:46:41.873     819-1101/? I/ActivityManager﹕ Killing 5611:com.twitter.android/u0a148 (adj 15): empty for 1805s
10-16 06:46:41.883      819-942/? A/ActivityManager﹕ Service ServiceRecord{44ce49b0 u0 com.twitter.android/com.twitter.internal.android.service.AsyncService} in process ProcessRecord{43d60100 5611:com.twitter.android/u0a148} not same as in map: null
10-16 06:52:00.113      819-845/? I/ProcessStatsService﹕ Prepared write state in 5ms
10-16 06:52:45.553      819-881/? D/ConnectivityService﹕ Sampling interval elapsed, updating statistics ..
10-16 06:52:45.563      819-881/? D/ConnectivityService﹕ Done.
10-16 06:52:45.563      819-881/? D/ConnectivityService﹕ Setting timer for 720seconds
10-16 06:57:25.273      819-864/? I/ActivityManager﹕ Start proc com.google.android.apps.plus for service com.google.android.apps.plus/com.google.android.apps.moviemaker.service.PluggedInAnalyzerService: pid=9285 uid=10066 gids={50066, 3003, 3002, 1028, 1015}
10-16 06:57:25.913      819-881/? D/ConnectivityService﹕ handleInetConditionHoldEnd: net=1, condition=100, published condition=100
10-16 06:58:52.393     819-1190/? I/ActivityManager﹕ Killing 7226:com.google.android.calendar/u0a29 (adj 15): empty for 2535s
10-16 07:04:01.713      819-830/? I/ActivityManager﹕ Start proc com.google.android.gms:snet for service com.google.android.gms/.security.snet.SnetLaunchService: pid=9666 uid=10007 gids={50007, 2001, 3003, 1007, 3006, 3007, 1028, 1015, 3002, 3001}
10-16 07:04:01.803    9666-9666/? W/ActivityThread﹕ ClassLoader.loadClass: The class loader returned by Thread.getContextClassLoader() may fail for processes that host multiple applications. You should explicitly specify a context class loader. For example: Thread.setContextClassLoader(getClass().getClassLoader());
10-16 07:04:16.723      819-845/? I/ActivityManager﹕ Waited long enough for: ServiceRecord{46511078 u0 com.google.android.gms/.security.snet.SnetLaunchService}
10-16 07:04:43.153      819-830/? I/ActivityManager﹕ Process com.google.android.apps.plus (pid 9285) has died.
10-16 07:04:45.563      819-881/? D/ConnectivityService﹕ Sampling interval elapsed, updating statistics ..
10-16 07:04:45.563      819-881/? D/ConnectivityService﹕ Done.
10-16 07:04:45.563      819-881/? D/ConnectivityService﹕ Setting timer for 720seconds
10-16 07:04:49.883    819-14447/? I/ActivityManager﹕ Process com.amazon.kindle (pid 28626) has died.
10-16 07:04:49.883    819-14447/? W/ActivityManager﹕ Scheduling restart of crashed service com.amazon.kindle/com.audible.mobile.player.service.PlayerService in 1000ms
10-16 07:04:50.923      819-845/? I/ActivityManager﹕ Start proc com.amazon.kindle for service com.amazon.kindle/com.audible.mobile.player.service.PlayerService: pid=9778 uid=10106 gids={50106, 3003, 1028, 1015, 3002}
10-16 07:04:51.263    9778-9778/? W/ActivityThread﹕ ClassLoader.loadClass: The class loader returned by Thread.getContextClassLoader() may fail for processes that host multiple applications. You should explicitly specify a context class loader. For example: Thread.setContextClassLoader(getClass().getClassLoader());
10-16 07:04:52.303    819-14448/? I/ActivityManager﹕ Process com.google.android.tts (pid 8908) has died.
10-16 07:04:52.303    819-14448/? W/ActivityManager﹕ Scheduling restart of crashed service com.google.android.tts/.service.GoogleTTSService in 1000ms
10-16 07:04:52.393     819-1202/? I/ActivityManager﹕ Process com.facebook.orca (pid 28947) has died.
10-16 07:04:52.393     819-1202/? W/ActivityManager﹕ Scheduling restart of crashed service com.facebook.orca/com.facebook.push.mqtt.service.MqttPushService in 10911ms
10-16 07:04:52.923      819-942/? I/ActivityManager﹕ Process com.trello (pid 6717) has died.
10-16 07:04:52.953    9778-9820/? E/ActivityThread﹕ Failed to find provider info for com.amazon.dcp.settings
10-16 07:04:53.253     819-1200/? I/ActivityManager﹕ Process com.google.android.youtube (pid 6628) has died.
10-16 07:04:53.253     819-1200/? A/ProcessStats﹕ Starting service ServiceState{447c7c80 com.google.android.tts.service.GoogleTTSService pkg=com.google.android.tts proc=447c7c80} without owner
10-16 07:04:53.283     819-1200/? A/ProcessStats﹕ Starting service ServiceState{44294ec0 com.facebook.push.mqtt.service.MqttPushService pkg=com.facebook.orca proc=44294ec0} without owner
10-16 07:04:53.343      819-845/? I/ActivityManager﹕ Start proc com.google.android.tts for service com.google.android.tts/.service.GoogleTTSService: pid=9833 uid=10049 gids={50049, 3003, 1028, 1015}
10-16 07:04:53.543    819-14447/? A/ProcessStats﹕ Starting service ServiceState{44294ec0 com.facebook.push.mqtt.service.MqttPushService pkg=com.facebook.orca proc=44294ec0} without owner
    --------- beginning of /dev/log/main
10-16 07:04:57.323    9778-9793/? I/AmazonKindle.com.amazon.kindle.config.PropertiesModuleInitializer﹕ [AsyncTask #1]: MangaViewerModule initialized
10-16 07:04:57.323    9778-9793/? I/AmazonKindle.com.amazon.kindle.config.PropertiesModuleInitializer﹕ [AsyncTask #1]: Initializing module StandAloneReaderModule
10-16 07:04:57.323    9778-9793/? I/AmazonKindle.com.amazon.kindle.config.PropertiesModuleInitializer﹕ [AsyncTask #1]: StandAloneReaderModule initialized
10-16 07:04:57.323    9778-9793/? I/AmazonKindle.com.amazon.kindle.config.PropertiesModuleInitializer﹕ [AsyncTask #1]: Initializing module mobi
10-16 07:04:57.323    9778-9793/? I/AmazonKindle.com.amazon.kindle.config.PropertiesModuleInitializer﹕ [AsyncTask #1]: mobi initialized
10-16 07:04:57.323    9778-9793/? I/AmazonKindle.com.amazon.kindle.config.PropertiesModuleInitializer﹕ [AsyncTask #1]: Initializing module pdf
10-16 07:04:57.323    9778-9793/? I/AmazonKindle.com.amazon.kindle.config.PropertiesModuleInitializer﹕ [AsyncTask #1]: pdf initialized
10-16 07:04:57.323    9778-9793/? I/AmazonKindle.com.amazon.kindle.config.PropertiesModuleInitializer﹕ [AsyncTask #1]: Initializing module annotations
10-16 07:04:57.373    9778-9793/? I/AmazonKindle.com.amazon.kindle.config.PropertiesModuleInitializer﹕ [AsyncTask #1]: annotations initialized
10-16 07:04:57.373    9778-9793/? I/AmazonKindle.com.amazon.kindle.config.PropertiesModuleInitializer﹕ [AsyncTask #1]: Initializing module StandaloneDefinitionContainerModule
10-16 07:04:57.403    9666-9670/? D/dalvikvm﹕ GC_CONCURRENT freed 413K, 16% free 17866K/21040K, paused 2ms+2ms, total 15ms
10-16 07:04:57.403    9778-9793/? I/AmazonKindle.com.amazon.kindle.config.PropertiesModuleInitializer﹕ [AsyncTask #1]: StandaloneDefinitionContainerModule initialized
10-16 07:04:57.403    9778-9793/? I/AmazonKindle.com.amazon.kindle.config.PropertiesModuleInitializer﹕ [AsyncTask #1]: Initializing module mop
10-16 07:04:57.413    9778-9793/? I/AmazonKindle.com.amazon.kindle.config.PropertiesModuleInitializer﹕ [AsyncTask #1]: mop initialized
10-16 07:04:57.413    9778-9793/? I/AmazonKindle.com.amazon.kindle.config.PropertiesModuleInitializer﹕ [AsyncTask #1]: Initializing module SendToKindleModule
10-16 07:04:57.413    9778-9793/? I/AmazonKindle.com.amazon.kindle.config.PropertiesModuleInitializer﹕ [AsyncTask #1]: SendToKindleModule initialized
10-16 07:04:57.413    9778-9793/? I/AmazonKindle.com.amazon.kindle.config.PropertiesModuleInitializer﹕ [AsyncTask #1]: Initializing module KindleReaderSDK
10-16 07:04:57.413    9778-9793/? I/AmazonKindle.com.amazon.kindle.krx.KindleReaderSDKModule﹕ [AsyncTask #1]: Initializing plugins
10-16 07:04:57.413    9778-9793/? I/AmazonKindle.com.amazon.kindle.krx.PluginInitializer﹕ [AsyncTask #1]: Initializing plugin: com.audible.android.kcp.AirApplicationPlugin
10-16 07:04:57.413    9778-9793/? I/AmazonKindle.com.amazon.kindle.krx.PluginInitializer﹕ [AsyncTask #1]: Initializing plugin: com.audible.android.kcp.AiRLeftNavPlugin
10-16 07:04:57.413    9778-9793/? I/AmazonKindle.com.audible.android.kcp.AiRBasePlugin﹕ [AsyncTask #1]: Initializing AiR plugin com.audible.android.kcp.AiRLeftNavPlugin
10-16 07:04:57.423    9778-9793/? W/AmazonKindle.com.audible.hushpuppy.network.PfmEndpointFactory﹕ [AsyncTask #1]: getEndpoints: userAccount pfm is not set
10-16 07:04:57.423    9778-9793/? I/AmazonKindle.com.amazon.kindle.krx.PluginInitializer﹕ [AsyncTask #1]: Initializing plugin: com.audible.hushpuppy.ApplicationPlugin
10-16 07:04:57.423    9778-9793/? I/AmazonKindle.com.audible.hushpuppy.ApplicationPlugin﹕ [AsyncTask #1]: Initializing Hushpuppy for KRX
10-16 07:04:57.423    9778-9793/? I/AmazonKindle.com.audible.hushpuppy.network.pfm.PfmEndpointManager﹕ [AsyncTask #1]: updatePFM: starting
10-16 07:04:57.423    9778-9793/? I/AmazonKindle.com.amazon.kindle.krx.PluginInitializer﹕ [AsyncTask #1]: Initializing plugin: com.audible.android.kcp.AiRLibraryPlugin
10-16 07:04:57.423    9778-9793/? I/AmazonKindle.com.audible.android.kcp.AiRBasePlugin﹕ [AsyncTask #1]: Initializing AiR plugin com.audible.android.kcp.AiRLibraryPlugin
10-16 07:04:57.423    9778-9793/? W/AmazonKindle.com.audible.hushpuppy.network.PfmEndpointFactory﹕ [AsyncTask #1]: getEndpoints: userAccount pfm is not set
10-16 07:04:57.423    9778-9793/? I/AmazonKindle.com.amazon.kindle.krx.PluginInitializer﹕ [AsyncTask #1]: Initializing plugin: com.audible.hushpuppy.LibraryPlugin
10-16 07:04:57.423    9778-9793/? I/AmazonKindle.com.amazon.kindle.krx.PluginInitializer﹕ [AsyncTask #1]: Initializing plugin: com.audible.hushpuppy.RelationshipPlugin
10-16 07:04:57.423    9778-9793/? I/AmazonKindle.com.amazon.kindle.krx.PluginInitializer﹕ [AsyncTask #1]: Initializing plugin: endactions plugin
10-16 07:04:57.423    9778-9890/? W/AmazonKindle.com.audible.hushpuppy.network.pfm.PfmEndpointManager﹕ [pool-20-thread-1]: updatePFM: testHook disabled
10-16 07:04:57.423    9778-9890/? I/AmazonKindle.com.audible.hushpuppy.network.pfm.PfmEndpointManager﹕ [pool-20-thread-1]: updatePFM: reading database
10-16 07:04:57.423    9778-9890/? I/AmazonKindle.com.audible.hushpuppy.db.HushpuppyStorage﹕ [pool-20-thread-1]: getPfmDeviceType: reading device type pfms
10-16 07:04:57.423    9778-9890/? E/AmazonKindle.com.audible.hushpuppy.network.pfm.PfmDeviceType﹕ [pool-20-thread-1]: Krx current device type is ''
10-16 07:04:57.423    9778-9793/? I/System.out﹕ INFO: com.amazon.ea.EndActionsPlugin Initializing EA Plugin
10-16 07:04:57.433    9778-9890/? E/AmazonKindle.com.audible.hushpuppy.network.pfm.PfmEndpointManager﹕ [pool-20-thread-1]: updatePFM: failed java.lang.IllegalStateException: HushpuppyStorage getPfmDeviceType: HushpuppyStorage getPfmAlloweds: put pfmAllowed:
10-16 07:04:57.473    9778-9782/? D/dalvikvm﹕ GC_CONCURRENT freed 426K, 14% free 19221K/22124K, paused 2ms+2ms, total 33ms
10-16 07:04:57.473    9778-9793/? D/dalvikvm﹕ WAIT_FOR_CONCURRENT_GC blocked 21ms
10-16 07:04:57.513    9666-9670/? D/dalvikvm﹕ GC_CONCURRENT freed 680K, 16% free 17697K/21040K, paused 0ms+1ms, total 11ms
10-16 07:04:57.513    9666-9687/? D/dalvikvm﹕ WAIT_FOR_CONCURRENT_GC blocked 9ms
10-16 07:04:57.523    9778-9793/? I/AmazonKindle.com.amazon.kindle.krx.PluginInitializer﹕ [AsyncTask #1]: Initializing plugin: com.audible.android.kcp.AirReaderPlugin
10-16 07:04:57.523    9778-9793/? I/AmazonKindle.com.audible.android.kcp.AiRBasePlugin﹕ [AsyncTask #1]: Initializing AiR plugin com.audible.android.kcp.AiRReaderPlugin
10-16 07:04:57.523    9778-9793/? W/AmazonKindle.com.audible.hushpuppy.network.PfmEndpointFactory﹕ [AsyncTask #1]: getEndpoints: userAccount pfm is not set
10-16 07:04:57.523    9778-9793/? I/AmazonKindle.com.amazon.kindle.krx.PluginInitializer﹕ [AsyncTask #1]: Initializing plugin: ClickstreamMetrics
10-16 07:04:57.533    9666-9670/? D/dalvikvm﹕ GC_CONCURRENT freed 312K, 15% free 17896K/21040K, paused 1ms+1ms, total 10ms
10-16 07:04:57.533    9666-9687/? D/dalvikvm﹕ WAIT_FOR_CONCURRENT_GC blocked 9ms
10-16 07:04:57.553    9778-9793/? I/AmazonKindle.com.amazon.kindle.config.PropertiesModuleInitializer﹕ [AsyncTask #1]: KindleReaderSDK initialized
10-16 07:04:57.553    9778-9793/? I/AmazonKindle.com.amazon.kindle.config.PropertiesModuleInitializer﹕ [AsyncTask #1]: Initializing module AttributionModule
10-16 07:04:57.553    9778-9793/? I/AmazonKindle.com.amazon.kindle.config.PropertiesModuleInitializer﹕ [AsyncTask #1]: AttributionModule initialized
10-16 07:04:57.573    9778-9793/? I/DPLogger﹕ DPLogger - Name was too long. Truncating; original name: CrashDescriptorStorageUtil, truncated name: CrashDescriptorStorageU
10-16 07:04:57.583    9778-9782/? D/dalvikvm﹕ GC_CONCURRENT freed 502K, 14% free 19348K/22332K, paused 3ms+2ms, total 20ms
10-16 07:04:57.583    9778-9793/? I/CrashDescriptorStorageU﹕ loadFromSharedPreferences - No keys retrieved from shared preferences.;
10-16 07:04:57.593    9778-9793/? I/com.amazon.device.crashmanager.CrashDetectionHelper﹕ Installing crash detector as default exception handler.
10-16 07:04:57.593    9666-9670/? D/dalvikvm﹕ GC_CONCURRENT freed 517K, 16% free 17847K/21040K, paused 2ms+1ms, total 23ms
10-16 07:04:57.593    9778-9793/? I/DPLogger﹕ DPLogger - Name was too long. Truncating; original name: BaseMetricsServiceFactory, truncated name: BaseMetricsServiceFacto
10-16 07:04:57.593    9778-9793/? I/DPLogger﹕ DPLogger - Name was too long. Truncating; original name: MetricsConfigurationParser, truncated name: MetricsConfigurationPar
10-16 07:04:57.593    9778-9793/? I/MetricsConfigurationPar﹕ MetricsConfigurationParser - Picking configuration; Domain: prod, Build: user, isDebuggable: false
10-16 07:04:57.603    9778-9896/? I/DPLogger﹕ DPLogger - Name was too long. Truncating; original name: AbstractDetArtifactProcessor, truncated name: AbstractDetArtifactProc
10-16 07:04:57.603    9778-9896/? I/DPLogger﹕ DPLogger - Name was too long. Truncating; original name: JavaCrashArtifactProcessor, truncated name: JavaCrashArtifactProces
10-16 07:04:57.603    9778-9896/? I/DPLogger﹕ DPLogger - Name was too long. Truncating; original name: TComm.HttpClientSrrManager, truncated name: TComm.HttpClientSrrMana
10-16 07:04:57.613    9778-9896/? I/CrashDescriptorStorageU﹕ saveToSharedPreferences - Added last cleared cache to shared preferences = ; 1387344738507
10-16 07:04:57.613    9778-9896/? I/CrashDescriptorStorageU﹕ saveToSharedPreferences - Number of keys stored in shared preferences = ; 0
10-16 07:04:57.613    9778-9896/? I/ArtifactUploader﹕ uploadCrashEntries - Finished uploading artifacts. Uploaded 0 artifacts.;
10-16 07:04:57.613    9778-9896/? D/AbstractMetricsFactoryImpl﹕ record : No data points in metrics event
10-16 07:04:57.653    9778-9793/? I/DPLogger﹕ DPLogger - Name was too long. Truncating; original name: AndroidDeviceInfoManager, truncated name: AndroidDeviceInfoManage
10-16 07:04:57.653    9778-9793/? I/DPLogger﹕ DPLogger - Name was too long. Truncating; original name: Metrics:BoundedByteArrayQueue, truncated name: Metrics:BoundedByteArra
10-16 07:04:57.653    9778-9793/? I/DPLogger﹕ DPLogger - Name was too long. Truncating; original name: Metrics:NonVolatileBoundedByteArrayQueue, truncated name: Metrics:NonVolatileBoun
10-16 07:04:57.653    9778-9793/? I/DPLogger﹕ DPLogger - Name was too long. Truncating; original name: Metrics:BatchTransmitter, truncated name: Metrics:BatchTransmitte
10-16 07:04:57.653    9778-9793/? I/DPLogger﹕ DPLogger - Name was too long. Truncating; original name: Metrics:ThreadPoolBatchTransmitter, truncated name: Metrics:ThreadPoolBatch
10-16 07:04:57.653    9778-9793/? I/DPLogger﹕ DPLogger - Name was too long. Truncating; original name: PeriodicBatchTransmitter, truncated name: PeriodicBatchTransmitte
10-16 07:04:57.653    9778-9793/? I/DPLogger﹕ DPLogger - Name was too long. Truncating; original name: Metrics:UrgentBatchTransmitter, truncated name: Metrics:UrgentBatchTran
10-16 07:04:57.653    9778-9793/? W/BaseMetricsServiceFacto﹕ createMetricsService - Skipping batch pipeline setup for ; RESERVED_FOR_LOCATION_SERVICE:  because no configuration is provided.
10-16 07:04:57.653    9778-9793/? W/BaseMetricsServiceFacto﹕ createMetricsService - Skipping batch pipeline setup for ; RESERVED_FOR_NON_ANONYMOUS_METRICS:  because no configuration is provided.
10-16 07:04:57.653    9778-9908/? I/Metrics:BatchTransmitte﹕ QueuePusher.sendBatches - Drained batch queue.; Number of batches sent: 0
10-16 07:04:57.653    9778-9909/? I/Metrics:BatchTransmitte﹕ QueuePusher.sendBatches - Drained batch queue.; Number of batches sent: 0
10-16 07:04:57.653    9778-9793/? I/DPLogger﹕ DPLogger - Name was too long. Truncating; original name: MetricsBroadcastReceiver, truncated name: MetricsBroadcastReceive
10-16 07:04:57.673    9666-9670/? D/dalvikvm﹕ GC_CONCURRENT freed 407K, 16% free 17868K/21040K, paused 2ms+1ms, total 19ms
10-16 07:04:57.673    9778-9793/? I/com.amazon.kindle/com.amazon.identity.auth.device.utils.CentralApkUtils﹕ Cannot find amazon authenticator. If this is 1P device, this is a bug!
10-16 07:04:57.683    9778-9782/? D/dalvikvm﹕ GC_CONCURRENT freed 483K, 14% free 19547K/22508K, paused 3ms+2ms, total 20ms
10-16 07:04:57.683    9778-9793/? I/dalvikvm﹕ Could not find method com.amazon.identity.auth.device.utils.BuildInfo.doesSSOExist, referenced from method com.amazon.kindle.util.SSOUtils.isSSOAvailable
10-16 07:04:57.683    9778-9793/? W/dalvikvm﹕ VFY: unable to resolve static method 17567: Lcom/amazon/identity/auth/device/utils/BuildInfo;.doesSSOExist (Landroid/content/Context;)Z
10-16 07:04:57.683    9778-9793/? D/dalvikvm﹕ VFY: replacing opcode 0x71 at 0x0000
10-16 07:04:57.683    9778-9793/? I/AmazonKindle.com.amazon.kindle.sync.SynchronizationManager﹕ [AsyncTask #1]: Received APP_STARTUP_SYNC request, but the sync metadata was throttled
10-16 07:04:57.703    9778-9915/? W/com.amazon.whispersync.dcp.settings.SettingsCache﹕ Permission to read device settings doesn't exist. This is normal on third-party devices.
10-16 07:04:57.703    9778-9915/? I/com.amazon.whispersync.dcp.settings.SettingsCache﹕ Always use default values for settings
10-16 07:04:57.713    9778-9915/? E/com.amazon.whispersync.dcp.framework.ClassConfigurationParser﹕ Could not find class configuration file dcp_class_configuration.xml
10-16 07:04:57.713    9778-9915/? E/com.amazon.whispersync.dcp.framework.ClassConfigurationParser﹕ The configuration file does not have a key for DeviceInfo
10-16 07:04:57.713    9778-9915/? I/com.amazon.whispersync.dcp.framework.ClassConfigurationParser﹕ Attempting to create class com.amazon.whispersync.dcp.framework.AmazonDeviceInfo with android.content.Context constructor.
10-16 07:04:57.713    9778-9793/? E/AmazonKindle.com.amazon.kindle.collections.business.CollectionsManager﹕ [AsyncTask #1]: syncCollections - aborting.  Whispersync is not initialized
10-16 07:04:57.713    9778-9915/? W/com.amazon.whispersync.dcp.framework.DeviceInfo﹕ Build Number  could not be parsed to an integer. Using default value
10-16 07:04:57.713    9778-9793/? W/AmazonKindle.com.amazon.kindle.webservices.DynamicConfigManager﹕ [AsyncTask #1]: DynamicConfigManager not initialized, initialize a default manager with no persistence and default domain.
10-16 07:04:57.713    9778-9793/? I/AmazonKindle.com.amazon.kindle.services.download.ReaderDownloadManager﹕ [AsyncTask #1]: <NoId> updated to QUEUED state
10-16 07:04:57.723    9778-9915/? W/com.amazon.whispersync.roboguice.RoboGuice﹕ Failed to locate android resource: amazon_device_sync_roboguice_modules
10-16 07:04:57.723    9778-9917/? I/AmazonKindle.com.amazon.kindle.services.download.ReaderDownloadManager﹕ [DownloadManager-webserviceRequests3-thread-1]: <NoId> updated to DOWNLOADING state
10-16 07:04:57.743    9666-9670/? D/dalvikvm﹕ GC_CONCURRENT freed 411K, 16% free 17847K/21040K, paused 2ms+2ms, total 13ms
10-16 07:04:57.753    9778-9782/? D/dalvikvm﹕ GC_CONCURRENT freed 419K, 13% free 19909K/22804K, paused 2ms+2ms, total 20ms
10-16 07:04:57.753    9778-9915/? D/dalvikvm﹕ WAIT_FOR_CONCURRENT_GC blocked 9ms
10-16 07:04:57.753    9778-9914/? D/dalvikvm﹕ WAIT_FOR_CONCURRENT_GC blocked 9ms
10-16 07:04:57.763    9778-9778/? D/dalvikvm﹕ WAIT_FOR_CONCURRENT_GC blocked 12ms
10-16 07:04:57.763    9778-9793/? D/dalvikvm﹕ WAIT_FOR_CONCURRENT_GC blocked 12ms
10-16 07:04:57.763    9778-9917/? D/dalvikvm﹕ WAIT_FOR_CONCURRENT_GC blocked 14ms
10-16 07:04:57.763    9778-9917/? I/AmazonKindle.com.amazon.kindle.webservices.BaseWebRequestExecutor﹕ [DownloadManager-webserviceRequests3-thread-1]: Executing url: https://www.amazon.com/gp/kindle/kcp/redding/app-config.html?eid=RlxdXRlAA1IQAxAXX1QfWEwaQwsJAxVEXQYTUxJBX10%3D&deviceType=A3VNNDO1I14V03&osVersion=19&appVersion=1142693889&model=Nexus%205
10-16 07:04:57.763    9778-9915/? I/com.amazon.whispersync.roboguice.RoboGuice﹕ Loading the following Modules:
10-16 07:04:57.763    9778-9915/? I/com.amazon.whispersync.roboguice.RoboGuice﹕ com.amazon.whispersync.roboguice.config.DefaultRoboModule
10-16 07:04:57.763    9778-9915/? I/com.amazon.whispersync.roboguice.RoboGuice﹕ com.amazon.whispersync.dcp.framework.SingleInjectorModule
10-16 07:04:57.763    9778-9915/? I/com.amazon.whispersync.roboguice.RoboGuice﹕ com.amazon.whispersync.dcp.framework.DefaultRoboModuleExtensions
10-16 07:04:57.763    9778-9915/? I/com.amazon.whispersync.roboguice.RoboGuice﹕ com.amazon.whispersync.dcp.framework.FrameworkModule
10-16 07:04:57.763    9778-9915/? I/com.amazon.whispersync.roboguice.RoboGuice﹕ com.amazon.device.sync.platform.SyncModule
10-16 07:04:57.793      819-856/? W/BackupManagerService﹕ dataChanged but no participant pkg='com.amazon.kindle' uid=10106
10-16 07:04:57.843    9778-9928/? E/AmazonKindle.com.amazon.kindle.io.IOUtils﹕ [AsyncTask #3]: File not found
10-16 07:04:57.843    9778-9928/? E/AmazonKindle.com.amazon.kindle.io.IOUtils﹕ [AsyncTask #3]: File not found
10-16 07:04:57.853    9778-9782/? D/dalvikvm﹕ GC_CONCURRENT freed 667K, 14% free 20142K/23284K, paused 3ms+2ms, total 27ms
10-16 07:04:57.853    9778-9915/? D/dalvikvm﹕ WAIT_FOR_CONCURRENT_GC blocked 9ms
10-16 07:04:57.853    9778-9778/? D/dalvikvm﹕ WAIT_FOR_CONCURRENT_GC blocked 9ms
10-16 07:04:57.853    9666-9670/? D/dalvikvm﹕ GC_CONCURRENT freed 703K, 17% free 17656K/21040K, paused 1ms+1ms, total 13ms
10-16 07:04:57.853    9666-9687/? D/dalvikvm﹕ WAIT_FOR_CONCURRENT_GC blocked 10ms
10-16 07:04:57.853    9778-9928/? D/dalvikvm﹕ WAIT_FOR_CONCURRENT_GC blocked 9ms
10-16 07:04:57.863    9778-9928/? E/AmazonKindle.com.amazon.kindle.io.IOUtils﹕ [AsyncTask #3]: File not found
10-16 07:04:57.863    9778-9928/? E/AmazonKindle.com.amazon.kindle.io.IOUtils﹕ [AsyncTask #3]: File not found
10-16 07:04:57.883    9666-9670/? D/dalvikvm﹕ GC_CONCURRENT freed 312K, 16% free 17855K/21040K, paused 5ms+1ms, total 19ms
10-16 07:04:57.883    9666-9687/? D/dalvikvm﹕ WAIT_FOR_CONCURRENT_GC blocked 14ms
10-16 07:04:57.883    9778-9928/? E/AmazonKindle.com.amazon.kindle.io.IOUtils﹕ [AsyncTask #3]: File not found
10-16 07:04:57.893    9778-9778/? W/ResourceType﹕ Failure getting entry for 0x7f0d0175 (t=12 e=373) in package 0 (error -75)
10-16 07:04:57.893    9778-9778/? W/PackageParser﹕ No actions in intent filter at /data/app/com.amazon.kindle-1.apk Binary XML file line #230
10-16 07:04:57.933    9666-9670/? D/dalvikvm﹕ GC_CONCURRENT freed 463K, 16% free 17849K/21040K, paused 2ms+3ms, total 19ms
10-16 07:04:57.933    9778-9782/? D/dalvikvm﹕ GC_CONCURRENT freed 990K, 15% free 20128K/23596K, paused 3ms+2ms, total 26ms
10-16 07:04:57.933    9778-9915/? D/dalvikvm﹕ WAIT_FOR_CONCURRENT_GC blocked 16ms
10-16 07:04:57.933    9778-9778/? D/dalvikvm﹕ WAIT_FOR_CONCURRENT_GC blocked 14ms
10-16 07:04:57.933    9778-9812/? D/dalvikvm﹕ WAIT_FOR_CONCURRENT_GC blocked 12ms
10-16 07:04:57.953    9778-9930/? I/com.amazon.kindle/com.amazon.identity.auth.device.utils.CentralApkUtils﹕ Cannot find amazon authenticator. If this is 1P device, this is a bug!
10-16 07:04:57.953    9778-9784/? I/dalvikvm﹕ Total arena pages for JIT: 11
10-16 07:04:57.953    9778-9784/? I/dalvikvm﹕ Total arena pages for JIT: 12
10-16 07:04:57.953    9778-9784/? I/dalvikvm﹕ Total arena pages for JIT: 13
10-16 07:04:57.953    9778-9784/? I/dalvikvm﹕ Total arena pages for JIT: 14
10-16 07:04:57.953    9778-9784/? I/dalvikvm﹕ Total arena pages for JIT: 15
10-16 07:04:57.953    9778-9784/? I/dalvikvm﹕ Total arena pages for JIT: 16
10-16 07:04:57.953    9778-9784/? I/dalvikvm﹕ Total arena pages for JIT: 17
10-16 07:04:58.003    9666-9670/? D/dalvikvm﹕ GC_CONCURRENT freed 421K, 16% free 17849K/21040K, paused 2ms+0ms, total 12ms
10-16 07:04:58.013    9778-9782/? D/dalvikvm﹕ GC_CONCURRENT freed 963K, 15% free 20141K/23596K, paused 1ms+1ms, total 21ms
10-16 07:04:58.013    9778-9915/? D/dalvikvm﹕ WAIT_FOR_CONCURRENT_GC blocked 14ms
10-16 07:04:58.013    9778-9930/? D/dalvikvm﹕ WAIT_FOR_CONCURRENT_GC blocked 14ms
10-16 07:04:58.073    9778-9782/? D/dalvikvm﹕ GC_CONCURRENT freed 893K, 15% free 20189K/23596K, paused 2ms+1ms, total 23ms
10-16 07:04:58.083    9666-9670/? D/dalvikvm﹕ GC_CONCURRENT freed 467K, 16% free 17850K/21040K, paused 1ms+1ms, total 16ms
10-16 07:04:58.133    9778-9915/? I/dalvikvm﹕ Could not find method com.amazon.whispersync.dcp.messaging.MessagingContract.getMessagingHandlerIntentAction, referenced from method com.amazon.device.sync.platform.AmazonWhispersyncConfig.<init>
10-16 07:04:58.133    9778-9915/? W/dalvikvm﹕ VFY: unable to resolve static method 26903: Lcom/amazon/whispersync/dcp/messaging/MessagingContract;.getMessagingHandlerIntentAction (Ljava/lang/String;)Ljava/lang/String;
10-16 07:04:58.133    9778-9915/? D/dalvikvm﹕ VFY: replacing opcode 0x71 at 0x002c
10-16 07:04:58.143    9666-9670/? D/dalvikvm﹕ GC_CONCURRENT freed 407K, 16% free 17848K/21040K, paused 1ms+0ms, total 13ms
10-16 07:04:58.203    9778-9782/? D/dalvikvm﹕ GC_CONCURRENT freed 921K, 15% free 20259K/23660K, paused 1ms+3ms, total 29ms
10-16 07:04:58.203    9778-9915/? D/dalvikvm﹕ WAIT_FOR_CONCURRENT_GC blocked 19ms
10-16 07:04:58.203    9666-9670/? D/dalvikvm﹕ GC_CONCURRENT freed 567K, 16% free 17792K/21040K, paused 2ms+2ms, total 21ms
10-16 07:04:58.203    9666-9687/? D/dalvikvm﹕ WAIT_FOR_CONCURRENT_GC blocked 18ms
10-16 07:04:58.213    9778-9915/? D//Ln.java:218﹕ Thread-69337 Configuring Logging, minimum log level is INFO
10-16 07:04:58.233    9666-9670/? D/dalvikvm﹕ GC_CONCURRENT freed 453K, 16% free 17834K/21040K, paused 3ms+1ms, total 23ms
10-16 07:04:58.233    9778-9915/? I/DPLogger﹕ DPLogger - Name was too long. Truncating; original name: BaseMetricsServiceFactory, truncated name: BaseMetricsServiceFacto
10-16 07:04:58.243    9778-9915/? I/DPLogger﹕ DPLogger - Name was too long. Truncating; original name: TComm.HttpClientSrrManager, truncated name: TComm.HttpClientSrrMana
10-16 07:04:58.243    9778-9915/? I/DPLogger﹕ DPLogger - Name was too long. Truncating; original name: AndroidDeviceInfoManager, truncated name: AndroidDeviceInfoManage
10-16 07:04:58.243    9778-9915/? I/DPLogger﹕ DPLogger - Name was too long. Truncating; original name: Metrics:BoundedByteArrayQueue, truncated name: Metrics:BoundedByteArra
10-16 07:04:58.243    9778-9915/? I/DPLogger﹕ DPLogger - Name was too long. Truncating; original name: Metrics:NonVolatileBoundedByteArrayQueue, truncated name: Metrics:NonVolatileBoun
10-16 07:04:58.243    9778-9915/? I/DPLogger﹕ DPLogger - Name was too long. Truncating; original name: Metrics:BatchTransmitter, truncated name: Metrics:BatchTransmitte
10-16 07:04:58.243    9778-9915/? I/DPLogger﹕ DPLogger - Name was too long. Truncating; original name: Metrics:ThreadPoolBatchTransmitter, truncated name: Metrics:ThreadPoolBatch
10-16 07:04:58.243    9778-9915/? I/DPLogger﹕ DPLogger - Name was too long. Truncating; original name: PeriodicBatchTransmitter, truncated name: PeriodicBatchTransmitte
10-16 07:04:58.243    9778-9915/? I/DPLogger﹕ DPLogger - Name was too long. Truncating; original name: Metrics:UrgentBatchTransmitter, truncated name: Metrics:UrgentBatchTran
10-16 07:04:58.243    9778-9915/? W/BaseMetricsServiceFacto﹕ createMetricsService - Skipping batch pipeline setup for ; RESERVED_FOR_LOCATION_SERVICE:  because no configuration is provided.
10-16 07:04:58.243    9778-9915/? W/BaseMetricsServiceFacto﹕ createMetricsService - Skipping batch pipeline setup for ; RESERVED_FOR_NON_ANONYMOUS_METRICS:  because no configuration is provided.
10-16 07:04:58.243    9778-9943/? I/Metrics:BatchTransmitte﹕ QueuePusher.sendBatches - Drained batch queue.; Number of batches sent: 0
10-16 07:04:58.243    9778-9944/? I/Metrics:BatchTransmitte﹕ QueuePusher.sendBatches - Drained batch queue.; Number of batches sent: 0
10-16 07:04:58.243    9778-9915/? I/DPLogger﹕ DPLogger - Name was too long. Truncating; original name: MetricsBroadcastReceiver, truncated name: MetricsBroadcastReceive
10-16 07:04:58.253    9778-9915/? I/com.amazon.kindle/com.amazon.identity.auth.device.utils.CentralApkUtils﹕ Cannot find amazon authenticator. If this is 1P device, this is a bug!
10-16 07:04:58.253    9778-9915/? W/com.amazon.kindle/com.amazon.identity.auth.device.framework.SSODeviceInfo﹕ Device does not have a valid Amazon serial number. If this is an Amazon Device set Build.SERIAL to the serial number and set Build.MANUFACTURER to 'Amazon'.
10-16 07:04:58.273    9778-9915/? I/DCP﹕ ListenableNetworkOperationsExecutor: Starting executor with size:6
10-16 07:04:58.273    9778-9915/? I/DCP﹕ ParallelNetworkOperationsExecutor: Starting executor with size:6
10-16 07:04:58.283    9778-9915/? I/dalvikvm﹕ Could not find method com.amazon.android.trapz.TLoggerFactory.getLogger, referenced from method com.amazon.whispersync.dcp.framework.tracing.TracerFactory.create
10-16 07:04:58.283    9778-9915/? W/dalvikvm﹕ VFY: unable to resolve static method 3382: Lcom/amazon/android/trapz/TLoggerFactory;.getLogger (Ljava/lang/String;)Lcom/amazon/android/trapz/TLogger;
10-16 07:04:58.283    9778-9915/? D/dalvikvm﹕ VFY: replacing opcode 0x71 at 0x0002
10-16 07:04:58.303    9778-9915/? I/com.amazon.kindle/com.amazon.identity.auth.device.utils.CentralApkUtils﹕ Cannot find amazon authenticator. If this is 1P device, this is a bug!
10-16 07:04:58.303    9666-9670/? D/dalvikvm﹕ GC_CONCURRENT freed 429K, 16% free 17830K/21040K, paused 2ms+0ms, total 12ms
10-16 07:04:58.303    9778-9915/? I/com.amazon.kindle/com.amazon.identity.auth.device.utils.CentralApkUtils﹕ Cannot find amazon authenticator. If this is 1P device, this is a bug!
10-16 07:04:58.303    9778-9945/? I/AmazonKindle.com.amazon.kindle.collections.business.CollectionsSyncManager﹕ [Thread-69363]: About to begin Collections on start-up sync...
10-16 07:04:58.393    9666-9670/? D/dalvikvm﹕ GC_CONCURRENT freed 439K, 16% free 17830K/21040K, paused 1ms+1ms, total 12ms
10-16 07:04:58.393    9778-9782/? D/dalvikvm﹕ GC_CONCURRENT freed 928K, 15% free 20351K/23752K, paused 4ms+3ms, total 40ms
10-16 07:04:58.393    9778-9949/? D/dalvikvm﹕ WAIT_FOR_CONCURRENT_GC blocked 9ms
10-16 07:04:58.433    9778-9949/? I/DCP﹕ Sending 0 dataset update for 'CloudCollections' namespace
