Crash at 9:11:22
    --------- beginning of /dev/log/system
10-09 07:46:19.817      819-881/? D/ConnectivityService﹕ ConnectivityChange for WIFI: DISCONNECTED/DISCONNECTED
10-09 07:46:19.817      819-881/? D/ConnectivityService﹕ tryFailover: set mActiveDefaultNetwork=-1, prevNetType=1
10-09 07:46:19.827      819-881/? D/ConnectivityService﹕ Attempting to switch to mobile
10-09 07:46:19.827      819-881/? D/ConnectivityService﹕ Attempting to switch to BLUETOOTH_TETHER
10-09 07:46:19.837      819-881/? D/ConnectivityService﹕ resetConnections(wlan0, 3)
10-09 07:46:19.877      819-845/? I/ActivityManager﹕ Start proc com.nytimes.android for broadcast com.nytimes.android/.receiver.WifiReceiver: pid=22840 uid=10127 gids={50127, 3003, 1028, 1015}
10-09 07:46:19.877      819-819/? D/MobileDataStateTracker﹕ default: Broadcast received: android.intent.action.ANY_DATA_STATE apnType=default
10-09 07:46:19.877      819-819/? D/MobileDataStateTracker﹕ default: Received state=CONNECTING, old=DISCONNECTED, reason=dataEnabled
10-09 07:46:19.877      819-819/? D/MobileDataStateTracker﹕ default: setDetailed state, old =IDLE and new state=CONNECTING
10-09 07:46:19.877      819-819/? D/MobileDataStateTracker﹕ fota: Broadcast received: android.intent.action.ANY_DATA_STATE apnType=fota
10-09 07:46:19.887      819-819/? D/MobileDataStateTracker﹕ fota: Received state=DISCONNECTED, old=DISCONNECTED, reason=dataEnabled
10-09 07:46:19.887      819-819/? D/MobileDataStateTracker﹕ dun: Broadcast received: android.intent.action.ANY_DATA_STATE apnType=dun
10-09 07:46:19.887      819-819/? D/MobileDataStateTracker﹕ dun: Received state=DISCONNECTED, old=DISCONNECTED, reason=dataEnabled
10-09 07:46:19.897      819-819/? D/MobileDataStateTracker﹕ ia: Broadcast received: android.intent.action.ANY_DATA_STATE apnType=ia
10-09 07:46:19.917      819-819/? D/MobileDataStateTracker﹕ ia: Received state=DISCONNECTED, old=DISCONNECTED, reason=dataEnabled
10-09 07:46:19.917      819-819/? D/MobileDataStateTracker﹕ supl: Broadcast received: android.intent.action.ANY_DATA_STATE apnType=supl
10-09 07:46:19.917      819-819/? D/MobileDataStateTracker﹕ supl: Received state=DISCONNECTED, old=DISCONNECTED, reason=dataEnabled
10-09 07:46:19.917      819-819/? D/MobileDataStateTracker﹕ hipri: Broadcast received: android.intent.action.ANY_DATA_STATE apnType=hipri
10-09 07:46:19.917      819-819/? D/MobileDataStateTracker﹕ hipri: Received state=DISCONNECTED, old=DISCONNECTED, reason=dataEnabled
10-09 07:46:19.927      819-819/? D/MobileDataStateTracker﹕ ims: Broadcast received: android.intent.action.ANY_DATA_STATE apnType=ims
10-09 07:46:19.927      819-819/? D/MobileDataStateTracker﹕ ims: Received state=DISCONNECTED, old=DISCONNECTED, reason=dataEnabled
10-09 07:46:19.927      819-819/? D/MobileDataStateTracker﹕ mms: Broadcast received: android.intent.action.ANY_DATA_STATE apnType=mms
10-09 07:46:19.927      819-819/? D/MobileDataStateTracker﹕ mms: Received state=DISCONNECTED, old=DISCONNECTED, reason=dataEnabled
10-09 07:46:19.927      819-819/? D/MobileDataStateTracker﹕ cbs: Broadcast received: android.intent.action.ANY_DATA_STATE apnType=cbs
10-09 07:46:19.937      819-881/? D/Nat464Xlat﹕ requiresClat: netType=1, hasIPv4Address=false
10-09 07:46:19.937      819-819/? D/MobileDataStateTracker﹕ cbs: Received state=DISCONNECTED, old=DISCONNECTED, reason=dataEnabled
10-09 07:46:19.947      819-881/? D/ConnectivityService﹕ handleInetConditionChange: no active default network - ignore
10-09 07:46:19.957      819-881/? D/MobileDataStateTracker﹕ default: setPolicyDataEnable(enabled=true)
10-09 07:46:19.987      819-881/? D/MobileDataStateTracker﹕ default: setPolicyDataEnable(enabled=true)
10-09 07:46:20.257      819-829/? I/ActivityManager﹕ Start proc air.WatchESPN for broadcast air.WatchESPN/com.espn.watchespn.NetworkChangedListener: pid=22893 uid=10185 gids={50185, 3003, 1028, 1015}
10-09 07:46:20.257     819-1200/? I/ActivityManager﹕ Process ch.bitspin.timely (pid 22513) has died.
10-09 07:46:20.767      819-830/? I/ActivityManager﹕ Start proc com.aviary.android.feather:aviarycds for broadcast com.aviary.android.feather/.cds.AviaryCdsReceiver: pid=22920 uid=10105 gids={50105, 3003, 1028, 1015}
10-09 07:46:22.377      819-819/? D/MobileDataStateTracker﹕ default: Broadcast received: android.intent.action.ANY_DATA_STATE apnType=default
10-09 07:46:22.387      819-819/? D/MobileDataStateTracker﹕ default: Received state=CONNECTED, old=CONNECTING, reason=connected
10-09 07:46:22.387      819-819/? D/MobileDataStateTracker﹕ default: setDetailed state, old =CONNECTING and new state=CONNECTED
10-09 07:46:22.387      819-881/? D/ConnectivityService﹕ ConnectivityChange for mobile: CONNECTED/CONNECTED
10-09 07:46:22.387      819-881/? D/ConnectivityService﹕ ConnectivityChange checkMobileProvisioning for TYPE_MOBILE or ProvisioningNetwork
10-09 07:46:22.387      819-881/? D/ConnectivityService﹕ checkMobileProvisioning: E suggestedTimeOutMs=60000
10-09 07:46:22.387      819-881/? D/ConnectivityService﹕ setProvNotificationVisible: E visible=false networkType=5 extraInfo=null url=null
10-09 07:46:22.387      819-881/? D/ConnectivityService﹕ checkMobileProvisioning: params={ url=http://clients3.google.com/generate_204 mTimeOutMs=60000 mCb=com.android.server.ConnectivityService$5@44300c38}
10-09 07:46:22.387      819-881/? D/ConnectivityService﹕ checkMobileProvisioning: X
10-09 07:46:22.407     819-1572/? D/MobileDataStateTracker﹕ default: isProvisioningNetwork: retVal=false
10-09 07:46:22.407     819-1572/? D/ConnectivityService﹕ [CheckMp] isMobileOk: isDefaultProvisioning=false
10-09 07:46:22.417     819-1572/? D/MobileDataStateTracker﹕ hipri: isProvisioningNetwork: retVal=false
10-09 07:46:22.417     819-1572/? D/ConnectivityService﹕ [CheckMp] isMobileOk: isHipriProvisioning=false
10-09 07:46:22.417     819-1572/? D/ConnectivityService﹕ [CheckMp] isMobileOk: start hipri url=http://clients3.google.com/generate_204
10-09 07:46:22.417     819-1572/? D/ConnectivityService﹕ startUsingNetworkFeature reconnecting to 0: enableHIPRI
10-09 07:46:22.417     819-1572/? D/ConnectivityService﹕ startUsingNetworkFeature X: return APN_REQUEST_STARTED
10-09 07:46:22.417     819-1572/? D/ConnectivityService﹕ [CheckMp] isMobileOk: hipri started
10-09 07:46:22.417     819-1572/? D/ConnectivityService﹕ [CheckMp] isMobileOk: not connected ni=NetworkInfo: type: mobile_hipri[LTE], state: DISCONNECTED/IDLE, reason: (unspecified), extra: (none), roaming: false, failover: false, isAvailable: true, isConnectedToProvisioningNetwork: false
10-09 07:46:22.427      819-881/? D/Nat464Xlat﹕ requiresClat: netType=0, hasIPv4Address=false
10-09 07:46:22.427      819-881/? I/Nat464Xlat﹕ Starting clatd on rmnet0, lp={InterfaceName: rmnet0 LinkAddresses: [2607:fb90:2000:2c8:6649:32cc:261f:c7e4/64,]  Routes: [::/0 -> 2607:fb90:2000:2c8:3dd3:a76d:2842:4b75,] DnsAddresses: [fd00:976a::9,] Domains: nullMTU: 1440}
10-09 07:46:22.437      819-819/? D/MobileDataStateTracker﹕ hipri: Broadcast received: android.intent.action.ANY_DATA_STATE apnType=hipri
10-09 07:46:22.447      819-819/? D/MobileDataStateTracker﹕ hipri: Received state=CONNECTING, old=DISCONNECTED, reason=dataEnabled
10-09 07:46:22.447      819-819/? D/MobileDataStateTracker﹕ hipri: setDetailed state, old =IDLE and new state=CONNECTING
10-09 07:46:22.447      819-819/? D/MobileDataStateTracker﹕ fota: Broadcast received: android.intent.action.ANY_DATA_STATE apnType=fota
10-09 07:46:22.457      819-819/? D/MobileDataStateTracker﹕ fota: Received state=DISCONNECTED, old=DISCONNECTED, reason=dataEnabled
10-09 07:46:22.457      819-881/? D/MobileDataStateTracker﹕ default: setPolicyDataEnable(enabled=true)
10-09 07:46:22.467      819-819/? D/MobileDataStateTracker﹕ dun: Broadcast received: android.intent.action.ANY_DATA_STATE apnType=dun
10-09 07:46:22.467      819-819/? D/MobileDataStateTracker﹕ dun: Received state=DISCONNECTED, old=DISCONNECTED, reason=dataEnabled
10-09 07:46:22.467      819-819/? D/MobileDataStateTracker﹕ ia: Broadcast received: android.intent.action.ANY_DATA_STATE apnType=ia
10-09 07:46:22.477      819-819/? D/MobileDataStateTracker﹕ ia: Received state=DISCONNECTED, old=DISCONNECTED, reason=dataEnabled
10-09 07:46:22.477      819-819/? D/MobileDataStateTracker﹕ supl: Broadcast received: android.intent.action.ANY_DATA_STATE apnType=supl
10-09 07:46:22.477      819-819/? D/MobileDataStateTracker﹕ supl: Received state=DISCONNECTED, old=DISCONNECTED, reason=dataEnabled
10-09 07:46:22.477      819-819/? D/MobileDataStateTracker﹕ ims: Broadcast received: android.intent.action.ANY_DATA_STATE apnType=ims
10-09 07:46:22.497      819-819/? D/MobileDataStateTracker﹕ ims: Received state=DISCONNECTED, old=DISCONNECTED, reason=dataEnabled
10-09 07:46:22.497      819-819/? D/MobileDataStateTracker﹕ mms: Broadcast received: android.intent.action.ANY_DATA_STATE apnType=mms
10-09 07:46:22.497      819-819/? D/MobileDataStateTracker﹕ mms: Received state=DISCONNECTED, old=DISCONNECTED, reason=dataEnabled
10-09 07:46:22.497      819-819/? D/MobileDataStateTracker﹕ cbs: Broadcast received: android.intent.action.ANY_DATA_STATE apnType=cbs
10-09 07:46:22.497      819-819/? D/MobileDataStateTracker﹕ cbs: Received state=DISCONNECTED, old=DISCONNECTED, reason=dataEnabled
10-09 07:46:22.497      819-819/? D/MobileDataStateTracker﹕ hipri: Broadcast received: android.intent.action.ANY_DATA_STATE apnType=hipri
10-09 07:46:22.507      819-819/? D/MobileDataStateTracker﹕ hipri: Received state=CONNECTED, old=CONNECTING, reason=dataEnabled
10-09 07:46:22.507      819-819/? D/MobileDataStateTracker﹕ hipri: setDetailed state, old =CONNECTING and new state=CONNECTED
10-09 07:46:22.507      819-881/? D/ConnectivityService﹕ ConnectivityChange for mobile_hipri: CONNECTED/CONNECTED
10-09 07:46:22.587      819-881/? D/Nat464Xlat﹕ requiresClat: netType=5, hasIPv4Address=false
10-09 07:46:22.587      819-881/? D/MobileDataStateTracker﹕ default: setPolicyDataEnable(enabled=true)
10-09 07:46:22.597      819-881/? D/MobileDataStateTracker﹕ default: setPolicyDataEnable(enabled=true)
10-09 07:46:22.597      819-848/? I/Nat464Xlat﹕ interface clat4 added, mIsRunning = false -> true
10-09 07:46:22.607      819-848/? I/Nat464Xlat﹕ Adding stacked link. tracker LP: {InterfaceName: rmnet0 LinkAddresses: [2607:fb90:2000:2c8:6649:32cc:261f:c7e4/64,]  Routes: [::/0 -> 2607:fb90:2000:2c8:3dd3:a76d:2842:4b75,] DnsAddresses: [fd00:976a::9,] Domains: nullMTU: 1440 Stacked: [ [{InterfaceName: clat4 LinkAddresses: [192.0.0.4/32,]  Routes: [0.0.0.0/0 -> 192.0.0.4,] DnsAddresses: [] Domains: nullMTU: 0} ],] }
10-09 07:46:22.607      819-848/? I/Nat464Xlat﹕ sending message to ConnectivityService: { when=-1d11h41m2s802ms what=458753 obj=NetworkInfo: type: mobile[LTE], state: CONNECTED/CONNECTED, reason: connected, extra: fast.t-mobile.com, roaming: false, failover: true, isAvailable: true, isConnectedToProvisioningNetwork: false target=com.android.server.ConnectivityService$NetworkStateTrackerHandler }
10-09 07:46:22.607      819-881/? D/ConnectivityService﹕ handleConnectivityChange: address are the same reset per doReset linkProperty[0]: resetMask=0
10-09 07:46:22.617      819-881/? D/Nat464Xlat﹕ requiresClat: netType=0, hasIPv4Address=false
10-09 07:46:22.617      819-881/? E/Nat464Xlat﹕ startClat: already started
10-09 07:46:22.617      819-877/? W/NetworkPolicy﹕ shared quota unsupported; generating rule for each iface
10-09 07:46:22.797      819-881/? D/MobileDataStateTracker﹕ default: setPolicyDataEnable(enabled=true)
10-09 07:46:23.017     819-1043/? D/ConnectivityService﹕ setProvNotificationVisible: E visible=false networkType=1 extraInfo=null url=null
10-09 07:46:23.097      819-845/? I/ActivityManager﹕ Start proc com.google.android.music:main for broadcast com.google.android.music/.homewidgets.IFLWidgetProvider: pid=23084 uid=10061 gids={50061, 3003, 1028, 1015}
10-09 07:46:23.387  23084-23084/? W/ActivityThread﹕ ClassLoader.loadClass: The class loader returned by Thread.getContextClassLoader() may fail for processes that host multiple applications. You should explicitly specify a context class loader. For example: Thread.setContextClassLoader(getClass().getClassLoader());
10-09 07:46:23.397      819-881/? D/ConnectivityService﹕ NetTransition Wakelock for ConnectedState released by timeout
10-09 07:46:23.427     819-1572/? D/MobileDataStateTracker﹕ hipri: isProvisioningNetwork: retVal=false
10-09 07:46:23.427     819-1572/? D/ConnectivityService﹕ [CheckMp] isMobileOk: isProvisioningNetwork is false, continue
10-09 07:46:23.507     819-1572/? D/ConnectivityService﹕ [CheckMp] isMobileOk: addresses=clients3.google.com/2607:f8b0:4000:807::1003,clients3.google.com/74.125.227.166,clients3.google.com/74.125.227.165,clients3.google.com/74.125.227.168,clients3.google.com/74.125.227.174,clients3.google.com/74.125.227.164,clients3.google.com/74.125.227.167,clients3.google.com/74.125.227.163,clients3.google.com/74.125.227.162,clients3.google.com/74.125.227.160,clients3.google.com/74.125.227.169,clients3.google.com/74.125.227.161
10-09 07:46:23.507     819-1572/? D/ConnectivityService﹕ [CheckMp] isMobileOk: linkHasIpv4=false linkHasIpv6=true
10-09 07:46:23.507     819-1572/? D/ConnectivityService﹕ requestRouteToHostAddress ok=true
10-09 07:46:23.507     819-1572/? D/ConnectivityService﹕ [CheckMp] isMobileOk: wait to establish route to hostAddr=clients3.google.com/2607:f8b0:4000:807::1003
10-09 07:46:23.727     819-1198/? I/ActivityManager﹕ Start proc android.process.media for broadcast com.android.providers.downloads/.DownloadReceiver: pid=23129 uid=10005 gids={50005, 1028, 1015, 1023, 1024, 2001, 3003, 3007}
10-09 07:46:23.787  23129-23129/? W/ActivityThread﹕ ClassLoader.loadClass: The class loader returned by Thread.getContextClassLoader() may fail for processes that host multiple applications. You should explicitly specify a context class loader. For example: Thread.setContextClassLoader(getClass().getClassLoader());
10-09 07:46:23.917     819-1200/? I/ActivityManager﹕ Start proc com.google.android.setupwizard for broadcast com.google.android.setupwizard/.MobileConnectivityChangeReceiver: pid=23154 uid=10017 gids={50017, 3003}
10-09 07:46:24.277     819-1101/? I/ActivityManager﹕ Start proc com.google.android.apps.maps for broadcast com.google.android.apps.maps/com.google.userfeedback.android.api.FeedbackConnectivityReceiver: pid=23169 uid=10059 gids={50059, 3003, 1028, 1015}
10-09 07:46:24.407  23169-23169/? W/ActivityThread﹕ ClassLoader.loadClass: The class loader returned by Thread.getContextClassLoader() may fail for processes that host multiple applications. You should explicitly specify a context class loader. For example: Thread.setContextClassLoader(getClass().getClassLoader());
10-09 07:46:24.467     819-3652/? I/ActivityManager﹕ Start proc com.google.android.gms.unstable for service com.google.android.gms/.droidguard.DroidGuardService: pid=23183 uid=10007 gids={50007, 2001, 3003, 1007, 3006, 3007, 1028, 1015, 3002, 3001}
10-09 07:46:24.537  23183-23183/? W/ActivityThread﹕ ClassLoader.loadClass: The class loader returned by Thread.getContextClassLoader() may fail for processes that host multiple applications. You should explicitly specify a context class loader. For example: Thread.setContextClassLoader(getClass().getClassLoader());
10-09 07:46:25.207     819-1200/? I/ActivityManager﹕ Start proc com.google.android.tts for service com.google.android.tts/.service.GoogleTTSService: pid=23235 uid=10049 gids={50049, 3003, 1028, 1015}
10-09 07:46:25.497      819-856/? I/ActivityManager﹕ Start proc com.HBO for broadcast com.HBO/com.hbo.utils.ConnectivityReceiver: pid=23261 uid=10060 gids={50060, 1028, 1015, 3003}
10-09 07:46:25.827     819-1101/? I/ActivityManager﹕ Killing 17770:com.metago.astro/u0a161 (adj 15): empty #17
10-09 07:46:26.197      819-881/? D/ConnectivityService﹕ handleInetConditionHoldEnd: net=0, condition=100, published condition=0
10-09 07:46:26.507     819-1572/? D/ConnectivityService﹕ [CheckMp] isMobileOk: newUrl=https://[2607:f8b0:4000:807::1003]/generate_204
10-09 07:46:26.687     819-1572/? D/ConnectivityService﹕ [CheckMp] isMobileOk: hostnameVerify retVal=true hostname=[2607:f8b0:4000:807::1003] orgUriHost=clients3.google.com
10-09 07:46:26.727     819-1201/? I/ActivityManager﹕ Start proc com.devhd.feedly for broadcast com.devhd.feedly/.widget.FeedlyWidgetProvider: pid=23302 uid=10140 gids={50140, 3003, 1028, 1015}
10-09 07:46:26.727     819-1201/? I/ActivityManager﹕ Killing 21525:eu.chainfire.supersu/u0a79 (adj 15): empty #17
10-09 07:46:26.797     819-1572/? D/ConnectivityService﹕ [CheckMp] isMobileOk: headers={null=[HTTP/1.1 204 No Content], Connection=[close], Content-Length=[0], Content-Type=[text/html; charset=UTF-8], Date=[Thu, 09 Oct 2014 12:46:27 GMT], Server=[GFE/2.0], X-Android-Received-Millis=[1412858786802], X-Android-Response-Source=[NETWORK 204], X-Android-Selected-Transport=[http/1.1], X-Android-Sent-Millis=[1412858786770]}
10-09 07:46:26.797     819-1572/? D/ConnectivityService﹕ [CheckMp] isMobileOk: X got expected responseCode=204 result=1
10-09 07:46:26.797     819-1572/? D/ConnectivityService﹕ [CheckMp] isMobileOk: F stop hipri
10-09 07:46:26.797      819-881/? D/MobileDataStateTracker﹕ default: setEnableFailFastMobileData(enabled=0)
10-09 07:46:26.797     819-1572/? D/ConnectivityService﹕ stopUsingNetworkFeature: teardown net 0: enableHIPRI
10-09 07:46:26.837      819-819/? D/MobileDataStateTracker﹕ hipri: Broadcast received: android.intent.action.ANY_DATA_STATE apnType=hipri
10-09 07:46:26.837      819-819/? D/MobileDataStateTracker﹕ hipri: Received state=DISCONNECTED, old=CONNECTED, reason=dataDisabled
10-09 07:46:26.837      819-819/? D/MobileDataStateTracker﹕ hipri: setDetailed state, old =CONNECTED and new state=DISCONNECTED
10-09 07:46:26.837      819-881/? D/ConnectivityService﹕ ConnectivityChange for mobile_hipri: DISCONNECTED/DISCONNECTED
10-09 07:46:26.887      819-881/? D/Nat464Xlat﹕ requiresClat: netType=5, hasIPv4Address=false
10-09 07:46:26.897      819-881/? D/MobileDataStateTracker﹕ default: setPolicyDataEnable(enabled=true)
10-09 07:46:27.167      819-881/? D/MobileDataStateTracker﹕ default: setPolicyDataEnable(enabled=true)
10-09 07:46:27.167     819-1200/? I/ActivityManager﹕ Start proc com.trello for broadcast com.trello/.common.ConnectivityBroadcastReceiver: pid=23347 uid=10181 gids={50181, 3003, 1028, 1015}
10-09 07:46:27.177     819-1200/? I/ActivityManager﹕ Killing 22465:com.qualcomm.timeservice/u0a70 (adj 15): empty #17
10-09 07:46:27.257      819-942/? I/ActivityManager﹕ Process com.nytimes.android (pid 22840) has died.
10-09 07:46:27.317      819-830/? I/ActivityManager﹕ Process com.google.android.music:main (pid 23084) has died.
10-09 07:46:27.317      819-830/? A/ActivityManager﹕ Service ServiceRecord{454bee30 u0 com.google.android.music/.net.NetworkMonitor} in process ProcessRecord{4420efb0 23084:com.google.android.music:main/u0a61} not same as in map: null
10-09 07:46:27.357      819-830/? A/ActivityManager﹕ Service ServiceRecord{44288bd8 u0 com.google.android.music/.preferences.MusicPreferenceService$MusicPreferenceServiceBinder} in process ProcessRecord{4420efb0 23084:com.google.android.music:main/u0a61} not same as in map: null
10-09 07:46:27.367      819-881/? D/MobileDataStateTracker﹕ default: setPolicyDataEnable(enabled=true)
10-09 07:46:27.377      819-881/? D/MobileDataStateTracker﹕ default: setPolicyDataEnable(enabled=true)
10-09 07:46:27.887      819-857/? I/ActivityManager﹕ Start proc com.nytimes.android for broadcast com.nytimes.android/.receiver.NetworkBroadcastReceiver: pid=23415 uid=10127 gids={50127, 3003, 1028, 1015}
10-09 07:46:28.127     819-1190/? I/ActivityManager﹕ Process com.google.android.tts (pid 23235) has died.
10-09 07:46:28.127     819-1190/? W/ActivityManager﹕ Scheduling restart of crashed service com.google.android.tts/.service.GoogleTTSService in 1000ms
10-09 07:46:28.297     819-1200/? I/ActivityManager﹕ Start proc com.twitter.android for broadcast com.twitter.android/.client.AppBroadcastReceiver: pid=23459 uid=10148 gids={50148, 3003, 1028, 1015}
10-09 07:46:29.277      819-845/? I/ActivityManager﹕ Start proc com.google.android.tts for service com.google.android.tts/.service.GoogleTTSService: pid=23501 uid=10049 gids={50049, 3003, 1028, 1015}
10-09 07:46:29.307     819-1201/? I/ActivityManager﹕ Delay finish: com.motorola.targetnotif/com.motorola.ccc.sso.app.GoogleAccountWatcherReceiver
10-09 07:46:29.417     819-3652/? I/ActivityManager﹕ Resuming delayed broadcast
10-09 07:46:29.437      819-830/? I/ActivityManager﹕ Delay finish: com.google.android.gms/.init.InitializeGmsReceiver
10-09 07:46:29.447     819-1101/? I/ActivityManager﹕ Resuming delayed broadcast
10-09 07:46:29.537     819-3652/? I/ActivityManager﹕ Start proc com.google.android.music:main for broadcast com.google.android.music/.homewidgets.IFLWidgetProvider: pid=23537 uid=10061 gids={50061, 3003, 1028, 1015}
10-09 07:46:29.637  23537-23537/? W/ActivityThread﹕ ClassLoader.loadClass: The class loader returned by Thread.getContextClassLoader() may fail for processes that host multiple applications. You should explicitly specify a context class loader. For example: Thread.setContextClassLoader(getClass().getClassLoader());
10-09 07:46:29.747      819-830/? I/ActivityManager﹕ Process com.google.android.apps.maps (pid 23169) has died.
10-09 07:46:29.747      819-830/? A/ActivityManager﹕ Service ServiceRecord{44662e20 u0 com.google.android.apps.maps/com.google.android.apps.gmm.prefetch.PrefetcherService} in process ProcessRecord{4335b6f0 23169:com.google.android.apps.maps/u0a59} not same as in map: null
10-09 07:46:30.147     819-1198/? I/ActivityManager﹕ Start proc com.google.android.apps.maps for broadcast com.google.android.apps.maps/com.google.userfeedback.android.api.FeedbackConnectivityReceiver: pid=23569 uid=10059 gids={50059, 3003, 1028, 1015}
10-09 07:46:30.217  23569-23569/? W/ActivityThread﹕ ClassLoader.loadClass: The class loader returned by Thread.getContextClassLoader() may fail for processes that host multiple applications. You should explicitly specify a context class loader. For example: Thread.setContextClassLoader(getClass().getClassLoader());
10-09 07:46:30.497     819-1200/? I/ActivityManager﹕ Process com.HBO (pid 23261) has died.
10-09 07:46:30.607    819-14448/? I/ActivityManager﹕ Process com.google.android.youtube (pid 22683) has died.
10-09 07:46:30.607    819-14448/? W/ActivityManager﹕ Scheduling restart of crashed service com.google.android.youtube/.app.remote.YouTubeTvRouteProviderService in 1000ms
10-09 07:46:31.317      819-829/? I/ActivityManager﹕ Start proc com.HBO for broadcast com.HBO/com.hbo.utils.ConnectivityReceiver: pid=23620 uid=10060 gids={50060, 1028, 1015, 3003}
10-09 07:46:31.487     819-1203/? I/ActivityManager﹕ Process com.twitter.android (pid 23459) has died.
10-09 07:46:31.487     819-1203/? A/ActivityManager﹕ Service ServiceRecord{4456fd10 u0 com.twitter.android/com.twitter.internal.android.service.AsyncService} in process ProcessRecord{4469d880 23459:com.twitter.android/u0a148} not same as in map: null
10-09 07:46:31.737      819-881/? D/ConnectivityService﹕ handleInetConditionHoldEnd: net=0, condition=100, published condition=100
10-09 07:46:31.757      819-845/? I/ActivityManager﹕ Start proc com.google.android.youtube for service com.google.android.youtube/.app.remote.YouTubeTvRouteProviderService: pid=23639 uid=10073 gids={50073, 3003, 1028, 1015}
10-09 07:46:31.807     819-1572/? D/ConnectivityService﹕ [CheckMp] isMobileOk: X result=1
10-09 07:46:31.807      819-819/? D/ConnectivityService﹕ [CheckMp] onPostExecute: result=1
10-09 07:46:31.807      819-819/? D/ConnectivityService﹕ CheckMp.onComplete: result=1
10-09 07:46:31.807      819-819/? D/ConnectivityService﹕ CheckMp.onComplete: ignore, connected or no connection
10-09 07:46:32.127      819-869/? I/PowerManagerService﹕ Waking up from sleep...
10-09 07:46:32.237      819-942/? I/ActivityManager﹕ Process com.trello (pid 23347) has died.
10-09 07:46:32.237    819-14448/? I/WindowManager﹕ Lock screen displayed!
10-09 07:46:32.237      819-863/? D/DisplayPowerController﹕ Unblocked screen on after 163937707 ms
10-09 07:46:32.347     819-1200/? I/ActivityManager﹕ Process com.nytimes.android (pid 23415) has died.
10-09 07:46:32.477      819-829/? I/ActivityManager﹕ Start proc com.trello for broadcast com.trello/.common.ConnectivityBroadcastReceiver: pid=23686 uid=10181 gids={50181, 3003, 1028, 1015}
10-09 07:46:32.587      819-857/? I/ActivityManager﹕ Process com.google.android.music:main (pid 23537) has died.
10-09 07:46:32.587      819-857/? A/ActivityManager﹕ Service ServiceRecord{4547b7d8 u0 com.google.android.music/.net.NetworkMonitor} in process ProcessRecord{4328ea98 23537:com.google.android.music:main/u0a61} not same as in map: null
10-09 07:46:32.607      819-857/? A/ActivityManager﹕ Service ServiceRecord{443b8ba0 u0 com.google.android.music/.preferences.MusicPreferenceService$MusicPreferenceServiceBinder} in process ProcessRecord{4328ea98 23537:com.google.android.music:main/u0a61} not same as in map: null
10-09 07:46:32.817    819-14446/? I/ActivityManager﹕ Process com.google.android.keep (pid 22482) has died.
10-09 07:46:32.897     819-1198/? I/ActivityManager﹕ Start proc com.nytimes.android for broadcast com.nytimes.android/.receiver.NetworkBroadcastReceiver: pid=23767 uid=10127 gids={50127, 3003, 1028, 1015}
10-09 07:46:33.287     819-1202/? W/InputMethodManagerService﹕ Window already focused, ignoring focus gain of: com.android.internal.view.IInputMethodClient$Stub$Proxy@447aa9e0 attribute=android.view.inputmethod.EditorInfo@447aa9f0, token = android.os.BinderProxy@44876b58
10-09 07:46:33.297      819-942/? I/ActivityManager﹕ Start proc com.twitter.android for broadcast com.twitter.android/.client.AppBroadcastReceiver: pid=23811 uid=10148 gids={50148, 3003, 1028, 1015}
10-09 07:46:33.927     819-3652/? I/ActivityManager﹕ Delay finish: com.motorola.targetnotif/com.motorola.ccc.sso.app.GoogleAccountWatcherReceiver
10-09 07:46:34.077    819-14446/? I/ActivityManager﹕ Resuming delayed broadcast
10-09 07:46:34.117    819-14446/? I/ActivityManager﹕ Start proc com.google.android.music:main for broadcast com.google.android.music/.homewidgets.IFLWidgetProvider: pid=23858 uid=10061 gids={50061, 3003, 1028, 1015}
10-09 07:46:34.207  23858-23858/? W/ActivityThread﹕ ClassLoader.loadClass: The class loader returned by Thread.getContextClassLoader() may fail for processes that host multiple applications. You should explicitly specify a context class loader. For example: Thread.setContextClassLoader(getClass().getClassLoader());
10-09 07:46:34.437    819-14447/? I/ActivityManager﹕ Killing 22581:com.verisign.mvip.main/u0a162 (adj 15): empty #17
10-09 07:46:34.477      819-830/? I/PackageManager﹕ Adding preferred activity ComponentInfo{com.google.android.talk/com.google.android.apps.hangouts.phone.BabelHomeActivity} for user 0 :
10-09 07:46:34.547     819-1101/? I/PackageManager﹕ Adding preferred activity ComponentInfo{com.google.android.talk/com.google.android.apps.hangouts.phone.BabelHomeActivity} for user 0 :
10-09 07:46:34.587    819-14446/? I/PackageManager﹕ Adding preferred activity ComponentInfo{com.google.android.talk/com.google.android.apps.hangouts.phone.BabelHomeActivity} for user 0 :
10-09 07:46:34.727     819-1190/? I/PackageManager﹕ Adding preferred activity ComponentInfo{com.google.android.talk/com.google.android.apps.hangouts.phone.BabelHomeActivity} for user 0 :
10-09 07:46:34.807      819-830/? I/PackageManager﹕ Adding preferred activity ComponentInfo{com.google.android.talk/com.google.android.apps.hangouts.phone.BabelHomeActivity} for user 0 :
10-09 07:46:34.837     819-1201/? I/PackageManager﹕ Adding preferred activity ComponentInfo{com.google.android.talk/com.google.android.apps.hangouts.phone.BabelHomeActivity} for user 0 :
10-09 07:46:34.857      819-856/? I/PackageManager﹕ Adding preferred activity ComponentInfo{com.google.android.talk/com.google.android.apps.hangouts.phone.BabelHomeActivity} for user 0 :
10-09 07:46:34.887     819-1190/? I/PackageManager﹕ Adding preferred activity ComponentInfo{com.google.android.talk/com.google.android.apps.hangouts.phone.BabelHomeActivity} for user 0 :
10-09 07:46:35.167    819-14448/? I/ActivityManager﹕ Process com.twitter.android (pid 23811) has died.
10-09 07:46:35.167    819-14448/? A/ActivityManager﹕ Service ServiceRecord{44834510 u0 com.twitter.android/com.twitter.internal.android.service.AsyncService} in process ProcessRecord{44a33800 23811:com.twitter.android/u0a148} not same as in map: null
10-09 07:46:35.267      819-857/? I/ActivityManager﹕ Start proc com.twitter.android for broadcast com.twitter.android/.client.AppBroadcastReceiver: pid=23900 uid=10148 gids={50148, 3003, 1028, 1015}
10-09 07:46:35.547     819-1190/? I/ActivityManager﹕ Process com.google.android.tts (pid 23501) has died.
10-09 07:46:35.547     819-1190/? W/ActivityManager﹕ Scheduling restart of crashed service com.google.android.tts/.service.GoogleTTSService in 1000ms
10-09 07:46:35.927    819-14448/? I/ActivityManager﹕ Delay finish: com.google.android.gms/.gcm.nts.SchedulerReceiver
10-09 07:46:35.937     819-1101/? W/InputMethodManagerService﹕ Window already focused, ignoring focus gain of: com.android.internal.view.IInputMethodClient$Stub$Proxy@449e9698 attribute=null, token = android.os.BinderProxy@44876b58
10-09 07:46:36.007      819-856/? I/ActivityManager﹕ Resuming delayed broadcast
10-09 07:46:36.197    819-14446/? I/ActivityManager﹕ Process com.google.android.apps.maps (pid 23569) has died.
10-09 07:46:36.197    819-14446/? A/ActivityManager﹕ Service ServiceRecord{44bf3590 u0 com.google.android.apps.maps/com.google.android.apps.gmm.prefetch.PrefetcherService} in process ProcessRecord{44661e28 23569:com.google.android.apps.maps/u0a59} not same as in map: null
10-09 07:46:36.247     819-1201/? I/ActivityManager﹕ Start proc com.google.android.apps.maps for broadcast com.google.android.apps.maps/com.google.userfeedback.android.api.FeedbackConnectivityReceiver: pid=23949 uid=10059 gids={50059, 3003, 1028, 1015}
10-09 07:46:36.287  23949-23949/? W/ActivityThread﹕ ClassLoader.loadClass: The class loader returned by Thread.getContextClassLoader() may fail for processes that host multiple applications. You should explicitly specify a context class loader. For example: Thread.setContextClassLoader(getClass().getClassLoader());
10-09 07:46:37.067    819-14446/? I/ActivityManager﹕ Start proc com.google.android.tts for service com.google.android.tts/.service.GoogleTTSService: pid=23988 uid=10049 gids={50049, 3003, 1028, 1015}
10-09 07:46:37.747      819-881/? D/ConnectivityService﹕ handleInetConditionHoldEnd: net=0, condition=100, published condition=100
10-09 07:46:38.077      819-830/? I/ActivityManager﹕ Start proc eu.chainfire.supersu for broadcast eu.chainfire.supersu/.UserPresentReceiver: pid=24031 uid=10079 gids={50079}
10-09 07:46:38.157      819-829/? I/ActivityManager﹕ Killing 22347:com.google.android.deskclock/u0a35 (adj 15): empty #17
10-09 07:46:38.167     819-1101/? I/ActivityManager﹕ Process com.google.android.apps.maps (pid 23949) has died.
10-09 07:46:38.177     819-1101/? A/ActivityManager﹕ Service ServiceRecord{44bc73b8 u0 com.google.android.apps.maps/com.google.android.apps.gmm.prefetch.PrefetcherService} in process ProcessRecord{43d99360 23949:com.google.android.apps.maps/u0a59} not same as in map: null
10-09 07:46:38.227     819-1198/? I/ActivityManager﹕ Start proc com.classdojo.android for broadcast com.classdojo.android/com.parse.ParseBroadcastReceiver: pid=24044 uid=10193 gids={50193, 3003, 1028, 1015}
10-09 07:46:38.797     819-1202/? I/ActivityManager﹕ Start proc com.google.android.talk for broadcast com.google.android.talk/com.google.android.apps.hangouts.phone.PackageReplacedReceiver: pid=24087 uid=10051 gids={50051, 3003, 1028, 1015, 3002}
10-09 07:46:39.227      819-829/? I/ActivityManager﹕ Start proc com.android.vending for broadcast com.android.vending/com.google.android.finsky.receivers.PackageMonitorReceiver$RegisteredReceiver: pid=24115 uid=10015 gids={50015, 3003, 1028, 1015}
10-09 07:46:39.377     819-3652/? I/ActivityManager﹕ Killing 22920:com.aviary.android.feather:aviarycds/u0a105 (adj 15): empty #17
10-09 07:46:39.457     819-1101/? I/ActivityManager﹕ Process com.HBO (pid 23620) has died.
10-09 07:46:39.737     819-1198/? I/ActivityManager﹕ Start proc de.robv.android.xposed.installer for broadcast de.robv.android.xposed.installer/.PackageChangeReceiver: pid=24164 uid=10179 gids={50179, 1028, 1015, 3003}
10-09 07:46:39.957     819-1200/? I/ActivityManager﹕ Start proc com.metago.astro for broadcast com.metago.astro/com.kii.cloud.collector.Receiver: pid=24183 uid=10161 gids={50161, 3003, 1028, 1015}
10-09 07:46:39.957     819-1200/? I/ActivityManager﹕ Killing 23183:com.google.android.gms.unstable/u0a7 (adj 15): empty #17
10-09 07:46:40.127     819-1198/? I/ActivityManager﹕ Killing 18564:com.android.providers.calendar/u0a1 (adj 15): empty #17
10-09 07:46:40.637    819-14447/? I/ActivityManager﹕ Killing 23129:android.process.media/u0a5 (adj 15): empty #17
10-09 07:46:49.157      819-869/? I/PowerManagerService﹕ Going to sleep by user request...
10-09 07:46:50.257     819-1190/? I/ActivityManager﹕ Process com.twitter.android (pid 23900) has died.
10-09 07:46:50.257     819-1190/? A/ActivityManager﹕ Service ServiceRecord{457bea80 u0 com.twitter.android/com.twitter.internal.android.service.AsyncService} in process ProcessRecord{4335e5e8 23900:com.twitter.android/u0a148} not same as in map: null
10-09 07:47:16.197      819-869/? I/PowerManagerService﹕ Waking up from sleep...
10-09 07:47:16.307    819-14446/? I/WindowManager﹕ Lock screen displayed!
10-09 07:47:16.317      819-863/? D/DisplayPowerController﹕ Unblocked screen on after 163981779 ms
10-09 07:47:16.627      819-856/? I/ActivityManager﹕ Start proc com.android.providers.calendar for content provider com.android.providers.calendar/.CalendarProvider2: pid=24300 uid=10001 gids={50001, 3003, 1028, 1015}
10-09 07:47:16.697  24300-24300/? W/ActivityThread﹕ ClassLoader.loadClass: The class loader returned by Thread.getContextClassLoader() may fail for processes that host multiple applications. You should explicitly specify a context class loader. For example: Thread.setContextClassLoader(getClass().getClassLoader());
10-09 07:47:16.727      819-942/? I/ActivityManager﹕ Process com.google.android.youtube (pid 23639) has died.
10-09 07:47:16.727      819-942/? W/ActivityManager﹕ Scheduling restart of crashed service com.google.android.youtube/.app.remote.YouTubeTvRouteProviderService in 1000ms
10-09 07:47:17.757      819-845/? I/ActivityManager﹕ Start proc com.google.android.youtube for service com.google.android.youtube/.app.remote.YouTubeTvRouteProviderService: pid=24329 uid=10073 gids={50073, 3003, 1028, 1015}
10-09 07:47:17.757      819-830/? I/ActivityManager﹕ Process com.trello (pid 23686) has died.
10-09 07:47:17.927     819-1190/? W/InputMethodManagerService﹕ Window already focused, ignoring focus gain of: com.android.internal.view.IInputMethodClient$Stub$Proxy@43ea8e80 attribute=android.view.inputmethod.EditorInfo@43eb6270, token = android.os.BinderProxy@44876b58
10-09 07:47:19.207      819-856/? I/ActivityManager﹕ Process com.google.android.talk (pid 24087) has died.
10-09 07:47:19.237      819-868/? I/ActivityManager﹕ START u0 {act=android.intent.action.MAIN cat=[android.intent.category.HOME] flg=0x10200000 cmp=com.google.android.googlequicksearchbox/com.google.android.launcher.GEL} from pid 819
10-09 07:47:19.347     819-1198/? I/ActivityManager﹕ Process com.nytimes.android (pid 23767) has died.
10-09 07:47:19.577      819-830/? I/ActivityManager﹕ Process com.android.vending (pid 24115) has died.
10-09 07:47:19.617      819-856/? I/ActivityManager﹕ Process com.google.android.tts (pid 23988) has died.
10-09 07:47:20.817      819-830/? I/ActivityManager﹕ START u0 {act=android.intent.action.MAIN cat=[android.intent.category.LAUNCHER] flg=0x10200000 cmp=com.google.android.talk/.SigningInActivity bnds=[99,781][333,1043] (has extras)} from pid 1166
10-09 07:47:21.017     819-1201/? I/ActivityManager﹕ Start proc com.google.android.talk for activity com.google.android.talk/com.google.android.apps.hangouts.phone.ConversationActivity: pid=24451 uid=10051 gids={50051, 3003, 1028, 1015, 3002}
10-09 07:47:21.457      819-856/? I/WindowState﹕ WIN DEATH: Window{432e8500 u0 com.google.android.gm/com.google.android.gm.ConversationListActivityGmail}
10-09 07:47:21.457     819-1198/? I/ActivityManager﹕ Process com.google.android.gm (pid 30909) has died.
10-09 07:47:22.267      819-845/? I/ProcessStatsService﹕ Prepared write state in 14ms
10-09 07:47:24.047      819-881/? D/ConnectivityService﹕ handleInetConditionHoldEnd: net=0, condition=100, published condition=100
10-09 07:47:24.677      819-830/? I/ActivityManager﹕ Process air.WatchESPN (pid 22893) has died.
10-09 07:47:25.267      819-881/? D/ConnectivityService﹕ handleInetConditionHoldEnd: net=0, condition=100, published condition=100
10-09 07:47:25.667     819-1200/? I/ActivityManager﹕ Start proc com.google.android.inputmethod.latin for service com.google.android.inputmethod.latin/com.android.inputmethod.latin.spellcheck.AndroidSpellCheckerService: pid=24575 uid=10055 gids={50055, 3003, 1028, 1015}
10-09 07:47:25.857     819-3652/? I/ActivityManager﹕ Process com.metago.astro (pid 24183) has died.
10-09 07:47:25.987      819-857/? I/ActivityManager﹕ Process com.google.android.setupwizard (pid 23154) has died.
10-09 07:47:26.017     819-1101/? I/ActivityManager﹕ Process com.devhd.feedly (pid 23302) has died.
10-09 07:47:26.707      819-881/? D/ConnectivityService﹕ handleInetConditionHoldEnd: net=0, condition=100, published condition=100
10-09 07:47:38.067      819-845/? W/ProcessCpuTracker﹕ Skipping unknown process pid 24683
10-09 07:47:38.067      819-845/? W/ProcessCpuTracker﹕ Skipping unknown process pid 24686
10-09 07:47:39.427      819-881/? D/ConnectivityService﹕ handleInetConditionHoldEnd: net=0, condition=100, published condition=100
10-09 07:47:40.227      819-881/? D/ConnectivityService﹕ handleInetConditionHoldEnd: net=0, condition=100, published condition=100
10-09 07:47:41.857      819-869/? I/PowerManagerService﹕ Going to sleep by user request...
10-09 07:48:28.007      819-864/? I/ActivityManager﹕ Start proc com.android.vending for service com.android.vending/com.google.android.finsky.services.DailyHygiene: pid=24805 uid=10015 gids={50015, 3003, 1028, 1015}
10-09 07:48:28.097     819-1201/? I/ActivityManager﹕ Process ru.org.amip.ClockSync (pid 22567) has died.
10-09 07:48:28.187     819-1190/? I/ActivityManager﹕ Process de.robv.android.xposed.installer (pid 24164) has died.
10-09 07:48:28.487     819-1200/? I/ActivityManager﹕ Start proc android.process.media for content provider com.android.providers.downloads/.DownloadProvider: pid=24869 uid=10005 gids={50005, 1028, 1015, 1023, 1024, 2001, 3003, 3007}
10-09 07:48:28.527  24869-24869/? W/ActivityThread﹕ ClassLoader.loadClass: The class loader returned by Thread.getContextClassLoader() may fail for processes that host multiple applications. You should explicitly specify a context class loader. For example: Thread.setContextClassLoader(getClass().getClassLoader());
10-09 07:51:12.957      819-881/? D/ConnectivityService﹕ Sampling interval elapsed, updating statistics ..
10-09 07:51:12.977      819-881/? D/ConnectivityService﹕ Done.
10-09 07:51:12.977      819-881/? D/ConnectivityService﹕ Setting timer for 720seconds
10-09 07:53:44.117     819-1203/? I/ActivityManager﹕ Process com.google.android.youtube (pid 24329) has died.
10-09 07:54:43.977      819-819/? V/BackupManagerService﹕ Running a backup pass
10-09 07:54:43.977      819-944/? V/BackupManagerService﹕ clearing pending backups
10-09 07:54:43.977      819-944/? V/PerformBackupTask﹕ Beginning backup of 1 targets
10-09 07:54:44.007      819-944/? D/PerformBackupTask﹕ invokeAgentForBackup on @pm@
10-09 07:54:44.017      819-944/? I/PerformBackupTask﹕ no backup data written; not calling transport
10-09 07:54:44.017      819-944/? D/PerformBackupTask﹕ starting agent for backup of BackupRequest{pkg=android}
10-09 07:54:44.017      819-944/? D/BackupManagerService﹕ awaiting agent for ApplicationInfo{43481da8 android}
10-09 07:54:44.027      819-819/? D/BackupManagerService﹕ agentConnected pkg=android agent=android.app.backup.BackupAgent$BackupServiceBinder@437e2f30
10-09 07:54:44.027      819-944/? I/BackupManagerService﹕ got agent android.app.backup.BackupAgent$BackupServiceBinder@437e2f30
10-09 07:54:44.027      819-944/? D/PerformBackupTask﹕ invokeAgentForBackup on android
10-09 07:54:44.037      819-944/? I/PerformBackupTask﹕ no backup data written; not calling transport
10-09 07:54:44.037      819-944/? I/PerformBackupTask﹕ Backup pass finished.
10-09 07:55:57.957      819-869/? I/PowerManagerService﹕ Waking up from sleep...
10-09 07:55:57.997      819-829/? I/WindowManager﹕ Lock screen displayed!
10-09 07:55:58.017      819-863/? D/DisplayPowerController﹕ Unblocked screen on after 164503474 ms
10-09 07:55:58.707    819-14448/? I/ActivityManager﹕ Process com.google.android.music:main (pid 23858) has died.
10-09 07:55:58.707    819-14448/? A/ActivityManager﹕ Service ServiceRecord{4633a2a0 u0 com.google.android.music/.preferences.MusicPreferenceService$MusicPreferenceServiceBinder} in process ProcessRecord{442d0d88 23858:com.google.android.music:main/u0a61} not same as in map: null
10-09 07:55:58.717    819-14448/? A/ActivityManager﹕ Service ServiceRecord{44a227e0 u0 com.google.android.music/.net.NetworkMonitor} in process ProcessRecord{442d0d88 23858:com.google.android.music:main/u0a61} not same as in map: null
10-09 07:55:58.877    1124-1124/? D/MccTable﹕ WIFI_COUNTRY_CODE set to
10-09 07:55:58.877      819-830/? I/WifiService﹕ WifiService trying to set country code to  with persist set to true
10-09 07:56:00.417      819-944/? D/BackupManagerService﹕ Now staging backup of android
10-09 07:56:00.647      819-857/? I/ActivityManager﹕ START u0 {act=android.media.action.STILL_IMAGE_CAMERA_SECURE flg=0x34800000 cmp=com.google.android.GoogleCamera/com.android.camera.SecureCameraActivity} from pid 951
10-09 07:56:00.877      819-819/? D/MobileDataStateTracker﹕ default: Broadcast received: android.intent.action.ANY_DATA_STATE apnType=default
10-09 07:56:00.877      819-819/? D/MobileDataStateTracker﹕ default: Received state=DISCONNECTED, old=CONNECTED, reason=(unspecified)
10-09 07:56:00.877      819-819/? D/MobileDataStateTracker﹕ default: setDetailed state, old =CONNECTED and new state=DISCONNECTED
10-09 07:56:00.897      819-881/? E/MobileDataStateTracker﹕ default: unknown network type: 0
10-09 07:56:00.897      819-819/? D/MobileDataStateTracker﹕ default: Broadcast received: android.intent.action.ANY_DATA_STATE apnType=default
10-09 07:56:00.907      819-819/? D/MobileDataStateTracker﹕ default: Received state=DISCONNECTED, old=DISCONNECTED, reason=dataDetached
10-09 07:56:00.907      819-819/? D/MobileDataStateTracker﹕ fota: Broadcast received: android.intent.action.ANY_DATA_STATE apnType=fota
10-09 07:56:00.907      819-881/? D/ConnectivityService﹕ ConnectivityChange for mobile: DISCONNECTED/DISCONNECTED
10-09 07:56:00.907      819-881/? D/ConnectivityService﹕ tryFailover: set mActiveDefaultNetwork=-1, prevNetType=0
10-09 07:56:00.917      819-819/? D/MobileDataStateTracker﹕ fota: Received state=DISCONNECTED, old=DISCONNECTED, reason=dataDetached
10-09 07:56:00.917      819-819/? D/MobileDataStateTracker﹕ dun: Broadcast received: android.intent.action.ANY_DATA_STATE apnType=dun
10-09 07:56:00.917      819-881/? D/ConnectivityService﹕ Attempting to switch to WIFI
10-09 07:56:00.917      819-881/? D/ConnectivityService﹕ Attempting to switch to BLUETOOTH_TETHER
10-09 07:56:00.917      819-819/? D/MobileDataStateTracker﹕ dun: Received state=DISCONNECTED, old=DISCONNECTED, reason=dataDetached
10-09 07:56:00.917      819-819/? D/MobileDataStateTracker﹕ ia: Broadcast received: android.intent.action.ANY_DATA_STATE apnType=ia
10-09 07:56:00.927      819-819/? D/MobileDataStateTracker﹕ ia: Received state=DISCONNECTED, old=DISCONNECTED, reason=dataDetached
10-09 07:56:00.927      819-819/? D/MobileDataStateTracker﹕ supl: Broadcast received: android.intent.action.ANY_DATA_STATE apnType=supl
10-09 07:56:00.937      819-881/? D/ConnectivityService﹕ resetConnections(rmnet0, 3)
10-09 07:56:00.947      819-819/? D/MobileDataStateTracker﹕ supl: Received state=DISCONNECTED, old=DISCONNECTED, reason=dataDetached
10-09 07:56:00.957      819-819/? D/MobileDataStateTracker﹕ hipri: Broadcast received: android.intent.action.ANY_DATA_STATE apnType=hipri
10-09 07:56:00.957      819-819/? D/MobileDataStateTracker﹕ hipri: Received state=DISCONNECTED, old=DISCONNECTED, reason=dataDetached
10-09 07:56:00.957      819-819/? D/MobileDataStateTracker﹕ ims: Broadcast received: android.intent.action.ANY_DATA_STATE apnType=ims
10-09 07:56:00.967      819-819/? D/MobileDataStateTracker﹕ ims: Received state=DISCONNECTED, old=DISCONNECTED, reason=dataDetached
10-09 07:56:00.967      819-819/? D/MobileDataStateTracker﹕ mms: Broadcast received: android.intent.action.ANY_DATA_STATE apnType=mms
10-09 07:56:00.967      819-819/? D/MobileDataStateTracker﹕ mms: Received state=DISCONNECTED, old=DISCONNECTED, reason=dataDetached
10-09 07:56:00.967      819-819/? D/MobileDataStateTracker﹕ cbs: Broadcast received: android.intent.action.ANY_DATA_STATE apnType=cbs
10-09 07:56:00.977      819-819/? D/MobileDataStateTracker﹕ cbs: Received state=DISCONNECTED, old=DISCONNECTED, reason=dataDetached
10-09 07:56:01.007      819-881/? D/ConnectivityService﹕ resetConnections(clat4, 3)
10-09 07:56:01.077      819-881/? D/Nat464Xlat﹕ requiresClat: netType=0, hasIPv4Address=false
10-09 07:56:01.077      819-881/? I/Nat464Xlat﹕ Stopping clatd
10-09 07:56:01.087      181-588/? D/NetlinkEvent﹕ Unexpected netlink message. type=0x11
10-09 07:56:01.117      181-588/? E/NetlinkEvent﹕ Unknown ifindex 105 in RTM_DELADDR
10-09 07:56:01.117      181-588/? D/NetlinkEvent﹕ Unexpected netlink message. type=0x11
10-09 07:56:01.147      819-881/? E/Nat464Xlat﹕ stopClat: already stopped
10-09 07:56:01.157      819-881/? D/MobileDataStateTracker﹕ default: setPolicyDataEnable(enabled=true)
10-09 07:56:01.177      819-845/? W/ActivityManager﹕ Activity pause timeout for ActivityRecord{43300d20 u0 com.google.android.GoogleCamera/com.android.camera.SecureCameraActivity t65}
10-09 07:56:01.207      819-881/? D/MobileDataStateTracker﹕ default: setPolicyDataEnable(enabled=true)
10-09 07:56:01.947      819-849/? I/ActivityManager﹕ Config changes=480 {1.0 310mcc260mnc en_US ldltr sw360dp w598dp h335dp 480dpi nrml land finger -keyb/v/h -nav/h s.26}
10-09 07:56:02.077      819-830/? I/ActivityManager﹕ Process com.android.chrome:sandboxed_process2 (pid 19593) has died.
10-09 07:56:02.077      819-830/? W/ActivityManager﹕ Scheduling restart of crashed service com.android.chrome/org.chromium.content.app.SandboxedProcessService2 in 1000ms
10-09 07:56:02.637      819-844/? I/WindowManager﹕ Screen frozen for +771ms due to Window{43e18a68 u0 NavigationBar}
10-09 07:56:02.647      819-830/? I/ActivityManager﹕ Process com.classdojo.android (pid 24044) has died.
10-09 07:56:04.227      819-845/? I/ActivityManager﹕ Start proc com.google.android.music:main for broadcast com.google.android.music/.homewidgets.IFLWidgetProvider: pid=25552 uid=10061 gids={50061, 3003, 1028, 1015}
10-09 07:56:04.347  25552-25552/? W/ActivityThread﹕ ClassLoader.loadClass: The class loader returned by Thread.getContextClassLoader() may fail for processes that host multiple applications. You should explicitly specify a context class loader. For example: Thread.setContextClassLoader(getClass().getClassLoader());
10-09 07:56:04.677     819-3652/? I/ActivityManager﹕ Start proc com.google.android.setupwizard for broadcast com.google.android.setupwizard/.MobileConnectivityChangeReceiver: pid=25586 uid=10017 gids={50017, 3003}
10-09 07:56:04.857      819-857/? I/ActivityManager﹕ Start proc com.google.android.apps.maps for broadcast com.google.android.apps.maps/com.google.userfeedback.android.api.FeedbackConnectivityReceiver: pid=25602 uid=10059 gids={50059, 3003, 1028, 1015}
10-09 07:56:04.877      819-942/? I/ActivityManager﹕ Process eu.chainfire.supersu (pid 24031) has died.
10-09 07:56:04.927  25602-25602/? W/ActivityThread﹕ ClassLoader.loadClass: The class loader returned by Thread.getContextClassLoader() may fail for processes that host multiple applications. You should explicitly specify a context class loader. For example: Thread.setContextClassLoader(getClass().getClassLoader());
10-09 07:56:05.687    819-14446/? I/ActivityManager﹕ Process com.android.vending (pid 24805) has died.
10-09 07:56:05.757    819-14446/? I/ActivityManager﹕ Start proc com.google.android.tts for service com.google.android.tts/.service.GoogleTTSService: pid=25652 uid=10049 gids={50049, 3003, 1028, 1015}
10-09 07:56:05.817     819-1200/? I/ActivityManager﹕ Process com.android.providers.calendar (pid 24300) has died.
10-09 07:56:05.947      819-829/? I/ActivityManager﹕ Process com.android.chrome:sandboxed_process9 (pid 19335) has died.
10-09 07:56:05.947      819-829/? W/ActivityManager﹕ Scheduling restart of crashed service com.android.chrome/org.chromium.content.app.SandboxedProcessService9 in 1000ms
10-09 07:56:05.947      819-829/? A/ProcessStats﹕ Starting service ServiceState{432a6970 org.chromium.content.app.SandboxedProcessService9 pkg=com.android.chrome proc=432a6970} without owner
10-09 07:56:06.037      819-881/? D/ConnectivityService﹕ handleInetConditionChange: no active default network - ignore
