10-09 09:08:45.117  20397-20409/? V/CalendarFetcher﹕ Wakeup signal received
10-09 09:08:45.117  20397-20409/? V/CalendarFetcher﹕ starting to load content
10-09 09:08:45.117  20397-20409/? V/CalendarFetcher﹕ Query times... Now: October 9, 9:08 AM, QueryStart: October 9, 9:00 AM, QueryEnd: October 10, 9:00 AM
10-09 09:08:45.137  20397-20409/? V/CalendarFetcher﹕ database found instances(11)
10-09 09:08:45.137  20397-20409/? V/WatchCalendarService﹕ New calendar state to send to watch!
10-09 09:08:45.137  20397-20409/? V/WatchCalendarService﹕ internal clock state changed: time to send all to the watch
10-09 09:08:45.147  20397-20409/? V/WearSender﹕ preparing event list for transmission, length(301 bytes)
10-09 09:08:45.147  20397-20409/? V/WearSender﹕ ready to send request
10-09 09:08:45.157  20397-22301/? V/WearSender﹕ Sending to node: d766314c-4774-46a5-a362-1ee3243ca232
10-09 09:08:45.157    4097-4100/? D/dalvikvm﹕ GC_CONCURRENT freed 412K, 15% free 17405K/20312K, paused 2ms+1ms, total 24ms
10-09 09:08:45.187  20397-20409/? V/CalendarFetcher﹕ Wakeup signal received
10-09 09:08:45.187  20397-20409/? V/CalendarFetcher﹕ starting to load content
10-09 09:08:45.187  20397-20409/? V/CalendarFetcher﹕ Query times... Now: October 9, 9:08 AM, QueryStart: October 9, 9:00 AM, QueryEnd: October 10, 9:00 AM
10-09 09:08:45.207  20397-20409/? V/CalendarFetcher﹕ database found instances(11)
10-09 09:08:45.207  20397-20409/? V/WatchCalendarService﹕ New calendar state to send to watch!
10-09 09:08:45.207  20397-20409/? V/WatchCalendarService﹕ internal clock state changed: time to send all to the watch
10-09 09:08:45.217  20397-20409/? V/WearSender﹕ preparing event list for transmission, length(301 bytes)
10-09 09:08:45.217  20397-20409/? V/WearSender﹕ ready to send request
10-09 09:08:45.227  20397-28244/? V/WearSender﹕ Sending to node: d766314c-4774-46a5-a362-1ee3243ca232
10-09 09:08:45.237   18599-4617/? D/CalendarSyncAdapter﹕ Found 0 events marked dirty & lastSynced
10-09 09:08:45.237    1437-1439/? D/dalvikvm﹕ GC_CONCURRENT freed 418K, 15% free 17638K/20640K, paused 2ms+1ms, total 13ms
10-09 09:08:45.257    1484-1488/? D/dalvikvm﹕ GC_CONCURRENT freed 2620K, 44% free 25215K/44436K, paused 2ms+4ms, total 35ms
10-09 09:08:45.287    4097-4100/? D/dalvikvm﹕ GC_CONCURRENT freed 433K, 15% free 17389K/20312K, paused 1ms+2ms, total 12ms
10-09 09:08:45.307    1484-4627/? W/HandlerScheduledExecuto﹕ Task does not implement UiTask. Consider using NamedUiRunnable for bmm@4331fd30
10-09 09:08:45.347    1379-1383/? D/dalvikvm﹕ GC_CONCURRENT freed 1369K, 18% free 21295K/25832K, paused 2ms+2ms, total 32ms
10-09 09:08:45.347   1379-13990/? D/dalvikvm﹕ WAIT_FOR_CONCURRENT_GC blocked 12ms
10-09 09:08:45.447    1208-1212/? D/dalvikvm﹕ GC_CONCURRENT freed 701K, 15% free 19447K/22708K, paused 2ms+2ms, total 26ms
10-09 09:08:45.867   2778-19778/? D/AbstractMetricsFactoryImpl﹕ record : No data points in metrics event
10-09 09:08:46.317    1994-1998/? D/dalvikvm﹕ GC_CONCURRENT freed 593K, 16% free 17911K/21196K, paused 26ms+3ms, total 82ms
10-09 09:08:46.317    1994-1994/? D/dalvikvm﹕ WAIT_FOR_CONCURRENT_GC blocked 1ms
10-09 09:08:50.267    2377-2455/? W/bt-btif﹕ dm_pm_timer expires
10-09 09:08:50.267    2377-2455/? W/bt-btif﹕ dm_pm_timer expires 0
10-09 09:08:50.267    2377-2455/? W/bt-btif﹕ proc dm_pm_timer expires
10-09 09:08:53.407      181-591/? D/MDnsDS﹕ MDnsSdListener::Monitor poll timed out
10-09 09:08:53.407      181-591/? D/MDnsDS﹕ Going to poll with pollCount 1
10-09 09:08:54.707    1849-1852/? D/dalvikvm﹕ GC_CONCURRENT freed 527K, 19% free 18573K/22676K, paused 3ms+3ms, total 29ms
10-09 09:08:55.437    2377-2455/? W/bt-btif﹕ dm_pm_timer expires
10-09 09:08:55.437    2377-2455/? W/bt-btif﹕ dm_pm_timer expires 0
10-09 09:08:55.437    2377-2455/? W/bt-btif﹕ proc dm_pm_timer expires
10-09 09:09:01.947   2778-19778/? D/AbstractMetricsFactoryImpl﹕ record : No data points in metrics event
10-09 09:09:01.977   1208-28362/? I/GCM﹕ GCM message GSYNC_TICKLE 0:1412863741909763%0#e7a7135305a599bb
10-09 09:09:01.997    1208-4693/? I/SubscribedFeeds﹕ Received message
10-09 09:09:02.007   1208-28362/? I/GCM﹕ GCM message GSYNC_TICKLE 0:1412863741908633%0#e7a7135305a599bb
10-09 09:09:02.057    1208-1212/? D/dalvikvm﹕ GC_CONCURRENT freed 738K, 15% free 19458K/22708K, paused 3ms+1ms, total 60ms
10-09 09:09:02.057    1208-1208/? D/dalvikvm﹕ WAIT_FOR_CONCURRENT_GC blocked 21ms
10-09 09:09:02.077    1208-4694/? I/SubscribedFeeds﹕ Received message
10-09 09:09:02.157   18599-4707/? D/CalendarSyncAdapter﹕ Changed feedId -> dwallach@gmail.com
10-09 09:09:02.277  18599-18602/? D/dalvikvm﹕ GC_CONCURRENT freed 507K, 15% free 18999K/22260K, paused 2ms+4ms, total 34ms
10-09 09:09:02.387   18599-4712/? V/CalendarSyncAdapter﹕ Saving inProgress state: {calendarId=dwallach@gmail.com, maxAttendees=50, maxResults=200, timeMax=2015-11-01T00:00:00.000Z, updatedMin=2014-10-09T14:08:45.053Z}
10-09 09:09:02.467    4097-4100/? D/dalvikvm﹕ GC_CONCURRENT freed 375K, 15% free 17404K/20312K, paused 3ms+1ms, total 21ms
10-09 09:09:02.477      819-881/? D/ConnectivityService﹕ handleInetConditionHoldEnd: net=1, condition=100, published condition=100
10-09 09:09:02.567  20397-20409/? V/CalendarFetcher﹕ Wakeup signal received
10-09 09:09:02.567  20397-20409/? V/CalendarFetcher﹕ starting to load content
10-09 09:09:02.567  20397-20409/? V/CalendarFetcher﹕ Query times... Now: October 9, 9:09 AM, QueryStart: October 9, 9:00 AM, QueryEnd: October 10, 9:00 AM
10-09 09:09:02.637  20397-20409/? V/CalendarFetcher﹕ database found instances(12)
10-09 09:09:02.637  20397-20409/? V/WatchCalendarService﹕ New calendar state to send to watch!
10-09 09:09:02.637  20397-20409/? V/WatchCalendarService﹕ internal clock state changed: time to send all to the watch
10-09 09:09:02.647  20397-20409/? V/WearSender﹕ preparing event list for transmission, length(328 bytes)
10-09 09:09:02.647  20397-20409/? V/WearSender﹕ ready to send request
10-09 09:09:02.657  20397-22057/? V/WearSender﹕ Sending to node: d766314c-4774-46a5-a362-1ee3243ca232
10-09 09:09:02.757     819-1201/? D/dalvikvm﹕ GC_EXPLICIT freed 2524K, 32% free 52677K/76684K, paused 3ms+8ms, total 128ms
10-09 09:09:02.797   18599-4707/? D/CalendarSyncAdapter﹕ Found 0 events marked dirty & lastSynced
10-09 09:09:02.817    4097-4100/? D/dalvikvm﹕ GC_CONCURRENT freed 393K, 15% free 17407K/20312K, paused 2ms+0ms, total 12ms
10-09 09:09:02.907    1484-4725/? W/HandlerScheduledExecuto﹕ Task does not implement UiTask. Consider using NamedUiRunnable for bmm@4331fd30
10-09 09:09:03.087     819-1190/? W/BroadcastQueue﹕ Permission Denial: broadcasting Intent { act=com.facebook.push.mqtt.ACTION_MQTT_PUBLISH_ARRIVED cat=[com.facebook.push.mqtt.category.SAME_APP] flg=0x10 cmp=com.facebook.orca/com.facebook.push.mqtt.receiver.CrossProcessMqttBroadcastReceiver (has extras) } from com.facebook.katana (pid=2715, uid=10110) is not exported from uid 10188 due to receiver com.facebook.orca/com.facebook.push.mqtt.receiver.CrossProcessMqttBroadcastReceiver
10-09 09:09:03.107    1994-1998/? D/dalvikvm﹕ GC_CONCURRENT freed 486K, 16% free 17853K/21160K, paused 1ms+0ms, total 15ms
10-09 09:09:03.527    2715-2719/? D/dalvikvm﹕ GC_CONCURRENT freed 2468K, 18% free 25532K/31108K, paused 3ms+4ms, total 75ms
10-09 09:09:03.527    2715-2816/? D/dalvikvm﹕ WAIT_FOR_CONCURRENT_GC blocked 60ms
10-09 09:09:03.697    1994-1998/? D/dalvikvm﹕ GC_CONCURRENT freed 245K, 15% free 17991K/21160K, paused 2ms+1ms, total 11ms
10-09 09:09:03.757    2715-2816/? D/dalvikvm﹕ GC_FOR_ALLOC freed 1631K, 18% free 25515K/31108K, paused 65ms, total 65ms
10-09 09:09:03.957    2715-2816/? D/dalvikvm﹕ GC_FOR_ALLOC freed 1644K, 18% free 25508K/31108K, paused 48ms, total 48ms
10-09 09:09:04.147    2715-2816/? D/dalvikvm﹕ GC_FOR_ALLOC freed 1619K, 18% free 25513K/31108K, paused 47ms, total 47ms
10-09 09:09:05.407  19800-19804/? D/dalvikvm﹕ GC_CONCURRENT freed 1384K, 16% free 21389K/25248K, paused 20ms+2ms, total 116ms
10-09 09:09:07.687    4097-4100/? D/dalvikvm﹕ GC_CONCURRENT freed 405K, 15% free 17394K/20312K, paused 2ms+1ms, total 14ms
10-09 09:09:12.997    2377-2455/? W/bt-btif﹕ dm_pm_timer expires
10-09 09:09:12.997    2377-2455/? W/bt-btif﹕ dm_pm_timer expires 0
10-09 09:09:12.997    2377-2455/? W/bt-btif﹕ proc dm_pm_timer expires
10-09 09:09:14.197   1208-28362/? I/GCM﹕ GCM message GSYNC_TICKLE 0:1412863754370015%0#e7a7135305a599bb
10-09 09:09:14.247    1208-4806/? I/SubscribedFeeds﹕ Received message
10-09 09:09:14.257   1208-28362/? I/GCM﹕ GCM message GSYNC_TICKLE 0:1412863754369890%0#e7a7135305a599bb
10-09 09:09:14.277    1208-1212/? D/dalvikvm﹕ GC_CONCURRENT freed 659K, 15% free 19468K/22708K, paused 3ms+1ms, total 33ms
10-09 09:09:14.307    1208-4807/? I/SubscribedFeeds﹕ Received message
10-09 09:09:14.357  18599-18602/? D/dalvikvm﹕ GC_CONCURRENT freed 508K, 15% free 18971K/22260K, paused 1ms+2ms, total 17ms
10-09 09:09:14.387   18599-4816/? D/CalendarSyncAdapter﹕ Changed feedId -> dwallach@gmail.com
10-09 09:09:14.617   18599-4821/? V/CalendarSyncAdapter﹕ Saving inProgress state: {calendarId=dwallach@gmail.com, maxAttendees=50, maxResults=200, timeMax=2015-11-01T00:00:00.000Z, updatedMin=2014-10-09T14:09:01.545Z}
10-09 09:09:14.657  18599-18602/? D/dalvikvm﹕ GC_CONCURRENT freed 516K, 15% free 19004K/22260K, paused 2ms+3ms, total 35ms
10-09 09:09:14.707      819-881/? D/ConnectivityService﹕ handleInetConditionHoldEnd: net=1, condition=100, published condition=100
10-09 09:09:14.727  20397-20409/? V/CalendarFetcher﹕ Wakeup signal received
10-09 09:09:14.727  20397-20409/? V/CalendarFetcher﹕ starting to load content
10-09 09:09:14.727  20397-20409/? V/CalendarFetcher﹕ Query times... Now: October 9, 9:09 AM, QueryStart: October 9, 9:00 AM, QueryEnd: October 10, 9:00 AM
10-09 09:09:14.767  20397-20409/? V/CalendarFetcher﹕ database found instances(13)
10-09 09:09:14.767  20397-20409/? V/WatchCalendarService﹕ New calendar state to send to watch!
10-09 09:09:14.767  20397-20409/? V/WatchCalendarService﹕ internal clock state changed: time to send all to the watch
10-09 09:09:14.777  20397-20400/? D/dalvikvm﹕ GC_CONCURRENT freed 383K, 15% free 17460K/20360K, paused 2ms+1ms, total 13ms
10-09 09:09:14.797    4097-4100/? D/dalvikvm﹕ GC_CONCURRENT freed 397K, 15% free 17404K/20312K, paused 2ms+1ms, total 14ms
10-09 09:09:14.817  20397-20409/? V/WearSender﹕ preparing event list for transmission, length(355 bytes)
10-09 09:09:14.817  20397-20409/? V/WearSender﹕ ready to send request
10-09 09:09:14.817  20397-22283/? V/WearSender﹕ Sending to node: d766314c-4774-46a5-a362-1ee3243ca232
10-09 09:09:14.827   18599-4816/? D/CalendarSyncAdapter﹕ Found 0 events marked dirty & lastSynced
10-09 09:09:14.907    4097-4100/? D/dalvikvm﹕ GC_CONCURRENT freed 409K, 15% free 17392K/20312K, paused 2ms+1ms, total 13ms
10-09 09:09:14.947    1484-4826/? W/HandlerScheduledExecuto﹕ Task does not implement UiTask. Consider using NamedUiRunnable for bmm@4331fd30
10-09 09:09:15.047    1379-1383/? D/dalvikvm﹕ GC_CONCURRENT freed 1375K, 18% free 21277K/25832K, paused 1ms+4ms, total 55ms
10-09 09:09:15.867    1994-1998/? D/dalvikvm﹕ GC_CONCURRENT freed 508K, 16% free 17893K/21124K, paused 7ms+0ms, total 24ms
10-09 09:09:15.867    1994-1994/? D/dalvikvm﹕ WAIT_FOR_CONCURRENT_GC blocked 9ms
10-09 09:09:15.877    1994-1994/? D/dalvikvm﹕ GC_FOR_ALLOC freed 99K, 15% free 18020K/21124K, paused 10ms, total 10ms
10-09 09:09:15.957      951-955/? D/dalvikvm﹕ GC_CONCURRENT freed 3298K, 47% free 27078K/50960K, paused 6ms+9ms, total 47ms
10-09 09:09:16.747   2778-19778/? D/AbstractMetricsFactoryImpl﹕ record : No data points in metrics event
10-09 09:09:17.557      901-901/? I/wpa_supplicant﹕ wlan0: WPA: Group rekeying completed with 88:1f:a1:32:81:70 [GTK=CCMP]
10-09 09:09:27.377    2377-2455/? W/bt-btif﹕ dm_pm_timer expires
10-09 09:09:27.377    2377-2455/? W/bt-btif﹕ dm_pm_timer expires 0
10-09 09:09:27.377    2377-2455/? W/bt-btif﹕ proc dm_pm_timer expires
10-09 09:09:28.977   1208-28362/? I/GCM﹕ GCM message GSYNC_TICKLE 0:1412863770073284%0#e7a7135305a599bb
10-09 09:09:29.027    1208-4858/? I/SubscribedFeeds﹕ Received message
10-09 09:09:29.037    1208-1212/? D/dalvikvm﹕ GC_CONCURRENT freed 674K, 15% free 19461K/22704K, paused 2ms+1ms, total 42ms
10-09 09:09:29.157      819-856/? D/dalvikvm﹕ GC_EXPLICIT freed 2018K, 32% free 52666K/76684K, paused 5ms+7ms, total 140ms
10-09 09:09:29.167   1208-28362/? I/GCM﹕ GCM message GSYNC_TICKLE 0:1412863770073039%0#e7a7135305a599bb
10-09 09:09:29.217    1208-4872/? I/SubscribedFeeds﹕ Received message
10-09 09:09:29.237   18599-4871/? D/CalendarSyncAdapter﹕ Changed feedId -> dwallach@gmail.com
10-09 09:09:29.347  18599-18602/? D/dalvikvm﹕ GC_CONCURRENT freed 499K, 15% free 18989K/22260K, paused 3ms+3ms, total 31ms
10-09 09:09:29.437   18599-4873/? V/CalendarSyncAdapter﹕ Saving inProgress state: {calendarId=dwallach@gmail.com, maxAttendees=50, maxResults=200, timeMax=2015-11-01T00:00:00.000Z, updatedMin=2014-10-09T14:09:14.085Z}
10-09 09:09:29.477      819-881/? D/ConnectivityService﹕ handleInetConditionHoldEnd: net=1, condition=100, published condition=100
10-09 09:09:29.517    4097-4100/? D/dalvikvm﹕ GC_CONCURRENT freed 377K, 15% free 17403K/20312K, paused 3ms+2ms, total 27ms
10-09 09:09:29.597  20397-20409/? V/CalendarFetcher﹕ Wakeup signal received
10-09 09:09:29.597  20397-20409/? V/CalendarFetcher﹕ starting to load content
10-09 09:09:29.597  20397-20409/? V/CalendarFetcher﹕ Query times... Now: October 9, 9:09 AM, QueryStart: October 9, 9:00 AM, QueryEnd: October 10, 9:00 AM
10-09 09:09:29.647  20397-20409/? V/CalendarFetcher﹕ database found instances(14)
10-09 09:09:29.647  20397-20409/? V/WatchCalendarService﹕ New calendar state to send to watch!
10-09 09:09:29.647  20397-20409/? V/WatchCalendarService﹕ internal clock state changed: time to send all to the watch
10-09 09:09:29.667  20397-20409/? V/WearSender﹕ preparing event list for transmission, length(382 bytes)
10-09 09:09:29.667  20397-20409/? V/WearSender﹕ ready to send request
10-09 09:09:29.667  20397-22300/? V/WearSender﹕ Sending to node: d766314c-4774-46a5-a362-1ee3243ca232
10-09 09:09:29.677   18599-4871/? D/CalendarSyncAdapter﹕ Found 0 events marked dirty & lastSynced
10-09 09:09:29.707    4097-4100/? D/dalvikvm﹕ GC_CONCURRENT freed 423K, 15% free 17422K/20312K, paused 1ms+2ms, total 14ms
10-09 09:09:29.797  18599-18602/? D/dalvikvm﹕ GC_CONCURRENT freed 517K, 15% free 18972K/22260K, paused 2ms+9ms, total 28ms
10-09 09:09:29.807   18599-4880/? D/CalendarSyncAdapter﹕ Changed feedId -> dwallach@gmail.com
10-09 09:09:29.817    1484-1488/? D/dalvikvm﹕ GC_CONCURRENT freed 2576K, 44% free 25278K/44436K, paused 3ms+3ms, total 43ms
10-09 09:09:29.827    1484-4878/? W/HandlerScheduledExecuto﹕ Task does not implement UiTask. Consider using NamedUiRunnable for bmm@4331fd30
10-09 09:09:29.877    1208-1212/? D/dalvikvm﹕ GC_CONCURRENT freed 741K, 15% free 19469K/22704K, paused 2ms+2ms, total 24ms
10-09 09:09:30.017   18599-4888/? V/CalendarSyncAdapter﹕ Saving inProgress state: {calendarId=dwallach@gmail.com, maxAttendees=50, maxResults=200, timeMax=2015-11-01T00:00:00.000Z, updatedMin=2014-10-09T14:09:29.853Z}
10-09 09:09:30.047  20397-20409/? V/CalendarFetcher﹕ Wakeup signal received
10-09 09:09:30.047  20397-20409/? V/CalendarFetcher﹕ starting to load content
10-09 09:09:30.047  20397-20409/? V/CalendarFetcher﹕ Query times... Now: October 9, 9:09 AM, QueryStart: October 9, 9:00 AM, QueryEnd: October 10, 9:00 AM
10-09 09:09:30.057    4097-4100/? D/dalvikvm﹕ GC_CONCURRENT freed 450K, 15% free 17404K/20328K, paused 3ms+2ms, total 24ms
10-09 09:09:30.077  20397-20409/? V/CalendarFetcher﹕ database found instances(14)
10-09 09:09:30.077  20397-20409/? V/WatchCalendarService﹕ New calendar state to send to watch!
10-09 09:09:30.077  20397-20409/? V/WatchCalendarService﹕ internal clock state changed: time to send all to the watch
10-09 09:09:30.097  20397-20409/? V/WearSender﹕ preparing event list for transmission, length(382 bytes)
10-09 09:09:30.097  20397-20409/? V/WearSender﹕ ready to send request
10-09 09:09:30.097   18599-4880/? D/CalendarSyncAdapter﹕ Found 0 events marked dirty & lastSynced
10-09 09:09:30.107  20397-22301/? V/WearSender﹕ Sending to node: d766314c-4774-46a5-a362-1ee3243ca232
10-09 09:09:31.137    1994-2000/? D/dalvikvm﹕ null clazz in OP_INSTANCE_OF, single-stepping
10-09 09:09:31.147    1994-1998/? D/dalvikvm﹕ GC_CONCURRENT freed 544K, 16% free 17867K/21096K, paused 2ms+1ms, total 15ms
10-09 09:09:31.147    1994-1994/? D/dalvikvm﹕ WAIT_FOR_CONCURRENT_GC blocked 6ms
10-09 09:09:31.157    1994-1994/? D/dalvikvm﹕ GC_FOR_ALLOC freed 109K, 15% free 18021K/21096K, paused 10ms, total 10ms
10-09 09:09:31.157    1994-1994/? I/dalvikvm-heap﹕ Grow heap (frag case) to 20.075MB for 65552-byte allocation
10-09 09:09:31.177    1994-2002/? D/dalvikvm﹕ GC_FOR_ALLOC freed <1K, 15% free 18084K/21164K, paused 11ms, total 11ms
10-09 09:09:32.337   2778-19778/? D/AbstractMetricsFactoryImpl﹕ record : No data points in metrics event
10-09 09:09:35.307    1437-1439/? D/dalvikvm﹕ GC_CONCURRENT freed 390K, 15% free 17635K/20640K, paused 2ms+2ms, total 15ms
10-09 09:09:45.827    2377-2455/? W/bt-btif﹕ dm_pm_timer expires
10-09 09:09:45.827    2377-2455/? W/bt-btif﹕ dm_pm_timer expires 0
10-09 09:09:45.827    2377-2455/? W/bt-btif﹕ proc dm_pm_timer expires
10-09 09:09:47.347   2778-19778/? D/AbstractMetricsFactoryImpl﹕ record : No data points in metrics event
10-09 09:09:47.667   1208-28362/? I/GCM﹕ GCM message GSYNC_TICKLE 0:1412863788845860%0#e7a7135305a599bb
10-09 09:09:47.727   1208-28362/? I/GCM﹕ GCM message GSYNC_TICKLE 0:1412863788845958%0#e7a7135305a599bb
10-09 09:09:47.747    1208-4908/? I/SubscribedFeeds﹕ Received message
10-09 09:09:47.767    1208-4908/? I/SubscribedFeeds﹕ Received message
10-09 09:09:47.797  18599-18602/? D/dalvikvm﹕ GC_CONCURRENT freed 485K, 15% free 18963K/22260K, paused 1ms+1ms, total 17ms
10-09 09:09:47.837   18599-4920/? D/CalendarSyncAdapter﹕ Changed feedId -> dwallach@gmail.com
10-09 09:09:47.857    4097-4100/? D/dalvikvm﹕ GC_CONCURRENT freed 388K, 15% free 17408K/20328K, paused 2ms+1ms, total 12ms
10-09 09:09:47.917    1208-1212/? D/dalvikvm﹕ GC_CONCURRENT freed 667K, 15% free 19467K/22704K, paused 2ms+2ms, total 20ms
10-09 09:09:48.057   18599-4923/? V/CalendarSyncAdapter﹕ Saving inProgress state: {calendarId=dwallach@gmail.com, maxAttendees=50, maxResults=200, timeMax=2015-11-01T00:00:00.000Z, updatedMin=2014-10-09T14:09:29.853Z}
10-09 09:09:48.147  18599-18602/? D/dalvikvm﹕ GC_CONCURRENT freed 440K, 15% free 18981K/22260K, paused 2ms+1ms, total 17ms
10-09 09:09:48.177      819-881/? D/ConnectivityService﹕ handleInetConditionHoldEnd: net=1, condition=100, published condition=100
10-09 09:09:48.207  20397-20409/? V/CalendarFetcher﹕ Wakeup signal received
10-09 09:09:48.207  20397-20409/? V/CalendarFetcher﹕ starting to load content
10-09 09:09:48.207  20397-20409/? V/CalendarFetcher﹕ Query times... Now: October 9, 9:09 AM, QueryStart: October 9, 9:00 AM, QueryEnd: October 10, 9:00 AM
10-09 09:09:48.227  20397-20409/? V/CalendarFetcher﹕ database found instances(13)
10-09 09:09:48.227  20397-20409/? V/WatchCalendarService﹕ New calendar state to send to watch!
10-09 09:09:48.227  20397-20409/? V/WatchCalendarService﹕ internal clock state changed: time to send all to the watch
10-09 09:09:48.237  20397-20409/? V/WearSender﹕ preparing event list for transmission, length(355 bytes)
10-09 09:09:48.237  20397-20409/? V/WearSender﹕ ready to send request
10-09 09:09:48.237  20397-28244/? V/WearSender﹕ Sending to node: d766314c-4774-46a5-a362-1ee3243ca232
10-09 09:09:48.247  20397-20409/? V/CalendarFetcher﹕ Wakeup signal received
10-09 09:09:48.247  20397-20409/? V/CalendarFetcher﹕ starting to load content
10-09 09:09:48.247  20397-20409/? V/CalendarFetcher﹕ Query times... Now: October 9, 9:09 AM, QueryStart: October 9, 9:00 AM, QueryEnd: October 10, 9:00 AM
10-09 09:09:48.267  20397-20400/? D/dalvikvm﹕ GC_CONCURRENT freed 397K, 15% free 17462K/20360K, paused 3ms+0ms, total 19ms
10-09 09:09:48.277  20397-20409/? V/CalendarFetcher﹕ database found instances(13)
10-09 09:09:48.277  20397-20409/? V/WatchCalendarService﹕ New calendar state to send to watch!
10-09 09:09:48.277  20397-20409/? V/WatchCalendarService﹕ internal clock state changed: time to send all to the watch
10-09 09:09:48.277  20397-20409/? V/WearSender﹕ preparing event list for transmission, length(355 bytes)
10-09 09:09:48.277  20397-20409/? V/WearSender﹕ ready to send request
10-09 09:09:48.287  20397-22057/? V/WearSender﹕ Sending to node: d766314c-4774-46a5-a362-1ee3243ca232
10-09 09:09:48.287    4097-4100/? D/dalvikvm﹕ GC_CONCURRENT freed 428K, 15% free 17412K/20328K, paused 1ms+1ms, total 12ms
10-09 09:09:48.297   18599-4920/? D/CalendarSyncAdapter﹕ Found 0 events marked dirty & lastSynced
10-09 09:09:48.437     819-1101/? D/dalvikvm﹕ GC_EXPLICIT freed 2153K, 32% free 52661K/76684K, paused 3ms+8ms, total 122ms
10-09 09:09:48.507    1484-4938/? W/HandlerScheduledExecuto﹕ Task does not implement UiTask. Consider using NamedUiRunnable for bmm@4331fd30
10-09 09:09:49.367    1994-1994/? D/dalvikvm﹕ GC_FOR_ALLOC freed 485K, 16% free 17894K/21160K, paused 14ms, total 14ms
10-09 09:09:53.237    4097-4100/? D/dalvikvm﹕ GC_CONCURRENT freed 402K, 15% free 17397K/20328K, paused 2ms+1ms, total 12ms
10-09 09:09:53.457   1208-28362/? I/GCM﹕ GCM message GSYNC_TICKLE 0:1412863793956152%0#e7a7135305a599bb
10-09 09:09:53.487   1208-28362/? I/GCM﹕ GCM message GSYNC_TICKLE 0:1412863793958003%0#e7a7135305a599bb
10-09 09:09:53.497    1208-4958/? I/SubscribedFeeds﹕ Received message
10-09 09:09:53.517    1208-4964/? I/SubscribedFeeds﹕ Received message
10-09 09:09:53.567   18599-4965/? D/CalendarSyncAdapter﹕ Changed feedId -> dwallach@gmail.com
10-09 09:09:53.617    1208-1212/? D/dalvikvm﹕ GC_CONCURRENT freed 747K, 15% free 19479K/22704K, paused 1ms+2ms, total 18ms
10-09 09:09:53.617    1208-1219/? D/dalvikvm﹕ WAIT_FOR_CONCURRENT_GC blocked 5ms
10-09 09:09:53.617   1208-13222/? D/dalvikvm﹕ WAIT_FOR_CONCURRENT_GC blocked 5ms
10-09 09:09:53.637  18599-18602/? D/dalvikvm﹕ GC_CONCURRENT freed 469K, 15% free 18989K/22260K, paused 2ms+2ms, total 17ms
10-09 09:09:53.787   18599-4966/? V/CalendarSyncAdapter﹕ Saving inProgress state: {calendarId=dwallach@gmail.com, maxAttendees=50, maxResults=200, timeMax=2015-11-01T00:00:00.000Z, updatedMin=2014-10-09T14:09:48.581Z}
10-09 09:09:53.947    4097-4100/? D/dalvikvm﹕ GC_CONCURRENT freed 392K, 15% free 17396K/20328K, paused 3ms+3ms, total 28ms
10-09 09:09:53.957      819-881/? D/ConnectivityService﹕ handleInetConditionHoldEnd: net=1, condition=100, published condition=100
10-09 09:09:53.997  20397-20409/? V/CalendarFetcher﹕ Wakeup signal received
10-09 09:09:53.997  20397-20409/? V/CalendarFetcher﹕ starting to load content
10-09 09:09:53.997  20397-20409/? V/CalendarFetcher﹕ Query times... Now: October 9, 9:09 AM, QueryStart: October 9, 9:00 AM, QueryEnd: October 10, 9:00 AM
10-09 09:09:54.007  20397-20409/? V/CalendarFetcher﹕ database found instances(12)
10-09 09:09:54.007  20397-20409/? V/WatchCalendarService﹕ New calendar state to send to watch!
10-09 09:09:54.007  20397-20409/? V/WatchCalendarService﹕ internal clock state changed: time to send all to the watch
10-09 09:09:54.017  20397-20409/? V/WearSender﹕ preparing event list for transmission, length(328 bytes)
10-09 09:09:54.017  20397-20409/? V/WearSender﹕ ready to send request
10-09 09:09:54.017  20397-22283/? V/WearSender﹕ Sending to node: d766314c-4774-46a5-a362-1ee3243ca232
10-09 09:09:54.027  20397-20409/? V/CalendarFetcher﹕ Wakeup signal received
10-09 09:09:54.027  20397-20409/? V/CalendarFetcher﹕ starting to load content
10-09 09:09:54.037  20397-20409/? V/CalendarFetcher﹕ Query times... Now: October 9, 9:09 AM, QueryStart: October 9, 9:00 AM, QueryEnd: October 10, 9:00 AM
10-09 09:09:54.047  20397-20409/? V/CalendarFetcher﹕ database found instances(12)
10-09 09:09:54.047  20397-20409/? V/WatchCalendarService﹕ New calendar state to send to watch!
10-09 09:09:54.047  20397-20409/? V/WatchCalendarService﹕ internal clock state changed: time to send all to the watch
10-09 09:09:54.057  20397-20409/? V/WearSender﹕ preparing event list for transmission, length(328 bytes)
10-09 09:09:54.057  20397-20409/? V/WearSender﹕ ready to send request
10-09 09:09:54.057  20397-22300/? V/WearSender﹕ Sending to node: d766314c-4774-46a5-a362-1ee3243ca232
10-09 09:09:54.077    1437-1523/? D/dalvikvm﹕ GC_FOR_ALLOC freed 192K, 15% free 17626K/20640K, paused 12ms, total 13ms
10-09 09:09:54.087   18599-4965/? D/CalendarSyncAdapter﹕ Found 0 events marked dirty & lastSynced
10-09 09:09:54.167   18599-4978/? D/CalendarSyncAdapter﹕ Changed feedId -> dwallach@gmail.com
10-09 09:09:54.187  18599-18602/? D/dalvikvm﹕ GC_CONCURRENT freed 519K, 15% free 18983K/22260K, paused 2ms+1ms, total 16ms
10-09 09:09:54.357   18599-4979/? V/CalendarSyncAdapter﹕ Saving inProgress state: {calendarId=dwallach@gmail.com, maxAttendees=50, maxResults=200, timeMax=2015-11-01T00:00:00.000Z, updatedMin=2014-10-09T14:09:53.698Z}
10-09 09:09:54.407  20397-20409/? V/CalendarFetcher﹕ Wakeup signal received
10-09 09:09:54.407  20397-20409/? V/CalendarFetcher﹕ starting to load content
10-09 09:09:54.407  20397-20409/? V/CalendarFetcher﹕ Query times... Now: October 9, 9:09 AM, QueryStart: October 9, 9:00 AM, QueryEnd: October 10, 9:00 AM
10-09 09:09:54.427    4097-4100/? D/dalvikvm﹕ GC_CONCURRENT freed 389K, 15% free 17412K/20328K, paused 2ms+2ms, total 15ms
10-09 09:09:54.447  20397-20409/? V/CalendarFetcher﹕ database found instances(12)
10-09 09:09:54.447  20397-20409/? V/WatchCalendarService﹕ New calendar state to send to watch!
10-09 09:09:54.447  20397-20409/? V/WatchCalendarService﹕ internal clock state changed: time to send all to the watch
10-09 09:09:54.447  20397-20409/? V/WearSender﹕ preparing event list for transmission, length(328 bytes)
10-09 09:09:54.447  20397-20409/? V/WearSender﹕ ready to send request
10-09 09:09:54.457  20397-22301/? V/WearSender﹕ Sending to node: d766314c-4774-46a5-a362-1ee3243ca232
10-09 09:09:54.477  20397-20400/? D/dalvikvm﹕ GC_CONCURRENT freed 401K, 15% free 17464K/20360K, paused 2ms+2ms, total 27ms
10-09 09:09:54.487   18599-4978/? D/CalendarSyncAdapter﹕ Found 0 events marked dirty & lastSynced
10-09 09:09:54.527    1994-1998/? D/dalvikvm﹕ GC_CONCURRENT freed 436K, 16% free 17860K/21160K, paused 1ms+3ms, total 13ms
10-09 09:09:54.547    4097-4100/? D/dalvikvm﹕ GC_CONCURRENT freed 430K, 15% free 17408K/20328K, paused 2ms+1ms, total 15ms
10-09 09:09:54.597    1484-4981/? W/HandlerScheduledExecuto﹕ Task does not implement UiTask. Consider using NamedUiRunnable for bmm@4331fd30
10-09 09:09:54.677    1379-1383/? D/dalvikvm﹕ GC_CONCURRENT freed 1339K, 18% free 21296K/25832K, paused 4ms+5ms, total 55ms
10-09 09:09:54.677   1379-13990/? D/dalvikvm﹕ WAIT_FOR_CONCURRENT_GC blocked 41ms
10-09 09:09:55.537    1994-1998/? D/dalvikvm﹕ GC_CONCURRENT freed 292K, 16% free 17960K/21160K, paused 2ms+1ms, total 12ms
10-09 09:09:56.247   1208-28362/? I/GCM﹕ GCM message GSYNC_TICKLE 0:1412863797288248%0#e7a7135305a599bb
10-09 09:09:56.307    1208-4997/? I/SubscribedFeeds﹕ Received message
10-09 09:09:56.307   1208-28362/? I/GCM﹕ GCM message GSYNC_TICKLE 0:1412863797287654%0#e7a7135305a599bb
10-09 09:09:56.367    1208-1212/? D/dalvikvm﹕ GC_CONCURRENT freed 694K, 15% free 19464K/22704K, paused 1ms+3ms, total 27ms
10-09 09:09:56.367    1208-5014/? I/SubscribedFeeds﹕ Received message
10-09 09:09:56.417   18599-5011/? D/CalendarSyncAdapter﹕ Changed feedId -> dwallach@gmail.com
10-09 09:09:56.427  18599-18602/? D/dalvikvm﹕ GC_CONCURRENT freed 541K, 15% free 18980K/22260K, paused 1ms+1ms, total 26ms
10-09 09:09:56.587     819-1190/? D/dalvikvm﹕ GC_EXPLICIT freed 2142K, 32% free 52660K/76684K, paused 2ms+13ms, total 130ms
10-09 09:09:56.777      819-881/? D/ConnectivityService﹕ handleInetConditionHoldEnd: net=1, condition=100, published condition=100
10-09 09:09:56.827   18599-5020/? V/CalendarSyncAdapter﹕ Saving inProgress state: {calendarId=dwallach@gmail.com, maxAttendees=50, maxResults=200, timeMax=2015-11-01T00:00:00.000Z, updatedMin=2014-10-09T14:09:53.698Z}
10-09 09:09:56.877    4097-4100/? D/dalvikvm﹕ GC_CONCURRENT freed 379K, 15% free 17415K/20328K, paused 2ms+1ms, total 12ms
10-09 09:09:56.917  20397-20409/? V/CalendarFetcher﹕ Wakeup signal received
10-09 09:09:56.917  20397-20409/? V/CalendarFetcher﹕ starting to load content
10-09 09:09:56.917  20397-20409/? V/CalendarFetcher﹕ Query times... Now: October 9, 9:09 AM, QueryStart: October 9, 9:00 AM, QueryEnd: October 10, 9:00 AM
10-09 09:09:56.927  20397-20409/? V/CalendarFetcher﹕ database found instances(11)
10-09 09:09:56.927  20397-20409/? V/WatchCalendarService﹕ New calendar state to send to watch!
10-09 09:09:56.927  20397-20409/? V/WatchCalendarService﹕ internal clock state changed: time to send all to the watch
10-09 09:09:56.937  20397-20409/? V/WearSender﹕ preparing event list for transmission, length(301 bytes)
10-09 09:09:56.937  20397-20409/? V/WearSender﹕ ready to send request
10-09 09:09:56.937  20397-28244/? V/WearSender﹕ Sending to node: d766314c-4774-46a5-a362-1ee3243ca232
10-09 09:09:56.957  20397-20409/? V/CalendarFetcher﹕ Wakeup signal received
10-09 09:09:56.957  20397-20409/? V/CalendarFetcher﹕ starting to load content
10-09 09:09:56.957  20397-20409/? V/CalendarFetcher﹕ Query times... Now: October 9, 9:09 AM, QueryStart: October 9, 9:00 AM, QueryEnd: October 10, 9:00 AM
10-09 09:09:56.977  20397-20409/? V/CalendarFetcher﹕ database found instances(11)
10-09 09:09:56.977  20397-20409/? V/WatchCalendarService﹕ New calendar state to send to watch!
10-09 09:09:56.977  20397-20409/? V/WatchCalendarService﹕ internal clock state changed: time to send all to the watch
10-09 09:09:56.987  20397-20409/? V/WearSender﹕ preparing event list for transmission, length(301 bytes)
10-09 09:09:56.987  20397-20409/? V/WearSender﹕ ready to send request
10-09 09:09:56.987  20397-22057/? V/WearSender﹕ Sending to node: d766314c-4774-46a5-a362-1ee3243ca232
10-09 09:09:56.997   18599-5011/? D/CalendarSyncAdapter﹕ Found 0 events marked dirty & lastSynced
10-09 09:09:57.047  18599-18602/? D/dalvikvm﹕ GC_CONCURRENT freed 504K, 15% free 18986K/22260K, paused 2ms+2ms, total 23ms
10-09 09:09:57.097   18599-5043/? D/CalendarSyncAdapter﹕ Changed feedId -> dwallach@gmail.com
10-09 09:09:57.187    1208-1212/? D/dalvikvm﹕ GC_CONCURRENT freed 715K, 15% free 19463K/22704K, paused 4ms+3ms, total 36ms
10-09 09:09:57.307   18599-5044/? V/CalendarSyncAdapter﹕ Saving inProgress state: {calendarId=dwallach@gmail.com, maxAttendees=50, maxResults=200, timeMax=2015-11-01T00:00:00.000Z, updatedMin=2014-10-09T14:09:57.047Z}
10-09 09:09:57.377  18599-18602/? D/dalvikvm﹕ GC_CONCURRENT freed 479K, 15% free 18983K/22260K, paused 5ms+2ms, total 24ms
10-09 09:09:57.407  20397-20409/? V/CalendarFetcher﹕ Wakeup signal received
10-09 09:09:57.407  20397-20409/? V/CalendarFetcher﹕ starting to load content
10-09 09:09:57.407  20397-20409/? V/CalendarFetcher﹕ Query times... Now: October 9, 9:09 AM, QueryStart: October 9, 9:00 AM, QueryEnd: October 10, 9:00 AM
10-09 09:09:57.447  20397-20409/? V/CalendarFetcher﹕ database found instances(11)
10-09 09:09:57.447  20397-20409/? V/WatchCalendarService﹕ New calendar state to send to watch!
10-09 09:09:57.447  20397-20409/? V/WatchCalendarService﹕ internal clock state changed: time to send all to the watch
10-09 09:09:57.447  20397-20409/? V/WearSender﹕ preparing event list for transmission, length(301 bytes)
10-09 09:09:57.447  20397-20409/? V/WearSender﹕ ready to send request
10-09 09:09:57.447  20397-22283/? V/WearSender﹕ Sending to node: d766314c-4774-46a5-a362-1ee3243ca232
10-09 09:09:57.467    1437-1523/? D/dalvikvm﹕ GC_FOR_ALLOC freed 114K, 15% free 17626K/20640K, paused 10ms, total 13ms
10-09 09:09:57.477    4097-4100/? D/dalvikvm﹕ GC_CONCURRENT freed 422K, 15% free 17411K/20328K, paused 1ms+1ms, total 60ms
10-09 09:09:57.487  20397-20409/? V/CalendarFetcher﹕ Wakeup signal received
10-09 09:09:57.487  20397-20409/? V/CalendarFetcher﹕ starting to load content
10-09 09:09:57.487  20397-20409/? V/CalendarFetcher﹕ Query times... Now: October 9, 9:09 AM, QueryStart: October 9, 9:00 AM, QueryEnd: October 10, 9:00 AM
10-09 09:09:57.517    1994-1998/? D/dalvikvm﹕ GC_CONCURRENT freed 501K, 16% free 17863K/21160K, paused 1ms+1ms, total 12ms
10-09 09:09:57.517  20397-20409/? V/CalendarFetcher﹕ database found instances(11)
10-09 09:09:57.517  20397-20409/? V/WatchCalendarService﹕ New calendar state to send to watch!
10-09 09:09:57.517  20397-20409/? V/WatchCalendarService﹕ internal clock state changed: time to send all to the watch
10-09 09:09:57.527  20397-20409/? V/WearSender﹕ preparing event list for transmission, length(301 bytes)
10-09 09:09:57.527  20397-20409/? V/WearSender﹕ ready to send request
10-09 09:09:57.537  20397-22300/? V/WearSender﹕ Sending to node: d766314c-4774-46a5-a362-1ee3243ca232
10-09 09:09:57.537   18599-5043/? D/CalendarSyncAdapter﹕ Found 0 events marked dirty & lastSynced
10-09 09:09:57.537  20397-20400/? D/dalvikvm﹕ GC_CONCURRENT freed 406K, 15% free 17465K/20360K, paused 1ms+1ms, total 13ms
10-09 09:09:58.067   1208-28362/? I/GCM﹕ GCM message GSYNC_TICKLE 0:1412863799437789%0#e7a7135305a599bb
10-09 09:09:58.117    1208-5080/? I/SubscribedFeeds﹕ Received message
10-09 09:09:58.117   1208-28362/? I/GCM﹕ GCM message GSYNC_TICKLE 0:1412863799436451%0#e7a7135305a599bb
10-09 09:09:58.147    1208-5080/? I/SubscribedFeeds﹕ Received message
10-09 09:09:58.237   18599-5081/? D/CalendarSyncAdapter﹕ Changed feedId -> dwallach@gmail.com
10-09 09:09:58.317    1208-1212/? D/dalvikvm﹕ GC_CONCURRENT freed 646K, 15% free 19456K/22704K, paused 1ms+1ms, total 26ms
10-09 09:09:58.407   18599-5092/? V/CalendarSyncAdapter﹕ Saving inProgress state: {calendarId=dwallach@gmail.com, maxAttendees=50, maxResults=200, timeMax=2015-11-01T00:00:00.000Z, updatedMin=2014-10-09T14:09:57.047Z}
10-09 09:09:58.417  18599-18602/? D/dalvikvm﹕ GC_CONCURRENT freed 541K, 15% free 19002K/22260K, paused 0ms+1ms, total 18ms
10-09 09:09:58.437    4097-4100/? D/dalvikvm﹕ GC_CONCURRENT freed 398K, 15% free 17428K/20328K, paused 1ms+2ms, total 17ms
10-09 09:09:58.477  20397-20409/? V/CalendarFetcher﹕ Wakeup signal received
10-09 09:09:58.477  20397-20409/? V/CalendarFetcher﹕ starting to load content
10-09 09:09:58.487  20397-20409/? V/CalendarFetcher﹕ Query times... Now: October 9, 9:09 AM, QueryStart: October 9, 9:00 AM, QueryEnd: October 10, 9:00 AM
10-09 09:09:58.527  20397-20409/? V/CalendarFetcher﹕ database found instances(10)
10-09 09:09:58.527  20397-20409/? V/WatchCalendarService﹕ New calendar state to send to watch!
10-09 09:09:58.527  20397-20409/? V/WatchCalendarService﹕ internal clock state changed: time to send all to the watch
10-09 09:09:58.537  20397-20409/? V/WearSender﹕ preparing event list for transmission, length(274 bytes)
10-09 09:09:58.537  20397-20409/? V/WearSender﹕ ready to send request
10-09 09:09:58.537  20397-22301/? V/WearSender﹕ Sending to node: d766314c-4774-46a5-a362-1ee3243ca232
10-09 09:09:58.557   18599-5081/? D/CalendarSyncAdapter﹕ Found 0 events marked dirty & lastSynced
10-09 09:09:58.577      819-881/? D/ConnectivityService﹕ handleInetConditionHoldEnd: net=1, condition=100, published condition=100
10-09 09:09:58.647    1994-1998/? D/dalvikvm﹕ GC_CONCURRENT freed 288K, 15% free 18064K/21160K, paused 4ms+1ms, total 25ms
10-09 09:09:58.647    1994-1994/? D/dalvikvm﹕ WAIT_FOR_CONCURRENT_GC blocked 15ms
10-09 09:09:59.137    4097-4100/? D/dalvikvm﹕ GC_CONCURRENT freed 419K, 15% free 17414K/20328K, paused 3ms+2ms, total 26ms
10-09 09:09:59.757    1994-1994/? D/dalvikvm﹕ GC_FOR_ALLOC freed 548K, 16% free 17897K/21160K, paused 81ms, total 81ms
10-09 09:10:02.347   2778-19778/? D/AbstractMetricsFactoryImpl﹕ record : No data points in metrics event
10-09 09:10:02.727    2778-2802/? I/AmazonVideo.http﹕ BearerTokenCache.getBearerTokenForUser: Bearer token retrieved for -1434442093. Ending in UusrOENAsk8ubu4.
10-09 09:10:03.217    2778-2803/? I/Metrics:BatchTransmitte﹕ QueuePusher.sendBatches - Drained batch queue.; Number of batches sent: 0
10-09 09:10:03.537    2377-2455/? W/bt-btif﹕ dm_pm_timer expires
10-09 09:10:03.537    2377-2455/? W/bt-btif﹕ dm_pm_timer expires 0
10-09 09:10:03.537    2377-2455/? W/bt-btif﹕ proc dm_pm_timer expires
10-09 09:10:03.697    2778-2802/? I/Metrics:BatchTransmitte﹕ QueuePusher.sendBatches - Drained batch queue.; Number of batches sent: 3
10-09 09:10:07.847    1437-1561/? D/dalvikvm﹕ GC_FOR_ALLOC freed 142K, 15% free 17643K/20640K, paused 36ms, total 37ms
10-09 09:10:07.847  32078-32115/? W/SearchService﹕ Unknown rpc command: 16
10-09 09:10:07.977    1484-1488/? D/dalvikvm﹕ GC_CONCURRENT freed 2284K, 43% free 25707K/44436K, paused 13ms+3ms, total 56ms
10-09 09:10:07.977    1484-1526/? D/dalvikvm﹕ WAIT_FOR_CONCURRENT_GC blocked 23ms
10-09 09:10:07.987     819-1203/? I/ActivityManager﹕ Start proc com.google.android.partnersetup for content provider com.google.android.partnersetup/.RlzAppProvider: pid=5121 uid=10011 gids={50011, 3003}
10-09 09:10:08.067    819-14448/? I/ActivityManager﹕ Killing 3455:com.google.android.apps.maps/u0a59 (adj 15): empty #17
10-09 09:10:08.077    5121-5123/? D/dalvikvm﹕ GC_CONCURRENT freed 347K, 15% free 17278K/20100K, paused 2ms+1ms, total 18ms
10-09 09:10:08.077    4501-4501/? I/patts﹕ [jni_text_analysis_api.cc:339] jni: deleting text normalizer ...
10-09 09:10:08.077     819-1202/? A/ActivityManager﹕ Service ServiceRecord{462d6b80 u0 com.google.android.apps.maps/com.google.android.apps.gmm.prefetch.PrefetcherService} in process ProcessRecord{444d9af0 3455:com.google.android.apps.maps/u0a59} not same as in map: null
10-09 09:10:08.087   1437-15216/? V/wearable﹕ ensureBuffersHaveSpace: increasing size from 1351 to 2487
10-09 09:10:08.117    4501-4501/? I/patts﹕ [jni_synthesizer_api.cc:92] jni: deleting synthesizer ...
10-09 09:10:08.117    4501-4501/? I/patts﹕ [jni_project_file_api.cc:110] jni: deleting project file ...
10-09 09:10:08.117    4501-4501/? I/patts﹕ [jni_project_file_api.cc:123] jni: deleting project resource holder ...
10-09 09:10:08.127    1484-5141/? W/HandlerScheduledExecuto﹕ Task does not implement UiTask. Consider using NamedUiRunnable for bmn@433256d8
10-09 09:10:08.137    1437-1541/? D/dalvikvm﹕ GC_FOR_ALLOC freed 137K, 15% free 17627K/20640K, paused 9ms, total 9ms
10-09 09:10:08.147    1484-1484/? W/HandlerScheduledExecuto﹕ Task does not implement UiTask. Consider using NamedUiRunnable for bmm@433256c8
10-09 09:10:08.307      819-856/? D/dalvikvm﹕ GC_EXPLICIT freed 2538K, 32% free 52666K/76684K, paused 2ms+7ms, total 121ms
10-09 09:10:08.327     819-1115/? D/ConnectivityService﹕ startUsingNetworkFeature reconnecting to 0: enableSUPL
10-09 09:10:08.327     819-1115/? D/ConnectivityService﹕ startUsingNetworkFeature X: return APN_REQUEST_STARTED
10-09 09:10:08.347      819-819/? D/MobileDataStateTracker﹕ supl: Broadcast received: android.intent.action.ANY_DATA_STATE apnType=supl
10-09 09:10:08.367      819-819/? D/MobileDataStateTracker﹕ supl: Received state=CONNECTING, old=DISCONNECTED, reason=dataEnabled
10-09 09:10:08.367      819-819/? D/MobileDataStateTracker﹕ supl: setDetailed state, old =IDLE and new state=CONNECTING
10-09 09:10:08.397      819-819/? D/MobileDataStateTracker﹕ fota: Broadcast received: android.intent.action.ANY_DATA_STATE apnType=fota
10-09 09:10:08.407      819-819/? D/MobileDataStateTracker﹕ fota: Received state=DISCONNECTED, old=DISCONNECTED, reason=dataEnabled
10-09 09:10:08.407      819-819/? D/MobileDataStateTracker﹕ dun: Broadcast received: android.intent.action.ANY_DATA_STATE apnType=dun
10-09 09:10:08.407      819-819/? D/MobileDataStateTracker﹕ dun: Received state=DISCONNECTED, old=DISCONNECTED, reason=dataEnabled
10-09 09:10:08.407      819-819/? D/MobileDataStateTracker﹕ ia: Broadcast received: android.intent.action.ANY_DATA_STATE apnType=ia
10-09 09:10:08.407      819-819/? D/MobileDataStateTracker﹕ ia: Received state=DISCONNECTED, old=DISCONNECTED, reason=dataEnabled
10-09 09:10:08.407      819-819/? D/MobileDataStateTracker﹕ hipri: Broadcast received: android.intent.action.ANY_DATA_STATE apnType=hipri
10-09 09:10:08.407      819-819/? D/MobileDataStateTracker﹕ hipri: Received state=DISCONNECTED, old=DISCONNECTED, reason=dataEnabled
10-09 09:10:08.407      819-819/? D/MobileDataStateTracker﹕ ims: Broadcast received: android.intent.action.ANY_DATA_STATE apnType=ims
10-09 09:10:08.417      819-819/? D/MobileDataStateTracker﹕ ims: Received state=DISCONNECTED, old=DISCONNECTED, reason=dataEnabled
10-09 09:10:08.417      819-819/? D/MobileDataStateTracker﹕ default: Broadcast received: android.intent.action.ANY_DATA_STATE apnType=default
10-09 09:10:08.417      819-819/? D/MobileDataStateTracker﹕ default: Received state=DISCONNECTED, old=DISCONNECTED, reason=dataEnabled
10-09 09:10:08.417      819-819/? D/MobileDataStateTracker﹕ mms: Broadcast received: android.intent.action.ANY_DATA_STATE apnType=mms
10-09 09:10:08.417      819-819/? D/MobileDataStateTracker﹕ mms: Received state=DISCONNECTED, old=DISCONNECTED, reason=dataEnabled
10-09 09:10:08.417      819-819/? D/MobileDataStateTracker﹕ cbs: Broadcast received: android.intent.action.ANY_DATA_STATE apnType=cbs
10-09 09:10:08.427      819-819/? D/MobileDataStateTracker﹕ cbs: Received state=DISCONNECTED, old=DISCONNECTED, reason=dataEnabled
10-09 09:10:08.457    1124-1128/? D/dalvikvm﹕ GC_CONCURRENT freed 415K, 15% free 18476K/21492K, paused 1ms+1ms, total 15ms
10-09 09:10:08.707    1437-1541/? D/dalvikvm﹕ GC_FOR_ALLOC freed 169K, 15% free 17627K/20640K, paused 9ms, total 9ms
10-09 09:10:09.117    1379-1383/? D/dalvikvm﹕ GC_CONCURRENT freed 1366K, 18% free 21294K/25832K, paused 15ms+3ms, total 48ms
10-09 09:10:09.117    1379-1568/? D/dalvikvm﹕ WAIT_FOR_CONCURRENT_GC blocked 32ms
10-09 09:10:09.117    1379-1600/? D/dalvikvm﹕ WAIT_FOR_CONCURRENT_GC blocked 33ms
10-09 09:10:09.117   1379-16238/? D/dalvikvm﹕ WAIT_FOR_CONCURRENT_GC blocked 33ms
10-09 09:10:09.157    1437-1541/? D/dalvikvm﹕ GC_FOR_ALLOC freed 169K, 15% free 17628K/20640K, paused 14ms, total 14ms
10-09 09:10:09.177     819-1115/? D/ConnectivityService﹕ stopUsingNetworkFeature: teardown net 0: enableSUPL
10-09 09:10:09.187     819-1115/? E/LocSvc_eng﹕ W/AgpsReleasedState: unrecognized event 3
10-09 09:10:09.247    1379-1772/? I/GCoreUlr﹕ Successfully inserted location
10-09 09:10:09.257    1379-1772/? I/GCoreUlr﹕ Not calling LocationReportingService, hasMoved: false, elapsed millis: 1346505, request: Phone
10-09 09:10:09.327    1484-5137/? D/dalvikvm﹕ threadid=50: thread exiting, not yet detached (count=0)
10-09 09:10:09.327    1484-5135/? D/dalvikvm﹕ threadid=32: thread exiting, not yet detached (count=0)
10-09 09:10:09.357     819-3652/? I/MediaFocusControl﹕ AudioFocus  abandonAudioFocus() from android.media.AudioManager@432cafe8com.google.android.clockwork.audio.AudioFocusManager$1@43295da8
10-09 09:10:09.357  32078-32078/? D/ClockworkCompanion.Media﹕ got remote control client package null
10-09 09:10:09.357      951-951/? V/KeyguardHostView﹕ hide transport, gen:74
10-09 09:10:09.367    2377-2441/? V/Avrcp﹕ New genId = 74, clearing = 1
10-09 09:10:09.367  32078-32078/? D/MediaControl﹕ got change with clearing=true, package=null
10-09 09:10:09.367  32078-32106/? D/MediaControl﹕ deleting dataItem: wear://local/mediacontrols/mediacontrols
10-09 09:10:10.687    3528-3528/? D/PollingManager﹕ phone state: 0 0 home T-Mobile T-Mobile 310260  UMTS HSPAP CSS not supported -1 -1 RoamInd=-1 DefRoamInd=-1 EmergOnly=false
10-09 09:10:10.827  24451-24455/? D/dalvikvm﹕ GC_CONCURRENT freed 4780K, 24% free 32158K/42256K, paused 9ms+5ms, total 66ms
10-09 09:10:10.827  24451-24451/? D/dalvikvm﹕ WAIT_FOR_CONCURRENT_GC blocked 41ms
10-09 09:10:10.847  24451-24459/? E/DataBuffer﹕ Internal data leak within a DataBuffer object detected!  Be sure to explicitly call close() on all DataBuffer extending objects when you are done with them. (internal object: com.google.android.gms.common.data.DataHolder@43bd9ba8)
10-09 09:10:12.657  20296-20300/? D/dalvikvm﹕ GC_CONCURRENT freed 396K, 17% free 18277K/21940K, paused 24ms+1ms, total 82ms
10-09 09:10:13.517      819-819/? D/MobileDataStateTracker﹕ supl: Broadcast received: android.intent.action.ANY_DATA_STATE apnType=supl
10-09 09:10:13.527      819-819/? D/MobileDataStateTracker﹕ supl: Received state=DISCONNECTED, old=CONNECTING, reason=connected
10-09 09:10:13.527      819-819/? D/MobileDataStateTracker﹕ supl: setDetailed state, old =CONNECTING and new state=DISCONNECTED
10-09 09:10:13.527      819-881/? D/ConnectivityService﹕ ConnectivityChange for mobile_supl: DISCONNECTED/DISCONNECTED
10-09 09:10:13.537      819-881/? D/Nat464Xlat﹕ requiresClat: netType=3, hasIPv4Address=false
10-09 09:10:13.597      819-881/? D/MobileDataStateTracker﹕ default: setPolicyDataEnable(enabled=true)
10-09 09:10:13.607    1124-1128/? D/dalvikvm﹕ GC_CONCURRENT freed 505K, 15% free 18482K/21492K, paused 7ms+2ms, total 70ms
10-09 09:10:13.607    1124-1137/? D/dalvikvm﹕ WAIT_FOR_CONCURRENT_GC blocked 17ms
10-09 09:10:13.607    1124-1815/? D/dalvikvm﹕ WAIT_FOR_CONCURRENT_GC blocked 15ms
10-09 09:10:13.607    1124-1197/? D/dalvikvm﹕ WAIT_FOR_CONCURRENT_GC blocked 20ms
10-09 09:10:13.607   1124-25443/? D/dalvikvm﹕ WAIT_FOR_CONCURRENT_GC blocked 12ms
10-09 09:10:13.627      819-881/? D/MobileDataStateTracker﹕ default: setPolicyDataEnable(enabled=true)
10-09 09:10:13.647      819-881/? D/MobileDataStateTracker﹕ default: setPolicyDataEnable(enabled=true)
10-09 09:10:13.657      819-881/? D/MobileDataStateTracker﹕ default: setPolicyDataEnable(enabled=true)
10-09 09:10:14.367    2377-2455/? W/bt-btif﹕ dm_pm_timer expires
10-09 09:10:14.367    2377-2455/? W/bt-btif﹕ dm_pm_timer expires 0
10-09 09:10:14.367    2377-2455/? W/bt-btif﹕ proc dm_pm_timer expires
10-09 09:10:14.887    3528-3528/? D/PollingManager﹕ phone state: 0 0 home T-Mobile T-Mobile 310260  UMTS UMTS CSS not supported -1 -1 RoamInd=-1 DefRoamInd=-1 EmergOnly=false
10-09 09:10:14.927      819-819/? D/MobileDataStateTracker﹕ supl: Broadcast received: android.intent.action.ANY_DATA_STATE apnType=supl
10-09 09:10:14.937      819-819/? D/MobileDataStateTracker﹕ supl: Received state=DISCONNECTED, old=DISCONNECTED, reason=connected
10-09 09:10:16.607      819-850/? D/Tethering﹕ MasterInitialState.processMessage what=3
10-09 09:10:16.657    3528-3528/? D/PollingManager﹕ ignoring connectivity_action: since I don't like the type: NetworkInfo: type: mobile_supl[HSPA+], state: DISCONNECTED/DISCONNECTED, reason: connected, extra: fast.t-mobile.com, roaming: false, failover: false, isAvailable: true, isConnectedToProvisioningNetwork: false
10-09 09:10:16.677      819-850/? D/Tethering﹕ MasterInitialState.processMessage what=3
10-09 09:10:16.687    2778-2778/? I/AmazonVideo.connectivity﹕ NetworkConnectionManager$ConnectivityChangeReceiver.onReceive: Received CONNECTIVITY_ACTION intent. Refreshing network info.
10-09 09:10:16.697    3528-3528/? D/PollingManager﹕ connectivity_action: NetworkInfo: type: WIFI[], state: CONNECTED/CONNECTED, reason: (unspecified), extra: "WallachNet", roaming: false, failover: false, isAvailable: true, isConnectedToProvisioningNetwork: false
10-09 09:10:16.717    2778-2778/? I/AmazonVideo.connectivity﹕ NetworkConnectionManager$ConnectivityChangeReceiver.onReceive: Received CONNECTIVITY_ACTION intent. Refreshing network info.
10-09 09:10:16.717    3528-3528/? D/PollingManager﹕ now: 168961109 ,futureTime: 189581724
10-09 09:10:16.717    3528-3528/? D/PollingManager﹕ Polling alarm set to expire at: 189581724 Current Time: 168961113
10-09 09:10:16.727    4456-4456/? I/Timely﹕ Stopping broadcast listening thread.
10-09 09:10:16.727    4456-4456/? I/Timely﹕ Starting broadcast listening thread.
10-09 09:10:16.727    4456-4490/? I/Timely﹕ Exiting broadcast listening thread.
10-09 09:10:16.727    3394-3394/? I/NetworkMonitor﹕ type=WIFI subType= reason=null isConnected=true
10-09 09:10:16.727  17692-10833/? D/RealtimeDocumentSyncer﹕ Syncing/compacting 0 Realtime documents...
10-09 09:10:16.727  17692-10833/? D/RealtimeDocumentSyncer﹕ Syncing/compacting complete.
10-09 09:10:16.737    3528-3528/? D/MMApiProvisionService﹕ mConfig.getMMApiDeviceID() = 891992467264061440
10-09 09:10:16.737    3528-3528/? D/CCE﹕ trying to auto login since I haven't yet and the radio is up now
10-09 09:10:16.737    3528-3528/? I/MMApiProvisionService﹕ createDeviceIdOrLogin update_device
10-09 09:10:16.757    3528-3528/? D/MMApiProvisionService﹕ mConfig.getMMApiDeviceID() = 891992467264061440
10-09 09:10:16.757    3528-3528/? D/MMApiProvisionService﹕ pTime 1412694955887 sExp 506342 cTime 1412863816767 tTime 1413201297887
10-09 09:10:16.757    3394-3398/? D/dalvikvm﹕ GC_CONCURRENT freed 412K, 15% free 17732K/20644K, paused 6ms+20ms, total 39ms
10-09 09:10:16.787  19800-19800/? D/dalvikvm﹕ GC_FOR_ALLOC freed 392K, 16% free 21338K/25244K, paused 42ms, total 42ms
10-09 09:10:16.807    3394-3394/? W/ContextImpl﹕ Implicit intents with startService are not safe: Intent { act=com.google.android.music.NETWORK_MONITOR_SERVICE } android.content.ContextWrapper.bindService:517 com.google.android.music.utils.SafeServiceConnection$ServiceConnectionImp.bindService:98 com.google.android.music.utils.SafeServiceConnection.bindService:259
10-09 09:10:16.807      819-830/? I/ActivityManager﹕ Start proc android.process.media for broadcast com.android.providers.downloads/.DownloadReceiver: pid=5312 uid=10005 gids={50005, 1028, 1015, 1023, 1024, 2001, 3003, 3007}
10-09 09:10:16.817    3394-3394/? W/ContextImpl﹕ Implicit intents with startService are not safe: Intent { act=com.google.android.music.NETWORK_MONITOR_SERVICE } android.content.ContextWrapper.bindService:517 com.google.android.music.utils.SafeServiceConnection$ServiceConnectionImp.bindService:98 com.google.android.music.utils.SafeServiceConnection.bindService:259
