10-09 09:10:43.957  20705-20718/? D/QcrilMsgTunnelSocket﹕ messageLength extracted from first 4 inputStream reads = 29
10-09 09:10:43.957  20705-20718/? V/QcrilMsgTunnelSocket﹕ offset = 0 remaining = 29 countRead = 0
10-09 09:10:43.957  20705-20718/? V/QcrilMsgTunnelSocket﹕ offset = 0 remaining = 29 countRead = 29
10-09 09:10:43.957  20705-20718/? D/QcrilMsgTunnelSocket﹕ readRilMessage: Buffer = [B@432b6490 HexData = [0100000004040000110000005155414c434f4d4def0308000100000000]
10-09 09:10:43.957  20705-20718/? V/QcrilMsgTunnelSocket﹕ Read packet: 29 bytes. Data Available = 32 Position = 0
10-09 09:10:43.957  20705-20718/? D/QcrilMsgTunnelSocket﹕ processResponse. message type = 1. Data Available = 28
10-09 09:10:43.957  20705-20718/? D/QcrilMsgTunnelSocket﹕ ByteArray from parcel = 5155414c434f4d4def0308000100000000
10-09 09:10:43.957  20705-20718/? D/QcrilMsgTunnelSocket﹕ Received RIL_UNSOL_OEM_HOOK_RAW message
10-09 09:10:43.957  20705-20718/? D/QcrilMsgTunnelSocket﹕ Oem ID in RIL_UNSOL_OEM_HOOK_RAW is QUALCOMM
10-09 09:10:43.957  20705-20718/? D/QcrilMsgTunnelSocket﹕ OEM ID check Passed
10-09 09:10:43.957  20705-20718/? D/QcrilMsgTunnelSocket﹕ Response ID in RIL_UNSOL_OEM_HOOK_RAW is 525295
10-09 09:10:43.957  20705-20718/? D/QcrilMsgTunnelSocket﹕ Response ID 525295is not served in this process.
10-09 09:10:43.957  20705-20718/? D/QcrilMsgTunnelSocket﹕ To broadcast an Intent via the notifier to external apps
10-09 09:10:43.957  20705-20718/? V/QcrilMsgTunnelSocket﹕ Before reading offset = 0 remaining = 4 countRead = 0
10-09 09:10:43.957  20705-20705/? D/QcrilMsgTunnelIfaceManager﹕ handleMessage what=0
10-09 09:10:43.957  20705-20705/? D/QcrilMsgTunnelIfaceManager﹕ Broadcasting intent ACTION_UNSOL_RESPONSE_OEM_HOOK_RAW
10-09 09:10:44.227      819-830/? W/XPrivacy/XActivityManagerService﹕ Lockscreen=false
10-09 09:10:44.237    1154-6789/? D/NfcService﹕ NFC-C ON
10-09 09:10:44.267      951-951/? D/PhoneStatusBar﹕ disable: < expand* icons alerts ticker* system_info back* home* recent* clock* search >
10-09 09:10:44.317      819-845/? I/ActivityManager﹕ Start proc eu.chainfire.supersu for broadcast eu.chainfire.supersu/.UserPresentReceiver: pid=5894 uid=10079 gids={50079}
10-09 09:10:44.327      819-819/? D/LightsService﹕ Excessive delay setting light: 60ms
10-09 09:10:44.337   1208-28362/? I/GCM﹕ GCM message com.google.android.talk 0:1412860910670369%5a53927346d0af83
10-09 09:10:44.447    819-14446/? W/InputMethodManagerService﹕ Window already focused, ignoring focus gain of: com.android.internal.view.IInputMethodClient$Stub$Proxy@44402d88 attribute=android.view.inputmethod.EditorInfo@43b650e0, token = android.os.BinderProxy@44727458
10-09 09:10:44.487  17692-17696/? D/dalvikvm﹕ GC_CONCURRENT freed 881K, 22% free 20123K/25536K, paused 2ms+4ms, total 34ms
10-09 09:10:44.537    1208-1208/? V/UserPresentBroadcastReceiver﹕ Recieved ACTION_USER_PRESENT.
10-09 09:10:44.537    1208-1208/? D/d﹕ Notifying listener(s): onUserPresent()...
10-09 09:10:44.537    1208-1208/? D/c﹕ Starting periodic check for user presence.
10-09 09:10:44.537      819-857/? I/ActivityManager﹕ Killing 3394:com.google.android.music:main/u0a61 (adj 15): empty #17
10-09 09:10:44.547    819-14447/? A/ActivityManager﹕ Service ServiceRecord{443f7800 u0 com.google.android.music/.net.NetworkMonitor} in process ProcessRecord{44218658 3394:com.google.android.music:main/u0a61} not same as in map: null
10-09 09:10:44.557    819-14447/? A/ActivityManager﹕ Service ServiceRecord{43f2b288 u0 com.google.android.music/.preferences.MusicPreferenceService$MusicPreferenceServiceBinder} in process ProcessRecord{44218658 3394:com.google.android.music:main/u0a61} not same as in map: null
10-09 09:10:44.577  27294-27294/? E/Gmail﹕ FLF->FolderItem.getFolderView: unread count mismatch found (999+ vs 38093)
10-09 09:10:44.577    1208-1208/? D/c﹕ Stoping periodic check for user presence.
10-09 09:10:44.617     819-1201/? I/ActivityManager﹕ Start proc com.classdojo.android for broadcast com.classdojo.android/com.parse.ParseBroadcastReceiver: pid=5920 uid=10193 gids={50193, 3003, 1028, 1015}
10-09 09:10:44.647  27294-27348/? I/Gmail﹕ Sending provider changed intent: Intent { act=android.intent.action.PROVIDER_CHANGED dat=content://gmail-ls/unread/^sq_ig_i_personal (has extras) }
10-09 09:10:44.647  27294-27294/? I/Gmail﹕ Contacts Client connected:
10-09 09:10:44.667  27294-27294/? E/Gmail﹕ FLF->FolderItem.getFolderView: unread count mismatch found (999+ vs 38093)
10-09 09:10:44.777    5920-5920/? I/BugSenseHandler﹕ Registering default exceptions handler
10-09 09:10:44.817    5920-5924/? D/dalvikvm﹕ GC_CONCURRENT freed 420K, 15% free 17302K/20196K, paused 4ms+1ms, total 23ms
10-09 09:10:44.817    5920-5920/? D/dalvikvm﹕ WAIT_FOR_CONCURRENT_GC blocked 8ms
10-09 09:10:44.817    5920-5936/? D/dalvikvm﹕ WAIT_FOR_CONCURRENT_GC blocked 8ms
10-09 09:10:44.817    5920-5938/? D/dalvikvm﹕ WAIT_FOR_CONCURRENT_GC blocked 9ms
10-09 09:10:44.827  27294-27294/? W/Gmail﹕ SectionedInboxTeaserView: Problem with cursor returned from loader
10-09 09:10:44.837    5920-5934/? I/BugSenseHandler﹕ Flushing...
10-09 09:10:44.837      819-881/? D/ConnectivityService﹕ handleInetConditionHoldEnd: net=1, condition=100, published condition=100
10-09 09:10:44.857  27294-27294/? W/Gmail﹕ SectionedInboxTeaserView: Problem with cursor returned from loader
10-09 09:10:44.877    5920-5934/? I/BugSenseHandler﹕ Registering default exceptions handler
10-09 09:10:44.907    5920-5924/? D/dalvikvm﹕ GC_CONCURRENT freed 322K, 14% free 17494K/20288K, paused 3ms+1ms, total 17ms
10-09 09:10:44.917    5920-5944/? D/dalvikvm﹕ WAIT_FOR_CONCURRENT_GC blocked 5ms
10-09 09:10:44.917    5920-5936/? D/dalvikvm﹕ WAIT_FOR_CONCURRENT_GC blocked 5ms
10-09 09:10:44.917    5920-5941/? D/dalvikvm﹕ WAIT_FOR_CONCURRENT_GC blocked 5ms
10-09 09:10:44.937    5920-5924/? D/dalvikvm﹕ GC_CONCURRENT freed 328K, 14% free 17677K/20480K, paused 1ms+2ms, total 13ms
10-09 09:10:44.937    5920-5944/? D/dalvikvm﹕ WAIT_FOR_CONCURRENT_GC blocked 5ms
10-09 09:10:44.937    5920-5936/? D/dalvikvm﹕ WAIT_FOR_CONCURRENT_GC blocked 5ms
10-09 09:10:44.937    5920-5945/? D/dalvikvm﹕ WAIT_FOR_CONCURRENT_GC blocked 4ms
10-09 09:10:44.957    5920-5920/? I/FileHelper﹕ Deleted 0 temp files
10-09 09:10:44.957    5920-5920/? I/FileHelper﹕ Created image cache dir: /storage/emulated/0/Android/data/com.classdojo.android/cache/images
10-09 09:10:44.997    5920-5924/? D/dalvikvm﹕ GC_CONCURRENT freed 316K, 14% free 17780K/20572K, paused 2ms+2ms, total 17ms
10-09 09:10:45.027    5920-5936/? D/dalvikvm﹕ GC_FOR_ALLOC freed 169K, 14% free 17954K/20692K, paused 12ms, total 12ms
10-09 09:10:45.087    5920-5941/? W/BugSenseHandler﹕ Transmitting ping Exception Connection to https://ticks2.bugsense.com refused
10-09 09:10:45.097    5920-5924/? D/dalvikvm﹕ GC_CONCURRENT freed 285K, 14% free 18161K/20920K, paused 2ms+3ms, total 17ms
10-09 09:10:45.097    5920-5936/? W/BugSenseHandler﹕ Transmitting ping Exception Connection to https://ticks2.bugsense.com refused
10-09 09:10:45.107    5920-5920/? D/ProxySettings﹕ Current Proxy Configuration: DIRECT@
10-09 09:10:45.117  27294-27314/? D/dalvikvm﹕ GC_EXPLICIT freed 9048K, 32% free 24961K/36560K, paused 4ms+11ms, total 58ms
10-09 09:10:45.127    5920-5924/? D/dalvikvm﹕ GC_CONCURRENT freed 526K, 15% free 18068K/21068K, paused 2ms+2ms, total 16ms
10-09 09:10:45.157    5920-5920/? W/System.err﹕ java.lang.NullPointerException
10-09 09:10:45.157    5920-5920/? W/System.err﹕ at com.shouldit.proxy.lib.ProxyConfiguration.getProxyPort(ProxyConfiguration.java:430)
10-09 09:10:45.157    5920-5920/? W/System.err﹕ at com.classdojo.android.api.Server.checkForProxy(Server.java:1256)
10-09 09:10:45.157    5920-5920/? W/System.err﹕ at com.classdojo.android.api.Server.setupProxy(Server.java:1288)
10-09 09:10:45.157    5920-5920/? W/System.err﹕ at com.classdojo.android.ClassDojoApplication.onCreate(ClassDojoApplication.java:127)
10-09 09:10:45.157    5920-5920/? W/System.err﹕ at android.app.Instrumentation.callApplicationOnCreate(Instrumentation.java:1007)
10-09 09:10:45.157    5920-5920/? W/System.err﹕ at android.app.ActivityThread.handleBindApplication(ActivityThread.java:4328)
10-09 09:10:45.157    5920-5920/? W/System.err﹕ at de.robv.android.xposed.XposedBridge.invokeOriginalMethodNative(Native Method)
10-09 09:10:45.157    5920-5920/? W/System.err﹕ at de.robv.android.xposed.XposedBridge.handleHookedMethod(XposedBridge.java:631)
10-09 09:10:45.157    5920-5920/? W/System.err﹕ at android.app.ActivityThread.handleBindApplication(Native Method)
10-09 09:10:45.157    5920-5920/? W/System.err﹕ at android.app.ActivityThread.access$1500(ActivityThread.java:135)
10-09 09:10:45.157    5920-5920/? W/System.err﹕ at android.app.ActivityThread$H.handleMessage(ActivityThread.java:1256)
10-09 09:10:45.157    5920-5920/? W/System.err﹕ at android.os.Handler.dispatchMessage(Handler.java:102)
10-09 09:10:45.157    5920-5920/? W/System.err﹕ at android.os.Looper.loop(Looper.java:136)
10-09 09:10:45.157    5920-5920/? W/System.err﹕ at android.app.ActivityThread.main(ActivityThread.java:5001)
10-09 09:10:45.157    5920-5920/? W/System.err﹕ at java.lang.reflect.Method.invokeNative(Native Method)
10-09 09:10:45.157    5920-5920/? W/System.err﹕ at java.lang.reflect.Method.invoke(Method.java:515)
10-09 09:10:45.157    5920-5920/? W/System.err﹕ at com.android.internal.os.ZygoteInit$MethodAndArgsCaller.run(ZygoteInit.java:785)
10-09 09:10:45.157    5920-5920/? W/System.err﹕ at com.android.internal.os.ZygoteInit.main(ZygoteInit.java:601)
10-09 09:10:45.157    5920-5920/? W/System.err﹕ at de.robv.android.xposed.XposedBridge.main(XposedBridge.java:132)
10-09 09:10:45.157    5920-5920/? W/System.err﹕ at dalvik.system.NativeStart.main(Native Method)
10-09 09:10:45.157    5920-5920/? D/ProxySettings﹕ Current Proxy Configuration: DIRECT@
10-09 09:10:45.167    5920-5920/? W/System.err﹕ java.lang.NullPointerException
10-09 09:10:45.167    5920-5920/? W/System.err﹕ at com.shouldit.proxy.lib.ProxyConfiguration.getProxyPort(ProxyConfiguration.java:430)
10-09 09:10:45.167    5920-5920/? W/System.err﹕ at com.classdojo.common.net.APIServer.checkForProxy(APIServer.java:293)
10-09 09:10:45.167    5920-5920/? W/System.err﹕ at com.classdojo.common.net.APIServer.setupProxy(APIServer.java:325)
10-09 09:10:45.167    5920-5920/? W/System.err﹕ at com.classdojo.android.ClassDojoApplication.onCreate(ClassDojoApplication.java:128)
10-09 09:10:45.167    5920-5920/? W/System.err﹕ at android.app.Instrumentation.callApplicationOnCreate(Instrumentation.java:1007)
10-09 09:10:45.177    5920-5920/? W/System.err﹕ at android.app.ActivityThread.handleBindApplication(ActivityThread.java:4328)
10-09 09:10:45.177    5920-5920/? W/System.err﹕ at de.robv.android.xposed.XposedBridge.invokeOriginalMethodNative(Native Method)
10-09 09:10:45.177    5920-5920/? W/System.err﹕ at de.robv.android.xposed.XposedBridge.handleHookedMethod(XposedBridge.java:631)
10-09 09:10:45.177    5920-5920/? W/System.err﹕ at android.app.ActivityThread.handleBindApplication(Native Method)
10-09 09:10:45.177    5920-5920/? W/System.err﹕ at android.app.ActivityThread.access$1500(ActivityThread.java:135)
10-09 09:10:45.177    5920-5920/? W/System.err﹕ at android.app.ActivityThread$H.handleMessage(ActivityThread.java:1256)
10-09 09:10:45.177    5920-5920/? W/System.err﹕ at android.os.Handler.dispatchMessage(Handler.java:102)
10-09 09:10:45.177    5920-5920/? W/System.err﹕ at android.os.Looper.loop(Looper.java:136)
10-09 09:10:45.177    5920-5920/? W/System.err﹕ at android.app.ActivityThread.main(ActivityThread.java:5001)
10-09 09:10:45.177    5920-5920/? W/System.err﹕ at java.lang.reflect.Method.invokeNative(Native Method)
10-09 09:10:45.187    5920-5920/? W/System.err﹕ at java.lang.reflect.Method.invoke(Method.java:515)
10-09 09:10:45.187    5920-5920/? W/System.err﹕ at com.android.internal.os.ZygoteInit$MethodAndArgsCaller.run(ZygoteInit.java:785)
10-09 09:10:45.187    5920-5920/? W/System.err﹕ at com.android.internal.os.ZygoteInit.main(ZygoteInit.java:601)
10-09 09:10:45.187    5920-5920/? W/System.err﹕ at de.robv.android.xposed.XposedBridge.main(XposedBridge.java:132)
10-09 09:10:45.187    5920-5920/? W/System.err﹕ at dalvik.system.NativeStart.main(Native Method)
10-09 09:10:45.187    5920-5924/? D/dalvikvm﹕ GC_CONCURRENT freed 631K, 16% free 17854K/21068K, paused 2ms+2ms, total 16ms
10-09 09:10:45.237    5920-5920/? D/ProxySettings﹕ Current Proxy Configuration: DIRECT@
10-09 09:10:45.237     819-1190/? I/ActivityManager﹕ Killing 5339:com.google.android.setupwizard/u0a17 (adj 15): empty #17
10-09 09:10:45.247    5920-5924/? D/dalvikvm﹕ GC_CONCURRENT freed 380K, 15% free 17985K/21068K, paused 3ms+2ms, total 20ms
10-09 09:10:45.247    5920-5920/? D/dalvikvm﹕ WAIT_FOR_CONCURRENT_GC blocked 6ms
10-09 09:10:45.247    5920-5965/? D/dalvikvm﹕ WAIT_FOR_CONCURRENT_GC blocked 12ms
10-09 09:10:45.267    1208-1208/? D/PeriodicCheckReceiver﹕ Received intent: Intent { flg=0x14 cmp=com.google.android.gms/.auth.be.proximity.authorization.userpresence.PeriodicCheckReceiver (has extras) }.
10-09 09:10:45.267    5920-5920/? W/System.err﹕ java.lang.NullPointerException
10-09 09:10:45.267    5920-5920/? W/System.err﹕ at com.shouldit.proxy.lib.ProxyConfiguration.getProxyPort(ProxyConfiguration.java:430)
10-09 09:10:45.267    5920-5920/? W/System.err﹕ at com.classdojo.android.api.Server.checkForProxy(Server.java:1256)
10-09 09:10:45.267    5920-5920/? W/System.err﹕ at com.classdojo.android.api.Server$1.onReceive(Server.java:147)
10-09 09:10:45.267    5920-5920/? W/System.err﹕ at android.app.LoadedApk$ReceiverDispatcher$Args.run(LoadedApk.java:759)
10-09 09:10:45.267    5920-5920/? W/System.err﹕ at android.os.Handler.handleCallback(Handler.java:733)
10-09 09:10:45.267    5920-5920/? W/System.err﹕ at android.os.Handler.dispatchMessage(Handler.java:95)
10-09 09:10:45.267    5920-5920/? W/System.err﹕ at android.os.Looper.loop(Looper.java:136)
10-09 09:10:45.267    5920-5920/? W/System.err﹕ at android.app.ActivityThread.main(ActivityThread.java:5001)
10-09 09:10:45.267    5920-5920/? W/System.err﹕ at java.lang.reflect.Method.invokeNative(Native Method)
10-09 09:10:45.267    5920-5920/? W/System.err﹕ at java.lang.reflect.Method.invoke(Method.java:515)
10-09 09:10:45.267    5920-5920/? W/System.err﹕ at com.android.internal.os.ZygoteInit$MethodAndArgsCaller.run(ZygoteInit.java:785)
10-09 09:10:45.267    5920-5920/? W/System.err﹕ at com.android.internal.os.ZygoteInit.main(ZygoteInit.java:601)
10-09 09:10:45.267    5920-5920/? W/System.err﹕ at de.robv.android.xposed.XposedBridge.main(XposedBridge.java:132)
10-09 09:10:45.267    5920-5920/? W/System.err﹕ at dalvik.system.NativeStart.main(Native Method)
10-09 09:10:45.267    5920-5920/? D/ProxySettings﹕ Current Proxy Configuration: DIRECT@
10-09 09:10:45.277    1208-5967/? D/UserPresenceService﹕ Received onHandleIntent() with intent: Intent { cmp=com.google.android.gms/.auth.be.proximity.authorization.userpresence.UserPresenceService (has extras) }.
10-09 09:10:45.277    1208-5967/? E/UserPresenceService﹕ Proximity feature is not enabled.
10-09 09:10:45.297   27294-5968/? I/NotifUtils﹕ Validating Notification, mapSize: 0 getAttention: false ignoreUnobtrusive: false
10-09 09:10:45.297   27294-5968/? I/NotifUtils﹕ validateNotifications - cancelling account -2116996727 / folder -317575340
10-09 09:10:45.297    1208-1212/? D/dalvikvm﹕ GC_CONCURRENT freed 621K, 15% free 19447K/22704K, paused 2ms+2ms, total 26ms
10-09 09:10:45.317    5920-5920/? W/System.err﹕ java.lang.NullPointerException
10-09 09:10:45.327  27294-27314/? I/ConvCursor﹕ *** ConversationCursor pre-loading took 208ms n=580
10-09 09:10:45.327    5920-5924/? D/dalvikvm﹕ GC_CONCURRENT freed 354K, 14% free 18142K/21068K, paused 5ms+10ms, total 38ms
10-09 09:10:45.327    5920-5920/? D/dalvikvm﹕ WAIT_FOR_CONCURRENT_GC blocked 2ms
10-09 09:10:45.327    5920-5920/? W/System.err﹕ at com.shouldit.proxy.lib.ProxyConfiguration.getProxyPort(ProxyConfiguration.java:430)
10-09 09:10:45.327    5920-5920/? W/System.err﹕ at com.classdojo.common.net.APIServer.checkForProxy(APIServer.java:293)
10-09 09:10:45.327    5920-5920/? W/System.err﹕ at com.classdojo.common.net.APIServer$1.onReceive(APIServer.java:81)
10-09 09:10:45.327    5920-5920/? W/System.err﹕ at android.app.LoadedApk$ReceiverDispatcher$Args.run(LoadedApk.java:759)
10-09 09:10:45.327    5920-5920/? W/System.err﹕ at android.os.Handler.handleCallback(Handler.java:733)
10-09 09:10:45.327    5920-5920/? W/System.err﹕ at android.os.Handler.dispatchMessage(Handler.java:95)
10-09 09:10:45.327    5920-5920/? W/System.err﹕ at android.os.Looper.loop(Looper.java:136)
10-09 09:10:45.327    5920-5920/? W/System.err﹕ at android.app.ActivityThread.main(ActivityThread.java:5001)
10-09 09:10:45.327    5920-5920/? W/System.err﹕ at java.lang.reflect.Method.invokeNative(Native Method)
10-09 09:10:45.327    5920-5920/? W/System.err﹕ at java.lang.reflect.Method.invoke(Method.java:515)
10-09 09:10:45.327    5920-5920/? W/System.err﹕ at com.android.internal.os.ZygoteInit$MethodAndArgsCaller.run(ZygoteInit.java:785)
10-09 09:10:45.327    5920-5920/? W/System.err﹕ at com.android.internal.os.ZygoteInit.main(ZygoteInit.java:601)
10-09 09:10:45.327    5920-5920/? W/System.err﹕ at de.robv.android.xposed.XposedBridge.main(XposedBridge.java:132)
10-09 09:10:45.327    5920-5920/? W/System.err﹕ at dalvik.system.NativeStart.main(Native Method)
10-09 09:10:45.487  27294-27297/? D/dalvikvm﹕ GC_CONCURRENT freed 3487K, 35% free 24083K/36560K, paused 6ms+4ms, total 39ms
10-09 09:10:45.487  27294-27405/? D/dalvikvm﹕ WAIT_FOR_CONCURRENT_GC blocked 25ms
10-09 09:10:45.487  27294-27294/? D/dalvikvm﹕ WAIT_FOR_CONCURRENT_GC blocked 25ms
10-09 09:10:45.487  27294-27348/? D/dalvikvm﹕ WAIT_FOR_CONCURRENT_GC blocked 25ms
10-09 09:10:45.487  27294-27409/? D/dalvikvm﹕ WAIT_FOR_CONCURRENT_GC blocked 25ms
10-09 09:10:45.547  20510-20513/? D/dalvikvm﹕ GC_CONCURRENT freed 423K, 15% free 18226K/21312K, paused 3ms+1ms, total 17ms
10-09 09:10:45.607  17692-17696/? D/dalvikvm﹕ GC_CONCURRENT freed 930K, 22% free 20135K/25536K, paused 1ms+2ms, total 23ms
10-09 09:10:45.627    2377-2455/? W/bt-btif﹕ dm_pm_timer expires
10-09 09:10:45.627    2377-2455/? W/bt-btif﹕ dm_pm_timer expires 0
10-09 09:10:45.627    2377-2455/? W/bt-btif﹕ proc dm_pm_timer expires
10-09 09:10:45.787  27294-27294/? I/ConvCursor﹕ Resuming caching, pos=0 idler=com.android.mail.utils.k@43a7f390
10-09 09:10:45.927  27294-27299/? I/dalvikvm﹕ Jit: resizing JitTable from 8192 to 16384
10-09 09:10:46.017  27294-27297/? D/dalvikvm﹕ GC_CONCURRENT freed 2110K, 34% free 24266K/36560K, paused 2ms+3ms, total 38ms
10-09 09:10:46.297  27294-27339/? D/dalvikvm﹕ GC_EXPLICIT freed 1035K, 33% free 24831K/36560K, paused 2ms+4ms, total 38ms
10-09 09:10:46.297  27294-27294/? I/ConvCursor﹕ ConversationCursor caching complete pos=580
10-09 09:10:46.837      951-955/? D/dalvikvm﹕ GC_CONCURRENT freed 5755K, 52% free 24534K/50960K, paused 1ms+6ms, total 33ms
10-09 09:10:46.837     951-1114/? D/dalvikvm﹕ WAIT_FOR_CONCURRENT_GC blocked 21ms
10-09 09:10:46.857      819-868/? I/ActivityManager﹕ START u0 {act=android.intent.action.MAIN cat=[android.intent.category.HOME] flg=0x10200000 cmp=com.google.android.googlequicksearchbox/com.google.android.launcher.GEL} from pid 819
10-09 09:10:46.967      819-868/? D/dalvikvm﹕ GC_FOR_ALLOC freed 7144K, 32% free 52543K/76684K, paused 111ms, total 111ms
10-09 09:10:46.987    1166-1166/? I/GEL﹕ handleIntent(Intent { act=android.intent.action.MAIN cat=[android.intent.category.HOME] flg=0x10600000 cmp=com.google.android.googlequicksearchbox/com.google.android.launcher.GEL })
10-09 09:10:47.057    1166-1166/? E/AppsCustomizePagedView﹕ Widget ComponentInfo{com.devhd.feedly/com.devhd.feedly.widget.FeedlyWidgetProvider_4_1} has invalid dimensions (0, 0)
10-09 09:10:47.267    1166-1166/? W/HandlerScheduledExecuto﹕ Task does not implement UiTask. Consider using NamedUiRunnable for eww@4391f618
10-09 09:10:47.317    1166-1166/? V/RenderScript﹕ Application requested CPU execution
10-09 09:10:47.317    1166-1166/? V/RenderScript﹕ 0x76ba8750 Launching thread(s), CPUs 4
10-09 09:10:47.387    1166-1166/? W/IInputConnectionWrapper﹕ getExtractedText on inactive InputConnection
10-09 09:10:47.397    1484-6005/? I/MicrophoneInputStream﹕ mic_starting fib@4339a470
10-09 09:10:47.397    1484-6006/? I/HotwordRecognitionRnr﹕ Starting hotword detection.
10-09 09:10:47.427  27294-27294/? W/IInputConnectionWrapper﹕ showStatusIcon on inactive InputConnection
10-09 09:10:47.437     189-6007/? D/audio_hw_primary﹕ select_devices: out_snd_device(0: ) in_snd_device(35: voice-rec-mic)
10-09 09:10:47.437     189-6007/? D/﹕ Failed to fetch the lookup information of the device 0000003E
10-09 09:10:47.437     189-6007/? E/ACDB-LOADER﹕ Error: ACDB AudProc vol returned = -19
10-09 09:10:47.447    1166-1166/? W/HandlerScheduledExecuto﹕ Task does not implement UiTask. Consider using NamedUiRunnable for eut
10-09 09:10:47.467    1208-1212/? D/dalvikvm﹕ GC_CONCURRENT freed 634K, 15% free 19442K/22704K, paused 1ms+1ms, total 26ms
10-09 09:10:47.477  27294-27294/? W/IInputConnectionWrapper﹕ getExtractedText on inactive InputConnection
10-09 09:10:47.477  27294-27294/? W/IInputConnectionWrapper﹕ getTextBeforeCursor on inactive InputConnection
10-09 09:10:47.477  27294-27294/? W/IInputConnectionWrapper﹕ getSelectedText on inactive InputConnection
10-09 09:10:47.477  27294-27294/? W/IInputConnectionWrapper﹕ getTextAfterCursor on inactive InputConnection
10-09 09:10:47.477    1102-1102/? E/bl﹕ onStartInput event aborted: com.touchtype.keyboard.c.ag: could not obtain extracted text (class com.touchtype.keyboard.c.ag)
10-09 09:10:47.477    1166-1166/? W/HandlerScheduledExecuto﹕ Task does not implement UiTask. Consider using NamedUiRunnable for eut
10-09 09:10:47.497    1166-1166/? W/HandlerScheduledExecuto﹕ Task does not implement UiTask. Consider using NamedUiRunnable for eut
10-09 09:10:47.507    1484-5145/? D/dalvikvm﹕ GC_FOR_ALLOC freed 1083K, 42% free 26026K/44436K, paused 36ms, total 36ms
10-09 09:10:47.527    1166-1166/? W/HandlerScheduledExecuto﹕ Task does not implement UiTask. Consider using NamedUiRunnable for eut
10-09 09:10:47.527    1484-1484/? I/HotwordWorker﹕ onReady
10-09 09:10:47.557    1484-5145/? W/HandlerScheduledExecuto﹕ Task does not implement UiTask. Consider using NamedUiRunnable for Consumers.consumeAsync
10-09 09:10:47.557    1102-1106/? D/dalvikvm﹕ GC_CONCURRENT freed 2346K, 25% free 24229K/31900K, paused 4ms+3ms, total 55ms
10-09 09:10:47.567    1166-1166/? W/HandlerScheduledExecuto﹕ Task does not implement UiTask. Consider using NamedUiRunnable for eut
10-09 09:10:47.587    1484-5145/? W/HandlerScheduledExecuto﹕ Task does not implement UiTask. Consider using NamedUiRunnable for Consumers.consumeAsync
10-09 09:10:47.607    1484-5145/? W/HandlerScheduledExecuto﹕ Task does not implement UiTask. Consider using NamedUiRunnable for Consumers.consumeAsync
10-09 09:10:47.917    1484-1488/? D/dalvikvm﹕ GC_CONCURRENT freed 904K, 37% free 28024K/44436K, paused 7ms+2ms, total 35ms
10-09 09:10:47.937    1484-5145/? W/HandlerScheduledExecuto﹕ Task does not implement UiTask. Consider using NamedUiRunnable for Consumers.consumeAsync
10-09 09:10:48.887    1484-2873/? I/MicrophoneInputStream﹕ mic_close fib@4339a470
10-09 09:10:48.937    1484-6006/? I/HotwordRecognitionRnr﹕ Hotword detection finished
10-09 09:10:48.937    1484-2874/? I/HotwordRecognitionRnr﹕ Stopping hotword detection.
10-09 09:10:49.927   2778-19778/? D/AbstractMetricsFactoryImpl﹕ record : No data points in metrics event
10-09 09:10:50.287     819-1101/? I/ActivityManager﹕ START u0 {act=android.intent.action.MAIN cat=[android.intent.category.LAUNCHER] flg=0x10200000 cmp=org.dwallach.calwatch/.PhoneActivity (has extras)} from pid 1166
10-09 09:10:50.357  20397-20397/? V/PhoneActivity﹕ Create!
10-09 09:10:50.357  20397-20397/? V/PhoneActivity﹕ Start!
10-09 09:10:50.367  20397-20397/? V/PhoneActivity﹕ And in the beginning ...
10-09 09:10:50.367  20397-20397/? V/PhoneActivity﹕ reconnecting clock state
10-09 09:10:50.367  20397-20397/? V/BatteryWrapper﹕ Hmm, a new context
10-09 09:10:50.397    1208-1212/? D/dalvikvm﹕ GC_CONCURRENT freed 709K, 15% free 19480K/22704K, paused 3ms+9ms, total 59ms
10-09 09:10:50.397    1208-1208/? D/dalvikvm﹕ WAIT_FOR_CONCURRENT_GC blocked 6ms
10-09 09:10:50.397    1208-6370/? D/dalvikvm﹕ WAIT_FOR_CONCURRENT_GC blocked 3ms
10-09 09:10:50.427  20397-20397/? D/dalvikvm﹕ GC_FOR_ALLOC freed 248K, 15% free 17521K/20376K, paused 11ms, total 11ms
10-09 09:10:50.427  20397-20397/? V/MyViewAnim﹕ setup!
10-09 09:10:50.427  20397-20397/? V/MyViewAnim﹕ initializing ClockFace
10-09 09:10:50.427  20397-20397/? V/ClockFace﹕ ClockFace setup!
10-09 09:10:50.427  20397-20397/? V/ClockFace﹕ clearing caches
10-09 09:10:50.427  20397-20397/? V/ClockState﹕ clipping 10 raw events to fit the screen
10-09 09:10:50.427     819-1202/? I/ActivityManager﹕ Process com.google.android.tts (pid 4501) has died.
10-09 09:10:50.427     819-1202/? W/ActivityManager﹕ Scheduling restart of crashed service com.google.android.tts/.service.GoogleTTSService in 1000ms
10-09 09:10:50.437    5355-5355/? I/TextToSpeech﹕ Asked to disconnect from ComponentInfo{com.google.android.tts/com.google.android.tts.service.GoogleTTSService}
10-09 09:10:50.507  20397-20397/? V/EventLayoutUniform﹕ Event layout success.
10-09 09:10:50.507  20397-20397/? V/EventLayoutUniform﹕ Event layout time: 73.97672 ms
10-09 09:10:50.507  20397-20397/? V/ClockState﹕ maxLevel for new events: 10000
10-09 09:10:50.507  20397-20397/? V/ClockState﹕ number of new events: 9
10-09 09:10:50.517  20397-20400/? D/dalvikvm﹕ GC_CONCURRENT freed 264K, 14% free 17698K/20460K, paused 2ms+3ms, total 21ms
10-09 09:10:50.527  20397-20397/? V/PhoneActivity﹕ registering callback
10-09 09:10:50.527  20397-20397/? V/PhoneActivity﹕ loadPreferences
10-09 09:10:50.547  20397-20397/? V/WatchCalendarService﹕ internal clock state changed: time to send all to the watch
10-09 09:10:50.547  20397-20397/? V/WearSender﹕ preparing event list for transmission, length(274 bytes)
10-09 09:10:50.547  20397-20397/? V/WearSender﹕ ready to send request
10-09 09:10:50.547  20397-20397/? V/PhoneActivity﹕ Noticed a change in the clock state; saving preferences
10-09 09:10:50.547  20397-20397/? V/PhoneActivity﹕ savePreferences
10-09 09:10:50.547  20397-20397/? V/ClockFace﹕ clearing caches
10-09 09:10:50.547  20397-20397/? V/WatchCalendarService﹕ internal clock state changed: time to send all to the watch
10-09 09:10:50.547  20397-28244/? V/WearSender﹕ Sending to node: d766314c-4774-46a5-a362-1ee3243ca232
10-09 09:10:50.557  20397-20397/? V/WearSender﹕ preparing event list for transmission, length(274 bytes)
10-09 09:10:50.557  20397-20397/? V/WearSender﹕ ready to send request
10-09 09:10:50.557  20397-20397/? V/PhoneActivity﹕ Noticed a change in the clock state; saving preferences
10-09 09:10:50.557  20397-20397/? V/PhoneActivity﹕ savePreferences
10-09 09:10:50.557  20397-20397/? V/ClockFace﹕ clearing caches
10-09 09:10:50.557  20397-20397/? V/PhoneActivity﹕ Resume!
10-09 09:10:50.557  20397-20397/? V/ClockFace﹕ clearing caches
10-09 09:10:50.557  20397-20397/? V/MyViewAnim﹕ new animator starting
10-09 09:10:50.557  20397-20397/? V/MyViewAnim﹕ Time listener is up!
10-09 09:10:50.557  20397-20397/? V/MyViewAnim﹕ starting draw thread from scratch
10-09 09:10:50.557  20397-22057/? V/WearSender﹕ Sending to node: d766314c-4774-46a5-a362-1ee3243ca232
10-09 09:10:50.597  20397-20397/? I/Adreno-EGL﹕ <qeglDrvAPI_eglInitialize:320>: EGL 1.4 QUALCOMM Build: I0404c4692afb8623f95c43aeb6d5e13ed4b30ddbDate: 11/06/13
10-09 09:10:50.617  20397-20397/? D/OpenGLRenderer﹕ Enabling debug mode 0
10-09 09:10:50.667  20397-20397/? V/MyViewAnim﹕ Drawing surface created!
10-09 09:10:50.667  20397-20397/? V/ClockFace﹕ clearing caches
10-09 09:10:50.667  20397-20397/? V/MyViewAnim﹕ resuming old animator!
10-09 09:10:50.667  20397-20397/? V/MyViewAnim﹕ Drawing surface changed!
10-09 09:10:50.667  20397-20397/? V/ClockFace﹕ clearing caches
10-09 09:10:50.667  20397-20397/? V/MyViewAnim﹕ resuming old animator!
10-09 09:10:50.667  20397-20397/? V/ClockFace﹕ clearing caches
10-09 09:10:50.687   20397-6039/? V/ClockFace﹕ rendering new face, faceMode(1)
10-09 09:10:50.687   20397-6039/? V/ClockFace﹕ x(540.0), y(231.4961), metrics.descent(43.945313), metrics.ascent(-166.99219)
10-09 09:10:50.727   20397-6039/? V/ClockFace﹕ fetching new battery status (1)
10-09 09:10:50.727   20397-6039/? V/ClockFace﹕ battery at 0.9
10-09 09:10:50.797      819-844/? I/ActivityManager﹕ Displayed org.dwallach.calwatch/.PhoneActivity: +491ms
10-09 09:10:50.827  20397-20400/? D/dalvikvm﹕ GC_CONCURRENT freed 400K, 14% free 17688K/20564K, paused 1ms+1ms, total 13ms
10-09 09:10:51.147  20397-20408/? V/WatchCalendarService﹕ message received!
10-09 09:10:51.157  20397-20408/? V/WearSender﹕ preparing event list for transmission, length(274 bytes)
10-09 09:10:51.157  20397-20408/? V/WearSender﹕ ready to send request
10-09 09:10:51.157  20397-22283/? V/WearSender﹕ Sending to node: d766314c-4774-46a5-a362-1ee3243ca232
10-09 09:10:51.187    1437-1439/? D/dalvikvm﹕ GC_CONCURRENT freed 411K, 15% free 17662K/20640K, paused 3ms+1ms, total 20ms
10-09 09:10:51.467      819-845/? I/ActivityManager﹕ Start proc com.google.android.tts for service com.google.android.tts/.service.GoogleTTSService: pid=6048 uid=10049 gids={50049, 3003, 1028, 1015}
10-09 09:10:51.537    6048-6048/? W/SettingsHelper﹕ Couldn't read prefered locale from settings.
10-09 09:10:51.567    6048-6052/? D/dalvikvm﹕ GC_CONCURRENT freed 379K, 15% free 17343K/20196K, paused 2ms+3ms, total 27ms
10-09 09:10:51.567    6048-6048/? D/dalvikvm﹕ WAIT_FOR_CONCURRENT_GC blocked 7ms
10-09 09:10:51.677    6048-6066/? W/VoiceDataUpdater﹕ Avaiable voices info is not ready yet
10-09 09:10:51.677    6048-6048/? W/SettingsHelper﹕ Couldn't read prefered locale from settings.
10-09 09:10:51.677    6048-6048/? I/GoogleTTSService﹕ Creating Google TTS service, version 3.2.12.1369973.arm
10-09 09:10:51.687    6048-6048/? D/dalvikvm﹕ Trying to load lib /data/app-lib/com.google.android.tts-2/libspeexwrapper_ub.210302120.so 0x4329a168
10-09 09:10:51.687    6048-6048/? D/dalvikvm﹕ Added shared lib /data/app-lib/com.google.android.tts-2/libspeexwrapper_ub.210302120.so 0x4329a168
10-09 09:10:51.697    6048-6071/? D/dalvikvm﹕ Trying to load lib /data/app-lib/com.google.android.tts-2/libpatts_engine_jni_api_ub.210302120.so 0x4329a168
10-09 09:10:51.707    6048-6052/? D/dalvikvm﹕ GC_CONCURRENT freed 253K, 14% free 17479K/20208K, paused 2ms+2ms, total 13ms
10-09 09:10:51.717    5355-5355/? I/TextToSpeech﹕ Connected to ComponentInfo{com.google.android.tts/com.google.android.tts.service.GoogleTTSService}
10-09 09:10:51.737    5355-6072/? I/TextToSpeech﹕ Set up connection to ComponentInfo{com.google.android.tts/com.google.android.tts.service.GoogleTTSService}
10-09 09:10:51.747    6048-6071/? D/dalvikvm﹕ Added shared lib /data/app-lib/com.google.android.tts-2/libpatts_engine_jni_api_ub.210302120.so 0x4329a168
10-09 09:10:51.747    6048-6071/? I/patts﹕ [embedded_hmm_synthesizer.cc:21] Embedded HMM synthesizer initialized.
10-09 09:10:51.747    6048-6071/? I/patts﹕ [jni_loader.cc:74] Patts JNI loaded successfully.
10-09 09:10:51.747    6048-6071/? I/patts﹕ Loading project file (apk mode is true,assets from com.google.android.tts) ...
10-09 09:10:51.747    6048-6071/? I/patts﹕ [android_project_file.cc:35] Loading "voices/en-us-x-sfg-phone-hmm/phonology.cfg" ...
10-09 09:10:51.757    6048-6071/? I/patts﹕ [android_project_file.cc:35] Loading "voices/en-us-x-sfg-phone-hmm/compressed_lexicon_en_us.blex" ...
10-09 09:10:51.807    6048-6071/? I/patts﹕ [android_project_file.cc:35] Loading "voices/en-us-x-sfg-phone-hmm/phonology.pb" ...
10-09 09:10:51.817    6048-6071/? I/patts﹕ [android_project_file.cc:35] Loading "voices/en-us-x-sfg-phone-hmm/rewrite_android.far" ...
10-09 09:10:51.817    6048-6071/? I/patts﹕ [grm-manager.h:57] Loading FST archive from "voices/en-us-x-sfg-phone-hmm/rewrite_android.far" ...
10-09 09:10:51.817    6048-6071/? I/patts﹕ [android_project_file.cc:35] Loading "voices/en-us-x-sfg-phone-hmm/tokenize_and_classify_embedded_android.far" ...
10-09 09:10:51.817    6048-6071/? I/patts﹕ [grm-manager.h:57] Loading FST archive from "voices/en-us-x-sfg-phone-hmm/tokenize_and_classify_embedded_android.far" ...
10-09 09:10:51.877    6048-6071/? I/patts﹕ [android_project_file.cc:35] Loading "voices/en-us-x-sfg-phone-hmm/textnorm_params_embedded.pb" ...
10-09 09:10:52.997    6048-6071/? I/patts﹕ [android_project_file.cc:35] Loading "voices/en-us-x-sfg-phone-hmm/resolve_homographs_simple_us.pb" ...
10-09 09:10:52.997    6048-6071/? I/patts﹕ [android_project_file.cc:35] Loading "voices/en-us-x-sfg-phone-hmm/mapping_grammar_android.far" ...
10-09 09:10:52.997    6048-6071/? I/patts﹕ [grm-manager.h:57] Loading FST archive from "voices/en-us-x-sfg-phone-hmm/mapping_grammar_android.far" ...
10-09 09:10:53.017    6048-6071/? I/patts﹕ [android_project_file.cc:35] Loading "voices/en-us-x-sfg-phone-hmm/roman_numeral_contexts.pb" ...
10-09 09:10:53.017    6048-6071/? I/patts﹕ [android_project_file.cc:35] Loading "voices/en-us-x-sfg-phone-hmm/roman_numeral_android.far" ...
10-09 09:10:53.017    6048-6071/? I/patts﹕ [grm-manager.h:57] Loading FST archive from "voices/en-us-x-sfg-phone-hmm/roman_numeral_android.far" ...
10-09 09:10:53.017    6048-6071/? I/patts﹕ [android_project_file.cc:35] Loading "voices/en-us-x-sfg-phone-hmm/lseq_compact_model_farm32.pb" ...
10-09 09:10:53.017    6048-6071/? I/patts﹕ [android_project_file.cc:35] Loading "voices/en-us-x-sfg-phone-hmm/feats_android.far" ...
10-09 09:10:53.017    6048-6071/? I/patts﹕ [grm-manager.h:57] Loading FST archive from "voices/en-us-x-sfg-phone-hmm/feats_android.far" ...
10-09 09:10:53.017    6048-6071/? I/patts﹕ [ranker.cc:106] LinearLseqRanker: using FarmHash32
10-09 09:10:53.017    6048-6071/? I/patts﹕ [android_project_file.cc:35] Loading "voices/en-us-x-sfg-phone-hmm/verbalize_android.far" ...
10-09 09:10:53.017    6048-6071/? I/patts﹕ [grm-manager.h:57] Loading FST archive from "voices/en-us-x-sfg-phone-hmm/verbalize_android.far" ...
10-09 09:10:53.057    6048-6071/? I/patts﹕ [android_project_file.cc:35] Loading "voices/en-us-x-sfg-phone-hmm/textnorm_params_embedded.pb" ...
10-09 09:10:53.057    6048-6071/? I/patts﹕ [android_project_file.cc:35] Loading "voices/en-us-x-sfg-phone-hmm/resolve_homographs_simple_us.pb" ...
10-09 09:10:53.077    6048-6071/? I/patts﹕ [android_project_file.cc:35] Loading "voices/en-us-x-sfg-phone-hmm/g2p_m3_syls0_stress0_en-US.fst" ...
10-09 09:10:53.087    6048-6071/? I/patts﹕ [compact_fst.cc:31] Loading FST from "voices/en-us-x-sfg-phone-hmm/g2p_m3_syls0_stress0_en-US.fst" ...
10-09 09:10:53.417  20397-20397/? V/WatchCalendarService﹕ internal clock state changed: time to send all to the watch
10-09 09:10:53.427  20397-20397/? V/WearSender﹕ preparing event list for transmission, length(274 bytes)
10-09 09:10:53.427  20397-20397/? V/WearSender﹕ ready to send request
10-09 09:10:53.427  20397-20397/? V/PhoneActivity﹕ Noticed a change in the clock state; saving preferences
10-09 09:10:53.427  20397-20397/? V/PhoneActivity﹕ savePreferences
10-09 09:10:53.427  20397-22300/? V/WearSender﹕ Sending to node: d766314c-4774-46a5-a362-1ee3243ca232
10-09 09:10:53.437  20397-20397/? V/ClockFace﹕ clearing caches
10-09 09:10:53.447   20397-6039/? V/ClockFace﹕ rendering new face, faceMode(2)
10-09 09:10:53.457   20397-6039/? V/ClockFace﹕ fetching new battery status (149)
10-09 09:10:53.457   20397-6039/? V/ClockFace﹕ battery at 0.9
10-09 09:10:53.637    6048-6071/? I/patts﹕ [decoder_impl.cc:78] g2p FST: 57 graphemes, 41 phonemes (with special symbols)
10-09 09:10:53.667    6048-6071/? I/patts﹕ [android_project_file.cc:35] Loading "voices/en-us-x-sfg-phone-hmm/en_us.embedded.model.pb" ...
10-09 09:10:53.667    6048-6071/? I/patts﹕ [android_project_file.cc:35] Loading "voices/en-us-x-sfg-phone-hmm/engine_hmm_22050_ap-embedded_lsp.cfg" ...
10-09 09:10:53.667    6048-6071/? I/patts﹕ [embedded_hmm_synthesizer.cc:21] Embedded HMM synthesizer initialized.
10-09 09:10:53.667    6048-6071/? I/patts﹕ [android_project_file.cc:35] Loading "voices/en-us-x-sfg-phone-hmm/phonology.cfg" ...
10-09 09:10:53.677    6048-6071/? I/patts﹕ [android_project_file.cc:35] Loading "voices/en-us-x-sfg-phone-hmm/compile_hmm_phoneme.cfg" ...
10-09 09:10:53.687    6048-6071/? I/patts﹕ [android_project_file.cc:35] Loading "voices/en-us-x-sfg-phone-hmm/engine_hmm_22050_ap-embedded_lsp.cfg" ...
10-09 09:10:53.687    6048-6071/? I/patts﹕ [android_project_file.cc:35] Loading "voices/en-us-x-sfg-phone-hmm/patts1_hmm_voice_en_us_sfg_prod_22050_phoneme_lsp_swop_ap_msd_bin_8bit.voice" ...
10-09 09:10:53.717    6048-6071/? E/patts﹕ [io_section_tags.cc:114] Opening tag "F0-BOX-COX-LAMBDA" not found
10-09 09:10:54.427  20397-20397/? V/WatchCalendarService﹕ internal clock state changed: time to send all to the watch
10-09 09:10:54.437  20397-20397/? V/WearSender﹕ preparing event list for transmission, length(274 bytes)
10-09 09:10:54.437  20397-20397/? V/WearSender﹕ ready to send request
10-09 09:10:54.437  20397-20397/? V/PhoneActivity﹕ Noticed a change in the clock state; saving preferences
10-09 09:10:54.437  20397-20397/? V/PhoneActivity﹕ savePreferences
10-09 09:10:54.437  20397-22301/? V/WearSender﹕ Sending to node: d766314c-4774-46a5-a362-1ee3243ca232
10-09 09:10:54.447  20397-20397/? V/ClockFace﹕ clearing caches
10-09 09:10:54.447   20397-6039/? V/ClockFace﹕ rendering new face, faceMode(1)
10-09 09:10:54.457   20397-6039/? V/ClockFace﹕ fetching new battery status (204)
10-09 09:10:54.457   20397-6039/? V/ClockFace﹕ battery at 0.9
10-09 09:10:55.567    2715-6089/? D/dalvikvm﹕ GC_FOR_ALLOC freed 1837K, 18% free 25751K/31164K, paused 119ms, total 119ms
10-09 09:10:55.587     819-3652/? I/ActivityManager﹕ Process com.facebook.orca (pid 19800) has died.
10-09 09:10:55.587     819-3652/? W/ActivityManager﹕ Scheduling restart of crashed service com.facebook.orca/com.facebook.push.mqtt.service.MqttPushService in 1000ms
10-09 09:10:55.617    1208-1212/? D/dalvikvm﹕ GC_CONCURRENT freed 738K, 15% free 19446K/22704K, paused 1ms+1ms, total 17ms
10-09 09:10:55.737    1208-6370/? D/dalvikvm﹕ GC_FOR_ALLOC freed 181K, 15% free 19457K/22704K, paused 15ms, total 15ms
10-09 09:10:55.797  20397-20397/? V/WatchCalendarService﹕ internal clock state changed: time to send all to the watch
10-09 09:10:55.797  20397-20397/? V/WearSender﹕ preparing event list for transmission, length(274 bytes)
10-09 09:10:55.797  20397-20397/? V/WearSender﹕ ready to send request
10-09 09:10:55.797  20397-20397/? V/PhoneActivity﹕ Noticed a change in the clock state; saving preferences
10-09 09:10:55.797  20397-20397/? V/PhoneActivity﹕ savePreferences
10-09 09:10:55.797  20397-28244/? V/WearSender﹕ Sending to node: d766314c-4774-46a5-a362-1ee3243ca232
10-09 09:10:55.807  20397-20397/? V/ClockFace﹕ clearing caches
10-09 09:10:55.817   20397-6039/? V/ClockFace﹕ rendering new face, faceMode(2)
10-09 09:10:55.817   20397-6039/? V/ClockFace﹕ fetching new battery status (275)
10-09 09:10:55.817   20397-6039/? V/ClockFace﹕ battery at 0.9
10-09 09:10:55.867    1208-6370/? I/GLSUser﹕ [i] extracting token using key:Auth
10-09 09:10:55.887    1208-6370/? W/GLSUser﹕ [i][i] Permission for com.google.android.talk to access oauth2:https://www.googleapis.com/auth/chat https://www.googleapis.com/auth/plus.me https://www.googleapis.com/auth/hangouts https://www.googleapis.com/auth/identity.plus.page.impersonation https://www.googleapis.com/auth/chat.native will be managed locally.
10-09 09:10:56.617      819-845/? I/ActivityManager﹕ Start proc com.facebook.orca for service com.facebook.orca/com.facebook.push.mqtt.service.MqttPushService: pid=6118 uid=10188 gids={50188, 3003, 1028, 1015}
10-09 09:10:56.767    6118-6118/? D/ACRA﹕ ACRA is enabled for com.facebook.orca, intializing...
10-09 09:10:56.777    6118-6118/? D/ACRA﹕ Looking for error files in /data/data/com.facebook.orca/app_acra-reports
10-09 09:10:56.777    6118-6118/? D/ACRA﹕ Looking for error files in /data/data/com.facebook.orca/app_minidumps
10-09 09:10:56.777    6118-6118/? D/dalvikvm﹕ Trying to load lib /data/app-lib/com.facebook.orca-1/libfb_stl_shared.so 0x4329f690
10-09 09:10:56.797    6118-6118/? D/dalvikvm﹕ Added shared lib /data/app-lib/com.facebook.orca-1/libfb_stl_shared.so 0x4329f690
10-09 09:10:56.797    6118-6118/? D/dalvikvm﹕ No JNI_OnLoad found in /data/app-lib/com.facebook.orca-1/libfb_stl_shared.so 0x4329f690, skipping init
10-09 09:10:56.797    6118-6118/? D/SoLoader﹕ found fb_stl_shared in default place
10-09 09:10:56.797    6118-6118/? D/dalvikvm﹕ Trying to load lib /data/app-lib/com.facebook.orca-1/libfb_breakpad_client.so 0x4329f690
10-09 09:10:56.807    6118-6118/? D/dalvikvm﹕ Added shared lib /data/app-lib/com.facebook.orca-1/libfb_breakpad_client.so 0x4329f690
10-09 09:10:56.807    6118-6118/? D/SoLoader﹕ found fb_breakpad_client in default place
10-09 09:10:56.827    6118-6122/? D/dalvikvm﹕ GC_CONCURRENT freed 329K, 14% free 17324K/20128K, paused 3ms+4ms, total 19ms
10-09 09:10:56.837    6118-6118/? W/OrcaGuiceModule﹕ Sig: ijxLJi1yGs1JpL-X1SExmchvork
10-09 09:10:56.847    6118-6118/? D/dalvikvm﹕ Trying to load lib /data/app-lib/com.facebook.orca-1/libfb_dalvik-internals.so 0x4329f690
10-09 09:10:56.857    6118-6118/? D/dalvikvm﹕ Added shared lib /data/app-lib/com.facebook.orca-1/libfb_dalvik-internals.so 0x4329f690
10-09 09:10:56.857    6118-6118/? D/SoLoader﹕ found fb_dalvik-internals in default place
10-09 09:10:56.857    6118-6118/? I/dalvik-internals﹕ Successfully looked up JNI_GetCreatedJavaVMs: ptr=0x41594a95 sz=0
10-09 09:10:56.857    6118-6118/? I/dalvik-internals﹕ Successfully looked up gDvm: ptr=0x415f61f0 sz=0
10-09 09:10:56.857    6118-6118/? I/dalvik-internals﹕ Successfully looked up dvmResolveClass: ptr=0x415b3539 sz=196
10-09 09:10:56.857    6118-6118/? I/dalvik-internals﹕ Successfully looked up dvmFlushBreakpoints: ptr=0x41571504 sz=172
10-09 09:10:56.857    6118-6118/? I/dalvik-internals﹕ Successfully looked up dvmSuspendAllThreads: ptr=0x4159c079 sz=0
10-09 09:10:56.857    6118-6118/? I/dalvik-internals﹕ Successfully looked up dvmResumeAllThreads: ptr=0x4159bd01 sz=0
10-09 09:10:56.857    6118-6118/? E/dalvik-internals﹕ Failed to look up ladDumpProfiles
10-09 09:10:56.857    6118-6118/? E/dalvik-internals﹕ Failed to look up ladResetProfiles
10-09 09:10:56.857    6118-6118/? E/dalvik-internals﹕ Failed to look up ladPrintHeaderInfo
10-09 09:10:56.857    6118-6118/? V/DexLibLoader﹕ about to lock odex store
10-09 09:10:56.857    6118-6118/? V/DexLibLoader﹕ locking odex store took 2 ms
10-09 09:10:56.857    6118-6118/? V/DexLibLoader﹕ Secondary program dex metadata: secondary-1.dex.jar 0c1519c3e45decf908b0bc686c09a6bffd71de1e secondary.dex01.Canary
10-09 09:10:56.857    6118-6118/? V/DexLibLoader﹕ Secondary program dex metadata: secondary-2.dex.jar 831bb55a83df96f029f7f4c18757c3adb16f5129 secondary.dex02.Canary
10-09 09:10:56.857    6118-6118/? V/DexLibLoader﹕ directory "/data/data/com.facebook.orca/app_secondary_program_dex" contains "program-0c1519c3e45decf908b0bc686c09a6bffd71de1e857d6ea.dex.jar" as expected
10-09 09:10:56.857    6118-6118/? V/DexLibLoader﹕ directory "/data/data/com.facebook.orca/app_secondary_program_dex" contains "program-831bb55a83df96f029f7f4c18757c3adb16f5129857d6ea.dex.jar" as expected
10-09 09:10:56.857    6118-6118/? D/DexLibLoader﹕ ignoring file "program-0c1519c3e45decf908b0bc686c09a6bffd71de1e857d6ea.dex.odex" in "/data/data/com.facebook.orca/app_secondary_program_dex"
10-09 09:10:56.857    6118-6118/? D/DexLibLoader﹕ ignoring file "program-831bb55a83df96f029f7f4c18757c3adb16f5129857d6ea.dex.odex" in "/data/data/com.facebook.orca/app_secondary_program_dex"
10-09 09:10:56.857    6118-6118/? D/DexLibLoader﹕ directory "/data/data/com.facebook.orca/app_secondary_program_dex" is valid
10-09 09:10:56.857    6118-6118/? D/DexLibLoader﹕ ignoring file "primary_deps" in "/data/data/com.facebook.orca/app_secondary_program_dex_opt"
10-09 09:10:56.857    6118-6118/? V/DexLibLoader﹕ directory "/data/data/com.facebook.orca/app_secondary_program_dex_opt" contains "program-0c1519c3e45decf908b0bc686c09a6bffd71de1e857d6ea.dex.dex" as expected
10-09 09:10:56.867    6118-6118/? V/DexLibLoader﹕ directory "/data/data/com.facebook.orca/app_secondary_program_dex_opt" contains "program-831bb55a83df96f029f7f4c18757c3adb16f5129857d6ea.dex.dex" as expected
10-09 09:10:56.867    6118-6118/? D/DexLibLoader﹕ directory "/data/data/com.facebook.orca/app_secondary_program_dex_opt" is valid
10-09 09:10:56.867     951-6137/? D/dalvikvm﹕ GC_FOR_ALLOC freed 4226K, 56% free 22621K/50960K, paused 17ms, total 17ms
10-09 09:10:56.877    6118-6118/? D/DexLibLoader﹕ loading pre-built cross-dex opt odex files
10-09 09:10:56.877    6118-6118/? D/dalvik-internals﹕ successfully hooked dvmResolveClass using jump
10-09 09:10:56.877    6118-6118/? D/dalvik-internals﹕ successfully hooked dvmFlushBreakpoints using jump
10-09 09:10:56.907    6118-6118/? D/DexLibLoader﹕ released odex store lock
10-09 09:10:56.907    6118-6118/? D/DexLibLoader﹕ DexLibLoader.loadAll took 61 ms
10-09 09:10:56.997      819-857/? D/dalvikvm﹕ GC_FOR_ALLOC freed 5433K, 31% free 53481K/76684K, paused 110ms, total 110ms
10-09 09:10:57.027     951-1193/? D/dalvikvm﹕ GC_FOR_ALLOC freed 1026K, 56% free 22632K/50960K, paused 24ms, total 24ms
10-09 09:10:57.047    6118-6122/? D/dalvikvm﹕ GC_CONCURRENT freed 242K, 14% free 17479K/20196K, paused 2ms+3ms, total 21ms
10-09 09:10:57.127    6118-6122/? D/dalvikvm﹕ GC_CONCURRENT freed 222K, 14% free 17662K/20360K, paused 3ms+1ms, total 14ms
10-09 09:10:57.157    819-14448/? D/dalvikvm﹕ GC_FOR_ALLOC freed 2810K, 31% free 53231K/76684K, paused 109ms, total 109ms
10-09 09:10:57.177     951-1193/? D/dalvikvm﹕ GC_FOR_ALLOC freed 121K, 54% free 23557K/50960K, paused 17ms, total 17ms
10-09 09:10:57.197     819-3652/? I/ActivityManager﹕ START u0 {act=com.android.systemui.recent.action.TOGGLE_RECENTS flg=0x10800000 cmp=com.android.systemui/.recent.RecentsActivity (has extras)} from pid 951
10-09 09:10:57.207  20397-20397/? V/PhoneActivity﹕ Pause!
10-09 09:10:57.207  20397-20397/? V/MyViewAnim﹕ pausing animation
10-09 09:10:57.217  20397-20400/? D/dalvikvm﹕ GC_CONCURRENT freed 305K, 14% free 17772K/20552K, paused 1ms+2ms, total 16ms
10-09 09:10:57.227     951-1193/? D/dalvikvm﹕ GC_FOR_ALLOC freed 99K, 51% free 25398K/50960K, paused 16ms, total 16ms
10-09 09:10:57.237    6118-6122/? D/dalvikvm﹕ GC_CONCURRENT freed 158K, 13% free 17899K/20532K, paused 2ms+2ms, total 20ms
10-09 09:10:57.287  20397-20397/? V/MyViewAnim﹕ Drawing surface destroyed!
10-09 09:10:57.287  20397-20397/? V/MyViewAnim﹕ stopping animation!
10-09 09:10:57.287   20397-6039/? V/MyViewAnim﹕ looper finished!
10-09 09:10:57.317    6118-6122/? D/dalvikvm﹕ GC_CONCURRENT freed 130K, 13% free 18169K/20776K, paused 2ms+3ms, total 27ms
10-09 09:10:57.397     951-1193/? D/dalvikvm﹕ GC_FOR_ALLOC freed 255K, 47% free 27331K/50960K, paused 20ms, total 21ms
10-09 09:10:57.447    6118-6122/? D/dalvikvm﹕ GC_CONCURRENT freed 193K, 13% free 18489K/21156K, paused 3ms+1ms, total 31ms
10-09 09:10:57.447    6118-6118/? D/dalvikvm﹕ WAIT_FOR_CONCURRENT_GC blocked 12ms
10-09 09:10:57.517      951-955/? D/dalvikvm﹕ GC_CONCURRENT freed 270K, 41% free 30371K/50960K, paused 1ms+3ms, total 22ms
10-09 09:10:57.517     951-1193/? D/dalvikvm﹕ WAIT_FOR_CONCURRENT_GC blocked 15ms
10-09 09:10:57.557    6118-6122/? D/dalvikvm﹕ GC_CONCURRENT freed 175K, 13% free 18771K/21420K, paused 1ms+2ms, total 21ms
10-09 09:10:57.577  20397-20397/? V/PhoneActivity﹕ Stop!
10-09 09:10:57.577  20397-20397/? V/MyViewAnim﹕ stopping animation!
10-09 09:10:57.647    6118-6122/? D/dalvikvm﹕ GC_CONCURRENT freed 180K, 13% free 19103K/21756K, paused 3ms+1ms, total 22ms
10-09 09:10:57.717    6118-6122/? D/dalvikvm﹕ GC_CONCURRENT freed 388K, 13% free 19350K/22212K, paused 1ms+2ms, total 22ms
10-09 09:10:57.717    6118-6118/? D/dalvikvm﹕ WAIT_FOR_CONCURRENT_GC blocked 13ms
10-09 09:10:57.717    6118-6118/? W/msgr(:<default>):bp﹕ Verify
10-09 09:10:57.817    6118-6122/? D/dalvikvm﹕ GC_CONCURRENT freed 590K, 14% free 19472K/22540K, paused 3ms+1ms, total 25ms
10-09 09:10:57.817    6118-6118/? D/dalvikvm﹕ WAIT_FOR_CONCURRENT_GC blocked 10ms
10-09 09:10:57.847    6118-6152/? W/msgr(:<default>):s﹕ willEventBeLogged() called before shared prefs were initialized! Defaulting to true.
10-09 09:10:57.917    6118-6122/? D/dalvikvm﹕ GC_CONCURRENT freed 463K, 13% free 19763K/22700K, paused 2ms+1ms, total 25ms
10-09 09:10:57.957    6118-6118/? E/dalvikvm﹕ Could not find class 'org.apache.harmony.xnet.provider.jsse.OpenSSLSocketImpl', referenced from method com.facebook.ssl.openssl.a.c.<clinit>
10-09 09:10:57.957    6118-6118/? W/dalvikvm﹕ VFY: unable to resolve const-class 10550 (Lorg/apache/harmony/xnet/provider/jsse/OpenSSLSocketImpl;) in Lcom/facebook/ssl/openssl/a/c;
10-09 09:10:57.957    6118-6118/? D/dalvikvm﹕ VFY: replacing opcode 0x1c at 0x000d
10-09 09:10:57.957    6118-6118/? E/dalvikvm﹕ Could not find class 'org.apache.harmony.xnet.provider.jsse.OpenSSLSocketFactoryImpl', referenced from method com.facebook.ssl.openssl.b.b.<clinit>
10-09 09:10:57.957    6118-6118/? W/dalvikvm﹕ VFY: unable to resolve const-class 10549 (Lorg/apache/harmony/xnet/provider/jsse/OpenSSLSocketFactoryImpl;) in Lcom/facebook/ssl/openssl/b/b;
10-09 09:10:57.957    6118-6118/? D/dalvikvm﹕ VFY: replacing opcode 0x1c at 0x000d
10-09 09:10:57.957    6118-6118/? E/dalvikvm﹕ Could not find class 'org.apache.harmony.xnet.provider.jsse.SSLParametersImpl', referenced from method com.facebook.ssl.openssl.b.b.a
10-09 09:10:57.957    6118-6118/? W/dalvikvm﹕ VFY: unable to resolve check-cast 10552 (Lorg/apache/harmony/xnet/provider/jsse/SSLParametersImpl;) in Lcom/facebook/ssl/openssl/b/b;
