10-09 09:10:57.957    6118-6118/? D/dalvikvm﹕ VFY: replacing opcode 0x1f at 0x0006
10-09 09:10:57.957    6118-6118/? E/dalvikvm﹕ Could not find class 'org.apache.harmony.xnet.provider.jsse.SSLParametersImpl', referenced from method com.facebook.ssl.openssl.b.c.<clinit>
10-09 09:10:57.957    6118-6118/? W/dalvikvm﹕ VFY: unable to resolve const-class 10552 (Lorg/apache/harmony/xnet/provider/jsse/SSLParametersImpl;) in Lcom/facebook/ssl/openssl/b/c;
10-09 09:10:57.957    6118-6118/? D/dalvikvm﹕ VFY: replacing opcode 0x1c at 0x000d
10-09 09:10:57.957    6118-6118/? W/dalvikvm﹕ VFY: unable to find class referenced in signature (Lorg/apache/harmony/xnet/provider/jsse/SSLParametersImpl;)
10-09 09:10:57.957    6118-6118/? E/dalvikvm﹕ Could not find class 'org.apache.harmony.xnet.provider.jsse.ClientSessionContext', referenced from method com.facebook.ssl.openssl.b.c.a
10-09 09:10:57.957    6118-6118/? W/dalvikvm﹕ VFY: unable to resolve check-cast 10548 (Lorg/apache/harmony/xnet/provider/jsse/ClientSessionContext;) in Lcom/facebook/ssl/openssl/b/c;
10-09 09:10:57.957    6118-6118/? D/dalvikvm﹕ VFY: replacing opcode 0x1f at 0x0006
10-09 09:10:57.957    6118-6118/? W/dalvikvm﹕ VFY: unable to find class referenced in signature (Lorg/apache/harmony/xnet/provider/jsse/SSLParametersImpl;)
10-09 09:10:57.957    6118-6118/? W/dalvikvm﹕ Unable to resolve superclass of Lcom/facebook/ssl/openssl/TicketEnabledOpenSSLSocketImplWrapper; (10551)
10-09 09:10:57.957    6118-6118/? W/dalvikvm﹕ Link of class 'Lcom/facebook/ssl/openssl/TicketEnabledOpenSSLSocketImplWrapper;' failed
10-09 09:10:57.957    6118-6118/? E/dalvikvm﹕ Could not find class 'com.facebook.ssl.openssl.TicketEnabledOpenSSLSocketImplWrapper', referenced from method com.facebook.ssl.openssl.b.a
10-09 09:10:57.957    6118-6118/? W/dalvikvm﹕ VFY: unable to resolve new-instance 6782 (Lcom/facebook/ssl/openssl/TicketEnabledOpenSSLSocketImplWrapper;) in Lcom/facebook/ssl/openssl/b;
10-09 09:10:57.957    6118-6118/? D/dalvikvm﹕ VFY: replacing opcode 0x22 at 0x0000
10-09 09:10:57.957    6118-6118/? W/dalvikvm﹕ Unable to resolve superclass of Lcom/facebook/ssl/openssl/TicketEnabledOpenSSLSocketImplWrapper; (10551)
10-09 09:10:57.957    6118-6118/? W/dalvikvm﹕ Link of class 'Lcom/facebook/ssl/openssl/TicketEnabledOpenSSLSocketImplWrapper;' failed
10-09 09:10:57.957    6118-6118/? D/dalvikvm﹕ DexOpt: unable to opt direct call 0x958a at 0x08 in Lcom/facebook/ssl/openssl/b;.a
10-09 09:10:58.007    6118-6122/? D/dalvikvm﹕ GC_CONCURRENT freed 663K, 14% free 19956K/23092K, paused 3ms+2ms, total 30ms
10-09 09:10:58.007    6118-6118/? D/dalvikvm﹕ WAIT_FOR_CONCURRENT_GC blocked 6ms
10-09 09:10:58.057    6118-6165/? D/dalvikvm﹕ Trying to load lib /data/app-lib/com.facebook.orca-1/libfb_stl_shared.so 0x4329f690
10-09 09:10:58.057    6118-6165/? D/dalvikvm﹕ Shared lib '/data/app-lib/com.facebook.orca-1/libfb_stl_shared.so' already loaded in same CL 0x4329f690
10-09 09:10:58.057    6118-6165/? D/SoLoader﹕ found fb_stl_shared in default place
10-09 09:10:58.057    6118-6165/? D/dalvikvm﹕ Trying to load lib /data/app-lib/com.facebook.orca-1/libfb.so 0x4329f690
10-09 09:10:58.067    6118-6165/? D/dalvikvm﹕ Added shared lib /data/app-lib/com.facebook.orca-1/libfb.so 0x4329f690
10-09 09:10:58.067    6118-6165/? D/dalvikvm﹕ No JNI_OnLoad found in /data/app-lib/com.facebook.orca-1/libfb.so 0x4329f690, skipping init
10-09 09:10:58.067    6118-6165/? D/SoLoader﹕ found fb in default place
10-09 09:10:58.067    6118-6165/? D/dalvikvm﹕ Trying to load lib /data/app-lib/com.facebook.orca-1/libfb_breakpad_client.so 0x4329f690
10-09 09:10:58.067    6118-6165/? D/dalvikvm﹕ Shared lib '/data/app-lib/com.facebook.orca-1/libfb_breakpad_client.so' already loaded in same CL 0x4329f690
10-09 09:10:58.067    6118-6165/? D/SoLoader﹕ found fb_breakpad_client in default place
10-09 09:10:58.067    6118-6165/? D/dalvikvm﹕ Trying to load lib /data/app-lib/com.facebook.orca-1/libfbjni.so 0x4329f690
10-09 09:10:58.067    6118-6165/? D/dalvikvm﹕ Added shared lib /data/app-lib/com.facebook.orca-1/libfbjni.so 0x4329f690
10-09 09:10:58.067    6118-6165/? D/SoLoader﹕ found fbjni in default place
10-09 09:10:58.067    6118-6165/? D/dalvikvm﹕ Trying to load lib /data/app-lib/com.facebook.orca-1/libheartbleed.so 0x4329f690
10-09 09:10:58.067    6118-6165/? D/dalvikvm﹕ Added shared lib /data/app-lib/com.facebook.orca-1/libheartbleed.so 0x4329f690
10-09 09:10:58.067    6118-6165/? D/SoLoader﹕ found heartbleed in default place
10-09 09:10:58.127   24451-6168/? I/Babel﹕ Account selfinfo retrieved: Redacted-18
10-09 09:10:58.127   24451-6168/? I/Babel﹕ Retrieved account setting:Redacted-18
10-09 09:10:58.387    6118-6122/? D/dalvikvm﹕ GC_CONCURRENT freed 673K, 14% free 20201K/23348K, paused 3ms+1ms, total 48ms
10-09 09:10:58.387    6118-6162/? D/dalvikvm﹕ WAIT_FOR_CONCURRENT_GC blocked 10ms
10-09 09:10:58.407     819-1198/? I/ActivityManager﹕ Killing 20397:org.dwallach.calwatch/u0a210 (adj 16): remove task
10-09 09:10:58.417     819-1202/? W/ActivityManager﹕ Scheduling restart of crashed service org.dwallach.calwatch/.WatchCalendarService in 1000ms
10-09 09:10:58.587  24451-24455/? D/dalvikvm﹕ GC_CONCURRENT freed 4314K, 23% free 32830K/42256K, paused 4ms+3ms, total 55ms
10-09 09:10:58.587   24451-6188/? D/dalvikvm﹕ WAIT_FOR_CONCURRENT_GC blocked 38ms
10-09 09:10:58.897      819-868/? I/ActivityManager﹕ START u0 {act=android.intent.action.MAIN cat=[android.intent.category.HOME] flg=0x10200000 cmp=com.google.android.googlequicksearchbox/com.google.android.launcher.GEL} from pid 819
10-09 09:10:59.007      819-868/? D/dalvikvm﹕ GC_FOR_ALLOC freed 4165K, 32% free 52434K/76684K, paused 99ms, total 100ms
10-09 09:10:59.047    1166-1166/? I/GEL﹕ handleIntent(Intent { act=android.intent.action.MAIN cat=[android.intent.category.HOME] flg=0x10600000 cmp=com.google.android.googlequicksearchbox/com.google.android.launcher.GEL })
10-09 09:10:59.057    1166-1166/? W/HandlerScheduledExecuto﹕ Task does not implement UiTask. Consider using NamedUiRunnable for eww@4391f618
10-09 09:10:59.067      951-955/? D/dalvikvm﹕ GC_CONCURRENT freed 685K, 34% free 33994K/50960K, paused 2ms+9ms, total 37ms
10-09 09:10:59.097    1208-1212/? D/dalvikvm﹕ GC_CONCURRENT freed 726K, 15% free 19483K/22704K, paused 2ms+2ms, total 37ms
10-09 09:10:59.097   1208-11316/? D/dalvikvm﹕ WAIT_FOR_CONCURRENT_GC blocked 5ms
10-09 09:10:59.127      819-844/? W/ResourceType﹕ Skipping entry 0x7f05000e in package table 0 because it is not complex!
10-09 09:10:59.127      819-844/? W/ResourceType﹕ Skipping entry 0x7f05000f in package table 0 because it is not complex!
10-09 09:10:59.167    1484-6201/? I/MicrophoneInputStream﹕ mic_starting fib@4332e640
10-09 09:10:59.167    1484-6206/? I/HotwordRecognitionRnr﹕ Starting hotword detection.
10-09 09:10:59.207     189-6207/? D/audio_hw_primary﹕ select_devices: out_snd_device(0: ) in_snd_device(35: voice-rec-mic)
10-09 09:10:59.207     189-6207/? D/﹕ Failed to fetch the lookup information of the device 0000003E
10-09 09:10:59.207     189-6207/? E/ACDB-LOADER﹕ Error: ACDB AudProc vol returned = -19
10-09 09:10:59.257    1208-1212/? D/dalvikvm﹕ GC_CONCURRENT freed 760K, 15% free 19483K/22716K, paused 1ms+2ms, total 24ms
10-09 09:10:59.257    1208-1218/? D/dalvikvm﹕ WAIT_FOR_CONCURRENT_GC blocked 5ms
10-09 09:10:59.257    1208-1208/? D/dalvikvm﹕ WAIT_FOR_CONCURRENT_GC blocked 6ms
10-09 09:10:59.257   1208-11316/? D/dalvikvm﹕ WAIT_FOR_CONCURRENT_GC blocked 6ms
10-09 09:10:59.297    1484-1484/? I/HotwordWorker﹕ onReady
10-09 09:10:59.317  17692-17696/? D/dalvikvm﹕ GC_CONCURRENT freed 976K, 22% free 20136K/25536K, paused 2ms+2ms, total 33ms
10-09 09:10:59.347  17692-17904/? I/Icing﹕ Usage reports 1 indexed 0 rejected 0 denied 0 imm upload true
10-09 09:10:59.447      819-845/? I/ActivityManager﹕ Start proc org.dwallach.calwatch for service org.dwallach.calwatch/.WatchCalendarService: pid=6212 uid=10210 gids={50210, 1028, 1015}
10-09 09:10:59.507    6212-6212/? V/WatchCalendarService﹕ starting calendar fetcher
10-09 09:10:59.507    6212-6212/? V/CalendarFetcher﹕ starting fetcher thread
10-09 09:10:59.517    6212-6212/? V/WatchCalendarService﹕ service created!
10-09 09:10:59.517    6212-6225/? V/CalendarFetcher﹕ run: starting
10-09 09:10:59.527    6212-6225/? V/CalendarFetcher﹕ starting to load content
10-09 09:10:59.537    6212-6216/? D/dalvikvm﹕ JIT code cache reset in 0 ms (0 bytes 3/0)
10-09 09:10:59.537    6212-6216/? D/dalvikvm﹕ GC_CONCURRENT freed 377K, 15% free 17345K/20196K, paused 2ms+2ms, total 18ms
10-09 09:10:59.537    6212-6212/? D/dalvikvm﹕ WAIT_FOR_CONCURRENT_GC blocked 7ms
10-09 09:10:59.537    6212-6225/? D/dalvikvm﹕ WAIT_FOR_CONCURRENT_GC blocked 7ms
10-09 09:10:59.557    6212-6212/? V/WatchCalendarService﹕ service starting!
10-09 09:10:59.557    6212-6225/? V/CalendarFetcher﹕ Query times... Now: October 9, 9:10 AM, QueryStart: October 9, 9:00 AM, QueryEnd: October 10, 9:00 AM
10-09 09:10:59.567    6212-6212/? D/WearableClient﹕ WearableClientImpl.onPostInitHandler: done
10-09 09:10:59.567    6212-6212/? V/WatchCalendarService﹕ Google API connected!
10-09 09:10:59.567    6212-6212/? V/WearSender﹕ onCreate!
10-09 09:10:59.577    6212-6212/? D/WearableClient﹕ WearableClientImpl.onPostInitHandler: done
10-09 09:10:59.577    6212-6212/? V/WearSender﹕ connected to Google API!
10-09 09:10:59.587    6212-6225/? V/CalendarFetcher﹕ database found instances(10)
10-09 09:10:59.587    6212-6225/? V/WatchCalendarService﹕ New calendar state to send to watch!
10-09 09:10:59.587    6212-6225/? V/WatchCalendarService﹕ internal clock state changed: time to send all to the watch
10-09 09:10:59.607    6212-6216/? D/dalvikvm﹕ GC_CONCURRENT freed 342K, 14% free 17438K/20252K, paused 1ms+1ms, total 12ms
10-09 09:10:59.607    6212-6225/? V/WearSender﹕ preparing event list for transmission, length(274 bytes)
10-09 09:10:59.607    6212-6225/? V/WearSender﹕ ready to send request
10-09 09:10:59.607    6212-6229/? V/WearSender﹕ Sending to node: d766314c-4774-46a5-a362-1ee3243ca232
10-09 09:10:59.767    1484-2873/? I/MicrophoneInputStream﹕ mic_close fib@4332e640
10-09 09:10:59.827    1484-2874/? I/HotwordRecognitionRnr﹕ Stopping hotword detection.
10-09 09:10:59.827    1484-6206/? I/HotwordRecognitionRnr﹕ Hotword detection finished
10-09 09:10:59.857    1208-1212/? D/dalvikvm﹕ GC_CONCURRENT freed 751K, 15% free 19473K/22716K, paused 2ms+4ms, total 30ms
10-09 09:11:00.937      819-857/? I/ActivityManager﹕ START u0 {act=android.intent.action.MAIN cat=[android.intent.category.LAUNCHER] flg=0x10200000 cmp=org.dwallach.calwatch/.PhoneActivity (has extras)} from pid 1166
10-09 09:11:00.987    6212-6212/? V/PhoneActivity﹕ Create!
10-09 09:11:00.987    6212-6212/? V/PhoneActivity﹕ Start!
10-09 09:11:00.987    6212-6212/? V/PhoneActivity﹕ And in the beginning ...
10-09 09:11:00.987    6212-6212/? V/PhoneActivity﹕ reconnecting clock state
10-09 09:11:00.987    6212-6212/? V/BatteryWrapper﹕ Hmm, a new context
10-09 09:11:01.067    6212-6212/? V/MyViewAnim﹕ setup!
10-09 09:11:01.067    6212-6212/? V/MyViewAnim﹕ initializing ClockFace
10-09 09:11:01.067    6212-6212/? V/ClockFace﹕ ClockFace setup!
10-09 09:11:01.067    6212-6212/? V/ClockFace﹕ clearing caches
10-09 09:11:01.067    6212-6212/? V/ClockState﹕ clipping 10 raw events to fit the screen
10-09 09:11:01.107    6212-6216/? D/dalvikvm﹕ GC_CONCURRENT freed 204K, 14% free 17644K/20360K, paused 1ms+2ms, total 16ms
10-09 09:11:01.157    6212-6212/? V/EventLayoutUniform﹕ Event layout success.
10-09 09:11:01.167    6212-6212/? V/EventLayoutUniform﹕ Event layout time: 98.637812 ms
10-09 09:11:01.167    6212-6212/? V/ClockState﹕ maxLevel for new events: 10000
10-09 09:11:01.167    6212-6212/? V/ClockState﹕ number of new events: 9
10-09 09:11:01.177    6212-6212/? V/PhoneActivity﹕ registering callback
10-09 09:11:01.177    6212-6212/? V/WakeupReceiver﹕ Kickstart launching intent
10-09 09:11:01.187    6212-6212/? V/PhoneActivity﹕ loadPreferences
10-09 09:11:01.187    6212-6212/? V/WatchCalendarService﹕ internal clock state changed: time to send all to the watch
10-09 09:11:01.187    6212-6212/? V/WearSender﹕ preparing event list for transmission, length(274 bytes)
10-09 09:11:01.187    6212-6212/? V/WearSender﹕ ready to send request
10-09 09:11:01.197    6212-6212/? V/PhoneActivity﹕ Noticed a change in the clock state; saving preferences
10-09 09:11:01.197    6212-6212/? V/PhoneActivity﹕ savePreferences
10-09 09:11:01.197    6212-6212/? V/ClockFace﹕ clearing caches
10-09 09:11:01.197    6212-6212/? V/WatchCalendarService﹕ internal clock state changed: time to send all to the watch
10-09 09:11:01.197    6212-6246/? V/WearSender﹕ Sending to node: d766314c-4774-46a5-a362-1ee3243ca232
10-09 09:11:01.197    6212-6212/? V/WearSender﹕ preparing event list for transmission, length(274 bytes)
10-09 09:11:01.197    6212-6212/? V/WearSender﹕ ready to send request
10-09 09:11:01.207    6212-6216/? D/dalvikvm﹕ GC_CONCURRENT freed 428K, 15% free 17633K/20540K, paused 2ms+1ms, total 16ms
10-09 09:11:01.207    1437-1541/? D/dalvikvm﹕ GC_FOR_ALLOC freed 204K, 15% free 17629K/20640K, paused 13ms, total 13ms
10-09 09:11:01.217    6212-6212/? V/PhoneActivity﹕ Noticed a change in the clock state; saving preferences
10-09 09:11:01.217    6212-6212/? V/PhoneActivity﹕ savePreferences
10-09 09:11:01.217    6212-6212/? V/ClockFace﹕ clearing caches
10-09 09:11:01.217    6212-6212/? V/PhoneActivity﹕ Resume!
10-09 09:11:01.217    6212-6212/? V/ClockFace﹕ clearing caches
10-09 09:11:01.217    6212-6212/? V/MyViewAnim﹕ new animator starting
10-09 09:11:01.217    6212-6212/? V/MyViewAnim﹕ Time listener is up!
10-09 09:11:01.217    6212-6212/? V/MyViewAnim﹕ starting draw thread from scratch
10-09 09:11:01.217    6212-6250/? V/WearSender﹕ Sending to node: d766314c-4774-46a5-a362-1ee3243ca232
10-09 09:11:01.247    6212-6212/? V/WakeupReceiver﹕ received intent: Intent { act=org.dwallach.calwatch.WAKE flg=0x30 cmp=org.dwallach.calwatch/.WakeupReceiver }
10-09 09:11:01.247    6212-6212/? V/WakeupReceiver﹕ boot-time: set up alarm intent
10-09 09:11:01.247    6212-6251/? V/WakeupReceiver﹕ setting up alarm service
10-09 09:11:01.277    6212-6212/? I/Adreno-EGL﹕ <qeglDrvAPI_eglInitialize:320>: EGL 1.4 QUALCOMM Build: I0404c4692afb8623f95c43aeb6d5e13ed4b30ddbDate: 11/06/13
10-09 09:11:01.307    6212-6212/? D/OpenGLRenderer﹕ Enabling debug mode 0
10-09 09:11:01.327    6212-6212/? V/MyViewAnim﹕ Drawing surface created!
10-09 09:11:01.327    6212-6212/? V/ClockFace﹕ clearing caches
10-09 09:11:01.327    6212-6212/? V/MyViewAnim﹕ resuming old animator!
10-09 09:11:01.327    6212-6212/? V/MyViewAnim﹕ Drawing surface changed!
10-09 09:11:01.327    6212-6212/? V/ClockFace﹕ clearing caches
10-09 09:11:01.327    6212-6212/? V/MyViewAnim﹕ resuming old animator!
10-09 09:11:01.327    6212-6212/? V/ClockFace﹕ clearing caches
10-09 09:11:01.327    6212-6212/? V/WakeupReceiver﹕ received intent: Intent { flg=0x14 cmp=org.dwallach.calwatch/.WakeupReceiver (has extras) }
10-09 09:11:01.327    6212-6212/? V/WakeupReceiver﹕ attempting to kickstart the watch calendar service
10-09 09:11:01.337    6212-6249/? V/ClockFace﹕ rendering new face, faceMode(2)
10-09 09:11:01.367    6212-6249/? V/ClockFace﹕ fetching new battery status (1)
10-09 09:11:01.367    6212-6249/? V/ClockFace﹕ battery at 0.9
10-09 09:11:01.377    6212-6248/? V/WatchCalendarService﹕ message received!
10-09 09:11:01.377    6212-6248/? V/WearSender﹕ preparing event list for transmission, length(274 bytes)
10-09 09:11:01.377    6212-6248/? V/WearSender﹕ ready to send request
10-09 09:11:01.387    6212-6255/? V/WearSender﹕ Sending to node: d766314c-4774-46a5-a362-1ee3243ca232
10-09 09:11:01.417      819-844/? I/ActivityManager﹕ Displayed org.dwallach.calwatch/.PhoneActivity: +434ms
10-09 09:11:02.107      819-845/? W/BroadcastQueue﹕ Permission Denial: broadcasting Intent { act=android.net.conn.INET_CONDITION_ACTION flg=0x4000010 (has extras) } from null (pid=-1, uid=-1) requires com.facebook.permission.prod.FB_APP_COMMUNICATION due to registered receiver BroadcastFilter{4422d3e8 u0 ReceiverList{44237968 6118 com.facebook.orca/10188/u0 remote:44296af0}}
10-09 09:11:02.107      819-845/? W/BroadcastQueue﹕ Permission Denial: broadcasting Intent { act=android.net.conn.CONNECTIVITY_CHANGE flg=0x4000010 (has extras) } from null (pid=-1, uid=-1) requires com.facebook.permission.prod.FB_APP_COMMUNICATION due to registered receiver BroadcastFilter{4422d3e8 u0 ReceiverList{44237968 6118 com.facebook.orca/10188/u0 remote:44296af0}}
10-09 09:11:02.147    6118-6122/? D/dalvikvm﹕ GC_CONCURRENT freed 798K, 14% free 20404K/23676K, paused 2ms+2ms, total 31ms
10-09 09:11:02.147    6118-6118/? D/dalvikvm﹕ WAIT_FOR_CONCURRENT_GC blocked 5ms
10-09 09:11:02.147    6118-6164/? D/dalvikvm﹕ WAIT_FOR_CONCURRENT_GC blocked 5ms
10-09 09:11:02.327    6118-6122/? D/dalvikvm﹕ GC_CONCURRENT freed 969K, 15% free 20499K/23944K, paused 4ms+2ms, total 52ms
10-09 09:11:02.327    6118-6118/? D/dalvikvm﹕ WAIT_FOR_CONCURRENT_GC blocked 20ms
10-09 09:11:02.347    6118-6118/? W/msgr(:<default>):a﹕ Attempt to start service that is already started
10-09 09:11:02.437      819-845/? W/BroadcastQueue﹕ Permission Denial: broadcasting Intent { act=android.net.conn.CONNECTIVITY_CHANGE flg=0x4000010 (has extras) } from null (pid=-1, uid=-1) requires com.facebook.permission.prod.FB_APP_COMMUNICATION due to registered receiver BroadcastFilter{442fdd20 u0 ReceiverList{442ff870 6118 com.facebook.orca/10188/u0 remote:44313e50}}
10-09 09:11:02.497    6118-6122/? D/dalvikvm﹕ GC_CONCURRENT freed 933K, 15% free 20666K/24072K, paused 3ms+3ms, total 37ms
10-09 09:11:02.497    6118-6270/? D/dalvikvm﹕ WAIT_FOR_CONCURRENT_GC blocked 15ms
10-09 09:11:02.507    6118-6266/? D/dalvikvm﹕ WAIT_FOR_CONCURRENT_GC blocked 16ms
10-09 09:11:02.517    6118-6266/? I/System.out﹕ ~~~ loading file libphone_data/PhoneNumberMetadataProto_US
10-09 09:11:02.687    6118-6122/? D/dalvikvm﹕ GC_CONCURRENT freed 767K, 14% free 21055K/24296K, paused 2ms+2ms, total 31ms
10-09 09:11:02.687    6118-6292/? D/dalvikvm﹕ WAIT_FOR_CONCURRENT_GC blocked 12ms
10-09 09:11:03.137     819-1964/? E/qcom_sensors_hal﹕ hal_process_report_ind: Bad item quality: 11
10-09 09:11:03.287    6118-6122/? D/dalvikvm﹕ GC_CONCURRENT freed 1167K, 15% free 21172K/24816K, paused 2ms+2ms, total 32ms
10-09 09:11:03.287    6118-6292/? D/dalvikvm﹕ WAIT_FOR_CONCURRENT_GC blocked 26ms
10-09 09:11:03.337    6118-6303/? D/dalvikvm﹕ Trying to load lib /data/app-lib/com.facebook.orca-1/libfb_stl_shared.so 0x4329f690
10-09 09:11:03.337    6118-6303/? D/dalvikvm﹕ Shared lib '/data/app-lib/com.facebook.orca-1/libfb_stl_shared.so' already loaded in same CL 0x4329f690
10-09 09:11:03.337    6118-6303/? D/SoLoader﹕ found fb_stl_shared in default place
10-09 09:11:03.337    6118-6303/? D/dalvikvm﹕ Trying to load lib /data/app-lib/com.facebook.orca-1/libwebp.so 0x4329f690
10-09 09:11:03.337    6118-6303/? D/dalvikvm﹕ Added shared lib /data/app-lib/com.facebook.orca-1/libwebp.so 0x4329f690
10-09 09:11:03.337    6118-6303/? D/dalvikvm﹕ No JNI_OnLoad found in /data/app-lib/com.facebook.orca-1/libwebp.so 0x4329f690, skipping init
10-09 09:11:03.337    6118-6303/? D/SoLoader﹕ found webp in default place
10-09 09:11:03.347    6118-6303/? D/dalvikvm﹕ Trying to load lib /data/app-lib/com.facebook.orca-1/libfb.so 0x4329f690
10-09 09:11:03.347    6118-6303/? D/dalvikvm﹕ Shared lib '/data/app-lib/com.facebook.orca-1/libfb.so' already loaded in same CL 0x4329f690
10-09 09:11:03.347    6118-6303/? D/SoLoader﹕ found fb in default place
10-09 09:11:03.347    6118-6303/? D/dalvikvm﹕ Trying to load lib /data/app-lib/com.facebook.orca-1/libfb_jpegturbo.so 0x4329f690
10-09 09:11:03.347    6118-6303/? D/dalvikvm﹕ Added shared lib /data/app-lib/com.facebook.orca-1/libfb_jpegturbo.so 0x4329f690
10-09 09:11:03.347    6118-6303/? D/dalvikvm﹕ No JNI_OnLoad found in /data/app-lib/com.facebook.orca-1/libfb_jpegturbo.so 0x4329f690, skipping init
10-09 09:11:03.347    6118-6303/? D/SoLoader﹕ found fb_jpegturbo in default place
10-09 09:11:03.347    6118-6303/? D/dalvikvm﹕ Trying to load lib /data/app-lib/com.facebook.orca-1/libfb_breakpad_client.so 0x4329f690
10-09 09:11:03.347    6118-6303/? D/dalvikvm﹕ Shared lib '/data/app-lib/com.facebook.orca-1/libfb_breakpad_client.so' already loaded in same CL 0x4329f690
10-09 09:11:03.347    6118-6303/? D/SoLoader﹕ found fb_breakpad_client in default place
10-09 09:11:03.347    6118-6303/? D/dalvikvm﹕ Trying to load lib /data/app-lib/com.facebook.orca-1/libfbjni.so 0x4329f690
10-09 09:11:03.347    6118-6303/? D/dalvikvm﹕ Shared lib '/data/app-lib/com.facebook.orca-1/libfbjni.so' already loaded in same CL 0x4329f690
10-09 09:11:03.347    6118-6303/? D/SoLoader﹕ found fbjni in default place
10-09 09:11:03.347    6118-6303/? D/dalvikvm﹕ Trying to load lib /data/app-lib/com.facebook.orca-1/libfb_imgproc.so 0x4329f690
10-09 09:11:03.357    6118-6303/? D/dalvikvm﹕ Added shared lib /data/app-lib/com.facebook.orca-1/libfb_imgproc.so 0x4329f690
10-09 09:11:03.357    6118-6303/? D/SoLoader﹕ found fb_imgproc in default place
10-09 09:11:03.357    6118-6303/? I/NativeImageProcessor﹕ == read 42 bytes ==
10-09 09:11:03.357    6118-6303/? I/NativeImageProcessor﹕ == read -1 bytes ==
10-09 09:11:04.027    819-14446/? D/dalvikvm﹕ GC_FOR_ALLOC freed 4307K, 31% free 53456K/76684K, paused 130ms, total 130ms
10-09 09:11:04.067     951-6305/? D/dalvikvm﹕ GC_FOR_ALLOC freed 10874K, 54% free 23579K/50960K, paused 21ms, total 21ms
10-09 09:11:04.207     819-3652/? D/dalvikvm﹕ GC_FOR_ALLOC freed 2739K, 31% free 53253K/76684K, paused 111ms, total 111ms
10-09 09:11:04.257      951-951/? D/dalvikvm﹕ GC_FOR_ALLOC freed 1052K, 52% free 24490K/50960K, paused 25ms, total 25ms
10-09 09:11:04.277     819-1201/? I/ActivityManager﹕ START u0 {act=com.android.systemui.recent.action.TOGGLE_RECENTS flg=0x10800000 cmp=com.android.systemui/.recent.RecentsActivity (has extras)} from pid 951
10-09 09:11:04.377     819-1201/? D/dalvikvm﹕ GC_FOR_ALLOC freed 2533K, 31% free 53253K/76684K, paused 107ms, total 107ms
10-09 09:11:04.387    6212-6212/? V/PhoneActivity﹕ Pause!
10-09 09:11:04.387    6212-6212/? V/MyViewAnim﹕ pausing animation
10-09 09:11:04.407     951-1114/? D/dalvikvm﹕ GC_FOR_ALLOC freed 86K, 49% free 26329K/50960K, paused 18ms, total 18ms
10-09 09:11:04.487    6212-6212/? V/MyViewAnim﹕ Drawing surface destroyed!
10-09 09:11:04.487    6212-6212/? V/MyViewAnim﹕ stopping animation!
10-09 09:11:04.487    6212-6249/? V/MyViewAnim﹕ looper finished!
10-09 09:11:04.517      951-955/? D/dalvikvm﹕ GC_CONCURRENT freed 1179K, 45% free 28173K/50960K, paused 2ms+3ms, total 34ms
10-09 09:11:04.657    6212-6216/? D/dalvikvm﹕ GC_CONCURRENT freed 307K, 14% free 17713K/20540K, paused 1ms+1ms, total 18ms
10-09 09:11:04.697     951-1114/? D/dalvikvm﹕ GC_FOR_ALLOC freed 346K, 39% free 31312K/50960K, paused 19ms, total 19ms
10-09 09:11:04.787    6212-6212/? V/PhoneActivity﹕ Stop!
10-09 09:11:04.787    6212-6212/? V/MyViewAnim﹕ stopping animation!
10-09 09:11:04.927   2778-19778/? D/AbstractMetricsFactoryImpl﹕ record : No data points in metrics event
10-09 09:11:05.397    819-14446/? I/ActivityManager﹕ Killing 6212:org.dwallach.calwatch/u0a210 (adj 16): remove task
10-09 09:11:05.407      819-942/? W/ActivityManager﹕ Scheduling restart of crashed service org.dwallach.calwatch/.WatchCalendarService in 4000ms
10-09 09:11:05.947      819-868/? I/ActivityManager﹕ START u0 {act=android.intent.action.MAIN cat=[android.intent.category.HOME] flg=0x10200000 cmp=com.google.android.googlequicksearchbox/com.google.android.launcher.GEL} from pid 819
10-09 09:11:06.057      819-868/? D/dalvikvm﹕ GC_FOR_ALLOC freed 3740K, 32% free 52427K/76684K, paused 102ms, total 102ms
10-09 09:11:06.087    1166-1166/? I/GEL﹕ handleIntent(Intent { act=android.intent.action.MAIN cat=[android.intent.category.HOME] flg=0x10600000 cmp=com.google.android.googlequicksearchbox/com.google.android.launcher.GEL })
10-09 09:11:06.107    1166-1166/? W/HandlerScheduledExecuto﹕ Task does not implement UiTask. Consider using NamedUiRunnable for eww@4391f618
10-09 09:11:06.147      819-830/? W/InputMethodManagerService﹕ Starting input on non-focused client com.android.internal.view.IInputMethodClient$Stub$Proxy@43a59f90 (uid=10012 pid=951)
10-09 09:11:06.177    1208-1212/? D/dalvikvm﹕ GC_CONCURRENT freed 760K, 15% free 19470K/22716K, paused 1ms+2ms, total 28ms
10-09 09:11:06.177    1208-1456/? D/dalvikvm﹕ WAIT_FOR_CONCURRENT_GC blocked 8ms
10-09 09:11:06.177    1208-1208/? D/dalvikvm﹕ WAIT_FOR_CONCURRENT_GC blocked 8ms
10-09 09:11:06.217    1484-6342/? I/MicrophoneInputStream﹕ mic_starting fib@43875a80
10-09 09:11:06.217    1484-6343/? I/HotwordRecognitionRnr﹕ Starting hotword detection.
10-09 09:11:06.247     189-6344/? D/audio_hw_primary﹕ select_devices: out_snd_device(0: ) in_snd_device(35: voice-rec-mic)
10-09 09:11:06.247     189-6344/? D/﹕ Failed to fetch the lookup information of the device 0000003E
10-09 09:11:06.247     189-6344/? E/ACDB-LOADER﹕ Error: ACDB AudProc vol returned = -19
10-09 09:11:06.287    1166-1170/? D/dalvikvm﹕ GC_CONCURRENT freed 8499K, 64% free 51663K/141120K, paused 1ms+7ms, total 63ms
10-09 09:11:06.287    1166-1341/? D/dalvikvm﹕ WAIT_FOR_CONCURRENT_GC blocked 43ms
10-09 09:11:06.297  17692-17904/? I/Icing﹕ Usage reports 1 indexed 0 rejected 0 denied 0 imm upload true
10-09 09:11:06.337    1484-1484/? I/HotwordWorker﹕ onReady
10-09 09:11:07.857    6118-6122/? D/dalvikvm﹕ GC_CONCURRENT freed 1181K, 15% free 21215K/24872K, paused 4ms+2ms, total 50ms
10-09 09:11:09.197    1208-1212/? D/dalvikvm﹕ GC_CONCURRENT freed 748K, 15% free 19478K/22716K, paused 3ms+2ms, total 33ms
10-09 09:11:09.197   1208-13222/? D/dalvikvm﹕ WAIT_FOR_CONCURRENT_GC blocked 6ms
10-09 09:11:09.457      819-845/? I/ActivityManager﹕ Start proc org.dwallach.calwatch for service org.dwallach.calwatch/.WatchCalendarService: pid=6358 uid=10210 gids={50210, 1028, 1015}
10-09 09:11:09.467      185-185/? D/dalvikvm﹕ GC_EXPLICIT freed 44K, 13% free 17210K/19732K, paused 2ms+2ms, total 18ms
10-09 09:11:09.487      185-185/? D/dalvikvm﹕ GC_EXPLICIT freed <1K, 13% free 17210K/19732K, paused 1ms+1ms, total 15ms
10-09 09:11:09.497      185-185/? D/dalvikvm﹕ GC_EXPLICIT freed <1K, 13% free 17210K/19732K, paused 1ms+2ms, total 13ms
10-09 09:11:09.497    6358-6358/? V/WatchCalendarService﹕ starting calendar fetcher
10-09 09:11:09.497    6358-6358/? V/CalendarFetcher﹕ starting fetcher thread
10-09 09:11:09.497    6358-6358/? V/WatchCalendarService﹕ service created!
10-09 09:11:09.507    6358-6372/? V/CalendarFetcher﹕ run: starting
10-09 09:11:09.507    6358-6372/? V/CalendarFetcher﹕ starting to load content
10-09 09:11:09.517    6358-6362/? D/dalvikvm﹕ JIT code cache reset in 0 ms (0 bytes 3/0)
10-09 09:11:09.517    6358-6362/? D/dalvikvm﹕ GC_CONCURRENT freed 384K, 15% free 17338K/20196K, paused 1ms+1ms, total 16ms
10-09 09:11:09.527    6358-6372/? D/dalvikvm﹕ WAIT_FOR_CONCURRENT_GC blocked 12ms
10-09 09:11:09.527    6358-6358/? D/dalvikvm﹕ WAIT_FOR_CONCURRENT_GC blocked 14ms
10-09 09:11:09.527    6358-6372/? V/CalendarFetcher﹕ Query times... Now: October 9, 9:11 AM, QueryStart: October 9, 9:00 AM, QueryEnd: October 10, 9:00 AM
10-09 09:11:09.547    6358-6358/? V/WatchCalendarService﹕ service starting!
10-09 09:11:09.547    6358-6372/? V/CalendarFetcher﹕ database found instances(10)
10-09 09:11:09.557    6358-6372/? V/WatchCalendarService﹕ New calendar state to send to watch!
10-09 09:11:09.557    6358-6372/? V/WatchCalendarService﹕ internal clock state changed: time to send all to the watch
10-09 09:11:09.557    6358-6372/? V/WatchCalendarService﹕ no wear sender?!
10-09 09:11:09.557    6358-6358/? D/WearableClient﹕ WearableClientImpl.onPostInitHandler: done
10-09 09:11:09.557    6358-6358/? V/WatchCalendarService﹕ Google API connected!
10-09 09:11:09.557    6358-6358/? V/WearSender﹕ onCreate!
10-09 09:11:09.567    6358-6358/? D/WearableClient﹕ WearableClientImpl.onPostInitHandler: done
10-09 09:11:09.567    6358-6358/? V/WearSender﹕ connected to Google API!
10-09 09:11:10.927    2377-2455/? W/bt-btif﹕ dm_pm_timer expires
10-09 09:11:10.927    2377-2455/? W/bt-btif﹕ dm_pm_timer expires 0
10-09 09:11:10.927    2377-2455/? W/bt-btif﹕ proc dm_pm_timer expires
10-09 09:11:11.317    1484-2873/? I/MicrophoneInputStream﹕ mic_close fib@43875a80
10-09 09:11:11.347      819-857/? I/ActivityManager﹕ Process com.twitter.android (pid 5594) has died.
10-09 09:11:11.347      819-857/? A/ActivityManager﹕ Service ServiceRecord{432eb6d8 u0 com.twitter.android/com.twitter.internal.android.service.AsyncService} in process ProcessRecord{454af728 5594:com.twitter.android/u0a148} not same as in map: null
10-09 09:11:11.387    1484-6343/? I/HotwordRecognitionRnr﹕ Hotword detection finished
10-09 09:11:11.387    1484-2874/? I/HotwordRecognitionRnr﹕ Stopping hotword detection.
10-09 09:11:11.467    1208-1212/? D/dalvikvm﹕ GC_CONCURRENT freed 708K, 15% free 19459K/22716K, paused 2ms+1ms, total 31ms
10-09 09:11:11.507    1102-1106/? D/dalvikvm﹕ GC_CONCURRENT freed 2349K, 25% free 24227K/31900K, paused 1ms+5ms, total 39ms
10-09 09:11:12.347      819-942/? I/ActivityManager﹕ START u0 {act=android.intent.action.MAIN cat=[android.intent.category.LAUNCHER] flg=0x10200000 cmp=org.dwallach.calwatch/.PhoneActivity (has extras)} from pid 1166
10-09 09:11:12.387    6358-6358/? V/PhoneActivity﹕ Create!
10-09 09:11:12.387    6358-6358/? V/PhoneActivity﹕ Start!
10-09 09:11:12.387    6358-6358/? V/PhoneActivity﹕ And in the beginning ...
10-09 09:11:12.387    6358-6358/? V/PhoneActivity﹕ reconnecting clock state
10-09 09:11:12.387    6358-6358/? V/BatteryWrapper﹕ Hmm, a new context
10-09 09:11:12.427    6358-6362/? D/dalvikvm﹕ GC_CONCURRENT freed 317K, 14% free 17429K/20220K, paused 1ms+3ms, total 36ms
10-09 09:11:12.467    6358-6358/? V/MyViewAnim﹕ setup!
10-09 09:11:12.467    6358-6358/? V/MyViewAnim﹕ initializing ClockFace
10-09 09:11:12.467    6358-6358/? V/ClockFace﹕ ClockFace setup!
10-09 09:11:12.467    6358-6358/? V/ClockFace﹕ clearing caches
10-09 09:11:12.467    6358-6358/? V/ClockState﹕ clipping 10 raw events to fit the screen
10-09 09:11:12.537    6358-6362/? D/dalvikvm﹕ GC_CONCURRENT freed 224K, 14% free 17664K/20348K, paused 1ms+2ms, total 19ms
10-09 09:11:12.557    6358-6358/? V/EventLayoutUniform﹕ Event layout success.
10-09 09:11:12.557    6358-6358/? V/EventLayoutUniform﹕ Event layout time: 93.403802 ms
10-09 09:11:12.557    6358-6358/? V/ClockState﹕ maxLevel for new events: 10000
10-09 09:11:12.557    6358-6358/? V/ClockState﹕ number of new events: 9
10-09 09:11:12.577    6358-6358/? V/PhoneActivity﹕ registering callback
10-09 09:11:12.577    6358-6358/? V/WakeupReceiver﹕ Kickstart launching intent
10-09 09:11:12.577    6358-6358/? V/PhoneActivity﹕ loadPreferences
10-09 09:11:12.587    6358-6358/? V/WatchCalendarService﹕ internal clock state changed: time to send all to the watch
10-09 09:11:12.597    6358-6358/? V/WearSender﹕ preparing event list for transmission, length(274 bytes)
10-09 09:11:12.597    6358-6358/? V/WearSender﹕ ready to send request
10-09 09:11:12.597    6358-6358/? V/PhoneActivity﹕ Noticed a change in the clock state; saving preferences
10-09 09:11:12.597    6358-6358/? V/PhoneActivity﹕ savePreferences
10-09 09:11:12.597    6358-6358/? V/ClockFace﹕ clearing caches
10-09 09:11:12.597    6358-6358/? V/WatchCalendarService﹕ internal clock state changed: time to send all to the watch
10-09 09:11:12.607    6358-6390/? V/WearSender﹕ Sending to node: d766314c-4774-46a5-a362-1ee3243ca232
10-09 09:11:12.607    6358-6358/? V/WearSender﹕ preparing event list for transmission, length(274 bytes)
10-09 09:11:12.607    6358-6358/? V/WearSender﹕ ready to send request
10-09 09:11:12.607    6358-6358/? V/PhoneActivity﹕ Noticed a change in the clock state; saving preferences
10-09 09:11:12.607    6358-6358/? V/PhoneActivity﹕ savePreferences
10-09 09:11:12.607    6358-6358/? V/ClockFace﹕ clearing caches
10-09 09:11:12.607    6358-6358/? V/PhoneActivity﹕ Resume!
10-09 09:11:12.607    6358-6358/? V/ClockFace﹕ clearing caches
10-09 09:11:12.607    6358-6358/? V/MyViewAnim﹕ new animator starting
10-09 09:11:12.607    6358-6358/? V/MyViewAnim﹕ Time listener is up!
10-09 09:11:12.607    6358-6358/? V/MyViewAnim﹕ starting draw thread from scratch
10-09 09:11:12.617    6358-6392/? V/WearSender﹕ Sending to node: d766314c-4774-46a5-a362-1ee3243ca232
10-09 09:11:12.627    6358-6362/? D/dalvikvm﹕ GC_CONCURRENT freed 439K, 15% free 17661K/20564K, paused 2ms+1ms, total 17ms
10-09 09:11:12.627    6358-6358/? V/WakeupReceiver﹕ received intent: Intent { act=org.dwallach.calwatch.WAKE flg=0x30 cmp=org.dwallach.calwatch/.WakeupReceiver }
10-09 09:11:12.627    6358-6358/? V/WakeupReceiver﹕ boot-time: set up alarm intent
10-09 09:11:12.627    6358-6393/? V/WakeupReceiver﹕ setting up alarm service
10-09 09:11:12.647    6358-6358/? I/Adreno-EGL﹕ <qeglDrvAPI_eglInitialize:320>: EGL 1.4 QUALCOMM Build: I0404c4692afb8623f95c43aeb6d5e13ed4b30ddbDate: 11/06/13
10-09 09:11:12.667    6358-6358/? D/OpenGLRenderer﹕ Enabling debug mode 0
10-09 09:11:12.717    6358-6358/? V/MyViewAnim﹕ Drawing surface created!
10-09 09:11:12.717    6358-6358/? V/ClockFace﹕ clearing caches
10-09 09:11:12.717    6358-6358/? V/MyViewAnim﹕ resuming old animator!
10-09 09:11:12.717    6358-6358/? V/MyViewAnim﹕ Drawing surface changed!
10-09 09:11:12.717    6358-6358/? V/ClockFace﹕ clearing caches
10-09 09:11:12.717    6358-6358/? V/MyViewAnim﹕ resuming old animator!
10-09 09:11:12.717    6358-6358/? V/ClockFace﹕ clearing caches
10-09 09:11:12.727    6358-6358/? V/WakeupReceiver﹕ received intent: Intent { flg=0x14 cmp=org.dwallach.calwatch/.WakeupReceiver (has extras) }
10-09 09:11:12.727    6358-6358/? V/WakeupReceiver﹕ attempting to kickstart the watch calendar service
10-09 09:11:12.727    6358-6391/? V/ClockFace﹕ rendering new face, faceMode(2)
10-09 09:11:12.757    6358-6391/? V/ClockFace﹕ fetching new battery status (1)
10-09 09:11:12.757    6358-6391/? V/ClockFace﹕ battery at 0.9
10-09 09:11:12.807      819-844/? I/ActivityManager﹕ Displayed org.dwallach.calwatch/.PhoneActivity: +424ms
10-09 09:11:13.107    6358-6368/? V/WatchCalendarService﹕ message received!
10-09 09:11:13.117    6358-6368/? V/WearSender﹕ preparing event list for transmission, length(274 bytes)
10-09 09:11:13.117    6358-6368/? V/WearSender﹕ ready to send request
10-09 09:11:13.117    6358-6402/? V/WearSender﹕ Sending to node: d766314c-4774-46a5-a362-1ee3243ca232
10-09 09:11:13.127    1437-1523/? D/dalvikvm﹕ GC_FOR_ALLOC freed 267K, 15% free 17629K/20640K, paused 11ms, total 11ms
10-09 09:11:14.827     819-1200/? D/dalvikvm﹕ GC_FOR_ALLOC freed 4252K, 31% free 53444K/76684K, paused 125ms, total 126ms
10-09 09:11:14.867     951-6403/? D/dalvikvm﹕ GC_FOR_ALLOC freed 10594K, 53% free 24415K/50960K, paused 28ms, total 28ms
10-09 09:11:15.007    819-14446/? D/dalvikvm﹕ GC_FOR_ALLOC freed 2754K, 31% free 53245K/76684K, paused 98ms, total 98ms
10-09 09:11:15.027     951-1246/? D/dalvikvm﹕ GC_FOR_ALLOC freed 1877K, 52% free 24486K/50960K, paused 16ms, total 16ms
10-09 09:11:15.047      819-942/? I/ActivityManager﹕ START u0 {act=com.android.systemui.recent.action.TOGGLE_RECENTS flg=0x10800000 cmp=com.android.systemui/.recent.RecentsActivity (has extras)} from pid 951
10-09 09:11:15.147      819-942/? D/dalvikvm﹕ GC_FOR_ALLOC freed 1684K, 30% free 54081K/76684K, paused 100ms, total 100ms
10-09 09:11:15.157    6358-6358/? V/PhoneActivity﹕ Pause!
10-09 09:11:15.157    6358-6358/? V/MyViewAnim﹕ pausing animation
10-09 09:11:15.177     951-1246/? D/dalvikvm﹕ GC_FOR_ALLOC freed 93K, 49% free 26327K/50960K, paused 17ms, total 17ms
10-09 09:11:15.247    6358-6358/? V/MyViewAnim﹕ Drawing surface destroyed!
10-09 09:11:15.247    6358-6358/? V/MyViewAnim﹕ stopping animation!
10-09 09:11:15.247    6358-6391/? V/MyViewAnim﹕ looper finished!
10-09 09:11:15.277      951-955/? D/dalvikvm﹕ GC_CONCURRENT freed 1176K, 45% free 28186K/50960K, paused 2ms+9ms, total 38ms
10-09 09:11:15.277     951-1246/? D/dalvikvm﹕ WAIT_FOR_CONCURRENT_GC blocked 35ms
10-09 09:11:15.397     951-1246/? D/dalvikvm﹕ GC_FOR_ALLOC freed 266K, 39% free 31297K/50960K, paused 18ms, total 18ms
10-09 09:11:15.537    6358-6358/? V/PhoneActivity﹕ Stop!
10-09 09:11:15.537    6358-6358/? V/MyViewAnim﹕ stopping animation!
10-09 09:11:16.087      819-829/? I/ActivityManager﹕ Killing 6358:org.dwallach.calwatch/u0a210 (adj 16): remove task
10-09 09:11:16.097      819-857/? W/ActivityManager﹕ Scheduling restart of crashed service org.dwallach.calwatch/.WatchCalendarService in 16000ms
10-09 09:11:16.657      819-868/? I/ActivityManager﹕ START u0 {act=android.intent.action.MAIN cat=[android.intent.category.HOME] flg=0x10200000 cmp=com.google.android.googlequicksearchbox/com.google.android.launcher.GEL} from pid 819
10-09 09:11:16.777      819-868/? D/dalvikvm﹕ GC_FOR_ALLOC freed 3771K, 32% free 52416K/76684K, paused 107ms, total 108ms
10-09 09:11:16.807    1166-1166/? I/GEL﹕ handleIntent(Intent { act=android.intent.action.MAIN cat=[android.intent.category.HOME] flg=0x10600000 cmp=com.google.android.googlequicksearchbox/com.google.android.launcher.GEL })
10-09 09:11:16.837    1166-1166/? W/HandlerScheduledExecuto﹕ Task does not implement UiTask. Consider using NamedUiRunnable for eww@4391f618
10-09 09:11:16.927    1208-1212/? D/dalvikvm﹕ GC_CONCURRENT freed 723K, 15% free 19470K/22704K, paused 2ms+4ms, total 40ms
10-09 09:11:16.977    1484-2874/? D/dalvikvm﹕ GC_FOR_ALLOC freed 3823K, 39% free 27501K/44436K, paused 42ms, total 42ms
10-09 09:11:16.977    1484-6438/? I/MicrophoneInputStream﹕ mic_starting fib@43638c90
10-09 09:11:16.977    1484-6439/? I/HotwordRecognitionRnr﹕ Starting hotword detection.
10-09 09:11:16.997     189-6440/? D/audio_hw_primary﹕ select_devices: out_snd_device(0: ) in_snd_device(35: voice-rec-mic)
10-09 09:11:16.997     189-6440/? D/﹕ Failed to fetch the lookup information of the device 0000003E
10-09 09:11:16.997     189-6440/? E/ACDB-LOADER﹕ Error: ACDB AudProc vol returned = -19
10-09 09:11:17.047  17692-17696/? D/dalvikvm﹕ GC_CONCURRENT freed 995K, 22% free 20119K/25536K, paused 2ms+2ms, total 28ms
10-09 09:11:17.057  17692-17904/? D/dalvikvm﹕ WAIT_FOR_CONCURRENT_GC blocked 11ms
10-09 09:11:17.057  17692-17904/? I/Icing﹕ Usage reports 1 indexed 0 rejected 0 denied 0 imm upload true
10-09 09:11:17.087    1484-1484/? I/HotwordWorker﹕ onReady
10-09 09:11:18.127    2377-2455/? W/bt-btif﹕ dm_pm_timer expires
10-09 09:11:18.127    2377-2455/? W/bt-btif﹕ dm_pm_timer expires 0
10-09 09:11:18.127    2377-2455/? W/bt-btif﹕ proc dm_pm_timer expires
10-09 09:11:19.927   2778-19778/? D/AbstractMetricsFactoryImpl﹕ record : No data points in metrics event
10-09 09:11:20.507    1484-2873/? I/MicrophoneInputStream﹕ mic_close fib@43638c90
10-09 09:11:20.577    1484-6439/? I/HotwordRecognitionRnr﹕ Hotword detection finished
10-09 09:11:20.577    1484-2874/? I/HotwordRecognitionRnr﹕ Stopping hotword detection.
10-09 09:11:20.627    1208-1212/? D/dalvikvm﹕ GC_CONCURRENT freed 672K, 14% free 19540K/22704K, paused 3ms+1ms, total 47ms
10-09 09:11:21.617    819-14448/? I/ActivityManager﹕ START u0 {act=android.intent.action.MAIN cat=[android.intent.category.LAUNCHER] flg=0x10200000 cmp=org.dwallach.calwatch/.PhoneActivity (has extras)} from pid 1166
10-09 09:11:21.677      819-856/? I/ActivityManager﹕ Start proc org.dwallach.calwatch for activity org.dwallach.calwatch/.PhoneActivity: pid=6452 uid=10210 gids={50210, 1028, 1015}
10-09 09:11:21.777    6452-6452/? V/PhoneActivity﹕ Create!
10-09 09:11:21.777    6452-6452/? V/PhoneActivity﹕ Start!
10-09 09:11:21.777    6452-6452/? V/PhoneActivity﹕ And in the beginning ...
10-09 09:11:21.777    6452-6452/? V/PhoneActivity﹕ reconnecting clock state
10-09 09:11:21.807    6452-6456/? D/dalvikvm﹕ JIT code cache reset in 0 ms (0 bytes 3/0)
10-09 09:11:21.807    6452-6456/? D/dalvikvm﹕ GC_CONCURRENT freed 321K, 14% free 17322K/20120K, paused 2ms+0ms, total 19ms
10-09 09:11:21.807    6452-6452/? D/dalvikvm﹕ WAIT_FOR_CONCURRENT_GC blocked 10ms
10-09 09:11:21.807    6452-6452/? V/MyViewAnim﹕ setup!
10-09 09:11:21.807    6452-6452/? V/MyViewAnim﹕ initializing ClockFace
10-09 09:11:21.807    6452-6452/? V/ClockFace﹕ ClockFace setup!
10-09 09:11:21.807    6452-6452/? V/ClockFace﹕ clearing caches
10-09 09:11:21.817    6452-6452/? V/ClockState﹕ maxLevel for new events: 0
10-09 09:11:21.817    6452-6452/? V/ClockState﹕ number of new events: 0
10-09 09:11:21.827    6452-6452/? V/PhoneActivity﹕ registering callback
10-09 09:11:21.827    6452-6452/? V/WakeupReceiver﹕ Kickstart launching intent
10-09 09:11:21.827    6452-6452/? V/WatchCalendarService﹕ launching watch calendar service
10-09 09:11:21.827    6452-6452/? V/PhoneActivity﹕ loadPreferences
10-09 09:11:21.837    6452-6473/? D/dalvikvm﹕ GC_FOR_ALLOC freed 123K, 15% free 17452K/20308K, paused 12ms, total 12ms
10-09 09:11:21.847    6452-6452/? V/PhoneActivity﹕ Noticed a change in the clock state; saving preferences
10-09 09:11:21.847    6452-6452/? V/PhoneActivity﹕ savePreferences
10-09 09:11:21.847    6452-6452/? V/ClockFace﹕ clearing caches
10-09 09:11:21.847    6452-6452/? V/PhoneActivity﹕ Noticed a change in the clock state; saving preferences
10-09 09:11:21.847    6452-6452/? V/PhoneActivity﹕ savePreferences
10-09 09:11:21.847    6452-6452/? V/ClockFace﹕ clearing caches
10-09 09:11:21.847    6452-6452/? V/PhoneActivity﹕ Resume!
10-09 09:11:21.847    6452-6452/? V/ClockFace﹕ clearing caches
10-09 09:11:21.847    6452-6452/? V/MyViewAnim﹕ new animator starting
10-09 09:11:21.847    6452-6452/? V/MyViewAnim﹕ Time listener is up!
10-09 09:11:21.847    6452-6452/? V/MyViewAnim﹕ starting draw thread from scratch
10-09 09:11:21.857    6452-6452/? V/WatchCalendarService﹕ starting calendar fetcher
10-09 09:11:21.857    6452-6452/? V/CalendarFetcher﹕ starting fetcher thread
10-09 09:11:21.857    6452-6475/? V/CalendarFetcher﹕ run: starting
10-09 09:11:21.857    6452-6475/? V/CalendarFetcher﹕ starting to load content
10-09 09:11:21.857    6452-6475/? W/dalvikvm﹕ threadid=11: thread exiting with uncaught exception (group=0x41f5cba8)
10-09 09:11:21.857    6452-6452/? V/WatchCalendarService﹕ service created!
10-09 09:11:21.857    6452-6475/? E/AndroidRuntime﹕ FATAL EXCEPTION: Thread-16415
    Process: org.dwallach.calwatch, PID: 6452
    java.lang.NullPointerException
            at android.content.ContextWrapper.getContentResolver(ContextWrapper.java:99)
            at android.text.format.DateFormat.is24HourFormat(DateFormat.java:131)
            at android.text.format.DateUtils.formatDateRange(DateUtils.java:823)
            at android.text.format.DateUtils.formatDateRange(DateUtils.java:651)
            at android.text.format.DateUtils.formatDateRange(DateUtils.java:628)
            at android.text.format.DateUtils.formatDateTime(DateUtils.java:878)
            at org.dwallach.calwatch.CalendarFetcher.loadContent(CalendarFetcher.java:173)
            at org.dwallach.calwatch.CalendarFetcher.run(CalendarFetcher.java:84)
            at java.lang.Thread.run(Thread.java:841)
10-09 09:11:21.867     819-1198/? W/ActivityManager﹕ Force finishing activity org.dwallach.calwatch/.PhoneActivity
10-09 09:11:21.897    6452-6456/? D/dalvikvm﹕ GC_CONCURRENT freed 267K, 14% free 17584K/20328K, paused 2ms+0ms, total 13ms
10-09 09:11:22.007     819-1198/? D/dalvikvm﹕ GC_FOR_ALLOC freed 3864K, 31% free 53404K/76684K, paused 127ms, total 127ms
10-09 09:11:22.007    6452-6452/? V/WatchCalendarService﹕ service starting!
10-09 09:11:22.007    6452-6452/? V/BatteryWrapper﹕ Hmm, a new context
10-09 09:11:22.027    6452-6452/? V/WakeupReceiver﹕ received intent: Intent { act=org.dwallach.calwatch.WAKE flg=0x30 cmp=org.dwallach.calwatch/.WakeupReceiver }
10-09 09:11:22.027    6452-6452/? V/WakeupReceiver﹕ boot-time: set up alarm intent
10-09 09:11:22.037    6452-6452/? V/WatchCalendarService﹕ service starting!
10-09 09:11:22.037    6452-6477/? V/WakeupReceiver﹕ setting up alarm service
10-09 09:11:22.067    6452-6452/? I/Adreno-EGL﹕ <qeglDrvAPI_eglInitialize:320>: EGL 1.4 QUALCOMM Build: I0404c4692afb8623f95c43aeb6d5e13ed4b30ddbDate: 11/06/13
10-09 09:11:22.087    6452-6452/? D/OpenGLRenderer﹕ Enabling debug mode 0
10-09 09:11:22.157    6452-6452/? V/MyViewAnim﹕ Drawing surface created!
10-09 09:11:22.157    6452-6452/? V/ClockFace﹕ clearing caches
10-09 09:11:22.157    6452-6452/? V/MyViewAnim﹕ resuming old animator!
10-09 09:11:22.157    6452-6452/? V/MyViewAnim﹕ Drawing surface changed!
10-09 09:11:22.157    6452-6452/? V/ClockFace﹕ clearing caches
10-09 09:11:22.157    6452-6452/? V/MyViewAnim﹕ resuming old animator!
10-09 09:11:22.157    6452-6452/? V/ClockFace﹕ clearing caches
10-09 09:11:22.157    6452-6452/? V/PhoneActivity﹕ Pause!
10-09 09:11:22.157    6452-6452/? V/MyViewAnim﹕ pausing animation
10-09 09:11:22.157    6452-6474/? V/ClockFace﹕ rendering new face, faceMode(2)
10-09 09:11:22.177    6452-6452/? D/WearableClient﹕ WearableClientImpl.onPostInitHandler: done
10-09 09:11:22.187    6452-6474/? V/ClockFace﹕ fetching new battery status (1)
10-09 09:11:22.187    6452-6474/? V/ClockFace﹕ battery at 0.9
10-09 09:11:22.207    6452-6452/? V/MyViewAnim﹕ Drawing surface destroyed!
10-09 09:11:22.207    6452-6452/? V/MyViewAnim﹕ stopping animation!
10-09 09:11:22.217    6452-6474/? W/MessageQueue﹕ Handler (android.view.Choreographer$FrameHandler) {4329e358} sending message to a Handler on a dead thread
    java.lang.RuntimeException: Handler (android.view.Choreographer$FrameHandler) {4329e358} sending message to a Handler on a dead thread
            at android.os.MessageQueue.enqueueMessage(MessageQueue.java:320)
            at android.os.Handler.enqueueMessage(Handler.java:626)
            at android.os.Handler.sendMessageAtTime(Handler.java:595)
            at android.view.Choreographer$FrameDisplayEventReceiver.onVsync(Choreographer.java:741)
            at android.view.DisplayEventReceiver.dispatchVsync(DisplayEventReceiver.java:139)
            at android.os.MessageQueue.nativePollOnce(Native Method)
            at android.os.MessageQueue.next(MessageQueue.java:138)
            at android.os.Looper.loop(Looper.java:123)
            at org.dwallach.calwatch.MyViewAnim$PanelThread.run(MyViewAnim.java:332)
10-09 09:11:22.217    6452-6474/? V/MyViewAnim﹕ looper finished!
10-09 09:11:22.227    6452-6452/? V/WakeupReceiver﹕ received intent: Intent { flg=0x14 cmp=org.dwallach.calwatch/.WakeupReceiver (has extras) }
10-09 09:11:22.227    6452-6452/? V/WakeupReceiver﹕ attempting to kickstart the watch calendar service
10-09 09:11:22.257    6452-6452/? V/WatchCalendarService﹕ Google API connected!
10-09 09:11:22.257    1166-1166/? W/HandlerScheduledExecuto﹕ Task does not implement UiTask. Consider using NamedUiRunnable for eww@4391f618
10-09 09:11:22.267    6452-6452/? V/WearSender﹕ onCreate!
10-09 09:11:22.287    6452-6452/? D/WearableClient﹕ WearableClientImpl.onPostInitHandler: done
10-09 09:11:22.307    1208-1212/? D/dalvikvm﹕ GC_CONCURRENT freed 756K, 15% free 19443K/22704K, paused 3ms+2ms, total 25ms
10-09 09:11:22.307    6452-6452/? V/PhoneActivity﹕ Stop!
10-09 09:11:22.307    6452-6452/? V/MyViewAnim﹕ stopping animation!
10-09 09:11:22.317    6452-6452/? V/WearSender﹕ connected to Google API!
10-09 09:11:22.927    6452-6456/? D/dalvikvm﹕ GC_CONCURRENT freed 353K, 14% free 17618K/20448K, paused 3ms+1ms, total 26ms
10-09 09:11:26.467    6452-6475/? I/Process﹕ Sending signal. PID: 6452 SIG: 9
10-09 09:11:26.477     819-1202/? W/InputMethodManagerService﹕ Window already focused, ignoring focus gain of: com.android.internal.view.IInputMethodClient$Stub$Proxy@43f75a80 attribute=null, token = android.os.BinderProxy@43b9a670
10-09 09:11:26.477     819-1200/? I/ActivityManager﹕ Process org.dwallach.calwatch (pid 6452) has died.
10-09 09:11:26.477     819-1200/? W/ActivityManager﹕ Scheduling restart of crashed service org.dwallach.calwatch/.WatchCalendarService in 64000ms
10-09 09:11:28.587    2377-2455/? W/bt-btif﹕ dm_pm_timer expires
10-09 09:11:28.587    2377-2455/? W/bt-btif﹕ dm_pm_timer expires 0
10-09 09:11:28.587    2377-2455/? W/bt-btif﹕ proc dm_pm_timer expires
10-09 09:11:29.077   1208-28362/? I/GCM﹕ GCM message GSYNC_TICKLE 0:1412863803489920%0#e7a7135305a599bb
10-09 09:11:29.117    1208-6508/? I/SubscribedFeeds﹕ Received message
10-09 09:11:29.237   27294-6509/? I/Gmail﹕ MainSyncRequestProto: lowestBkwdConvoId: 0, highestHandledServerOp: 15227715, normalSync: true
10-09 09:11:29.297   18599-6510/? D/CalendarSyncAdapter﹕ Changed feedId -> dwallach@gmail.com
10-09 09:11:29.317    1208-1212/? D/dalvikvm﹕ GC_CONCURRENT freed 707K, 15% free 19456K/22700K, paused 2ms+2ms, total 22ms
10-09 09:11:29.347  18599-18602/? D/dalvikvm﹕ GC_CONCURRENT freed 507K, 15% free 18983K/22260K, paused 4ms+2ms, total 21ms
10-09 09:11:29.517   18599-6523/? V/CalendarSyncAdapter﹕ Saving inProgress state: {calendarId=dwallach@gmail.com, maxAttendees=50, maxResults=200, timeMax=2015-11-01T00:00:00.000Z, updatedMin=2014-10-09T14:09:59.176Z}
10-09 09:11:29.577      819-881/? D/ConnectivityService﹕ handleInetConditionHoldEnd: net=1, condition=100, published condition=100
10-09 09:11:29.627    5782-5785/? D/dalvikvm﹕ GC_CONCURRENT freed 411K, 15% free 17378K/20264K, paused 3ms+2ms, total 26ms
10-09 09:11:29.787   18599-6510/? D/CalendarSyncAdapter﹕ Found 0 events marked dirty & lastSynced
10-09 09:11:29.827    5782-5785/? D/dalvikvm﹕ GC_CONCURRENT freed 402K, 15% free 17377K/20264K, paused 2ms+3ms, total 25ms
10-09 09:11:29.927    1484-6533/? W/HandlerScheduledExecuto﹕ Task does not implement UiTask. Consider using NamedUiRunnable for bmn@4331ff78
10-09 09:11:29.947    1484-1484/? W/HandlerScheduledExecuto﹕ Task does not implement UiTask. Consider using NamedUiRunnable for bmm@4331fd30
10-09 09:11:30.057   1208-28362/? I/GCM﹕ GCM message GSYNC_TICKLE 0:1412863891189263%0#e7a71353318775af
10-09 09:11:30.087    1208-6535/? I/SubscribedFeeds﹕ Received message
