05-15 11:51:05.941 707-707/? W/ViewRootImpl: Cancelling event due to no window focus: MotionEvent { action=ACTION_CANCEL, actionButton=0, id[0]=0, x[0]=0.0, y[0]=0.0, toolType[0]=TOOL_TYPE_FINGER, buttonState=0, metaState=0, flags=0x0, edgeFlags=0x0, pointerCount=1, historySize=0, eventTime=38004275, downTime=38004191, deviceId=2, source=0x1002 }
05-15 11:51:05.941 707-707/? W/ViewRootImpl: Cancelling event due to no window focus: MotionEvent { action=ACTION_CANCEL, actionButton=0, id[0]=0, x[0]=0.0, y[0]=0.0, toolType[0]=TOOL_TYPE_FINGER, buttonState=0, metaState=0, flags=0x0, edgeFlags=0x0, pointerCount=1, historySize=0, eventTime=38004275, downTime=38004191, deviceId=2, source=0x1002 }
05-15 11:51:05.941 707-707/? W/ViewRootImpl: Cancelling event due to no window focus: MotionEvent { action=ACTION_CANCEL, actionButton=0, id[0]=0, x[0]=0.0, y[0]=0.0, toolType[0]=TOOL_TYPE_FINGER, buttonState=0, metaState=0, flags=0x0, edgeFlags=0x0, pointerCount=1, historySize=0, eventTime=38004275, downTime=38004191, deviceId=2, source=0x1002 }
05-15 11:51:05.945 707-707/? W/ViewRootImpl: Cancelling event due to no window focus: MotionEvent { action=ACTION_CANCEL, actionButton=0, id[0]=0, x[0]=0.0, y[0]=0.0, toolType[0]=TOOL_TYPE_FINGER, buttonState=0, metaState=0, flags=0x0, edgeFlags=0x0, pointerCount=1, historySize=0, eventTime=38004275, downTime=38004191, deviceId=2, source=0x1002 }
05-15 11:51:17.169 466-508/? I/chatty: uid=1000(system) PowerManagerSer expire 12 lines
05-15 11:51:17.299 863-863/? V/DreamService[AmbientDream]: onBind() intent = Intent { act=android.service.dreams.DreamService flg=0x800000 cmp=com.google.android.wearable.ambient/.AmbientDream }
05-15 11:51:17.307 863-863/? I/AmbientService: Ambient Created
05-15 11:51:17.308 863-863/? V/DreamService[AmbientDream]: Calling onDreamingStarted()
05-15 11:51:17.308 863-863/? I/AmbientService: Ambient Starting
05-15 11:51:44.813 863-863/? V/DreamService[AmbientDream]: wakeUp(): fromSystem=true, mWaking=false, mFinished=false
05-15 11:51:44.813 863-863/? V/DreamService[AmbientDream]: finish(): mFinished=false
05-15 11:51:44.818 863-863/? V/DreamService[AmbientDream]: detach(): Calling onDreamingStopped()
05-15 11:51:44.818 863-863/? I/AmbientService: Ambient Stopping
05-15 11:51:44.822 466-21697/? I/chatty: uid=1000(system) Binder_D expire 3 lines
05-15 11:51:44.857 863-863/? V/DreamService[AmbientDream]: onDestroy()
05-15 11:51:49.639 863-863/? V/DreamService[AmbientDream]: onBind() intent = Intent { act=android.service.dreams.DreamService flg=0x800000 cmp=com.google.android.wearable.ambient/.AmbientDream }
05-15 11:51:49.644 863-863/? I/AmbientService: Ambient Created
05-15 11:51:49.644 863-863/? V/DreamService[AmbientDream]: Calling onDreamingStarted()
05-15 11:51:49.644 863-863/? I/AmbientService: Ambient Starting
05-15 11:51:49.659 466-508/? I/chatty: uid=1000(system) PowerManagerSer expire 7 lines
05-15 11:51:49.690 466-505/? I/chatty: uid=1000(system) android.display expire 6 lines
05-15 11:52:00.464 863-863/? I/AmbientService: Ambient Updating
05-15 11:52:57.243 466-466/? I/chatty: uid=1000 system_server expire 10 lines
05-15 11:52:57.290 863-863/? V/DreamService[AmbientDream]: wakeUp(): fromSystem=true, mWaking=false, mFinished=false
05-15 11:52:57.290 863-863/? V/DreamService[AmbientDream]: finish(): mFinished=false
05-15 11:52:57.298 863-863/? V/DreamService[AmbientDream]: detach(): Calling onDreamingStopped()
05-15 11:52:57.298 863-863/? I/AmbientService: Ambient Stopping
05-15 11:52:57.306 466-479/? I/chatty: uid=1000(system) Binder_2 expire 7 lines
05-15 11:52:57.326 466-555/? I/chatty: uid=1000(system) SensorService expire 10 lines
05-15 11:52:57.345 863-863/? V/DreamService[AmbientDream]: onDestroy()
05-15 11:52:57.510 466-21538/? I/chatty: uid=1000(system) Binder_B expire 8 lines
05-15 11:52:57.735 466-1163/? I/chatty: uid=1000(system) Binder_7 expire 5 lines
05-15 11:52:57.746 466-21539/? I/chatty: uid=1000(system) Binder_C expire 10 lines
05-15 11:52:58.536 466-808/? I/chatty: uid=1000(system) Binder_6 expire 5 lines
05-15 11:52:58.539 466-747/? I/chatty: uid=1000(system) Binder_4 expire 3 lines
05-15 11:52:58.540 466-508/? I/chatty: uid=1000(system) PowerManagerSer expire 11 lines
05-15 11:52:58.541 466-495/? I/chatty: uid=1000(system) android.fg expire 7 lines
05-15 11:52:58.581 863-863/? V/DreamService[AmbientDream]: onBind() intent = Intent { act=android.service.dreams.DreamService flg=0x800000 cmp=com.google.android.wearable.ambient/.AmbientDream }
05-15 11:52:58.590 863-863/? I/AmbientService: Ambient Created
05-15 11:52:58.592 863-863/? V/DreamService[AmbientDream]: Calling onDreamingStarted()
05-15 11:52:58.592 863-863/? I/AmbientService: Ambient Starting
05-15 11:52:58.600 466-21697/? I/chatty: uid=1000(system) Binder_D expire 5 lines
05-15 11:52:58.733 466-25793/? I/chatty: uid=1000(system) Binder_E expire 13 lines
05-15 11:52:58.928 466-505/? I/chatty: uid=1000(system) android.display expire 11 lines
05-15 11:53:00.085 466-6423/? I/chatty: uid=1000(system) Binder_9 expire 6 lines
05-15 11:53:00.090 863-863/? I/AmbientService: Ambient Updating
05-15 11:53:01.004 466-492/? I/chatty: uid=1000(system) ActivityManager expire 10 lines
05-15 11:54:00.363 466-613/? I/chatty: uid=1000(system) Binder_3 expire 9 lines
05-15 11:54:00.431 863-863/? I/AmbientService: Ambient Updating
05-15 11:54:09.683 863-863/? V/DreamService[AmbientDream]: wakeUp(): fromSystem=true, mWaking=false, mFinished=false
05-15 11:54:09.683 863-863/? V/DreamService[AmbientDream]: finish(): mFinished=false
05-15 11:54:09.684 466-478/? I/chatty: uid=1000(system) Binder_1 expire 8 lines
05-15 11:54:09.694 863-863/? V/DreamService[AmbientDream]: detach(): Calling onDreamingStopped()
05-15 11:54:09.694 863-863/? I/AmbientService: Ambient Stopping
05-15 11:54:09.699 466-1783/? I/chatty: uid=1000(system) Binder_8 expire 11 lines
05-15 11:54:09.746 863-863/? V/DreamService[AmbientDream]: onDestroy()
05-15 11:54:11.331 863-863/? V/DreamService[AmbientDream]: onBind() intent = Intent { act=android.service.dreams.DreamService flg=0x800000 cmp=com.google.android.wearable.ambient/.AmbientDream }
05-15 11:54:11.336 863-863/? I/AmbientService: Ambient Created
05-15 11:54:11.337 863-863/? V/DreamService[AmbientDream]: Calling onDreamingStarted()
05-15 11:54:11.337 863-863/? I/AmbientService: Ambient Starting
05-15 11:54:11.362 466-508/? I/chatty: uid=1000(system) PowerManagerSer expire 11 lines
05-15 11:55:01.020 863-863/? I/AmbientService: Ambient Updating
05-15 11:55:01.044 466-555/? I/chatty: uid=1000(system) SensorService expire 11 lines
05-15 11:55:59.285 466-25795/? I/chatty: uid=1000(system) Binder_F expire 4 lines
05-15 11:56:00.002 863-863/? I/AmbientService: Ambient Updating
05-15 11:56:00.018 466-505/? I/chatty: uid=1000(system) android.display expire 12 lines
05-15 11:57:00.002 863-863/? I/AmbientService: Ambient Updating
05-15 11:58:01.253 863-863/? I/AmbientService: Ambient Updating
05-15 11:59:01.253 863-863/? I/AmbientService: Ambient Updating
05-15 12:00:00.809 863-863/? I/AmbientService: Ambient Updating
05-15 12:01:00.163 863-863/? I/AmbientService: Ambient Updating
05-15 12:01:00.183 466-505/? I/chatty: uid=1000(system) android.display expire 10 lines
05-15 12:02:00.401 863-863/? I/AmbientService: Ambient Updating
05-15 12:03:00.008 863-863/? I/AmbientService: Ambient Updating
05-15 12:04:00.255 863-863/? I/AmbientService: Ambient Updating
05-15 12:05:01.255 863-863/? I/AmbientService: Ambient Updating
05-15 12:06:00.935 863-863/? I/AmbientService: Ambient Updating
05-15 12:06:00.945 466-505/? I/chatty: uid=1000(system) android.display expire 10 lines
05-15 12:07:00.090 863-863/? I/AmbientService: Ambient Updating
05-15 12:08:01.256 863-863/? I/AmbientService: Ambient Updating
05-15 12:09:01.267 863-863/? I/AmbientService: Ambient Updating
05-15 12:09:13.713 466-25793/? I/chatty: uid=1000(system) Binder_E expire 2 lines
05-15 12:09:14.676 466-25796/? I/chatty: uid=1000(system) Binder_10 expire 3 lines
05-15 12:09:40.472 466-559/? I/chatty: uid=1000(system) InputReader expire 1 line
05-15 12:09:40.526 863-863/? V/DreamService[AmbientDream]: wakeUp(): fromSystem=true, mWaking=false, mFinished=false
05-15 12:09:40.526 863-863/? V/DreamService[AmbientDream]: finish(): mFinished=false
05-15 12:09:40.539 863-863/? V/DreamService[AmbientDream]: detach(): Calling onDreamingStopped()
05-15 12:09:40.539 863-863/? I/AmbientService: Ambient Stopping
05-15 12:09:40.586 863-863/? V/DreamService[AmbientDream]: onDestroy()
05-15 12:09:41.419 466-466/? I/chatty: uid=1000 system_server expire 4 lines
05-15 12:09:41.446 863-863/? V/DreamService[AmbientDream]: onBind() intent = Intent { act=android.service.dreams.DreamService flg=0x800000 cmp=com.google.android.wearable.ambient/.AmbientDream }
05-15 12:09:41.451 863-863/? I/AmbientService: Ambient Created
05-15 12:09:41.451 863-863/? V/DreamService[AmbientDream]: Calling onDreamingStarted()
05-15 12:09:41.451 863-863/? I/AmbientService: Ambient Starting
05-15 12:09:41.459 466-20840/? I/chatty: uid=1000(system) Binder_A expire 2 lines
05-15 12:10:00.260 863-863/? I/AmbientService: Ambient Updating
05-15 12:10:00.282 466-505/? I/chatty: uid=1000(system) android.display expire 9 lines
05-15 12:11:01.569 863-863/? I/AmbientService: Ambient Updating
05-15 12:12:00.299 466-807/? I/chatty: uid=1000(system) Binder_5 expire 2 lines
05-15 12:12:00.500 863-863/? I/AmbientService: Ambient Updating
05-15 12:13:01.299 863-863/? I/AmbientService: Ambient Updating
05-15 12:13:23.043 466-508/? I/chatty: uid=1000(system) PowerManagerSer expire 8 lines
05-15 12:13:23.100 863-863/? V/DreamService[AmbientDream]: wakeUp(): fromSystem=true, mWaking=false, mFinished=false
05-15 12:13:23.100 863-863/? V/DreamService[AmbientDream]: finish(): mFinished=false
05-15 12:13:23.115 863-863/? V/DreamService[AmbientDream]: detach(): Calling onDreamingStopped()
05-15 12:13:23.115 863-863/? I/AmbientService: Ambient Stopping
05-15 12:13:23.144 863-863/? V/DreamService[AmbientDream]: onDestroy()
05-15 12:13:23.184 466-555/? I/chatty: uid=1000(system) SensorService expire 11 lines
05-15 12:13:28.032 466-495/? I/chatty: uid=1000(system) android.fg expire 10 lines
05-15 12:13:28.045 466-466/? I/chatty: uid=1000 system_server expire 10 lines
05-15 12:13:28.060 863-863/? V/DreamService[AmbientDream]: onBind() intent = Intent { act=android.service.dreams.DreamService flg=0x800000 cmp=com.google.android.wearable.ambient/.AmbientDream }
05-15 12:13:28.064 863-863/? I/AmbientService: Ambient Created
05-15 12:13:28.066 863-863/? V/DreamService[AmbientDream]: Calling onDreamingStarted()
05-15 12:13:28.066 863-863/? I/AmbientService: Ambient Starting
05-15 12:13:28.075 466-25793/? I/chatty: uid=1000(system) Binder_E expire 4 lines
05-15 12:13:28.108 466-508/? I/chatty: uid=1000(system) PowerManagerSer expire 10 lines
05-15 12:13:28.210 466-478/? I/chatty: uid=1000(system) Binder_1 expire 5 lines
05-15 12:13:28.764 466-505/? I/chatty: uid=1000(system) android.display expire 10 lines
05-15 12:14:00.002 863-863/? I/AmbientService: Ambient Updating
05-15 12:14:08.883 466-20840/? I/chatty: uid=1000(system) Binder_A expire 3 lines
05-15 12:14:08.974 863-863/? V/DreamService[AmbientDream]: wakeUp(): fromSystem=true, mWaking=false, mFinished=false
05-15 12:14:08.974 863-863/? V/DreamService[AmbientDream]: finish(): mFinished=false
05-15 12:14:08.974 466-21539/? I/chatty: uid=1000(system) Binder_C expire 1 line
05-15 12:14:08.993 863-863/? V/DreamService[AmbientDream]: detach(): Calling onDreamingStopped()
05-15 12:14:08.993 863-863/? I/AmbientService: Ambient Stopping
05-15 12:14:08.996 466-25795/? I/chatty: uid=1000(system) Binder_F expire 7 lines
05-15 12:14:09.024 863-863/? V/DreamService[AmbientDream]: onDestroy()
05-15 12:14:09.113 466-808/? I/chatty: uid=1000(system) Binder_6 expire 4 lines
05-15 12:14:11.497 466-492/? I/chatty: uid=1000(system) ActivityManager expire 4 lines
05-15 12:14:13.913 863-863/? V/DreamService[AmbientDream]: onBind() intent = Intent { act=android.service.dreams.DreamService flg=0x800000 cmp=com.google.android.wearable.ambient/.AmbientDream }
05-15 12:14:13.918 863-863/? I/AmbientService: Ambient Created
05-15 12:14:13.918 863-863/? V/DreamService[AmbientDream]: Calling onDreamingStarted()
05-15 12:14:13.918 863-863/? I/AmbientService: Ambient Starting
05-15 12:14:13.927 466-807/? I/chatty: uid=1000(system) Binder_5 expire 6 lines
05-15 12:14:13.941 466-508/? I/chatty: uid=1000(system) PowerManagerSer expire 10 lines
05-15 12:14:14.042 466-21697/? I/chatty: uid=1000(system) Binder_D expire 3 lines
05-15 12:14:59.619 466-565/? I/chatty: uid=1000(system) NetworkPolicy expire 1 line
05-15 12:14:59.747 689-689/? I/chatty: uid=1000(system) com.google.android.apps.wearable.settings expire 1 line
05-15 12:15:00.006 863-863/? I/AmbientService: Ambient Updating
05-15 12:16:01.260 863-863/? I/AmbientService: Ambient Updating
05-15 12:16:04.848 466-479/? I/chatty: uid=1000(system) Binder_2 expire 3 lines
05-15 12:16:04.913 863-863/? V/DreamService[AmbientDream]: wakeUp(): fromSystem=true, mWaking=false, mFinished=false
05-15 12:16:04.913 863-863/? V/DreamService[AmbientDream]: finish(): mFinished=false
05-15 12:16:04.914 466-1163/? I/chatty: uid=1000(system) Binder_7 expire 3 lines
05-15 12:16:04.927 863-863/? V/DreamService[AmbientDream]: detach(): Calling onDreamingStopped()
05-15 12:16:04.927 863-863/? I/AmbientService: Ambient Stopping
05-15 12:16:04.963 863-863/? V/DreamService[AmbientDream]: onDestroy()
05-15 12:16:09.868 863-863/? V/DreamService[AmbientDream]: onBind() intent = Intent { act=android.service.dreams.DreamService flg=0x800000 cmp=com.google.android.wearable.ambient/.AmbientDream }
05-15 12:16:09.872 863-863/? I/AmbientService: Ambient Created
05-15 12:16:09.873 863-863/? V/DreamService[AmbientDream]: Calling onDreamingStarted()
05-15 12:16:09.873 863-863/? I/AmbientService: Ambient Starting
05-15 12:16:09.889 466-508/? I/chatty: uid=1000(system) PowerManagerSer expire 10 lines
05-15 12:16:10.602 466-505/? I/chatty: uid=1000(system) android.display expire 10 lines
05-15 12:16:46.237 863-863/? V/DreamService[AmbientDream]: wakeUp(): fromSystem=true, mWaking=false, mFinished=false
05-15 12:16:46.237 863-863/? V/DreamService[AmbientDream]: finish(): mFinished=false
05-15 12:16:46.251 863-863/? V/DreamService[AmbientDream]: detach(): Calling onDreamingStopped()
05-15 12:16:46.251 863-863/? I/AmbientService: Ambient Stopping
05-15 12:16:46.300 863-863/? V/DreamService[AmbientDream]: onDestroy()
05-15 12:16:51.200 863-863/? V/DreamService[AmbientDream]: onBind() intent = Intent { act=android.service.dreams.DreamService flg=0x800000 cmp=com.google.android.wearable.ambient/.AmbientDream }
05-15 12:16:51.205 863-863/? I/AmbientService: Ambient Created
05-15 12:16:51.205 863-863/? V/DreamService[AmbientDream]: Calling onDreamingStarted()
05-15 12:16:51.205 863-863/? I/AmbientService: Ambient Starting
05-15 12:16:51.223 466-747/? I/chatty: uid=1000(system) Binder_4 expire 10 lines
05-15 12:16:51.231 466-508/? I/chatty: uid=1000(system) PowerManagerSer expire 11 lines
05-15 12:17:01.268 863-863/? I/AmbientService: Ambient Updating
05-15 12:17:36.688 466-466/? I/chatty: uid=1000 system_server expire 6 lines
05-15 12:17:36.749 863-863/? V/DreamService[AmbientDream]: wakeUp(): fromSystem=true, mWaking=false, mFinished=false
05-15 12:17:36.749 863-863/? V/DreamService[AmbientDream]: finish(): mFinished=false
05-15 12:17:36.764 863-863/? V/DreamService[AmbientDream]: detach(): Calling onDreamingStopped()
05-15 12:17:36.764 863-863/? I/AmbientService: Ambient Stopping
05-15 12:17:36.768 466-1783/? I/chatty: uid=1000(system) Binder_8 expire 4 lines
05-15 12:17:36.813 863-863/? V/DreamService[AmbientDream]: onDestroy()
05-15 12:17:37.118 466-25796/? I/chatty: uid=1000(system) Binder_10 expire 5 lines
05-15 12:17:37.584 466-21538/? I/chatty: uid=1000(system) Binder_B expire 9 lines
05-15 12:17:37.619 863-863/? V/DreamService[AmbientDream]: onBind() intent = Intent { act=android.service.dreams.DreamService flg=0x800000 cmp=com.google.android.wearable.ambient/.AmbientDream }
05-15 12:17:37.624 863-863/? I/AmbientService: Ambient Created
05-15 12:17:37.624 863-863/? V/DreamService[AmbientDream]: Calling onDreamingStarted()
05-15 12:17:37.625 863-863/? I/AmbientService: Ambient Starting
05-15 12:18:01.177 863-863/? I/AmbientService: Ambient Updating
05-15 12:18:01.195 466-555/? I/chatty: uid=1000(system) SensorService expire 4 lines
05-15 12:18:55.662 466-508/? I/chatty: uid=1000(system) PowerManagerSer expire 8 lines
05-15 12:18:55.712 863-863/? V/DreamService[AmbientDream]: wakeUp(): fromSystem=true, mWaking=false, mFinished=false
05-15 12:18:55.712 863-863/? V/DreamService[AmbientDream]: finish(): mFinished=false
05-15 12:18:55.717 863-863/? V/DreamService[AmbientDream]: detach(): Calling onDreamingStopped()
05-15 12:18:55.717 863-863/? I/AmbientService: Ambient Stopping
05-15 12:18:55.755 863-863/? V/DreamService[AmbientDream]: onDestroy()
05-15 12:18:55.958 466-6423/? I/chatty: uid=1000(system) Binder_9 expire 2 lines
05-15 12:19:00.534 466-495/? I/chatty: uid=1000(system) android.fg expire 10 lines
05-15 12:19:00.552 863-863/? V/DreamService[AmbientDream]: onBind() intent = Intent { act=android.service.dreams.DreamService flg=0x800000 cmp=com.google.android.wearable.ambient/.AmbientDream }
05-15 12:19:00.556 863-863/? I/AmbientService: Ambient Created
05-15 12:19:00.557 863-863/? V/DreamService[AmbientDream]: Calling onDreamingStarted()
05-15 12:19:00.557 863-863/? I/AmbientService: Ambient Starting
05-15 12:19:00.568 466-478/? I/chatty: uid=1000(system) Binder_1 expire 2 lines
05-15 12:19:00.571 466-508/? I/chatty: uid=1000(system) PowerManagerSer expire 10 lines
05-15 12:19:00.658 466-807/? I/chatty: uid=1000(system) Binder_5 expire 8 lines
05-15 12:19:00.791 466-20840/? I/chatty: uid=1000(system) Binder_A expire 4 lines
05-15 12:19:00.798 466-555/? I/chatty: uid=1000(system) SensorService expire 10 lines
05-15 12:19:00.844 466-1163/? I/chatty: uid=1000(system) Binder_7 expire 4 lines
05-15 12:19:01.253 466-505/? I/chatty: uid=1000(system) android.display expire 11 lines
05-15 12:19:31.224 466-613/? I/chatty: uid=1000(system) Binder_3 expire 5 lines
05-15 12:19:31.235 466-466/? I/chatty: uid=1000 system_server expire 10 lines
05-15 12:19:31.348 863-863/? V/DreamService[AmbientDream]: wakeUp(): fromSystem=true, mWaking=false, mFinished=false
05-15 12:19:31.348 863-863/? V/DreamService[AmbientDream]: finish(): mFinished=false
05-15 12:19:31.349 466-479/? I/chatty: uid=1000(system) Binder_2 expire 7 lines
05-15 12:19:31.354 863-863/? V/DreamService[AmbientDream]: detach(): Calling onDreamingStopped()
05-15 12:19:31.354 863-863/? I/AmbientService: Ambient Stopping
05-15 12:19:31.358 466-21697/? I/chatty: uid=1000(system) Binder_D expire 7 lines
05-15 12:19:31.399 863-863/? V/DreamService[AmbientDream]: onDestroy()
05-15 12:19:31.804 466-25796/? I/chatty: uid=1000(system) Binder_10 expire 10 lines
05-15 12:19:34.210 466-492/? I/chatty: uid=1000(system) ActivityManager expire 5 lines
05-15 12:19:36.246 863-863/? V/DreamService[AmbientDream]: onBind() intent = Intent { act=android.service.dreams.DreamService flg=0x800000 cmp=com.google.android.wearable.ambient/.AmbientDream }
05-15 12:19:36.251 863-863/? I/AmbientService: Ambient Created
05-15 12:19:36.251 863-863/? V/DreamService[AmbientDream]: Calling onDreamingStarted()
05-15 12:19:36.251 863-863/? I/AmbientService: Ambient Starting
05-15 12:19:36.269 466-25793/? I/chatty: uid=1000(system) Binder_E expire 2 lines
05-15 12:19:36.282 466-508/? I/chatty: uid=1000(system) PowerManagerSer expire 10 lines
05-15 12:19:36.378 466-21539/? I/chatty: uid=1000(system) Binder_C expire 7 lines
05-15 12:20:01.268 863-863/? I/AmbientService: Ambient Updating
05-15 12:20:12.306 466-25795/? I/chatty: uid=1000(system) Binder_F expire 2 lines
05-15 12:20:12.364 863-863/? V/DreamService[AmbientDream]: wakeUp(): fromSystem=true, mWaking=false, mFinished=false
05-15 12:20:12.364 863-863/? V/DreamService[AmbientDream]: finish(): mFinished=false
05-15 12:20:12.375 863-863/? V/DreamService[AmbientDream]: detach(): Calling onDreamingStopped()
05-15 12:20:12.375 863-863/? I/AmbientService: Ambient Stopping
05-15 12:20:12.379 466-6423/? I/chatty: uid=1000(system) Binder_9 expire 6 lines
05-15 12:20:12.426 863-863/? V/DreamService[AmbientDream]: onDestroy()
05-15 12:20:17.363 863-863/? V/DreamService[AmbientDream]: onBind() intent = Intent { act=android.service.dreams.DreamService flg=0x800000 cmp=com.google.android.wearable.ambient/.AmbientDream }
05-15 12:20:17.368 863-863/? I/AmbientService: Ambient Created
05-15 12:20:17.373 863-863/? V/DreamService[AmbientDream]: Calling onDreamingStarted()
05-15 12:20:17.373 863-863/? I/AmbientService: Ambient Starting
05-15 12:20:17.387 466-508/? I/chatty: uid=1000(system) PowerManagerSer expire 11 lines
05-15 12:20:28.123 466-1783/? I/chatty: uid=1000(system) Binder_8 expire 3 lines
05-15 12:20:28.191 863-863/? V/DreamService[AmbientDream]: wakeUp(): fromSystem=true, mWaking=false, mFinished=false
05-15 12:20:28.192 863-863/? V/DreamService[AmbientDream]: finish(): mFinished=false
05-15 12:20:28.210 863-863/? V/DreamService[AmbientDream]: detach(): Calling onDreamingStopped()
05-15 12:20:28.210 863-863/? I/AmbientService: Ambient Stopping
05-15 12:20:28.249 863-863/? V/DreamService[AmbientDream]: onDestroy()
05-15 12:20:34.968 863-863/? V/DreamService[AmbientDream]: onBind() intent = Intent { act=android.service.dreams.DreamService flg=0x800000 cmp=com.google.android.wearable.ambient/.AmbientDream }
05-15 12:20:34.973 863-863/? I/AmbientService: Ambient Created
05-15 12:20:34.973 863-863/? V/DreamService[AmbientDream]: Calling onDreamingStarted()
05-15 12:20:34.973 863-863/? I/AmbientService: Ambient Starting
05-15 12:20:34.998 466-747/? I/chatty: uid=1000(system) Binder_4 expire 2 lines
05-15 12:21:01.259 863-863/? I/AmbientService: Ambient Updating
05-15 12:22:01.261 863-863/? I/AmbientService: Ambient Updating
05-15 12:22:01.272 466-505/? I/chatty: uid=1000(system) android.display expire 12 lines
05-15 12:23:00.930 863-863/? I/AmbientService: Ambient Updating
05-15 12:23:00.971 466-505/? I/chatty: uid=1000(system) android.display expire 10 lines
05-15 12:23:25.108 466-508/? I/chatty: uid=1000(system) PowerManagerSer expire 10 lines
05-15 12:23:25.278 863-863/? V/DreamService[AmbientDream]: wakeUp(): fromSystem=true, mWaking=false, mFinished=false
05-15 12:23:25.278 863-863/? V/DreamService[AmbientDream]: finish(): mFinished=false
05-15 12:23:25.278 466-808/? I/chatty: uid=1000(system) Binder_6 expire 1 line
05-15 12:23:25.283 863-863/? V/DreamService[AmbientDream]: detach(): Calling onDreamingStopped()
05-15 12:23:25.283 863-863/? I/AmbientService: Ambient Stopping
05-15 12:23:25.323 863-863/? V/DreamService[AmbientDream]: onDestroy()
05-15 12:23:25.458 466-555/? I/chatty: uid=1000(system) SensorService expire 4 lines
05-15 12:23:30.095 466-466/? I/chatty: uid=1000 system_server expire 3 lines
05-15 12:23:30.130 863-863/? V/DreamService[AmbientDream]: onBind() intent = Intent { act=android.service.dreams.DreamService flg=0x800000 cmp=com.google.android.wearable.ambient/.AmbientDream }
05-15 12:23:30.136 863-863/? I/AmbientService: Ambient Created
05-15 12:23:30.136 863-863/? V/DreamService[AmbientDream]: Calling onDreamingStarted()
05-15 12:23:30.136 863-863/? I/AmbientService: Ambient Starting
05-15 12:23:30.144 466-25796/? I/chatty: uid=1000(system) Binder_10 expire 7 lines
05-15 12:24:00.476 863-863/? I/AmbientService: Ambient Updating
05-15 12:25:01.324 863-863/? I/AmbientService: Ambient Updating
05-15 12:25:01.346 466-505/? I/chatty: uid=1000(system) android.display expire 9 lines
05-15 12:26:01.263 863-863/? I/AmbientService: Ambient Updating
05-15 12:27:00.011 863-863/? I/AmbientService: Ambient Updating
05-15 12:28:01.264 863-863/? I/AmbientService: Ambient Updating
05-15 12:28:50.852 466-508/? I/chatty: uid=1000(system) PowerManagerSer expire 14 lines
05-15 12:28:50.937 863-863/? V/DreamService[AmbientDream]: wakeUp(): fromSystem=true, mWaking=false, mFinished=false
05-15 12:28:50.937 863-863/? V/DreamService[AmbientDream]: finish(): mFinished=false
05-15 12:28:50.938 466-1163/? I/chatty: uid=1000(system) Binder_7 expire 6 lines
05-15 12:28:50.938 466-495/? I/chatty: uid=1000(system) android.fg expire 9 lines
05-15 12:28:50.943 863-863/? V/DreamService[AmbientDream]: detach(): Calling onDreamingStopped()
05-15 12:28:50.943 863-863/? I/AmbientService: Ambient Stopping
05-15 12:28:50.947 466-479/? I/chatty: uid=1000(system) Binder_2 expire 7 lines
05-15 12:28:50.978 863-863/? V/DreamService[AmbientDream]: onDestroy()
05-15 12:28:51.146 466-492/? I/chatty: uid=1000(system) ActivityManager expire 9 lines
05-15 12:28:51.169 466-478/? I/chatty: uid=1000(system) Binder_1 expire 10 lines
05-15 12:28:51.174 466-555/? I/chatty: uid=1000(system) SensorService expire 10 lines
05-15 12:28:51.391 466-613/? I/chatty: uid=1000(system) Binder_3 expire 6 lines
05-15 12:28:52.035 466-20840/? I/chatty: uid=1000(system) Binder_A expire 4 lines
05-15 12:28:52.038 466-466/? I/chatty: uid=1000 system_server expire 11 lines
05-15 12:28:52.043 466-808/? I/chatty: uid=1000(system) Binder_6 expire 3 lines
05-15 12:28:52.070 863-863/? V/DreamService[AmbientDream]: onBind() intent = Intent { act=android.service.dreams.DreamService flg=0x800000 cmp=com.google.android.wearable.ambient/.AmbientDream }
05-15 12:28:52.074 863-863/? I/AmbientService: Ambient Created
05-15 12:28:52.075 863-863/? V/DreamService[AmbientDream]: Calling onDreamingStarted()
05-15 12:28:52.075 863-863/? I/AmbientService: Ambient Starting
05-15 12:28:52.086 466-807/? I/chatty: uid=1000(system) Binder_5 expire 7 lines
05-15 12:28:52.235 466-747/? I/chatty: uid=1000(system) Binder_4 expire 7 lines
05-15 12:28:52.887 466-505/? I/chatty: uid=1000(system) android.display expire 19 lines
05-15 12:29:01.271 863-863/? I/AmbientService: Ambient Updating
05-15 12:30:01.154 466-21697/? I/chatty: uid=1000(system) Binder_D expire 8 lines
05-15 12:30:01.160 863-863/? I/AmbientService: Ambient Updating
05-15 12:31:00.778 863-863/? I/AmbientService: Ambient Updating
05-15 12:31:00.972 466-1783/? I/chatty: uid=1000(system) Binder_8 expire 4 lines
05-15 12:32:00.007 863-863/? I/AmbientService: Ambient Updating
05-15 12:32:00.016 466-505/? I/chatty: uid=1000(system) android.display expire 12 lines
05-15 12:32:27.111 863-863/? V/DreamService[AmbientDream]: wakeUp(): fromSystem=true, mWaking=false, mFinished=false
05-15 12:32:27.111 863-863/? V/DreamService[AmbientDream]: finish(): mFinished=false
05-15 12:32:27.121 863-863/? V/DreamService[AmbientDream]: detach(): Calling onDreamingStopped()
05-15 12:32:27.121 863-863/? I/AmbientService: Ambient Stopping
05-15 12:32:27.176 863-863/? V/DreamService[AmbientDream]: onDestroy()
05-15 12:32:27.260 466-21539/? I/chatty: uid=1000(system) Binder_C expire 4 lines
05-15 12:32:30.777 466-508/? I/chatty: uid=1000(system) PowerManagerSer expire 12 lines
05-15 12:32:30.782 466-6423/? I/chatty: uid=1000(system) Binder_9 expire 3 lines
05-15 12:32:30.805 863-863/? V/DreamService[AmbientDream]: onBind() intent = Intent { act=android.service.dreams.DreamService flg=0x800000 cmp=com.google.android.wearable.ambient/.AmbientDream }
05-15 12:32:30.811 863-863/? I/AmbientService: Ambient Created
05-15 12:32:30.811 863-863/? V/DreamService[AmbientDream]: Calling onDreamingStarted()
05-15 12:32:30.811 863-863/? I/AmbientService: Ambient Starting
05-15 12:32:30.829 466-21538/? I/chatty: uid=1000(system) Binder_B expire 5 lines
05-15 12:33:01.265 863-863/? I/AmbientService: Ambient Updating
05-15 12:33:49.991 863-863/? V/DreamService[AmbientDream]: wakeUp(): fromSystem=true, mWaking=false, mFinished=false
05-15 12:33:49.991 863-863/? V/DreamService[AmbientDream]: finish(): mFinished=false
05-15 12:33:50.007 863-863/? V/DreamService[AmbientDream]: detach(): Calling onDreamingStopped()
05-15 12:33:50.007 863-863/? I/AmbientService: Ambient Stopping
05-15 12:33:50.054 863-863/? V/DreamService[AmbientDream]: onDestroy()
05-15 12:33:54.950 863-863/? V/DreamService[AmbientDream]: onBind() intent = Intent { act=android.service.dreams.DreamService flg=0x800000 cmp=com.google.android.wearable.ambient/.AmbientDream }
05-15 12:33:54.954 863-863/? I/AmbientService: Ambient Created
05-15 12:33:54.954 863-863/? V/DreamService[AmbientDream]: Calling onDreamingStarted()
05-15 12:33:54.954 863-863/? I/AmbientService: Ambient Starting
05-15 12:33:54.985 466-508/? I/chatty: uid=1000(system) PowerManagerSer expire 10 lines
05-15 12:34:01.261 863-863/? I/AmbientService: Ambient Updating
05-15 12:35:01.330 863-863/? I/AmbientService: Ambient Updating
05-15 12:35:01.341 466-505/? I/chatty: uid=1000(system) android.display expire 10 lines
05-15 12:36:00.407 466-555/? I/chatty: uid=1000(system) SensorService expire 6 lines
05-15 12:36:00.420 863-863/? I/AmbientService: Ambient Updating
05-15 12:37:02.641 863-863/? I/AmbientService: Ambient Updating
05-15 12:37:02.733 466-478/? I/chatty: uid=1000(system) Binder_1 expire 2 lines
05-15 12:38:01.279 863-863/? I/AmbientService: Ambient Updating
05-15 12:38:58.633 466-25795/? I/chatty: uid=1000(system) Binder_F expire 9 lines
05-15 12:39:00.006 863-863/? I/AmbientService: Ambient Updating
05-15 12:39:00.015 466-505/? I/chatty: uid=1000(system) android.display expire 11 lines
05-15 12:40:01.268 863-863/? I/AmbientService: Ambient Updating
05-15 12:41:01.221 466-25793/? I/chatty: uid=1000(system) Binder_E expire 4 lines
05-15 12:41:01.226 863-863/? I/AmbientService: Ambient Updating
05-15 12:42:00.412 863-863/? I/AmbientService: Ambient Updating
05-15 12:42:00.443 466-505/? I/chatty: uid=1000(system) android.display expire 8 lines
05-15 12:43:01.170 863-863/? I/AmbientService: Ambient Updating
05-15 12:43:29.115 863-863/? V/DreamService[AmbientDream]: wakeUp(): fromSystem=true, mWaking=false, mFinished=false
05-15 12:43:29.115 863-863/? V/DreamService[AmbientDream]: finish(): mFinished=false
05-15 12:43:29.115 466-25796/? I/chatty: uid=1000(system) Binder_10 expire 1 line
05-15 12:43:29.121 863-863/? V/DreamService[AmbientDream]: detach(): Calling onDreamingStopped()
05-15 12:43:29.122 863-863/? I/AmbientService: Ambient Stopping
05-15 12:43:29.156 863-863/? V/DreamService[AmbientDream]: onDestroy()
05-15 12:43:33.925 863-863/? V/DreamService[AmbientDream]: onBind() intent = Intent { act=android.service.dreams.DreamService flg=0x800000 cmp=com.google.android.wearable.ambient/.AmbientDream }
05-15 12:43:33.930 863-863/? I/AmbientService: Ambient Created
05-15 12:43:33.931 863-863/? V/DreamService[AmbientDream]: Calling onDreamingStarted()
05-15 12:43:33.931 863-863/? I/AmbientService: Ambient Starting
05-15 12:43:33.962 466-508/? I/chatty: uid=1000(system) PowerManagerSer expire 10 lines
05-15 12:43:34.675 466-505/? I/chatty: uid=1000(system) android.display expire 10 lines
05-15 12:43:39.005 466-555/? I/chatty: uid=1000(system) SensorService expire 10 lines
05-15 12:43:39.007 466-479/? I/chatty: uid=1000(system) Binder_2 expire 7 lines
05-15 12:43:39.007 466-466/? I/chatty: uid=1000 system_server expire 10 lines
05-15 12:43:39.075 863-863/? V/DreamService[AmbientDream]: wakeUp(): fromSystem=true, mWaking=false, mFinished=false
05-15 12:43:39.075 863-863/? V/DreamService[AmbientDream]: finish(): mFinished=false
05-15 12:43:39.075 466-747/? I/chatty: uid=1000(system) Binder_4 expire 9 lines
05-15 12:43:39.076 466-495/? I/chatty: uid=1000(system) android.fg expire 10 lines
05-15 12:43:39.093 863-863/? V/DreamService[AmbientDream]: detach(): Calling onDreamingStopped()
05-15 12:43:39.093 863-863/? I/AmbientService: Ambient Stopping

                                               --------- beginning of main
05-15 12:43:39.094 863-863/? D/DefaultUngazeDetector: starting
05-15 12:43:39.094 863-863/? D/DefaultUngazeDetector: startUngazeStateEstimation(). startTime = 700298137
05-15 12:43:39.097 466-1783/? I/chatty: uid=1000(system) Binder_8 expire 9 lines
05-15 12:43:39.128 863-863/? V/DreamService[AmbientDream]: onDestroy()
05-15 12:43:39.163 217-31644/? I/chatty: uid=1013(media) /system/bin/mediaserver expire 29 lines
05-15 12:43:39.334 863-904/? W/DefaultWristGestureDetector: Sensor accuracy changed: {Sensor name="Accelerometer Sensor", vendor="Motorola", version=1, type=1, maxRange=78.48, resolution=0.009810001, power=0.45, minDelay=20000} accuracy: 3
05-15 12:43:40.121 863-863/? D/WristGestureCtrl: Gesture:GESTURE NONE, timestamp(ms): 1463334220029, confidence: 0.82378244, latency(ms): 183, duration(ms): 381
05-15 12:43:41.970 466-21538/? I/chatty: uid=1000(system) Binder_B expire 3 lines
05-15 12:43:41.975 466-6423/? I/chatty: uid=1000(system) Binder_9 expire 11 lines
05-15 12:43:42.156 863-863/? D/WristGestureCtrl: Gesture:GESTURE NONE, timestamp(ms): 1463334222156, confidence: 0.911867, latency(ms): 196, duration(ms): 681
05-15 12:43:44.030 863-863/? V/DreamService[AmbientDream]: onBind() intent = Intent { act=android.service.dreams.DreamService flg=0x800000 cmp=com.google.android.wearable.ambient/.AmbientDream }
05-15 12:43:44.034 863-863/? I/AmbientService: Ambient Created
05-15 12:43:44.034 863-863/? V/DreamService[AmbientDream]: Calling onDreamingStarted()
05-15 12:43:44.034 863-863/? I/AmbientService: Ambient Starting
05-15 12:43:44.044 863-863/? D/WristGestureCtrl: Stopping detectors: GesturesEnabled-true gestureDetector-true ungazeEnabled-true ungaze-true
05-15 12:43:44.044 863-863/? D/DefaultUngazeDetector: stopping
05-15 12:43:44.045 466-478/? I/chatty: uid=1000(system) Binder_1 expire 6 lines
05-15 12:43:44.055 466-508/? I/chatty: uid=1000(system) PowerManagerSer expire 10 lines
05-15 12:43:44.129 24918-24918/? I/chatty: uid=10036(org.dwallach.calwatch) expire 12 lines
05-15 12:43:44.800 200-264/? I/chatty: uid=1000(system) hwcVsyncThread expire 10 lines
05-15 12:43:55.268 466-20840/? I/chatty: uid=1000(system) Binder_A expire 2 lines
05-15 12:43:55.335 863-863/? V/DreamService[AmbientDream]: wakeUp(): fromSystem=true, mWaking=false, mFinished=false
05-15 12:43:55.335 863-863/? V/DreamService[AmbientDream]: finish(): mFinished=false
05-15 12:43:55.336 466-25796/? I/chatty: uid=1000(system) Binder_10 expire 1 line
05-15 12:43:55.342 863-863/? V/DreamService[AmbientDream]: detach(): Calling onDreamingStopped()
05-15 12:43:55.342 863-863/? I/AmbientService: Ambient Stopping
05-15 12:43:55.342 863-863/? D/WristGestureCtrl: Resuming: GesturesEnabled-true UngazeEnabled-true
05-15 12:43:55.342 863-863/? D/DefaultUngazeDetector: starting
05-15 12:43:55.342 863-863/? D/DefaultUngazeDetector: startUngazeStateEstimation(). startTime = 700314385
05-15 12:43:55.345 466-807/? I/chatty: uid=1000(system) Binder_5 expire 5 lines
05-15 12:43:55.404 863-863/? V/DreamService[AmbientDream]: onDestroy()
05-15 12:43:55.428 217-31646/? I/chatty: uid=1013(media) /system/bin/mediaserver expire 29 lines
05-15 12:43:55.608 863-904/? W/DefaultWristGestureDetector: Sensor accuracy changed: {Sensor name="Accelerometer Sensor", vendor="Motorola", version=1, type=1, maxRange=78.48, resolution=0.009810001, power=0.45, minDelay=20000} accuracy: 3
05-15 12:44:00.289 863-863/? V/DreamService[AmbientDream]: onBind() intent = Intent { act=android.service.dreams.DreamService flg=0x800000 cmp=com.google.android.wearable.ambient/.AmbientDream }
05-15 12:44:00.295 863-863/? I/AmbientService: Ambient Created
05-15 12:44:00.295 863-863/? V/DreamService[AmbientDream]: Calling onDreamingStarted()
05-15 12:44:00.295 863-863/? I/AmbientService: Ambient Starting
05-15 12:44:00.305 863-863/? D/WristGestureCtrl: Stopping detectors: GesturesEnabled-true gestureDetector-true ungazeEnabled-true ungaze-true
05-15 12:44:00.305 863-863/? D/DefaultUngazeDetector: stopping
05-15 12:44:00.321 466-508/? I/chatty: uid=1000(system) PowerManagerSer expire 10 lines
05-15 12:44:01.054 200-200/? I/chatty: uid=1000(system) /system/bin/surfaceflinger expire 19 lines
05-15 12:44:59.266 466-565/? I/chatty: uid=1000(system) NetworkPolicy expire 1 line
05-15 12:44:59.431 689-689/? I/chatty: uid=1000(system) com.google.android.apps.wearable.settings expire 1 line
05-15 12:45:00.007 863-863/? I/AmbientService: Ambient Updating
05-15 12:45:01.599 863-863/? V/DreamService[AmbientDream]: wakeUp(): fromSystem=true, mWaking=false, mFinished=false
05-15 12:45:01.599 863-863/? V/DreamService[AmbientDream]: finish(): mFinished=false
05-15 12:45:01.600 466-25793/? I/chatty: uid=1000(system) Binder_E expire 3 lines
05-15 12:45:01.606 863-863/? V/DreamService[AmbientDream]: detach(): Calling onDreamingStopped()
05-15 12:45:01.606 863-863/? I/AmbientService: Ambient Stopping
05-15 12:45:01.606 863-863/? D/WristGestureCtrl: Resuming: GesturesEnabled-true UngazeEnabled-true
05-15 12:45:01.606 863-863/? D/DefaultUngazeDetector: starting
05-15 12:45:01.606 863-863/? D/DefaultUngazeDetector: startUngazeStateEstimation(). startTime = 700380649
05-15 12:45:01.617 200-264/? I/chatty: uid=1000(system) hwcVsyncThread expire 18 lines
05-15 12:45:01.630 24918-24918/? I/chatty: uid=10036(org.dwallach.calwatch) expire 11 lines
05-15 12:45:01.657 863-863/? V/DreamService[AmbientDream]: onDestroy()
05-15 12:45:01.668 217-31649/? I/chatty: uid=1013(media) /system/bin/mediaserver expire 29 lines
05-15 12:45:01.983 863-904/? W/DefaultWristGestureDetector: Sensor accuracy changed: {Sensor name="Accelerometer Sensor", vendor="Motorola", version=1, type=1, maxRange=78.48, resolution=0.009810001, power=0.45, minDelay=20000} accuracy: 3
05-15 12:45:03.261 466-492/? I/chatty: uid=1000(system) ActivityManager expire 4 lines
05-15 12:45:04.391 863-863/? D/WristGestureCtrl: Gesture:GESTURE NONE, timestamp(ms): 1463334304391, confidence: 0.9058738, latency(ms): 181, duration(ms): 500
05-15 12:45:06.521 863-863/? V/DreamService[AmbientDream]: onBind() intent = Intent { act=android.service.dreams.DreamService flg=0x800000 cmp=com.google.android.wearable.ambient/.AmbientDream }
05-15 12:45:06.525 863-863/? I/AmbientService: Ambient Created
05-15 12:45:06.525 863-863/? V/DreamService[AmbientDream]: Calling onDreamingStarted()
05-15 12:45:06.525 863-863/? I/AmbientService: Ambient Starting
05-15 12:45:06.536 863-863/? D/WristGestureCtrl: Stopping detectors: GesturesEnabled-true gestureDetector-true ungazeEnabled-true ungaze-true
05-15 12:45:06.543 863-863/? D/DefaultUngazeDetector: stopping
05-15 12:45:06.545 466-613/? I/chatty: uid=1000(system) Binder_3 expire 11 lines
05-15 12:45:06.557 466-508/? I/chatty: uid=1000(system) PowerManagerSer expire 10 lines
05-15 12:45:06.594 217-217/? I/chatty: uid=1013(media) /system/bin/mediaserver expire 21 lines
05-15 12:45:51.341 863-863/? V/DreamService[AmbientDream]: wakeUp(): fromSystem=true, mWaking=false, mFinished=false
05-15 12:45:51.341 863-863/? V/DreamService[AmbientDream]: finish(): mFinished=false
05-15 12:45:51.352 863-863/? V/DreamService[AmbientDream]: detach(): Calling onDreamingStopped()
05-15 12:45:51.352 863-863/? I/AmbientService: Ambient Stopping
05-15 12:45:51.352 863-863/? D/WristGestureCtrl: Resuming: GesturesEnabled-true UngazeEnabled-true
05-15 12:45:51.353 863-863/? D/DefaultUngazeDetector: starting
05-15 12:45:51.353 863-863/? D/DefaultUngazeDetector: startUngazeStateEstimation(). startTime = 700430396
05-15 12:45:51.356 466-1163/? I/chatty: uid=1000(system) Binder_7 expire 3 lines
05-15 12:45:51.382 24918-24918/? I/chatty: uid=10036(org.dwallach.calwatch) expire 13 lines
05-15 12:45:51.394 863-863/? V/DreamService[AmbientDream]: onDestroy()
05-15 12:45:51.400 217-26492/? I/chatty: uid=1013(media) Binder_4 expire 10 lines
05-15 12:45:51.432 217-31651/? I/chatty: uid=1013(media) /system/bin/mediaserver expire 29 lines
05-15 12:45:51.776 863-904/? W/DefaultWristGestureDetector: Sensor accuracy changed: {Sensor name="Accelerometer Sensor", vendor="Motorola", version=1, type=1, maxRange=78.48, resolution=0.009810001, power=0.45, minDelay=20000} accuracy: 3
05-15 12:45:56.272 466-466/? I/chatty: uid=1000 system_server expire 6 lines
05-15 12:45:56.295 863-863/? V/DreamService[AmbientDream]: onBind() intent = Intent { act=android.service.dreams.DreamService flg=0x800000 cmp=com.google.android.wearable.ambient/.AmbientDream }
05-15 12:45:56.299 863-863/? I/AmbientService: Ambient Created
05-15 12:45:56.299 863-863/? V/DreamService[AmbientDream]: Calling onDreamingStarted()
05-15 12:45:56.299 863-863/? I/AmbientService: Ambient Starting
05-15 12:45:56.310 863-863/? D/WristGestureCtrl: Stopping detectors: GesturesEnabled-true gestureDetector-true ungazeEnabled-true ungaze-true
05-15 12:45:56.310 863-863/? D/DefaultUngazeDetector: stopping
05-15 12:45:56.320 466-808/? I/chatty: uid=1000(system) Binder_6 expire 5 lines
05-15 12:45:56.324 466-508/? I/chatty: uid=1000(system) PowerManagerSer expire 11 lines
05-15 12:45:56.327 466-508/? I/chatty: uid=1000(system) PowerManagerSer expire 18 lines
05-15 12:45:57.052 466-505/? I/chatty: uid=1000(system) android.display expire 10 lines
05-15 12:46:00.266 863-863/? I/AmbientService: Ambient Updating
05-15 12:47:00.908 863-863/? I/AmbientService: Ambient Updating
05-15 12:48:00.002 863-863/? I/AmbientService: Ambient Updating
05-15 12:48:00.151 200-264/? I/chatty: uid=1000(system) hwcVsyncThread expire 12 lines
05-15 12:48:45.043 466-555/? I/chatty: uid=1000(system) SensorService expire 6 lines
05-15 12:48:45.118 863-863/? V/DreamService[AmbientDream]: wakeUp(): fromSystem=true, mWaking=false, mFinished=false
05-15 12:48:45.118 863-863/? V/DreamService[AmbientDream]: finish(): mFinished=false
05-15 12:48:45.123 863-863/? V/DreamService[AmbientDream]: detach(): Calling onDreamingStopped()
05-15 12:48:45.123 863-863/? I/AmbientService: Ambient Stopping
05-15 12:48:45.123 863-863/? D/WristGestureCtrl: Resuming: GesturesEnabled-true UngazeEnabled-true
05-15 12:48:45.123 863-863/? D/DefaultUngazeDetector: starting
05-15 12:48:45.124 863-863/? D/DefaultUngazeDetector: startUngazeStateEstimation(). startTime = 700604167
05-15 12:48:45.147 24918-24918/? I/chatty: uid=10036(org.dwallach.calwatch) expire 20 lines
05-15 12:48:45.180 863-863/? V/DreamService[AmbientDream]: onDestroy()
05-15 12:48:45.204 217-31655/? I/chatty: uid=1013(media) /system/bin/mediaserver expire 29 lines
05-15 12:48:45.620 863-904/? W/DefaultWristGestureDetector: Sensor accuracy changed: {Sensor name="Accelerometer Sensor", vendor="Motorola", version=1, type=1, maxRange=78.48, resolution=0.009810001, power=0.45, minDelay=20000} accuracy: 3
05-15 12:48:49.289 863-863/? D/DefaultUngazeDetector: Ungaze event occurred; emitting gesture event!
05-15 12:48:49.289 863-863/? D/WristGestureCtrl: Gesture:GESTURE UNGAZE, timestamp(ms): 700604167, confidence: 0.0, latency(ms): 0, duration(ms): 4165
05-15 12:48:49.318 863-863/? V/DreamService[AmbientDream]: onBind() intent = Intent { act=android.service.dreams.DreamService flg=0x800000 cmp=com.google.android.wearable.ambient/.AmbientDream }
05-15 12:48:49.327 863-863/? I/AmbientService: Ambient Created
05-15 12:48:49.327 863-863/? V/DreamService[AmbientDream]: Calling onDreamingStarted()
05-15 12:48:49.327 863-863/? I/AmbientService: Ambient Starting
05-15 12:48:49.346 863-863/? D/WristGestureCtrl: Stopping detectors: GesturesEnabled-true gestureDetector-true ungazeEnabled-true ungaze-true
05-15 12:48:49.346 863-863/? D/DefaultUngazeDetector: stopping
05-15 12:48:49.346 466-21539/? I/chatty: uid=1000(system) Binder_C expire 2 lines
05-15 12:48:50.014 466-505/? I/chatty: uid=1000(system) android.display expire 7 lines
05-15 12:48:59.847 27384-27410/? I/chatty: uid=1002(bluetooth) bt_workqueue expire 10 lines
05-15 12:49:00.499 863-863/? I/AmbientService: Ambient Updating
05-15 12:49:00.524 200-200/? I/chatty: uid=1000(system) /system/bin/surfaceflinger expire 13 lines
05-15 12:50:01.271 863-863/? I/AmbientService: Ambient Updating
05-15 12:50:01.328 25836-31537/? I/chatty: uid=10012 com.google.android.gms.persistent expire 2 lines
05-15 12:50:01.437 200-264/? I/chatty: uid=1000(system) hwcVsyncThread expire 17 lines
05-15 12:50:29.539 466-508/? I/chatty: uid=1000(system) PowerManagerSer expire 14 lines
05-15 12:50:29.565 466-479/? I/chatty: uid=1000(system) Binder_2 expire 7 lines
05-15 12:50:29.584 466-505/? I/chatty: uid=1000(system) android.display expire 12 lines
05-15 12:50:29.593 863-863/? V/DreamService[AmbientDream]: wakeUp(): fromSystem=true, mWaking=false, mFinished=false
05-15 12:50:29.593 863-863/? V/DreamService[AmbientDream]: finish(): mFinished=false
05-15 12:50:29.594 466-807/? I/chatty: uid=1000(system) Binder_5 expire 9 lines
05-15 12:50:29.595 466-495/? I/chatty: uid=1000(system) android.fg expire 10 lines
05-15 12:50:29.610 863-863/? V/DreamService[AmbientDream]: detach(): Calling onDreamingStopped()
05-15 12:50:29.610 863-863/? I/AmbientService: Ambient Stopping
05-15 12:50:29.610 863-863/? D/WristGestureCtrl: Resuming: GesturesEnabled-true UngazeEnabled-true
05-15 12:50:29.610 863-863/? D/DefaultUngazeDetector: starting
05-15 12:50:29.610 863-863/? D/DefaultUngazeDetector: startUngazeStateEstimation(). startTime = 700708653
05-15 12:50:29.614 466-1163/? I/chatty: uid=1000(system) Binder_7 expire 11 lines
05-15 12:50:29.648 863-863/? V/DreamService[AmbientDream]: onDestroy()
05-15 12:50:29.653 217-1781/? I/chatty: uid=1013(media) Binder_3 expire 10 lines
05-15 12:50:29.687 217-31660/? I/chatty: uid=1013(media) /system/bin/mediaserver expire 29 lines
05-15 12:50:29.865 466-1783/? I/chatty: uid=1000(system) Binder_8 expire 6 lines
05-15 12:50:29.868 466-555/? I/chatty: uid=1000(system) SensorService expire 11 lines
05-15 12:50:29.958 863-904/? W/DefaultWristGestureDetector: Sensor accuracy changed: {Sensor name="Accelerometer Sensor", vendor="Motorola", version=1, type=1, maxRange=78.48, resolution=0.009810001, power=0.45, minDelay=20000} accuracy: 3
05-15 12:50:30.184 466-478/? I/chatty: uid=1000(system) Binder_1 expire 9 lines
05-15 12:50:30.187 466-21539/? I/chatty: uid=1000(system) Binder_C expire 3 lines
05-15 12:50:32.027 466-808/? I/chatty: uid=1000(system) Binder_6 expire 8 lines
05-15 12:50:32.028 863-863/? D/DefaultUngazeDetector: Ungaze event occurred; emitting gesture event!
05-15 12:50:32.028 863-863/? D/WristGestureCtrl: Gesture:GESTURE UNGAZE, timestamp(ms): 700708653, confidence: 0.0, latency(ms): 0, duration(ms): 2418
05-15 12:50:32.030 466-25793/? I/chatty: uid=1000(system) Binder_E expire 3 lines
05-15 12:50:32.031 466-466/? I/chatty: uid=1000 system_server expire 11 lines
05-15 12:50:32.056 863-863/? V/DreamService[AmbientDream]: onBind() intent = Intent { act=android.service.dreams.DreamService flg=0x800000 cmp=com.google.android.wearable.ambient/.AmbientDream }
05-15 12:50:32.061 863-863/? I/AmbientService: Ambient Created
05-15 12:50:32.061 863-863/? V/DreamService[AmbientDream]: Calling onDreamingStarted()
05-15 12:50:32.061 863-863/? I/AmbientService: Ambient Starting
05-15 12:50:32.079 863-863/? D/WristGestureCtrl: Stopping detectors: GesturesEnabled-true gestureDetector-true ungazeEnabled-true ungaze-true
05-15 12:50:32.079 863-863/? D/DefaultUngazeDetector: stopping
05-15 12:50:32.083 466-25796/? I/chatty: uid=1000(system) Binder_10 expire 10 lines
05-15 12:50:32.174 24918-24918/? I/chatty: uid=10036(org.dwallach.calwatch) expire 10 lines
05-15 12:50:48.739 26083-26092/? I/art: CollectorTransition marksweep + semispace GC freed 91412(5MB) AllocSpace objects, 0(0B) LOS objects, 19% free, 8MB/10MB, paused 100.987ms total 100.987ms
05-15 12:50:49.302 27384-27410/? I/chatty: uid=1002(bluetooth) bt_workqueue expire 11 lines
05-15 12:50:49.413 466-492/? I/chatty: uid=1000(system) ActivityManager expire 6 lines
05-15 12:50:49.778 26083-26083/? I/FitnessWearable: Completed Phone Sync
05-15 12:50:49.779 26083-26083/? I/FitnessWearable: Checking on account update
05-15 12:50:49.804 26083-31444/? I/FitnessWearable: Trying to insert platform daily totals
05-15 12:50:50.416 26083-31445/? I/FitnessWearable: Initialized Fitness Account
05-15 12:50:55.887 26083-26092/? W/art: Suspending all threads took: 7.805ms
05-15 12:50:56.077 26083-26092/? W/art: Suspending all threads took: 7.405ms
05-15 12:50:56.227 26083-26092/? W/art: Suspending all threads took: 7.209ms
05-15 12:50:56.357 26083-26092/? W/art: Suspending all threads took: 16.661ms
05-15 12:50:56.457 26083-26092/? W/art: Suspending all threads took: 16.149ms
05-15 12:50:57.467 26083-26092/? W/art: Suspending all threads took: 13.280ms
05-15 12:50:57.737 26083-26092/? W/art: Suspending all threads took: 16.714ms
05-15 12:50:57.957 26083-26092/? W/art: Suspending all threads took: 7.346ms
05-15 12:50:58.137 26083-26092/? W/art: Suspending all threads took: 6.873ms
05-15 12:50:58.287 26083-26092/? W/art: Suspending all threads took: 6.495ms
05-15 12:50:58.457 466-25795/? I/chatty: uid=1000(system) Binder_F expire 2 lines
05-15 12:50:58.459 25867-31663/? I/chatty: uid=10012(com.google.android.gms) expire 1 line
05-15 12:50:58.735 26083-26083/? E/FitnessWearable: sync intent not found
05-15 12:50:58.745 26083-31665/? I/FitnessWearable: Checking fitness notification
05-15 12:50:58.776 466-479/? I/chatty: uid=1000(system) Binder_2 expire 3 lines
05-15 12:51:00.002 863-863/? I/AmbientService: Ambient Updating
05-15 12:52:01.272 863-863/? I/AmbientService: Ambient Updating
05-15 12:52:01.316 25836-31447/? I/chatty: uid=10012 com.google.android.gms.persistent expire 7 lines
05-15 12:52:01.429 200-200/? I/chatty: uid=1000(system) /system/bin/surfaceflinger expire 10 lines
05-15 12:52:01.430 200-264/? I/chatty: uid=1000(system) hwcVsyncThread expire 10 lines
05-15 12:53:01.101 863-863/? I/AmbientService: Ambient Updating
05-15 12:53:01.113 466-505/? I/chatty: uid=1000(system) android.display expire 16 lines
05-15 12:54:00.385 466-6423/? I/chatty: uid=1000(system) Binder_9 expire 10 lines
05-15 12:54:00.416 863-863/? I/AmbientService: Ambient Updating
