05-14 20:02:11.811 863-863/? V/DreamService[AmbientDream]: onDestroy()
05-14 20:02:12.300 466-20840/? I/chatty: uid=1000(system) Binder_A expire 10 lines
05-14 20:02:12.303 466-555/? I/chatty: uid=1000(system) SensorService expire 11 lines
05-14 20:02:14.053 466-466/? I/chatty: uid=1000 system_server expire 11 lines
05-14 20:02:14.520 863-863/? V/DreamService[AmbientDream]: onBind() intent = Intent { act=android.service.dreams.DreamService flg=0x800000 cmp=com.google.android.wearable.ambient/.AmbientDream }
05-14 20:02:14.526 863-863/? I/AmbientService: Ambient Created
05-14 20:02:14.529 863-863/? V/DreamService[AmbientDream]: Calling onDreamingStarted()
05-14 20:02:14.529 863-863/? I/AmbientService: Ambient Starting
05-14 20:03:00.912 863-863/? I/AmbientService: Ambient Updating
05-14 20:03:00.937 466-505/? I/chatty: uid=1000(system) android.display expire 11 lines
05-14 20:04:00.937 863-863/? I/AmbientService: Ambient Updating
05-14 20:05:00.652 863-863/? I/AmbientService: Ambient Updating
05-14 20:06:00.917 863-863/? I/AmbientService: Ambient Updating
05-14 20:07:00.016 863-863/? I/AmbientService: Ambient Updating
05-14 20:07:05.548 863-863/? V/DreamService[AmbientDream]: wakeUp(): fromSystem=true, mWaking=false, mFinished=false
05-14 20:07:05.548 863-863/? V/DreamService[AmbientDream]: finish(): mFinished=false
05-14 20:07:05.555 863-863/? V/DreamService[AmbientDream]: detach(): Calling onDreamingStopped()
05-14 20:07:05.555 863-863/? I/AmbientService: Ambient Stopping
05-14 20:07:05.600 863-863/? V/DreamService[AmbientDream]: onDestroy()
05-14 20:07:07.369 466-508/? I/chatty: uid=1000(system) PowerManagerSer expire 18 lines
05-14 20:07:07.398 863-863/? V/DreamService[AmbientDream]: onBind() intent = Intent { act=android.service.dreams.DreamService flg=0x800000 cmp=com.google.android.wearable.ambient/.AmbientDream }
05-14 20:07:07.404 863-863/? I/AmbientService: Ambient Created
05-14 20:07:07.404 863-863/? V/DreamService[AmbientDream]: Calling onDreamingStarted()
05-14 20:07:07.404 863-863/? I/AmbientService: Ambient Starting
05-14 20:07:07.550 466-808/? I/chatty: uid=1000(system) Binder_6 expire 2 lines
05-14 20:07:07.567 466-505/? I/chatty: uid=1000(system) android.display expire 11 lines
05-14 20:07:09.315 863-863/? V/DreamService[AmbientDream]: wakeUp(): fromSystem=true, mWaking=false, mFinished=false
05-14 20:07:09.315 863-863/? V/DreamService[AmbientDream]: finish(): mFinished=false
05-14 20:07:09.316 466-1783/? I/chatty: uid=1000(system) Binder_8 expire 9 lines
05-14 20:07:09.333 863-863/? V/DreamService[AmbientDream]: detach(): Calling onDreamingStopped()
05-14 20:07:09.333 863-863/? I/AmbientService: Ambient Stopping
05-14 20:07:09.370 863-863/? V/DreamService[AmbientDream]: onDestroy()
05-14 20:07:09.712 466-479/? I/chatty: uid=1000(system) Binder_2 expire 4 lines
05-14 20:07:10.358 466-495/? I/chatty: uid=1000(system) android.fg expire 5 lines
05-14 20:07:10.383 863-863/? V/DreamService[AmbientDream]: onBind() intent = Intent { act=android.service.dreams.DreamService flg=0x800000 cmp=com.google.android.wearable.ambient/.AmbientDream }
05-14 20:07:10.390 863-863/? I/AmbientService: Ambient Created
05-14 20:07:10.390 863-863/? V/DreamService[AmbientDream]: Calling onDreamingStarted()
05-14 20:07:10.390 863-863/? I/AmbientService: Ambient Starting
05-14 20:07:37.682 466-555/? I/chatty: uid=1000(system) SensorService expire 8 lines
05-14 20:07:37.752 863-863/? V/DreamService[AmbientDream]: wakeUp(): fromSystem=true, mWaking=false, mFinished=false
05-14 20:07:37.752 863-863/? V/DreamService[AmbientDream]: finish(): mFinished=false
05-14 20:07:37.769 863-863/? V/DreamService[AmbientDream]: detach(): Calling onDreamingStopped()
05-14 20:07:37.769 863-863/? I/AmbientService: Ambient Stopping
05-14 20:07:37.804 863-863/? V/DreamService[AmbientDream]: onDestroy()
05-14 20:07:38.292 466-21697/? I/chatty: uid=1000(system) Binder_D expire 2 lines
05-14 20:07:38.293 466-508/? I/chatty: uid=1000(system) PowerManagerSer expire 11 lines
05-14 20:07:38.296 466-21538/? I/chatty: uid=1000(system) Binder_B expire 2 lines
05-14 20:07:38.317 863-863/? V/DreamService[AmbientDream]: onBind() intent = Intent { act=android.service.dreams.DreamService flg=0x800000 cmp=com.google.android.wearable.ambient/.AmbientDream }
05-14 20:07:38.322 863-863/? I/AmbientService: Ambient Created
05-14 20:07:38.322 863-863/? V/DreamService[AmbientDream]: Calling onDreamingStarted()
05-14 20:07:38.322 863-863/? I/AmbientService: Ambient Starting
05-14 20:08:00.914 863-863/? I/AmbientService: Ambient Updating
05-14 20:09:00.479 863-863/? I/AmbientService: Ambient Updating
05-14 20:09:00.489 466-505/? I/chatty: uid=1000(system) android.display expire 7 lines
05-14 20:10:00.008 863-863/? I/AmbientService: Ambient Updating
05-14 20:11:00.448 466-807/? I/chatty: uid=1000(system) Binder_5 expire 2 lines
05-14 20:11:00.454 863-863/? I/AmbientService: Ambient Updating
05-14 20:11:52.340 466-466/? I/chatty: uid=1000 system_server expire 3 lines
05-14 20:11:52.407 863-863/? V/DreamService[AmbientDream]: wakeUp(): fromSystem=true, mWaking=false, mFinished=false
05-14 20:11:52.407 863-863/? V/DreamService[AmbientDream]: finish(): mFinished=false
05-14 20:11:52.421 863-863/? V/DreamService[AmbientDream]: detach(): Calling onDreamingStopped()
05-14 20:11:52.421 863-863/? I/AmbientService: Ambient Stopping
05-14 20:11:52.460 863-863/? V/DreamService[AmbientDream]: onDestroy()
05-14 20:11:53.740 466-478/? I/chatty: uid=1000(system) Binder_1 expire 5 lines
05-14 20:11:53.765 863-863/? V/DreamService[AmbientDream]: onBind() intent = Intent { act=android.service.dreams.DreamService flg=0x800000 cmp=com.google.android.wearable.ambient/.AmbientDream }
05-14 20:11:53.770 863-863/? I/AmbientService: Ambient Created
05-14 20:11:53.770 863-863/? V/DreamService[AmbientDream]: Calling onDreamingStarted()
05-14 20:11:53.770 863-863/? I/AmbientService: Ambient Starting
05-14 20:11:53.798 466-807/? I/chatty: uid=1000(system) Binder_5 expire 4 lines
05-14 20:11:53.803 466-508/? I/chatty: uid=1000(system) PowerManagerSer expire 11 lines
05-14 20:11:53.867 466-6423/? I/chatty: uid=1000(system) Binder_9 expire 10 lines
05-14 20:11:53.933 466-505/? I/chatty: uid=1000(system) android.display expire 15 lines
05-14 20:12:00.912 863-863/? I/AmbientService: Ambient Updating
05-14 20:12:00.974 466-492/? I/chatty: uid=1000(system) ActivityManager expire 8 lines
05-14 20:12:59.168 466-555/? I/chatty: uid=1000(system) SensorService expire 11 lines
05-14 20:12:59.178 466-21539/? I/chatty: uid=1000(system) Binder_C expire 7 lines
05-14 20:12:59.179 466-466/? I/chatty: uid=1000 system_server expire 10 lines
05-14 20:12:59.247 863-863/? V/DreamService[AmbientDream]: wakeUp(): fromSystem=true, mWaking=false, mFinished=false
05-14 20:12:59.247 863-863/? V/DreamService[AmbientDream]: finish(): mFinished=false
05-14 20:12:59.250 466-21538/? I/chatty: uid=1000(system) Binder_B expire 6 lines
05-14 20:12:59.251 466-495/? I/chatty: uid=1000(system) android.fg expire 10 lines
05-14 20:12:59.264 863-863/? V/DreamService[AmbientDream]: detach(): Calling onDreamingStopped()
05-14 20:12:59.264 863-863/? I/AmbientService: Ambient Stopping
05-14 20:12:59.268 466-20840/? I/chatty: uid=1000(system) Binder_A expire 13 lines
05-14 20:12:59.297 863-863/? V/DreamService[AmbientDream]: onDestroy()
05-14 20:12:59.548 466-1163/? I/chatty: uid=1000(system) Binder_7 expire 10 lines
05-14 20:13:02.433 466-479/? I/chatty: uid=1000(system) Binder_2 expire 11 lines
05-14 20:13:02.468 863-863/? V/DreamService[AmbientDream]: onBind() intent = Intent { act=android.service.dreams.DreamService flg=0x800000 cmp=com.google.android.wearable.ambient/.AmbientDream }
05-14 20:13:02.474 863-863/? I/AmbientService: Ambient Created
05-14 20:13:02.474 863-863/? V/DreamService[AmbientDream]: Calling onDreamingStarted()
05-14 20:13:02.474 863-863/? I/AmbientService: Ambient Starting
05-14 20:13:20.759 466-565/? I/chatty: uid=1000(system) NetworkPolicy expire 1 line
05-14 20:13:20.795 689-689/? I/chatty: uid=1000(system) com.google.android.apps.wearable.settings expire 1 line
05-14 20:14:00.916 863-863/? I/AmbientService: Ambient Updating
05-14 20:15:01.366 863-863/? I/AmbientService: Ambient Updating
05-14 20:15:01.398 466-505/? I/chatty: uid=1000(system) android.display expire 12 lines
05-14 20:16:00.087 863-863/? I/AmbientService: Ambient Updating
05-14 20:17:00.709 466-25793/? I/chatty: uid=1000(system) Binder_E expire 3 lines
05-14 20:17:00.715 863-863/? I/AmbientService: Ambient Updating
05-14 20:17:53.879 466-508/? I/chatty: uid=1000(system) PowerManagerSer expire 15 lines
05-14 20:17:53.931 863-863/? V/DreamService[AmbientDream]: wakeUp(): fromSystem=true, mWaking=false, mFinished=false
05-14 20:17:53.931 863-863/? V/DreamService[AmbientDream]: finish(): mFinished=false
05-14 20:17:53.931 466-25795/? I/chatty: uid=1000(system) Binder_F expire 3 lines
05-14 20:17:53.946 863-863/? V/DreamService[AmbientDream]: detach(): Calling onDreamingStopped()
05-14 20:17:53.946 863-863/? I/AmbientService: Ambient Stopping
05-14 20:17:53.989 863-863/? V/DreamService[AmbientDream]: onDestroy()
05-14 20:17:58.893 863-863/? V/DreamService[AmbientDream]: onBind() intent = Intent { act=android.service.dreams.DreamService flg=0x800000 cmp=com.google.android.wearable.ambient/.AmbientDream }
05-14 20:17:58.897 863-863/? I/AmbientService: Ambient Created
05-14 20:17:58.897 863-863/? V/DreamService[AmbientDream]: Calling onDreamingStarted()
05-14 20:17:58.897 863-863/? I/AmbientService: Ambient Starting
05-14 20:18:00.008 863-863/? I/AmbientService: Ambient Updating
05-14 20:18:00.049 466-505/? I/chatty: uid=1000(system) android.display expire 11 lines
05-14 20:18:40.219 863-863/? V/DreamService[AmbientDream]: wakeUp(): fromSystem=true, mWaking=false, mFinished=false
05-14 20:18:40.219 863-863/? V/DreamService[AmbientDream]: finish(): mFinished=false
05-14 20:18:40.226 863-863/? V/DreamService[AmbientDream]: detach(): Calling onDreamingStopped()
05-14 20:18:40.226 863-863/? I/AmbientService: Ambient Stopping
05-14 20:18:40.267 863-863/? V/DreamService[AmbientDream]: onDestroy()
05-14 20:18:49.184 466-747/? I/chatty: uid=1000(system) Binder_4 expire 11 lines
05-14 20:18:49.193 466-508/? I/chatty: uid=1000(system) PowerManagerSer expire 11 lines
05-14 20:18:49.220 863-863/? V/DreamService[AmbientDream]: onBind() intent = Intent { act=android.service.dreams.DreamService flg=0x800000 cmp=com.google.android.wearable.ambient/.AmbientDream }
05-14 20:18:49.235 863-863/? I/AmbientService: Ambient Created
05-14 20:18:49.235 863-863/? V/DreamService[AmbientDream]: Calling onDreamingStarted()
05-14 20:18:49.235 863-863/? I/AmbientService: Ambient Starting
05-14 20:19:00.925 863-863/? I/AmbientService: Ambient Updating
05-14 20:19:12.933 466-808/? I/chatty: uid=1000(system) Binder_6 expire 2 lines
05-14 20:19:43.542 466-555/? I/chatty: uid=1000(system) SensorService expire 6 lines
05-14 20:19:43.644 863-863/? V/DreamService[AmbientDream]: wakeUp(): fromSystem=true, mWaking=false, mFinished=false
05-14 20:19:43.644 863-863/? V/DreamService[AmbientDream]: finish(): mFinished=false
05-14 20:19:43.644 466-25796/? I/chatty: uid=1000(system) Binder_10 expire 8 lines
05-14 20:19:43.650 863-863/? V/DreamService[AmbientDream]: detach(): Calling onDreamingStopped()
05-14 20:19:43.650 863-863/? I/AmbientService: Ambient Stopping
05-14 20:19:43.655 466-1783/? I/chatty: uid=1000(system) Binder_8 expire 3 lines
05-14 20:19:43.690 863-863/? V/DreamService[AmbientDream]: onDestroy()
05-14 20:19:45.246 466-466/? I/chatty: uid=1000 system_server expire 5 lines
05-14 20:19:45.296 863-863/? V/DreamService[AmbientDream]: onBind() intent = Intent { act=android.service.dreams.DreamService flg=0x800000 cmp=com.google.android.wearable.ambient/.AmbientDream }
05-14 20:19:45.303 863-863/? I/AmbientService: Ambient Created
05-14 20:19:45.303 863-863/? V/DreamService[AmbientDream]: Calling onDreamingStarted()
05-14 20:19:45.303 863-863/? I/AmbientService: Ambient Starting
05-14 20:19:45.340 466-508/? I/chatty: uid=1000(system) PowerManagerSer expire 11 lines
05-14 20:19:45.343 466-505/? I/chatty: uid=1000(system) android.display expire 11 lines
05-14 20:19:45.537 466-6423/? I/chatty: uid=1000(system) Binder_9 expire 2 lines
05-14 20:19:57.717 466-1163/? I/chatty: uid=1000(system) Binder_7 expire 1 line
05-14 20:19:57.788 863-863/? V/DreamService[AmbientDream]: wakeUp(): fromSystem=true, mWaking=false, mFinished=false
05-14 20:19:57.788 863-863/? V/DreamService[AmbientDream]: finish(): mFinished=false
05-14 20:19:57.798 863-863/? V/DreamService[AmbientDream]: detach(): Calling onDreamingStopped()
05-14 20:19:57.798 863-863/? I/AmbientService: Ambient Stopping
05-14 20:19:57.831 863-863/? V/DreamService[AmbientDream]: onDestroy()
05-14 20:19:58.436 466-479/? I/chatty: uid=1000(system) Binder_2 expire 2 lines
05-14 20:19:58.439 466-21697/? I/chatty: uid=1000(system) Binder_D expire 1 line
05-14 20:19:58.441 466-495/? I/chatty: uid=1000(system) android.fg expire 1 line
05-14 20:19:58.445 466-20840/? I/chatty: uid=1000(system) Binder_A expire 2 lines
05-14 20:19:58.473 863-863/? V/DreamService[AmbientDream]: onBind() intent = Intent { act=android.service.dreams.DreamService flg=0x800000 cmp=com.google.android.wearable.ambient/.AmbientDream }
05-14 20:19:58.479 863-863/? I/AmbientService: Ambient Created
05-14 20:19:58.479 863-863/? V/DreamService[AmbientDream]: Calling onDreamingStarted()
05-14 20:19:58.479 863-863/? I/AmbientService: Ambient Starting
05-14 20:20:00.011 863-863/? I/AmbientService: Ambient Updating
05-14 20:21:00.943 863-863/? I/AmbientService: Ambient Updating
05-14 20:21:00.955 466-505/? I/chatty: uid=1000(system) android.display expire 10 lines
05-14 20:22:00.065 466-555/? I/chatty: uid=1000(system) SensorService expire 10 lines
05-14 20:22:00.072 863-863/? I/AmbientService: Ambient Updating
05-14 20:22:11.852 466-492/? I/chatty: uid=1000(system) ActivityManager expire 10 lines
05-14 20:22:11.925 466-747/? I/chatty: uid=1000(system) Binder_4 expire 8 lines
05-14 20:22:11.926 466-466/? I/chatty: uid=1000 system_server expire 13 lines
05-14 20:22:11.938 466-508/? I/chatty: uid=1000(system) PowerManagerSer expire 14 lines
05-14 20:22:11.976 863-863/? V/DreamService[AmbientDream]: wakeUp(): fromSystem=true, mWaking=false, mFinished=false
05-14 20:22:11.976 863-863/? V/DreamService[AmbientDream]: finish(): mFinished=false
05-14 20:22:11.977 466-807/? I/chatty: uid=1000(system) Binder_5 expire 10 lines
05-14 20:22:11.977 466-495/? I/chatty: uid=1000(system) android.fg expire 6 lines
05-14 20:22:12.028 863-863/? V/DreamService[AmbientDream]: detach(): Calling onDreamingStopped()
05-14 20:22:12.028 863-863/? I/AmbientService: Ambient Stopping
05-14 20:22:12.038 466-21539/? I/chatty: uid=1000(system) Binder_C expire 11 lines
05-14 20:22:12.061 863-863/? V/DreamService[AmbientDream]: onDestroy()
05-14 20:22:12.449 466-479/? I/chatty: uid=1000(system) Binder_2 expire 7 lines
05-14 20:22:14.845 466-1783/? I/chatty: uid=1000(system) Binder_8 expire 7 lines
05-14 20:22:14.848 466-613/? I/chatty: uid=1000(system) Binder_3 expire 2 lines
05-14 20:22:14.864 466-25796/? I/chatty: uid=1000(system) Binder_10 expire 8 lines
05-14 20:22:14.887 863-863/? V/DreamService[AmbientDream]: onBind() intent = Intent { act=android.service.dreams.DreamService flg=0x800000 cmp=com.google.android.wearable.ambient/.AmbientDream }
05-14 20:22:14.895 863-863/? I/AmbientService: Ambient Created
05-14 20:22:14.895 863-863/? V/DreamService[AmbientDream]: Calling onDreamingStarted()
05-14 20:22:14.895 863-863/? I/AmbientService: Ambient Starting
05-14 20:22:14.906 466-25795/? I/chatty: uid=1000(system) Binder_F expire 2 lines
05-14 20:22:15.061 466-478/? I/chatty: uid=1000(system) Binder_1 expire 7 lines
05-14 20:23:01.486 863-863/? I/AmbientService: Ambient Updating
05-14 20:24:00.105 863-863/? I/AmbientService: Ambient Updating
05-14 20:25:00.989 863-863/? I/AmbientService: Ambient Updating
05-14 20:25:01.011 466-505/? I/chatty: uid=1000(system) android.display expire 10 lines
05-14 20:26:00.920 863-863/? I/AmbientService: Ambient Updating
05-14 20:27:00.013 863-863/? I/AmbientService: Ambient Updating
05-14 20:28:00.921 863-863/? I/AmbientService: Ambient Updating
05-14 20:29:00.681 863-863/? I/AmbientService: Ambient Updating
05-14 20:29:59.047 466-21697/? I/chatty: uid=1000(system) Binder_D expire 10 lines
05-14 20:30:00.013 863-863/? I/AmbientService: Ambient Updating
05-14 20:30:00.027 466-505/? I/chatty: uid=1000(system) android.display expire 10 lines
05-14 20:31:00.449 863-863/? I/AmbientService: Ambient Updating
05-14 20:32:00.941 863-863/? I/AmbientService: Ambient Updating
05-14 20:33:00.011 863-863/? I/AmbientService: Ambient Updating
05-14 20:34:00.923 863-863/? I/AmbientService: Ambient Updating
05-14 20:35:00.692 863-863/? I/AmbientService: Ambient Updating
05-14 20:35:00.710 466-505/? I/chatty: uid=1000(system) android.display expire 10 lines
05-14 20:36:01.065 466-555/? I/chatty: uid=1000(system) SensorService expire 10 lines
05-14 20:36:01.070 863-863/? I/AmbientService: Ambient Updating
05-14 20:36:59.952 466-6423/? I/chatty: uid=1000(system) Binder_9 expire 2 lines
05-14 20:37:00.073 863-863/? I/AmbientService: Ambient Updating
05-14 20:37:17.104 466-1163/? I/chatty: uid=1000(system) Binder_7 expire 1 line
05-14 20:38:00.924 863-863/? I/AmbientService: Ambient Updating
05-14 20:39:00.004 863-863/? I/AmbientService: Ambient Updating
05-14 20:40:00.920 863-863/? I/AmbientService: Ambient Updating
05-14 20:40:00.941 466-505/? I/chatty: uid=1000(system) android.display expire 12 lines
05-14 20:41:00.675 863-863/? I/AmbientService: Ambient Updating
05-14 20:41:59.956 466-20840/? I/chatty: uid=1000(system) Binder_A expire 4 lines
05-14 20:42:00.166 863-863/? I/AmbientService: Ambient Updating
05-14 20:42:00.187 466-505/? I/chatty: uid=1000(system) android.display expire 12 lines
05-14 20:43:01.012 863-863/? I/AmbientService: Ambient Updating
05-14 20:44:00.296 863-863/? I/AmbientService: Ambient Updating
05-14 20:45:00.454 466-21538/? I/chatty: uid=1000(system) Binder_B expire 2 lines
05-14 20:45:00.462 863-863/? I/AmbientService: Ambient Updating
05-14 20:45:00.480 466-505/? I/chatty: uid=1000(system) android.display expire 10 lines
05-14 20:45:00.629 466-492/? I/chatty: uid=1000(system) ActivityManager expire 5 lines
05-14 20:46:00.928 863-863/? I/AmbientService: Ambient Updating
05-14 20:47:00.003 863-863/? I/AmbientService: Ambient Updating
05-14 20:48:00.928 863-863/? I/AmbientService: Ambient Updating
05-14 20:49:00.968 863-863/? I/AmbientService: Ambient Updating
05-14 20:49:00.989 466-505/? I/chatty: uid=1000(system) android.display expire 12 lines
05-14 20:49:59.023 466-21697/? I/chatty: uid=1000(system) Binder_D expire 3 lines
05-14 20:50:00.016 863-863/? I/AmbientService: Ambient Updating
05-14 20:51:00.171 863-863/? I/AmbientService: Ambient Updating
05-14 20:51:00.253 466-25793/? I/chatty: uid=1000(system) Binder_E expire 2 lines
05-14 20:52:00.929 863-863/? I/AmbientService: Ambient Updating
05-14 20:52:18.194 466-565/? I/chatty: uid=1000(system) NetworkPolicy expire 1 line
05-14 20:52:18.228 689-689/? I/chatty: uid=1000(system) com.google.android.apps.wearable.settings expire 1 line
05-14 20:52:19.004 466-807/? I/chatty: uid=1000(system) Binder_5 expire 4 lines
05-14 20:52:20.082 466-808/? I/chatty: uid=1000(system) Binder_6 expire 1 line
05-14 20:52:20.124 863-863/? V/DreamService[AmbientDream]: wakeUp(): fromSystem=true, mWaking=false, mFinished=false
05-14 20:52:20.124 863-863/? V/DreamService[AmbientDream]: finish(): mFinished=false
05-14 20:52:20.129 863-863/? V/DreamService[AmbientDream]: detach(): Calling onDreamingStopped()
05-14 20:52:20.129 863-863/? I/AmbientService: Ambient Stopping
05-14 20:52:20.174 863-863/? V/DreamService[AmbientDream]: onDestroy()
05-14 20:52:20.441 466-555/? I/chatty: uid=1000(system) SensorService expire 1 line
05-14 20:52:25.081 466-508/? I/chatty: uid=1000(system) PowerManagerSer expire 5 lines
05-14 20:52:25.082 466-466/? I/chatty: uid=1000 system_server expire 2 lines
05-14 20:52:25.107 863-863/? V/DreamService[AmbientDream]: onBind() intent = Intent { act=android.service.dreams.DreamService flg=0x800000 cmp=com.google.android.wearable.ambient/.AmbientDream }
05-14 20:52:25.111 863-863/? I/AmbientService: Ambient Created
05-14 20:52:25.111 863-863/? V/DreamService[AmbientDream]: Calling onDreamingStarted()
05-14 20:52:25.111 863-863/? I/AmbientService: Ambient Starting
05-14 20:53:00.005 863-863/? I/AmbientService: Ambient Updating
05-14 20:53:00.026 466-505/? I/chatty: uid=1000(system) android.display expire 10 lines
05-14 20:53:05.257 466-492/? I/chatty: uid=1000(system) ActivityManager expire 10 lines
05-14 20:54:00.931 863-863/? I/AmbientService: Ambient Updating
05-14 20:55:02.090 466-25795/? I/chatty: uid=1000(system) Binder_F expire 7 lines
05-14 20:55:02.097 863-863/? I/AmbientService: Ambient Updating
05-14 20:55:59.961 466-478/? I/chatty: uid=1000(system) Binder_1 expire 7 lines
05-14 20:56:00.072 466-555/? I/chatty: uid=1000(system) SensorService expire 10 lines
05-14 20:56:00.075 863-863/? I/AmbientService: Ambient Updating
05-14 20:56:00.170 466-20840/? I/chatty: uid=1000(system) Binder_A expire 4 lines
05-14 20:57:00.020 863-863/? I/AmbientService: Ambient Updating
05-14 20:58:00.931 863-863/? I/AmbientService: Ambient Updating
05-14 20:58:00.965 466-505/? I/chatty: uid=1000(system) android.display expire 10 lines
05-14 20:59:00.932 863-863/? I/AmbientService: Ambient Updating
05-14 20:59:59.440 466-807/? I/chatty: uid=1000(system) Binder_5 expire 6 lines
05-14 21:00:00.008 863-863/? I/AmbientService: Ambient Updating
05-14 21:01:00.436 466-747/? I/chatty: uid=1000(system) Binder_4 expire 10 lines
05-14 21:01:00.443 863-863/? I/AmbientService: Ambient Updating
05-14 21:02:00.080 863-863/? I/AmbientService: Ambient Updating
05-14 21:02:00.106 466-505/? I/chatty: uid=1000(system) android.display expire 10 lines
05-14 21:03:00.608 466-6423/? I/chatty: uid=1000(system) Binder_9 expire 10 lines
05-14 21:03:00.617 863-863/? I/AmbientService: Ambient Updating
05-14 21:03:00.682 466-1783/? I/chatty: uid=1000(system) Binder_8 expire 6 lines
05-14 21:04:00.934 863-863/? I/AmbientService: Ambient Updating
05-14 21:05:00.014 863-863/? I/AmbientService: Ambient Updating
05-14 21:06:00.934 863-863/? I/AmbientService: Ambient Updating
05-14 21:07:00.864 863-863/? I/AmbientService: Ambient Updating
05-14 21:07:00.892 466-505/? I/chatty: uid=1000(system) android.display expire 10 lines
05-14 21:07:59.964 466-21539/? I/chatty: uid=1000(system) Binder_C expire 5 lines
05-14 21:08:00.083 863-863/? I/AmbientService: Ambient Updating
05-14 21:08:41.568 466-466/? I/chatty: uid=1000 system_server expire 7 lines
05-14 21:08:41.579 466-508/? I/chatty: uid=1000(system) PowerManagerSer expire 14 lines
05-14 21:08:41.628 863-863/? V/DreamService[AmbientDream]: wakeUp(): fromSystem=true, mWaking=false, mFinished=false
05-14 21:08:41.628 863-863/? V/DreamService[AmbientDream]: finish(): mFinished=false
05-14 21:08:41.628 466-1163/? I/chatty: uid=1000(system) Binder_7 expire 10 lines
05-14 21:08:41.629 466-495/? I/chatty: uid=1000(system) android.fg expire 7 lines
05-14 21:08:41.633 863-863/? V/DreamService[AmbientDream]: detach(): Calling onDreamingStopped()
05-14 21:08:41.633 863-863/? I/AmbientService: Ambient Stopping
05-14 21:08:41.650 863-863/? V/DreamService[AmbientDream]: onDestroy()
05-14 21:08:44.196 466-613/? I/chatty: uid=1000(system) Binder_3 expire 2 lines
05-14 21:08:44.222 863-863/? V/DreamService[AmbientDream]: onBind() intent = Intent { act=android.service.dreams.DreamService flg=0x800000 cmp=com.google.android.wearable.ambient/.AmbientDream }
05-14 21:08:44.370 863-863/? I/AmbientService: Ambient Created
05-14 21:08:44.371 863-863/? V/DreamService[AmbientDream]: Calling onDreamingStarted()
05-14 21:08:44.371 863-863/? I/AmbientService: Ambient Starting
05-14 21:08:44.375 466-479/? I/chatty: uid=1000(system) Binder_2 expire 6 lines
05-14 21:09:00.035 466-808/? I/chatty: uid=1000(system) Binder_6 expire 5 lines
05-14 21:09:00.486 466-21697/? I/chatty: uid=1000(system) Binder_D expire 3 lines
05-14 21:09:01.196 466-25796/? I/chatty: uid=1000(system) Binder_10 expire 7 lines
05-14 21:09:01.288 863-863/? I/AmbientService: Ambient Updating
05-14 21:09:01.315 466-505/? I/chatty: uid=1000(system) android.display expire 10 lines
05-14 21:10:00.932 863-863/? I/AmbientService: Ambient Updating
05-14 21:11:00.937 863-863/? I/AmbientService: Ambient Updating
05-14 21:12:00.938 863-863/? I/AmbientService: Ambient Updating
05-14 21:12:21.073 466-565/? I/chatty: uid=1000(system) NetworkPolicy expire 1 line
05-14 21:12:21.077 689-689/? I/chatty: uid=1000(system) com.google.android.apps.wearable.settings expire 2 lines
05-14 21:13:01.088 863-863/? I/AmbientService: Ambient Updating
05-14 21:13:59.974 466-21538/? I/chatty: uid=1000(system) Binder_B expire 4 lines
05-14 21:14:00.079 466-555/? I/chatty: uid=1000(system) SensorService expire 7 lines
05-14 21:14:00.084 863-863/? I/AmbientService: Ambient Updating
05-14 21:14:00.113 466-505/? I/chatty: uid=1000(system) android.display expire 10 lines
05-14 21:15:00.007 863-863/? I/AmbientService: Ambient Updating
05-14 21:15:00.801 466-492/? I/chatty: uid=1000(system) ActivityManager expire 4 lines
05-14 21:15:14.720 466-559/? I/chatty: uid=1000(system) InputReader expire 1 line
05-14 21:15:14.784 863-863/? V/DreamService[AmbientDream]: wakeUp(): fromSystem=true, mWaking=false, mFinished=false
05-14 21:15:14.784 863-863/? V/DreamService[AmbientDream]: finish(): mFinished=false
05-14 21:15:14.784 466-747/? I/chatty: uid=1000(system) Binder_4 expire 1 line
05-14 21:15:14.791 863-863/? V/DreamService[AmbientDream]: detach(): Calling onDreamingStopped()
05-14 21:15:14.791 863-863/? I/AmbientService: Ambient Stopping
05-14 21:15:14.825 863-863/? V/DreamService[AmbientDream]: onDestroy()
05-14 21:15:23.572 466-25793/? I/chatty: uid=1000(system) Binder_E expire 5 lines
05-14 21:15:23.574 466-508/? I/chatty: uid=1000(system) PowerManagerSer expire 9 lines
05-14 21:15:23.599 863-863/? V/DreamService[AmbientDream]: onBind() intent = Intent { act=android.service.dreams.DreamService flg=0x800000 cmp=com.google.android.wearable.ambient/.AmbientDream }
05-14 21:15:23.606 863-863/? I/AmbientService: Ambient Created
05-14 21:15:23.606 863-863/? V/DreamService[AmbientDream]: Calling onDreamingStarted()
05-14 21:15:23.606 863-863/? I/AmbientService: Ambient Starting
05-14 21:16:00.934 863-863/? I/AmbientService: Ambient Updating
05-14 21:17:00.938 863-863/? I/AmbientService: Ambient Updating
05-14 21:18:00.686 863-863/? I/AmbientService: Ambient Updating
05-14 21:18:00.698 466-505/? I/chatty: uid=1000(system) android.display expire 11 lines
05-14 21:19:01.125 863-863/? I/AmbientService: Ambient Updating
05-14 21:20:00.012 863-863/? I/AmbientService: Ambient Updating
05-14 21:21:00.019 863-863/? I/AmbientService: Ambient Updating
05-14 21:22:00.949 863-863/? I/AmbientService: Ambient Updating
05-14 21:22:34.117 863-863/? V/DreamService[AmbientDream]: wakeUp(): fromSystem=true, mWaking=false, mFinished=false
05-14 21:22:34.117 863-863/? V/DreamService[AmbientDream]: finish(): mFinished=false
05-14 21:22:34.118 466-1163/? I/chatty: uid=1000(system) Binder_7 expire 1 line
05-14 21:22:34.183 863-863/? V/DreamService[AmbientDream]: detach(): Calling onDreamingStopped()
05-14 21:22:34.183 863-863/? I/AmbientService: Ambient Stopping
05-14 21:22:34.218 863-863/? V/DreamService[AmbientDream]: onDestroy()
05-14 21:22:36.568 466-6423/? I/chatty: uid=1000(system) Binder_9 expire 4 lines
05-14 21:22:37.948 466-21539/? I/chatty: uid=1000(system) Binder_C expire 1 line
05-14 21:22:37.949 466-466/? I/chatty: uid=1000 system_server expire 2 lines
05-14 21:22:37.950 466-508/? I/chatty: uid=1000(system) PowerManagerSer expire 4 lines
05-14 21:22:37.952 466-25793/? I/chatty: uid=1000(system) Binder_E expire 2 lines
05-14 21:22:37.954 466-555/? I/chatty: uid=1000(system) SensorService expire 1 line
05-14 21:22:37.966 466-495/? I/chatty: uid=1000(system) android.fg expire 1 line
05-14 21:22:37.999 863-863/? V/DreamService[AmbientDream]: onBind() intent = Intent { act=android.service.dreams.DreamService flg=0x800000 cmp=com.google.android.wearable.ambient/.AmbientDream }
05-14 21:22:38.010 863-863/? I/AmbientService: Ambient Created
05-14 21:22:38.010 863-863/? V/DreamService[AmbientDream]: Calling onDreamingStarted()
05-14 21:22:38.010 863-863/? I/AmbientService: Ambient Starting
05-14 21:22:38.024 466-21697/? I/chatty: uid=1000(system) Binder_D expire 4 lines
05-14 21:22:38.195 466-569/? I/chatty: uid=1000(system) ConnectivitySer expire 30 lines
05-14 21:22:38.278 466-505/? I/chatty: uid=1000(system) android.display expire 5 lines
05-14 21:22:38.341 466-565/? I/chatty: uid=1000(system) NetworkPolicy expire 9 lines
05-14 21:22:38.569 466-492/? I/chatty: uid=1000(system) ActivityManager expire 9 lines
05-14 21:22:39.995 466-478/? I/chatty: uid=1000(system) Binder_1 expire 3 lines
05-14 21:22:40.536 689-689/? I/chatty: uid=1000(system) com.google.android.apps.wearable.settings expire 10 lines
05-14 21:22:41.465 466-491/? I/chatty: uid=1000(system) android.bg expire 2 lines
05-14 21:22:42.205 466-25796/? I/chatty: uid=1000(system) Binder_10 expire 2 lines
05-14 21:22:42.219 466-808/? I/chatty: uid=1000(system) Binder_6 expire 3 lines
05-14 21:22:42.684 466-747/? I/chatty: uid=1000(system) Binder_4 expire 1 line
05-14 21:22:46.594 466-567/? I/chatty: uid=1000(system) WifiStateMachin expire 2 lines
05-14 21:22:49.477 466-20840/? I/chatty: uid=1000(system) Binder_A expire 2 lines
05-14 21:23:00.279 466-1783/? I/chatty: uid=1000(system) Binder_8 expire 3 lines
05-14 21:23:00.443 466-613/? I/chatty: uid=1000(system) Binder_3 expire 2 lines
05-14 21:23:00.619 466-807/? I/chatty: uid=1000(system) Binder_5 expire 2 lines
05-14 21:23:00.693 466-21538/? I/chatty: uid=1000(system) Binder_B expire 2 lines
05-14 21:23:01.758 863-863/? I/AmbientService: Ambient Updating
05-14 21:23:12.112 689-1185/? I/chatty: uid=1000(system) PhoneTimeSyncer expire 1 line
05-14 21:23:32.761 466-479/? I/chatty: uid=1000(system) Binder_2 expire 3 lines
05-14 21:23:32.900 466-569/? I/chatty: uid=1000(system) ConnectivitySer expire 31 lines
05-14 21:23:37.828 466-565/? I/chatty: uid=1000(system) NetworkPolicy expire 4 lines
05-14 21:23:37.831 689-689/? I/chatty: uid=1000(system) com.google.android.apps.wearable.settings expire 6 lines
05-14 21:23:38.880 466-492/? I/chatty: uid=1000(system) ActivityManager expire 11 lines
05-14 21:23:39.395 466-808/? I/chatty: uid=1000(system) Binder_6 expire 1 line
05-14 21:23:39.673 466-21539/? I/chatty: uid=1000(system) Binder_C expire 2 lines
05-14 21:23:40.616 466-25793/? I/chatty: uid=1000(system) Binder_E expire 10 lines
05-14 21:23:40.683 466-479/? I/chatty: uid=1000(system) Binder_2 expire 3 lines
05-14 21:23:40.949 689-1185/? I/chatty: uid=1000(system) PhoneTimeSyncer expire 5 lines
05-14 21:23:42.192 466-491/? I/chatty: uid=1000(system) android.bg expire 2 lines
05-14 21:23:59.215 466-478/? I/chatty: uid=1000(system) Binder_1 expire 4 lines
05-14 21:24:00.002 863-863/? I/AmbientService: Ambient Updating
05-14 21:24:00.058 466-505/? I/chatty: uid=1000(system) android.display expire 10 lines
05-14 21:25:00.316 466-807/? I/chatty: uid=1000(system) Binder_5 expire 1 line
05-14 21:25:00.564 466-25796/? I/chatty: uid=1000(system) Binder_10 expire 3 lines
05-14 21:25:01.703 466-20840/? I/chatty: uid=1000(system) Binder_A expire 6 lines
05-14 21:25:01.713 863-863/? I/AmbientService: Ambient Updating
05-14 21:25:01.748 466-555/? I/chatty: uid=1000(system) SensorService expire 8 lines
05-14 21:25:59.981 466-21538/? I/chatty: uid=1000(system) Binder_B expire 2 lines
05-14 21:26:00.128 863-863/? I/AmbientService: Ambient Updating
05-14 21:27:00.089 863-863/? I/AmbientService: Ambient Updating
05-14 21:27:59.999 466-1163/? I/chatty: uid=1000(system) Binder_7 expire 2 lines
05-14 21:28:00.089 863-863/? I/AmbientService: Ambient Updating
05-14 21:28:00.374 466-613/? I/chatty: uid=1000(system) Binder_3 expire 4 lines
05-14 21:29:00.002 863-863/? I/AmbientService: Ambient Updating
05-14 21:29:00.016 466-505/? I/chatty: uid=1000(system) android.display expire 15 lines
05-14 21:29:38.075 466-466/? I/chatty: uid=1000 system_server expire 4 lines
05-14 21:29:38.148 466-508/? I/chatty: uid=1000(system) PowerManagerSer expire 10 lines
05-14 21:29:38.332 863-863/? V/DreamService[AmbientDream]: wakeUp(): fromSystem=true, mWaking=false, mFinished=false
05-14 21:29:38.332 863-863/? V/DreamService[AmbientDream]: finish(): mFinished=false
05-14 21:29:38.332 466-495/? I/chatty: uid=1000(system) android.fg expire 3 lines
05-14 21:29:38.341 863-863/? V/DreamService[AmbientDream]: detach(): Calling onDreamingStopped()
05-14 21:29:38.341 863-863/? I/AmbientService: Ambient Stopping
05-14 21:29:38.528 466-25795/? I/chatty: uid=1000(system) Binder_F expire 4 lines
05-14 21:29:38.607 863-863/? V/DreamService[AmbientDream]: onDestroy()
05-14 21:29:43.139 863-863/? V/DreamService[AmbientDream]: onBind() intent = Intent { act=android.service.dreams.DreamService flg=0x800000 cmp=com.google.android.wearable.ambient/.AmbientDream }
05-14 21:29:43.153 863-863/? I/AmbientService: Ambient Created
05-14 21:29:43.153 863-863/? V/DreamService[AmbientDream]: Calling onDreamingStarted()
05-14 21:29:43.153 863-863/? I/AmbientService: Ambient Starting
05-14 21:29:43.500 466-6423/? I/chatty: uid=1000(system) Binder_9 expire 2 lines
05-14 21:30:00.953 863-863/? I/AmbientService: Ambient Updating
05-14 21:31:00.946 863-863/? I/AmbientService: Ambient Updating
05-14 21:32:05.365 863-863/? I/AmbientService: Ambient Updating
05-14 21:32:05.921 466-21697/? I/chatty: uid=1000(system) Binder_D expire 2 lines
05-14 21:33:00.523 863-863/? I/AmbientService: Ambient Updating
05-14 21:33:00.552 466-505/? I/chatty: uid=1000(system) android.display expire 3 lines
05-14 21:33:22.668 466-25793/? I/chatty: uid=1000(system) Binder_E expire 1 line
05-14 21:33:22.678 466-508/? I/chatty: uid=1000(system) PowerManagerSer expire 16 lines
05-14 21:33:22.838 863-863/? V/DreamService[AmbientDream]: wakeUp(): fromSystem=true, mWaking=false, mFinished=false
05-14 21:33:22.838 863-863/? V/DreamService[AmbientDream]: finish(): mFinished=false
05-14 21:33:22.839 466-1163/? I/chatty: uid=1000(system) Binder_7 expire 11 lines
05-14 21:33:22.839 466-495/? I/chatty: uid=1000(system) android.fg expire 10 lines
05-14 21:33:22.849 863-863/? V/DreamService[AmbientDream]: detach(): Calling onDreamingStopped()
05-14 21:33:22.849 863-863/? I/AmbientService: Ambient Stopping
05-14 21:33:22.864 466-21538/? I/chatty: uid=1000(system) Binder_B expire 10 lines
05-14 21:33:22.918 863-863/? V/DreamService[AmbientDream]: onDestroy()
05-14 21:33:23.177 466-613/? I/chatty: uid=1000(system) Binder_3 expire 3 lines
05-14 21:33:23.181 466-555/? I/chatty: uid=1000(system) SensorService expire 10 lines
05-14 21:33:24.458 466-492/? I/chatty: uid=1000(system) ActivityManager expire 10 lines
05-14 21:33:25.330 466-747/? I/chatty: uid=1000(system) Binder_4 expire 2 lines
05-14 21:33:25.338 466-1783/? I/chatty: uid=1000(system) Binder_8 expire 11 lines
05-14 21:33:25.412 466-466/? I/chatty: uid=1000 system_server expire 11 lines
05-14 21:33:25.514 863-863/? V/DreamService[AmbientDream]: onBind() intent = Intent { act=android.service.dreams.DreamService flg=0x800000 cmp=com.google.android.wearable.ambient/.AmbientDream }
05-14 21:33:25.520 863-863/? I/AmbientService: Ambient Created
05-14 21:33:25.520 863-863/? V/DreamService[AmbientDream]: Calling onDreamingStarted()
05-14 21:33:25.520 863-863/? I/AmbientService: Ambient Starting
05-14 21:33:25.528 466-25793/? I/chatty: uid=1000(system) Binder_E expire 4 lines
05-14 21:33:25.674 466-25795/? I/chatty: uid=1000(system) Binder_F expire 5 lines
05-14 21:33:25.748 466-505/? I/chatty: uid=1000(system) android.display expire 11 lines
05-14 21:33:30.592 466-478/? I/chatty: uid=1000(system) Binder_1 expire 1 line
05-14 21:33:30.649 863-863/? V/DreamService[AmbientDream]: wakeUp(): fromSystem=true, mWaking=false, mFinished=false
05-14 21:33:30.649 863-863/? V/DreamService[AmbientDream]: finish(): mFinished=false
05-14 21:33:30.671 863-863/? V/DreamService[AmbientDream]: detach(): Calling onDreamingStopped()
05-14 21:33:30.671 863-863/? I/AmbientService: Ambient Stopping
05-14 21:33:30.824 466-807/? I/chatty: uid=1000(system) Binder_5 expire 9 lines
05-14 21:33:30.826 863-863/? V/DreamService[AmbientDream]: onDestroy()
05-14 21:33:38.496 466-25796/? I/chatty: uid=1000(system) Binder_10 expire 6 lines
05-14 21:33:47.839 466-20840/? I/chatty: uid=1000(system) Binder_A expire 4 lines
05-14 21:33:48.093 863-863/? V/DreamService[AmbientDream]: onBind() intent = Intent { act=android.service.dreams.DreamService flg=0x800000 cmp=com.google.android.wearable.ambient/.AmbientDream }
05-14 21:33:48.100 863-863/? I/AmbientService: Ambient Created
05-14 21:33:48.100 863-863/? V/DreamService[AmbientDream]: Calling onDreamingStarted()
05-14 21:33:48.100 863-863/? I/AmbientService: Ambient Starting
05-14 21:33:48.158 466-808/? I/chatty: uid=1000(system) Binder_6 expire 8 lines
05-14 21:33:48.220 466-508/? I/chatty: uid=1000(system) PowerManagerSer expire 10 lines
05-14 21:33:48.789 466-21539/? I/chatty: uid=1000(system) Binder_C expire 5 lines
05-14 21:34:00.947 863-863/? I/AmbientService: Ambient Updating
05-14 21:34:53.595 863-863/? V/DreamService[AmbientDream]: wakeUp(): fromSystem=true, mWaking=false, mFinished=false
05-14 21:34:53.595 863-863/? V/DreamService[AmbientDream]: finish(): mFinished=false
05-14 21:34:53.607 863-863/? V/DreamService[AmbientDream]: detach(): Calling onDreamingStopped()
05-14 21:34:53.607 863-863/? I/AmbientService: Ambient Stopping
05-14 21:34:53.611 466-6423/? I/chatty: uid=1000(system) Binder_9 expire 4 lines
05-14 21:34:53.792 863-863/? V/DreamService[AmbientDream]: onDestroy()
05-14 21:34:58.556 863-863/? V/DreamService[AmbientDream]: onBind() intent = Intent { act=android.service.dreams.DreamService flg=0x800000 cmp=com.google.android.wearable.ambient/.AmbientDream }
05-14 21:34:58.569 863-863/? I/AmbientService: Ambient Created
05-14 21:34:58.569 863-863/? V/DreamService[AmbientDream]: Calling onDreamingStarted()
05-14 21:34:58.569 863-863/? I/AmbientService: Ambient Starting
05-14 21:34:58.585 466-508/? I/chatty: uid=1000(system) PowerManagerSer expire 10 lines
05-14 21:35:00.002 863-863/? I/AmbientService: Ambient Updating
05-14 21:36:00.945 863-863/? I/AmbientService: Ambient Updating
05-14 21:37:00.874 863-863/? I/AmbientService: Ambient Updating
05-14 21:37:00.882 466-505/? I/chatty: uid=1000(system) android.display expire 11 lines
05-14 21:38:00.137 863-863/? I/AmbientService: Ambient Updating
05-14 21:38:36.436 466-21697/? I/chatty: uid=1000(system) Binder_D expire 3 lines
05-14 21:38:36.684 863-863/? V/DreamService[AmbientDream]: wakeUp(): fromSystem=true, mWaking=false, mFinished=false
05-14 21:38:36.684 863-863/? V/DreamService[AmbientDream]: finish(): mFinished=false
05-14 21:38:36.692 863-863/? V/DreamService[AmbientDream]: detach(): Calling onDreamingStopped()
05-14 21:38:36.692 863-863/? I/AmbientService: Ambient Stopping
05-14 21:38:36.774 863-863/? V/DreamService[AmbientDream]: onDestroy()
05-14 21:38:37.196 466-555/? I/chatty: uid=1000(system) SensorService expire 8 lines
05-14 21:38:41.488 863-863/? V/DreamService[AmbientDream]: onBind() intent = Intent { act=android.service.dreams.DreamService flg=0x800000 cmp=com.google.android.wearable.ambient/.AmbientDream }
05-14 21:38:41.496 863-863/? I/AmbientService: Ambient Created
05-14 21:38:41.496 863-863/? V/DreamService[AmbientDream]: Calling onDreamingStarted()
05-14 21:38:41.496 863-863/? I/AmbientService: Ambient Starting
05-14 21:38:41.524 466-508/? I/chatty: uid=1000(system) PowerManagerSer expire 10 lines
05-14 21:38:41.616 466-505/? I/chatty: uid=1000(system) android.display expire 11 lines
05-14 21:39:01.875 863-863/? I/AmbientService: Ambient Updating
05-14 21:40:00.006 863-863/? I/AmbientService: Ambient Updating
05-14 21:41:00.104 863-863/? I/AmbientService: Ambient Updating
05-14 21:42:00.947 863-863/? I/AmbientService: Ambient Updating
05-14 21:42:00.970 466-505/? I/chatty: uid=1000(system) android.display expire 11 lines
05-14 21:42:20.070 466-565/? I/chatty: uid=1000(system) NetworkPolicy expire 1 line
05-14 21:42:58.090 689-689/? I/chatty: uid=1000(system) com.google.android.apps.wearable.settings expire 1 line
05-14 21:43:00.007 863-863/? I/AmbientService: Ambient Updating
05-14 21:44:00.948 863-863/? I/AmbientService: Ambient Updating
05-14 21:45:00.688 863-863/? I/AmbientService: Ambient Updating
05-14 21:46:00.096 863-863/? I/AmbientService: Ambient Updating
05-14 21:46:41.839 466-479/? I/chatty: uid=1000(system) Binder_2 expire 1 line
05-14 21:46:41.840 466-466/? I/chatty: uid=1000 system_server expire 3 lines
05-14 21:46:42.024 863-863/? V/DreamService[AmbientDream]: wakeUp(): fromSystem=true, mWaking=false, mFinished=false
05-14 21:46:42.025 863-863/? V/DreamService[AmbientDream]: finish(): mFinished=false
05-14 21:46:42.025 466-1783/? I/chatty: uid=1000(system) Binder_8 expire 1 line
05-14 21:46:42.032 863-863/? V/DreamService[AmbientDream]: detach(): Calling onDreamingStopped()
05-14 21:46:42.032 863-863/? I/AmbientService: Ambient Stopping
05-14 21:46:42.035 466-21538/? I/chatty: uid=1000(system) Binder_B expire 4 lines
05-14 21:46:42.118 863-863/? V/DreamService[AmbientDream]: onDestroy()
05-14 21:46:46.844 466-495/? I/chatty: uid=1000(system) android.fg expire 9 lines
05-14 21:46:46.876 863-863/? V/DreamService[AmbientDream]: onBind() intent = Intent { act=android.service.dreams.DreamService flg=0x800000 cmp=com.google.android.wearable.ambient/.AmbientDream }
05-14 21:46:46.882 863-863/? I/AmbientService: Ambient Created
05-14 21:46:46.882 863-863/? V/DreamService[AmbientDream]: Calling onDreamingStarted()
05-14 21:46:46.882 863-863/? I/AmbientService: Ambient Starting
05-14 21:46:46.892 466-21539/? I/chatty: uid=1000(system) Binder_C expire 8 lines
05-14 21:46:46.901 466-508/? I/chatty: uid=1000(system) PowerManagerSer expire 10 lines
05-14 21:46:46.975 466-21538/? I/chatty: uid=1000(system) Binder_B expire 9 lines
05-14 21:46:47.020 466-505/? I/chatty: uid=1000(system) android.display expire 11 lines
05-14 21:47:00.947 466-6423/? I/chatty: uid=1000(system) Binder_9 expire 4 lines
05-14 21:47:00.956 863-863/? I/AmbientService: Ambient Updating
05-14 21:47:00.980 466-555/? I/chatty: uid=1000(system) SensorService expire 10 lines
05-14 21:47:01.067 466-21697/? I/chatty: uid=1000(system) Binder_D expire 11 lines
05-14 21:48:00.949 863-863/? I/AmbientService: Ambient Updating
05-14 21:48:58.920 466-492/? I/chatty: uid=1000(system) ActivityManager expire 6 lines
05-14 21:49:00.002 863-863/? I/AmbientService: Ambient Updating
05-14 21:50:00.946 863-863/? I/AmbientService: Ambient Updating
05-14 21:51:01.097 466-808/? I/chatty: uid=1000(system) Binder_6 expire 7 lines
05-14 21:51:01.110 863-863/? I/AmbientService: Ambient Updating
05-14 21:51:59.981 466-747/? I/chatty: uid=1000(system) Binder_4 expire 6 lines
05-14 21:52:00.097 863-863/? I/AmbientService: Ambient Updating
05-14 21:52:00.108 466-505/? I/chatty: uid=1000(system) android.display expire 13 lines
05-14 21:53:00.700 863-863/? I/AmbientService: Ambient Updating
05-14 21:53:00.881 466-613/? I/chatty: uid=1000(system) Binder_3 expire 3 lines
05-14 21:53:56.196 466-466/? I/chatty: uid=1000 system_server expire 10 lines
05-14 21:53:56.264 863-863/? V/DreamService[AmbientDream]: wakeUp(): fromSystem=true, mWaking=false, mFinished=false
05-14 21:53:56.264 863-863/? V/DreamService[AmbientDream]: finish(): mFinished=false
05-14 21:53:56.280 863-863/? V/DreamService[AmbientDream]: detach(): Calling onDreamingStopped()
05-14 21:53:56.280 863-863/? I/AmbientService: Ambient Stopping
05-14 21:53:56.285 466-25796/? I/chatty: uid=1000(system) Binder_10 expire 9 lines
05-14 21:53:56.321 863-863/? V/DreamService[AmbientDream]: onDestroy()
05-14 21:53:59.737 466-25793/? I/chatty: uid=1000(system) Binder_E expire 5 lines
05-14 21:53:59.744 466-479/? I/chatty: uid=1000(system) Binder_2 expire 3 lines
05-14 21:53:59.889 863-863/? V/DreamService[AmbientDream]: onBind() intent = Intent { act=android.service.dreams.DreamService flg=0x800000 cmp=com.google.android.wearable.ambient/.AmbientDream }
05-14 21:53:59.911 863-863/? I/AmbientService: Ambient Created
05-14 21:53:59.911 863-863/? V/DreamService[AmbientDream]: Calling onDreamingStarted()
05-14 21:53:59.911 863-863/? I/AmbientService: Ambient Starting
05-14 21:54:00.004 863-863/? I/AmbientService: Ambient Updating
05-14 21:54:00.199 466-508/? I/chatty: uid=1000(system) PowerManagerSer expire 10 lines
05-14 21:54:20.738 466-1783/? I/chatty: uid=1000(system) Binder_8 expire 5 lines
05-14 21:54:20.837 863-863/? V/DreamService[AmbientDream]: wakeUp(): fromSystem=true, mWaking=false, mFinished=false
05-14 21:54:20.837 863-863/? V/DreamService[AmbientDream]: finish(): mFinished=false
05-14 21:54:20.844 863-863/? V/DreamService[AmbientDream]: detach(): Calling onDreamingStopped()
05-14 21:54:20.844 863-863/? I/AmbientService: Ambient Stopping
05-14 21:54:20.890 863-863/? V/DreamService[AmbientDream]: onDestroy()
05-14 21:54:22.370 466-807/? I/chatty: uid=1000(system) Binder_5 expire 5 lines
05-14 21:54:22.394 863-863/? V/DreamService[AmbientDream]: onBind() intent = Intent { act=android.service.dreams.DreamService flg=0x800000 cmp=com.google.android.wearable.ambient/.AmbientDream }
05-14 21:54:22.409 863-863/? I/AmbientService: Ambient Created
05-14 21:54:22.409 863-863/? V/DreamService[AmbientDream]: Calling onDreamingStarted()
05-14 21:54:22.409 863-863/? I/AmbientService: Ambient Starting
05-14 21:54:22.553 466-478/? I/chatty: uid=1000(system) Binder_1 expire 5 lines
05-14 21:54:22.691 466-505/? I/chatty: uid=1000(system) android.display expire 12 lines
05-14 21:54:59.376 466-1163/? I/chatty: uid=1000(system) Binder_7 expire 1 line
05-14 21:55:00.008 863-863/? I/AmbientService: Ambient Updating
05-14 21:55:53.803 466-20840/? I/chatty: uid=1000(system) Binder_A expire 3 lines
05-14 21:55:53.816 466-508/? I/chatty: uid=1000(system) PowerManagerSer expire 10 lines
05-14 21:55:53.852 863-863/? V/DreamService[AmbientDream]: wakeUp(): fromSystem=true, mWaking=false, mFinished=false
05-14 21:55:53.852 863-863/? V/DreamService[AmbientDream]: finish(): mFinished=false
05-14 21:55:53.862 863-863/? V/DreamService[AmbientDream]: detach(): Calling onDreamingStopped()
05-14 21:55:53.862 863-863/? I/AmbientService: Ambient Stopping
05-14 21:55:54.022 863-863/? V/DreamService[AmbientDream]: onDestroy()
05-14 21:55:54.233 466-555/? I/chatty: uid=1000(system) SensorService expire 6 lines
05-14 21:55:58.874 863-863/? V/DreamService[AmbientDream]: onBind() intent = Intent { act=android.service.dreams.DreamService flg=0x800000 cmp=com.google.android.wearable.ambient/.AmbientDream }
05-14 21:55:58.887 863-863/? I/AmbientService: Ambient Created
05-14 21:55:58.887 863-863/? V/DreamService[AmbientDream]: Calling onDreamingStarted()
05-14 21:55:58.887 863-863/? I/AmbientService: Ambient Starting
05-14 21:56:00.003 863-863/? I/AmbientService: Ambient Updating
05-14 21:57:00.565 863-863/? I/AmbientService: Ambient Updating
05-14 21:58:01.107 863-863/? I/AmbientService: Ambient Updating
05-14 21:58:09.861 466-508/? I/chatty: uid=1000(system) PowerManagerSer expire 7 lines
05-14 21:58:09.907 863-863/? V/DreamService[AmbientDream]: wakeUp(): fromSystem=true, mWaking=false, mFinished=false
05-14 21:58:09.907 863-863/? V/DreamService[AmbientDream]: finish(): mFinished=false
05-14 21:58:09.911 863-863/? V/DreamService[AmbientDream]: detach(): Calling onDreamingStopped()
05-14 21:58:09.911 863-863/? I/AmbientService: Ambient Stopping
05-14 21:58:09.960 863-863/? V/DreamService[AmbientDream]: onDestroy()
05-14 21:58:12.444 466-466/? I/chatty: uid=1000 system_server expire 9 lines
05-14 21:58:12.446 466-495/? I/chatty: uid=1000(system) android.fg expire 5 lines
05-14 21:58:12.467 863-863/? V/DreamService[AmbientDream]: onBind() intent = Intent { act=android.service.dreams.DreamService flg=0x800000 cmp=com.google.android.wearable.ambient/.AmbientDream }
05-14 21:58:12.471 863-863/? I/AmbientService: Ambient Created
05-14 21:58:12.471 863-863/? V/DreamService[AmbientDream]: Calling onDreamingStarted()
05-14 21:58:12.471 863-863/? I/AmbientService: Ambient Starting
05-14 21:58:12.489 466-20840/? I/chatty: uid=1000(system) Binder_A expire 2 lines
05-14 21:58:12.501 466-508/? I/chatty: uid=1000(system) PowerManagerSer expire 16 lines
05-14 21:58:12.593 466-1163/? I/chatty: uid=1000(system) Binder_7 expire 6 lines
05-14 21:58:12.726 466-505/? I/chatty: uid=1000(system) android.display expire 11 lines
05-14 21:58:59.453 466-6423/? I/chatty: uid=1000(system) Binder_9 expire 2 lines
05-14 21:58:59.656 466-555/? I/chatty: uid=1000(system) SensorService expire 12 lines
05-14 21:58:59.836 466-808/? I/chatty: uid=1000(system) Binder_6 expire 9 lines
05-14 21:59:00.006 863-863/? I/AmbientService: Ambient Updating
05-14 21:59:00.448 466-492/? I/chatty: uid=1000(system) ActivityManager expire 8 lines
05-14 22:00:00.949 863-863/? I/AmbientService: Ambient Updating
05-14 22:01:00.012 863-863/? I/AmbientService: Ambient Updating
05-14 22:02:00.957 863-863/? I/AmbientService: Ambient Updating
05-14 22:03:00.782 466-807/? I/chatty: uid=1000(system) Binder_5 expire 8 lines
05-14 22:03:00.794 863-863/? I/AmbientService: Ambient Updating
05-14 22:03:00.812 466-505/? I/chatty: uid=1000(system) android.display expire 10 lines
05-14 22:03:59.988 466-1783/? I/chatty: uid=1000(system) Binder_8 expire 2 lines
05-14 22:04:00.102 863-863/? I/AmbientService: Ambient Updating
05-14 22:05:00.875 863-863/? I/AmbientService: Ambient Updating
