11-21 21:21:32.173 I/ActivityManager( 1752): Activity reported stop, but no longer stopping: ActivityRecord{adc9b990 u0 com.google.android.wearable.app/com.google.android.clockwork.home.HomeActivity t1}
11-21 21:21:32.293 I/ActivityManager( 1752): START u0 {act=android.intent.action.MAIN cat=[android.intent.category.HOME] flg=0x10000000 cmp=com.google.android.wearable.app/com.google.android.clockwork.home.HomeActivity (has extras)} from pid 1871 on display 0
11-21 21:21:32.654 I/ActivityManager( 1752): START u0 {act=android.intent.action.MAIN cat=[android.intent.category.HOME] flg=0x10000000 cmp=com.google.android.wearable.app/com.google.android.clockwork.home.HomeActivity (has extras)} from pid 1871 on display 0
11-21 21:21:33.134 I/ActivityManager( 1752): START u0 {act=android.intent.action.MAIN cat=[android.intent.category.HOME] flg=0x10000000 cmp=com.google.android.wearable.app/com.google.android.clockwork.home.HomeActivity (has extras)} from pid 1871 on display 0
11-21 21:21:33.505 I/ActivityManager( 1752): START u0 {act=android.intent.action.MAIN cat=[android.intent.category.HOME] flg=0x10000000 cmp=com.google.android.wearable.app/com.google.android.clockwork.home.HomeActivity (has extras)} from pid 1871 on display 0
11-21 21:21:33.655 I/ActivityManager( 1752): START u0 {act=android.intent.action.MAIN cat=[android.intent.category.HOME] flg=0x10000000 cmp=com.google.android.wearable.app/com.google.android.clockwork.home.HomeActivity (has extras)} from pid 1871 on display 0
11-21 21:21:33.665 I/ActivityManager( 1752): Activity reported stop, but no longer stopping: ActivityRecord{adc9b990 u0 com.google.android.wearable.app/com.google.android.clockwork.home.HomeActivity t1}
11-21 21:21:33.915 I/ActivityManager( 1752): START u0 {act=android.intent.action.MAIN cat=[android.intent.category.HOME] flg=0x10000000 cmp=com.google.android.wearable.app/com.google.android.clockwork.home.HomeActivity (has extras)} from pid 1871 on display 0
11-21 21:21:34.245 I/ActivityManager( 1752): START u0 {act=android.intent.action.MAIN cat=[android.intent.category.HOME] flg=0x10000000 cmp=com.google.android.wearable.app/com.google.android.clockwork.home.HomeActivity (has extras)} from pid 1871 on display 0
11-21 21:21:39.661 I/ActivityManager( 1752): Delay finish: com.google.android.gms/.fitness.wearables.WearableSyncServiceReceiver
11-21 21:21:39.761 I/ActivityManager( 1752): Resuming delayed broadcast
11-21 21:21:39.771 I/ActivityManager( 1752): Delay finish: com.motorola.targetnotif/com.motorola.omni.NotificationAlarmReceiver
11-21 21:21:39.781 I/ActivityManager( 1752): Resuming delayed broadcast
11-21 21:21:48.631 I/ActivityManager( 1752): START u0 {act=android.intent.action.MAIN cat=[android.intent.category.HOME] flg=0x10000000 cmp=com.google.android.wearable.app/com.google.android.clockwork.home.HomeActivity (has extras)} from pid 1871 on display 0
11-21 21:21:48.991 I/ActivityManager( 1752): START u0 {act=android.intent.action.MAIN cat=[android.intent.category.HOME] flg=0x10000000 cmp=com.google.android.wearable.app/com.google.android.clockwork.home.HomeActivity (has extras)} from pid 1871 on display 0
11-21 21:21:49.302 I/ActivityManager( 1752): START u0 {act=android.intent.action.MAIN cat=[android.intent.category.HOME] flg=0x10000000 cmp=com.google.android.wearable.app/com.google.android.clockwork.home.HomeActivity (has extras)} from pid 1871 on display 0
11-21 21:21:49.632 I/ActivityManager( 1752): START u0 {act=android.intent.action.MAIN cat=[android.intent.category.HOME] flg=0x10000000 cmp=com.google.android.wearable.app/com.google.android.clockwork.home.HomeActivity (has extras)} from pid 1871 on display 0
11-21 21:21:50.042 I/ActivityManager( 1752): START u0 {act=android.intent.action.MAIN cat=[android.intent.category.HOME] flg=0x10000000 cmp=com.google.android.wearable.app/com.google.android.clockwork.home.HomeActivity (has extras)} from pid 1871 on display 0
11-21 21:22:18.076 I/ActivityManager( 1752): START u0 {act=android.intent.action.MAIN cat=[android.intent.category.HOME] flg=0x10000000 cmp=com.google.android.wearable.app/com.google.android.clockwork.home.HomeActivity (has extras)} from pid 1871 on display 0
11-21 21:22:18.467 I/ActivityManager( 1752): START u0 {act=android.intent.action.MAIN cat=[android.intent.category.HOME] flg=0x10000000 cmp=com.google.android.wearable.app/com.google.android.clockwork.home.HomeActivity (has extras)} from pid 1871 on display 0
11-21 21:22:18.967 I/ActivityManager( 1752): START u0 {act=android.intent.action.MAIN cat=[android.intent.category.HOME] flg=0x10000000 cmp=com.google.android.wearable.app/com.google.android.clockwork.home.HomeActivity (has extras)} from pid 1871 on display 0
11-21 21:22:19.528 I/ActivityManager( 1752): START u0 {act=android.intent.action.MAIN cat=[android.intent.category.HOME] flg=0x10000000 cmp=com.google.android.wearable.app/com.google.android.clockwork.home.HomeActivity (has extras)} from pid 1871 on display 0
11-21 21:22:19.968 I/ActivityManager( 1752): START u0 {act=android.intent.action.MAIN cat=[android.intent.category.HOME] flg=0x10000000 cmp=com.google.android.wearable.app/com.google.android.clockwork.home.HomeActivity (has extras)} from pid 1871 on display 0
11-21 21:22:20.219 I/ActivityManager( 1752): START u0 {act=android.intent.action.MAIN cat=[android.intent.category.HOME] flg=0x10000000 cmp=com.google.android.wearable.app/com.google.android.clockwork.home.HomeActivity (has extras)} from pid 1871 on display 0
11-21 21:22:20.519 I/ActivityManager( 1752): START u0 {act=android.intent.action.MAIN cat=[android.intent.category.HOME] flg=0x10000000 cmp=com.google.android.wearable.app/com.google.android.clockwork.home.HomeActivity (has extras)} from pid 1871 on display 0
11-21 21:22:20.789 I/ActivityManager( 1752): START u0 {act=android.intent.action.MAIN cat=[android.intent.category.HOME] flg=0x10000000 cmp=com.google.android.wearable.app/com.google.android.clockwork.home.HomeActivity (has extras)} from pid 1871 on display 0
11-21 21:22:51.579 I/ActivityManager( 1752): START u0 {act=android.intent.action.MAIN cat=[android.intent.category.HOME] flg=0x10000000 cmp=com.google.android.wearable.app/com.google.android.clockwork.home.HomeActivity (has extras)} from pid 1871 on display 0
11-21 21:22:51.880 I/ActivityManager( 1752): START u0 {act=android.intent.action.MAIN cat=[android.intent.category.HOME] flg=0x10000000 cmp=com.google.android.wearable.app/com.google.android.clockwork.home.HomeActivity (has extras)} from pid 1871 on display 0
11-21 21:22:52.360 I/ActivityManager( 1752): START u0 {act=android.intent.action.MAIN cat=[android.intent.category.HOME] flg=0x10000000 cmp=com.google.android.wearable.app/com.google.android.clockwork.home.HomeActivity (has extras)} from pid 1871 on display 0
11-21 21:22:52.570 I/ActivityManager( 1752): START u0 {act=android.intent.action.MAIN cat=[android.intent.category.HOME] flg=0x10000000 cmp=com.google.android.wearable.app/com.google.android.clockwork.home.HomeActivity (has extras)} from pid 1871 on display 0
11-21 21:22:52.710 I/ActivityManager( 1752): Activity reported stop, but no longer stopping: ActivityRecord{adc9b990 u0 com.google.android.wearable.app/com.google.android.clockwork.home.HomeActivity t1}
11-21 21:22:52.891 I/ActivityManager( 1752): START u0 {act=android.intent.action.MAIN cat=[android.intent.category.HOME] flg=0x10000000 cmp=com.google.android.wearable.app/com.google.android.clockwork.home.HomeActivity (has extras)} from pid 1871 on display 0
11-21 21:23:27.577 I/ActivityManager( 1752): START u0 {act=android.intent.action.MAIN cat=[android.intent.category.HOME] flg=0x10000000 cmp=com.google.android.wearable.app/com.google.android.clockwork.home.HomeActivity (has extras)} from pid 1871 on display 0
11-21 21:23:28.058 I/ActivityManager( 1752): START u0 {act=android.intent.action.MAIN cat=[android.intent.category.HOME] flg=0x10000000 cmp=com.google.android.wearable.app/com.google.android.clockwork.home.HomeActivity (has extras)} from pid 1871 on display 0
11-21 21:23:28.408 I/ActivityManager( 1752): START u0 {act=android.intent.action.MAIN cat=[android.intent.category.HOME] flg=0x10000000 cmp=com.google.android.wearable.app/com.google.android.clockwork.home.HomeActivity (has extras)} from pid 1871 on display 0
11-21 21:23:28.598 I/ActivityManager( 1752): START u0 {act=android.intent.action.MAIN cat=[android.intent.category.HOME] flg=0x10000000 cmp=com.google.android.wearable.app/com.google.android.clockwork.home.HomeActivity (has extras)} from pid 1871 on display 0
11-21 21:23:28.768 I/ActivityManager( 1752): Activity reported stop, but no longer stopping: ActivityRecord{adc9b990 u0 com.google.android.wearable.app/com.google.android.clockwork.home.HomeActivity t1}
11-21 21:23:28.778 I/ActivityManager( 1752): START u0 {act=android.intent.action.MAIN cat=[android.intent.category.HOME] flg=0x10000000 cmp=com.google.android.wearable.app/com.google.android.clockwork.home.HomeActivity (has extras)} from pid 1871 on display 0
11-21 21:23:29.039 I/ActivityManager( 1752): START u0 {act=android.intent.action.MAIN cat=[android.intent.category.HOME] flg=0x10000000 cmp=com.google.android.wearable.app/com.google.android.clockwork.home.HomeActivity (has extras)} from pid 1871 on display 0
11-21 21:23:29.199 I/ActivityManager( 1752): START u0 {act=android.intent.action.MAIN cat=[android.intent.category.HOME] flg=0x10000000 cmp=com.google.android.wearable.app/com.google.android.clockwork.home.HomeActivity (has extras)} from pid 1871 on display 0
11-21 21:23:29.199 I/ActivityManager( 1752): Activity reported stop, but no longer stopping: ActivityRecord{adc9b990 u0 com.google.android.wearable.app/com.google.android.clockwork.home.HomeActivity t1}
11-21 21:24:11.172 D/SensorHALGestureSensor( 1752): Gesture event received! time = 1416626651174932925
11-21 21:24:11.182 I/PowerManagerService( 1752): Waking up from sleep...
11-21 21:24:11.182 W/KeyguardServiceDelegate( 1752): onScreenTurnedOn(): no keyguard service!
11-21 21:24:11.362 W/InputMethodManagerService( 1752): Ignoring setImeWindowStatus of uid 1000 token: null
11-21 21:24:11.492 D/SensorHAL( 1752): adjustSensorHandle: handle = 9 adjustedHandle = 1
11-21 21:24:11.492 D/SensorHAL( 1752): adjustSensorHandle: handle = 9 adjustedHandle = 1
11-21 21:24:11.502 D/SensorHAL( 1752): adjustSensorHandle: handle = 9 adjustedHandle = 1
11-21 21:24:11.512 I/DisplayManagerService( 1752): Display device changed: DisplayDeviceInfo{"Built-in Screen": 320 x 290, 45.000004 fps, density 213, 203.2 x 204.61111 dpi, touch INTERNAL, rotation 0, type BUILT_IN, state ON, FLAG_DEFAULT_DISPLAY, FLAG_ROTATES_WITH_CONTENT, FLAG_SECURE, FLAG_SUPPORTS_PROTECTED_BUFFERS}
11-21 21:24:11.512 V/ActivityManager( 1752): Display changed displayId=0
11-21 21:24:16.347 I/PowerManagerService( 1752): Going to sleep due to screen timeout...
11-21 21:24:16.347 I/PowerManagerService( 1752): Dozing...
11-21 21:24:16.357 I/DreamController( 1752): Starting dream: name=ComponentInfo{com.google.android.wearable.app/com.google.android.clockwork.home.AmbientMode}, isTest=false, canDoze=true, userId=0
11-21 21:24:16.447 I/ActivityManager( 1752): START u0 {act=android.intent.action.MAIN cat=[android.intent.category.HOME] flg=0x10000000 cmp=com.google.android.wearable.app/com.google.android.clockwork.home.HomeActivity (has extras)} from pid 1871 on display 0
11-21 21:24:16.447 I/DreamController( 1752): Stopping dream: name=ComponentInfo{com.google.android.wearable.app/com.google.android.clockwork.home.AmbientMode}, isTest=false, canDoze=true, userId=0
11-21 21:24:16.457 I/PowerManagerService( 1752): Sleeping...
11-21 21:24:17.348 I/DisplayManagerService( 1752): Display device changed: DisplayDeviceInfo{"Built-in Screen": 320 x 290, 45.000004 fps, density 213, 203.2 x 204.61111 dpi, touch INTERNAL, rotation 0, type BUILT_IN, state OFF, FLAG_DEFAULT_DISPLAY, FLAG_ROTATES_WITH_CONTENT, FLAG_SECURE, FLAG_SUPPORTS_PROTECTED_BUFFERS}
11-21 21:24:17.348 V/ActivityManager( 1752): Display changed displayId=0
11-21 21:24:17.478 W/InputMethodManagerService( 1752): Ignoring setImeWindowStatus of uid 1000 token: null
11-21 21:25:53.088 I/ActivityManager( 1752): START u0 {act=android.intent.action.MAIN cat=[android.intent.category.HOME] flg=0x10000000 cmp=com.google.android.wearable.app/com.google.android.clockwork.home.HomeActivity (has extras)} from pid 1871 on display 0
11-21 21:25:53.418 I/ActivityManager( 1752): START u0 {act=android.intent.action.MAIN cat=[android.intent.category.HOME] flg=0x10000000 cmp=com.google.android.wearable.app/com.google.android.clockwork.home.HomeActivity (has extras)} from pid 1871 on display 0
11-21 21:25:53.899 I/ActivityManager( 1752): START u0 {act=android.intent.action.MAIN cat=[android.intent.category.HOME] flg=0x10000000 cmp=com.google.android.wearable.app/com.google.android.clockwork.home.HomeActivity (has extras)} from pid 1871 on display 0
11-21 21:25:54.129 I/ActivityManager( 1752): START u0 {act=android.intent.action.MAIN cat=[android.intent.category.HOME] flg=0x10000000 cmp=com.google.android.wearable.app/com.google.android.clockwork.home.HomeActivity (has extras)} from pid 1871 on display 0
11-21 21:25:54.319 I/ActivityManager( 1752): START u0 {act=android.intent.action.MAIN cat=[android.intent.category.HOME] flg=0x10000000 cmp=com.google.android.wearable.app/com.google.android.clockwork.home.HomeActivity (has extras)} from pid 1871 on display 0
11-21 21:25:54.329 I/ActivityManager( 1752): Activity reported stop, but no longer stopping: ActivityRecord{adc9b990 u0 com.google.android.wearable.app/com.google.android.clockwork.home.HomeActivity t1}
11-21 21:25:54.690 I/ActivityManager( 1752): START u0 {act=android.intent.action.MAIN cat=[android.intent.category.HOME] flg=0x10000000 cmp=com.google.android.wearable.app/com.google.android.clockwork.home.HomeActivity (has extras)} from pid 1871 on display 0
11-21 21:26:21.354 I/ActivityManager( 1752): START u0 {act=android.intent.action.MAIN cat=[android.intent.category.HOME] flg=0x10000000 cmp=com.google.android.wearable.app/com.google.android.clockwork.home.HomeActivity (has extras)} from pid 1871 on display 0
11-21 21:26:21.715 I/ActivityManager( 1752): START u0 {act=android.intent.action.MAIN cat=[android.intent.category.HOME] flg=0x10000000 cmp=com.google.android.wearable.app/com.google.android.clockwork.home.HomeActivity (has extras)} from pid 1871 on display 0
11-21 21:26:21.965 I/ActivityManager( 1752): START u0 {act=android.intent.action.MAIN cat=[android.intent.category.HOME] flg=0x10000000 cmp=com.google.android.wearable.app/com.google.android.clockwork.home.HomeActivity (has extras)} from pid 1871 on display 0
11-21 21:26:22.275 I/ActivityManager( 1752): START u0 {act=android.intent.action.MAIN cat=[android.intent.category.HOME] flg=0x10000000 cmp=com.google.android.wearable.app/com.google.android.clockwork.home.HomeActivity (has extras)} from pid 1871 on display 0
11-21 21:26:22.536 I/ActivityManager( 1752): START u0 {act=android.intent.action.MAIN cat=[android.intent.category.HOME] flg=0x10000000 cmp=com.google.android.wearable.app/com.google.android.clockwork.home.HomeActivity (has extras)} from pid 1871 on display 0
11-21 21:26:22.796 I/ActivityManager( 1752): START u0 {act=android.intent.action.MAIN cat=[android.intent.category.HOME] flg=0x10000000 cmp=com.google.android.wearable.app/com.google.android.clockwork.home.HomeActivity (has extras)} from pid 1871 on display 0
11-21 21:26:22.996 I/ActivityManager( 1752): START u0 {act=android.intent.action.MAIN cat=[android.intent.category.HOME] flg=0x10000000 cmp=com.google.android.wearable.app/com.google.android.clockwork.home.HomeActivity (has extras)} from pid 1871 on display 0
11-21 21:27:30.658 I/ActivityManager( 1752): START u0 {act=android.intent.action.MAIN cat=[android.intent.category.HOME] flg=0x10000000 cmp=com.google.android.wearable.app/com.google.android.clockwork.home.HomeActivity (has extras)} from pid 1871 on display 0
11-21 21:27:30.989 I/ActivityManager( 1752): START u0 {act=android.intent.action.MAIN cat=[android.intent.category.HOME] flg=0x10000000 cmp=com.google.android.wearable.app/com.google.android.clockwork.home.HomeActivity (has extras)} from pid 1871 on display 0
11-21 21:27:31.339 I/ActivityManager( 1752): START u0 {act=android.intent.action.MAIN cat=[android.intent.category.HOME] flg=0x10000000 cmp=com.google.android.wearable.app/com.google.android.clockwork.home.HomeActivity (has extras)} from pid 1871 on display 0
11-21 21:27:31.609 I/ActivityManager( 1752): START u0 {act=android.intent.action.MAIN cat=[android.intent.category.HOME] flg=0x10000000 cmp=com.google.android.wearable.app/com.google.android.clockwork.home.HomeActivity (has extras)} from pid 1871 on display 0
11-21 21:27:31.770 I/ActivityManager( 1752): START u0 {act=android.intent.action.MAIN cat=[android.intent.category.HOME] flg=0x10000000 cmp=com.google.android.wearable.app/com.google.android.clockwork.home.HomeActivity (has extras)} from pid 1871 on display 0
11-21 21:27:31.780 I/ActivityManager( 1752): Activity reported stop, but no longer stopping: ActivityRecord{adc9b990 u0 com.google.android.wearable.app/com.google.android.clockwork.home.HomeActivity t1}
11-21 21:27:32.020 I/ActivityManager( 1752): START u0 {act=android.intent.action.MAIN cat=[android.intent.category.HOME] flg=0x10000000 cmp=com.google.android.wearable.app/com.google.android.clockwork.home.HomeActivity (has extras)} from pid 1871 on display 0
11-21 21:27:32.290 I/ActivityManager( 1752): START u0 {act=android.intent.action.MAIN cat=[android.intent.category.HOME] flg=0x10000000 cmp=com.google.android.wearable.app/com.google.android.clockwork.home.HomeActivity (has extras)} from pid 1871 on display 0
11-21 21:27:56.112 D/SensorHALGestureSensor( 1752): Gesture event received! time = 1416626876114599644
11-21 21:27:56.112 I/PowerManagerService( 1752): Waking up from sleep...
11-21 21:27:56.112 W/KeyguardServiceDelegate( 1752): onScreenTurnedOn(): no keyguard service!
11-21 21:27:56.312 W/InputMethodManagerService( 1752): Ignoring setImeWindowStatus of uid 1000 token: null
11-21 21:27:56.442 I/DisplayManagerService( 1752): Display device changed: DisplayDeviceInfo{"Built-in Screen": 320 x 290, 45.000004 fps, density 213, 203.2 x 204.61111 dpi, touch INTERNAL, rotation 0, type BUILT_IN, state ON, FLAG_DEFAULT_DISPLAY, FLAG_ROTATES_WITH_CONTENT, FLAG_SECURE, FLAG_SUPPORTS_PROTECTED_BUFFERS}
11-21 21:27:56.442 V/ActivityManager( 1752): Display changed displayId=0
11-21 21:27:56.662 D/SensorHAL( 1752): adjustSensorHandle: handle = 9 adjustedHandle = 1
11-21 21:27:56.662 D/SensorHAL( 1752): adjustSensorHandle: handle = 9 adjustedHandle = 1
11-21 21:27:56.682 D/SensorHAL( 1752): adjustSensorHandle: handle = 9 adjustedHandle = 1
11-21 21:28:01.317 I/PowerManagerService( 1752): Going to sleep due to screen timeout...
11-21 21:28:01.317 I/PowerManagerService( 1752): Dozing...
11-21 21:28:01.317 I/DreamController( 1752): Starting dream: name=ComponentInfo{com.google.android.wearable.app/com.google.android.clockwork.home.AmbientMode}, isTest=false, canDoze=true, userId=0
11-21 21:28:01.387 I/ActivityManager( 1752): START u0 {act=android.intent.action.MAIN cat=[android.intent.category.HOME] flg=0x10000000 cmp=com.google.android.wearable.app/com.google.android.clockwork.home.HomeActivity (has extras)} from pid 1871 on display 0
11-21 21:28:01.387 I/DreamController( 1752): Stopping dream: name=ComponentInfo{com.google.android.wearable.app/com.google.android.clockwork.home.AmbientMode}, isTest=false, canDoze=true, userId=0
11-21 21:28:01.397 I/PowerManagerService( 1752): Sleeping...
11-21 21:28:02.187 I/DisplayManagerService( 1752): Display device changed: DisplayDeviceInfo{"Built-in Screen": 320 x 290, 45.000004 fps, density 213, 203.2 x 204.61111 dpi, touch INTERNAL, rotation 0, type BUILT_IN, state OFF, FLAG_DEFAULT_DISPLAY, FLAG_ROTATES_WITH_CONTENT, FLAG_SECURE, FLAG_SUPPORTS_PROTECTED_BUFFERS}
11-21 21:28:02.187 V/ActivityManager( 1752): Display changed displayId=0
11-21 21:28:02.248 W/InputMethodManagerService( 1752): Ignoring setImeWindowStatus of uid 1000 token: null
11-21 21:28:18.227 I/ActivityManager( 1752): START u0 {act=android.intent.action.MAIN cat=[android.intent.category.HOME] flg=0x10000000 cmp=com.google.android.wearable.app/com.google.android.clockwork.home.HomeActivity (has extras)} from pid 1871 on display 0
11-21 21:28:18.488 I/ActivityManager( 1752): START u0 {act=android.intent.action.MAIN cat=[android.intent.category.HOME] flg=0x10000000 cmp=com.google.android.wearable.app/com.google.android.clockwork.home.HomeActivity (has extras)} from pid 1871 on display 0
11-21 21:28:18.608 I/ActivityManager( 1752): START u0 {act=android.intent.action.MAIN cat=[android.intent.category.HOME] flg=0x10000000 cmp=com.google.android.wearable.app/com.google.android.clockwork.home.HomeActivity (has extras)} from pid 1871 on display 0
11-21 21:28:18.798 I/ActivityManager( 1752): START u0 {act=android.intent.action.MAIN cat=[android.intent.category.HOME] flg=0x10000000 cmp=com.google.android.wearable.app/com.google.android.clockwork.home.HomeActivity (has extras)} from pid 1871 on display 0
11-21 21:28:19.088 I/ActivityManager( 1752): START u0 {act=android.intent.action.MAIN cat=[android.intent.category.HOME] flg=0x10000000 cmp=com.google.android.wearable.app/com.google.android.clockwork.home.HomeActivity (has extras)} from pid 1871 on display 0
11-21 21:28:19.489 I/ActivityManager( 1752): START u0 {act=android.intent.action.MAIN cat=[android.intent.category.HOME] flg=0x10000000 cmp=com.google.android.wearable.app/com.google.android.clockwork.home.HomeActivity (has extras)} from pid 1871 on display 0
11-21 21:28:19.899 I/ActivityManager( 1752): START u0 {act=android.intent.action.MAIN cat=[android.intent.category.HOME] flg=0x10000000 cmp=com.google.android.wearable.app/com.google.android.clockwork.home.HomeActivity (has extras)} from pid 1871 on display 0
11-21 21:28:23.378 I/ActivityManager( 1752): START u0 {act=android.intent.action.MAIN cat=[android.intent.category.HOME] flg=0x10000000 cmp=com.google.android.wearable.app/com.google.android.clockwork.home.HomeActivity (has extras)} from pid 1871 on display 0
11-21 21:28:23.499 I/ActivityManager( 1752): START u0 {act=android.intent.action.MAIN cat=[android.intent.category.HOME] flg=0x10000000 cmp=com.google.android.wearable.app/com.google.android.clockwork.home.HomeActivity (has extras)} from pid 1871 on display 0
11-21 21:28:28.347 I/ActivityManager( 1752): START u0 {act=android.intent.action.MAIN cat=[android.intent.category.HOME] flg=0x10000000 cmp=com.google.android.wearable.app/com.google.android.clockwork.home.HomeActivity (has extras)} from pid 1871 on display 0
11-21 21:28:28.657 I/ActivityManager( 1752): START u0 {act=android.intent.action.MAIN cat=[android.intent.category.HOME] flg=0x10000000 cmp=com.google.android.wearable.app/com.google.android.clockwork.home.HomeActivity (has extras)} from pid 1871 on display 0
11-21 21:28:29.829 I/ActivityManager( 1752): START u0 {act=android.intent.action.MAIN cat=[android.intent.category.HOME] flg=0x10000000 cmp=com.google.android.wearable.app/com.google.android.clockwork.home.HomeActivity (has extras)} from pid 1871 on display 0
11-21 21:28:30.239 I/ActivityManager( 1752): START u0 {act=android.intent.action.MAIN cat=[android.intent.category.HOME] flg=0x10000000 cmp=com.google.android.wearable.app/com.google.android.clockwork.home.HomeActivity (has extras)} from pid 1871 on display 0
11-21 21:28:49.720 I/ActivityManager( 1752): START u0 {act=android.intent.action.MAIN cat=[android.intent.category.HOME] flg=0x10000000 cmp=com.google.android.wearable.app/com.google.android.clockwork.home.HomeActivity (has extras)} from pid 1871 on display 0
11-21 21:28:50.020 I/ActivityManager( 1752): START u0 {act=android.intent.action.MAIN cat=[android.intent.category.HOME] flg=0x10000000 cmp=com.google.android.wearable.app/com.google.android.clockwork.home.HomeActivity (has extras)} from pid 1871 on display 0
--------- beginning of main
11-21 21:28:50.170 D/mot_vr_audio_hw( 1419): Input 0xb8ebfc60 close complete
11-21 21:28:50.221 D/dalvikvm( 1871): GC_CONCURRENT freed 1077K, 22% free 30498K/38808K, paused 11ms+9ms, total 133ms
11-21 21:28:50.291 I/ActivityManager( 1752): START u0 {act=android.intent.action.MAIN cat=[android.intent.category.HOME] flg=0x10000000 cmp=com.google.android.wearable.app/com.google.android.clockwork.home.HomeActivity (has extras)} from pid 1871 on display 0
11-21 21:28:50.401 D/dalvikvm( 1871): GC_CONCURRENT freed 3069K, 25% free 29476K/38808K, paused 18ms+11ms, total 100ms
11-21 21:28:50.401 D/dalvikvm( 1871): WAIT_FOR_CONCURRENT_GC blocked 62ms
11-21 21:28:50.411 D/dalvikvm( 1871): WAIT_FOR_CONCURRENT_GC blocked 47ms
11-21 21:28:50.411 D/dalvikvm( 1871): WAIT_FOR_CONCURRENT_GC blocked 47ms
11-21 21:28:50.441 D/mot_vr_audio_hw( 1419): dsp_recognizer_enabled = true
11-21 21:28:50.441 D/ADSPD   ( 7609): Client cmd=0x0003, size=4
11-21 21:28:50.441 D/ADSPD   ( 7609): Trying to send to dsp while in dsp in RESET
11-21 21:28:50.441 D/mot_vr_audio_hw( 1419): open_input_stream(): devices = 0x80000004, rate = 8000, channels = 0x10
11-21 21:28:50.441 D/mot_vr_audio_hw( 1419): Created resampler for 16000->8000 Hz
11-21 21:28:50.441 D/ADSPD   ( 7609): Client cmd=0x4003, size=2
11-21 21:28:50.451 D/mot_vr_audio_hw( 1419): in_read waiting for hotword
11-21 21:28:50.461 D/mot_vr_audio_hw( 1419): dsp_recognizer_enabled = false
11-21 21:28:50.461 D/ADSPD   ( 7609): Client cmd=0x0003, size=4
11-21 21:28:50.461 D/ADSPD   ( 7609): Trying to send to dsp while in dsp in RESET
11-21 21:28:50.461 W/mot_vr_audio_hw( 1419): Not allowing wake() since DSP is disabled
11-21 21:28:50.471 W/mot_vr_audio_hw( 1419): Not allowing wake() since DSP is disabled
11-21 21:28:50.491 D/ADSPD   ( 7609): Client cmd=0x4003, size=2
11-21 21:28:50.491 D/ADSPD   ( 7609): DSP no longer used, turned off here
11-21 21:28:50.491 D/mot_vr_audio_hw( 1419): Input 0xb8ebfc60 close complete
11-21 21:28:50.541 D/dalvikvm(12260): GC_CONCURRENT freed 397K, 25% free 2392K/3188K, paused 2ms+5ms, total 48ms
11-21 21:28:50.641 D/dalvikvm( 1871): GC_FOR_ALLOC freed 1097K, 25% free 29484K/38808K, paused 42ms, total 42ms
11-21 21:28:50.701 I/ActivityManager( 1752): START u0 {act=android.intent.action.MAIN cat=[android.intent.category.HOME] flg=0x10000000 cmp=com.google.android.wearable.app/com.google.android.clockwork.home.HomeActivity (has extras)} from pid 1871 on display 0
11-21 21:28:50.781 D/dalvikvm( 1871): GC_CONCURRENT freed 1037K, 22% free 30481K/38808K, paused 19ms+8ms, total 91ms
11-21 21:28:50.781 D/dalvikvm( 1871): WAIT_FOR_CONCURRENT_GC blocked 42ms
11-21 21:28:50.781 D/dalvikvm( 1871): WAIT_FOR_CONCURRENT_GC blocked 67ms
11-21 21:28:50.791 D/mot_vr_audio_hw( 1419): dsp_recognizer_enabled = true
11-21 21:28:50.791 D/ADSPD   ( 7609): Client cmd=0x0003, size=4
11-21 21:28:50.791 D/ADSPD   ( 7609): Trying to send to dsp while in dsp in RESET
11-21 21:28:50.791 D/mot_vr_audio_hw( 1419): open_input_stream(): devices = 0x80000004, rate = 8000, channels = 0x10
11-21 21:28:50.791 D/mot_vr_audio_hw( 1419): Created resampler for 16000->8000 Hz
11-21 21:28:50.791 D/ADSPD   ( 7609): Client cmd=0x4003, size=2
11-21 21:28:50.811 D/mot_vr_audio_hw( 1419): in_read waiting for hotword
11-21 21:28:50.821 D/mot_vr_audio_hw( 1419): dsp_recognizer_enabled = false
11-21 21:28:50.821 D/ADSPD   ( 7609): Client cmd=0x0003, size=4
11-21 21:28:50.821 D/ADSPD   ( 7609): Trying to send to dsp while in dsp in RESET
11-21 21:28:50.821 W/mot_vr_audio_hw( 1419): Not allowing wake() since DSP is disabled
11-21 21:28:50.831 W/mot_vr_audio_hw( 1419): Not allowing wake() since DSP is disabled
11-21 21:28:50.851 D/ADSPD   ( 7609): Client cmd=0x4003, size=2
11-21 21:28:50.851 D/ADSPD   ( 7609): DSP no longer used, turned off here
11-21 21:28:50.851 D/mot_vr_audio_hw( 1419): Input 0xb8ebfc60 close complete
11-21 21:28:50.971 D/dalvikvm( 1871): GC_FOR_ALLOC freed 2098K, 24% free 29495K/38808K, paused 41ms, total 42ms
11-21 21:28:51.091 I/ActivityManager( 1752): START u0 {act=android.intent.action.MAIN cat=[android.intent.category.HOME] flg=0x10000000 cmp=com.google.android.wearable.app/com.google.android.clockwork.home.HomeActivity (has extras)} from pid 1871 on display 0
11-21 21:28:51.131 D/mot_vr_audio_hw( 1419): dsp_recognizer_enabled = true
11-21 21:28:51.131 D/ADSPD   ( 7609): Client cmd=0x0003, size=4
11-21 21:28:51.131 D/ADSPD   ( 7609): Trying to send to dsp while in dsp in RESET
11-21 21:28:51.131 D/mot_vr_audio_hw( 1419): open_input_stream(): devices = 0x80000004, rate = 8000, channels = 0x10
11-21 21:28:51.131 D/mot_vr_audio_hw( 1419): Created resampler for 16000->8000 Hz
11-21 21:28:51.131 D/ADSPD   ( 7609): Client cmd=0x4003, size=2
11-21 21:28:51.151 D/mot_vr_audio_hw( 1419): in_read waiting for hotword
11-21 21:28:51.151 D/mot_vr_audio_hw( 1419): dsp_recognizer_enabled = false
11-21 21:28:51.151 D/ADSPD   ( 7609): Client cmd=0x0003, size=4
11-21 21:28:51.151 D/ADSPD   ( 7609): Trying to send to dsp while in dsp in RESET
11-21 21:28:51.151 W/mot_vr_audio_hw( 1419): Not allowing wake() since DSP is disabled
11-21 21:28:51.161 W/mot_vr_audio_hw( 1419): Not allowing wake() since DSP is disabled
11-21 21:28:51.191 D/ADSPD   ( 7609): Client cmd=0x4003, size=2
11-21 21:28:51.191 D/ADSPD   ( 7609): DSP no longer used, turned off here
11-21 21:28:51.191 D/mot_vr_audio_hw( 1419): Input 0xb8ebfc60 close complete
11-21 21:28:53.243 W/bt-btif (24046): dm_pm_timer expires
11-21 21:28:53.243 W/bt-btif (24046): dm_pm_timer expires 0
11-21 21:28:53.243 W/bt-btif (24046): proc dm_pm_timer expires
11-21 21:29:32.767 I/FitnessWearable(22496): Refreshing Platform Data
11-21 21:29:32.787 I/Fitness (12255): Account supported from cache: true
11-21 21:29:32.797 I/Fitness (12255): schedule to sync accounts: [dwallach@gmail.com]
11-21 21:29:32.827 D/dalvikvm(12255): GC_CONCURRENT freed 439K, 21% free 2619K/3288K, paused 2ms+2ms, total 42ms
11-21 21:29:32.837 I/FitnessWearable(22496): Completed query in 45 milliseconds
11-21 21:29:34.639 W/bt-btif (24046): dm_pm_timer expires
11-21 21:29:34.639 W/bt-btif (24046): dm_pm_timer expires 0
11-21 21:29:34.639 W/bt-btif (24046): proc dm_pm_timer expires
11-21 21:29:34.759 E/StreamVibrator( 1871): Found notifications that tried to vibrate, but they never made it to the top of the stream. Not vibrating.
11-21 21:29:37.464 W/bt-btif (24046): dm_pm_timer expires
11-21 21:29:37.464 W/bt-btif (24046): dm_pm_timer expires 0
11-21 21:29:37.464 W/bt-btif (24046): proc dm_pm_timer expires
11-21 21:29:50.073 W/bt-btif (24046): dm_pm_timer expires
11-21 21:29:50.073 W/bt-btif (24046): dm_pm_timer expires 0
11-21 21:29:50.073 W/bt-btif (24046): proc dm_pm_timer expires
11-21 21:29:55.746 W/bt-btif (24046): invalid rfc slot id: 15, btsock_rfc_signaled
11-21 21:29:55.746 E/bt-btm  (24046): btm_sec_disconnected - Clearing Pending flag
11-21 21:29:55.746 E/bt-btif (24046): bta_dm_pm_btm_status  hci_status=8
11-21 21:29:55.816 I/WearableConn(12260): Connection closed, waiting.
11-21 21:29:55.826 I/ActivityManager( 1752): Start proc com.google.android.apps.wearable.bugreportsender for service com.google.android.apps.wearable.bugreportsender/com.google.android.clockwork.bugreportsender.ClockworkListenerService: pid=3516 uid=10002 gids={50002}
11-21 21:29:55.836 I/WearableConn(12260): Waiting 0.1 seconds to retry connection
11-21 21:29:55.886 I/ActivityManager( 1752): Start proc com.google.android.deskclock for service com.google.android.deskclock/.AlarmListenerService: pid=3525 uid=10016 gids={50016}
11-21 21:30:22.177 D/dalvikvm(12260): GC_CONCURRENT freed 468K, 28% free 2322K/3188K, paused 3ms+1ms, total 99ms
11-21 21:30:22.187 I/Fitness (12255): WearableSyncServiceReceiver.onReceive
11-21 21:30:22.227 D/WearableClient(26229): WearableClientImpl.onPostInitHandler: done
11-21 21:30:22.247 D/BluetoothManagerService( 1752): checkIfCallerIsForegroundUser: valid=true callingUser=0 foregroundUser=0
11-21 21:30:22.257 W/BluetoothAdapter(12260): getBluetoothService() called with no BluetoothManagerCallback
11-21 21:30:22.257 E/BluetoothServiceJni(24046): SOCK FLAG = 3 ***********************
11-21 21:30:22.257 I/WearableConn(12260): Accepting connections
11-21 21:30:22.267 I/BluetoothAdapterProperties(24046): adapterPropertyChangedCallback with type:9 len:4
11-21 21:30:22.267 D/BluetoothAdapterProperties(24046): Discoverable Timeout:0
11-21 21:30:22.267 I/BluetoothAdapterProperties(24046): adapterPropertyChangedCallback with type:7 len:4
11-21 21:30:22.267 D/BluetoothAdapterProperties(24046): Scan Mode:21
11-21 21:30:22.277 D/WearableBluetooth(12260): set scan mode to 21 (enabled)
11-21 21:30:22.297 D/ConnectivityService( 1752): Sampling interval elapsed, updating statistics ..
11-21 21:30:22.297 D/ConnectivityService( 1752): Done.
11-21 21:30:22.297 D/ConnectivityService( 1752): Setting timer for 720seconds
11-21 21:30:22.347 D/WearableClient(12255): WearableClientImpl.onPostInitHandler: done
11-21 21:30:22.397 I/ActivityManager( 1752): Start proc com.google.android.maps.mytracks for service com.google.android.maps.mytracks/com.google.android.apps.mytracks.services.WearListenerService: pid=3545 uid=10029 gids={50029}
11-21 21:30:22.457 I/ActivityManager( 1752): Start proc com.trello for service com.trello/.wearable.TWearDataListenerService: pid=3552 uid=10017 gids={50017}
11-21 21:30:22.467 D/dalvikvm( 1418): GC_EXPLICIT freed 44K, 12% free 1832K/2080K, paused 1ms+12ms, total 24ms
11-21 21:30:22.487 D/dalvikvm( 1418): GC_EXPLICIT freed <1K, 12% free 1832K/2080K, paused 1ms+1ms, total 21ms
11-21 21:30:22.508 D/dalvikvm( 1418): GC_EXPLICIT freed <1K, 12% free 1832K/2080K, paused 1ms+1ms, total 26ms
11-21 21:30:22.548 I/ActivityManager( 1752): Start proc com.google.android.apps.maps for service com.google.android.apps.maps/com.google.android.apps.gmmwearable.MapsListenerService: pid=3569 uid=10020 gids={50020}
11-21 21:30:22.598 D/WearableClient(24804): WearableClientImpl.onPostInitHandler: done
11-21 21:30:22.658 I/ActivityManager( 1752): Start proc me.lyft.android for service me.lyft.android/.services.PhoneListenerService: pid=3583 uid=10021 gids={50021}
11-21 21:30:22.678 D/ClockworkProxy( 1871): onPeerDisconnected
11-21 21:30:22.688 D/ClockworkProxy( 1871): Tearing down native proxy service...
11-21 21:30:22.688 D/LocationWearablesListenerService(12255): onPeerDisconnected
11-21 21:30:22.698 D/NetUtils( 1752): android_net_utils_resetConnections in env=0xb8ff6d38 clazz=0x25b00001 iface=ifb0 mask=0x3
11-21 21:30:22.698 D/ConnectivityService( 1752): ConnectivityChange for PROXY: DISCONNECTED/DISCONNECTED
11-21 21:30:22.698 D/ConnectivityService( 1752): tryFailover: set mActiveDefaultNetwork=-1, prevNetType=16
11-21 21:30:22.698 D/ConnectivityService( 1752): Attempting to switch to BLUETOOTH_TETHER
11-21 21:30:22.698 D/ConnectivityService( 1752): resetConnections(ifb0, 3)
11-21 21:30:22.698 D/Nat464Xlat( 1752): requiresClat: netType=16, hasIPv4Address=false
11-21 21:30:22.738 V/WearReceiverService(26290): phone is disconnected!, e12e6647-0917-4594-a0b8-f42d78390f6d
11-21 21:30:22.788 D/WearableClient(30779): WearableClientImpl.onPostInitHandler: done
11-21 21:30:23.058 D/ClockworkProxy( 1871): Clockwork proxy TCP relaying thread stopped
11-21 21:30:23.058 D/ClockworkProxy( 1871): Stop UDP relaying thread
11-21 21:30:23.058 D/ClockworkProxy( 1871): Clockwork proxy UDP relaying thread stopped
11-21 21:30:23.068 D/App     ( 3583): onCreate
11-21 21:30:23.398 D/dalvikvm( 3552): GC_CONCURRENT freed 229K, 18% free 2039K/2468K, paused 3ms+44ms, total 91ms
11-21 21:30:23.398 D/PhoneListenerService( 3583): onPeerDisconnected
11-21 21:31:40.227 D/dalvikvm( 3569): GC_CONCURRENT freed 200K, 17% free 2025K/2428K, paused 3ms+1ms, total 101ms
11-21 21:31:40.237 D/dalvikvm( 3545): GC_CONCURRENT freed 182K, 16% free 2036K/2420K, paused 1ms+0ms, total 39ms
11-21 21:32:30.900 D/SensorHALGestureSensor( 1752): Gesture event received! time = 1416627150902685533
11-21 21:32:30.900 I/PowerManagerService( 1752): Waking up from sleep...
11-21 21:32:30.900 W/KeyguardServiceDelegate( 1752): onScreenTurnedOn(): no keyguard service!
11-21 21:32:31.040 D/PowerManagerService-JNI( 1752): Excessive delay in autosuspend_disable() while turning screen on: 136ms
11-21 21:32:31.040 D/MinnowPowerHAL( 1752): power_set_interactive: 1
11-21 21:32:31.040 D/MinnowPowerHAL( 1752): sysfs_write: /sys/devices/platform/omapdss/display0/interactivemode 1
11-21 21:32:31.080 D/MinnowPowerHAL( 1752): sysfs_write: /sys/devices/ocp.2/i2c.6/i2c-0/0-004a/interactivemode 1
11-21 21:32:31.080 D/MinnowPowerHAL( 1752): sysfs_write: /sys/class/leds/lcd-backlight/interactive 1
11-21 21:32:31.080 D/mot_vr_audio_hw( 1752): dsp_set_pm_state = on
11-21 21:32:31.080 D/ADSPD   ( 7609): Client cmd=0x4002, size=2
11-21 21:32:31.080 D/ADSPD   ( 7609): DSP_CMD_DAEMON_SET_PM_STATE : 1
11-21 21:32:31.080 D/PowerManagerService-JNI( 1752): Excessive delay in setInteractive(true) while turning screen on: 34ms
11-21 21:32:31.100 V/WearActivity(26290): Resume!
11-21 21:32:31.130 D/mot_vr_audio_hw( 1419): dsp_recognizer_enabled = true
11-21 21:32:31.130 D/mot_vr_audio_hw( 1419): open_input_stream(): devices = 0x80000004, rate = 8000, channels = 0x10
11-21 21:32:31.130 D/mot_vr_audio_hw( 1419): Created resampler for 16000->8000 Hz
11-21 21:32:31.140 D/mot_vr_audio_hw( 1419): in_read waiting for hotword
11-21 21:32:31.180 E/HostWithRpcCallback( 1871): Failed to send RPC
11-21 21:32:31.180 E/HostWithRpcCallback( 1871): com.google.android.wearable.gmsclient.WearableException: sendRpcAsync failed: Status{statusCode=unknown status code: 4000, resolution=null}
11-21 21:32:31.180 E/HostWithRpcCallback( 1871): 	at com.google.android.wearable.gmsclient.GoogleApiClientHelper.throwIfFailed(GoogleApiClientHelper.java:98)
11-21 21:32:31.180 E/HostWithRpcCallback( 1871): 	at com.google.android.wearable.gmsclient.MessageManager$1$1.getResult(MessageManager.java:81)
11-21 21:32:31.180 E/HostWithRpcCallback( 1871): 	at com.google.android.wearable.gmsclient.MessageManager$1$1.getResult(MessageManager.java:78)
11-21 21:32:31.180 E/HostWithRpcCallback( 1871): 	at com.google.android.clockwork.actions.WearableHostWithRpcCallback$SendRpcCallbackWithId.onSendRpc(WearableHostWithRpcCallback.java:292)
11-21 21:32:31.180 E/HostWithRpcCallback( 1871): 	at com.google.android.wearable.gmsclient.MessageManager$1.onResult(MessageManager.java:78)
11-21 21:32:31.180 E/HostWithRpcCallback( 1871): 	at com.google.android.wearable.gmsclient.MessageManager$1.onResult(MessageManager.java:75)
11-21 21:32:31.180 E/HostWithRpcCallback( 1871): 	at com.google.android.gms.common.api.BaseImplementation$CallbackHandler.deliverResultCallback(Unknown Source)
11-21 21:32:31.180 E/HostWithRpcCallback( 1871): 	at com.google.android.gms.common.api.BaseImplementation$CallbackHandler.handleMessage(Unknown Source)
11-21 21:32:31.180 E/HostWithRpcCallback( 1871): 	at android.os.Handler.dispatchMessage(Handler.java:102)
11-21 21:32:31.180 E/HostWithRpcCallback( 1871): 	at android.os.Looper.loop(Looper.java:136)
11-21 21:32:31.180 E/HostWithRpcCallback( 1871): 	at android.app.ActivityThread.main(ActivityThread.java:5026)
11-21 21:32:31.180 E/HostWithRpcCallback( 1871): 	at java.lang.reflect.Method.invokeNative(Native Method)
11-21 21:32:31.180 E/HostWithRpcCallback( 1871): 	at java.lang.reflect.Method.invoke(Method.java:515)
11-21 21:32:31.180 E/HostWithRpcCallback( 1871): 	at com.android.internal.os.ZygoteInit$MethodAndArgsCaller.run(ZygoteInit.java:777)
11-21 21:32:31.180 E/HostWithRpcCallback( 1871): 	at com.android.internal.os.ZygoteInit.main(ZygoteInit.java:602)
11-21 21:32:31.180 E/HostWithRpcCallback( 1871): 	at dalvik.system.NativeStart.main(Native Method)
11-21 21:32:31.180 W/InputMethodManagerService( 1752): Ignoring setImeWindowStatus of uid 1000 token: null
11-21 21:32:31.210 D/SurfaceFlinger( 1417): Screen acquired, type=0 flinger=0xb7fc2448
11-21 21:32:31.210 D/hwcomposer( 1417): hwc_blank(0: 0)
11-21 21:32:31.230 I/DisplayManagerService( 1752): Display device changed: DisplayDeviceInfo{"Built-in Screen": 320 x 290, 45.000004 fps, density 213, 203.2 x 204.61111 dpi, touch INTERNAL, rotation 0, type BUILT_IN, state ON, FLAG_DEFAULT_DISPLAY, FLAG_ROTATES_WITH_CONTENT, FLAG_SECURE, FLAG_SUPPORTS_PROTECTED_BUFFERS}
11-21 21:32:31.250 V/WearActivity(26290): display changed: 0, new state: 2
11-21 21:32:31.250 V/WearActivity(26290): onDisplayChanged: on!
11-21 21:32:31.250 V/WearActivity(26290): killing alarms
11-21 21:32:31.250 V/WearActivity(26290): startHelper: putting it all back together again
11-21 21:32:31.250 V/WearActivity(26290): initAlarm: setting up
11-21 21:32:31.260 I/ClockFace(26290): Ambient mode: false
11-21 21:32:31.260 V/MyViewAnim(26290): resumeMaxHertz
11-21 21:32:31.260 V/ClockFace(26290): clearing caches
11-21 21:32:31.260 V/MyViewAnim(26290): starting new animator
11-21 21:32:31.260 V/MyViewAnim(26290): Time listener is up!
11-21 21:32:31.260 V/MyViewAnim(26290): starting new draw thread
11-21 21:32:31.260 V/ActivityManager( 1752): Display changed displayId=0
11-21 21:32:31.280 F/Looper  (26290): Could not create wake pipe.  errno=24
11-21 21:32:31.280 F/libc    (26290): Fatal signal 6 (SIGABRT) at 0x66b2 (code=-6), thread 3617 (Thread-1097)
11-21 21:32:31.300 D/LightsService( 1752): Excessive delay setting light: 67ms
11-21 21:32:31.310 D/SensorHAL( 1752): adjustSensorHandle: handle = 9 adjustedHandle = 1
11-21 21:32:31.310 D/SensorHAL( 1752): adjustSensorHandle: handle = 9 adjustedHandle = 1
11-21 21:32:31.330 D/SensorHAL( 1752): adjustSensorHandle: handle = 9 adjustedHandle = 1
11-21 21:32:31.380 E/ADSPD   ( 7609): Timeout on select()
11-21 21:32:31.380 E/ADSPD   ( 7609): NO ACK received after loading firmware
11-21 21:32:31.380 E/ADSPD   ( 7609): Unknown ACK received 0x00
11-21 21:32:31.380 D/ADSPD   ( 7609): Client cmd=0x0003, size=4
11-21 21:32:31.380 I/DEBUG   ( 1416): *** *** *** *** *** *** *** *** *** *** *** *** *** *** *** ***
11-21 21:32:31.380 I/DEBUG   ( 1416): Build fingerprint: 'motorola/metallica/minnow:4.4W.2/KNX01S/1526154:user/release-keys'
11-21 21:32:31.380 I/DEBUG   ( 1416): Revision: '0'
11-21 21:32:31.380 I/DEBUG   ( 1416): pid: 26290, tid: 3617, name: Thread-1097  >>> org.dwallach.calwatch <<<
11-21 21:32:31.380 I/DEBUG   ( 1416): signal 6 (SIGABRT), code -6 (SI_TKILL), fault addr --------
11-21 21:32:31.390 D/ADSPD   ( 7609): Received from DSP: cmd=0x8003, size=2
11-21 21:32:31.390 D/ADSPD   ( 7609): Client cmd=0x4003, size=2
11-21 21:32:31.410 D/mot_vr_audio_hw( 1419): received recognition control callback, status 0
11-21 21:32:31.720 I/DEBUG   ( 1416):     r0 00000000  r1 00000e21  r2 00000006  r3 00000000
11-21 21:32:31.720 I/DEBUG   ( 1416):     r4 00000006  r5 00000018  r6 00000e21  r7 0000010c
11-21 21:32:31.720 I/DEBUG   ( 1416):     r8 a370cb00  r9 a3e8ff40  sl 00000008  fp a370cb14
11-21 21:32:31.720 I/DEBUG   ( 1416):     ip b6effb10  sp a370c638  lr b6f33335  pc b6f4cf70  cpsr 000f0010
11-21 21:32:31.720 I/DEBUG   ( 1416):     d0  ffffffffffffffff  d1  202e657069702065
11-21 21:32:31.720 I/DEBUG   ( 1416):     d2  0000000400000372  d3  a49f508000000072
11-21 21:32:31.720 I/DEBUG   ( 1416):     d4  0061006c00410049  d5  0061004d006d0072
11-21 21:32:31.720 I/DEBUG   ( 1416):     d6  006500670061006e  d7  0000000000000072
11-21 21:32:31.720 I/DEBUG   ( 1416):     d8  4221fcbfba83126f  d9  0000000000000000
11-21 21:32:31.720 I/DEBUG   ( 1416):     d10 0000000000000000  d11 0000000000000000
11-21 21:32:31.720 I/DEBUG   ( 1416):     d12 0000000000000000  d13 0000000000000000
11-21 21:32:31.720 I/DEBUG   ( 1416):     d14 0000000000000000  d15 0000000000000000
11-21 21:32:31.720 I/DEBUG   ( 1416):     d16 0000000000000000  d17 0000273b00000000
11-21 21:32:31.720 I/DEBUG   ( 1416):     d18 fca00000fca00000  d19 fca00000fca00000
11-21 21:32:31.720 I/DEBUG   ( 1416):     d20 0000000000000000  d21 0004100000008000
11-21 21:32:31.720 I/DEBUG   ( 1416):     d22 fca00000fca00000  d23 fca00000fca00000
11-21 21:32:31.720 I/DEBUG   ( 1416):     d24 0000000000000000  d25 0000000000000000
11-21 21:32:31.720 I/DEBUG   ( 1416):     d26 0020000000000000  d27 0060000000400000
11-21 21:32:31.720 I/DEBUG   ( 1416):     d28 0000000000000000  d29 0000000000000000
11-21 21:32:31.720 I/DEBUG   ( 1416):     d30 001fffff001fffff  d31 001fffff001fffff
11-21 21:32:31.720 I/DEBUG   ( 1416):     scr 20000010
11-21 21:32:31.720 I/DEBUG   ( 1416): 
11-21 21:32:31.720 I/DEBUG   ( 1416): backtrace:
11-21 21:32:31.720 I/DEBUG   ( 1416):     #00 pc 0002df70  /system/lib/libc.so (tgkill+12)
11-21 21:32:31.720 I/DEBUG   ( 1416):     #01 pc 00014331  /system/lib/libc.so (pthread_kill+64)
11-21 21:32:31.720 I/DEBUG   ( 1416):     #02 pc 00014c75  /system/lib/libc.so (raise+10)
11-21 21:32:31.720 I/DEBUG   ( 1416):     #03 pc 0001257d  /system/lib/libc.so
11-21 21:32:31.720 I/DEBUG   ( 1416):     #04 pc 000109c4  /system/lib/libc.so (abort+4)
11-21 21:32:31.720 I/DEBUG   ( 1416):     #05 pc 00006b15  /system/lib/libcutils.so (__android_log_assert+88)
11-21 21:32:31.720 I/DEBUG   ( 1416):     #06 pc 0001024b  /system/lib/libutils.so (android::Looper::Looper(bool)+194)
11-21 21:32:31.720 I/DEBUG   ( 1416):     #07 pc 0006b721  /system/lib/libandroid_runtime.so (android::NativeMessageQueue::NativeMessageQueue()+80)
11-21 21:32:31.720 I/DEBUG   ( 1416):     #08 pc 0006b759  /system/lib/libandroid_runtime.so
11-21 21:32:31.720 I/DEBUG   ( 1416):     #09 pc 0001e544  /system/lib/libdvm.so (dvmPlatformInvoke+112)
11-21 21:32:31.720 I/DEBUG   ( 1416):     #10 pc 0004e51b  /system/lib/libdvm.so (dvmCallJNIMethod(unsigned int const*, JValue*, Method const*, Thread*)+418)
11-21 21:32:31.720 I/DEBUG   ( 1416):     #11 pc 00027960  /system/lib/libdvm.so
11-21 21:32:31.720 I/DEBUG   ( 1416):     #12 pc 0002e6d4  /system/lib/libdvm.so (dvmMterpStd(Thread*)+68)
11-21 21:32:31.720 I/DEBUG   ( 1416):     #13 pc 0002bf24  /system/lib/libdvm.so (dvmInterpret(Thread*, Method const*, JValue*)+184)
11-21 21:32:31.720 I/DEBUG   ( 1416):     #14 pc 0006114d  /system/lib/libdvm.so (dvmCallMethodV(Thread*, Method const*, Object*, bool, JValue*, std::__va_list)+328)
11-21 21:32:31.720 I/DEBUG   ( 1416):     #15 pc 00061171  /system/lib/libdvm.so (dvmCallMethod(Thread*, Method const*, Object*, JValue*, ...)+20)
11-21 21:32:31.720 I/DEBUG   ( 1416):     #16 pc 00055c99  /system/lib/libdvm.so
11-21 21:32:31.720 I/DEBUG   ( 1416):     #17 pc 00013add  /system/lib/libc.so
11-21 21:32:31.720 I/DEBUG   ( 1416):     #18 pc 000126b3  /system/lib/libc.so (__bionic_clone_entry+6)
11-21 21:32:31.720 I/DEBUG   ( 1416):     #19 pc 00013c89  /system/lib/libc.so (pthread_create+340)
11-21 21:32:31.720 I/DEBUG   ( 1416): 
11-21 21:32:31.720 I/DEBUG   ( 1416): stack:
11-21 21:32:31.720 I/DEBUG   ( 1416):          a370c5f8  b6effb10  /system/lib/libutils.so
11-21 21:32:31.720 I/DEBUG   ( 1416):          a370c5fc  a370cb00  [stack:3617]
11-21 21:32:31.720 I/DEBUG   ( 1416):          a370c600  a3e8ff40  
11-21 21:32:31.730 I/DEBUG   ( 1416):          a370c604  00000008  
11-21 21:32:31.730 I/DEBUG   ( 1416):          a370c608  00000000  
11-21 21:32:31.730 I/DEBUG   ( 1416):          a370c60c  b6f875fd  /system/lib/libcutils.so
11-21 21:32:31.730 I/DEBUG   ( 1416):          a370c610  00000026  
11-21 21:32:31.730 I/DEBUG   ( 1416):          a370c614  b6effb60  /system/lib/libutils.so
11-21 21:32:31.730 I/DEBUG   ( 1416):          a370c618  00000000  
11-21 21:32:31.730 I/DEBUG   ( 1416):          a370c61c  b6f87845  /system/lib/libcutils.so (__android_log_write+216)
11-21 21:32:31.730 I/DEBUG   ( 1416):          a370c620  00000006  
11-21 21:32:31.730 I/DEBUG   ( 1416):          a370c624  00000018  
11-21 21:32:31.730 I/DEBUG   ( 1416):          a370c628  00000e21  
11-21 21:32:31.730 I/DEBUG   ( 1416):          a370c62c  b6effb10  /system/lib/libutils.so
11-21 21:32:31.730 I/DEBUG   ( 1416):          a370c630  a370cb00  [stack:3617]
11-21 21:32:31.730 I/DEBUG   ( 1416):          a370c634  b6f33329  /system/lib/libc.so (pthread_kill+56)
11-21 21:32:31.730 I/DEBUG   ( 1416):     #00  a370c638  00000006  
11-21 21:32:31.730 I/DEBUG   ( 1416):          ........  ........
11-21 21:32:31.730 I/DEBUG   ( 1416):     #01  a370c638  00000006  
11-21 21:32:31.730 I/DEBUG   ( 1416):          a370c63c  b6efd65c  /system/lib/libutils.so
11-21 21:32:31.730 I/DEBUG   ( 1416):          a370c640  a370c658  [stack:3617]
11-21 21:32:31.730 I/DEBUG   ( 1416):          a370c644  b6f33c79  /system/lib/libc.so (raise+14)
11-21 21:32:31.730 I/DEBUG   ( 1416):     #02  a370c648  a370c654  [stack:3617]
11-21 21:32:31.730 I/DEBUG   ( 1416):          a370c64c  b6f31581  /system/lib/libc.so
11-21 21:32:31.740 I/DEBUG   ( 1416): 
11-21 21:32:31.740 I/DEBUG   ( 1416): memory near r8:
11-21 21:32:31.740 I/DEBUG   ( 1416):     a370cae0 b9136138 00000003 a3e8ff48 b6e2f75d  
11-21 21:32:31.740 I/DEBUG   ( 1416):     a370caf0 a8e5c2e6 a9b54188 b912f770 b5abf548  
11-21 21:32:31.740 I/DEBUG   ( 1416):     a370cb00 a904009f 0000010a adac8828 b912f780  
11-21 21:32:31.740 I/DEBUG   ( 1416):     a370cb10 00000001 b5aef51f a3e8ff40 a904009f  
11-21 21:32:31.740 I/DEBUG   ( 1416):     a370cb20 b6e2f74d b912f780 a3e8ff1c a9b540a8  
11-21 21:32:31.740 I/DEBUG   ( 1416):     a370cb30 1d200001 00000000 b6f6dd78 a370cc30  
11-21 21:32:31.740 I/DEBUG   ( 1416):     a370cb40 00000000 a370cc84 ba83126f 4221fcbf  
11-21 21:32:31.740 I/DEBUG   ( 1416):     a370cb50 00000000 00000000 00000000 00000000  
11-21 21:32:31.740 I/DEBUG   ( 1416):     a370cb60 00000000 00000000 00000000 00000000  
11-21 21:32:31.740 I/DEBUG   ( 1416):     a370cb70 00000000 00000000 00000000 00000000  
11-21 21:32:31.740 I/DEBUG   ( 1416):     a370cb80 00000000 00000000 b5b523a0 00000009  
11-21 21:32:31.740 I/DEBUG   ( 1416):     a370cb90 00000000 a3e8ff2c b912f770 a9afeb40  
