11-21 21:32:31.740 I/DEBUG   ( 1416):     a370cba0 00000000 00000009 00000000 b5b02157  
11-21 21:32:31.740 I/DEBUG   ( 1416):     a370cbb0 b5b4dc60 00000020 b5b523a0 ffffffff  
11-21 21:32:31.740 I/DEBUG   ( 1416):     a370cbc0 b8e79328 fffffea4 00000001 00000014  
11-21 21:32:31.740 I/DEBUG   ( 1416):     a370cbd0 b5b523a0 adddec60 b8e79328 b5b14e6b  
11-21 21:32:31.740 I/DEBUG   ( 1416): 
11-21 21:32:31.740 I/DEBUG   ( 1416): memory near r9:
11-21 21:32:31.740 I/DEBUG   ( 1416):     a3e8ff20 adddec60 a3e8ff54 a8e5d5e2 a3e8ff54  
11-21 21:32:31.740 I/DEBUG   ( 1416):     a3e8ff30 a8e5d5f0 a9b54188 00000000 00000000  
11-21 21:32:31.740 I/DEBUG   ( 1416):     a3e8ff40 a3e8ff78 a8e5c2e6 a9b540a8 a8e5d5f0  
11-21 21:32:31.740 I/DEBUG   ( 1416):     a3e8ff50 00000000 adddec60 a8e5c574 adda6a40  
11-21 21:32:31.740 I/DEBUG   ( 1416):     a3e8ff60 00000001 a3e8ff98 a8e5c598 a9b53b68  
11-21 21:32:31.740 I/DEBUG   ( 1416):     a3e8ff70 a8e5c2e6 00000000 adda6a40 addd8b08  
11-21 21:32:31.740 I/DEBUG   ( 1416):     a3e8ff80 00000001 a3e8ffb8 a8e5c556 a9b53cb8  
11-21 21:32:31.740 I/DEBUG   ( 1416):     a3e8ff90 a8e5c598 00000000 adb7f838 addd8b08  
11-21 21:32:31.740 I/DEBUG   ( 1416):     a3e8ffa0 00000001 a3e8ffd0 a471b86a a9b53c80  
11-21 21:32:31.740 I/DEBUG   ( 1416):     a3e8ffb0 a8e5c556 00000000 00000001 a3e90000  
11-21 21:32:31.740 I/DEBUG   ( 1416):     a3e8ffc0 00000000 a9d34750 a471b86a 00000000  
11-21 21:32:31.740 I/DEBUG   ( 1416):     a3e8ffd0 00000000 00000000 00000000 00000000  
11-21 21:32:31.740 I/DEBUG   ( 1416):     a3e8ffe0 00000000 00000000 adda7a30 00000000  
11-21 21:32:31.740 I/DEBUG   ( 1416):     a3e8fff0 00000000 00000000 00000000 00000000  
11-21 21:32:31.740 I/DEBUG   ( 1416):     a3e90000 ffffffff ffffffff ffffffff ffffffff  
11-21 21:32:31.740 I/DEBUG   ( 1416):     a3e90010 ffffffff ffffffff ffffffff ffffffff  
11-21 21:32:31.740 I/DEBUG   ( 1416): 
11-21 21:32:31.740 I/DEBUG   ( 1416): memory near fp:
11-21 21:32:31.740 I/DEBUG   ( 1416):     a370caf4 a9b54188 b912f770 b5abf548 a904009f  
11-21 21:32:31.740 I/DEBUG   ( 1416):     a370cb04 0000010a adac8828 b912f780 00000001  
11-21 21:32:31.740 I/DEBUG   ( 1416):     a370cb14 b5aef51f a3e8ff40 a904009f b6e2f74d  
11-21 21:32:31.740 I/DEBUG   ( 1416):     a370cb24 b912f780 a3e8ff1c a9b540a8 1d200001  
11-21 21:32:31.740 I/DEBUG   ( 1416):     a370cb34 00000000 b6f6dd78 a370cc30 00000000  
11-21 21:32:31.740 I/DEBUG   ( 1416):     a370cb44 a370cc84 ba83126f 4221fcbf 00000000  
11-21 21:32:31.740 I/DEBUG   ( 1416):     a370cb54 00000000 00000000 00000000 00000000  
11-21 21:32:31.740 I/DEBUG   ( 1416):     a370cb64 00000000 00000000 00000000 00000000  
11-21 21:32:31.740 I/DEBUG   ( 1416):     a370cb74 00000000 00000000 00000000 00000000  
11-21 21:32:31.740 I/DEBUG   ( 1416):     a370cb84 00000000 b5b523a0 00000009 00000000  
11-21 21:32:31.740 I/DEBUG   ( 1416):     a370cb94 a3e8ff2c b912f770 a9afeb40 00000000  
11-21 21:32:31.740 I/DEBUG   ( 1416):     a370cba4 00000009 00000000 b5b02157 b5b4dc60  
11-21 21:32:31.740 I/DEBUG   ( 1416):     a370cbb4 00000020 b5b523a0 ffffffff b8e79328  
11-21 21:32:31.740 I/DEBUG   ( 1416):     a370cbc4 fffffea4 00000001 00000014 b5b523a0  
11-21 21:32:31.740 I/DEBUG   ( 1416):     a370cbd4 adddec60 b8e79328 b5b14e6b b5b4dc60  
11-21 21:32:31.740 I/DEBUG   ( 1416):     a370cbe4 adaafa78 b5b523a0 adddec60 00000014  
11-21 21:32:31.740 I/DEBUG   ( 1416): 
11-21 21:32:31.740 I/DEBUG   ( 1416): memory near ip:
11-21 21:32:31.740 I/DEBUG   ( 1416):     b6effaf0 b6efaebf b6ef7db7 b6ef7db7 b6ef809b  
11-21 21:32:31.740 I/DEBUG   ( 1416):     b6effb00 b6ef7db7 00000000 00000000 00000000  
11-21 21:32:31.740 I/DEBUG   ( 1416):     b6effb10 b6efaeed b6efaf15 b6efadc5 b6efb599  
11-21 21:32:31.740 I/DEBUG   ( 1416):     b6effb20 b6efbdb5 b6efbdd1 b6efbdeb b6efbe11  
11-21 21:32:31.740 I/DEBUG   ( 1416):     b6effb30 00000000 00000000 b6efaf65 b6efaf8d  
11-21 21:32:31.740 I/DEBUG   ( 1416):     b6effb40 b6efadab b6efb761 b6efbd13 b6efbcf1  
11-21 21:32:31.740 I/DEBUG   ( 1416):     b6effb50 b6efbd69 b6efbd37 b6ef7549 00000000  
11-21 21:32:31.740 I/DEBUG   ( 1416):     b6effb60 00000000 00000000 b6efaf29 b6efaf51  
11-21 21:32:31.740 I/DEBUG   ( 1416):     b6effb70 b6efadab b6efb761 b6efbd13 b6efbcf1  
11-21 21:32:31.740 I/DEBUG   ( 1416):     b6effb80 b6efbd69 b6efbd37 0000000c 00000000  
11-21 21:32:31.740 I/DEBUG   ( 1416):     b6effb90 00000000 b6efadfd b6efae91 b6f1c91d  
11-21 21:32:31.740 I/DEBUG   ( 1416):     b6effba0 00000000 00000000 00000000 00000000  
11-21 21:32:31.740 I/DEBUG   ( 1416):     b6effbb0 fffffff4 fffffff4 00000000 b6efae29  
11-21 21:32:31.740 I/DEBUG   ( 1416):     b6effbc0 b6efaea3 b6ef7db7 b6ef7db7 b6ef809b  
11-21 21:32:31.740 I/DEBUG   ( 1416):     b6effbd0 b6ef7db7 00000000 00000008 00000000  
11-21 21:32:31.740 I/DEBUG   ( 1416):     b6effbe0 00000000 b6efae35 b6efaead b6f1c91d  
11-21 21:32:31.740 I/DEBUG   ( 1416): 
11-21 21:32:31.740 I/DEBUG   ( 1416): memory near sp:
11-21 21:32:31.740 I/DEBUG   ( 1416):     a370c618 00000000 b6f87845 00000006 00000018  
11-21 21:32:31.740 I/DEBUG   ( 1416):     a370c628 00000e21 b6effb10 a370cb00 b6f33329  
11-21 21:32:31.740 I/DEBUG   ( 1416):     a370c638 00000006 b6efd65c a370c658 b6f33c79  
11-21 21:32:31.740 I/DEBUG   ( 1416):     a370c648 a370c654 b6f31581 00000000 ffffffdf  
11-21 21:32:31.740 I/DEBUG   ( 1416):     a370c658 00000000 00000000 00000000 200123d8  
11-21 21:32:31.740 I/DEBUG   ( 1416):     a370c668 a370c684 b6efd65c b6effb60 b6f2f9c8  
11-21 21:32:31.740 I/DEBUG   ( 1416):     a370c678 00000000 b6f87b19 a370ca9c 6c756f43  
11-21 21:32:31.740 I/DEBUG   ( 1416):     a370c688 6f6e2064 72632074 65746165 6b617720  
11-21 21:32:31.740 I/DEBUG   ( 1416):     a370c698 69702065 202e6570 72726520 323d6f6e  
11-21 21:32:31.740 I/DEBUG   ( 1416):     a370c6a8 00000034 00000000 00000000 00000000  
11-21 21:32:31.740 I/DEBUG   ( 1416):     a370c6b8 00000000 00000000 00000000 00000000  
11-21 21:32:31.740 I/DEBUG   ( 1416):     a370c6c8 00000000 00000000 00000000 00000000  
11-21 21:32:31.740 I/DEBUG   ( 1416):     a370c6d8 00000000 00000000 00000000 00000000  
11-21 21:32:31.740 I/DEBUG   ( 1416):     a370c6e8 00000000 00000000 00000000 00000000  
11-21 21:32:31.740 I/DEBUG   ( 1416):     a370c6f8 00000000 00000000 00000000 00000000  
11-21 21:32:31.740 I/DEBUG   ( 1416):     a370c708 00000000 00000000 00000000 00000000  
11-21 21:32:31.740 I/DEBUG   ( 1416): 
11-21 21:32:31.740 I/DEBUG   ( 1416): code around pc:
11-21 21:32:31.740 I/DEBUG   ( 1416):     b6f4cf50 e1a0700c e3700a01 912fff1e e2600000  
11-21 21:32:31.740 I/DEBUG   ( 1416):     b6f4cf60 ea003ac3 e1a0c007 e3a07f43 ef000000  
11-21 21:32:31.740 I/DEBUG   ( 1416):     b6f4cf70 e1a0700c e3700a01 912fff1e e2600000  
11-21 21:32:31.740 I/DEBUG   ( 1416):     b6f4cf80 ea003abb e1a0c007 e59f7014 ef000000  
11-21 21:32:31.740 I/DEBUG   ( 1416):     b6f4cf90 e1a0700c e3700a01 912fff1e e2600000  
11-21 21:32:31.740 I/DEBUG   ( 1416):     b6f4cfa0 ea003ab3 0000015e e1a0c007 e59f7014  
11-21 21:32:31.740 I/DEBUG   ( 1416):     b6f4cfb0 ef000000 e1a0700c e3700a01 912fff1e  
11-21 21:32:31.740 I/DEBUG   ( 1416):     b6f4cfc0 e2600000 ea003aaa 00000162 e1a0c007  
11-21 21:32:31.750 I/DEBUG   ( 1416):     b6f4cfd0 e59f7014 ef000000 e1a0700c e3700a01  
11-21 21:32:31.750 I/DEBUG   ( 1416):     b6f4cfe0 912fff1e e2600000 ea003aa1 00000161  
11-21 21:32:31.750 I/DEBUG   ( 1416):     b6f4cff0 e1a0c007 e3a0702b ef000000 e1a0700c  
11-21 21:32:31.750 I/DEBUG   ( 1416):     b6f4d000 e3700a01 912fff1e e2600000 ea003a98  
11-21 21:32:31.750 I/DEBUG   ( 1416):     b6f4d010 e1a0c007 e3a070ee ef000000 e1a0700c  
11-21 21:32:31.750 I/DEBUG   ( 1416):     b6f4d020 e3700a01 912fff1e e2600000 ea003a90  
11-21 21:32:31.750 I/DEBUG   ( 1416):     b6f4d030 e1a0c007 e3a0705c ef000000 e1a0700c  
11-21 21:32:31.750 I/DEBUG   ( 1416):     b6f4d040 e3700a01 912fff1e e2600000 ea003a88  
11-21 21:32:31.750 I/DEBUG   ( 1416): 
11-21 21:32:31.750 I/DEBUG   ( 1416): code around lr:
11-21 21:32:31.750 I/DEBUG   ( 1416):     b6f33314 44782403 f952f000 689ee011 4478480d  
11-21 21:32:31.750 I/DEBUG   ( 1416):     b6f33324 f94cf000 efc2f018 46224631 ee18f019  
11-21 21:32:31.750 I/DEBUG   ( 1416):     b6f33334 d1033001 fad4f7fe e0006804 f7fe2400  
11-21 21:32:31.750 I/DEBUG   ( 1416):     b6f33344 6005facf bd704620 0003aa9e 0003aa92  
11-21 21:32:31.750 I/DEBUG   ( 1416):     b6f33354 0003aa86 0003aa7a 33fff04f 20006003  
11-21 21:32:31.750 I/DEBUG   ( 1416):     b6f33364 68034770 000ff003 d8022802 20006008  
11-21 21:32:31.750 I/DEBUG   ( 1416):     b6f33374 20164770 29024770 6803d806 020ff023  
11-21 21:32:31.750 I/DEBUG   ( 1416):     b6f33384 60014311 47702000 47702016 2901b129  
11-21 21:32:31.750 I/DEBUG   ( 1416):     b6f33394 6803d109 0110f043 6802e002 0110f022  
11-21 21:32:31.750 I/DEBUG   ( 1416):     b6f333a4 20006001 20164770 68034770 1000f3c3  
11-21 21:32:31.750 I/DEBUG   ( 1416):     b6f333b4 20006008 b9114770 20006001 680a4770  
11-21 21:32:31.750 I/DEBUG   ( 1416):     b6f333c4 0f10f012 010ff002 f44fbf14 23005300  
11-21 21:32:31.750 I/DEBUG   ( 1416):     b6f333d4 d0032901 d0042902 e004b939 4380f443  
11-21 21:32:31.750 I/DEBUG   ( 1416):     b6f333e4 f443e001 60034300 2016e7e7 e92d4770  
11-21 21:32:31.750 I/DEBUG   ( 1416):     b6f333f4 460441f0 f4156805 f4054740 d06b5600  
11-21 21:32:31.750 I/DEBUG   ( 1416):     b6f33404 fdcaf7ff ebb36883 d11a4f15 4f00f5b7  
11-21 21:32:32.511 D/Tethering( 1752): MasterInitialState.processMessage what=3
11-21 21:32:32.511 D/CaptivePortalTracker( 1752): NoActiveNetworkState{ when=-2ms what=1 obj=NetworkInfo: type: PROXY[], state: DISCONNECTED/DISCONNECTED, reason: proxy_down, extra: (none), roaming: false, failover: false, isAvailable: true, isConnectedToProvisioningNetwork: false target=com.android.internal.util.StateMachine$SmHandler }
11-21 21:32:32.511 D/CaptivePortalTracker( 1752): NoActiveNetworkState not a wifi connectivity change, ignore
11-21 21:32:32.521 I/ActivityManager( 1752): Start proc android.process.media for broadcast com.android.providers.downloads/.DownloadReceiver: pid=3618 uid=10009 gids={50009, 1028, 1015, 1023, 1024, 2001, 3003, 3007}
11-21 21:32:32.531 E/ActivityThread( 1752): Failed to find provider info for telephony
11-21 21:32:32.872 D/dalvikvm( 1752): GC_EXPLICIT freed 556K, 69% free 5442K/17296K, paused 3ms+17ms, total 121ms
11-21 21:32:32.882 E/SELinux ( 3618): SELinux: Loaded file_contexts from /file_contexts, 
11-21 21:32:32.882 E/SELinux ( 3618): digest=
11-21 21:32:32.882 E/SELinux ( 3618): 97
11-21 21:32:32.882 E/SELinux ( 3618): 5e
11-21 21:32:32.882 E/SELinux ( 3618): e9
11-21 21:32:32.882 E/SELinux ( 3618): e8
11-21 21:32:32.882 E/SELinux ( 3618): 3a
11-21 21:32:32.882 E/SELinux ( 3618): a5
11-21 21:32:32.882 E/SELinux ( 3618): b3
11-21 21:32:32.882 E/SELinux ( 3618): 2f
11-21 21:32:32.882 E/SELinux ( 3618): 7c
11-21 21:32:32.882 E/SELinux ( 3618): 90
11-21 21:32:32.882 E/SELinux ( 3618): 4c
11-21 21:32:32.882 E/SELinux ( 3618): 2f
11-21 21:32:32.882 E/SELinux ( 3618): 85
11-21 21:32:32.882 E/SELinux ( 3618): 1f
11-21 21:32:32.882 E/SELinux ( 3618): 89
11-21 21:32:32.882 E/SELinux ( 3618): 5a
11-21 21:32:32.882 E/SELinux ( 3618): 52
11-21 21:32:32.882 E/SELinux ( 3618): 84
11-21 21:32:32.882 E/SELinux ( 3618): ad
11-21 21:32:32.882 E/SELinux ( 3618): 40
11-21 21:32:32.882 E/SELinux ( 3618): 
11-21 21:32:33.132 D/GCM     (12290): GcmService start Intent { act=android.net.conn.CONNECTIVITY_CHANGE flg=0x4000010 cmp=com.google.android.gms/.gcm.GcmService (has extras) } android.net.conn.CONNECTIVITY_CHANGE
11-21 21:32:33.612 W/ActivityManager( 1752):   Force finishing activity org.dwallach.calwatch/.WearActivity
11-21 21:32:33.652 I/BootReceiver( 1752): Copying /data/tombstones/tombstone_05 to DropBox (SYSTEM_TOMBSTONE)
11-21 21:32:33.702 I/WindowState( 1752): WIN DEATH: Window{adcd8dc0 u0 org.dwallach.calwatch/org.dwallach.calwatch.WearActivity}
11-21 21:32:33.722 I/WindowState( 1752): WIN DEATH: Window{adef86e0 u0 SurfaceView}
11-21 21:32:33.772 D/Zygote  ( 1418): Process 26290 terminated by signal (6)
11-21 21:32:33.782 D/dalvikvm( 1752): GC_CONCURRENT freed 689K, 68% free 5653K/17296K, paused 13ms+12ms, total 103ms
11-21 21:32:33.782 D/dalvikvm( 1752): WAIT_FOR_CONCURRENT_GC blocked 92ms
11-21 21:32:33.792 D/dalvikvm( 1752): WAIT_FOR_CONCURRENT_GC blocked 99ms
11-21 21:32:33.883 I/ActivityManager( 1752): Process org.dwallach.calwatch (pid 26290) has died.
11-21 21:32:33.893 W/ActivityManager( 1752): Scheduling restart of crashed service org.dwallach.calwatch/.WearReceiverService in 1000ms
11-21 21:32:33.893 I/DisplayManagerService( 1752): Display device removed: DisplayDeviceInfo{"ActivityViewVirtualDisplay": 320 x 320, 60.0 fps, density 213, 213.0 x 213.0 dpi, touch NONE, rotation 0, type VIRTUAL, state ON, owner android (uid 1000), FLAG_OWN_CONTENT_ONLY}
11-21 21:32:33.893 V/ActivityManager( 1752): Display removed displayId=47
11-21 21:32:34.003 I/DisplayManagerService( 1752): Display device added: DisplayDeviceInfo{"ActivityViewVirtualDisplay": 320 x 320, 60.0 fps, density 213, 213.0 x 213.0 dpi, touch NONE, rotation 0, type VIRTUAL, state OFF, owner android (uid 1000), FLAG_OWN_CONTENT_ONLY}
11-21 21:32:34.003 V/ActivityManager( 1752): Display added displayId=48
11-21 21:32:34.023 V/ActivityManager( 1752): Display changed displayId=48
11-21 21:32:34.043 I/DisplayManagerService( 1752): Display device removed: DisplayDeviceInfo{"ActivityViewVirtualDisplay": 320 x 320, 60.0 fps, density 213, 213.0 x 213.0 dpi, touch NONE, rotation 0, type VIRTUAL, state OFF, owner android (uid 1000), FLAG_OWN_CONTENT_ONLY}
11-21 21:32:34.043 V/ActivityManager( 1752): Display removed displayId=48
11-21 21:32:34.063 W/ClockworkHome.HomeView( 1871): Relaunch 1 of watch face org.dwallach.calwatch/.WearActivity
11-21 21:32:34.103 I/DisplayManagerService( 1752): Display device added: DisplayDeviceInfo{"ActivityViewVirtualDisplay": 320 x 320, 60.0 fps, density 213, 213.0 x 213.0 dpi, touch NONE, rotation 0, type VIRTUAL, state OFF, owner android (uid 1000), FLAG_OWN_CONTENT_ONLY}
11-21 21:32:34.103 V/ActivityManager( 1752): Display added displayId=49
11-21 21:32:34.123 V/ActivityManager( 1752): Display changed displayId=49
11-21 21:32:34.143 I/ActivityManager( 1752): START u0 {flg=0x18010000 cmp=org.dwallach.calwatch/.WearActivity (has extras)} from pid 1871 on display 49
11-21 21:32:34.173 I/ActivityManager( 1752): Start proc org.dwallach.calwatch for activity org.dwallach.calwatch/.WearActivity: pid=3639 uid=10043 gids={50043, 1028, 1015}
11-21 21:32:34.223 V/ActivityManager( 1752): Display changed displayId=0
11-21 21:32:34.323 V/WearActivity( 3639): starting onCreate
11-21 21:32:34.333 I/VersionWrapper( 3639): Version: release1a (270)
11-21 21:32:34.383 V/WearActivity( 3639): initAmbientWatcher: starting
11-21 21:32:34.383 V/WearActivity( 3639): initializing tickReceiver
11-21 21:32:34.393 V/WearActivity( 3639): initializing displayListener
11-21 21:32:34.393 V/WearActivity( 3639): initAmbientWatcher: complete
11-21 21:32:34.393 V/WearActivity( 3639): Resume!
11-21 21:32:34.413 V/WearReceiverService( 3639): starting listening service
11-21 21:32:34.413 V/WearReceiverService( 3639): onCreate!
11-21 21:32:34.413 V/WearReceiverService( 3639): Trying to connect to GoogleApi
11-21 21:32:34.453 V/WearReceiverService( 3639): service starting!
11-21 21:32:34.453 V/BatteryWrapper( 3639): Hmm, a new context
11-21 21:32:34.453 V/WearReceiverService( 3639): loadPreferences
11-21 21:32:34.523 V/ClockState( 3639): new calendar event list, 2 entries
11-21 21:32:34.523 V/ClockState( 3639): event update complete
11-21 21:32:34.523 D/dalvikvm( 3639): GC_CONCURRENT freed 175K, 16% free 2094K/2472K, paused 7ms+10ms, total 38ms
11-21 21:32:34.533 V/WearReceiverService( 3639): service starting!
11-21 21:32:34.533 V/WearReceiverService( 3639): clock state already initialized, no need to go to saved prefs
11-21 21:32:34.543 V/MyViewAnim( 3639): setup! numViewAnims: 1
11-21 21:32:34.543 V/MyViewAnim( 3639): initializing ClockFace
11-21 21:32:34.543 V/ClockFace( 3639): ClockFace setup!
11-21 21:32:34.543 V/ClockFace( 3639): clearing caches
11-21 21:32:34.553 V/ClockState( 3639): clipping 2 raw events to fit the screen
11-21 21:32:34.553 V/ClockState( 3639): maxLevel for new events: 10000
11-21 21:32:34.553 V/ClockState( 3639): number of new events: 0
11-21 21:32:34.553 V/ClockFace( 3639): Moto 360 detected. Flat bottom hack enabled.
11-21 21:32:34.553 V/MyViewAnim( 3639): draw thread desired: true
11-21 21:32:34.553 V/WearActivity( 3639): starting data API receiver
11-21 21:32:34.653 D/OpenGLRenderer( 3639): Enabling debug mode 0
11-21 21:32:34.673 V/MyViewAnim( 3639): Drawing surface created!
11-21 21:32:34.673 V/MyViewAnim( 3639): Drawing surface changed!
11-21 21:32:34.673 V/ClockFace( 3639): clearing caches
11-21 21:32:34.703 D/WearableClient( 3639): WearableClientImpl.onPostInitHandler: done
11-21 21:32:34.944 I/ActivityManager( 1752): Displayed org.dwallach.calwatch/.WearActivity: +798ms
11-21 21:32:34.954 I/DisplayManagerService( 1752): Display device changed: DisplayDeviceInfo{"ActivityViewVirtualDisplay": 320 x 320, 60.0 fps, density 213, 213.0 x 213.0 dpi, touch NONE, rotation 0, type VIRTUAL, state ON, owner android (uid 1000), FLAG_OWN_CONTENT_ONLY}
11-21 21:32:34.954 V/ActivityManager( 1752): Display changed displayId=49
11-21 21:32:34.964 V/WearReceiverService( 3639): Connected to Google Api Service
11-21 21:32:34.964 V/WearReceiverService( 3639): pinging phone for data
11-21 21:32:35.044 V/WearActivity( 3639): display changed: 49, new state: 2
11-21 21:32:35.044 V/WearActivity( 3639): onDisplayChanged: on!
11-21 21:32:35.044 V/WearActivity( 3639): killing alarms
11-21 21:32:35.044 V/WearActivity( 3639): startHelper: putting it all back together again
11-21 21:32:35.044 V/WearActivity( 3639): initAlarm: setting up
11-21 21:32:35.054 I/ClockFace( 3639): Ambient mode: false
11-21 21:32:35.054 V/MyViewAnim( 3639): resumeMaxHertz
11-21 21:32:35.054 V/ClockFace( 3639): clearing caches
11-21 21:32:35.054 V/MyViewAnim( 3639): starting new animator
11-21 21:32:35.054 V/MyViewAnim( 3639): Time listener is up!
11-21 21:32:35.054 V/MyViewAnim( 3639): starting new draw thread
11-21 21:32:35.074 V/ClockFace( 3639): rendering new face, faceMode(0)
11-21 21:32:35.204 V/ClockFace( 3639): fetching new battery status (1)
11-21 21:32:35.204 V/ClockFace( 3639): battery at 0.53
11-21 21:32:36.655 W/Fitness (12255): Failed to flush data points buffer to store, dropping buffered data points
11-21 21:32:36.655 W/Fitness (12255): android.database.sqlite.SQLiteConstraintException: foreign key constraint failed (code 19)
11-21 21:32:36.655 W/Fitness (12255): 	at android.database.sqlite.SQLiteConnection.nativeExecuteForLastInsertedRowId(Native Method)
11-21 21:32:36.655 W/Fitness (12255): 	at android.database.sqlite.SQLiteConnection.executeForLastInsertedRowId(SQLiteConnection.java:782)
11-21 21:32:36.655 W/Fitness (12255): 	at android.database.sqlite.SQLiteSession.executeForLastInsertedRowId(SQLiteSession.java:788)
11-21 21:32:36.655 W/Fitness (12255): 	at android.database.sqlite.SQLiteStatement.executeInsert(SQLiteStatement.java:86)
11-21 21:32:36.655 W/Fitness (12255): 	at com.google.android.gms.fitness.m.al.a(SourceFile:1755)
11-21 21:32:36.655 W/Fitness (12255): 	at com.google.android.gms.fitness.m.al.a(SourceFile:1656)
11-21 21:32:36.655 W/Fitness (12255): 	at com.google.android.gms.fitness.m.e.run(SourceFile:137)
11-21 21:32:36.655 W/Fitness (12255): 	at android.os.Handler.handleCallback(Handler.java:733)
11-21 21:32:36.655 W/Fitness (12255): 	at android.os.Handler.dispatchMessage(Handler.java:95)
11-21 21:32:36.655 W/Fitness (12255): 	at android.os.Looper.loop(Looper.java:136)
11-21 21:32:36.655 W/Fitness (12255): 	at android.os.HandlerThread.run(HandlerThread.java:61)
11-21 21:32:37.566 I/ActivityManager( 1752): Killing 32660:com.google.android.clockwork.packageinstaller/u0a4 (adj 15): empty for 2174s
11-21 21:32:37.576 I/ActivityManager( 1752): Killing 32673:com.android.defcontainer/u0a8 (adj 15): empty for 2161s
11-21 21:32:38.137 D/PhoneListenerService( 3583): onDestroy
11-21 21:32:52.541 W/InputMethodManagerService( 1752): Window already focused, ignoring focus gain of: com.android.internal.view.IInputMethodClient$Stub$Proxy@addf6b48 attribute=null, token = android.os.BinderProxy@aded12e8
11-21 21:32:55.684 D/dalvikvm( 3639): GC_CONCURRENT freed 167K, 14% free 2315K/2684K, paused 2ms+9ms, total 54ms
11-21 21:32:57.365 I/PowerManagerService( 1752): Going to sleep due to screen timeout...
11-21 21:32:57.375 I/PowerManagerService( 1752): Dozing...
11-21 21:32:57.375 I/DreamController( 1752): Starting dream: name=ComponentInfo{com.google.android.wearable.app/com.google.android.clockwork.home.AmbientMode}, isTest=false, canDoze=true, userId=0
11-21 21:32:57.385 V/WearActivity( 3639): Pause!
11-21 21:32:57.385 V/WearActivity( 3639): Stop!
11-21 21:32:57.395 W/InputMethodManagerService( 1752): Ignoring setImeWindowStatus of uid 1000 token: null
11-21 21:32:57.446 D/mot_vr_audio_hw( 1419): dsp_recognizer_enabled = false
11-21 21:32:57.446 D/ADSPD   ( 7609): Client cmd=0x0003, size=4
11-21 21:32:57.446 D/mot_vr_audio_hw( 1419): Switching DSP to standby/passthrough mode
11-21 21:32:57.446 D/mot_vr_audio_hw( 1419): Input 0xb8ebfc60 ready to read
11-21 21:32:57.466 D/ADSPD   ( 7609): Received from DSP: cmd=0x8003, size=2
11-21 21:32:57.466 D/ADSPD   ( 7609): Client cmd=0x0003, size=4
11-21 21:32:57.466 D/mot_vr_audio_hw( 1419): received recognition control callback, status 0
11-21 21:32:57.476 D/ADSPD   ( 7609): Received from DSP: cmd=0x8003, size=2
11-21 21:32:57.476 D/mot_vr_audio_hw( 1419): received recognition control callback, status 0
11-21 21:32:57.496 W/mot_vr_audio_hw( 1419): Discarded 10 buffers without finding audio data
11-21 21:32:57.516 D/ADSPD   ( 7609): Client cmd=0x0003, size=4
11-21 21:32:57.516 D/mot_vr_audio_hw( 1419): Re-arming DSP
11-21 21:32:57.516 D/mot_vr_audio_hw( 1419): Input 0xb8ebfc60 standby complete
11-21 21:32:57.526 D/ADSPD   ( 7609): Received from DSP: cmd=0x8003, size=2
11-21 21:32:57.526 D/mot_vr_audio_hw( 1419): received recognition control callback, status 0
11-21 21:32:57.526 D/ADSPD   ( 7609): Client cmd=0x4003, size=2
11-21 21:32:57.526 D/mot_vr_audio_hw( 1419): Input 0xb8ebfc60 close complete
11-21 21:32:57.586 E/HostWithRpcCallback( 1871): Failed to send RPC
11-21 21:32:57.586 E/HostWithRpcCallback( 1871): com.google.android.wearable.gmsclient.WearableException: sendRpcAsync failed: Status{statusCode=unknown status code: 4000, resolution=null}
11-21 21:32:57.586 E/HostWithRpcCallback( 1871): 	at com.google.android.wearable.gmsclient.GoogleApiClientHelper.throwIfFailed(GoogleApiClientHelper.java:98)
11-21 21:32:57.586 E/HostWithRpcCallback( 1871): 	at com.google.android.wearable.gmsclient.MessageManager$1$1.getResult(MessageManager.java:81)
11-21 21:32:57.586 E/HostWithRpcCallback( 1871): 	at com.google.android.wearable.gmsclient.MessageManager$1$1.getResult(MessageManager.java:78)
11-21 21:32:57.586 E/HostWithRpcCallback( 1871): 	at com.google.android.clockwork.actions.WearableHostWithRpcCallback$SendRpcCallbackWithId.onSendRpc(WearableHostWithRpcCallback.java:292)
11-21 21:32:57.586 E/HostWithRpcCallback( 1871): 	at com.google.android.wearable.gmsclient.MessageManager$1.onResult(MessageManager.java:78)
11-21 21:32:57.586 E/HostWithRpcCallback( 1871): 	at com.google.android.wearable.gmsclient.MessageManager$1.onResult(MessageManager.java:75)
11-21 21:32:57.586 E/HostWithRpcCallback( 1871): 	at com.google.android.gms.common.api.BaseImplementation$CallbackHandler.deliverResultCallback(Unknown Source)
11-21 21:32:57.586 E/HostWithRpcCallback( 1871): 	at com.google.android.gms.common.api.BaseImplementation$CallbackHandler.handleMessage(Unknown Source)
11-21 21:32:57.586 E/HostWithRpcCallback( 1871): 	at android.os.Handler.dispatchMessage(Handler.java:102)
11-21 21:32:57.586 E/HostWithRpcCallback( 1871): 	at android.os.Looper.loop(Looper.java:136)
11-21 21:32:57.586 E/HostWithRpcCallback( 1871): 	at android.app.ActivityThread.main(ActivityThread.java:5026)
11-21 21:32:57.586 E/HostWithRpcCallback( 1871): 	at java.lang.reflect.Method.invokeNative(Native Method)
11-21 21:32:57.586 E/HostWithRpcCallback( 1871): 	at java.lang.reflect.Method.invoke(Method.java:515)
11-21 21:32:57.586 E/HostWithRpcCallback( 1871): 	at com.android.internal.os.ZygoteInit$MethodAndArgsCaller.run(ZygoteInit.java:777)
11-21 21:32:57.586 E/HostWithRpcCallback( 1871): 	at com.android.internal.os.ZygoteInit.main(ZygoteInit.java:602)
11-21 21:32:57.586 E/HostWithRpcCallback( 1871): 	at dalvik.system.NativeStart.main(Native Method)
11-21 21:32:57.596 I/ActivityManager( 1752): START u0 {act=android.intent.action.MAIN cat=[android.intent.category.HOME] flg=0x10000000 cmp=com.google.android.wearable.app/com.google.android.clockwork.home.HomeActivity (has extras)} from pid 1871 on display 0
11-21 21:32:57.606 I/DreamController( 1752): Stopping dream: name=ComponentInfo{com.google.android.wearable.app/com.google.android.clockwork.home.AmbientMode}, isTest=false, canDoze=true, userId=0
11-21 21:32:57.606 I/PowerManagerService( 1752): Sleeping...
11-21 21:32:57.676 I/AmbientMode( 1871): Ambient mode started: canDoze=true, dozeHardware=null
11-21 21:32:57.696 D/mot_vr_audio_hw( 1419): dsp_recognizer_enabled = true
11-21 21:32:57.696 D/ADSPD   ( 7609): Client cmd=0x0003, size=4
11-21 21:32:57.696 D/mot_vr_audio_hw( 1419): open_input_stream(): devices = 0x80000004, rate = 8000, channels = 0x10
11-21 21:32:57.696 D/mot_vr_audio_hw( 1419): Created resampler for 16000->8000 Hz
11-21 21:32:57.696 I/ActivityManager( 1752): Activity reported stop, but no longer stopping: ActivityRecord{adc9b990 u0 com.google.android.wearable.app/com.google.android.clockwork.home.HomeActivity t1}
11-21 21:32:57.706 D/ADSPD   ( 7609): Received from DSP: cmd=0x8003, size=2
11-21 21:32:57.716 D/ADSPD   ( 7609): Client cmd=0x4003, size=2
11-21 21:32:57.716 D/mot_vr_audio_hw( 1419): received recognition control callback, status 0
11-21 21:32:57.726 D/mot_vr_audio_hw( 1419): in_read waiting for hotword
11-21 21:32:57.726 D/mot_vr_audio_hw( 1419): dsp_recognizer_enabled = false
11-21 21:32:57.726 D/ADSPD   ( 7609): Client cmd=0x0003, size=4
11-21 21:32:57.736 D/mot_vr_audio_hw( 1419): Switching DSP to standby/passthrough mode
11-21 21:32:57.736 D/mot_vr_audio_hw( 1419): Input 0xb8ebfc60 ready to read
11-21 21:32:57.746 D/ADSPD   ( 7609): Received from DSP: cmd=0x8003, size=2
11-21 21:32:57.746 D/ADSPD   ( 7609): Client cmd=0x0003, size=4
11-21 21:32:57.746 D/mot_vr_audio_hw( 1419): received recognition control callback, status 0
11-21 21:32:57.756 D/ADSPD   ( 7609): Received from DSP: cmd=0x8003, size=2
11-21 21:32:57.756 D/mot_vr_audio_hw( 1419): received recognition control callback, status 0
11-21 21:32:57.786 W/mot_vr_audio_hw( 1419): Discarded 10 buffers without finding audio data
11-21 21:32:57.796 D/ADSPD   ( 7609): Client cmd=0x0003, size=4
11-21 21:32:57.796 D/mot_vr_audio_hw( 1419): Re-arming DSP
11-21 21:32:57.796 D/mot_vr_audio_hw( 1419): Input 0xb8ebfc60 standby complete
11-21 21:32:57.806 D/ADSPD   ( 7609): Received from DSP: cmd=0x8003, size=2
11-21 21:32:57.806 D/mot_vr_audio_hw( 1419): received recognition control callback, status 0
11-21 21:32:57.816 D/ADSPD   ( 7609): Client cmd=0x4003, size=2
11-21 21:32:57.816 D/mot_vr_audio_hw( 1419): Input 0xb8ebfc60 close complete
11-21 21:32:57.826 I/AmbientMode( 1871): Dream ended: isDozing=true
11-21 21:32:57.916 E/HostWithRpcCallback( 1871): Failed to send RPC
11-21 21:32:57.916 E/HostWithRpcCallback( 1871): com.google.android.wearable.gmsclient.WearableException: sendRpcAsync failed: Status{statusCode=unknown status code: 4000, resolution=null}
11-21 21:32:57.916 E/HostWithRpcCallback( 1871): 	at com.google.android.wearable.gmsclient.GoogleApiClientHelper.throwIfFailed(GoogleApiClientHelper.java:98)
11-21 21:32:57.916 E/HostWithRpcCallback( 1871): 	at com.google.android.wearable.gmsclient.MessageManager$1$1.getResult(MessageManager.java:81)
11-21 21:32:57.916 E/HostWithRpcCallback( 1871): 	at com.google.android.wearable.gmsclient.MessageManager$1$1.getResult(MessageManager.java:78)
11-21 21:32:57.916 E/HostWithRpcCallback( 1871): 	at com.google.android.clockwork.actions.WearableHostWithRpcCallback$SendRpcCallbackWithId.onSendRpc(WearableHostWithRpcCallback.java:292)
11-21 21:32:57.916 E/HostWithRpcCallback( 1871): 	at com.google.android.wearable.gmsclient.MessageManager$1.onResult(MessageManager.java:78)
11-21 21:32:57.916 E/HostWithRpcCallback( 1871): 	at com.google.android.wearable.gmsclient.MessageManager$1.onResult(MessageManager.java:75)
11-21 21:32:57.916 E/HostWithRpcCallback( 1871): 	at com.google.android.gms.common.api.BaseImplementation$CallbackHandler.deliverResultCallback(Unknown Source)
11-21 21:32:57.916 E/HostWithRpcCallback( 1871): 	at com.google.android.gms.common.api.BaseImplementation$CallbackHandler.handleMessage(Unknown Source)
11-21 21:32:57.916 E/HostWithRpcCallback( 1871): 	at android.os.Handler.dispatchMessage(Handler.java:102)
11-21 21:32:57.916 E/HostWithRpcCallback( 1871): 	at android.os.Looper.loop(Looper.java:136)
11-21 21:32:57.916 E/HostWithRpcCallback( 1871): 	at android.app.ActivityThread.main(ActivityThread.java:5026)
11-21 21:32:57.916 E/HostWithRpcCallback( 1871): 	at java.lang.reflect.Method.invokeNative(Native Method)
11-21 21:32:57.916 E/HostWithRpcCallback( 1871): 	at java.lang.reflect.Method.invoke(Method.java:515)
11-21 21:32:57.916 E/HostWithRpcCallback( 1871): 	at com.android.internal.os.ZygoteInit$MethodAndArgsCaller.run(ZygoteInit.java:777)
11-21 21:32:57.916 E/HostWithRpcCallback( 1871): 	at com.android.internal.os.ZygoteInit.main(ZygoteInit.java:602)
11-21 21:32:57.916 E/HostWithRpcCallback( 1871): 	at dalvik.system.NativeStart.main(Native Method)
11-21 21:32:57.916 E/HostWithRpcCallback( 1871): Failed to send RPC
11-21 21:32:57.916 E/HostWithRpcCallback( 1871): com.google.android.wearable.gmsclient.WearableException: sendRpcAsync failed: Status{statusCode=unknown status code: 4000, resolution=null}
11-21 21:32:57.916 E/HostWithRpcCallback( 1871): 	at com.google.android.wearable.gmsclient.GoogleApiClientHelper.throwIfFailed(GoogleApiClientHelper.java:98)
11-21 21:32:57.916 E/HostWithRpcCallback( 1871): 	at com.google.android.wearable.gmsclient.MessageManager$1$1.getResult(MessageManager.java:81)
11-21 21:32:57.916 E/HostWithRpcCallback( 1871): 	at com.google.android.wearable.gmsclient.MessageManager$1$1.getResult(MessageManager.java:78)
11-21 21:32:57.916 E/HostWithRpcCallback( 1871): 	at com.google.android.clockwork.actions.WearableHostWithRpcCallback$SendRpcCallbackWithId.onSendRpc(WearableHostWithRpcCallback.java:292)
11-21 21:32:57.916 E/HostWithRpcCallback( 1871): 	at com.google.android.wearable.gmsclient.MessageManager$1.onResult(MessageManager.java:78)
11-21 21:32:57.916 E/HostWithRpcCallback( 1871): 	at com.google.android.wearable.gmsclient.MessageManager$1.onResult(MessageManager.java:75)
11-21 21:32:57.916 E/HostWithRpcCallback( 1871): 	at com.google.android.gms.common.api.BaseImplementation$CallbackHandler.deliverResultCallback(Unknown Source)
11-21 21:32:57.916 E/HostWithRpcCallback( 1871): 	at com.google.android.gms.common.api.BaseImplementation$CallbackHandler.handleMessage(Unknown Source)
11-21 21:32:57.916 E/HostWithRpcCallback( 1871): 	at android.os.Handler.dispatchMessage(Handler.java:102)
11-21 21:32:57.916 E/HostWithRpcCallback( 1871): 	at android.os.Looper.loop(Looper.java:136)
11-21 21:32:57.916 E/HostWithRpcCallback( 1871): 	at android.app.ActivityThread.main(ActivityThread.java:5026)
11-21 21:32:57.916 E/HostWithRpcCallback( 1871): 	at java.lang.reflect.Method.invokeNative(Native Method)
11-21 21:32:57.916 E/HostWithRpcCallback( 1871): 	at java.lang.reflect.Method.invoke(Method.java:515)
11-21 21:32:57.916 E/HostWithRpcCallback( 1871): 	at com.android.internal.os.ZygoteInit$MethodAndArgsCaller.run(ZygoteInit.java:777)
11-21 21:32:57.916 E/HostWithRpcCallback( 1871): 	at com.android.internal.os.ZygoteInit.main(ZygoteInit.java:602)
11-21 21:32:57.916 E/HostWithRpcCallback( 1871): 	at dalvik.system.NativeStart.main(Native Method)
11-21 21:32:58.336 D/LightsService( 1752): Excessive delay setting light: 162ms
11-21 21:32:58.336 D/SurfaceFlinger( 1417): Screen released, type=0 flinger=0xb7fc2448
11-21 21:32:58.487 D/hwcomposer( 1417): hwc_blank(0: 1)
11-21 21:32:58.487 D/SurfaceControl( 1752): Excessive delay in blankDisplay() while turning screen off: 149ms
11-21 21:32:58.507 I/DisplayManagerService( 1752): Display device changed: DisplayDeviceInfo{"Built-in Screen": 320 x 290, 45.000004 fps, density 213, 203.2 x 204.61111 dpi, touch INTERNAL, rotation 0, type BUILT_IN, state OFF, FLAG_DEFAULT_DISPLAY, FLAG_ROTATES_WITH_CONTENT, FLAG_SECURE, FLAG_SUPPORTS_PROTECTED_BUFFERS}
11-21 21:32:58.507 V/ActivityManager( 1752): Display changed displayId=0
11-21 21:32:58.517 V/WearActivity( 3639): display changed: 0, new state: 1
11-21 21:32:58.517 I/TimeWrapper( 3639): FPS: 42.761497, samples: 997
11-21 21:32:58.517 I/TimeWrapper( 3639): Min/Avg/Max frame render speed (ms): 3.692627 / 4.779842 / 34.820557
11-21 21:32:58.517 I/TimeWrapper( 3639): Waketime: 20.439322%
11-21 21:32:58.517 I/TimeWrapper( 3639): Skipped frames: 1
11-21 21:32:58.517 V/MyViewAnim( 3639): redrawSlow: view:surfaceChanged -> 1
11-21 21:32:58.517 V/MyViewAnim( 3639): redrawSlow: view:surfaceCreated -> 1
11-21 21:32:58.517 V/MyViewAnim( 3639): redrawSlow: startHelper -> 1
11-21 21:32:58.517 V/WearActivity( 3639): onDisplayChanged: off!
11-21 21:32:58.517 V/WearActivity( 3639): stopHelper: shutting things down
11-21 21:32:58.527 D/MinnowPowerHAL( 1752): power_set_interactive: 0
11-21 21:32:58.527 D/MinnowPowerHAL( 1752): sysfs_write: /sys/devices/platform/omapdss/display0/interactivemode 0
11-21 21:32:58.527 D/MinnowPowerHAL( 1752): sysfs_write: /sys/devices/ocp.2/i2c.6/i2c-0/0-004a/interactivemode 0
11-21 21:32:58.527 V/MyViewAnim( 3639): stopping animation!
11-21 21:32:58.527 V/MyViewAnim( 3639): killDrawThread
11-21 21:32:58.527 V/WearActivity( 3639): killing alarms
11-21 21:32:58.527 D/MinnowPowerHAL( 1752): sysfs_write: /sys/class/leds/lcd-backlight/interactive 0
11-21 21:32:58.527 D/mot_vr_audio_hw( 1752): dsp_set_pm_state = off
11-21 21:32:58.537 D/ADSPD   ( 7609): Client cmd=0x4002, size=2
11-21 21:32:58.537 D/ADSPD   ( 7609): DSP_CMD_DAEMON_SET_PM_STATE : 0
11-21 21:32:58.537 I/ClockFace( 3639): Ambient mode: false
11-21 21:32:58.537 V/MyViewAnim( 3639): looper finished!
11-21 21:33:24.728 I/PowerManagerService( 1752): Waking up from sleep...
11-21 21:33:24.738 W/KeyguardServiceDelegate( 1752): onScreenTurnedOn(): no keyguard service!
11-21 21:33:24.818 D/MinnowPowerHAL( 1752): power_set_interactive: 1
11-21 21:33:24.818 D/MinnowPowerHAL( 1752): sysfs_write: /sys/devices/platform/omapdss/display0/interactivemode 1
11-21 21:33:24.848 D/MinnowPowerHAL( 1752): sysfs_write: /sys/devices/ocp.2/i2c.6/i2c-0/0-004a/interactivemode 1
11-21 21:33:24.848 D/MinnowPowerHAL( 1752): sysfs_write: /sys/class/leds/lcd-backlight/interactive 1
11-21 21:33:24.848 D/mot_vr_audio_hw( 1752): dsp_set_pm_state = on
11-21 21:33:24.848 D/ADSPD   ( 7609): Client cmd=0x4002, size=2
11-21 21:33:24.848 D/ADSPD   ( 7609): DSP_CMD_DAEMON_SET_PM_STATE : 1
11-21 21:33:24.848 D/PowerManagerService-JNI( 1752): Excessive delay in setInteractive(true) while turning screen on: 35ms
11-21 21:33:24.858 I/InputDispatcher( 1752): Dropped event because input dispatch is disabled.
11-21 21:33:24.858 I/InputDispatcher( 1752): Dropped event because input dispatch is disabled.
11-21 21:33:24.858 I/InputDispatcher( 1752): Dropped event because input dispatch is disabled.
11-21 21:33:24.858 I/InputDispatcher( 1752): Dropped event because input dispatch is disabled.
11-21 21:33:24.858 D/dalvikvm( 1752): GC_CONCURRENT freed 530K, 66% free 5955K/17296K, paused 22ms+13ms, total 137ms
11-21 21:33:24.868 E/ClockworkHome( 1871): Tried to exit ambient mode, but enterAmbientMode() was never called.
11-21 21:33:24.868 D/mot_vr_audio_hw( 1419): dsp_recognizer_enabled = true
11-21 21:33:24.868 D/mot_vr_audio_hw( 1419): open_input_stream(): devices = 0x80000004, rate = 8000, channels = 0x10
11-21 21:33:24.868 D/mot_vr_audio_hw( 1419): Created resampler for 16000->8000 Hz
11-21 21:33:24.888 V/WearActivity( 3639): display changed: 0, new state: 1
11-21 21:33:24.888 V/WearActivity( 3639): state didn't actually change
11-21 21:33:24.888 V/WearActivity( 3639): Resume!
11-21 21:33:24.908 D/ADSPD   ( 7609): ACK success!
11-21 21:33:24.908 D/ADSPD   ( 7609): Client cmd=0x0003, size=4
11-21 21:33:24.908 V/ActivityManager( 1752): Display changed displayId=0
11-21 21:33:24.908 W/InputMethodManagerService( 1752): Ignoring setImeWindowStatus of uid 1000 token: null
11-21 21:33:24.918 D/mot_vr_audio_hw( 1419): in_read waiting for hotword
11-21 21:33:24.918 D/ADSPD   ( 7609): Received from DSP: cmd=0x8003, size=2
11-21 21:33:24.918 D/ADSPD   ( 7609): Client cmd=0x4003, size=2
11-21 21:33:24.918 D/mot_vr_audio_hw( 1419): received recognition control callback, status 0
11-21 21:33:24.978 E/HostWithRpcCallback( 1871): Failed to send RPC
11-21 21:33:24.978 E/HostWithRpcCallback( 1871): com.google.android.wearable.gmsclient.WearableException: sendRpcAsync failed: Status{statusCode=unknown status code: 4000, resolution=null}
11-21 21:33:24.978 E/HostWithRpcCallback( 1871): 	at com.google.android.wearable.gmsclient.GoogleApiClientHelper.throwIfFailed(GoogleApiClientHelper.java:98)
11-21 21:33:24.978 E/HostWithRpcCallback( 1871): 	at com.google.android.wearable.gmsclient.MessageManager$1$1.getResult(MessageManager.java:81)
11-21 21:33:24.978 E/HostWithRpcCallback( 1871): 	at com.google.android.wearable.gmsclient.MessageManager$1$1.getResult(MessageManager.java:78)
11-21 21:33:24.978 E/HostWithRpcCallback( 1871): 	at com.google.android.clockwork.actions.WearableHostWithRpcCallback$SendRpcCallbackWithId.onSendRpc(WearableHostWithRpcCallback.java:292)
11-21 21:33:24.978 E/HostWithRpcCallback( 1871): 	at com.google.android.wearable.gmsclient.MessageManager$1.onResult(MessageManager.java:78)
11-21 21:33:24.978 E/HostWithRpcCallback( 1871): 	at com.google.android.wearable.gmsclient.MessageManager$1.onResult(MessageManager.java:75)
11-21 21:33:24.978 E/HostWithRpcCallback( 1871): 	at com.google.android.gms.common.api.BaseImplementation$CallbackHandler.deliverResultCallback(Unknown Source)
11-21 21:33:24.978 E/HostWithRpcCallback( 1871): 	at com.google.android.gms.common.api.BaseImplementation$CallbackHandler.handleMessage(Unknown Source)
11-21 21:33:24.978 E/HostWithRpcCallback( 1871): 	at android.os.Handler.dispatchMessage(Handler.java:102)
11-21 21:33:24.978 E/HostWithRpcCallback( 1871): 	at android.os.Looper.loop(Looper.java:136)
11-21 21:33:24.978 E/HostWithRpcCallback( 1871): 	at android.app.ActivityThread.main(ActivityThread.java:5026)
11-21 21:33:24.978 E/HostWithRpcCallback( 1871): 	at java.lang.reflect.Method.invokeNative(Native Method)
11-21 21:33:24.978 E/HostWithRpcCallback( 1871): 	at java.lang.reflect.Method.invoke(Method.java:515)
11-21 21:33:24.978 E/HostWithRpcCallback( 1871): 	at com.android.internal.os.ZygoteInit$MethodAndArgsCaller.run(ZygoteInit.java:777)
11-21 21:33:24.978 E/HostWithRpcCallback( 1871): 	at com.android.internal.os.ZygoteInit.main(ZygoteInit.java:602)
11-21 21:33:24.978 E/HostWithRpcCallback( 1871): 	at dalvik.system.NativeStart.main(Native Method)
11-21 21:33:24.988 D/SurfaceFlinger( 1417): Screen acquired, type=0 flinger=0xb7fc2448
11-21 21:33:24.988 D/hwcomposer( 1417): hwc_blank(0: 0)
11-21 21:33:25.018 I/DisplayManagerService( 1752): Display device changed: DisplayDeviceInfo{"Built-in Screen": 320 x 290, 45.000004 fps, density 213, 203.2 x 204.61111 dpi, touch INTERNAL, rotation 0, type BUILT_IN, state ON, FLAG_DEFAULT_DISPLAY, FLAG_ROTATES_WITH_CONTENT, FLAG_SECURE, FLAG_SUPPORTS_PROTECTED_BUFFERS}
11-21 21:33:25.018 V/ActivityManager( 1752): Display changed displayId=0
11-21 21:33:25.028 V/WearActivity( 3639): display changed: 0, new state: 2
11-21 21:33:25.028 V/WearActivity( 3639): onDisplayChanged: on!
11-21 21:33:25.028 V/WearActivity( 3639): killing alarms
11-21 21:33:25.028 V/WearActivity( 3639): startHelper: putting it all back together again
11-21 21:33:25.028 V/WearActivity( 3639): initAlarm: setting up
11-21 21:33:25.028 I/ClockFace( 3639): Ambient mode: false
11-21 21:33:25.028 V/MyViewAnim( 3639): resumeMaxHertz
11-21 21:33:25.028 V/ClockFace( 3639): clearing caches
11-21 21:33:25.028 V/MyViewAnim( 3639): starting new animator
11-21 21:33:25.028 V/MyViewAnim( 3639): Time listener is up!
11-21 21:33:25.028 V/MyViewAnim( 3639): starting new draw thread
11-21 21:33:25.038 D/SensorHAL( 1752): adjustSensorHandle: handle = 9 adjustedHandle = 1
11-21 21:33:25.038 D/SensorHAL( 1752): adjustSensorHandle: handle = 9 adjustedHandle = 1
11-21 21:33:25.048 D/SensorHAL( 1752): adjustSensorHandle: handle = 9 adjustedHandle = 1
11-21 21:33:25.068 V/ClockFace( 3639): rendering new face, faceMode(0)
11-21 21:33:25.088 V/ClockFace( 3639): fetching new battery status (1000)
11-21 21:33:25.088 V/ClockFace( 3639): battery at 0.52
11-21 21:33:29.823 V/WearActivity( 3639): Pause!
11-21 21:33:29.823 I/PowerManagerService( 1752): Going to sleep due to screen timeout...
11-21 21:33:29.823 I/PowerManagerService( 1752): Dozing...
11-21 21:33:29.833 V/WearActivity( 3639): Stop!
11-21 21:33:29.833 I/DreamController( 1752): Starting dream: name=ComponentInfo{com.google.android.wearable.app/com.google.android.clockwork.home.AmbientMode}, isTest=false, canDoze=true, userId=0
11-21 21:33:29.853 W/InputMethodManagerService( 1752): Ignoring setImeWindowStatus of uid 1000 token: null
11-21 21:33:29.863 D/mot_vr_audio_hw( 1419): dsp_recognizer_enabled = false
11-21 21:33:29.863 D/ADSPD   ( 7609): Client cmd=0x0003, size=4
11-21 21:33:29.863 D/mot_vr_audio_hw( 1419): Switching DSP to standby/passthrough mode
11-21 21:33:29.863 D/mot_vr_audio_hw( 1419): Input 0xb8ebfc60 ready to read
11-21 21:33:29.873 D/ADSPD   ( 7609): Received from DSP: cmd=0x8003, size=2
11-21 21:33:29.873 D/ADSPD   ( 7609): Client cmd=0x0003, size=4
11-21 21:33:29.873 D/mot_vr_audio_hw( 1419): received recognition control callback, status 0
11-21 21:33:29.893 D/ADSPD   ( 7609): Received from DSP: cmd=0x8003, size=2
11-21 21:33:29.893 D/mot_vr_audio_hw( 1419): received recognition control callback, status 0
11-21 21:33:29.923 W/mot_vr_audio_hw( 1419): Discarded 10 buffers without finding audio data
11-21 21:33:29.933 D/ADSPD   ( 7609): Client cmd=0x0003, size=4
11-21 21:33:29.933 D/mot_vr_audio_hw( 1419): Re-arming DSP
11-21 21:33:29.933 D/mot_vr_audio_hw( 1419): Input 0xb8ebfc60 standby complete
11-21 21:33:29.943 D/ADSPD   ( 7609): Received from DSP: cmd=0x8003, size=2
11-21 21:33:29.943 D/mot_vr_audio_hw( 1419): received recognition control callback, status 0
11-21 21:33:29.953 D/ADSPD   ( 7609): Client cmd=0x4003, size=2
11-21 21:33:29.953 D/mot_vr_audio_hw( 1419): Input 0xb8ebfc60 close complete
11-21 21:33:30.023 E/HostWithRpcCallback( 1871): Failed to send RPC
11-21 21:33:30.023 E/HostWithRpcCallback( 1871): com.google.android.wearable.gmsclient.WearableException: sendRpcAsync failed: Status{statusCode=unknown status code: 4000, resolution=null}
11-21 21:33:30.023 E/HostWithRpcCallback( 1871): 	at com.google.android.wearable.gmsclient.GoogleApiClientHelper.throwIfFailed(GoogleApiClientHelper.java:98)
11-21 21:33:30.023 E/HostWithRpcCallback( 1871): 	at com.google.android.wearable.gmsclient.MessageManager$1$1.getResult(MessageManager.java:81)
11-21 21:33:30.023 E/HostWithRpcCallback( 1871): 	at com.google.android.wearable.gmsclient.MessageManager$1$1.getResult(MessageManager.java:78)
11-21 21:33:30.023 E/HostWithRpcCallback( 1871): 	at com.google.android.clockwork.actions.WearableHostWithRpcCallback$SendRpcCallbackWithId.onSendRpc(WearableHostWithRpcCallback.java:292)
11-21 21:33:30.023 E/HostWithRpcCallback( 1871): 	at com.google.android.wearable.gmsclient.MessageManager$1.onResult(MessageManager.java:78)
11-21 21:33:30.023 E/HostWithRpcCallback( 1871): 	at com.google.android.wearable.gmsclient.MessageManager$1.onResult(MessageManager.java:75)
11-21 21:33:30.023 E/HostWithRpcCallback( 1871): 	at com.google.android.gms.common.api.BaseImplementation$CallbackHandler.deliverResultCallback(Unknown Source)
11-21 21:33:30.023 E/HostWithRpcCallback( 1871): 	at com.google.android.gms.common.api.BaseImplementation$CallbackHandler.handleMessage(Unknown Source)
11-21 21:33:30.023 E/HostWithRpcCallback( 1871): 	at android.os.Handler.dispatchMessage(Handler.java:102)
11-21 21:33:30.023 E/HostWithRpcCallback( 1871): 	at android.os.Looper.loop(Looper.java:136)
11-21 21:33:30.023 E/HostWithRpcCallback( 1871): 	at android.app.ActivityThread.main(ActivityThread.java:5026)
11-21 21:33:30.023 E/HostWithRpcCallback( 1871): 	at java.lang.reflect.Method.invokeNative(Native Method)
11-21 21:33:30.023 E/HostWithRpcCallback( 1871): 	at java.lang.reflect.Method.invoke(Method.java:515)
11-21 21:33:30.023 E/HostWithRpcCallback( 1871): 	at com.android.internal.os.ZygoteInit$MethodAndArgsCaller.run(ZygoteInit.java:777)
11-21 21:33:30.023 E/HostWithRpcCallback( 1871): 	at com.android.internal.os.ZygoteInit.main(ZygoteInit.java:602)
11-21 21:33:30.023 E/HostWithRpcCallback( 1871): 	at dalvik.system.NativeStart.main(Native Method)
11-21 21:33:30.083 I/ActivityManager( 1752): START u0 {act=android.intent.action.MAIN cat=[android.intent.category.HOME] flg=0x10000000 cmp=com.google.android.wearable.app/com.google.android.clockwork.home.HomeActivity (has extras)} from pid 1871 on display 0
11-21 21:33:30.093 V/ActivityManager( 1752): Display changed displayId=0
11-21 21:33:30.103 V/WearActivity( 3639): display changed: 0, new state: 2
11-21 21:33:30.103 V/WearActivity( 3639): state didn't actually change
11-21 21:33:30.113 I/DreamController( 1752): Stopping dream: name=ComponentInfo{com.google.android.wearable.app/com.google.android.clockwork.home.AmbientMode}, isTest=false, canDoze=true, userId=0
11-21 21:33:30.123 I/PowerManagerService( 1752): Sleeping...
11-21 21:33:30.153 I/AmbientMode( 1871): Ambient mode started: canDoze=true, dozeHardware=null
11-21 21:33:30.163 D/mot_vr_audio_hw( 1419): dsp_recognizer_enabled = true
11-21 21:33:30.163 D/ADSPD   ( 7609): Client cmd=0x0003, size=4
11-21 21:33:30.163 D/mot_vr_audio_hw( 1419): open_input_stream(): devices = 0x80000004, rate = 8000, channels = 0x10
11-21 21:33:30.163 D/mot_vr_audio_hw( 1419): Created resampler for 16000->8000 Hz
11-21 21:33:30.173 D/ADSPD   ( 7609): Received from DSP: cmd=0x8003, size=2
11-21 21:33:30.173 D/ADSPD   ( 7609): Client cmd=0x4003, size=2
11-21 21:33:30.173 D/mot_vr_audio_hw( 1419): received recognition control callback, status 0
11-21 21:33:30.183 D/mot_vr_audio_hw( 1419): in_read waiting for hotword
11-21 21:33:30.193 D/mot_vr_audio_hw( 1419): dsp_recognizer_enabled = false
11-21 21:33:30.193 D/ADSPD   ( 7609): Client cmd=0x0003, size=4
11-21 21:33:30.193 D/mot_vr_audio_hw( 1419): Switching DSP to standby/passthrough mode
11-21 21:33:30.193 D/mot_vr_audio_hw( 1419): Input 0xb8ebfc60 ready to read
11-21 21:33:30.203 D/ADSPD   ( 7609): Received from DSP: cmd=0x8003, size=2
11-21 21:33:30.203 D/ADSPD   ( 7609): Client cmd=0x0003, size=4
11-21 21:33:30.203 D/mot_vr_audio_hw( 1419): received recognition control callback, status 0
11-21 21:33:30.213 D/ADSPD   ( 7609): Received from DSP: cmd=0x8003, size=2
11-21 21:33:30.213 D/mot_vr_audio_hw( 1419): received recognition control callback, status 0
11-21 21:33:30.243 W/mot_vr_audio_hw( 1419): Discarded 10 buffers without finding audio data
11-21 21:33:30.253 D/ADSPD   ( 7609): Client cmd=0x0003, size=4
11-21 21:33:30.253 D/mot_vr_audio_hw( 1419): Re-arming DSP
11-21 21:33:30.253 D/mot_vr_audio_hw( 1419): Input 0xb8ebfc60 standby complete
11-21 21:33:30.263 D/mot_vr_audio_hw( 1419): Input 0xb8ebfc60 close complete
11-21 21:33:30.263 D/ADSPD   ( 7609): Received from DSP: cmd=0x8003, size=2
11-21 21:33:30.263 D/ADSPD   ( 7609): Client cmd=0x4003, size=2
11-21 21:33:30.263 D/mot_vr_audio_hw( 1419): received recognition control callback, status 0
11-21 21:33:30.273 I/AmbientMode( 1871): Dream ended: isDozing=true
11-21 21:33:30.373 E/HostWithRpcCallback( 1871): Failed to send RPC
11-21 21:33:30.373 E/HostWithRpcCallback( 1871): com.google.android.wearable.gmsclient.WearableException: sendRpcAsync failed: Status{statusCode=unknown status code: 4000, resolution=null}
11-21 21:33:30.373 E/HostWithRpcCallback( 1871): 	at com.google.android.wearable.gmsclient.GoogleApiClientHelper.throwIfFailed(GoogleApiClientHelper.java:98)
11-21 21:33:30.373 E/HostWithRpcCallback( 1871): 	at com.google.android.wearable.gmsclient.MessageManager$1$1.getResult(MessageManager.java:81)
11-21 21:33:30.373 E/HostWithRpcCallback( 1871): 	at com.google.android.wearable.gmsclient.MessageManager$1$1.getResult(MessageManager.java:78)
11-21 21:33:30.373 E/HostWithRpcCallback( 1871): 	at com.google.android.clockwork.actions.WearableHostWithRpcCallback$SendRpcCallbackWithId.onSendRpc(WearableHostWithRpcCallback.java:292)
11-21 21:33:30.373 E/HostWithRpcCallback( 1871): 	at com.google.android.wearable.gmsclient.MessageManager$1.onResult(MessageManager.java:78)
11-21 21:33:30.373 E/HostWithRpcCallback( 1871): 	at com.google.android.wearable.gmsclient.MessageManager$1.onResult(MessageManager.java:75)
11-21 21:33:30.373 E/HostWithRpcCallback( 1871): 	at com.google.android.gms.common.api.BaseImplementation$CallbackHandler.deliverResultCallback(Unknown Source)
11-21 21:33:30.373 E/HostWithRpcCallback( 1871): 	at com.google.android.gms.common.api.BaseImplementation$CallbackHandler.handleMessage(Unknown Source)
11-21 21:33:30.373 E/HostWithRpcCallback( 1871): 	at android.os.Handler.dispatchMessage(Handler.java:102)
