720seconds
10-09 08:04:52.467      819-881/? D/ConnectivityService﹕ handleInetConditionHoldEnd: net=1, condition=100, published condition=100
10-09 08:04:55.917     819-1201/? W/IntentResolver﹕ resolveIntent: multiple matches, only some with CATEGORY_DEFAULT
10-09 08:06:03.487      819-881/? D/ConnectivityService﹕ handleInetConditionHoldEnd: net=1, condition=100, published condition=100
10-09 08:08:51.337      819-881/? D/ConnectivityService﹕ handleConnectivityChange: addresses changed linkProperty[1]: resetMask=0
    car=removed=[] added=[fd5b:525e:7ab:1:143f:32ae:da29:2d99/64,]
10-09 08:08:51.337      819-881/? D/Nat464Xlat﹕ requiresClat: netType=1, hasIPv4Address=true
10-09 08:08:55.957      819-881/? D/ConnectivityService﹕ handleConnectivityChange: addresses changed linkProperty[1]: resetMask=0
    car=removed=[] added=[fd5b:525e:7ab:1:bef5:acff:fef5:f306/64,]
10-09 08:08:55.957      819-881/? D/Nat464Xlat﹕ requiresClat: netType=1, hasIPv4Address=true
10-09 08:09:52.137     819-1203/? I/ActivityManager﹕ Start proc com.google.android.gms:snet for service com.google.android.gms/.security.snet.SnetLaunchService: pid=29927 uid=10007 gids={50007, 2001, 3003, 1007, 3006, 3007, 1028, 1015, 3002, 3001}
10-09 08:09:52.187  29927-29927/? W/ActivityThread﹕ ClassLoader.loadClass: The class loader returned by Thread.getContextClassLoader() may fail for processes that host multiple applications. You should explicitly specify a context class loader. For example: Thread.setContextClassLoader(getClass().getClassLoader());
10-09 08:09:53.297      819-881/? D/ConnectivityService﹕ handleInetConditionHoldEnd: net=1, condition=100, published condition=100
10-09 08:09:53.737      819-881/? D/MobileDataStateTracker﹕ default: setPolicyDataEnable(enabled=true)
10-09 08:10:06.607      819-856/? I/ActivityManager﹕ Process com.trello (pid 28571) has died.
10-09 08:10:09.027     819-1200/? I/ActivityManager﹕ Process com.nytimes.android (pid 28610) has died.
10-09 08:10:10.567      819-856/? I/ActivityManager﹕ Process air.WatchESPN (pid 27030) has died.
10-09 08:10:12.967      819-856/? I/ActivityManager﹕ Process com.google.android.music:main (pid 28516) has died.
10-09 08:10:12.967      819-856/? A/ActivityManager﹕ Service ServiceRecord{45922180 u0 com.google.android.music/.net.NetworkMonitor} in process ProcessRecord{433003f0 28516:com.google.android.music:main/u0a61} not same as in map: null
10-09 08:10:12.987      819-856/? A/ActivityManager﹕ Service ServiceRecord{458fc888 u0 com.google.android.music/.preferences.MusicPreferenceService$MusicPreferenceServiceBinder} in process ProcessRecord{433003f0 28516:com.google.android.music:main/u0a61} not same as in map: null
10-09 08:10:14.627    819-14447/? I/ActivityManager﹕ Process com.google.android.tts (pid 28752) has died.
10-09 08:10:16.657    819-14448/? I/ActivityManager﹕ Process com.google.android.keep (pid 28945) has died.
10-09 08:10:21.807      819-830/? I/ActivityManager﹕ Process com.devhd.feedly (pid 26441) has died.
10-09 08:10:28.067     819-1200/? I/ActivityManager﹕ Process com.google.android.setupwizard (pid 26193) has died.
10-09 08:10:30.907     819-1202/? I/ActivityManager﹕ Process com.qualcomm.timeservice (pid 28929) has died.
10-09 08:11:29.267     819-3652/? I/ActivityManager﹕ Start proc com.metago.astro for broadcast com.metago.astro/com.kii.cloud.collector.Receiver: pid=30071 uid=10161 gids={50161, 3003, 1028, 1015}
10-09 08:13:06.277     819-1115/? D/ConnectivityService﹕ startUsingNetworkFeature reconnecting to 0: enableSUPL
10-09 08:13:06.287     819-1115/? D/ConnectivityService﹕ startUsingNetworkFeature X: return APN_REQUEST_STARTED
10-09 08:13:06.287      819-819/? D/MobileDataStateTracker﹕ supl: Broadcast received: android.intent.action.ANY_DATA_STATE apnType=supl
10-09 08:13:06.287      819-819/? D/MobileDataStateTracker﹕ supl: Received state=DISCONNECTED, old=DISCONNECTED, reason=dataEnabled
10-09 08:13:06.287      819-819/? D/MobileDataStateTracker﹕ fota: Broadcast received: android.intent.action.ANY_DATA_STATE apnType=fota
10-09 08:13:06.297      819-819/? D/MobileDataStateTracker﹕ fota: Received state=DISCONNECTED, old=DISCONNECTED, reason=dataEnabled
10-09 08:13:06.297      819-819/? D/MobileDataStateTracker﹕ dun: Broadcast received: android.intent.action.ANY_DATA_STATE apnType=dun
10-09 08:13:06.307      819-819/? D/MobileDataStateTracker﹕ dun: Received state=DISCONNECTED, old=DISCONNECTED, reason=dataEnabled
10-09 08:13:06.307      819-819/? D/MobileDataStateTracker﹕ ia: Broadcast received: android.intent.action.ANY_DATA_STATE apnType=ia
10-09 08:13:06.317      819-819/? D/MobileDataStateTracker﹕ ia: Received state=DISCONNECTED, old=DISCONNECTED, reason=dataEnabled
10-09 08:13:06.317      819-819/? D/MobileDataStateTracker﹕ supl: Broadcast received: android.intent.action.ANY_DATA_STATE apnType=supl
10-09 08:13:06.327      819-819/? D/MobileDataStateTracker﹕ supl: Received state=DISCONNECTED, old=DISCONNECTED, reason=dataEnabled
10-09 08:13:06.327      819-819/? D/MobileDataStateTracker﹕ hipri: Broadcast received: android.intent.action.ANY_DATA_STATE apnType=hipri
10-09 08:13:06.327      819-819/? D/MobileDataStateTracker﹕ hipri: Received state=DISCONNECTED, old=DISCONNECTED, reason=dataEnabled
10-09 08:13:06.327      819-819/? D/MobileDataStateTracker﹕ ims: Broadcast received: android.intent.action.ANY_DATA_STATE apnType=ims
10-09 08:13:06.337      819-819/? D/MobileDataStateTracker﹕ ims: Received state=DISCONNECTED, old=DISCONNECTED, reason=dataEnabled
10-09 08:13:06.337      819-819/? D/MobileDataStateTracker﹕ default: Broadcast received: android.intent.action.ANY_DATA_STATE apnType=default
10-09 08:13:06.347      819-819/? D/MobileDataStateTracker﹕ default: Received state=DISCONNECTED, old=DISCONNECTED, reason=dataEnabled
10-09 08:13:06.347      819-819/? D/MobileDataStateTracker﹕ mms: Broadcast received: android.intent.action.ANY_DATA_STATE apnType=mms
10-09 08:13:06.347      819-819/? D/MobileDataStateTracker﹕ mms: Received state=DISCONNECTED, old=DISCONNECTED, reason=dataEnabled
10-09 08:13:06.347      819-819/? D/MobileDataStateTracker﹕ cbs: Broadcast received: android.intent.action.ANY_DATA_STATE apnType=cbs
10-09 08:13:06.357      819-819/? D/MobileDataStateTracker﹕ cbs: Received state=DISCONNECTED, old=DISCONNECTED, reason=dataEnabled
10-09 08:13:06.357      819-819/? D/MobileDataStateTracker﹕ supl: Broadcast received: android.intent.action.ANY_DATA_STATE apnType=supl
10-09 08:13:06.357      819-819/? D/MobileDataStateTracker﹕ supl: Received state=DISCONNECTED, old=DISCONNECTED, reason=LOST_CONNECTION
10-09 08:13:16.157     819-1115/? D/ConnectivityService﹕ stopUsingNetworkFeature: teardown net 0: enableSUPL
10-09 08:14:15.467      819-881/? D/ConnectivityService﹕ handleInetConditionHoldEnd: net=1, condition=100, published condition=100
10-09 08:14:19.467      819-881/? D/ConnectivityService﹕ handleInetConditionHoldEnd: net=1, condition=100, published condition=100
10-09 08:15:01.177      819-881/? D/MobileDataStateTracker﹕ default: setPolicyDataEnable(enabled=true)
10-09 08:15:13.017      819-881/? D/ConnectivityService﹕ Sampling interval elapsed, updating statistics ..
10-09 08:15:13.047      819-881/? D/ConnectivityService﹕ Done.
10-09 08:15:13.047      819-881/? D/ConnectivityService﹕ Setting timer for 720seconds
10-09 08:15:55.227  32303-32303/? E/ActivityThread﹕ Failed to find provider info for com.getpebble.android.provider
10-09 08:15:55.227  32303-32303/? E/ActivityThread﹕ Failed to find provider info for com.getpebble.android.provider
10-09 08:16:03.427     819-1203/? I/ActivityManager﹕ Start proc com.google.android.partnersetup for content provider com.google.android.partnersetup/.RlzAppProvider: pid=30502 uid=10011 gids={50011, 3003}
10-09 08:17:13.997      819-864/? I/ActivityManager﹕ Start proc com.twitter.android for service com.twitter.android/com.twitter.library.platform.TwitterDataSyncService: pid=30650 uid=10148 gids={50148, 3003, 1028, 1015}
10-09 08:17:14.997      819-846/? I/ActivityManager﹕ Start proc com.google.android.apps.docs.editors.docs for service com.google.android.apps.docs.editors.docs/com.google.android.apps.docs.sync.syncadapter.DocsSyncAdapterService: pid=30733 uid=10147 gids={50147, 3003, 1028, 1015}
10-09 08:17:15.037     819-1202/? I/ActivityManager﹕ Process ch.bitspin.timely (pid 28970) has died.
10-09 08:17:15.807      819-830/? I/ActivityManager﹕ Start proc com.google.android.apps.docs for content provider com.google.android.apps.docs/.doclist.statesyncer.CrossAppStateProvider: pid=30767 uid=10037 gids={50037, 3003, 1028, 1015}
10-09 08:17:15.917    819-14448/? I/ActivityManager﹕ Process com.verisign.mvip.main (pid 29015) has died.
10-09 08:17:15.987     819-1101/? I/ActivityManager﹕ Process ru.org.amip.ClockSync (pid 26538) has died.
10-09 08:17:19.147      819-846/? I/ActivityManager﹕ Start proc com.google.android.apps.docs.editors.sheets for service com.google.android.apps.docs.editors.sheets/com.google.android.apps.docs.sync.syncadapter.DocsSyncAdapterService: pid=30854 uid=10150 gids={50150, 3003, 1028, 1015}
10-09 08:17:19.247    819-14448/? I/ActivityManager﹕ Process android.process.media (pid 27474) has died.
10-09 08:17:24.327      819-829/? I/ActivityManager﹕ Process com.google.android.gms:snet (pid 29927) has died.
10-09 08:17:28.327     819-1200/? I/ActivityManager﹕ Process com.metago.astro (pid 30071) has died.
10-09 08:17:28.497     819-1190/? I/ActivityManager﹕ Process com.google.android.deskclock (pid 28196) has died.
10-09 08:19:28.056    1124-1124/? D/MccTable﹕ updateMccMncConfiguration: mcc=310, mnc=260
10-09 08:19:28.056    1124-1124/? D/MccTable﹕ getLocaleFromMcc to en_us mcc=310
10-09 08:19:28.056    1124-1124/? D/MccTable﹕ getLocaleForLanguageCountry: skipping already persisted
10-09 08:19:28.056    1124-1124/? D/MccTable﹕ getLocaleForLanguageCountry: X locale=null
10-09 08:19:28.056    1124-1124/? D/MccTable﹕ WIFI_COUNTRY_CODE set to us
10-09 08:19:28.056      819-830/? I/WifiService﹕ WifiService trying to set country code to us with persist set to true
10-09 08:19:28.126    819-14447/? I/ActivityManager﹕ Start proc com.google.android.deskclock for broadcast com.google.android.deskclock/com.android.deskclock.AlarmInitReceiver: pid=31234 uid=10035 gids={50035, 1028}
10-09 08:19:28.136      819-819/? D/MobileDataStateTracker﹕ fota: Broadcast received: android.intent.action.ANY_DATA_STATE apnType=fota
10-09 08:19:28.146      819-819/? D/MobileDataStateTracker﹕ fota: Received state=DISCONNECTED, old=DISCONNECTED, reason=dataAttached
10-09 08:19:28.146      819-819/? D/MobileDataStateTracker﹕ dun: Broadcast received: android.intent.action.ANY_DATA_STATE apnType=dun
10-09 08:19:28.156      819-819/? D/MobileDataStateTracker﹕ dun: Received state=DISCONNECTED, old=DISCONNECTED, reason=dataAttached
10-09 08:19:28.156      819-819/? D/MobileDataStateTracker﹕ ia: Broadcast received: android.intent.action.ANY_DATA_STATE apnType=ia
10-09 08:19:28.156      819-819/? D/MobileDataStateTracker﹕ ia: Received state=DISCONNECTED, old=DISCONNECTED, reason=dataAttached
10-09 08:19:28.156      819-819/? D/MobileDataStateTracker﹕ supl: Broadcast received: android.intent.action.ANY_DATA_STATE apnType=supl
10-09 08:19:28.166      819-819/? D/MobileDataStateTracker﹕ supl: Received state=DISCONNECTED, old=DISCONNECTED, reason=dataAttached
10-09 08:19:28.166      819-819/? D/MobileDataStateTracker﹕ hipri: Broadcast received: android.intent.action.ANY_DATA_STATE apnType=hipri
10-09 08:19:28.176      819-819/? D/MobileDataStateTracker﹕ hipri: Received state=DISCONNECTED, old=DISCONNECTED, reason=dataAttached
10-09 08:19:28.176      819-819/? D/MobileDataStateTracker﹕ ims: Broadcast received: android.intent.action.ANY_DATA_STATE apnType=ims
10-09 08:19:28.176      819-819/? D/MobileDataStateTracker﹕ ims: Received state=DISCONNECTED, old=DISCONNECTED, reason=dataAttached
10-09 08:19:28.176      819-819/? D/MobileDataStateTracker﹕ default: Broadcast received: android.intent.action.ANY_DATA_STATE apnType=default
10-09 08:19:28.176      819-819/? D/MobileDataStateTracker﹕ default: Received state=DISCONNECTED, old=DISCONNECTED, reason=dataAttached
10-09 08:19:28.176      819-819/? D/MobileDataStateTracker﹕ mms: Broadcast received: android.intent.action.ANY_DATA_STATE apnType=mms
10-09 08:19:28.186      819-819/? D/MobileDataStateTracker﹕ mms: Received state=DISCONNECTED, old=DISCONNECTED, reason=dataAttached
10-09 08:19:28.186      819-819/? D/MobileDataStateTracker﹕ cbs: Broadcast received: android.intent.action.ANY_DATA_STATE apnType=cbs
10-09 08:19:28.196      819-819/? D/MobileDataStateTracker﹕ cbs: Received state=DISCONNECTED, old=DISCONNECTED, reason=dataAttached
10-09 08:19:28.355    819-14446/? I/ActivityManager﹕ Start proc com.qualcomm.timeservice for broadcast com.qualcomm.timeservice/.TimeServiceBroadcastReceiver: pid=31257 uid=10070 gids={50070}
10-09 08:19:28.496     819-1202/? I/ActivityManager﹕ Start proc com.google.android.keep for broadcast com.google.android.keep/.notification.AlertReceiver: pid=31274 uid=10053 gids={50053, 3003, 1028, 1015}
10-09 08:19:28.596      819-857/? I/ActivityManager﹕ Process com.google.android.partnersetup (pid 30502) has died.
10-09 08:19:28.686     819-1202/? I/ActivityManager﹕ Process com.android.providers.calendar (pid 28227) has died.
10-09 08:19:28.956     819-1101/? I/ActivityManager﹕ Start proc ch.bitspin.timely for broadcast ch.bitspin.timely/.alarm.AlarmBroadcastReceiver: pid=31301 uid=10103 gids={50103, 3003}
10-09 08:19:29.056     819-1198/? I/ActivityManager﹕ Process com.twitter.android (pid 30650) has died.
10-09 08:19:29.056     819-1198/? A/ActivityManager﹕ Service ServiceRecord{457d7560 u0 com.twitter.android/com.twitter.internal.android.service.AsyncService} in process ProcessRecord{4328ea98 30650:com.twitter.android/u0a148} not same as in map: null
10-09 08:19:29.316  31301-31301/? W/ActivityThread﹕ ClassLoader.loadClass: The class loader returned by Thread.getContextClassLoader() may fail for processes that host multiple applications. You should explicitly specify a context class loader. For example: Thread.setContextClassLoader(getClass().getClassLoader());
10-09 08:19:29.496     819-1201/? I/ActivityManager﹕ Start proc ru.org.amip.ClockSync for broadcast ru.org.amip.ClockSync/.TimeChangeReceiver: pid=31335 uid=10119 gids={50119, 3003}
10-09 08:19:29.616     819-1198/? I/ActivityManager﹕ Start proc com.verisign.mvip.main for broadcast com.verisign.mvip.main/.GlobalTimeChangeReceiver: pid=31356 uid=10162 gids={50162, 3003}
10-09 08:19:29.616    819-14447/? I/ActivityManager﹕ Process com.google.android.apps.docs (pid 30767) has died.
10-09 08:19:29.936     819-3652/? I/ActivityManager﹕ Start proc com.android.providers.calendar for content provider com.android.providers.calendar/.CalendarProvider2: pid=31378 uid=10001 gids={50001, 3003, 1028, 1015}
10-09 08:19:30.026  31378-31378/? W/ActivityThread﹕ ClassLoader.loadClass: The class loader returned by Thread.getContextClassLoader() may fail for processes that host multiple applications. You should explicitly specify a context class loader. For example: Thread.setContextClassLoader(getClass().getClassLoader());
10-09 08:19:58.977     819-1198/? I/ActivityManager﹕ Process com.google.android.apps.docs.editors.sheets (pid 30854) has died.
10-09 08:20:52.487      819-881/? D/ConnectivityService﹕ handleInetConditionHoldEnd: net=1, condition=100, published condition=100
10-09 08:22:24.117      819-845/? W/ProcessCpuTracker﹕ Skipping unknown process pid 31648
10-09 08:22:24.117      819-845/? W/ProcessCpuTracker﹕ Skipping unknown process pid 31651
10-09 08:22:24.117      819-845/? W/ProcessCpuTracker﹕ Skipping unknown process pid 31652
10-09 08:22:24.117      819-845/? W/ProcessCpuTracker﹕ Skipping unknown process pid 31655
10-09 08:23:56.477      819-881/? D/ConnectivityService﹕ handleInetConditionHoldEnd: net=1, condition=100, published condition=100
10-09 08:23:56.967     819-3652/? I/ActivityManager﹕ Process com.google.android.apps.docs.editors.docs (pid 30733) has died.
10-09 08:24:00.497      819-845/? W/ProcessCpuTracker﹕ Skipping unknown process pid 31804
10-09 08:24:00.497      819-845/? W/ProcessCpuTracker﹕ Skipping unknown process pid 31807
10-09 08:24:00.497      819-845/? W/ProcessCpuTracker﹕ Skipping unknown process pid 31811
10-09 08:24:00.497      819-845/? W/ProcessCpuTracker﹕ Skipping unknown process pid 31812
10-09 08:24:13.697     819-1198/? I/ActivityManager﹕ Start proc android.process.media for content provider com.android.providers.media/.MediaProvider: pid=31882 uid=10005 gids={50005, 1028, 1015, 1023, 1024, 2001, 3003, 3007}
10-09 08:24:13.737  31882-31882/? W/ActivityThread﹕ ClassLoader.loadClass: The class loader returned by Thread.getContextClassLoader() may fail for processes that host multiple applications. You should explicitly specify a context class loader. For example: Thread.setContextClassLoader(getClass().getClassLoader());
10-09 08:24:20.657      819-881/? D/MobileDataStateTracker﹕ default: setPolicyDataEnable(enabled=true)
10-09 08:24:21.827      819-881/? D/MobileDataStateTracker﹕ default: setPolicyDataEnable(enabled=true)
10-09 08:24:23.117      819-881/? D/MobileDataStateTracker﹕ default: setPolicyDataEnable(enabled=true)
10-09 08:24:27.247      819-881/? D/MobileDataStateTracker﹕ default: setPolicyDataEnable(enabled=true)
10-09 08:24:28.027      819-845/? I/ActivityManager﹕ Waited long enough for: ServiceRecord{45922528 u0 com.google.android.apps.plus/com.google.android.apps.moviemaker.service.PostSyncService}
10-09 08:24:32.817      819-881/? D/MobileDataStateTracker﹕ default: setPolicyDataEnable(enabled=true)
10-09 08:24:38.367      819-881/? D/MobileDataStateTracker﹕ default: setPolicyDataEnable(enabled=true)
10-09 08:24:43.227      819-881/? D/MobileDataStateTracker﹕ default: setPolicyDataEnable(enabled=true)
10-09 08:24:48.647      819-881/? D/MobileDataStateTracker﹕ default: setPolicyDataEnable(enabled=true)
10-09 08:24:54.307      819-881/? D/MobileDataStateTracker﹕ default: setPolicyDataEnable(enabled=true)
10-09 08:24:59.817      819-881/? D/MobileDataStateTracker﹕ default: setPolicyDataEnable(enabled=true)
10-09 08:25:05.667      819-881/? D/MobileDataStateTracker﹕ default: setPolicyDataEnable(enabled=true)
10-09 08:25:10.687      819-881/? D/MobileDataStateTracker﹕ default: setPolicyDataEnable(enabled=true)
10-09 08:25:15.907      819-881/? D/MobileDataStateTracker﹕ default: setPolicyDataEnable(enabled=true)
10-09 08:25:21.397      819-881/? D/MobileDataStateTracker﹕ default: setPolicyDataEnable(enabled=true)
10-09 08:25:26.877      819-881/? D/MobileDataStateTracker﹕ default: setPolicyDataEnable(enabled=true)
10-09 08:25:32.867      819-881/? D/MobileDataStateTracker﹕ default: setPolicyDataEnable(enabled=true)
10-09 08:25:38.597      819-881/? D/MobileDataStateTracker﹕ default: setPolicyDataEnable(enabled=true)
10-09 08:25:43.817      819-881/? D/MobileDataStateTracker﹕ default: setPolicyDataEnable(enabled=true)
10-09 08:25:49.347      819-881/? D/MobileDataStateTracker﹕ default: setPolicyDataEnable(enabled=true)
10-09 08:25:54.567      819-881/? D/MobileDataStateTracker﹕ default: setPolicyDataEnable(enabled=true)
10-09 08:25:59.957      819-881/? D/MobileDataStateTracker﹕ default: setPolicyDataEnable(enabled=true)
10-09 08:26:05.417      819-881/? D/MobileDataStateTracker﹕ default: setPolicyDataEnable(enabled=true)
10-09 08:26:10.867      819-881/? D/MobileDataStateTracker﹕ default: setPolicyDataEnable(enabled=true)
10-09 08:26:16.097      819-881/? D/MobileDataStateTracker﹕ default: setPolicyDataEnable(enabled=true)
10-09 08:26:21.657      819-881/? D/MobileDataStateTracker﹕ default: setPolicyDataEnable(enabled=true)
10-09 08:26:26.647      819-845/? W/ProcessCpuTracker﹕ Skipping unknown process pid 32174
10-09 08:26:26.647      819-845/? W/ProcessCpuTracker﹕ Skipping unknown process pid 32175
10-09 08:26:26.647      819-845/? W/ProcessCpuTracker﹕ Skipping unknown process pid 32178
10-09 08:26:26.647      819-845/? W/ProcessCpuTracker﹕ Skipping unknown process pid 32179
10-09 08:26:26.647      819-845/? W/ProcessCpuTracker﹕ Skipping unknown process pid 32187
10-09 08:26:26.647      819-845/? W/ProcessCpuTracker﹕ Skipping unknown process pid 32189
10-09 08:26:26.647      819-845/? W/ProcessCpuTracker﹕ Skipping unknown process pid 32191
10-09 08:26:26.657      819-845/? W/ProcessCpuTracker﹕ Skipping unknown process pid 32197
10-09 08:26:26.657      819-845/? W/ProcessCpuTracker﹕ Skipping unknown process pid 32200
10-09 08:26:26.917      819-881/? D/MobileDataStateTracker﹕ default: setPolicyDataEnable(enabled=true)
10-09 08:26:32.677      819-881/? D/MobileDataStateTracker﹕ default: setPolicyDataEnable(enabled=true)
10-09 08:26:38.507      819-881/? D/MobileDataStateTracker﹕ default: setPolicyDataEnable(enabled=true)
10-09 08:26:43.837      819-881/? D/MobileDataStateTracker﹕ default: setPolicyDataEnable(enabled=true)
10-09 08:26:48.987      819-881/? D/MobileDataStateTracker﹕ default: setPolicyDataEnable(enabled=true)
10-09 08:26:54.487      819-881/? D/MobileDataStateTracker﹕ default: setPolicyDataEnable(enabled=true)
10-09 08:27:00.007      819-881/? D/MobileDataStateTracker﹕ default: setPolicyDataEnable(enabled=true)
10-09 08:27:05.507      819-881/? D/MobileDataStateTracker﹕ default: setPolicyDataEnable(enabled=true)
10-09 08:27:06.167      819-845/? I/ActivityManager﹕ Start proc com.metago.astro for broadcast com.metago.astro/com.kii.cloud.collector.Receiver: pid=32331 uid=10161 gids={50161, 3003, 1028, 1015}
10-09 08:27:11.107      819-881/? D/MobileDataStateTracker﹕ default: setPolicyDataEnable(enabled=true)
10-09 08:27:14.107      819-881/? D/ConnectivityService﹕ Sampling interval elapsed, updating statistics ..
10-09 08:27:14.167      819-881/? D/ConnectivityService﹕ Done.
10-09 08:27:14.167      819-881/? D/ConnectivityService﹕ Setting timer for 720seconds
10-09 08:27:16.437      819-881/? D/MobileDataStateTracker﹕ default: setPolicyDataEnable(enabled=true)
10-09 08:27:22.117      819-881/? D/MobileDataStateTracker﹕ default: setPolicyDataEnable(enabled=true)
10-09 08:27:27.857      819-881/? D/MobileDataStateTracker﹕ default: setPolicyDataEnable(enabled=true)
10-09 08:27:32.667      819-881/? D/MobileDataStateTracker﹕ default: setPolicyDataEnable(enabled=true)
10-09 08:27:38.427      819-881/? D/MobileDataStateTracker﹕ default: setPolicyDataEnable(enabled=true)
10-09 08:27:43.917      819-881/? D/MobileDataStateTracker﹕ default: setPolicyDataEnable(enabled=true)
10-09 08:27:49.297      819-881/? D/MobileDataStateTracker﹕ default: setPolicyDataEnable(enabled=true)
10-09 08:27:55.377      819-881/? D/MobileDataStateTracker﹕ default: setPolicyDataEnable(enabled=true)
10-09 08:28:00.857      819-881/? D/MobileDataStateTracker﹕ default: setPolicyDataEnable(enabled=true)
10-09 08:28:06.207      819-881/? D/MobileDataStateTracker﹕ default: setPolicyDataEnable(enabled=true)
10-09 08:28:11.897      819-881/? D/MobileDataStateTracker﹕ default: setPolicyDataEnable(enabled=true)
10-09 08:28:17.407      819-881/? D/MobileDataStateTracker﹕ default: setPolicyDataEnable(enabled=true)
10-09 08:28:22.927      819-881/? D/MobileDataStateTracker﹕ default: setPolicyDataEnable(enabled=true)
10-09 08:28:41.677      819-845/? I/ActivityManager﹕ Waited long enough for: ServiceRecord{4545e1c8 u0 com.google.android.apps.plus/com.google.android.apps.moviemaker.service.PostSyncService}
10-09 08:30:36.487      819-881/? D/ConnectivityService﹕ handleInetConditionHoldEnd: net=1, condition=100, published condition=100
10-09 08:34:11.517      819-881/? D/ConnectivityService﹕ handleInetConditionHoldEnd: net=1, condition=100, published condition=100
10-09 08:34:15.487      819-881/? D/ConnectivityService﹕ handleInetConditionHoldEnd: net=1, condition=100, published condition=100
10-09 08:38:54.827      819-819/? I/EntropyMixer﹕ Writing entropy...
10-09 08:39:14.967      819-881/? D/ConnectivityService﹕ Sampling interval elapsed, updating statistics ..
10-09 08:39:14.997      819-881/? D/ConnectivityService﹕ Done.
10-09 08:39:14.997      819-881/? D/ConnectivityService﹕ Setting timer for 720seconds
10-09 08:41:37.957      819-881/? D/ConnectivityService﹕ handleInetConditionHoldEnd: net=1, condition=100, published condition=100
10-09 08:41:40.307     819-1200/? I/ActivityManager﹕ Delay finish: com.google.android.gms/.gcm.nts.SchedulerReceiver
10-09 08:41:40.307      819-856/? I/ActivityManager﹕ Resuming delayed broadcast
10-09 08:45:02.117      819-881/? D/MobileDataStateTracker﹕ default: setPolicyDataEnable(enabled=true)
10-09 08:45:57.067  32303-32303/? E/ActivityThread﹕ Failed to find provider info for com.getpebble.android.provider
10-09 08:45:57.087  32303-32303/? E/ActivityThread﹕ Failed to find provider info for com.getpebble.android.provider
10-09 08:48:32.847      819-864/? I/ActivityManager﹕ Start proc com.android.vending for service com.android.vending/com.google.android.finsky.services.CheckWifiAndAutoUpdate: pid=1849 uid=10015 gids={50015, 3003, 1028, 1015}
10-09 08:48:38.057      819-881/? D/MobileDataStateTracker﹕ default: setPolicyDataEnable(enabled=true)
10-09 08:48:39.247      819-881/? D/MobileDataStateTracker﹕ default: setPolicyDataEnable(enabled=true)
10-09 08:48:41.127      819-853/? I/ActivityManager﹕ Start proc com.android.defcontainer for service com.android.defcontainer/.DefaultContainerService: pid=1995 uid=10004 gids={50004, 1028, 1015, 1023, 2001, 1035}
10-09 08:48:41.207      819-853/? W/ActivityManager﹕ No content provider found for permission revoke: file:///data/data/com.android.vending/cache/patches/com.amazon.kindle1361779333.apk
10-09 08:48:41.607      819-853/? W/ActivityManager﹕ No content provider found for permission revoke: file:///data/data/com.android.vending/cache/patches/com.amazon.kindle1361779333.apk
10-09 08:48:41.607      819-853/? I/PackageManager﹕ Copying native libraries to /data/app-lib/vmdl-1455009246
10-09 08:48:42.027      819-853/? W/PackageParser﹕ No actions in intent filter at /data/app/vmdl-1455009246.tmp Binary XML file line #230
10-09 08:48:45.097      819-845/? I/ActivityManager﹕ Force stopping com.amazon.kindle appid=10106 user=-1: uninstall pkg
10-09 08:48:45.097      819-845/? I/ActivityManager﹕ Killing 19487:com.amazon.kindle/u0a106 (adj 8): stop com.amazon.kindle
10-09 08:48:45.097      819-845/? W/ActivityManager﹕ Scheduling restart of crashed service com.amazon.kindle/com.audible.mobile.player.service.PlayerService in 1000ms
10-09 08:48:45.097      819-845/? I/ActivityManager﹕ Force stopping service ServiceRecord{447c7e38 u0 com.amazon.kindle/com.audible.mobile.player.service.PlayerService}
10-09 08:48:45.267      819-853/? W/PackageManager﹕ Package com.amazon.kindle desires unavailable shared library com.amazon.dcp.contracts; ignoring!
10-09 08:48:45.267      819-853/? W/PackageManager﹕ Package com.amazon.kindle desires unavailable shared library com.amazon.dcp.contracts.framework; ignoring!
10-09 08:48:45.267      819-853/? W/PackageManager﹕ Package com.amazon.kindle desires unavailable shared library com.amazon.client.metrics.api; ignoring!
10-09 08:48:45.267      819-853/? I/PackageManager﹕ Package com.amazon.kindle codePath changed from /data/app/com.amazon.kindle-2.apk to /data/app/com.amazon.kindle-1.apk; Retaining data and using new
10-09 08:48:59.487      819-881/? D/ConnectivityService﹕ handleInetConditionHoldEnd: net=1, condition=100, published condition=100
10-09 08:49:01.207      819-845/? I/ActivityManager﹕ Force stopping com.amazon.kindle appid=10106 user=-1: update pkg
10-09 08:49:01.207      819-853/? W/PackageManager﹕ Code path for pkg : com.amazon.kindle changing from /data/app/com.amazon.kindle-2.apk to /data/app/com.amazon.kindle-1.apk
10-09 08:49:01.207      819-853/? W/PackageManager﹕ Resource path for pkg : com.amazon.kindle changing from /data/app/com.amazon.kindle-2.apk to /data/app/com.amazon.kindle-1.apk
10-09 08:49:01.417      819-853/? W/PackageManager﹕ Unknown permission com.dsi.ant.permission.ANT in package com.google.android.maps.mytracks
10-09 08:49:01.417      819-853/? W/PackageManager﹕ Unknown permission com.dsi.ant.permission.ANT_ADMIN in package com.google.android.maps.mytracks
10-09 08:49:01.417      819-853/? W/PackageManager﹕ Unknown permission com.united.mobile.android.Main.permission.MAPS_RECEIVE in package com.united.mobile.android
10-09 08:49:01.417      819-853/? W/PackageManager﹕ Unknown permission com.united.mobile.android.permission.C2D_MESSAGE in package com.united.mobile.android
10-09 08:49:01.417      819-853/? W/PackageManager﹕ Not granting permission android.permission.SET_DEBUG_APP to package com.united.mobile.android (protectionLevel=50 flags=0x88be44)
10-09 08:49:01.417      819-853/? W/PackageManager﹕ Unknown permission com.android.smspush.WAPPUSH_MANAGER_BIND in package com.android.phone
10-09 08:49:01.417      819-853/? W/PackageManager﹕ Unknown permission android.permission.WRITE_SYNC_STATS in package com.google.android.apps.docs.editors.sheets
10-09 08:49:01.417      819-853/? W/PackageManager﹕ Not granting permission com.google.android.gm.permission.READ_GMAIL to package com.google.android.apps.docs.editors.sheets (protectionLevel=2 flags=0x98be44)
10-09 08:49:01.417      819-853/? W/PackageManager﹕ Not granting permission com.google.android.googleapps.permission.GOOGLE_AUTH.ALL_SERVICES to package com.google.android.apps.docs.editors.sheets (protectionLevel=2 flags=0x98be44)
10-09 08:49:01.417      819-853/? W/PackageManager﹕ Unknown permission com.android.gallery3d.permission.GALLERY_PROVIDER in package com.android.bluetooth
10-09 08:49:01.417      819-853/? W/PackageManager﹕ Unknown permission android.permission.MMS_SEND_OUTBOX_MSG in package com.android.bluetooth
10-09 08:49:01.417      819-853/? W/PackageManager﹕ Not granting permission android.permission.READ_LOGS to package com.nolanlawson.logcat (protectionLevel=50 flags=0x8be44)
10-09 08:49:01.417      819-853/? W/PackageManager﹕ Unknown permission com.motorola.permission.ACCESS_CHECKIN in package com.motorola.targetnotif
10-09 08:49:01.417      819-853/? W/PackageManager﹕ Not granting permission android.permission.CONNECTIVITY_INTERNAL to package com.motorola.targetnotif (protectionLevel=18 flags=0x98be44)
10-09 08:49:01.417      819-853/? W/PackageManager﹕ Unknown permission com.motorola.permission.WRITE_SECURE_SETTINGS in package com.motorola.targetnotif
10-09 08:49:01.417      819-853/? W/PackageManager﹕ Unknown permission com.motorola.ccc.plm.permission.READPROVIDER in package com.motorola.targetnotif
10-09 08:49:01.417      819-853/? W/PackageManager﹕ Unknown permission android.permission.BODY_SENSORS in package com.motorola.targetnotif
10-09 08:49:01.417      819-853/? W/PackageManager﹕ Unknown permission com.motorola.ccc.notification.READ_NOTIFICATIONS in package com.motorola.targetnotif
10-09 08:49:01.417      819-853/? W/PackageManager﹕ Unknown permission com.motorola.ccc.notification.WRITE_NOTIFICATIONS in package com.motorola.targetnotif
10-09 08:49:01.417      819-853/? W/PackageManager﹕ Unknown permission android.permission.ACCESS_BSCI_DRM in package com.HBO
10-09 08:49:01.417      819-853/? W/PackageManager﹕ Unknown permission com.amazon.permission.SET_FLAG_NOSOFTKEYS in package com.HBO
10-09 08:49:01.417      819-853/? W/PackageManager﹕ Unknown permission com.amazon.permission.SET_FLAG_EXPANDED_SOFTKEYS in package com.HBO
10-09 08:49:01.417      819-853/? W/PackageManager﹕ Not granting permission android.permission.DEVICE_POWER to package com.google.android.deskclock (protectionLevel=2 flags=0xc8be45)
10-09 08:49:01.417      819-853/? W/PackageManager﹕ Unknown permission android.permission.READ_OWNER_DATA in package com.google.android.setupwizard
10-09 08:49:01.417      819-853/? W/PackageManager﹕ Unknown permission android.permission.WRITE_OWNER_DATA in package com.google.android.setupwizard
10-09 08:49:01.417      819-853/? W/PackageManager﹕ Unknown permission com.android.launcher.permission.READ_SETTINGS in package com.android.settings
10-09 08:49:01.417      819-853/? W/PackageManager﹕ Unknown permission com.android.launcher.permission.WRITE_SETTINGS in package com.android.settings
10-09 08:49:01.417      819-853/? W/PackageManager﹕ Unknown permission com.sprint.internal.permission.SYSTEMPROPERTIES in package com.redbend.vdmc
10-09 08:49:01.417      819-853/? W/PackageManager﹕ Unknown permission com.sprint.internal.permission.SYSTEMPROPERTIES_WRITE in package com.redbend.vdmc
10-09 08:49:01.417      819-853/? W/PackageManager﹕ Unknown permission com.sprint.internal.permission.CONNECTIONMANAGER in package com.redbend.vdmc
10-09 08:49:01.417      819-853/? W/PackageManager﹕ Unknown permission com.sprint.internal.permission.PLATFORM in package com.redbend.vdmc
10-09 08:49:01.427      819-853/? W/PackageManager﹕ Unknown permission com.facebook.pages.app.provider.ACCESS in package com.facebook.katana
10-09 08:49:01.427      819-853/? W/PackageManager﹕ Not granting permission android.permission.BATTERY_STATS to package com.facebook.katana (protectionLevel=18 flags=0x88be44)
10-09 08:49:01.427      819-853/? W/PackageManager﹕ Unknown permission com.sec.android.provider.badge.permission.READ in package com.facebook.katana
10-09 08:49:01.427      819-853/? W/PackageManager﹕ Unknown permission com.sec.android.provider.badge.permission.WRITE in package com.facebook.katana
10-09 08:49:01.427      819-853/? W/PackageManager﹕ Unknown permission com.htc.launcher.permission.READ_SETTINGS in package com.facebook.katana
10-09 08:49:01.427      819-853/? W/PackageManager﹕ Unknown permission com.htc.launcher.permission.UPDATE_SHORTCUT in package com.facebook.katana
10-09 08:49:01.427      819-853/? W/PackageManager﹕ Unknown permission com.sonyericsson.home.permission.BROADCAST_BADGE in package com.facebook.katana
10-09 08:49:01.427      819-853/? W/PackageManager﹕ Unknown permission .home.permission.WRITE_BADGES in package com.facebook.katana
10-09 08:49:01.427      819-853/? W/PackageManager﹕ Unknown permission com.nokia.pushnotifications.permission.RECEIVE in package com.facebook.katana
10-09 08:49:01.427      819-853/? W/PackageManager﹕ Unknown permission com.amazon.device.messaging.permission.RECEIVE in package com.facebook.katana
10-09 08:49:01.427      819-853/? W/PackageManager﹕ Unknown permission com.google.android.voicesearch.SHORTCUTS_ACCESS in package com.google.android.googlequicksearchbox
10-09 08:49:01.427      819-853/? W/PackageManager﹕ Unknown permission com.google.android.voicesearch.ACCESS_SETTINGS in package com.google.android.googlequicksearchbox
10-09 08:49:01.427      819-853/? W/PackageManager﹕ Unknown permission com.android.browser.permission.PRELOAD in package com.google.android.googlequicksearchbox
10-09 08:49:01.427      819-853/? W/PackageManager﹕ Unknown permission com.google.android.apps.googlevoice.permission.AUTO_SEND in package com.google.android.googlequicksearchbox
10-09 08:49:01.427      819-853/? W/PackageManager﹕ Not granting permission android.permission.STOP_APP_SWITCHES to package com.google.android.googlequicksearchbox (protectionLevel=18 flags=0x40dbbec5)
10-09 08:49:01.427      819-853/? W/PackageManager﹕ Not granting permission android.permission.READ_LOGS to package org.jtb.alogcat (protectionLevel=50 flags=0x8be44)
10-09 08:49:01.427      819-853/? W/PackageManager﹕ Unknown permission biz.bokhorst.xprivacy.pro.CHECK in package biz.bokhorst.xprivacy
10-09 08:49:01.427      819-853/? W/PackageManager﹕ Unknown permission cydia.permission.SUBSTRATE in package biz.bokhorst.xprivacy
10-09 08:49:01.427      819-853/? W/PackageManager﹕ Unknown permission android.permission.ADD_SYSTEM_SERVICE in package com.pandora.android
10-09 08:49:01.427      819-853/? W/PackageManager﹕ Unknown permission com.android.launcher.permission.READ_SETTINGS in package com.google.android.launcher
10-09 08:49:01.427      819-853/? W/PackageManager﹕ Unknown permission com.android.launcher.permission.WRITE_SETTINGS in package com.google.android.launcher
10-09 08:49:01.427      819-853/? W/PackageManager﹕ Unknown permission android.permission.WRITE_SYNC_STATS in package com.google.android.apps.docs
10-09 08:49:01.427      819-853/? W/PackageManager﹕ Not granting permission android.permission.ACCESS_CHECKIN_PROPERTIES to package com.google.android.apps.googlevoice (protectionLevel=18 flags=0x88be44)
10-09 08:49:01.427      819-853/? W/PackageManager﹕ Unknown permission com.google.android.apps.googlevoice.REMOTE_INTENT in package com.google.android.apps.googlevoice
10-09 08:49:01.427      819-853/? W/PackageManager﹕ Unknown permission com.google.android.permission.RECEIVE_DATA_MESSAGE in package com.google.android.apps.googlevoice
10-09 08:49:01.427      819-853/? W/PackageManager﹕ Unknown permission com.google.android.permission.SEND_DATA_MESSAGE in package com.google.android.apps.googlevoice
10-09 08:49:01.427      819-853/? W/PackageManager﹕ Unknown permission com.android.providers.voicemail.permission.READ_WRITE_ALL_VOICEMAIL in package com.google.android.apps.googlevoice
10-09 08:49:01.427      819-853/? W/PackageManager﹕ Unknown permission com.android.providers.voicemail.permission.READ_WRITE_OWN_VOICEMAIL in package com.google.android.apps.googlevoice
10-09 08:49:01.427      819-853/? W/PackageManager﹕ Unknown permission com.android.launcher.permission.READ_SETTINGS in package com.google.android.onetimeinitializer
10-09 08:49:01.427      819-853/? W/PackageManager﹕ Unknown permission com.android.launcher.permission.WRITE_SETTINGS in package com.google.android.onetimeinitializer
10-09 08:49:01.427      819-853/? W/PackageManager﹕ Not granting permission android.permission.SEND_DOWNLOAD_COMPLETED_INTENTS to package com.android.vending (protectionLevel=2 flags=0x408abec5)
10-09 08:49:01.427      819-853/? W/PackageManager﹕ Unknown permission android.permission.SEND_SMS_NO_CONFIRMATION in package com.android.vending
10-09 08:49:01.427      819-853/? W/PackageManager﹕ Not granting permission android.permission.FORCE_STOP_PACKAGES to package com.android.vending (protectionLevel=18 flags=0x408abec5)
10-09 08:49:01.427      819-853/? W/PackageManager﹕ Unknown permission .permission.C2D_MESSAGE in package ch.bitspin.timely
10-09 08:49:01.427      819-853/? W/PackageManager﹕ Not granting permission android.permission.BIND_WALLPAPER to package com.google.android.GoogleCamera (protectionLevel=18 flags=0xd8bcc5)
10-09 08:49:01.427      819-853/? W/PackageManager﹕ Not granting permission android.permission.REBOOT to package eu.chainfire.supersu (protectionLevel=18 flags=0x883e85)
10-09 08:49:01.427      819-853/? W/PackageManager﹕ Not granting permission android.permission.READ_DREAM_STATE to package com.google.android.gsf (protectionLevel=2 flags=0x40883e45)
10-09 08:49:01.437      819-853/? W/PackageManager﹕ Unknown permission android.permission.NETWORK in package com.adobe.psmobile
10-09 08:49:01.437      819-853/? W/PackageManager﹕ Unknown permission com.android.vending.billing.IBillingAccountService.BIND2 in package com.google.android.gsf.login
10-09 08:49:01.437      819-853/? W/PackageManager﹕ Not granting permission android.permission.BROADCAST_PACKAGE_REMOVED to package com.google.android.marvin.talkback (protectionLevel=2 flags=0x40c9bec5)
10-09 08:49:01.437      819-853/? W/PackageManager﹕ Unknown permission android.permission.NETWORK in package com.trello
10-09 08:49:01.437      819-853/? W/PackageManager﹕ Unknown permission android.permission.READ_MEDIA_STORAGE in package com.keramidas.TitaniumBackup
10-09 08:49:01.437      819-853/? W/PackageManager﹕ Not granting permission android.permission.WRITE_MEDIA_STORAGE to package com.keramidas.TitaniumBackup (protectionLevel=18 flags=0x8be44)
10-09 08:49:01.437      819-853/? W/PackageManager﹕ Not granting permission com.android.voicemail.permission.READ_WRITE_ALL_VOICEMAIL to package com.keramidas.TitaniumBackup (protectionLevel=18 flags=0x8be44)
10-09 08:49:01.437      819-853/? W/PackageManager﹕ Not granting permission android.permission.BROADCAST_SMS to package com.keramidas.TitaniumBackup (protectionLevel=2 flags=0x8be44)
10-09 08:49:01.437      819-853/? W/PackageManager﹕ Not granting permission android.permission.BROADCAST_WAP_PUSH to package com.keramidas.TitaniumBackup (protectionLevel=2 flags=0x8be44)
10-09 08:49:01.437      819-853/? W/PackageManager﹕ Unknown permission android.permission.RECOVERY in package com.google.android.gms
10-09 08:49:01.437      819-853/? W/PackageManager﹕ Not granting permission android.permission.READ_DREAM_STATE to package com.google.android.gms (protectionLevel=2 flags=0x40c83ec5)
10-09 08:49:01.437      819-853/? W/PackageManager﹕ Unknown permission android.permission.PROVIDE_TRUST_AGENT in package com.google.android.gms
10-09 08:49:01.437      819-853/? W/PackageManager﹕ Unknown permission com.google.android.apps.enterprise.dmagent.permission.AutoSyncPermission in package com.google.android.gms
10-09 08:49:01.437      819-853/? W/PackageManager﹕ Unknown permission android.permission.MANAGE_VOICE_KEYPHRASES in package com.google.android.gms
10-09 08:49:01.437      819-853/? W/PackageManager﹕ Unknown permission android.permission.READ_WIFI_CREDENTIAL in package com.google.android.gms
10-09 08:49:01.437      819-853/? W/PackageManager﹕ Unknown permission android.permission.CONTROL_INCALL_EXPERIENCE in package com.google.android.gms
10-09 08:49:01.437      819-853/? W/PackageManager﹕ Unknown permission android.permission.USER_ACTIVITY in package com.google.android.gms
10-09 08:49:01.437      819-853/? W/PackageManager﹕ Unknown permission com.google.android.wearable.READ_SETTINGS in package com.google.android.gms
10-09 08:49:01.437      819-853/? W/PackageManager﹕ Unknown permission android.permission.SCORE_NETWORKS in package com.google.android.gms
10-09 08:49:01.437      819-853/? W/PackageManager﹕ Unknown permission android.permission.BODY_SENSORS in package com.google.android.gms
10-09 08:49:01.437      819-853/? W/PackageManager﹕ Not granting permission android.permission.FORCE_STOP_PACKAGES to package com.google.android.gms (protectionLevel=18 flags=0x40c83ec5)
10-09 08:49:01.437      819-853/? W/PackageManager﹕ Not granting permission android.permission.MOUNT_UNMOUNT_FILESYSTEMS to package com.tivophone.android (protectionLevel=18 flags=0x80be44)
10-09 08:49:01.437      819-853/? W/PackageManager﹕ Not granting permission android.permission.READ_LOGS to package com.tivophone.android (protectionLevel=50 flags=0x80be44)
10-09 08:49:01.437      819-853/? W/PackageManager﹕ Not granting permission android.permission.ACCESS_SUPERUSER to package ru.org.amip.ClockSync because it was previously installed without
10-09 08:49:01.437      819-853/? W/PackageManager﹕ Unknown permission android.permission.WRITE_SYNC_STATS in package com.google.android.apps.docs.editors.docs
10-09 08:49:01.437      819-853/? W/PackageManager﹕ Not granting permission com.google.android.gm.permission.READ_GMAIL to package com.google.android.apps.docs.editors.docs (protectionLevel=2 flags=0x98be44)
10-09 08:49:01.437      819-853/? W/PackageManager﹕ Not granting permission com.google.android.googleapps.permission.GOOGLE_AUTH.ALL_SERVICES to package com.google.android.apps.docs.editors.docs (protectionLevel=2 flags=0x98be44)
10-09 08:49:01.437      819-853/? W/PackageManager﹕ Unknown permission android.permission.RECORD_VIDEO in package com.fivemobile.amica.fnol
10-09 08:49:01.437      819-853/? W/PackageManager﹕ Not granting permission android.permission.SET_DEBUG_APP to package com.fivemobile.amica.fnol (protectionLevel=50 flags=0x88be44)
10-09 08:49:01.437      819-853/? W/PackageManager﹕ Not granting permission com.google.android.gm.permission.AUTO_SEND to package com.google.android.wearable.app (protectionLevel=2 flags=0x883e44)
10-09 08:49:01.437      819-853/? W/PackageManager﹕ Not granting permission android.permission.MEDIA_CONTENT_CONTROL to package com.google.android.wearable.app (protectionLevel=18 flags=0x883e44)
10-09 08:49:01.437      819-853/? W/PackageManager﹕ Unknown permission com.android.launcher.permission.PRELOAD_WORKSPACE in package com.google.android.partnersetup
10-09 08:49:01.437      819-853/? W/PackageManager﹕ Unknown permission android.permission.READ_APN_SETTINGS in package edu.berkeley.icsi.netalyzr.android
10-09 08:49:01.437      819-853/? W/PackageManager﹕ Unknown permission com.android.launcher.permission.READ_SETTINGS in package com.amazon.mShop.android
10-09 08:49:01.437      819-853/? W/PackageManager﹕ Unknown permission com.android.amazon.dcp.ota.permission.INSTALL_PACKAGES in package com.amazon.mShop.android
10-09 08:49:01.437      819-853/? W/PackageManager﹕ Unknown permission com.amazon.mas.client.settings.provider.CONTENT_PROVIDER_ACCESS in package com.amazon.mShop.android
10-09 08:49:01.437      819-853/? W/PackageManager﹕ Unknown permission com.amazon.dcp.metrics.permission.METRICS_PERMISSION in package com.amazon.mShop.android
10-09 08:49:01.437      819-853/? W/PackageManager﹕ Unknown permission com.amazon.dcp.config.permission.DYN_CONFIG_VALUES_UPDATED in package com.amazon.mShop.android
10-09 08:49:01.437      819-853/? W/PackageManager﹕ Unknown permission com.amazon.identity.permission.GENERIC_IPC in package com.amazon.mShop.android
10-09 08:49:01.437      819-853/? W/PackageManager﹕ Unknown permission com.amazon.dcp.sso.permission.USE_DEVICE_CREDENTIALS in package com.amazon.mShop.android
10-09 08:49:01.437      819-853/? W/PackageManager﹕ Unknown permission com.amazon.dcp.sso.permission.MANAGE_COR_PFM in package com.amazon.mShop.android
10-09 08:49:01.437      819-853/? W/PackageManager﹕ Unknown permission com.amazon.dcp.sso.permission.CUSTOMER_ATTRIBUTE_SERVICE in package com.amazon.mShop.android
10-09 08:49:01.437      819-853/? W/PackageManager﹕ Unknown permission amazon.permission.COLLECT_METRICS in package com.amazon.mShop.android
10-09 08:49:01.437      819-853/? W/PackageManager﹕ Unknown permission com.sonyericsson.home.permission.BROADCAST_BADGE in package com.twitter.android
10-09 08:49:01.437      819-853/? W/PackageManager﹕ Unknown permission com.sec.android.provider.badge.permission.READ in package com.twitter.android
10-09 08:49:01.437      819-853/? W/PackageManager﹕ Unknown permission com.sec.android.provider.badge.permission.WRITE in package com.twitter.android
10-09 08:49:01.437      819-853/? W/PackageManager﹕ Not granting permission android.permission.BATTERY_STATS to package com.facebook.orca (protectionLevel=18 flags=0x88be44)
10-09 08:49:01.437      819-853/? W/PackageManager﹕ Unknown permission com.sec.android.provider.badge.permission.READ in package com.facebook.orca
10-09 08:49:01.437      819-853/? W/PackageManager﹕ Unknown permission com.sec.android.provider.badge.permission.WRITE in package com.facebook.orca
10-09 08:49:01.437      819-853/? W/PackageManager﹕ Unknown permission com.htc.launcher.permission.READ_SETTINGS in package com.facebook.orca
10-09 08:49:01.437      819-853/? W/PackageManager﹕ Unknown permission com.htc.launcher.permission.UPDATE_SHORTCUT in package com.facebook.orca
10-09 08:49:01.437      819-853/? W/PackageManager﹕ Unknown permission com.sonyericsson.home.permission.BROADCAST_BADGE in package com.facebook.orca
10-09 08:49:01.437      819-853/? W/PackageManager﹕ Unknown permission .home.permission.WRITE_BADGES in package com.facebook.orca
10-09 08:49:01.437      819-853/? W/PackageManager﹕ Unknown permission com.nokia.pushnotifications.permission.RECEIVE in package com.facebook.orca
10-09 08:49:01.437      819-853/? W/PackageManager﹕ Unknown permission com.amazon.device.messaging.permission.RECEIVE in package com.facebook.orca
10-09 08:49:01.437      819-853/? W/PackageManager﹕ Not granting permission android.permission.READ_LOGS to package com.classdojo.android (protectionLevel=50 flags=0x88be44)
10-09 08:49:01.437      819-853/? W/PackageManager﹕ Not granting permission android.permission.MANAGE_DOCUMENTS to package com.google.android.youtube (protectionLevel=2 flags=0x983ec5)
10-09 08:49:01.437      819-853/? W/PackageManager﹕ Unknown permission com.android.launcher.permission.READ_SETTINGS in package com.metago.astro
10-09 08:49:01.437      819-853/? W/PackageManager﹕ Unknown permission com.android.launcher.permission.WRITE_SETTINGS in package com.metago.astro
10-09 08:49:01.437      819-853/? W/PackageManager﹕ Not granting permission android.permission.WRITE_MEDIA_STORAGE to package com.metago.astro (protectionLevel=18 flags=0x98be44)
10-09 08:49:01.437      819-853/? W/PackageManager﹕ Unknown permission com.google.android.c2dm.permission.REGISTRATION in package com.rovio.angrybirdsstarwars.ads.iap
10-09 08:49:01.437      819-853/? W/PackageManager﹕ Unknown permission com.chrome.permission.DEVICE_EXTRAS in package com.android.chrome
10-09 08:49:01.437      819-853/? W/PackageManager﹕ Unknown permission com.sec.enterprise.knox.MDM_CONTENT_PROVIDER in package com.android.chrome
10-09 08:49:01.437      819-853/? W/PackageManager﹕ Unknown permission com.sprint.internal.permission.SYSTEMPROPERTIES in package com.lge.SprintHiddenMenu
10-09 08:49:01.437      819-853/? W/PackageManager﹕ Unknown permission com.sprint.internal.permission.SYSTEMPROPERTIES_WRITE in package com.lge.SprintHiddenMenu
10-09 08:49:01.437      819-853/? W/PackageManager﹕ Unknown permission com.sprint.internal.permission.CONNECTIONMANAGER in package com.lge.SprintHiddenMenu
10-09 08:49:01.437      819-853/? W/PackageManager﹕ Unknown permission com.sprint.internal.permission.PLATFORM in package com.lge.SprintHiddenMenu
10-09 08:49:01.437      819-853/? W/PackageManager﹕ Unknown permission com.sprint.internal.permission.OMADM in package com.lge.SprintHiddenMenu
10-09 08:49:01.437      819-853/? W/PackageManager﹕ Unknown permission android.permission.FACTORY in package com.lge.SprintHiddenMenu
