11-21 21:38:35.765 E/HostWithRpcCallback( 1871): 	at com.google.android.clockwork.actions.WearableHostWithRpcCallback$SendRpcCallbackWithId.onSendRpc(WearableHostWithRpcCallback.java:292)
11-21 21:38:35.765 E/HostWithRpcCallback( 1871): 	at com.google.android.wearable.gmsclient.MessageManager$1.onResult(MessageManager.java:78)
11-21 21:38:35.765 E/HostWithRpcCallback( 1871): 	at com.google.android.wearable.gmsclient.MessageManager$1.onResult(MessageManager.java:75)
11-21 21:38:35.765 E/HostWithRpcCallback( 1871): 	at com.google.android.gms.common.api.BaseImplementation$CallbackHandler.deliverResultCallback(Unknown Source)
11-21 21:38:35.765 E/HostWithRpcCallback( 1871): 	at com.google.android.gms.common.api.BaseImplementation$CallbackHandler.handleMessage(Unknown Source)
11-21 21:38:35.765 E/HostWithRpcCallback( 1871): 	at android.os.Handler.dispatchMessage(Handler.java:102)
11-21 21:38:35.765 E/HostWithRpcCallback( 1871): 	at android.os.Looper.loop(Looper.java:136)
11-21 21:38:35.765 E/HostWithRpcCallback( 1871): 	at android.app.ActivityThread.main(ActivityThread.java:5026)
11-21 21:38:35.765 E/HostWithRpcCallback( 1871): 	at java.lang.reflect.Method.invokeNative(Native Method)
11-21 21:38:35.765 E/HostWithRpcCallback( 1871): 	at java.lang.reflect.Method.invoke(Method.java:515)
11-21 21:38:35.765 E/HostWithRpcCallback( 1871): 	at com.android.internal.os.ZygoteInit$MethodAndArgsCaller.run(ZygoteInit.java:777)
11-21 21:38:35.765 E/HostWithRpcCallback( 1871): 	at com.android.internal.os.ZygoteInit.main(ZygoteInit.java:602)
11-21 21:38:35.765 E/HostWithRpcCallback( 1871): 	at dalvik.system.NativeStart.main(Native Method)
11-21 21:38:35.775 D/ADSPD   ( 7609): ACK success!
11-21 21:38:35.775 D/ADSPD   ( 7609): Client cmd=0x0003, size=4
11-21 21:38:35.785 D/ADSPD   ( 7609): Received from DSP: cmd=0x8003, size=2
11-21 21:38:35.785 D/ADSPD   ( 7609): Client cmd=0x4003, size=2
11-21 21:38:35.785 D/mot_vr_audio_hw( 1419): received recognition control callback, status 0
11-21 21:38:35.835 D/SurfaceFlinger( 1417): Screen acquired, type=0 flinger=0xb7fc2448
11-21 21:38:35.835 D/hwcomposer( 1417): hwc_blank(0: 0)
11-21 21:38:35.835 D/SensorHAL( 1752): adjustSensorHandle: handle = 9 adjustedHandle = 1
11-21 21:38:35.835 D/SensorHAL( 1752): adjustSensorHandle: handle = 9 adjustedHandle = 1
11-21 21:38:35.835 I/DisplayManagerService( 1752): Display device changed: DisplayDeviceInfo{"Built-in Screen": 320 x 290, 45.000004 fps, density 213, 203.2 x 204.61111 dpi, touch INTERNAL, rotation 0, type BUILT_IN, state ON, FLAG_DEFAULT_DISPLAY, FLAG_ROTATES_WITH_CONTENT, FLAG_SECURE, FLAG_SUPPORTS_PROTECTED_BUFFERS}
11-21 21:38:35.835 V/ActivityManager( 1752): Display changed displayId=0
11-21 21:38:35.855 V/WearActivity( 3639): display changed: 0, new state: 2
11-21 21:38:35.855 V/WearActivity( 3639): onDisplayChanged: on!
11-21 21:38:35.855 V/WearActivity( 3639): killing alarms
11-21 21:38:35.855 V/WearActivity( 3639): startHelper: putting it all back together again
11-21 21:38:35.855 V/WearActivity( 3639): initAlarm: setting up
11-21 21:38:35.855 D/SensorHAL( 1752): adjustSensorHandle: handle = 9 adjustedHandle = 1
11-21 21:38:35.885 I/ClockFace( 3639): Ambient mode: false
11-21 21:38:35.885 V/MyViewAnim( 3639): resumeMaxHertz
11-21 21:38:35.885 V/ClockFace( 3639): clearing caches
11-21 21:38:35.885 V/MyViewAnim( 3639): starting new animator
11-21 21:38:35.885 V/MyViewAnim( 3639): Time listener is up!
11-21 21:38:35.885 V/MyViewAnim( 3639): starting new draw thread
11-21 21:38:35.895 V/ClockFace( 3639): rendering new face, faceMode(0)
11-21 21:38:35.905 V/ClockFace( 3639): fetching new battery status (1711)
11-21 21:38:35.905 V/ClockFace( 3639): battery at 0.51
11-21 21:38:36.216 D/WearApiHelper( 6238): sendMessage: /SYNC_NEEDED
11-21 21:38:36.216 D/WearApiHelper( 6238): Already connected. Sending message: /SYNC_NEEDED
11-21 21:38:40.100 D/dalvikvm( 3639): GC_CONCURRENT freed 351K, 20% free 2351K/2908K, paused 3ms+4ms, total 58ms
11-21 21:38:40.580 I/PowerManagerService( 1752): Going to sleep due to screen timeout...
11-21 21:38:40.580 I/PowerManagerService( 1752): Dozing...
11-21 21:38:40.590 V/WearActivity( 3639): Pause!
11-21 21:38:40.610 I/DreamController( 1752): Starting dream: name=ComponentInfo{com.google.android.wearable.app/com.google.android.clockwork.home.AmbientMode}, isTest=false, canDoze=true, userId=0
11-21 21:38:40.620 D/mot_vr_audio_hw( 1419): dsp_recognizer_enabled = false
11-21 21:38:40.620 D/ADSPD   ( 7609): Client cmd=0x0003, size=4
11-21 21:38:40.630 D/mot_vr_audio_hw( 1419): Switching DSP to standby/passthrough mode
11-21 21:38:40.630 D/mot_vr_audio_hw( 1419): Input 0xb8ebfc60 ready to read
11-21 21:38:40.640 D/ADSPD   ( 7609): Received from DSP: cmd=0x8003, size=2
11-21 21:38:40.640 D/ADSPD   ( 7609): Client cmd=0x0003, size=4
11-21 21:38:40.640 D/mot_vr_audio_hw( 1419): received recognition control callback, status 0
11-21 21:38:40.640 V/WearActivity( 3639): Stop!
11-21 21:38:40.640 W/InputMethodManagerService( 1752): Ignoring setImeWindowStatus of uid 1000 token: null
11-21 21:38:40.650 D/ADSPD   ( 7609): Received from DSP: cmd=0x8003, size=2
11-21 21:38:40.650 D/mot_vr_audio_hw( 1419): received recognition control callback, status 0
11-21 21:38:40.680 W/mot_vr_audio_hw( 1419): Discarded 10 buffers without finding audio data
11-21 21:38:40.690 D/ADSPD   ( 7609): Client cmd=0x0003, size=4
11-21 21:38:40.690 D/mot_vr_audio_hw( 1419): Re-arming DSP
11-21 21:38:40.690 D/mot_vr_audio_hw( 1419): Input 0xb8ebfc60 standby complete
11-21 21:38:40.700 D/ADSPD   ( 7609): Received from DSP: cmd=0x8003, size=2
11-21 21:38:40.700 D/mot_vr_audio_hw( 1419): received recognition control callback, status 0
11-21 21:38:40.710 D/ADSPD   ( 7609): Client cmd=0x4003, size=2
11-21 21:38:40.710 D/mot_vr_audio_hw( 1419): Input 0xb8ebfc60 close complete
11-21 21:38:40.750 E/HostWithRpcCallback( 1871): Failed to send RPC
11-21 21:38:40.750 E/HostWithRpcCallback( 1871): com.google.android.wearable.gmsclient.WearableException: sendRpcAsync failed: Status{statusCode=unknown status code: 4000, resolution=null}
11-21 21:38:40.750 E/HostWithRpcCallback( 1871): 	at com.google.android.wearable.gmsclient.GoogleApiClientHelper.throwIfFailed(GoogleApiClientHelper.java:98)
11-21 21:38:40.750 E/HostWithRpcCallback( 1871): 	at com.google.android.wearable.gmsclient.MessageManager$1$1.getResult(MessageManager.java:81)
11-21 21:38:40.750 E/HostWithRpcCallback( 1871): 	at com.google.android.wearable.gmsclient.MessageManager$1$1.getResult(MessageManager.java:78)
11-21 21:38:40.750 E/HostWithRpcCallback( 1871): 	at com.google.android.clockwork.actions.WearableHostWithRpcCallback$SendRpcCallbackWithId.onSendRpc(WearableHostWithRpcCallback.java:292)
11-21 21:38:40.750 E/HostWithRpcCallback( 1871): 	at com.google.android.wearable.gmsclient.MessageManager$1.onResult(MessageManager.java:78)
11-21 21:38:40.750 E/HostWithRpcCallback( 1871): 	at com.google.android.wearable.gmsclient.MessageManager$1.onResult(MessageManager.java:75)
11-21 21:38:40.750 E/HostWithRpcCallback( 1871): 	at com.google.android.gms.common.api.BaseImplementation$CallbackHandler.deliverResultCallback(Unknown Source)
11-21 21:38:40.750 E/HostWithRpcCallback( 1871): 	at com.google.android.gms.common.api.BaseImplementation$CallbackHandler.handleMessage(Unknown Source)
11-21 21:38:40.750 E/HostWithRpcCallback( 1871): 	at android.os.Handler.dispatchMessage(Handler.java:102)
11-21 21:38:40.750 E/HostWithRpcCallback( 1871): 	at android.os.Looper.loop(Looper.java:136)
11-21 21:38:40.750 E/HostWithRpcCallback( 1871): 	at android.app.ActivityThread.main(ActivityThread.java:5026)
11-21 21:38:40.750 E/HostWithRpcCallback( 1871): 	at java.lang.reflect.Method.invokeNative(Native Method)
11-21 21:38:40.750 E/HostWithRpcCallback( 1871): 	at java.lang.reflect.Method.invoke(Method.java:515)
11-21 21:38:40.750 E/HostWithRpcCallback( 1871): 	at com.android.internal.os.ZygoteInit$MethodAndArgsCaller.run(ZygoteInit.java:777)
11-21 21:38:40.750 E/HostWithRpcCallback( 1871): 	at com.android.internal.os.ZygoteInit.main(ZygoteInit.java:602)
11-21 21:38:40.750 E/HostWithRpcCallback( 1871): 	at dalvik.system.NativeStart.main(Native Method)
11-21 21:38:40.810 I/ActivityManager( 1752): START u0 {act=android.intent.action.MAIN cat=[android.intent.category.HOME] flg=0x10000000 cmp=com.google.android.wearable.app/com.google.android.clockwork.home.HomeActivity (has extras)} from pid 1871 on display 0
11-21 21:38:40.810 V/ActivityManager( 1752): Display changed displayId=0
11-21 21:38:40.820 V/WearActivity( 3639): display changed: 0, new state: 2
11-21 21:38:40.820 V/WearActivity( 3639): state didn't actually change
11-21 21:38:40.830 I/DreamController( 1752): Stopping dream: name=ComponentInfo{com.google.android.wearable.app/com.google.android.clockwork.home.AmbientMode}, isTest=false, canDoze=true, userId=0
11-21 21:38:40.840 I/PowerManagerService( 1752): Sleeping...
11-21 21:38:40.900 I/AmbientMode( 1871): Ambient mode started: canDoze=true, dozeHardware=null
11-21 21:38:40.900 I/ActivityManager( 1752): Activity reported stop, but no longer stopping: ActivityRecord{adc9b990 u0 com.google.android.wearable.app/com.google.android.clockwork.home.HomeActivity t1}
11-21 21:38:40.920 D/mot_vr_audio_hw( 1419): dsp_recognizer_enabled = true
11-21 21:38:40.920 D/ADSPD   ( 7609): Client cmd=0x0003, size=4
11-21 21:38:40.920 D/mot_vr_audio_hw( 1419): open_input_stream(): devices = 0x80000004, rate = 8000, channels = 0x10
11-21 21:38:40.920 D/mot_vr_audio_hw( 1419): Created resampler for 16000->8000 Hz
11-21 21:38:40.930 D/ADSPD   ( 7609): Received from DSP: cmd=0x8003, size=2
11-21 21:38:40.930 D/ADSPD   ( 7609): Client cmd=0x4003, size=2
11-21 21:38:40.930 D/mot_vr_audio_hw( 1419): received recognition control callback, status 0
11-21 21:38:40.940 D/mot_vr_audio_hw( 1419): in_read waiting for hotword
11-21 21:38:40.960 D/mot_vr_audio_hw( 1419): dsp_recognizer_enabled = false
11-21 21:38:40.960 D/ADSPD   ( 7609): Client cmd=0x0003, size=4
11-21 21:38:40.970 D/mot_vr_audio_hw( 1419): Switching DSP to standby/passthrough mode
11-21 21:38:40.970 D/mot_vr_audio_hw( 1419): Input 0xb8ebfc60 ready to read
11-21 21:38:40.980 D/ADSPD   ( 7609): Received from DSP: cmd=0x8003, size=2
11-21 21:38:40.980 D/ADSPD   ( 7609): Client cmd=0x0003, size=4
11-21 21:38:40.980 D/mot_vr_audio_hw( 1419): received recognition control callback, status 0
11-21 21:38:40.990 D/ADSPD   ( 7609): Received from DSP: cmd=0x8003, size=2
11-21 21:38:40.990 D/mot_vr_audio_hw( 1419): received recognition control callback, status 0
11-21 21:38:41.020 W/mot_vr_audio_hw( 1419): Discarded 10 buffers without finding audio data
11-21 21:38:41.030 D/ADSPD   ( 7609): Client cmd=0x0003, size=4
11-21 21:38:41.030 D/mot_vr_audio_hw( 1419): Re-arming DSP
11-21 21:38:41.030 D/mot_vr_audio_hw( 1419): Input 0xb8ebfc60 standby complete
11-21 21:38:41.040 D/ADSPD   ( 7609): Received from DSP: cmd=0x8003, size=2
11-21 21:38:41.040 D/mot_vr_audio_hw( 1419): received recognition control callback, status 0
11-21 21:38:41.070 D/ADSPD   ( 7609): Client cmd=0x4003, size=2
11-21 21:38:41.070 D/mot_vr_audio_hw( 1419): Input 0xb8ebfc60 close complete
11-21 21:38:41.080 I/AmbientMode( 1871): Dream ended: isDozing=true
11-21 21:38:41.111 D/dalvikvm( 1871): GC_CONCURRENT freed 2906K, 27% free 28516K/38808K, paused 14ms+75ms, total 245ms
11-21 21:38:41.181 E/HostWithRpcCallback( 1871): Failed to send RPC
11-21 21:38:41.181 E/HostWithRpcCallback( 1871): com.google.android.wearable.gmsclient.WearableException: sendRpcAsync failed: Status{statusCode=unknown status code: 4000, resolution=null}
11-21 21:38:41.181 E/HostWithRpcCallback( 1871): 	at com.google.android.wearable.gmsclient.GoogleApiClientHelper.throwIfFailed(GoogleApiClientHelper.java:98)
11-21 21:38:41.181 E/HostWithRpcCallback( 1871): 	at com.google.android.wearable.gmsclient.MessageManager$1$1.getResult(MessageManager.java:81)
11-21 21:38:41.181 E/HostWithRpcCallback( 1871): 	at com.google.android.wearable.gmsclient.MessageManager$1$1.getResult(MessageManager.java:78)
11-21 21:38:41.181 E/HostWithRpcCallback( 1871): 	at com.google.android.clockwork.actions.WearableHostWithRpcCallback$SendRpcCallbackWithId.onSendRpc(WearableHostWithRpcCallback.java:292)
11-21 21:38:41.181 E/HostWithRpcCallback( 1871): 	at com.google.android.wearable.gmsclient.MessageManager$1.onResult(MessageManager.java:78)
11-21 21:38:41.181 E/HostWithRpcCallback( 1871): 	at com.google.android.wearable.gmsclient.MessageManager$1.onResult(MessageManager.java:75)
11-21 21:38:41.181 E/HostWithRpcCallback( 1871): 	at com.google.android.gms.common.api.BaseImplementation$CallbackHandler.deliverResultCallback(Unknown Source)
11-21 21:38:41.181 E/HostWithRpcCallback( 1871): 	at com.google.android.gms.common.api.BaseImplementation$CallbackHandler.handleMessage(Unknown Source)
11-21 21:38:41.181 E/HostWithRpcCallback( 1871): 	at android.os.Handler.dispatchMessage(Handler.java:102)
11-21 21:38:41.181 E/HostWithRpcCallback( 1871): 	at android.os.Looper.loop(Looper.java:136)
11-21 21:38:41.181 E/HostWithRpcCallback( 1871): 	at android.app.ActivityThread.main(ActivityThread.java:5026)
11-21 21:38:41.181 E/HostWithRpcCallback( 1871): 	at java.lang.reflect.Method.invokeNative(Native Method)
11-21 21:38:41.181 E/HostWithRpcCallback( 1871): 	at java.lang.reflect.Method.invoke(Method.java:515)
11-21 21:38:41.181 E/HostWithRpcCallback( 1871): 	at com.android.internal.os.ZygoteInit$MethodAndArgsCaller.run(ZygoteInit.java:777)
11-21 21:38:41.181 E/HostWithRpcCallback( 1871): 	at com.android.internal.os.ZygoteInit.main(ZygoteInit.java:602)
11-21 21:38:41.181 E/HostWithRpcCallback( 1871): 	at dalvik.system.NativeStart.main(Native Method)
11-21 21:38:41.191 E/HostWithRpcCallback( 1871): Failed to send RPC
11-21 21:38:41.191 E/HostWithRpcCallback( 1871): com.google.android.wearable.gmsclient.WearableException: sendRpcAsync failed: Status{statusCode=unknown status code: 4000, resolution=null}
11-21 21:38:41.191 E/HostWithRpcCallback( 1871): 	at com.google.android.wearable.gmsclient.GoogleApiClientHelper.throwIfFailed(GoogleApiClientHelper.java:98)
11-21 21:38:41.191 E/HostWithRpcCallback( 1871): 	at com.google.android.wearable.gmsclient.MessageManager$1$1.getResult(MessageManager.java:81)
11-21 21:38:41.191 E/HostWithRpcCallback( 1871): 	at com.google.android.wearable.gmsclient.MessageManager$1$1.getResult(MessageManager.java:78)
11-21 21:38:41.191 E/HostWithRpcCallback( 1871): 	at com.google.android.clockwork.actions.WearableHostWithRpcCallback$SendRpcCallbackWithId.onSendRpc(WearableHostWithRpcCallback.java:292)
11-21 21:38:41.191 E/HostWithRpcCallback( 1871): 	at com.google.android.wearable.gmsclient.MessageManager$1.onResult(MessageManager.java:78)
11-21 21:38:41.191 E/HostWithRpcCallback( 1871): 	at com.google.android.wearable.gmsclient.MessageManager$1.onResult(MessageManager.java:75)
11-21 21:38:41.191 E/HostWithRpcCallback( 1871): 	at com.google.android.gms.common.api.BaseImplementation$CallbackHandler.deliverResultCallback(Unknown Source)
11-21 21:38:41.191 E/HostWithRpcCallback( 1871): 	at com.google.android.gms.common.api.BaseImplementation$CallbackHandler.handleMessage(Unknown Source)
11-21 21:38:41.191 E/HostWithRpcCallback( 1871): 	at android.os.Handler.dispatchMessage(Handler.java:102)
11-21 21:38:41.191 E/HostWithRpcCallback( 1871): 	at android.os.Looper.loop(Looper.java:136)
11-21 21:38:41.191 E/HostWithRpcCallback( 1871): 	at android.app.ActivityThread.main(ActivityThread.java:5026)
11-21 21:38:41.191 E/HostWithRpcCallback( 1871): 	at java.lang.reflect.Method.invokeNative(Native Method)
11-21 21:38:41.191 E/HostWithRpcCallback( 1871): 	at java.lang.reflect.Method.invoke(Method.java:515)
11-21 21:38:41.191 E/HostWithRpcCallback( 1871): 	at com.android.internal.os.ZygoteInit$MethodAndArgsCaller.run(ZygoteInit.java:777)
11-21 21:38:41.191 E/HostWithRpcCallback( 1871): 	at com.android.internal.os.ZygoteInit.main(ZygoteInit.java:602)
11-21 21:38:41.191 E/HostWithRpcCallback( 1871): 	at dalvik.system.NativeStart.main(Native Method)
11-21 21:38:41.511 D/LightsService( 1752): Excessive delay setting light: 101ms
11-21 21:38:41.511 D/SurfaceFlinger( 1417): Screen released, type=0 flinger=0xb7fc2448
11-21 21:38:41.651 D/hwcomposer( 1417): hwc_blank(0: 1)
11-21 21:38:41.651 D/SurfaceControl( 1752): Excessive delay in blankDisplay() while turning screen off: 142ms
11-21 21:38:41.681 I/DisplayManagerService( 1752): Display device changed: DisplayDeviceInfo{"Built-in Screen": 320 x 290, 45.000004 fps, density 213, 203.2 x 204.61111 dpi, touch INTERNAL, rotation 0, type BUILT_IN, state OFF, FLAG_DEFAULT_DISPLAY, FLAG_ROTATES_WITH_CONTENT, FLAG_SECURE, FLAG_SUPPORTS_PROTECTED_BUFFERS}
11-21 21:38:41.691 V/WearActivity( 3639): display changed: 0, new state: 1
11-21 21:38:41.691 I/TimeWrapper( 3639): FPS: 39.51299, samples: 229
11-21 21:38:41.691 I/TimeWrapper( 3639): Min/Avg/Max frame render speed (ms): 3.692627 / 5.223703 / 23.468016
11-21 21:38:41.691 I/TimeWrapper( 3639): Waketime: 20.640415%
11-21 21:38:41.691 I/TimeWrapper( 3639): Skipped frames: 2
11-21 21:38:41.691 V/MyViewAnim( 3639): redrawSlow: display change without state change -> 1
11-21 21:38:41.691 V/ActivityManager( 1752): Display changed displayId=0
11-21 21:38:41.701 V/MyViewAnim( 3639): redrawSlow: resume -> 1
11-21 21:38:41.701 V/MyViewAnim( 3639): redrawSlow: startHelper -> 1
11-21 21:38:41.701 V/WearActivity( 3639): onDisplayChanged: off!
11-21 21:38:41.701 V/WearActivity( 3639): stopHelper: shutting things down
11-21 21:38:41.721 D/MinnowPowerHAL( 1752): power_set_interactive: 0
11-21 21:38:41.721 D/MinnowPowerHAL( 1752): sysfs_write: /sys/devices/platform/omapdss/display0/interactivemode 0
11-21 21:38:41.721 D/MinnowPowerHAL( 1752): sysfs_write: /sys/devices/ocp.2/i2c.6/i2c-0/0-004a/interactivemode 0
11-21 21:38:41.721 V/MyViewAnim( 3639): stopping animation!
11-21 21:38:41.721 V/MyViewAnim( 3639): killDrawThread
11-21 21:38:41.721 V/WearActivity( 3639): killing alarms
11-21 21:38:41.721 D/MinnowPowerHAL( 1752): sysfs_write: /sys/class/leds/lcd-backlight/interactive 0
11-21 21:38:41.721 D/mot_vr_audio_hw( 1752): dsp_set_pm_state = off
11-21 21:38:41.721 D/ADSPD   ( 7609): Client cmd=0x4002, size=2
11-21 21:38:41.721 D/ADSPD   ( 7609): DSP_CMD_DAEMON_SET_PM_STATE : 0
11-21 21:38:41.731 I/ClockFace( 3639): Ambient mode: false
11-21 21:38:41.731 V/MyViewAnim( 3639): looper finished!
11-21 21:38:41.881 D/WearApiHelper( 6238): sendMessage: /SYNC_NEEDED
11-21 21:38:41.881 D/WearApiHelper( 6238): Already connected. Sending message: /SYNC_NEEDED
11-21 21:38:42.722 D/MinnowPowerHAL( 1752): power_set_interactive: 1
11-21 21:38:42.722 D/MinnowPowerHAL( 1752): sysfs_write: /sys/devices/platform/omapdss/display0/interactivemode 1
11-21 21:38:42.722 I/PowerManagerService( 1752): Waking up from sleep...
11-21 21:38:42.722 W/KeyguardServiceDelegate( 1752): onScreenTurnedOn(): no keyguard service!
11-21 21:38:42.802 D/MinnowPowerHAL( 1752): sysfs_write: /sys/devices/ocp.2/i2c.6/i2c-0/0-004a/interactivemode 1
11-21 21:38:42.802 D/MinnowPowerHAL( 1752): sysfs_write: /sys/class/leds/lcd-backlight/interactive 1
11-21 21:38:42.802 D/mot_vr_audio_hw( 1752): dsp_set_pm_state = on
11-21 21:38:42.802 D/ADSPD   ( 7609): Client cmd=0x4002, size=2
11-21 21:38:42.802 D/ADSPD   ( 7609): DSP_CMD_DAEMON_SET_PM_STATE : 1
11-21 21:38:42.802 D/PowerManagerService-JNI( 1752): Excessive delay in setInteractive(true) while turning screen on: 81ms
11-21 21:38:42.822 V/WearActivity( 3639): display changed: 0, new state: 1
11-21 21:38:42.822 V/WearActivity( 3639): state didn't actually change
11-21 21:38:42.822 D/ADSPD   ( 7609): ACK success!
11-21 21:38:42.832 V/WearActivity( 3639): Resume!
11-21 21:38:42.842 E/ClockworkHome( 1871): Tried to exit ambient mode, but enterAmbientMode() was never called.
11-21 21:38:42.842 D/mot_vr_audio_hw( 1419): dsp_recognizer_enabled = true
11-21 21:38:42.842 V/ActivityManager( 1752): Display changed displayId=0
11-21 21:38:42.842 W/InputMethodManagerService( 1752): Ignoring setImeWindowStatus of uid 1000 token: null
11-21 21:38:42.852 D/ADSPD   ( 7609): Client cmd=0x0003, size=4
11-21 21:38:42.852 D/mot_vr_audio_hw( 1419): open_input_stream(): devices = 0x80000004, rate = 8000, channels = 0x10
11-21 21:38:42.852 D/mot_vr_audio_hw( 1419): Created resampler for 16000->8000 Hz
11-21 21:38:42.862 D/ADSPD   ( 7609): Received from DSP: cmd=0x8003, size=2
11-21 21:38:42.862 D/ADSPD   ( 7609): Client cmd=0x4003, size=2
11-21 21:38:42.862 D/mot_vr_audio_hw( 1419): received recognition control callback, status 0
11-21 21:38:42.872 D/mot_vr_audio_hw( 1419): in_read waiting for hotword
11-21 21:38:42.902 E/HostWithRpcCallback( 1871): Failed to send RPC
11-21 21:38:42.902 E/HostWithRpcCallback( 1871): com.google.android.wearable.gmsclient.WearableException: sendRpcAsync failed: Status{statusCode=unknown status code: 4000, resolution=null}
11-21 21:38:42.902 E/HostWithRpcCallback( 1871): 	at com.google.android.wearable.gmsclient.GoogleApiClientHelper.throwIfFailed(GoogleApiClientHelper.java:98)
11-21 21:38:42.902 E/HostWithRpcCallback( 1871): 	at com.google.android.wearable.gmsclient.MessageManager$1$1.getResult(MessageManager.java:81)
11-21 21:38:42.902 E/HostWithRpcCallback( 1871): 	at com.google.android.wearable.gmsclient.MessageManager$1$1.getResult(MessageManager.java:78)
11-21 21:38:42.902 E/HostWithRpcCallback( 1871): 	at com.google.android.clockwork.actions.WearableHostWithRpcCallback$SendRpcCallbackWithId.onSendRpc(WearableHostWithRpcCallback.java:292)
11-21 21:38:42.902 E/HostWithRpcCallback( 1871): 	at com.google.android.wearable.gmsclient.MessageManager$1.onResult(MessageManager.java:78)
11-21 21:38:42.902 E/HostWithRpcCallback( 1871): 	at com.google.android.wearable.gmsclient.MessageManager$1.onResult(MessageManager.java:75)
11-21 21:38:42.902 E/HostWithRpcCallback( 1871): 	at com.google.android.gms.common.api.BaseImplementation$CallbackHandler.deliverResultCallback(Unknown Source)
11-21 21:38:42.902 E/HostWithRpcCallback( 1871): 	at com.google.android.gms.common.api.BaseImplementation$CallbackHandler.handleMessage(Unknown Source)
11-21 21:38:42.902 E/HostWithRpcCallback( 1871): 	at android.os.Handler.dispatchMessage(Handler.java:102)
11-21 21:38:42.902 E/HostWithRpcCallback( 1871): 	at android.os.Looper.loop(Looper.java:136)
11-21 21:38:42.902 E/HostWithRpcCallback( 1871): 	at android.app.ActivityThread.main(ActivityThread.java:5026)
11-21 21:38:42.902 E/HostWithRpcCallback( 1871): 	at java.lang.reflect.Method.invokeNative(Native Method)
11-21 21:38:42.902 E/HostWithRpcCallback( 1871): 	at java.lang.reflect.Method.invoke(Method.java:515)
11-21 21:38:42.902 E/HostWithRpcCallback( 1871): 	at com.android.internal.os.ZygoteInit$MethodAndArgsCaller.run(ZygoteInit.java:777)
11-21 21:38:42.902 E/HostWithRpcCallback( 1871): 	at com.android.internal.os.ZygoteInit.main(ZygoteInit.java:602)
11-21 21:38:42.902 E/HostWithRpcCallback( 1871): 	at dalvik.system.NativeStart.main(Native Method)
11-21 21:38:42.952 D/SurfaceFlinger( 1417): Screen acquired, type=0 flinger=0xb7fc2448
11-21 21:38:42.952 D/hwcomposer( 1417): hwc_blank(0: 0)
11-21 21:38:42.952 D/SensorHAL( 1752): adjustSensorHandle: handle = 9 adjustedHandle = 1
11-21 21:38:42.952 D/SensorHAL( 1752): adjustSensorHandle: handle = 9 adjustedHandle = 1
11-21 21:38:42.952 I/DisplayManagerService( 1752): Display device changed: DisplayDeviceInfo{"Built-in Screen": 320 x 290, 45.000004 fps, density 213, 203.2 x 204.61111 dpi, touch INTERNAL, rotation 0, type BUILT_IN, state ON, FLAG_DEFAULT_DISPLAY, FLAG_ROTATES_WITH_CONTENT, FLAG_SECURE, FLAG_SUPPORTS_PROTECTED_BUFFERS}
11-21 21:38:42.962 V/WearActivity( 3639): display changed: 0, new state: 2
11-21 21:38:42.962 V/WearActivity( 3639): onDisplayChanged: on!
11-21 21:38:42.962 V/WearActivity( 3639): killing alarms
11-21 21:38:42.962 V/WearActivity( 3639): startHelper: putting it all back together again
11-21 21:38:42.962 V/WearActivity( 3639): initAlarm: setting up
11-21 21:38:42.962 V/ActivityManager( 1752): Display changed displayId=0
11-21 21:38:42.982 I/ClockFace( 3639): Ambient mode: false
11-21 21:38:42.982 V/MyViewAnim( 3639): resumeMaxHertz
11-21 21:38:42.982 V/ClockFace( 3639): clearing caches
11-21 21:38:42.982 V/MyViewAnim( 3639): starting new animator
11-21 21:38:42.982 V/MyViewAnim( 3639): Time listener is up!
11-21 21:38:42.982 V/MyViewAnim( 3639): starting new draw thread
11-21 21:38:42.992 D/SensorHAL( 1752): adjustSensorHandle: handle = 9 adjustedHandle = 1
11-21 21:38:43.032 V/ClockFace( 3639): rendering new face, faceMode(0)
11-21 21:38:43.052 D/LightsService( 1752): Excessive delay setting light: 60ms
11-21 21:38:43.052 V/ClockFace( 3639): fetching new battery status (1942)
11-21 21:38:43.052 V/ClockFace( 3639): battery at 0.51
11-21 21:38:43.323 D/WearApiHelper( 6238): sendMessage: /SYNC_NEEDED
11-21 21:38:43.323 D/WearApiHelper( 6238): Already connected. Sending message: /SYNC_NEEDED
11-21 21:38:43.873 D/GridViewPager( 1871): Populate in layout
11-21 21:38:44.133 E/HostWithRpcCallback( 1871): Failed to send RPC
11-21 21:38:44.133 E/HostWithRpcCallback( 1871): com.google.android.wearable.gmsclient.WearableException: sendRpcAsync failed: Status{statusCode=unknown status code: 4000, resolution=null}
11-21 21:38:44.133 E/HostWithRpcCallback( 1871): 	at com.google.android.wearable.gmsclient.GoogleApiClientHelper.throwIfFailed(GoogleApiClientHelper.java:98)
11-21 21:38:44.133 E/HostWithRpcCallback( 1871): 	at com.google.android.wearable.gmsclient.MessageManager$1$1.getResult(MessageManager.java:81)
11-21 21:38:44.133 E/HostWithRpcCallback( 1871): 	at com.google.android.wearable.gmsclient.MessageManager$1$1.getResult(MessageManager.java:78)
11-21 21:38:44.133 E/HostWithRpcCallback( 1871): 	at com.google.android.clockwork.actions.WearableHostWithRpcCallback$SendRpcCallbackWithId.onSendRpc(WearableHostWithRpcCallback.java:292)
11-21 21:38:44.133 E/HostWithRpcCallback( 1871): 	at com.google.android.wearable.gmsclient.MessageManager$1.onResult(MessageManager.java:78)
11-21 21:38:44.133 E/HostWithRpcCallback( 1871): 	at com.google.android.wearable.gmsclient.MessageManager$1.onResult(MessageManager.java:75)
11-21 21:38:44.133 E/HostWithRpcCallback( 1871): 	at com.google.android.gms.common.api.BaseImplementation$CallbackHandler.deliverResultCallback(Unknown Source)
11-21 21:38:44.133 E/HostWithRpcCallback( 1871): 	at com.google.android.gms.common.api.BaseImplementation$CallbackHandler.handleMessage(Unknown Source)
11-21 21:38:44.133 E/HostWithRpcCallback( 1871): 	at android.os.Handler.dispatchMessage(Handler.java:102)
11-21 21:38:44.133 E/HostWithRpcCallback( 1871): 	at android.os.Looper.loop(Looper.java:136)
11-21 21:38:44.133 E/HostWithRpcCallback( 1871): 	at android.app.ActivityThread.main(ActivityThread.java:5026)
11-21 21:38:44.133 E/HostWithRpcCallback( 1871): 	at java.lang.reflect.Method.invokeNative(Native Method)
11-21 21:38:44.133 E/HostWithRpcCallback( 1871): 	at java.lang.reflect.Method.invoke(Method.java:515)
11-21 21:38:44.133 E/HostWithRpcCallback( 1871): 	at com.android.internal.os.ZygoteInit$MethodAndArgsCaller.run(ZygoteInit.java:777)
11-21 21:38:44.133 E/HostWithRpcCallback( 1871): 	at com.android.internal.os.ZygoteInit.main(ZygoteInit.java:602)
11-21 21:38:44.133 E/HostWithRpcCallback( 1871): 	at dalvik.system.NativeStart.main(Native Method)
11-21 21:38:44.133 E/SearchClient( 1871): Failed to get version on RPC_CMD_VOICE_CLIENT_CONNECT: 0
11-21 21:38:44.153 E/HostWithRpcCallback( 1871): Failed to send RPC
11-21 21:38:44.153 E/HostWithRpcCallback( 1871): com.google.android.wearable.gmsclient.WearableException: sendRpcAsync failed: Status{statusCode=unknown status code: 4000, resolution=null}
11-21 21:38:44.153 E/HostWithRpcCallback( 1871): 	at com.google.android.wearable.gmsclient.GoogleApiClientHelper.throwIfFailed(GoogleApiClientHelper.java:98)
11-21 21:38:44.153 E/HostWithRpcCallback( 1871): 	at com.google.android.wearable.gmsclient.MessageManager$1$1.getResult(MessageManager.java:81)
11-21 21:38:44.153 E/HostWithRpcCallback( 1871): 	at com.google.android.wearable.gmsclient.MessageManager$1$1.getResult(MessageManager.java:78)
11-21 21:38:44.153 E/HostWithRpcCallback( 1871): 	at com.google.android.clockwork.actions.WearableHostWithRpcCallback$SendRpcCallbackWithId.onSendRpc(WearableHostWithRpcCallback.java:292)
11-21 21:38:44.153 E/HostWithRpcCallback( 1871): 	at com.google.android.wearable.gmsclient.MessageManager$1.onResult(MessageManager.java:78)
11-21 21:38:44.153 E/HostWithRpcCallback( 1871): 	at com.google.android.wearable.gmsclient.MessageManager$1.onResult(MessageManager.java:75)
11-21 21:38:44.153 E/HostWithRpcCallback( 1871): 	at com.google.android.gms.common.api.BaseImplementation$CallbackHandler.deliverResultCallback(Unknown Source)
11-21 21:38:44.153 E/HostWithRpcCallback( 1871): 	at com.google.android.gms.common.api.BaseImplementation$CallbackHandler.handleMessage(Unknown Source)
11-21 21:38:44.153 E/HostWithRpcCallback( 1871): 	at android.os.Handler.dispatchMessage(Handler.java:102)
11-21 21:38:44.153 E/HostWithRpcCallback( 1871): 	at android.os.Looper.loop(Looper.java:136)
11-21 21:38:44.153 E/HostWithRpcCallback( 1871): 	at android.app.ActivityThread.main(ActivityThread.java:5026)
11-21 21:38:44.153 E/HostWithRpcCallback( 1871): 	at java.lang.reflect.Method.invokeNative(Native Method)
11-21 21:38:44.153 E/HostWithRpcCallback( 1871): 	at java.lang.reflect.Method.invoke(Method.java:515)
11-21 21:38:44.153 E/HostWithRpcCallback( 1871): 	at com.android.internal.os.ZygoteInit$MethodAndArgsCaller.run(ZygoteInit.java:777)
11-21 21:38:44.153 E/HostWithRpcCallback( 1871): 	at com.android.internal.os.ZygoteInit.main(ZygoteInit.java:602)
11-21 21:38:44.153 E/HostWithRpcCallback( 1871): 	at dalvik.system.NativeStart.main(Native Method)
11-21 21:38:44.153 W/MicReader( 1871): Couldn't report latency info
11-21 21:38:44.214 E/HostWithRpcCallback( 1871): Failed to send RPC
11-21 21:38:44.214 E/HostWithRpcCallback( 1871): com.google.android.wearable.gmsclient.WearableException: sendRpcAsync failed: Status{statusCode=unknown status code: 4000, resolution=null}
11-21 21:38:44.214 E/HostWithRpcCallback( 1871): 	at com.google.android.wearable.gmsclient.GoogleApiClientHelper.throwIfFailed(GoogleApiClientHelper.java:98)
11-21 21:38:44.214 E/HostWithRpcCallback( 1871): 	at com.google.android.wearable.gmsclient.MessageManager$1$1.getResult(MessageManager.java:81)
11-21 21:38:44.214 E/HostWithRpcCallback( 1871): 	at com.google.android.wearable.gmsclient.MessageManager$1$1.getResult(MessageManager.java:78)
11-21 21:38:44.214 E/HostWithRpcCallback( 1871): 	at com.google.android.clockwork.actions.WearableHostWithRpcCallback$SendRpcCallbackWithId.onSendRpc(WearableHostWithRpcCallback.java:292)
11-21 21:38:44.214 E/HostWithRpcCallback( 1871): 	at com.google.android.wearable.gmsclient.MessageManager$1.onResult(MessageManager.java:78)
11-21 21:38:44.214 E/HostWithRpcCallback( 1871): 	at com.google.android.wearable.gmsclient.MessageManager$1.onResult(MessageManager.java:75)
11-21 21:38:44.214 E/HostWithRpcCallback( 1871): 	at com.google.android.gms.common.api.BaseImplementation$CallbackHandler.deliverResultCallback(Unknown Source)
11-21 21:38:44.214 E/HostWithRpcCallback( 1871): 	at com.google.android.gms.common.api.BaseImplementation$CallbackHandler.handleMessage(Unknown Source)
11-21 21:38:44.214 E/HostWithRpcCallback( 1871): 	at android.os.Handler.dispatchMessage(Handler.java:102)
11-21 21:38:44.214 E/HostWithRpcCallback( 1871): 	at android.os.Looper.loop(Looper.java:136)
11-21 21:38:44.214 E/HostWithRpcCallback( 1871): 	at android.app.ActivityThread.main(ActivityThread.java:5026)
11-21 21:38:44.214 E/HostWithRpcCallback( 1871): 	at java.lang.reflect.Method.invokeNative(Native Method)
11-21 21:38:44.214 E/HostWithRpcCallback( 1871): 	at java.lang.reflect.Method.invoke(Method.java:515)
11-21 21:38:44.214 E/HostWithRpcCallback( 1871): 	at com.android.internal.os.ZygoteInit$MethodAndArgsCaller.run(ZygoteInit.java:777)
11-21 21:38:44.214 E/HostWithRpcCallback( 1871): 	at com.android.internal.os.ZygoteInit.main(ZygoteInit.java:602)
11-21 21:38:44.214 E/HostWithRpcCallback( 1871): 	at dalvik.system.NativeStart.main(Native Method)
11-21 21:38:44.214 W/MicReader( 1871): error on sending end audio: 0
11-21 21:38:44.214 D/mot_vr_audio_hw( 1419): dsp_recognizer_enabled = false
11-21 21:38:44.214 D/ADSPD   ( 7609): Client cmd=0x0003, size=4
11-21 21:38:44.224 D/mot_vr_audio_hw( 1419): Switching DSP to standby/passthrough mode
11-21 21:38:44.224 D/mot_vr_audio_hw( 1419): Input 0xb8ebfc60 ready to read
11-21 21:38:44.234 D/ADSPD   ( 7609): Received from DSP: cmd=0x8003, size=2
11-21 21:38:44.234 D/ADSPD   ( 7609): Client cmd=0x0003, size=4
11-21 21:38:44.234 D/mot_vr_audio_hw( 1419): received recognition control callback, status 0
11-21 21:38:44.244 D/ADSPD   ( 7609): Received from DSP: cmd=0x8003, size=2
11-21 21:38:44.244 D/mot_vr_audio_hw( 1419): received recognition control callback, status 0
11-21 21:38:44.274 W/mot_vr_audio_hw( 1419): Discarded 10 buffers without finding audio data
11-21 21:38:44.344 W/PropertyValuesHolder( 1871): Method getClipProgressAnim() with type float not found on target class class com.google.android.clockwork.home.cuecard.VoicePlateFragment
11-21 21:38:44.474 E/HostWithRpcCallback( 1871): Failed to send RPC
11-21 21:38:44.474 E/HostWithRpcCallback( 1871): com.google.android.wearable.gmsclient.WearableException: sendRpcAsync failed: Status{statusCode=unknown status code: 4000, resolution=null}
11-21 21:38:44.474 E/HostWithRpcCallback( 1871): 	at com.google.android.wearable.gmsclient.GoogleApiClientHelper.throwIfFailed(GoogleApiClientHelper.java:98)
11-21 21:38:44.474 E/HostWithRpcCallback( 1871): 	at com.google.android.wearable.gmsclient.MessageManager$1$1.getResult(MessageManager.java:81)
11-21 21:38:44.474 E/HostWithRpcCallback( 1871): 	at com.google.android.wearable.gmsclient.MessageManager$1$1.getResult(MessageManager.java:78)
11-21 21:38:44.474 E/HostWithRpcCallback( 1871): 	at com.google.android.clockwork.actions.WearableHostWithRpcCallback$SendRpcCallbackWithId.onSendRpc(WearableHostWithRpcCallback.java:292)
11-21 21:38:44.474 E/HostWithRpcCallback( 1871): 	at com.google.android.wearable.gmsclient.MessageManager$1.onResult(MessageManager.java:78)
11-21 21:38:44.474 E/HostWithRpcCallback( 1871): 	at com.google.android.wearable.gmsclient.MessageManager$1.onResult(MessageManager.java:75)
11-21 21:38:44.474 E/HostWithRpcCallback( 1871): 	at com.google.android.gms.common.api.BaseImplementation$CallbackHandler.deliverResultCallback(Unknown Source)
11-21 21:38:44.474 E/HostWithRpcCallback( 1871): 	at com.google.android.gms.common.api.BaseImplementation$CallbackHandler.handleMessage(Unknown Source)
11-21 21:38:44.474 E/HostWithRpcCallback( 1871): 	at android.os.Handler.dispatchMessage(Handler.java:102)
11-21 21:38:44.474 E/HostWithRpcCallback( 1871): 	at android.os.Looper.loop(Looper.java:136)
11-21 21:38:44.474 E/HostWithRpcCallback( 1871): 	at android.app.ActivityThread.main(ActivityThread.java:5026)
11-21 21:38:44.474 E/HostWithRpcCallback( 1871): 	at java.lang.reflect.Method.invokeNative(Native Method)
11-21 21:38:44.474 E/HostWithRpcCallback( 1871): 	at java.lang.reflect.Method.invoke(Method.java:515)
11-21 21:38:44.474 E/HostWithRpcCallback( 1871): 	at com.android.internal.os.ZygoteInit$MethodAndArgsCaller.run(ZygoteInit.java:777)
11-21 21:38:44.474 E/HostWithRpcCallback( 1871): 	at com.android.internal.os.ZygoteInit.main(ZygoteInit.java:602)
11-21 21:38:44.474 E/HostWithRpcCallback( 1871): 	at dalvik.system.NativeStart.main(Native Method)
11-21 21:38:44.474 W/MicReader( 1871): error on sending end audio: 0
11-21 21:38:44.564 E/HostWithRpcCallback( 1871): Failed to send RPC
11-21 21:38:44.564 E/HostWithRpcCallback( 1871): com.google.android.wearable.gmsclient.WearableException: sendRpcAsync failed: Status{statusCode=unknown status code: 4000, resolution=null}
11-21 21:38:44.564 E/HostWithRpcCallback( 1871): 	at com.google.android.wearable.gmsclient.GoogleApiClientHelper.throwIfFailed(GoogleApiClientHelper.java:98)
11-21 21:38:44.564 E/HostWithRpcCallback( 1871): 	at com.google.android.wearable.gmsclient.MessageManager$1$1.getResult(MessageManager.java:81)
11-21 21:38:44.564 E/HostWithRpcCallback( 1871): 	at com.google.android.wearable.gmsclient.MessageManager$1$1.getResult(MessageManager.java:78)
11-21 21:38:44.564 E/HostWithRpcCallback( 1871): 	at com.google.android.clockwork.actions.WearableHostWithRpcCallback$SendRpcCallbackWithId.onSendRpc(WearableHostWithRpcCallback.java:292)
11-21 21:38:44.564 E/HostWithRpcCallback( 1871): 	at com.google.android.wearable.gmsclient.MessageManager$1.onResult(MessageManager.java:78)
11-21 21:38:44.564 E/HostWithRpcCallback( 1871): 	at com.google.android.wearable.gmsclient.MessageManager$1.onResult(MessageManager.java:75)
11-21 21:38:44.564 E/HostWithRpcCallback( 1871): 	at com.google.android.gms.common.api.BaseImplementation$CallbackHandler.deliverResultCallback(Unknown Source)
11-21 21:38:44.564 E/HostWithRpcCallback( 1871): 	at com.google.android.gms.common.api.BaseImplementation$CallbackHandler.handleMessage(Unknown Source)
11-21 21:38:44.564 E/HostWithRpcCallback( 1871): 	at android.os.Handler.dispatchMessage(Handler.java:102)
11-21 21:38:44.564 E/HostWithRpcCallback( 1871): 	at android.os.Looper.loop(Looper.java:136)
11-21 21:38:44.564 E/HostWithRpcCallback( 1871): 	at android.app.ActivityThread.main(ActivityThread.java:5026)
11-21 21:38:44.564 E/HostWithRpcCallback( 1871): 	at java.lang.reflect.Method.invokeNative(Native Method)
11-21 21:38:44.564 E/HostWithRpcCallback( 1871): 	at java.lang.reflect.Method.invoke(Method.java:515)
11-21 21:38:44.564 E/HostWithRpcCallback( 1871): 	at com.android.internal.os.ZygoteInit$MethodAndArgsCaller.run(ZygoteInit.java:777)
11-21 21:38:44.564 E/HostWithRpcCallback( 1871): 	at com.android.internal.os.ZygoteInit.main(ZygoteInit.java:602)
11-21 21:38:44.564 E/HostWithRpcCallback( 1871): 	at dalvik.system.NativeStart.main(Native Method)
11-21 21:38:44.564 W/MicReader( 1871): error on sending end audio: 0
11-21 21:38:44.754 E/HostWithRpcCallback( 1871): Failed to send RPC
11-21 21:38:44.754 E/HostWithRpcCallback( 1871): com.google.android.wearable.gmsclient.WearableException: sendRpcAsync failed: Status{statusCode=unknown status code: 4000, resolution=null}
11-21 21:38:44.754 E/HostWithRpcCallback( 1871): 	at com.google.android.wearable.gmsclient.GoogleApiClientHelper.throwIfFailed(GoogleApiClientHelper.java:98)
11-21 21:38:44.754 E/HostWithRpcCallback( 1871): 	at com.google.android.wearable.gmsclient.MessageManager$1$1.getResult(MessageManager.java:81)
11-21 21:38:44.754 E/HostWithRpcCallback( 1871): 	at com.google.android.wearable.gmsclient.MessageManager$1$1.getResult(MessageManager.java:78)
11-21 21:38:44.754 E/HostWithRpcCallback( 1871): 	at com.google.android.clockwork.actions.WearableHostWithRpcCallback$SendRpcCallbackWithId.onSendRpc(WearableHostWithRpcCallback.java:292)
11-21 21:38:44.754 E/HostWithRpcCallback( 1871): 	at com.google.android.wearable.gmsclient.MessageManager$1.onResult(MessageManager.java:78)
11-21 21:38:44.754 E/HostWithRpcCallback( 1871): 	at com.google.android.wearable.gmsclient.MessageManager$1.onResult(MessageManager.java:75)
11-21 21:38:44.754 E/HostWithRpcCallback( 1871): 	at com.google.android.gms.common.api.BaseImplementation$CallbackHandler.deliverResultCallback(Unknown Source)
11-21 21:38:44.754 E/HostWithRpcCallback( 1871): 	at com.google.android.gms.common.api.BaseImplementation$CallbackHandler.handleMessage(Unknown Source)
11-21 21:38:44.754 E/HostWithRpcCallback( 1871): 	at android.os.Handler.dispatchMessage(Handler.java:102)
11-21 21:38:44.754 E/HostWithRpcCallback( 1871): 	at android.os.Looper.loop(Looper.java:136)
11-21 21:38:44.754 E/HostWithRpcCallback( 1871): 	at android.app.ActivityThread.main(ActivityThread.java:5026)
11-21 21:38:44.754 E/HostWithRpcCallback( 1871): 	at java.lang.reflect.Method.invokeNative(Native Method)
11-21 21:38:44.754 E/HostWithRpcCallback( 1871): 	at java.lang.reflect.Method.invoke(Method.java:515)
11-21 21:38:44.754 E/HostWithRpcCallback( 1871): 	at com.android.internal.os.ZygoteInit$MethodAndArgsCaller.run(ZygoteInit.java:777)
11-21 21:38:44.754 E/HostWithRpcCallback( 1871): 	at com.android.internal.os.ZygoteInit.main(ZygoteInit.java:602)
11-21 21:38:44.754 E/HostWithRpcCallback( 1871): 	at dalvik.system.NativeStart.main(Native Method)
11-21 21:38:44.754 W/MicReader( 1871): error on sending end audio: 0
11-21 21:38:44.824 D/ADSPD   ( 7609): Client cmd=0x0003, size=4
11-21 21:38:44.824 D/mot_vr_audio_hw( 1419): Re-arming DSP
11-21 21:38:44.824 D/mot_vr_audio_hw( 1419): Input 0xb8ebfc60 standby complete
11-21 21:38:44.834 D/ADSPD   ( 7609): Received from DSP: cmd=0x8003, size=2
11-21 21:38:44.834 D/mot_vr_audio_hw( 1419): received recognition control callback, status 0
11-21 21:38:44.854 D/ADSPD   ( 7609): Client cmd=0x4003, size=2
11-21 21:38:44.854 D/mot_vr_audio_hw( 1419): Input 0xb8ebfc60 close complete
11-21 21:38:44.884 E/HostWithRpcCallback( 1871): Failed to send RPC
11-21 21:38:44.884 E/HostWithRpcCallback( 1871): com.google.android.wearable.gmsclient.WearableException: sendRpcAsync failed: Status{statusCode=unknown status code: 4000, resolution=null}
11-21 21:38:44.884 E/HostWithRpcCallback( 1871): 	at com.google.android.wearable.gmsclient.GoogleApiClientHelper.throwIfFailed(GoogleApiClientHelper.java:98)
11-21 21:38:44.884 E/HostWithRpcCallback( 1871): 	at com.google.android.wearable.gmsclient.MessageManager$1$1.getResult(MessageManager.java:81)
11-21 21:38:44.884 E/HostWithRpcCallback( 1871): 	at com.google.android.wearable.gmsclient.MessageManager$1$1.getResult(MessageManager.java:78)
11-21 21:38:44.884 E/HostWithRpcCallback( 1871): 	at com.google.android.clockwork.actions.WearableHostWithRpcCallback$SendRpcCallbackWithId.onSendRpc(WearableHostWithRpcCallback.java:292)
11-21 21:38:44.884 E/HostWithRpcCallback( 1871): 	at com.google.android.wearable.gmsclient.MessageManager$1.onResult(MessageManager.java:78)
11-21 21:38:44.884 E/HostWithRpcCallback( 1871): 	at com.google.android.wearable.gmsclient.MessageManager$1.onResult(MessageManager.java:75)
11-21 21:38:44.884 E/HostWithRpcCallback( 1871): 	at com.google.android.gms.common.api.BaseImplementation$CallbackHandler.deliverResultCallback(Unknown Source)
11-21 21:38:44.884 E/HostWithRpcCallback( 1871): 	at com.google.android.gms.common.api.BaseImplementation$CallbackHandler.handleMessage(Unknown Source)
11-21 21:38:44.884 E/HostWithRpcCallback( 1871): 	at android.os.Handler.dispatchMessage(Handler.java:102)
11-21 21:38:44.884 E/HostWithRpcCallback( 1871): 	at android.os.Looper.loop(Looper.java:136)
11-21 21:38:44.884 E/HostWithRpcCallback( 1871): 	at android.app.ActivityThread.main(ActivityThread.java:5026)
11-21 21:38:44.884 E/HostWithRpcCallback( 1871): 	at java.lang.reflect.Method.invokeNative(Native Method)
11-21 21:38:44.884 E/HostWithRpcCallback( 1871): 	at java.lang.reflect.Method.invoke(Method.java:515)
11-21 21:38:44.884 E/HostWithRpcCallback( 1871): 	at com.android.internal.os.ZygoteInit$MethodAndArgsCaller.run(ZygoteInit.java:777)
11-21 21:38:44.884 E/HostWithRpcCallback( 1871): 	at com.android.internal.os.ZygoteInit.main(ZygoteInit.java:602)
11-21 21:38:44.884 E/HostWithRpcCallback( 1871): 	at dalvik.system.NativeStart.main(Native Method)
11-21 21:38:44.884 W/MicReader( 1871): error on sending end audio: 0
11-21 21:38:44.884 E/HostWithRpcCallback( 1871): Failed to send RPC
11-21 21:38:44.884 E/HostWithRpcCallback( 1871): com.google.android.wearable.gmsclient.WearableException: sendRpcAsync failed: Status{statusCode=unknown status code: 4000, resolution=null}
11-21 21:38:44.884 E/HostWithRpcCallback( 1871): 	at com.google.android.wearable.gmsclient.GoogleApiClientHelper.throwIfFailed(GoogleApiClientHelper.java:98)
11-21 21:38:44.884 E/HostWithRpcCallback( 1871): 	at com.google.android.wearable.gmsclient.MessageManager$1$1.getResult(MessageManager.java:81)
11-21 21:38:44.884 E/HostWithRpcCallback( 1871): 	at com.google.android.wearable.gmsclient.MessageManager$1$1.getResult(MessageManager.java:78)
11-21 21:38:44.884 E/HostWithRpcCallback( 1871): 	at com.google.android.clockwork.actions.WearableHostWithRpcCallback$SendRpcCallbackWithId.onSendRpc(WearableHostWithRpcCallback.java:292)
11-21 21:38:44.884 E/HostWithRpcCallback( 1871): 	at com.google.android.wearable.gmsclient.MessageManager$1.onResult(MessageManager.java:78)
11-21 21:38:44.884 E/HostWithRpcCallback( 1871): 	at com.google.android.wearable.gmsclient.MessageManager$1.onResult(MessageManager.java:75)
11-21 21:38:44.884 E/HostWithRpcCallback( 1871): 	at com.google.android.gms.common.api.BaseImplementation$CallbackHandler.deliverResultCallback(Unknown Source)
11-21 21:38:44.884 E/HostWithRpcCallback( 1871): 	at com.google.android.gms.common.api.BaseImplementation$CallbackHandler.handleMessage(Unknown Source)
11-21 21:38:44.884 E/HostWithRpcCallback( 1871): 	at android.os.Handler.dispatchMessage(Handler.java:102)
11-21 21:38:44.884 E/HostWithRpcCallback( 1871): 	at android.os.Looper.loop(Looper.java:136)
11-21 21:38:44.884 E/HostWithRpcCallback( 1871): 	at android.app.ActivityThread.main(ActivityThread.java:5026)
11-21 21:38:44.884 E/HostWithRpcCallback( 1871): 	at java.lang.reflect.Method.invokeNative(Native Method)
11-21 21:38:44.884 E/HostWithRpcCallback( 1871): 	at java.lang.reflect.Method.invoke(Method.java:515)
11-21 21:38:44.884 E/HostWithRpcCallback( 1871): 	at com.android.internal.os.ZygoteInit$MethodAndArgsCaller.run(ZygoteInit.java:777)
11-21 21:38:44.884 E/HostWithRpcCallback( 1871): 	at com.android.internal.os.ZygoteInit.main(ZygoteInit.java:602)
11-21 21:38:44.884 E/HostWithRpcCallback( 1871): 	at dalvik.system.NativeStart.main(Native Method)
11-21 21:38:44.884 W/MicReader( 1871): error on sending end audio: 0
11-21 21:38:47.637 D/mot_vr_audio_hw( 1419): dsp_recognizer_enabled = true
11-21 21:38:47.637 D/ADSPD   ( 7609): Client cmd=0x0003, size=4
11-21 21:38:47.637 D/mot_vr_audio_hw( 1419): open_input_stream(): devices = 0x80000004, rate = 8000, channels = 0x10
11-21 21:38:47.637 D/mot_vr_audio_hw( 1419): Created resampler for 16000->8000 Hz
11-21 21:38:47.647 D/ADSPD   ( 7609): Received from DSP: cmd=0x8003, size=2
11-21 21:38:47.647 D/ADSPD   ( 7609): Client cmd=0x4003, size=2
11-21 21:38:47.647 D/mot_vr_audio_hw( 1419): received recognition control callback, status 0
11-21 21:38:47.657 D/mot_vr_audio_hw( 1419): in_read waiting for hotword
11-21 21:38:47.677 I/dumpstate( 3696): begin
11-21 21:38:49.258 E/HostWithRpcCallback( 1871): Failed to send RPC
11-21 21:38:49.258 E/HostWithRpcCallback( 1871): com.google.android.wearable.gmsclient.WearableException: sendRpcAsync failed: Status{statusCode=unknown status code: 4000, resolution=null}
11-21 21:38:49.258 E/HostWithRpcCallback( 1871): 	at com.google.android.wearable.gmsclient.GoogleApiClientHelper.throwIfFailed(GoogleApiClientHelper.java:98)
11-21 21:38:49.258 E/HostWithRpcCallback( 1871): 	at com.google.android.wearable.gmsclient.MessageManager$1$1.getResult(MessageManager.java:81)
11-21 21:38:49.258 E/HostWithRpcCallback( 1871): 	at com.google.android.wearable.gmsclient.MessageManager$1$1.getResult(MessageManager.java:78)
11-21 21:38:49.258 E/HostWithRpcCallback( 1871): 	at com.google.android.clockwork.actions.WearableHostWithRpcCallback$SendRpcCallbackWithId.onSendRpc(WearableHostWithRpcCallback.java:292)
11-21 21:38:49.258 E/HostWithRpcCallback( 1871): 	at com.google.android.wearable.gmsclient.MessageManager$1.onResult(MessageManager.java:78)
11-21 21:38:49.258 E/HostWithRpcCallback( 1871): 	at com.google.android.wearable.gmsclient.MessageManager$1.onResult(MessageManager.java:75)
11-21 21:38:49.258 E/HostWithRpcCallback( 1871): 	at com.google.android.gms.common.api.BaseImplementation$CallbackHandler.deliverResultCallback(Unknown Source)
11-21 21:38:49.258 E/HostWithRpcCallback( 1871): 	at com.google.android.gms.common.api.BaseImplementation$CallbackHandler.handleMessage(Unknown Source)
11-21 21:38:49.258 E/HostWithRpcCallback( 1871): 	at android.os.Handler.dispatchMessage(Handler.java:102)
11-21 21:38:49.258 E/HostWithRpcCallback( 1871): 	at android.os.Looper.loop(Looper.java:136)
11-21 21:38:49.258 E/HostWithRpcCallback( 1871): 	at android.app.ActivityThread.main(ActivityThread.java:5026)
11-21 21:38:49.258 E/HostWithRpcCallback( 1871): 	at java.lang.reflect.Method.invokeNative(Native Method)
11-21 21:38:49.258 E/HostWithRpcCallback( 1871): 	at java.lang.reflect.Method.invoke(Method.java:515)
11-21 21:38:49.258 E/HostWithRpcCallback( 1871): 	at com.android.internal.os.ZygoteInit$MethodAndArgsCaller.run(ZygoteInit.java:777)
11-21 21:38:49.258 E/HostWithRpcCallback( 1871): 	at com.android.internal.os.ZygoteInit.main(ZygoteInit.java:602)
11-21 21:38:49.258 E/HostWithRpcCallback( 1871): 	at dalvik.system.NativeStart.main(Native Method)
11-21 21:38:50.279 I/dalvikvm( 1752): threadid=3: reacting to signal 3
11-21 21:38:52.001 E/SensorHAL( 1752): pollEvents: Error: poll() failed (4: Interrupted system call)
11-21 21:38:52.171 I/dalvikvm( 1752): Wrote stack traces to '/data/anr/traces.txt'
11-21 21:38:52.171 I/dalvikvm( 1871): threadid=3: reacting to signal 3
11-21 21:38:52.852 I/dalvikvm( 1871): Wrote stack traces to '/data/anr/traces.txt'
11-21 21:38:52.852 I/dalvikvm( 1981): threadid=3: reacting to signal 3
11-21 21:38:53.102 I/dalvikvm( 1981): Wrote stack traces to '/data/anr/traces.txt'
11-21 21:38:53.102 I/dalvikvm( 2367): threadid=3: reacting to signal 3
11-21 21:38:53.232 I/dalvikvm( 2367): Wrote stack traces to '/data/anr/traces.txt'
11-21 21:38:53.232 I/dalvikvm( 3516): threadid=3: reacting to signal 3
11-21 21:38:53.393 I/dalvikvm( 3516): Wrote stack traces to '/data/anr/traces.txt'
11-21 21:38:53.393 I/dalvikvm( 3525): threadid=3: reacting to signal 3
11-21 21:38:53.503 I/dalvikvm( 3525): Wrote stack traces to '/data/anr/traces.txt'
