11-23 20:21:34.451 I/Fitness ( 6978): syncing: 0
11-23 20:27:37.091 D/SensorHALGestureSensor( 1752): Gesture event received! time = 1416796057094258282
11-23 20:27:37.091 I/PowerManagerService( 1752): Waking up from sleep...
11-23 20:27:37.091 W/KeyguardServiceDelegate( 1752): onScreenTurnedOn(): no keyguard service!
11-23 20:27:37.221 D/PowerManagerService-JNI( 1752): Excessive delay in autosuspend_disable() while turning screen on: 122ms
11-23 20:27:37.221 D/MinnowPowerHAL( 1752): power_set_interactive: 1
11-23 20:27:37.221 D/MinnowPowerHAL( 1752): sysfs_write: /sys/devices/platform/omapdss/display0/interactivemode 1
11-23 20:27:37.261 D/MinnowPowerHAL( 1752): sysfs_write: /sys/devices/ocp.2/i2c.6/i2c-0/0-004a/interactivemode 1
11-23 20:27:37.261 D/MinnowPowerHAL( 1752): sysfs_write: /sys/class/leds/lcd-backlight/interactive 1
11-23 20:27:37.261 D/mot_vr_audio_hw( 1752): dsp_set_pm_state = on
11-23 20:27:37.261 D/ADSPD   ( 7609): Client cmd=0x4002, size=2
11-23 20:27:37.261 D/ADSPD   ( 7609): DSP_CMD_DAEMON_SET_PM_STATE : 1
11-23 20:27:37.261 D/PowerManagerService-JNI( 1752): Excessive delay in setInteractive(true) while turning screen on: 34ms
11-23 20:27:37.271 D/ADSPD   ( 7609): ACK success!
11-23 20:27:37.281 V/WearActivity(12385): Resume!
11-23 20:27:37.311 D/mot_vr_audio_hw( 1419): dsp_recognizer_enabled = true
11-23 20:27:37.311 D/ADSPD   ( 7609): Client cmd=0x0003, size=4
11-23 20:27:37.311 D/mot_vr_audio_hw( 1419): open_input_stream(): devices = 0x80000004, rate = 8000, channels = 0x10
11-23 20:27:37.311 D/mot_vr_audio_hw( 1419): Created resampler for 16000->8000 Hz
11-23 20:27:37.321 D/ADSPD   ( 7609): Received from DSP: cmd=0x8003, size=2
11-23 20:27:37.321 D/ADSPD   ( 7609): Client cmd=0x4003, size=2
11-23 20:27:37.321 D/mot_vr_audio_hw( 1419): received recognition control callback, status 0
11-23 20:27:37.331 D/mot_vr_audio_hw( 1419): in_read waiting for hotword
11-23 20:27:37.382 W/InputMethodManagerService( 1752): Ignoring setImeWindowStatus of uid 1000 token: null
11-23 20:27:37.392 D/SurfaceFlinger( 1417): Screen acquired, type=0 flinger=0xb7fc2448
11-23 20:27:37.392 D/hwcomposer( 1417): hwc_blank(0: 0)
11-23 20:27:37.412 I/DisplayManagerService( 1752): Display device changed: DisplayDeviceInfo{"Built-in Screen": 320 x 290, 45.000004 fps, density 213, 203.2 x 204.61111 dpi, touch INTERNAL, rotation 0, type BUILT_IN, state ON, FLAG_DEFAULT_DISPLAY, FLAG_ROTATES_WITH_CONTENT, FLAG_SECURE, FLAG_SUPPORTS_PROTECTED_BUFFERS}
11-23 20:27:37.422 V/WearActivity(12385): display changed: 0, new state: 2
11-23 20:27:37.422 V/WearActivity(12385): onDisplayChanged: on!
11-23 20:27:37.422 V/WearActivity(12385): killing alarms
11-23 20:27:37.422 V/WearActivity(12385): startHelper: putting it all back together again
11-23 20:27:37.422 V/WearActivity(12385): initAlarm: setting up
11-23 20:27:37.442 I/ActivityManager( 1752): Delay finish: com.motorola.targetnotif/com.motorola.omni.NotificationAlarmReceiver
11-23 20:27:37.462 V/ActivityManager( 1752): Display changed displayId=0
11-23 20:27:37.482 I/ClockFace(12385): Ambient mode: false
11-23 20:27:37.482 V/MyViewAnim(12385): resumeMaxHertz
11-23 20:27:37.482 V/ClockFace(12385): clearing caches
11-23 20:27:37.482 V/MyViewAnim(12385): starting new animator
11-23 20:27:37.482 V/MyViewAnim(12385): Time listener is up!
11-23 20:27:37.482 V/MyViewAnim(12385): starting new draw thread
11-23 20:27:37.482 I/ActivityManager( 1752): Resuming delayed broadcast
11-23 20:27:37.512 V/ClockFace(12385): rendering new face, faceMode(0)
11-23 20:27:37.532 D/LightsService( 1752): Excessive delay setting light: 122ms
11-23 20:27:37.542 D/ConnectivityService( 1752): Sampling interval elapsed, updating statistics ..
11-23 20:27:37.552 V/ClockFace(12385): fetching new battery status (35290)
11-23 20:27:37.552 V/ClockFace(12385): battery at 0.72
11-23 20:27:37.562 D/ConnectivityService( 1752): Done.
11-23 20:27:37.562 D/ConnectivityService( 1752): Setting timer for 720seconds
11-23 20:27:37.572 D/SensorHAL( 1752): adjustSensorHandle: handle = 9 adjustedHandle = 1
11-23 20:27:37.572 D/SensorHAL( 1752): adjustSensorHandle: handle = 9 adjustedHandle = 1
11-23 20:27:37.592 D/SensorHAL( 1752): adjustSensorHandle: handle = 9 adjustedHandle = 1
11-23 20:27:37.612 D/LightsService( 1752): Excessive delay setting light: 72ms
11-23 20:27:37.952 D/WearApiHelper( 7209): sendMessage: /SYNC_NEEDED
11-23 20:27:37.962 D/WearApiHelper( 7209): Not connected waiting connection
11-23 20:27:38.312 D/WearableClient( 7209): WearableClientImpl.onPostInitHandler: done
11-23 20:27:38.312 D/WearApiHelper( 7209): Finally connected! Sending message: /SYNC_NEEDED
11-23 20:27:38.322 D/WearApiHelper( 7209): Stack 0
11-23 20:27:38.643 D/dalvikvm( 7209): GC_FOR_ALLOC freed 307K, 28% free 2419K/3324K, paused 12ms, total 13ms
11-23 20:27:38.643 I/dalvikvm-heap( 7209): Grow heap (frag case) to 2.906MB for 270352-byte allocation
11-23 20:27:38.683 D/dalvikvm( 7209): GC_FOR_ALLOC freed 3K, 26% free 2680K/3592K, paused 44ms, total 44ms
11-23 20:27:38.873 D/dalvikvm( 6983): GC_FOR_ALLOC freed 317K, 23% free 2390K/3088K, paused 80ms, total 80ms
11-23 20:27:39.013 D/dalvikvm( 6983): GC_FOR_ALLOC freed 140K, 24% free 2379K/3100K, paused 62ms, total 64ms
11-23 20:27:39.353 D/dalvikvm( 6983): GC_FOR_ALLOC freed 108K, 23% free 2390K/3100K, paused 114ms, total 114ms
11-23 20:27:39.904 D/dalvikvm( 6983): GC_FOR_ALLOC freed 101K, 23% free 2389K/3100K, paused 64ms, total 66ms
11-23 20:27:40.264 D/dalvikvm( 6983): GC_FOR_ALLOC freed 100K, 23% free 2389K/3100K, paused 113ms, total 131ms
11-23 20:27:40.645 D/dalvikvm( 6983): GC_FOR_ALLOC freed 100K, 23% free 2389K/3100K, paused 53ms, total 53ms
11-23 20:27:41.015 D/dalvikvm( 6983): GC_FOR_ALLOC freed 118K, 24% free 2376K/3100K, paused 81ms, total 82ms
11-23 20:27:41.365 D/dalvikvm( 6983): GC_FOR_ALLOC freed 126K, 24% free 2363K/3100K, paused 69ms, total 89ms
11-23 20:27:41.696 D/dalvikvm( 6983): GC_FOR_ALLOC freed 125K, 24% free 2363K/3100K, paused 85ms, total 85ms
11-23 20:27:42.226 D/dalvikvm( 6983): GC_FOR_ALLOC freed 125K, 24% free 2363K/3100K, paused 55ms, total 56ms
11-23 20:27:42.276 I/PowerManagerService( 1752): Going to sleep due to screen timeout...
11-23 20:27:42.276 I/PowerManagerService( 1752): Dozing...
11-23 20:27:42.286 I/DreamController( 1752): Starting dream: name=ComponentInfo{com.google.android.wearable.app/com.google.android.clockwork.home.AmbientMode}, isTest=false, canDoze=true, userId=0
11-23 20:27:42.527 D/dalvikvm( 1752): GC_EXPLICIT freed 644K, 68% free 5532K/17280K, paused 3ms+10ms, total 163ms
11-23 20:27:42.547 V/WearActivity(12385): Pause!
11-23 20:27:42.567 V/WearActivity(12385): Stop!
11-23 20:27:42.577 W/InputMethodManagerService( 1752): Ignoring setImeWindowStatus of uid 1000 token: null
11-23 20:27:42.617 I/ActivityManager( 1752): START u0 {act=android.intent.action.MAIN cat=[android.intent.category.HOME] flg=0x10000000 cmp=com.google.android.wearable.app/com.google.android.clockwork.home.HomeActivity (has extras)} from pid 1871 on display 0
11-23 20:27:42.617 I/DreamController( 1752): Stopping dream: name=ComponentInfo{com.google.android.wearable.app/com.google.android.clockwork.home.AmbientMode}, isTest=false, canDoze=true, userId=0
11-23 20:27:42.627 I/PowerManagerService( 1752): Sleeping...
11-23 20:27:42.697 D/mot_vr_audio_hw( 1419): dsp_recognizer_enabled = false
11-23 20:27:42.697 D/ADSPD   ( 7609): Client cmd=0x0003, size=4
11-23 20:27:42.697 D/mot_vr_audio_hw( 1419): Switching DSP to standby/passthrough mode
11-23 20:27:42.697 D/mot_vr_audio_hw( 1419): Input 0xb8ebf4f8 ready to read
11-23 20:27:42.717 D/ADSPD   ( 7609): Received from DSP: cmd=0x8003, size=2
11-23 20:27:42.717 D/ADSPD   ( 7609): Client cmd=0x0003, size=4
11-23 20:27:42.717 D/mot_vr_audio_hw( 1419): received recognition control callback, status 0
11-23 20:27:42.727 D/ADSPD   ( 7609): Received from DSP: cmd=0x8003, size=2
11-23 20:27:42.727 D/mot_vr_audio_hw( 1419): received recognition control callback, status 0
11-23 20:27:42.757 W/mot_vr_audio_hw( 1419): Discarded 10 buffers without finding audio data
11-23 20:27:42.767 D/ADSPD   ( 7609): Client cmd=0x0003, size=4
11-23 20:27:42.767 D/mot_vr_audio_hw( 1419): Re-arming DSP
11-23 20:27:42.767 D/mot_vr_audio_hw( 1419): Input 0xb8ebf4f8 standby complete
11-23 20:27:42.777 D/mot_vr_audio_hw( 1419): Input 0xb8ebf4f8 close complete
11-23 20:27:42.777 D/ADSPD   ( 7609): Received from DSP: cmd=0x8003, size=2
11-23 20:27:42.777 D/ADSPD   ( 7609): Client cmd=0x4003, size=2
11-23 20:27:42.777 D/mot_vr_audio_hw( 1419): received recognition control callback, status 0
11-23 20:27:42.807 I/AmbientMode( 1871): Ambient mode started: canDoze=true, dozeHardware=null
11-23 20:27:42.817 I/AmbientMode( 1871): Dream ended: isDozing=true
11-23 20:27:43.127 W/Fitness ( 6978): Failed to flush data points buffer to store, dropping buffered data points
11-23 20:27:43.127 W/Fitness ( 6978): android.database.sqlite.SQLiteConstraintException: foreign key constraint failed (code 19)
11-23 20:27:43.127 W/Fitness ( 6978): 	at android.database.sqlite.SQLiteConnection.nativeExecuteForLastInsertedRowId(Native Method)
11-23 20:27:43.127 W/Fitness ( 6978): 	at android.database.sqlite.SQLiteConnection.executeForLastInsertedRowId(SQLiteConnection.java:782)
11-23 20:27:43.127 W/Fitness ( 6978): 	at android.database.sqlite.SQLiteSession.executeForLastInsertedRowId(SQLiteSession.java:788)
11-23 20:27:43.127 W/Fitness ( 6978): 	at android.database.sqlite.SQLiteStatement.executeInsert(SQLiteStatement.java:86)
11-23 20:27:43.127 W/Fitness ( 6978): 	at com.google.android.gms.fitness.m.al.a(SourceFile:1755)
11-23 20:27:43.127 W/Fitness ( 6978): 	at com.google.android.gms.fitness.m.al.a(SourceFile:1656)
11-23 20:27:43.127 W/Fitness ( 6978): 	at com.google.android.gms.fitness.m.e.run(SourceFile:137)
11-23 20:27:43.127 W/Fitness ( 6978): 	at android.os.Handler.handleCallback(Handler.java:733)
11-23 20:27:43.127 W/Fitness ( 6978): 	at android.os.Handler.dispatchMessage(Handler.java:95)
11-23 20:27:43.127 W/Fitness ( 6978): 	at android.os.Looper.loop(Looper.java:136)
11-23 20:27:43.127 W/Fitness ( 6978): 	at android.os.HandlerThread.run(HandlerThread.java:61)
11-23 20:27:43.257 D/SurfaceFlinger( 1417): Screen released, type=0 flinger=0xb7fc2448
11-23 20:27:43.327 D/WearApiHelper( 7209): Disconnecting
11-23 20:27:43.397 D/hwcomposer( 1417): hwc_blank(0: 1)
11-23 20:27:43.397 D/SurfaceControl( 1752): Excessive delay in blankDisplay() while turning screen off: 142ms
11-23 20:27:43.427 I/DisplayManagerService( 1752): Display device changed: DisplayDeviceInfo{"Built-in Screen": 320 x 290, 45.000004 fps, density 213, 203.2 x 204.61111 dpi, touch INTERNAL, rotation 0, type BUILT_IN, state OFF, FLAG_DEFAULT_DISPLAY, FLAG_ROTATES_WITH_CONTENT, FLAG_SECURE, FLAG_SUPPORTS_PROTECTED_BUFFERS}
11-23 20:27:43.427 V/ActivityManager( 1752): Display changed displayId=0
11-23 20:27:43.437 V/WearActivity(12385): display changed: 0, new state: 1
11-23 20:27:43.447 I/TimeWrapper(12385): FPS: 24.091, samples: 142
11-23 20:27:43.447 I/TimeWrapper(12385): Min/Avg/Max frame render speed (ms): 3.753662 / 13.400655 / 42.114258
11-23 20:27:43.447 I/TimeWrapper(12385): Waketime: 32.28352%
11-23 20:27:43.447 I/TimeWrapper(12385): Skipped frames: 1
11-23 20:27:43.447 V/MyViewAnim(12385): redrawSlow: resume -> 1
11-23 20:27:43.447 V/MyViewAnim(12385): redrawSlow: view:update -> 4
11-23 20:27:43.447 V/MyViewAnim(12385): redrawSlow: startHelper -> 1
11-23 20:27:43.447 V/WearActivity(12385): onDisplayChanged: off!
11-23 20:27:43.447 V/WearActivity(12385): stopHelper: shutting things down
11-23 20:27:43.457 D/MinnowPowerHAL( 1752): power_set_interactive: 0
11-23 20:27:43.457 D/MinnowPowerHAL( 1752): sysfs_write: /sys/devices/platform/omapdss/display0/interactivemode 0
11-23 20:27:43.457 D/MinnowPowerHAL( 1752): sysfs_write: /sys/devices/ocp.2/i2c.6/i2c-0/0-004a/interactivemode 0
11-23 20:27:43.457 V/MyViewAnim(12385): stopping animation!
11-23 20:27:43.457 V/MyViewAnim(12385): killDrawThread
11-23 20:27:43.457 V/WearActivity(12385): killing alarms
11-23 20:27:43.467 D/MinnowPowerHAL( 1752): sysfs_write: /sys/class/leds/lcd-backlight/interactive 0
11-23 20:27:43.467 D/mot_vr_audio_hw( 1752): dsp_set_pm_state = off
11-23 20:27:43.467 D/ADSPD   ( 7609): Client cmd=0x4002, size=2
11-23 20:27:43.467 D/ADSPD   ( 7609): DSP_CMD_DAEMON_SET_PM_STATE : 0
11-23 20:27:43.477 I/ClockFace(12385): Ambient mode: false
11-23 20:27:43.477 V/MyViewAnim(12385): looper finished!
11-23 20:27:43.477 V/MyViewAnim(12385): draw thread termination
11-23 20:27:45.459 W/bt-btif (24046): dm_pm_timer expires
11-23 20:27:45.459 W/bt-btif (24046): dm_pm_timer expires 0
11-23 20:27:45.459 W/bt-btif (24046): proc dm_pm_timer expires
11-23 20:39:38.401 I/Fitness ( 6978): WearableSyncServiceReceiver.onReceive
11-23 20:39:38.411 I/ActivityManager( 1752): Delay finish: com.google.android.gms/.fitness.wearables.WearableSyncServiceReceiver
11-23 20:39:38.441 D/WearableClient( 6978): WearableClientImpl.onPostInitHandler: done
11-23 20:39:38.441 I/Fitness ( 6978): syncing to node: e12e6647-0917-4594-a0b8-f42d78390f6d
11-23 20:39:38.461 I/Fitness ( 6978): syncing: 0
11-23 20:39:38.501 I/ActivityManager( 1752): Resuming delayed broadcast
11-23 20:39:38.511 I/ActivityManager( 1752): Delay finish: com.motorola.targetnotif/com.motorola.omni.NotificationAlarmReceiver
11-23 20:39:38.521 I/ActivityManager( 1752): Resuming delayed broadcast
11-23 20:39:38.521 D/ConnectivityService( 1752): Sampling interval elapsed, updating statistics ..
11-23 20:39:38.531 I/ActivityManager( 1752): Delay finish: com.google.android.gms/.checkin.CheckinService$Receiver
11-23 20:39:38.541 D/ConnectivityService( 1752): Done.
11-23 20:39:38.541 D/ConnectivityService( 1752): Setting timer for 720seconds
11-23 20:39:38.551 I/CheckinService( 7248): active receiver: enabled
11-23 20:39:38.601 I/CheckinService( 7248): Preparing to send checkin request
11-23 20:39:38.601 I/EventLogService( 7248): Accumulating logs since 1416794856357
11-23 20:39:38.681 I/GoogleHttpClient( 7248): Falling back to old SSLCertificateSocketFactory
11-23 20:39:38.721 E/GmsClient( 7248): unable to connect to service: com.google.android.gms.droidguard.service.START
11-23 20:39:39.542 D/ClockworkProxy( 1871): doAccept: Create socket stream 437 for TCP connection from /192.168.167.239:60531 to /74.125.198.102:443
11-23 20:39:39.562 D/dalvikvm( 6983): GC_FOR_ALLOC freed 184K, 25% free 2354K/3100K, paused 18ms, total 19ms
11-23 20:39:39.562 D/ClockworkProxy( 1871): doAccept: rpc succeeded. Activate stream 437
11-23 20:39:39.913 D/dalvikvm( 7248): GC_CONCURRENT freed 378K, 21% free 2572K/3256K, paused 3ms+3ms, total 26ms
11-23 20:39:40.083 I/CheckinTask( 7248): Sending checkin request (2012 bytes)
11-23 20:39:40.413 I/CheckinTask( 7248): Checkin success: https://android.clients.google.com/checkin (1 requests sent)
11-23 20:39:40.423 I/CheckinService( 7248): active receiver: disabled
11-23 20:39:40.453 I/ActivityManager( 1752): Resuming delayed broadcast
11-23 20:39:40.473 I/ActivityManager( 1752): Delay finish: com.google.android.gms/.checkin.EventLogService$Receiver
11-23 20:39:40.483 I/EventLogService( 7248): Aggregate from 1416796778611 (log), 1416794856357 (data)
11-23 20:39:40.573 I/ServiceDumpSys( 7248): dumping service [account]
11-23 20:39:40.603 I/ActivityManager( 1752): Resuming delayed broadcast
11-23 20:39:40.653 D/dalvikvm( 7248): GC_CONCURRENT freed 419K, 22% free 2556K/3256K, paused 5ms+2ms, total 57ms
11-23 20:39:40.773 I/ActivityManager( 1752): Delay finish: com.google.android.gms/.gcm.ServiceAutoStarter
11-23 20:39:40.783 D/GCM     ( 7004): GcmService start Intent { act=com.google.android.checkin.CHECKIN_COMPLETE flg=0x10 cmp=com.google.android.gms/.gcm.GcmService (has extras) } com.google.android.checkin.CHECKIN_COMPLETE
11-23 20:39:40.783 I/ActivityManager( 1752): Resuming delayed broadcast
11-23 20:39:42.325 W/bt-btif (24046): dm_pm_timer expires
11-23 20:39:42.325 W/bt-btif (24046): dm_pm_timer expires 0
11-23 20:39:42.325 W/bt-btif (24046): proc dm_pm_timer expires
11-23 20:40:33.902 D/dalvikvm( 6946): GC_CONCURRENT freed 402K, 23% free 2272K/2920K, paused 3ms+1ms, total 45ms
11-23 20:43:27.404 I/FitnessWearable( 6946): Refreshing Platform Data
11-23 20:43:27.414 I/Fitness ( 6978): Account supported from cache: true
11-23 20:43:27.414 I/Fitness ( 6978): schedule to sync accounts: [dwallach@gmail.com]
11-23 20:43:27.444 I/FitnessWearable( 6946): Completed query in 30 milliseconds
11-23 20:43:29.296 W/bt-btif (24046): dm_pm_timer expires
11-23 20:43:29.296 W/bt-btif (24046): dm_pm_timer expires 0
11-23 20:43:29.296 W/bt-btif (24046): proc dm_pm_timer expires
11-23 20:43:31.376 I/InputReader( 1752): Reconfiguring input devices.  changes=0x00000010
11-23 20:43:31.396 W/Searchables( 1752): No global search activity found
11-23 20:43:31.707 D/dalvikvm( 6983): GC_FOR_ALLOC freed 283K, 24% free 2370K/3100K, paused 15ms, total 15ms
11-23 20:43:32.287 W/bt-btif (24046): dm_pm_timer expires
11-23 20:43:32.287 W/bt-btif (24046): dm_pm_timer expires 0
11-23 20:43:32.287 W/bt-btif (24046): proc dm_pm_timer expires
11-23 20:43:34.768 I/Fitness ( 6978): WearableSyncServiceReceiver.onReceive
11-23 20:43:34.798 D/WearableClient( 6978): WearableClientImpl.onPostInitHandler: done
11-23 20:43:34.798 I/Fitness ( 6978): syncing to node: e12e6647-0917-4594-a0b8-f42d78390f6d
11-23 20:43:34.838 I/Fitness ( 6978): syncing: 0
11-23 20:43:34.848 D/dalvikvm( 6978): GC_CONCURRENT freed 388K, 19% free 2669K/3288K, paused 3ms+3ms, total 34ms
11-23 20:43:42.862 W/bt-btif (24046): dm_pm_timer expires
11-23 20:43:42.862 W/bt-btif (24046): dm_pm_timer expires 0
11-23 20:43:42.862 W/bt-btif (24046): proc dm_pm_timer expires
11-23 20:43:45.802 W/bt-btif (24046): dm_pm_timer expires
11-23 20:43:45.802 W/bt-btif (24046): dm_pm_timer expires 0
11-23 20:43:45.802 W/bt-btif (24046): proc dm_pm_timer expires
11-23 20:44:01.405 D/dalvikvm( 6983): GC_CONCURRENT freed 351K, 23% free 2403K/3100K, paused 2ms+3ms, total 19ms
11-23 20:44:01.425 I/ActivityManager( 1752): START u0 {act=android.intent.action.MAIN cat=[android.intent.category.HOME] flg=0x10000000 cmp=com.google.android.wearable.app/com.google.android.clockwork.home.HomeActivity (has extras)} from pid 1871 on display 0
11-23 20:44:01.446 E/ClockworkHome( 1871): Tried to exit ambient mode, but enterAmbientMode() was never called.
11-23 20:44:01.446 W/HomeRowListAdapter( 1871): onRelease() called on an unknown row.
11-23 20:44:01.456 W/HomeRowListAdapter( 1871): onRelease() called on an unknown row.
11-23 20:44:01.456 D/mot_vr_audio_hw( 1419): dsp_recognizer_enabled = true
11-23 20:44:01.456 D/ADSPD   ( 7609): Client cmd=0x0003, size=4
11-23 20:44:01.456 D/ADSPD   ( 7609): Trying to send to dsp while in dsp in RESET
11-23 20:44:01.456 D/mot_vr_audio_hw( 1419): open_input_stream(): devices = 0x80000004, rate = 8000, channels = 0x10
11-23 20:44:01.456 D/mot_vr_audio_hw( 1419): Created resampler for 16000->8000 Hz
11-23 20:44:01.456 D/ADSPD   ( 7609): Client cmd=0x4003, size=2
11-23 20:44:01.476 D/mot_vr_audio_hw( 1419): in_read waiting for hotword
11-23 20:44:01.476 D/mot_vr_audio_hw( 1419): dsp_recognizer_enabled = false
11-23 20:44:01.476 D/ADSPD   ( 7609): Client cmd=0x0003, size=4
11-23 20:44:01.476 D/ADSPD   ( 7609): Trying to send to dsp while in dsp in RESET
11-23 20:44:01.476 W/mot_vr_audio_hw( 1419): Not allowing wake() since DSP is disabled
11-23 20:44:01.486 W/mot_vr_audio_hw( 1419): Not allowing wake() since DSP is disabled
11-23 20:44:01.516 D/ADSPD   ( 7609): Client cmd=0x4003, size=2
11-23 20:44:01.516 D/ADSPD   ( 7609): DSP no longer used, turned off here
11-23 20:44:01.516 D/mot_vr_audio_hw( 1419): Input 0xb8ebf4f8 close complete
11-23 20:44:01.626 D/dalvikvm( 1871): GC_FOR_ALLOC freed 3016K, 28% free 28214K/38808K, paused 56ms, total 57ms
11-23 20:44:01.646 I/ActivityManager( 1752): START u0 {act=android.intent.action.MAIN cat=[android.intent.category.HOME] flg=0x10000000 cmp=com.google.android.wearable.app/com.google.android.clockwork.home.HomeActivity (has extras)} from pid 1871 on display 0
11-23 20:44:01.676 W/HomeRowListAdapter( 1871): onRelease() called on an unknown row.
11-23 20:44:01.676 D/mot_vr_audio_hw( 1419): dsp_recognizer_enabled = true
11-23 20:44:01.676 D/ADSPD   ( 7609): Client cmd=0x0003, size=4
11-23 20:44:01.676 D/ADSPD   ( 7609): Trying to send to dsp while in dsp in RESET
11-23 20:44:01.676 D/mot_vr_audio_hw( 1419): open_input_stream(): devices = 0x80000004, rate = 8000, channels = 0x10
11-23 20:44:01.676 D/mot_vr_audio_hw( 1419): Created resampler for 16000->8000 Hz
11-23 20:44:01.676 D/ADSPD   ( 7609): Client cmd=0x4003, size=2
11-23 20:44:01.696 D/mot_vr_audio_hw( 1419): in_read waiting for hotword
11-23 20:44:01.696 D/mot_vr_audio_hw( 1419): dsp_recognizer_enabled = false
11-23 20:44:01.696 D/ADSPD   ( 7609): Client cmd=0x0003, size=4
11-23 20:44:01.696 D/ADSPD   ( 7609): Trying to send to dsp while in dsp in RESET
11-23 20:44:01.696 W/mot_vr_audio_hw( 1419): Not allowing wake() since DSP is disabled
11-23 20:44:01.716 W/mot_vr_audio_hw( 1419): Not allowing wake() since DSP is disabled
11-23 20:44:01.736 D/ADSPD   ( 7609): Client cmd=0x4003, size=2
11-23 20:44:01.736 D/ADSPD   ( 7609): DSP no longer used, turned off here
11-23 20:44:01.736 D/mot_vr_audio_hw( 1419): Input 0xb8ebf4f8 close complete
11-23 20:44:01.856 D/dalvikvm( 1871): GC_CONCURRENT freed 1202K, 26% free 29060K/38808K, paused 11ms+8ms, total 60ms
11-23 20:44:01.856 D/dalvikvm( 1871): WAIT_FOR_CONCURRENT_GC blocked 54ms
11-23 20:44:01.856 D/dalvikvm( 1871): WAIT_FOR_CONCURRENT_GC blocked 50ms
11-23 20:44:01.856 D/dalvikvm( 1871): WAIT_FOR_CONCURRENT_GC blocked 48ms
11-23 20:44:01.856 D/dalvikvm( 1871): WAIT_FOR_CONCURRENT_GC blocked 46ms
11-23 20:44:01.976 D/dalvikvm( 1871): GC_CONCURRENT freed 1046K, 23% free 30062K/38808K, paused 4ms+8ms, total 52ms
11-23 20:44:01.976 D/dalvikvm( 1871): WAIT_FOR_CONCURRENT_GC blocked 39ms
11-23 20:44:01.976 D/dalvikvm( 1871): WAIT_FOR_CONCURRENT_GC blocked 41ms
11-23 20:44:01.986 I/ActivityManager( 1752): START u0 {act=android.intent.action.MAIN cat=[android.intent.category.HOME] flg=0x10000000 cmp=com.google.android.wearable.app/com.google.android.clockwork.home.HomeActivity (has extras)} from pid 1871 on display 0
11-23 20:44:02.046 D/mot_vr_audio_hw( 1419): dsp_recognizer_enabled = true
11-23 20:44:02.046 D/ADSPD   ( 7609): Client cmd=0x0003, size=4
11-23 20:44:02.046 D/ADSPD   ( 7609): Trying to send to dsp while in dsp in RESET
11-23 20:44:02.046 D/mot_vr_audio_hw( 1419): open_input_stream(): devices = 0x80000004, rate = 8000, channels = 0x10
11-23 20:44:02.046 D/mot_vr_audio_hw( 1419): Created resampler for 16000->8000 Hz
11-23 20:44:02.046 D/ADSPD   ( 7609): Client cmd=0x4003, size=2
11-23 20:44:02.066 D/mot_vr_audio_hw( 1419): in_read waiting for hotword
11-23 20:44:02.066 D/mot_vr_audio_hw( 1419): dsp_recognizer_enabled = false
11-23 20:44:02.066 D/ADSPD   ( 7609): Client cmd=0x0003, size=4
11-23 20:44:02.066 D/ADSPD   ( 7609): Trying to send to dsp while in dsp in RESET
11-23 20:44:02.066 W/mot_vr_audio_hw( 1419): Not allowing wake() since DSP is disabled
11-23 20:44:02.076 W/mot_vr_audio_hw( 1419): Not allowing wake() since DSP is disabled
11-23 20:44:02.096 D/ADSPD   ( 7609): Client cmd=0x4003, size=2
11-23 20:44:02.096 D/ADSPD   ( 7609): DSP no longer used, turned off here
11-23 20:44:02.096 D/mot_vr_audio_hw( 1419): Input 0xb8ebf4f8 close complete
11-23 20:44:02.156 I/ActivityManager( 1752): START u0 {act=android.intent.action.MAIN cat=[android.intent.category.HOME] flg=0x10000000 cmp=com.google.android.wearable.app/com.google.android.clockwork.home.HomeActivity (has extras)} from pid 1871 on display 0
11-23 20:44:02.206 D/dalvikvm( 1871): GC_FOR_ALLOC freed 2093K, 26% free 29085K/38808K, paused 44ms, total 44ms
11-23 20:44:02.226 D/mot_vr_audio_hw( 1419): dsp_recognizer_enabled = true
11-23 20:44:02.226 D/ADSPD   ( 7609): Client cmd=0x0003, size=4
11-23 20:44:02.226 D/ADSPD   ( 7609): Trying to send to dsp while in dsp in RESET
11-23 20:44:02.236 D/mot_vr_audio_hw( 1419): dsp_recognizer_enabled = false
11-23 20:44:02.236 D/ADSPD   ( 7609): Client cmd=0x0003, size=4
11-23 20:44:02.236 D/ADSPD   ( 7609): Trying to send to dsp while in dsp in RESET
11-23 20:44:02.236 D/mot_vr_audio_hw( 1419): open_input_stream(): devices = 0x80000004, rate = 8000, channels = 0x10
11-23 20:44:02.236 D/mot_vr_audio_hw( 1419): Created resampler for 16000->8000 Hz
11-23 20:44:02.236 D/ADSPD   ( 7609): Client cmd=0x4003, size=2
11-23 20:44:02.246 W/mot_vr_audio_hw( 1419): Not allowing wake() since DSP is disabled
11-23 20:44:02.256 W/mot_vr_audio_hw( 1419): Not allowing wake() since DSP is disabled
11-23 20:44:02.276 D/ADSPD   ( 7609): Client cmd=0x4003, size=2
11-23 20:44:02.276 D/ADSPD   ( 7609): DSP no longer used, turned off here
11-23 20:44:02.276 D/mot_vr_audio_hw( 1419): Input 0xb8ebf4f8 close complete
11-23 20:44:02.296 I/ActivityManager( 1752): Activity reported stop, but no longer stopping: ActivityRecord{adc9b990 u0 com.google.android.wearable.app/com.google.android.clockwork.home.HomeActivity t1}
11-23 20:44:02.406 I/ActivityManager( 1752): START u0 {act=android.intent.action.MAIN cat=[android.intent.category.HOME] flg=0x10000000 cmp=com.google.android.wearable.app/com.google.android.clockwork.home.HomeActivity (has extras)} from pid 1871 on display 0
11-23 20:44:02.426 D/mot_vr_audio_hw( 1419): dsp_recognizer_enabled = true
11-23 20:44:02.426 D/ADSPD   ( 7609): Client cmd=0x0003, size=4
11-23 20:44:02.436 D/ADSPD   ( 7609): Trying to send to dsp while in dsp in RESET
11-23 20:44:02.436 D/mot_vr_audio_hw( 1419): open_input_stream(): devices = 0x80000004, rate = 8000, channels = 0x10
11-23 20:44:02.436 D/mot_vr_audio_hw( 1419): Created resampler for 16000->8000 Hz
11-23 20:44:02.436 D/ADSPD   ( 7609): Client cmd=0x4003, size=2
11-23 20:44:02.446 D/mot_vr_audio_hw( 1419): in_read waiting for hotword
11-23 20:44:02.446 D/mot_vr_audio_hw( 1419): dsp_recognizer_enabled = false
11-23 20:44:02.446 D/ADSPD   ( 7609): Client cmd=0x0003, size=4
11-23 20:44:02.456 D/ADSPD   ( 7609): Trying to send to dsp while in dsp in RESET
11-23 20:44:02.456 W/mot_vr_audio_hw( 1419): Not allowing wake() since DSP is disabled
11-23 20:44:02.466 W/mot_vr_audio_hw( 1419): Not allowing wake() since DSP is disabled
11-23 20:44:02.487 D/ADSPD   ( 7609): Client cmd=0x4003, size=2
11-23 20:44:02.487 D/ADSPD   ( 7609): DSP no longer used, turned off here
11-23 20:44:02.487 D/mot_vr_audio_hw( 1419): Input 0xb8ebf4f8 close complete
11-23 20:44:05.399 W/bt-btif (24046): dm_pm_timer expires
11-23 20:44:05.399 W/bt-btif (24046): dm_pm_timer expires 0
11-23 20:44:05.399 W/bt-btif (24046): proc dm_pm_timer expires
11-23 20:44:34.521 D/dalvikvm( 1752): GC_CONCURRENT freed 823K, 69% free 5513K/17280K, paused 4ms+7ms, total 125ms
11-23 20:48:32.521 E/StreamVibrator( 1871): Found notifications that tried to vibrate, but they never made it to the top of the stream. Not vibrating.
11-23 20:48:36.485 D/SensorHALGestureSensor( 1752): Gesture event received! time = 1416797316488026523
11-23 20:48:36.485 I/PowerManagerService( 1752): Waking up from sleep...
11-23 20:48:36.485 W/KeyguardServiceDelegate( 1752): onScreenTurnedOn(): no keyguard service!
11-23 20:48:36.665 D/PowerManagerService-JNI( 1752): Excessive delay in autosuspend_disable() while turning screen on: 176ms
11-23 20:48:36.665 D/MinnowPowerHAL( 1752): power_set_interactive: 1
11-23 20:48:36.665 D/MinnowPowerHAL( 1752): sysfs_write: /sys/devices/platform/omapdss/display0/interactivemode 1
11-23 20:48:36.705 D/MinnowPowerHAL( 1752): sysfs_write: /sys/devices/ocp.2/i2c.6/i2c-0/0-004a/interactivemode 1
11-23 20:48:36.705 D/MinnowPowerHAL( 1752): sysfs_write: /sys/class/leds/lcd-backlight/interactive 1
11-23 20:48:36.705 D/mot_vr_audio_hw( 1752): dsp_set_pm_state = on
11-23 20:48:36.705 D/ADSPD   ( 7609): Client cmd=0x4002, size=2
11-23 20:48:36.705 D/ADSPD   ( 7609): DSP_CMD_DAEMON_SET_PM_STATE : 1
11-23 20:48:36.705 D/PowerManagerService-JNI( 1752): Excessive delay in setInteractive(true) while turning screen on: 34ms
11-23 20:48:36.705 V/WearActivity(12385): Resume!
11-23 20:48:36.715 W/InputMethodManagerService( 1752): Ignoring setImeWindowStatus of uid 1000 token: null
11-23 20:48:36.745 D/mot_vr_audio_hw( 1419): dsp_recognizer_enabled = true
11-23 20:48:36.755 D/mot_vr_audio_hw( 1419): open_input_stream(): devices = 0x80000004, rate = 8000, channels = 0x10
11-23 20:48:36.755 D/mot_vr_audio_hw( 1419): Created resampler for 16000->8000 Hz
11-23 20:48:36.775 D/mot_vr_audio_hw( 1419): in_read waiting for hotword
11-23 20:48:36.855 D/SurfaceFlinger( 1417): Screen acquired, type=0 flinger=0xb7fc2448
11-23 20:48:36.855 D/hwcomposer( 1417): hwc_blank(0: 0)
11-23 20:48:36.865 D/SensorHAL( 1752): adjustSensorHandle: handle = 9 adjustedHandle = 1
11-23 20:48:36.865 D/SensorHAL( 1752): adjustSensorHandle: handle = 9 adjustedHandle = 1
11-23 20:48:36.875 I/DisplayManagerService( 1752): Display device changed: DisplayDeviceInfo{"Built-in Screen": 320 x 290, 45.000004 fps, density 213, 203.2 x 204.61111 dpi, touch INTERNAL, rotation 0, type BUILT_IN, state ON, FLAG_DEFAULT_DISPLAY, FLAG_ROTATES_WITH_CONTENT, FLAG_SECURE, FLAG_SUPPORTS_PROTECTED_BUFFERS}
11-23 20:48:36.875 V/ActivityManager( 1752): Display changed displayId=0
11-23 20:48:36.895 V/WearActivity(12385): display changed: 0, new state: 2
11-23 20:48:36.895 V/WearActivity(12385): onDisplayChanged: on!
11-23 20:48:36.895 V/WearActivity(12385): killing alarms
11-23 20:48:36.895 V/WearActivity(12385): startHelper: putting it all back together again
11-23 20:48:36.895 V/WearActivity(12385): initAlarm: setting up
11-23 20:48:36.895 D/SensorHAL( 1752): adjustSensorHandle: handle = 9 adjustedHandle = 1
11-23 20:48:36.915 I/ClockFace(12385): Ambient mode: false
11-23 20:48:36.915 V/MyViewAnim(12385): resumeMaxHertz
11-23 20:48:36.915 V/ClockFace(12385): clearing caches
11-23 20:48:36.915 V/MyViewAnim(12385): starting new animator
11-23 20:48:36.915 V/MyViewAnim(12385): Time listener is up!
11-23 20:48:36.915 V/MyViewAnim(12385): starting new draw thread
11-23 20:48:36.945 V/ClockFace(12385): rendering new face, faceMode(0)
11-23 20:48:36.955 V/ClockFace(12385): fetching new battery status (35434)
11-23 20:48:36.955 V/ClockFace(12385): battery at 0.71
11-23 20:48:37.005 E/ADSPD   ( 7609): Timeout on select()
11-23 20:48:37.005 E/ADSPD   ( 7609): NO ACK received after loading firmware
11-23 20:48:37.005 E/ADSPD   ( 7609): Unknown ACK received 0x00
11-23 20:48:37.005 D/ADSPD   ( 7609): Client cmd=0x0003, size=4
11-23 20:48:37.015 D/ADSPD   ( 7609): Received from DSP: cmd=0x8003, size=2
11-23 20:48:37.025 D/ADSPD   ( 7609): Client cmd=0x4003, size=2
11-23 20:48:37.025 D/mot_vr_audio_hw( 1419): received recognition control callback, status 0
11-23 20:48:40.169 D/dalvikvm(12385): GC_CONCURRENT freed 460K, 22% free 2570K/3260K, paused 3ms+4ms, total 45ms
11-23 20:48:40.259 W/bt-btif (24046): dm_pm_timer expires
11-23 20:48:40.259 W/bt-btif (24046): dm_pm_timer expires 0
11-23 20:48:40.259 W/bt-btif (24046): proc dm_pm_timer expires
11-23 20:48:41.710 I/PowerManagerService( 1752): Going to sleep due to screen timeout...
11-23 20:48:41.710 I/PowerManagerService( 1752): Dozing...
11-23 20:48:41.720 I/DreamController( 1752): Starting dream: name=ComponentInfo{com.google.android.wearable.app/com.google.android.clockwork.home.AmbientMode}, isTest=false, canDoze=true, userId=0
11-23 20:48:41.800 I/ActivityManager( 1752): START u0 {act=android.intent.action.MAIN cat=[android.intent.category.HOME] flg=0x10000000 cmp=com.google.android.wearable.app/com.google.android.clockwork.home.HomeActivity (has extras)} from pid 1871 on display 0
11-23 20:48:41.800 I/DreamController( 1752): Stopping dream: name=ComponentInfo{com.google.android.wearable.app/com.google.android.clockwork.home.AmbientMode}, isTest=false, canDoze=true, userId=0
11-23 20:48:41.800 I/PowerManagerService( 1752): Sleeping...
11-23 20:48:41.860 I/AmbientMode( 1871): Ambient mode started: canDoze=true, dozeHardware=null
11-23 20:48:41.860 D/mot_vr_audio_hw( 1419): dsp_recognizer_enabled = false
11-23 20:48:41.860 D/ADSPD   ( 7609): Client cmd=0x0003, size=4
11-23 20:48:41.870 D/mot_vr_audio_hw( 1419): Switching DSP to standby/passthrough mode
11-23 20:48:41.870 D/mot_vr_audio_hw( 1419): Input 0xb8ebf4f8 ready to read
11-23 20:48:41.880 D/ADSPD   ( 7609): Received from DSP: cmd=0x8003, size=2
11-23 20:48:41.880 D/ADSPD   ( 7609): Client cmd=0x0003, size=4
11-23 20:48:41.880 D/mot_vr_audio_hw( 1419): received recognition control callback, status 0
11-23 20:48:41.890 D/ADSPD   ( 7609): Received from DSP: cmd=0x8003, size=2
11-23 20:48:41.890 D/mot_vr_audio_hw( 1419): received recognition control callback, status 0
11-23 20:48:41.920 W/mot_vr_audio_hw( 1419): Discarded 10 buffers without finding audio data
11-23 20:48:41.930 D/ADSPD   ( 7609): Client cmd=0x0003, size=4
11-23 20:48:41.930 D/mot_vr_audio_hw( 1419): Re-arming DSP
11-23 20:48:41.930 D/mot_vr_audio_hw( 1419): Input 0xb8ebf4f8 standby complete
11-23 20:48:41.940 D/ADSPD   ( 7609): Received from DSP: cmd=0x8003, size=2
11-23 20:48:41.940 D/mot_vr_audio_hw( 1419): received recognition control callback, status 0
11-23 20:48:41.950 D/ADSPD   ( 7609): Client cmd=0x4003, size=2
11-23 20:48:41.950 D/mot_vr_audio_hw( 1419): Input 0xb8ebf4f8 close complete
11-23 20:48:41.970 D/mot_vr_audio_hw( 1419): dsp_recognizer_enabled = true
11-23 20:48:41.970 D/ADSPD   ( 7609): Client cmd=0x0003, size=4
11-23 20:48:41.970 D/mot_vr_audio_hw( 1419): open_input_stream(): devices = 0x80000004, rate = 8000, channels = 0x10
11-23 20:48:41.970 D/mot_vr_audio_hw( 1419): Created resampler for 16000->8000 Hz
11-23 20:48:41.980 D/ADSPD   ( 7609): Received from DSP: cmd=0x8003, size=2
11-23 20:48:41.980 D/ADSPD   ( 7609): Client cmd=0x4003, size=2
11-23 20:48:41.980 D/mot_vr_audio_hw( 1419): received recognition control callback, status 0
11-23 20:48:41.990 D/mot_vr_audio_hw( 1419): in_read waiting for hotword
11-23 20:48:42.010 D/dalvikvm( 6983): GC_FOR_ALLOC freed 283K, 24% free 2377K/3108K, paused 43ms, total 57ms
11-23 20:48:42.020 I/AmbientMode( 1871): Dream ended: isDozing=true
11-23 20:48:42.441 D/LightsService( 1752): Excessive delay setting light: 59ms
11-23 20:48:42.441 D/SurfaceFlinger( 1417): Screen released, type=0 flinger=0xb7fc2448
11-23 20:48:42.581 D/hwcomposer( 1417): hwc_blank(0: 1)
11-23 20:48:42.581 D/SurfaceControl( 1752): Excessive delay in blankDisplay() while turning screen off: 142ms
11-23 20:48:42.601 I/DisplayManagerService( 1752): Display device changed: DisplayDeviceInfo{"Built-in Screen": 320 x 290, 45.000004 fps, density 213, 203.2 x 204.61111 dpi, touch INTERNAL, rotation 0, type BUILT_IN, state OFF, FLAG_DEFAULT_DISPLAY, FLAG_ROTATES_WITH_CONTENT, FLAG_SECURE, FLAG_SUPPORTS_PROTECTED_BUFFERS}
11-23 20:48:42.601 V/ActivityManager( 1752): Display changed displayId=0
11-23 20:48:42.621 V/WearActivity(12385): display changed: 0, new state: 1
11-23 20:48:42.621 I/TimeWrapper(12385): FPS: 40.019455, samples: 227
11-23 20:48:42.621 I/TimeWrapper(12385): Min/Avg/Max frame render speed (ms): 3.753662 / 5.296345 / 31.646729
11-23 20:48:42.621 I/TimeWrapper(12385): Waketime: 21.195686%
11-23 20:48:42.621 I/TimeWrapper(12385): Skipped frames: 1
11-23 20:48:42.621 V/MyViewAnim(12385): redrawSlow: resume -> 1
11-23 20:48:42.621 V/MyViewAnim(12385): redrawSlow: startHelper -> 1
11-23 20:48:42.621 V/WearActivity(12385): onDisplayChanged: off!
11-23 20:48:42.621 V/WearActivity(12385): stopHelper: shutting things down
11-23 20:48:42.641 D/MinnowPowerHAL( 1752): power_set_interactive: 0
11-23 20:48:42.641 D/MinnowPowerHAL( 1752): sysfs_write: /sys/devices/platform/omapdss/display0/interactivemode 0
11-23 20:48:42.641 D/MinnowPowerHAL( 1752): sysfs_write: /sys/devices/ocp.2/i2c.6/i2c-0/0-004a/interactivemode 0
11-23 20:48:42.651 D/MinnowPowerHAL( 1752): sysfs_write: /sys/class/leds/lcd-backlight/interactive 0
11-23 20:48:42.651 D/mot_vr_audio_hw( 1752): dsp_set_pm_state = off
11-23 20:48:42.651 D/ADSPD   ( 7609): Client cmd=0x4002, size=2
11-23 20:48:42.651 D/ADSPD   ( 7609): DSP_CMD_DAEMON_SET_PM_STATE : 0
11-23 20:48:42.651 D/ADSPD   ( 7609): DSP not turned off as still being used
11-23 20:48:42.671 V/MyViewAnim(12385): stopping animation!
11-23 20:48:42.671 V/MyViewAnim(12385): killDrawThread
11-23 20:48:42.671 V/WearActivity(12385): killing alarms
11-23 20:48:42.671 I/ClockFace(12385): Ambient mode: false
11-23 20:48:42.671 V/WearActivity(12385): Pause!
11-23 20:48:42.671 V/MyViewAnim(12385): looper finished!
11-23 20:48:42.671 V/MyViewAnim(12385): draw thread termination
11-23 20:48:42.691 D/mot_vr_audio_hw( 1419): dsp_recognizer_enabled = false
11-23 20:48:42.691 D/ADSPD   ( 7609): Client cmd=0x0003, size=4
11-23 20:48:42.691 D/ADSPD   ( 7609): Trying to send to dsp while in dsp in RESET
11-23 20:48:42.691 W/mot_vr_audio_hw( 1419): Not allowing wake() since DSP is disabled
11-23 20:48:42.691 V/WearActivity(12385): Stop!
11-23 20:48:42.701 W/mot_vr_audio_hw( 1419): Not allowing wake() since DSP is disabled
11-23 20:48:42.701 W/InputMethodManagerService( 1752): Ignoring setImeWindowStatus of uid 1000 token: null
11-23 20:48:42.721 D/ADSPD   ( 7609): Client cmd=0x4003, size=2
11-23 20:48:42.721 D/ADSPD   ( 7609): DSP no longer used, turned off here
11-23 20:48:42.721 D/mot_vr_audio_hw( 1419): Input 0xb8ebf540 close complete
11-23 20:48:44.793 W/bt-btif (24046): dm_pm_timer expires
11-23 20:48:44.793 W/bt-btif (24046): dm_pm_timer expires 0
11-23 20:48:44.793 W/bt-btif (24046): proc dm_pm_timer expires
11-23 20:49:10.518 D/SensorHALGestureSensor( 1752): Gesture event received! time = 1416797350521260159
11-23 20:49:10.518 I/PowerManagerService( 1752): Waking up from sleep...
11-23 20:49:10.668 D/PowerManagerService-JNI( 1752): Excessive delay in autosuspend_disable() while turning screen on: 150ms
11-23 20:49:10.668 D/MinnowPowerHAL( 1752): power_set_interactive: 1
11-23 20:49:10.668 D/MinnowPowerHAL( 1752): sysfs_write: /sys/devices/platform/omapdss/display0/interactivemode 1
11-23 20:49:10.668 D/MinnowPowerHAL( 1752): sysfs_write: /sys/devices/ocp.2/i2c.6/i2c-0/0-004a/interactivemode 1
11-23 20:49:10.668 D/MinnowPowerHAL( 1752): sysfs_write: /sys/class/leds/lcd-backlight/interactive 1
11-23 20:49:10.668 D/mot_vr_audio_hw( 1752): dsp_set_pm_state = on
11-23 20:49:10.678 D/ADSPD   ( 7609): Client cmd=0x4002, size=2
11-23 20:49:10.678 D/ADSPD   ( 7609): DSP_CMD_DAEMON_SET_PM_STATE : 1
11-23 20:49:10.678 W/KeyguardServiceDelegate( 1752): onScreenTurnedOn(): no keyguard service!
11-23 20:49:10.698 W/InputMethodManagerService( 1752): Ignoring setImeWindowStatus of uid 1000 token: null
11-23 20:49:10.708 D/ADSPD   ( 7609): ACK success!
11-23 20:49:10.708 V/WearActivity(12385): Resume!
11-23 20:49:10.748 E/ClockworkHome( 1871): Tried to exit ambient mode, but enterAmbientMode() was never called.
11-23 20:49:10.748 D/mot_vr_audio_hw( 1419): dsp_recognizer_enabled = true
11-23 20:49:10.748 D/ADSPD   ( 7609): Client cmd=0x0003, size=4
11-23 20:49:10.748 D/mot_vr_audio_hw( 1419): open_input_stream(): devices = 0x80000004, rate = 8000, channels = 0x10
11-23 20:49:10.748 D/mot_vr_audio_hw( 1419): Created resampler for 16000->8000 Hz
11-23 20:49:10.758 D/ADSPD   ( 7609): Received from DSP: cmd=0x8003, size=2
11-23 20:49:10.758 D/ADSPD   ( 7609): Client cmd=0x4003, size=2
11-23 20:49:10.758 D/mot_vr_audio_hw( 1419): received recognition control callback, status 0
11-23 20:49:10.778 D/mot_vr_audio_hw( 1419): in_read waiting for hotword
11-23 20:49:10.809 D/SurfaceFlinger( 1417): Screen acquired, type=0 flinger=0xb7fc2448
11-23 20:49:10.809 D/hwcomposer( 1417): hwc_blank(0: 0)
11-23 20:49:10.819 I/DisplayManagerService( 1752): Display device changed: DisplayDeviceInfo{"Built-in Screen": 320 x 290, 45.000004 fps, density 213, 203.2 x 204.61111 dpi, touch INTERNAL, rotation 0, type BUILT_IN, state ON, FLAG_DEFAULT_DISPLAY, FLAG_ROTATES_WITH_CONTENT, FLAG_SECURE, FLAG_SUPPORTS_PROTECTED_BUFFERS}
11-23 20:49:10.819 V/ActivityManager( 1752): Display changed displayId=0
11-23 20:49:10.829 V/WearActivity(12385): display changed: 0, new state: 2
11-23 20:49:10.829 V/WearActivity(12385): onDisplayChanged: on!
11-23 20:49:10.829 V/WearActivity(12385): killing alarms
11-23 20:49:10.829 V/WearActivity(12385): startHelper: putting it all back together again
11-23 20:49:10.829 V/WearActivity(12385): initAlarm: setting up
11-23 20:49:10.839 I/ClockFace(12385): Ambient mode: false
11-23 20:49:10.839 V/MyViewAnim(12385): resumeMaxHertz
11-23 20:49:10.839 V/ClockFace(12385): clearing caches
11-23 20:49:10.839 V/MyViewAnim(12385): starting new animator
11-23 20:49:10.839 V/MyViewAnim(12385): Time listener is up!
11-23 20:49:10.839 V/MyViewAnim(12385): starting new draw thread
11-23 20:49:10.879 V/ClockFace(12385): rendering new face, faceMode(0)
11-23 20:49:10.889 V/ClockFace(12385): fetching new battery status (35663)
11-23 20:49:10.889 V/ClockFace(12385): battery at 0.71
11-23 20:49:10.969 D/SensorHAL( 1752): adjustSensorHandle: handle = 9 adjustedHandle = 1
11-23 20:49:10.969 D/SensorHAL( 1752): adjustSensorHandle: handle = 9 adjustedHandle = 1
11-23 20:49:10.979 D/SensorHAL( 1752): adjustSensorHandle: handle = 9 adjustedHandle = 1
11-23 20:49:14.252 W/bt-btif (24046): dm_pm_timer expires
11-23 20:49:14.252 W/bt-btif (24046): dm_pm_timer expires 0
11-23 20:49:14.252 W/bt-btif (24046): proc dm_pm_timer expires
11-23 20:49:15.703 I/PowerManagerService( 1752): Going to sleep due to screen timeout...
11-23 20:49:15.703 I/PowerManagerService( 1752): Dozing...
11-23 20:49:15.703 I/DreamController( 1752): Starting dream: name=ComponentInfo{com.google.android.wearable.app/com.google.android.clockwork.home.AmbientMode}, isTest=false, canDoze=true, userId=0
11-23 20:49:15.793 I/ActivityManager( 1752): START u0 {act=android.intent.action.MAIN cat=[android.intent.category.HOME] flg=0x10000000 cmp=com.google.android.wearable.app/com.google.android.clockwork.home.HomeActivity (has extras)} from pid 1871 on display 0
11-23 20:49:15.793 I/DreamController( 1752): Stopping dream: name=ComponentInfo{com.google.android.wearable.app/com.google.android.clockwork.home.AmbientMode}, isTest=false, canDoze=true, userId=0
11-23 20:49:15.803 I/PowerManagerService( 1752): Sleeping...
11-23 20:49:15.873 I/AmbientMode( 1871): Ambient mode started: canDoze=true, dozeHardware=null
11-23 20:49:15.883 D/mot_vr_audio_hw( 1419): dsp_recognizer_enabled = false
11-23 20:49:15.883 D/ADSPD   ( 7609): Client cmd=0x0003, size=4
11-23 20:49:15.883 D/mot_vr_audio_hw( 1419): Switching DSP to standby/passthrough mode
11-23 20:49:15.883 D/mot_vr_audio_hw( 1419): Input 0xb8ebf4f8 ready to read
11-23 20:49:15.893 D/ADSPD   ( 7609): Received from DSP: cmd=0x8003, size=2
11-23 20:49:15.893 D/ADSPD   ( 7609): Client cmd=0x0003, size=4
11-23 20:49:15.893 D/mot_vr_audio_hw( 1419): received recognition control callback, status 0
11-23 20:49:15.913 D/ADSPD   ( 7609): Received from DSP: cmd=0x8003, size=2
11-23 20:49:15.913 D/mot_vr_audio_hw( 1419): received recognition control callback, status 0
11-23 20:49:15.934 W/mot_vr_audio_hw( 1419): Discarded 10 buffers without finding audio data
11-23 20:49:15.944 D/ADSPD   ( 7609): Client cmd=0x0003, size=4
11-23 20:49:15.944 D/mot_vr_audio_hw( 1419): Re-arming DSP
11-23 20:49:15.944 D/mot_vr_audio_hw( 1419): Input 0xb8ebf4f8 standby complete
11-23 20:49:15.964 D/ADSPD   ( 7609): Received from DSP: cmd=0x8003, size=2
11-23 20:49:15.964 D/mot_vr_audio_hw( 1419): received recognition control callback, status 0
11-23 20:49:15.964 D/ADSPD   ( 7609): Client cmd=0x4003, size=2
11-23 20:49:15.964 D/mot_vr_audio_hw( 1419): Input 0xb8ebf4f8 close complete
11-23 20:49:15.974 D/mot_vr_audio_hw( 1419): dsp_recognizer_enabled = true
11-23 20:49:15.974 D/ADSPD   ( 7609): Client cmd=0x0003, size=4
11-23 20:49:15.974 D/mot_vr_audio_hw( 1419): open_input_stream(): devices = 0x80000004, rate = 8000, channels = 0x10
11-23 20:49:15.974 D/mot_vr_audio_hw( 1419): Created resampler for 16000->8000 Hz
11-23 20:49:15.984 D/ADSPD   ( 7609): Received from DSP: cmd=0x8003, size=2
11-23 20:49:15.984 D/ADSPD   ( 7609): Client cmd=0x4003, size=2
11-23 20:49:15.984 D/mot_vr_audio_hw( 1419): received recognition control callback, status 0
11-23 20:49:15.994 I/AmbientMode( 1871): Dream ended: isDozing=true
11-23 20:49:16.004 D/mot_vr_audio_hw( 1419): in_read waiting for hotword
11-23 20:49:16.484 D/LightsService( 1752): Excessive delay setting light: 104ms
11-23 20:49:16.504 D/SurfaceFlinger( 1417): Screen released, type=0 flinger=0xb7fc2448
11-23 20:49:16.654 D/hwcomposer( 1417): hwc_blank(0: 1)
11-23 20:49:16.654 D/SurfaceControl( 1752): Excessive delay in blankDisplay() while turning screen off: 154ms
11-23 20:49:16.674 I/DisplayManagerService( 1752): Display device changed: DisplayDeviceInfo{"Built-in Screen": 320 x 290, 45.000004 fps, density 213, 203.2 x 204.61111 dpi, touch INTERNAL, rotation 0, type BUILT_IN, state OFF, FLAG_DEFAULT_DISPLAY, FLAG_ROTATES_WITH_CONTENT, FLAG_SECURE, FLAG_SUPPORTS_PROTECTED_BUFFERS}
11-23 20:49:16.674 V/ActivityManager( 1752): Display changed displayId=0
11-23 20:49:16.684 V/WearActivity(12385): display changed: 0, new state: 1
11-23 20:49:16.684 I/TimeWrapper(12385): FPS: 40.30017, samples: 234
11-23 20:49:16.684 I/TimeWrapper(12385): Min/Avg/Max frame render speed (ms): 3.631591 / 5.084958 / 49.682617
11-23 20:49:16.684 I/TimeWrapper(12385): Waketime: 20.49247%
11-23 20:49:16.684 I/TimeWrapper(12385): Skipped frames: 1
11-23 20:49:16.694 V/MyViewAnim(12385): redrawSlow: resume -> 1
11-23 20:49:16.694 V/MyViewAnim(12385): redrawSlow: startHelper -> 1
11-23 20:49:16.694 V/WearActivity(12385): onDisplayChanged: off!
11-23 20:49:16.694 V/WearActivity(12385): stopHelper: shutting things down
11-23 20:49:16.714 D/MinnowPowerHAL( 1752): power_set_interactive: 0
11-23 20:49:16.714 D/MinnowPowerHAL( 1752): sysfs_write: /sys/devices/platform/omapdss/display0/interactivemode 0
11-23 20:49:16.714 D/MinnowPowerHAL( 1752): sysfs_write: /sys/devices/ocp.2/i2c.6/i2c-0/0-004a/interactivemode 0
11-23 20:49:16.714 D/MinnowPowerHAL( 1752): sysfs_write: /sys/class/leds/lcd-backlight/interactive 0
11-23 20:49:16.714 D/mot_vr_audio_hw( 1752): dsp_set_pm_state = off
11-23 20:49:16.724 D/ADSPD   ( 7609): Client cmd=0x4002, size=2
11-23 20:49:16.724 D/ADSPD   ( 7609): DSP_CMD_DAEMON_SET_PM_STATE : 0
11-23 20:49:16.724 D/ADSPD   ( 7609): DSP not turned off as still being used
11-23 20:49:16.724 D/mot_vr_audio_hw( 1419): dsp_recognizer_enabled = false
11-23 20:49:16.724 D/ADSPD   ( 7609): Client cmd=0x0003, size=4
11-23 20:49:16.724 D/ADSPD   ( 7609): Trying to send to dsp while in dsp in RESET
11-23 20:49:16.724 W/mot_vr_audio_hw( 1419): Not allowing wake() since DSP is disabled
11-23 20:49:16.734 W/mot_vr_audio_hw( 1419): Not allowing wake() since DSP is disabled
11-23 20:49:16.734 W/InputMethodManagerService( 1752): Ignoring setImeWindowStatus of uid 1000 token: null
11-23 20:49:16.744 V/MyViewAnim(12385): stopping animation!
11-23 20:49:16.744 V/MyViewAnim(12385): killDrawThread
11-23 20:49:16.744 V/WearActivity(12385): killing alarms
11-23 20:49:16.744 V/MyViewAnim(12385): looper finished!
11-23 20:49:16.744 V/MyViewAnim(12385): draw thread termination
11-23 20:49:16.744 I/ClockFace(12385): Ambient mode: false
11-23 20:49:16.744 V/WearActivity(12385): Pause!
11-23 20:49:16.744 V/WearActivity(12385): Stop!
11-23 20:49:16.764 D/ADSPD   ( 7609): Client cmd=0x4003, size=2
11-23 20:49:16.764 D/ADSPD   ( 7609): DSP no longer used, turned off here
11-23 20:49:16.764 D/mot_vr_audio_hw( 1419): Input 0xb8ebf4f8 close complete
11-23 20:49:18.876 W/bt-btif (24046): dm_pm_timer expires
11-23 20:49:18.876 W/bt-btif (24046): dm_pm_timer expires 0
11-23 20:49:18.876 W/bt-btif (24046): proc dm_pm_timer expires
11-23 20:49:21.778 W/bt-btif (24046): dm_pm_timer expires
11-23 20:49:21.778 W/bt-btif (24046): dm_pm_timer expires 0
11-23 20:49:21.778 W/bt-btif (24046): proc dm_pm_timer expires
11-23 20:51:39.391 D/ConnectivityService( 1752): Sampling interval elapsed, updating statistics ..
11-23 20:51:39.391 D/ConnectivityService( 1752): Done.
11-23 20:51:39.391 D/ConnectivityService( 1752): Setting timer for 720seconds
11-23 20:52:45.007 D/SensorHALGestureSensor( 1752): Gesture event received! time = 1416797565010487439
11-23 20:52:45.007 I/PowerManagerService( 1752): Waking up from sleep...
11-23 20:52:45.007 W/KeyguardServiceDelegate( 1752): onScreenTurnedOn(): no keyguard service!
11-23 20:52:45.138 D/PowerManagerService-JNI( 1752): Excessive delay in autosuspend_disable() while turning screen on: 128ms
11-23 20:52:45.138 D/MinnowPowerHAL( 1752): power_set_interactive: 1
11-23 20:52:45.138 D/MinnowPowerHAL( 1752): sysfs_write: /sys/devices/platform/omapdss/display0/interactivemode 1
11-23 20:52:45.198 D/MinnowPowerHAL( 1752): sysfs_write: /sys/devices/ocp.2/i2c.6/i2c-0/0-004a/interactivemode 1
11-23 20:52:45.198 D/MinnowPowerHAL( 1752): sysfs_write: /sys/class/leds/lcd-backlight/interactive 1
11-23 20:52:45.198 D/mot_vr_audio_hw( 1752): dsp_set_pm_state = on
11-23 20:52:45.198 D/ADSPD   ( 7609): Client cmd=0x4002, size=2
11-23 20:52:45.198 D/ADSPD   ( 7609): DSP_CMD_DAEMON_SET_PM_STATE : 1
11-23 20:52:45.198 D/PowerManagerService-JNI( 1752): Excessive delay in setInteractive(true) while turning screen on: 56ms
11-23 20:52:45.218 E/ClockworkHome( 1871): Tried to exit ambient mode, but enterAmbientMode() was never called.
11-23 20:52:45.218 D/mot_vr_audio_hw( 1419): dsp_recognizer_enabled = true
11-23 20:52:45.218 D/mot_vr_audio_hw( 1419): open_input_stream(): devices = 0x80000004, rate = 8000, channels = 0x10
11-23 20:52:45.218 D/mot_vr_audio_hw( 1419): Created resampler for 16000->8000 Hz
11-23 20:52:45.228 V/WearActivity(12385): Resume!
11-23 20:52:45.238 D/mot_vr_audio_hw( 1419): in_read waiting for hotword
