11-23 20:52:45.288 W/InputMethodManagerService( 1752): Ignoring setImeWindowStatus of uid 1000 token: null
11-23 20:52:45.338 D/SurfaceFlinger( 1417): Screen acquired, type=0 flinger=0xb7fc2448
11-23 20:52:45.338 D/hwcomposer( 1417): hwc_blank(0: 0)
11-23 20:52:45.348 D/SensorHAL( 1752): adjustSensorHandle: handle = 9 adjustedHandle = 1
11-23 20:52:45.348 D/SensorHAL( 1752): adjustSensorHandle: handle = 9 adjustedHandle = 1
11-23 20:52:45.348 I/DisplayManagerService( 1752): Display device changed: DisplayDeviceInfo{"Built-in Screen": 320 x 290, 45.000004 fps, density 213, 203.2 x 204.61111 dpi, touch INTERNAL, rotation 0, type BUILT_IN, state ON, FLAG_DEFAULT_DISPLAY, FLAG_ROTATES_WITH_CONTENT, FLAG_SECURE, FLAG_SUPPORTS_PROTECTED_BUFFERS}
11-23 20:52:45.348 V/ActivityManager( 1752): Display changed displayId=0
11-23 20:52:45.368 V/WearActivity(12385): display changed: 0, new state: 2
11-23 20:52:45.368 V/WearActivity(12385): onDisplayChanged: on!
11-23 20:52:45.368 V/WearActivity(12385): killing alarms
11-23 20:52:45.368 V/WearActivity(12385): startHelper: putting it all back together again
11-23 20:52:45.368 V/WearActivity(12385): initAlarm: setting up
11-23 20:52:45.388 I/ClockFace(12385): Ambient mode: false
11-23 20:52:45.388 F/MyViewAnim(12385): redraw called while !drawingMaxHertz (source startHelper); trying to explode
11-23 20:52:45.388 D/SensorHAL( 1752): adjustSensorHandle: handle = 9 adjustedHandle = 1
11-23 20:52:45.408 F/MyViewAnim(12385): drawThread =null, drawingMaxHertz=false, drawingAmbientMode=false
11-23 20:52:45.438 D/AndroidRuntime(12385): Shutting down VM
11-23 20:52:45.438 W/dalvikvm(12385): threadid=1: thread exiting with uncaught exception (group=0xadaafd70)
11-23 20:52:45.448 E/AndroidRuntime(12385): FATAL EXCEPTION: main
11-23 20:52:45.448 E/AndroidRuntime(12385): Process: org.dwallach.calwatch, PID: 12385
11-23 20:52:45.448 E/AndroidRuntime(12385): java.lang.RuntimeException: phantom redraws won't die; why?
11-23 20:52:45.448 E/AndroidRuntime(12385): 	at org.dwallach.calwatch.MyViewAnim.redrawClock(MyViewAnim.java:316)
11-23 20:52:45.448 E/AndroidRuntime(12385): 	at org.dwallach.calwatch.MyViewAnim.redrawClockSlow(MyViewAnim.java:288)
11-23 20:52:45.448 E/AndroidRuntime(12385): 	at org.dwallach.calwatch.WearActivity.startHelper(WearActivity.java:145)
11-23 20:52:45.448 E/AndroidRuntime(12385): 	at org.dwallach.calwatch.WearActivity.access$600(WearActivity.java:24)
11-23 20:52:45.448 E/AndroidRuntime(12385): 	at org.dwallach.calwatch.WearActivity$3.onDisplayChanged(WearActivity.java:373)
11-23 20:52:45.448 E/AndroidRuntime(12385): 	at android.hardware.display.DisplayManagerGlobal$DisplayListenerDelegate.handleMessage(DisplayManagerGlobal.java:457)
11-23 20:52:45.448 E/AndroidRuntime(12385): 	at android.os.Handler.dispatchMessage(Handler.java:102)
11-23 20:52:45.448 E/AndroidRuntime(12385): 	at android.os.Looper.loop(Looper.java:136)
11-23 20:52:45.448 E/AndroidRuntime(12385): 	at android.app.ActivityThread.main(ActivityThread.java:5026)
11-23 20:52:45.448 E/AndroidRuntime(12385): 	at java.lang.reflect.Method.invokeNative(Native Method)
11-23 20:52:45.448 E/AndroidRuntime(12385): 	at java.lang.reflect.Method.invoke(Method.java:515)
11-23 20:52:45.448 E/AndroidRuntime(12385): 	at com.android.internal.os.ZygoteInit$MethodAndArgsCaller.run(ZygoteInit.java:777)
11-23 20:52:45.448 E/AndroidRuntime(12385): 	at com.android.internal.os.ZygoteInit.main(ZygoteInit.java:602)
11-23 20:52:45.448 E/AndroidRuntime(12385): 	at dalvik.system.NativeStart.main(Native Method)
11-23 20:52:45.458 W/ActivityManager( 1752):   Force finishing activity org.dwallach.calwatch/.WearActivity
11-23 20:52:45.498 E/ADSPD   ( 7609): Timeout on select()
11-23 20:52:45.498 E/ADSPD   ( 7609): NO ACK received after loading firmware
11-23 20:52:45.498 E/ADSPD   ( 7609): Unknown ACK received 0x00
11-23 20:52:45.498 D/ADSPD   ( 7609): Client cmd=0x0003, size=4
11-23 20:52:45.518 D/ADSPD   ( 7609): Received from DSP: cmd=0x8003, size=2
11-23 20:52:45.518 D/ADSPD   ( 7609): Client cmd=0x4003, size=2
11-23 20:52:45.518 D/mot_vr_audio_hw( 1419): received recognition control callback, status 0
11-23 20:52:45.648 D/dalvikvm( 1752): GC_FOR_ALLOC freed 443K, 69% free 5512K/17280K, paused 77ms, total 80ms
11-23 20:52:45.818 D/dalvikvm( 6920): GC_CONCURRENT freed 400K, 24% free 2497K/3252K, paused 86ms+34ms, total 334ms
11-23 20:52:45.968 W/ActivityManager( 1752): Activity pause timeout for ActivityRecord{adee9270 u0 org.dwallach.calwatch/.WearActivity t111 f}
11-23 20:52:48.261 W/bt-btif (24046): dm_pm_timer expires
11-23 20:52:48.261 W/bt-btif (24046): dm_pm_timer expires 0
11-23 20:52:48.261 W/bt-btif (24046): proc dm_pm_timer expires
11-23 20:52:55.468 W/ActivityManager( 1752): Launch timeout has expired, giving up wake lock!
11-23 20:52:56.008 W/ActivityManager( 1752): Activity destroy timeout for ActivityRecord{adee9270 u0 org.dwallach.calwatch/.WearActivity t111 f}
11-23 20:52:56.028 I/DisplayManagerService( 1752): Display device removed: DisplayDeviceInfo{"ActivityViewVirtualDisplay": 320 x 320, 60.0 fps, density 213, 213.0 x 213.0 dpi, touch NONE, rotation 0, type VIRTUAL, state ON, owner android (uid 1000), FLAG_OWN_CONTENT_ONLY}
11-23 20:52:56.048 V/ActivityManager( 1752): Display removed displayId=81
11-23 20:52:56.078 I/DisplayManagerService( 1752): Display device added: DisplayDeviceInfo{"ActivityViewVirtualDisplay": 320 x 320, 60.0 fps, density 213, 213.0 x 213.0 dpi, touch NONE, rotation 0, type VIRTUAL, state OFF, owner android (uid 1000), FLAG_OWN_CONTENT_ONLY}
11-23 20:52:56.078 V/ActivityManager( 1752): Display added displayId=82
11-23 20:52:56.098 V/ActivityManager( 1752): Display changed displayId=82
11-23 20:52:56.118 I/DisplayManagerService( 1752): Display device removed: DisplayDeviceInfo{"ActivityViewVirtualDisplay": 320 x 320, 60.0 fps, density 213, 213.0 x 213.0 dpi, touch NONE, rotation 0, type VIRTUAL, state OFF, owner android (uid 1000), FLAG_OWN_CONTENT_ONLY}
11-23 20:52:56.118 V/ActivityManager( 1752): Display removed displayId=82
11-23 20:52:56.138 W/ClockworkHome.HomeView( 1871): Relaunch 1 of watch face org.dwallach.calwatch/.WearActivity
11-23 20:52:56.158 I/DisplayManagerService( 1752): Display device added: DisplayDeviceInfo{"ActivityViewVirtualDisplay": 320 x 320, 60.0 fps, density 213, 213.0 x 213.0 dpi, touch NONE, rotation 0, type VIRTUAL, state OFF, owner android (uid 1000), FLAG_OWN_CONTENT_ONLY}
11-23 20:52:56.158 V/ActivityManager( 1752): Display added displayId=83
11-23 20:52:56.168 V/ActivityManager( 1752): Display changed displayId=83
11-23 20:52:56.188 I/ActivityManager( 1752): START u0 {flg=0x18010000 cmp=org.dwallach.calwatch/.WearActivity (has extras)} from pid 1871 on display 83
11-23 20:52:56.198 V/ActivityManager( 1752): Display changed displayId=0
11-23 20:52:56.639 D/dalvikvm( 7209): GC_CONCURRENT freed 668K, 33% free 2416K/3592K, paused 2ms+2ms, total 20ms
11-23 20:53:00.392 I/ActivityManager( 1752): Delay finish: com.motorola.targetnotif/com.motorola.omni.NotificationAlarmReceiver
11-23 20:53:00.402 I/ActivityManager( 1752): Resuming delayed broadcast
11-23 20:53:17.609 D/ADSPD   ( 7609): Received from DSP: cmd=0x8000, size=2
11-23 20:53:26.138 I/PowerManagerService( 1752): Going to sleep due to screen timeout...
11-23 20:53:26.138 I/PowerManagerService( 1752): Dozing...
11-23 20:53:26.138 I/DreamController( 1752): Starting dream: name=ComponentInfo{com.google.android.wearable.app/com.google.android.clockwork.home.AmbientMode}, isTest=false, canDoze=true, userId=0
11-23 20:53:26.168 W/InputMethodManagerService( 1752): Ignoring setImeWindowStatus of uid 1000 token: null
11-23 20:53:26.178 D/mot_vr_audio_hw( 1419): dsp_recognizer_enabled = false
11-23 20:53:26.178 D/ADSPD   ( 7609): Client cmd=0x0003, size=4
11-23 20:53:26.178 D/mot_vr_audio_hw( 1419): Switching DSP to standby/passthrough mode
11-23 20:53:26.178 D/mot_vr_audio_hw( 1419): Input 0xb8ebf4f8 ready to read
11-23 20:53:26.188 D/ADSPD   ( 7609): Received from DSP: cmd=0x8003, size=2
11-23 20:53:26.188 D/ADSPD   ( 7609): Client cmd=0x0003, size=4
11-23 20:53:26.188 D/mot_vr_audio_hw( 1419): received recognition control callback, status 0
11-23 20:53:26.208 D/ADSPD   ( 7609): Received from DSP: cmd=0x8003, size=2
11-23 20:53:26.208 D/mot_vr_audio_hw( 1419): received recognition control callback, status 0
11-23 20:53:26.238 W/mot_vr_audio_hw( 1419): Discarded 10 buffers without finding audio data
11-23 20:53:26.238 D/ADSPD   ( 7609): Client cmd=0x0003, size=4
11-23 20:53:26.248 D/mot_vr_audio_hw( 1419): Re-arming DSP
11-23 20:53:26.248 D/mot_vr_audio_hw( 1419): Input 0xb8ebf4f8 standby complete
11-23 20:53:26.258 D/ADSPD   ( 7609): Received from DSP: cmd=0x8003, size=2
11-23 20:53:26.258 D/mot_vr_audio_hw( 1419): received recognition control callback, status 0
11-23 20:53:26.268 D/ADSPD   ( 7609): Client cmd=0x4003, size=2
11-23 20:53:26.268 D/mot_vr_audio_hw( 1419): Input 0xb8ebf4f8 close complete
11-23 20:53:26.308 I/ActivityManager( 1752): START u0 {act=android.intent.action.MAIN cat=[android.intent.category.HOME] flg=0x10000000 cmp=com.google.android.wearable.app/com.google.android.clockwork.home.HomeActivity (has extras)} from pid 1871 on display 0
11-23 20:53:26.308 I/DreamController( 1752): Stopping dream: name=ComponentInfo{com.google.android.wearable.app/com.google.android.clockwork.home.AmbientMode}, isTest=false, canDoze=true, userId=0
11-23 20:53:26.318 I/PowerManagerService( 1752): Sleeping...
11-23 20:53:26.358 I/AmbientMode( 1871): Ambient mode started: canDoze=true, dozeHardware=null
11-23 20:53:26.368 I/AmbientMode( 1871): Dream ended: isDozing=true
11-23 20:53:26.658 W/ActivityManager( 1752): Activity pause timeout for ActivityRecord{adf2a2f0 u0 org.dwallach.calwatch/.WearActivity t116}
11-23 20:53:26.668 E/ClockworkHome( 1871): Tried to exit ambient mode, but enterAmbientMode() was never called.
11-23 20:53:26.668 D/mot_vr_audio_hw( 1419): dsp_recognizer_enabled = true
11-23 20:53:26.668 D/ADSPD   ( 7609): Client cmd=0x0003, size=4
11-23 20:53:26.668 D/mot_vr_audio_hw( 1419): open_input_stream(): devices = 0x80000004, rate = 8000, channels = 0x10
11-23 20:53:26.668 D/mot_vr_audio_hw( 1419): Created resampler for 16000->8000 Hz
11-23 20:53:26.678 D/ADSPD   ( 7609): Received from DSP: cmd=0x8003, size=2
11-23 20:53:26.678 D/ADSPD   ( 7609): Client cmd=0x4003, size=2
11-23 20:53:26.678 D/mot_vr_audio_hw( 1419): received recognition control callback, status 0
11-23 20:53:26.698 D/mot_vr_audio_hw( 1419): in_read waiting for hotword
11-23 20:53:26.718 D/mot_vr_audio_hw( 1419): dsp_recognizer_enabled = false
11-23 20:53:26.718 D/ADSPD   ( 7609): Client cmd=0x0003, size=4
11-23 20:53:26.728 D/mot_vr_audio_hw( 1419): Switching DSP to standby/passthrough mode
11-23 20:53:26.728 D/mot_vr_audio_hw( 1419): Input 0xb8ebf4f8 ready to read
11-23 20:53:26.728 D/ADSPD   ( 7609): Received from DSP: cmd=0x8003, size=2
11-23 20:53:26.728 D/ADSPD   ( 7609): Client cmd=0x0003, size=4
11-23 20:53:26.728 D/mot_vr_audio_hw( 1419): received recognition control callback, status 0
11-23 20:53:26.748 D/ADSPD   ( 7609): Received from DSP: cmd=0x8003, size=2
11-23 20:53:26.748 D/mot_vr_audio_hw( 1419): received recognition control callback, status 0
11-23 20:53:26.778 W/mot_vr_audio_hw( 1419): Discarded 10 buffers without finding audio data
11-23 20:53:26.788 D/ADSPD   ( 7609): Client cmd=0x0003, size=4
11-23 20:53:26.788 D/mot_vr_audio_hw( 1419): Re-arming DSP
11-23 20:53:26.788 D/mot_vr_audio_hw( 1419): Input 0xb8ebf4f8 standby complete
11-23 20:53:26.798 D/ADSPD   ( 7609): Received from DSP: cmd=0x8003, size=2
11-23 20:53:26.798 D/mot_vr_audio_hw( 1419): received recognition control callback, status 0
11-23 20:53:26.798 D/ADSPD   ( 7609): Client cmd=0x4003, size=2
11-23 20:53:26.798 D/mot_vr_audio_hw( 1419): Input 0xb8ebf4f8 close complete
11-23 20:53:26.908 D/SurfaceFlinger( 1417): Screen released, type=0 flinger=0xb7fc2448
11-23 20:53:27.058 D/hwcomposer( 1417): hwc_blank(0: 1)
11-23 20:53:27.058 D/SurfaceControl( 1752): Excessive delay in blankDisplay() while turning screen off: 149ms
11-23 20:53:27.058 I/DisplayManagerService( 1752): Display device changed: DisplayDeviceInfo{"Built-in Screen": 320 x 290, 45.000004 fps, density 213, 203.2 x 204.61111 dpi, touch INTERNAL, rotation 0, type BUILT_IN, state OFF, FLAG_DEFAULT_DISPLAY, FLAG_ROTATES_WITH_CONTENT, FLAG_SECURE, FLAG_SUPPORTS_PROTECTED_BUFFERS}
11-23 20:53:27.058 V/ActivityManager( 1752): Display changed displayId=0
11-23 20:53:27.089 D/MinnowPowerHAL( 1752): power_set_interactive: 0
11-23 20:53:27.089 D/MinnowPowerHAL( 1752): sysfs_write: /sys/devices/platform/omapdss/display0/interactivemode 0
11-23 20:53:27.089 D/MinnowPowerHAL( 1752): sysfs_write: /sys/devices/ocp.2/i2c.6/i2c-0/0-004a/interactivemode 0
11-23 20:53:27.089 D/MinnowPowerHAL( 1752): sysfs_write: /sys/class/leds/lcd-backlight/interactive 0
11-23 20:53:27.089 D/mot_vr_audio_hw( 1752): dsp_set_pm_state = off
11-23 20:53:27.089 D/ADSPD   ( 7609): Client cmd=0x4002, size=2
11-23 20:53:27.089 D/ADSPD   ( 7609): DSP_CMD_DAEMON_SET_PM_STATE : 0
11-23 20:53:28.870 W/bt-btif (24046): dm_pm_timer expires
11-23 20:53:28.870 W/bt-btif (24046): dm_pm_timer expires 0
11-23 20:53:28.870 W/bt-btif (24046): proc dm_pm_timer expires
11-23 20:53:31.162 W/ActivityManager( 1752): Sleep timeout!  Sleeping now.
11-23 20:54:06.541 W/ActivityManager( 1752): Activity stop timeout for ActivityRecord{adf2a2f0 u0 org.dwallach.calwatch/.WearActivity t116}
11-23 20:54:36.431 D/dalvikvm( 6946): GC_CONCURRENT freed 390K, 23% free 2269K/2920K, paused 2ms+1ms, total 34ms
11-23 20:55:46.441 D/dalvikvm( 1752): GC_CONCURRENT freed 276K, 66% free 6032K/17280K, paused 4ms+6ms, total 56ms
11-23 20:59:42.391 D/SensorHALGestureSensor( 1752): Gesture event received! time = 1416797982393971126
11-23 20:59:42.391 I/PowerManagerService( 1752): Waking up from sleep...
11-23 20:59:42.391 W/KeyguardServiceDelegate( 1752): onScreenTurnedOn(): no keyguard service!
11-23 20:59:42.531 D/PowerManagerService-JNI( 1752): Excessive delay in autosuspend_disable() while turning screen on: 142ms
11-23 20:59:42.531 D/MinnowPowerHAL( 1752): power_set_interactive: 1
11-23 20:59:42.531 D/MinnowPowerHAL( 1752): sysfs_write: /sys/devices/platform/omapdss/display0/interactivemode 1
11-23 20:59:42.571 D/MinnowPowerHAL( 1752): sysfs_write: /sys/devices/ocp.2/i2c.6/i2c-0/0-004a/interactivemode 1
11-23 20:59:42.571 D/MinnowPowerHAL( 1752): sysfs_write: /sys/class/leds/lcd-backlight/interactive 1
11-23 20:59:42.571 D/mot_vr_audio_hw( 1752): dsp_set_pm_state = on
11-23 20:59:42.571 D/ADSPD   ( 7609): Client cmd=0x4002, size=2
11-23 20:59:42.571 D/ADSPD   ( 7609): DSP_CMD_DAEMON_SET_PM_STATE : 1
11-23 20:59:42.571 D/PowerManagerService-JNI( 1752): Excessive delay in setInteractive(true) while turning screen on: 34ms
11-23 20:59:42.581 D/mot_vr_audio_hw( 1419): dsp_recognizer_enabled = true
11-23 20:59:42.581 D/mot_vr_audio_hw( 1419): open_input_stream(): devices = 0x80000004, rate = 8000, channels = 0x10
11-23 20:59:42.581 D/mot_vr_audio_hw( 1419): Created resampler for 16000->8000 Hz
11-23 20:59:42.591 V/ActivityManager( 1752): Display changed displayId=0
11-23 20:59:42.591 W/InputMethodManagerService( 1752): Ignoring setImeWindowStatus of uid 1000 token: null
11-23 20:59:42.611 D/mot_vr_audio_hw( 1419): in_read waiting for hotword
11-23 20:59:42.701 D/SurfaceFlinger( 1417): Screen acquired, type=0 flinger=0xb7fc2448
11-23 20:59:42.701 D/hwcomposer( 1417): hwc_blank(0: 0)
11-23 20:59:42.701 D/SensorHAL( 1752): adjustSensorHandle: handle = 9 adjustedHandle = 1
11-23 20:59:42.701 D/SensorHAL( 1752): adjustSensorHandle: handle = 9 adjustedHandle = 1
11-23 20:59:42.701 I/DisplayManagerService( 1752): Display device changed: DisplayDeviceInfo{"Built-in Screen": 320 x 290, 45.000004 fps, density 213, 203.2 x 204.61111 dpi, touch INTERNAL, rotation 0, type BUILT_IN, state ON, FLAG_DEFAULT_DISPLAY, FLAG_ROTATES_WITH_CONTENT, FLAG_SECURE, FLAG_SUPPORTS_PROTECTED_BUFFERS}
11-23 20:59:42.701 V/ActivityManager( 1752): Display changed displayId=0
11-23 20:59:42.721 D/SensorHAL( 1752): adjustSensorHandle: handle = 9 adjustedHandle = 1
11-23 20:59:42.871 E/ADSPD   ( 7609): Timeout on select()
11-23 20:59:42.871 E/ADSPD   ( 7609): NO ACK received after loading firmware
11-23 20:59:42.871 E/ADSPD   ( 7609): Unknown ACK received 0x00
11-23 20:59:42.871 D/ADSPD   ( 7609): Client cmd=0x0003, size=4
11-23 20:59:42.881 D/ADSPD   ( 7609): Received from DSP: cmd=0x8003, size=2
11-23 20:59:42.881 D/ADSPD   ( 7609): Client cmd=0x4003, size=2
11-23 20:59:42.881 D/mot_vr_audio_hw( 1419): received recognition control callback, status 0
11-23 20:59:43.062 D/WearApiHelper( 7209): sendMessage: /SYNC_NEEDED
11-23 20:59:43.072 D/WearApiHelper( 7209): Not connected waiting connection
11-23 20:59:43.082 D/WearableClient( 7209): WearableClientImpl.onPostInitHandler: done
11-23 20:59:43.082 D/WearApiHelper( 7209): Finally connected! Sending message: /SYNC_NEEDED
11-23 20:59:43.082 D/WearApiHelper( 7209): Stack 0
11-23 20:59:43.102 D/dalvikvm( 6983): GC_FOR_ALLOC freed 212K, 25% free 2357K/3108K, paused 13ms, total 14ms
11-23 20:59:43.382 D/dalvikvm( 7209): GC_CONCURRENT freed 420K, 34% free 2386K/3584K, paused 3ms+6ms, total 34ms
11-23 20:59:43.572 D/dalvikvm( 6983): GC_FOR_ALLOC freed 189K, 24% free 2368K/3108K, paused 19ms, total 19ms
11-23 20:59:43.932 D/dalvikvm( 6983): GC_FOR_ALLOC freed 129K, 24% free 2375K/3108K, paused 22ms, total 50ms
11-23 20:59:44.383 D/dalvikvm( 6983): GC_FOR_ALLOC freed 131K, 24% free 2376K/3108K, paused 58ms, total 61ms
11-23 20:59:44.833 D/dalvikvm( 6983): GC_FOR_ALLOC freed 126K, 24% free 2375K/3108K, paused 41ms, total 59ms
11-23 20:59:45.344 D/dalvikvm( 6983): GC_FOR_ALLOC freed 143K, 24% free 2363K/3108K, paused 25ms, total 26ms
11-23 20:59:45.374 I/Fitness ( 6978): WearableSyncServiceReceiver.onReceive
11-23 20:59:45.384 I/ActivityManager( 1752): Delay finish: com.google.android.gms/.fitness.wearables.WearableSyncServiceReceiver
11-23 20:59:45.464 D/WearableClient( 6978): WearableClientImpl.onPostInitHandler: done
11-23 20:59:45.464 I/Fitness ( 6978): syncing to node: e12e6647-0917-4594-a0b8-f42d78390f6d
11-23 20:59:45.514 I/Fitness ( 6978): syncing: 0
11-23 20:59:45.694 I/ActivityManager( 1752): Resuming delayed broadcast
11-23 20:59:45.714 D/dalvikvm( 6983): GC_FOR_ALLOC freed 143K, 24% free 2375K/3108K, paused 36ms, total 36ms
11-23 20:59:46.175 D/dalvikvm( 6983): GC_FOR_ALLOC freed 126K, 24% free 2374K/3108K, paused 57ms, total 60ms
11-23 20:59:46.555 D/dalvikvm( 6983): GC_FOR_ALLOC freed 125K, 24% free 2374K/3108K, paused 41ms, total 41ms
11-23 20:59:48.097 D/WearApiHelper( 7209): Disconnecting
11-23 20:59:49.047 W/bt-btif (24046): dm_pm_timer expires
11-23 20:59:49.047 W/bt-btif (24046): dm_pm_timer expires 0
11-23 20:59:49.047 W/bt-btif (24046): proc dm_pm_timer expires
11-23 21:00:01.790 V/WearReceiverService(12385): message received!
11-23 21:00:01.800 V/ClockFace(12385): clearing caches
11-23 21:00:01.800 V/ClockState(12385): clipping 8 raw events to fit the screen
11-23 21:00:01.800 V/EventLayoutUniform(12385): Event layout success.
11-23 21:00:01.800 V/EventLayoutUniform(12385): Event layout time: 3.90625 ms
11-23 21:00:01.800 V/ClockState(12385): maxLevel for new events: 10000
11-23 21:00:01.800 V/ClockState(12385): number of new events: 1
11-23 21:00:01.800 V/MyViewAnim(12385): update from ClockState
11-23 21:00:01.800 V/MyViewAnim(12385): draw thread desired: true
11-23 21:00:01.800 V/ClockState(12385): new calendar event list, 8 entries
11-23 21:00:01.800 V/ClockFace(12385): clearing caches
11-23 21:00:01.800 V/MyViewAnim(12385): update from ClockState
11-23 21:00:01.800 V/MyViewAnim(12385): draw thread desired: true
11-23 21:00:01.800 V/ClockState(12385): event update complete
11-23 21:00:01.800 V/WearReceiverService(12385): savePreferences
11-23 21:00:03.802 W/bt-btif (24046): dm_pm_timer expires
11-23 21:00:03.802 W/bt-btif (24046): dm_pm_timer expires 0
11-23 21:00:03.802 W/bt-btif (24046): proc dm_pm_timer expires
11-23 21:00:06.775 W/bt-btif (24046): dm_pm_timer expires
11-23 21:00:06.775 W/bt-btif (24046): dm_pm_timer expires 0
11-23 21:00:06.775 W/bt-btif (24046): proc dm_pm_timer expires
11-23 21:00:12.390 I/PowerManagerService( 1752): Going to sleep due to screen timeout...
11-23 21:00:12.390 I/PowerManagerService( 1752): Dozing...
11-23 21:00:12.400 I/DreamController( 1752): Starting dream: name=ComponentInfo{com.google.android.wearable.app/com.google.android.clockwork.home.AmbientMode}, isTest=false, canDoze=true, userId=0
11-23 21:00:12.420 D/mot_vr_audio_hw( 1419): dsp_recognizer_enabled = false
11-23 21:00:12.420 D/ADSPD   ( 7609): Client cmd=0x0003, size=4
11-23 21:00:12.420 D/mot_vr_audio_hw( 1419): Switching DSP to standby/passthrough mode
11-23 21:00:12.420 D/mot_vr_audio_hw( 1419): Input 0xb8ebf4f8 ready to read
11-23 21:00:12.420 W/InputMethodManagerService( 1752): Ignoring setImeWindowStatus of uid 1000 token: null
11-23 21:00:12.430 D/ADSPD   ( 7609): Received from DSP: cmd=0x8003, size=2
11-23 21:00:12.430 D/ADSPD   ( 7609): Client cmd=0x0003, size=4
11-23 21:00:12.430 D/mot_vr_audio_hw( 1419): received recognition control callback, status 0
11-23 21:00:12.440 D/ADSPD   ( 7609): Received from DSP: cmd=0x8003, size=2
11-23 21:00:12.440 D/mot_vr_audio_hw( 1419): received recognition control callback, status 0
11-23 21:00:12.480 W/mot_vr_audio_hw( 1419): Discarded 10 buffers without finding audio data
11-23 21:00:12.480 D/ADSPD   ( 7609): Client cmd=0x0003, size=4
11-23 21:00:12.480 D/mot_vr_audio_hw( 1419): Re-arming DSP
11-23 21:00:12.480 D/mot_vr_audio_hw( 1419): Input 0xb8ebf4f8 standby complete
11-23 21:00:12.490 D/mot_vr_audio_hw( 1419): Input 0xb8ebf4f8 close complete
11-23 21:00:12.490 D/ADSPD   ( 7609): Received from DSP: cmd=0x8003, size=2
11-23 21:00:12.490 D/ADSPD   ( 7609): Client cmd=0x4003, size=2
11-23 21:00:12.490 D/mot_vr_audio_hw( 1419): received recognition control callback, status 0
11-23 21:00:12.550 I/ActivityManager( 1752): START u0 {act=android.intent.action.MAIN cat=[android.intent.category.HOME] flg=0x10000000 cmp=com.google.android.wearable.app/com.google.android.clockwork.home.HomeActivity (has extras)} from pid 1871 on display 0
11-23 21:00:12.560 I/DreamController( 1752): Stopping dream: name=ComponentInfo{com.google.android.wearable.app/com.google.android.clockwork.home.AmbientMode}, isTest=false, canDoze=true, userId=0
11-23 21:00:12.560 I/PowerManagerService( 1752): Sleeping...
11-23 21:00:12.600 I/AmbientMode( 1871): Ambient mode started: canDoze=true, dozeHardware=null
11-23 21:00:12.600 I/AmbientMode( 1871): Dream ended: isDozing=true
11-23 21:00:12.891 W/ActivityManager( 1752): Activity pause timeout for ActivityRecord{adf2a2f0 u0 org.dwallach.calwatch/.WearActivity t116}
11-23 21:00:12.901 V/ActivityManager( 1752): Display changed displayId=0
11-23 21:00:12.911 E/ClockworkHome( 1871): Tried to exit ambient mode, but enterAmbientMode() was never called.
11-23 21:00:12.911 D/mot_vr_audio_hw( 1419): dsp_recognizer_enabled = true
11-23 21:00:12.911 D/ADSPD   ( 7609): Client cmd=0x0003, size=4
11-23 21:00:12.921 D/mot_vr_audio_hw( 1419): open_input_stream(): devices = 0x80000004, rate = 8000, channels = 0x10
11-23 21:00:12.921 D/mot_vr_audio_hw( 1419): Created resampler for 16000->8000 Hz
11-23 21:00:12.931 D/ADSPD   ( 7609): Received from DSP: cmd=0x8003, size=2
11-23 21:00:12.931 D/ADSPD   ( 7609): Client cmd=0x4003, size=2
11-23 21:00:12.931 D/mot_vr_audio_hw( 1419): received recognition control callback, status 0
11-23 21:00:12.951 D/mot_vr_audio_hw( 1419): in_read waiting for hotword
11-23 21:00:12.971 D/mot_vr_audio_hw( 1419): dsp_recognizer_enabled = false
11-23 21:00:12.971 D/ADSPD   ( 7609): Client cmd=0x0003, size=4
11-23 21:00:12.971 D/mot_vr_audio_hw( 1419): Switching DSP to standby/passthrough mode
11-23 21:00:12.971 D/mot_vr_audio_hw( 1419): Input 0xb8ebf4f8 ready to read
11-23 21:00:12.981 D/dalvikvm( 6983): GC_FOR_ALLOC freed 176K, 25% free 2351K/3108K, paused 70ms, total 71ms
11-23 21:00:12.981 D/ADSPD   ( 7609): Received from DSP: cmd=0x8003, size=2
11-23 21:00:12.981 D/ADSPD   ( 7609): Client cmd=0x0003, size=4
11-23 21:00:12.991 D/mot_vr_audio_hw( 1419): received recognition control callback, status 0
11-23 21:00:13.001 D/ADSPD   ( 7609): Received from DSP: cmd=0x8003, size=2
11-23 21:00:13.001 D/mot_vr_audio_hw( 1419): received recognition control callback, status 0
11-23 21:00:13.031 W/mot_vr_audio_hw( 1419): Discarded 10 buffers without finding audio data
11-23 21:00:13.041 D/ADSPD   ( 7609): Client cmd=0x0003, size=4
11-23 21:00:13.041 D/mot_vr_audio_hw( 1419): Re-arming DSP
11-23 21:00:13.041 D/mot_vr_audio_hw( 1419): Input 0xb8ebf4f8 standby complete
11-23 21:00:13.051 D/mot_vr_audio_hw( 1419): Input 0xb8ebf4f8 close complete
11-23 21:00:13.051 D/ADSPD   ( 7609): Received from DSP: cmd=0x8003, size=2
11-23 21:00:13.051 D/ADSPD   ( 7609): Client cmd=0x4003, size=2
11-23 21:00:13.051 D/mot_vr_audio_hw( 1419): received recognition control callback, status 0
11-23 21:00:13.161 D/SurfaceFlinger( 1417): Screen released, type=0 flinger=0xb7fc2448
11-23 21:00:13.321 D/hwcomposer( 1417): hwc_blank(0: 1)
11-23 21:00:13.321 D/SurfaceControl( 1752): Excessive delay in blankDisplay() while turning screen off: 159ms
11-23 21:00:13.321 I/DisplayManagerService( 1752): Display device changed: DisplayDeviceInfo{"Built-in Screen": 320 x 290, 45.000004 fps, density 213, 203.2 x 204.61111 dpi, touch INTERNAL, rotation 0, type BUILT_IN, state OFF, FLAG_DEFAULT_DISPLAY, FLAG_ROTATES_WITH_CONTENT, FLAG_SECURE, FLAG_SUPPORTS_PROTECTED_BUFFERS}
11-23 21:00:13.321 V/ActivityManager( 1752): Display changed displayId=0
11-23 21:00:13.351 D/MinnowPowerHAL( 1752): power_set_interactive: 0
11-23 21:00:13.351 D/MinnowPowerHAL( 1752): sysfs_write: /sys/devices/platform/omapdss/display0/interactivemode 0
11-23 21:00:13.351 D/MinnowPowerHAL( 1752): sysfs_write: /sys/devices/ocp.2/i2c.6/i2c-0/0-004a/interactivemode 0
11-23 21:00:13.351 D/MinnowPowerHAL( 1752): sysfs_write: /sys/class/leds/lcd-backlight/interactive 0
11-23 21:00:13.351 D/mot_vr_audio_hw( 1752): dsp_set_pm_state = off
11-23 21:00:13.351 D/ADSPD   ( 7609): Client cmd=0x4002, size=2
11-23 21:00:13.351 D/ADSPD   ( 7609): DSP_CMD_DAEMON_SET_PM_STATE : 0
11-23 21:00:15.143 W/bt-btif (24046): dm_pm_timer expires
11-23 21:00:15.143 W/bt-btif (24046): dm_pm_timer expires 0
11-23 21:00:15.143 W/bt-btif (24046): proc dm_pm_timer expires
11-23 21:00:17.395 W/ActivityManager( 1752): Sleep timeout!  Sleeping now.
11-23 21:00:24.916 I/FitnessWearable( 6946): Refreshing Platform Data
11-23 21:00:24.936 I/Fitness ( 6978): Account supported from server: true
11-23 21:00:24.936 I/Fitness ( 6978): schedule to sync accounts: [dwallach@gmail.com]
11-23 21:00:24.966 I/FitnessWearable( 6946): Completed query in 34 milliseconds
11-23 21:00:25.377 I/Fitness ( 6978): WearableSyncServiceReceiver.onReceive
11-23 21:00:25.407 D/WearableClient( 6978): WearableClientImpl.onPostInitHandler: done
11-23 21:00:25.417 I/Fitness ( 6978): syncing to node: e12e6647-0917-4594-a0b8-f42d78390f6d
11-23 21:00:25.437 I/Fitness ( 6978): syncing: 0
11-23 21:00:26.798 W/bt-btif (24046): dm_pm_timer expires
11-23 21:00:26.798 W/bt-btif (24046): dm_pm_timer expires 0
11-23 21:00:26.798 W/bt-btif (24046): proc dm_pm_timer expires
11-23 21:00:29.891 W/ActivityManager( 1752): Activity stop timeout for ActivityRecord{adf2a2f0 u0 org.dwallach.calwatch/.WearActivity t116}
11-23 21:00:39.886 I/FitnessWearable( 6946): Refreshing Platform Data
11-23 21:00:39.896 I/Fitness ( 6978): Account supported from cache: true
11-23 21:00:39.896 I/Fitness ( 6978): schedule to sync accounts: [dwallach@gmail.com]
11-23 21:00:39.926 D/dalvikvm( 6946): GC_CONCURRENT freed 386K, 23% free 2271K/2920K, paused 3ms+1ms, total 29ms
11-23 21:00:39.946 I/FitnessWearable( 6946): Completed query in 37 milliseconds
11-23 21:00:40.377 I/Fitness ( 6978): WearableSyncServiceReceiver.onReceive
11-23 21:00:40.417 D/WearableClient( 6978): WearableClientImpl.onPostInitHandler: done
11-23 21:00:40.417 I/Fitness ( 6978): syncing to node: e12e6647-0917-4594-a0b8-f42d78390f6d
11-23 21:00:40.437 I/Fitness ( 6978): syncing: 0
11-23 21:00:41.798 W/bt-btif (24046): dm_pm_timer expires
11-23 21:00:41.798 W/bt-btif (24046): dm_pm_timer expires 0
11-23 21:00:41.798 W/bt-btif (24046): proc dm_pm_timer expires
11-23 21:00:56.332 V/WearReceiverService(12385): message received!
11-23 21:00:56.332 V/ClockFace(12385): clearing caches
11-23 21:00:56.332 V/ClockState(12385): clipping 0 raw events to fit the screen
11-23 21:00:56.332 V/ClockState(12385): maxLevel for new events: 10000
11-23 21:00:56.332 V/ClockState(12385): number of new events: 0
11-23 21:00:56.332 V/MyViewAnim(12385): update from ClockState
11-23 21:00:56.332 V/MyViewAnim(12385): draw thread desired: true
11-23 21:00:56.332 V/ClockState(12385): new calendar event list, 0 entries
11-23 21:00:56.332 V/ClockFace(12385): clearing caches
11-23 21:00:56.332 V/MyViewAnim(12385): update from ClockState
11-23 21:00:56.332 V/MyViewAnim(12385): draw thread desired: true
11-23 21:00:56.332 V/ClockState(12385): event update complete
11-23 21:00:56.332 V/WearReceiverService(12385): savePreferences
11-23 21:00:56.382 V/WearReceiverService(12385): message received!
11-23 21:00:56.392 V/ClockFace(12385): clearing caches
11-23 21:00:56.392 V/ClockState(12385): clipping 8 raw events to fit the screen
11-23 21:00:56.392 V/EventLayoutUniform(12385): Event layout success.
11-23 21:00:56.392 V/EventLayoutUniform(12385): Event layout time: 3.356934 ms
11-23 21:00:56.392 V/ClockState(12385): maxLevel for new events: 10000
11-23 21:00:56.392 V/ClockState(12385): number of new events: 1
11-23 21:00:56.392 V/MyViewAnim(12385): update from ClockState
11-23 21:00:56.392 V/MyViewAnim(12385): draw thread desired: true
11-23 21:00:56.392 V/ClockState(12385): new calendar event list, 8 entries
11-23 21:00:56.392 V/ClockFace(12385): clearing caches
11-23 21:00:56.392 V/MyViewAnim(12385): update from ClockState
11-23 21:00:56.392 V/MyViewAnim(12385): draw thread desired: true
11-23 21:00:56.392 V/ClockState(12385): event update complete
11-23 21:00:56.392 V/WearReceiverService(12385): savePreferences
11-23 21:00:56.413 D/dalvikvm(12385): GC_FOR_ALLOC freed 422K, 24% free 2508K/3272K, paused 17ms, total 19ms
11-23 21:00:58.344 W/bt-btif (24046): dm_pm_timer expires
11-23 21:00:58.344 W/bt-btif (24046): dm_pm_timer expires 0
11-23 21:00:58.344 W/bt-btif (24046): proc dm_pm_timer expires
11-23 21:01:01.277 W/bt-btif (24046): dm_pm_timer expires
11-23 21:01:01.277 W/bt-btif (24046): dm_pm_timer expires 0
11-23 21:01:01.277 W/bt-btif (24046): proc dm_pm_timer expires
11-23 21:03:41.391 D/ConnectivityService( 1752): Sampling interval elapsed, updating statistics ..
11-23 21:03:41.421 D/ConnectivityService( 1752): Done.
11-23 21:03:41.421 D/ConnectivityService( 1752): Setting timer for 720seconds
11-23 21:06:27.262 I/ConfigFetchService( 7248): onStartCommand Intent { act=com.google.android.gms.gcm.ACTION_TASK_READY cmp=com.google.android.gms/.config.ConfigFetchService (has extras) }
11-23 21:06:27.262 I/ConfigService( 7004): onCreate
11-23 21:06:27.262 I/ConfigFetchService( 7248): running network task: configservice_periodic
11-23 21:06:27.272 I/ConfigService( 7004): onBind for Intent { act=com.google.android.gms.config.UPDATE pkg=com.google.android.gms } action com.google.android.gms.config.UPDATE
11-23 21:06:27.272 I/ConfigService( 7004): onBind returning update interface
11-23 21:06:27.272 I/ConfigService( 7004): onBind for Intent { act=com.google.android.gms.config.START pkg=com.google.android.gms } action com.google.android.gms.config.START
11-23 21:06:27.272 I/ConfigService( 7004): onBind returning config service
11-23 21:06:27.272 I/ConfigFetchService( 7248): service connected
11-23 21:06:27.282 I/ConfigClient( 7248): service connected
11-23 21:06:27.282 I/ConfigFetchService( 7248): launchTask
11-23 21:06:27.282 W/ConfigFetchTask( 7248): failed to get the device data version info from checkin service
11-23 21:06:27.282 W/ConfigFetchTask( 7248): com.google.android.gms.common.i
11-23 21:06:27.282 W/ConfigFetchTask( 7248): 	at com.google.android.gms.checkin.e.a(SourceFile:52)
11-23 21:06:27.282 W/ConfigFetchTask( 7248): 	at com.google.android.gms.config.f.a(SourceFile:169)
11-23 21:06:27.282 W/ConfigFetchTask( 7248): 	at com.google.android.gms.config.f.doInBackground(SourceFile:39)
11-23 21:06:27.282 W/ConfigFetchTask( 7248): 	at android.os.AsyncTask$2.call(AsyncTask.java:288)
11-23 21:06:27.282 W/ConfigFetchTask( 7248): 	at java.util.concurrent.FutureTask.run(FutureTask.java:237)
11-23 21:06:27.282 W/ConfigFetchTask( 7248): 	at android.os.AsyncTask$SerialExecutor$1.run(AsyncTask.java:231)
11-23 21:06:27.282 W/ConfigFetchTask( 7248): 	at java.util.concurrent.ThreadPoolExecutor.runWorker(ThreadPoolExecutor.java:1112)
11-23 21:06:27.282 W/ConfigFetchTask( 7248): 	at java.util.concurrent.ThreadPoolExecutor$Worker.run(ThreadPoolExecutor.java:587)
11-23 21:06:27.282 W/ConfigFetchTask( 7248): 	at java.lang.Thread.run(Thread.java:841)
11-23 21:06:27.302 I/GoogleHttpClient( 7248): Falling back to old SSLCertificateSocketFactory
11-23 21:06:28.013 D/ClockworkProxy( 1871): doAccept: Create socket stream 438 for TCP connection from /192.168.167.239:49113 to /74.125.194.102:443
11-23 21:06:28.013 D/ClockworkProxy( 1871): doAccept: rpc succeeded. Activate stream 438
11-23 21:06:29.184 I/ConfigFetchService( 7248): fetch service done; releasing wakelock
11-23 21:06:29.184 I/ConfigFetchService( 7248): stopping self
11-23 21:06:29.224 I/ConfigService( 7004): onDestroy
11-23 21:06:31.186 W/bt-btif (24046): dm_pm_timer expires
11-23 21:06:31.186 W/bt-btif (24046): dm_pm_timer expires 0
11-23 21:06:31.186 W/bt-btif (24046): proc dm_pm_timer expires
11-23 21:07:27.332 I/Clockwork.Settings( 1871): Companion requested the watch start a time sync.
11-23 21:07:27.332 I/Clockwork.Settings( 1871): sending time sync request - elapsedRealTime: 2038493492
11-23 21:07:27.392 I/Clockwork.Settings( 1871): time sync update time to 1416798448278, latency 64 ms
11-23 21:07:27.402 I/Clockwork.Settings( 1871): time sync timezone: America/Chicago
11-23 21:07:27.402 D/        ( 1752): Setting time of day to sec=1416798448
11-23 21:07:28.299 I/Clockwork.TimeService( 1981): set timezone to America/Chicago
11-23 21:07:28.299 D/AlarmManagerService( 1752): Kernel timezone updated to 360 minutes west of GMT
11-23 21:07:28.329 I/CheckinService( 7248): active receiver: disabled
11-23 21:07:28.359 D/GCM     ( 7004): GcmService start Intent { act=com.google.android.checkin.CHECKIN_COMPLETE flg=0x10 cmp=com.google.android.gms/.gcm.GcmService (has extras) } com.google.android.checkin.CHECKIN_COMPLETE
11-23 21:07:28.359 I/ActivityManager( 1752): Delay finish: com.google.android.gms/.gcm.ServiceAutoStarter
11-23 21:07:28.359 I/ActivityManager( 1752): Resuming delayed broadcast
11-23 21:07:30.270 W/bt-btif (24046): dm_pm_timer expires
11-23 21:07:30.270 W/bt-btif (24046): dm_pm_timer expires 0
11-23 21:07:30.270 W/bt-btif (24046): proc dm_pm_timer expires
11-23 21:07:33.303 I/ActivityManager( 1752): Delay finish: com.android.providers.calendar/.CalendarProviderBroadcastReceiver
11-23 21:07:33.364 I/ActivityManager( 1752): Resuming delayed broadcast
11-23 21:07:35.385 I/ActivityManager( 1752): Delay finish: com.motorola.targetnotif/com.motorola.omni.NotificationAlarmReceiver
11-23 21:07:35.395 I/ActivityManager( 1752): Resuming delayed broadcast
11-23 21:08:09.606 D/SensorHALGestureSensor( 1752): Gesture event received! time = 1416798489609028256
11-23 21:08:09.606 I/PowerManagerService( 1752): Waking up from sleep...
11-23 21:08:09.606 W/KeyguardServiceDelegate( 1752): onScreenTurnedOn(): no keyguard service!
11-23 21:08:09.736 D/PowerManagerService-JNI( 1752): Excessive delay in autosuspend_disable() while turning screen on: 131ms
11-23 21:08:09.736 D/MinnowPowerHAL( 1752): power_set_interactive: 1
11-23 21:08:09.736 D/MinnowPowerHAL( 1752): sysfs_write: /sys/devices/platform/omapdss/display0/interactivemode 1
11-23 21:08:09.776 D/MinnowPowerHAL( 1752): sysfs_write: /sys/devices/ocp.2/i2c.6/i2c-0/0-004a/interactivemode 1
11-23 21:08:09.776 D/MinnowPowerHAL( 1752): sysfs_write: /sys/class/leds/lcd-backlight/interactive 1
11-23 21:08:09.776 D/mot_vr_audio_hw( 1752): dsp_set_pm_state = on
11-23 21:08:09.776 D/ADSPD   ( 7609): Client cmd=0x4002, size=2
11-23 21:08:09.776 D/ADSPD   ( 7609): DSP_CMD_DAEMON_SET_PM_STATE : 1
11-23 21:08:09.776 D/PowerManagerService-JNI( 1752): Excessive delay in setInteractive(true) while turning screen on: 34ms
11-23 21:08:09.776 D/ADSPD   ( 7609): ACK success!
11-23 21:08:09.786 D/mot_vr_audio_hw( 1419): dsp_recognizer_enabled = true
11-23 21:08:09.786 D/ADSPD   ( 7609): Client cmd=0x0003, size=4
11-23 21:08:09.786 D/mot_vr_audio_hw( 1419): open_input_stream(): devices = 0x80000004, rate = 8000, channels = 0x10
11-23 21:08:09.786 D/mot_vr_audio_hw( 1419): Created resampler for 16000->8000 Hz
11-23 21:08:09.796 D/ADSPD   ( 7609): Received from DSP: cmd=0x8003, size=2
11-23 21:08:09.796 D/ADSPD   ( 7609): Client cmd=0x4003, size=2
11-23 21:08:09.796 D/mot_vr_audio_hw( 1419): received recognition control callback, status 0
11-23 21:08:09.796 V/ActivityManager( 1752): Display changed displayId=0
11-23 21:08:09.806 D/mot_vr_audio_hw( 1419): in_read waiting for hotword
11-23 21:08:09.806 W/InputMethodManagerService( 1752): Ignoring setImeWindowStatus of uid 1000 token: null
11-23 21:08:09.906 D/SurfaceFlinger( 1417): Screen acquired, type=0 flinger=0xb7fc2448
11-23 21:08:09.906 D/hwcomposer( 1417): hwc_blank(0: 0)
11-23 21:08:09.906 D/SensorHAL( 1752): adjustSensorHandle: handle = 9 adjustedHandle = 1
11-23 21:08:09.906 D/SensorHAL( 1752): adjustSensorHandle: handle = 9 adjustedHandle = 1
11-23 21:08:09.936 D/SensorHAL( 1752): adjustSensorHandle: handle = 9 adjustedHandle = 1
11-23 21:08:09.936 I/DisplayManagerService( 1752): Display device changed: DisplayDeviceInfo{"Built-in Screen": 320 x 290, 45.000004 fps, density 213, 203.2 x 204.61111 dpi, touch INTERNAL, rotation 0, type BUILT_IN, state ON, FLAG_DEFAULT_DISPLAY, FLAG_ROTATES_WITH_CONTENT, FLAG_SECURE, FLAG_SUPPORTS_PROTECTED_BUFFERS}
11-23 21:08:09.936 V/ActivityManager( 1752): Display changed displayId=0
11-23 21:08:11.678 I/Process (12385): Sending signal. PID: 12385 SIG: 9
11-23 21:08:11.698 W/InputMethodManagerService( 1752): Window already focused, ignoring focus gain of: com.android.internal.view.IInputMethodClient$Stub$Proxy@adf21e00 attribute=null, token = android.os.BinderProxy@aded12e8
11-23 21:08:11.708 I/ActivityManager( 1752): Process org.dwallach.calwatch (pid 12385) has died.
11-23 21:08:11.718 W/ActivityManager( 1752): Scheduling restart of crashed service org.dwallach.calwatch/.WearReceiverService in 1000ms
11-23 21:08:11.738 I/ActivityManager( 1752): Start proc org.dwallach.calwatch for activity org.dwallach.calwatch/.WearActivity: pid=15222 uid=10046 gids={50046, 1028, 1015}
11-23 21:08:11.758 V/ActivityManager( 1752): Display changed displayId=0
11-23 21:08:11.828 W/bt-btif (24046): dm_pm_timer expires
11-23 21:08:11.828 W/bt-btif (24046): dm_pm_timer expires 0
11-23 21:08:11.828 W/bt-btif (24046): proc dm_pm_timer expires
11-23 21:08:11.838 V/WearActivity(15222): starting onCreate
11-23 21:08:11.838 I/VersionWrapper(15222): Version: release1b-rc1 (290)
11-23 21:08:11.838 V/WearNotificationHelper(15222): init: active=true
11-23 21:08:11.868 V/WearActivity(15222): initAmbientWatcher: starting
11-23 21:08:11.868 V/WearActivity(15222): initializing tickReceiver
11-23 21:08:11.878 V/WearActivity(15222): initializing displayListener
11-23 21:08:11.878 V/WearActivity(15222): initAmbientWatcher: complete
11-23 21:08:11.878 V/WearActivity(15222): Resume!
11-23 21:08:11.898 V/WearReceiverService(15222): starting listening service
11-23 21:08:11.898 V/WearReceiverService(15222): onCreate!
11-23 21:08:11.898 V/WearReceiverService(15222): Trying to connect to GoogleApi
11-23 21:08:11.928 V/WearReceiverService(15222): service starting!
11-23 21:08:11.928 V/BatteryWrapper(15222): Hmm, a new context
11-23 21:08:11.928 V/WearReceiverService(15222): loadPreferences
11-23 21:08:11.928 V/WearNotificationHelper(15222): nuking any notifications, just in case
11-23 21:08:11.978 V/ClockState(15222): new calendar event list, 8 entries
11-23 21:08:11.978 V/ClockState(15222): event update complete
11-23 21:08:11.978 D/dalvikvm(15222): GC_CONCURRENT freed 181K, 16% free 2089K/2472K, paused 2ms+7ms, total 36ms
11-23 21:08:11.988 V/WearReceiverService(15222): service starting!
11-23 21:08:11.988 V/WearReceiverService(15222): clock state already initialized, no need to go to saved prefs
11-23 21:08:11.998 V/MyViewAnim(15222): setup! numViewAnims: 1
11-23 21:08:11.998 V/MyViewAnim(15222): initializing ClockFace
11-23 21:08:11.998 V/ClockFace(15222): ClockFace setup!
11-23 21:08:11.998 V/ClockFace(15222): clearing caches
11-23 21:08:11.998 V/ClockState(15222): clipping 8 raw events to fit the screen
11-23 21:08:12.008 V/EventLayoutUniform(15222): Event layout success.
11-23 21:08:12.008 V/EventLayoutUniform(15222): Event layout time: 11.627198 ms
11-23 21:08:12.008 V/ClockState(15222): maxLevel for new events: 10000
11-23 21:08:12.008 V/ClockState(15222): number of new events: 1
11-23 21:08:12.008 V/ClockFace(15222): Moto 360 detected. Flat bottom hack enabled.
11-23 21:08:12.008 V/MyViewAnim(15222): draw thread desired: true
11-23 21:08:12.008 V/WearActivity(15222): starting data API receiver
11-23 21:08:12.068 D/OpenGLRenderer(15222): Enabling debug mode 0
11-23 21:08:12.088 V/MyViewAnim(15222): Drawing surface created!
11-23 21:08:12.088 V/MyViewAnim(15222): Drawing surface changed!
11-23 21:08:12.088 V/ClockFace(15222): clearing caches
11-23 21:08:12.108 D/WearableClient(15222): WearableClientImpl.onPostInitHandler: done
11-23 21:08:12.219 I/ActivityManager( 1752): Displayed org.dwallach.calwatch/.WearActivity: +493ms (total +3m18s237ms)
11-23 21:08:12.219 I/DisplayManagerService( 1752): Display device changed: DisplayDeviceInfo{"ActivityViewVirtualDisplay": 320 x 320, 60.0 fps, density 213, 213.0 x 213.0 dpi, touch NONE, rotation 0, type VIRTUAL, state ON, owner android (uid 1000), FLAG_OWN_CONTENT_ONLY}
11-23 21:08:12.229 V/WearReceiverService(15222): Connected to Google Api Service
11-23 21:08:12.229 V/WearReceiverService(15222): pinging phone for data
11-23 21:08:12.229 V/ActivityManager( 1752): Display changed displayId=83
11-23 21:08:12.259 V/WearActivity(15222): display changed: 83, new state: 2
11-23 21:08:12.259 V/WearActivity(15222): onDisplayChanged: on!
11-23 21:08:12.259 V/WearActivity(15222): killing alarms
11-23 21:08:12.259 V/WearActivity(15222): startHelper: putting it all back together again
11-23 21:08:12.259 V/WearActivity(15222): initAlarm: setting up
11-23 21:08:12.269 I/ClockFace(15222): Ambient mode: false
11-23 21:08:12.269 V/MyViewAnim(15222): resumeMaxHertz
11-23 21:08:12.269 V/ClockFace(15222): clearing caches
11-23 21:08:12.269 V/MyViewAnim(15222): starting new animator
11-23 21:08:12.269 V/MyViewAnim(15222): Time listener is up!
11-23 21:08:12.269 V/MyViewAnim(15222): starting new draw thread
11-23 21:08:12.289 V/ClockFace(15222): rendering new face, faceMode(0)
11-23 21:08:12.329 V/WearReceiverService(15222): Sending to node: e12e6647-0917-4594-a0b8-f42d78390f6d
11-23 21:08:12.379 D/dalvikvm( 6983): GC_FOR_ALLOC freed 337K, 25% free 2361K/3108K, paused 24ms, total 28ms
11-23 21:08:12.379 V/WearReceiverService(15222): ping delivered!
11-23 21:08:12.379 V/ClockFace(15222): fetching new battery status (1)
11-23 21:08:12.379 V/ClockFace(15222): battery at 0.69
11-23 21:08:13.270 E/bt-btm  (24046): btm_sec_disconnected - Clearing Pending flag
11-23 21:08:13.270 W/bt-btif (24046): invalid rfc slot id: 47, btsock_rfc_signaled
11-23 21:08:13.420 I/WearableConn( 6983): Connection closed, waiting.
11-23 21:08:13.450 I/ActivityManager( 1752): Start proc com.google.android.apps.wearable.bugreportsender for service com.google.android.apps.wearable.bugreportsender/com.google.android.clockwork.bugreportsender.ClockworkListenerService: pid=15239 uid=10002 gids={50002}
11-23 21:08:13.470 I/WearableConn( 6983): Waiting 0.1 seconds to retry connection
11-23 21:08:13.510 I/ActivityManager( 1752): Start proc com.google.android.deskclock for service com.google.android.deskclock/.AlarmListenerService: pid=15246 uid=10016 gids={50016}
11-23 21:08:13.620 D/BluetoothManagerService( 1752): checkIfCallerIsForegroundUser: valid=true callingUser=0 foregroundUser=0
11-23 21:08:13.630 W/BluetoothAdapter( 6983): getBluetoothService() called with no BluetoothManagerCallback
11-23 21:08:13.630 E/BluetoothServiceJni(24046): SOCK FLAG = 3 ***********************
11-23 21:08:13.640 I/WearableConn( 6983): Accepting connections
11-23 21:08:13.670 D/WearableClient( 6920): WearableClientImpl.onPostInitHandler: done
11-23 21:08:13.690 I/BluetoothAdapterProperties(24046): adapterPropertyChangedCallback with type:9 len:4
11-23 21:08:13.750 D/dalvikvm( 1752): GC_EXPLICIT freed 688K, 65% free 6200K/17280K, paused 3ms+9ms, total 66ms
11-23 21:08:13.760 D/BluetoothAdapterProperties(24046): Discoverable Timeout:0
11-23 21:08:13.760 I/BluetoothAdapterProperties(24046): adapterPropertyChangedCallback with type:7 len:4
11-23 21:08:13.760 D/BluetoothAdapterProperties(24046): Scan Mode:21
11-23 21:08:13.770 D/WearableBluetooth( 6983): set scan mode to 21 (enabled)
11-23 21:08:13.860 I/ActivityManager( 1752): Start proc com.google.android.maps.mytracks for service com.google.android.maps.mytracks/com.google.android.apps.mytracks.services.WearListenerService: pid=15267 uid=10029 gids={50029}
11-23 21:08:13.900 D/dalvikvm(24046): GC_CONCURRENT freed 391K, 24% free 1954K/2572K, paused 1ms+1ms, total 279ms
11-23 21:08:13.960 D/dalvikvm( 6983): GC_CONCURRENT freed 439K, 25% free 2332K/3108K, paused 1ms+2ms, total 142ms
11-23 21:08:14.000 I/ActivityManager( 1752): Start proc com.google.android.apps.maps for service com.google.android.apps.maps/com.google.android.apps.gmmwearable.MapsListenerService: pid=15280 uid=10020 gids={50020}
11-23 21:08:14.120 D/WearableClient( 7196): WearableClientImpl.onPostInitHandler: done
11-23 21:08:14.291 D/ClockworkProxy( 1871): onPeerDisconnected
11-23 21:08:14.291 D/ClockworkProxy( 1871): Tearing down native proxy service...
11-23 21:08:14.291 D/ConnectivityService( 1752): ConnectivityChange for PROXY: DISCONNECTED/DISCONNECTED
11-23 21:08:14.301 D/NetUtils( 1752): android_net_utils_resetConnections in env=0xb8ff6d38 clazz=0xbfa00001 iface=ifb0 mask=0x3
11-23 21:08:14.301 D/ConnectivityService( 1752): tryFailover: set mActiveDefaultNetwork=-1, prevNetType=16
11-23 21:08:14.301 D/ConnectivityService( 1752): Attempting to switch to BLUETOOTH_TETHER
11-23 21:08:14.301 D/ConnectivityService( 1752): resetConnections(ifb0, 3)
11-23 21:08:14.301 D/Nat464Xlat( 1752): requiresClat: netType=16, hasIPv4Address=false
11-23 21:08:14.381 D/LocationWearablesListenerService( 6978): onPeerDisconnected
11-23 21:08:14.401 D/PhoneListenerService( 7184): onPeerDisconnected
11-23 21:08:14.451 D/WearableClient( 7230): WearableClientImpl.onPostInitHandler: done
11-23 21:08:14.491 V/WearReceiverService(15222): phone is disconnected!, e12e6647-0917-4594-a0b8-f42d78390f6d
11-23 21:08:14.711 D/ClockworkProxy( 1871): Closed TCP Stream 438
11-23 21:08:14.731 W/ClockworkProxy( 1871): Exception sendToOtherNode: type 4
11-23 21:08:14.731 W/ClockworkProxy( 1871): com.google.android.wearable.gmsclient.WearableException: sendRpc failed: Status{statusCode=unknown status code: 4000, resolution=null}
11-23 21:08:14.731 W/ClockworkProxy( 1871): 	at com.google.android.wearable.gmsclient.MessageManager.sendMessage(MessageManager.java:65)
11-23 21:08:14.731 W/ClockworkProxy( 1871): 	at com.google.android.clockwork.proxy.ClockworkProxy.sendToOtherNode(ClockworkProxy.java:169)
11-23 21:08:14.731 W/ClockworkProxy( 1871): 	at com.google.android.clockwork.proxy.ClockworkProxy.sendTcpDataToOtherNode(ClockworkProxy.java:182)
11-23 21:08:14.731 W/ClockworkProxy( 1871): 	at com.google.android.clockwork.proxy.ClockworkProxy.sendCloseToOtherNode(ClockworkProxy.java:193)
11-23 21:08:14.731 W/ClockworkProxy( 1871): 	at com.google.android.clockwork.proxy.ClockworkProxy.doClose(ClockworkProxy.java:285)
11-23 21:08:14.731 W/ClockworkProxy( 1871): 	at com.google.android.clockwork.proxy.ClockworkProxyTcpSocketIoManager.doClose(ClockworkProxyTcpSocketIoManager.java:334)
11-23 21:08:14.731 W/ClockworkProxy( 1871): 	at com.google.android.clockwork.proxy.ClockworkProxyTcpSocketIoManager.close(ClockworkProxyTcpSocketIoManager.java:346)
11-23 21:08:14.731 W/ClockworkProxy( 1871): 	at com.google.android.clockwork.proxy.ClockworkProxyTcpSocketIoManager.disconnectAllPendingSockets(ClockworkProxyTcpSocketIoManager.java:258)
11-23 21:08:14.731 W/ClockworkProxy( 1871): 	at com.google.android.clockwork.proxy.ClockworkProxyTcpSocketIoManager.runSelectLoop(ClockworkProxyTcpSocketIoManager.java:192)
11-23 21:08:14.731 W/ClockworkProxy( 1871): 	at com.google.android.clockwork.proxy.ClockworkProxy$1.run(ClockworkProxy.java:124)
11-23 21:08:14.741 D/ClockworkProxy( 1871): Clockwork proxy TCP relaying thread stopped
11-23 21:08:14.741 D/ClockworkProxy( 1871): Stop UDP relaying thread
11-23 21:08:14.741 D/ClockworkProxy( 1871): Clockwork proxy UDP relaying thread stopped
11-23 21:08:15.181 D/dalvikvm(15280): GC_CONCURRENT freed 219K, 18% free 2026K/2448K, paused 2ms+41ms, total 112ms
11-23 21:08:16.533 I/PowerManagerService( 1752): Going to sleep due to screen timeout...
11-23 21:08:16.533 I/PowerManagerService( 1752): Dozing...
11-23 21:08:16.543 V/WearActivity(15222): Pause!
11-23 21:08:16.543 I/DreamController( 1752): Starting dream: name=ComponentInfo{com.google.android.wearable.app/com.google.android.clockwork.home.AmbientMode}, isTest=false, canDoze=true, userId=0
