05-15 16:50:57.525 689-689/? W/ContextImpl: Calling a method in the system process without a qualified user: android.app.ContextImpl.startService:1221 android.content.ContextWrapper.startService:581 android.content.ContextWrapper.startService:581 com.google.android.clockwork.settings.NetworkPolicyNotificationReceiver.onReceive:14 android.app.ActivityThread.handleReceiver:2725
05-15 16:50:57.535 26083-26083/? E/FitnessWearable: sync intent not found
05-15 16:50:57.539 466-807/? I/BroadcastQueue: Delay finish: com.google.android.apps.fitness/com.google.android.wearable.fitness.summary.notification.NotificationReceiver
05-15 16:50:57.549 26083-32064/? I/FitnessWearable: Checking fitness notification
05-15 16:50:57.563 466-20840/? I/BroadcastQueue: Resuming delayed broadcast
05-15 16:50:58.577 25867-25876/? I/art: CollectorTransition marksweep + semispace GC freed 8(-222KB) AllocSpace objects, 0(0B) LOS objects, 21% free, 7MB/9MB, paused 69.567ms total 69.567ms
05-15 16:50:59.298 27384-27410/? D/bt_btm_pm: btm_pm_snd_md_req switching from ACTIVE to SNIFF.
05-15 16:50:59.331 27384-27410/? D/bt_btm_pm: btm_pm_proc_mode_change switched from UNKNOWN to SNIFF.
05-15 16:51:00.006 863-863/? I/AmbientService: Ambient Updating
05-15 16:51:00.015 466-505/? I/DisplayManagerService: Display device changed state: "Built-in Screen", DOZE
05-15 16:51:00.177 466-505/? I/DisplayManagerService: Display device changed state: "Built-in Screen", DOZE_SUSPEND
05-15 16:51:00.376 466-492/? E/KernelUidCpuTimeReader: Failed to read uid_cputime: /proc/uid_cputime/show_uid_stat: open failed: ENOENT (No such file or directory)
05-15 16:52:01.362 863-863/? I/AmbientService: Ambient Updating
05-15 16:52:01.380 466-505/? I/DisplayManagerService: Display device changed state: "Built-in Screen", DOZE
05-15 16:52:01.425 25836-32037/? W/Fitness: Failed to authenticate org.dwallach.calwatch: ekw@c69f0a
05-15 16:52:01.439 24918-24918/? I/chatty: uid=10036(org.dwallach.calwatch) expire 10 lines
05-15 16:52:01.537 466-505/? I/DisplayManagerService: Display device changed state: "Built-in Screen", DOZE_SUSPEND
05-15 16:52:01.545 200-264/? I/chatty: uid=1000(system) hwcVsyncThread expire 11 lines
05-15 16:53:00.009 863-863/? I/AmbientService: Ambient Updating
05-15 16:53:00.018 466-505/? I/DisplayManagerService: Display device changed state: "Built-in Screen", DOZE
05-15 16:53:00.060 25836-32037/? W/Fitness: Failed to authenticate org.dwallach.calwatch: ekw@c69f0a
05-15 16:53:00.164 466-505/? I/DisplayManagerService: Display device changed state: "Built-in Screen", DOZE_SUSPEND
05-15 16:54:00.358 863-863/? I/AmbientService: Ambient Updating
05-15 16:54:00.369 466-505/? I/DisplayManagerService: Display device changed state: "Built-in Screen", DOZE
05-15 16:54:00.375 200-200/? I/chatty: uid=1000(system) /system/bin/surfaceflinger expire 10 lines
05-15 16:54:00.401 25836-32037/? W/Fitness: Failed to authenticate org.dwallach.calwatch: ekw@c69f0a
05-15 16:54:00.509 466-505/? I/DisplayManagerService: Display device changed state: "Built-in Screen", DOZE_SUSPEND
05-15 16:54:59.423 466-492/? E/KernelUidCpuTimeReader: Failed to read uid_cputime: /proc/uid_cputime/show_uid_stat: open failed: ENOENT (No such file or directory)
05-15 16:55:00.013 466-505/? I/DisplayManagerService: Display device changed state: "Built-in Screen", DOZE
05-15 16:55:00.042 863-863/? I/AmbientService: Ambient Updating
05-15 16:55:00.088 25836-32037/? W/Fitness: Failed to authenticate org.dwallach.calwatch: ekw@c69f0a
05-15 16:55:00.202 466-505/? I/DisplayManagerService: Display device changed state: "Built-in Screen", DOZE_SUSPEND
05-15 16:55:00.208 200-264/? I/chatty: uid=1000(system) hwcVsyncThread expire 11 lines
05-15 16:55:31.760 27384-27410/? D/bt_btm_pm: btm_pm_snd_md_req switching from SNIFF to ACTIVE.
05-15 16:55:31.760 27384-27410/? D/bt_btm_pm: btm_pm_proc_mode_change switched from SNIFF to ACTIVE.
05-15 16:55:31.983 26083-26092/? I/art: CollectorTransition marksweep + semispace GC freed 395(-295KB) AllocSpace objects, 1(20KB) LOS objects, 19% free, 8MB/10MB, paused 86.499ms total 86.499ms
05-15 16:55:32.569 27384-27410/? D/bt_btm_pm: btm_pm_snd_md_req switching from ACTIVE to SNIFF.
05-15 16:55:32.601 27384-27410/? D/bt_btm_pm: btm_pm_proc_mode_change switched from UNKNOWN to SNIFF.
05-15 16:55:33.022 26083-26083/? I/FitnessWearable: Completed Phone Sync
05-15 16:55:33.022 26083-26083/? I/FitnessWearable: Checking on account update
05-15 16:55:33.041 26083-31751/? I/FitnessWearable: Trying to insert platform daily totals
05-15 16:55:33.447 26083-26092/? I/art: Background sticky concurrent mark sweep GC freed 23943(1019KB) AllocSpace objects, 1(20KB) LOS objects, 12% free, 8MB/10MB, paused 5.824ms total 81.802ms
05-15 16:55:33.619 26083-31752/? I/FitnessWearable: Initialized Fitness Account
05-15 16:55:59.689 27384-27410/? D/bt_btm_pm: btm_pm_snd_md_req switching from SNIFF to ACTIVE.
05-15 16:55:59.689 27384-27410/? D/bt_btm_pm: btm_pm_proc_mode_change switched from SNIFF to ACTIVE.
05-15 16:55:59.854 31228-31237/? I/art: CollectorTransition marksweep + semispace GC freed 211(-71KB) AllocSpace objects, 0(0B) LOS objects, 21% free, 7MB/9MB, paused 40.612ms total 40.612ms
05-15 16:56:00.002 863-863/? I/AmbientService: Ambient Updating
05-15 16:56:00.010 466-505/? I/DisplayManagerService: Display device changed state: "Built-in Screen", DOZE
05-15 16:56:00.055 25836-32068/? W/Fitness: Failed to authenticate org.dwallach.calwatch: ekw@c69f0a
05-15 16:56:00.151 466-505/? I/DisplayManagerService: Display device changed state: "Built-in Screen", DOZE_SUSPEND
05-15 16:56:00.304 26083-26092/? W/art: Suspending all threads took: 7.911ms
05-15 16:56:00.494 27384-27410/? D/bt_btm_pm: btm_pm_snd_md_req switching from ACTIVE to SNIFF.
05-15 16:56:00.510 27384-27410/? D/bt_btm_pm: btm_pm_proc_mode_change switched from UNKNOWN to SNIFF.
05-15 16:56:00.764 26083-26092/? W/art: Suspending all threads took: 7.372ms
05-15 16:56:01.259 466-492/? E/KernelUidCpuTimeReader: Failed to read uid_cputime: /proc/uid_cputime/show_uid_stat: open failed: ENOENT (No such file or directory)
05-15 16:56:59.335 26083-26092/? W/art: Suspending all threads took: 15.798ms
05-15 16:57:00.003 863-863/? I/AmbientService: Ambient Updating
05-15 16:57:00.010 466-505/? I/DisplayManagerService: Display device changed state: "Built-in Screen", DOZE
05-15 16:57:00.053 24918-24918/? I/chatty: uid=10036(org.dwallach.calwatch) expire 10 lines
05-15 16:57:00.058 25836-31814/? W/Fitness: Failed to authenticate org.dwallach.calwatch: ekw@c69f0a
05-15 16:57:00.169 466-505/? I/DisplayManagerService: Display device changed state: "Built-in Screen", DOZE_SUSPEND
05-15 16:58:01.360 863-863/? I/AmbientService: Ambient Updating
05-15 16:58:01.371 466-505/? I/DisplayManagerService: Display device changed state: "Built-in Screen", DOZE
05-15 16:58:01.404 25836-31814/? W/Fitness: Failed to authenticate org.dwallach.calwatch: ekw@c69f0a
05-15 16:58:01.508 466-505/? I/DisplayManagerService: Display device changed state: "Built-in Screen", DOZE_SUSPEND
05-15 16:58:01.514 200-264/? I/chatty: uid=1000(system) hwcVsyncThread expire 10 lines
05-15 16:58:59.661 466-492/? E/KernelUidCpuTimeReader: Failed to read uid_cputime: /proc/uid_cputime/show_uid_stat: open failed: ENOENT (No such file or directory)
05-15 16:59:00.014 466-505/? I/DisplayManagerService: Display device changed state: "Built-in Screen", DOZE
05-15 16:59:00.021 200-200/? I/chatty: uid=1000(system) /system/bin/surfaceflinger expire 17 lines
05-15 16:59:00.033 863-863/? I/AmbientService: Ambient Updating
05-15 16:59:00.083 25836-31814/? W/Fitness: Failed to authenticate org.dwallach.calwatch: ekw@c69f0a
05-15 16:59:00.174 466-505/? I/DisplayManagerService: Display device changed state: "Built-in Screen", DOZE_SUSPEND
05-15 17:00:01.361 863-863/? I/AmbientService: Ambient Updating
05-15 17:00:01.371 466-505/? I/DisplayManagerService: Display device changed state: "Built-in Screen", DOZE
05-15 17:00:01.440 25836-32068/? W/Fitness: Failed to authenticate org.dwallach.calwatch: ekw@c69f0a
05-15 17:00:01.512 466-505/? I/DisplayManagerService: Display device changed state: "Built-in Screen", DOZE_SUSPEND
05-15 17:00:01.811 25836-25845/? I/art: Background sticky concurrent mark sweep GC freed 28465(1209KB) AllocSpace objects, 0(0B) LOS objects, 9% free, 11MB/12MB, paused 2.357ms total 148.399ms
05-15 17:00:02.051 707-719/? I/art: Background sticky concurrent mark sweep GC freed 11675(570KB) AllocSpace objects, 0(0B) LOS objects, 2% free, 18MB/19MB, paused 2.463ms total 115.242ms
05-15 17:00:02.162 24918-25017/? I/chatty: uid=10036(org.dwallach.calwatch) pool-3-thread-5 expire 1 line
05-15 17:00:02.165 24918-24918/? I/chatty: uid=10036(org.dwallach.calwatch) expire 10 lines
05-15 17:00:31.515 27384-27410/? D/bt_btm_pm: btm_pm_snd_md_req switching from SNIFF to ACTIVE.
05-15 17:00:31.516 27384-27410/? D/bt_btm_pm: btm_pm_proc_mode_change switched from SNIFF to ACTIVE.
05-15 17:00:31.521 466-505/? I/DisplayManagerService: Display device changed state: "Built-in Screen", DOZE
05-15 17:00:31.546 25836-31814/? W/Fitness: Failed to authenticate org.dwallach.calwatch: ekw@c69f0a
05-15 17:00:31.557 707-719/? I/art: Background partial concurrent mark sweep GC freed 9751(428KB) AllocSpace objects, 2(1020KB) LOS objects, 9% free, 18MB/20MB, paused 1.782ms total 248.560ms
05-15 17:00:31.641 466-505/? I/DisplayManagerService: Display device changed state: "Built-in Screen", DOZE_SUSPEND
05-15 17:00:31.647 200-264/? I/chatty: uid=1000(system) hwcVsyncThread expire 17 lines
05-15 17:00:32.068 25766-29718/? I/art: Waiting for a blocking GC DisableMovingGc
05-15 17:00:32.070 25766-25775/? I/art: CollectorTransition marksweep + semispace GC freed 167(-56KB) AllocSpace objects, 0(0B) LOS objects, 25% free, 5MB/7MB, paused 86.579ms total 86.579ms
05-15 17:00:32.070 25766-29718/? I/art: Starting a blocking GC DisableMovingGc
05-15 17:00:32.155 466-475/? I/chatty: uid=1000(system) HeapTaskDaemon expire 4 lines
05-15 17:00:32.414 707-855/? W/StreamManager: Dropping non-bitmap icon from notification.
05-15 17:00:32.666 466-505/? I/DisplayManagerService: Display device changed state: "Built-in Screen", DOZE
05-15 17:00:33.065 707-855/? W/StreamManager: Dropping non-bitmap icon from notification.
05-15 17:00:33.134 466-505/? I/DisplayManagerService: Display device changed state: "Built-in Screen", DOZE_SUSPEND
05-15 17:00:33.191 25836-25845/? I/art: Background partial concurrent mark sweep GC freed 34685(1942KB) AllocSpace objects, 0(0B) LOS objects, 15% free, 10MB/12MB, paused 2.609ms total 293.204ms
05-15 17:00:33.256 466-505/? I/DisplayManagerService: Display device changed state: "Built-in Screen", DOZE
05-15 17:00:33.418 707-719/? I/art: Background partial concurrent mark sweep GC freed 18406(1240KB) AllocSpace objects, 8(1208KB) LOS objects, 10% free, 17MB/19MB, paused 1.469ms total 214.314ms
05-15 17:00:33.458 466-505/? I/DisplayManagerService: Display device changed state: "Built-in Screen", DOZE_SUSPEND
05-15 17:00:33.533 27384-27410/? D/bt_btm_pm: btm_pm_snd_md_req switching from ACTIVE to SNIFF.
05-15 17:00:33.559 27384-27410/? D/bt_btm_pm: btm_pm_proc_mode_change switched from UNKNOWN to SNIFF.
05-15 17:00:33.968 466-492/? E/KernelUidCpuTimeReader: Failed to read uid_cputime: /proc/uid_cputime/show_uid_stat: open failed: ENOENT (No such file or directory)
05-15 17:00:36.991 27384-27410/? D/bt_btm_pm: btm_pm_snd_md_req switching from SNIFF to ACTIVE.
05-15 17:00:36.991 27384-27410/? D/bt_btm_pm: btm_pm_proc_mode_change switched from SNIFF to ACTIVE.
05-15 17:00:37.228 707-855/? W/StreamManager: Dropping non-bitmap icon from notification.
05-15 17:00:37.355 466-505/? I/DisplayManagerService: Display device changed state: "Built-in Screen", DOZE
05-15 17:00:37.531 466-505/? I/DisplayManagerService: Display device changed state: "Built-in Screen", DOZE_SUSPEND
05-15 17:00:37.799 27384-27410/? D/bt_btm_pm: btm_pm_snd_md_req switching from ACTIVE to SNIFF.
05-15 17:00:37.827 27384-27410/? D/bt_btm_pm: btm_pm_proc_mode_change switched from UNKNOWN to SNIFF.
05-15 17:00:38.475 27384-27410/? D/bt_btm_pm: btm_pm_snd_md_req switching from SNIFF to ACTIVE.
05-15 17:00:38.476 27384-27410/? D/bt_btm_pm: btm_pm_proc_mode_change switched from SNIFF to ACTIVE.
05-15 17:00:38.603 707-855/? W/StreamManager: Dropping non-bitmap icon from notification.
05-15 17:00:38.741 466-505/? I/DisplayManagerService: Display device changed state: "Built-in Screen", DOZE
05-15 17:00:38.908 707-719/? I/art: Background partial concurrent mark sweep GC freed 6637(401KB) AllocSpace objects, 6(892KB) LOS objects, 10% free, 17MB/19MB, paused 23.683ms total 167.091ms
05-15 17:00:38.952 466-505/? I/DisplayManagerService: Display device changed state: "Built-in Screen", DOZE_SUSPEND
05-15 17:00:39.279 27384-27410/? D/bt_btm_pm: btm_pm_snd_md_req switching from ACTIVE to SNIFF.
05-15 17:00:39.306 27384-27410/? D/bt_btm_pm: btm_pm_proc_mode_change switched from UNKNOWN to SNIFF.
05-15 17:00:57.204 466-492/? E/KernelUidCpuTimeReader: Failed to read uid_cputime: /proc/uid_cputime/show_uid_stat: open failed: ENOENT (No such file or directory)
05-15 17:01:01.356 863-863/? I/AmbientService: Ambient Updating
05-15 17:01:01.367 466-505/? I/DisplayManagerService: Display device changed state: "Built-in Screen", DOZE
05-15 17:01:01.516 466-505/? I/DisplayManagerService: Display device changed state: "Built-in Screen", DOZE_SUSPEND
05-15 17:02:01.362 863-863/? I/AmbientService: Ambient Updating
05-15 17:02:01.381 466-505/? I/DisplayManagerService: Display device changed state: "Built-in Screen", DOZE
05-15 17:02:01.426 25836-31814/? W/Fitness: Failed to authenticate org.dwallach.calwatch: ekw@c69f0a
05-15 17:02:01.430 24918-24918/? I/chatty: uid=10036(org.dwallach.calwatch) expire 10 lines
05-15 17:02:01.539 466-505/? I/DisplayManagerService: Display device changed state: "Built-in Screen", DOZE_SUSPEND
05-15 17:02:01.544 200-200/? I/chatty: uid=1000(system) /system/bin/surfaceflinger expire 8 lines
05-15 17:02:01.544 200-264/? I/chatty: uid=1000(system) hwcVsyncThread expire 10 lines
05-15 17:03:01.361 863-863/? I/AmbientService: Ambient Updating
05-15 17:03:01.379 466-505/? I/DisplayManagerService: Display device changed state: "Built-in Screen", DOZE
05-15 17:03:01.424 25836-32068/? W/Fitness: Failed to authenticate org.dwallach.calwatch: ekw@c69f0a
05-15 17:03:01.537 466-505/? I/DisplayManagerService: Display device changed state: "Built-in Screen", DOZE_SUSPEND
05-15 17:04:01.362 863-863/? I/AmbientService: Ambient Updating
05-15 17:04:01.379 466-505/? I/DisplayManagerService: Display device changed state: "Built-in Screen", DOZE
05-15 17:04:01.436 25836-32068/? W/Fitness: Failed to authenticate org.dwallach.calwatch: ekw@c69f0a
05-15 17:04:01.538 466-505/? I/DisplayManagerService: Display device changed state: "Built-in Screen", DOZE_SUSPEND
05-15 17:04:13.021 466-478/? I/BroadcastQueue: Delay finish: com.google.android.apps.fitness/com.google.android.wearable.fitness.summary.notification.NotificationReceiver
05-15 17:04:13.025 26083-32071/? I/FitnessWearable: Checking fitness notification
05-15 17:04:13.040 27384-27410/? D/bt_btm_pm: btm_pm_snd_md_req switching from SNIFF to ACTIVE.
05-15 17:04:13.052 466-6423/? I/BroadcastQueue: Resuming delayed broadcast
05-15 17:04:13.062 27384-27410/? D/bt_btm_pm: btm_pm_snd_md_req switching from UNKNOWN to ACTIVE.
05-15 17:04:13.064 27384-27410/? D/bt_btm_pm: btm_pm_snd_md_req switching from UNKNOWN to ACTIVE.
05-15 17:04:13.066 27384-27410/? D/bt_btm_pm: btm_pm_snd_md_req switching from UNKNOWN to ACTIVE.
05-15 17:04:13.080 27384-27410/? D/bt_btm_pm: btm_pm_snd_md_req switching from UNKNOWN to ACTIVE.
05-15 17:04:13.083 27384-27410/? D/bt_btm_pm: btm_pm_snd_md_req switching from UNKNOWN to ACTIVE.
05-15 17:04:13.425 27384-27410/? D/bt_btm_pm: btm_pm_proc_mode_change switched from UNKNOWN to ACTIVE.
05-15 17:04:14.237 25867-25876/? I/art: CollectorTransition marksweep + semispace GC freed 8(-222KB) AllocSpace objects, 0(0B) LOS objects, 21% free, 7MB/9MB, paused 70.613ms total 70.613ms
05-15 17:04:14.959 27384-27410/? D/bt_btm_pm: btm_pm_snd_md_req switching from ACTIVE to SNIFF.
05-15 17:04:14.975 27384-27410/? D/bt_btm_pm: btm_pm_proc_mode_change switched from UNKNOWN to SNIFF.
05-15 17:04:15.744 466-492/? E/KernelUidCpuTimeReader: Failed to read uid_cputime: /proc/uid_cputime/show_uid_stat: open failed: ENOENT (No such file or directory)
05-15 17:04:35.891 27384-27410/? D/bt_btm_pm: btm_pm_snd_md_req switching from SNIFF to ACTIVE.
05-15 17:04:35.891 27384-27410/? D/bt_btm_pm: btm_pm_proc_mode_change switched from SNIFF to ACTIVE.
05-15 17:04:36.150 466-505/? I/DisplayManagerService: Display device changed state: "Built-in Screen", DOZE
05-15 17:04:36.193 25836-32068/? W/Fitness: Failed to authenticate org.dwallach.calwatch: ekw@c69f0a
05-15 17:04:36.202 24918-24918/? I/chatty: uid=10036(org.dwallach.calwatch) expire 10 lines
05-15 17:04:36.340 466-505/? I/DisplayManagerService: Display device changed state: "Built-in Screen", DOZE_SUSPEND
05-15 17:04:36.346 200-264/? I/chatty: uid=1000(system) hwcVsyncThread expire 18 lines
05-15 17:04:36.697 27384-27410/? D/bt_btm_pm: btm_pm_snd_md_req switching from ACTIVE to SNIFF.
05-15 17:04:36.726 27384-27410/? D/bt_btm_pm: btm_pm_proc_mode_change switched from UNKNOWN to SNIFF.
05-15 17:04:45.367 27384-27410/? D/bt_btm_pm: btm_pm_snd_md_req switching from SNIFF to ACTIVE.
05-15 17:04:45.367 27384-27410/? D/bt_btm_pm: btm_pm_proc_mode_change switched from SNIFF to ACTIVE.
05-15 17:04:45.535 31228-31237/? I/art: CollectorTransition marksweep + semispace GC freed 73(-75KB) AllocSpace objects, 0(0B) LOS objects, 21% free, 7MB/9MB, paused 32.172ms total 32.172ms
05-15 17:04:46.176 27384-27410/? D/bt_btm_pm: btm_pm_snd_md_req switching from ACTIVE to SNIFF.
05-15 17:04:46.210 27384-27410/? D/bt_btm_pm: btm_pm_proc_mode_change switched from UNKNOWN to SNIFF.
05-15 17:04:55.345 27384-27410/? D/bt_btm_pm: btm_pm_snd_md_req switching from SNIFF to ACTIVE.
05-15 17:04:55.345 27384-27410/? D/bt_btm_pm: btm_pm_proc_mode_change switched from SNIFF to ACTIVE.
05-15 17:04:55.570 26083-26092/? I/art: CollectorTransition marksweep + semispace GC freed 330(-303KB) AllocSpace objects, 1(20KB) LOS objects, 19% free, 8MB/10MB, paused 89.298ms total 89.298ms
05-15 17:04:56.150 27384-27410/? D/bt_btm_pm: btm_pm_snd_md_req switching from ACTIVE to SNIFF.
05-15 17:04:56.155 466-555/? D/SensorHALGestureSensor: Gesture event received! time = 715975198035906
05-15 17:04:56.156 466-6423/? I/PowerManagerService: Waking up from dozing (uid 10003)...
05-15 17:04:56.156 466-6423/? I/chatty: uid=1000(system) Binder_9 expire 4 lines
05-15 17:04:56.156 466-466/? E/InputMethodManagerService: Ignoring updateSystemUiLocked due to an invalid token. uid:1000 token:null
05-15 17:04:56.157 466-466/? I/chatty: uid=1000 system_server expire 1 line
05-15 17:04:56.168 466-508/? E/KernelUidCpuTimeReader: Failed to read uid_cputime: /proc/uid_cputime/show_uid_stat: open failed: ENOENT (No such file or directory)
05-15 17:04:56.169 466-508/? I/SensorHAL: poll__batch: sensor_handle: 4 ns: 250000000 max_lat: 0
05-15 17:04:56.169 466-508/? D/SensorHALSensorBase: batch: batch: Call setDelay()
05-15 17:04:56.173 466-567/? I/chatty: uid=1000(system) WifiStateMachin expire 2 lines
05-15 17:04:56.173 217-349/? I/chatty: uid=1013(media) Binder_1 expire 6 lines
05-15 17:04:56.188 466-508/? I/SensorHAL: poll__activate: sensor_handle: 4 enabled: 1
05-15 17:04:56.191 27384-27410/? D/bt_btm_pm: btm_pm_proc_mode_change switched from UNKNOWN to SNIFF.
05-15 17:04:56.191 466-505/? I/DisplayManagerService: Display device changed state: "Built-in Screen", ON
05-15 17:04:56.210 466-508/? I/DreamManagerService: Gently waking up from dream.
05-15 17:04:56.211 863-863/? V/DreamService[AmbientDream]: wakeUp(): fromSystem=true, mWaking=false, mFinished=false
05-15 17:04:56.211 863-863/? V/DreamService[AmbientDream]: finish(): mFinished=false
05-15 17:04:56.212 466-1783/? I/DreamManagerService: Leaving dreamland.
05-15 17:04:56.212 466-495/? I/DreamController: Stopping dream: name=ComponentInfo{com.google.android.wearable.ambient/com.google.android.wearable.ambient.AmbientDream}, isTest=false, canDoze=true, userId=0
05-15 17:04:56.218 863-863/? V/DreamService[AmbientDream]: detach(): Calling onDreamingStopped()
05-15 17:04:56.218 863-863/? I/AmbientService: Ambient Stopping
05-15 17:04:56.218 863-863/? D/WristGestureCtrl: Resuming: GesturesEnabled-true UngazeEnabled-true
05-15 17:04:56.218 863-863/? D/DefaultUngazeDetector: starting
05-15 17:04:56.218 863-863/? D/DefaultUngazeDetector: startUngazeStateEstimation(). startTime = 715975261
05-15 17:04:56.221 466-25796/? I/SensorHAL: poll__batch: sensor_handle: 0 ns: 20000000 max_lat: 100000000
05-15 17:04:56.227 466-25796/? I/IioSensorHALSensorBase: batchInternal: Set maxlatency: 100
05-15 17:04:56.233 466-25796/? I/SensorHAL: poll__activate: sensor_handle: 0 enabled: 1
05-15 17:04:56.252 217-814/? I/chatty: uid=1013(media) Binder_2 expire 1 line
05-15 17:04:56.254 863-863/? V/DreamService[AmbientDream]: onDestroy()
05-15 17:04:56.270 217-32077/? I/chatty: uid=1013(media) /system/bin/mediaserver expire 29 lines
05-15 17:04:56.401 466-25795/? I/SensorHAL: poll__flush: sensor_handle: 0
05-15 17:04:56.401 466-25795/? I/IioSensorHALSensorBase: flushInternal: Set flush
05-15 17:04:56.403 466-555/? I/SensorHALAccelSensor: readEvents: Flush Event received
05-15 17:04:56.469 863-904/? W/DefaultWristGestureDetector: Sensor accuracy changed: {Sensor name="Accelerometer Sensor", vendor="Motorola", version=1, type=1, maxRange=78.48, resolution=0.009810001, power=0.45, minDelay=20000} accuracy: 3
05-15 17:04:56.494 466-492/? E/KernelUidCpuTimeReader: Failed to read uid_cputime: /proc/uid_cputime/show_uid_stat: open failed: ENOENT (No such file or directory)
05-15 17:04:56.659 26083-26083/? I/FitnessWearable: Completed Phone Sync
05-15 17:04:56.659 26083-26083/? I/FitnessWearable: Checking on account update
05-15 17:04:56.688 26083-31444/? I/FitnessWearable: Trying to insert platform daily totals
05-15 17:04:56.978 25836-25845/? I/art: Background sticky concurrent mark sweep GC freed 23607(1176KB) AllocSpace objects, 0(0B) LOS objects, 11% free, 11MB/12MB, paused 2.369ms total 105.736ms
05-15 17:04:57.026 466-21538/? I/BroadcastQueue: Delay finish: com.google.android.gms/.checkin.EventLogServiceReceiver
05-15 17:04:57.460 466-25796/? W/ActivityManager: Unable to start service Intent { act=com.google.android.gms.usagereporting.service.START pkg=com.google.android.gms } U=0: not found
05-15 17:04:57.475 466-25793/? W/ActivityManager: Unbind failed: could not find connection for android.os.BinderProxy@ddd6ff2
05-15 17:04:57.476 25867-26020/? E/GmsClient: unable to connect to service: com.google.android.gms.usagereporting.service.START on com.google.android.gms
05-15 17:04:57.518 25867-32080/? I/EventLogChimeraService: Aggregate from 1463347377493 (log), 1463347377493 (data)
05-15 17:04:58.207 26083-31751/? I/FitnessWearable: Initialized Fitness Account
05-15 17:04:59.700 26083-26092/? W/art: Suspending all threads took: 30.272ms
05-15 17:05:00.809 863-863/? D/WristGestureCtrl: Gesture:GESTURE NONE, timestamp(ms): 1463349900518, confidence: 0.9658513, latency(ms): 1025, duration(ms): 2283
05-15 17:05:01.156 466-508/? I/PowerManagerService: Going to sleep due to screen timeout (uid 1000)...
05-15 17:05:01.157 466-508/? I/DreamManagerService: Entering dreamland.
05-15 17:05:01.157 466-508/? I/PowerManagerService: Dozing...
05-15 17:05:01.157 466-466/? E/InputMethodManagerService: Ignoring updateSystemUiLocked due to an invalid token. uid:1000 token:null
05-15 17:05:01.158 466-495/? I/DreamController: Starting dream: name=ComponentInfo{com.google.android.wearable.ambient/com.google.android.wearable.ambient.AmbientDream}, isTest=false, canDoze=true, userId=0
05-15 17:05:01.176 466-466/? E/InputMethodManagerService: Ignoring updateSystemUiLocked due to an invalid token. uid:1000 token:null
05-15 17:05:01.189 863-863/? V/DreamService[AmbientDream]: onBind() intent = Intent { act=android.service.dreams.DreamService flg=0x800000 cmp=com.google.android.wearable.ambient/.AmbientDream }
05-15 17:05:01.200 863-863/? I/AmbientService: Ambient Created
05-15 17:05:01.200 863-863/? V/DreamService[AmbientDream]: Calling onDreamingStarted()
05-15 17:05:01.200 863-863/? I/AmbientService: Ambient Starting
05-15 17:05:01.215 863-863/? D/WristGestureCtrl: Stopping detectors: GesturesEnabled-true gestureDetector-true ungazeEnabled-true ungaze-true
05-15 17:05:01.215 863-863/? D/DefaultUngazeDetector: stopping
05-15 17:05:01.216 466-21697/? I/SensorHAL: poll__batch: sensor_handle: 0 ns: 20000000 max_lat: 100000000
05-15 17:05:01.216 466-21697/? I/IioSensorHALSensorBase: batchInternal: Set maxlatency: 100
05-15 17:05:01.224 466-508/? I/SensorHAL: poll__activate: sensor_handle: 4 enabled: 0
05-15 17:05:01.227 466-508/? I/chatty: uid=1000(system) PowerManagerSer expire 3 lines
05-15 17:05:01.351 466-508/? E/KernelUidCpuTimeReader: Failed to read uid_cputime: /proc/uid_cputime/show_uid_stat: open failed: ENOENT (No such file or directory)
05-15 17:05:01.353 200-200/? I/chatty: uid=1000(system) /system/bin/surfaceflinger expire 13 lines
05-15 17:05:01.353 466-505/? I/DisplayManagerService: Display device changed state: "Built-in Screen", DOZE_SUSPEND
05-15 17:05:01.378 466-25793/? I/SensorHAL: poll__activate: sensor_handle: 0 enabled: 0
05-15 17:05:01.380 466-25793/? I/IioSensorHALSensorBase: batchInternal: Set maxlatency: 0
05-15 17:05:01.417 217-217/? I/chatty: uid=1013(media) /system/bin/mediaserver expire 1 line
05-15 17:05:02.277 26083-26175/? I/art: Waiting for a blocking GC DisableMovingGc
05-15 17:05:02.277 26083-28444/? I/art: Waiting for a blocking GC DisableMovingGc
05-15 17:05:02.278 26083-26175/? I/art: Starting a blocking GC DisableMovingGc
05-15 17:05:02.279 26083-28444/? I/art: Starting a blocking GC DisableMovingGc
05-15 17:05:02.487 26083-26219/? I/art: Starting a blocking GC Alloc
05-15 17:05:02.487 26083-26219/? I/art: Starting a blocking GC Alloc
05-15 17:05:02.541 466-20840/? I/BroadcastQueue: Resuming delayed broadcast
05-15 17:05:02.828 26083-26219/? I/art: Starting a blocking GC Alloc
05-15 17:05:02.828 26083-26219/? I/art: Starting a blocking GC Alloc
05-15 17:05:03.152 26083-26219/? I/art: Starting a blocking GC Alloc
05-15 17:05:03.152 26083-26219/? I/art: Starting a blocking GC Alloc
05-15 17:05:03.482 26083-26219/? I/art: Starting a blocking GC Alloc
05-15 17:05:03.482 26083-26219/? I/art: Starting a blocking GC Alloc
05-15 17:05:03.672 26083-26219/? I/art: Starting a blocking GC Alloc
05-15 17:05:03.672 26083-26219/? I/art: Starting a blocking GC Alloc
05-15 17:05:03.775 466-505/? I/DisplayManagerService: Display device changed state: "Built-in Screen", DOZE
05-15 17:05:03.906 26083-26092/? W/art: Suspending all threads took: 216.702ms
05-15 17:05:03.917 466-505/? I/DisplayManagerService: Display device changed state: "Built-in Screen", DOZE_SUSPEND
05-15 17:05:32.463 26083-26219/? I/art: Starting a blocking GC Alloc
05-15 17:05:32.463 26083-26219/? I/art: Starting a blocking GC Alloc
05-15 17:06:01.367 863-863/? I/AmbientService: Ambient Updating
05-15 17:06:01.378 466-505/? I/DisplayManagerService: Display device changed state: "Built-in Screen", DOZE
05-15 17:06:01.419 24918-24918/? I/chatty: uid=10036(org.dwallach.calwatch) expire 10 lines
05-15 17:06:01.422 25836-32079/? W/Fitness: Failed to authenticate org.dwallach.calwatch: ekw@c69f0a
05-15 17:06:01.524 466-505/? I/DisplayManagerService: Display device changed state: "Built-in Screen", DOZE_SUSPEND
05-15 17:06:18.572 466-466/? I/ActivityManager: Start proc 32082:com.android.providers.calendar/u0a1 for content provider com.android.providers.calendar/.CalendarProvider2
05-15 17:06:18.807 26083-26219/? I/art: Starting a blocking GC Alloc
05-15 17:06:18.807 26083-26219/? I/art: Starting a blocking GC Alloc
05-15 17:06:19.094 32082-32082/? W/System: ClassLoader referenced unknown path: /system/priv-app/CalendarProvider/lib/arm
05-15 17:06:19.475 1476-1476/? D/WearApiHelper: sendMessage: /SYNC_NEEDED
05-15 17:06:19.475 1476-1476/? D/WearApiHelper: Already connected. Sending message: /SYNC_NEEDED
05-15 17:06:19.514 27384-27410/? D/bt_btm_pm: btm_pm_snd_md_req switching from SNIFF to ACTIVE.
05-15 17:06:19.553 32082-32082/? I/CalendarProvider2: Created com.android.providers.calendar.CalendarAlarmManager@ee1a27(com.android.providers.calendar.CalendarProvider2@28334d4)
05-15 17:06:19.556 26083-26219/? I/art: Starting a blocking GC Alloc
05-15 17:06:19.557 26083-26219/? I/art: Starting a blocking GC Alloc
05-15 17:06:19.606 27384-27410/? D/bt_btm_pm: btm_pm_proc_mode_change switched from UNKNOWN to ACTIVE.
05-15 17:06:20.167 466-492/? E/KernelUidCpuTimeReader: Failed to read uid_cputime: /proc/uid_cputime/show_uid_stat: open failed: ENOENT (No such file or directory)
05-15 17:06:20.233 1476-1485/? I/art: CollectorTransition marksweep + semispace GC freed 6267(242KB) AllocSpace objects, 4(80KB) LOS objects, 25% free, 5MB/7MB, paused 34.745ms total 34.745ms
05-15 17:06:20.775 32082-32082/? I/CalendarProvider2: Sending notification intent: Intent { act=android.intent.action.PROVIDER_CHANGED dat=content://com.android.calendar flg=0x20000000 }
05-15 17:06:20.777 32082-32082/? W/ContentResolver: Failed to get type for: content://com.android.calendar (Unknown URL content://com.android.calendar)
05-15 17:06:20.892 25836-25845/? I/art: Background partial concurrent mark sweep GC freed 26171(1579KB) AllocSpace objects, 2(40KB) LOS objects, 15% free, 10MB/12MB, paused 2.393ms total 107.118ms
05-15 17:06:38.028 27384-27410/? D/bt_btm_pm: btm_pm_snd_md_req switching from ACTIVE to SNIFF.
05-15 17:06:38.063 27384-27410/? D/bt_btm_pm: btm_pm_proc_mode_change switched from UNKNOWN to SNIFF.
05-15 17:07:01.370 466-505/? I/DisplayManagerService: Display device changed state: "Built-in Screen", DOZE
05-15 17:07:01.480 863-863/? I/AmbientService: Ambient Updating
05-15 17:07:01.504 25836-32079/? W/Fitness: Failed to authenticate org.dwallach.calwatch: ekw@c69f0a
05-15 17:07:01.617 466-505/? I/DisplayManagerService: Display device changed state: "Built-in Screen", DOZE_SUSPEND
05-15 17:08:01.365 863-863/? I/AmbientService: Ambient Updating
05-15 17:08:01.376 466-505/? I/DisplayManagerService: Display device changed state: "Built-in Screen", DOZE
05-15 17:08:01.409 25836-32079/? W/Fitness: Failed to authenticate org.dwallach.calwatch: ekw@c69f0a
05-15 17:08:01.440 25836-25966/? I/ClearcutLoggerApiImpl: disconnect managed GoogleApiClient
05-15 17:08:01.517 466-505/? I/DisplayManagerService: Display device changed state: "Built-in Screen", DOZE_SUSPEND
05-15 17:08:01.523 200-264/? I/chatty: uid=1000(system) hwcVsyncThread expire 10 lines
05-15 17:09:00.019 863-863/? I/AmbientService: Ambient Updating
05-15 17:09:00.028 466-505/? I/DisplayManagerService: Display device changed state: "Built-in Screen", DOZE
05-15 17:09:00.080 25836-32079/? W/Fitness: Failed to authenticate org.dwallach.calwatch: ekw@c69f0a
05-15 17:09:00.185 466-505/? I/DisplayManagerService: Display device changed state: "Built-in Screen", DOZE_SUSPEND
05-15 17:10:00.364 863-863/? I/AmbientService: Ambient Updating
05-15 17:10:00.375 466-505/? I/DisplayManagerService: Display device changed state: "Built-in Screen", DOZE
05-15 17:10:00.415 24918-24918/? I/chatty: uid=10036(org.dwallach.calwatch) expire 11 lines
05-15 17:10:00.420 25836-32079/? W/Fitness: Failed to authenticate org.dwallach.calwatch: ekw@c69f0a
05-15 17:10:00.524 466-505/? I/DisplayManagerService: Display device changed state: "Built-in Screen", DOZE_SUSPEND
05-15 17:10:55.377 466-492/? E/KernelUidCpuTimeReader: Failed to read uid_cputime: /proc/uid_cputime/show_uid_stat: open failed: ENOENT (No such file or directory)
05-15 17:10:55.491 466-495/? E/KernelUidCpuTimeReader: Failed to read uid_cputime: /proc/uid_cputime/show_uid_stat: open failed: ENOENT (No such file or directory)
05-15 17:10:55.541 466-505/? I/DisplayManagerService: Display device changed state: "Built-in Screen", DOZE
05-15 17:10:55.547 200-200/? I/chatty: uid=1000(system) /system/bin/surfaceflinger expire 13 lines
05-15 17:10:55.661 466-505/? I/DisplayManagerService: Display device changed state: "Built-in Screen", DOZE_SUSPEND
05-15 17:10:55.667 200-264/? I/chatty: uid=1000(system) hwcVsyncThread expire 14 lines
05-15 17:11:01.360 863-863/? I/AmbientService: Ambient Updating
05-15 17:11:01.372 466-505/? I/DisplayManagerService: Display device changed state: "Built-in Screen", DOZE
05-15 17:11:01.506 25836-32079/? W/Fitness: Failed to authenticate org.dwallach.calwatch: ekw@c69f0a
05-15 17:11:01.510 466-505/? I/DisplayManagerService: Display device changed state: "Built-in Screen", DOZE_SUSPEND
05-15 17:12:01.369 863-863/? I/AmbientService: Ambient Updating
05-15 17:12:01.387 466-505/? I/DisplayManagerService: Display device changed state: "Built-in Screen", DOZE
05-15 17:12:01.555 466-505/? I/DisplayManagerService: Display device changed state: "Built-in Screen", DOZE_SUSPEND
05-15 17:13:00.011 863-863/? I/AmbientService: Ambient Updating
05-15 17:13:00.020 466-505/? I/DisplayManagerService: Display device changed state: "Built-in Screen", DOZE
05-15 17:13:00.072 25836-32079/? W/Fitness: Failed to authenticate org.dwallach.calwatch: ekw@c69f0a
05-15 17:13:00.184 466-505/? I/DisplayManagerService: Display device changed state: "Built-in Screen", DOZE_SUSPEND
05-15 17:13:00.422 466-492/? E/KernelUidCpuTimeReader: Failed to read uid_cputime: /proc/uid_cputime/show_uid_stat: open failed: ENOENT (No such file or directory)
05-15 17:14:00.366 863-863/? I/AmbientService: Ambient Updating
05-15 17:14:00.377 466-505/? I/DisplayManagerService: Display device changed state: "Built-in Screen", DOZE
05-15 17:14:00.449 25836-32079/? W/Fitness: Failed to authenticate org.dwallach.calwatch: ekw@c69f0a
05-15 17:14:00.547 466-505/? I/DisplayManagerService: Display device changed state: "Built-in Screen", DOZE_SUSPEND
05-15 17:14:00.553 200-264/? I/chatty: uid=1000(system) hwcVsyncThread expire 11 lines
05-15 17:15:00.015 863-863/? I/AmbientService: Ambient Updating
05-15 17:15:00.024 466-505/? I/DisplayManagerService: Display device changed state: "Built-in Screen", DOZE
05-15 17:15:00.077 25836-32079/? W/Fitness: Failed to authenticate org.dwallach.calwatch: ekw@c69f0a
05-15 17:15:00.188 466-505/? I/DisplayManagerService: Display device changed state: "Built-in Screen", DOZE_SUSPEND
05-15 17:16:00.366 863-863/? I/AmbientService: Ambient Updating
05-15 17:16:00.377 466-505/? I/DisplayManagerService: Display device changed state: "Built-in Screen", DOZE
05-15 17:16:00.409 24918-24918/? I/chatty: uid=10036(org.dwallach.calwatch) expire 8 lines
05-15 17:16:00.420 25836-32079/? W/Fitness: Failed to authenticate org.dwallach.calwatch: ekw@c69f0a
05-15 17:16:00.525 466-505/? I/DisplayManagerService: Display device changed state: "Built-in Screen", DOZE_SUSPEND
05-15 17:16:00.531 200-200/? I/chatty: uid=1000(system) /system/bin/surfaceflinger expire 8 lines
05-15 17:16:59.539 466-492/? E/KernelUidCpuTimeReader: Failed to read uid_cputime: /proc/uid_cputime/show_uid_stat: open failed: ENOENT (No such file or directory)
05-15 17:17:00.019 863-863/? I/AmbientService: Ambient Updating
05-15 17:17:00.029 466-505/? I/DisplayManagerService: Display device changed state: "Built-in Screen", DOZE
05-15 17:17:00.086 25836-32079/? W/Fitness: Failed to authenticate org.dwallach.calwatch: ekw@c69f0a
05-15 17:17:00.193 466-505/? I/DisplayManagerService: Display device changed state: "Built-in Screen", DOZE_SUSPEND
05-15 17:17:00.201 200-264/? I/chatty: uid=1000(system) hwcVsyncThread expire 6 lines
05-15 17:17:21.625 466-555/? D/SensorHALGestureSensor: Gesture event received! time = 716720657257803
05-15 17:17:21.627 466-479/? I/PowerManagerService: Waking up from dozing (uid 10003)...
05-15 17:17:21.628 466-466/? E/InputMethodManagerService: Ignoring updateSystemUiLocked due to an invalid token. uid:1000 token:null
05-15 17:17:21.628 466-466/? I/chatty: uid=1000 system_server expire 1 line
05-15 17:17:21.640 466-508/? E/KernelUidCpuTimeReader: Failed to read uid_cputime: /proc/uid_cputime/show_uid_stat: open failed: ENOENT (No such file or directory)
05-15 17:17:21.643 466-479/? I/chatty: uid=1000(system) Binder_2 expire 3 lines
05-15 17:17:21.752 466-567/? I/chatty: uid=1000(system) WifiStateMachin expire 2 lines
05-15 17:17:21.753 217-26492/? I/chatty: uid=1013(media) Binder_4 expire 3 lines
05-15 17:17:21.835 466-508/? I/SensorHAL: poll__batch: sensor_handle: 4 ns: 250000000 max_lat: 0
05-15 17:17:21.835 466-508/? D/SensorHALSensorBase: batch: batch: Call setDelay()
05-15 17:17:21.852 466-508/? I/SensorHAL: poll__activate: sensor_handle: 4 enabled: 1
05-15 17:17:21.853 466-505/? I/DisplayManagerService: Display device changed state: "Built-in Screen", ON
05-15 17:17:21.869 466-508/? I/DreamManagerService: Gently waking up from dream.
05-15 17:17:21.869 863-863/? V/DreamService[AmbientDream]: wakeUp(): fromSystem=true, mWaking=false, mFinished=false
05-15 17:17:21.869 863-863/? V/DreamService[AmbientDream]: finish(): mFinished=false
05-15 17:17:21.870 466-6423/? I/DreamManagerService: Leaving dreamland.
05-15 17:17:21.870 466-495/? I/DreamController: Stopping dream: name=ComponentInfo{com.google.android.wearable.ambient/com.google.android.wearable.ambient.AmbientDream}, isTest=false, canDoze=true, userId=0
05-15 17:17:21.877 863-863/? V/DreamService[AmbientDream]: detach(): Calling onDreamingStopped()
05-15 17:17:21.877 863-863/? I/AmbientService: Ambient Stopping
05-15 17:17:21.877 863-863/? D/WristGestureCtrl: Resuming: GesturesEnabled-true UngazeEnabled-true
05-15 17:17:21.877 863-863/? D/DefaultUngazeDetector: starting
05-15 17:17:21.877 863-863/? D/DefaultUngazeDetector: startUngazeStateEstimation(). startTime = 716720920
05-15 17:17:21.884 466-613/? I/SensorHAL: poll__batch: sensor_handle: 0 ns: 20000000 max_lat: 100000000
05-15 17:17:21.886 466-613/? I/IioSensorHALSensorBase: batchInternal: Set maxlatency: 100
05-15 17:17:21.891 466-613/? I/SensorHAL: poll__activate: sensor_handle: 0 enabled: 1
05-15 17:17:21.918 217-349/? I/chatty: uid=1013(media) Binder_1 expire 1 line
05-15 17:17:21.936 217-32101/? I/chatty: uid=1013(media) /system/bin/mediaserver expire 28 lines
05-15 17:17:21.941 863-863/? V/DreamService[AmbientDream]: onDestroy()
05-15 17:17:22.094 466-20840/? I/SensorHAL: poll__flush: sensor_handle: 0
05-15 17:17:22.094 466-20840/? I/IioSensorHALSensorBase: flushInternal: Set flush
05-15 17:17:22.097 466-555/? I/SensorHALAccelSensor: readEvents: Flush Event received
05-15 17:17:22.162 863-904/? W/DefaultWristGestureDetector: Sensor accuracy changed: {Sensor name="Accelerometer Sensor", vendor="Motorola", version=1, type=1, maxRange=78.48, resolution=0.009810001, power=0.45, minDelay=20000} accuracy: 3
05-15 17:17:25.114 466-492/? E/KernelUidCpuTimeReader: Failed to read uid_cputime: /proc/uid_cputime/show_uid_stat: open failed: ENOENT (No such file or directory)
05-15 17:17:26.627 466-508/? I/PowerManagerService: Going to sleep due to screen timeout (uid 1000)...
05-15 17:17:26.628 466-508/? I/DreamManagerService: Entering dreamland.
05-15 17:17:26.628 466-508/? I/PowerManagerService: Dozing...
05-15 17:17:26.628 466-466/? E/InputMethodManagerService: Ignoring updateSystemUiLocked due to an invalid token. uid:1000 token:null
05-15 17:17:26.629 466-495/? I/DreamController: Starting dream: name=ComponentInfo{com.google.android.wearable.ambient/com.google.android.wearable.ambient.AmbientDream}, isTest=false, canDoze=true, userId=0
05-15 17:17:26.644 466-466/? E/InputMethodManagerService: Ignoring updateSystemUiLocked due to an invalid token. uid:1000 token:null
05-15 17:17:26.660 863-863/? V/DreamService[AmbientDream]: onBind() intent = Intent { act=android.service.dreams.DreamService flg=0x800000 cmp=com.google.android.wearable.ambient/.AmbientDream }
05-15 17:17:26.673 863-863/? I/AmbientService: Ambient Created
05-15 17:17:26.673 863-863/? V/DreamService[AmbientDream]: Calling onDreamingStarted()
05-15 17:17:26.673 863-863/? I/AmbientService: Ambient Starting
05-15 17:17:26.686 863-863/? D/WristGestureCtrl: Stopping detectors: GesturesEnabled-true gestureDetector-true ungazeEnabled-true ungaze-true
05-15 17:17:26.686 863-863/? D/DefaultUngazeDetector: stopping
05-15 17:17:26.692 466-747/? I/SensorHAL: poll__batch: sensor_handle: 0 ns: 20000000 max_lat: 100000000
05-15 17:17:26.692 466-747/? I/IioSensorHALSensorBase: batchInternal: Set maxlatency: 100
05-15 17:17:26.695 466-508/? I/SensorHAL: poll__activate: sensor_handle: 4 enabled: 0
05-15 17:17:26.698 466-508/? I/chatty: uid=1000(system) PowerManagerSer expire 3 lines
05-15 17:17:26.702 217-217/? I/chatty: uid=1013(media) /system/bin/mediaserver expire 3 lines
05-15 17:17:26.722 466-508/? E/KernelUidCpuTimeReader: Failed to read uid_cputime: /proc/uid_cputime/show_uid_stat: open failed: ENOENT (No such file or directory)
05-15 17:17:26.722 466-505/? I/DisplayManagerService: Display device changed state: "Built-in Screen", DOZE_SUSPEND
05-15 17:17:26.766 217-32101/? I/chatty: uid=1013(media) /system/bin/mediaserver expire 1 line
05-15 17:17:26.770 217-1781/? I/chatty: uid=1013(media) Binder_3 expire 1 line
05-15 17:17:26.805 24918-24918/? I/CalWatchFaceService: onAmbientModeChanged: true
05-15 17:17:26.806 24918-24918/? I/ClockFace: Ambient mode: false -> true
05-15 17:17:26.811 24918-24918/? I/TimeWrapper: FPS: 29.987, samples: 144
05-15 17:17:26.811 24918-24918/? I/TimeWrapper: Min/Avg/Max frame render speed (ms): 11.244 / 15.088 / 133.148
05-15 17:17:26.811 24918-24918/? I/TimeWrapper: Waketime: 45.244 %
05-15 17:17:26.812 24918-24918/? I/FitnessWrapper: steps: 1047, prior cached: 28105, successful: 1673, noGoogleApi: 0/5/0, failed: 0, in-progress: 1546
05-15 17:17:26.821 466-505/? I/DisplayManagerService: Display device changed state: "Built-in Screen", DOZE
05-15 17:17:26.931 466-475/? I/chatty: uid=1000(system) HeapTaskDaemon expire 1 line
05-15 17:17:26.941 466-505/? I/DisplayManagerService: Display device changed state: "Built-in Screen", DOZE_SUSPEND
05-15 17:17:26.985 466-808/? I/SensorHAL: poll__activate: sensor_handle: 0 enabled: 0
05-15 17:17:26.987 466-808/? I/IioSensorHALSensorBase: batchInternal: Set maxlatency: 0
05-15 17:17:27.544 466-505/? I/DisplayManagerService: Display device changed state: "Built-in Screen", DOZE
05-15 17:17:27.550 200-264/? I/chatty: uid=1000(system) hwcVsyncThread expire 7 lines
05-15 17:17:27.664 466-505/? I/DisplayManagerService: Display device changed state: "Built-in Screen", DOZE_SUSPEND
05-15 17:17:27.671 200-200/? I/chatty: uid=1000(system) /system/bin/surfaceflinger expire 3 lines
05-15 17:18:01.368 863-863/? I/AmbientService: Ambient Updating
05-15 17:18:01.379 466-505/? I/DisplayManagerService: Display device changed state: "Built-in Screen", DOZE
05-15 17:18:01.417 24918-24918/? I/FitnessWrapper: steps: 1047, prior cached: 28106, successful: 1673, noGoogleApi: 0/5/0, failed: 0, in-progress: 1546
05-15 17:18:01.423 25836-32079/? W/Fitness: Failed to authenticate org.dwallach.calwatch: ekw@c69f0a
05-15 17:18:01.533 466-505/? I/DisplayManagerService: Display device changed state: "Built-in Screen", DOZE_SUSPEND
05-15 17:18:07.710 466-555/? D/SensorHALGestureSensor: Gesture event received! time = 716766747330700
05-15 17:18:07.712 466-21697/? I/PowerManagerService: Waking up from dozing (uid 10003)...
05-15 17:18:07.713 466-466/? E/InputMethodManagerService: Ignoring updateSystemUiLocked due to an invalid token. uid:1000 token:null
05-15 17:18:07.713 466-466/? I/chatty: uid=1000 system_server expire 1 line
05-15 17:18:07.721 466-567/? I/chatty: uid=1000(system) WifiStateMachin expire 1 line
05-15 17:18:07.722 217-217/? I/chatty: uid=1013(media) /system/bin/mediaserver expire 3 lines
05-15 17:18:07.729 466-508/? E/KernelUidCpuTimeReader: Failed to read uid_cputime: /proc/uid_cputime/show_uid_stat: open failed: ENOENT (No such file or directory)
05-15 17:18:07.731 466-508/? I/SensorHAL: poll__batch: sensor_handle: 4 ns: 250000000 max_lat: 0
05-15 17:18:07.731 466-508/? D/SensorHALSensorBase: batch: batch: Call setDelay()
05-15 17:18:07.747 466-508/? I/SensorHAL: poll__activate: sensor_handle: 4 enabled: 1
05-15 17:18:07.749 466-21697/? I/chatty: uid=1000(system) Binder_D expire 3 lines
05-15 17:18:07.767 466-505/? I/DisplayManagerService: Display device changed state: "Built-in Screen", ON
05-15 17:18:07.768 200-200/? I/chatty: uid=1000(system) /system/bin/surfaceflinger expire 1 line
05-15 17:18:07.775 466-508/? I/DreamManagerService: Gently waking up from dream.
05-15 17:18:07.775 863-863/? V/DreamService[AmbientDream]: wakeUp(): fromSystem=true, mWaking=false, mFinished=false
05-15 17:18:07.775 863-863/? V/DreamService[AmbientDream]: finish(): mFinished=false
05-15 17:18:07.775 466-807/? I/DreamManagerService: Leaving dreamland.
05-15 17:18:07.777 466-495/? I/DreamController: Stopping dream: name=ComponentInfo{com.google.android.wearable.ambient/com.google.android.wearable.ambient.AmbientDream}, isTest=false, canDoze=true, userId=0
05-15 17:18:07.792 863-863/? V/DreamService[AmbientDream]: detach(): Calling onDreamingStopped()
05-15 17:18:07.792 863-863/? I/AmbientService: Ambient Stopping
05-15 17:18:07.792 863-863/? D/WristGestureCtrl: Resuming: GesturesEnabled-true UngazeEnabled-true
05-15 17:18:07.792 863-863/? D/DefaultUngazeDetector: starting
05-15 17:18:07.792 863-863/? D/DefaultUngazeDetector: startUngazeStateEstimation(). startTime = 716766835
05-15 17:18:07.795 466-808/? I/SensorHAL: poll__batch: sensor_handle: 0 ns: 20000000 max_lat: 100000000
05-15 17:18:07.801 466-808/? I/IioSensorHALSensorBase: batchInternal: Set maxlatency: 100
05-15 17:18:07.802 200-264/? I/chatty: uid=1000(system) hwcVsyncThread expire 1 line
05-15 17:18:07.802 466-808/? I/SensorHAL: poll__activate: sensor_handle: 0 enabled: 1
05-15 17:18:07.817 24918-24918/? I/CalWatchFaceService: onAmbientModeChanged: false
05-15 17:18:07.817 24918-24918/? I/ClockFace: Ambient mode: true -> false
05-15 17:18:07.817 24918-24918/? I/FitnessWrapper: steps: 1047, prior cached: 28106, successful: 1674, noGoogleApi: 0/5/0, failed: 0, in-progress: 1546
05-15 17:18:07.825 863-863/? V/DreamService[AmbientDream]: onDestroy()
05-15 17:18:07.830 217-814/? I/chatty: uid=1013(media) Binder_2 expire 1 line
05-15 17:18:07.849 217-32103/? I/chatty: uid=1013(media) /system/bin/mediaserver expire 29 lines
05-15 17:18:07.922 466-25795/? I/SensorHAL: poll__flush: sensor_handle: 0
05-15 17:18:07.923 466-25795/? I/IioSensorHALSensorBase: flushInternal: Set flush
05-15 17:18:07.926 466-555/? I/SensorHALAccelSensor: readEvents: Flush Event received
05-15 17:18:08.003 863-904/? W/DefaultWristGestureDetector: Sensor accuracy changed: {Sensor name="Accelerometer Sensor", vendor="Motorola", version=1, type=1, maxRange=78.48, resolution=0.009810001, power=0.45, minDelay=20000} accuracy: 3
05-15 17:18:11.152 466-492/? E/KernelUidCpuTimeReader: Failed to read uid_cputime: /proc/uid_cputime/show_uid_stat: open failed: ENOENT (No such file or directory)
05-15 17:18:12.712 466-508/? I/PowerManagerService: Going to sleep due to screen timeout (uid 1000)...
05-15 17:18:12.713 466-466/? E/InputMethodManagerService: Ignoring updateSystemUiLocked due to an invalid token. uid:1000 token:null
05-15 17:18:12.714 466-508/? I/DreamManagerService: Entering dreamland.
05-15 17:18:12.715 466-508/? I/PowerManagerService: Dozing...
05-15 17:18:12.716 466-495/? I/DreamController: Starting dream: name=ComponentInfo{com.google.android.wearable.ambient/com.google.android.wearable.ambient.AmbientDream}, isTest=false, canDoze=true, userId=0
05-15 17:18:12.727 466-466/? E/InputMethodManagerService: Ignoring updateSystemUiLocked due to an invalid token. uid:1000 token:null
05-15 17:18:12.738 863-863/? V/DreamService[AmbientDream]: onBind() intent = Intent { act=android.service.dreams.DreamService flg=0x800000 cmp=com.google.android.wearable.ambient/.AmbientDream }
05-15 17:18:12.743 863-863/? I/AmbientService: Ambient Created
05-15 17:18:12.743 863-863/? V/DreamService[AmbientDream]: Calling onDreamingStarted()
05-15 17:18:12.743 863-863/? I/AmbientService: Ambient Starting
05-15 17:18:12.763 863-863/? D/WristGestureCtrl: Stopping detectors: GesturesEnabled-true gestureDetector-true ungazeEnabled-true ungaze-true
05-15 17:18:12.763 863-863/? D/DefaultUngazeDetector: stopping
05-15 17:18:12.764 466-21539/? I/SensorHAL: poll__batch: sensor_handle: 0 ns: 20000000 max_lat: 100000000
05-15 17:18:12.764 466-21539/? I/IioSensorHALSensorBase: batchInternal: Set maxlatency: 100
05-15 17:18:12.777 466-508/? I/SensorHAL: poll__activate: sensor_handle: 4 enabled: 0
05-15 17:18:12.779 466-508/? I/chatty: uid=1000(system) PowerManagerSer expire 3 lines
05-15 17:18:12.799 466-567/? I/chatty: uid=1000(system) WifiStateMachin expire 1 line
05-15 17:18:12.807 466-508/? E/KernelUidCpuTimeReader: Failed to read uid_cputime: /proc/uid_cputime/show_uid_stat: open failed: ENOENT (No such file or directory)
05-15 17:18:12.812 466-505/? I/DisplayManagerService: Display device changed state: "Built-in Screen", DOZE_SUSPEND
05-15 17:18:12.821 200-200/? I/chatty: uid=1000(system) /system/bin/surfaceflinger expire 2 lines
05-15 17:18:12.823 200-264/? I/chatty: uid=1000(system) hwcVsyncThread expire 2 lines
05-15 17:18:12.827 217-217/? I/chatty: uid=1013(media) /system/bin/mediaserver expire 3 lines
05-15 17:18:12.830 217-26492/? I/chatty: uid=1013(media) Binder_4 expire 4 lines
05-15 17:18:12.857 24918-24918/? I/CalWatchFaceService: onAmbientModeChanged: true
05-15 17:18:12.857 24918-24918/? I/ClockFace: Ambient mode: false -> true
05-15 17:18:12.861 24918-24918/? I/TimeWrapper: FPS: 31.328, samples: 155
05-15 17:18:12.862 24918-24918/? I/TimeWrapper: Min/Avg/Max frame render speed (ms): 10.917 / 14.276 / 136.546
