10-09 07:56:06.107     819-1101/? I/ActivityManager﹕ Start proc com.HBO for broadcast com.HBO/com.hbo.utils.ConnectivityReceiver: pid=25684 uid=10060 gids={50060, 1028, 1015, 3003}
10-09 07:56:06.677     819-1198/? I/ActivityManager﹕ Start proc air.WatchESPN for broadcast air.WatchESPN/com.espn.watchespn.NetworkChangedListener: pid=25705 uid=10185 gids={50185, 3003, 1028, 1015}
10-09 07:56:06.727      819-942/? I/ActivityManager﹕ Start proc com.google.android.youtube for service com.google.android.youtube/.app.remote.YouTubeTvRouteProviderService: pid=25718 uid=10073 gids={50073, 3003, 1028, 1015}
10-09 07:56:07.327     819-1198/? I/ActivityManager﹕ Start proc com.devhd.feedly for broadcast com.devhd.feedly/.widget.FeedlyWidgetProvider: pid=25758 uid=10140 gids={50140, 3003, 1028, 1015}
10-09 07:56:07.367      819-857/? I/ActivityManager﹕ Process com.google.android.music:main (pid 25552) has died.
10-09 07:56:07.367      819-857/? A/ActivityManager﹕ Service ServiceRecord{457bea80 u0 com.google.android.music/.net.NetworkMonitor} in process ProcessRecord{432a2418 25552:com.google.android.music:main/u0a61} not same as in map: null
10-09 07:56:07.377      819-857/? A/ActivityManager﹕ Service ServiceRecord{457b1db8 u0 com.google.android.music/.preferences.MusicPreferenceService$MusicPreferenceServiceBinder} in process ProcessRecord{432a2418 25552:com.google.android.music:main/u0a61} not same as in map: null
10-09 07:56:07.567      819-830/? I/ActivityManager﹕ Start proc com.trello for broadcast com.trello/.common.ConnectivityBroadcastReceiver: pid=25781 uid=10181 gids={50181, 3003, 1028, 1015}
10-09 07:56:07.597      819-857/? I/ActivityManager﹕ Process android.process.media (pid 24869) has died.
10-09 07:56:07.667     819-3652/? I/ActivityManager﹕ Process com.google.android.tts (pid 25652) has died.
10-09 07:56:07.667     819-3652/? W/ActivityManager﹕ Scheduling restart of crashed service com.google.android.tts/.service.GoogleTTSService in 1000ms
10-09 07:56:07.897      819-857/? I/ActivityManager﹕ Process com.google.android.setupwizard (pid 25586) has died.
10-09 07:56:07.927     819-1202/? I/ActivityManager﹕ Process com.HBO (pid 25684) has died.
10-09 07:56:07.927     819-1202/? A/ProcessStats﹕ Starting service ServiceState{448c96f0 com.google.android.tts.service.GoogleTTSService pkg=com.google.android.tts proc=448c96f0} without owner
10-09 07:56:07.957      819-942/? A/ProcessStats﹕ Starting service ServiceState{448c96f0 com.google.android.tts.service.GoogleTTSService pkg=com.google.android.tts proc=448c96f0} without owner
10-09 07:56:07.977     819-1190/? I/ActivityManager﹕ Process com.google.android.apps.maps (pid 25602) has died.
10-09 07:56:07.977     819-1190/? A/ActivityManager﹕ Service ServiceRecord{462d6b80 u0 com.google.android.apps.maps/com.google.android.apps.gmm.prefetch.PrefetcherService} in process ProcessRecord{432eb018 25602:com.google.android.apps.maps/u0a59} not same as in map: null
10-09 07:56:08.147     819-1202/? I/ActivityManager﹕ Start proc ru.org.amip.ClockSync for broadcast ru.org.amip.ClockSync/.ConnectivityReceiver: pid=25854 uid=10119 gids={50119, 3003}
10-09 07:56:08.207    819-14448/? I/ActivityManager﹕ Start proc android.process.media for content provider com.android.providers.media/.MediaProvider: pid=25866 uid=10005 gids={50005, 1028, 1015, 1023, 1024, 2001, 3003, 3007}
10-09 07:56:08.267  25866-25866/? W/ActivityThread﹕ ClassLoader.loadClass: The class loader returned by Thread.getContextClassLoader() may fail for processes that host multiple applications. You should explicitly specify a context class loader. For example: Thread.setContextClassLoader(getClass().getClassLoader());
10-09 07:56:08.417     819-1203/? I/ActivityManager﹕ Start proc com.nytimes.android for broadcast com.nytimes.android/.receiver.NetworkBroadcastReceiver: pid=25881 uid=10127 gids={50127, 3003, 1028, 1015}
10-09 07:56:08.607     819-1101/? I/ActivityManager﹕ Process com.google.android.youtube (pid 25718) has died.
10-09 07:56:08.737      819-829/? I/ActivityManager﹕ Process air.WatchESPN (pid 25705) has died.
10-09 07:56:08.867    819-14447/? I/ActivityManager﹕ Process com.devhd.feedly (pid 25758) has died.
10-09 07:56:09.017     819-1190/? I/ActivityManager﹕ Start proc com.twitter.android for broadcast com.twitter.android/.client.AppBroadcastReceiver: pid=25925 uid=10148 gids={50148, 3003, 1028, 1015}
10-09 07:56:09.017     819-1201/? I/ActivityManager﹕ Process com.trello (pid 25781) has died.
10-09 07:56:09.027     819-1202/? I/ActivityManager﹕ Process com.nytimes.android (pid 25881) has died.
10-09 07:56:09.077     819-1201/? I/ActivityManager﹕ Process ru.org.amip.ClockSync (pid 25854) has died.
10-09 07:56:09.127     819-1203/? I/WindowState﹕ WIN DEATH: Window{43343e18 u0 com.facebook.katana/com.facebook.katana.activity.FbMainTabFrameworkActivity}
10-09 07:56:09.127     819-1202/? I/ActivityManager﹕ Process com.facebook.katana (pid 3584) has died.
10-09 07:56:09.127     819-1202/? W/ActivityManager﹕ Scheduling restart of crashed service com.facebook.katana/com.facebook.push.mqtt.service.MqttPushService in 1000ms
10-09 07:56:09.127     819-1202/? W/ActivityManager﹕ Scheduling restart of crashed service com.facebook.katana/com.facebook.analytics.service.AnalyticsService in 11000ms
10-09 07:56:10.047      819-829/? I/ActivityManager﹕ Delay finish: com.motorola.targetnotif/com.motorola.ccc.sso.app.GoogleAccountWatcherReceiver
10-09 07:56:10.087      819-857/? I/ActivityManager﹕ Resuming delayed broadcast
10-09 07:56:10.157      819-845/? I/ActivityManager﹕ Start proc com.facebook.katana for service com.facebook.katana/com.facebook.push.mqtt.service.MqttPushService: pid=25967 uid=10110 gids={50110, 1028, 1015, 3003}
10-09 07:56:11.467      819-849/? I/ActivityManager﹕ Config changes=480 {1.0 310mcc260mnc en_US ldltr sw360dp w360dp h567dp 480dpi nrml port finger -keyb/v/h -nav/h s.27}
10-09 07:56:11.617    1124-1124/? D/MccTable﹕ updateMccMncConfiguration: mcc=310, mnc=260
10-09 07:56:11.617    1124-1124/? D/MccTable﹕ getLocaleFromMcc to en_us mcc=310
10-09 07:56:11.617    1124-1124/? D/MccTable﹕ getLocaleForLanguageCountry: skipping already persisted
10-09 07:56:11.617    1124-1124/? D/MccTable﹕ getLocaleForLanguageCountry: X locale=null
10-09 07:56:11.617    1124-1124/? D/MccTable﹕ WIFI_COUNTRY_CODE set to us
10-09 07:56:11.617      819-942/? I/WifiService﹕ WifiService trying to set country code to us with persist set to true
10-09 07:56:11.687      819-819/? D/MobileDataStateTracker﹕ default: Broadcast received: android.intent.action.ANY_DATA_STATE apnType=default
10-09 07:56:11.687      819-819/? D/MobileDataStateTracker﹕ default: Received state=CONNECTED, old=DISCONNECTED, reason=dataAttached
10-09 07:56:11.687      819-819/? D/MobileDataStateTracker﹕ default: setDetailed state, old =DISCONNECTED and new state=CONNECTED
10-09 07:56:11.687      819-819/? D/MobileDataStateTracker﹕ fota: Broadcast received: android.intent.action.ANY_DATA_STATE apnType=fota
10-09 07:56:11.687      819-881/? D/ConnectivityService﹕ ConnectivityChange for mobile: CONNECTED/CONNECTED
10-09 07:56:11.687      819-881/? D/ConnectivityService﹕ ConnectivityChange checkMobileProvisioning for TYPE_MOBILE or ProvisioningNetwork
10-09 07:56:11.687      819-881/? D/ConnectivityService﹕ checkMobileProvisioning: E suggestedTimeOutMs=60000
10-09 07:56:11.687      819-881/? D/ConnectivityService﹕ setProvNotificationVisible: E visible=false networkType=5 extraInfo=null url=null
10-09 07:56:11.687      819-881/? D/ConnectivityService﹕ checkMobileProvisioning: params={ url=http://clients3.google.com/generate_204 mTimeOutMs=60000 mCb=com.android.server.ConnectivityService$5@44cc6ce8}
10-09 07:56:11.687      819-881/? D/ConnectivityService﹕ checkMobileProvisioning: X
10-09 07:56:11.697      819-819/? D/MobileDataStateTracker﹕ fota: Received state=DISCONNECTED, old=DISCONNECTED, reason=dataAttached
10-09 07:56:11.697      819-819/? D/MobileDataStateTracker﹕ dun: Broadcast received: android.intent.action.ANY_DATA_STATE apnType=dun
10-09 07:56:11.697      819-819/? D/MobileDataStateTracker﹕ dun: Received state=DISCONNECTED, old=DISCONNECTED, reason=dataAttached
10-09 07:56:11.697      819-819/? D/MobileDataStateTracker﹕ ia: Broadcast received: android.intent.action.ANY_DATA_STATE apnType=ia
10-09 07:56:11.717      819-819/? D/MobileDataStateTracker﹕ ia: Received state=DISCONNECTED, old=DISCONNECTED, reason=dataAttached
10-09 07:56:11.717      819-819/? D/MobileDataStateTracker﹕ supl: Broadcast received: android.intent.action.ANY_DATA_STATE apnType=supl
10-09 07:56:11.717      819-881/? D/Nat464Xlat﹕ requiresClat: netType=0, hasIPv4Address=false
10-09 07:56:11.717      819-881/? I/Nat464Xlat﹕ Starting clatd on rmnet0, lp={InterfaceName: rmnet0 LinkAddresses: [2607:fb90:2000:2c8:6649:32cc:261f:c7e4/64,]  Routes: [::/0 -> 2607:fb90:2000:2c8:3dd3:a76d:2842:4b75,] DnsAddresses: [fd00:976a::9,] Domains: nullMTU: 1440}
10-09 07:56:11.727      819-819/? D/MobileDataStateTracker﹕ supl: Received state=DISCONNECTED, old=DISCONNECTED, reason=dataAttached
10-09 07:56:11.727      819-819/? D/MobileDataStateTracker﹕ hipri: Broadcast received: android.intent.action.ANY_DATA_STATE apnType=hipri
10-09 07:56:11.727      819-819/? D/MobileDataStateTracker﹕ hipri: Received state=DISCONNECTED, old=DISCONNECTED, reason=dataAttached
10-09 07:56:11.737      819-819/? D/MobileDataStateTracker﹕ ims: Broadcast received: android.intent.action.ANY_DATA_STATE apnType=ims
10-09 07:56:11.737      819-819/? D/MobileDataStateTracker﹕ ims: Received state=DISCONNECTED, old=DISCONNECTED, reason=dataAttached
10-09 07:56:11.747      819-819/? D/MobileDataStateTracker﹕ mms: Broadcast received: android.intent.action.ANY_DATA_STATE apnType=mms
10-09 07:56:11.747      819-819/? D/MobileDataStateTracker﹕ mms: Received state=DISCONNECTED, old=DISCONNECTED, reason=dataAttached
10-09 07:56:11.747      819-819/? D/MobileDataStateTracker﹕ cbs: Broadcast received: android.intent.action.ANY_DATA_STATE apnType=cbs
10-09 07:56:11.757      819-965/? D/MobileDataStateTracker﹕ default: isProvisioningNetwork: retVal=false
10-09 07:56:11.757      819-965/? D/ConnectivityService﹕ [CheckMp] isMobileOk: isDefaultProvisioning=false
10-09 07:56:11.757      819-881/? D/MobileDataStateTracker﹕ default: setPolicyDataEnable(enabled=true)
10-09 07:56:11.757      819-819/? D/MobileDataStateTracker﹕ cbs: Received state=DISCONNECTED, old=DISCONNECTED, reason=dataAttached
10-09 07:56:11.777      819-965/? D/MobileDataStateTracker﹕ hipri: isProvisioningNetwork: retVal=false
10-09 07:56:11.777      819-965/? D/ConnectivityService﹕ [CheckMp] isMobileOk: isHipriProvisioning=false
10-09 07:56:11.787      819-965/? D/ConnectivityService﹕ [CheckMp] isMobileOk: start hipri url=http://clients3.google.com/generate_204
10-09 07:56:11.857      819-881/? D/MobileDataStateTracker﹕ default: setPolicyDataEnable(enabled=true)
10-09 07:56:11.857      819-965/? D/ConnectivityService﹕ startUsingNetworkFeature reconnecting to 0: enableHIPRI
10-09 07:56:11.877      819-819/? D/MobileDataStateTracker﹕ hipri: Broadcast received: android.intent.action.ANY_DATA_STATE apnType=hipri
10-09 07:56:11.887      819-819/? D/MobileDataStateTracker﹕ hipri: Received state=CONNECTING, old=DISCONNECTED, reason=dataEnabled
10-09 07:56:11.887      819-819/? D/MobileDataStateTracker﹕ hipri: setDetailed state, old =DISCONNECTED and new state=CONNECTING
10-09 07:56:11.897      819-819/? D/MobileDataStateTracker﹕ fota: Broadcast received: android.intent.action.ANY_DATA_STATE apnType=fota
10-09 07:56:11.897      819-848/? I/Nat464Xlat﹕ interface clat4 added, mIsRunning = false -> true
10-09 07:56:11.897      819-965/? D/ConnectivityService﹕ startUsingNetworkFeature X: return APN_REQUEST_STARTED
10-09 07:56:11.897      819-965/? D/ConnectivityService﹕ [CheckMp] isMobileOk: hipri started
10-09 07:56:11.897      819-965/? D/ConnectivityService﹕ [CheckMp] isMobileOk: not connected ni=NetworkInfo: type: mobile_hipri[LTE], state: DISCONNECTED/IDLE, reason: (unspecified), extra: (none), roaming: false, failover: false, isAvailable: true, isConnectedToProvisioningNetwork: false
10-09 07:56:11.897      819-848/? I/Nat464Xlat﹕ Adding stacked link. tracker LP: {InterfaceName: rmnet0 LinkAddresses: [2607:fb90:2000:2c8:6649:32cc:261f:c7e4/64,]  Routes: [::/0 -> 2607:fb90:2000:2c8:3dd3:a76d:2842:4b75,] DnsAddresses: [fd00:976a::9,] Domains: nullMTU: 1440 Stacked: [ [{InterfaceName: clat4 LinkAddresses: [192.0.0.4/32,]  Routes: [0.0.0.0/0 -> 192.0.0.4,] DnsAddresses: [] Domains: nullMTU: 0} ],] }
10-09 07:56:11.897      819-848/? I/Nat464Xlat﹕ sending message to ConnectivityService: { when=-1d11h44m6s287ms what=458753 obj=NetworkInfo: type: mobile[LTE], state: CONNECTED/CONNECTED, reason: dataAttached, extra: fast.t-mobile.com, roaming: false, failover: false, isAvailable: true, isConnectedToProvisioningNetwork: false target=com.android.server.ConnectivityService$NetworkStateTrackerHandler }
10-09 07:56:11.897      819-819/? D/MobileDataStateTracker﹕ fota: Received state=DISCONNECTED, old=DISCONNECTED, reason=dataEnabled
10-09 07:56:11.907      819-819/? D/MobileDataStateTracker﹕ dun: Broadcast received: android.intent.action.ANY_DATA_STATE apnType=dun
10-09 07:56:11.907      819-881/? D/ConnectivityService﹕ handleConnectivityChange: address are the same reset per doReset linkProperty[0]: resetMask=0
10-09 07:56:11.907      819-819/? D/MobileDataStateTracker﹕ dun: Received state=DISCONNECTED, old=DISCONNECTED, reason=dataEnabled
10-09 07:56:11.907      819-819/? D/MobileDataStateTracker﹕ ia: Broadcast received: android.intent.action.ANY_DATA_STATE apnType=ia
10-09 07:56:11.917      819-819/? D/MobileDataStateTracker﹕ ia: Received state=DISCONNECTED, old=DISCONNECTED, reason=dataEnabled
10-09 07:56:11.917      819-819/? D/MobileDataStateTracker﹕ supl: Broadcast received: android.intent.action.ANY_DATA_STATE apnType=supl
10-09 07:56:11.927      819-881/? D/Nat464Xlat﹕ requiresClat: netType=0, hasIPv4Address=false
10-09 07:56:11.927      819-881/? E/Nat464Xlat﹕ startClat: already started
10-09 07:56:11.927      819-819/? D/MobileDataStateTracker﹕ supl: Received state=DISCONNECTED, old=DISCONNECTED, reason=dataEnabled
10-09 07:56:11.927      819-819/? D/MobileDataStateTracker﹕ ims: Broadcast received: android.intent.action.ANY_DATA_STATE apnType=ims
10-09 07:56:11.927      819-819/? D/MobileDataStateTracker﹕ ims: Received state=DISCONNECTED, old=DISCONNECTED, reason=dataEnabled
10-09 07:56:11.937      819-819/? D/MobileDataStateTracker﹕ mms: Broadcast received: android.intent.action.ANY_DATA_STATE apnType=mms
10-09 07:56:11.937      819-819/? D/MobileDataStateTracker﹕ mms: Received state=DISCONNECTED, old=DISCONNECTED, reason=dataEnabled
10-09 07:56:11.947      819-819/? D/MobileDataStateTracker﹕ cbs: Broadcast received: android.intent.action.ANY_DATA_STATE apnType=cbs
10-09 07:56:11.947      819-819/? D/MobileDataStateTracker﹕ cbs: Received state=DISCONNECTED, old=DISCONNECTED, reason=dataEnabled
10-09 07:56:11.947      819-819/? D/MobileDataStateTracker﹕ hipri: Broadcast received: android.intent.action.ANY_DATA_STATE apnType=hipri
10-09 07:56:11.947      819-819/? D/MobileDataStateTracker﹕ hipri: Received state=CONNECTED, old=CONNECTING, reason=dataEnabled
10-09 07:56:11.947      819-819/? D/MobileDataStateTracker﹕ hipri: setDetailed state, old =IDLE and new state=CONNECTED
10-09 07:56:11.957      819-881/? D/ConnectivityService﹕ ConnectivityChange for mobile_hipri: CONNECTED/CONNECTED
10-09 07:56:11.987      819-881/? D/Nat464Xlat﹕ requiresClat: netType=5, hasIPv4Address=false
10-09 07:56:11.997      819-881/? D/MobileDataStateTracker﹕ default: setPolicyDataEnable(enabled=true)
10-09 07:56:12.027      819-877/? W/NetworkPolicy﹕ shared quota unsupported; generating rule for each iface
10-09 07:56:12.217      819-881/? D/MobileDataStateTracker﹕ default: setPolicyDataEnable(enabled=true)
10-09 07:56:12.317      819-844/? I/WindowManager﹕ Screen frozen for +881ms due to Window{43e18a68 u0 NavigationBar}
10-09 07:56:12.897      819-965/? D/MobileDataStateTracker﹕ hipri: isProvisioningNetwork: retVal=false
10-09 07:56:12.897      819-965/? D/ConnectivityService﹕ [CheckMp] isMobileOk: isProvisioningNetwork is false, continue
10-09 07:56:12.997      819-965/? D/ConnectivityService﹕ [CheckMp] isMobileOk: addresses=clients3.google.com/2607:f8b0:4000:807::1001,clients3.google.com/173.194.115.2,clients3.google.com/173.194.115.9,clients3.google.com/173.194.115.1,clients3.google.com/173.194.115.3,clients3.google.com/173.194.115.7,clients3.google.com/173.194.115.14,clients3.google.com/173.194.115.0,clients3.google.com/173.194.115.8,clients3.google.com/173.194.115.6,clients3.google.com/173.194.115.4,clients3.google.com/173.194.115.5
10-09 07:56:12.997      819-965/? D/ConnectivityService﹕ [CheckMp] isMobileOk: linkHasIpv4=false linkHasIpv6=true
10-09 07:56:12.997      819-965/? D/ConnectivityService﹕ requestRouteToHostAddress ok=true
10-09 07:56:13.007      819-965/? D/ConnectivityService﹕ [CheckMp] isMobileOk: wait to establish route to hostAddr=clients3.google.com/2607:f8b0:4000:807::1001
10-09 07:56:13.607      819-868/? I/ActivityManager﹕ START u0 {act=android.intent.action.MAIN cat=[android.intent.category.HOME] flg=0x10200000 cmp=com.google.android.googlequicksearchbox/com.google.android.launcher.GEL} from pid 819
10-09 07:56:14.187      819-845/? W/ActivityManager﹕ Activity pause timeout for ActivityRecord{43300d20 u0 com.google.android.GoogleCamera/com.android.camera.SecureCameraActivity t65}
10-09 07:56:14.807      819-845/? I/ActivityManager﹕ Start proc com.google.android.music:main for broadcast com.google.android.music/.homewidgets.IFLWidgetProvider: pid=26145 uid=10061 gids={50061, 3003, 1028, 1015}
10-09 07:56:14.947  26145-26145/? W/ActivityThread﹕ ClassLoader.loadClass: The class loader returned by Thread.getContextClassLoader() may fail for processes that host multiple applications. You should explicitly specify a context class loader. For example: Thread.setContextClassLoader(getClass().getClassLoader());
10-09 07:56:15.297      819-857/? I/ActivityManager﹕ Start proc com.google.android.setupwizard for broadcast com.google.android.setupwizard/.MobileConnectivityChangeReceiver: pid=26193 uid=10017 gids={50017, 3003}
10-09 07:56:15.567      819-829/? I/ActivityManager﹕ Start proc com.google.android.apps.maps for broadcast com.google.android.apps.maps/com.google.userfeedback.android.api.FeedbackConnectivityReceiver: pid=26215 uid=10059 gids={50059, 3003, 1028, 1015}
10-09 07:56:15.657  26215-26215/? W/ActivityThread﹕ ClassLoader.loadClass: The class loader returned by Thread.getContextClassLoader() may fail for processes that host multiple applications. You should explicitly specify a context class loader. For example: Thread.setContextClassLoader(getClass().getClassLoader());
10-09 07:56:16.007      819-965/? D/ConnectivityService﹕ [CheckMp] isMobileOk: newUrl=https://[2607:f8b0:4000:807::1001]/generate_204
10-09 07:56:16.167      819-965/? D/ConnectivityService﹕ [CheckMp] isMobileOk: hostnameVerify retVal=true hostname=[2607:f8b0:4000:807::1001] orgUriHost=clients3.google.com
10-09 07:56:16.217     819-1202/? I/ActivityManager﹕ Start proc com.google.android.gms.unstable for service com.google.android.gms/.droidguard.DroidGuardService: pid=26265 uid=10007 gids={50007, 2001, 3003, 1007, 3006, 3007, 1028, 1015, 3002, 3001}
10-09 07:56:16.267  26265-26265/? W/ActivityThread﹕ ClassLoader.loadClass: The class loader returned by Thread.getContextClassLoader() may fail for processes that host multiple applications. You should explicitly specify a context class loader. For example: Thread.setContextClassLoader(getClass().getClassLoader());
10-09 07:56:16.297      819-965/? D/ConnectivityService﹕ [CheckMp] isMobileOk: headers={null=[HTTP/1.1 204 No Content], Connection=[close], Content-Length=[0], Content-Type=[text/html; charset=UTF-8], Date=[Thu, 09 Oct 2014 12:56:17 GMT], Server=[GFE/2.0], X-Android-Received-Millis=[1412859376305], X-Android-Response-Source=[NETWORK 204], X-Android-Selected-Transport=[http/1.1], X-Android-Sent-Millis=[1412859376199]}
10-09 07:56:16.297      819-965/? D/ConnectivityService﹕ [CheckMp] isMobileOk: X got expected responseCode=204 result=1
10-09 07:56:16.297      819-965/? D/ConnectivityService﹕ [CheckMp] isMobileOk: F stop hipri
10-09 07:56:16.297      819-881/? D/MobileDataStateTracker﹕ default: setEnableFailFastMobileData(enabled=0)
10-09 07:56:16.307      819-965/? D/ConnectivityService﹕ stopUsingNetworkFeature: teardown net 0: enableHIPRI
10-09 07:56:16.317      819-819/? D/MobileDataStateTracker﹕ hipri: Broadcast received: android.intent.action.ANY_DATA_STATE apnType=hipri
10-09 07:56:16.317      819-819/? D/MobileDataStateTracker﹕ hipri: Received state=DISCONNECTED, old=CONNECTED, reason=dataDisabled
10-09 07:56:16.327      819-819/? D/MobileDataStateTracker﹕ hipri: setDetailed state, old =CONNECTED and new state=DISCONNECTED
10-09 07:56:16.327      819-881/? D/ConnectivityService﹕ ConnectivityChange for mobile_hipri: DISCONNECTED/DISCONNECTED
10-09 07:56:16.357      819-881/? D/Nat464Xlat﹕ requiresClat: netType=5, hasIPv4Address=false
10-09 07:56:16.387      819-881/? D/MobileDataStateTracker﹕ default: setPolicyDataEnable(enabled=true)
10-09 07:56:16.487      819-845/? W/ProcessCpuTracker﹕ Skipping unknown process pid 26297
10-09 07:56:16.527      819-881/? D/MobileDataStateTracker﹕ default: setPolicyDataEnable(enabled=true)
10-09 07:56:16.607      819-881/? D/MobileDataStateTracker﹕ default: setPolicyDataEnable(enabled=true)
10-09 07:56:16.617      819-881/? D/MobileDataStateTracker﹕ default: setPolicyDataEnable(enabled=true)
10-09 07:56:16.637     819-1190/? I/ActivityManager﹕ Start proc com.google.android.tts for service com.google.android.tts/.service.GoogleTTSService: pid=26341 uid=10049 gids={50049, 3003, 1028, 1015}
10-09 07:56:16.957     819-1198/? I/ActivityManager﹕ Start proc com.HBO for broadcast com.HBO/com.hbo.utils.ConnectivityReceiver: pid=26361 uid=10060 gids={50060, 1028, 1015, 3003}
10-09 07:56:17.587      819-829/? I/ActivityManager﹕ Start proc air.WatchESPN for broadcast air.WatchESPN/com.espn.watchespn.NetworkChangedListener: pid=26387 uid=10185 gids={50185, 3003, 1028, 1015}
10-09 07:56:17.627     819-1101/? I/ActivityManager﹕ Start proc com.google.android.youtube for service com.google.android.youtube/.app.remote.YouTubeTvRouteProviderService: pid=26400 uid=10073 gids={50073, 3003, 1028, 1015}
10-09 07:56:18.187    819-14448/? I/ActivityManager﹕ Start proc com.devhd.feedly for broadcast com.devhd.feedly/.widget.FeedlyWidgetProvider: pid=26441 uid=10140 gids={50140, 3003, 1028, 1015}
10-09 07:56:18.317      819-830/? I/ActivityManager﹕ Start proc com.trello for broadcast com.trello/.common.ConnectivityBroadcastReceiver: pid=26458 uid=10181 gids={50181, 3003, 1028, 1015}
10-09 07:56:18.417     819-1200/? I/ActivityManager﹕ Process com.twitter.android (pid 25925) has died.
10-09 07:56:18.417     819-1200/? A/ActivityManager﹕ Service ServiceRecord{445ac328 u0 com.twitter.android/com.twitter.internal.android.service.AsyncService} in process ProcessRecord{4328f290 25925:com.twitter.android/u0a148} not same as in map: null
10-09 07:56:18.857    819-14446/? I/ActivityManager﹕ Start proc ru.org.amip.ClockSync for broadcast ru.org.amip.ClockSync/.ConnectivityReceiver: pid=26538 uid=10119 gids={50119, 3003}
10-09 07:56:18.967     819-1190/? I/ActivityManager﹕ Start proc com.nytimes.android for broadcast com.nytimes.android/.receiver.NetworkBroadcastReceiver: pid=26552 uid=10127 gids={50127, 3003, 1028, 1015}
10-09 07:56:19.167      819-845/? W/BroadcastQueue﹕ Permission Denial: broadcasting Intent { act=android.net.conn.INET_CONDITION_ACTION flg=0x4000010 (has extras) } from null (pid=-1, uid=-1) requires com.facebook.permission.prod.FB_APP_COMMUNICATION due to registered receiver BroadcastFilter{4479fe20 u0 ReceiverList{441466c8 25967 com.facebook.katana/10110/u0 remote:445bc850}}
10-09 07:56:19.167      819-845/? W/BroadcastQueue﹕ Permission Denial: broadcasting Intent { act=android.net.conn.CONNECTIVITY_CHANGE flg=0x4000010 (has extras) } from null (pid=-1, uid=-1) requires com.facebook.permission.prod.FB_APP_COMMUNICATION due to registered receiver BroadcastFilter{4479fe20 u0 ReceiverList{441466c8 25967 com.facebook.katana/10110/u0 remote:445bc850}}
10-09 07:56:19.517    819-14447/? I/ActivityManager﹕ Start proc com.twitter.android for broadcast com.twitter.android/.client.AppBroadcastReceiver: pid=26597 uid=10148 gids={50148, 3003, 1028, 1015}
10-09 07:56:19.617      819-857/? I/ActivityManager﹕ Process com.google.android.tts (pid 26341) has died.
10-09 07:56:19.617      819-857/? W/ActivityManager﹕ Scheduling restart of crashed service com.google.android.tts/.service.GoogleTTSService in 1000ms
10-09 07:56:19.777      819-845/? W/BroadcastQueue﹕ Permission Denial: broadcasting Intent { act=android.net.conn.CONNECTIVITY_CHANGE flg=0x4000010 (has extras) } from null (pid=-1, uid=-1) requires com.facebook.permission.prod.FB_APP_COMMUNICATION due to registered receiver BroadcastFilter{45793da0 u0 ReceiverList{45793d40 25967 com.facebook.katana/10110/u0 remote:4578bef0}}
10-09 07:56:20.217     819-1198/? I/ActivityManager﹕ Delay finish: com.motorola.targetnotif/com.motorola.ccc.sso.app.GoogleAccountWatcherReceiver
10-09 07:56:20.297     819-1200/? I/ActivityManager﹕ Resuming delayed broadcast
10-09 07:56:20.537      819-857/? I/ActivityManager﹕ Start proc eu.chainfire.supersu for broadcast eu.chainfire.supersu/.UserPresentReceiver: pid=26648 uid=10079 gids={50079}
10-09 07:56:20.657      819-845/? I/ActivityManager﹕ Start proc com.google.android.tts for service com.google.android.tts/.service.GoogleTTSService: pid=26661 uid=10049 gids={50049, 3003, 1028, 1015}
10-09 07:56:20.687     819-1201/? I/ActivityManager﹕ Start proc com.classdojo.android for broadcast com.classdojo.android/com.parse.ParseBroadcastReceiver: pid=26673 uid=10193 gids={50193, 3003, 1028, 1015}
10-09 07:56:21.057     819-1201/? I/ActivityManager﹕ Process com.google.android.apps.maps (pid 26215) has died.
10-09 07:56:21.057     819-1201/? A/ActivityManager﹕ Service ServiceRecord{463ef680 u0 com.google.android.apps.maps/com.google.android.apps.gmm.prefetch.PrefetcherService} in process ProcessRecord{432eb018 26215:com.google.android.apps.maps/u0a59} not same as in map: null
10-09 07:56:21.317      819-965/? D/ConnectivityService﹕ [CheckMp] isMobileOk: X result=1
10-09 07:56:21.327      819-819/? D/ConnectivityService﹕ [CheckMp] onPostExecute: result=1
10-09 07:56:21.327      819-819/? D/ConnectivityService﹕ CheckMp.onComplete: result=1
10-09 07:56:21.327      819-819/? D/ConnectivityService﹕ CheckMp.onComplete: ignore, connected or no connection
10-09 07:56:21.707     819-1202/? I/ActivityManager﹕ Start proc com.google.android.apps.maps for broadcast com.google.android.apps.maps/com.google.userfeedback.android.api.FeedbackConnectivityReceiver: pid=26753 uid=10059 gids={50059, 3003, 1028, 1015}
10-09 07:56:21.757  26753-26753/? W/ActivityThread﹕ ClassLoader.loadClass: The class loader returned by Thread.getContextClassLoader() may fail for processes that host multiple applications. You should explicitly specify a context class loader. For example: Thread.setContextClassLoader(getClass().getClassLoader());
10-09 07:56:21.877      819-856/? I/ActivityManager﹕ Process com.HBO (pid 26361) has died.
10-09 07:56:22.017     819-1201/? I/ActivityManager﹕ Process com.google.android.youtube (pid 26400) has died.
10-09 07:56:22.487      819-881/? D/ConnectivityService﹕ handleInetConditionHoldEnd: net=0, condition=100, published condition=0
10-09 07:56:22.777     819-1198/? I/ActivityManager﹕ Start proc com.HBO for broadcast com.HBO/com.hbo.utils.ConnectivityReceiver: pid=26808 uid=10060 gids={50060, 1028, 1015, 3003}
10-09 07:56:22.817      819-829/? I/ActivityManager﹕ Process com.twitter.android (pid 26597) has died.
10-09 07:56:22.827      819-829/? A/ActivityManager﹕ Service ServiceRecord{447ff708 u0 com.twitter.android/com.twitter.internal.android.service.AsyncService} in process ProcessRecord{4335e5e8 26597:com.twitter.android/u0a148} not same as in map: null
10-09 07:56:23.197      819-881/? D/ConnectivityService﹕ handleInetConditionHoldEnd: net=0, condition=100, published condition=100
10-09 07:56:23.337    819-14446/? I/ActivityManager﹕ Start proc com.google.android.youtube for service com.google.android.youtube/.app.remote.YouTubeTvRouteProviderService: pid=26830 uid=10073 gids={50073, 3003, 1028, 1015}
10-09 07:56:23.547     819-1101/? I/ActivityManager﹕ Start proc com.twitter.android for broadcast com.twitter.android/.client.AppBroadcastReceiver: pid=26850 uid=10148 gids={50148, 3003, 1028, 1015}
10-09 07:56:23.547      819-856/? I/ActivityManager﹕ Process com.google.android.apps.maps (pid 26753) has died.
10-09 07:56:23.547      819-856/? A/ActivityManager﹕ Service ServiceRecord{457e28c8 u0 com.google.android.apps.maps/com.google.android.apps.gmm.prefetch.PrefetcherService} in process ProcessRecord{452078f0 26753:com.google.android.apps.maps/u0a59} not same as in map: null
10-09 07:56:23.987     819-1203/? I/ActivityManager﹕ Process com.google.android.gms.unstable (pid 26265) has died.
10-09 07:56:24.317    819-14447/? I/ActivityManager﹕ Start proc com.google.android.apps.maps for broadcast com.google.android.apps.maps/com.google.userfeedback.android.api.FeedbackConnectivityReceiver: pid=26953 uid=10059 gids={50059, 3003, 1028, 1015}
10-09 07:56:24.317      819-868/? I/ActivityManager﹕ START u0 {act=android.intent.action.MAIN cat=[android.intent.category.HOME] flg=0x10200000 cmp=com.google.android.googlequicksearchbox/com.google.android.launcher.GEL} from pid 819
10-09 07:56:24.367    819-14447/? W/InputMethodManagerService﹕ Window already focused, ignoring focus gain of: com.android.internal.view.IInputMethodClient$Stub$Proxy@44bc3978 attribute=null, token = android.os.BinderProxy@43b9a670
10-09 07:56:24.647  26953-26953/? W/ActivityThread﹕ ClassLoader.loadClass: The class loader returned by Thread.getContextClassLoader() may fail for processes that host multiple applications. You should explicitly specify a context class loader. For example: Thread.setContextClassLoader(getClass().getClassLoader());
10-09 07:56:24.867      819-856/? I/ActivityManager﹕ Process com.HBO (pid 26808) has died.
10-09 07:56:25.007     819-1203/? I/ActivityManager﹕ Process com.google.android.youtube (pid 26830) has died.
10-09 07:56:25.647     819-1201/? I/ActivityManager﹕ Start proc com.HBO for broadcast com.HBO/com.hbo.utils.ConnectivityReceiver: pid=27008 uid=10060 gids={50060, 1028, 1015, 3003}
10-09 07:56:25.827     819-1203/? I/PackageManager﹕ Adding preferred activity ComponentInfo{com.google.android.talk/com.google.android.apps.hangouts.phone.BabelHomeActivity} for user 0 :
10-09 07:56:25.837      819-830/? I/ActivityManager﹕ Process com.trello (pid 26458) has died.
10-09 07:56:25.887      819-857/? I/PackageManager﹕ Adding preferred activity ComponentInfo{com.google.android.talk/com.google.android.apps.hangouts.phone.BabelHomeActivity} for user 0 :
10-09 07:56:25.917     819-1202/? I/PackageManager﹕ Adding preferred activity ComponentInfo{com.google.android.talk/com.google.android.apps.hangouts.phone.BabelHomeActivity} for user 0 :
10-09 07:56:25.947     819-1198/? I/PackageManager﹕ Adding preferred activity ComponentInfo{com.google.android.talk/com.google.android.apps.hangouts.phone.BabelHomeActivity} for user 0 :
10-09 07:56:25.977      819-830/? I/ActivityManager﹕ Process air.WatchESPN (pid 26387) has died.
10-09 07:56:25.977     819-1101/? I/PackageManager﹕ Adding preferred activity ComponentInfo{com.google.android.talk/com.google.android.apps.hangouts.phone.BabelHomeActivity} for user 0 :
10-09 07:56:25.997      819-857/? I/PackageManager﹕ Adding preferred activity ComponentInfo{com.google.android.talk/com.google.android.apps.hangouts.phone.BabelHomeActivity} for user 0 :
10-09 07:56:26.017     819-3652/? I/PackageManager﹕ Adding preferred activity ComponentInfo{com.google.android.talk/com.google.android.apps.hangouts.phone.BabelHomeActivity} for user 0 :
10-09 07:56:26.037     819-1198/? I/PackageManager﹕ Adding preferred activity ComponentInfo{com.google.android.talk/com.google.android.apps.hangouts.phone.BabelHomeActivity} for user 0 :
10-09 07:56:26.077      819-881/? D/ConnectivityService﹕ handleInetConditionHoldEnd: net=0, condition=100, published condition=100
10-09 07:56:26.107     819-1203/? I/ActivityManager﹕ Process com.classdojo.android (pid 26673) has died.
10-09 07:56:26.297     819-1101/? I/ActivityManager﹕ Start proc air.WatchESPN for broadcast air.WatchESPN/com.espn.watchespn.NetworkChangedListener: pid=27030 uid=10185 gids={50185, 3003, 1028, 1015}
10-09 07:56:26.347      819-829/? I/ActivityManager﹕ Start proc com.google.android.youtube for service com.google.android.youtube/.app.remote.YouTubeTvRouteProviderService: pid=27042 uid=10073 gids={50073, 3003, 1028, 1015}
10-09 07:56:26.927     819-1203/? I/ActivityManager﹕ Start proc com.trello for broadcast com.trello/.common.ConnectivityBroadcastReceiver: pid=27082 uid=10181 gids={50181, 3003, 1028, 1015}
10-09 07:56:27.847     819-1202/? I/ActivityManager﹕ Start proc com.android.vending for broadcast com.android.vending/com.google.android.finsky.receivers.PackageMonitorReceiver$RegisteredReceiver: pid=27172 uid=10015 gids={50015, 3003, 1028, 1015}
10-09 07:56:28.177      819-829/? I/ActivityManager﹕ Start proc de.robv.android.xposed.installer for broadcast de.robv.android.xposed.installer/.PackageChangeReceiver: pid=27220 uid=10179 gids={50179, 1028, 1015, 3003}
10-09 07:56:28.357     819-1203/? I/ActivityManager﹕ Start proc com.metago.astro for broadcast com.metago.astro/com.kii.cloud.collector.Receiver: pid=27239 uid=10161 gids={50161, 3003, 1028, 1015}
10-09 07:56:28.547      819-829/? I/ActivityManager﹕ Killing 26648:eu.chainfire.supersu/u0a79 (adj 15): empty #17
10-09 07:56:33.297      819-846/? I/ActivityManager﹕ Start proc com.google.android.gm for service com.google.android.gm/.provider.MailSyncAdapterService: pid=27294 uid=10042 gids={50042, 3003, 1028, 1015}
10-09 07:56:33.677      819-881/? D/ConnectivityService﹕ handleInetConditionHoldEnd: net=0, condition=100, published condition=100
10-09 07:56:36.657      819-829/? I/ActivityManager﹕ Killing 25866:android.process.media/u0a5 (adj 15): empty #17
10-09 07:56:38.367      819-856/? I/ActivityManager﹕ START u0 {act=android.intent.action.MAIN cat=[android.intent.category.LAUNCHER] flg=0x10200000 cmp=com.google.android.apps.plus/.phone.ConversationListActivity bnds=[672,682][906,944] (has extras)} from pid 1166
10-09 07:56:38.437      819-856/? I/ActivityManager﹕ START u0 {act=android.intent.action.VIEW flg=0x14010000 cmp=com.google.android.apps.plus/com.google.android.apps.photos.phone.PhotosLauncherActivity} from pid 19505
10-09 07:56:38.477    819-14446/? I/ActivityManager﹕ START u0 {act=android.intent.action.VIEW flg=0x14000000 cmp=com.google.android.apps.plus/com.google.android.apps.photos.phone.PhotosHomeActivity (has extras)} from pid 19505
10-09 07:56:40.807     819-1202/? I/ActivityManager﹕ Start proc android.process.media for content provider com.android.providers.media/.MediaProvider: pid=27474 uid=10005 gids={50005, 1028, 1015, 1023, 1024, 2001, 3003, 3007}
10-09 07:56:40.867  27474-27474/? W/ActivityThread﹕ ClassLoader.loadClass: The class loader returned by Thread.getContextClassLoader() may fail for processes that host multiple applications. You should explicitly specify a context class loader. For example: Thread.setContextClassLoader(getClass().getClassLoader());
10-09 07:56:42.987     819-1202/? I/ActivityManager﹕ START u0 {act=android.intent.action.VIEW cmp=com.google.android.apps.plus/com.google.android.apps.photos.viewer.pager.HostPhotoPagerActivity (has extras)} from pid 19505
10-09 07:56:49.807     819-1190/? I/ActivityManager﹕ START u0 {cmp=com.google.android.apps.plus/.phone.MiniShareActivity (has extras)} from pid 19505
10-09 07:56:49.977    819-14446/? W/IntentResolver﹕ resolveIntent: multiple matches, only some with CATEGORY_DEFAULT
10-09 07:56:49.997      819-829/? W/IntentResolver﹕ resolveIntent: multiple matches, only some with CATEGORY_DEFAULT
10-09 07:56:52.127     819-1101/? I/ActivityManager﹕ START u0 {act=android.intent.action.SEND typ=image/jpeg flg=0x10000001 cmp=com.google.android.gm/.ComposeActivityGmail (has clip) (has extras)} from pid 19505
10-09 07:56:57.177      819-881/? D/MobileDataStateTracker﹕ default: setPolicyDataEnable(enabled=true)
10-09 07:57:01.927     819-1201/? I/ActivityManager﹕ Process com.google.android.tts (pid 26661) has died.
10-09 07:57:01.927     819-1201/? W/ActivityManager﹕ Scheduling restart of crashed service com.google.android.tts/.service.GoogleTTSService in 1000ms
10-09 07:57:02.967      819-845/? I/ActivityManager﹕ Start proc com.google.android.tts for service com.google.android.tts/.service.GoogleTTSService: pid=27706 uid=10049 gids={50049, 3003, 1028, 1015}
10-09 07:57:04.787      819-830/? I/ActivityManager﹕ Process com.twitter.android (pid 26850) has died.
10-09 07:57:04.787      819-830/? A/ActivityManager﹕ Service ServiceRecord{44106960 u0 com.twitter.android/com.twitter.internal.android.service.AsyncService} in process ProcessRecord{43e492c0 26850:com.twitter.android/u0a148} not same as in map: null
10-09 07:57:38.197     819-1203/? I/ActivityManager﹕ Process com.google.android.apps.maps (pid 26953) has died.
10-09 07:57:38.197     819-1203/? A/ActivityManager﹕ Service ServiceRecord{4549bcb0 u0 com.google.android.apps.maps/com.google.android.apps.gmm.prefetch.PrefetcherService} in process ProcessRecord{44871708 26953:com.google.android.apps.maps/u0a59} not same as in map: null
10-09 07:57:45.217      819-869/? I/PowerManagerService﹕ Going to sleep by user request...
10-09 07:57:46.827     819-1198/? I/ActivityManager﹕ Process com.HBO (pid 27008) has died.
10-09 07:58:01.427     819-1190/? W/IntentResolver﹕ resolveIntent: multiple matches, only some with CATEGORY_DEFAULT
10-09 07:59:34.367     819-3652/? I/ActivityManager﹕ Start proc com.aviary.android.feather:aviarycds for broadcast com.aviary.android.feather/.cds.AviaryCdsReceiver: pid=28062 uid=10105 gids={50105, 3003, 1028, 1015}
10-09 07:59:35.487      819-881/? D/ConnectivityService﹕ handleInetConditionHoldEnd: net=0, condition=100, published condition=100
10-09 07:59:59.697      819-881/? D/ConnectivityService﹕ Captive portal check NetworkInfo: type: WIFI[], state: CONNECTING/CAPTIVE_PORTAL_CHECK, reason: (unspecified), extra: "WallachNet", roaming: false, failover: false, isAvailable: true, isConnectedToProvisioningNetwork: false
10-09 07:59:59.697      819-881/? D/ConnectivityService﹕ Captive check on WIFI
10-09 07:59:59.707     819-1043/? D/ConnectivityService﹕ captivePortalCheckComplete: ni=NetworkInfo: type: WIFI[], state: CONNECTING/CAPTIVE_PORTAL_CHECK, reason: (unspecified), extra: "WallachNet", roaming: false, failover: false, isAvailable: true, isConnectedToProvisioningNetwork: false
10-09 07:59:59.737      819-881/? D/ConnectivityService﹕ ConnectivityChange for WIFI: CONNECTED/CONNECTED
10-09 07:59:59.737      819-881/? D/ConnectivityService﹕ Policy requires mobile teardown
10-09 07:59:59.757      819-881/? E/ConnectivityService﹕ Unexpected mtu value: android.net.wifi.WifiStateTracker@4380a6a0
10-09 07:59:59.767      819-881/? D/Nat464Xlat﹕ requiresClat: netType=1, hasIPv4Address=true
10-09 07:59:59.807      819-881/? D/MobileDataStateTracker﹕ default: setPolicyDataEnable(enabled=true)
10-09 07:59:59.947      819-819/? D/MobileDataStateTracker﹕ default: Broadcast received: android.intent.action.ANY_DATA_STATE apnType=default
10-09 07:59:59.947      819-819/? D/MobileDataStateTracker﹕ default: Received state=DISCONNECTED, old=CONNECTED, reason=dataDisabled
10-09 07:59:59.947      819-819/? D/MobileDataStateTracker﹕ default: setDetailed state, old =CONNECTED and new state=DISCONNECTED
10-09 07:59:59.947      819-881/? D/ConnectivityService﹕ ConnectivityChange for mobile: DISCONNECTED/DISCONNECTED
10-09 07:59:59.957      819-881/? D/ConnectivityService﹕ Attempting to switch to WIFI
10-09 07:59:59.957      819-881/? D/ConnectivityService﹕ Attempting to switch to BLUETOOTH_TETHER
10-09 07:59:59.967      819-881/? D/ConnectivityService﹕ resetConnections(rmnet0, 3)
10-09 08:00:00.037      819-881/? D/ConnectivityService﹕ resetConnections(clat4, 3)
10-09 08:00:00.107      819-881/? D/Nat464Xlat﹕ requiresClat: netType=0, hasIPv4Address=false
10-09 08:00:00.107      819-881/? I/Nat464Xlat﹕ Stopping clatd
10-09 08:00:00.107      181-588/? E/NetlinkEvent﹕ Unknown ifindex 106 in RTM_DELADDR
10-09 08:00:00.107      181-588/? D/NetlinkEvent﹕ Unexpected netlink message. type=0x11
10-09 08:00:00.157      181-588/? E/NetlinkEvent﹕ Unknown ifindex 107 in RTM_DELADDR
10-09 08:00:00.157      181-588/? D/NetlinkEvent﹕ Unexpected netlink message. type=0x11
10-09 08:00:00.177      819-881/? E/Nat464Xlat﹕ stopClat: already stopped
10-09 08:00:00.177      819-881/? D/MobileDataStateTracker﹕ default: setPolicyDataEnable(enabled=true)
10-09 08:00:00.177      819-881/? D/MobileDataStateTracker﹕ default: setPolicyDataEnable(enabled=true)
10-09 08:00:00.217      819-881/? D/MobileDataStateTracker﹕ default: setPolicyDataEnable(enabled=true)
10-09 08:00:00.247      819-881/? D/MobileDataStateTracker﹕ default: setPolicyDataEnable(enabled=true)
10-09 08:00:00.257      819-881/? D/MobileDataStateTracker﹕ default: setPolicyDataEnable(enabled=true)
10-09 08:00:01.067     819-3652/? I/ActivityManager﹕ Start proc com.google.android.deskclock for broadcast com.google.android.deskclock/com.android.alarmclock.DigitalAppWidgetProvider: pid=28196 uid=10035 gids={50035, 1028}
10-09 08:00:01.367      819-881/? D/ConnectivityService﹕ handleConnectivityChange: addresses changed linkProperty[1]: resetMask=0
    car=removed=[] added=[fe80::bef5:acff:fef5:f306/64,]
10-09 08:00:01.367      819-881/? D/Nat464Xlat﹕ requiresClat: netType=1, hasIPv4Address=true
10-09 08:00:01.967      819-829/? I/ActivityManager﹕ Start proc com.android.providers.calendar for content provider com.android.providers.calendar/.CalendarProvider2: pid=28227 uid=10001 gids={50001, 3003, 1028, 1015}
10-09 08:00:02.027  28227-28227/? W/ActivityThread﹕ ClassLoader.loadClass: The class loader returned by Thread.getContextClassLoader() may fail for processes that host multiple applications. You should explicitly specify a context class loader. For example: Thread.setContextClassLoader(getClass().getClassLoader());
10-09 08:00:02.897      819-881/? D/ConnectivityService﹕ handleInetConditionHoldEnd: net=1, condition=0, published condition=0
10-09 08:00:03.207      819-829/? I/ActivityManager﹕ Start proc com.google.android.apps.maps for broadcast com.google.android.apps.maps/com.google.userfeedback.android.api.FeedbackConnectivityReceiver: pid=28283 uid=10059 gids={50059, 3003, 1028, 1015}
10-09 08:00:03.367  28283-28283/? W/ActivityThread﹕ ClassLoader.loadClass: The class loader returned by Thread.getContextClassLoader() may fail for processes that host multiple applications. You should explicitly specify a context class loader. For example: Thread.setContextClassLoader(getClass().getClassLoader());
10-09 08:00:03.777     819-1201/? I/ActivityManager﹕ Process com.trello (pid 27082) has died.
10-09 08:00:04.007     819-1190/? I/ActivityManager﹕ Process com.nytimes.android (pid 26552) has died.
10-09 08:00:04.347     819-1202/? I/ActivityManager﹕ Start proc com.HBO for broadcast com.HBO/com.hbo.utils.ConnectivityReceiver: pid=28346 uid=10060 gids={50060, 1028, 1015, 3003}
10-09 08:00:04.957     819-1202/? I/ActivityManager﹕ Start proc com.trello for broadcast com.trello/.common.ConnectivityBroadcastReceiver: pid=28374 uid=10181 gids={50181, 3003, 1028, 1015}
10-09 08:00:04.957     819-1200/? I/ActivityManager﹕ Process com.android.vending (pid 27172) has died.
10-09 08:00:05.077     819-1202/? I/ActivityManager﹕ Process com.metago.astro (pid 27239) has died.
10-09 08:00:05.177      819-881/? D/ConnectivityService﹕ handleInetConditionHoldEnd: net=1, condition=100, published condition=0
10-09 08:00:05.587      819-829/? I/ActivityManager﹕ Start proc com.nytimes.android for broadcast com.nytimes.android/.receiver.NetworkBroadcastReceiver: pid=28420 uid=10127 gids={50127, 3003, 1028, 1015}
10-09 08:00:05.907      819-830/? I/ActivityManager﹕ Process com.google.android.music:main (pid 26145) has died.
10-09 08:00:05.907      819-830/? A/ActivityManager﹕ Service ServiceRecord{457cdf98 u0 com.google.android.music/.net.NetworkMonitor} in process ProcessRecord{4328ea98 26145:com.google.android.music:main/u0a61} not same as in map: null
10-09 08:00:05.917      819-830/? A/ActivityManager﹕ Service ServiceRecord{445b5f60 u0 com.google.android.music/.preferences.MusicPreferenceService$MusicPreferenceServiceBinder} in process ProcessRecord{4328ea98 26145:com.google.android.music:main/u0a61} not same as in map: null
10-09 08:00:06.057      819-830/? I/ActivityManager﹕ Start proc com.twitter.android for broadcast com.twitter.android/.client.AppBroadcastReceiver: pid=28459 uid=10148 gids={50148, 3003, 1028, 1015}
10-09 08:00:06.547    819-14447/? I/ActivityManager﹕ Process com.google.android.tts (pid 27706) has died.
10-09 08:00:06.547    819-14447/? W/ActivityManager﹕ Scheduling restart of crashed service com.google.android.tts/.service.GoogleTTSService in 1000ms
10-09 08:00:07.017      819-856/? I/ActivityManager﹕ Delay finish: com.motorola.targetnotif/com.motorola.ccc.sso.app.GoogleAccountWatcherReceiver
10-09 08:00:07.157    819-14446/? I/ActivityManager﹕ Resuming delayed broadcast
10-09 08:00:07.197    819-14446/? I/ActivityManager﹕ Start proc com.google.android.music:main for broadcast com.google.android.music/.homewidgets.IFLWidgetProvider: pid=28516 uid=10061 gids={50061, 3003, 1028, 1015}
10-09 08:00:07.337  28516-28516/? W/ActivityThread﹕ ClassLoader.loadClass: The class loader returned by Thread.getContextClassLoader() may fail for processes that host multiple applications. You should explicitly specify a context class loader. For example: Thread.setContextClassLoader(getClass().getClassLoader());
10-09 08:00:07.577      819-845/? I/ActivityManager﹕ Start proc com.google.android.tts for service com.google.android.tts/.service.GoogleTTSService: pid=28540 uid=10049 gids={50049, 3003, 1028, 1015}
10-09 08:00:07.877     819-1202/? I/ActivityManager﹕ Process com.trello (pid 28374) has died.
10-09 08:00:07.927     819-1202/? I/ActivityManager﹕ Start proc com.trello for broadcast com.trello/.common.ConnectivityBroadcastReceiver: pid=28571 uid=10181 gids={50181, 3003, 1028, 1015}
10-09 08:00:08.107      819-856/? I/ActivityManager﹕ Process com.nytimes.android (pid 28420) has died.
10-09 08:00:08.277      819-881/? D/ConnectivityService﹕ handleInetConditionHoldEnd: net=1, condition=100, published condition=100
10-09 08:00:08.367     819-1203/? I/ActivityManager﹕ Start proc com.nytimes.android for broadcast com.nytimes.android/.receiver.NetworkBroadcastReceiver: pid=28610 uid=10127 gids={50127, 3003, 1028, 1015}
10-09 08:00:08.947    819-14447/? I/ActivityManager﹕ Process com.twitter.android (pid 28459) has died.
10-09 08:00:08.947    819-14447/? A/ActivityManager﹕ Service ServiceRecord{466c2e38 u0 com.twitter.android/com.twitter.internal.android.service.AsyncService} in process ProcessRecord{44896408 28459:com.twitter.android/u0a148} not same as in map: null
10-09 08:00:09.047    181-28652/? W/SocketClient﹕ write error (Broken pipe)
10-09 08:00:09.047    181-28652/? W/SocketClient﹕ write error (Broken pipe)
10-09 08:00:09.047    181-28652/? W/SocketClient﹕ write error (Broken pipe)
10-09 08:00:09.047    181-28652/? W/SocketClient﹕ write error (Broken pipe)
10-09 08:00:09.047    181-28652/? W/SocketClient﹕ write error (Broken pipe)
10-09 08:00:09.047    181-28652/? W/SocketClient﹕ write error (Broken pipe)
10-09 08:00:09.047    181-28652/? W/SocketClient﹕ write error (Broken pipe)
10-09 08:00:09.057      819-830/? I/ActivityManager﹕ Start proc com.twitter.android for broadcast com.twitter.android/.client.AppBroadcastReceiver: pid=28665 uid=10148 gids={50148, 3003, 1028, 1015}
10-09 08:00:09.367      819-881/? D/ConnectivityService﹕ handleInetConditionHoldEnd: net=1, condition=100, published condition=100
10-09 08:00:09.617      819-829/? I/ActivityManager﹕ Delay finish: com.motorola.targetnotif/com.motorola.ccc.sso.app.GoogleAccountWatcherReceiver
10-09 08:00:09.797     819-1101/? I/ActivityManager﹕ Process com.google.android.tts (pid 28540) has died.
10-09 08:00:09.797     819-1101/? W/ActivityManager﹕ Scheduling restart of crashed service com.google.android.tts/.service.GoogleTTSService in 4000ms
10-09 08:00:09.927      819-881/? D/MobileDataStateTracker﹕ default: setPolicyDataEnable(enabled=true)
10-09 08:00:10.047     819-3652/? I/ActivityManager﹕ Resuming delayed broadcast
10-09 08:00:12.577      819-857/? I/ActivityManager﹕ Delay finish: com.google.android.music/.leanback.AutoCacheSchedulingService$EnablingReceiver
10-09 08:00:12.747      819-829/? I/ActivityManager﹕ Resuming delayed broadcast
10-09 08:00:12.867     819-1043/? D/ConnectivityService﹕ setProvNotificationVisible: E visible=false networkType=1 extraInfo=null url=null
10-09 08:00:13.837      819-845/? I/ActivityManager﹕ Start proc com.google.android.tts for service com.google.android.tts/.service.GoogleTTSService: pid=28752 uid=10049 gids={50049, 3003, 1028, 1015}
10-09 08:00:14.557     819-1043/? W/ContextImpl﹕ Calling a method in the system process without a qualified user: android.app.ContextImpl.sendBroadcast:1145 android.net.CaptivePortalTracker.sendNetworkConditionsBroadcast:507 android.net.CaptivePortalTracker.isCaptivePortal:399 android.net.CaptivePortalTracker.access$2600:60 android.net.CaptivePortalTracker$DelayedCaptiveCheckState.processMessage:283
