11-21 21:39:18.127 D/GCM     (12290): GcmService start Intent { act=android.net.conn.CONNECTIVITY_CHANGE flg=0x4000010 cmp=com.google.android.gms/.gcm.GcmService (has extras) } android.net.conn.CONNECTIVITY_CHANGE
11-21 21:39:18.177 D/dalvikvm( 1752): GC_CONCURRENT freed 879K, 64% free 6339K/17296K, paused 41ms+7ms, total 136ms
11-21 21:39:18.177 D/dalvikvm( 1752): WAIT_FOR_CONCURRENT_GC blocked 95ms
11-21 21:39:18.207 D/dalvikvm(12260): GC_FOR_ALLOC freed 254K, 25% free 2387K/3176K, paused 216ms, total 333ms
11-21 21:39:18.397 D/dalvikvm(12255): GC_FOR_ALLOC freed 304K, 24% free 2548K/3328K, paused 25ms, total 26ms
11-21 21:39:18.468 I/CheckinService(12241): active receiver: disabled
11-21 21:39:18.498 I/ActivityManager( 1752): START u0 {act=android.intent.action.MAIN cat=[android.intent.category.HOME] flg=0x10000000 cmp=com.google.android.wearable.app/com.google.android.clockwork.home.HomeActivity (has extras)} from pid 1871 on display 0
11-21 21:39:18.518 V/ActivityManager( 1752): Display changed displayId=0
11-21 21:39:18.528 V/WearActivity( 3639): display changed: 0, new state: 1
11-21 21:39:18.528 V/WearActivity( 3639): state didn't actually change
11-21 21:39:18.568 D/PermissionCache( 1419): checking android.permission.DUMP for uid=2000 => granted (579 us)
11-21 21:39:18.868 E/ClockworkHome( 1871): Tried to exit ambient mode, but enterAmbientMode() was never called.
11-21 21:39:18.878 I/ActivityManager( 1752): Delay finish: com.google.android.gms/.gcm.ServiceAutoStarter
11-21 21:39:18.888 D/dalvikvm(12260): GC_FOR_ALLOC freed 150K, 25% free 2404K/3176K, paused 28ms, total 28ms
11-21 21:39:19.078 W/ActivityManager( 1752): Activity pause timeout for ActivityRecord{adc9b990 u0 com.google.android.wearable.app/com.google.android.clockwork.home.HomeActivity t1}
11-21 21:39:19.108 D/dalvikvm(12241): GC_FOR_ALLOC freed 293K, 21% free 2711K/3424K, paused 16ms, total 16ms
11-21 21:39:19.198 I/Clockwork.Settings( 1871): firing a scheduled time sync now
11-21 21:39:19.198 I/Clockwork.Settings( 1871): sending time sync request - elapsedRealTime: 1867681023
11-21 21:39:19.689 D/GCM     (12290): GcmService start Intent { act=com.google.android.checkin.CHECKIN_COMPLETE flg=0x10 cmp=com.google.android.gms/.gcm.GcmService (has extras) } com.google.android.checkin.CHECKIN_COMPLETE
11-21 21:39:19.739 I/ActivityManager( 1752): Resuming delayed broadcast
11-21 21:39:20.409 D/mot_vr_audio_hw( 1419): dsp_recognizer_enabled = true
11-21 21:39:20.409 D/ADSPD   ( 7609): Client cmd=0x0003, size=4
11-21 21:39:20.409 D/ADSPD   ( 7609): Trying to send to dsp while in dsp in RESET
11-21 21:39:20.419 D/mot_vr_audio_hw( 1419): open_input_stream(): devices = 0x80000004, rate = 8000, channels = 0x10
11-21 21:39:20.419 D/mot_vr_audio_hw( 1419): Created resampler for 16000->8000 Hz
11-21 21:39:20.419 D/ADSPD   ( 7609): Client cmd=0x4003, size=2
11-21 21:39:20.429 D/dalvikvm( 1981): GC_CONCURRENT freed 439K, 40% free 2277K/3772K, paused 2ms+1ms, total 1004ms
11-21 21:39:20.439 D/mot_vr_audio_hw( 1419): in_read waiting for hotword
11-21 21:39:20.449 D/dalvikvm( 6238): GC_CONCURRENT freed 149K, 24% free 2455K/3220K, paused 4ms+1ms, total 77ms
11-21 21:39:20.469 D/mot_vr_audio_hw( 1419): dsp_recognizer_enabled = false
11-21 21:39:20.469 D/ADSPD   ( 7609): Client cmd=0x0003, size=4
11-21 21:39:20.469 D/ADSPD   ( 7609): Trying to send to dsp while in dsp in RESET
11-21 21:39:20.469 W/mot_vr_audio_hw( 1419): Not allowing wake() since DSP is disabled
11-21 21:39:20.479 W/mot_vr_audio_hw( 1419): Not allowing wake() since DSP is disabled
11-21 21:39:20.509 D/ADSPD   ( 7609): Client cmd=0x4003, size=2
11-21 21:39:20.509 D/ADSPD   ( 7609): DSP no longer used, turned off here
11-21 21:39:20.509 D/mot_vr_audio_hw( 1419): Input 0xb8ebfc60 close complete
11-21 21:39:20.540 D/dalvikvm(12260): GC_FOR_ALLOC freed 228K, 26% free 2381K/3176K, paused 51ms, total 56ms
11-21 21:39:20.550 I/Choreographer( 1871): Skipped 79 frames!  The application may be doing too much work on its main thread.
11-21 21:39:20.600 I/Clockwork.Settings( 1871): time sync update time to 1416627561297, latency 1399 ms
11-21 21:39:20.620 I/Clockwork.Settings( 1871): time sync timezone: America/Chicago
11-21 21:39:20.630 D/        ( 1752): Setting time of day to sec=1416627561
11-21 21:39:21.335 I/Clockwork.TimeService( 1981): set timezone to America/Chicago
11-21 21:39:21.335 D/AlarmManagerService( 1752): Kernel timezone updated to 360 minutes west of GMT
11-21 21:39:21.435 I/CheckinService(12241): active receiver: disabled
11-21 21:39:21.475 I/Clockwork.Settings( 1871): Companion requested the watch start a time sync.
11-21 21:39:21.475 I/Clockwork.Settings( 1871): sending time sync request - elapsedRealTime: 1867682610
11-21 21:39:21.515 I/ActivityManager( 1752): Delay finish: com.google.android.gms/.gcm.ServiceAutoStarter
11-21 21:39:21.525 D/GCM     (12290): GcmService start Intent { act=com.google.android.checkin.CHECKIN_COMPLETE flg=0x10 cmp=com.google.android.gms/.gcm.GcmService (has extras) } com.google.android.checkin.CHECKIN_COMPLETE
11-21 21:39:21.525 I/ActivityManager( 1752): Resuming delayed broadcast
11-21 21:39:21.585 D/dalvikvm(12260): GC_FOR_ALLOC freed 134K, 25% free 2392K/3176K, paused 23ms, total 23ms
11-21 21:39:21.995 I/Clockwork.Settings( 1871): firing a scheduled time sync now
11-21 21:39:21.995 I/Clockwork.Settings( 1871): sending time sync request - elapsedRealTime: 1867683131
11-21 21:39:22.706 W/wearable(12260): took 1084 ms to perform write
11-21 21:39:22.946 D/dalvikvm( 1752): GC_CONCURRENT freed 1247K, 65% free 6222K/17296K, paused 51ms+15ms, total 149ms
11-21 21:39:22.946 D/dalvikvm( 1752): WAIT_FOR_CONCURRENT_GC blocked 105ms
11-21 21:39:22.966 D/dalvikvm( 1752): WAIT_FOR_CONCURRENT_GC blocked 111ms
11-21 21:39:22.966 D/dalvikvm( 1752): WAIT_FOR_CONCURRENT_GC blocked 71ms
11-21 21:39:22.966 D/dalvikvm( 1752): WAIT_FOR_CONCURRENT_GC blocked 48ms
11-21 21:39:23.226 I/Fitness (12255): WearableSyncServiceReceiver.onReceive
11-21 21:39:23.276 I/Clockwork.Settings( 1871): time sync update time to 1416627562715, latency 1811 ms
11-21 21:39:23.306 D/PhoneListenerService( 3583): onDestroy
11-21 21:39:23.336 D/dalvikvm( 1752): GC_CONCURRENT freed 1181K, 65% free 6142K/17296K, paused 20ms+8ms, total 122ms
11-21 21:39:23.336 D/dalvikvm( 1752): WAIT_FOR_CONCURRENT_GC blocked 114ms
11-21 21:39:23.346 D/dalvikvm( 1752): WAIT_FOR_CONCURRENT_GC blocked 105ms
11-21 21:39:23.346 D/dalvikvm( 1752): WAIT_FOR_CONCURRENT_GC blocked 89ms
11-21 21:39:23.346 D/dalvikvm( 1752): WAIT_FOR_CONCURRENT_GC blocked 49ms
11-21 21:39:23.346 D/dalvikvm( 1752): WAIT_FOR_CONCURRENT_GC blocked 40ms
11-21 21:39:23.377 D/dalvikvm( 1752): WAIT_FOR_CONCURRENT_GC blocked 136ms
11-21 21:39:23.587 I/Clockwork.Settings( 1871): time sync timezone: America/Chicago
11-21 21:39:23.587 I/Clockwork.Settings( 1871): time sync update time to 1416627563019, latency 1599 ms
11-21 21:39:23.712 I/ProcessStatsService( 1752): Added stats: 2014-11-21-13-10-01, over +8h10m53s510ms
11-21 21:39:23.717 D/dalvikvm( 1752): GC_FOR_ALLOC freed 1023K, 65% free 6200K/17296K, paused 50ms, total 50ms
11-21 21:39:23.162 I/Clockwork.Settings( 1871): time sync timezone: America/Chicago
11-21 21:39:23.272 I/Clockwork.TimeService( 1981): set timezone to America/Chicago
11-21 21:39:23.272 D/AlarmManagerService( 1752): Kernel timezone updated to 360 minutes west of GMT
11-21 21:39:23.282 D/        ( 1752): Setting time of day to sec=1416627563
11-21 21:39:23.382 I/Clockwork.TimeService( 1981): set timezone to America/Chicago
11-21 21:39:23.382 D/AlarmManagerService( 1752): Kernel timezone updated to 360 minutes west of GMT
11-21 21:39:23.582 D/dalvikvm( 1752): GC_CONCURRENT freed 1094K, 65% free 6201K/17296K, paused 58ms+7ms, total 131ms
11-21 21:39:23.582 D/dalvikvm( 1752): WAIT_FOR_CONCURRENT_GC blocked 79ms
11-21 21:39:23.582 D/dalvikvm( 1752): WAIT_FOR_CONCURRENT_GC blocked 80ms
11-21 21:39:23.732 I/ProcessStatsService( 1752): Added stats: 2014-11-21-03-55-00, over +9h15m0s677ms
11-21 21:39:23.742 I/ProcessStatsService( 1752): Added stats: 2014-11-21-00-14-53, over +3h40m6s226ms
11-21 21:39:23.747 D/        ( 1752): Setting time of day to sec=1416627563
11-21 21:39:23.752 I/ProcessStatsService( 1752): Added stats: 2014-11-20-17-55-48, over +6h18m56s340ms
11-21 21:39:23.832 D/dalvikvm( 1752): GC_CONCURRENT freed 1088K, 65% free 6208K/17296K, paused 2ms+5ms, total 68ms
11-21 21:39:23.832 D/dalvikvm( 1752): WAIT_FOR_CONCURRENT_GC blocked 59ms
11-21 21:39:23.832 D/dalvikvm( 1752): WAIT_FOR_CONCURRENT_GC blocked 66ms
11-21 21:39:24.122 I/ProcessStatsService( 1752): Added stats: 2014-11-21-13-10-01, over +8h10m53s510ms
11-21 21:39:24.202 D/dalvikvm( 1752): GC_CONCURRENT freed 1098K, 65% free 6176K/17296K, paused 2ms+5ms, total 70ms
11-21 21:39:24.202 D/dalvikvm( 1752): WAIT_FOR_CONCURRENT_GC blocked 61ms
11-21 21:39:24.593 D/dalvikvm(12260): GC_FOR_ALLOC freed 152K, 26% free 2373K/3176K, paused 107ms, total 1159ms
11-21 21:39:24.703 D/dalvikvm( 1752): GC_CONCURRENT freed 1142K, 65% free 6124K/17296K, paused 56ms+5ms, total 113ms
11-21 21:39:24.703 D/dalvikvm( 1752): WAIT_FOR_CONCURRENT_GC blocked 67ms
11-21 21:39:24.783 D/dalvikvm(22496): GC_CONCURRENT freed 433K, 24% free 2265K/2968K, paused 20ms+1ms, total 1252ms
11-21 21:39:24.783 D/WearableClient(12255): WearableClientImpl.onPostInitHandler: done
11-21 21:39:24.793 D/PermissionCache( 1752): checking android.permission.DUMP for uid=2000 => granted (274 us)
11-21 21:39:24.793 I/ActivityManager( 1752): Delay finish: com.android.providers.calendar/.CalendarProviderBroadcastReceiver
11-21 21:39:25.033 I/Fitness (12255): syncing to node: e12e6647-0917-4594-a0b8-f42d78390f6d
11-21 21:39:25.113 D/dalvikvm( 1752): GC_CONCURRENT freed 1050K, 65% free 6151K/17296K, paused 48ms+10ms, total 136ms
11-21 21:39:25.113 D/dalvikvm( 1752): WAIT_FOR_CONCURRENT_GC blocked 50ms
11-21 21:39:25.113 D/dalvikvm( 1752): WAIT_FOR_CONCURRENT_GC blocked 47ms
11-21 21:39:25.113 D/dalvikvm( 1752): WAIT_FOR_CONCURRENT_GC blocked 27ms
11-21 21:39:25.113 D/dalvikvm( 1752): WAIT_FOR_CONCURRENT_GC blocked 93ms
11-21 21:39:25.454 I/ActivityManager( 1752): Resuming delayed broadcast
11-21 21:39:25.534 D/dalvikvm( 1752): GC_CONCURRENT freed 1095K, 65% free 6140K/17296K, paused 43ms+5ms, total 131ms
11-21 21:39:25.534 D/dalvikvm( 1752): WAIT_FOR_CONCURRENT_GC blocked 93ms
11-21 21:39:25.534 D/dalvikvm( 1752): WAIT_FOR_CONCURRENT_GC blocked 82ms
11-21 21:39:25.534 D/dalvikvm( 1752): WAIT_FOR_CONCURRENT_GC blocked 82ms
11-21 21:39:25.534 D/dalvikvm( 1752): WAIT_FOR_CONCURRENT_GC blocked 81ms
11-21 21:39:25.544 D/dalvikvm( 1752): WAIT_FOR_CONCURRENT_GC blocked 89ms
11-21 21:39:25.544 D/dalvikvm( 1752): WAIT_FOR_CONCURRENT_GC blocked 90ms
11-21 21:39:25.544 D/dalvikvm( 1752): WAIT_FOR_CONCURRENT_GC blocked 52ms
11-21 21:39:25.964 D/dalvikvm( 1752): GC_CONCURRENT freed 1081K, 65% free 6139K/17296K, paused 24ms+5ms, total 121ms
11-21 21:39:25.964 D/dalvikvm( 1752): WAIT_FOR_CONCURRENT_GC blocked 106ms
11-21 21:39:25.964 D/dalvikvm( 1752): WAIT_FOR_CONCURRENT_GC blocked 106ms
11-21 21:39:25.964 D/dalvikvm( 1752): WAIT_FOR_CONCURRENT_GC blocked 106ms
11-21 21:39:25.964 D/dalvikvm( 1752): WAIT_FOR_CONCURRENT_GC blocked 106ms
11-21 21:39:25.964 D/dalvikvm( 1752): WAIT_FOR_CONCURRENT_GC blocked 107ms
11-21 21:39:25.974 D/dalvikvm( 1752): WAIT_FOR_CONCURRENT_GC blocked 46ms
11-21 21:39:26.354 D/dalvikvm(12260): GC_FOR_ALLOC freed 192K, 26% free 2364K/3176K, paused 33ms, total 51ms
11-21 21:39:26.374 D/dalvikvm( 1752): GC_CONCURRENT freed 1084K, 65% free 6135K/17296K, paused 40ms+7ms, total 124ms
11-21 21:39:26.374 D/dalvikvm( 1752): WAIT_FOR_CONCURRENT_GC blocked 96ms
11-21 21:39:26.374 D/dalvikvm( 1752): WAIT_FOR_CONCURRENT_GC blocked 98ms
11-21 21:39:26.384 D/dalvikvm( 1752): WAIT_FOR_CONCURRENT_GC blocked 96ms
11-21 21:39:26.384 D/dalvikvm( 1752): WAIT_FOR_CONCURRENT_GC blocked 35ms
11-21 21:39:26.615 I/ActivityManager( 1752): START u0 {act=android.intent.action.MAIN cat=[android.intent.category.HOME] flg=0x10000000 cmp=com.google.android.wearable.app/com.google.android.clockwork.home.HomeActivity (has extras)} from pid 1871 on display 0
11-21 21:39:26.915 D/dalvikvm( 1752): GC_CONCURRENT freed 1084K, 65% free 6131K/17296K, paused 41ms+5ms, total 126ms
11-21 21:39:26.915 D/dalvikvm( 1752): WAIT_FOR_CONCURRENT_GC blocked 87ms
11-21 21:39:26.925 D/dalvikvm( 1752): WAIT_FOR_CONCURRENT_GC blocked 85ms
11-21 21:39:26.925 D/dalvikvm( 1752): WAIT_FOR_CONCURRENT_GC blocked 80ms
11-21 21:39:26.925 D/dalvikvm( 1752): WAIT_FOR_CONCURRENT_GC blocked 50ms
11-21 21:39:26.925 D/dalvikvm( 1752): WAIT_FOR_CONCURRENT_GC blocked 50ms
11-21 21:39:26.925 D/dalvikvm( 1752): WAIT_FOR_CONCURRENT_GC blocked 50ms
11-21 21:39:27.195 I/Fitness (12255): syncing: 0
11-21 21:39:27.275 I/CheckinService(12241): active receiver: disabled
11-21 21:39:27.405 D/dalvikvm( 1752): GC_CONCURRENT freed 1085K, 65% free 6125K/17296K, paused 65ms+5ms, total 212ms
11-21 21:39:27.405 D/dalvikvm( 1752): WAIT_FOR_CONCURRENT_GC blocked 153ms
11-21 21:39:27.426 D/dalvikvm( 1752): WAIT_FOR_CONCURRENT_GC blocked 151ms
11-21 21:39:27.426 D/dalvikvm( 1752): WAIT_FOR_CONCURRENT_GC blocked 88ms
11-21 21:39:27.426 D/dalvikvm( 1752): WAIT_FOR_CONCURRENT_GC blocked 69ms
11-21 21:39:27.426 D/dalvikvm( 1752): WAIT_FOR_CONCURRENT_GC blocked 30ms
11-21 21:39:27.426 D/dalvikvm( 1752): WAIT_FOR_CONCURRENT_GC blocked 161ms
11-21 21:39:27.566 I/ActivityManager( 1752): Delay finish: com.google.android.gms/.gcm.ServiceAutoStarter
11-21 21:39:27.576 D/GCM     (12290): GcmService start Intent { act=com.google.android.checkin.CHECKIN_COMPLETE flg=0x10 cmp=com.google.android.gms/.gcm.GcmService (has extras) } com.google.android.checkin.CHECKIN_COMPLETE
11-21 21:39:27.576 I/ActivityManager( 1752): Resuming delayed broadcast
11-21 21:39:27.586 W/HomeRowListAdapter( 1871): onRelease() called on an unknown row.
11-21 21:39:27.676 D/mot_vr_audio_hw( 1419): dsp_recognizer_enabled = true
11-21 21:39:27.676 D/ADSPD   ( 7609): Client cmd=0x0003, size=4
11-21 21:39:27.676 D/ADSPD   ( 7609): Trying to send to dsp while in dsp in RESET
11-21 21:39:27.676 D/mot_vr_audio_hw( 1419): open_input_stream(): devices = 0x80000004, rate = 8000, channels = 0x10
11-21 21:39:27.676 D/mot_vr_audio_hw( 1419): Created resampler for 16000->8000 Hz
11-21 21:39:27.676 D/ADSPD   ( 7609): Client cmd=0x4003, size=2
11-21 21:39:27.706 W/ActivityManager( 1752): Activity pause timeout for ActivityRecord{adc9b990 u0 com.google.android.wearable.app/com.google.android.clockwork.home.HomeActivity t1}
11-21 21:39:27.856 D/mot_vr_audio_hw( 1419): dsp_recognizer_enabled = false
11-21 21:39:27.856 D/ADSPD   ( 7609): Client cmd=0x0003, size=4
11-21 21:39:27.856 D/ADSPD   ( 7609): Trying to send to dsp while in dsp in RESET
11-21 21:39:27.876 W/mot_vr_audio_hw( 1419): Not allowing wake() since DSP is disabled
11-21 21:39:27.886 W/mot_vr_audio_hw( 1419): Not allowing wake() since DSP is disabled
11-21 21:39:27.896 D/dalvikvm(12290): GC_CONCURRENT freed 758K, 23% free 3975K/5120K, paused 1ms+204ms, total 362ms
11-21 21:39:27.906 D/ADSPD   ( 7609): Client cmd=0x4003, size=2
11-21 21:39:27.906 D/ADSPD   ( 7609): DSP no longer used, turned off here
11-21 21:39:27.906 D/mot_vr_audio_hw( 1419): Input 0xb8ebfc60 close complete
11-21 21:39:28.176 D/dalvikvm(12260): GC_FOR_ALLOC freed 148K, 25% free 2391K/3176K, paused 12ms, total 12ms
11-21 21:39:28.437 I/Choreographer( 1871): Skipped 54 frames!  The application may be doing too much work on its main thread.
11-21 21:39:28.887 D/dalvikvm(12255): GC_FOR_ALLOC freed 272K, 24% free 2543K/3328K, paused 14ms, total 14ms
11-21 21:39:29.167 D/MinnowPowerHAL( 1752): power_set_interactive: 1
11-21 21:39:29.167 D/MinnowPowerHAL( 1752): sysfs_write: /sys/devices/platform/omapdss/display0/interactivemode 1
11-21 21:39:29.167 I/PowerManagerService( 1752): Waking up from sleep...
11-21 21:39:29.167 W/KeyguardServiceDelegate( 1752): onScreenTurnedOn(): no keyguard service!
11-21 21:39:29.247 D/MinnowPowerHAL( 1752): sysfs_write: /sys/devices/ocp.2/i2c.6/i2c-0/0-004a/interactivemode 1
11-21 21:39:29.247 W/wearable(12260): took 1353 ms to perform write
11-21 21:39:29.247 D/MinnowPowerHAL( 1752): sysfs_write: /sys/class/leds/lcd-backlight/interactive 1
11-21 21:39:29.247 D/mot_vr_audio_hw( 1752): dsp_set_pm_state = on
11-21 21:39:29.247 D/ADSPD   ( 7609): Client cmd=0x4002, size=2
11-21 21:39:29.247 D/ADSPD   ( 7609): DSP_CMD_DAEMON_SET_PM_STATE : 1
11-21 21:39:29.247 D/PowerManagerService-JNI( 1752): Excessive delay in setInteractive(true) while turning screen on: 80ms
11-21 21:39:29.257 V/WearActivity( 3639): Resume!
11-21 21:39:29.337 W/InputMethodManagerService( 1752): Ignoring setImeWindowStatus of uid 1000 token: null
11-21 21:39:29.357 D/ADSPD   ( 7609): ACK success!
11-21 21:39:29.447 D/SurfaceFlinger( 1417): Screen acquired, type=0 flinger=0xb7fc2448
11-21 21:39:29.447 D/hwcomposer( 1417): hwc_blank(0: 0)
11-21 21:39:29.548 D/SurfaceControl( 1752): Excessive delay in unblankDisplay() while turning screen on: 125ms
11-21 21:39:29.548 I/DisplayManagerService( 1752): Display device changed: DisplayDeviceInfo{"Built-in Screen": 320 x 290, 45.000004 fps, density 213, 203.2 x 204.61111 dpi, touch INTERNAL, rotation 0, type BUILT_IN, state ON, FLAG_DEFAULT_DISPLAY, FLAG_ROTATES_WITH_CONTENT, FLAG_SECURE, FLAG_SUPPORTS_PROTECTED_BUFFERS}
11-21 21:39:29.618 V/WearActivity( 3639): display changed: 0, new state: 2
11-21 21:39:29.618 V/WearActivity( 3639): onDisplayChanged: on!
11-21 21:39:29.618 V/WearActivity( 3639): killing alarms
11-21 21:39:29.618 V/WearActivity( 3639): startHelper: putting it all back together again
11-21 21:39:29.618 V/WearActivity( 3639): initAlarm: setting up
11-21 21:39:29.928 I/ClockFace( 3639): Ambient mode: false
11-21 21:39:29.958 W/WindowManager( 1752): Timeout waiting for drawn: undrawn=[Window{ade91b08 u0 com.google.android.wearable.app/com.google.android.clockwork.home.HomeActivity}]
11-21 21:39:30.008 V/MyViewAnim( 3639): resumeMaxHertz
11-21 21:39:30.008 V/ClockFace( 3639): clearing caches
11-21 21:39:30.008 V/MyViewAnim( 3639): starting new animator
11-21 21:39:30.008 V/MyViewAnim( 3639): Time listener is up!
11-21 21:39:30.008 V/MyViewAnim( 3639): starting new draw thread
11-21 21:39:30.198 V/ActivityManager( 1752): Display changed displayId=0
11-21 21:39:30.208 D/mot_vr_audio_hw( 1419): dsp_recognizer_enabled = true
11-21 21:39:30.208 D/ADSPD   ( 7609): Client cmd=0x0003, size=4
11-21 21:39:30.208 D/mot_vr_audio_hw( 1419): open_input_stream(): devices = 0x80000004, rate = 8000, channels = 0x10
11-21 21:39:30.208 D/mot_vr_audio_hw( 1419): Created resampler for 16000->8000 Hz
11-21 21:39:30.208 V/ClockFace( 3639): rendering new face, faceMode(0)
11-21 21:39:30.218 D/ADSPD   ( 7609): Received from DSP: cmd=0x8003, size=2
11-21 21:39:30.218 D/ADSPD   ( 7609): Client cmd=0x4003, size=2
11-21 21:39:30.218 D/mot_vr_audio_hw( 1419): received recognition control callback, status 0
11-21 21:39:30.248 D/mot_vr_audio_hw( 1419): in_read waiting for hotword
11-21 21:39:30.258 V/ClockFace( 3639): fetching new battery status (2676)
11-21 21:39:30.258 V/ClockFace( 3639): battery at 0.51
11-21 21:39:30.268 I/ActivityManager( 1752): Activity reported stop, but no longer stopping: ActivityRecord{adc9b990 u0 com.google.android.wearable.app/com.google.android.clockwork.home.HomeActivity t1}
11-21 21:39:30.288 D/dalvikvm( 3525): GC_CONCURRENT freed 252K, 19% free 1990K/2444K, paused 1ms+1ms, total 593ms
11-21 21:39:30.288 D/dalvikvm( 3516): GC_CONCURRENT freed 255K, 19% free 1991K/2452K, paused 1ms+1ms, total 527ms
11-21 21:39:30.288 D/LightsService( 1752): Excessive delay setting light: 106ms
11-21 21:39:30.308 W/wearable(12260): took 2937 ms to process the read
11-21 21:39:30.358 W/HomeRowListAdapter( 1871): onRelease() called on an unknown row.
11-21 21:39:30.358 W/HomeRowListAdapter( 1871): onRelease() called on an unknown row.
11-21 21:39:30.759 D/dalvikvm( 1752): GC_CONCURRENT freed 959K, 64% free 6228K/17296K, paused 34ms+23ms, total 358ms
11-21 21:39:30.759 D/dalvikvm( 1752): WAIT_FOR_CONCURRENT_GC blocked 338ms
11-21 21:39:30.769 I/ProcessStatsService( 1752): Added stats: 2014-11-21-13-10-01, over +8h10m53s510ms
11-21 21:39:30.789 I/ProcessStatsService( 1752): Added stats: 2014-11-21-03-55-00, over +9h15m0s677ms
11-21 21:39:30.799 I/ProcessStatsService( 1752): Added stats: 2014-11-21-00-14-53, over +3h40m6s226ms
11-21 21:39:30.809 I/ProcessStatsService( 1752): Added stats: 2014-11-20-17-55-48, over +6h18m56s340ms
11-21 21:39:30.969 D/dalvikvm( 1752): GC_FOR_ALLOC freed 1033K, 64% free 6297K/17296K, paused 47ms, total 47ms
11-21 21:39:30.979 I/ProcessStatsService( 1752): Added stats: 2014-11-21-13-10-01, over +8h10m53s510ms
11-21 21:39:31.299 D/SensorHAL( 1752): adjustSensorHandle: handle = 9 adjustedHandle = 1
11-21 21:39:31.299 D/SensorHAL( 1752): adjustSensorHandle: handle = 9 adjustedHandle = 1
11-21 21:39:31.309 D/SensorHAL( 1752): adjustSensorHandle: handle = 9 adjustedHandle = 1
11-21 21:39:31.319 W/HomeRowListAdapter( 1871): onRelease() called on an unknown row.
11-21 21:39:31.359 W/HomeRowListAdapter( 1871): onRelease() called on an unknown row.
11-21 21:39:31.389 D/GridViewPager( 1871): Populate in layout
11-21 21:39:31.509 D/dalvikvm( 1752): GC_CONCURRENT freed 663K, 65% free 6203K/17296K, paused 110ms+82ms, total 523ms
11-21 21:39:31.590 D/dalvikvm(12260): GC_FOR_ALLOC freed 195K, 26% free 2367K/3176K, paused 61ms, total 119ms
11-21 21:39:31.770 D/dalvikvm( 1871): GC_FOR_ALLOC freed 3598K, 30% free 27454K/38808K, paused 111ms, total 133ms
11-21 21:39:32.310 W/PropertyValuesHolder( 1871): Method getClipProgressAnim() with type float not found on target class class com.google.android.clockwork.home.cuecard.VoicePlateFragment
11-21 21:39:32.591 D/dalvikvm(12260): GC_FOR_ALLOC freed 180K, 25% free 2383K/3176K, paused 263ms, total 263ms
11-21 21:39:32.661 D/mot_vr_audio_hw( 1419): dsp_recognizer_enabled = false
11-21 21:39:32.661 D/ADSPD   ( 7609): Client cmd=0x0003, size=4
11-21 21:39:32.701 D/mot_vr_audio_hw( 1419): Switching DSP to standby/passthrough mode
11-21 21:39:32.701 D/mot_vr_audio_hw( 1419): Input 0xb8ebfc60 ready to read
11-21 21:39:32.711 D/ADSPD   ( 7609): Received from DSP: cmd=0x8003, size=2
11-21 21:39:32.711 D/ADSPD   ( 7609): Client cmd=0x0003, size=4
11-21 21:39:32.731 D/ADSPD   ( 7609): Received from DSP: cmd=0x8003, size=2
11-21 21:39:32.731 D/mot_vr_audio_hw( 1419): received recognition control callback, status 0
11-21 21:39:32.731 D/mot_vr_audio_hw( 1419): received recognition control callback, status 0
11-21 21:39:32.761 W/mot_vr_audio_hw( 1419): Discarded 10 buffers without finding audio data
11-21 21:39:33.031 D/dalvikvm(12260): GC_CONCURRENT freed 273K, 18% free 2622K/3176K, paused 152ms+2ms, total 191ms
11-21 21:39:33.031 D/dalvikvm(12260): WAIT_FOR_CONCURRENT_GC blocked 12ms
11-21 21:39:33.271 D/dalvikvm( 1871): GC_FOR_ALLOC freed 1371K, 30% free 27518K/38808K, paused 236ms, total 262ms
11-21 21:39:33.291 D/ADSPD   ( 7609): Client cmd=0x0003, size=4
11-21 21:39:33.301 D/mot_vr_audio_hw( 1419): Re-arming DSP
11-21 21:39:33.301 D/mot_vr_audio_hw( 1419): Input 0xb8ebfc60 standby complete
11-21 21:39:33.311 D/ADSPD   ( 7609): Received from DSP: cmd=0x8003, size=2
11-21 21:39:33.311 D/mot_vr_audio_hw( 1419): received recognition control callback, status 0
11-21 21:39:33.632 D/dalvikvm(12260): GC_CONCURRENT freed 418K, 20% free 2608K/3224K, paused 53ms+1ms, total 163ms
11-21 21:39:33.682 D/dalvikvm( 1871): GC_CONCURRENT freed 55K, 24% free 29507K/38808K, paused 34ms+67ms, total 378ms
11-21 21:39:33.902 D/ADSPD   ( 7609): Client cmd=0x4003, size=2
11-21 21:39:33.902 D/mot_vr_audio_hw( 1419): Input 0xb8ebfc60 close complete
11-21 21:39:34.743 D/dalvikvm(12260): GC_CONCURRENT freed 670K, 27% free 2412K/3288K, paused 2ms+10ms, total 84ms
11-21 21:39:34.943 D/dalvikvm( 1871): GC_FOR_ALLOC freed 1078K, 24% free 29556K/38808K, paused 168ms, total 168ms
11-21 21:39:35.133 D/dalvikvm(12260): GC_CONCURRENT freed 492K, 27% free 2419K/3288K, paused 2ms+44ms, total 107ms
11-21 21:39:35.503 D/dalvikvm(12260): GC_CONCURRENT freed 476K, 28% free 2394K/3288K, paused 13ms+32ms, total 86ms
11-21 21:39:36.144 D/dalvikvm( 1871): GC_FOR_ALLOC freed 1150K, 24% free 29605K/38808K, paused 173ms, total 174ms
11-21 21:39:36.184 D/dalvikvm(12260): GC_CONCURRENT freed 422K, 27% free 2413K/3288K, paused 2ms+21ms, total 94ms
11-21 21:39:36.294 W/bt-btif (24046): dm_pm_timer expires
11-21 21:39:36.294 W/bt-btif (24046): dm_pm_timer expires 0
11-21 21:39:36.294 W/bt-btif (24046): proc dm_pm_timer expires
11-21 21:39:36.474 D/dalvikvm( 1871): GC_CONCURRENT freed 2033K, 24% free 29619K/38808K, paused 4ms+34ms, total 298ms
11-21 21:39:36.474 D/dalvikvm( 1871): WAIT_FOR_CONCURRENT_GC blocked 77ms
11-21 21:39:36.645 D/dalvikvm(12260): GC_CONCURRENT freed 457K, 27% free 2420K/3288K, paused 3ms+10ms, total 81ms
11-21 21:39:36.995 D/dalvikvm(12260): GC_CONCURRENT freed 448K, 27% free 2403K/3288K, paused 15ms+13ms, total 89ms
11-21 21:39:37.305 D/dalvikvm(12260): GC_CONCURRENT freed 428K, 28% free 2393K/3288K, paused 4ms+10ms, total 77ms
11-21 21:39:37.635 D/dalvikvm( 1871): GC_CONCURRENT freed 1069K, 22% free 30598K/38808K, paused 10ms+33ms, total 229ms
11-21 21:39:37.635 D/dalvikvm( 1871): WAIT_FOR_CONCURRENT_GC blocked 45ms
11-21 21:39:37.836 I/ActivityManager( 1752): START u0 {act=android.settings.SETTINGS flg=0x10008000 cmp=com.google.android.apps.wearable.settings/com.google.android.clockwork.settings.SettingsActivity} from pid 1871 on display 0
11-21 21:39:37.856 V/WearActivity( 3639): Pause!
11-21 21:39:37.886 D/mot_vr_audio_hw( 1419): dsp_recognizer_enabled = true
11-21 21:39:37.886 D/ADSPD   ( 7609): Client cmd=0x0003, size=4
11-21 21:39:37.886 D/mot_vr_audio_hw( 1419): open_input_stream(): devices = 0x80000004, rate = 8000, channels = 0x10
11-21 21:39:37.886 D/mot_vr_audio_hw( 1419): Created resampler for 16000->8000 Hz
11-21 21:39:37.896 D/ADSPD   ( 7609): Received from DSP: cmd=0x8003, size=2
11-21 21:39:37.896 D/ADSPD   ( 7609): Client cmd=0x4003, size=2
11-21 21:39:37.906 D/mot_vr_audio_hw( 1419): received recognition control callback, status 0
11-21 21:39:37.906 D/mot_vr_audio_hw( 1419): dsp_recognizer_enabled = false
11-21 21:39:37.906 D/ADSPD   ( 7609): Client cmd=0x0003, size=4
11-21 21:39:37.916 D/mot_vr_audio_hw( 1419): Switching DSP to standby/passthrough mode
11-21 21:39:37.916 D/mot_vr_audio_hw( 1419): Input 0xb8ebfc60 ready to read
11-21 21:39:37.926 D/ADSPD   ( 7609): Received from DSP: cmd=0x8003, size=2
11-21 21:39:37.926 D/ADSPD   ( 7609): Client cmd=0x0003, size=4
11-21 21:39:37.926 D/mot_vr_audio_hw( 1419): received recognition control callback, status 0
11-21 21:39:37.936 D/ADSPD   ( 7609): Received from DSP: cmd=0x8003, size=2
11-21 21:39:37.936 D/mot_vr_audio_hw( 1419): received recognition control callback, status 0
11-21 21:39:37.966 W/mot_vr_audio_hw( 1419): Discarded 10 buffers without finding audio data
11-21 21:39:37.976 D/ADSPD   ( 7609): Client cmd=0x0003, size=4
11-21 21:39:37.976 D/mot_vr_audio_hw( 1419): Re-arming DSP
11-21 21:39:37.976 D/mot_vr_audio_hw( 1419): Input 0xb8ebfc60 standby complete
11-21 21:39:37.996 D/ADSPD   ( 7609): Received from DSP: cmd=0x8003, size=2
11-21 21:39:37.996 D/mot_vr_audio_hw( 1419): received recognition control callback, status 0
11-21 21:39:37.996 D/ADSPD   ( 7609): Client cmd=0x4003, size=2
11-21 21:39:37.996 D/mot_vr_audio_hw( 1419): Input 0xb8ebfc60 close complete
11-21 21:39:38.006 V/ActivityManager( 1752): Display changed displayId=0
11-21 21:39:38.016 V/WearActivity( 3639): display changed: 0, new state: 2
11-21 21:39:38.016 V/WearActivity( 3639): state didn't actually change
11-21 21:39:38.016 V/WearActivity( 3639): Stop!
11-21 21:39:38.236 V/MyViewAnim( 3639): Drawing surface destroyed!
11-21 21:39:38.286 I/ActivityManager( 1752): Displayed com.google.android.apps.wearable.settings/com.google.android.clockwork.settings.SettingsActivity: +285ms
11-21 21:39:38.296 D/dalvikvm(12290): GC_FOR_ALLOC freed 133K, 23% free 3944K/5116K, paused 619ms, total 619ms
11-21 21:39:38.416 D/dalvikvm(12255): GC_FOR_ALLOC freed 127K, 25% free 2511K/3328K, paused 42ms, total 42ms
11-21 21:39:38.536 D/dalvikvm(12255): GC_FOR_ALLOC freed 50K, 25% free 2511K/3328K, paused 20ms, total 20ms
11-21 21:39:38.586 D/dalvikvm(32282): GC_CONCURRENT freed 390K, 22% free 2223K/2840K, paused 1ms+1ms, total 38ms
11-21 21:39:39.117 E/GKI_LINUX(24046): ##### ERROR : timer_thread: tick delayed > 5 slots (-71075439,-50000000) -- cpu overload ? #####
11-21 21:39:39.167 E/GKI_LINUX(24046): ##### ERROR : timer_thread: tick delayed > 5 slots (-107095947,-50000000) -- cpu overload ? #####
11-21 21:39:39.167 E/GKI_LINUX(24046): ##### ERROR : timer_thread: tick delayed > 5 slots (-99781494,-50000000) -- cpu overload ? #####
11-21 21:39:39.167 E/GKI_LINUX(24046): ##### ERROR : timer_thread: tick delayed > 5 slots (-92375488,-50000000) -- cpu overload ? #####
11-21 21:39:39.167 E/GKI_LINUX(24046): ##### ERROR : timer_thread: tick delayed > 5 slots (-84450683,-50000000) -- cpu overload ? #####
11-21 21:39:39.167 E/GKI_LINUX(24046): ##### ERROR : timer_thread: tick delayed > 5 slots (-76098632,-50000000) -- cpu overload ? #####
11-21 21:39:39.177 E/GKI_LINUX(24046): ##### ERROR : timer_thread: tick delayed > 5 slots (-67868652,-50000000) -- cpu overload ? #####
11-21 21:39:39.177 E/GKI_LINUX(24046): ##### ERROR : timer_thread: tick delayed > 5 slots (-59455566,-50000000) -- cpu overload ? #####
11-21 21:39:39.177 E/GKI_LINUX(24046): ##### ERROR : timer_thread: tick delayed > 5 slots (-53911132,-50000000) -- cpu overload ? #####
11-21 21:39:39.357 D/AndroidRuntime( 4105): 
11-21 21:39:39.357 D/AndroidRuntime( 4105): >>>>>> AndroidRuntime START com.android.internal.os.RuntimeInit <<<<<<
11-21 21:39:39.357 D/AndroidRuntime( 4105): CheckJNI is OFF
11-21 21:39:39.387 D/dalvikvm( 4105): Trying to load lib libjavacore.so 0x0
11-21 21:39:39.397 D/dalvikvm( 4105): Added shared lib libjavacore.so 0x0
11-21 21:39:39.407 D/dalvikvm( 4105): Trying to load lib libnativehelper.so 0x0
11-21 21:39:39.407 D/dalvikvm( 4105): Added shared lib libnativehelper.so 0x0
11-21 21:39:39.407 D/dalvikvm( 4105): No JNI_OnLoad found in libnativehelper.so 0x0, skipping init
11-21 21:39:39.477 D/dalvikvm( 4105): Note: class Landroid/app/ActivityManagerNative; has 179 unimplemented (abstract) methods
11-21 21:39:39.577 E/GKI_LINUX(24046): ##### ERROR : timer_thread: tick delayed > 5 slots (-86224365,-50000000) -- cpu overload ? #####
11-21 21:39:39.697 E/GKI_LINUX(24046): ##### ERROR : timer_thread: tick delayed > 5 slots (-192893066,-50000000) -- cpu overload ? #####
11-21 21:39:39.697 E/GKI_LINUX(24046): ##### ERROR : timer_thread: tick delayed > 5 slots (-184174804,-50000000) -- cpu overload ? #####
11-21 21:39:39.718 E/GKI_LINUX(24046): ##### ERROR : timer_thread: tick delayed > 5 slots (-190806884,-50000000) -- cpu overload ? #####
11-21 21:39:39.718 E/memtrack( 4105): Couldn't load memtrack module (No such file or directory)
11-21 21:39:39.718 E/android.os.Debug( 4105): failed to load memtrack module: -2
11-21 21:39:39.728 E/GKI_LINUX(24046): ##### ERROR : timer_thread: tick delayed > 5 slots (-190541992,-50000000) -- cpu overload ? #####
11-21 21:39:39.728 E/GKI_LINUX(24046): ##### ERROR : timer_thread: tick delayed > 5 slots (-181945800,-50000000) -- cpu overload ? #####
11-21 21:39:39.728 E/GKI_LINUX(24046): ##### ERROR : timer_thread: tick delayed > 5 slots (-173502197,-50000000) -- cpu overload ? #####
11-21 21:39:39.728 E/GKI_LINUX(24046): ##### ERROR : timer_thread: tick delayed > 5 slots (-164722900,-50000000) -- cpu overload ? #####
11-21 21:39:39.738 E/GKI_LINUX(24046): ##### ERROR : timer_thread: tick delayed > 5 slots (-160216064,-50000000) -- cpu overload ? #####
11-21 21:39:39.738 E/GKI_LINUX(24046): ##### ERROR : timer_thread: tick delayed > 5 slots (-153572998,-50000000) -- cpu overload ? #####
11-21 21:39:39.798 E/GKI_LINUX(24046): ##### ERROR : timer_thread: tick delayed > 5 slots (-200579834,-50000000) -- cpu overload ? #####
11-21 21:39:39.848 D/AndroidRuntime( 4105): Calling main entry com.android.commands.am.Am
11-21 21:39:39.868 E/GKI_LINUX(24046): ##### ERROR : timer_thread: tick delayed > 5 slots (-263608398,-50000000) -- cpu overload ? #####
11-21 21:39:39.868 E/GKI_LINUX(24046): ##### ERROR : timer_thread: tick delayed > 5 slots (-255195312,-50000000) -- cpu overload ? #####
11-21 21:39:39.868 E/GKI_LINUX(24046): ##### ERROR : timer_thread: tick delayed > 5 slots (-246507568,-50000000) -- cpu overload ? #####
11-21 21:39:39.878 E/GKI_LINUX(24046): ##### ERROR : timer_thread: tick delayed > 5 slots (-237819824,-50000000) -- cpu overload ? #####
11-21 21:39:39.878 E/GKI_LINUX(24046): ##### ERROR : timer_thread: tick delayed > 5 slots (-229071045,-50000000) -- cpu overload ? #####
11-21 21:39:39.878 E/GKI_LINUX(24046): ##### ERROR : timer_thread: tick delayed > 5 slots (-220322265,-50000000) -- cpu overload ? #####
11-21 21:39:39.888 E/GKI_LINUX(24046): ##### ERROR : timer_thread: tick delayed > 5 slots (-217127685,-50000000) -- cpu overload ? #####
11-21 21:39:39.888 E/GKI_LINUX(24046): ##### ERROR : timer_thread: tick delayed > 5 slots (-208409423,-50000000) -- cpu overload ? #####
11-21 21:39:39.888 E/GKI_LINUX(24046): ##### ERROR : timer_thread: tick delayed > 5 slots (-199660644,-50000000) -- cpu overload ? #####
11-21 21:39:39.888 E/GKI_LINUX(24046): ##### ERROR : timer_thread: tick delayed > 5 slots (-191857910,-50000000) -- cpu overload ? #####
11-21 21:39:39.888 E/GKI_LINUX(24046): ##### ERROR : timer_thread: tick delayed > 5 slots (-185611572,-50000000) -- cpu overload ? #####
11-21 21:39:39.888 E/GKI_LINUX(24046): ##### ERROR : timer_thread: tick delayed > 5 slots (-176862793,-50000000) -- cpu overload ? #####
11-21 21:39:39.898 E/GKI_LINUX(24046): ##### ERROR : timer_thread: tick delayed > 5 slots (-168175048,-50000000) -- cpu overload ? #####
11-21 21:39:39.898 E/GKI_LINUX(24046): ##### ERROR : timer_thread: tick delayed > 5 slots (-159639892,-50000000) -- cpu overload ? #####
11-21 21:39:39.898 E/GKI_LINUX(24046): ##### ERROR : timer_thread: tick delayed > 5 slots (-150891113,-50000000) -- cpu overload ? #####
11-21 21:39:39.898 E/GKI_LINUX(24046): ##### ERROR : timer_thread: tick delayed > 5 slots (-142111816,-50000000) -- cpu overload ? #####
11-21 21:39:39.898 E/GKI_LINUX(24046): ##### ERROR : timer_thread: tick delayed > 5 slots (-133363037,-50000000) -- cpu overload ? #####
11-21 21:39:39.898 E/GKI_LINUX(24046): ##### ERROR : timer_thread: tick delayed > 5 slots (-124614257,-50000000) -- cpu overload ? #####
11-21 21:39:39.898 E/GKI_LINUX(24046): ##### ERROR : timer_thread: tick delayed > 5 slots (-115865478,-50000000) -- cpu overload ? #####
11-21 21:39:39.898 I/ActivityManager( 1752): Start proc com.android.shell for broadcast com.android.shell/.BugreportReceiver: pid=4114 uid=2000 gids={42000, 3002, 1028, 1015, 1023, 3008}
11-21 21:39:39.908 E/GKI_LINUX(24046): ##### ERROR : timer_thread: tick delayed > 5 slots (-107147216,-50000000) -- cpu overload ? #####
11-21 21:39:39.908 E/GKI_LINUX(24046): ##### ERROR : timer_thread: tick delayed > 5 slots (-98398437,-50000000) -- cpu overload ? #####
11-21 21:39:39.908 E/GKI_LINUX(24046): ##### ERROR : timer_thread: tick delayed > 5 slots (-89588623,-50000000) -- cpu overload ? #####
11-21 21:39:39.908 E/GKI_LINUX(24046): ##### ERROR : timer_thread: tick delayed > 5 slots (-80839843,-50000000) -- cpu overload ? #####
11-21 21:39:39.908 E/GKI_LINUX(24046): ##### ERROR : timer_thread: tick delayed > 5 slots (-72060546,-50000000) -- cpu overload ? #####
11-21 21:39:39.908 E/GKI_LINUX(24046): ##### ERROR : timer_thread: tick delayed > 5 slots (-63311767,-50000000) -- cpu overload ? #####
11-21 21:39:39.908 E/GKI_LINUX(24046): ##### ERROR : timer_thread: tick delayed > 5 slots (-54562988,-50000000) -- cpu overload ? #####
11-21 21:39:40.058 W/Bundle  ( 4114): Key android.intent.extra.TEXT expected ArrayList<CharSequence> but value was a java.lang.String.  The default value <null> was returned.
11-21 21:39:40.058 W/Bundle  ( 4114): Attempt to cast generated internal exception:
11-21 21:39:40.058 W/Bundle  ( 4114): java.lang.ClassCastException: java.lang.String cannot be cast to java.util.ArrayList
11-21 21:39:40.058 W/Bundle  ( 4114): 	at android.os.Bundle.getCharSequenceArrayList(Bundle.java:1367)
11-21 21:39:40.058 W/Bundle  ( 4114): 	at android.content.Intent.getCharSequenceArrayListExtra(Intent.java:4771)
11-21 21:39:40.058 W/Bundle  ( 4114): 	at android.content.Intent.migrateExtraStreamToClipData(Intent.java:7287)
11-21 21:39:40.058 W/Bundle  ( 4114): 	at android.app.PendingIntent.getActivity(PendingIntent.java:263)
11-21 21:39:40.058 W/Bundle  ( 4114): 	at android.app.PendingIntent.getActivity(PendingIntent.java:226)
11-21 21:39:40.058 W/Bundle  ( 4114): 	at com.android.shell.BugreportReceiver.onReceive(BugreportReceiver.java:92)
11-21 21:39:40.058 W/Bundle  ( 4114): 	at android.app.ActivityThread.handleReceiver(ActivityThread.java:2432)
11-21 21:39:40.058 W/Bundle  ( 4114): 	at android.app.ActivityThread.access$1700(ActivityThread.java:138)
11-21 21:39:40.058 W/Bundle  ( 4114): 	at android.app.ActivityThread$H.handleMessage(ActivityThread.java:1285)
11-21 21:39:40.058 W/Bundle  ( 4114): 	at android.os.Handler.dispatchMessage(Handler.java:102)
11-21 21:39:40.058 W/Bundle  ( 4114): 	at android.os.Looper.loop(Looper.java:136)
11-21 21:39:40.058 W/Bundle  ( 4114): 	at android.app.ActivityThread.main(ActivityThread.java:5026)
11-21 21:39:40.058 W/Bundle  ( 4114): 	at java.lang.reflect.Method.invokeNative(Native Method)
11-21 21:39:40.058 W/Bundle  ( 4114): 	at java.lang.reflect.Method.invoke(Method.java:515)
11-21 21:39:40.058 W/Bundle  ( 4114): 	at com.android.internal.os.ZygoteInit$MethodAndArgsCaller.run(ZygoteInit.java:777)
11-21 21:39:40.058 W/Bundle  ( 4114): 	at com.android.internal.os.ZygoteInit.main(ZygoteInit.java:602)
11-21 21:39:40.058 W/Bundle  ( 4114): 	at dalvik.system.NativeStart.main(Native Method)
11-21 21:39:40.078 W/bt-btif (24046): dm_pm_timer expires
11-21 21:39:40.078 W/bt-btif (24046): dm_pm_timer expires 0
11-21 21:39:40.078 W/bt-btif (24046): proc dm_pm_timer expires
11-21 21:39:40.168 D/AndroidRuntime( 4105): Shutting down VM
11-21 21:39:40.168 D/dalvikvm( 4105): GC_CONCURRENT freed 96K, 15% free 601K/700K, paused 0ms+0ms, total 4ms
11-21 21:39:40.428 I/dumpstate( 3696): done
11-21 21:39:42.050 I/ActivityManager( 1752): START u0 {cmp=com.google.android.apps.wearable.settings/com.google.android.clockwork.settings.DeveloperOptionsActivity} from pid 1981 on display 0
11-21 21:39:42.150 D/dalvikvm( 1981): GC_FOR_ALLOC freed 152K, 35% free 2454K/3772K, paused 14ms, total 15ms
11-21 21:39:42.190 D/dalvikvm( 1981): GC_CONCURRENT freed 7K, 22% free 2945K/3772K, paused 9ms+2ms, total 33ms
11-21 21:39:42.370 I/ActivityManager( 1752): Displayed com.google.android.apps.wearable.settings/com.google.android.clockwork.settings.DeveloperOptionsActivity: +297ms
11-21 21:39:43.341 W/bt-btif (24046): dm_pm_timer expires
11-21 21:39:43.341 W/bt-btif (24046): dm_pm_timer expires 0
11-21 21:39:43.341 W/bt-btif (24046): proc dm_pm_timer expires
11-21 21:39:44.002 I/ActivityManager( 1752): START u0 {cmp=com.google.android.apps.wearable.settings/com.google.android.clockwork.settings.EnableDebuggingDialog} from pid 1981 on display 0
11-21 21:39:44.182 I/ActivityManager( 1752): Displayed com.google.android.apps.wearable.settings/com.google.android.clockwork.settings.EnableDebuggingDialog: +139ms
11-21 21:39:45.103 E/StreamVibrator( 1871): Found notifications that tried to vibrate, but they never made it to the top of the stream. Not vibrating.
11-21 21:39:45.263 W/ContextImpl( 1981): Calling a method in the system process without a qualified user: android.app.ContextImpl.startService:1496 android.content.ContextWrapper.startService:494 com.google.android.clockwork.settings.AdbUtil.setAdbTargetServiceRunning:65 com.google.android.clockwork.settings.AdbUtil.setAdbDebugging:38 com.google.android.clockwork.settings.EnableDebuggingDialog.onConfirm:16 
11-21 21:39:45.293 E/UsbDebuggingManager( 1752): Communication error: 
11-21 21:39:45.293 E/UsbDebuggingManager( 1752): java.io.IOException: No such file or directory
11-21 21:39:45.293 E/UsbDebuggingManager( 1752): 	at android.net.LocalSocketImpl.connectLocal(Native Method)
11-21 21:39:45.293 E/UsbDebuggingManager( 1752): 	at android.net.LocalSocketImpl.connect(LocalSocketImpl.java:287)
11-21 21:39:45.293 E/UsbDebuggingManager( 1752): 	at android.net.LocalSocket.connect(LocalSocket.java:130)
11-21 21:39:45.293 E/UsbDebuggingManager( 1752): 	at com.android.server.usb.UsbDebuggingManager.listenToSocket(UsbDebuggingManager.java:79)
11-21 21:39:45.293 E/UsbDebuggingManager( 1752): 	at com.android.server.usb.UsbDebuggingManager.run(UsbDebuggingManager.java:115)
11-21 21:39:45.293 E/UsbDebuggingManager( 1752): 	at java.lang.Thread.run(Thread.java:841)
11-21 21:39:45.323 W/BluetoothAdapter( 1981): getBluetoothService() called with no BluetoothManagerCallback
11-21 21:39:45.323 E/BluetoothServiceJni(24046): SOCK FLAG = 3 ***********************
11-21 21:39:45.333 W/BluetoothAdapter( 1981): getBluetoothService() called with no BluetoothManagerCallback
11-21 21:39:45.333 E/BluetoothServiceJni(24046): SOCK FLAG = 3 ***********************
11-21 21:39:45.343 E/bt-btif (24046): bta_jv_rfcomm_stop_server
11-21 21:39:45.453 W/bt-btif (24046): bta_dm_pm_ssr conn_srvc id:26, app_id:255
11-21 21:39:45.453 W/bt-btif (24046): bta_dm_pm_ssr:2, lat:1200
11-21 21:39:45.463 E/bt-btif (24046): bta_jv_rfcomm_stop_server
11-21 21:39:45.673 D/dalvikvm(12260): GC_CONCURRENT freed 479K, 25% free 2413K/3212K, paused 2ms+12ms, total 57ms
11-21 21:39:45.783 E/WindowManager( 1752): removeAppFromTaskLocked: token=AppWindowToken{ae995890 token=Token{adf5df70 ActivityRecord{adea5840 u0 com.google.android.apps.wearable.settings/com.google.android.clockwork.settings.EnableDebuggingDialog t86}}} not found.
11-21 21:39:45.793 W/SurfaceFlinger( 1417): couldn't log to binary event log: overflow.
11-21 21:39:46.034 D/dalvikvm( 1871): GC_FOR_ALLOC freed 3605K, 27% free 28653K/38808K, paused 58ms, total 58ms
11-21 21:39:46.224 D/dalvikvm( 1871): GC_CONCURRENT freed 49K, 22% free 30651K/38808K, paused 7ms+8ms, total 78ms
11-21 21:39:46.224 D/dalvikvm( 1871): WAIT_FOR_CONCURRENT_GC blocked 54ms
11-21 21:39:46.224 D/dalvikvm( 1871): WAIT_FOR_CONCURRENT_GC blocked 55ms
11-21 21:39:46.224 D/dalvikvm( 1871): WAIT_FOR_CONCURRENT_GC blocked 53ms
11-21 21:39:46.364 D/dalvikvm( 1871): GC_CONCURRENT freed 1048K, 19% free 31644K/38808K, paused 9ms+9ms, total 74ms
11-21 21:39:46.364 D/dalvikvm( 1871): WAIT_FOR_CONCURRENT_GC blocked 56ms
11-21 21:39:46.474 D/dalvikvm( 1871): GC_CONCURRENT freed 1023K, 16% free 32642K/38808K, paused 4ms+8ms, total 73ms
11-21 21:39:46.474 D/dalvikvm( 1871): WAIT_FOR_CONCURRENT_GC blocked 42ms
11-21 21:39:46.594 D/dalvikvm( 1871): GC_CONCURRENT freed 1019K, 14% free 33644K/38808K, paused 4ms+9ms, total 70ms
11-21 21:39:46.594 D/dalvikvm( 1871): WAIT_FOR_CONCURRENT_GC blocked 55ms
11-21 21:39:46.684 D/dalvikvm( 1871): GC_FOR_ALLOC freed 1013K, 14% free 33644K/38808K, paused 44ms, total 44ms
11-21 21:39:47.695 E/WindowManager( 1752): removeAppFromTaskLocked: token=AppWindowToken{ae996fa0 token=Token{adec6340 ActivityRecord{adce9a20 u0 com.google.android.apps.wearable.settings/com.google.android.clockwork.settings.DeveloperOptionsActivity t86}}} not found.
11-21 21:39:47.705 W/SurfaceFlinger( 1417): couldn't log to binary event log: overflow.
11-21 21:39:48.066 V/MyViewAnim( 3639): Drawing surface created!
11-21 21:39:48.066 V/MyViewAnim( 3639): Drawing surface changed!
11-21 21:39:48.106 V/WearActivity( 3639): Resume!
11-21 21:39:48.176 W/SurfaceFlinger( 1417): couldn't log to binary event log: overflow.
11-21 21:39:48.186 W/bt-btif (24046): dm_pm_timer expires
11-21 21:39:48.186 W/bt-btif (24046): dm_pm_timer expires 0
11-21 21:39:48.186 W/bt-btif (24046): proc dm_pm_timer expires
11-21 21:39:48.216 D/mot_vr_audio_hw( 1419): dsp_recognizer_enabled = true
11-21 21:39:48.216 D/ADSPD   ( 7609): Client cmd=0x0003, size=4
11-21 21:39:48.226 D/mot_vr_audio_hw( 1419): open_input_stream(): devices = 0x80000004, rate = 8000, channels = 0x10
11-21 21:39:48.226 D/mot_vr_audio_hw( 1419): Created resampler for 16000->8000 Hz
11-21 21:39:48.236 D/ADSPD   ( 7609): Received from DSP: cmd=0x8003, size=2
11-21 21:39:48.236 D/ADSPD   ( 7609): Client cmd=0x4003, size=2
11-21 21:39:48.236 D/mot_vr_audio_hw( 1419): received recognition control callback, status 0
11-21 21:39:48.246 D/mot_vr_audio_hw( 1419): in_read waiting for hotword
11-21 21:39:48.466 D/skia    ( 1871): --- SkImageDecoder::Factory returned null
11-21 21:39:50.788 W/bt-btif (24046): dm_pm_timer expires
11-21 21:39:50.788 W/bt-btif (24046): dm_pm_timer expires 0
11-21 21:39:50.788 W/bt-btif (24046): proc dm_pm_timer expires
11-21 21:39:51.229 I/DisplayManagerService( 1752): Display device changed: DisplayDeviceInfo{"ActivityViewVirtualDisplay": 320 x 320, 60.0 fps, density 213, 213.0 x 213.0 dpi, touch NONE, rotation 0, type VIRTUAL, state OFF, owner android (uid 1000), FLAG_OWN_CONTENT_ONLY}
11-21 21:39:51.229 V/ActivityManager( 1752): Display changed displayId=49
11-21 21:39:51.239 V/WearActivity( 3639): display changed: 49, new state: 1
11-21 21:39:51.239 I/TimeWrapper( 3639): FPS: 14.773261, samples: 310
11-21 21:39:51.239 I/TimeWrapper( 3639): Min/Avg/Max frame render speed (ms): 3.723144 / 10.071982 / 220.03174
11-21 21:39:51.239 I/TimeWrapper( 3639): Waketime: 14.879602%
11-21 21:39:51.239 I/TimeWrapper( 3639): Skipped frames: 5
11-21 21:39:51.239 V/MyViewAnim( 3639): redrawSlow: view:surfaceChanged -> 1
11-21 21:39:51.239 V/MyViewAnim( 3639): redrawSlow: view:surfaceCreated -> 1
11-21 21:39:51.239 V/MyViewAnim( 3639): redrawSlow: resume -> 2
11-21 21:39:51.239 V/MyViewAnim( 3639): redrawSlow: display change without state change -> 2
11-21 21:39:51.239 V/MyViewAnim( 3639): redrawSlow: view:update -> 2
11-21 21:39:51.239 V/MyViewAnim( 3639): redrawSlow: startHelper -> 1
11-21 21:39:51.239 V/WearActivity( 3639): onDisplayChanged: off!
11-21 21:39:51.239 V/WearActivity( 3639): stopHelper: shutting things down
11-21 21:39:51.239 V/MyViewAnim( 3639): stopping animation!
11-21 21:39:51.239 V/MyViewAnim( 3639): killDrawThread
11-21 21:39:51.239 V/WearActivity( 3639): killing alarms
11-21 21:39:51.239 V/MyViewAnim( 3639): looper finished!
11-21 21:39:51.259 I/ClockFace( 3639): Ambient mode: false
11-21 21:39:51.259 V/WearActivity( 3639): Pause!
11-21 21:39:51.699 E/StreamVibrator( 1871): Found notifications that tried to vibrate, but they never made it to the top of the stream. Not vibrating.
11-21 21:39:53.221 V/WearActivity( 3639): Resume!
11-21 21:39:53.231 I/DisplayManagerService( 1752): Display device changed: DisplayDeviceInfo{"ActivityViewVirtualDisplay": 320 x 320, 60.0 fps, density 213, 213.0 x 213.0 dpi, touch NONE, rotation 0, type VIRTUAL, state ON, owner android (uid 1000), FLAG_OWN_CONTENT_ONLY}
11-21 21:39:53.241 V/ActivityManager( 1752): Display changed displayId=49
11-21 21:39:53.281 V/WearActivity( 3639): display changed: 49, new state: 2
11-21 21:39:53.281 V/WearActivity( 3639): onDisplayChanged: on!
11-21 21:39:53.281 V/WearActivity( 3639): killing alarms
11-21 21:39:53.281 V/WearActivity( 3639): startHelper: putting it all back together again
11-21 21:39:53.281 V/WearActivity( 3639): initAlarm: setting up
11-21 21:39:53.281 I/ClockFace( 3639): Ambient mode: false
11-21 21:39:53.281 V/MyViewAnim( 3639): resumeMaxHertz
11-21 21:39:53.281 V/ClockFace( 3639): clearing caches
11-21 21:39:53.281 V/MyViewAnim( 3639): starting new animator
11-21 21:39:53.281 V/MyViewAnim( 3639): Time listener is up!
11-21 21:39:53.281 V/MyViewAnim( 3639): starting new draw thread
11-21 21:39:53.331 V/ClockFace( 3639): rendering new face, faceMode(0)
11-21 21:39:53.361 V/ClockFace( 3639): fetching new battery status (2987)
11-21 21:39:53.361 V/ClockFace( 3639): battery at 0.51
11-21 21:39:57.985 D/dalvikvm( 3639): GC_CONCURRENT freed 463K, 26% free 2259K/3032K, paused 3ms+3ms, total 41ms
11-21 21:40:03.901 V/WearActivity( 3639): Pause!
11-21 21:40:03.901 I/PowerManagerService( 1752): Going to sleep due to screen timeout...
11-21 21:40:03.901 I/PowerManagerService( 1752): Dozing...
11-21 21:40:03.901 I/DreamController( 1752): Starting dream: name=ComponentInfo{com.google.android.wearable.app/com.google.android.clockwork.home.AmbientMode}, isTest=false, canDoze=true, userId=0
11-21 21:40:03.921 V/WearActivity( 3639): Stop!
11-21 21:40:03.931 D/mot_vr_audio_hw( 1419): dsp_recognizer_enabled = false
11-21 21:40:03.931 D/ADSPD   ( 7609): Client cmd=0x0003, size=4
11-21 21:40:03.931 D/mot_vr_audio_hw( 1419): Switching DSP to standby/passthrough mode
11-21 21:40:03.931 D/mot_vr_audio_hw( 1419): Input 0xb8ebfc60 ready to read
11-21 21:40:03.931 W/InputMethodManagerService( 1752): Ignoring setImeWindowStatus of uid 1000 token: null
11-21 21:40:03.941 D/ADSPD   ( 7609): Received from DSP: cmd=0x8003, size=2
11-21 21:40:03.941 D/ADSPD   ( 7609): Client cmd=0x0003, size=4
11-21 21:40:03.951 D/mot_vr_audio_hw( 1419): received recognition control callback, status 0
11-21 21:40:03.961 D/ADSPD   ( 7609): Received from DSP: cmd=0x8003, size=2
11-21 21:40:03.961 D/mot_vr_audio_hw( 1419): received recognition control callback, status 0
11-21 21:40:03.981 W/mot_vr_audio_hw( 1419): Discarded 10 buffers without finding audio data
11-21 21:40:03.991 D/ADSPD   ( 7609): Client cmd=0x0003, size=4
11-21 21:40:03.991 D/mot_vr_audio_hw( 1419): Re-arming DSP
11-21 21:40:03.991 D/mot_vr_audio_hw( 1419): Input 0xb8ebfc60 standby complete
11-21 21:40:04.001 D/ADSPD   ( 7609): Received from DSP: cmd=0x8003, size=2
11-21 21:40:04.001 D/mot_vr_audio_hw( 1419): received recognition control callback, status 0
11-21 21:40:04.011 D/ADSPD   ( 7609): Client cmd=0x4003, size=2
