11-23 19:22:59.626 I/DreamController( 1752): Stopping dream: name=ComponentInfo{com.google.android.wearable.app/com.google.android.clockwork.home.AmbientMode}, isTest=false, canDoze=true, userId=0
11-23 19:22:59.636 I/PowerManagerService( 1752): Sleeping...
11-23 19:23:00.427 I/DisplayManagerService( 1752): Display device changed: DisplayDeviceInfo{"Built-in Screen": 320 x 290, 45.000004 fps, density 213, 203.2 x 204.61111 dpi, touch INTERNAL, rotation 0, type BUILT_IN, state OFF, FLAG_DEFAULT_DISPLAY, FLAG_ROTATES_WITH_CONTENT, FLAG_SECURE, FLAG_SUPPORTS_PROTECTED_BUFFERS}
11-23 19:23:00.437 V/ActivityManager( 1752): Display changed displayId=0
11-23 19:23:00.487 W/InputMethodManagerService( 1752): Ignoring setImeWindowStatus of uid 1000 token: null
11-23 19:23:15.451 D/SensorHALGestureSensor( 1752): Gesture event received! time = 1416792195454518526
11-23 19:23:15.451 I/PowerManagerService( 1752): Waking up from sleep...
11-23 19:23:15.451 W/KeyguardServiceDelegate( 1752): onScreenTurnedOn(): no keyguard service!
11-23 19:23:15.652 W/InputMethodManagerService( 1752): Ignoring setImeWindowStatus of uid 1000 token: null
11-23 19:23:15.782 D/SensorHAL( 1752): adjustSensorHandle: handle = 9 adjustedHandle = 1
11-23 19:23:15.782 D/SensorHAL( 1752): adjustSensorHandle: handle = 9 adjustedHandle = 1
11-23 19:23:15.782 I/DisplayManagerService( 1752): Display device changed: DisplayDeviceInfo{"Built-in Screen": 320 x 290, 45.000004 fps, density 213, 203.2 x 204.61111 dpi, touch INTERNAL, rotation 0, type BUILT_IN, state ON, FLAG_DEFAULT_DISPLAY, FLAG_ROTATES_WITH_CONTENT, FLAG_SECURE, FLAG_SUPPORTS_PROTECTED_BUFFERS}
11-23 19:23:15.782 V/ActivityManager( 1752): Display changed displayId=0
11-23 19:23:15.822 D/SensorHAL( 1752): adjustSensorHandle: handle = 9 adjustedHandle = 1
11-23 19:23:20.657 I/PowerManagerService( 1752): Going to sleep due to screen timeout...
11-23 19:23:20.657 I/PowerManagerService( 1752): Dozing...
11-23 19:23:20.657 I/DreamController( 1752): Starting dream: name=ComponentInfo{com.google.android.wearable.app/com.google.android.clockwork.home.AmbientMode}, isTest=false, canDoze=true, userId=0
11-23 19:23:20.757 I/ActivityManager( 1752): START u0 {act=android.intent.action.MAIN cat=[android.intent.category.HOME] flg=0x10000000 cmp=com.google.android.wearable.app/com.google.android.clockwork.home.HomeActivity (has extras)} from pid 1871 on display 0
11-23 19:23:20.767 I/DreamController( 1752): Stopping dream: name=ComponentInfo{com.google.android.wearable.app/com.google.android.clockwork.home.AmbientMode}, isTest=false, canDoze=true, userId=0
11-23 19:23:20.767 I/PowerManagerService( 1752): Sleeping...
11-23 19:23:21.648 I/DisplayManagerService( 1752): Display device changed: DisplayDeviceInfo{"Built-in Screen": 320 x 290, 45.000004 fps, density 213, 203.2 x 204.61111 dpi, touch INTERNAL, rotation 0, type BUILT_IN, state OFF, FLAG_DEFAULT_DISPLAY, FLAG_ROTATES_WITH_CONTENT, FLAG_SECURE, FLAG_SUPPORTS_PROTECTED_BUFFERS}
11-23 19:23:21.648 V/ActivityManager( 1752): Display changed displayId=0
11-23 19:23:21.718 W/InputMethodManagerService( 1752): Ignoring setImeWindowStatus of uid 1000 token: null
11-23 19:25:48.761 D/SensorHALGestureSensor( 1752): Gesture event received! time = 1416792348764119340
11-23 19:25:48.761 I/PowerManagerService( 1752): Waking up from sleep...
11-23 19:25:48.761 W/KeyguardServiceDelegate( 1752): onScreenTurnedOn(): no keyguard service!
11-23 19:25:48.971 W/InputMethodManagerService( 1752): Ignoring setImeWindowStatus of uid 1000 token: null
11-23 19:25:49.091 D/SensorHAL( 1752): adjustSensorHandle: handle = 9 adjustedHandle = 1
11-23 19:25:49.091 D/SensorHAL( 1752): adjustSensorHandle: handle = 9 adjustedHandle = 1
11-23 19:25:49.091 I/DisplayManagerService( 1752): Display device changed: DisplayDeviceInfo{"Built-in Screen": 320 x 290, 45.000004 fps, density 213, 203.2 x 204.61111 dpi, touch INTERNAL, rotation 0, type BUILT_IN, state ON, FLAG_DEFAULT_DISPLAY, FLAG_ROTATES_WITH_CONTENT, FLAG_SECURE, FLAG_SUPPORTS_PROTECTED_BUFFERS}
11-23 19:25:49.091 V/ActivityManager( 1752): Display changed displayId=0
11-23 19:25:49.141 D/SensorHAL( 1752): adjustSensorHandle: handle = 9 adjustedHandle = 1
11-23 19:25:53.966 I/PowerManagerService( 1752): Going to sleep due to screen timeout...
11-23 19:25:53.966 I/PowerManagerService( 1752): Dozing...
11-23 19:25:53.976 I/DreamController( 1752): Starting dream: name=ComponentInfo{com.google.android.wearable.app/com.google.android.clockwork.home.AmbientMode}, isTest=false, canDoze=true, userId=0
11-23 19:25:54.056 I/ActivityManager( 1752): START u0 {act=android.intent.action.MAIN cat=[android.intent.category.HOME] flg=0x10000000 cmp=com.google.android.wearable.app/com.google.android.clockwork.home.HomeActivity (has extras)} from pid 1871 on display 0
11-23 19:25:54.066 I/DreamController( 1752): Stopping dream: name=ComponentInfo{com.google.android.wearable.app/com.google.android.clockwork.home.AmbientMode}, isTest=false, canDoze=true, userId=0
11-23 19:25:54.066 I/PowerManagerService( 1752): Sleeping...
11-23 19:25:54.877 I/DisplayManagerService( 1752): Display device changed: DisplayDeviceInfo{"Built-in Screen": 320 x 290, 45.000004 fps, density 213, 203.2 x 204.61111 dpi, touch INTERNAL, rotation 0, type BUILT_IN, state OFF, FLAG_DEFAULT_DISPLAY, FLAG_ROTATES_WITH_CONTENT, FLAG_SECURE, FLAG_SUPPORTS_PROTECTED_BUFFERS}
11-23 19:25:54.877 V/ActivityManager( 1752): Display changed displayId=0
11-23 19:25:54.947 W/InputMethodManagerService( 1752): Ignoring setImeWindowStatus of uid 1000 token: null
11-23 19:37:35.900 I/ActivityManager( 1752): Delay finish: com.google.android.gms/.fitness.wearables.WearableSyncServiceReceiver
11-23 19:37:35.990 I/ActivityManager( 1752): Resuming delayed broadcast
11-23 19:37:35.990 D/ConnectivityService( 1752): Sampling interval elapsed, updating statistics ..
11-23 19:37:35.990 D/ConnectivityService( 1752): Done.
11-23 19:37:35.990 D/ConnectivityService( 1752): Setting timer for 720seconds
11-23 19:37:36.010 I/ActivityManager( 1752): Delay finish: com.motorola.targetnotif/com.motorola.omni.NotificationAlarmReceiver
11-23 19:37:36.020 I/ActivityManager( 1752): Resuming delayed broadcast
11-23 19:37:36.030 I/ActivityManager( 1752): Delay finish: com.google.android.gms/.checkin.EventLogService$Receiver
11-23 19:37:36.220 I/ActivityManager( 1752): Resuming delayed broadcast
11-23 19:44:01.577 I/ActivityManager( 1752): START u0 {act=android.intent.action.MAIN cat=[android.intent.category.HOME] flg=0x10000000 cmp=com.google.android.wearable.app/com.google.android.clockwork.home.HomeActivity (has extras)} from pid 1871 on display 0
11-23 19:44:02.358 I/ActivityManager( 1752): START u0 {act=android.intent.action.MAIN cat=[android.intent.category.HOME] flg=0x10000000 cmp=com.google.android.wearable.app/com.google.android.clockwork.home.HomeActivity (has extras)} from pid 1871 on display 0
11-23 19:44:03.379 I/ActivityManager( 1752): START u0 {act=android.intent.action.MAIN cat=[android.intent.category.HOME] flg=0x10000000 cmp=com.google.android.wearable.app/com.google.android.clockwork.home.HomeActivity (has extras)} from pid 1871 on display 0
11-23 19:47:01.415 D/SensorHALGestureSensor( 1752): Gesture event received! time = 1416793621418538206
11-23 19:47:01.415 I/PowerManagerService( 1752): Waking up from sleep...
11-23 19:47:01.415 W/KeyguardServiceDelegate( 1752): onScreenTurnedOn(): no keyguard service!
11-23 19:47:01.736 I/DisplayManagerService( 1752): Display device changed: DisplayDeviceInfo{"Built-in Screen": 320 x 290, 45.000004 fps, density 213, 203.2 x 204.61111 dpi, touch INTERNAL, rotation 0, type BUILT_IN, state ON, FLAG_DEFAULT_DISPLAY, FLAG_ROTATES_WITH_CONTENT, FLAG_SECURE, FLAG_SUPPORTS_PROTECTED_BUFFERS}
11-23 19:47:01.736 V/ActivityManager( 1752): Display changed displayId=0
11-23 19:47:01.896 W/InputMethodManagerService( 1752): Ignoring setImeWindowStatus of uid 1000 token: null
11-23 19:47:01.996 D/SensorHAL( 1752): adjustSensorHandle: handle = 9 adjustedHandle = 1
11-23 19:47:01.996 D/SensorHAL( 1752): adjustSensorHandle: handle = 9 adjustedHandle = 1
11-23 19:47:02.006 D/SensorHAL( 1752): adjustSensorHandle: handle = 9 adjustedHandle = 1
11-23 19:47:06.601 I/PowerManagerService( 1752): Going to sleep due to screen timeout...
11-23 19:47:06.601 I/PowerManagerService( 1752): Dozing...
11-23 19:47:06.601 I/DreamController( 1752): Starting dream: name=ComponentInfo{com.google.android.wearable.app/com.google.android.clockwork.home.AmbientMode}, isTest=false, canDoze=true, userId=0
11-23 19:47:06.661 I/ActivityManager( 1752): START u0 {act=android.intent.action.MAIN cat=[android.intent.category.HOME] flg=0x10000000 cmp=com.google.android.wearable.app/com.google.android.clockwork.home.HomeActivity (has extras)} from pid 1871 on display 0
11-23 19:47:06.671 I/DreamController( 1752): Stopping dream: name=ComponentInfo{com.google.android.wearable.app/com.google.android.clockwork.home.AmbientMode}, isTest=false, canDoze=true, userId=0
11-23 19:47:06.671 I/PowerManagerService( 1752): Sleeping...
11-23 19:47:07.802 I/DisplayManagerService( 1752): Display device changed: DisplayDeviceInfo{"Built-in Screen": 320 x 290, 45.000004 fps, density 213, 203.2 x 204.61111 dpi, touch INTERNAL, rotation 0, type BUILT_IN, state OFF, FLAG_DEFAULT_DISPLAY, FLAG_ROTATES_WITH_CONTENT, FLAG_SECURE, FLAG_SUPPORTS_PROTECTED_BUFFERS}
11-23 19:47:07.802 V/ActivityManager( 1752): Display changed displayId=0
11-23 19:47:07.862 W/InputMethodManagerService( 1752): Ignoring setImeWindowStatus of uid 1000 token: null
11-23 19:47:41.134 D/SensorHALGestureSensor( 1752): Gesture event received! time = 1416793661137074574
11-23 19:47:41.134 I/PowerManagerService( 1752): Waking up from sleep...
11-23 19:47:41.134 W/KeyguardServiceDelegate( 1752): onScreenTurnedOn(): no keyguard service!
--------- beginning of main
11-23 19:47:41.364 E/ClockworkHome( 1871): Tried to exit ambient mode, but enterAmbientMode() was never called.
11-23 19:47:41.364 D/mot_vr_audio_hw( 1419): dsp_recognizer_enabled = true
11-23 19:47:41.364 D/mot_vr_audio_hw( 1419): open_input_stream(): devices = 0x80000004, rate = 8000, channels = 0x10
11-23 19:47:41.364 D/mot_vr_audio_hw( 1419): Created resampler for 16000->8000 Hz
11-23 19:47:41.364 W/InputMethodManagerService( 1752): Ignoring setImeWindowStatus of uid 1000 token: null
11-23 19:47:41.384 V/WearActivity(12385): Resume!
11-23 19:47:41.384 D/mot_vr_audio_hw( 1419): in_read waiting for hotword
11-23 19:47:41.484 D/SurfaceFlinger( 1417): Screen acquired, type=0 flinger=0xb7fc2448
11-23 19:47:41.484 D/hwcomposer( 1417): hwc_blank(0: 0)
11-23 19:47:41.504 D/SensorHAL( 1752): adjustSensorHandle: handle = 9 adjustedHandle = 1
11-23 19:47:41.504 D/SensorHAL( 1752): adjustSensorHandle: handle = 9 adjustedHandle = 1
11-23 19:47:41.514 D/SensorHAL( 1752): adjustSensorHandle: handle = 9 adjustedHandle = 1
11-23 19:47:41.514 I/DisplayManagerService( 1752): Display device changed: DisplayDeviceInfo{"Built-in Screen": 320 x 290, 45.000004 fps, density 213, 203.2 x 204.61111 dpi, touch INTERNAL, rotation 0, type BUILT_IN, state ON, FLAG_DEFAULT_DISPLAY, FLAG_ROTATES_WITH_CONTENT, FLAG_SECURE, FLAG_SUPPORTS_PROTECTED_BUFFERS}
11-23 19:47:41.524 V/ActivityManager( 1752): Display changed displayId=0
11-23 19:47:41.544 V/WearActivity(12385): display changed: 0, new state: 2
11-23 19:47:41.544 V/WearActivity(12385): onDisplayChanged: on!
11-23 19:47:41.544 V/WearActivity(12385): killing alarms
11-23 19:47:41.544 V/WearActivity(12385): startHelper: putting it all back together again
11-23 19:47:41.544 V/WearActivity(12385): initAlarm: setting up
11-23 19:47:41.564 I/ClockFace(12385): Ambient mode: false
11-23 19:47:41.564 V/MyViewAnim(12385): resumeMaxHertz
11-23 19:47:41.564 V/ClockFace(12385): clearing caches
11-23 19:47:41.564 V/MyViewAnim(12385): starting new animator
11-23 19:47:41.564 V/MyViewAnim(12385): Time listener is up!
11-23 19:47:41.564 V/MyViewAnim(12385): starting new draw thread
11-23 19:47:41.584 V/ClockFace(12385): rendering new face, faceMode(0)
11-23 19:47:41.604 V/ClockFace(12385): fetching new battery status (34924)
11-23 19:47:41.604 V/ClockFace(12385): battery at 0.73
11-23 19:47:41.644 E/ADSPD   ( 7609): Timeout on select()
11-23 19:47:41.644 E/ADSPD   ( 7609): NO ACK received after loading firmware
11-23 19:47:41.644 E/ADSPD   ( 7609): Unknown ACK received 0x00
11-23 19:47:41.644 D/ADSPD   ( 7609): Client cmd=0x0003, size=4
11-23 19:47:41.654 D/ADSPD   ( 7609): Received from DSP: cmd=0x8003, size=2
11-23 19:47:41.654 D/ADSPD   ( 7609): Client cmd=0x4003, size=2
11-23 19:47:41.654 D/mot_vr_audio_hw( 1419): received recognition control callback, status 0
11-23 19:47:41.785 D/WearApiHelper( 7209): sendMessage: /SYNC_NEEDED
11-23 19:47:41.795 D/WearApiHelper( 7209): Not connected waiting connection
11-23 19:47:41.805 D/WearableClient( 7209): WearableClientImpl.onPostInitHandler: done
11-23 19:47:41.805 D/WearApiHelper( 7209): Finally connected! Sending message: /SYNC_NEEDED
11-23 19:47:41.805 D/WearApiHelper( 7209): Stack 0
11-23 19:47:42.045 D/dalvikvm( 6920): GC_CONCURRENT freed 397K, 23% free 2513K/3252K, paused 19ms+22ms, total 105ms
11-23 19:47:42.175 D/dalvikvm( 7209): GC_FOR_ALLOC freed 225K, 31% free 2135K/3056K, paused 25ms, total 27ms
11-23 19:47:42.175 I/dalvikvm-heap( 7209): Grow heap (frag case) to 2.628MB for 270352-byte allocation
11-23 19:47:42.215 D/dalvikvm( 7209): GC_FOR_ALLOC freed 1K, 28% free 2398K/3324K, paused 42ms, total 42ms
11-23 19:47:42.485 D/dalvikvm( 6983): GC_FOR_ALLOC freed 203K, 24% free 2370K/3088K, paused 62ms, total 63ms
11-23 19:47:43.026 D/dalvikvm( 6983): GC_FOR_ALLOC freed 122K, 24% free 2365K/3088K, paused 109ms, total 134ms
11-23 19:47:43.586 D/dalvikvm( 6983): GC_FOR_ALLOC freed 107K, 24% free 2376K/3088K, paused 74ms, total 137ms
11-23 19:47:44.137 D/dalvikvm( 6983): GC_FOR_ALLOC freed 101K, 24% free 2375K/3088K, paused 65ms, total 86ms
11-23 19:47:44.888 D/dalvikvm( 6983): GC_FOR_ALLOC freed 100K, 24% free 2375K/3088K, paused 86ms, total 87ms
11-23 19:47:45.668 D/dalvikvm( 6983): GC_FOR_ALLOC freed 117K, 24% free 2363K/3088K, paused 84ms, total 87ms
11-23 19:47:46.359 I/PowerManagerService( 1752): Going to sleep due to screen timeout...
11-23 19:47:46.359 I/PowerManagerService( 1752): Dozing...
11-23 19:47:46.359 I/DreamController( 1752): Starting dream: name=ComponentInfo{com.google.android.wearable.app/com.google.android.clockwork.home.AmbientMode}, isTest=false, canDoze=true, userId=0
11-23 19:47:46.379 D/dalvikvm( 6983): GC_FOR_ALLOC freed 100K, 24% free 2375K/3088K, paused 89ms, total 164ms
11-23 19:47:46.519 I/ActivityManager( 1752): START u0 {act=android.intent.action.MAIN cat=[android.intent.category.HOME] flg=0x10000000 cmp=com.google.android.wearable.app/com.google.android.clockwork.home.HomeActivity (has extras)} from pid 1871 on display 0
11-23 19:47:46.539 I/DreamController( 1752): Stopping dream: name=ComponentInfo{com.google.android.wearable.app/com.google.android.clockwork.home.AmbientMode}, isTest=false, canDoze=true, userId=0
11-23 19:47:46.539 I/PowerManagerService( 1752): Sleeping...
11-23 19:47:46.629 I/AmbientMode( 1871): Ambient mode started: canDoze=true, dozeHardware=null
11-23 19:47:46.649 D/mot_vr_audio_hw( 1419): dsp_recognizer_enabled = false
11-23 19:47:46.649 D/ADSPD   ( 7609): Client cmd=0x0003, size=4
11-23 19:47:46.649 D/mot_vr_audio_hw( 1419): Switching DSP to standby/passthrough mode
11-23 19:47:46.649 D/mot_vr_audio_hw( 1419): Input 0xb8ebf4f8 ready to read
11-23 19:47:46.659 D/ADSPD   ( 7609): Received from DSP: cmd=0x8003, size=2
11-23 19:47:46.659 D/ADSPD   ( 7609): Client cmd=0x0003, size=4
11-23 19:47:46.659 D/mot_vr_audio_hw( 1419): received recognition control callback, status 0
11-23 19:47:46.679 D/ADSPD   ( 7609): Received from DSP: cmd=0x8003, size=2
11-23 19:47:46.679 D/mot_vr_audio_hw( 1419): received recognition control callback, status 0
11-23 19:47:46.699 W/mot_vr_audio_hw( 1419): Discarded 10 buffers without finding audio data
11-23 19:47:46.709 D/ADSPD   ( 7609): Client cmd=0x0003, size=4
11-23 19:47:46.709 D/mot_vr_audio_hw( 1419): Re-arming DSP
11-23 19:47:46.709 D/mot_vr_audio_hw( 1419): Input 0xb8ebf4f8 standby complete
11-23 19:47:46.729 D/ADSPD   ( 7609): Received from DSP: cmd=0x8003, size=2
11-23 19:47:46.729 D/mot_vr_audio_hw( 1419): received recognition control callback, status 0
11-23 19:47:46.729 D/ADSPD   ( 7609): Client cmd=0x4003, size=2
11-23 19:47:46.729 D/mot_vr_audio_hw( 1419): Input 0xb8ebf4f8 close complete
11-23 19:47:46.749 D/mot_vr_audio_hw( 1419): dsp_recognizer_enabled = true
11-23 19:47:46.749 D/ADSPD   ( 7609): Client cmd=0x0003, size=4
11-23 19:47:46.749 D/mot_vr_audio_hw( 1419): open_input_stream(): devices = 0x80000004, rate = 8000, channels = 0x10
11-23 19:47:46.749 D/mot_vr_audio_hw( 1419): Created resampler for 16000->8000 Hz
11-23 19:47:46.759 D/ADSPD   ( 7609): Received from DSP: cmd=0x8003, size=2
11-23 19:47:46.759 D/ADSPD   ( 7609): Client cmd=0x4003, size=2
11-23 19:47:46.759 D/mot_vr_audio_hw( 1419): received recognition control callback, status 0
11-23 19:47:46.799 D/mot_vr_audio_hw( 1419): in_read waiting for hotword
11-23 19:47:46.809 D/WearApiHelper( 7209): Disconnecting
11-23 19:47:46.840 I/AmbientMode( 1871): Dream ended: isDozing=true
11-23 19:47:47.620 D/dalvikvm( 6983): GC_FOR_ALLOC freed 105K, 24% free 2375K/3088K, paused 175ms, total 370ms
11-23 19:47:47.891 D/LightsService( 1752): Excessive delay setting light: 737ms
11-23 19:47:47.891 D/SurfaceFlinger( 1417): Screen released, type=0 flinger=0xb7fc2448
11-23 19:47:47.951 D/dalvikvm( 6983): GC_FOR_ALLOC freed 102K, 24% free 2374K/3088K, paused 22ms, total 23ms
11-23 19:47:48.031 D/hwcomposer( 1417): hwc_blank(0: 1)
11-23 19:47:48.041 D/SurfaceControl( 1752): Excessive delay in blankDisplay() while turning screen off: 149ms
11-23 19:47:48.061 I/DisplayManagerService( 1752): Display device changed: DisplayDeviceInfo{"Built-in Screen": 320 x 290, 45.000004 fps, density 213, 203.2 x 204.61111 dpi, touch INTERNAL, rotation 0, type BUILT_IN, state OFF, FLAG_DEFAULT_DISPLAY, FLAG_ROTATES_WITH_CONTENT, FLAG_SECURE, FLAG_SUPPORTS_PROTECTED_BUFFERS}
11-23 19:47:48.061 V/ActivityManager( 1752): Display changed displayId=0
11-23 19:47:48.071 V/WearActivity(12385): display changed: 0, new state: 1
11-23 19:47:48.071 I/TimeWrapper(12385): FPS: 19.473482, samples: 126
11-23 19:47:48.071 I/TimeWrapper(12385): Min/Avg/Max frame render speed (ms): 3.723144 / 13.526311 / 89.29443
11-23 19:47:48.071 I/TimeWrapper(12385): Waketime: 26.340439%
11-23 19:47:48.071 I/TimeWrapper(12385): Skipped frames: 1
11-23 19:47:48.071 V/MyViewAnim(12385): redrawSlow: resume -> 1
11-23 19:47:48.071 V/MyViewAnim(12385): redrawSlow: startHelper -> 1
11-23 19:47:48.071 V/WearActivity(12385): onDisplayChanged: off!
11-23 19:47:48.071 V/WearActivity(12385): stopHelper: shutting things down
11-23 19:47:48.091 V/MyViewAnim(12385): stopping animation!
11-23 19:47:48.091 V/MyViewAnim(12385): killDrawThread
11-23 19:47:48.091 V/WearActivity(12385): killing alarms
11-23 19:47:48.101 I/ClockFace(12385): Ambient mode: false
11-23 19:47:48.111 D/MinnowPowerHAL( 1752): power_set_interactive: 0
11-23 19:47:48.111 D/MinnowPowerHAL( 1752): sysfs_write: /sys/devices/platform/omapdss/display0/interactivemode 0
11-23 19:47:48.111 D/MinnowPowerHAL( 1752): sysfs_write: /sys/devices/ocp.2/i2c.6/i2c-0/0-004a/interactivemode 0
11-23 19:47:48.111 D/MinnowPowerHAL( 1752): sysfs_write: /sys/class/leds/lcd-backlight/interactive 0
11-23 19:47:48.111 D/mot_vr_audio_hw( 1752): dsp_set_pm_state = off
11-23 19:47:48.121 D/ADSPD   ( 7609): Client cmd=0x4002, size=2
11-23 19:47:48.121 D/ADSPD   ( 7609): DSP_CMD_DAEMON_SET_PM_STATE : 0
11-23 19:47:48.121 D/ADSPD   ( 7609): DSP not turned off as still being used
11-23 19:47:48.131 V/WearActivity(12385): Pause!
11-23 19:47:48.131 V/WearActivity(12385): Stop!
11-23 19:47:48.131 W/InputMethodManagerService( 1752): Ignoring setImeWindowStatus of uid 1000 token: null
11-23 19:47:48.151 V/MyViewAnim(12385): looper finished!
11-23 19:47:48.151 V/MyViewAnim(12385): draw thread termination
11-23 19:47:48.161 D/mot_vr_audio_hw( 1419): dsp_recognizer_enabled = false
11-23 19:47:48.161 D/ADSPD   ( 7609): Client cmd=0x0003, size=4
11-23 19:47:48.161 D/ADSPD   ( 7609): Trying to send to dsp while in dsp in RESET
11-23 19:47:48.161 W/mot_vr_audio_hw( 1419): Not allowing wake() since DSP is disabled
11-23 19:47:48.171 W/mot_vr_audio_hw( 1419): Not allowing wake() since DSP is disabled
11-23 19:47:48.191 D/ADSPD   ( 7609): Client cmd=0x4003, size=2
11-23 19:47:48.191 D/ADSPD   ( 7609): DSP no longer used, turned off here
11-23 19:47:48.191 D/mot_vr_audio_hw( 1419): Input 0xb8ebf4f8 close complete
11-23 19:47:48.371 D/dalvikvm( 6983): GC_FOR_ALLOC freed 114K, 24% free 2363K/3088K, paused 29ms, total 40ms
11-23 19:47:48.711 D/dalvikvm( 6983): GC_FOR_ALLOC freed 100K, 24% free 2374K/3088K, paused 42ms, total 68ms
11-23 19:47:49.472 W/Fitness ( 6978): Failed to flush data points buffer to store, dropping buffered data points
11-23 19:47:49.472 W/Fitness ( 6978): android.database.sqlite.SQLiteConstraintException: foreign key constraint failed (code 19)
11-23 19:47:49.472 W/Fitness ( 6978): 	at android.database.sqlite.SQLiteConnection.nativeExecuteForLastInsertedRowId(Native Method)
11-23 19:47:49.472 W/Fitness ( 6978): 	at android.database.sqlite.SQLiteConnection.executeForLastInsertedRowId(SQLiteConnection.java:782)
11-23 19:47:49.472 W/Fitness ( 6978): 	at android.database.sqlite.SQLiteSession.executeForLastInsertedRowId(SQLiteSession.java:788)
11-23 19:47:49.472 W/Fitness ( 6978): 	at android.database.sqlite.SQLiteStatement.executeInsert(SQLiteStatement.java:86)
11-23 19:47:49.472 W/Fitness ( 6978): 	at com.google.android.gms.fitness.m.al.a(SourceFile:1755)
11-23 19:47:49.472 W/Fitness ( 6978): 	at com.google.android.gms.fitness.m.al.a(SourceFile:1656)
11-23 19:47:49.472 W/Fitness ( 6978): 	at com.google.android.gms.fitness.m.e.run(SourceFile:137)
11-23 19:47:49.472 W/Fitness ( 6978): 	at android.os.Handler.handleCallback(Handler.java:733)
11-23 19:47:49.472 W/Fitness ( 6978): 	at android.os.Handler.dispatchMessage(Handler.java:95)
11-23 19:47:49.472 W/Fitness ( 6978): 	at android.os.Looper.loop(Looper.java:136)
11-23 19:47:49.472 W/Fitness ( 6978): 	at android.os.HandlerThread.run(HandlerThread.java:61)
11-23 19:47:51.194 W/bt-btif (24046): dm_pm_timer expires
11-23 19:47:51.194 W/bt-btif (24046): dm_pm_timer expires 0
11-23 19:47:51.194 W/bt-btif (24046): proc dm_pm_timer expires
11-23 19:50:34.900 D/ConnectivityService( 1752): Sampling interval elapsed, updating statistics ..
11-23 19:50:34.920 D/ConnectivityService( 1752): Done.
11-23 19:50:34.920 D/ConnectivityService( 1752): Setting timer for 720seconds
11-23 19:55:54.895 D/dalvikvm( 6946): GC_CONCURRENT freed 478K, 24% free 2267K/2952K, paused 2ms+1ms, total 19ms
11-23 19:55:54.895 I/FitnessWearable( 6946): Refreshing Platform Data
11-23 19:55:54.915 I/Fitness ( 6978): Account supported from cache: true
11-23 19:55:54.915 I/Fitness ( 6978): schedule to sync accounts: [dwallach@gmail.com]
11-23 19:55:54.945 I/FitnessWearable( 6946): Completed query in 30 milliseconds
11-23 19:55:56.807 W/bt-btif (24046): dm_pm_timer expires
11-23 19:55:56.807 W/bt-btif (24046): dm_pm_timer expires 0
11-23 19:55:56.807 W/bt-btif (24046): proc dm_pm_timer expires
11-23 19:56:35.890 I/Fitness ( 6978): WearableSyncServiceReceiver.onReceive
11-23 19:56:35.951 D/WearableClient( 6978): WearableClientImpl.onPostInitHandler: done
11-23 19:56:35.951 I/Fitness ( 6978): syncing to node: e12e6647-0917-4594-a0b8-f42d78390f6d
11-23 19:56:35.991 I/Fitness ( 6978): syncing: 0
11-23 20:00:06.852 V/WearReceiverService(12385): message received!
11-23 20:00:06.862 V/ClockFace(12385): clearing caches
11-23 20:00:06.862 V/ClockState(12385): clipping 7 raw events to fit the screen
11-23 20:00:06.862 V/ClockState(12385): maxLevel for new events: 10000
11-23 20:00:06.862 V/ClockState(12385): number of new events: 0
11-23 20:00:06.862 V/MyViewAnim(12385): update from ClockState
11-23 20:00:06.862 V/MyViewAnim(12385): draw thread desired: true
11-23 20:00:06.862 V/ClockState(12385): new calendar event list, 7 entries
11-23 20:00:06.862 V/ClockFace(12385): clearing caches
11-23 20:00:06.862 V/MyViewAnim(12385): update from ClockState
11-23 20:00:06.862 V/MyViewAnim(12385): draw thread desired: true
11-23 20:00:06.862 V/ClockState(12385): event update complete
11-23 20:00:06.862 V/WearReceiverService(12385): savePreferences
11-23 20:00:08.844 W/bt-btif (24046): dm_pm_timer expires
11-23 20:00:08.844 W/bt-btif (24046): dm_pm_timer expires 0
11-23 20:00:08.844 W/bt-btif (24046): proc dm_pm_timer expires
11-23 20:00:11.770 W/bt-btif (24046): dm_pm_timer expires
11-23 20:00:11.770 W/bt-btif (24046): dm_pm_timer expires 0
11-23 20:00:11.770 W/bt-btif (24046): proc dm_pm_timer expires
11-23 20:02:36.890 I/ActivityManager( 1752): Delay finish: com.motorola.targetnotif/com.motorola.omni.NotificationAlarmReceiver
11-23 20:02:36.900 I/ActivityManager( 1752): Resuming delayed broadcast
11-23 20:02:36.960 D/ConnectivityService( 1752): Sampling interval elapsed, updating statistics ..
11-23 20:02:36.990 D/ConnectivityService( 1752): Done.
11-23 20:02:36.990 D/ConnectivityService( 1752): Setting timer for 720seconds
11-23 20:07:28.324 I/Clockwork.Settings( 1871): Companion requested the watch start a time sync.
11-23 20:07:28.324 I/Clockwork.Settings( 1871): sending time sync request - elapsedRealTime: 2034894177
11-23 20:07:28.394 I/Clockwork.Settings( 1871): time sync update time to 1416794848645, latency 67 ms
11-23 20:07:28.394 I/Clockwork.Settings( 1871): time sync timezone: America/Chicago
11-23 20:07:28.404 D/        ( 1752): Setting time of day to sec=1416794848
11-23 20:07:28.668 I/Clockwork.TimeService( 1981): set timezone to America/Chicago
11-23 20:07:28.668 D/AlarmManagerService( 1752): Kernel timezone updated to 360 minutes west of GMT
11-23 20:07:28.698 I/CheckinService( 7248): active receiver: disabled
11-23 20:07:28.728 D/GCM     ( 7004): GcmService start Intent { act=com.google.android.checkin.CHECKIN_COMPLETE flg=0x10 cmp=com.google.android.gms/.gcm.GcmService (has extras) } com.google.android.checkin.CHECKIN_COMPLETE
11-23 20:07:28.728 I/ActivityManager( 1752): Delay finish: com.google.android.gms/.gcm.ServiceAutoStarter
11-23 20:07:28.728 I/ActivityManager( 1752): Resuming delayed broadcast
11-23 20:07:30.639 W/bt-btif (24046): dm_pm_timer expires
11-23 20:07:30.639 W/bt-btif (24046): dm_pm_timer expires 0
11-23 20:07:30.639 W/bt-btif (24046): proc dm_pm_timer expires
11-23 20:07:33.272 W/bt-btif (24046): dm_pm_timer expires
11-23 20:07:33.272 W/bt-btif (24046): dm_pm_timer expires 0
11-23 20:07:33.272 W/bt-btif (24046): proc dm_pm_timer expires
11-23 20:07:33.692 I/ActivityManager( 1752): Delay finish: com.android.providers.calendar/.CalendarProviderBroadcastReceiver
11-23 20:07:33.762 I/ActivityManager( 1752): Resuming delayed broadcast
11-23 20:07:36.232 I/ActivityManager( 1752): Delay finish: com.motorola.targetnotif/com.motorola.omni.NotificationAlarmReceiver
11-23 20:07:36.242 I/ActivityManager( 1752): Resuming delayed broadcast
11-23 20:07:36.322 D/dalvikvm( 1752): GC_EXPLICIT freed 591K, 69% free 5482K/17280K, paused 4ms+7ms, total 62ms
11-23 20:07:36.332 I/EventLogService( 7248): Aggregate from 1416793056048 (log), 1416793056048 (data)
11-23 20:07:36.332 I/ActivityManager( 1752): Delay finish: com.google.android.gms/.checkin.EventLogService$Receiver
11-23 20:07:36.452 I/ServiceDumpSys( 7248): dumping service [account]
11-23 20:07:36.482 I/ActivityManager( 1752): Resuming delayed broadcast
11-23 20:10:08.341 D/SensorHALGestureSensor( 1752): Gesture event received! time = 1416795008344349892
11-23 20:10:08.341 I/PowerManagerService( 1752): Waking up from sleep...
11-23 20:10:08.341 W/KeyguardServiceDelegate( 1752): onScreenTurnedOn(): no keyguard service!
11-23 20:10:08.471 D/PowerManagerService-JNI( 1752): Excessive delay in autosuspend_disable() while turning screen on: 126ms
11-23 20:10:08.471 D/MinnowPowerHAL( 1752): power_set_interactive: 1
11-23 20:10:08.471 D/MinnowPowerHAL( 1752): sysfs_write: /sys/devices/platform/omapdss/display0/interactivemode 1
11-23 20:10:08.531 D/MinnowPowerHAL( 1752): sysfs_write: /sys/devices/ocp.2/i2c.6/i2c-0/0-004a/interactivemode 1
11-23 20:10:08.531 D/MinnowPowerHAL( 1752): sysfs_write: /sys/class/leds/lcd-backlight/interactive 1
11-23 20:10:08.531 D/mot_vr_audio_hw( 1752): dsp_set_pm_state = on
11-23 20:10:08.531 D/ADSPD   ( 7609): Client cmd=0x4002, size=2
11-23 20:10:08.531 D/ADSPD   ( 7609): DSP_CMD_DAEMON_SET_PM_STATE : 1
11-23 20:10:08.531 D/PowerManagerService-JNI( 1752): Excessive delay in setInteractive(true) while turning screen on: 57ms
11-23 20:10:08.551 V/WearActivity(12385): Resume!
11-23 20:10:08.551 E/ClockworkHome( 1871): Tried to exit ambient mode, but enterAmbientMode() was never called.
11-23 20:10:08.562 D/mot_vr_audio_hw( 1419): dsp_recognizer_enabled = true
11-23 20:10:08.572 D/mot_vr_audio_hw( 1419): open_input_stream(): devices = 0x80000004, rate = 8000, channels = 0x10
11-23 20:10:08.572 D/mot_vr_audio_hw( 1419): Created resampler for 16000->8000 Hz
11-23 20:10:08.592 D/mot_vr_audio_hw( 1419): in_read waiting for hotword
11-23 20:10:08.622 W/InputMethodManagerService( 1752): Ignoring setImeWindowStatus of uid 1000 token: null
11-23 20:10:08.672 D/SurfaceFlinger( 1417): Screen acquired, type=0 flinger=0xb7fc2448
11-23 20:10:08.672 D/hwcomposer( 1417): hwc_blank(0: 0)
11-23 20:10:08.682 D/SensorHAL( 1752): adjustSensorHandle: handle = 9 adjustedHandle = 1
11-23 20:10:08.682 D/SensorHAL( 1752): adjustSensorHandle: handle = 9 adjustedHandle = 1
11-23 20:10:08.702 D/SensorHAL( 1752): adjustSensorHandle: handle = 9 adjustedHandle = 1
11-23 20:10:08.702 I/DisplayManagerService( 1752): Display device changed: DisplayDeviceInfo{"Built-in Screen": 320 x 290, 45.000004 fps, density 213, 203.2 x 204.61111 dpi, touch INTERNAL, rotation 0, type BUILT_IN, state ON, FLAG_DEFAULT_DISPLAY, FLAG_ROTATES_WITH_CONTENT, FLAG_SECURE, FLAG_SUPPORTS_PROTECTED_BUFFERS}
11-23 20:10:08.712 V/ActivityManager( 1752): Display changed displayId=0
11-23 20:10:08.722 V/WearActivity(12385): display changed: 0, new state: 2
11-23 20:10:08.722 V/WearActivity(12385): onDisplayChanged: on!
11-23 20:10:08.722 V/WearActivity(12385): killing alarms
11-23 20:10:08.722 V/WearActivity(12385): startHelper: putting it all back together again
11-23 20:10:08.722 V/WearActivity(12385): initAlarm: setting up
11-23 20:10:08.732 I/ClockFace(12385): Ambient mode: false
11-23 20:10:08.732 V/MyViewAnim(12385): resumeMaxHertz
11-23 20:10:08.732 V/ClockFace(12385): clearing caches
11-23 20:10:08.732 V/MyViewAnim(12385): starting new animator
11-23 20:10:08.732 V/MyViewAnim(12385): Time listener is up!
11-23 20:10:08.732 V/MyViewAnim(12385): starting new draw thread
11-23 20:10:08.762 V/ClockFace(12385): rendering new face, faceMode(0)
11-23 20:10:08.782 V/ClockFace(12385): fetching new battery status (35052)
11-23 20:10:08.782 V/ClockFace(12385): battery at 0.72
11-23 20:10:08.832 E/ADSPD   ( 7609): Timeout on select()
11-23 20:10:08.832 E/ADSPD   ( 7609): NO ACK received after loading firmware
11-23 20:10:08.832 E/ADSPD   ( 7609): Unknown ACK received 0x00
11-23 20:10:08.832 D/ADSPD   ( 7609): Client cmd=0x0003, size=4
11-23 20:10:08.842 D/ADSPD   ( 7609): Received from DSP: cmd=0x8003, size=2
11-23 20:10:08.842 D/ADSPD   ( 7609): Client cmd=0x4003, size=2
11-23 20:10:08.842 D/mot_vr_audio_hw( 1419): received recognition control callback, status 0
11-23 20:10:11.755 W/bt-btif (24046): dm_pm_timer expires
11-23 20:10:11.755 W/bt-btif (24046): dm_pm_timer expires 0
11-23 20:10:11.755 W/bt-btif (24046): proc dm_pm_timer expires
11-23 20:10:13.556 I/PowerManagerService( 1752): Going to sleep due to screen timeout...
11-23 20:10:13.556 I/PowerManagerService( 1752): Dozing...
11-23 20:10:13.556 I/DreamController( 1752): Starting dream: name=ComponentInfo{com.google.android.wearable.app/com.google.android.clockwork.home.AmbientMode}, isTest=false, canDoze=true, userId=0
11-23 20:10:13.616 I/ActivityManager( 1752): START u0 {act=android.intent.action.MAIN cat=[android.intent.category.HOME] flg=0x10000000 cmp=com.google.android.wearable.app/com.google.android.clockwork.home.HomeActivity (has extras)} from pid 1871 on display 0
11-23 20:10:13.616 I/DreamController( 1752): Stopping dream: name=ComponentInfo{com.google.android.wearable.app/com.google.android.clockwork.home.AmbientMode}, isTest=false, canDoze=true, userId=0
11-23 20:10:13.636 I/PowerManagerService( 1752): Sleeping...
11-23 20:10:13.727 I/AmbientMode( 1871): Ambient mode started: canDoze=true, dozeHardware=null
11-23 20:10:13.737 D/mot_vr_audio_hw( 1419): dsp_recognizer_enabled = false
11-23 20:10:13.737 D/ADSPD   ( 7609): Client cmd=0x0003, size=4
11-23 20:10:13.737 D/mot_vr_audio_hw( 1419): Switching DSP to standby/passthrough mode
11-23 20:10:13.737 D/mot_vr_audio_hw( 1419): Input 0xb8ebf4f8 ready to read
11-23 20:10:13.757 D/ADSPD   ( 7609): Received from DSP: cmd=0x8003, size=2
11-23 20:10:13.757 D/ADSPD   ( 7609): Client cmd=0x0003, size=4
11-23 20:10:13.757 D/mot_vr_audio_hw( 1419): received recognition control callback, status 0
11-23 20:10:13.767 D/ADSPD   ( 7609): Received from DSP: cmd=0x8003, size=2
11-23 20:10:13.767 D/mot_vr_audio_hw( 1419): received recognition control callback, status 0
11-23 20:10:13.787 W/mot_vr_audio_hw( 1419): Discarded 10 buffers without finding audio data
11-23 20:10:13.807 D/ADSPD   ( 7609): Client cmd=0x0003, size=4
11-23 20:10:13.807 D/mot_vr_audio_hw( 1419): Re-arming DSP
11-23 20:10:13.807 D/mot_vr_audio_hw( 1419): Input 0xb8ebf4f8 standby complete
11-23 20:10:13.817 D/mot_vr_audio_hw( 1419): Input 0xb8ebf4f8 close complete
11-23 20:10:13.817 D/ADSPD   ( 7609): Received from DSP: cmd=0x8003, size=2
11-23 20:10:13.817 D/ADSPD   ( 7609): Client cmd=0x4003, size=2
11-23 20:10:13.817 D/mot_vr_audio_hw( 1419): received recognition control callback, status 0
11-23 20:10:13.837 D/mot_vr_audio_hw( 1419): dsp_recognizer_enabled = true
11-23 20:10:13.837 D/ADSPD   ( 7609): Client cmd=0x0003, size=4
11-23 20:10:13.837 D/mot_vr_audio_hw( 1419): open_input_stream(): devices = 0x80000004, rate = 8000, channels = 0x10
11-23 20:10:13.837 D/mot_vr_audio_hw( 1419): Created resampler for 16000->8000 Hz
11-23 20:10:13.847 D/ADSPD   ( 7609): Received from DSP: cmd=0x8003, size=2
11-23 20:10:13.847 D/ADSPD   ( 7609): Client cmd=0x4003, size=2
11-23 20:10:13.847 D/mot_vr_audio_hw( 1419): received recognition control callback, status 0
11-23 20:10:13.867 I/AmbientMode( 1871): Dream ended: isDozing=true
11-23 20:10:13.877 D/mot_vr_audio_hw( 1419): in_read waiting for hotword
11-23 20:10:13.897 D/dalvikvm( 6983): GC_FOR_ALLOC freed 202K, 24% free 2369K/3088K, paused 50ms, total 51ms
11-23 20:10:14.347 D/LightsService( 1752): Excessive delay setting light: 167ms
11-23 20:10:14.347 D/SurfaceFlinger( 1417): Screen released, type=0 flinger=0xb7fc2448
11-23 20:10:14.497 D/hwcomposer( 1417): hwc_blank(0: 1)
11-23 20:10:14.497 D/SurfaceControl( 1752): Excessive delay in blankDisplay() while turning screen off: 145ms
11-23 20:10:14.527 I/DisplayManagerService( 1752): Display device changed: DisplayDeviceInfo{"Built-in Screen": 320 x 290, 45.000004 fps, density 213, 203.2 x 204.61111 dpi, touch INTERNAL, rotation 0, type BUILT_IN, state OFF, FLAG_DEFAULT_DISPLAY, FLAG_ROTATES_WITH_CONTENT, FLAG_SECURE, FLAG_SUPPORTS_PROTECTED_BUFFERS}
11-23 20:10:14.527 V/ActivityManager( 1752): Display changed displayId=0
11-23 20:10:14.547 V/WearActivity(12385): display changed: 0, new state: 1
11-23 20:10:14.547 I/TimeWrapper(12385): FPS: 40.90129, samples: 236
11-23 20:10:14.547 I/TimeWrapper(12385): Min/Avg/Max frame render speed (ms): 3.692627 / 4.933502 / 23.040771
11-23 20:10:14.547 I/TimeWrapper(12385): Waketime: 20.178663%
11-23 20:10:14.547 I/TimeWrapper(12385): Skipped frames: 1
11-23 20:10:14.547 V/MyViewAnim(12385): redrawSlow: resume -> 1
11-23 20:10:14.547 V/MyViewAnim(12385): redrawSlow: view:update -> 2
11-23 20:10:14.547 V/MyViewAnim(12385): redrawSlow: startHelper -> 1
11-23 20:10:14.547 V/WearActivity(12385): onDisplayChanged: off!
11-23 20:10:14.547 V/WearActivity(12385): stopHelper: shutting things down
11-23 20:10:14.567 D/MinnowPowerHAL( 1752): power_set_interactive: 0
11-23 20:10:14.567 D/MinnowPowerHAL( 1752): sysfs_write: /sys/devices/platform/omapdss/display0/interactivemode 0
11-23 20:10:14.567 D/MinnowPowerHAL( 1752): sysfs_write: /sys/devices/ocp.2/i2c.6/i2c-0/0-004a/interactivemode 0
11-23 20:10:14.567 D/MinnowPowerHAL( 1752): sysfs_write: /sys/class/leds/lcd-backlight/interactive 0
11-23 20:10:14.567 D/mot_vr_audio_hw( 1752): dsp_set_pm_state = off
11-23 20:10:14.567 D/ADSPD   ( 7609): Client cmd=0x4002, size=2
11-23 20:10:14.567 D/ADSPD   ( 7609): DSP_CMD_DAEMON_SET_PM_STATE : 0
11-23 20:10:14.567 D/ADSPD   ( 7609): DSP not turned off as still being used
11-23 20:10:14.577 W/InputMethodManagerService( 1752): Ignoring setImeWindowStatus of uid 1000 token: null
11-23 20:10:14.587 V/MyViewAnim(12385): stopping animation!
11-23 20:10:14.587 V/MyViewAnim(12385): killDrawThread
11-23 20:10:14.587 V/WearActivity(12385): killing alarms
11-23 20:10:14.587 V/MyViewAnim(12385): looper finished!
11-23 20:10:14.587 V/MyViewAnim(12385): draw thread termination
11-23 20:10:14.587 I/ClockFace(12385): Ambient mode: false
11-23 20:10:14.587 V/WearActivity(12385): Pause!
11-23 20:10:14.597 V/WearActivity(12385): Stop!
11-23 20:10:14.607 D/mot_vr_audio_hw( 1419): dsp_recognizer_enabled = false
11-23 20:10:14.607 D/ADSPD   ( 7609): Client cmd=0x0003, size=4
11-23 20:10:14.607 D/ADSPD   ( 7609): Trying to send to dsp while in dsp in RESET
11-23 20:10:14.607 W/mot_vr_audio_hw( 1419): Not allowing wake() since DSP is disabled
11-23 20:10:14.617 W/mot_vr_audio_hw( 1419): Not allowing wake() since DSP is disabled
11-23 20:10:14.637 D/ADSPD   ( 7609): Client cmd=0x4003, size=2
11-23 20:10:14.637 D/ADSPD   ( 7609): DSP no longer used, turned off here
11-23 20:10:14.637 D/mot_vr_audio_hw( 1419): Input 0xb8ebf4f8 close complete
11-23 20:10:16.729 W/bt-btif (24046): dm_pm_timer expires
11-23 20:10:16.729 W/bt-btif (24046): dm_pm_timer expires 0
11-23 20:10:16.729 W/bt-btif (24046): proc dm_pm_timer expires
11-23 20:10:55.448 I/Fitness ( 6978): WearableSyncServiceReceiver.onReceive
11-23 20:10:55.468 I/ActivityManager( 1752): Delay finish: com.google.android.gms/.fitness.wearables.WearableSyncServiceReceiver
11-23 20:10:55.478 D/WearableClient( 6978): WearableClientImpl.onPostInitHandler: done
11-23 20:10:55.488 I/Fitness ( 6978): syncing to node: e12e6647-0917-4594-a0b8-f42d78390f6d
11-23 20:10:55.498 D/dalvikvm( 6946): GC_CONCURRENT freed 384K, 23% free 2272K/2920K, paused 2ms+2ms, total 61ms
11-23 20:10:55.538 I/Fitness ( 6978): syncing: 0
11-23 20:10:55.558 D/dalvikvm( 6978): GC_CONCURRENT freed 386K, 19% free 2665K/3288K, paused 7ms+5ms, total 49ms
11-23 20:10:55.608 I/ActivityManager( 1752): Resuming delayed broadcast
11-23 20:12:57.908 I/ActivityManager( 1752): Delay finish: com.google.android.gms/.gcm.ServiceAutoStarter
11-23 20:12:57.908 I/ActivityManager( 1752): Resuming delayed broadcast
11-23 20:12:58.325 I/Clockwork.Settings( 1871): Companion requested the watch start a time sync.
11-23 20:12:58.325 I/Clockwork.Settings( 1871): sending time sync request - elapsedRealTime: 2035223935
11-23 20:12:58.365 I/Clockwork.Settings( 1871): time sync update time to 1416795177827, latency 40 ms
11-23 20:12:58.375 I/Clockwork.Settings( 1871): time sync timezone: America/Chicago
11-23 20:12:57.848 I/Clockwork.TimeService( 1981): set timezone to America/Chicago
11-23 20:12:57.848 D/AlarmManagerService( 1752): Kernel timezone updated to 360 minutes west of GMT
11-23 20:12:57.878 I/CheckinService( 7248): active receiver: disabled
11-23 20:12:57.908 D/GCM     ( 7004): GcmService start Intent { act=com.google.android.checkin.CHECKIN_COMPLETE flg=0x10 cmp=com.google.android.gms/.gcm.GcmService (has extras) } com.google.android.checkin.CHECKIN_COMPLETE
11-23 20:12:58.368 I/FitnessWearable( 6946): Refreshing Platform Data
11-23 20:12:58.375 D/        ( 1752): Setting time of day to sec=1416795177
11-23 20:12:58.388 I/Fitness ( 6978): Account supported from cache: true
11-23 20:12:58.388 I/Fitness ( 6978): schedule to sync accounts: [dwallach@gmail.com]
11-23 20:12:58.418 I/FitnessWearable( 6946): Completed query in 32 milliseconds
11-23 20:12:59.489 D/dalvikvm( 7004): GC_CONCURRENT freed 368K, 18% free 2995K/3616K, paused 2ms+2ms, total 25ms
11-23 20:13:00.240 W/bt-btif (24046): dm_pm_timer expires
11-23 20:13:00.240 W/bt-btif (24046): dm_pm_timer expires 0
11-23 20:13:00.240 W/bt-btif (24046): proc dm_pm_timer expires
11-23 20:13:03.273 I/Fitness ( 6978): WearableSyncServiceReceiver.onReceive
11-23 20:13:03.283 I/ActivityManager( 1752): Delay finish: com.android.providers.calendar/.CalendarProviderBroadcastReceiver
11-23 20:13:03.303 D/WearableClient( 6978): WearableClientImpl.onPostInitHandler: done
11-23 20:13:03.303 I/Fitness ( 6978): syncing to node: e12e6647-0917-4594-a0b8-f42d78390f6d
11-23 20:13:03.343 I/Fitness ( 6978): syncing: 0
11-23 20:13:03.393 I/ActivityManager( 1752): Resuming delayed broadcast
11-23 20:14:02.924 I/ActivityManager( 1752): START u0 {act=android.intent.action.MAIN cat=[android.intent.category.HOME] flg=0x10000000 cmp=com.google.android.wearable.app/com.google.android.clockwork.home.HomeActivity (has extras)} from pid 1871 on display 0
11-23 20:14:02.934 E/ClockworkHome( 1871): Tried to exit ambient mode, but enterAmbientMode() was never called.
11-23 20:14:02.934 W/HomeRowListAdapter( 1871): onRelease() called on an unknown row.
11-23 20:14:02.944 W/HomeRowListAdapter( 1871): onRelease() called on an unknown row.
11-23 20:14:02.944 D/mot_vr_audio_hw( 1419): dsp_recognizer_enabled = true
11-23 20:14:02.944 D/ADSPD   ( 7609): Client cmd=0x0003, size=4
11-23 20:14:02.944 D/ADSPD   ( 7609): Trying to send to dsp while in dsp in RESET
11-23 20:14:02.944 D/mot_vr_audio_hw( 1419): open_input_stream(): devices = 0x80000004, rate = 8000, channels = 0x10
11-23 20:14:02.944 D/mot_vr_audio_hw( 1419): Created resampler for 16000->8000 Hz
11-23 20:14:02.944 D/ADSPD   ( 7609): Client cmd=0x4003, size=2
11-23 20:14:02.964 D/mot_vr_audio_hw( 1419): in_read waiting for hotword
11-23 20:14:02.964 D/mot_vr_audio_hw( 1419): dsp_recognizer_enabled = false
11-23 20:14:02.964 D/ADSPD   ( 7609): Client cmd=0x0003, size=4
11-23 20:14:02.964 D/ADSPD   ( 7609): Trying to send to dsp while in dsp in RESET
11-23 20:14:02.964 W/mot_vr_audio_hw( 1419): Not allowing wake() since DSP is disabled
11-23 20:14:02.974 W/mot_vr_audio_hw( 1419): Not allowing wake() since DSP is disabled
11-23 20:14:02.994 D/ADSPD   ( 7609): Client cmd=0x4003, size=2
11-23 20:14:02.994 D/ADSPD   ( 7609): DSP no longer used, turned off here
11-23 20:14:02.994 D/mot_vr_audio_hw( 1419): Input 0xb8ebf4f8 close complete
11-23 20:14:03.174 D/dalvikvm( 1871): GC_FOR_ALLOC freed 3330K, 30% free 27166K/38808K, paused 44ms, total 46ms
11-23 20:14:03.324 D/dalvikvm( 1871): GC_CONCURRENT freed 1098K, 28% free 28085K/38808K, paused 13ms+28ms, total 131ms
11-23 20:14:03.334 I/ActivityManager( 1752): START u0 {act=android.intent.action.MAIN cat=[android.intent.category.HOME] flg=0x10000000 cmp=com.google.android.wearable.app/com.google.android.clockwork.home.HomeActivity (has extras)} from pid 1871 on display 0
11-23 20:14:03.384 D/dalvikvm( 6983): GC_CONCURRENT freed 419K, 23% free 2380K/3088K, paused 8ms+12ms, total 61ms
11-23 20:14:03.465 D/mot_vr_audio_hw( 1419): dsp_recognizer_enabled = true
11-23 20:14:03.465 D/ADSPD   ( 7609): Client cmd=0x0003, size=4
11-23 20:14:03.465 D/ADSPD   ( 7609): Trying to send to dsp while in dsp in RESET
11-23 20:14:03.465 D/mot_vr_audio_hw( 1419): open_input_stream(): devices = 0x80000004, rate = 8000, channels = 0x10
11-23 20:14:03.465 D/mot_vr_audio_hw( 1419): Created resampler for 16000->8000 Hz
11-23 20:14:03.465 D/ADSPD   ( 7609): Client cmd=0x4003, size=2
11-23 20:14:03.475 D/mot_vr_audio_hw( 1419): in_read waiting for hotword
11-23 20:14:03.475 D/mot_vr_audio_hw( 1419): dsp_recognizer_enabled = false
11-23 20:14:03.475 D/ADSPD   ( 7609): Client cmd=0x0003, size=4
11-23 20:14:03.475 D/ADSPD   ( 7609): Trying to send to dsp while in dsp in RESET
11-23 20:14:03.475 W/mot_vr_audio_hw( 1419): Not allowing wake() since DSP is disabled
11-23 20:14:03.485 W/mot_vr_audio_hw( 1419): Not allowing wake() since DSP is disabled
11-23 20:14:03.525 D/ADSPD   ( 7609): Client cmd=0x4003, size=2
11-23 20:14:03.525 D/ADSPD   ( 7609): DSP no longer used, turned off here
11-23 20:14:03.525 D/mot_vr_audio_hw( 1419): Input 0xb8ebf4f8 close complete
11-23 20:14:03.585 D/dalvikvm( 1871): GC_FOR_ALLOC freed 1269K, 28% free 28103K/38808K, paused 50ms, total 50ms
11-23 20:14:03.745 D/dalvikvm( 1871): GC_CONCURRENT freed 42K, 23% free 30099K/38808K, paused 6ms+10ms, total 72ms
11-23 20:14:03.815 I/ActivityManager( 1752): START u0 {act=android.intent.action.MAIN cat=[android.intent.category.HOME] flg=0x10000000 cmp=com.google.android.wearable.app/com.google.android.clockwork.home.HomeActivity (has extras)} from pid 1871 on display 0
11-23 20:14:03.855 D/mot_vr_audio_hw( 1419): dsp_recognizer_enabled = true
11-23 20:14:03.855 D/ADSPD   ( 7609): Client cmd=0x0003, size=4
11-23 20:14:03.865 D/ADSPD   ( 7609): Trying to send to dsp while in dsp in RESET
11-23 20:14:03.865 D/mot_vr_audio_hw( 1419): open_input_stream(): devices = 0x80000004, rate = 8000, channels = 0x10
11-23 20:14:03.865 D/mot_vr_audio_hw( 1419): Created resampler for 16000->8000 Hz
11-23 20:14:03.865 D/ADSPD   ( 7609): Client cmd=0x4003, size=2
11-23 20:14:03.875 D/mot_vr_audio_hw( 1419): in_read waiting for hotword
11-23 20:14:03.875 D/mot_vr_audio_hw( 1419): dsp_recognizer_enabled = false
11-23 20:14:03.875 D/ADSPD   ( 7609): Client cmd=0x0003, size=4
11-23 20:14:03.885 D/ADSPD   ( 7609): Trying to send to dsp while in dsp in RESET
11-23 20:14:03.885 W/mot_vr_audio_hw( 1419): Not allowing wake() since DSP is disabled
11-23 20:14:03.895 W/mot_vr_audio_hw( 1419): Not allowing wake() since DSP is disabled
11-23 20:14:03.915 D/ADSPD   ( 7609): Client cmd=0x4003, size=2
11-23 20:14:03.915 D/ADSPD   ( 7609): DSP no longer used, turned off here
11-23 20:14:03.915 D/mot_vr_audio_hw( 1419): Input 0xb8ebf4f8 close complete
11-23 20:14:05.997 W/bt-btif (24046): dm_pm_timer expires
11-23 20:14:05.997 W/bt-btif (24046): dm_pm_timer expires 0
11-23 20:14:05.997 W/bt-btif (24046): proc dm_pm_timer expires
11-23 20:14:36.701 D/ConnectivityService( 1752): Sampling interval elapsed, updating statistics ..
11-23 20:14:36.721 D/ConnectivityService( 1752): Done.
11-23 20:14:36.721 D/ConnectivityService( 1752): Setting timer for 720seconds
11-23 20:16:41.280 V/WearReceiverService(12385): message received!
11-23 20:16:41.290 V/ClockFace(12385): clearing caches
11-23 20:16:41.290 V/ClockState(12385): clipping 8 raw events to fit the screen
11-23 20:16:41.290 V/ClockState(12385): maxLevel for new events: 10000
11-23 20:16:41.290 V/ClockState(12385): number of new events: 0
11-23 20:16:41.290 V/MyViewAnim(12385): update from ClockState
11-23 20:16:41.290 V/MyViewAnim(12385): draw thread desired: true
11-23 20:16:41.290 V/ClockState(12385): new calendar event list, 8 entries
11-23 20:16:41.290 V/ClockFace(12385): clearing caches
11-23 20:16:41.290 V/MyViewAnim(12385): update from ClockState
11-23 20:16:41.290 V/MyViewAnim(12385): draw thread desired: true
11-23 20:16:41.290 V/ClockState(12385): event update complete
11-23 20:16:41.290 V/WearReceiverService(12385): savePreferences
11-23 20:16:41.320 V/WearReceiverService(12385): message received!
11-23 20:16:41.330 V/ClockFace(12385): clearing caches
11-23 20:16:41.330 V/ClockState(12385): clipping 8 raw events to fit the screen
11-23 20:16:41.330 V/ClockState(12385): maxLevel for new events: 10000
11-23 20:16:41.330 V/ClockState(12385): number of new events: 0
11-23 20:16:41.330 V/MyViewAnim(12385): update from ClockState
11-23 20:16:41.330 V/MyViewAnim(12385): draw thread desired: true
11-23 20:16:41.330 V/ClockState(12385): new calendar event list, 8 entries
11-23 20:16:41.330 V/ClockFace(12385): clearing caches
11-23 20:16:41.330 V/MyViewAnim(12385): update from ClockState
11-23 20:16:41.330 V/MyViewAnim(12385): draw thread desired: true
11-23 20:16:41.330 V/ClockState(12385): event update complete
11-23 20:16:41.330 V/WearReceiverService(12385): savePreferences
11-23 20:16:42.251 E/StreamVibrator( 1871): Found notifications that tried to vibrate, but they never made it to the top of the stream. Not vibrating.
11-23 20:16:43.302 W/bt-btif (24046): dm_pm_timer expires
11-23 20:16:43.302 W/bt-btif (24046): dm_pm_timer expires 0
11-23 20:16:43.302 W/bt-btif (24046): proc dm_pm_timer expires
11-23 20:16:46.272 W/bt-btif (24046): dm_pm_timer expires
11-23 20:16:46.272 W/bt-btif (24046): dm_pm_timer expires 0
11-23 20:16:46.272 W/bt-btif (24046): proc dm_pm_timer expires
11-23 20:20:56.184 D/dalvikvm( 6946): GC_CONCURRENT freed 412K, 22% free 2277K/2920K, paused 2ms+1ms, total 19ms
11-23 20:20:56.214 I/FitnessWearable( 6946): Refreshing Platform Data
11-23 20:20:56.234 I/Fitness ( 6978): Account supported from server: true
11-23 20:20:56.234 I/Fitness ( 6978): schedule to sync accounts: [dwallach@gmail.com]
11-23 20:20:56.274 I/FitnessWearable( 6946): Completed query in 34 milliseconds
11-23 20:20:58.116 W/bt-btif (24046): dm_pm_timer expires
11-23 20:20:58.116 W/bt-btif (24046): dm_pm_timer expires 0
11-23 20:20:58.116 W/bt-btif (24046): proc dm_pm_timer expires
11-23 20:21:34.391 I/Fitness ( 6978): WearableSyncServiceReceiver.onReceive
11-23 20:21:34.421 D/WearableClient( 6978): WearableClientImpl.onPostInitHandler: done
11-23 20:21:34.431 I/Fitness ( 6978): syncing to node: e12e6647-0917-4594-a0b8-f42d78390f6d
