05-15 16:05:55.939 27384-27410/? D/bt_btm_pm: btm_pm_snd_md_req switching from UNKNOWN to ACTIVE.
05-15 16:05:56.207 466-466/? I/chatty: uid=1000 system_server expire 13 lines
05-15 16:05:56.215 27384-27410/? D/bt_btm_pm: btm_pm_proc_mode_change switched from UNKNOWN to ACTIVE.
05-15 16:05:56.358 466-1783/? I/chatty: uid=1000(system) Binder_8 expire 6 lines
05-15 16:05:56.389 26083-32022/? I/FitnessWearable: Checking fitness notification
05-15 16:05:56.402 466-478/? I/chatty: uid=1000(system) Binder_1 expire 3 lines
05-15 16:05:57.372 27384-27410/? D/bt_btm_pm: btm_pm_snd_md_req switching from ACTIVE to SNIFF.
05-15 16:05:57.400 27384-27410/? D/bt_btm_pm: btm_pm_proc_mode_change switched from UNKNOWN to SNIFF.
05-15 16:05:57.438 27384-27410/? D/bt_btm_pm: btm_pm_snd_md_req switching from SNIFF to ACTIVE.
05-15 16:05:58.218 27384-27410/? D/bt_btm_pm: btm_pm_proc_mode_change switched from UNKNOWN to ACTIVE.
05-15 16:05:58.303 25867-25876/? I/art: CollectorTransition marksweep + semispace GC freed 8(-223KB) AllocSpace objects, 0(0B) LOS objects, 21% free, 7MB/9MB, paused 70.842ms total 70.842ms
05-15 16:05:59.025 27384-27410/? D/bt_btm_pm: btm_pm_snd_md_req switching from ACTIVE to SNIFF.
05-15 16:05:59.047 27384-27410/? D/bt_btm_pm: btm_pm_proc_mode_change switched from UNKNOWN to SNIFF.
05-15 16:05:59.713 27384-27410/? D/bt_btm_pm: btm_pm_proc_mode_change switched from SNIFF to ACTIVE.
05-15 16:06:00.002 863-863/? I/AmbientService: Ambient Updating
05-15 16:06:00.052 25836-31711/? W/Fitness: Failed to authenticate org.dwallach.calwatch: ekw@c69f0a
05-15 16:06:00.514 27384-27410/? D/bt_btm_pm: btm_pm_snd_md_req switching from ACTIVE to SNIFF.
05-15 16:06:00.540 27384-27410/? D/bt_btm_pm: btm_pm_proc_mode_change switched from UNKNOWN to SNIFF.
05-15 16:06:34.144 27384-27410/? D/bt_btm_pm: btm_pm_snd_md_req switching from SNIFF to ACTIVE.
05-15 16:06:34.144 27384-27410/? D/bt_btm_pm: btm_pm_proc_mode_change switched from SNIFF to ACTIVE.
05-15 16:06:34.396 26083-26092/? I/art: CollectorTransition marksweep + semispace GC freed 460(-291KB) AllocSpace objects, 1(20KB) LOS objects, 19% free, 8MB/10MB, paused 93.991ms total 93.991ms
05-15 16:06:34.953 27384-27410/? D/bt_btm_pm: btm_pm_snd_md_req switching from ACTIVE to SNIFF.
05-15 16:06:34.985 27384-27410/? D/bt_btm_pm: btm_pm_proc_mode_change switched from UNKNOWN to SNIFF.
05-15 16:06:35.435 26083-26083/? I/FitnessWearable: Completed Phone Sync
05-15 16:06:35.436 26083-26083/? I/FitnessWearable: Checking on account update
05-15 16:06:35.455 26083-31752/? I/FitnessWearable: Trying to insert platform daily totals
05-15 16:06:36.058 26083-31444/? I/FitnessWearable: Initialized Fitness Account
05-15 16:06:58.177 26083-26092/? W/art: Suspending all threads took: 9.111ms
05-15 16:07:00.002 863-863/? I/AmbientService: Ambient Updating
05-15 16:07:00.017 200-264/? I/chatty: uid=1000(system) hwcVsyncThread expire 12 lines
05-15 16:07:00.101 25836-31938/? W/Fitness: Failed to authenticate org.dwallach.calwatch: ekw@c69f0a
05-15 16:08:01.344 863-863/? I/AmbientService: Ambient Updating
05-15 16:08:01.390 25836-31938/? W/Fitness: Failed to authenticate org.dwallach.calwatch: ekw@c69f0a
05-15 16:09:00.498 200-200/? I/chatty: uid=1000(system) /system/bin/surfaceflinger expire 11 lines
05-15 16:09:01.024 466-6423/? I/chatty: uid=1000(system) Binder_9 expire 5 lines
05-15 16:09:01.031 863-863/? I/AmbientService: Ambient Updating
05-15 16:09:01.060 466-505/? I/chatty: uid=1000(system) android.display expire 10 lines
05-15 16:09:01.076 25836-31938/? W/Fitness: Failed to authenticate org.dwallach.calwatch: ekw@c69f0a
05-15 16:10:00.006 863-863/? I/AmbientService: Ambient Updating
05-15 16:10:00.022 200-264/? I/chatty: uid=1000(system) hwcVsyncThread expire 16 lines
05-15 16:10:00.067 25836-31938/? W/Fitness: Failed to authenticate org.dwallach.calwatch: ekw@c69f0a
05-15 16:10:00.069 24918-24918/? I/chatty: uid=10036(org.dwallach.calwatch) expire 10 lines
05-15 16:11:00.856 466-25795/? I/chatty: uid=1000(system) Binder_F expire 2 lines
05-15 16:11:00.862 863-863/? I/AmbientService: Ambient Updating
05-15 16:11:00.941 25836-31938/? W/Fitness: Failed to authenticate org.dwallach.calwatch: ekw@c69f0a
05-15 16:12:00.350 863-863/? I/AmbientService: Ambient Updating
05-15 16:12:00.370 466-505/? I/chatty: uid=1000(system) android.display expire 11 lines
05-15 16:12:00.375 200-200/? I/chatty: uid=1000(system) /system/bin/surfaceflinger expire 14 lines
05-15 16:13:00.038 863-863/? I/AmbientService: Ambient Updating
05-15 16:13:00.104 25836-31814/? W/Fitness: Failed to authenticate org.dwallach.calwatch: ekw@c69f0a
05-15 16:13:00.223 200-264/? I/chatty: uid=1000(system) hwcVsyncThread expire 16 lines
05-15 16:14:01.344 863-863/? I/AmbientService: Ambient Updating
05-15 16:14:01.453 25836-32026/? W/Fitness: Failed to authenticate org.dwallach.calwatch: ekw@c69f0a
05-15 16:15:01.153 863-863/? I/AmbientService: Ambient Updating
05-15 16:15:01.198 25836-32026/? W/Fitness: Failed to authenticate org.dwallach.calwatch: ekw@c69f0a
05-15 16:16:00.487 863-863/? I/AmbientService: Ambient Updating
05-15 16:16:00.511 466-505/? I/chatty: uid=1000(system) android.display expire 11 lines
05-15 16:16:00.528 24918-24918/? I/chatty: uid=10036(org.dwallach.calwatch) expire 10 lines
05-15 16:16:00.548 25836-32026/? W/Fitness: Failed to authenticate org.dwallach.calwatch: ekw@c69f0a
05-15 16:17:00.368 200-200/? I/chatty: uid=1000(system) /system/bin/surfaceflinger expire 13 lines
05-15 16:17:00.515 200-264/? I/chatty: uid=1000(system) hwcVsyncThread expire 13 lines
05-15 16:17:01.124 863-863/? I/AmbientService: Ambient Updating
05-15 16:17:01.180 707-707/? I/ClockworkHome.HomeView: Temporary unmute[true], DR feature enabled[true], OnBody[false], PluggedIn[false], ZenMode[false]
05-15 16:17:01.193 25836-31814/? W/Fitness: Failed to authenticate org.dwallach.calwatch: ekw@c69f0a
05-15 16:18:01.355 863-863/? I/AmbientService: Ambient Updating
05-15 16:18:01.429 27384-27410/? D/bt_btm_pm: btm_pm_snd_md_req switching from SNIFF to ACTIVE.
05-15 16:18:01.888 27384-27410/? D/bt_btm_pm: btm_pm_proc_mode_change switched from UNKNOWN to ACTIVE.
05-15 16:18:02.925 27384-27410/? D/bt_btm_pm: btm_pm_snd_md_req switching from ACTIVE to SNIFF.
05-15 16:18:02.964 27384-27410/? D/bt_btm_pm: btm_pm_proc_mode_change switched from UNKNOWN to SNIFF.
05-15 16:19:01.347 863-863/? I/AmbientService: Ambient Updating
05-15 16:19:01.402 25836-31814/? W/Fitness: Failed to authenticate org.dwallach.calwatch: ekw@c69f0a
05-15 16:19:53.638 27384-27410/? D/bt_btm_pm: btm_pm_proc_mode_change switched from SNIFF to ACTIVE.
05-15 16:19:54.487 27384-27410/? D/bt_btm_pm: btm_pm_snd_md_req switching from ACTIVE to SNIFF.
05-15 16:19:54.513 27384-27410/? D/bt_btm_pm: btm_pm_proc_mode_change switched from UNKNOWN to SNIFF.
05-15 16:20:00.490 707-707/? W/ContentResolver: Failed to get type for: content://com.google.android.wearable.provider.calendar (Unknown URL content://com.google.android.wearable.provider.calendar)
05-15 16:20:00.497 863-863/? I/AmbientService: Ambient Updating
05-15 16:20:00.508 466-505/? I/chatty: uid=1000(system) android.display expire 10 lines
05-15 16:20:00.564 25836-31814/? W/Fitness: Failed to authenticate org.dwallach.calwatch: ekw@c69f0a
05-15 16:20:00.669 200-264/? I/chatty: uid=1000(system) hwcVsyncThread expire 11 lines
05-15 16:20:01.040 24918-25046/? I/chatty: uid=10036(org.dwallach.calwatch) pool-3-thread-8 expire 1 line
05-15 16:20:01.044 24918-24918/? I/chatty: uid=10036(org.dwallach.calwatch) expire 11 lines
05-15 16:20:54.600 707-719/? I/art: Background partial concurrent mark sweep GC freed 29135(1657KB) AllocSpace objects, 0(0B) LOS objects, 10% free, 17MB/19MB, paused 2.113ms total 207.627ms
05-15 16:20:54.641 200-200/? I/chatty: uid=1000(system) /system/bin/surfaceflinger expire 10 lines
05-15 16:20:58.965 27384-27410/? D/bt_btm_pm: btm_pm_snd_md_req switching from SNIFF to ACTIVE.
05-15 16:20:58.981 27384-27410/? D/bt_btm_pm: btm_pm_snd_md_req switching from UNKNOWN to ACTIVE.
05-15 16:20:59.081 27384-27410/? D/bt_btm_pm: btm_pm_snd_md_req switching from UNKNOWN to ACTIVE.
05-15 16:20:59.082 27384-27410/? D/bt_btm_pm: btm_pm_snd_md_req switching from UNKNOWN to ACTIVE.
05-15 16:20:59.088 27384-27410/? D/bt_btm_pm: btm_pm_snd_md_req switching from UNKNOWN to ACTIVE.
05-15 16:20:59.205 26083-32033/? I/FitnessWearable: Checking fitness notification
05-15 16:20:59.444 27384-27410/? D/bt_btm_pm: btm_pm_proc_mode_change switched from UNKNOWN to ACTIVE.
05-15 16:21:00.019 863-863/? I/AmbientService: Ambient Updating
05-15 16:21:00.084 25836-31938/? W/Fitness: Failed to authenticate org.dwallach.calwatch: ekw@c69f0a
05-15 16:21:00.610 27384-27410/? D/bt_btm_pm: btm_pm_snd_md_req switching from ACTIVE to SNIFF.
05-15 16:21:00.631 27384-27410/? D/bt_btm_pm: btm_pm_proc_mode_change switched from UNKNOWN to SNIFF.
05-15 16:21:00.713 27384-27410/? D/bt_btm_pm: btm_pm_snd_md_req switching from SNIFF to ACTIVE.
05-15 16:21:01.448 27384-27410/? D/bt_btm_pm: btm_pm_proc_mode_change switched from UNKNOWN to ACTIVE.
05-15 16:21:01.530 25867-25876/? I/art: CollectorTransition marksweep + semispace GC freed 8(-223KB) AllocSpace objects, 0(0B) LOS objects, 21% free, 7MB/9MB, paused 68.829ms total 68.829ms
05-15 16:21:01.564 25867-26021/? I/ClearcutLoggerApiImpl: disconnect managed GoogleApiClient
05-15 16:21:02.255 27384-27410/? D/bt_btm_pm: btm_pm_snd_md_req switching from ACTIVE to SNIFF.
05-15 16:21:02.278 27384-27410/? D/bt_btm_pm: btm_pm_proc_mode_change switched from UNKNOWN to SNIFF.
05-15 16:21:02.943 27384-27410/? D/bt_btm_pm: btm_pm_proc_mode_change switched from SNIFF to ACTIVE.
05-15 16:21:03.091 466-492/? I/chatty: uid=1000(system) ActivityManager expire 5 lines
05-15 16:21:03.746 27384-27410/? D/bt_btm_pm: btm_pm_snd_md_req switching from ACTIVE to SNIFF.
05-15 16:21:03.770 27384-27410/? D/bt_btm_pm: btm_pm_proc_mode_change switched from UNKNOWN to SNIFF.
05-15 16:21:04.316 25836-25966/? I/ClearcutLoggerApiImpl: disconnect managed GoogleApiClient
05-15 16:21:04.440 466-491/? I/chatty: uid=1000(system) android.bg expire 4 lines
05-15 16:22:01.349 863-863/? I/AmbientService: Ambient Updating
05-15 16:22:01.392 25836-31938/? W/Fitness: Failed to authenticate org.dwallach.calwatch: ekw@c69f0a
05-15 16:22:01.499 200-264/? I/chatty: uid=1000(system) hwcVsyncThread expire 11 lines
05-15 16:22:49.195 27384-27410/? D/bt_btm_pm: btm_pm_snd_md_req switching from SNIFF to ACTIVE.
05-15 16:22:49.195 27384-27410/? D/bt_btm_pm: btm_pm_proc_mode_change switched from SNIFF to ACTIVE.
05-15 16:22:49.409 26083-26092/? I/art: CollectorTransition marksweep + semispace GC freed 316(-301KB) AllocSpace objects, 1(20KB) LOS objects, 19% free, 8MB/10MB, paused 93.057ms total 93.057ms
05-15 16:22:50.002 27384-27410/? D/bt_btm_pm: btm_pm_snd_md_req switching from ACTIVE to SNIFF.
05-15 16:22:50.034 27384-27410/? D/bt_btm_pm: btm_pm_proc_mode_change switched from UNKNOWN to SNIFF.
05-15 16:22:50.448 26083-26083/? I/FitnessWearable: Completed Phone Sync
05-15 16:22:50.448 26083-26083/? I/FitnessWearable: Checking on account update
05-15 16:22:50.468 26083-31751/? I/FitnessWearable: Trying to insert platform daily totals
05-15 16:22:51.029 26083-31752/? I/FitnessWearable: Initialized Fitness Account
05-15 16:22:57.357 25867-25867/? I/art: Waiting for a blocking GC DisableMovingGc
05-15 16:22:57.361 25867-25867/? I/art: Starting a blocking GC DisableMovingGc
05-15 16:22:57.492 25867-25950/? E/GmsClient: unable to connect to service: com.google.android.gms.usagereporting.service.START on com.google.android.gms
05-15 16:22:57.493 25867-32038/? I/EventLogChimeraService: Aggregate from 1463345401627 (log), 1463345401627 (data)
05-15 16:22:57.494 26083-26092/? W/art: Suspending all threads took: 5.630ms
05-15 16:22:57.793 26083-26092/? W/art: Suspending all threads took: 7.493ms
05-15 16:22:58.761 466-21697/? I/chatty: uid=1000(system) Binder_D expire 1 line
05-15 16:22:59.223 26083-26092/? W/art: Suspending all threads took: 7.791ms
05-15 16:22:59.423 26083-26092/? W/art: Suspending all threads took: 15.911ms
05-15 16:22:59.892 26083-26092/? W/art: Suspending all threads took: 22.889ms
05-15 16:22:59.899 26083-26083/? E/FitnessWearable: sync intent not found
05-15 16:22:59.916 466-565/? I/chatty: uid=1000(system) NetworkPolicy expire 1 line
05-15 16:22:59.930 689-689/? I/chatty: uid=1000(system) com.google.android.apps.wearable.settings expire 1 line
05-15 16:23:00.038 863-863/? I/AmbientService: Ambient Updating
05-15 16:23:00.046 466-505/? I/chatty: uid=1000(system) android.display expire 10 lines
05-15 16:23:00.094 25836-31814/? W/Fitness: Failed to authenticate org.dwallach.calwatch: ekw@c69f0a
05-15 16:23:47.544 27384-27410/? D/bt_btm_pm: btm_pm_proc_mode_change switched from SNIFF to ACTIVE.
05-15 16:23:47.673 26083-26092/? I/art: CollectorTransition marksweep + semispace GC freed 75903(5MB) AllocSpace objects, 0(0B) LOS objects, 20% free, 7MB/9MB, paused 115.923ms total 115.923ms
05-15 16:23:48.353 27384-27410/? D/bt_btm_pm: btm_pm_snd_md_req switching from ACTIVE to SNIFF.
05-15 16:23:48.392 27384-27410/? D/bt_btm_pm: btm_pm_proc_mode_change switched from UNKNOWN to SNIFF.
05-15 16:23:48.711 26083-26083/? I/FitnessWearable: Completed Phone Sync
05-15 16:23:48.711 26083-26083/? I/FitnessWearable: Checking on account update
05-15 16:23:48.729 26083-31444/? I/FitnessWearable: Trying to insert platform daily totals
05-15 16:23:49.326 26083-31751/? I/FitnessWearable: Initialized Fitness Account
05-15 16:23:49.380 26083-26217/? I/art: Starting a blocking GC Alloc
05-15 16:23:49.380 26083-26217/? I/art: Starting a blocking GC Alloc
05-15 16:24:01.347 863-863/? I/AmbientService: Ambient Updating
05-15 16:24:01.423 25836-32005/? W/Fitness: Failed to authenticate org.dwallach.calwatch: ekw@c69f0a
05-15 16:24:01.514 26083-26217/? I/art: Starting a blocking GC Alloc
05-15 16:24:01.514 26083-26217/? I/art: Starting a blocking GC Alloc
05-15 16:25:01.350 863-863/? I/AmbientService: Ambient Updating
05-15 16:25:01.361 200-264/? I/chatty: uid=1000(system) hwcVsyncThread expire 16 lines
05-15 16:25:01.404 24918-24918/? I/chatty: uid=10036(org.dwallach.calwatch) expire 11 lines
05-15 16:25:01.407 25836-32005/? W/Fitness: Failed to authenticate org.dwallach.calwatch: ekw@c69f0a
05-15 16:25:01.517 200-200/? I/chatty: uid=1000(system) /system/bin/surfaceflinger expire 11 lines
05-15 16:25:26.511 26083-26217/? I/art: Starting a blocking GC Alloc
05-15 16:25:26.512 26083-26217/? I/art: Starting a blocking GC Alloc
05-15 16:25:26.822 26083-26217/? I/art: Starting a blocking GC Alloc
05-15 16:25:26.822 26083-26217/? I/art: Starting a blocking GC Alloc
05-15 16:25:27.161 26083-26217/? I/art: Starting a blocking GC Alloc
05-15 16:25:27.162 26083-26217/? I/art: Starting a blocking GC Alloc
05-15 16:25:27.503 26083-26217/? I/art: Starting a blocking GC Alloc
05-15 16:25:27.503 26083-26217/? I/art: Starting a blocking GC Alloc
05-15 16:25:27.858 26083-26217/? I/art: Starting a blocking GC Alloc
05-15 16:25:27.859 26083-26217/? I/art: Starting a blocking GC Alloc
05-15 16:26:00.350 863-863/? I/AmbientService: Ambient Updating
05-15 16:26:00.506 25836-32005/? W/Fitness: Failed to authenticate org.dwallach.calwatch: ekw@c69f0a
05-15 16:27:01.358 863-863/? I/AmbientService: Ambient Updating
05-15 16:28:01.350 863-863/? I/AmbientService: Ambient Updating
05-15 16:28:01.367 466-505/? I/chatty: uid=1000(system) android.display expire 10 lines
05-15 16:28:01.637 25836-32037/? W/Fitness: Failed to authenticate org.dwallach.calwatch: ekw@c69f0a
05-15 16:28:20.670 26083-26219/? I/art: Starting a blocking GC Alloc
05-15 16:28:20.670 26083-26219/? I/art: Starting a blocking GC Alloc
05-15 16:28:20.986 26083-26219/? I/art: Starting a blocking GC Alloc
05-15 16:28:20.987 26083-26219/? I/art: Starting a blocking GC Alloc
05-15 16:28:21.283 26083-26219/? I/art: Starting a blocking GC Alloc
05-15 16:28:21.283 26083-26219/? I/art: Starting a blocking GC Alloc
05-15 16:28:21.483 26083-26092/? W/art: Suspending all threads took: 51.802ms
05-15 16:28:21.612 26083-26219/? I/art: Starting a blocking GC Alloc
05-15 16:28:21.612 26083-26219/? I/art: Starting a blocking GC Alloc
05-15 16:28:58.566 26083-26219/? I/art: Starting a blocking GC Alloc
05-15 16:28:58.566 26083-26219/? I/art: Starting a blocking GC Alloc
05-15 16:28:58.903 26083-26219/? I/art: Starting a blocking GC Alloc
05-15 16:28:58.903 26083-26219/? I/art: Starting a blocking GC Alloc
05-15 16:28:59.253 26083-26219/? I/art: Starting a blocking GC Alloc
05-15 16:28:59.253 26083-26219/? I/art: Starting a blocking GC Alloc
05-15 16:28:59.442 26083-26219/? I/art: Starting a blocking GC Alloc
05-15 16:28:59.442 26083-26219/? I/art: Starting a blocking GC Alloc
05-15 16:29:00.004 863-863/? I/AmbientService: Ambient Updating
05-15 16:29:00.063 25836-32037/? W/Fitness: Failed to authenticate org.dwallach.calwatch: ekw@c69f0a
05-15 16:29:00.179 200-264/? I/chatty: uid=1000(system) hwcVsyncThread expire 10 lines
05-15 16:30:00.350 863-863/? I/AmbientService: Ambient Updating
05-15 16:30:00.402 25836-32037/? W/Fitness: Failed to authenticate org.dwallach.calwatch: ekw@c69f0a
05-15 16:30:55.376 200-200/? I/chatty: uid=1000(system) /system/bin/surfaceflinger expire 15 lines
05-15 16:31:01.346 863-863/? I/AmbientService: Ambient Updating
05-15 16:31:01.399 24918-24918/? I/chatty: uid=10036(org.dwallach.calwatch) expire 10 lines
05-15 16:31:01.401 25836-31938/? W/Fitness: Failed to authenticate org.dwallach.calwatch: ekw@c69f0a
05-15 16:31:01.511 200-264/? I/chatty: uid=1000(system) hwcVsyncThread expire 10 lines
05-15 16:32:01.350 863-863/? I/AmbientService: Ambient Updating
05-15 16:32:01.368 466-505/? I/DisplayManagerService: Display device changed state: "Built-in Screen", DOZE
05-15 16:32:01.413 25836-31938/? W/Fitness: Failed to authenticate org.dwallach.calwatch: ekw@c69f0a
05-15 16:32:01.525 466-505/? I/DisplayManagerService: Display device changed state: "Built-in Screen", DOZE_SUSPEND
05-15 16:32:38.709 27384-27410/? D/bt_btm_pm: btm_pm_snd_md_req switching from SNIFF to ACTIVE.
05-15 16:32:38.709 27384-27410/? D/bt_btm_pm: btm_pm_proc_mode_change switched from SNIFF to ACTIVE.
05-15 16:32:38.876 31228-31237/? I/art: CollectorTransition marksweep + semispace GC freed 209(-71KB) AllocSpace objects, 0(0B) LOS objects, 21% free, 7MB/9MB, paused 44.223ms total 44.223ms
05-15 16:32:39.518 27384-27410/? D/bt_btm_pm: btm_pm_snd_md_req switching from ACTIVE to SNIFF.
05-15 16:32:39.558 27384-27410/? D/bt_btm_pm: btm_pm_proc_mode_change switched from UNKNOWN to SNIFF.
05-15 16:32:41.701 27384-27410/? D/bt_btm_pm: btm_pm_snd_md_req switching from SNIFF to ACTIVE.
05-15 16:32:41.701 27384-27410/? D/bt_btm_pm: btm_pm_proc_mode_change switched from SNIFF to ACTIVE.
05-15 16:32:41.707 466-492/? E/KernelUidCpuTimeReader: Failed to read uid_cputime: /proc/uid_cputime/show_uid_stat: open failed: ENOENT (No such file or directory)
05-15 16:32:44.924 466-505/? I/DisplayManagerService: Display device changed state: "Built-in Screen", DOZE
05-15 16:32:45.012 707-719/? I/art: Background partial concurrent mark sweep GC freed 3603(140KB) AllocSpace objects, 0(0B) LOS objects, 10% free, 17MB/19MB, paused 12.592ms total 188.958ms
05-15 16:32:45.059 466-505/? I/DisplayManagerService: Display device changed state: "Built-in Screen", DOZE_SUSPEND
05-15 16:32:45.152 707-719/? I/art: Background partial concurrent mark sweep GC freed 181(8KB) AllocSpace objects, 2(68KB) LOS objects, 10% free, 17MB/19MB, paused 1.754ms total 109.257ms
05-15 16:32:45.163 707-855/? W/StreamManager: Dropping non-bitmap icon from notification.
05-15 16:32:45.415 466-505/? I/DisplayManagerService: Display device changed state: "Built-in Screen", DOZE
05-15 16:32:45.638 466-505/? I/DisplayManagerService: Display device changed state: "Built-in Screen", DOZE_SUSPEND
05-15 16:32:46.325 27384-27410/? D/bt_btm_pm: btm_pm_snd_md_req switching from ACTIVE to SNIFF.
05-15 16:32:46.358 27384-27410/? D/bt_btm_pm: btm_pm_proc_mode_change switched from UNKNOWN to SNIFF.
05-15 16:32:58.346 200-264/? I/chatty: uid=1000(system) hwcVsyncThread expire 10 lines
05-15 16:33:00.011 863-863/? I/AmbientService: Ambient Updating
05-15 16:33:00.020 466-505/? I/DisplayManagerService: Display device changed state: "Built-in Screen", DOZE
05-15 16:33:00.074 25836-32037/? W/Fitness: Failed to authenticate org.dwallach.calwatch: ekw@c69f0a
05-15 16:33:00.184 466-505/? I/DisplayManagerService: Display device changed state: "Built-in Screen", DOZE_SUSPEND
05-15 16:33:00.724 466-492/? E/KernelUidCpuTimeReader: Failed to read uid_cputime: /proc/uid_cputime/show_uid_stat: open failed: ENOENT (No such file or directory)
05-15 16:34:01.351 863-863/? I/AmbientService: Ambient Updating
05-15 16:34:01.364 466-505/? I/DisplayManagerService: Display device changed state: "Built-in Screen", DOZE
05-15 16:34:01.419 25836-32037/? W/Fitness: Failed to authenticate org.dwallach.calwatch: ekw@c69f0a
05-15 16:34:01.522 466-505/? I/DisplayManagerService: Display device changed state: "Built-in Screen", DOZE_SUSPEND
05-15 16:35:00.005 863-863/? I/AmbientService: Ambient Updating
05-15 16:35:00.013 466-505/? I/DisplayManagerService: Display device changed state: "Built-in Screen", DOZE
05-15 16:35:00.076 24918-24918/? I/chatty: uid=10036(org.dwallach.calwatch) expire 10 lines
05-15 16:35:00.080 25836-32037/? W/Fitness: Failed to authenticate org.dwallach.calwatch: ekw@c69f0a
05-15 16:35:00.192 466-505/? I/DisplayManagerService: Display device changed state: "Built-in Screen", DOZE_SUSPEND
05-15 16:35:00.197 200-200/? I/chatty: uid=1000(system) /system/bin/surfaceflinger expire 15 lines
05-15 16:35:00.198 200-264/? I/chatty: uid=1000(system) hwcVsyncThread expire 14 lines
05-15 16:35:00.615 466-555/? D/SensorHALGestureSensor: Gesture event received! time = 714179658260780
05-15 16:35:00.617 466-25796/? I/PowerManagerService: Waking up from dozing (uid 10003)...
05-15 16:35:00.618 466-466/? E/InputMethodManagerService: Ignoring updateSystemUiLocked due to an invalid token. uid:1000 token:null
05-15 16:35:00.618 466-466/? I/chatty: uid=1000 system_server expire 1 line
05-15 16:35:00.623 466-25796/? I/chatty: uid=1000(system) Binder_10 expire 3 lines
05-15 16:35:00.759 466-508/? E/KernelUidCpuTimeReader: Failed to read uid_cputime: /proc/uid_cputime/show_uid_stat: open failed: ENOENT (No such file or directory)
05-15 16:35:00.778 466-567/? I/chatty: uid=1000(system) WifiStateMachin expire 2 lines
05-15 16:35:00.779 217-217/? I/chatty: uid=1013(media) /system/bin/mediaserver expire 4 lines
05-15 16:35:00.828 466-508/? I/SensorHAL: poll__batch: sensor_handle: 4 ns: 250000000 max_lat: 0
05-15 16:35:00.828 466-508/? D/SensorHALSensorBase: batch: batch: Call setDelay()
05-15 16:35:00.841 466-508/? I/SensorHAL: poll__activate: sensor_handle: 4 enabled: 1
05-15 16:35:00.844 466-505/? I/DisplayManagerService: Display device changed state: "Built-in Screen", ON
05-15 16:35:00.859 466-508/? I/DreamManagerService: Gently waking up from dream.
05-15 16:35:00.859 863-863/? V/DreamService[AmbientDream]: wakeUp(): fromSystem=true, mWaking=false, mFinished=false
05-15 16:35:00.860 863-863/? V/DreamService[AmbientDream]: finish(): mFinished=false
05-15 16:35:00.860 466-613/? I/DreamManagerService: Leaving dreamland.
05-15 16:35:00.860 466-495/? I/DreamController: Stopping dream: name=ComponentInfo{com.google.android.wearable.ambient/com.google.android.wearable.ambient.AmbientDream}, isTest=false, canDoze=true, userId=0
05-15 16:35:00.864 863-863/? V/DreamService[AmbientDream]: detach(): Calling onDreamingStopped()
05-15 16:35:00.864 863-863/? I/AmbientService: Ambient Stopping
05-15 16:35:00.864 863-863/? D/WristGestureCtrl: Resuming: GesturesEnabled-true UngazeEnabled-true
05-15 16:35:00.864 863-863/? D/DefaultUngazeDetector: starting
05-15 16:35:00.864 863-863/? D/DefaultUngazeDetector: startUngazeStateEstimation(). startTime = 714179907
05-15 16:35:00.891 466-21539/? I/SensorHAL: poll__batch: sensor_handle: 0 ns: 20000000 max_lat: 100000000
05-15 16:35:00.892 466-21539/? I/IioSensorHALSensorBase: batchInternal: Set maxlatency: 100
05-15 16:35:00.892 466-21539/? I/SensorHAL: poll__activate: sensor_handle: 0 enabled: 1
05-15 16:35:00.932 217-26492/? I/chatty: uid=1013(media) Binder_4 expire 1 line
05-15 16:35:00.942 863-863/? V/DreamService[AmbientDream]: onDestroy()
05-15 16:35:00.961 217-32047/? I/chatty: uid=1013(media) /system/bin/mediaserver expire 29 lines
05-15 16:35:01.108 466-21538/? I/SensorHAL: poll__flush: sensor_handle: 0
05-15 16:35:01.108 466-21538/? I/IioSensorHALSensorBase: flushInternal: Set flush
05-15 16:35:01.112 466-555/? I/SensorHALAccelSensor: readEvents: Flush Event received
05-15 16:35:01.190 863-904/? W/DefaultWristGestureDetector: Sensor accuracy changed: {Sensor name="Accelerometer Sensor", vendor="Motorola", version=1, type=1, maxRange=78.48, resolution=0.009810001, power=0.45, minDelay=20000} accuracy: 3
05-15 16:35:02.297 1476-1476/? D/WearApiHelper: sendMessage: /SYNC_NEEDED
05-15 16:35:02.297 1476-1476/? D/WearApiHelper: Already connected. Sending message: /SYNC_NEEDED
05-15 16:35:02.313 27384-27410/? D/bt_btm_pm: btm_pm_snd_md_req switching from SNIFF to ACTIVE.
05-15 16:35:02.823 27384-27410/? D/bt_btm_pm: btm_pm_proc_mode_change switched from UNKNOWN to ACTIVE.
05-15 16:35:02.963 466-492/? E/KernelUidCpuTimeReader: Failed to read uid_cputime: /proc/uid_cputime/show_uid_stat: open failed: ENOENT (No such file or directory)
05-15 16:35:03.544 1476-1485/? I/art: CollectorTransition marksweep + semispace GC freed 5757(199KB) AllocSpace objects, 1(20KB) LOS objects, 24% free, 5MB/7MB, paused 61.874ms total 61.874ms
05-15 16:35:05.616 466-508/? I/PowerManagerService: Going to sleep due to screen timeout (uid 1000)...
05-15 16:35:05.617 466-508/? I/DreamManagerService: Entering dreamland.
05-15 16:35:05.617 466-508/? I/PowerManagerService: Dozing...
05-15 16:35:05.617 466-466/? E/InputMethodManagerService: Ignoring updateSystemUiLocked due to an invalid token. uid:1000 token:null
05-15 16:35:05.618 466-495/? I/DreamController: Starting dream: name=ComponentInfo{com.google.android.wearable.ambient/com.google.android.wearable.ambient.AmbientDream}, isTest=false, canDoze=true, userId=0
05-15 16:35:05.625 466-466/? E/InputMethodManagerService: Ignoring updateSystemUiLocked due to an invalid token. uid:1000 token:null
05-15 16:35:05.723 863-863/? V/DreamService[AmbientDream]: onBind() intent = Intent { act=android.service.dreams.DreamService flg=0x800000 cmp=com.google.android.wearable.ambient/.AmbientDream }
05-15 16:35:05.728 863-863/? I/AmbientService: Ambient Created
05-15 16:35:05.728 863-863/? V/DreamService[AmbientDream]: Calling onDreamingStarted()
05-15 16:35:05.728 863-863/? I/AmbientService: Ambient Starting
05-15 16:35:05.734 863-863/? D/WristGestureCtrl: Stopping detectors: GesturesEnabled-true gestureDetector-true ungazeEnabled-true ungaze-true
05-15 16:35:05.734 863-863/? D/DefaultUngazeDetector: stopping
05-15 16:35:05.753 466-25793/? I/SensorHAL: poll__batch: sensor_handle: 0 ns: 20000000 max_lat: 100000000
05-15 16:35:05.753 466-25793/? I/IioSensorHALSensorBase: batchInternal: Set maxlatency: 100
05-15 16:35:05.809 466-508/? E/KernelUidCpuTimeReader: Failed to read uid_cputime: /proc/uid_cputime/show_uid_stat: open failed: ENOENT (No such file or directory)
05-15 16:35:05.810 466-508/? I/SensorHAL: poll__activate: sensor_handle: 4 enabled: 0
05-15 16:35:05.813 466-505/? I/DisplayManagerService: Display device changed state: "Built-in Screen", DOZE_SUSPEND
05-15 16:35:05.871 217-349/? I/chatty: uid=1013(media) Binder_1 expire 3 lines
05-15 16:35:05.873 466-508/? I/chatty: uid=1000(system) PowerManagerSer expire 3 lines
05-15 16:35:05.934 466-505/? I/DisplayManagerService: Display device changed state: "Built-in Screen", DOZE
05-15 16:35:05.977 466-747/? I/SensorHAL: poll__activate: sensor_handle: 0 enabled: 0
05-15 16:35:05.978 466-747/? I/IioSensorHALSensorBase: batchInternal: Set maxlatency: 0
05-15 16:35:06.054 466-505/? I/DisplayManagerService: Display device changed state: "Built-in Screen", DOZE_SUSPEND
05-15 16:35:06.467 25836-25971/? I/Scheduler: Cleaning up unwanted schedulers, if there are any.
05-15 16:35:06.621 466-747/? I/BroadcastQueue: Delay finish: com.google.android.apps.fitness/com.google.android.wearable.fitness.summary.notification.NotificationReceiver
05-15 16:35:06.682 26083-32051/? I/FitnessWearable: Checking fitness notification
05-15 16:35:06.808 466-6423/? I/BroadcastQueue: Resuming delayed broadcast
05-15 16:35:06.927 25836-25845/? I/art: Background sticky concurrent mark sweep GC freed 12398(1171KB) AllocSpace objects, 1(20KB) LOS objects, 10% free, 11MB/12MB, paused 41.905ms total 306.776ms
05-15 16:35:06.967 466-505/? I/DisplayManagerService: Display device changed state: "Built-in Screen", DOZE
05-15 16:35:07.116 466-505/? I/DisplayManagerService: Display device changed state: "Built-in Screen", DOZE_SUSPEND
05-15 16:35:07.235 466-613/? W/ActivityManager: Unable to start service Intent { act=com.google.android.gms.droidguard.service.START pkg=com.google.android.gms } U=0: not found
05-15 16:35:07.236 466-1163/? W/ActivityManager: Unbind failed: could not find connection for android.os.BinderProxy@fddd959
05-15 16:35:07.241 25836-32052/? E/GmsClient: unable to connect to service: com.google.android.gms.droidguard.service.START on com.google.android.gms
05-15 16:35:08.133 25836-25845/? I/art: Background partial concurrent mark sweep GC freed 30474(1875KB) AllocSpace objects, 0(0B) LOS objects, 15% free, 10MB/12MB, paused 2.948ms total 105.754ms
05-15 16:35:09.021 707-31266/? D/ClockworkProxy: doAccept: Create socket stream 316 for TCP connection from /192.168.167.239:53835 to /216.58.194.142:443
05-15 16:35:09.024 707-31266/? D/ClockworkProxy: doAccept: rpc succeeded. Activate stream 316
05-15 16:35:10.818 466-492/? E/KernelUidCpuTimeReader: Failed to read uid_cputime: /proc/uid_cputime/show_uid_stat: open failed: ENOENT (No such file or directory)
05-15 16:35:11.159 25867-25876/? I/art: CollectorTransition marksweep + semispace GC freed 1141(-154KB) AllocSpace objects, 2(40KB) LOS objects, 21% free, 7MB/9MB, paused 126.086ms total 126.086ms
05-15 16:35:11.185 25836-25845/? I/art: Background sticky concurrent mark sweep GC freed 20633(1552KB) AllocSpace objects, 0(0B) LOS objects, 13% free, 11MB/12MB, paused 2.623ms total 123.029ms
05-15 16:35:14.607 25836-32052/? W/GLSUser: [AppCertManager] IOException while requesting key:
                                            java.io.IOException: Invalid device key response.
                                                at axj.a(SourceFile:267)
                                                at axj.a(SourceFile:2235)
                                                at axi.a(SourceFile:46)
                                                at axc.a(SourceFile:55)
                                                at axb.a(SourceFile:113)
                                                at com.google.android.gms.auth.account.be.legacy.AuthCronChimeraService.a(SourceFile:1054)
                                                at fii.run(SourceFile:179)
05-15 16:35:16.063 466-492/? E/KernelUidCpuTimeReader: Failed to read uid_cputime: /proc/uid_cputime/show_uid_stat: open failed: ENOENT (No such file or directory)
05-15 16:35:22.795 27384-27410/? D/bt_btm_pm: btm_pm_snd_md_req switching from ACTIVE to SNIFF.
05-15 16:35:22.817 27384-27410/? D/bt_btm_pm: btm_pm_proc_mode_change switched from UNKNOWN to SNIFF.
05-15 16:35:57.711 27384-27410/? D/bt_btm_pm: btm_pm_proc_mode_change switched from SNIFF to ACTIVE.
05-15 16:35:57.946 26083-26092/? I/art: CollectorTransition marksweep + semispace GC freed 90507(4MB) AllocSpace objects, 1(20KB) LOS objects, 19% free, 8MB/10MB, paused 94.355ms total 94.355ms
05-15 16:35:58.517 27384-27410/? D/bt_btm_pm: btm_pm_snd_md_req switching from ACTIVE to SNIFF.
05-15 16:35:58.556 27384-27410/? D/bt_btm_pm: btm_pm_proc_mode_change switched from UNKNOWN to SNIFF.
05-15 16:35:58.987 26083-26083/? I/FitnessWearable: Completed Phone Sync
05-15 16:35:58.987 26083-26083/? I/FitnessWearable: Checking on account update
05-15 16:35:59.007 26083-31752/? I/FitnessWearable: Trying to insert platform daily totals
05-15 16:35:59.141 25836-25845/? I/art: Background partial concurrent mark sweep GC freed 17565(2MB) AllocSpace objects, 1(20KB) LOS objects, 15% free, 10MB/12MB, paused 2.557ms total 117.824ms
05-15 16:35:59.584 26083-31444/? I/FitnessWearable: Initialized Fitness Account
05-15 16:36:00.003 863-863/? I/AmbientService: Ambient Updating
05-15 16:36:00.010 466-505/? I/DisplayManagerService: Display device changed state: "Built-in Screen", DOZE
05-15 16:36:00.038 24918-24918/? I/chatty: uid=10036(org.dwallach.calwatch) expire 11 lines
05-15 16:36:00.043 25836-32060/? W/Fitness: Failed to authenticate org.dwallach.calwatch: ekw@c69f0a
05-15 16:36:00.153 466-505/? I/DisplayManagerService: Display device changed state: "Built-in Screen", DOZE_SUSPEND
05-15 16:36:00.454 26083-26092/? W/art: Suspending all threads took: 7.126ms
05-15 16:36:00.814 26083-26092/? W/art: Suspending all threads took: 12.034ms
05-15 16:36:58.428 26083-26092/? W/art: Suspending all threads took: 13.093ms
05-15 16:36:58.688 26083-26092/? W/art: Suspending all threads took: 7.633ms
05-15 16:36:58.908 26083-26092/? W/art: Suspending all threads took: 6.666ms
05-15 16:36:59.098 26083-26092/? W/art: Suspending all threads took: 6.531ms
05-15 16:36:59.132 466-492/? E/KernelUidCpuTimeReader: Failed to read uid_cputime: /proc/uid_cputime/show_uid_stat: open failed: ENOENT (No such file or directory)
05-15 16:36:59.268 26083-26092/? W/art: Suspending all threads took: 6.265ms
05-15 16:37:00.007 863-863/? I/AmbientService: Ambient Updating
05-15 16:37:00.015 466-505/? I/DisplayManagerService: Display device changed state: "Built-in Screen", DOZE
05-15 16:37:00.023 200-264/? I/chatty: uid=1000(system) hwcVsyncThread expire 12 lines
05-15 16:37:00.071 25836-32005/? W/Fitness: Failed to authenticate org.dwallach.calwatch: ekw@c69f0a
05-15 16:37:00.159 466-505/? I/DisplayManagerService: Display device changed state: "Built-in Screen", DOZE_SUSPEND
05-15 16:38:01.359 863-863/? I/AmbientService: Ambient Updating
05-15 16:38:01.380 466-505/? I/DisplayManagerService: Display device changed state: "Built-in Screen", DOZE
05-15 16:38:01.413 25836-32005/? W/Fitness: Failed to authenticate org.dwallach.calwatch: ekw@c69f0a
05-15 16:38:01.456 863-873/? I/art: Background sticky concurrent mark sweep GC freed 39749(1435KB) AllocSpace objects, 0(0B) LOS objects, 22% free, 5MB/7MB, paused 563us total 100.692ms
05-15 16:38:01.523 466-505/? I/DisplayManagerService: Display device changed state: "Built-in Screen", DOZE_SUSPEND
05-15 16:39:00.007 863-863/? I/AmbientService: Ambient Updating
05-15 16:39:00.016 466-505/? I/DisplayManagerService: Display device changed state: "Built-in Screen", DOZE
05-15 16:39:00.060 25836-32005/? W/Fitness: Failed to authenticate org.dwallach.calwatch: ekw@c69f0a
05-15 16:39:00.159 466-505/? I/DisplayManagerService: Display device changed state: "Built-in Screen", DOZE_SUSPEND
05-15 16:39:00.712 466-492/? E/KernelUidCpuTimeReader: Failed to read uid_cputime: /proc/uid_cputime/show_uid_stat: open failed: ENOENT (No such file or directory)
05-15 16:39:15.711 27384-27410/? D/bt_btm_pm: btm_pm_snd_md_req switching from SNIFF to ACTIVE.
05-15 16:39:15.711 27384-27410/? D/bt_btm_pm: btm_pm_proc_mode_change switched from SNIFF to ACTIVE.
05-15 16:39:16.518 27384-27410/? D/bt_btm_pm: btm_pm_snd_md_req switching from ACTIVE to SNIFF.
05-15 16:39:16.536 27384-27410/? D/bt_btm_pm: btm_pm_proc_mode_change switched from UNKNOWN to SNIFF.
05-15 16:40:01.353 863-863/? I/AmbientService: Ambient Updating
05-15 16:40:01.371 466-505/? I/DisplayManagerService: Display device changed state: "Built-in Screen", DOZE
05-15 16:40:01.376 200-200/? I/chatty: uid=1000(system) /system/bin/surfaceflinger expire 12 lines
05-15 16:40:01.403 25836-32037/? W/Fitness: Failed to authenticate org.dwallach.calwatch: ekw@c69f0a
05-15 16:40:01.508 466-505/? I/DisplayManagerService: Display device changed state: "Built-in Screen", DOZE_SUSPEND
05-15 16:40:01.513 200-264/? I/chatty: uid=1000(system) hwcVsyncThread expire 10 lines
05-15 16:41:01.349 863-863/? I/AmbientService: Ambient Updating
05-15 16:41:01.360 466-505/? I/DisplayManagerService: Display device changed state: "Built-in Screen", DOZE
05-15 16:41:01.392 24918-24918/? I/chatty: uid=10036(org.dwallach.calwatch) expire 10 lines
05-15 16:41:01.404 25836-32037/? W/Fitness: Failed to authenticate org.dwallach.calwatch: ekw@c69f0a
05-15 16:41:01.501 466-505/? I/DisplayManagerService: Display device changed state: "Built-in Screen", DOZE_SUSPEND
05-15 16:42:01.354 863-863/? I/AmbientService: Ambient Updating
05-15 16:42:01.371 466-505/? I/DisplayManagerService: Display device changed state: "Built-in Screen", DOZE
05-15 16:42:01.403 25836-32037/? W/Fitness: Failed to authenticate org.dwallach.calwatch: ekw@c69f0a
05-15 16:42:01.507 466-505/? I/DisplayManagerService: Display device changed state: "Built-in Screen", DOZE_SUSPEND
05-15 16:42:59.010 200-264/? I/chatty: uid=1000(system) hwcVsyncThread expire 11 lines
05-15 16:42:59.724 466-492/? E/KernelUidCpuTimeReader: Failed to read uid_cputime: /proc/uid_cputime/show_uid_stat: open failed: ENOENT (No such file or directory)
05-15 16:43:00.013 466-505/? I/DisplayManagerService: Display device changed state: "Built-in Screen", DOZE
05-15 16:43:00.042 863-863/? I/AmbientService: Ambient Updating
05-15 16:43:00.088 25836-32037/? W/Fitness: Failed to authenticate org.dwallach.calwatch: ekw@c69f0a
05-15 16:43:00.201 466-505/? I/DisplayManagerService: Display device changed state: "Built-in Screen", DOZE_SUSPEND
05-15 16:44:00.355 863-863/? I/AmbientService: Ambient Updating
05-15 16:44:00.372 466-505/? I/DisplayManagerService: Display device changed state: "Built-in Screen", DOZE
05-15 16:44:00.405 25836-32037/? W/Fitness: Failed to authenticate org.dwallach.calwatch: ekw@c69f0a
05-15 16:44:00.509 466-505/? I/DisplayManagerService: Display device changed state: "Built-in Screen", DOZE_SUSPEND
05-15 16:44:58.401 25836-25845/? I/art: Background sticky concurrent mark sweep GC freed 42399(1577KB) AllocSpace objects, 1(20KB) LOS objects, 14% free, 10MB/12MB, paused 13.414ms total 267.979ms
05-15 16:45:00.011 863-863/? I/AmbientService: Ambient Updating
05-15 16:45:00.019 466-505/? I/DisplayManagerService: Display device changed state: "Built-in Screen", DOZE
05-15 16:45:00.048 24918-24918/? I/chatty: uid=10036(org.dwallach.calwatch) expire 11 lines
05-15 16:45:00.063 25836-32037/? W/Fitness: Failed to authenticate org.dwallach.calwatch: ekw@c69f0a
05-15 16:45:00.164 466-505/? I/DisplayManagerService: Display device changed state: "Built-in Screen", DOZE_SUSPEND
05-15 16:46:01.356 863-863/? I/AmbientService: Ambient Updating
05-15 16:46:01.366 466-505/? I/DisplayManagerService: Display device changed state: "Built-in Screen", DOZE
05-15 16:46:01.371 200-200/? I/chatty: uid=1000(system) /system/bin/surfaceflinger expire 10 lines
05-15 16:46:01.372 200-264/? I/chatty: uid=1000(system) hwcVsyncThread expire 16 lines
05-15 16:46:01.424 25836-32037/? W/Fitness: Failed to authenticate org.dwallach.calwatch: ekw@c69f0a
05-15 16:46:01.523 466-505/? I/DisplayManagerService: Display device changed state: "Built-in Screen", DOZE_SUSPEND
05-15 16:46:01.539 466-492/? E/KernelUidCpuTimeReader: Failed to read uid_cputime: /proc/uid_cputime/show_uid_stat: open failed: ENOENT (No such file or directory)
05-15 16:47:00.009 863-863/? I/AmbientService: Ambient Updating
05-15 16:47:00.018 466-505/? I/DisplayManagerService: Display device changed state: "Built-in Screen", DOZE
05-15 16:47:00.059 25836-32037/? W/Fitness: Failed to authenticate org.dwallach.calwatch: ekw@c69f0a
05-15 16:47:00.164 466-505/? I/DisplayManagerService: Display device changed state: "Built-in Screen", DOZE_SUSPEND
05-15 16:48:01.356 863-863/? I/AmbientService: Ambient Updating
05-15 16:48:01.367 466-505/? I/DisplayManagerService: Display device changed state: "Built-in Screen", DOZE
05-15 16:48:01.413 25836-32037/? W/Fitness: Failed to authenticate org.dwallach.calwatch: ekw@c69f0a
05-15 16:48:01.524 466-505/? I/DisplayManagerService: Display device changed state: "Built-in Screen", DOZE_SUSPEND
05-15 16:48:59.718 466-492/? E/KernelUidCpuTimeReader: Failed to read uid_cputime: /proc/uid_cputime/show_uid_stat: open failed: ENOENT (No such file or directory)
05-15 16:49:00.013 466-505/? I/DisplayManagerService: Display device changed state: "Built-in Screen", DOZE
05-15 16:49:00.041 863-863/? I/AmbientService: Ambient Updating
05-15 16:49:00.088 25836-32037/? W/Fitness: Failed to authenticate org.dwallach.calwatch: ekw@c69f0a
05-15 16:49:00.201 466-505/? I/DisplayManagerService: Display device changed state: "Built-in Screen", DOZE_SUSPEND
05-15 16:50:01.357 863-863/? I/AmbientService: Ambient Updating
05-15 16:50:01.367 466-505/? I/DisplayManagerService: Display device changed state: "Built-in Screen", DOZE
05-15 16:50:01.395 24918-24918/? I/chatty: uid=10036(org.dwallach.calwatch) expire 12 lines
05-15 16:50:01.399 25836-32037/? W/Fitness: Failed to authenticate org.dwallach.calwatch: ekw@c69f0a
05-15 16:50:01.508 466-505/? I/DisplayManagerService: Display device changed state: "Built-in Screen", DOZE_SUSPEND
05-15 16:50:01.514 200-264/? I/chatty: uid=1000(system) hwcVsyncThread expire 5 lines
05-15 16:50:40.326 466-555/? D/SensorHALGestureSensor: Gesture event received! time = 715119358430463
05-15 16:50:40.328 466-21538/? I/PowerManagerService: Waking up from dozing (uid 10003)...
05-15 16:50:40.328 466-466/? E/InputMethodManagerService: Ignoring updateSystemUiLocked due to an invalid token. uid:1000 token:null
05-15 16:50:40.329 466-466/? I/chatty: uid=1000 system_server expire 1 line
05-15 16:50:40.340 466-508/? E/KernelUidCpuTimeReader: Failed to read uid_cputime: /proc/uid_cputime/show_uid_stat: open failed: ENOENT (No such file or directory)
05-15 16:50:40.342 466-508/? I/SensorHAL: poll__batch: sensor_handle: 4 ns: 250000000 max_lat: 0
05-15 16:50:40.342 466-508/? D/SensorHALSensorBase: batch: batch: Call setDelay()
05-15 16:50:40.347 466-567/? I/chatty: uid=1000(system) WifiStateMachin expire 2 lines
05-15 16:50:40.348 217-217/? I/chatty: uid=1013(media) /system/bin/mediaserver expire 3 lines
05-15 16:50:40.366 466-508/? I/SensorHAL: poll__activate: sensor_handle: 4 enabled: 1
05-15 16:50:40.368 466-21538/? I/chatty: uid=1000(system) Binder_B expire 3 lines
05-15 16:50:40.385 466-505/? I/DisplayManagerService: Display device changed state: "Built-in Screen", ON
05-15 16:50:40.391 200-200/? I/chatty: uid=1000(system) /system/bin/surfaceflinger expire 3 lines
05-15 16:50:40.394 466-508/? I/DreamManagerService: Gently waking up from dream.
05-15 16:50:40.395 863-863/? V/DreamService[AmbientDream]: wakeUp(): fromSystem=true, mWaking=false, mFinished=false
05-15 16:50:40.395 863-863/? V/DreamService[AmbientDream]: finish(): mFinished=false
05-15 16:50:40.395 466-613/? I/DreamManagerService: Leaving dreamland.
05-15 16:50:40.396 466-495/? I/DreamController: Stopping dream: name=ComponentInfo{com.google.android.wearable.ambient/com.google.android.wearable.ambient.AmbientDream}, isTest=false, canDoze=true, userId=0
05-15 16:50:40.411 863-863/? V/DreamService[AmbientDream]: detach(): Calling onDreamingStopped()
05-15 16:50:40.411 863-863/? I/AmbientService: Ambient Stopping
05-15 16:50:40.411 863-863/? D/WristGestureCtrl: Resuming: GesturesEnabled-true UngazeEnabled-true
05-15 16:50:40.411 863-863/? D/DefaultUngazeDetector: starting
05-15 16:50:40.412 863-863/? D/DefaultUngazeDetector: startUngazeStateEstimation(). startTime = 715119455
05-15 16:50:40.415 466-25793/? I/SensorHAL: poll__batch: sensor_handle: 0 ns: 20000000 max_lat: 100000000
05-15 16:50:40.429 466-25793/? I/IioSensorHALSensorBase: batchInternal: Set maxlatency: 100
05-15 16:50:40.437 466-25793/? I/SensorHAL: poll__activate: sensor_handle: 0 enabled: 1
05-15 16:50:40.456 217-26492/? I/chatty: uid=1013(media) Binder_4 expire 2 lines
05-15 16:50:40.459 863-863/? V/DreamService[AmbientDream]: onDestroy()
05-15 16:50:40.488 217-32062/? I/chatty: uid=1013(media) /system/bin/mediaserver expire 29 lines
05-15 16:50:40.545 25836-32037/? W/Fitness: Failed to authenticate org.dwallach.calwatch: ekw@c69f0a
05-15 16:50:40.898 466-475/? I/chatty: uid=1000(system) HeapTaskDaemon expire 1 line
05-15 16:50:41.049 466-613/? I/SensorHAL: poll__flush: sensor_handle: 0
05-15 16:50:41.049 466-613/? I/IioSensorHALSensorBase: flushInternal: Set flush
05-15 16:50:41.053 466-555/? I/SensorHALAccelSensor: readEvents: Flush Event received
05-15 16:50:41.123 863-904/? W/DefaultWristGestureDetector: Sensor accuracy changed: {Sensor name="Accelerometer Sensor", vendor="Motorola", version=1, type=1, maxRange=78.48, resolution=0.009810001, power=0.45, minDelay=20000} accuracy: 3
05-15 16:50:43.504 466-492/? E/KernelUidCpuTimeReader: Failed to read uid_cputime: /proc/uid_cputime/show_uid_stat: open failed: ENOENT (No such file or directory)
05-15 16:50:45.328 466-508/? I/PowerManagerService: Going to sleep due to screen timeout (uid 1000)...
05-15 16:50:45.329 466-508/? I/DreamManagerService: Entering dreamland.
05-15 16:50:45.329 466-508/? I/PowerManagerService: Dozing...
05-15 16:50:45.330 466-495/? I/DreamController: Starting dream: name=ComponentInfo{com.google.android.wearable.ambient/com.google.android.wearable.ambient.AmbientDream}, isTest=false, canDoze=true, userId=0
05-15 16:50:45.331 466-466/? E/InputMethodManagerService: Ignoring updateSystemUiLocked due to an invalid token. uid:1000 token:null
05-15 16:50:45.344 466-466/? E/InputMethodManagerService: Ignoring updateSystemUiLocked due to an invalid token. uid:1000 token:null
05-15 16:50:45.355 863-863/? V/DreamService[AmbientDream]: onBind() intent = Intent { act=android.service.dreams.DreamService flg=0x800000 cmp=com.google.android.wearable.ambient/.AmbientDream }
05-15 16:50:45.360 863-863/? I/AmbientService: Ambient Created
05-15 16:50:45.360 863-863/? V/DreamService[AmbientDream]: Calling onDreamingStarted()
05-15 16:50:45.360 863-863/? I/AmbientService: Ambient Starting
05-15 16:50:45.373 863-863/? D/WristGestureCtrl: Stopping detectors: GesturesEnabled-true gestureDetector-true ungazeEnabled-true ungaze-true
05-15 16:50:45.373 863-863/? D/DefaultUngazeDetector: stopping
05-15 16:50:45.375 466-807/? I/SensorHAL: poll__batch: sensor_handle: 0 ns: 20000000 max_lat: 100000000
05-15 16:50:45.375 466-807/? I/IioSensorHALSensorBase: batchInternal: Set maxlatency: 100
05-15 16:50:45.391 466-508/? I/SensorHAL: poll__activate: sensor_handle: 4 enabled: 0
05-15 16:50:45.394 466-508/? I/chatty: uid=1000(system) PowerManagerSer expire 3 lines
05-15 16:50:45.403 217-1781/? I/chatty: uid=1013(media) Binder_3 expire 3 lines
05-15 16:50:45.424 466-508/? E/KernelUidCpuTimeReader: Failed to read uid_cputime: /proc/uid_cputime/show_uid_stat: open failed: ENOENT (No such file or directory)
05-15 16:50:45.426 466-505/? I/DisplayManagerService: Display device changed state: "Built-in Screen", DOZE_SUSPEND
05-15 16:50:45.513 466-479/? I/SensorHAL: poll__activate: sensor_handle: 0 enabled: 0
05-15 16:50:45.514 466-479/? I/IioSensorHALSensorBase: batchInternal: Set maxlatency: 0
05-15 16:50:45.535 24918-24918/? I/chatty: uid=10036(org.dwallach.calwatch) expire 3 lines
05-15 16:50:45.540 466-505/? I/DisplayManagerService: Display device changed state: "Built-in Screen", DOZE
05-15 16:50:45.619 24918-24927/? I/chatty: uid=10036(org.dwallach.calwatch) HeapTaskDaemon expire 1 line
05-15 16:50:45.660 466-505/? I/DisplayManagerService: Display device changed state: "Built-in Screen", DOZE_SUSPEND
05-15 16:50:45.665 200-200/? I/chatty: uid=1000(system) /system/bin/surfaceflinger expire 11 lines
05-15 16:50:45.666 200-264/? I/chatty: uid=1000(system) hwcVsyncThread expire 12 lines
05-15 16:50:46.176 466-505/? I/DisplayManagerService: Display device changed state: "Built-in Screen", DOZE
05-15 16:50:46.316 466-505/? I/DisplayManagerService: Display device changed state: "Built-in Screen", DOZE_SUSPEND
05-15 16:50:55.361 466-492/? E/KernelUidCpuTimeReader: Failed to read uid_cputime: /proc/uid_cputime/show_uid_stat: open failed: ENOENT (No such file or directory)
05-15 16:50:55.364 466-495/? E/KernelUidCpuTimeReader: Failed to read uid_cputime: /proc/uid_cputime/show_uid_stat: open failed: ENOENT (No such file or directory)
05-15 16:50:55.376 466-505/? I/DisplayManagerService: Display device changed state: "Built-in Screen", DOZE
05-15 16:50:55.496 466-505/? I/DisplayManagerService: Display device changed state: "Built-in Screen", DOZE_SUSPEND
05-15 16:50:57.348 27384-27410/? D/bt_btm_pm: btm_pm_snd_md_req switching from SNIFF to ACTIVE.
05-15 16:50:57.358 27384-27410/? D/bt_btm_pm: btm_pm_snd_md_req switching from UNKNOWN to ACTIVE.
05-15 16:50:57.360 27384-27410/? D/bt_btm_pm: btm_pm_snd_md_req switching from UNKNOWN to ACTIVE.
05-15 16:50:57.364 27384-27410/? D/bt_btm_pm: btm_pm_snd_md_req switching from UNKNOWN to ACTIVE.
05-15 16:50:57.366 27384-27410/? D/bt_btm_pm: btm_pm_snd_md_req switching from UNKNOWN to ACTIVE.
05-15 16:50:57.372 27384-27410/? D/bt_btm_pm: btm_pm_snd_md_req switching from UNKNOWN to ACTIVE.
05-15 16:50:57.425 27384-27410/? D/bt_btm_pm: btm_pm_proc_mode_change switched from UNKNOWN to ACTIVE.
05-15 16:50:57.521 466-565/? W/ContextImpl: Calling a method in the system process without a qualified user: android.app.ContextImpl.sendBroadcast:763 com.android.server.net.NetworkPolicyManagerService.sendNotificationToCustomComponent:943 com.android.server.net.NetworkPolicyManagerService.updateNotificationsLocked:834 com.android.server.net.NetworkPolicyManagerService$8.onReceive:663 android.app.LoadedApk$ReceiverDispatcher$Args.run:881
