10-09 08:49:01.447      819-853/? W/PackageManager﹕ Unknown permission com.lge.permission.LGHIDDEN in package com.lge.SprintHiddenMenu
10-09 08:49:01.447      819-853/? W/PackageManager﹕ Unknown permission android.permission.MMS_PUSH in package com.lge.SprintHiddenMenu
10-09 08:49:01.447      819-853/? W/PackageManager﹕ Unknown permission com.amazon.dcp.sso.permission.AMAZON_ACCOUNT_PROPERTY in package com.amazon.kindle
10-09 08:49:01.447      819-853/? W/PackageManager﹕ Unknown permission com.amazon.dcp.metrics.permission.METRICS_PERMISSION in package com.amazon.kindle
10-09 08:49:01.447      819-853/? W/PackageManager﹕ Unknown permission com.amazon.dcp.config.permission.DYN_CONFIG_VALUES_UPDATED in package com.amazon.kindle
10-09 08:49:01.447      819-853/? W/PackageManager﹕ Unknown permission com.amazon.identity.permission.GENERIC_IPC in package com.amazon.kindle
10-09 08:49:01.447      819-853/? W/PackageManager﹕ Unknown permission com.amazon.dcp.sso.permission.USE_DEVICE_CREDENTIALS in package com.amazon.kindle
10-09 08:49:01.447      819-853/? W/PackageManager﹕ Unknown permission com.amazon.dcp.sso.permission.MANAGE_COR_PFM in package com.amazon.kindle
10-09 08:49:01.447      819-853/? W/PackageManager﹕ Unknown permission com.amazon.dcp.sso.permission.CUSTOMER_ATTRIBUTE_SERVICE in package com.amazon.kindle
10-09 08:49:01.447      819-853/? W/PackageManager﹕ Unknown permission amazon.permission.COLLECT_METRICS in package com.amazon.kindle
10-09 08:49:01.547      819-853/? I/ActivityManager﹕ Force stopping com.amazon.kindle appid=10106 user=0: pkg removed
10-09 08:49:01.657     819-3652/? I/PackageManager﹕ Adding preferred activity ComponentInfo{com.google.android.talk/com.google.android.apps.hangouts.phone.BabelHomeActivity} for user 0 :
10-09 08:49:01.817      819-857/? I/PackageManager﹕ Adding preferred activity ComponentInfo{com.google.android.talk/com.google.android.apps.hangouts.phone.BabelHomeActivity} for user 0 :
10-09 08:49:01.847     819-1201/? I/PackageManager﹕ Adding preferred activity ComponentInfo{com.google.android.talk/com.google.android.apps.hangouts.phone.BabelHomeActivity} for user 0 :
10-09 08:49:01.887     819-1101/? I/PackageManager﹕ Adding preferred activity ComponentInfo{com.google.android.talk/com.google.android.apps.hangouts.phone.BabelHomeActivity} for user 0 :
10-09 08:49:01.917    819-14447/? I/PackageManager﹕ Adding preferred activity ComponentInfo{com.google.android.talk/com.google.android.apps.hangouts.phone.BabelHomeActivity} for user 0 :
10-09 08:49:01.967      819-856/? I/PackageManager﹕ Adding preferred activity ComponentInfo{com.google.android.talk/com.google.android.apps.hangouts.phone.BabelHomeActivity} for user 0 :
10-09 08:49:01.987      819-942/? I/ActivityManager﹕ Start proc com.android.musicfx for broadcast com.android.musicfx/.Compatibility$Receiver: pid=2094 uid=10013 gids={50013, 3003, 3002}
10-09 08:49:02.007    819-14448/? I/PackageManager﹕ Adding preferred activity ComponentInfo{com.google.android.talk/com.google.android.apps.hangouts.phone.BabelHomeActivity} for user 0 :
10-09 08:49:02.047    819-14447/? I/PackageManager﹕ Adding preferred activity ComponentInfo{com.google.android.talk/com.google.android.apps.hangouts.phone.BabelHomeActivity} for user 0 :
10-09 08:49:02.087    819-14446/? I/PackageManager﹕ Adding preferred activity ComponentInfo{com.google.android.talk/com.google.android.apps.hangouts.phone.BabelHomeActivity} for user 0 :
10-09 08:49:02.117      819-944/? D/BackupManagerService﹕ Now staging backup of com.google.android.googlequicksearchbox
10-09 08:49:02.117      819-829/? I/PackageManager﹕ Adding preferred activity ComponentInfo{com.google.android.talk/com.google.android.apps.hangouts.phone.BabelHomeActivity} for user 0 :
10-09 08:49:02.137     819-1198/? I/PackageManager﹕ Adding preferred activity ComponentInfo{com.google.android.talk/com.google.android.apps.hangouts.phone.BabelHomeActivity} for user 0 :
10-09 08:49:02.217     819-1101/? I/PackageManager﹕ Adding preferred activity ComponentInfo{com.google.android.talk/com.google.android.apps.hangouts.phone.BabelHomeActivity} for user 0 :
10-09 08:49:02.247      819-856/? I/ActivityManager﹕ Start proc com.android.keychain for broadcast com.android.keychain/.KeyChainBroadcastReceiver: pid=2109 uid=1000 gids={41000, 1028, 1015, 3002, 3001, 3003}
10-09 08:49:02.257     819-1101/? I/PackageManager﹕ Adding preferred activity ComponentInfo{com.google.android.talk/com.google.android.apps.hangouts.phone.BabelHomeActivity} for user 0 :
10-09 08:49:02.287     819-1203/? I/PackageManager﹕ Adding preferred activity ComponentInfo{com.google.android.talk/com.google.android.apps.hangouts.phone.BabelHomeActivity} for user 0 :
10-09 08:49:02.307      819-846/? W/InputMethodInfo﹕ Duplicated subtype definition found: , voice
10-09 08:49:02.327      819-830/? I/PackageManager﹕ Adding preferred activity ComponentInfo{com.google.android.talk/com.google.android.apps.hangouts.phone.BabelHomeActivity} for user 0 :
10-09 08:49:02.347     819-3652/? I/PackageManager﹕ Adding preferred activity ComponentInfo{com.google.android.talk/com.google.android.apps.hangouts.phone.BabelHomeActivity} for user 0 :
10-09 08:49:02.377    2109-2109/? W/ContextImpl﹕ Calling a method in the system process without a qualified user: android.app.ContextImpl.startService:1487 android.content.ContextWrapper.startService:494 android.content.ContextWrapper.startService:494 com.android.keychain.KeyChainBroadcastReceiver.onReceive:12 android.app.ActivityThread.handleReceiver:2407
10-09 08:49:02.377      819-829/? I/PackageManager﹕ Adding preferred activity ComponentInfo{com.google.android.talk/com.google.android.apps.hangouts.phone.BabelHomeActivity} for user 0 :
10-09 08:49:02.407      819-857/? I/PackageManager﹕ Adding preferred activity ComponentInfo{com.google.android.talk/com.google.android.apps.hangouts.phone.BabelHomeActivity} for user 0 :
10-09 08:49:02.417     819-1202/? I/ActivityManager﹕ Start proc eu.chainfire.supersu for broadcast eu.chainfire.supersu/.InstallReceiver: pid=2122 uid=10079 gids={50079}
10-09 08:49:02.437    819-14448/? I/PackageManager﹕ Adding preferred activity ComponentInfo{com.google.android.talk/com.google.android.apps.hangouts.phone.BabelHomeActivity} for user 0 :
10-09 08:49:02.457     819-3652/? I/PackageManager﹕ Adding preferred activity ComponentInfo{com.google.android.talk/com.google.android.apps.hangouts.phone.BabelHomeActivity} for user 0 :
10-09 08:49:02.497     819-1190/? I/PackageManager﹕ Adding preferred activity ComponentInfo{com.google.android.talk/com.google.android.apps.hangouts.phone.BabelHomeActivity} for user 0 :
10-09 08:49:02.547     819-1202/? I/PackageManager﹕ Adding preferred activity ComponentInfo{com.google.android.talk/com.google.android.apps.hangouts.phone.BabelHomeActivity} for user 0 :
10-09 08:49:02.557    819-14446/? I/PackageManager﹕ Adding preferred activity ComponentInfo{com.google.android.talk/com.google.android.apps.hangouts.phone.BabelHomeActivity} for user 0 :
10-09 08:49:02.597     819-1201/? I/PackageManager﹕ Adding preferred activity ComponentInfo{com.google.android.talk/com.google.android.apps.hangouts.phone.BabelHomeActivity} for user 0 :
10-09 08:49:02.757      819-942/? I/ActivityManager﹕ Start proc com.google.android.apps.docs for broadcast com.google.android.apps.docs/.receivers.AppPackageAddRemoveReceiver: pid=2148 uid=10037 gids={50037, 3003, 1028, 1015}
10-09 08:49:03.157      819-819/? D/BackupManagerService﹕ Received broadcast Intent { act=android.intent.action.PACKAGE_REMOVED dat=package:com.amazon.kindle flg=0x4000010 (has extras) }
10-09 08:49:03.197      819-819/? D/BackupManagerService﹕ Received broadcast Intent { act=android.intent.action.PACKAGE_ADDED dat=package:com.amazon.kindle flg=0x4000010 (has extras) }
10-09 08:49:03.197      819-819/? V/BackupManagerService﹕ removePackageParticipantsLocked: uid=10106 #1
10-09 08:49:03.197      819-819/? V/BackupManagerService﹕ addPackageParticipantsLocked: #1
10-09 08:49:03.847    819-14446/? I/ActivityManager﹕ Delay finish: com.google.android.gms/.config.ConfigFetchService$PackageReceiver
10-09 08:49:03.847      819-942/? I/ActivityManager﹕ Delaying start of: ServiceRecord{4484b260 u0 com.android.providers.downloads/.DownloadService}
10-09 08:49:05.897      819-881/? D/MobileDataStateTracker﹕ default: setPolicyDataEnable(enabled=true)
10-09 08:49:07.137      819-881/? D/MobileDataStateTracker﹕ default: setPolicyDataEnable(enabled=true)
10-09 08:49:07.447    819-14447/? I/ActivityManager﹕ Resuming delayed broadcast
10-09 08:49:07.557     819-1203/? I/ActivityManager﹕ Delay finish: com.google.android.gms/.drive.api.DriveSystemBroadcastReceiver
10-09 08:49:07.587     819-1200/? I/ActivityManager﹕ Resuming delayed broadcast
10-09 08:49:07.617      819-857/? I/ActivityManager﹕ Delay finish: com.google.android.apps.plus/.service.PackagesMediaMonitor
10-09 08:49:07.617    819-14448/? I/ActivityManager﹕ Resuming delayed broadcast
10-09 08:49:07.817    819-14447/? I/ActivityManager﹕ Start proc de.robv.android.xposed.installer for broadcast de.robv.android.xposed.installer/.PackageChangeReceiver: pid=2273 uid=10179 gids={50179, 1028, 1015, 3003}
10-09 08:49:08.017     819-3652/? I/ActivityManager﹕ Start proc biz.bokhorst.xprivacy for broadcast biz.bokhorst.xprivacy/.PackageChange: pid=2293 uid=10138 gids={50138, 3003, 1028, 1015}
10-09 08:49:08.147    819-14446/? I/ActivityManager﹕ Delay finish: com.amazon.mShop.android/com.amazon.venezia.uninstall.AppstoreUninstallReceiver
10-09 08:49:08.147     819-1202/? I/ActivityManager﹕ Resuming delayed broadcast
10-09 08:49:08.217      819-942/? I/ActivityManager﹕ Start proc org.fdroid.fdroid for broadcast org.fdroid.fdroid/.PackageReceiver: pid=2309 uid=10136 gids={50136, 3003, 1028, 1015}
10-09 08:49:08.307     819-1198/? I/ActivityManager﹕ Killing 31257:com.qualcomm.timeservice/u0a70 (adj 15): empty #17
10-09 08:49:08.337      819-881/? D/MobileDataStateTracker﹕ default: setPolicyDataEnable(enabled=true)
10-09 08:49:08.437      819-942/? I/ActivityManager﹕ Start proc com.facebook.katana:dash for broadcast com.facebook.katana/com.facebook.dash.receivers.DashPackageUninstallReceiver: pid=2328 uid=10110 gids={50110, 1028, 1015, 3003}
10-09 08:49:09.577      819-881/? D/MobileDataStateTracker﹕ default: setPolicyDataEnable(enabled=true)
10-09 08:49:10.287    819-14447/? I/ActivityManager﹕ Killing 31274:com.google.android.keep/u0a53 (adj 15): empty #17
10-09 08:49:10.337      819-829/? I/ActivityManager﹕ Start proc com.google.android.partnersetup for broadcast com.google.android.partnersetup/.RlzPingBroadcastReceiver: pid=2366 uid=10011 gids={50011, 3003}
10-09 08:49:10.417      819-857/? I/ActivityManager﹕ Delay finish: com.google.android.partnersetup/.RlzPingBroadcastReceiver
10-09 08:49:10.427      819-856/? I/ActivityManager﹕ Resuming delayed broadcast
10-09 08:49:10.437     819-1190/? I/ActivityManager﹕ Delay finish: com.google.android.partnersetup/.AppInstalledReceiver
10-09 08:49:10.517      819-830/? I/ActivityManager﹕ Resuming delayed broadcast
10-09 08:49:10.527      819-829/? I/ActivityManager﹕ Delay finish: com.android.musicfx/.Compatibility$Receiver
10-09 08:49:10.537    819-14446/? I/ActivityManager﹕ Resuming delayed broadcast
10-09 08:49:10.577    819-14447/? I/ActivityManager﹕ Killing 31335:ru.org.amip.ClockSync/u0a119 (adj 15): empty #17
10-09 08:49:10.617     819-3652/? I/ActivityManager﹕ Delay finish: com.google.android.gms/.config.ConfigFetchService$PackageReceiver
10-09 08:49:10.687      819-881/? D/MobileDataStateTracker﹕ default: setPolicyDataEnable(enabled=true)
10-09 08:49:10.697      819-845/? W/BroadcastQueue﹕ Permission Denial: broadcasting Intent { act=android.net.conn.INET_CONDITION_ACTION flg=0x4000010 (has extras) } from null (pid=-1, uid=-1) requires com.facebook.permission.prod.FB_APP_COMMUNICATION due to registered receiver BroadcastFilter{44562260 u0 ReceiverList{44562200 2328 com.facebook.katana:dash/10110/u0 remote:445338a0}}
10-09 08:49:10.697      819-845/? W/BroadcastQueue﹕ Permission Denial: broadcasting Intent { act=android.net.conn.CONNECTIVITY_CHANGE flg=0x4000010 (has extras) } from null (pid=-1, uid=-1) requires com.facebook.permission.prod.FB_APP_COMMUNICATION due to registered receiver BroadcastFilter{44562260 u0 ReceiverList{44562200 2328 com.facebook.katana:dash/10110/u0 remote:445338a0}}
10-09 08:49:10.947     819-1101/? I/ActivityManager﹕ Resuming delayed broadcast
10-09 08:49:10.987      819-845/? W/BroadcastQueue﹕ Permission Denial: broadcasting Intent { act=android.net.conn.CONNECTIVITY_CHANGE flg=0x4000010 (has extras) } from null (pid=-1, uid=-1) requires com.facebook.permission.prod.FB_APP_COMMUNICATION due to registered receiver BroadcastFilter{44511188 u0 ReceiverList{44507e90 2328 com.facebook.katana:dash/10110/u0 remote:44507d58}}
10-09 08:49:10.997      819-942/? I/ActivityManager﹕ Delay finish: com.google.android.apps.plus/.service.PackagesMediaMonitor
10-09 08:49:11.047      819-830/? I/ActivityManager﹕ Resuming delayed broadcast
10-09 08:49:11.107      819-856/? I/ActivityManager﹕ Delay finish: com.google.android.apps.plus/.service.PackageAddedReceiver
10-09 08:49:11.357     819-3652/? I/ActivityManager﹕ Resuming delayed broadcast
10-09 08:49:11.407     819-3652/? I/ActivityManager﹕ Killing 31356:com.verisign.mvip.main/u0a162 (adj 15): empty #17
10-09 08:49:11.427     819-1198/? I/ActivityManager﹕ Delay finish: com.amazon.mShop.android/com.amazon.mas.client.install.foreground.PackageAddedReceiver
10-09 08:49:11.447     819-1202/? I/ActivityManager﹕ Resuming delayed broadcast
10-09 08:49:11.537      819-830/? I/ActivityManager﹕ Delay finish: com.android.musicfx/.Compatibility$Receiver
10-09 08:49:11.547     819-1101/? I/ActivityManager﹕ Resuming delayed broadcast
10-09 08:49:11.677     819-1202/? I/ActivityManager﹕ Delay finish: biz.bokhorst.xprivacy/.PackageChange
10-09 08:49:11.747     819-1201/? I/ActivityManager﹕ Resuming delayed broadcast
10-09 08:49:11.787     819-1201/? I/ActivityManager﹕ Start proc stericson.busybox for broadcast stericson.busybox/.receivers.OnUpgradeReceiver: pid=2449 uid=10180 gids={50180, 1028, 1015}
10-09 08:49:11.847      819-829/? I/ActivityManager﹕ Killing 31301:ch.bitspin.timely/u0a103 (adj 15): empty #17
10-09 08:49:13.527      819-853/? W/ActivityManager﹕ No content provider found for permission revoke: file:///data/data/com.android.vending/cache/patches/com.facebook.katana-401098029.apk
10-09 08:49:13.557      819-830/? I/ActivityManager﹕ Delay finish: com.android.vending/com.google.android.vending.verifier.PackageVerificationReceiver
10-09 08:49:13.557     819-1200/? I/ActivityManager﹕ Resuming delayed broadcast
10-09 08:49:13.927      819-853/? W/ActivityManager﹕ No content provider found for permission revoke: file:///data/data/com.android.vending/cache/patches/com.facebook.katana-401098029.apk
10-09 08:49:13.927      819-853/? I/PackageManager﹕ Copying native libraries to /data/app-lib/vmdl-925899281
10-09 08:49:16.877      819-845/? I/ActivityManager﹕ Waited long enough for: ServiceRecord{467b47e8 u0 com.amazon.mShop.android/com.amazon.mas.client.locker.service.appmgr.AppManagerService}
10-09 08:49:19.107      819-845/? I/ActivityManager﹕ Force stopping com.facebook.katana appid=10110 user=-1: uninstall pkg
10-09 08:49:19.107      819-845/? I/ActivityManager﹕ Killing 25967:com.facebook.katana/u0a110 (adj 5): stop com.facebook.katana
10-09 08:49:19.107      819-845/? W/ActivityManager﹕ Scheduling restart of crashed service com.facebook.katana/com.facebook.push.mqtt.service.MqttPushService in 1000ms
10-09 08:49:19.107      819-845/? W/ActivityManager﹕ Scheduling restart of crashed service com.facebook.katana/com.facebook.analytics.service.AnalyticsService in 11000ms
10-09 08:49:19.117      819-845/? I/ActivityManager﹕ Killing 2328:com.facebook.katana:dash/u0a110 (adj 15): stop com.facebook.katana
10-09 08:49:19.117      819-845/? I/ActivityManager﹕ Force finishing activity ActivityRecord{4335bef0 u0 com.facebook.katana/.activity.FbMainTabFrameworkActivity t53}
10-09 08:49:19.127      819-845/? I/ActivityManager﹕ Force stopping service ServiceRecord{4665eb60 u0 com.facebook.katana/com.facebook.push.mqtt.service.MqttPushService}
10-09 08:49:19.247      819-853/? W/PackageManager﹕ Package com.facebook.katana desires unavailable shared library com.amazon.device.messaging; ignoring!
10-09 08:49:19.247      819-853/? I/PackageManager﹕ Package com.facebook.katana codePath changed from /data/app/com.facebook.katana-2.apk to /data/app/com.facebook.katana-1.apk; Retaining data and using new
10-09 08:49:19.907      819-853/? W/PackageManager﹕ Code path for pkg : com.facebook.katana changing from /data/app/com.facebook.katana-2.apk to /data/app/com.facebook.katana-1.apk
10-09 08:49:19.907      819-845/? I/ActivityManager﹕ Force stopping com.facebook.katana appid=10110 user=-1: update pkg
10-09 08:49:19.907      819-853/? W/PackageManager﹕ Resource path for pkg : com.facebook.katana changing from /data/app/com.facebook.katana-2.apk to /data/app/com.facebook.katana-1.apk
10-09 08:49:20.027      819-853/? W/PackageManager﹕ Unknown permission com.dsi.ant.permission.ANT in package com.google.android.maps.mytracks
10-09 08:49:20.027      819-853/? W/PackageManager﹕ Unknown permission com.dsi.ant.permission.ANT_ADMIN in package com.google.android.maps.mytracks
10-09 08:49:20.027      819-853/? W/PackageManager﹕ Unknown permission com.united.mobile.android.Main.permission.MAPS_RECEIVE in package com.united.mobile.android
10-09 08:49:20.027      819-853/? W/PackageManager﹕ Unknown permission com.united.mobile.android.permission.C2D_MESSAGE in package com.united.mobile.android
10-09 08:49:20.027      819-853/? W/PackageManager﹕ Not granting permission android.permission.SET_DEBUG_APP to package com.united.mobile.android (protectionLevel=50 flags=0x88be44)
10-09 08:49:20.027      819-853/? W/PackageManager﹕ Unknown permission com.android.smspush.WAPPUSH_MANAGER_BIND in package com.android.phone
10-09 08:49:20.027      819-853/? W/PackageManager﹕ Unknown permission android.permission.WRITE_SYNC_STATS in package com.google.android.apps.docs.editors.sheets
10-09 08:49:20.027      819-853/? W/PackageManager﹕ Not granting permission com.google.android.gm.permission.READ_GMAIL to package com.google.android.apps.docs.editors.sheets (protectionLevel=2 flags=0x98be44)
10-09 08:49:20.027      819-853/? W/PackageManager﹕ Not granting permission com.google.android.googleapps.permission.GOOGLE_AUTH.ALL_SERVICES to package com.google.android.apps.docs.editors.sheets (protectionLevel=2 flags=0x98be44)
10-09 08:49:20.027      819-853/? W/PackageManager﹕ Unknown permission com.android.gallery3d.permission.GALLERY_PROVIDER in package com.android.bluetooth
10-09 08:49:20.027      819-853/? W/PackageManager﹕ Unknown permission android.permission.MMS_SEND_OUTBOX_MSG in package com.android.bluetooth
10-09 08:49:20.027      819-853/? W/PackageManager﹕ Not granting permission android.permission.READ_LOGS to package com.nolanlawson.logcat (protectionLevel=50 flags=0x8be44)
10-09 08:49:20.027      819-853/? W/PackageManager﹕ Unknown permission com.motorola.permission.ACCESS_CHECKIN in package com.motorola.targetnotif
10-09 08:49:20.027      819-853/? W/PackageManager﹕ Not granting permission android.permission.CONNECTIVITY_INTERNAL to package com.motorola.targetnotif (protectionLevel=18 flags=0x98be44)
10-09 08:49:20.027      819-853/? W/PackageManager﹕ Unknown permission com.motorola.permission.WRITE_SECURE_SETTINGS in package com.motorola.targetnotif
10-09 08:49:20.027      819-853/? W/PackageManager﹕ Unknown permission com.motorola.ccc.plm.permission.READPROVIDER in package com.motorola.targetnotif
10-09 08:49:20.027      819-853/? W/PackageManager﹕ Unknown permission android.permission.BODY_SENSORS in package com.motorola.targetnotif
10-09 08:49:20.027      819-853/? W/PackageManager﹕ Unknown permission com.motorola.ccc.notification.READ_NOTIFICATIONS in package com.motorola.targetnotif
10-09 08:49:20.027      819-853/? W/PackageManager﹕ Unknown permission com.motorola.ccc.notification.WRITE_NOTIFICATIONS in package com.motorola.targetnotif
10-09 08:49:20.027      819-853/? W/PackageManager﹕ Unknown permission android.permission.ACCESS_BSCI_DRM in package com.HBO
10-09 08:49:20.027      819-853/? W/PackageManager﹕ Unknown permission com.amazon.permission.SET_FLAG_NOSOFTKEYS in package com.HBO
10-09 08:49:20.027      819-853/? W/PackageManager﹕ Unknown permission com.amazon.permission.SET_FLAG_EXPANDED_SOFTKEYS in package com.HBO
10-09 08:49:20.027      819-853/? W/PackageManager﹕ Not granting permission android.permission.DEVICE_POWER to package com.google.android.deskclock (protectionLevel=2 flags=0xc8be45)
10-09 08:49:20.027      819-853/? W/PackageManager﹕ Unknown permission android.permission.READ_OWNER_DATA in package com.google.android.setupwizard
10-09 08:49:20.027      819-853/? W/PackageManager﹕ Unknown permission android.permission.WRITE_OWNER_DATA in package com.google.android.setupwizard
10-09 08:49:20.027      819-853/? W/PackageManager﹕ Unknown permission com.android.launcher.permission.READ_SETTINGS in package com.android.settings
10-09 08:49:20.027      819-853/? W/PackageManager﹕ Unknown permission com.android.launcher.permission.WRITE_SETTINGS in package com.android.settings
10-09 08:49:20.027      819-853/? W/PackageManager﹕ Unknown permission com.amazon.dcp.sso.permission.AMAZON_ACCOUNT_PROPERTY in package com.amazon.kindle
10-09 08:49:20.027      819-853/? W/PackageManager﹕ Unknown permission com.amazon.dcp.metrics.permission.METRICS_PERMISSION in package com.amazon.kindle
10-09 08:49:20.027      819-853/? W/PackageManager﹕ Unknown permission com.amazon.dcp.config.permission.DYN_CONFIG_VALUES_UPDATED in package com.amazon.kindle
10-09 08:49:20.027      819-853/? W/PackageManager﹕ Unknown permission com.amazon.identity.permission.GENERIC_IPC in package com.amazon.kindle
10-09 08:49:20.027      819-853/? W/PackageManager﹕ Unknown permission com.amazon.dcp.sso.permission.USE_DEVICE_CREDENTIALS in package com.amazon.kindle
10-09 08:49:20.027      819-853/? W/PackageManager﹕ Unknown permission com.amazon.dcp.sso.permission.MANAGE_COR_PFM in package com.amazon.kindle
10-09 08:49:20.027      819-853/? W/PackageManager﹕ Unknown permission com.amazon.dcp.sso.permission.CUSTOMER_ATTRIBUTE_SERVICE in package com.amazon.kindle
10-09 08:49:20.027      819-853/? W/PackageManager﹕ Unknown permission amazon.permission.COLLECT_METRICS in package com.amazon.kindle
10-09 08:49:20.027      819-853/? W/PackageManager﹕ Unknown permission com.sprint.internal.permission.SYSTEMPROPERTIES in package com.redbend.vdmc
10-09 08:49:20.027      819-853/? W/PackageManager﹕ Unknown permission com.sprint.internal.permission.SYSTEMPROPERTIES_WRITE in package com.redbend.vdmc
10-09 08:49:20.027      819-853/? W/PackageManager﹕ Unknown permission com.sprint.internal.permission.CONNECTIONMANAGER in package com.redbend.vdmc
10-09 08:49:20.027      819-853/? W/PackageManager﹕ Unknown permission com.sprint.internal.permission.PLATFORM in package com.redbend.vdmc
10-09 08:49:20.027      819-853/? W/PackageManager﹕ Unknown permission com.google.android.voicesearch.SHORTCUTS_ACCESS in package com.google.android.googlequicksearchbox
10-09 08:49:20.027      819-853/? W/PackageManager﹕ Unknown permission com.google.android.voicesearch.ACCESS_SETTINGS in package com.google.android.googlequicksearchbox
10-09 08:49:20.027      819-853/? W/PackageManager﹕ Unknown permission com.android.browser.permission.PRELOAD in package com.google.android.googlequicksearchbox
10-09 08:49:20.027      819-853/? W/PackageManager﹕ Unknown permission com.google.android.apps.googlevoice.permission.AUTO_SEND in package com.google.android.googlequicksearchbox
10-09 08:49:20.027      819-853/? W/PackageManager﹕ Not granting permission android.permission.STOP_APP_SWITCHES to package com.google.android.googlequicksearchbox (protectionLevel=18 flags=0x40dbbec5)
10-09 08:49:20.027      819-853/? W/PackageManager﹕ Not granting permission android.permission.READ_LOGS to package org.jtb.alogcat (protectionLevel=50 flags=0x8be44)
10-09 08:49:20.027      819-853/? W/PackageManager﹕ Unknown permission biz.bokhorst.xprivacy.pro.CHECK in package biz.bokhorst.xprivacy
10-09 08:49:20.027      819-853/? W/PackageManager﹕ Unknown permission cydia.permission.SUBSTRATE in package biz.bokhorst.xprivacy
10-09 08:49:20.027      819-853/? W/PackageManager﹕ Unknown permission android.permission.ADD_SYSTEM_SERVICE in package com.pandora.android
10-09 08:49:20.027      819-853/? W/PackageManager﹕ Unknown permission com.android.launcher.permission.READ_SETTINGS in package com.google.android.launcher
10-09 08:49:20.027      819-853/? W/PackageManager﹕ Unknown permission com.android.launcher.permission.WRITE_SETTINGS in package com.google.android.launcher
10-09 08:49:20.027      819-853/? W/PackageManager﹕ Unknown permission android.permission.WRITE_SYNC_STATS in package com.google.android.apps.docs
10-09 08:49:20.027      819-853/? W/PackageManager﹕ Not granting permission android.permission.ACCESS_CHECKIN_PROPERTIES to package com.google.android.apps.googlevoice (protectionLevel=18 flags=0x88be44)
10-09 08:49:20.027      819-853/? W/PackageManager﹕ Unknown permission com.google.android.apps.googlevoice.REMOTE_INTENT in package com.google.android.apps.googlevoice
10-09 08:49:20.027      819-853/? W/PackageManager﹕ Unknown permission com.google.android.permission.RECEIVE_DATA_MESSAGE in package com.google.android.apps.googlevoice
10-09 08:49:20.027      819-853/? W/PackageManager﹕ Unknown permission com.google.android.permission.SEND_DATA_MESSAGE in package com.google.android.apps.googlevoice
10-09 08:49:20.027      819-853/? W/PackageManager﹕ Unknown permission com.android.providers.voicemail.permission.READ_WRITE_ALL_VOICEMAIL in package com.google.android.apps.googlevoice
10-09 08:49:20.027      819-853/? W/PackageManager﹕ Unknown permission com.android.providers.voicemail.permission.READ_WRITE_OWN_VOICEMAIL in package com.google.android.apps.googlevoice
10-09 08:49:20.027      819-853/? W/PackageManager﹕ Unknown permission com.android.launcher.permission.READ_SETTINGS in package com.google.android.onetimeinitializer
10-09 08:49:20.027      819-853/? W/PackageManager﹕ Unknown permission com.android.launcher.permission.WRITE_SETTINGS in package com.google.android.onetimeinitializer
10-09 08:49:20.027      819-853/? W/PackageManager﹕ Not granting permission android.permission.SEND_DOWNLOAD_COMPLETED_INTENTS to package com.android.vending (protectionLevel=2 flags=0x408abec5)
10-09 08:49:20.027      819-853/? W/PackageManager﹕ Unknown permission android.permission.SEND_SMS_NO_CONFIRMATION in package com.android.vending
10-09 08:49:20.027      819-853/? W/PackageManager﹕ Not granting permission android.permission.FORCE_STOP_PACKAGES to package com.android.vending (protectionLevel=18 flags=0x408abec5)
10-09 08:49:20.027      819-853/? W/PackageManager﹕ Unknown permission .permission.C2D_MESSAGE in package ch.bitspin.timely
10-09 08:49:20.027      819-853/? W/PackageManager﹕ Not granting permission android.permission.BIND_WALLPAPER to package com.google.android.GoogleCamera (protectionLevel=18 flags=0xd8bcc5)
10-09 08:49:20.027      819-853/? W/PackageManager﹕ Not granting permission android.permission.REBOOT to package eu.chainfire.supersu (protectionLevel=18 flags=0x883e85)
10-09 08:49:20.027      819-853/? W/PackageManager﹕ Not granting permission android.permission.READ_DREAM_STATE to package com.google.android.gsf (protectionLevel=2 flags=0x40883e45)
10-09 08:49:20.027      819-853/? W/PackageManager﹕ Unknown permission android.permission.NETWORK in package com.adobe.psmobile
10-09 08:49:20.027      819-853/? W/PackageManager﹕ Unknown permission com.android.vending.billing.IBillingAccountService.BIND2 in package com.google.android.gsf.login
10-09 08:49:20.027      819-853/? W/PackageManager﹕ Not granting permission android.permission.BROADCAST_PACKAGE_REMOVED to package com.google.android.marvin.talkback (protectionLevel=2 flags=0x40c9bec5)
10-09 08:49:20.027      819-853/? W/PackageManager﹕ Unknown permission android.permission.NETWORK in package com.trello
10-09 08:49:20.027      819-853/? W/PackageManager﹕ Unknown permission android.permission.READ_MEDIA_STORAGE in package com.keramidas.TitaniumBackup
10-09 08:49:20.027      819-853/? W/PackageManager﹕ Not granting permission android.permission.WRITE_MEDIA_STORAGE to package com.keramidas.TitaniumBackup (protectionLevel=18 flags=0x8be44)
10-09 08:49:20.027      819-853/? W/PackageManager﹕ Not granting permission com.android.voicemail.permission.READ_WRITE_ALL_VOICEMAIL to package com.keramidas.TitaniumBackup (protectionLevel=18 flags=0x8be44)
10-09 08:49:20.027      819-853/? W/PackageManager﹕ Not granting permission android.permission.BROADCAST_SMS to package com.keramidas.TitaniumBackup (protectionLevel=2 flags=0x8be44)
10-09 08:49:20.027      819-853/? W/PackageManager﹕ Not granting permission android.permission.BROADCAST_WAP_PUSH to package com.keramidas.TitaniumBackup (protectionLevel=2 flags=0x8be44)
10-09 08:49:20.027      819-853/? W/PackageManager﹕ Unknown permission android.permission.RECOVERY in package com.google.android.gms
10-09 08:49:20.027      819-853/? W/PackageManager﹕ Not granting permission android.permission.READ_DREAM_STATE to package com.google.android.gms (protectionLevel=2 flags=0x40c83ec5)
10-09 08:49:20.027      819-853/? W/PackageManager﹕ Unknown permission android.permission.PROVIDE_TRUST_AGENT in package com.google.android.gms
10-09 08:49:20.027      819-853/? W/PackageManager﹕ Unknown permission com.google.android.apps.enterprise.dmagent.permission.AutoSyncPermission in package com.google.android.gms
10-09 08:49:20.027      819-853/? W/PackageManager﹕ Unknown permission android.permission.MANAGE_VOICE_KEYPHRASES in package com.google.android.gms
10-09 08:49:20.027      819-853/? W/PackageManager﹕ Unknown permission android.permission.READ_WIFI_CREDENTIAL in package com.google.android.gms
10-09 08:49:20.027      819-853/? W/PackageManager﹕ Unknown permission android.permission.CONTROL_INCALL_EXPERIENCE in package com.google.android.gms
10-09 08:49:20.027      819-853/? W/PackageManager﹕ Unknown permission android.permission.USER_ACTIVITY in package com.google.android.gms
10-09 08:49:20.027      819-853/? W/PackageManager﹕ Unknown permission com.google.android.wearable.READ_SETTINGS in package com.google.android.gms
10-09 08:49:20.027      819-853/? W/PackageManager﹕ Unknown permission android.permission.SCORE_NETWORKS in package com.google.android.gms
10-09 08:49:20.027      819-853/? W/PackageManager﹕ Unknown permission android.permission.BODY_SENSORS in package com.google.android.gms
10-09 08:49:20.027      819-853/? W/PackageManager﹕ Not granting permission android.permission.FORCE_STOP_PACKAGES to package com.google.android.gms (protectionLevel=18 flags=0x40c83ec5)
10-09 08:49:20.027      819-853/? W/PackageManager﹕ Not granting permission android.permission.MOUNT_UNMOUNT_FILESYSTEMS to package com.tivophone.android (protectionLevel=18 flags=0x80be44)
10-09 08:49:20.027      819-853/? W/PackageManager﹕ Not granting permission android.permission.READ_LOGS to package com.tivophone.android (protectionLevel=50 flags=0x80be44)
10-09 08:49:20.027      819-853/? W/PackageManager﹕ Not granting permission android.permission.ACCESS_SUPERUSER to package ru.org.amip.ClockSync because it was previously installed without
10-09 08:49:20.027      819-853/? W/PackageManager﹕ Unknown permission android.permission.WRITE_SYNC_STATS in package com.google.android.apps.docs.editors.docs
10-09 08:49:20.027      819-853/? W/PackageManager﹕ Not granting permission com.google.android.gm.permission.READ_GMAIL to package com.google.android.apps.docs.editors.docs (protectionLevel=2 flags=0x98be44)
10-09 08:49:20.027      819-853/? W/PackageManager﹕ Not granting permission com.google.android.googleapps.permission.GOOGLE_AUTH.ALL_SERVICES to package com.google.android.apps.docs.editors.docs (protectionLevel=2 flags=0x98be44)
10-09 08:49:20.027      819-853/? W/PackageManager﹕ Unknown permission android.permission.RECORD_VIDEO in package com.fivemobile.amica.fnol
10-09 08:49:20.027      819-853/? W/PackageManager﹕ Not granting permission android.permission.SET_DEBUG_APP to package com.fivemobile.amica.fnol (protectionLevel=50 flags=0x88be44)
10-09 08:49:20.027      819-853/? W/PackageManager﹕ Not granting permission com.google.android.gm.permission.AUTO_SEND to package com.google.android.wearable.app (protectionLevel=2 flags=0x883e44)
10-09 08:49:20.027      819-853/? W/PackageManager﹕ Not granting permission android.permission.MEDIA_CONTENT_CONTROL to package com.google.android.wearable.app (protectionLevel=18 flags=0x883e44)
10-09 08:49:20.027      819-853/? W/PackageManager﹕ Unknown permission com.android.launcher.permission.PRELOAD_WORKSPACE in package com.google.android.partnersetup
10-09 08:49:20.027      819-853/? W/PackageManager﹕ Unknown permission android.permission.READ_APN_SETTINGS in package edu.berkeley.icsi.netalyzr.android
10-09 08:49:20.027      819-853/? W/PackageManager﹕ Unknown permission com.android.launcher.permission.READ_SETTINGS in package com.amazon.mShop.android
10-09 08:49:20.027      819-853/? W/PackageManager﹕ Unknown permission com.android.amazon.dcp.ota.permission.INSTALL_PACKAGES in package com.amazon.mShop.android
10-09 08:49:20.027      819-853/? W/PackageManager﹕ Unknown permission com.amazon.mas.client.settings.provider.CONTENT_PROVIDER_ACCESS in package com.amazon.mShop.android
10-09 08:49:20.027      819-853/? W/PackageManager﹕ Unknown permission com.amazon.dcp.metrics.permission.METRICS_PERMISSION in package com.amazon.mShop.android
10-09 08:49:20.027      819-853/? W/PackageManager﹕ Unknown permission com.amazon.dcp.config.permission.DYN_CONFIG_VALUES_UPDATED in package com.amazon.mShop.android
10-09 08:49:20.027      819-853/? W/PackageManager﹕ Unknown permission com.amazon.identity.permission.GENERIC_IPC in package com.amazon.mShop.android
10-09 08:49:20.027      819-853/? W/PackageManager﹕ Unknown permission com.amazon.dcp.sso.permission.USE_DEVICE_CREDENTIALS in package com.amazon.mShop.android
10-09 08:49:20.027      819-853/? W/PackageManager﹕ Unknown permission com.amazon.dcp.sso.permission.MANAGE_COR_PFM in package com.amazon.mShop.android
10-09 08:49:20.027      819-853/? W/PackageManager﹕ Unknown permission com.amazon.dcp.sso.permission.CUSTOMER_ATTRIBUTE_SERVICE in package com.amazon.mShop.android
10-09 08:49:20.027      819-853/? W/PackageManager﹕ Unknown permission amazon.permission.COLLECT_METRICS in package com.amazon.mShop.android
10-09 08:49:20.027      819-853/? W/PackageManager﹕ Unknown permission com.sonyericsson.home.permission.BROADCAST_BADGE in package com.twitter.android
10-09 08:49:20.037      819-853/? W/PackageManager﹕ Unknown permission com.sec.android.provider.badge.permission.READ in package com.twitter.android
10-09 08:49:20.037      819-853/? W/PackageManager﹕ Unknown permission com.sec.android.provider.badge.permission.WRITE in package com.twitter.android
10-09 08:49:20.037      819-853/? W/PackageManager﹕ Not granting permission android.permission.BATTERY_STATS to package com.facebook.orca (protectionLevel=18 flags=0x88be44)
10-09 08:49:20.037      819-853/? W/PackageManager﹕ Unknown permission com.sec.android.provider.badge.permission.READ in package com.facebook.orca
10-09 08:49:20.037      819-853/? W/PackageManager﹕ Unknown permission com.sec.android.provider.badge.permission.WRITE in package com.facebook.orca
10-09 08:49:20.037      819-853/? W/PackageManager﹕ Unknown permission com.htc.launcher.permission.READ_SETTINGS in package com.facebook.orca
10-09 08:49:20.037      819-853/? W/PackageManager﹕ Unknown permission com.htc.launcher.permission.UPDATE_SHORTCUT in package com.facebook.orca
10-09 08:49:20.037      819-853/? W/PackageManager﹕ Unknown permission com.sonyericsson.home.permission.BROADCAST_BADGE in package com.facebook.orca
10-09 08:49:20.037      819-853/? W/PackageManager﹕ Unknown permission .home.permission.WRITE_BADGES in package com.facebook.orca
10-09 08:49:20.037      819-853/? W/PackageManager﹕ Unknown permission com.nokia.pushnotifications.permission.RECEIVE in package com.facebook.orca
10-09 08:49:20.037      819-853/? W/PackageManager﹕ Unknown permission com.amazon.device.messaging.permission.RECEIVE in package com.facebook.orca
10-09 08:49:20.037      819-853/? W/PackageManager﹕ Not granting permission android.permission.READ_LOGS to package com.classdojo.android (protectionLevel=50 flags=0x88be44)
10-09 08:49:20.037      819-853/? W/PackageManager﹕ Not granting permission android.permission.MANAGE_DOCUMENTS to package com.google.android.youtube (protectionLevel=2 flags=0x983ec5)
10-09 08:49:20.037      819-853/? W/PackageManager﹕ Unknown permission com.android.launcher.permission.READ_SETTINGS in package com.metago.astro
10-09 08:49:20.037      819-853/? W/PackageManager﹕ Unknown permission com.android.launcher.permission.WRITE_SETTINGS in package com.metago.astro
10-09 08:49:20.037      819-853/? W/PackageManager﹕ Not granting permission android.permission.WRITE_MEDIA_STORAGE to package com.metago.astro (protectionLevel=18 flags=0x98be44)
10-09 08:49:20.037      819-853/? W/PackageManager﹕ Unknown permission com.google.android.c2dm.permission.REGISTRATION in package com.rovio.angrybirdsstarwars.ads.iap
10-09 08:49:20.037      819-853/? W/PackageManager﹕ Unknown permission com.chrome.permission.DEVICE_EXTRAS in package com.android.chrome
10-09 08:49:20.037      819-853/? W/PackageManager﹕ Unknown permission com.sec.enterprise.knox.MDM_CONTENT_PROVIDER in package com.android.chrome
10-09 08:49:20.037      819-853/? W/PackageManager﹕ Unknown permission com.sprint.internal.permission.SYSTEMPROPERTIES in package com.lge.SprintHiddenMenu
10-09 08:49:20.037      819-853/? W/PackageManager﹕ Unknown permission com.sprint.internal.permission.SYSTEMPROPERTIES_WRITE in package com.lge.SprintHiddenMenu
10-09 08:49:20.037      819-853/? W/PackageManager﹕ Unknown permission com.sprint.internal.permission.CONNECTIONMANAGER in package com.lge.SprintHiddenMenu
10-09 08:49:20.037      819-853/? W/PackageManager﹕ Unknown permission com.sprint.internal.permission.PLATFORM in package com.lge.SprintHiddenMenu
10-09 08:49:20.037      819-853/? W/PackageManager﹕ Unknown permission com.sprint.internal.permission.OMADM in package com.lge.SprintHiddenMenu
10-09 08:49:20.037      819-853/? W/PackageManager﹕ Unknown permission android.permission.FACTORY in package com.lge.SprintHiddenMenu
10-09 08:49:20.037      819-853/? W/PackageManager﹕ Unknown permission com.lge.permission.LGHIDDEN in package com.lge.SprintHiddenMenu
10-09 08:49:20.037      819-853/? W/PackageManager﹕ Unknown permission android.permission.MMS_PUSH in package com.lge.SprintHiddenMenu
10-09 08:49:20.037      819-853/? W/PackageManager﹕ Unknown permission com.facebook.pages.app.provider.ACCESS in package com.facebook.katana
10-09 08:49:20.037      819-853/? W/PackageManager﹕ Not granting permission android.permission.BATTERY_STATS to package com.facebook.katana (protectionLevel=18 flags=0x8be44)
10-09 08:49:20.037      819-853/? W/PackageManager﹕ Unknown permission com.sec.android.provider.badge.permission.READ in package com.facebook.katana
10-09 08:49:20.037      819-853/? W/PackageManager﹕ Unknown permission com.sec.android.provider.badge.permission.WRITE in package com.facebook.katana
10-09 08:49:20.037      819-853/? W/PackageManager﹕ Unknown permission com.htc.launcher.permission.READ_SETTINGS in package com.facebook.katana
10-09 08:49:20.037      819-853/? W/PackageManager﹕ Unknown permission com.htc.launcher.permission.UPDATE_SHORTCUT in package com.facebook.katana
10-09 08:49:20.037      819-853/? W/PackageManager﹕ Unknown permission com.sonyericsson.home.permission.BROADCAST_BADGE in package com.facebook.katana
10-09 08:49:20.037      819-853/? W/PackageManager﹕ Unknown permission .home.permission.WRITE_BADGES in package com.facebook.katana
10-09 08:49:20.037      819-853/? W/PackageManager﹕ Unknown permission com.nokia.pushnotifications.permission.RECEIVE in package com.facebook.katana
10-09 08:49:20.037      819-853/? W/PackageManager﹕ Unknown permission com.amazon.device.messaging.permission.RECEIVE in package com.facebook.katana
10-09 08:49:20.297      819-853/? I/ActivityManager﹕ Force stopping com.facebook.katana appid=10110 user=0: pkg removed
10-09 08:49:20.347     819-3652/? I/PackageManager﹕ Adding preferred activity ComponentInfo{com.google.android.talk/com.google.android.apps.hangouts.phone.BabelHomeActivity} for user 0 :
10-09 08:49:20.397     819-1198/? I/PackageManager﹕ Adding preferred activity ComponentInfo{com.google.android.talk/com.google.android.apps.hangouts.phone.BabelHomeActivity} for user 0 :
10-09 08:49:20.457      819-829/? I/PackageManager﹕ Adding preferred activity ComponentInfo{com.google.android.talk/com.google.android.apps.hangouts.phone.BabelHomeActivity} for user 0 :
10-09 08:49:20.477      819-942/? I/PackageManager﹕ Adding preferred activity ComponentInfo{com.google.android.talk/com.google.android.apps.hangouts.phone.BabelHomeActivity} for user 0 :
10-09 08:49:20.517     819-1202/? I/PackageManager﹕ Adding preferred activity ComponentInfo{com.google.android.talk/com.google.android.apps.hangouts.phone.BabelHomeActivity} for user 0 :
10-09 08:49:20.527    2109-2109/? W/ContextImpl﹕ Calling a method in the system process without a qualified user: android.app.ContextImpl.startService:1487 android.content.ContextWrapper.startService:494 android.content.ContextWrapper.startService:494 com.android.keychain.KeyChainBroadcastReceiver.onReceive:12 android.app.ActivityThread.handleReceiver:2407
10-09 08:49:20.647     819-3652/? I/PackageManager﹕ Adding preferred activity ComponentInfo{com.google.android.talk/com.google.android.apps.hangouts.phone.BabelHomeActivity} for user 0 :
10-09 08:49:20.687     819-1101/? I/PackageManager﹕ Adding preferred activity ComponentInfo{com.google.android.talk/com.google.android.apps.hangouts.phone.BabelHomeActivity} for user 0 :
10-09 08:49:20.727     819-1198/? I/PackageManager﹕ Adding preferred activity ComponentInfo{com.google.android.talk/com.google.android.apps.hangouts.phone.BabelHomeActivity} for user 0 :
10-09 08:49:20.767      819-829/? I/PackageManager﹕ Adding preferred activity ComponentInfo{com.google.android.talk/com.google.android.apps.hangouts.phone.BabelHomeActivity} for user 0 :
10-09 08:49:20.787      819-846/? W/InputMethodInfo﹕ Duplicated subtype definition found: , voice
10-09 08:49:20.797     819-3652/? I/PackageManager﹕ Adding preferred activity ComponentInfo{com.google.android.talk/com.google.android.apps.hangouts.phone.BabelHomeActivity} for user 0 :
10-09 08:49:20.817     819-1201/? I/PackageManager﹕ Adding preferred activity ComponentInfo{com.google.android.talk/com.google.android.apps.hangouts.phone.BabelHomeActivity} for user 0 :
10-09 08:49:20.837     819-1198/? I/PackageManager﹕ Adding preferred activity ComponentInfo{com.google.android.talk/com.google.android.apps.hangouts.phone.BabelHomeActivity} for user 0 :
10-09 08:49:20.877     819-1201/? I/PackageManager﹕ Adding preferred activity ComponentInfo{com.google.android.talk/com.google.android.apps.hangouts.phone.BabelHomeActivity} for user 0 :
10-09 08:49:20.887      819-942/? I/PackageManager﹕ Adding preferred activity ComponentInfo{com.google.android.talk/com.google.android.apps.hangouts.phone.BabelHomeActivity} for user 0 :
10-09 08:49:20.927    819-14446/? I/PackageManager﹕ Adding preferred activity ComponentInfo{com.google.android.talk/com.google.android.apps.hangouts.phone.BabelHomeActivity} for user 0 :
10-09 08:49:20.957     819-1190/? I/PackageManager﹕ Adding preferred activity ComponentInfo{com.google.android.talk/com.google.android.apps.hangouts.phone.BabelHomeActivity} for user 0 :
10-09 08:49:21.007     819-1203/? I/PackageManager﹕ Adding preferred activity ComponentInfo{com.google.android.talk/com.google.android.apps.hangouts.phone.BabelHomeActivity} for user 0 :
10-09 08:49:21.037      819-830/? I/PackageManager﹕ Adding preferred activity ComponentInfo{com.google.android.talk/com.google.android.apps.hangouts.phone.BabelHomeActivity} for user 0 :
10-09 08:49:21.077      819-942/? I/PackageManager﹕ Adding preferred activity ComponentInfo{com.google.android.talk/com.google.android.apps.hangouts.phone.BabelHomeActivity} for user 0 :
10-09 08:49:21.107     819-3652/? I/PackageManager﹕ Adding preferred activity ComponentInfo{com.google.android.talk/com.google.android.apps.hangouts.phone.BabelHomeActivity} for user 0 :
10-09 08:49:21.137     819-1201/? I/PackageManager﹕ Adding preferred activity ComponentInfo{com.google.android.talk/com.google.android.apps.hangouts.phone.BabelHomeActivity} for user 0 :
10-09 08:49:21.177     819-3652/? I/PackageManager﹕ Adding preferred activity ComponentInfo{com.google.android.talk/com.google.android.apps.hangouts.phone.BabelHomeActivity} for user 0 :
10-09 08:49:21.207      819-942/? I/PackageManager﹕ Adding preferred activity ComponentInfo{com.google.android.talk/com.google.android.apps.hangouts.phone.BabelHomeActivity} for user 0 :
10-09 08:49:21.237      819-829/? I/PackageManager﹕ Adding preferred activity ComponentInfo{com.google.android.talk/com.google.android.apps.hangouts.phone.BabelHomeActivity} for user 0 :
10-09 08:49:21.377    819-14446/? I/ActivityManager﹕ Start proc com.facebook.katana:dash for broadcast com.facebook.katana/com.facebook.dash.receivers.DashPackageUninstallReceiver: pid=2531 uid=10110 gids={50110, 1028, 1015, 3003}
10-09 08:49:21.447      819-819/? D/BackupManagerService﹕ Received broadcast Intent { act=android.intent.action.PACKAGE_REMOVED dat=package:com.facebook.katana flg=0x4000010 (has extras) }
10-09 08:49:21.477      819-819/? D/BackupManagerService﹕ Received broadcast Intent { act=android.intent.action.PACKAGE_ADDED dat=package:com.facebook.katana flg=0x4000010 (has extras) }
10-09 08:49:21.477      819-819/? V/BackupManagerService﹕ removePackageParticipantsLocked: uid=10110 #1
10-09 08:49:21.477      819-819/? V/BackupManagerService﹕ addPackageParticipantsLocked: #1
10-09 08:49:23.557      819-881/? D/MobileDataStateTracker﹕ default: setPolicyDataEnable(enabled=true)
10-09 08:49:34.867     819-1200/? I/ActivityManager﹕ Start proc com.facebook.katana for content provider com.facebook.katana/.provider.orca.FbSharedPreferencesContentProvider: pid=2715 uid=10110 gids={50110, 1028, 1015, 3003}
10-09 08:49:34.897    819-14447/? I/ActivityManager﹕ Killing 31234:com.google.android.deskclock/u0a35 (adj 15): empty #17
10-09 08:49:34.907     819-1101/? I/ActivityManager﹕ Delay finish: com.google.android.apps.plus/.service.PackagesMediaMonitor
10-09 08:49:34.947     819-1201/? I/ActivityManager﹕ Resuming delayed broadcast
10-09 08:49:35.097     819-3652/? I/ActivityManager﹕ Delay finish: com.amazon.mShop.android/com.amazon.mas.client.install.foreground.PackageAddedReceiver
10-09 08:49:35.107     819-1202/? I/ActivityManager﹕ Resuming delayed broadcast
10-09 08:49:35.177     819-1101/? I/ActivityManager﹕ Delay finish: com.android.musicfx/.Compatibility$Receiver
10-09 08:49:35.187     819-1202/? I/ActivityManager﹕ Resuming delayed broadcast
10-09 08:49:35.247     819-1203/? I/ActivityManager﹕ Delay finish: biz.bokhorst.xprivacy/.PackageChange
10-09 08:49:35.257     819-1201/? I/ActivityManager﹕ Resuming delayed broadcast
10-09 08:49:36.397      819-853/? W/ActivityManager﹕ No content provider found for permission revoke: file:///data/data/com.android.vending/cache/patches/com.ubercab-1241770936.apk
10-09 08:49:36.417     819-1200/? I/ActivityManager﹕ Delay finish: com.android.vending/com.google.android.vending.verifier.PackageVerificationReceiver
10-09 08:49:36.417      819-942/? I/ActivityManager﹕ Resuming delayed broadcast
10-09 08:49:36.497      819-853/? W/ActivityManager﹕ No content provider found for permission revoke: file:///data/data/com.android.vending/cache/patches/com.ubercab-1241770936.apk
10-09 08:49:36.497      819-853/? I/PackageManager﹕ Copying native libraries to /data/app-lib/vmdl-1707973060
10-09 08:49:36.997      819-845/? W/BroadcastQueue﹕ Permission Denial: broadcasting Intent { act=android.net.conn.INET_CONDITION_ACTION flg=0x4000010 (has extras) } from null (pid=-1, uid=-1) requires com.facebook.permission.prod.FB_APP_COMMUNICATION due to registered receiver BroadcastFilter{442bc5f0 u0 ReceiverList{442bc568 2531 com.facebook.katana:dash/10110/u0 remote:44014660}}
10-09 08:49:36.997      819-845/? W/BroadcastQueue﹕ Permission Denial: broadcasting Intent { act=android.net.conn.CONNECTIVITY_CHANGE flg=0x4000010 (has extras) } from null (pid=-1, uid=-1) requires com.facebook.permission.prod.FB_APP_COMMUNICATION due to registered receiver BroadcastFilter{442bc5f0 u0 ReceiverList{442bc568 2531 com.facebook.katana:dash/10110/u0 remote:44014660}}
10-09 08:49:37.537      819-845/? W/BroadcastQueue﹕ Permission Denial: broadcasting Intent { act=android.net.conn.CONNECTIVITY_CHANGE flg=0x4000010 (has extras) } from null (pid=-1, uid=-1) requires com.facebook.permission.prod.FB_APP_COMMUNICATION due to registered receiver BroadcastFilter{457ad8c8 u0 ReceiverList{4591f558 2531 com.facebook.katana:dash/10110/u0 remote:4577f3e8}}
10-09 08:49:37.967      819-845/? I/ActivityManager﹕ Force stopping com.ubercab appid=10182 user=-1: uninstall pkg
10-09 08:49:38.087      819-853/? I/PackageManager﹕ Package com.ubercab codePath changed from /data/app/com.ubercab-1.apk to /data/app/com.ubercab-2.apk; Retaining data and using new
10-09 08:49:39.997      819-845/? I/ActivityManager﹕ Force stopping com.ubercab appid=10182 user=-1: update pkg
