10-09 08:49:21.037      819-830/? I/PackageManager﹕ Adding preferred activity ComponentInfo{com.google.android.talk/com.google.android.apps.hangouts.phone.BabelHomeActivity} for user 0 :
10-09 08:49:21.077      819-942/? I/PackageManager﹕ Adding preferred activity ComponentInfo{com.google.android.talk/com.google.android.apps.hangouts.phone.BabelHomeActivity} for user 0 :
10-09 08:49:21.107     819-3652/? I/PackageManager﹕ Adding preferred activity ComponentInfo{com.google.android.talk/com.google.android.apps.hangouts.phone.BabelHomeActivity} for user 0 :
10-09 08:49:21.137     819-1201/? I/PackageManager﹕ Adding preferred activity ComponentInfo{com.google.android.talk/com.google.android.apps.hangouts.phone.BabelHomeActivity} for user 0 :
10-09 08:49:21.177     819-3652/? I/PackageManager﹕ Adding preferred activity ComponentInfo{com.google.android.talk/com.google.android.apps.hangouts.phone.BabelHomeActivity} for user 0 :
10-09 08:49:21.207      819-942/? I/PackageManager﹕ Adding preferred activity ComponentInfo{com.google.android.talk/com.google.android.apps.hangouts.phone.BabelHomeActivity} for user 0 :
10-09 08:49:21.237      819-829/? I/PackageManager﹕ Adding preferred activity ComponentInfo{com.google.android.talk/com.google.android.apps.hangouts.phone.BabelHomeActivity} for user 0 :
10-09 08:49:21.377    819-14446/? I/ActivityManager﹕ Start proc com.facebook.katana:dash for broadcast com.facebook.katana/com.facebook.dash.receivers.DashPackageUninstallReceiver: pid=2531 uid=10110 gids={50110, 1028, 1015, 3003}
10-09 08:49:21.447      819-819/? D/BackupManagerService﹕ Received broadcast Intent { act=android.intent.action.PACKAGE_REMOVED dat=package:com.facebook.katana flg=0x4000010 (has extras) }
10-09 08:49:21.477      819-819/? D/BackupManagerService﹕ Received broadcast Intent { act=android.intent.action.PACKAGE_ADDED dat=package:com.facebook.katana flg=0x4000010 (has extras) }
10-09 08:49:21.477      819-819/? V/BackupManagerService﹕ removePackageParticipantsLocked: uid=10110 #1
10-09 08:49:21.477      819-819/? V/BackupManagerService﹕ addPackageParticipantsLocked: #1
10-09 08:49:23.557      819-881/? D/MobileDataStateTracker﹕ default: setPolicyDataEnable(enabled=true)
10-09 08:49:34.867     819-1200/? I/ActivityManager﹕ Start proc com.facebook.katana for content provider com.facebook.katana/.provider.orca.FbSharedPreferencesContentProvider: pid=2715 uid=10110 gids={50110, 1028, 1015, 3003}
10-09 08:49:34.897    819-14447/? I/ActivityManager﹕ Killing 31234:com.google.android.deskclock/u0a35 (adj 15): empty #17
10-09 08:49:34.907     819-1101/? I/ActivityManager﹕ Delay finish: com.google.android.apps.plus/.service.PackagesMediaMonitor
10-09 08:49:34.947     819-1201/? I/ActivityManager﹕ Resuming delayed broadcast
10-09 08:49:35.097     819-3652/? I/ActivityManager﹕ Delay finish: com.amazon.mShop.android/com.amazon.mas.client.install.foreground.PackageAddedReceiver
10-09 08:49:35.107     819-1202/? I/ActivityManager﹕ Resuming delayed broadcast
10-09 08:49:35.177     819-1101/? I/ActivityManager﹕ Delay finish: com.android.musicfx/.Compatibility$Receiver
10-09 08:49:35.187     819-1202/? I/ActivityManager﹕ Resuming delayed broadcast
10-09 08:49:35.247     819-1203/? I/ActivityManager﹕ Delay finish: biz.bokhorst.xprivacy/.PackageChange
10-09 08:49:35.257     819-1201/? I/ActivityManager﹕ Resuming delayed broadcast
10-09 08:49:36.397      819-853/? W/ActivityManager﹕ No content provider found for permission revoke: file:///data/data/com.android.vending/cache/patches/com.ubercab-1241770936.apk
10-09 08:49:36.417     819-1200/? I/ActivityManager﹕ Delay finish: com.android.vending/com.google.android.vending.verifier.PackageVerificationReceiver
10-09 08:49:36.417      819-942/? I/ActivityManager﹕ Resuming delayed broadcast
10-09 08:49:36.497      819-853/? W/ActivityManager﹕ No content provider found for permission revoke: file:///data/data/com.android.vending/cache/patches/com.ubercab-1241770936.apk
10-09 08:49:36.497      819-853/? I/PackageManager﹕ Copying native libraries to /data/app-lib/vmdl-1707973060
10-09 08:49:36.997      819-845/? W/BroadcastQueue﹕ Permission Denial: broadcasting Intent { act=android.net.conn.INET_CONDITION_ACTION flg=0x4000010 (has extras) } from null (pid=-1, uid=-1) requires com.facebook.permission.prod.FB_APP_COMMUNICATION due to registered receiver BroadcastFilter{442bc5f0 u0 ReceiverList{442bc568 2531 com.facebook.katana:dash/10110/u0 remote:44014660}}
10-09 08:49:36.997      819-845/? W/BroadcastQueue﹕ Permission Denial: broadcasting Intent { act=android.net.conn.CONNECTIVITY_CHANGE flg=0x4000010 (has extras) } from null (pid=-1, uid=-1) requires com.facebook.permission.prod.FB_APP_COMMUNICATION due to registered receiver BroadcastFilter{442bc5f0 u0 ReceiverList{442bc568 2531 com.facebook.katana:dash/10110/u0 remote:44014660}}
10-09 08:49:37.537      819-845/? W/BroadcastQueue﹕ Permission Denial: broadcasting Intent { act=android.net.conn.CONNECTIVITY_CHANGE flg=0x4000010 (has extras) } from null (pid=-1, uid=-1) requires com.facebook.permission.prod.FB_APP_COMMUNICATION due to registered receiver BroadcastFilter{457ad8c8 u0 ReceiverList{4591f558 2531 com.facebook.katana:dash/10110/u0 remote:4577f3e8}}
10-09 08:49:37.967      819-845/? I/ActivityManager﹕ Force stopping com.ubercab appid=10182 user=-1: uninstall pkg
10-09 08:49:38.087      819-853/? I/PackageManager﹕ Package com.ubercab codePath changed from /data/app/com.ubercab-1.apk to /data/app/com.ubercab-2.apk; Retaining data and using new
10-09 08:49:39.997      819-845/? I/ActivityManager﹕ Force stopping com.ubercab appid=10182 user=-1: update pkg
10-09 08:49:39.997      819-853/? W/PackageManager﹕ Code path for pkg : com.ubercab changing from /data/app/com.ubercab-1.apk to /data/app/com.ubercab-2.apk
10-09 08:49:39.997      819-853/? W/PackageManager﹕ Resource path for pkg : com.ubercab changing from /data/app/com.ubercab-1.apk to /data/app/com.ubercab-2.apk
10-09 08:49:40.117      819-853/? W/PackageManager﹕ Unknown permission com.dsi.ant.permission.ANT in package com.google.android.maps.mytracks
10-09 08:49:40.117      819-853/? W/PackageManager﹕ Unknown permission com.dsi.ant.permission.ANT_ADMIN in package com.google.android.maps.mytracks
10-09 08:49:40.117      819-853/? W/PackageManager﹕ Unknown permission com.united.mobile.android.Main.permission.MAPS_RECEIVE in package com.united.mobile.android
10-09 08:49:40.117      819-853/? W/PackageManager﹕ Unknown permission com.united.mobile.android.permission.C2D_MESSAGE in package com.united.mobile.android
10-09 08:49:40.117      819-853/? W/PackageManager﹕ Not granting permission android.permission.SET_DEBUG_APP to package com.united.mobile.android (protectionLevel=50 flags=0x88be44)
10-09 08:49:40.117      819-853/? W/PackageManager﹕ Unknown permission com.android.smspush.WAPPUSH_MANAGER_BIND in package com.android.phone
10-09 08:49:40.117      819-853/? W/PackageManager﹕ Unknown permission android.permission.WRITE_SYNC_STATS in package com.google.android.apps.docs.editors.sheets
10-09 08:49:40.117      819-853/? W/PackageManager﹕ Not granting permission com.google.android.gm.permission.READ_GMAIL to package com.google.android.apps.docs.editors.sheets (protectionLevel=2 flags=0x98be44)
10-09 08:49:40.117      819-853/? W/PackageManager﹕ Not granting permission com.google.android.googleapps.permission.GOOGLE_AUTH.ALL_SERVICES to package com.google.android.apps.docs.editors.sheets (protectionLevel=2 flags=0x98be44)
10-09 08:49:40.117      819-853/? W/PackageManager﹕ Unknown permission com.android.gallery3d.permission.GALLERY_PROVIDER in package com.android.bluetooth
10-09 08:49:40.117      819-853/? W/PackageManager﹕ Unknown permission android.permission.MMS_SEND_OUTBOX_MSG in package com.android.bluetooth
10-09 08:49:40.117      819-853/? W/PackageManager﹕ Not granting permission android.permission.READ_LOGS to package com.nolanlawson.logcat (protectionLevel=50 flags=0x8be44)
10-09 08:49:40.117      819-853/? W/PackageManager﹕ Unknown permission com.motorola.permission.ACCESS_CHECKIN in package com.motorola.targetnotif
10-09 08:49:40.117      819-853/? W/PackageManager﹕ Not granting permission android.permission.CONNECTIVITY_INTERNAL to package com.motorola.targetnotif (protectionLevel=18 flags=0x98be44)
10-09 08:49:40.117      819-853/? W/PackageManager﹕ Unknown permission com.motorola.permission.WRITE_SECURE_SETTINGS in package com.motorola.targetnotif
10-09 08:49:40.117      819-853/? W/PackageManager﹕ Unknown permission com.motorola.ccc.plm.permission.READPROVIDER in package com.motorola.targetnotif
10-09 08:49:40.117      819-853/? W/PackageManager﹕ Unknown permission android.permission.BODY_SENSORS in package com.motorola.targetnotif
10-09 08:49:40.117      819-853/? W/PackageManager﹕ Unknown permission com.motorola.ccc.notification.READ_NOTIFICATIONS in package com.motorola.targetnotif
10-09 08:49:40.117      819-853/? W/PackageManager﹕ Unknown permission com.motorola.ccc.notification.WRITE_NOTIFICATIONS in package com.motorola.targetnotif
10-09 08:49:40.117      819-853/? W/PackageManager﹕ Unknown permission android.permission.ACCESS_BSCI_DRM in package com.HBO
10-09 08:49:40.117      819-853/? W/PackageManager﹕ Unknown permission com.amazon.permission.SET_FLAG_NOSOFTKEYS in package com.HBO
10-09 08:49:40.117      819-853/? W/PackageManager﹕ Unknown permission com.amazon.permission.SET_FLAG_EXPANDED_SOFTKEYS in package com.HBO
10-09 08:49:40.117      819-853/? W/PackageManager﹕ Not granting permission android.permission.DEVICE_POWER to package com.google.android.deskclock (protectionLevel=2 flags=0xc8be45)
10-09 08:49:40.117      819-853/? W/PackageManager﹕ Unknown permission android.permission.READ_OWNER_DATA in package com.google.android.setupwizard
10-09 08:49:40.117      819-853/? W/PackageManager﹕ Unknown permission android.permission.WRITE_OWNER_DATA in package com.google.android.setupwizard
10-09 08:49:40.117      819-853/? W/PackageManager﹕ Unknown permission com.android.launcher.permission.READ_SETTINGS in package com.android.settings
10-09 08:49:40.117      819-853/? W/PackageManager﹕ Unknown permission com.android.launcher.permission.WRITE_SETTINGS in package com.android.settings
10-09 08:49:40.117      819-853/? W/PackageManager﹕ Unknown permission com.amazon.dcp.sso.permission.AMAZON_ACCOUNT_PROPERTY in package com.amazon.kindle
10-09 08:49:40.117      819-853/? W/PackageManager﹕ Unknown permission com.amazon.dcp.metrics.permission.METRICS_PERMISSION in package com.amazon.kindle
10-09 08:49:40.117      819-853/? W/PackageManager﹕ Unknown permission com.amazon.dcp.config.permission.DYN_CONFIG_VALUES_UPDATED in package com.amazon.kindle
10-09 08:49:40.117      819-853/? W/PackageManager﹕ Unknown permission com.amazon.identity.permission.GENERIC_IPC in package com.amazon.kindle
10-09 08:49:40.117      819-853/? W/PackageManager﹕ Unknown permission com.amazon.dcp.sso.permission.USE_DEVICE_CREDENTIALS in package com.amazon.kindle
10-09 08:49:40.117      819-853/? W/PackageManager﹕ Unknown permission com.amazon.dcp.sso.permission.MANAGE_COR_PFM in package com.amazon.kindle
10-09 08:49:40.117      819-853/? W/PackageManager﹕ Unknown permission com.amazon.dcp.sso.permission.CUSTOMER_ATTRIBUTE_SERVICE in package com.amazon.kindle
10-09 08:49:40.117      819-853/? W/PackageManager﹕ Unknown permission amazon.permission.COLLECT_METRICS in package com.amazon.kindle
10-09 08:49:40.117      819-853/? W/PackageManager﹕ Unknown permission com.sprint.internal.permission.SYSTEMPROPERTIES in package com.redbend.vdmc
10-09 08:49:40.117      819-853/? W/PackageManager﹕ Unknown permission com.sprint.internal.permission.SYSTEMPROPERTIES_WRITE in package com.redbend.vdmc
10-09 08:49:40.117      819-853/? W/PackageManager﹕ Unknown permission com.sprint.internal.permission.CONNECTIONMANAGER in package com.redbend.vdmc
10-09 08:49:40.117      819-853/? W/PackageManager﹕ Unknown permission com.sprint.internal.permission.PLATFORM in package com.redbend.vdmc
10-09 08:49:40.117      819-853/? W/PackageManager﹕ Unknown permission com.facebook.pages.app.provider.ACCESS in package com.facebook.katana
10-09 08:49:40.117      819-853/? W/PackageManager﹕ Not granting permission android.permission.BATTERY_STATS to package com.facebook.katana (protectionLevel=18 flags=0x88be44)
10-09 08:49:40.117      819-853/? W/PackageManager﹕ Unknown permission com.sec.android.provider.badge.permission.READ in package com.facebook.katana
10-09 08:49:40.117      819-853/? W/PackageManager﹕ Unknown permission com.sec.android.provider.badge.permission.WRITE in package com.facebook.katana
10-09 08:49:40.117      819-853/? W/PackageManager﹕ Unknown permission com.htc.launcher.permission.READ_SETTINGS in package com.facebook.katana
10-09 08:49:40.117      819-853/? W/PackageManager﹕ Unknown permission com.htc.launcher.permission.UPDATE_SHORTCUT in package com.facebook.katana
10-09 08:49:40.117      819-853/? W/PackageManager﹕ Unknown permission com.sonyericsson.home.permission.BROADCAST_BADGE in package com.facebook.katana
10-09 08:49:40.117      819-853/? W/PackageManager﹕ Unknown permission .home.permission.WRITE_BADGES in package com.facebook.katana
10-09 08:49:40.117      819-853/? W/PackageManager﹕ Unknown permission com.nokia.pushnotifications.permission.RECEIVE in package com.facebook.katana
10-09 08:49:40.117      819-853/? W/PackageManager﹕ Unknown permission com.amazon.device.messaging.permission.RECEIVE in package com.facebook.katana
10-09 08:49:40.117      819-853/? W/PackageManager﹕ Unknown permission com.google.android.voicesearch.SHORTCUTS_ACCESS in package com.google.android.googlequicksearchbox
10-09 08:49:40.117      819-853/? W/PackageManager﹕ Unknown permission com.google.android.voicesearch.ACCESS_SETTINGS in package com.google.android.googlequicksearchbox
10-09 08:49:40.117      819-853/? W/PackageManager﹕ Unknown permission com.android.browser.permission.PRELOAD in package com.google.android.googlequicksearchbox
10-09 08:49:40.117      819-853/? W/PackageManager﹕ Unknown permission com.google.android.apps.googlevoice.permission.AUTO_SEND in package com.google.android.googlequicksearchbox
10-09 08:49:40.117      819-853/? W/PackageManager﹕ Not granting permission android.permission.STOP_APP_SWITCHES to package com.google.android.googlequicksearchbox (protectionLevel=18 flags=0x40dbbec5)
10-09 08:49:40.117      819-853/? W/PackageManager﹕ Not granting permission android.permission.READ_LOGS to package org.jtb.alogcat (protectionLevel=50 flags=0x8be44)
10-09 08:49:40.117      819-853/? W/PackageManager﹕ Unknown permission biz.bokhorst.xprivacy.pro.CHECK in package biz.bokhorst.xprivacy
10-09 08:49:40.117      819-853/? W/PackageManager﹕ Unknown permission cydia.permission.SUBSTRATE in package biz.bokhorst.xprivacy
10-09 08:49:40.117      819-853/? W/PackageManager﹕ Unknown permission android.permission.ADD_SYSTEM_SERVICE in package com.pandora.android
10-09 08:49:40.117      819-853/? W/PackageManager﹕ Unknown permission com.android.launcher.permission.READ_SETTINGS in package com.google.android.launcher
10-09 08:49:40.117      819-853/? W/PackageManager﹕ Unknown permission com.android.launcher.permission.WRITE_SETTINGS in package com.google.android.launcher
10-09 08:49:40.117      819-853/? W/PackageManager﹕ Unknown permission android.permission.WRITE_SYNC_STATS in package com.google.android.apps.docs
10-09 08:49:40.117      819-853/? W/PackageManager﹕ Not granting permission android.permission.ACCESS_CHECKIN_PROPERTIES to package com.google.android.apps.googlevoice (protectionLevel=18 flags=0x88be44)
10-09 08:49:40.117      819-853/? W/PackageManager﹕ Unknown permission com.google.android.apps.googlevoice.REMOTE_INTENT in package com.google.android.apps.googlevoice
10-09 08:49:40.117      819-853/? W/PackageManager﹕ Unknown permission com.google.android.permission.RECEIVE_DATA_MESSAGE in package com.google.android.apps.googlevoice
10-09 08:49:40.117      819-853/? W/PackageManager﹕ Unknown permission com.google.android.permission.SEND_DATA_MESSAGE in package com.google.android.apps.googlevoice
10-09 08:49:40.117      819-853/? W/PackageManager﹕ Unknown permission com.android.providers.voicemail.permission.READ_WRITE_ALL_VOICEMAIL in package com.google.android.apps.googlevoice
10-09 08:49:40.117      819-853/? W/PackageManager﹕ Unknown permission com.android.providers.voicemail.permission.READ_WRITE_OWN_VOICEMAIL in package com.google.android.apps.googlevoice
10-09 08:49:40.117      819-853/? W/PackageManager﹕ Unknown permission com.android.launcher.permission.READ_SETTINGS in package com.google.android.onetimeinitializer
10-09 08:49:40.117      819-853/? W/PackageManager﹕ Unknown permission com.android.launcher.permission.WRITE_SETTINGS in package com.google.android.onetimeinitializer
10-09 08:49:40.117      819-853/? W/PackageManager﹕ Not granting permission android.permission.SEND_DOWNLOAD_COMPLETED_INTENTS to package com.android.vending (protectionLevel=2 flags=0x408abec5)
10-09 08:49:40.117      819-853/? W/PackageManager﹕ Unknown permission android.permission.SEND_SMS_NO_CONFIRMATION in package com.android.vending
10-09 08:49:40.117      819-853/? W/PackageManager﹕ Not granting permission android.permission.FORCE_STOP_PACKAGES to package com.android.vending (protectionLevel=18 flags=0x408abec5)
10-09 08:49:40.117      819-853/? W/PackageManager﹕ Unknown permission .permission.C2D_MESSAGE in package ch.bitspin.timely
10-09 08:49:40.117      819-853/? W/PackageManager﹕ Not granting permission android.permission.BIND_WALLPAPER to package com.google.android.GoogleCamera (protectionLevel=18 flags=0xd8bcc5)
10-09 08:49:40.117      819-853/? W/PackageManager﹕ Not granting permission android.permission.REBOOT to package eu.chainfire.supersu (protectionLevel=18 flags=0x883e85)
10-09 08:49:40.117      819-853/? W/PackageManager﹕ Not granting permission android.permission.READ_DREAM_STATE to package com.google.android.gsf (protectionLevel=2 flags=0x40883e45)
10-09 08:49:40.117      819-853/? W/PackageManager﹕ Unknown permission android.permission.NETWORK in package com.adobe.psmobile
10-09 08:49:40.117      819-853/? W/PackageManager﹕ Unknown permission com.android.vending.billing.IBillingAccountService.BIND2 in package com.google.android.gsf.login
10-09 08:49:40.117      819-853/? W/PackageManager﹕ Not granting permission android.permission.BROADCAST_PACKAGE_REMOVED to package com.google.android.marvin.talkback (protectionLevel=2 flags=0x40c9bec5)
10-09 08:49:40.117      819-853/? W/PackageManager﹕ Unknown permission android.permission.NETWORK in package com.trello
10-09 08:49:40.117      819-853/? W/PackageManager﹕ Unknown permission android.permission.READ_MEDIA_STORAGE in package com.keramidas.TitaniumBackup
10-09 08:49:40.117      819-853/? W/PackageManager﹕ Not granting permission android.permission.WRITE_MEDIA_STORAGE to package com.keramidas.TitaniumBackup (protectionLevel=18 flags=0x8be44)
10-09 08:49:40.117      819-853/? W/PackageManager﹕ Not granting permission com.android.voicemail.permission.READ_WRITE_ALL_VOICEMAIL to package com.keramidas.TitaniumBackup (protectionLevel=18 flags=0x8be44)
10-09 08:49:40.117      819-853/? W/PackageManager﹕ Not granting permission android.permission.BROADCAST_SMS to package com.keramidas.TitaniumBackup (protectionLevel=2 flags=0x8be44)
10-09 08:49:40.117      819-853/? W/PackageManager﹕ Not granting permission android.permission.BROADCAST_WAP_PUSH to package com.keramidas.TitaniumBackup (protectionLevel=2 flags=0x8be44)
10-09 08:49:40.117      819-853/? W/PackageManager﹕ Unknown permission android.permission.RECOVERY in package com.google.android.gms
10-09 08:49:40.117      819-853/? W/PackageManager﹕ Not granting permission android.permission.READ_DREAM_STATE to package com.google.android.gms (protectionLevel=2 flags=0x40c83ec5)
10-09 08:49:40.117      819-853/? W/PackageManager﹕ Unknown permission android.permission.PROVIDE_TRUST_AGENT in package com.google.android.gms
10-09 08:49:40.117      819-853/? W/PackageManager﹕ Unknown permission com.google.android.apps.enterprise.dmagent.permission.AutoSyncPermission in package com.google.android.gms
10-09 08:49:40.117      819-853/? W/PackageManager﹕ Unknown permission android.permission.MANAGE_VOICE_KEYPHRASES in package com.google.android.gms
10-09 08:49:40.117      819-853/? W/PackageManager﹕ Unknown permission android.permission.READ_WIFI_CREDENTIAL in package com.google.android.gms
10-09 08:49:40.117      819-853/? W/PackageManager﹕ Unknown permission android.permission.CONTROL_INCALL_EXPERIENCE in package com.google.android.gms
10-09 08:49:40.117      819-853/? W/PackageManager﹕ Unknown permission android.permission.USER_ACTIVITY in package com.google.android.gms
10-09 08:49:40.117      819-853/? W/PackageManager﹕ Unknown permission com.google.android.wearable.READ_SETTINGS in package com.google.android.gms
10-09 08:49:40.117      819-853/? W/PackageManager﹕ Unknown permission android.permission.SCORE_NETWORKS in package com.google.android.gms
10-09 08:49:40.117      819-853/? W/PackageManager﹕ Unknown permission android.permission.BODY_SENSORS in package com.google.android.gms
10-09 08:49:40.117      819-853/? W/PackageManager﹕ Not granting permission android.permission.FORCE_STOP_PACKAGES to package com.google.android.gms (protectionLevel=18 flags=0x40c83ec5)
10-09 08:49:40.127      819-853/? W/PackageManager﹕ Not granting permission android.permission.MOUNT_UNMOUNT_FILESYSTEMS to package com.tivophone.android (protectionLevel=18 flags=0x80be44)
10-09 08:49:40.127      819-853/? W/PackageManager﹕ Not granting permission android.permission.READ_LOGS to package com.tivophone.android (protectionLevel=50 flags=0x80be44)
10-09 08:49:40.127      819-853/? W/PackageManager﹕ Not granting permission android.permission.ACCESS_SUPERUSER to package ru.org.amip.ClockSync because it was previously installed without
10-09 08:49:40.127      819-853/? W/PackageManager﹕ Unknown permission android.permission.WRITE_SYNC_STATS in package com.google.android.apps.docs.editors.docs
10-09 08:49:40.127      819-853/? W/PackageManager﹕ Not granting permission com.google.android.gm.permission.READ_GMAIL to package com.google.android.apps.docs.editors.docs (protectionLevel=2 flags=0x98be44)
10-09 08:49:40.127      819-853/? W/PackageManager﹕ Not granting permission com.google.android.googleapps.permission.GOOGLE_AUTH.ALL_SERVICES to package com.google.android.apps.docs.editors.docs (protectionLevel=2 flags=0x98be44)
10-09 08:49:40.127      819-853/? W/PackageManager﹕ Unknown permission android.permission.RECORD_VIDEO in package com.fivemobile.amica.fnol
10-09 08:49:40.127      819-853/? W/PackageManager﹕ Not granting permission android.permission.SET_DEBUG_APP to package com.fivemobile.amica.fnol (protectionLevel=50 flags=0x88be44)
10-09 08:49:40.127      819-853/? W/PackageManager﹕ Not granting permission com.google.android.gm.permission.AUTO_SEND to package com.google.android.wearable.app (protectionLevel=2 flags=0x883e44)
10-09 08:49:40.127      819-853/? W/PackageManager﹕ Not granting permission android.permission.MEDIA_CONTENT_CONTROL to package com.google.android.wearable.app (protectionLevel=18 flags=0x883e44)
10-09 08:49:40.127      819-853/? W/PackageManager﹕ Unknown permission com.android.launcher.permission.PRELOAD_WORKSPACE in package com.google.android.partnersetup
10-09 08:49:40.127      819-853/? W/PackageManager﹕ Unknown permission android.permission.READ_APN_SETTINGS in package edu.berkeley.icsi.netalyzr.android
10-09 08:49:40.127      819-853/? W/PackageManager﹕ Unknown permission com.android.launcher.permission.READ_SETTINGS in package com.amazon.mShop.android
10-09 08:49:40.127      819-853/? W/PackageManager﹕ Unknown permission com.android.amazon.dcp.ota.permission.INSTALL_PACKAGES in package com.amazon.mShop.android
10-09 08:49:40.127      819-853/? W/PackageManager﹕ Unknown permission com.amazon.mas.client.settings.provider.CONTENT_PROVIDER_ACCESS in package com.amazon.mShop.android
10-09 08:49:40.127      819-853/? W/PackageManager﹕ Unknown permission com.amazon.dcp.metrics.permission.METRICS_PERMISSION in package com.amazon.mShop.android
10-09 08:49:40.127      819-853/? W/PackageManager﹕ Unknown permission com.amazon.dcp.config.permission.DYN_CONFIG_VALUES_UPDATED in package com.amazon.mShop.android
10-09 08:49:40.127      819-853/? W/PackageManager﹕ Unknown permission com.amazon.identity.permission.GENERIC_IPC in package com.amazon.mShop.android
10-09 08:49:40.127      819-853/? W/PackageManager﹕ Unknown permission com.amazon.dcp.sso.permission.USE_DEVICE_CREDENTIALS in package com.amazon.mShop.android
10-09 08:49:40.127      819-853/? W/PackageManager﹕ Unknown permission com.amazon.dcp.sso.permission.MANAGE_COR_PFM in package com.amazon.mShop.android
10-09 08:49:40.127      819-853/? W/PackageManager﹕ Unknown permission com.amazon.dcp.sso.permission.CUSTOMER_ATTRIBUTE_SERVICE in package com.amazon.mShop.android
10-09 08:49:40.127      819-853/? W/PackageManager﹕ Unknown permission amazon.permission.COLLECT_METRICS in package com.amazon.mShop.android
10-09 08:49:40.127      819-853/? W/PackageManager﹕ Unknown permission com.sonyericsson.home.permission.BROADCAST_BADGE in package com.twitter.android
10-09 08:49:40.127      819-853/? W/PackageManager﹕ Unknown permission com.sec.android.provider.badge.permission.READ in package com.twitter.android
10-09 08:49:40.127      819-853/? W/PackageManager﹕ Unknown permission com.sec.android.provider.badge.permission.WRITE in package com.twitter.android
10-09 08:49:40.127      819-853/? W/PackageManager﹕ Not granting permission android.permission.BATTERY_STATS to package com.facebook.orca (protectionLevel=18 flags=0x88be44)
10-09 08:49:40.127      819-853/? W/PackageManager﹕ Unknown permission com.sec.android.provider.badge.permission.READ in package com.facebook.orca
10-09 08:49:40.127      819-853/? W/PackageManager﹕ Unknown permission com.sec.android.provider.badge.permission.WRITE in package com.facebook.orca
10-09 08:49:40.127      819-853/? W/PackageManager﹕ Unknown permission com.htc.launcher.permission.READ_SETTINGS in package com.facebook.orca
10-09 08:49:40.127      819-853/? W/PackageManager﹕ Unknown permission com.htc.launcher.permission.UPDATE_SHORTCUT in package com.facebook.orca
10-09 08:49:40.127      819-853/? W/PackageManager﹕ Unknown permission com.sonyericsson.home.permission.BROADCAST_BADGE in package com.facebook.orca
10-09 08:49:40.127      819-853/? W/PackageManager﹕ Unknown permission .home.permission.WRITE_BADGES in package com.facebook.orca
10-09 08:49:40.127      819-853/? W/PackageManager﹕ Unknown permission com.nokia.pushnotifications.permission.RECEIVE in package com.facebook.orca
10-09 08:49:40.127      819-853/? W/PackageManager﹕ Unknown permission com.amazon.device.messaging.permission.RECEIVE in package com.facebook.orca
10-09 08:49:40.127      819-853/? W/PackageManager﹕ Not granting permission android.permission.READ_LOGS to package com.classdojo.android (protectionLevel=50 flags=0x88be44)
10-09 08:49:40.127      819-853/? W/PackageManager﹕ Not granting permission android.permission.MANAGE_DOCUMENTS to package com.google.android.youtube (protectionLevel=2 flags=0x983ec5)
10-09 08:49:40.127      819-853/? W/PackageManager﹕ Unknown permission com.android.launcher.permission.READ_SETTINGS in package com.metago.astro
10-09 08:49:40.127      819-853/? W/PackageManager﹕ Unknown permission com.android.launcher.permission.WRITE_SETTINGS in package com.metago.astro
10-09 08:49:40.127      819-853/? W/PackageManager﹕ Not granting permission android.permission.WRITE_MEDIA_STORAGE to package com.metago.astro (protectionLevel=18 flags=0x98be44)
10-09 08:49:40.127      819-853/? W/PackageManager﹕ Unknown permission com.google.android.c2dm.permission.REGISTRATION in package com.rovio.angrybirdsstarwars.ads.iap
10-09 08:49:40.127      819-853/? W/PackageManager﹕ Unknown permission com.chrome.permission.DEVICE_EXTRAS in package com.android.chrome
10-09 08:49:40.127      819-853/? W/PackageManager﹕ Unknown permission com.sec.enterprise.knox.MDM_CONTENT_PROVIDER in package com.android.chrome
10-09 08:49:40.127      819-853/? W/PackageManager﹕ Unknown permission com.sprint.internal.permission.SYSTEMPROPERTIES in package com.lge.SprintHiddenMenu
10-09 08:49:40.127      819-853/? W/PackageManager﹕ Unknown permission com.sprint.internal.permission.SYSTEMPROPERTIES_WRITE in package com.lge.SprintHiddenMenu
10-09 08:49:40.127      819-853/? W/PackageManager﹕ Unknown permission com.sprint.internal.permission.CONNECTIONMANAGER in package com.lge.SprintHiddenMenu
10-09 08:49:40.127      819-853/? W/PackageManager﹕ Unknown permission com.sprint.internal.permission.PLATFORM in package com.lge.SprintHiddenMenu
10-09 08:49:40.127      819-853/? W/PackageManager﹕ Unknown permission com.sprint.internal.permission.OMADM in package com.lge.SprintHiddenMenu
10-09 08:49:40.127      819-853/? W/PackageManager﹕ Unknown permission android.permission.FACTORY in package com.lge.SprintHiddenMenu
10-09 08:49:40.127      819-853/? W/PackageManager﹕ Unknown permission com.lge.permission.LGHIDDEN in package com.lge.SprintHiddenMenu
10-09 08:49:40.127      819-853/? W/PackageManager﹕ Unknown permission android.permission.MMS_PUSH in package com.lge.SprintHiddenMenu
10-09 08:49:40.327      819-853/? I/ActivityManager﹕ Force stopping com.ubercab appid=10182 user=0: pkg removed
10-09 08:49:40.417     819-3652/? I/PackageManager﹕ Adding preferred activity ComponentInfo{com.google.android.talk/com.google.android.apps.hangouts.phone.BabelHomeActivity} for user 0 :
10-09 08:49:40.437      819-942/? I/PackageManager﹕ Adding preferred activity ComponentInfo{com.google.android.talk/com.google.android.apps.hangouts.phone.BabelHomeActivity} for user 0 :
10-09 08:49:40.457      819-829/? I/PackageManager﹕ Adding preferred activity ComponentInfo{com.google.android.talk/com.google.android.apps.hangouts.phone.BabelHomeActivity} for user 0 :
10-09 08:49:40.497      819-857/? I/PackageManager﹕ Adding preferred activity ComponentInfo{com.google.android.talk/com.google.android.apps.hangouts.phone.BabelHomeActivity} for user 0 :
10-09 08:49:40.497    2109-2109/? W/ContextImpl﹕ Calling a method in the system process without a qualified user: android.app.ContextImpl.startService:1487 android.content.ContextWrapper.startService:494 android.content.ContextWrapper.startService:494 com.android.keychain.KeyChainBroadcastReceiver.onReceive:12 android.app.ActivityThread.handleReceiver:2407
10-09 08:49:40.517      819-846/? W/InputMethodInfo﹕ Duplicated subtype definition found: , voice
10-09 08:49:40.527     819-1202/? I/ActivityManager﹕ Delay finish: com.android.keychain/.KeyChainBroadcastReceiver
10-09 08:49:40.527    819-14448/? I/PackageManager﹕ Adding preferred activity ComponentInfo{com.google.android.talk/com.google.android.apps.hangouts.phone.BabelHomeActivity} for user 0 :
10-09 08:49:40.537     819-1202/? I/ActivityManager﹕ Resuming delayed broadcast
10-09 08:49:40.547      819-942/? I/PackageManager﹕ Adding preferred activity ComponentInfo{com.google.android.talk/com.google.android.apps.hangouts.phone.BabelHomeActivity} for user 0 :
10-09 08:49:40.567      819-819/? D/BackupManagerService﹕ Received broadcast Intent { act=android.intent.action.PACKAGE_REMOVED dat=package:com.ubercab flg=0x4000010 (has extras) }
10-09 08:49:40.577      819-856/? I/PackageManager﹕ Adding preferred activity ComponentInfo{com.google.android.talk/com.google.android.apps.hangouts.phone.BabelHomeActivity} for user 0 :
10-09 08:49:40.577      819-829/? I/ActivityManager﹕ Delay finish: eu.chainfire.supersu/.InstallReceiver
10-09 08:49:40.587    819-14447/? I/ActivityManager﹕ Resuming delayed broadcast
10-09 08:49:40.587     819-1198/? I/PackageManager﹕ Adding preferred activity ComponentInfo{com.google.android.talk/com.google.android.apps.hangouts.phone.BabelHomeActivity} for user 0 :
10-09 08:49:40.667      819-819/? D/BackupManagerService﹕ Received broadcast Intent { act=android.intent.action.PACKAGE_ADDED dat=package:com.ubercab flg=0x4000010 (has extras) }
10-09 08:49:40.667      819-819/? V/BackupManagerService﹕ removePackageParticipantsLocked: uid=10182 #1
10-09 08:49:40.667      819-942/? I/PackageManager﹕ Adding preferred activity ComponentInfo{com.google.android.talk/com.google.android.apps.hangouts.phone.BabelHomeActivity} for user 0 :
10-09 08:49:40.697      819-819/? V/BackupManagerService﹕ addPackageParticipantsLocked: #1
10-09 08:49:40.697     819-1201/? I/PackageManager﹕ Adding preferred activity ComponentInfo{com.google.android.talk/com.google.android.apps.hangouts.phone.BabelHomeActivity} for user 0 :
10-09 08:49:40.727      819-830/? I/PackageManager﹕ Adding preferred activity ComponentInfo{com.google.android.talk/com.google.android.apps.hangouts.phone.BabelHomeActivity} for user 0 :
10-09 08:49:40.747    819-14448/? I/PackageManager﹕ Adding preferred activity ComponentInfo{com.google.android.talk/com.google.android.apps.hangouts.phone.BabelHomeActivity} for user 0 :
10-09 08:49:40.777      819-830/? I/PackageManager﹕ Adding preferred activity ComponentInfo{com.google.android.talk/com.google.android.apps.hangouts.phone.BabelHomeActivity} for user 0 :
10-09 08:49:40.787    819-14448/? I/PackageManager﹕ Adding preferred activity ComponentInfo{com.google.android.talk/com.google.android.apps.hangouts.phone.BabelHomeActivity} for user 0 :
10-09 08:49:40.827     819-1190/? I/PackageManager﹕ Adding preferred activity ComponentInfo{com.google.android.talk/com.google.android.apps.hangouts.phone.BabelHomeActivity} for user 0 :
10-09 08:49:40.857      819-830/? I/PackageManager﹕ Adding preferred activity ComponentInfo{com.google.android.talk/com.google.android.apps.hangouts.phone.BabelHomeActivity} for user 0 :
10-09 08:49:40.887      819-857/? I/PackageManager﹕ Adding preferred activity ComponentInfo{com.google.android.talk/com.google.android.apps.hangouts.phone.BabelHomeActivity} for user 0 :
10-09 08:49:40.917     819-1190/? I/PackageManager﹕ Adding preferred activity ComponentInfo{com.google.android.talk/com.google.android.apps.hangouts.phone.BabelHomeActivity} for user 0 :
10-09 08:49:40.947     819-1198/? I/PackageManager﹕ Adding preferred activity ComponentInfo{com.google.android.talk/com.google.android.apps.hangouts.phone.BabelHomeActivity} for user 0 :
10-09 08:49:40.957    819-14447/? I/PackageManager﹕ Adding preferred activity ComponentInfo{com.google.android.talk/com.google.android.apps.hangouts.phone.BabelHomeActivity} for user 0 :
10-09 08:49:40.997     819-1190/? I/PackageManager﹕ Adding preferred activity ComponentInfo{com.google.android.talk/com.google.android.apps.hangouts.phone.BabelHomeActivity} for user 0 :
10-09 08:49:41.027    819-14446/? I/PackageManager﹕ Adding preferred activity ComponentInfo{com.google.android.talk/com.google.android.apps.hangouts.phone.BabelHomeActivity} for user 0 :
10-09 08:49:41.047      819-830/? I/PackageManager﹕ Adding preferred activity ComponentInfo{com.google.android.talk/com.google.android.apps.hangouts.phone.BabelHomeActivity} for user 0 :
10-09 08:49:41.067     819-1203/? I/PackageManager﹕ Adding preferred activity ComponentInfo{com.google.android.talk/com.google.android.apps.hangouts.phone.BabelHomeActivity} for user 0 :
10-09 08:49:41.197      819-845/? W/BroadcastQueue﹕ Permission Denial: broadcasting Intent { act=android.net.conn.INET_CONDITION_ACTION flg=0x4000010 (has extras) } from null (pid=-1, uid=-1) requires com.facebook.permission.prod.FB_APP_COMMUNICATION due to registered receiver BroadcastFilter{442ddae0 u0 ReceiverList{442ddb68 2715 com.facebook.katana/10110/u0 remote:44298700}}
10-09 08:49:41.197      819-845/? W/BroadcastQueue﹕ Permission Denial: broadcasting Intent { act=android.net.conn.CONNECTIVITY_CHANGE flg=0x4000010 (has extras) } from null (pid=-1, uid=-1) requires com.facebook.permission.prod.FB_APP_COMMUNICATION due to registered receiver BroadcastFilter{442ddae0 u0 ReceiverList{442ddb68 2715 com.facebook.katana/10110/u0 remote:44298700}}
10-09 08:49:41.407    819-14447/? I/ActivityManager﹕ Delay finish: com.google.android.apps.plus/.service.PackagesMediaMonitor
10-09 08:49:41.407    819-14446/? I/ActivityManager﹕ Resuming delayed broadcast
10-09 08:49:41.427     819-1198/? I/ActivityManager﹕ Delay finish: com.google.android.apps.plus/.service.PhotosAppTransitionMonitor
10-09 08:49:41.447     819-1198/? I/ActivityManager﹕ Resuming delayed broadcast
10-09 08:49:41.557     819-1101/? I/ActivityManager﹕ Delay finish: com.amazon.mShop.android/com.amazon.mas.client.install.foreground.PackageAddedReceiver
10-09 08:49:41.567    819-14446/? I/ActivityManager﹕ Resuming delayed broadcast
10-09 08:49:41.617     819-1101/? I/ActivityManager﹕ Delay finish: com.android.musicfx/.Compatibility$Receiver
10-09 08:49:41.627     819-1198/? I/ActivityManager﹕ Resuming delayed broadcast
10-09 08:49:41.677    819-14447/? I/ActivityManager﹕ Delay finish: biz.bokhorst.xprivacy/.PackageChange
10-09 08:49:41.697     819-1198/? I/ActivityManager﹕ Resuming delayed broadcast
10-09 08:49:41.807     819-1203/? I/ActivityManager﹕ Delay finish: com.facebook.katana/com.facebook.push.c2dm.C2DMBroadcastReceiver
10-09 08:49:41.827      819-845/? W/BroadcastQueue﹕ Permission Denial: broadcasting Intent { act=android.net.conn.CONNECTIVITY_CHANGE flg=0x4000010 (has extras) } from null (pid=-1, uid=-1) requires com.facebook.permission.prod.FB_APP_COMMUNICATION due to registered receiver BroadcastFilter{44bd94f8 u0 ReceiverList{44bd9498 2715 com.facebook.katana/10110/u0 remote:44c2f3d8}}
10-09 08:49:45.047      819-857/? I/ActivityManager﹕ Resuming delayed broadcast
10-09 08:49:49.377      819-881/? D/MobileDataStateTracker﹕ default: setPolicyDataEnable(enabled=true)
10-09 08:49:57.057      819-881/? D/ConnectivityService﹕ handleInetConditionHoldEnd: net=1, condition=100, published condition=100
10-09 08:51:15.007      819-881/? D/ConnectivityService﹕ Sampling interval elapsed, updating statistics ..
10-09 08:51:24.967      819-881/? D/ConnectivityService﹕ Done.
10-09 08:51:24.977      819-881/? D/ConnectivityService﹕ Setting timer for 720seconds
10-09 08:51:25.507      819-881/? D/ConnectivityService﹕ handleInetConditionHoldEnd: net=1, condition=100, published condition=100
10-09 08:53:27.167     819-1115/? D/ConnectivityService﹕ startUsingNetworkFeature reconnecting to 0: enableSUPL
10-09 08:53:27.167     819-1115/? D/ConnectivityService﹕ startUsingNetworkFeature X: return APN_REQUEST_STARTED
10-09 08:53:27.207      819-819/? D/MobileDataStateTracker﹕ supl: Broadcast received: android.intent.action.ANY_DATA_STATE apnType=supl
10-09 08:53:27.227      819-819/? D/MobileDataStateTracker﹕ supl: Received state=CONNECTING, old=DISCONNECTED, reason=dataEnabled
10-09 08:53:27.227      819-819/? D/MobileDataStateTracker﹕ supl: setDetailed state, old =IDLE and new state=CONNECTING
10-09 08:53:27.247      819-819/? D/MobileDataStateTracker﹕ fota: Broadcast received: android.intent.action.ANY_DATA_STATE apnType=fota
10-09 08:53:27.247      819-819/? D/MobileDataStateTracker﹕ fota: Received state=DISCONNECTED, old=DISCONNECTED, reason=dataEnabled
10-09 08:53:27.257      819-819/? D/MobileDataStateTracker﹕ dun: Broadcast received: android.intent.action.ANY_DATA_STATE apnType=dun
10-09 08:53:27.257      819-819/? D/MobileDataStateTracker﹕ dun: Received state=DISCONNECTED, old=DISCONNECTED, reason=dataEnabled
10-09 08:53:27.267      819-819/? D/MobileDataStateTracker﹕ ia: Broadcast received: android.intent.action.ANY_DATA_STATE apnType=ia
10-09 08:53:27.267      819-819/? D/MobileDataStateTracker﹕ ia: Received state=DISCONNECTED, old=DISCONNECTED, reason=dataEnabled
10-09 08:53:27.267      819-819/? D/MobileDataStateTracker﹕ hipri: Broadcast received: android.intent.action.ANY_DATA_STATE apnType=hipri
10-09 08:53:27.277      819-819/? D/MobileDataStateTracker﹕ hipri: Received state=DISCONNECTED, old=DISCONNECTED, reason=dataEnabled
10-09 08:53:27.277      819-819/? D/MobileDataStateTracker﹕ ims: Broadcast received: android.intent.action.ANY_DATA_STATE apnType=ims
10-09 08:53:27.287      819-819/? D/MobileDataStateTracker﹕ ims: Received state=DISCONNECTED, old=DISCONNECTED, reason=dataEnabled
10-09 08:53:27.287      819-819/? D/MobileDataStateTracker﹕ default: Broadcast received: android.intent.action.ANY_DATA_STATE apnType=default
10-09 08:53:27.297      819-819/? D/MobileDataStateTracker﹕ default: Received state=DISCONNECTED, old=DISCONNECTED, reason=dataEnabled
10-09 08:53:27.297      819-819/? D/MobileDataStateTracker﹕ mms: Broadcast received: android.intent.action.ANY_DATA_STATE apnType=mms
10-09 08:53:27.297      819-819/? D/MobileDataStateTracker﹕ mms: Received state=DISCONNECTED, old=DISCONNECTED, reason=dataEnabled
10-09 08:53:27.297      819-819/? D/MobileDataStateTracker﹕ cbs: Broadcast received: android.intent.action.ANY_DATA_STATE apnType=cbs
10-09 08:53:27.297      819-819/? D/MobileDataStateTracker﹕ cbs: Received state=DISCONNECTED, old=DISCONNECTED, reason=dataEnabled
10-09 08:53:37.077     819-1115/? D/ConnectivityService﹕ stopUsingNetworkFeature: teardown net 0: enableSUPL
10-09 08:53:42.847      819-819/? D/MobileDataStateTracker﹕ supl: Broadcast received: android.intent.action.ANY_DATA_STATE apnType=supl
10-09 08:53:42.847      819-819/? D/MobileDataStateTracker﹕ supl: Received state=DISCONNECTED, old=CONNECTING, reason=lostDataConnection
10-09 08:53:42.857      819-819/? D/MobileDataStateTracker﹕ supl: setDetailed state, old =CONNECTING and new state=DISCONNECTED
10-09 08:53:42.857      819-881/? D/ConnectivityService﹕ ConnectivityChange for mobile_supl: DISCONNECTED/DISCONNECTED
10-09 08:53:42.857      819-881/? D/Nat464Xlat﹕ requiresClat: netType=3, hasIPv4Address=false
10-09 08:53:42.927      819-881/? D/MobileDataStateTracker﹕ default: setPolicyDataEnable(enabled=true)
10-09 08:53:42.937      819-819/? D/MobileDataStateTracker﹕ supl: Broadcast received: android.intent.action.ANY_DATA_STATE apnType=supl
10-09 08:53:42.947      819-819/? D/MobileDataStateTracker﹕ supl: Received state=DISCONNECTED, old=DISCONNECTED, reason=lostDataConnection
10-09 08:53:46.147      819-881/? D/MobileDataStateTracker﹕ default: setPolicyDataEnable(enabled=true)
10-09 08:53:46.157      819-881/? D/MobileDataStateTracker﹕ default: setPolicyDataEnable(enabled=true)
10-09 08:53:46.177      819-881/? D/MobileDataStateTracker﹕ default: setPolicyDataEnable(enabled=true)
10-09 08:53:57.287      819-845/? I/ActivityManager﹕ Start proc com.google.android.music:main for broadcast com.google.android.music/.homewidgets.IFLWidgetProvider: pid=3394 uid=10061 gids={50061, 3003, 1028, 1015}
10-09 08:53:57.487    3394-3394/? W/ActivityThread﹕ ClassLoader.loadClass: The class loader returned by Thread.getContextClassLoader() may fail for processes that host multiple applications. You should explicitly specify a context class loader. For example: Thread.setContextClassLoader(getClass().getClassLoader());
10-09 08:53:57.907     819-1200/? I/ActivityManager﹕ Start proc com.google.android.setupwizard for broadcast com.google.android.setupwizard/.MobileConnectivityChangeReceiver: pid=3438 uid=10017 gids={50017, 3003}
10-09 08:53:58.117    819-14448/? I/ActivityManager﹕ Start proc com.google.android.apps.maps for broadcast com.google.android.apps.maps/com.google.userfeedback.android.api.FeedbackConnectivityReceiver: pid=3455 uid=10059 gids={50059, 3003, 1028, 1015}
10-09 08:53:58.217    3455-3455/? W/ActivityThread﹕ ClassLoader.loadClass: The class loader returned by Thread.getContextClassLoader() may fail for processes that host multiple applications. You should explicitly specify a context class loader. For example: Thread.setContextClassLoader(getClass().getClassLoader());
10-09 08:53:58.387    819-14448/? I/ActivityManager﹕ Start proc com.google.android.gms.unstable for service com.google.android.gms/.droidguard.DroidGuardService: pid=3470 uid=10007 gids={50007, 2001, 3003, 1007, 3006, 3007, 1028, 1015, 3002, 3001}
10-09 08:53:58.447    3470-3470/? W/ActivityThread﹕ ClassLoader.loadClass: The class loader returned by Thread.getContextClassLoader() may fail for processes that host multiple applications. You should explicitly specify a context class loader. For example: Thread.setContextClassLoader(getClass().getClassLoader());
10-09 08:53:58.827      819-942/? I/ActivityManager﹕ Killing 31378:com.android.providers.calendar/u0a1 (adj 15): empty #17
10-09 08:53:59.267    819-14448/? I/ActivityManager﹕ Start proc com.google.android.tts for service com.google.android.tts/.service.GoogleTTSService: pid=3517 uid=10049 gids={50049, 3003, 1028, 1015}
10-09 08:53:59.457     819-1203/? I/ActivityManager﹕ Killing 1995:com.android.defcontainer/u0a4 (adj 15): empty #17
10-09 08:53:59.607      819-830/? I/ActivityManager﹕ Start proc com.HBO for broadcast com.HBO/com.hbo.utils.ConnectivityReceiver: pid=3546 uid=10060 gids={50060, 1028, 1015, 3003}
10-09 08:53:59.727      819-830/? I/ActivityManager﹕ Killing 2109:com.android.keychain/1000 (adj 15): empty #17
10-09 08:53:59.937      819-881/? D/ConnectivityService﹕ handleInetConditionHoldEnd: net=1, condition=100, published condition=100
10-09 08:54:00.627     819-1203/? I/ActivityManager﹕ Start proc air.WatchESPN for broadcast air.WatchESPN/com.espn.watchespn.NetworkChangedListener: pid=3587 uid=10185 gids={50185, 3003, 1028, 1015}
10-09 08:54:00.627     819-1203/? I/ActivityManager﹕ Killing 2531:com.facebook.katana:dash/u0a110 (adj 15): empty #17
10-09 08:54:01.177     819-1200/? I/ActivityManager﹕ Start proc com.devhd.feedly for broadcast com.devhd.feedly/.widget.FeedlyWidgetProvider: pid=3636 uid=10140 gids={50140, 3003, 1028, 1015}
10-09 08:54:01.177     819-1200/? I/ActivityManager﹕ Killing 2366:com.google.android.partnersetup/u0a11 (adj 15): empty #17
10-09 08:54:01.337    819-14448/? I/ActivityManager﹕ Start proc com.trello for broadcast com.trello/.common.ConnectivityBroadcastReceiver: pid=3656 uid=10181 gids={50181, 3003, 1028, 1015}
10-09 08:54:01.337    819-14448/? I/ActivityManager﹕ Killing 2148:com.google.android.apps.docs/u0a37 (adj 15): empty #17
10-09 08:54:01.867     819-1198/? I/ActivityManager﹕ Killing 2273:de.robv.android.xposed.installer/u0a179 (adj 15): empty #17
10-09 08:54:01.987     819-1198/? I/ActivityManager﹕ Start proc ru.org.amip.ClockSync for broadcast ru.org.amip.ClockSync/.ConnectivityReceiver: pid=3706 uid=10119 gids={50119, 3003}
10-09 08:54:02.067     819-1201/? I/ActivityManager﹕ Start proc com.nytimes.android for broadcast com.nytimes.android/.receiver.NetworkBroadcastReceiver: pid=3719 uid=10127 gids={50127, 3003, 1028, 1015}
10-09 08:54:02.067     819-1201/? I/ActivityManager﹕ Killing 2309:org.fdroid.fdroid/u0a136 (adj 15): empty #17
10-09 08:54:02.597      819-857/? I/ActivityManager﹕ Killing 2094:com.android.musicfx/u0a13 (adj 15): empty #17
10-09 08:54:02.697     819-3652/? I/ActivityManager﹕ Start proc com.twitter.android for broadcast com.twitter.android/.client.AppBroadcastReceiver: pid=3764 uid=10148 gids={50148, 3003, 1028, 1015}
10-09 08:54:03.757     819-1202/? I/ActivityManager﹕ Delay finish: com.motorola.targetnotif/com.motorola.ccc.sso.app.GoogleAccountWatcherReceiver
10-09 08:54:03.827     819-1198/? I/ActivityManager﹕ Resuming delayed broadcast
10-09 08:54:03.867    819-14446/? I/ActivityManager﹕ Delay finish: com.google.android.gms/.init.InitializeGmsReceiver
10-09 08:54:03.877     819-1201/? I/ActivityManager﹕ Resuming delayed broadcast
10-09 08:54:03.907    3528-6294/? E/ActivityThread﹕ Failed to find provider info for com.motorola.ccc.cce.datausage
10-09 08:54:04.067      819-881/? D/ConnectivityService﹕ handleInetConditionHoldEnd: net=1, condition=100, published condition=100
10-09 08:54:04.097      819-942/? I/ActivityManager﹕ Delay finish: com.google.android.music/.leanback.AutoCacheSchedulingService$EnablingReceiver
10-09 08:54:04.107     819-1198/? I/ActivityManager﹕ Resuming delayed broadcast
10-09 08:54:04.157     819-1198/? I/ActivityManager﹕ Killing 2122:eu.chainfire.supersu/u0a79 (adj 15): empty #17
10-09 08:54:04.687    819-14448/? I/ActivityManager﹕ Killing 2293:biz.bokhorst.xprivacy/u0a138 (adj 15): empty #17
    --------- beginning of /dev/log/main
10-09 08:54:07.717    3528-3528/? I/CWCheckin﹕ BcsTimer.onReceive checkin completed (680395531:ERROR_OK)
10-09 08:54:07.717    3528-3528/? D/Checkin﹕ publish the event [tag = MOT_CHECKIN event name = LOG]
10-09 08:54:07.717    3528-3528/? D/CWCheckin﹕ Motorola help_improve privacy is -1
10-09 08:54:07.717    3528-3528/? D/CWCheckin﹕ Generic privacy config is true
10-09 08:54:07.717    3528-3570/? D/CWCheckin﹕ Motorola help_improve privacy is -1
10-09 08:54:07.717    3528-3570/? D/CWCheckin﹕ Generic privacy config is true
10-09 08:54:08.257      819-869/? I/InputReader﹕ Reconfiguring input devices.  changes=0x00000010
10-09 08:54:08.307    1166-1166/? I/Launcher﹕ Deferring update until onResume
10-09 08:54:08.317    1166-1166/? I/Launcher﹕ Deferring update until onResume
10-09 08:54:08.407      819-829/? I/PackageManager﹕ Action: "android.intent.action.SENDTO"
10-09 08:54:08.407      819-829/? I/PackageManager﹕ Category: "android.intent.category.DEFAULT"
10-09 08:54:08.407      819-829/? I/PackageManager﹕ Scheme: "sms"
10-09 08:54:08.407      819-829/? I/PackageManager﹕ Adding preferred activity ComponentInfo{com.google.android.talk/com.google.android.apps.hangouts.phone.BabelHomeActivity} for user 0 :
10-09 08:54:08.447     819-1202/? I/PackageManager﹕ Action: "android.intent.action.SENDTO"
10-09 08:54:08.447     819-1202/? I/PackageManager﹕ Category: "android.intent.category.DEFAULT"
10-09 08:54:08.447     819-1202/? I/PackageManager﹕ Scheme: "smsto"
10-09 08:54:08.447     819-1202/? I/PackageManager﹕ Adding preferred activity ComponentInfo{com.google.android.talk/com.google.android.apps.hangouts.phone.BabelHomeActivity} for user 0 :
