11-23 21:08:16.563 V/WearActivity(15222): Stop!
11-23 21:08:16.573 W/InputMethodManagerService( 1752): Ignoring setImeWindowStatus of uid 1000 token: null
11-23 21:08:16.583 D/mot_vr_audio_hw( 1419): dsp_recognizer_enabled = false
11-23 21:08:16.583 D/ADSPD   ( 7609): Client cmd=0x0003, size=4
11-23 21:08:16.583 D/mot_vr_audio_hw( 1419): Switching DSP to standby/passthrough mode
11-23 21:08:16.583 D/mot_vr_audio_hw( 1419): Input 0xb8ebf4f8 ready to read
11-23 21:08:16.593 D/ADSPD   ( 7609): Received from DSP: cmd=0x8003, size=2
11-23 21:08:16.593 D/ADSPD   ( 7609): Client cmd=0x0003, size=4
11-23 21:08:16.603 D/mot_vr_audio_hw( 1419): received recognition control callback, status 0
11-23 21:08:16.613 D/ADSPD   ( 7609): Received from DSP: cmd=0x8003, size=2
11-23 21:08:16.613 D/mot_vr_audio_hw( 1419): received recognition control callback, status 0
11-23 21:08:16.633 W/mot_vr_audio_hw( 1419): Discarded 10 buffers without finding audio data
11-23 21:08:16.643 D/ADSPD   ( 7609): Client cmd=0x0003, size=4
11-23 21:08:16.653 D/mot_vr_audio_hw( 1419): Re-arming DSP
11-23 21:08:16.653 D/mot_vr_audio_hw( 1419): Input 0xb8ebf4f8 standby complete
11-23 21:08:16.663 D/mot_vr_audio_hw( 1419): Input 0xb8ebf4f8 close complete
11-23 21:08:16.663 D/ADSPD   ( 7609): Received from DSP: cmd=0x8003, size=2
11-23 21:08:16.663 D/ADSPD   ( 7609): Client cmd=0x4003, size=2
11-23 21:08:16.663 D/mot_vr_audio_hw( 1419): received recognition control callback, status 0
11-23 21:08:16.713 E/HostWithRpcCallback( 1871): Failed to send RPC
11-23 21:08:16.713 E/HostWithRpcCallback( 1871): com.google.android.wearable.gmsclient.WearableException: sendRpcAsync failed: Status{statusCode=unknown status code: 4000, resolution=null}
11-23 21:08:16.713 E/HostWithRpcCallback( 1871): 	at com.google.android.wearable.gmsclient.GoogleApiClientHelper.throwIfFailed(GoogleApiClientHelper.java:98)
11-23 21:08:16.713 E/HostWithRpcCallback( 1871): 	at com.google.android.wearable.gmsclient.MessageManager$1$1.getResult(MessageManager.java:81)
11-23 21:08:16.713 E/HostWithRpcCallback( 1871): 	at com.google.android.wearable.gmsclient.MessageManager$1$1.getResult(MessageManager.java:78)
11-23 21:08:16.713 E/HostWithRpcCallback( 1871): 	at com.google.android.clockwork.actions.WearableHostWithRpcCallback$SendRpcCallbackWithId.onSendRpc(WearableHostWithRpcCallback.java:292)
11-23 21:08:16.713 E/HostWithRpcCallback( 1871): 	at com.google.android.wearable.gmsclient.MessageManager$1.onResult(MessageManager.java:78)
11-23 21:08:16.713 E/HostWithRpcCallback( 1871): 	at com.google.android.wearable.gmsclient.MessageManager$1.onResult(MessageManager.java:75)
11-23 21:08:16.713 E/HostWithRpcCallback( 1871): 	at com.google.android.gms.common.api.BaseImplementation$CallbackHandler.deliverResultCallback(Unknown Source)
11-23 21:08:16.713 E/HostWithRpcCallback( 1871): 	at com.google.android.gms.common.api.BaseImplementation$CallbackHandler.handleMessage(Unknown Source)
11-23 21:08:16.713 E/HostWithRpcCallback( 1871): 	at android.os.Handler.dispatchMessage(Handler.java:102)
11-23 21:08:16.713 E/HostWithRpcCallback( 1871): 	at android.os.Looper.loop(Looper.java:136)
11-23 21:08:16.713 E/HostWithRpcCallback( 1871): 	at android.app.ActivityThread.main(ActivityThread.java:5026)
11-23 21:08:16.713 E/HostWithRpcCallback( 1871): 	at java.lang.reflect.Method.invokeNative(Native Method)
11-23 21:08:16.713 E/HostWithRpcCallback( 1871): 	at java.lang.reflect.Method.invoke(Method.java:515)
11-23 21:08:16.713 E/HostWithRpcCallback( 1871): 	at com.android.internal.os.ZygoteInit$MethodAndArgsCaller.run(ZygoteInit.java:777)
11-23 21:08:16.713 E/HostWithRpcCallback( 1871): 	at com.android.internal.os.ZygoteInit.main(ZygoteInit.java:602)
11-23 21:08:16.713 E/HostWithRpcCallback( 1871): 	at dalvik.system.NativeStart.main(Native Method)
11-23 21:08:16.753 I/ActivityManager( 1752): START u0 {act=android.intent.action.MAIN cat=[android.intent.category.HOME] flg=0x10000000 cmp=com.google.android.wearable.app/com.google.android.clockwork.home.HomeActivity (has extras)} from pid 1871 on display 0
11-23 21:08:16.753 I/DreamController( 1752): Stopping dream: name=ComponentInfo{com.google.android.wearable.app/com.google.android.clockwork.home.AmbientMode}, isTest=false, canDoze=true, userId=0
11-23 21:08:16.753 I/PowerManagerService( 1752): Sleeping...
11-23 21:08:16.803 I/ActivityManager( 1752): Activity reported stop, but no longer stopping: ActivityRecord{adc9b990 u0 com.google.android.wearable.app/com.google.android.clockwork.home.HomeActivity t1}
11-23 21:08:16.813 I/AmbientMode( 1871): Ambient mode started: canDoze=true, dozeHardware=null
11-23 21:08:16.813 D/mot_vr_audio_hw( 1419): dsp_recognizer_enabled = true
11-23 21:08:16.813 D/ADSPD   ( 7609): Client cmd=0x0003, size=4
11-23 21:08:16.813 D/mot_vr_audio_hw( 1419): open_input_stream(): devices = 0x80000004, rate = 8000, channels = 0x10
11-23 21:08:16.813 D/mot_vr_audio_hw( 1419): Created resampler for 16000->8000 Hz
11-23 21:08:16.823 D/ADSPD   ( 7609): Received from DSP: cmd=0x8003, size=2
11-23 21:08:16.823 D/ADSPD   ( 7609): Client cmd=0x4003, size=2
11-23 21:08:16.823 D/mot_vr_audio_hw( 1419): received recognition control callback, status 0
11-23 21:08:16.843 D/mot_vr_audio_hw( 1419): in_read waiting for hotword
11-23 21:08:16.853 D/mot_vr_audio_hw( 1419): dsp_recognizer_enabled = false
11-23 21:08:16.853 D/ADSPD   ( 7609): Client cmd=0x0003, size=4
11-23 21:08:16.853 D/mot_vr_audio_hw( 1419): Switching DSP to standby/passthrough mode
11-23 21:08:16.853 D/mot_vr_audio_hw( 1419): Input 0xb8ebf4f8 ready to read
11-23 21:08:16.863 D/ADSPD   ( 7609): Received from DSP: cmd=0x8003, size=2
11-23 21:08:16.863 D/ADSPD   ( 7609): Client cmd=0x0003, size=4
11-23 21:08:16.863 D/mot_vr_audio_hw( 1419): received recognition control callback, status 0
11-23 21:08:16.883 D/ADSPD   ( 7609): Received from DSP: cmd=0x8003, size=2
11-23 21:08:16.883 D/mot_vr_audio_hw( 1419): received recognition control callback, status 0
11-23 21:08:16.903 W/mot_vr_audio_hw( 1419): Discarded 10 buffers without finding audio data
11-23 21:08:16.913 D/ADSPD   ( 7609): Client cmd=0x0003, size=4
11-23 21:08:16.913 D/mot_vr_audio_hw( 1419): Re-arming DSP
11-23 21:08:16.913 D/mot_vr_audio_hw( 1419): Input 0xb8ebf4f8 standby complete
11-23 21:08:16.923 D/mot_vr_audio_hw( 1419): Input 0xb8ebf4f8 close complete
11-23 21:08:16.933 D/ADSPD   ( 7609): Received from DSP: cmd=0x8003, size=2
11-23 21:08:16.933 D/ADSPD   ( 7609): Client cmd=0x4003, size=2
11-23 21:08:16.933 D/mot_vr_audio_hw( 1419): received recognition control callback, status 0
11-23 21:08:16.943 I/AmbientMode( 1871): Dream ended: isDozing=true
11-23 21:08:17.043 E/HostWithRpcCallback( 1871): Failed to send RPC
11-23 21:08:17.043 E/HostWithRpcCallback( 1871): com.google.android.wearable.gmsclient.WearableException: sendRpcAsync failed: Status{statusCode=unknown status code: 4000, resolution=null}
11-23 21:08:17.043 E/HostWithRpcCallback( 1871): 	at com.google.android.wearable.gmsclient.GoogleApiClientHelper.throwIfFailed(GoogleApiClientHelper.java:98)
11-23 21:08:17.043 E/HostWithRpcCallback( 1871): 	at com.google.android.wearable.gmsclient.MessageManager$1$1.getResult(MessageManager.java:81)
11-23 21:08:17.043 E/HostWithRpcCallback( 1871): 	at com.google.android.wearable.gmsclient.MessageManager$1$1.getResult(MessageManager.java:78)
11-23 21:08:17.043 E/HostWithRpcCallback( 1871): 	at com.google.android.clockwork.actions.WearableHostWithRpcCallback$SendRpcCallbackWithId.onSendRpc(WearableHostWithRpcCallback.java:292)
11-23 21:08:17.043 E/HostWithRpcCallback( 1871): 	at com.google.android.wearable.gmsclient.MessageManager$1.onResult(MessageManager.java:78)
11-23 21:08:17.043 E/HostWithRpcCallback( 1871): 	at com.google.android.wearable.gmsclient.MessageManager$1.onResult(MessageManager.java:75)
11-23 21:08:17.043 E/HostWithRpcCallback( 1871): 	at com.google.android.gms.common.api.BaseImplementation$CallbackHandler.deliverResultCallback(Unknown Source)
11-23 21:08:17.043 E/HostWithRpcCallback( 1871): 	at com.google.android.gms.common.api.BaseImplementation$CallbackHandler.handleMessage(Unknown Source)
11-23 21:08:17.043 E/HostWithRpcCallback( 1871): 	at android.os.Handler.dispatchMessage(Handler.java:102)
11-23 21:08:17.043 E/HostWithRpcCallback( 1871): 	at android.os.Looper.loop(Looper.java:136)
11-23 21:08:17.043 E/HostWithRpcCallback( 1871): 	at android.app.ActivityThread.main(ActivityThread.java:5026)
11-23 21:08:17.043 E/HostWithRpcCallback( 1871): 	at java.lang.reflect.Method.invokeNative(Native Method)
11-23 21:08:17.043 E/HostWithRpcCallback( 1871): 	at java.lang.reflect.Method.invoke(Method.java:515)
11-23 21:08:17.043 E/HostWithRpcCallback( 1871): 	at com.android.internal.os.ZygoteInit$MethodAndArgsCaller.run(ZygoteInit.java:777)
11-23 21:08:17.043 E/HostWithRpcCallback( 1871): 	at com.android.internal.os.ZygoteInit.main(ZygoteInit.java:602)
11-23 21:08:17.043 E/HostWithRpcCallback( 1871): 	at dalvik.system.NativeStart.main(Native Method)
11-23 21:08:17.063 E/HostWithRpcCallback( 1871): Failed to send RPC
11-23 21:08:17.063 E/HostWithRpcCallback( 1871): com.google.android.wearable.gmsclient.WearableException: sendRpcAsync failed: Status{statusCode=unknown status code: 4000, resolution=null}
11-23 21:08:17.063 E/HostWithRpcCallback( 1871): 	at com.google.android.wearable.gmsclient.GoogleApiClientHelper.throwIfFailed(GoogleApiClientHelper.java:98)
11-23 21:08:17.063 E/HostWithRpcCallback( 1871): 	at com.google.android.wearable.gmsclient.MessageManager$1$1.getResult(MessageManager.java:81)
11-23 21:08:17.063 E/HostWithRpcCallback( 1871): 	at com.google.android.wearable.gmsclient.MessageManager$1$1.getResult(MessageManager.java:78)
11-23 21:08:17.063 E/HostWithRpcCallback( 1871): 	at com.google.android.clockwork.actions.WearableHostWithRpcCallback$SendRpcCallbackWithId.onSendRpc(WearableHostWithRpcCallback.java:292)
11-23 21:08:17.063 E/HostWithRpcCallback( 1871): 	at com.google.android.wearable.gmsclient.MessageManager$1.onResult(MessageManager.java:78)
11-23 21:08:17.063 E/HostWithRpcCallback( 1871): 	at com.google.android.wearable.gmsclient.MessageManager$1.onResult(MessageManager.java:75)
11-23 21:08:17.063 E/HostWithRpcCallback( 1871): 	at com.google.android.gms.common.api.BaseImplementation$CallbackHandler.deliverResultCallback(Unknown Source)
11-23 21:08:17.063 E/HostWithRpcCallback( 1871): 	at com.google.android.gms.common.api.BaseImplementation$CallbackHandler.handleMessage(Unknown Source)
11-23 21:08:17.063 E/HostWithRpcCallback( 1871): 	at android.os.Handler.dispatchMessage(Handler.java:102)
11-23 21:08:17.063 E/HostWithRpcCallback( 1871): 	at android.os.Looper.loop(Looper.java:136)
11-23 21:08:17.063 E/HostWithRpcCallback( 1871): 	at android.app.ActivityThread.main(ActivityThread.java:5026)
11-23 21:08:17.063 E/HostWithRpcCallback( 1871): 	at java.lang.reflect.Method.invokeNative(Native Method)
11-23 21:08:17.063 E/HostWithRpcCallback( 1871): 	at java.lang.reflect.Method.invoke(Method.java:515)
11-23 21:08:17.063 E/HostWithRpcCallback( 1871): 	at com.android.internal.os.ZygoteInit$MethodAndArgsCaller.run(ZygoteInit.java:777)
11-23 21:08:17.063 E/HostWithRpcCallback( 1871): 	at com.android.internal.os.ZygoteInit.main(ZygoteInit.java:602)
11-23 21:08:17.063 E/HostWithRpcCallback( 1871): 	at dalvik.system.NativeStart.main(Native Method)
11-23 21:08:17.324 D/Tethering( 1752): MasterInitialState.processMessage what=3
11-23 21:08:17.324 D/CaptivePortalTracker( 1752): NoActiveNetworkState{ when=-4ms what=1 obj=NetworkInfo: type: PROXY[], state: DISCONNECTED/DISCONNECTED, reason: proxy_down, extra: (none), roaming: false, failover: false, isAvailable: true, isConnectedToProvisioningNetwork: false target=com.android.internal.util.StateMachine$SmHandler }
11-23 21:08:17.324 D/CaptivePortalTracker( 1752): NoActiveNetworkState not a wifi connectivity change, ignore
11-23 21:08:17.334 I/ActivityManager( 1752): Start proc android.process.media for broadcast com.android.providers.downloads/.DownloadReceiver: pid=15315 uid=10009 gids={50009, 1028, 1015, 1023, 1024, 2001, 3003, 3007}
11-23 21:08:17.354 E/ActivityThread( 1752): Failed to find provider info for telephony
11-23 21:08:17.454 D/LightsService( 1752): Excessive delay setting light: 109ms
11-23 21:08:17.454 D/SurfaceFlinger( 1417): Screen released, type=0 flinger=0xb7fc2448
11-23 21:08:17.584 E/SELinux (15315): SELinux: Loaded file_contexts from /file_contexts, 
11-23 21:08:17.584 E/SELinux (15315): digest=
11-23 21:08:17.584 E/SELinux (15315): 97
11-23 21:08:17.584 E/SELinux (15315): 5e
11-23 21:08:17.584 E/SELinux (15315): e9
11-23 21:08:17.584 E/SELinux (15315): e8
11-23 21:08:17.584 E/SELinux (15315): 3a
11-23 21:08:17.584 E/SELinux (15315): a5
11-23 21:08:17.584 E/SELinux (15315): b3
11-23 21:08:17.584 E/SELinux (15315): 2f
11-23 21:08:17.584 E/SELinux (15315): 7c
11-23 21:08:17.584 E/SELinux (15315): 90
11-23 21:08:17.584 E/SELinux (15315): 4c
11-23 21:08:17.584 E/SELinux (15315): 2f
11-23 21:08:17.584 E/SELinux (15315): 85
11-23 21:08:17.584 E/SELinux (15315): 1f
11-23 21:08:17.584 E/SELinux (15315): 89
11-23 21:08:17.584 E/SELinux (15315): 5a
11-23 21:08:17.584 E/SELinux (15315): 52
11-23 21:08:17.584 E/SELinux (15315): 84
11-23 21:08:17.584 E/SELinux (15315): ad
11-23 21:08:17.584 E/SELinux (15315): 40
11-23 21:08:17.584 E/SELinux (15315): 
11-23 21:08:17.614 D/hwcomposer( 1417): hwc_blank(0: 1)
11-23 21:08:17.614 D/SurfaceControl( 1752): Excessive delay in blankDisplay() while turning screen off: 155ms
11-23 21:08:17.614 I/DisplayManagerService( 1752): Display device changed: DisplayDeviceInfo{"Built-in Screen": 320 x 290, 45.000004 fps, density 213, 203.2 x 204.61111 dpi, touch INTERNAL, rotation 0, type BUILT_IN, state OFF, FLAG_DEFAULT_DISPLAY, FLAG_ROTATES_WITH_CONTENT, FLAG_SECURE, FLAG_SUPPORTS_PROTECTED_BUFFERS}
11-23 21:08:17.614 V/ActivityManager( 1752): Display changed displayId=0
11-23 21:08:17.624 D/MinnowPowerHAL( 1752): power_set_interactive: 0
11-23 21:08:17.624 D/MinnowPowerHAL( 1752): sysfs_write: /sys/devices/platform/omapdss/display0/interactivemode 0
11-23 21:08:17.624 D/MinnowPowerHAL( 1752): sysfs_write: /sys/devices/ocp.2/i2c.6/i2c-0/0-004a/interactivemode 0
11-23 21:08:17.624 D/MinnowPowerHAL( 1752): sysfs_write: /sys/class/leds/lcd-backlight/interactive 0
11-23 21:08:17.624 D/mot_vr_audio_hw( 1752): dsp_set_pm_state = off
11-23 21:08:17.624 D/ADSPD   ( 7609): Client cmd=0x4002, size=2
11-23 21:08:17.624 D/ADSPD   ( 7609): DSP_CMD_DAEMON_SET_PM_STATE : 0
11-23 21:08:17.664 V/WearActivity(15222): display changed: 0, new state: 1
11-23 21:08:17.664 I/TimeWrapper(15222): FPS: 29.889183, samples: 158
11-23 21:08:23.423 I/TimeWrapper(15222): Min/Avg/Max frame render speed (ms): 3.723144 / 7.927616 / 78.00293
11-23 21:08:23.423 I/TimeWrapper(15222): Waketime: 23.694998%
11-23 21:08:23.423 I/TimeWrapper(15222): Skipped frames: 1
11-23 21:08:23.423 V/MyViewAnim(15222): redrawSlow: view:surfaceChanged -> 1
11-23 21:08:23.423 V/MyViewAnim(15222): redrawSlow: view:surfaceCreated -> 1
11-23 21:08:23.423 V/MyViewAnim(15222): redrawSlow: startHelper -> 1
11-23 21:08:23.423 V/WearActivity(15222): onDisplayChanged: off!
11-23 21:08:23.423 V/WearActivity(15222): stopHelper: shutting things down
11-23 21:08:23.443 V/MyViewAnim(15222): stopping animation!
11-23 21:08:23.443 V/MyViewAnim(15222): killDrawThread
11-23 21:08:23.443 V/WearActivity(15222): killing alarms
11-23 21:08:23.443 V/MyViewAnim(15222): looper finished!
11-23 21:08:23.443 V/MyViewAnim(15222): draw thread termination
11-23 21:08:23.443 I/ClockFace(15222): Ambient mode: false
11-23 21:08:23.453 D/GCM     ( 7004): GcmService start Intent { act=android.net.conn.CONNECTIVITY_CHANGE flg=0x4000010 cmp=com.google.android.gms/.gcm.GcmService (has extras) } android.net.conn.CONNECTIVITY_CHANGE
11-23 21:10:45.878 D/SensorHALGestureSensor( 1752): Gesture event received! time = 1416798645881519699
11-23 21:10:45.878 I/PowerManagerService( 1752): Waking up from sleep...
11-23 21:10:45.878 W/KeyguardServiceDelegate( 1752): onScreenTurnedOn(): no keyguard service!
11-23 21:10:45.899 V/WearActivity(15222): display changed: 0, new state: 1
11-23 21:10:45.899 V/WearActivity(15222): state didn't actually change
11-23 21:10:45.969 D/MinnowPowerHAL( 1752): power_set_interactive: 1
11-23 21:10:45.969 D/MinnowPowerHAL( 1752): sysfs_write: /sys/devices/platform/omapdss/display0/interactivemode 1
11-23 21:10:46.019 D/MinnowPowerHAL( 1752): sysfs_write: /sys/devices/ocp.2/i2c.6/i2c-0/0-004a/interactivemode 1
11-23 21:10:46.019 D/MinnowPowerHAL( 1752): sysfs_write: /sys/class/leds/lcd-backlight/interactive 1
11-23 21:10:46.019 D/mot_vr_audio_hw( 1752): dsp_set_pm_state = on
11-23 21:10:46.029 D/ADSPD   ( 7609): Client cmd=0x4002, size=2
11-23 21:10:46.029 D/ADSPD   ( 7609): DSP_CMD_DAEMON_SET_PM_STATE : 1
11-23 21:10:46.029 D/PowerManagerService-JNI( 1752): Excessive delay in setInteractive(true) while turning screen on: 59ms
11-23 21:10:46.039 V/WearActivity(15222): Resume!
11-23 21:10:46.049 E/ClockworkHome( 1871): Tried to exit ambient mode, but enterAmbientMode() was never called.
11-23 21:10:46.049 D/mot_vr_audio_hw( 1419): dsp_recognizer_enabled = true
11-23 21:10:46.049 D/mot_vr_audio_hw( 1419): open_input_stream(): devices = 0x80000004, rate = 8000, channels = 0x10
11-23 21:10:46.049 D/mot_vr_audio_hw( 1419): Created resampler for 16000->8000 Hz
11-23 21:10:46.049 V/ActivityManager( 1752): Display changed displayId=0
11-23 21:10:46.049 W/InputMethodManagerService( 1752): Ignoring setImeWindowStatus of uid 1000 token: null
11-23 21:10:46.059 D/ADSPD   ( 7609): ACK success!
11-23 21:10:46.059 D/ADSPD   ( 7609): Client cmd=0x0003, size=4
11-23 21:10:46.069 D/ADSPD   ( 7609): Received from DSP: cmd=0x8003, size=2
11-23 21:10:46.069 D/ADSPD   ( 7609): Client cmd=0x4003, size=2
11-23 21:10:46.069 D/mot_vr_audio_hw( 1419): received recognition control callback, status 0
11-23 21:10:46.079 D/mot_vr_audio_hw( 1419): in_read waiting for hotword
11-23 21:10:46.119 E/HostWithRpcCallback( 1871): Failed to send RPC
11-23 21:10:46.119 E/HostWithRpcCallback( 1871): com.google.android.wearable.gmsclient.WearableException: sendRpcAsync failed: Status{statusCode=unknown status code: 4000, resolution=null}
11-23 21:10:46.119 E/HostWithRpcCallback( 1871): 	at com.google.android.wearable.gmsclient.GoogleApiClientHelper.throwIfFailed(GoogleApiClientHelper.java:98)
11-23 21:10:46.119 E/HostWithRpcCallback( 1871): 	at com.google.android.wearable.gmsclient.MessageManager$1$1.getResult(MessageManager.java:81)
11-23 21:10:46.119 E/HostWithRpcCallback( 1871): 	at com.google.android.wearable.gmsclient.MessageManager$1$1.getResult(MessageManager.java:78)
11-23 21:10:46.119 E/HostWithRpcCallback( 1871): 	at com.google.android.clockwork.actions.WearableHostWithRpcCallback$SendRpcCallbackWithId.onSendRpc(WearableHostWithRpcCallback.java:292)
11-23 21:10:46.119 E/HostWithRpcCallback( 1871): 	at com.google.android.wearable.gmsclient.MessageManager$1.onResult(MessageManager.java:78)
11-23 21:10:46.119 E/HostWithRpcCallback( 1871): 	at com.google.android.wearable.gmsclient.MessageManager$1.onResult(MessageManager.java:75)
11-23 21:10:46.119 E/HostWithRpcCallback( 1871): 	at com.google.android.gms.common.api.BaseImplementation$CallbackHandler.deliverResultCallback(Unknown Source)
11-23 21:10:46.119 E/HostWithRpcCallback( 1871): 	at com.google.android.gms.common.api.BaseImplementation$CallbackHandler.handleMessage(Unknown Source)
11-23 21:10:46.119 E/HostWithRpcCallback( 1871): 	at android.os.Handler.dispatchMessage(Handler.java:102)
11-23 21:10:46.119 E/HostWithRpcCallback( 1871): 	at android.os.Looper.loop(Looper.java:136)
11-23 21:10:46.119 E/HostWithRpcCallback( 1871): 	at android.app.ActivityThread.main(ActivityThread.java:5026)
11-23 21:10:46.119 E/HostWithRpcCallback( 1871): 	at java.lang.reflect.Method.invokeNative(Native Method)
11-23 21:10:46.119 E/HostWithRpcCallback( 1871): 	at java.lang.reflect.Method.invoke(Method.java:515)
11-23 21:10:46.119 E/HostWithRpcCallback( 1871): 	at com.android.internal.os.ZygoteInit$MethodAndArgsCaller.run(ZygoteInit.java:777)
11-23 21:10:46.119 E/HostWithRpcCallback( 1871): 	at com.android.internal.os.ZygoteInit.main(ZygoteInit.java:602)
11-23 21:10:46.119 E/HostWithRpcCallback( 1871): 	at dalvik.system.NativeStart.main(Native Method)
11-23 21:10:46.169 D/SurfaceFlinger( 1417): Screen acquired, type=0 flinger=0xb7fc2448
11-23 21:10:46.169 D/hwcomposer( 1417): hwc_blank(0: 0)
11-23 21:10:46.169 D/SensorHAL( 1752): adjustSensorHandle: handle = 9 adjustedHandle = 1
11-23 21:10:46.169 D/SensorHAL( 1752): adjustSensorHandle: handle = 9 adjustedHandle = 1
11-23 21:10:46.169 I/DisplayManagerService( 1752): Display device changed: DisplayDeviceInfo{"Built-in Screen": 320 x 290, 45.000004 fps, density 213, 203.2 x 204.61111 dpi, touch INTERNAL, rotation 0, type BUILT_IN, state ON, FLAG_DEFAULT_DISPLAY, FLAG_ROTATES_WITH_CONTENT, FLAG_SECURE, FLAG_SUPPORTS_PROTECTED_BUFFERS}
11-23 21:10:46.169 V/ActivityManager( 1752): Display changed displayId=0
11-23 21:10:46.189 D/SensorHAL( 1752): adjustSensorHandle: handle = 9 adjustedHandle = 1
11-23 21:10:46.199 V/WearActivity(15222): display changed: 0, new state: 2
11-23 21:10:46.199 V/WearActivity(15222): onDisplayChanged: on!
11-23 21:10:46.199 V/WearActivity(15222): killing alarms
11-23 21:10:46.199 V/WearActivity(15222): startHelper: putting it all back together again
11-23 21:10:46.199 V/WearActivity(15222): initAlarm: setting up
11-23 21:10:46.229 I/ClockFace(15222): Ambient mode: false
11-23 21:10:46.229 V/MyViewAnim(15222): resumeMaxHertz
11-23 21:10:46.229 V/ClockFace(15222): clearing caches
11-23 21:10:46.229 V/MyViewAnim(15222): starting new animator
11-23 21:10:46.229 V/MyViewAnim(15222): Time listener is up!
11-23 21:10:46.229 V/MyViewAnim(15222): starting new draw thread
11-23 21:10:46.249 V/ClockFace(15222): rendering new face, faceMode(0)
11-23 21:10:46.249 D/LightsService( 1752): Excessive delay setting light: 64ms
11-23 21:10:46.279 V/ClockFace(15222): fetching new battery status (160)
11-23 21:10:46.279 V/ClockFace(15222): battery at 0.69
11-23 21:10:49.032 D/PhoneListenerService( 7184): onDestroy
11-23 21:10:49.072 I/ActivityManager( 1752): Killing 12241:com.google.android.clockwork.packageinstaller/u0a4 (adj 15): empty for 15216s
11-23 21:10:49.092 I/ActivityManager( 1752): Killing 12254:com.android.defcontainer/u0a8 (adj 15): empty for 15205s
11-23 21:10:51.044 I/PowerManagerService( 1752): Going to sleep due to screen timeout...
11-23 21:10:51.044 I/PowerManagerService( 1752): Dozing...
11-23 21:10:51.044 I/DreamController( 1752): Starting dream: name=ComponentInfo{com.google.android.wearable.app/com.google.android.clockwork.home.AmbientMode}, isTest=false, canDoze=true, userId=0
11-23 21:10:51.134 I/ActivityManager( 1752): START u0 {act=android.intent.action.MAIN cat=[android.intent.category.HOME] flg=0x10000000 cmp=com.google.android.wearable.app/com.google.android.clockwork.home.HomeActivity (has extras)} from pid 1871 on display 0
11-23 21:10:51.134 I/DreamController( 1752): Stopping dream: name=ComponentInfo{com.google.android.wearable.app/com.google.android.clockwork.home.AmbientMode}, isTest=false, canDoze=true, userId=0
11-23 21:10:51.144 I/PowerManagerService( 1752): Sleeping...
11-23 21:10:51.224 I/AmbientMode( 1871): Ambient mode started: canDoze=true, dozeHardware=null
11-23 21:10:51.224 D/mot_vr_audio_hw( 1419): dsp_recognizer_enabled = false
11-23 21:10:51.224 D/ADSPD   ( 7609): Client cmd=0x0003, size=4
11-23 21:10:51.234 D/mot_vr_audio_hw( 1419): Switching DSP to standby/passthrough mode
11-23 21:10:51.234 D/mot_vr_audio_hw( 1419): Input 0xb8ebf4f8 ready to read
11-23 21:10:51.244 D/ADSPD   ( 7609): Received from DSP: cmd=0x8003, size=2
11-23 21:10:51.244 D/ADSPD   ( 7609): Client cmd=0x0003, size=4
11-23 21:10:51.244 D/mot_vr_audio_hw( 1419): received recognition control callback, status 0
11-23 21:10:51.254 D/ADSPD   ( 7609): Received from DSP: cmd=0x8003, size=2
11-23 21:10:51.254 D/mot_vr_audio_hw( 1419): received recognition control callback, status 0
11-23 21:10:51.264 I/ActivityManager( 1752): Delay finish: com.google.android.gms/.checkin.EventLogService$Receiver
11-23 21:10:51.284 W/mot_vr_audio_hw( 1419): Discarded 10 buffers without finding audio data
11-23 21:10:51.294 I/EventLogService( 7248): Aggregate from 1416796780486 (log), 1416796780486 (data)
11-23 21:10:51.294 D/ADSPD   ( 7609): Client cmd=0x0003, size=4
11-23 21:10:51.294 D/mot_vr_audio_hw( 1419): Re-arming DSP
11-23 21:10:51.294 D/mot_vr_audio_hw( 1419): Input 0xb8ebf4f8 standby complete
11-23 21:10:51.304 D/ADSPD   ( 7609): Received from DSP: cmd=0x8003, size=2
11-23 21:10:51.304 D/mot_vr_audio_hw( 1419): received recognition control callback, status 0
11-23 21:10:51.314 D/dalvikvm( 7248): GC_CONCURRENT freed 415K, 22% free 2532K/3228K, paused 48ms+2ms, total 100ms
11-23 21:10:51.324 D/ADSPD   ( 7609): Client cmd=0x4003, size=2
11-23 21:10:51.334 D/mot_vr_audio_hw( 1419): Input 0xb8ebf4f8 close complete
11-23 21:10:51.334 D/mot_vr_audio_hw( 1419): dsp_recognizer_enabled = true
11-23 21:10:51.334 D/ADSPD   ( 7609): Client cmd=0x0003, size=4
11-23 21:10:51.334 D/mot_vr_audio_hw( 1419): open_input_stream(): devices = 0x80000004, rate = 8000, channels = 0x10
11-23 21:10:51.334 D/mot_vr_audio_hw( 1419): Created resampler for 16000->8000 Hz
11-23 21:10:51.344 D/ADSPD   ( 7609): Received from DSP: cmd=0x8003, size=2
11-23 21:10:51.344 D/ADSPD   ( 7609): Client cmd=0x4003, size=2
11-23 21:10:51.344 D/mot_vr_audio_hw( 1419): received recognition control callback, status 0
11-23 21:10:51.364 I/AmbientMode( 1871): Dream ended: isDozing=true
11-23 21:10:51.374 D/mot_vr_audio_hw( 1419): in_read waiting for hotword
11-23 21:10:51.474 E/HostWithRpcCallback( 1871): Failed to send RPC
11-23 21:10:51.474 E/HostWithRpcCallback( 1871): com.google.android.wearable.gmsclient.WearableException: sendRpcAsync failed: Status{statusCode=unknown status code: 4000, resolution=null}
11-23 21:10:51.474 E/HostWithRpcCallback( 1871): 	at com.google.android.wearable.gmsclient.GoogleApiClientHelper.throwIfFailed(GoogleApiClientHelper.java:98)
11-23 21:10:51.474 E/HostWithRpcCallback( 1871): 	at com.google.android.wearable.gmsclient.MessageManager$1$1.getResult(MessageManager.java:81)
11-23 21:10:51.474 E/HostWithRpcCallback( 1871): 	at com.google.android.wearable.gmsclient.MessageManager$1$1.getResult(MessageManager.java:78)
11-23 21:10:51.474 E/HostWithRpcCallback( 1871): 	at com.google.android.clockwork.actions.WearableHostWithRpcCallback$SendRpcCallbackWithId.onSendRpc(WearableHostWithRpcCallback.java:292)
11-23 21:10:51.474 E/HostWithRpcCallback( 1871): 	at com.google.android.wearable.gmsclient.MessageManager$1.onResult(MessageManager.java:78)
11-23 21:10:51.474 E/HostWithRpcCallback( 1871): 	at com.google.android.wearable.gmsclient.MessageManager$1.onResult(MessageManager.java:75)
11-23 21:10:51.474 E/HostWithRpcCallback( 1871): 	at com.google.android.gms.common.api.BaseImplementation$CallbackHandler.deliverResultCallback(Unknown Source)
11-23 21:10:51.474 E/HostWithRpcCallback( 1871): 	at com.google.android.gms.common.api.BaseImplementation$CallbackHandler.handleMessage(Unknown Source)
11-23 21:10:51.474 E/HostWithRpcCallback( 1871): 	at android.os.Handler.dispatchMessage(Handler.java:102)
11-23 21:10:51.474 E/HostWithRpcCallback( 1871): 	at android.os.Looper.loop(Looper.java:136)
11-23 21:10:51.474 E/HostWithRpcCallback( 1871): 	at android.app.ActivityThread.main(ActivityThread.java:5026)
11-23 21:10:51.474 E/HostWithRpcCallback( 1871): 	at java.lang.reflect.Method.invokeNative(Native Method)
11-23 21:10:51.474 E/HostWithRpcCallback( 1871): 	at java.lang.reflect.Method.invoke(Method.java:515)
11-23 21:10:51.474 E/HostWithRpcCallback( 1871): 	at com.android.internal.os.ZygoteInit$MethodAndArgsCaller.run(ZygoteInit.java:777)
11-23 21:10:51.474 E/HostWithRpcCallback( 1871): 	at com.android.internal.os.ZygoteInit.main(ZygoteInit.java:602)
11-23 21:10:51.474 E/HostWithRpcCallback( 1871): 	at dalvik.system.NativeStart.main(Native Method)
11-23 21:10:51.484 E/HostWithRpcCallback( 1871): Failed to send RPC
11-23 21:10:51.484 E/HostWithRpcCallback( 1871): com.google.android.wearable.gmsclient.WearableException: sendRpcAsync failed: Status{statusCode=unknown status code: 4000, resolution=null}
11-23 21:10:51.484 E/HostWithRpcCallback( 1871): 	at com.google.android.wearable.gmsclient.GoogleApiClientHelper.throwIfFailed(GoogleApiClientHelper.java:98)
11-23 21:10:51.484 E/HostWithRpcCallback( 1871): 	at com.google.android.wearable.gmsclient.MessageManager$1$1.getResult(MessageManager.java:81)
11-23 21:10:51.484 E/HostWithRpcCallback( 1871): 	at com.google.android.wearable.gmsclient.MessageManager$1$1.getResult(MessageManager.java:78)
11-23 21:10:51.484 E/HostWithRpcCallback( 1871): 	at com.google.android.clockwork.actions.WearableHostWithRpcCallback$SendRpcCallbackWithId.onSendRpc(WearableHostWithRpcCallback.java:292)
11-23 21:10:51.484 E/HostWithRpcCallback( 1871): 	at com.google.android.wearable.gmsclient.MessageManager$1.onResult(MessageManager.java:78)
11-23 21:10:51.484 E/HostWithRpcCallback( 1871): 	at com.google.android.wearable.gmsclient.MessageManager$1.onResult(MessageManager.java:75)
11-23 21:10:51.484 E/HostWithRpcCallback( 1871): 	at com.google.android.gms.common.api.BaseImplementation$CallbackHandler.deliverResultCallback(Unknown Source)
11-23 21:10:51.484 E/HostWithRpcCallback( 1871): 	at com.google.android.gms.common.api.BaseImplementation$CallbackHandler.handleMessage(Unknown Source)
11-23 21:10:51.484 E/HostWithRpcCallback( 1871): 	at android.os.Handler.dispatchMessage(Handler.java:102)
11-23 21:10:51.484 E/HostWithRpcCallback( 1871): 	at android.os.Looper.loop(Looper.java:136)
11-23 21:10:51.484 E/HostWithRpcCallback( 1871): 	at android.app.ActivityThread.main(ActivityThread.java:5026)
11-23 21:10:51.484 E/HostWithRpcCallback( 1871): 	at java.lang.reflect.Method.invokeNative(Native Method)
11-23 21:10:51.484 E/HostWithRpcCallback( 1871): 	at java.lang.reflect.Method.invoke(Method.java:515)
11-23 21:10:51.484 E/HostWithRpcCallback( 1871): 	at com.android.internal.os.ZygoteInit$MethodAndArgsCaller.run(ZygoteInit.java:777)
11-23 21:10:51.484 E/HostWithRpcCallback( 1871): 	at com.android.internal.os.ZygoteInit.main(ZygoteInit.java:602)
11-23 21:10:51.484 E/HostWithRpcCallback( 1871): 	at dalvik.system.NativeStart.main(Native Method)
11-23 21:10:51.874 I/ServiceDumpSys( 7248): dumping service [account]
11-23 21:10:51.934 I/ActivityManager( 1752): Resuming delayed broadcast
11-23 21:10:52.004 D/LightsService( 1752): Excessive delay setting light: 279ms
11-23 21:10:52.004 D/SurfaceFlinger( 1417): Screen released, type=0 flinger=0xb7fc2448
11-23 21:10:52.175 D/hwcomposer( 1417): hwc_blank(0: 1)
11-23 21:10:52.175 D/SurfaceControl( 1752): Excessive delay in blankDisplay() while turning screen off: 173ms
11-23 21:10:52.195 I/DisplayManagerService( 1752): Display device changed: DisplayDeviceInfo{"Built-in Screen": 320 x 290, 45.000004 fps, density 213, 203.2 x 204.61111 dpi, touch INTERNAL, rotation 0, type BUILT_IN, state OFF, FLAG_DEFAULT_DISPLAY, FLAG_ROTATES_WITH_CONTENT, FLAG_SECURE, FLAG_SUPPORTS_PROTECTED_BUFFERS}
11-23 21:10:52.195 V/ActivityManager( 1752): Display changed displayId=0
11-23 21:10:52.205 V/WearActivity(15222): display changed: 0, new state: 1
11-23 21:10:52.205 I/TimeWrapper(15222): FPS: 39.770878, samples: 236
11-23 21:10:52.205 I/TimeWrapper(15222): Min/Avg/Max frame render speed (ms): 3.784179 / 5.472344 / 29.296877
11-23 21:10:52.205 I/TimeWrapper(15222): Waketime: 21.763996%
11-23 21:10:52.205 I/TimeWrapper(15222): Skipped frames: 1
11-23 21:10:52.205 V/MyViewAnim(15222): redrawSlow: resume -> 1
11-23 21:10:52.205 V/MyViewAnim(15222): redrawSlow: display change without state change -> 1
11-23 21:10:52.205 V/MyViewAnim(15222): redrawSlow: startHelper -> 1
11-23 21:10:52.205 V/WearActivity(15222): onDisplayChanged: off!
11-23 21:10:52.205 V/WearActivity(15222): stopHelper: shutting things down
11-23 21:10:52.225 D/MinnowPowerHAL( 1752): power_set_interactive: 0
11-23 21:10:52.225 D/MinnowPowerHAL( 1752): sysfs_write: /sys/devices/platform/omapdss/display0/interactivemode 0
11-23 21:10:52.225 D/MinnowPowerHAL( 1752): sysfs_write: /sys/devices/ocp.2/i2c.6/i2c-0/0-004a/interactivemode 0
11-23 21:10:52.225 D/MinnowPowerHAL( 1752): sysfs_write: /sys/class/leds/lcd-backlight/interactive 0
11-23 21:10:52.225 D/mot_vr_audio_hw( 1752): dsp_set_pm_state = off
11-23 21:10:52.225 D/ADSPD   ( 7609): Client cmd=0x4002, size=2
11-23 21:10:52.225 D/ADSPD   ( 7609): DSP_CMD_DAEMON_SET_PM_STATE : 0
11-23 21:10:52.225 D/ADSPD   ( 7609): DSP not turned off as still being used
11-23 21:10:52.235 D/mot_vr_audio_hw( 1419): dsp_recognizer_enabled = false
11-23 21:10:52.235 D/ADSPD   ( 7609): Client cmd=0x0003, size=4
11-23 21:10:52.235 D/ADSPD   ( 7609): Trying to send to dsp while in dsp in RESET
11-23 21:10:52.235 W/mot_vr_audio_hw( 1419): Not allowing wake() since DSP is disabled
11-23 21:10:52.245 W/mot_vr_audio_hw( 1419): Not allowing wake() since DSP is disabled
11-23 21:10:52.245 W/InputMethodManagerService( 1752): Ignoring setImeWindowStatus of uid 1000 token: null
11-23 21:10:52.255 V/MyViewAnim(15222): stopping animation!
11-23 21:10:52.255 V/MyViewAnim(15222): killDrawThread
11-23 21:10:52.255 V/WearActivity(15222): killing alarms
11-23 21:10:52.265 D/ADSPD   ( 7609): Client cmd=0x4003, size=2
11-23 21:10:52.265 D/ADSPD   ( 7609): DSP no longer used, turned off here
11-23 21:10:52.265 D/mot_vr_audio_hw( 1419): Input 0xb8ebf4f8 close complete
11-23 21:10:52.265 I/ClockFace(15222): Ambient mode: false
11-23 21:10:52.265 V/WearActivity(15222): Pause!
11-23 21:10:52.285 V/WearActivity(15222): Stop!
11-23 21:10:52.285 E/HostWithRpcCallback( 1871): Failed to send RPC
11-23 21:10:52.285 E/HostWithRpcCallback( 1871): com.google.android.wearable.gmsclient.WearableException: sendRpcAsync failed: Status{statusCode=unknown status code: 4000, resolution=null}
11-23 21:10:52.285 E/HostWithRpcCallback( 1871): 	at com.google.android.wearable.gmsclient.GoogleApiClientHelper.throwIfFailed(GoogleApiClientHelper.java:98)
11-23 21:10:52.285 E/HostWithRpcCallback( 1871): 	at com.google.android.wearable.gmsclient.MessageManager$1$1.getResult(MessageManager.java:81)
11-23 21:10:52.285 E/HostWithRpcCallback( 1871): 	at com.google.android.wearable.gmsclient.MessageManager$1$1.getResult(MessageManager.java:78)
11-23 21:10:52.285 E/HostWithRpcCallback( 1871): 	at com.google.android.clockwork.actions.WearableHostWithRpcCallback$SendRpcCallbackWithId.onSendRpc(WearableHostWithRpcCallback.java:292)
11-23 21:10:52.285 E/HostWithRpcCallback( 1871): 	at com.google.android.wearable.gmsclient.MessageManager$1.onResult(MessageManager.java:78)
11-23 21:10:52.285 E/HostWithRpcCallback( 1871): 	at com.google.android.wearable.gmsclient.MessageManager$1.onResult(MessageManager.java:75)
11-23 21:10:52.285 E/HostWithRpcCallback( 1871): 	at com.google.android.gms.common.api.BaseImplementation$CallbackHandler.deliverResultCallback(Unknown Source)
11-23 21:10:52.285 E/HostWithRpcCallback( 1871): 	at com.google.android.gms.common.api.BaseImplementation$CallbackHandler.handleMessage(Unknown Source)
11-23 21:10:52.285 E/HostWithRpcCallback( 1871): 	at android.os.Handler.dispatchMessage(Handler.java:102)
11-23 21:10:52.285 E/HostWithRpcCallback( 1871): 	at android.os.Looper.loop(Looper.java:136)
11-23 21:10:52.285 E/HostWithRpcCallback( 1871): 	at android.app.ActivityThread.main(ActivityThread.java:5026)
11-23 21:10:52.285 E/HostWithRpcCallback( 1871): 	at java.lang.reflect.Method.invokeNative(Native Method)
11-23 21:10:52.285 E/HostWithRpcCallback( 1871): 	at java.lang.reflect.Method.invoke(Method.java:515)
11-23 21:10:52.285 E/HostWithRpcCallback( 1871): 	at com.android.internal.os.ZygoteInit$MethodAndArgsCaller.run(ZygoteInit.java:777)
11-23 21:10:52.285 E/HostWithRpcCallback( 1871): 	at com.android.internal.os.ZygoteInit.main(ZygoteInit.java:602)
11-23 21:10:52.285 E/HostWithRpcCallback( 1871): 	at dalvik.system.NativeStart.main(Native Method)
11-23 21:10:52.295 V/MyViewAnim(15222): looper finished!
11-23 21:10:52.295 V/MyViewAnim(15222): draw thread termination
11-23 21:10:54.327 D/SensorHALGestureSensor( 1752): Gesture event received! time = 1416798654329761882
11-23 21:10:54.327 I/PowerManagerService( 1752): Waking up from sleep...
11-23 21:10:54.327 W/KeyguardServiceDelegate( 1752): onScreenTurnedOn(): no keyguard service!
11-23 21:10:54.427 D/MinnowPowerHAL( 1752): power_set_interactive: 1
11-23 21:10:54.427 D/MinnowPowerHAL( 1752): sysfs_write: /sys/devices/platform/omapdss/display0/interactivemode 1
11-23 21:10:54.477 D/MinnowPowerHAL( 1752): sysfs_write: /sys/devices/ocp.2/i2c.6/i2c-0/0-004a/interactivemode 1
11-23 21:10:54.477 D/MinnowPowerHAL( 1752): sysfs_write: /sys/class/leds/lcd-backlight/interactive 1
11-23 21:10:54.487 D/mot_vr_audio_hw( 1752): dsp_set_pm_state = on
11-23 21:10:54.487 D/ADSPD   ( 7609): Client cmd=0x4002, size=2
11-23 21:10:54.487 D/ADSPD   ( 7609): DSP_CMD_DAEMON_SET_PM_STATE : 1
11-23 21:10:54.487 D/PowerManagerService-JNI( 1752): Excessive delay in setInteractive(true) while turning screen on: 60ms
11-23 21:10:54.487 V/WearActivity(15222): Resume!
11-23 21:10:54.487 E/ClockworkHome( 1871): Tried to exit ambient mode, but enterAmbientMode() was never called.
11-23 21:10:54.497 D/mot_vr_audio_hw( 1419): dsp_recognizer_enabled = true
11-23 21:10:54.497 D/mot_vr_audio_hw( 1419): open_input_stream(): devices = 0x80000004, rate = 8000, channels = 0x10
11-23 21:10:54.497 D/mot_vr_audio_hw( 1419): Created resampler for 16000->8000 Hz
11-23 21:10:54.507 W/InputMethodManagerService( 1752): Ignoring setImeWindowStatus of uid 1000 token: null
11-23 21:10:54.527 D/mot_vr_audio_hw( 1419): in_read waiting for hotword
11-23 21:10:54.567 E/HostWithRpcCallback( 1871): Failed to send RPC
11-23 21:10:54.567 E/HostWithRpcCallback( 1871): com.google.android.wearable.gmsclient.WearableException: sendRpcAsync failed: Status{statusCode=unknown status code: 4000, resolution=null}
11-23 21:10:54.567 E/HostWithRpcCallback( 1871): 	at com.google.android.wearable.gmsclient.GoogleApiClientHelper.throwIfFailed(GoogleApiClientHelper.java:98)
11-23 21:10:54.567 E/HostWithRpcCallback( 1871): 	at com.google.android.wearable.gmsclient.MessageManager$1$1.getResult(MessageManager.java:81)
11-23 21:10:54.567 E/HostWithRpcCallback( 1871): 	at com.google.android.wearable.gmsclient.MessageManager$1$1.getResult(MessageManager.java:78)
11-23 21:10:54.567 E/HostWithRpcCallback( 1871): 	at com.google.android.clockwork.actions.WearableHostWithRpcCallback$SendRpcCallbackWithId.onSendRpc(WearableHostWithRpcCallback.java:292)
11-23 21:10:54.567 E/HostWithRpcCallback( 1871): 	at com.google.android.wearable.gmsclient.MessageManager$1.onResult(MessageManager.java:78)
11-23 21:10:54.567 E/HostWithRpcCallback( 1871): 	at com.google.android.wearable.gmsclient.MessageManager$1.onResult(MessageManager.java:75)
11-23 21:10:54.567 E/HostWithRpcCallback( 1871): 	at com.google.android.gms.common.api.BaseImplementation$CallbackHandler.deliverResultCallback(Unknown Source)
11-23 21:10:54.567 E/HostWithRpcCallback( 1871): 	at com.google.android.gms.common.api.BaseImplementation$CallbackHandler.handleMessage(Unknown Source)
11-23 21:10:54.567 E/HostWithRpcCallback( 1871): 	at android.os.Handler.dispatchMessage(Handler.java:102)
11-23 21:10:54.567 E/HostWithRpcCallback( 1871): 	at android.os.Looper.loop(Looper.java:136)
11-23 21:10:54.567 E/HostWithRpcCallback( 1871): 	at android.app.ActivityThread.main(ActivityThread.java:5026)
11-23 21:10:54.567 E/HostWithRpcCallback( 1871): 	at java.lang.reflect.Method.invokeNative(Native Method)
11-23 21:10:54.567 E/HostWithRpcCallback( 1871): 	at java.lang.reflect.Method.invoke(Method.java:515)
11-23 21:10:54.567 E/HostWithRpcCallback( 1871): 	at com.android.internal.os.ZygoteInit$MethodAndArgsCaller.run(ZygoteInit.java:777)
11-23 21:10:54.567 E/HostWithRpcCallback( 1871): 	at com.android.internal.os.ZygoteInit.main(ZygoteInit.java:602)
11-23 21:10:54.567 E/HostWithRpcCallback( 1871): 	at dalvik.system.NativeStart.main(Native Method)
11-23 21:10:54.627 D/SurfaceFlinger( 1417): Screen acquired, type=0 flinger=0xb7fc2448
11-23 21:10:54.627 D/hwcomposer( 1417): hwc_blank(0: 0)
11-23 21:10:54.627 D/SensorHAL( 1752): adjustSensorHandle: handle = 9 adjustedHandle = 1
11-23 21:10:54.627 D/SensorHAL( 1752): adjustSensorHandle: handle = 9 adjustedHandle = 1
11-23 21:10:54.627 I/DisplayManagerService( 1752): Display device changed: DisplayDeviceInfo{"Built-in Screen": 320 x 290, 45.000004 fps, density 213, 203.2 x 204.61111 dpi, touch INTERNAL, rotation 0, type BUILT_IN, state ON, FLAG_DEFAULT_DISPLAY, FLAG_ROTATES_WITH_CONTENT, FLAG_SECURE, FLAG_SUPPORTS_PROTECTED_BUFFERS}
11-23 21:10:54.637 V/ActivityManager( 1752): Display changed displayId=0
11-23 21:10:54.667 V/WearActivity(15222): display changed: 0, new state: 2
11-23 21:10:54.667 V/WearActivity(15222): onDisplayChanged: on!
11-23 21:10:54.667 V/WearActivity(15222): killing alarms
11-23 21:10:54.667 V/WearActivity(15222): startHelper: putting it all back together again
11-23 21:10:54.667 V/WearActivity(15222): initAlarm: setting up
11-23 21:10:54.667 I/ClockFace(15222): Ambient mode: false
11-23 21:10:54.667 V/MyViewAnim(15222): resumeMaxHertz
11-23 21:10:54.667 V/ClockFace(15222): clearing caches
11-23 21:10:54.667 V/MyViewAnim(15222): starting new animator
11-23 21:10:54.667 V/MyViewAnim(15222): Time listener is up!
11-23 21:10:54.667 V/MyViewAnim(15222): starting new draw thread
11-23 21:10:54.667 D/SensorHAL( 1752): adjustSensorHandle: handle = 9 adjustedHandle = 1
11-23 21:10:54.707 V/ClockFace(15222): rendering new face, faceMode(0)
11-23 21:10:54.727 V/ClockFace(15222): fetching new battery status (398)
11-23 21:10:54.727 V/ClockFace(15222): battery at 0.69
11-23 21:10:54.787 E/ADSPD   ( 7609): Timeout on select()
11-23 21:10:54.787 E/ADSPD   ( 7609): NO ACK received after loading firmware
11-23 21:10:54.787 E/ADSPD   ( 7609): Unknown ACK received 0x00
11-23 21:10:54.787 D/ADSPD   ( 7609): Client cmd=0x0003, size=4
11-23 21:10:54.797 D/ADSPD   ( 7609): Received from DSP: cmd=0x8003, size=2
11-23 21:10:54.797 D/ADSPD   ( 7609): Client cmd=0x4003, size=2
11-23 21:10:54.797 D/mot_vr_audio_hw( 1419): received recognition control callback, status 0
11-23 21:10:55.158 D/dalvikvm( 6920): GC_CONCURRENT freed 367K, 23% free 2517K/3252K, paused 2ms+2ms, total 46ms
11-23 21:10:59.492 I/PowerManagerService( 1752): Going to sleep due to screen timeout...
11-23 21:10:59.502 I/PowerManagerService( 1752): Dozing...
11-23 21:10:59.502 I/DreamController( 1752): Starting dream: name=ComponentInfo{com.google.android.wearable.app/com.google.android.clockwork.home.AmbientMode}, isTest=false, canDoze=true, userId=0
11-23 21:10:59.552 V/WearActivity(15222): Pause!
11-23 21:10:59.562 V/WearActivity(15222): Stop!
11-23 21:10:59.562 W/InputMethodManagerService( 1752): Ignoring setImeWindowStatus of uid 1000 token: null
11-23 21:10:59.602 I/ActivityManager( 1752): START u0 {act=android.intent.action.MAIN cat=[android.intent.category.HOME] flg=0x10000000 cmp=com.google.android.wearable.app/com.google.android.clockwork.home.HomeActivity (has extras)} from pid 1871 on display 0
11-23 21:10:59.602 I/DreamController( 1752): Stopping dream: name=ComponentInfo{com.google.android.wearable.app/com.google.android.clockwork.home.AmbientMode}, isTest=false, canDoze=true, userId=0
11-23 21:10:59.602 I/PowerManagerService( 1752): Sleeping...
11-23 21:10:59.682 D/mot_vr_audio_hw( 1419): dsp_recognizer_enabled = false
11-23 21:10:59.682 D/ADSPD   ( 7609): Client cmd=0x0003, size=4
11-23 21:10:59.682 D/mot_vr_audio_hw( 1419): Switching DSP to standby/passthrough mode
11-23 21:10:59.682 D/mot_vr_audio_hw( 1419): Input 0xb8ebf4f8 ready to read
11-23 21:10:59.692 D/ADSPD   ( 7609): Received from DSP: cmd=0x8003, size=2
11-23 21:10:59.692 D/ADSPD   ( 7609): Client cmd=0x0003, size=4
11-23 21:10:59.692 D/mot_vr_audio_hw( 1419): received recognition control callback, status 0
11-23 21:10:59.712 D/ADSPD   ( 7609): Received from DSP: cmd=0x8003, size=2
11-23 21:10:59.712 D/mot_vr_audio_hw( 1419): received recognition control callback, status 0
11-23 21:10:59.732 W/mot_vr_audio_hw( 1419): Discarded 10 buffers without finding audio data
11-23 21:10:59.742 D/ADSPD   ( 7609): Client cmd=0x0003, size=4
11-23 21:10:59.742 D/mot_vr_audio_hw( 1419): Re-arming DSP
11-23 21:10:59.742 D/mot_vr_audio_hw( 1419): Input 0xb8ebf4f8 standby complete
11-23 21:10:59.762 D/ADSPD   ( 7609): Received from DSP: cmd=0x8003, size=2
11-23 21:10:59.762 D/mot_vr_audio_hw( 1419): received recognition control callback, status 0
11-23 21:10:59.762 D/ADSPD   ( 7609): Client cmd=0x4003, size=2
11-23 21:10:59.762 D/mot_vr_audio_hw( 1419): Input 0xb8ebf4f8 close complete
11-23 21:10:59.772 I/AmbientMode( 1871): Ambient mode started: canDoze=true, dozeHardware=null
11-23 21:10:59.802 I/AmbientMode( 1871): Dream ended: isDozing=true
11-23 21:10:59.912 E/HostWithRpcCallback( 1871): Failed to send RPC
11-23 21:10:59.912 E/HostWithRpcCallback( 1871): com.google.android.wearable.gmsclient.WearableException: sendRpcAsync failed: Status{statusCode=unknown status code: 4000, resolution=null}
11-23 21:10:59.912 E/HostWithRpcCallback( 1871): 	at com.google.android.wearable.gmsclient.GoogleApiClientHelper.throwIfFailed(GoogleApiClientHelper.java:98)
11-23 21:10:59.912 E/HostWithRpcCallback( 1871): 	at com.google.android.wearable.gmsclient.MessageManager$1$1.getResult(MessageManager.java:81)
11-23 21:10:59.912 E/HostWithRpcCallback( 1871): 	at com.google.android.wearable.gmsclient.MessageManager$1$1.getResult(MessageManager.java:78)
11-23 21:10:59.912 E/HostWithRpcCallback( 1871): 	at com.google.android.clockwork.actions.WearableHostWithRpcCallback$SendRpcCallbackWithId.onSendRpc(WearableHostWithRpcCallback.java:292)
11-23 21:10:59.912 E/HostWithRpcCallback( 1871): 	at com.google.android.wearable.gmsclient.MessageManager$1.onResult(MessageManager.java:78)
11-23 21:10:59.912 E/HostWithRpcCallback( 1871): 	at com.google.android.wearable.gmsclient.MessageManager$1.onResult(MessageManager.java:75)
11-23 21:10:59.912 E/HostWithRpcCallback( 1871): 	at com.google.android.gms.common.api.BaseImplementation$CallbackHandler.deliverResultCallback(Unknown Source)
11-23 21:10:59.912 E/HostWithRpcCallback( 1871): 	at com.google.android.gms.common.api.BaseImplementation$CallbackHandler.handleMessage(Unknown Source)
11-23 21:10:59.912 E/HostWithRpcCallback( 1871): 	at android.os.Handler.dispatchMessage(Handler.java:102)
11-23 21:10:59.912 E/HostWithRpcCallback( 1871): 	at android.os.Looper.loop(Looper.java:136)
11-23 21:10:59.912 E/HostWithRpcCallback( 1871): 	at android.app.ActivityThread.main(ActivityThread.java:5026)
11-23 21:10:59.912 E/HostWithRpcCallback( 1871): 	at java.lang.reflect.Method.invokeNative(Native Method)
11-23 21:10:59.912 E/HostWithRpcCallback( 1871): 	at java.lang.reflect.Method.invoke(Method.java:515)
11-23 21:10:59.912 E/HostWithRpcCallback( 1871): 	at com.android.internal.os.ZygoteInit$MethodAndArgsCaller.run(ZygoteInit.java:777)
11-23 21:10:59.912 E/HostWithRpcCallback( 1871): 	at com.android.internal.os.ZygoteInit.main(ZygoteInit.java:602)
11-23 21:10:59.912 E/HostWithRpcCallback( 1871): 	at dalvik.system.NativeStart.main(Native Method)
11-23 21:11:00.082 D/dalvikvm( 1871): GC_CONCURRENT freed 1789K, 25% free 29222K/38808K, paused 17ms+27ms, total 197ms
11-23 21:11:00.323 D/LightsService( 1752): Excessive delay setting light: 121ms
11-23 21:11:00.323 D/SurfaceFlinger( 1417): Screen released, type=0 flinger=0xb7fc2448
11-23 21:11:00.473 D/hwcomposer( 1417): hwc_blank(0: 1)
11-23 21:11:00.473 D/SurfaceControl( 1752): Excessive delay in blankDisplay() while turning screen off: 147ms
11-23 21:11:00.493 I/DisplayManagerService( 1752): Display device changed: DisplayDeviceInfo{"Built-in Screen": 320 x 290, 45.000004 fps, density 213, 203.2 x 204.61111 dpi, touch INTERNAL, rotation 0, type BUILT_IN, state OFF, FLAG_DEFAULT_DISPLAY, FLAG_ROTATES_WITH_CONTENT, FLAG_SECURE, FLAG_SUPPORTS_PROTECTED_BUFFERS}
11-23 21:11:00.493 V/ActivityManager( 1752): Display changed displayId=0
11-23 21:11:00.503 V/WearActivity(15222): display changed: 0, new state: 1
11-23 21:11:00.503 I/TimeWrapper(15222): FPS: 40.439384, samples: 234
11-23 21:11:00.503 I/TimeWrapper(15222): Min/Avg/Max frame render speed (ms): 3.814698 / 4.992232 / 24.230955
11-23 21:11:00.503 I/TimeWrapper(15222): Waketime: 20.18828%
11-23 21:11:00.503 I/TimeWrapper(15222): Skipped frames: 1
11-23 21:11:00.503 V/MyViewAnim(15222): redrawSlow: resume -> 1
11-23 21:11:00.503 V/MyViewAnim(15222): redrawSlow: startHelper -> 1
11-23 21:11:00.503 V/WearActivity(15222): onDisplayChanged: off!
11-23 21:11:00.503 V/WearActivity(15222): stopHelper: shutting things down
11-23 21:11:00.533 D/MinnowPowerHAL( 1752): power_set_interactive: 0
11-23 21:11:00.533 D/MinnowPowerHAL( 1752): sysfs_write: /sys/devices/platform/omapdss/display0/interactivemode 0
11-23 21:11:00.533 D/MinnowPowerHAL( 1752): sysfs_write: /sys/devices/ocp.2/i2c.6/i2c-0/0-004a/interactivemode 0
11-23 21:11:00.533 D/MinnowPowerHAL( 1752): sysfs_write: /sys/class/leds/lcd-backlight/interactive 0
11-23 21:11:00.533 D/mot_vr_audio_hw( 1752): dsp_set_pm_state = off
11-23 21:11:00.533 D/ADSPD   ( 7609): Client cmd=0x4002, size=2
11-23 21:11:00.533 D/ADSPD   ( 7609): DSP_CMD_DAEMON_SET_PM_STATE : 0
11-23 21:11:00.553 V/MyViewAnim(15222): stopping animation!
11-23 21:11:00.553 V/MyViewAnim(15222): killDrawThread
11-23 21:11:00.553 V/WearActivity(15222): killing alarms
11-23 21:11:00.563 I/ClockFace(15222): Ambient mode: false
11-23 21:11:00.563 V/MyViewAnim(15222): looper finished!
11-23 21:11:00.563 V/MyViewAnim(15222): draw thread termination
11-23 21:11:21.393 D/SensorHALGestureSensor( 1752): Gesture event received! time = 1416798681396137610
