Turned on the watch this morning and every other app responded correctly to Daylight Savings Time, but mine didn't.


==============

11-01 22:17:47.036    1752-2972/? I/ActivityManager﹕ START u0 {act=android.intent.action.MAIN cat=[android.intent.category.HOME] flg=0x10000000 cmp=com.google.android.wearable.app/com.google.android.clockwork.home.HomeActivity (has extras)} from pid 1871 on display 0
11-01 22:17:47.236    1752-4340/? I/ActivityManager﹕ START u0 {act=android.intent.action.MAIN cat=[android.intent.category.HOME] flg=0x10000000 cmp=com.google.android.wearable.app/com.google.android.clockwork.home.HomeActivity (has extras)} from pid 1871 on display 0
11-01 22:18:42.055    1752-1929/? I/ActivityManager﹕ START u0 {act=android.intent.action.MAIN cat=[android.intent.category.HOME] flg=0x10000000 cmp=com.google.android.wearable.app/com.google.android.clockwork.home.HomeActivity (has extras)} from pid 1871 on display 0
11-01 22:18:42.285    1752-1897/? I/ActivityManager﹕ START u0 {act=android.intent.action.MAIN cat=[android.intent.category.HOME] flg=0x10000000 cmp=com.google.android.wearable.app/com.google.android.clockwork.home.HomeActivity (has extras)} from pid 1871 on display 0
11-01 22:19:37.085    1752-1803/? I/ActivityManager﹕ START u0 {act=android.intent.action.MAIN cat=[android.intent.category.HOME] flg=0x10000000 cmp=com.google.android.wearable.app/com.google.android.clockwork.home.HomeActivity (has extras)} from pid 1871 on display 0
11-01 22:19:37.305    1752-1762/? I/ActivityManager﹕ START u0 {act=android.intent.action.MAIN cat=[android.intent.category.HOME] flg=0x10000000 cmp=com.google.android.wearable.app/com.google.android.clockwork.home.HomeActivity (has extras)} from pid 1871 on display 0
11-01 22:20:25.385    1752-1769/? D/SensorHALGestureSensor﹕ Gesture event received! time = 1414898425388052776
11-01 22:20:25.385    1752-2972/? I/PowerManagerService﹕ Waking up from sleep...
11-01 22:20:25.385    1752-1776/? W/KeyguardServiceDelegate﹕ onScreenTurnedOn(): no keyguard service!
11-01 22:20:25.635    1752-1752/? W/InputMethodManagerService﹕ Ignoring setImeWindowStatus of uid 1000 token: null
11-01 22:20:25.655    1752-1778/? I/DisplayManagerService﹕ Display device changed: DisplayDeviceInfo{"Built-in Screen": 320 x 290, 45.000004 fps, density 213, 203.2 x 204.61111 dpi, touch INTERNAL, rotation 0, type BUILT_IN, state ON, FLAG_DEFAULT_DISPLAY, FLAG_ROTATES_WITH_CONTENT, FLAG_SECURE, FLAG_SUPPORTS_PROTECTED_BUFFERS}
11-01 22:20:25.695    1752-1752/? V/ActivityManager﹕ Display changed displayId=0
11-01 22:20:25.775    1752-1927/? D/SensorHAL﹕ adjustSensorHandle: handle = 9 adjustedHandle = 1
11-01 22:20:25.775    1752-1927/? D/SensorHAL﹕ adjustSensorHandle: handle = 9 adjustedHandle = 1
11-01 22:20:25.795    1752-1763/? D/SensorHAL﹕ adjustSensorHandle: handle = 9 adjustedHandle = 1
11-01 22:20:30.540    1752-1929/? I/PowerManagerService﹕ Going to sleep due to screen timeout...
11-01 22:20:30.540    1752-1782/? I/PowerManagerService﹕ Dozing...
11-01 22:20:30.540    1752-1775/? I/DreamController﹕ Starting dream: name=ComponentInfo{com.google.android.wearable.app/com.google.android.clockwork.home.AmbientMode}, isTest=false, canDoze=true, userId=0
11-01 22:20:30.610    1752-2337/? I/ActivityManager﹕ START u0 {act=android.intent.action.MAIN cat=[android.intent.category.HOME] flg=0x10000000 cmp=com.google.android.wearable.app/com.google.android.clockwork.home.HomeActivity (has extras)} from pid 1871 on display 0
11-01 22:20:30.610    1752-1775/? I/DreamController﹕ Stopping dream: name=ComponentInfo{com.google.android.wearable.app/com.google.android.clockwork.home.AmbientMode}, isTest=false, canDoze=true, userId=0
11-01 22:20:30.620    1752-1782/? I/PowerManagerService﹕ Sleeping...
11-01 22:20:31.341    1752-1778/? I/DisplayManagerService﹕ Display device changed: DisplayDeviceInfo{"Built-in Screen": 320 x 290, 45.000004 fps, density 213, 203.2 x 204.61111 dpi, touch INTERNAL, rotation 0, type BUILT_IN, state OFF, FLAG_DEFAULT_DISPLAY, FLAG_ROTATES_WITH_CONTENT, FLAG_SECURE, FLAG_SUPPORTS_PROTECTED_BUFFERS}
11-01 22:20:31.341    1752-1752/? V/ActivityManager﹕ Display changed displayId=0
11-01 22:20:31.401    1752-1752/? W/InputMethodManagerService﹕ Ignoring setImeWindowStatus of uid 1000 token: null
11-01 22:20:40.566    1752-4340/? I/ActivityManager﹕ START u0 {act=android.intent.action.MAIN cat=[android.intent.category.HOME] flg=0x10000000 cmp=com.google.android.wearable.app/com.google.android.clockwork.home.HomeActivity (has extras)} from pid 1871 on display 0
11-01 22:20:40.786    1752-1803/? I/ActivityManager﹕ START u0 {act=android.intent.action.MAIN cat=[android.intent.category.HOME] flg=0x10000000 cmp=com.google.android.wearable.app/com.google.android.clockwork.home.HomeActivity (has extras)} from pid 1871 on display 0
11-01 22:22:52.729    1752-4340/? I/ActivityManager﹕ Delay finish: com.google.android.gms/.fitness.wearables.WearableSyncServiceReceiver
11-01 22:22:52.819    1752-1897/? I/ActivityManager﹕ Resuming delayed broadcast
11-01 22:26:36.074    1752-1763/? I/ActivityManager﹕ START u0 {act=android.intent.action.MAIN cat=[android.intent.category.HOME] flg=0x10000000 cmp=com.google.android.wearable.app/com.google.android.clockwork.home.HomeActivity (has extras)} from pid 1871 on display 0
11-01 22:26:36.314    1752-2337/? I/ActivityManager﹕ START u0 {act=android.intent.action.MAIN cat=[android.intent.category.HOME] flg=0x10000000 cmp=com.google.android.wearable.app/com.google.android.clockwork.home.HomeActivity (has extras)} from pid 1871 on display 0
11-01 22:26:37.735    1752-1797/? D/ConnectivityService﹕ Sampling interval elapsed, updating statistics ..
11-01 22:26:37.775    1752-1797/? D/ConnectivityService﹕ Done.
11-01 22:26:37.785    1752-1797/? D/ConnectivityService﹕ Setting timer for 720seconds
11-01 22:27:38.051    1752-2972/? I/ActivityManager﹕ START u0 {act=android.intent.action.MAIN cat=[android.intent.category.HOME] flg=0x10000000 cmp=com.google.android.wearable.app/com.google.android.clockwork.home.HomeActivity (has extras)} from pid 1871 on display 0
11-01 22:27:38.271    1752-1897/? I/ActivityManager﹕ START u0 {act=android.intent.action.MAIN cat=[android.intent.category.HOME] flg=0x10000000 cmp=com.google.android.wearable.app/com.google.android.clockwork.home.HomeActivity (has extras)} from pid 1871 on display 0
11-01 22:28:38.095    1752-4340/? I/ActivityManager﹕ START u0 {act=android.intent.action.MAIN cat=[android.intent.category.HOME] flg=0x10000000 cmp=com.google.android.wearable.app/com.google.android.clockwork.home.HomeActivity (has extras)} from pid 1871 on display 0
11-01 22:28:38.295    1752-1763/? I/ActivityManager﹕ START u0 {act=android.intent.action.MAIN cat=[android.intent.category.HOME] flg=0x10000000 cmp=com.google.android.wearable.app/com.google.android.clockwork.home.HomeActivity (has extras)} from pid 1871 on display 0
11-01 22:32:13.971    1752-1929/? I/ActivityManager﹕ Delay finish: com.google.android.gms/.fitness.wearables.WearableSyncServiceReceiver
11-01 22:32:14.051    1752-1762/? I/ActivityManager﹕ Resuming delayed broadcast
11-01 22:32:40.552    1752-1929/? I/ActivityManager﹕ START u0 {act=android.intent.action.MAIN cat=[android.intent.category.HOME] flg=0x10000000 cmp=com.google.android.wearable.app/com.google.android.clockwork.home.HomeActivity (has extras)} from pid 1871 on display 0
11-01 22:32:40.772    1752-2972/? I/ActivityManager﹕ START u0 {act=android.intent.action.MAIN cat=[android.intent.category.HOME] flg=0x10000000 cmp=com.google.android.wearable.app/com.google.android.clockwork.home.HomeActivity (has extras)} from pid 1871 on display 0
11-01 22:33:37.562    1752-1929/? I/ActivityManager﹕ START u0 {act=android.intent.action.MAIN cat=[android.intent.category.HOME] flg=0x10000000 cmp=com.google.android.wearable.app/com.google.android.clockwork.home.HomeActivity (has extras)} from pid 1871 on display 0
11-01 22:33:37.792    1752-1897/? I/ActivityManager﹕ START u0 {act=android.intent.action.MAIN cat=[android.intent.category.HOME] flg=0x10000000 cmp=com.google.android.wearable.app/com.google.android.clockwork.home.HomeActivity (has extras)} from pid 1871 on display 0
11-01 22:36:03.610    1752-1897/? I/ActivityManager﹕ START u0 {act=android.intent.action.MAIN cat=[android.intent.category.HOME] flg=0x10000000 cmp=com.google.android.wearable.app/com.google.android.clockwork.home.HomeActivity (has extras)} from pid 1871 on display 0
11-01 22:36:03.810    1752-1763/? I/ActivityManager﹕ START u0 {act=android.intent.action.MAIN cat=[android.intent.category.HOME] flg=0x10000000 cmp=com.google.android.wearable.app/com.google.android.clockwork.home.HomeActivity (has extras)} from pid 1871 on display 0
11-01 22:36:32.448    1752-1769/? D/SensorHALGestureSensor﹕ Gesture event received! time = 1414899392451346149
11-01 22:36:32.448    1752-1897/? I/PowerManagerService﹕ Waking up from sleep...
11-01 22:36:32.448    1752-1776/? W/KeyguardServiceDelegate﹕ onScreenTurnedOn(): no keyguard service!
11-01 22:36:32.628    1752-1752/? W/InputMethodManagerService﹕ Ignoring setImeWindowStatus of uid 1000 token: null
11-01 22:36:32.759    1752-1897/? D/SensorHAL﹕ adjustSensorHandle: handle = 9 adjustedHandle = 1
11-01 22:36:32.759    1752-1897/? D/SensorHAL﹕ adjustSensorHandle: handle = 9 adjustedHandle = 1
11-01 22:36:32.759    1752-1778/? I/DisplayManagerService﹕ Display device changed: DisplayDeviceInfo{"Built-in Screen": 320 x 290, 45.000004 fps, density 213, 203.2 x 204.61111 dpi, touch INTERNAL, rotation 0, type BUILT_IN, state ON, FLAG_DEFAULT_DISPLAY, FLAG_ROTATES_WITH_CONTENT, FLAG_SECURE, FLAG_SUPPORTS_PROTECTED_BUFFERS}
11-01 22:36:32.759    1752-1752/? V/ActivityManager﹕ Display changed displayId=0
11-01 22:36:32.789    1752-1803/? D/SensorHAL﹕ adjustSensorHandle: handle = 9 adjustedHandle = 1
11-01 22:36:37.643    1752-4340/? I/PowerManagerService﹕ Going to sleep due to screen timeout...
11-01 22:36:37.643    1752-1782/? I/PowerManagerService﹕ Dozing...
11-01 22:36:37.643    1752-1775/? I/DreamController﹕ Starting dream: name=ComponentInfo{com.google.android.wearable.app/com.google.android.clockwork.home.AmbientMode}, isTest=false, canDoze=true, userId=0
11-01 22:36:37.713    1752-2972/? I/ActivityManager﹕ START u0 {act=android.intent.action.MAIN cat=[android.intent.category.HOME] flg=0x10000000 cmp=com.google.android.wearable.app/com.google.android.clockwork.home.HomeActivity (has extras)} from pid 1871 on display 0
11-01 22:36:37.723    1752-1775/? I/DreamController﹕ Stopping dream: name=ComponentInfo{com.google.android.wearable.app/com.google.android.clockwork.home.AmbientMode}, isTest=false, canDoze=true, userId=0
11-01 22:36:37.723    1752-1782/? I/PowerManagerService﹕ Sleeping...
11-01 22:36:37.794    1752-1803/? I/ActivityManager﹕ Delay finish: com.google.android.gms/.checkin.EventLogService$Receiver
11-01 22:36:38.534    1752-4340/? I/ActivityManager﹕ Resuming delayed broadcast
11-01 22:36:38.664    1752-1778/? I/DisplayManagerService﹕ Display device changed: DisplayDeviceInfo{"Built-in Screen": 320 x 290, 45.000004 fps, density 213, 203.2 x 204.61111 dpi, touch INTERNAL, rotation 0, type BUILT_IN, state OFF, FLAG_DEFAULT_DISPLAY, FLAG_ROTATES_WITH_CONTENT, FLAG_SECURE, FLAG_SUPPORTS_PROTECTED_BUFFERS}
11-01 22:36:38.664    1752-1752/? V/ActivityManager﹕ Display changed displayId=0
11-01 22:36:38.714    1752-1752/? W/InputMethodManagerService﹕ Ignoring setImeWindowStatus of uid 1000 token: null
11-01 22:36:47.575    1752-1803/? I/ActivityManager﹕ START u0 {act=android.intent.action.MAIN cat=[android.intent.category.HOME] flg=0x10000000 cmp=com.google.android.wearable.app/com.google.android.clockwork.home.HomeActivity (has extras)} from pid 1871 on display 0
11-01 22:36:47.855    1752-1763/? I/ActivityManager﹕ START u0 {act=android.intent.action.MAIN cat=[android.intent.category.HOME] flg=0x10000000 cmp=com.google.android.wearable.app/com.google.android.clockwork.home.HomeActivity (has extras)} from pid 1871 on display 0
11-01 22:37:35.586    1752-1763/? I/ActivityManager﹕ START u0 {act=android.intent.action.MAIN cat=[android.intent.category.HOME] flg=0x10000000 cmp=com.google.android.wearable.app/com.google.android.clockwork.home.HomeActivity (has extras)} from pid 1871 on display 0
11-01 22:37:35.886    1752-1927/? I/ActivityManager﹕ START u0 {act=android.intent.action.MAIN cat=[android.intent.category.HOME] flg=0x10000000 cmp=com.google.android.wearable.app/com.google.android.clockwork.home.HomeActivity (has extras)} from pid 1871 on display 0
11-01 22:37:48.729    1752-1897/? I/ActivityManager﹕ Delay finish: com.google.android.gms/.fitness.wearables.WearableSyncServiceReceiver
11-01 22:37:48.809    1752-4340/? I/ActivityManager﹕ Resuming delayed broadcast
11-01 22:38:45.415    1752-1797/? D/ConnectivityService﹕ Sampling interval elapsed, updating statistics ..
11-01 22:38:45.425    1752-1797/? D/ConnectivityService﹕ Done.
11-01 22:38:45.425    1752-1797/? D/ConnectivityService﹕ Setting timer for 720seconds
11-01 22:38:45.635    1752-1929/? I/ActivityManager﹕ START u0 {act=android.intent.action.MAIN cat=[android.intent.category.HOME] flg=0x10000000 cmp=com.google.android.wearable.app/com.google.android.clockwork.home.HomeActivity (has extras)} from pid 1871 on display 0
11-01 22:38:45.825    1752-2337/? I/ActivityManager﹕ START u0 {act=android.intent.action.MAIN cat=[android.intent.category.HOME] flg=0x10000000 cmp=com.google.android.wearable.app/com.google.android.clockwork.home.HomeActivity (has extras)} from pid 1871 on display 0
11-01 22:39:41.665    1752-4340/? I/ActivityManager﹕ START u0 {act=android.intent.action.MAIN cat=[android.intent.category.HOME] flg=0x10000000 cmp=com.google.android.wearable.app/com.google.android.clockwork.home.HomeActivity (has extras)} from pid 1871 on display 0
11-01 22:39:41.935    1752-1927/? I/ActivityManager﹕ START u0 {act=android.intent.action.MAIN cat=[android.intent.category.HOME] flg=0x10000000 cmp=com.google.android.wearable.app/com.google.android.clockwork.home.HomeActivity (has extras)} from pid 1871 on display 0
11-01 22:40:35.595    1752-1763/? I/ActivityManager﹕ START u0 {act=android.intent.action.MAIN cat=[android.intent.category.HOME] flg=0x10000000 cmp=com.google.android.wearable.app/com.google.android.clockwork.home.HomeActivity (has extras)} from pid 1871 on display 0
11-01 22:40:35.825    1752-2972/? I/ActivityManager﹕ START u0 {act=android.intent.action.MAIN cat=[android.intent.category.HOME] flg=0x10000000 cmp=com.google.android.wearable.app/com.google.android.clockwork.home.HomeActivity (has extras)} from pid 1871 on display 0
11-01 22:41:43.537    1752-1929/? I/ActivityManager﹕ START u0 {act=android.intent.action.MAIN cat=[android.intent.category.HOME] flg=0x10000000 cmp=com.google.android.wearable.app/com.google.android.clockwork.home.HomeActivity (has extras)} from pid 1871 on display 0
11-01 22:41:43.747    1752-1897/? I/ActivityManager﹕ START u0 {act=android.intent.action.MAIN cat=[android.intent.category.HOME] flg=0x10000000 cmp=com.google.android.wearable.app/com.google.android.clockwork.home.HomeActivity (has extras)} from pid 1871 on display 0
11-01 22:42:34.056    1752-4340/? I/ActivityManager﹕ START u0 {act=android.intent.action.MAIN cat=[android.intent.category.HOME] flg=0x10000000 cmp=com.google.android.wearable.app/com.google.android.clockwork.home.HomeActivity (has extras)} from pid 1871 on display 0
11-01 22:42:34.286    1752-1927/? I/ActivityManager﹕ START u0 {act=android.intent.action.MAIN cat=[android.intent.category.HOME] flg=0x10000000 cmp=com.google.android.wearable.app/com.google.android.clockwork.home.HomeActivity (has extras)} from pid 1871 on display 0
11-01 22:43:37.076    1752-1927/? I/ActivityManager﹕ START u0 {act=android.intent.action.MAIN cat=[android.intent.category.HOME] flg=0x10000000 cmp=com.google.android.wearable.app/com.google.android.clockwork.home.HomeActivity (has extras)} from pid 1871 on display 0
11-01 22:43:37.306    1752-2972/? I/ActivityManager﹕ START u0 {act=android.intent.action.MAIN cat=[android.intent.category.HOME] flg=0x10000000 cmp=com.google.android.wearable.app/com.google.android.clockwork.home.HomeActivity (has extras)} from pid 1871 on display 0
11-01 22:44:34.587    1752-1927/? I/ActivityManager﹕ START u0 {act=android.intent.action.MAIN cat=[android.intent.category.HOME] flg=0x10000000 cmp=com.google.android.wearable.app/com.google.android.clockwork.home.HomeActivity (has extras)} from pid 1871 on display 0
11-01 22:44:34.817    1752-1803/? I/ActivityManager﹕ START u0 {act=android.intent.action.MAIN cat=[android.intent.category.HOME] flg=0x10000000 cmp=com.google.android.wearable.app/com.google.android.clockwork.home.HomeActivity (has extras)} from pid 1871 on display 0
11-01 22:47:41.799    1752-1927/? I/ActivityManager﹕ Delay finish: com.google.android.gms/.fitness.wearables.WearableSyncServiceReceiver
11-01 22:47:41.879    1752-2337/? I/ActivityManager﹕ Resuming delayed broadcast
11-01 22:49:37.569    1752-1929/? I/ActivityManager﹕ START u0 {act=android.intent.action.MAIN cat=[android.intent.category.HOME] flg=0x10000000 cmp=com.google.android.wearable.app/com.google.android.clockwork.home.HomeActivity (has extras)} from pid 1871 on display 0
11-01 22:49:37.799    1752-1803/? I/ActivityManager﹕ START u0 {act=android.intent.action.MAIN cat=[android.intent.category.HOME] flg=0x10000000 cmp=com.google.android.wearable.app/com.google.android.clockwork.home.HomeActivity (has extras)} from pid 1871 on display 0
11-01 22:50:36.128    1752-1763/? I/ActivityManager﹕ START u0 {act=android.intent.action.MAIN cat=[android.intent.category.HOME] flg=0x10000000 cmp=com.google.android.wearable.app/com.google.android.clockwork.home.HomeActivity (has extras)} from pid 1871 on display 0
11-01 22:50:36.358    1752-2972/? I/ActivityManager﹕ START u0 {act=android.intent.action.MAIN cat=[android.intent.category.HOME] flg=0x10000000 cmp=com.google.android.wearable.app/com.google.android.clockwork.home.HomeActivity (has extras)} from pid 1871 on display 0
11-01 22:51:37.108    1752-1929/? I/ActivityManager﹕ START u0 {act=android.intent.action.MAIN cat=[android.intent.category.HOME] flg=0x10000000 cmp=com.google.android.wearable.app/com.google.android.clockwork.home.HomeActivity (has extras)} from pid 1871 on display 0
11-01 22:51:37.338    1752-4340/? I/ActivityManager﹕ START u0 {act=android.intent.action.MAIN cat=[android.intent.category.HOME] flg=0x10000000 cmp=com.google.android.wearable.app/com.google.android.clockwork.home.HomeActivity (has extras)} from pid 1871 on display 0
11-01 22:52:36.129    1752-2972/? I/ActivityManager﹕ START u0 {act=android.intent.action.MAIN cat=[android.intent.category.HOME] flg=0x10000000 cmp=com.google.android.wearable.app/com.google.android.clockwork.home.HomeActivity (has extras)} from pid 1871 on display 0
11-01 22:52:36.350    1752-1897/? I/ActivityManager﹕ START u0 {act=android.intent.action.MAIN cat=[android.intent.category.HOME] flg=0x10000000 cmp=com.google.android.wearable.app/com.google.android.clockwork.home.HomeActivity (has extras)} from pid 1871 on display 0
11-01 22:53:35.607    1752-1763/? I/ActivityManager﹕ START u0 {act=android.intent.action.MAIN cat=[android.intent.category.HOME] flg=0x10000000 cmp=com.google.android.wearable.app/com.google.android.clockwork.home.HomeActivity (has extras)} from pid 1871 on display 0
11-01 22:53:35.837    1752-1927/? I/ActivityManager﹕ START u0 {act=android.intent.action.MAIN cat=[android.intent.category.HOME] flg=0x10000000 cmp=com.google.android.wearable.app/com.google.android.clockwork.home.HomeActivity (has extras)} from pid 1871 on display 0
11-01 22:54:10.749    1752-1797/? D/ConnectivityService﹕ Sampling interval elapsed, updating statistics ..
11-01 22:54:10.789    1752-1797/? D/ConnectivityService﹕ Done.
11-01 22:54:10.789    1752-1797/? D/ConnectivityService﹕ Setting timer for 720seconds
11-01 22:54:34.620    1752-1929/? I/ActivityManager﹕ START u0 {act=android.intent.action.MAIN cat=[android.intent.category.HOME] flg=0x10000000 cmp=com.google.android.wearable.app/com.google.android.clockwork.home.HomeActivity (has extras)} from pid 1871 on display 0
11-01 22:54:34.890    1752-1927/? I/ActivityManager﹕ START u0 {act=android.intent.action.MAIN cat=[android.intent.category.HOME] flg=0x10000000 cmp=com.google.android.wearable.app/com.google.android.clockwork.home.HomeActivity (has extras)} from pid 1871 on display 0
11-01 22:55:36.629    1752-2972/? I/ActivityManager﹕ START u0 {act=android.intent.action.MAIN cat=[android.intent.category.HOME] flg=0x10000000 cmp=com.google.android.wearable.app/com.google.android.clockwork.home.HomeActivity (has extras)} from pid 1871 on display 0
11-01 22:55:36.819    1752-2337/? I/ActivityManager﹕ START u0 {act=android.intent.action.MAIN cat=[android.intent.category.HOME] flg=0x10000000 cmp=com.google.android.wearable.app/com.google.android.clockwork.home.HomeActivity (has extras)} from pid 1871 on display 0
11-01 22:57:01.328    1752-1769/? D/SensorHALGestureSensor﹕ Gesture event received! time = 1414900621330648982
11-01 22:57:01.328    1752-1927/? I/PowerManagerService﹕ Waking up from sleep...
11-01 22:57:01.328    1752-1776/? W/KeyguardServiceDelegate﹕ onScreenTurnedOn(): no keyguard service!
11-01 22:57:01.668    1752-1778/? I/DisplayManagerService﹕ Display device changed: DisplayDeviceInfo{"Built-in Screen": 320 x 290, 45.000004 fps, density 213, 203.2 x 204.61111 dpi, touch INTERNAL, rotation 0, type BUILT_IN, state ON, FLAG_DEFAULT_DISPLAY, FLAG_ROTATES_WITH_CONTENT, FLAG_SECURE, FLAG_SUPPORTS_PROTECTED_BUFFERS}
11-01 22:57:01.668    1752-1752/? V/ActivityManager﹕ Display changed displayId=0
11-01 22:57:01.788    1752-1752/? W/InputMethodManagerService﹕ Ignoring setImeWindowStatus of uid 1000 token: null
11-01 22:57:01.888    1752-4340/? D/SensorHAL﹕ adjustSensorHandle: handle = 9 adjustedHandle = 1
11-01 22:57:01.888    1752-4340/? D/SensorHAL﹕ adjustSensorHandle: handle = 9 adjustedHandle = 1
11-01 22:57:01.888    1752-1763/? D/SensorHAL﹕ adjustSensorHandle: handle = 9 adjustedHandle = 1
11-01 22:57:06.533    1752-1762/? I/PowerManagerService﹕ Going to sleep due to screen timeout...
11-01 22:57:06.533    1752-1782/? I/PowerManagerService﹕ Dozing...
11-01 22:57:06.533    1752-1775/? I/DreamController﹕ Starting dream: name=ComponentInfo{com.google.android.wearable.app/com.google.android.clockwork.home.AmbientMode}, isTest=false, canDoze=true, userId=0
11-01 22:57:06.613    1752-2337/? I/ActivityManager﹕ START u0 {act=android.intent.action.MAIN cat=[android.intent.category.HOME] flg=0x10000000 cmp=com.google.android.wearable.app/com.google.android.clockwork.home.HomeActivity (has extras)} from pid 1871 on display 0
11-01 22:57:06.623    1752-1775/? I/DreamController﹕ Stopping dream: name=ComponentInfo{com.google.android.wearable.app/com.google.android.clockwork.home.AmbientMode}, isTest=false, canDoze=true, userId=0
11-01 22:57:06.623    1752-1782/? I/PowerManagerService﹕ Sleeping...
11-01 22:57:07.403    1752-1778/? I/DisplayManagerService﹕ Display device changed: DisplayDeviceInfo{"Built-in Screen": 320 x 290, 45.000004 fps, density 213, 203.2 x 204.61111 dpi, touch INTERNAL, rotation 0, type BUILT_IN, state OFF, FLAG_DEFAULT_DISPLAY, FLAG_ROTATES_WITH_CONTENT, FLAG_SECURE, FLAG_SUPPORTS_PROTECTED_BUFFERS}
11-01 22:57:07.403    1752-1752/? V/ActivityManager﹕ Display changed displayId=0
11-01 22:57:07.484    1752-1752/? W/InputMethodManagerService﹕ Ignoring setImeWindowStatus of uid 1000 token: null
11-01 22:58:36.112    1752-1763/? I/ActivityManager﹕ START u0 {act=android.intent.action.MAIN cat=[android.intent.category.HOME] flg=0x10000000 cmp=com.google.android.wearable.app/com.google.android.clockwork.home.HomeActivity (has extras)} from pid 1871 on display 0
11-01 22:58:36.343    1752-4340/? I/ActivityManager﹕ START u0 {act=android.intent.action.MAIN cat=[android.intent.category.HOME] flg=0x10000000 cmp=com.google.android.wearable.app/com.google.android.clockwork.home.HomeActivity (has extras)} from pid 1871 on display 0
11-01 22:59:35.121    1752-2337/? I/ActivityManager﹕ START u0 {act=android.intent.action.MAIN cat=[android.intent.category.HOME] flg=0x10000000 cmp=com.google.android.wearable.app/com.google.android.clockwork.home.HomeActivity (has extras)} from pid 1871 on display 0
11-01 22:59:35.351    1752-1897/? I/ActivityManager﹕ START u0 {act=android.intent.action.MAIN cat=[android.intent.category.HOME] flg=0x10000000 cmp=com.google.android.wearable.app/com.google.android.clockwork.home.HomeActivity (has extras)} from pid 1871 on display 0
11-01 23:00:36.622    1752-1762/? I/ActivityManager﹕ START u0 {act=android.intent.action.MAIN cat=[android.intent.category.HOME] flg=0x10000000 cmp=com.google.android.wearable.app/com.google.android.clockwork.home.HomeActivity (has extras)} from pid 1871 on display 0
11-01 23:00:36.852    1752-1927/? I/ActivityManager﹕ START u0 {act=android.intent.action.MAIN cat=[android.intent.category.HOME] flg=0x10000000 cmp=com.google.android.wearable.app/com.google.android.clockwork.home.HomeActivity (has extras)} from pid 1871 on display 0
11-01 23:03:26.263    1752-1769/? D/SensorHALGestureSensor﹕ Gesture event received! time = 1414901006266226335
11-01 23:03:26.263    1752-1803/? I/PowerManagerService﹕ Waking up from sleep...
11-01 23:03:26.263    1752-1776/? W/KeyguardServiceDelegate﹕ onScreenTurnedOn(): no keyguard service!
11-01 23:03:26.543    1752-1752/? W/InputMethodManagerService﹕ Ignoring setImeWindowStatus of uid 1000 token: null
11-01 23:03:26.584    1752-1778/? I/DisplayManagerService﹕ Display device changed: DisplayDeviceInfo{"Built-in Screen": 320 x 290, 45.000004 fps, density 213, 203.2 x 204.61111 dpi, touch INTERNAL, rotation 0, type BUILT_IN, state ON, FLAG_DEFAULT_DISPLAY, FLAG_ROTATES_WITH_CONTENT, FLAG_SECURE, FLAG_SUPPORTS_PROTECTED_BUFFERS}
11-01 23:03:26.584    1752-1752/? V/ActivityManager﹕ Display changed displayId=0
11-01 23:03:26.664    1752-1763/? D/SensorHAL﹕ adjustSensorHandle: handle = 9 adjustedHandle = 1
11-01 23:03:26.664    1752-1763/? D/SensorHAL﹕ adjustSensorHandle: handle = 9 adjustedHandle = 1
11-01 23:03:26.674    1752-1803/? D/SensorHAL﹕ adjustSensorHandle: handle = 9 adjustedHandle = 1
11-01 23:03:31.468    1752-1762/? I/PowerManagerService﹕ Going to sleep due to screen timeout...
11-01 23:03:31.468    1752-1782/? I/PowerManagerService﹕ Dozing...
11-01 23:03:31.468    1752-1775/? I/DreamController﹕ Starting dream: name=ComponentInfo{com.google.android.wearable.app/com.google.android.clockwork.home.AmbientMode}, isTest=false, canDoze=true, userId=0
11-01 23:03:31.548    1752-1763/? I/ActivityManager﹕ START u0 {act=android.intent.action.MAIN cat=[android.intent.category.HOME] flg=0x10000000 cmp=com.google.android.wearable.app/com.google.android.clockwork.home.HomeActivity (has extras)} from pid 1871 on display 0
11-01 23:03:31.558    1752-1775/? I/DreamController﹕ Stopping dream: name=ComponentInfo{com.google.android.wearable.app/com.google.android.clockwork.home.AmbientMode}, isTest=false, canDoze=true, userId=0
11-01 23:03:31.568    1752-1782/? I/PowerManagerService﹕ Sleeping...
11-01 23:03:32.339    1752-1778/? I/DisplayManagerService﹕ Display device changed: DisplayDeviceInfo{"Built-in Screen": 320 x 290, 45.000004 fps, density 213, 203.2 x 204.61111 dpi, touch INTERNAL, rotation 0, type BUILT_IN, state OFF, FLAG_DEFAULT_DISPLAY, FLAG_ROTATES_WITH_CONTENT, FLAG_SECURE, FLAG_SUPPORTS_PROTECTED_BUFFERS}
11-01 23:03:32.339    1752-1752/? V/ActivityManager﹕ Display changed displayId=0
11-01 23:03:32.419    1752-1752/? W/InputMethodManagerService﹕ Ignoring setImeWindowStatus of uid 1000 token: null
11-01 23:04:36.200    1752-1763/? I/ActivityManager﹕ START u0 {act=android.intent.action.MAIN cat=[android.intent.category.HOME] flg=0x10000000 cmp=com.google.android.wearable.app/com.google.android.clockwork.home.HomeActivity (has extras)} from pid 1871 on display 0
11-01 23:04:36.440    1752-1927/? I/ActivityManager﹕ START u0 {act=android.intent.action.MAIN cat=[android.intent.category.HOME] flg=0x10000000 cmp=com.google.android.wearable.app/com.google.android.clockwork.home.HomeActivity (has extras)} from pid 1871 on display 0
11-01 23:05:35.644    1752-1762/? I/ActivityManager﹕ START u0 {act=android.intent.action.MAIN cat=[android.intent.category.HOME] flg=0x10000000 cmp=com.google.android.wearable.app/com.google.android.clockwork.home.HomeActivity (has extras)} from pid 1871 on display 0
11-01 23:05:35.894    1752-1929/? I/ActivityManager﹕ START u0 {act=android.intent.action.MAIN cat=[android.intent.category.HOME] flg=0x10000000 cmp=com.google.android.wearable.app/com.google.android.clockwork.home.HomeActivity (has extras)} from pid 1871 on display 0
11-01 23:06:02.214    1752-1929/? I/ActivityManager﹕ Delay finish: com.google.android.gms/.gcm.ServiceAutoStarter
11-01 23:06:02.214    1752-1927/? I/ActivityManager﹕ Resuming delayed broadcast
11-01 23:06:04.065    1752-1803/? I/ActivityManager﹕ START u0 {act=android.intent.action.MAIN cat=[android.intent.category.HOME] flg=0x10000000 cmp=com.google.android.wearable.app/com.google.android.clockwork.home.HomeActivity (has extras)} from pid 1871 on display 0
11-01 23:06:04.426    1752-1803/? I/ActivityManager﹕ START u0 {act=android.intent.action.MAIN cat=[android.intent.category.HOME] flg=0x10000000 cmp=com.google.android.wearable.app/com.google.android.clockwork.home.HomeActivity (has extras)} from pid 1871 on display 0
11-01 23:06:04.766    1752-1897/? I/ActivityManager﹕ START u0 {act=android.intent.action.MAIN cat=[android.intent.category.HOME] flg=0x10000000 cmp=com.google.android.wearable.app/com.google.android.clockwork.home.HomeActivity (has extras)} from pid 1871 on display 0
11-01 23:06:07.138    1752-4340/? I/ActivityManager﹕ Delay finish: com.android.providers.calendar/.CalendarProviderBroadcastReceiver
11-01 23:06:07.168    1752-1763/? I/ActivityManager﹕ Resuming delayed broadcast
11-01 23:06:15.933    1752-1797/? D/ConnectivityService﹕ Sampling interval elapsed, updating statistics ..
11-01 23:06:15.933    1752-1797/? D/ConnectivityService﹕ Done.
11-01 23:06:15.933    1752-1797/? D/ConnectivityService﹕ Setting timer for 720seconds
11-01 23:06:35.053    1752-1897/? I/ActivityManager﹕ START u0 {act=android.intent.action.MAIN cat=[android.intent.category.HOME] flg=0x10000000 cmp=com.google.android.wearable.app/com.google.android.clockwork.home.HomeActivity (has extras)} from pid 1871 on display 0
11-01 23:06:38.567    1752-2972/? I/ActivityManager﹕ Delay finish: com.google.android.gms/.checkin.EventLogService$Receiver
11-01 23:06:38.787    1752-1897/? I/ActivityManager﹕ Resuming delayed broadcast
11-01 23:06:41.702    1752-4340/? I/ActivityManager﹕ START u0 {act=android.intent.action.MAIN cat=[android.intent.category.HOME] flg=0x10000000 cmp=com.google.android.wearable.app/com.google.android.clockwork.home.HomeActivity (has extras)} from pid 1871 on display 0
11-01 23:06:42.673    1752-1763/? I/ActivityManager﹕ START u0 {act=android.intent.action.MAIN cat=[android.intent.category.HOME] flg=0x10000000 cmp=com.google.android.wearable.app/com.google.android.clockwork.home.HomeActivity (has extras)} from pid 1871 on display 0
11-01 23:07:23.294    1752-1769/? D/SensorHALGestureSensor﹕ Gesture event received! time = 1414901243297476293
11-01 23:07:23.294    1752-1929/? I/PowerManagerService﹕ Waking up from sleep...
11-01 23:07:23.294    1752-1776/? W/KeyguardServiceDelegate﹕ onScreenTurnedOn(): no keyguard service!
11-01 23:07:23.585    1752-1752/? W/InputMethodManagerService﹕ Ignoring setImeWindowStatus of uid 1000 token: null
11-01 23:07:23.615    1752-1778/? I/DisplayManagerService﹕ Display device changed: DisplayDeviceInfo{"Built-in Screen": 320 x 290, 45.000004 fps, density 213, 203.2 x 204.61111 dpi, touch INTERNAL, rotation 0, type BUILT_IN, state ON, FLAG_DEFAULT_DISPLAY, FLAG_ROTATES_WITH_CONTENT, FLAG_SECURE, FLAG_SUPPORTS_PROTECTED_BUFFERS}
11-01 23:07:23.615    1752-1752/? V/ActivityManager﹕ Display changed displayId=0
11-01 23:07:23.695    1752-1929/? D/SensorHAL﹕ adjustSensorHandle: handle = 9 adjustedHandle = 1
11-01 23:07:23.695    1752-1929/? D/SensorHAL﹕ adjustSensorHandle: handle = 9 adjustedHandle = 1
11-01 23:07:23.695    1752-1897/? D/SensorHAL﹕ adjustSensorHandle: handle = 9 adjustedHandle = 1
11-01 23:07:28.489    1752-1803/? I/PowerManagerService﹕ Going to sleep due to screen timeout...
11-01 23:07:28.489    1752-1782/? I/PowerManagerService﹕ Dozing...
11-01 23:07:28.489    1752-1775/? I/DreamController﹕ Starting dream: name=ComponentInfo{com.google.android.wearable.app/com.google.android.clockwork.home.AmbientMode}, isTest=false, canDoze=true, userId=0
11-01 23:07:28.560    1752-1927/? I/ActivityManager﹕ START u0 {act=android.intent.action.MAIN cat=[android.intent.category.HOME] flg=0x10000000 cmp=com.google.android.wearable.app/com.google.android.clockwork.home.HomeActivity (has extras)} from pid 1871 on display 0
11-01 23:07:28.560    1752-1775/? I/DreamController﹕ Stopping dream: name=ComponentInfo{com.google.android.wearable.app/com.google.android.clockwork.home.AmbientMode}, isTest=false, canDoze=true, userId=0
11-01 23:07:28.560    1752-1782/? I/PowerManagerService﹕ Sleeping...
11-01 23:07:29.370    1752-1778/? I/DisplayManagerService﹕ Display device changed: DisplayDeviceInfo{"Built-in Screen": 320 x 290, 45.000004 fps, density 213, 203.2 x 204.61111 dpi, touch INTERNAL, rotation 0, type BUILT_IN, state OFF, FLAG_DEFAULT_DISPLAY, FLAG_ROTATES_WITH_CONTENT, FLAG_SECURE, FLAG_SUPPORTS_PROTECTED_BUFFERS}
11-01 23:07:29.380    1752-1752/? V/ActivityManager﹕ Display changed displayId=0
11-01 23:07:29.420    1752-1752/? W/InputMethodManagerService﹕ Ignoring setImeWindowStatus of uid 1000 token: null
11-01 23:08:36.542    1752-1929/? I/ActivityManager﹕ START u0 {act=android.intent.action.MAIN cat=[android.intent.category.HOME] flg=0x10000000 cmp=com.google.android.wearable.app/com.google.android.clockwork.home.HomeActivity (has extras)} from pid 1871 on display 0
11-01 23:08:36.963    1752-2337/? I/ActivityManager﹕ START u0 {act=android.intent.action.MAIN cat=[android.intent.category.HOME] flg=0x10000000 cmp=com.google.android.wearable.app/com.google.android.clockwork.home.HomeActivity (has extras)} from pid 1871 on display 0
11-01 23:08:37.193    1752-4340/? I/ActivityManager﹕ START u0 {act=android.intent.action.MAIN cat=[android.intent.category.HOME] flg=0x10000000 cmp=com.google.android.wearable.app/com.google.android.clockwork.home.HomeActivity (has extras)} from pid 1871 on display 0
11-01 23:09:37.043    1752-1929/? I/ActivityManager﹕ START u0 {act=android.intent.action.MAIN cat=[android.intent.category.HOME] flg=0x10000000 cmp=com.google.android.wearable.app/com.google.android.clockwork.home.HomeActivity (has extras)} from pid 1871 on display 0
11-01 23:09:37.383    1752-1762/? I/ActivityManager﹕ START u0 {act=android.intent.action.MAIN cat=[android.intent.category.HOME] flg=0x10000000 cmp=com.google.android.wearable.app/com.google.android.clockwork.home.HomeActivity (has extras)} from pid 1871 on display 0
11-01 23:09:37.633    1752-2972/? I/ActivityManager﹕ START u0 {act=android.intent.action.MAIN cat=[android.intent.category.HOME] flg=0x10000000 cmp=com.google.android.wearable.app/com.google.android.clockwork.home.HomeActivity (has extras)} from pid 1871 on display 0
11-01 23:10:14.505    1752-1797/? D/ConnectivityService﹕ ConnectivityChange for PROXY: DISCONNECTED/DISCONNECTED
11-01 23:10:14.505    1752-1797/? D/ConnectivityService﹕ tryFailover: set mActiveDefaultNetwork=-1, prevNetType=16
11-01 23:10:14.505    1752-1797/? D/ConnectivityService﹕ Attempting to switch to BLUETOOTH_TETHER
11-01 23:10:14.505    1752-1797/? D/ConnectivityService﹕ resetConnections(ifb0, 3)
11-01 23:10:14.505    1752-1797/? D/Nat464Xlat﹕ requiresClat: netType=16, hasIPv4Address=false
11-01 23:12:16.899    1752-1771/? E/ActivityThread﹕ Failed to find provider info for telephony
11-01 23:18:26.430    1752-1769/? D/SensorHALGestureSensor﹕ Gesture event received! time = 1414901906433218441
11-01 23:18:26.430    1752-1803/? I/PowerManagerService﹕ Waking up from sleep...
11-01 23:18:26.430    1752-1776/? W/KeyguardServiceDelegate﹕ onScreenTurnedOn(): no keyguard service!
11-01 23:18:26.700    1752-1752/? W/InputMethodManagerService﹕ Ignoring setImeWindowStatus of uid 1000 token: null
11-01 23:18:26.710    1752-1797/? D/ConnectivityService﹕ Sampling interval elapsed, updating statistics ..
11-01 23:18:26.740    1752-1778/? I/DisplayManagerService﹕ Display device changed: DisplayDeviceInfo{"Built-in Screen": 320 x 290, 45.000004 fps, density 213, 203.2 x 204.61111 dpi, touch INTERNAL, rotation 0, type BUILT_IN, state ON, FLAG_DEFAULT_DISPLAY, FLAG_ROTATES_WITH_CONTENT, FLAG_SECURE, FLAG_SUPPORTS_PROTECTED_BUFFERS}
11-01 23:18:26.791    1752-1803/? I/ActivityManager﹕ Delay finish: com.google.android.gms/.checkin.CheckinService$Receiver
11-01 23:18:26.811    1752-1797/? D/ConnectivityService﹕ Done.
11-01 23:18:26.811    1752-1797/? D/ConnectivityService﹕ Setting timer for 720seconds
11-01 23:18:26.811    1752-1752/? V/ActivityManager﹕ Display changed displayId=0
11-01 23:18:26.891    1752-1803/? D/SensorHAL﹕ adjustSensorHandle: handle = 9 adjustedHandle = 1
11-01 23:18:26.891    1752-1803/? D/SensorHAL﹕ adjustSensorHandle: handle = 9 adjustedHandle = 1
11-01 23:18:26.901    1752-1929/? D/SensorHAL﹕ adjustSensorHandle: handle = 9 adjustedHandle = 1
11-01 23:18:27.051    1752-1897/? I/ActivityManager﹕ Resuming delayed broadcast
11-01 23:18:31.615    1752-4340/? I/PowerManagerService﹕ Going to sleep due to screen timeout...
11-01 23:18:31.615    1752-1782/? I/PowerManagerService﹕ Dozing...
11-01 23:18:31.615    1752-1775/? I/DreamController﹕ Starting dream: name=ComponentInfo{com.google.android.wearable.app/com.google.android.clockwork.home.AmbientMode}, isTest=false, canDoze=true, userId=0
11-01 23:18:31.695    1752-1897/? I/ActivityManager﹕ START u0 {act=android.intent.action.MAIN cat=[android.intent.category.HOME] flg=0x10000000 cmp=com.google.android.wearable.app/com.google.android.clockwork.home.HomeActivity (has extras)} from pid 1871 on display 0
11-01 23:18:31.695    1752-1775/? I/DreamController﹕ Stopping dream: name=ComponentInfo{com.google.android.wearable.app/com.google.android.clockwork.home.AmbientMode}, isTest=false, canDoze=true, userId=0
11-01 23:18:31.695    1752-1782/? I/PowerManagerService﹕ Sleeping...
11-01 23:18:32.446    1752-1778/? I/DisplayManagerService﹕ Display device changed: DisplayDeviceInfo{"Built-in Screen": 320 x 290, 45.000004 fps, density 213, 203.2 x 204.61111 dpi, touch INTERNAL, rotation 0, type BUILT_IN, state OFF, FLAG_DEFAULT_DISPLAY, FLAG_ROTATES_WITH_CONTENT, FLAG_SECURE, FLAG_SUPPORTS_PROTECTED_BUFFERS}
11-01 23:18:32.446    1752-1752/? V/ActivityManager﹕ Display changed displayId=0
11-01 23:18:32.506    1752-1752/? W/InputMethodManagerService﹕ Ignoring setImeWindowStatus of uid 1000 token: null
11-01 23:19:40.079    1752-1797/? D/ConnectivityService﹕ ConnectivityChange for PROXY: CONNECTED/CONNECTED
11-01 23:19:40.129    1752-1797/? E/ConnectivityService﹕ Unexpected mtu value: android.net.ProxyDataTracker@addf7e28
11-01 23:19:40.219    1752-1797/? D/Nat464Xlat﹕ requiresClat: netType=16, hasIPv4Address=false
11-01 23:19:40.269    1752-1797/? D/ConnectivityService﹕ ConnectivityChange for PROXY: CONNECTED/CONNECTED
11-01 23:19:40.299    1752-1797/? E/ConnectivityService﹕ Unexpected mtu value: android.net.ProxyDataTracker@addf7e28
11-01 23:19:40.329    1752-1797/? D/ConnectivityService﹕ handleConnectivityChange: address are the same reset per doReset linkProperty[16]: resetMask=0
11-01 23:19:40.329    1752-1797/? D/Nat464Xlat﹕ requiresClat: netType=16, hasIPv4Address=false
11-01 23:19:42.797    1752-1803/? I/ActivityManager﹕ START u0 {act=android.intent.action.MAIN cat=[android.intent.category.HOME] flg=0x10000000 cmp=com.google.android.wearable.app/com.google.android.clockwork.home.HomeActivity (has extras)} from pid 1871 on display 0
11-01 23:19:44.939    1752-1771/? E/ActivityThread﹕ Failed to find provider info for telephony
11-01 23:19:44.979    1752-1771/? E/ActivityThread﹕ Failed to find provider info for telephony
11-01 23:19:45.470    1752-1927/? I/ActivityManager﹕ Delay finish: com.google.android.wearable.app/com.google.android.clockwork.stream.NotificationSideChannelReceiver
11-01 23:19:45.650    1752-1927/? I/ActivityManager﹕ Resuming delayed broadcast
11-01 23:19:45.810    1752-1763/? I/ActivityManager﹕ Delay finish: com.google.android.gms/.gcm.ServiceAutoStarter
11-01 23:19:45.820    1752-2337/? I/ActivityManager﹕ Resuming delayed broadcast
11-01 23:19:47.341    1752-2337/? I/ActivityManager﹕ Delay finish: com.android.providers.calendar/.CalendarProviderBroadcastReceiver
11-01 23:19:47.381    1752-4340/? I/ActivityManager﹕ Resuming delayed broadcast
11-01 23:20:13.094    1752-1769/? D/SensorHALGestureSensor﹕ Gesture event received! time = 1414902013096884201
11-01 23:20:13.104    1752-1897/? I/PowerManagerService﹕ Waking up from sleep...
11-01 23:20:13.104    1752-1776/? W/KeyguardServiceDelegate﹕ onScreenTurnedOn(): no keyguard service!
11-01 23:20:13.294    1752-1752/? W/InputMethodManagerService﹕ Ignoring setImeWindowStatus of uid 1000 token: null
11-01 23:20:13.414    1752-1778/? I/DisplayManagerService﹕ Display device changed: DisplayDeviceInfo{"Built-in Screen": 320 x 290, 45.000004 fps, density 213, 203.2 x 204.61111 dpi, touch INTERNAL, rotation 0, type BUILT_IN, state ON, FLAG_DEFAULT_DISPLAY, FLAG_ROTATES_WITH_CONTENT, FLAG_SECURE, FLAG_SUPPORTS_PROTECTED_BUFFERS}
11-01 23:20:13.424    1752-1752/? V/ActivityManager﹕ Display changed displayId=0
11-01 23:20:13.464    1752-1763/? D/SensorHAL﹕ adjustSensorHandle: handle = 9 adjustedHandle = 1
11-01 23:20:13.464    1752-1763/? D/SensorHAL﹕ adjustSensorHandle: handle = 9 adjustedHandle = 1
11-01 23:20:13.484    1752-1803/? D/SensorHAL﹕ adjustSensorHandle: handle = 9 adjustedHandle = 1
11-01 23:20:18.279    1752-1927/? I/PowerManagerService﹕ Going to sleep due to screen timeout...
11-01 23:20:18.279    1752-1782/? I/PowerManagerService﹕ Dozing...
11-01 23:20:18.279    1752-1775/? I/DreamController﹕ Starting dream: name=ComponentInfo{com.google.android.wearable.app/com.google.android.clockwork.home.AmbientMode}, isTest=false, canDoze=true, userId=0
11-01 23:20:18.399    1752-2972/? I/ActivityManager﹕ START u0 {act=android.intent.action.MAIN cat=[android.intent.category.HOME] flg=0x10000000 cmp=com.google.android.wearable.app/com.google.android.clockwork.home.HomeActivity (has extras)} from pid 1871 on display 0
11-01 23:20:18.399    1752-1775/? I/DreamController﹕ Stopping dream: name=ComponentInfo{com.google.android.wearable.app/com.google.android.clockwork.home.AmbientMode}, isTest=false, canDoze=true, userId=0
11-01 23:20:18.409    1752-1782/? I/PowerManagerService﹕ Sleeping...
11-01 23:20:19.170    1752-1778/? I/DisplayManagerService﹕ Display device changed: DisplayDeviceInfo{"Built-in Screen": 320 x 290, 45.000004 fps, density 213, 203.2 x 204.61111 dpi, touch INTERNAL, rotation 0, type BUILT_IN, state OFF, FLAG_DEFAULT_DISPLAY, FLAG_ROTATES_WITH_CONTENT, FLAG_SECURE, FLAG_SUPPORTS_PROTECTED_BUFFERS}
11-01 23:20:19.170    1752-1752/? V/ActivityManager﹕ Display changed displayId=0
11-01 23:20:19.220    1752-1752/? W/InputMethodManagerService﹕ Ignoring setImeWindowStatus of uid 1000 token: null
11-01 23:20:35.181    1752-1762/? I/ActivityManager﹕ START u0 {act=android.intent.action.MAIN cat=[android.intent.category.HOME] flg=0x10000000 cmp=com.google.android.wearable.app/com.google.android.clockwork.home.HomeActivity (has extras)} from pid 1871 on display 0
11-01 23:20:42.797    1752-1769/? D/SensorHALGestureSensor﹕ Gesture event received! time = 1414902042805593908
11-01 23:20:42.797    1752-1763/? I/PowerManagerService﹕ Waking up from sleep...
11-01 23:20:42.797    1752-1776/? W/KeyguardServiceDelegate﹕ onScreenTurnedOn(): no keyguard service!
11-01 23:20:42.918    1752-1752/? W/InputMethodManagerService﹕ Ignoring setImeWindowStatus of uid 1000 token: null
11-01 23:20:43.038    1752-1763/? D/SensorHAL﹕ adjustSensorHandle: handle = 9 adjustedHandle = 1
11-01 23:20:43.038    1752-1763/? D/SensorHAL﹕ adjustSensorHandle: handle = 9 adjustedHandle = 1
11-01 23:20:43.038    1752-1778/? I/DisplayManagerService﹕ Display device changed: DisplayDeviceInfo{"Built-in Screen": 320 x 290, 45.000004 fps, density 213, 203.2 x 204.61111 dpi, touch INTERNAL, rotation 0, type BUILT_IN, state ON, FLAG_DEFAULT_DISPLAY, FLAG_ROTATES_WITH_CONTENT, FLAG_SECURE, FLAG_SUPPORTS_PROTECTED_BUFFERS}
11-01 23:20:43.038    1752-1752/? V/ActivityManager﹕ Display changed displayId=0
11-01 23:20:43.058    1752-1803/? D/SensorHAL﹕ adjustSensorHandle: handle = 9 adjustedHandle = 1
11-01 23:20:47.922    1752-1929/? I/PowerManagerService﹕ Going to sleep due to screen timeout...
11-01 23:20:47.922    1752-1782/? I/PowerManagerService﹕ Dozing...
11-01 23:20:47.922    1752-1775/? I/DreamController﹕ Starting dream: name=ComponentInfo{com.google.android.wearable.app/com.google.android.clockwork.home.AmbientMode}, isTest=false, canDoze=true, userId=0
11-01 23:20:47.993    1752-1763/? I/ActivityManager﹕ START u0 {act=android.intent.action.MAIN cat=[android.intent.category.HOME] flg=0x10000000 cmp=com.google.android.wearable.app/com.google.android.clockwork.home.HomeActivity (has extras)} from pid 1871 on display 0
11-01 23:20:47.993    1752-1775/? I/DreamController﹕ Stopping dream: name=ComponentInfo{com.google.android.wearable.app/com.google.android.clockwork.home.AmbientMode}, isTest=false, canDoze=true, userId=0
11-01 23:20:48.003    1752-1782/? I/PowerManagerService﹕ Sleeping...
11-01 23:20:48.793    1752-1778/? I/DisplayManagerService﹕ Display device changed: DisplayDeviceInfo{"Built-in Screen": 320 x 290, 45.000004 fps, density 213, 203.2 x 204.61111 dpi, touch INTERNAL, rotation 0, type BUILT_IN, state OFF, FLAG_DEFAULT_DISPLAY, FLAG_ROTATES_WITH_CONTENT, FLAG_SECURE, FLAG_SUPPORTS_PROTECTED_BUFFERS}
11-01 23:20:48.793    1752-1752/? V/ActivityManager﹕ Display changed displayId=0
11-01 23:20:48.843    1752-1752/? W/InputMethodManagerService﹕ Ignoring setImeWindowStatus of uid 1000 token: null
11-01 23:20:55.615    1752-1769/? D/SensorHALGestureSensor﹕ Gesture event received! time = 1414902055618277007
11-01 23:20:55.615    1752-1929/? I/PowerManagerService﹕ Waking up from sleep...
11-01 23:20:55.615    1752-1776/? W/KeyguardServiceDelegate﹕ onScreenTurnedOn(): no keyguard service!
11-01 23:20:55.825    1752-1752/? W/InputMethodManagerService﹕ Ignoring setImeWindowStatus of uid 1000 token: null
11-01 23:20:55.946    1752-1897/? D/SensorHAL﹕ adjustSensorHandle: handle = 9 adjustedHandle = 1
11-01 23:20:55.946    1752-1897/? D/SensorHAL﹕ adjustSensorHandle: handle = 9 adjustedHandle = 1
11-01 23:20:55.946    1752-1778/? I/DisplayManagerService﹕ Display device changed: DisplayDeviceInfo{"Built-in Screen": 320 x 290, 45.000004 fps, density 213, 203.2 x 204.61111 dpi, touch INTERNAL, rotation 0, type BUILT_IN, state ON, FLAG_DEFAULT_DISPLAY, FLAG_ROTATES_WITH_CONTENT, FLAG_SECURE, FLAG_SUPPORTS_PROTECTED_BUFFERS}
11-01 23:20:55.956    1752-1752/? V/ActivityManager﹕ Display changed displayId=0
11-01 23:20:55.986    1752-1803/? D/SensorHAL﹕ adjustSensorHandle: handle = 9 adjustedHandle = 1
11-01 23:21:00.820    1752-1927/? I/PowerManagerService﹕ Going to sleep due to screen timeout...
11-01 23:21:00.820    1752-1782/? I/PowerManagerService﹕ Dozing...
11-01 23:21:00.820    1752-1775/? I/DreamController﹕ Starting dream: name=ComponentInfo{com.google.android.wearable.app/com.google.android.clockwork.home.AmbientMode}, isTest=false, canDoze=true, userId=0
11-01 23:21:00.890    1752-2972/? I/ActivityManager﹕ START u0 {act=android.intent.action.MAIN cat=[android.intent.category.HOME] flg=0x10000000 cmp=com.google.android.wearable.app/com.google.android.clockwork.home.HomeActivity (has extras)} from pid 1871 on display 0
11-01 23:21:00.900    1752-1775/? I/DreamController﹕ Stopping dream: name=ComponentInfo{com.google.android.wearable.app/com.google.android.clockwork.home.AmbientMode}, isTest=false, canDoze=true, userId=0
11-01 23:21:00.910    1752-1782/? I/PowerManagerService﹕ Sleeping...
11-01 23:21:01.681    1752-1778/? I/DisplayManagerService﹕ Display device changed: DisplayDeviceInfo{"Built-in Screen": 320 x 290, 45.000004 fps, density 213, 203.2 x 204.61111 dpi, touch INTERNAL, rotation 0, type BUILT_IN, state OFF, FLAG_DEFAULT_DISPLAY, FLAG_ROTATES_WITH_CONTENT, FLAG_SECURE, FLAG_SUPPORTS_PROTECTED_BUFFERS}
11-01 23:21:01.691    1752-1752/? V/ActivityManager﹕ Display changed displayId=0
11-01 23:21:01.741    1752-1752/? W/InputMethodManagerService﹕ Ignoring setImeWindowStatus of uid 1000 token: null
11-01 23:21:10.604    1752-1929/? I/ActivityManager﹕ Delay finish: com.google.android.gms/.gcm.ServiceAutoStarter
11-01 23:21:10.604    1752-4340/? I/ActivityManager﹕ Resuming delayed broadcast
11-01 23:21:15.567    1752-2337/? I/ActivityManager﹕ Delay finish: com.android.providers.calendar/.CalendarProviderBroadcastReceiver
11-01 23:21:15.657    1752-4340/? I/ActivityManager﹕ Resuming delayed broadcast
11-01 23:21:40.183    1752-1803/? I/ActivityManager﹕ Delay finish: com.google.android.gms/.fitness.wearables.WearableSyncServiceReceiver
11-01 23:21:40.283    1752-1927/? I/ActivityManager﹕ Resuming delayed broadcast
11-01 23:21:44.575    1752-1927/? I/ActivityManager﹕ START u0 {act=android.intent.action.MAIN cat=[android.intent.category.HOME] flg=0x10000000 cmp=com.google.android.wearable.app/com.google.android.clockwork.home.HomeActivity (has extras)} from pid 1871 on display 0
