11-01 23:22:07.244    1752-1929/? I/ActivityManager﹕ START u0 {act=android.intent.action.MAIN cat=[android.intent.category.HOME] flg=0x10000000 cmp=com.google.android.wearable.app/com.google.android.clockwork.home.HomeActivity (has extras)} from pid 1871 on display 0
11-01 23:22:07.484    1752-1803/? I/ActivityManager﹕ START u0 {act=android.intent.action.MAIN cat=[android.intent.category.HOME] flg=0x10000000 cmp=com.google.android.wearable.app/com.google.android.clockwork.home.HomeActivity (has extras)} from pid 1871 on display 0
11-01 23:22:34.555    1752-1927/? I/ActivityManager﹕ START u0 {act=android.intent.action.MAIN cat=[android.intent.category.HOME] flg=0x10000000 cmp=com.google.android.wearable.app/com.google.android.clockwork.home.HomeActivity (has extras)} from pid 1871 on display 0
11-01 23:22:34.896    1752-1803/? I/ActivityManager﹕ START u0 {act=android.intent.action.MAIN cat=[android.intent.category.HOME] flg=0x10000000 cmp=com.google.android.wearable.app/com.google.android.clockwork.home.HomeActivity (has extras)} from pid 1871 on display 0
11-01 23:22:35.146    1752-1897/? I/ActivityManager﹕ START u0 {act=android.intent.action.MAIN cat=[android.intent.category.HOME] flg=0x10000000 cmp=com.google.android.wearable.app/com.google.android.clockwork.home.HomeActivity (has extras)} from pid 1871 on display 0
11-01 23:36:02.062    1752-1927/? I/ActivityManager﹕ START u0 {act=android.intent.action.MAIN cat=[android.intent.category.HOME] flg=0x10000000 cmp=com.google.android.wearable.app/com.google.android.clockwork.home.HomeActivity (has extras)} from pid 1871 on display 0
11-01 23:36:02.482    1752-1803/? I/ActivityManager﹕ START u0 {act=android.intent.action.MAIN cat=[android.intent.category.HOME] flg=0x10000000 cmp=com.google.android.wearable.app/com.google.android.clockwork.home.HomeActivity (has extras)} from pid 1871 on display 0
11-01 23:36:02.732    1752-1897/? I/ActivityManager﹕ START u0 {act=android.intent.action.MAIN cat=[android.intent.category.HOME] flg=0x10000000 cmp=com.google.android.wearable.app/com.google.android.clockwork.home.HomeActivity (has extras)} from pid 1871 on display 0
11-01 23:36:40.163    1752-1797/? D/ConnectivityService﹕ Sampling interval elapsed, updating statistics ..
11-01 23:36:40.173    1752-1797/? D/ConnectivityService﹕ Done.
11-01 23:36:40.173    1752-1797/? D/ConnectivityService﹕ Setting timer for 720seconds
11-01 23:36:40.203    1752-1929/? I/ActivityManager﹕ Delay finish: com.google.android.gms/.fitness.wearables.WearableSyncServiceReceiver
11-01 23:36:40.283    1752-1897/? I/ActivityManager﹕ Resuming delayed broadcast
11-01 23:36:40.293    1752-2337/? I/ActivityManager﹕ Delay finish: com.google.android.gms/.checkin.EventLogService$Receiver
11-01 23:36:40.473    1752-2972/? I/ActivityManager﹕ Resuming delayed broadcast
11-01 23:49:36.584    1752-2972/? I/ActivityManager﹕ START u0 {act=android.intent.action.MAIN cat=[android.intent.category.HOME] flg=0x10000000 cmp=com.google.android.wearable.app/com.google.android.clockwork.home.HomeActivity (has extras)} from pid 1871 on display 0
11-01 23:49:46.831    1752-1763/? I/ActivityManager﹕ START u0 {act=android.intent.action.MAIN cat=[android.intent.category.HOME] flg=0x10000000 cmp=com.google.android.wearable.app/com.google.android.clockwork.home.HomeActivity (has extras)} from pid 1871 on display 0
11-01 23:49:46.841    1752-1803/? I/ActivityManager﹕ START u0 {act=android.intent.action.MAIN cat=[android.intent.category.HOME] flg=0x10000000 cmp=com.google.android.wearable.app/com.google.android.clockwork.home.HomeActivity (has extras)} from pid 1871 on display 0
11-01 23:50:40.357    1752-1763/? I/ActivityManager﹕ START u0 {act=android.intent.action.MAIN cat=[android.intent.category.HOME] flg=0x10000000 cmp=com.google.android.wearable.app/com.google.android.clockwork.home.HomeActivity (has extras)} from pid 1871 on display 0
11-01 23:51:12.473    1752-1772/? I/ProcessStatsService﹕ Prepared write state in 12ms
11-01 23:51:12.503    1752-1772/? I/ProcessStatsService﹕ Prepared write state in 11ms
11-01 23:51:12.513    1752-1771/? I/ProcessStatsService﹕ Pruning old procstats: /data/system/procstats/state-2014-10-30-23-05-00.bin
11-01 23:51:12.573    1752-1797/? D/ConnectivityService﹕ ConnectivityChange for PROXY: DISCONNECTED/DISCONNECTED
11-01 23:51:12.573    1752-1797/? D/ConnectivityService﹕ tryFailover: set mActiveDefaultNetwork=-1, prevNetType=16
11-01 23:51:12.573    1752-1797/? D/ConnectivityService﹕ Attempting to switch to BLUETOOTH_TETHER
11-01 23:51:12.573    1752-1797/? D/ConnectivityService﹕ resetConnections(ifb0, 3)
11-01 23:51:12.573    1752-1797/? D/Nat464Xlat﹕ requiresClat: netType=16, hasIPv4Address=false
11-01 23:51:41.303    1752-1797/? D/ConnectivityService﹕ Sampling interval elapsed, updating statistics ..
11-01 23:51:41.323    1752-1797/? D/ConnectivityService﹕ Done.
11-01 23:51:41.323    1752-1797/? D/ConnectivityService﹕ Setting timer for 720seconds
11-01 23:57:41.323    1752-1771/? E/ActivityThread﹕ Failed to find provider info for telephony
11-02 00:05:03.183    1752-1797/? D/ConnectivityService﹕ Sampling interval elapsed, updating statistics ..
11-02 00:05:03.213    1752-1797/? D/ConnectivityService﹕ Done.
11-02 00:05:03.213    1752-1797/? D/ConnectivityService﹕ Setting timer for 720seconds
11-02 00:17:06.173    1752-1897/? I/ActivityManager﹕ Delay finish: com.google.android.gms/.fitness.wearables.WearableSyncServiceReceiver
11-02 00:17:06.203    1752-1763/? I/ActivityManager﹕ Resuming delayed broadcast
11-02 00:17:06.233    1752-1797/? D/ConnectivityService﹕ Sampling interval elapsed, updating statistics ..
11-02 00:17:06.253    1752-1897/? I/ActivityManager﹕ Delay finish: com.google.android.gms/.checkin.EventLogService$Receiver
11-02 00:17:06.253    1752-1797/? D/ConnectivityService﹕ Done.
11-02 00:17:06.253    1752-1797/? D/ConnectivityService﹕ Setting timer for 720seconds
11-02 00:17:06.433    1752-4340/? I/ActivityManager﹕ Resuming delayed broadcast
11-02 00:19:39.138    1752-1769/? D/SensorHALGestureSensor﹕ Gesture event received! time = 1414905579140920872
11-02 00:19:39.138    1752-1929/? I/PowerManagerService﹕ Waking up from sleep...
11-02 00:19:39.138    1752-1776/? W/KeyguardServiceDelegate﹕ onScreenTurnedOn(): no keyguard service!
11-02 00:19:39.388    1752-1752/? W/InputMethodManagerService﹕ Ignoring setImeWindowStatus of uid 1000 token: null
11-02 00:19:39.448    1752-1803/? D/SensorHAL﹕ adjustSensorHandle: handle = 9 adjustedHandle = 1
11-02 00:19:39.448    1752-1803/? D/SensorHAL﹕ adjustSensorHandle: handle = 9 adjustedHandle = 1
11-02 00:19:39.458    1752-1778/? I/DisplayManagerService﹕ Display device changed: DisplayDeviceInfo{"Built-in Screen": 320 x 290, 45.000004 fps, density 213, 203.2 x 204.61111 dpi, touch INTERNAL, rotation 0, type BUILT_IN, state ON, FLAG_DEFAULT_DISPLAY, FLAG_ROTATES_WITH_CONTENT, FLAG_SECURE, FLAG_SUPPORTS_PROTECTED_BUFFERS}
11-02 00:19:39.458    1752-1752/? V/ActivityManager﹕ Display changed displayId=0
11-02 00:19:39.478    1752-2972/? D/SensorHAL﹕ adjustSensorHandle: handle = 9 adjustedHandle = 1
11-02 00:19:44.313    1752-1927/? I/PowerManagerService﹕ Going to sleep due to screen timeout...
11-02 00:19:44.323    1752-1782/? I/PowerManagerService﹕ Dozing...
11-02 00:19:44.323    1752-1775/? I/DreamController﹕ Starting dream: name=ComponentInfo{com.google.android.wearable.app/com.google.android.clockwork.home.AmbientMode}, isTest=false, canDoze=true, userId=0
11-02 00:19:44.403    1752-1929/? I/ActivityManager﹕ START u0 {act=android.intent.action.MAIN cat=[android.intent.category.HOME] flg=0x10000000 cmp=com.google.android.wearable.app/com.google.android.clockwork.home.HomeActivity (has extras)} from pid 1871 on display 0
11-02 00:19:44.403    1752-1775/? I/DreamController﹕ Stopping dream: name=ComponentInfo{com.google.android.wearable.app/com.google.android.clockwork.home.AmbientMode}, isTest=false, canDoze=true, userId=0
11-02 00:19:44.413    1752-1782/? I/PowerManagerService﹕ Sleeping...
11-02 00:19:45.244    1752-1778/? I/DisplayManagerService﹕ Display device changed: DisplayDeviceInfo{"Built-in Screen": 320 x 290, 45.000004 fps, density 213, 203.2 x 204.61111 dpi, touch INTERNAL, rotation 0, type BUILT_IN, state OFF, FLAG_DEFAULT_DISPLAY, FLAG_ROTATES_WITH_CONTENT, FLAG_SECURE, FLAG_SUPPORTS_PROTECTED_BUFFERS}
11-02 00:19:45.244    1752-1752/? V/ActivityManager﹕ Display changed displayId=0
11-02 00:19:45.304    1752-1752/? W/InputMethodManagerService﹕ Ignoring setImeWindowStatus of uid 1000 token: null
11-02 00:20:32.390    1752-1769/? D/SensorHALGestureSensor﹕ Gesture event received! time = 1414905632393087615
11-02 00:20:32.390    1752-4340/? I/PowerManagerService﹕ Waking up from sleep...
11-02 00:20:32.390    1752-1776/? W/KeyguardServiceDelegate﹕ onScreenTurnedOn(): no keyguard service!
11-02 00:20:32.630    1752-1752/? W/InputMethodManagerService﹕ Ignoring setImeWindowStatus of uid 1000 token: null
11-02 00:20:32.700    1752-2337/? D/SensorHAL﹕ adjustSensorHandle: handle = 9 adjustedHandle = 1
11-02 00:20:32.700    1752-2337/? D/SensorHAL﹕ adjustSensorHandle: handle = 9 adjustedHandle = 1
11-02 00:20:32.700    1752-1778/? I/DisplayManagerService﹕ Display device changed: DisplayDeviceInfo{"Built-in Screen": 320 x 290, 45.000004 fps, density 213, 203.2 x 204.61111 dpi, touch INTERNAL, rotation 0, type BUILT_IN, state ON, FLAG_DEFAULT_DISPLAY, FLAG_ROTATES_WITH_CONTENT, FLAG_SECURE, FLAG_SUPPORTS_PROTECTED_BUFFERS}
11-02 00:20:32.710    1752-1752/? V/ActivityManager﹕ Display changed displayId=0
11-02 00:20:32.750    1752-1763/? D/SensorHAL﹕ adjustSensorHandle: handle = 9 adjustedHandle = 1
11-02 00:20:37.605    1752-1763/? I/PowerManagerService﹕ Going to sleep due to screen timeout...
11-02 00:20:37.605    1752-1782/? I/PowerManagerService﹕ Dozing...
11-02 00:20:37.605    1752-1775/? I/DreamController﹕ Starting dream: name=ComponentInfo{com.google.android.wearable.app/com.google.android.clockwork.home.AmbientMode}, isTest=false, canDoze=true, userId=0
11-02 00:20:37.675    1752-1762/? I/ActivityManager﹕ START u0 {act=android.intent.action.MAIN cat=[android.intent.category.HOME] flg=0x10000000 cmp=com.google.android.wearable.app/com.google.android.clockwork.home.HomeActivity (has extras)} from pid 1871 on display 0
11-02 00:20:37.685    1752-1775/? I/DreamController﹕ Stopping dream: name=ComponentInfo{com.google.android.wearable.app/com.google.android.clockwork.home.AmbientMode}, isTest=false, canDoze=true, userId=0
11-02 00:20:37.705    1752-1782/? I/PowerManagerService﹕ Sleeping...
11-02 00:20:38.496    1752-1778/? I/DisplayManagerService﹕ Display device changed: DisplayDeviceInfo{"Built-in Screen": 320 x 290, 45.000004 fps, density 213, 203.2 x 204.61111 dpi, touch INTERNAL, rotation 0, type BUILT_IN, state OFF, FLAG_DEFAULT_DISPLAY, FLAG_ROTATES_WITH_CONTENT, FLAG_SECURE, FLAG_SUPPORTS_PROTECTED_BUFFERS}
11-02 00:20:38.496    1752-1752/? V/ActivityManager﹕ Display changed displayId=0
11-02 00:20:38.546    1752-1752/? W/InputMethodManagerService﹕ Ignoring setImeWindowStatus of uid 1000 token: null
11-02 00:21:41.173    1752-2972/? I/ActivityManager﹕ Delay finish: com.google.android.gms/.fitness.wearables.WearableSyncServiceReceiver
11-02 00:21:41.213    1752-2337/? I/ActivityManager﹕ Resuming delayed broadcast
11-02 00:29:09.183    1752-1797/? D/ConnectivityService﹕ Sampling interval elapsed, updating statistics ..
11-02 00:29:09.183    1752-1797/? D/ConnectivityService﹕ Done.
11-02 00:29:09.183    1752-1797/? D/ConnectivityService﹕ Setting timer for 720seconds
11-02 00:31:44.766    1752-1769/? D/SensorHALGestureSensor﹕ Gesture event received! time = 1414906304768881042
11-02 00:31:44.766    1752-1897/? I/PowerManagerService﹕ Waking up from sleep...
11-02 00:31:44.766    1752-1776/? W/KeyguardServiceDelegate﹕ onScreenTurnedOn(): no keyguard service!
11-02 00:31:44.966    1752-1752/? W/InputMethodManagerService﹕ Ignoring setImeWindowStatus of uid 1000 token: null
11-02 00:31:45.096    1752-2337/? D/SensorHAL﹕ adjustSensorHandle: handle = 9 adjustedHandle = 1
11-02 00:31:45.096    1752-2337/? D/SensorHAL﹕ adjustSensorHandle: handle = 9 adjustedHandle = 1
11-02 00:31:45.096    1752-1778/? I/DisplayManagerService﹕ Display device changed: DisplayDeviceInfo{"Built-in Screen": 320 x 290, 45.000004 fps, density 213, 203.2 x 204.61111 dpi, touch INTERNAL, rotation 0, type BUILT_IN, state ON, FLAG_DEFAULT_DISPLAY, FLAG_ROTATES_WITH_CONTENT, FLAG_SECURE, FLAG_SUPPORTS_PROTECTED_BUFFERS}
11-02 00:31:45.096    1752-1752/? V/ActivityManager﹕ Display changed displayId=0
11-02 00:31:45.116    1752-4340/? D/SensorHAL﹕ adjustSensorHandle: handle = 9 adjustedHandle = 1
11-02 00:31:49.981    1752-2972/? I/PowerManagerService﹕ Going to sleep due to screen timeout...
11-02 00:31:49.981    1752-1782/? I/PowerManagerService﹕ Dozing...
11-02 00:31:49.981    1752-1775/? I/DreamController﹕ Starting dream: name=ComponentInfo{com.google.android.wearable.app/com.google.android.clockwork.home.AmbientMode}, isTest=false, canDoze=true, userId=0
11-02 00:31:50.051    1752-2337/? I/ActivityManager﹕ START u0 {act=android.intent.action.MAIN cat=[android.intent.category.HOME] flg=0x10000000 cmp=com.google.android.wearable.app/com.google.android.clockwork.home.HomeActivity (has extras)} from pid 1871 on display 0
11-02 00:31:50.051    1752-1775/? I/DreamController﹕ Stopping dream: name=ComponentInfo{com.google.android.wearable.app/com.google.android.clockwork.home.AmbientMode}, isTest=false, canDoze=true, userId=0
11-02 00:31:50.061    1752-1782/? I/PowerManagerService﹕ Sleeping...
11-02 00:31:51.002    1752-1778/? I/DisplayManagerService﹕ Display device changed: DisplayDeviceInfo{"Built-in Screen": 320 x 290, 45.000004 fps, density 213, 203.2 x 204.61111 dpi, touch INTERNAL, rotation 0, type BUILT_IN, state OFF, FLAG_DEFAULT_DISPLAY, FLAG_ROTATES_WITH_CONTENT, FLAG_SECURE, FLAG_SUPPORTS_PROTECTED_BUFFERS}
11-02 00:31:51.002    1752-1752/? V/ActivityManager﹕ Display changed displayId=0
11-02 00:31:51.052    1752-1752/? W/InputMethodManagerService﹕ Ignoring setImeWindowStatus of uid 1000 token: null
11-02 00:32:10.671    1752-1769/? D/SensorHALGestureSensor﹕ Gesture event received! time = 1414906330674337581
11-02 00:32:10.671    1752-1762/? I/PowerManagerService﹕ Waking up from sleep...
11-02 00:32:10.671    1752-1776/? W/KeyguardServiceDelegate﹕ onScreenTurnedOn(): no keyguard service!
11-02 00:32:10.901    1752-1752/? W/InputMethodManagerService﹕ Ignoring setImeWindowStatus of uid 1000 token: null
11-02 00:32:10.982    1752-1763/? D/SensorHAL﹕ adjustSensorHandle: handle = 9 adjustedHandle = 1
11-02 00:32:10.982    1752-1763/? D/SensorHAL﹕ adjustSensorHandle: handle = 9 adjustedHandle = 1
11-02 00:32:10.992    1752-1927/? D/SensorHAL﹕ adjustSensorHandle: handle = 9 adjustedHandle = 1
11-02 00:32:11.022    1752-1778/? I/DisplayManagerService﹕ Display device changed: DisplayDeviceInfo{"Built-in Screen": 320 x 290, 45.000004 fps, density 213, 203.2 x 204.61111 dpi, touch INTERNAL, rotation 0, type BUILT_IN, state ON, FLAG_DEFAULT_DISPLAY, FLAG_ROTATES_WITH_CONTENT, FLAG_SECURE, FLAG_SUPPORTS_PROTECTED_BUFFERS}
11-02 00:32:11.022    1752-1752/? V/ActivityManager﹕ Display changed displayId=0
11-02 00:32:15.876    1752-2337/? I/PowerManagerService﹕ Going to sleep due to screen timeout...
11-02 00:32:15.876    1752-1782/? I/PowerManagerService﹕ Dozing...
11-02 00:32:15.876    1752-1775/? I/DreamController﹕ Starting dream: name=ComponentInfo{com.google.android.wearable.app/com.google.android.clockwork.home.AmbientMode}, isTest=false, canDoze=true, userId=0
11-02 00:32:15.976    1752-1762/? I/ActivityManager﹕ START u0 {act=android.intent.action.MAIN cat=[android.intent.category.HOME] flg=0x10000000 cmp=com.google.android.wearable.app/com.google.android.clockwork.home.HomeActivity (has extras)} from pid 1871 on display 0
11-02 00:32:15.976    1752-1775/? I/DreamController﹕ Stopping dream: name=ComponentInfo{com.google.android.wearable.app/com.google.android.clockwork.home.AmbientMode}, isTest=false, canDoze=true, userId=0
11-02 00:32:15.976    1752-1782/? I/PowerManagerService﹕ Sleeping...
11-02 00:32:16.787    1752-1778/? I/DisplayManagerService﹕ Display device changed: DisplayDeviceInfo{"Built-in Screen": 320 x 290, 45.000004 fps, density 213, 203.2 x 204.61111 dpi, touch INTERNAL, rotation 0, type BUILT_IN, state OFF, FLAG_DEFAULT_DISPLAY, FLAG_ROTATES_WITH_CONTENT, FLAG_SECURE, FLAG_SUPPORTS_PROTECTED_BUFFERS}
11-02 00:32:16.787    1752-1752/? V/ActivityManager﹕ Display changed displayId=0
11-02 00:32:16.847    1752-1752/? W/InputMethodManagerService﹕ Ignoring setImeWindowStatus of uid 1000 token: null
11-02 00:32:19.930    1752-1769/? D/SensorHALGestureSensor﹕ Gesture event received! time = 1414906339923391532
11-02 00:32:19.930    1752-1762/? I/PowerManagerService﹕ Waking up from sleep...
11-02 00:32:19.930    1752-1776/? W/KeyguardServiceDelegate﹕ onScreenTurnedOn(): no keyguard service!
11-02 00:32:20.110    1752-1752/? W/InputMethodManagerService﹕ Ignoring setImeWindowStatus of uid 1000 token: null
11-02 00:32:20.191    1752-1778/? I/DisplayManagerService﹕ Display device changed: DisplayDeviceInfo{"Built-in Screen": 320 x 290, 45.000004 fps, density 213, 203.2 x 204.61111 dpi, touch INTERNAL, rotation 0, type BUILT_IN, state ON, FLAG_DEFAULT_DISPLAY, FLAG_ROTATES_WITH_CONTENT, FLAG_SECURE, FLAG_SUPPORTS_PROTECTED_BUFFERS}
11-02 00:32:20.201    1752-1752/? V/ActivityManager﹕ Display changed displayId=0
11-02 00:32:20.241    1752-1929/? D/SensorHAL﹕ adjustSensorHandle: handle = 9 adjustedHandle = 1
11-02 00:32:20.241    1752-1929/? D/SensorHAL﹕ adjustSensorHandle: handle = 9 adjustedHandle = 1
11-02 00:32:20.261    1752-1927/? D/SensorHAL﹕ adjustSensorHandle: handle = 9 adjustedHandle = 1
11-02 00:32:25.075    1752-1927/? I/PowerManagerService﹕ Going to sleep due to screen timeout...
11-02 00:32:25.075    1752-1782/? I/PowerManagerService﹕ Dozing...
11-02 00:32:25.075    1752-1775/? I/DreamController﹕ Starting dream: name=ComponentInfo{com.google.android.wearable.app/com.google.android.clockwork.home.AmbientMode}, isTest=false, canDoze=true, userId=0
11-02 00:32:25.175    1752-1752/? W/InputMethodManagerService﹕ Ignoring setImeWindowStatus of uid 1000 token: null
11-02 00:32:25.235    1752-1897/? I/ActivityManager﹕ START u0 {act=android.intent.action.MAIN cat=[android.intent.category.HOME] flg=0x10000000 cmp=com.google.android.wearable.app/com.google.android.clockwork.home.HomeActivity (has extras)} from pid 1871 on display 0
11-02 00:32:25.245    1752-1775/? I/DreamController﹕ Stopping dream: name=ComponentInfo{com.google.android.wearable.app/com.google.android.clockwork.home.AmbientMode}, isTest=false, canDoze=true, userId=0
11-02 00:32:25.245    1752-1782/? I/PowerManagerService﹕ Sleeping...
11-02 00:32:26.146    1752-1778/? I/DisplayManagerService﹕ Display device changed: DisplayDeviceInfo{"Built-in Screen": 320 x 290, 45.000004 fps, density 213, 203.2 x 204.61111 dpi, touch INTERNAL, rotation 0, type BUILT_IN, state OFF, FLAG_DEFAULT_DISPLAY, FLAG_ROTATES_WITH_CONTENT, FLAG_SECURE, FLAG_SUPPORTS_PROTECTED_BUFFERS}
11-02 00:32:26.146    1752-1752/? V/ActivityManager﹕ Display changed displayId=0
11-02 00:32:29.943    1752-1786/? I/PowerManagerService﹕ Waking up from sleep...
11-02 00:32:29.943    1752-1776/? W/KeyguardServiceDelegate﹕ onScreenTurnedOn(): no keyguard service!
11-02 00:32:30.134    1752-1752/? W/InputMethodManagerService﹕ Ignoring setImeWindowStatus of uid 1000 token: null
11-02 00:32:30.234    1752-4340/? D/SensorHAL﹕ adjustSensorHandle: handle = 9 adjustedHandle = 1
11-02 00:32:30.234    1752-4340/? D/SensorHAL﹕ adjustSensorHandle: handle = 9 adjustedHandle = 1
11-02 00:32:30.234    1752-1778/? I/DisplayManagerService﹕ Display device changed: DisplayDeviceInfo{"Built-in Screen": 320 x 290, 45.000004 fps, density 213, 203.2 x 204.61111 dpi, touch INTERNAL, rotation 0, type BUILT_IN, state ON, FLAG_DEFAULT_DISPLAY, FLAG_ROTATES_WITH_CONTENT, FLAG_SECURE, FLAG_SUPPORTS_PROTECTED_BUFFERS}
11-02 00:32:30.234    1752-1752/? V/ActivityManager﹕ Display changed displayId=0
11-02 00:32:30.274    1752-1803/? D/SensorHAL﹕ adjustSensorHandle: handle = 9 adjustedHandle = 1
11-02 00:32:33.587    1752-1752/? I/DockObserver﹕ Dock state changed from 0 to 1
11-02 00:32:33.627    1752-1752/? V/ActivityManager﹕ Display changed displayId=0
11-02 00:32:33.687    1752-1752/? I/ActivityManager﹕ START u0 {act=android.intent.action.MAIN cat=[android.intent.category.DESK_DOCK] flg=0x10200000 cmp=com.motorola.targetnotif/com.motorola.loop.ChargeActivity} from pid 1752 on display 0
11-02 00:32:33.977    1752-1782/? D/SensorHAL﹕ adjustSensorHandle: handle = 12 adjustedHandle = 7
11-02 00:32:33.977    1752-1782/? D/SensorHAL﹕ adjustSensorHandle: handle = 12 adjustedHandle = 7
11-02 00:32:34.067    1752-1752/? I/EntropyMixer﹕ Writing entropy...
11-02 00:32:34.788    1752-1782/? D/SensorHAL﹕ adjustSensorHandle: handle = 12 adjustedHandle = 7
11-02 00:32:38.992    1752-1782/? I/PowerManagerService﹕ Nap time...
11-02 00:32:38.992    1752-1782/? I/PowerManagerService﹕ Going to sleep due to screen timeout...
11-02 00:32:38.992    1752-1782/? I/PowerManagerService﹕ Dozing...
11-02 00:32:39.022    1752-1775/? I/DreamController﹕ Starting dream: name=ComponentInfo{com.google.android.wearable.app/com.google.android.clockwork.home.AmbientMode}, isTest=false, canDoze=true, userId=0
11-02 00:32:39.032    1752-1752/? W/InputMethodManagerService﹕ Ignoring setImeWindowStatus of uid 1000 token: null
11-02 00:32:39.082    1752-1778/? I/DisplayManagerService﹕ Display device changed: DisplayDeviceInfo{"ActivityViewVirtualDisplay": 320 x 320, 60.0 fps, density 213, 213.0 x 213.0 dpi, touch NONE, rotation 0, type VIRTUAL, state OFF, owner android (uid 1000), FLAG_OWN_CONTENT_ONLY}
11-02 00:32:39.132    1752-1752/? V/ActivityManager﹕ Display changed displayId=2
11-02 00:32:39.233    1752-1803/? I/ActivityManager﹕ START u0 {act=android.intent.action.MAIN cat=[android.intent.category.DESK_DOCK] flg=0x10000000 cmp=com.motorola.targetnotif/com.motorola.loop.ChargeActivity (has extras)} from pid 1871 on display 0
11-02 00:32:39.453    1752-1778/? I/DisplayManagerService﹕ Display device changed: DisplayDeviceInfo{"Built-in Screen": 320 x 290, 45.000004 fps, density 213, 203.2 x 204.61111 dpi, touch INTERNAL, rotation 0, type BUILT_IN, state DOZING, FLAG_DEFAULT_DISPLAY, FLAG_ROTATES_WITH_CONTENT, FLAG_SECURE, FLAG_SUPPORTS_PROTECTED_BUFFERS}
11-02 00:32:39.453    1752-1752/? V/ActivityManager﹕ Display changed displayId=0
11-02 00:33:02.183    1752-1927/? I/ActivityManager﹕ START u0 {act=android.intent.action.MAIN cat=[android.intent.category.DESK_DOCK] flg=0x10000000 cmp=com.motorola.targetnotif/com.motorola.loop.ChargeActivity (has extras)} from pid 1871 on display 0
11-02 00:33:02.193    1752-1752/? V/ActivityManager﹕ Display changed displayId=0
11-02 00:34:02.403    1752-1762/? I/ActivityManager﹕ START u0 {act=android.intent.action.MAIN cat=[android.intent.category.DESK_DOCK] flg=0x10000000 cmp=com.motorola.targetnotif/com.motorola.loop.ChargeActivity (has extras)} from pid 1871 on display 0
11-02 00:35:02.193    1752-1927/? I/ActivityManager﹕ START u0 {act=android.intent.action.MAIN cat=[android.intent.category.DESK_DOCK] flg=0x10000000 cmp=com.motorola.targetnotif/com.motorola.loop.ChargeActivity (has extras)} from pid 1871 on display 0
11-02 00:36:02.403    1752-1803/? I/ActivityManager﹕ START u0 {act=android.intent.action.MAIN cat=[android.intent.category.DESK_DOCK] flg=0x10000000 cmp=com.motorola.targetnotif/com.motorola.loop.ChargeActivity (has extras)} from pid 1871 on display 0
11-02 00:37:02.193    1752-1927/? I/ActivityManager﹕ START u0 {act=android.intent.action.MAIN cat=[android.intent.category.DESK_DOCK] flg=0x10000000 cmp=com.motorola.targetnotif/com.motorola.loop.ChargeActivity (has extras)} from pid 1871 on display 0
11-02 00:38:02.403    1752-1927/? I/ActivityManager﹕ START u0 {act=android.intent.action.MAIN cat=[android.intent.category.DESK_DOCK] flg=0x10000000 cmp=com.motorola.targetnotif/com.motorola.loop.ChargeActivity (has extras)} from pid 1871 on display 0
11-02 00:39:02.193    1752-1762/? I/ActivityManager﹕ START u0 {act=android.intent.action.MAIN cat=[android.intent.category.DESK_DOCK] flg=0x10000000 cmp=com.motorola.targetnotif/com.motorola.loop.ChargeActivity (has extras)} from pid 1871 on display 0
11-02 00:40:02.413    1752-1927/? I/ActivityManager﹕ START u0 {act=android.intent.action.MAIN cat=[android.intent.category.DESK_DOCK] flg=0x10000000 cmp=com.motorola.targetnotif/com.motorola.loop.ChargeActivity (has extras)} from pid 1871 on display 0
11-02 00:41:02.193    1752-2337/? I/ActivityManager﹕ START u0 {act=android.intent.action.MAIN cat=[android.intent.category.DESK_DOCK] flg=0x10000000 cmp=com.motorola.targetnotif/com.motorola.loop.ChargeActivity (has extras)} from pid 1871 on display 0
11-02 00:42:02.403    1752-2337/? I/ActivityManager﹕ START u0 {act=android.intent.action.MAIN cat=[android.intent.category.DESK_DOCK] flg=0x10000000 cmp=com.motorola.targetnotif/com.motorola.loop.ChargeActivity (has extras)} from pid 1871 on display 0
11-02 00:43:02.193    1752-1927/? I/ActivityManager﹕ START u0 {act=android.intent.action.MAIN cat=[android.intent.category.DESK_DOCK] flg=0x10000000 cmp=com.motorola.targetnotif/com.motorola.loop.ChargeActivity (has extras)} from pid 1871 on display 0
11-02 00:44:02.413    1752-2972/? I/ActivityManager﹕ START u0 {act=android.intent.action.MAIN cat=[android.intent.category.DESK_DOCK] flg=0x10000000 cmp=com.motorola.targetnotif/com.motorola.loop.ChargeActivity (has extras)} from pid 1871 on display 0
11-02 00:45:02.193    1752-4340/? I/ActivityManager﹕ START u0 {act=android.intent.action.MAIN cat=[android.intent.category.DESK_DOCK] flg=0x10000000 cmp=com.motorola.targetnotif/com.motorola.loop.ChargeActivity (has extras)} from pid 1871 on display 0
11-02 00:46:02.203    1752-1897/? I/ActivityManager﹕ START u0 {act=android.intent.action.MAIN cat=[android.intent.category.DESK_DOCK] flg=0x10000000 cmp=com.motorola.targetnotif/com.motorola.loop.ChargeActivity (has extras)} from pid 1871 on display 0
11-02 00:47:02.193    1752-1927/? I/ActivityManager﹕ START u0 {act=android.intent.action.MAIN cat=[android.intent.category.DESK_DOCK] flg=0x10000000 cmp=com.motorola.targetnotif/com.motorola.loop.ChargeActivity (has extras)} from pid 1871 on display 0
11-02 00:47:06.427    1752-1929/? I/ActivityManager﹕ Delay finish: com.google.android.gms/.fitness.wearables.WearableSyncServiceReceiver
11-02 00:47:06.457    1752-4340/? I/ActivityManager﹕ Resuming delayed broadcast
11-02 00:47:06.467    1752-1797/? D/ConnectivityService﹕ Sampling interval elapsed, updating statistics ..
11-02 00:47:06.467    1752-1797/? D/ConnectivityService﹕ Done.
11-02 00:47:06.467    1752-1797/? D/ConnectivityService﹕ Setting timer for 720seconds
11-02 00:47:06.708    1752-1927/? I/ActivityManager﹕ Delay finish: com.google.android.gms/.checkin.EventLogService$Receiver
11-02 00:47:06.868    1752-1929/? I/ActivityManager﹕ Resuming delayed broadcast
11-02 00:48:02.423    1752-2337/? I/ActivityManager﹕ START u0 {act=android.intent.action.MAIN cat=[android.intent.category.DESK_DOCK] flg=0x10000000 cmp=com.motorola.targetnotif/com.motorola.loop.ChargeActivity (has extras)} from pid 1871 on display 0
11-02 00:49:02.213    1752-1897/? I/ActivityManager﹕ START u0 {act=android.intent.action.MAIN cat=[android.intent.category.DESK_DOCK] flg=0x10000000 cmp=com.motorola.targetnotif/com.motorola.loop.ChargeActivity (has extras)} from pid 1871 on display 0
11-02 00:50:02.413    1752-1929/? I/ActivityManager﹕ START u0 {act=android.intent.action.MAIN cat=[android.intent.category.DESK_DOCK] flg=0x10000000 cmp=com.motorola.targetnotif/com.motorola.loop.ChargeActivity (has extras)} from pid 1871 on display 0
11-02 00:51:02.193    1752-1763/? I/ActivityManager﹕ START u0 {act=android.intent.action.MAIN cat=[android.intent.category.DESK_DOCK] flg=0x10000000 cmp=com.motorola.targetnotif/com.motorola.loop.ChargeActivity (has extras)} from pid 1871 on display 0
11-02 00:52:02.423    1752-2972/? I/ActivityManager﹕ START u0 {act=android.intent.action.MAIN cat=[android.intent.category.DESK_DOCK] flg=0x10000000 cmp=com.motorola.targetnotif/com.motorola.loop.ChargeActivity (has extras)} from pid 1871 on display 0
11-02 00:53:02.183    1752-1929/? I/ActivityManager﹕ START u0 {act=android.intent.action.MAIN cat=[android.intent.category.DESK_DOCK] flg=0x10000000 cmp=com.motorola.targetnotif/com.motorola.loop.ChargeActivity (has extras)} from pid 1871 on display 0
11-02 00:54:02.193    1752-1803/? I/ActivityManager﹕ START u0 {act=android.intent.action.MAIN cat=[android.intent.category.DESK_DOCK] flg=0x10000000 cmp=com.motorola.targetnotif/com.motorola.loop.ChargeActivity (has extras)} from pid 1871 on display 0
11-02 00:54:15.356    1752-1929/? I/ActivityManager﹕ Delay finish: com.google.android.gms/.fitness.wearables.WearableSyncServiceReceiver
11-02 00:54:15.386    1752-2337/? I/ActivityManager﹕ Resuming delayed broadcast
11-02 00:55:02.183    1752-1929/? I/ActivityManager﹕ START u0 {act=android.intent.action.MAIN cat=[android.intent.category.DESK_DOCK] flg=0x10000000 cmp=com.motorola.targetnotif/com.motorola.loop.ChargeActivity (has extras)} from pid 1871 on display 0
11-02 00:56:02.403    1752-4340/? I/ActivityManager﹕ START u0 {act=android.intent.action.MAIN cat=[android.intent.category.DESK_DOCK] flg=0x10000000 cmp=com.motorola.targetnotif/com.motorola.loop.ChargeActivity (has extras)} from pid 1871 on display 0
11-02 00:57:02.183    1752-1803/? I/ActivityManager﹕ START u0 {act=android.intent.action.MAIN cat=[android.intent.category.DESK_DOCK] flg=0x10000000 cmp=com.motorola.targetnotif/com.motorola.loop.ChargeActivity (has extras)} from pid 1871 on display 0
11-02 00:58:02.403    1752-1803/? I/ActivityManager﹕ START u0 {act=android.intent.action.MAIN cat=[android.intent.category.DESK_DOCK] flg=0x10000000 cmp=com.motorola.targetnotif/com.motorola.loop.ChargeActivity (has extras)} from pid 1871 on display 0
11-02 00:59:02.193    1752-2337/? I/ActivityManager﹕ START u0 {act=android.intent.action.MAIN cat=[android.intent.category.DESK_DOCK] flg=0x10000000 cmp=com.motorola.targetnotif/com.motorola.loop.ChargeActivity (has extras)} from pid 1871 on display 0
11-02 01:00:02.403    1752-1929/? I/ActivityManager﹕ START u0 {act=android.intent.action.MAIN cat=[android.intent.category.DESK_DOCK] flg=0x10000000 cmp=com.motorola.targetnotif/com.motorola.loop.ChargeActivity (has extras)} from pid 1871 on display 0
11-02 01:01:02.183    1752-1763/? I/ActivityManager﹕ START u0 {act=android.intent.action.MAIN cat=[android.intent.category.DESK_DOCK] flg=0x10000000 cmp=com.motorola.targetnotif/com.motorola.loop.ChargeActivity (has extras)} from pid 1871 on display 0
11-02 01:02:02.403    1752-2972/? I/ActivityManager﹕ START u0 {act=android.intent.action.MAIN cat=[android.intent.category.DESK_DOCK] flg=0x10000000 cmp=com.motorola.targetnotif/com.motorola.loop.ChargeActivity (has extras)} from pid 1871 on display 0
11-02 01:03:02.193    1752-1927/? I/ActivityManager﹕ START u0 {act=android.intent.action.MAIN cat=[android.intent.category.DESK_DOCK] flg=0x10000000 cmp=com.motorola.targetnotif/com.motorola.loop.ChargeActivity (has extras)} from pid 1871 on display 0
11-02 01:04:02.333    1752-2337/? I/ActivityManager﹕ START u0 {act=android.intent.action.MAIN cat=[android.intent.category.DESK_DOCK] flg=0x10000000 cmp=com.motorola.targetnotif/com.motorola.loop.ChargeActivity (has extras)} from pid 1871 on display 0
11-02 01:05:02.183    1752-4340/? I/ActivityManager﹕ START u0 {act=android.intent.action.MAIN cat=[android.intent.category.DESK_DOCK] flg=0x10000000 cmp=com.motorola.targetnotif/com.motorola.loop.ChargeActivity (has extras)} from pid 1871 on display 0
11-02 01:06:02.223    1752-1762/? I/ActivityManager﹕ START u0 {act=android.intent.action.MAIN cat=[android.intent.category.DESK_DOCK] flg=0x10000000 cmp=com.motorola.targetnotif/com.motorola.loop.ChargeActivity (has extras)} from pid 1871 on display 0
11-02 01:06:02.343    1752-1778/? I/DisplayManagerService﹕ Display device changed: DisplayDeviceInfo{"ActivityViewVirtualDisplay": 320 x 320, 60.0 fps, density 213, 213.0 x 213.0 dpi, touch NONE, rotation 0, type VIRTUAL, state ON, owner android (uid 1000), FLAG_OWN_CONTENT_ONLY}
11-02 01:06:02.343    1752-1752/? V/ActivityManager﹕ Display changed displayId=2
11-02 01:06:02.353    1752-1797/? D/ConnectivityService﹕ Sampling interval elapsed, updating statistics ..
11-02 01:06:02.443    1752-1797/? D/ConnectivityService﹕ Done.
11-02 01:06:02.443    1752-1797/? D/ConnectivityService﹕ Setting timer for 720seconds
11-02 01:06:02.473    1752-1778/? I/DisplayManagerService﹕ Display device changed: DisplayDeviceInfo{"ActivityViewVirtualDisplay": 320 x 320, 60.0 fps, density 213, 213.0 x 213.0 dpi, touch NONE, rotation 0, type VIRTUAL, state OFF, owner android (uid 1000), FLAG_OWN_CONTENT_ONLY}
11-02 01:06:02.473    1752-1752/? V/ActivityManager﹕ Display changed displayId=2
11-02 01:07:03.213    1752-1929/? I/ActivityManager﹕ Delay finish: com.google.android.gms/.fitness.wearables.WearableSyncServiceReceiver
11-02 01:07:03.273    1752-4340/? I/ActivityManager﹕ Resuming delayed broadcast
11-02 01:07:03.463    1752-1803/? I/ActivityManager﹕ START u0 {act=android.intent.action.MAIN cat=[android.intent.category.DESK_DOCK] flg=0x10000000 cmp=com.motorola.targetnotif/com.motorola.loop.ChargeActivity (has extras)} from pid 1871 on display 0
11-02 01:08:03.343    1752-1927/? I/ActivityManager﹕ START u0 {act=android.intent.action.MAIN cat=[android.intent.category.DESK_DOCK] flg=0x10000000 cmp=com.motorola.targetnotif/com.motorola.loop.ChargeActivity (has extras)} from pid 1871 on display 0
11-02 01:09:03.193    1752-1803/? I/ActivityManager﹕ START u0 {act=android.intent.action.MAIN cat=[android.intent.category.DESK_DOCK] flg=0x10000000 cmp=com.motorola.targetnotif/com.motorola.loop.ChargeActivity (has extras)} from pid 1871 on display 0
11-02 01:10:03.333    1752-1927/? I/ActivityManager﹕ START u0 {act=android.intent.action.MAIN cat=[android.intent.category.DESK_DOCK] flg=0x10000000 cmp=com.motorola.targetnotif/com.motorola.loop.ChargeActivity (has extras)} from pid 1871 on display 0
11-02 01:11:03.193    1752-1762/? I/ActivityManager﹕ START u0 {act=android.intent.action.MAIN cat=[android.intent.category.DESK_DOCK] flg=0x10000000 cmp=com.motorola.targetnotif/com.motorola.loop.ChargeActivity (has extras)} from pid 1871 on display 0
11-02 01:12:03.423    1752-2972/? I/ActivityManager﹕ START u0 {act=android.intent.action.MAIN cat=[android.intent.category.DESK_DOCK] flg=0x10000000 cmp=com.motorola.targetnotif/com.motorola.loop.ChargeActivity (has extras)} from pid 1871 on display 0
11-02 01:13:03.183    1752-1803/? I/ActivityManager﹕ START u0 {act=android.intent.action.MAIN cat=[android.intent.category.DESK_DOCK] flg=0x10000000 cmp=com.motorola.targetnotif/com.motorola.loop.ChargeActivity (has extras)} from pid 1871 on display 0
11-02 01:14:03.333    1752-2972/? I/ActivityManager﹕ START u0 {act=android.intent.action.MAIN cat=[android.intent.category.DESK_DOCK] flg=0x10000000 cmp=com.motorola.targetnotif/com.motorola.loop.ChargeActivity (has extras)} from pid 1871 on display 0
11-02 01:15:03.193    1752-1929/? I/ActivityManager﹕ START u0 {act=android.intent.action.MAIN cat=[android.intent.category.DESK_DOCK] flg=0x10000000 cmp=com.motorola.targetnotif/com.motorola.loop.ChargeActivity (has extras)} from pid 1871 on display 0
11-02 01:16:03.383    1752-1897/? I/ActivityManager﹕ START u0 {act=android.intent.action.MAIN cat=[android.intent.category.DESK_DOCK] flg=0x10000000 cmp=com.motorola.targetnotif/com.motorola.loop.ChargeActivity (has extras)} from pid 1871 on display 0
11-02 01:17:03.193    1752-1929/? I/ActivityManager﹕ START u0 {act=android.intent.action.MAIN cat=[android.intent.category.DESK_DOCK] flg=0x10000000 cmp=com.motorola.targetnotif/com.motorola.loop.ChargeActivity (has extras)} from pid 1871 on display 0
11-02 01:18:03.333    1752-2972/? I/ActivityManager﹕ START u0 {act=android.intent.action.MAIN cat=[android.intent.category.DESK_DOCK] flg=0x10000000 cmp=com.motorola.targetnotif/com.motorola.loop.ChargeActivity (has extras)} from pid 1871 on display 0
11-02 01:19:03.193    1752-4340/? I/ActivityManager﹕ START u0 {act=android.intent.action.MAIN cat=[android.intent.category.DESK_DOCK] flg=0x10000000 cmp=com.motorola.targetnotif/com.motorola.loop.ChargeActivity (has extras)} from pid 1871 on display 0
11-02 01:20:03.413    1752-1897/? I/ActivityManager﹕ START u0 {act=android.intent.action.MAIN cat=[android.intent.category.DESK_DOCK] flg=0x10000000 cmp=com.motorola.targetnotif/com.motorola.loop.ChargeActivity (has extras)} from pid 1871 on display 0
11-02 01:21:03.213    1752-1897/? I/ActivityManager﹕ START u0 {act=android.intent.action.MAIN cat=[android.intent.category.DESK_DOCK] flg=0x10000000 cmp=com.motorola.targetnotif/com.motorola.loop.ChargeActivity (has extras)} from pid 1871 on display 0
11-02 01:22:03.263    1752-1797/? D/ConnectivityService﹕ Sampling interval elapsed, updating statistics ..
11-02 01:22:03.293    1752-1797/? D/ConnectivityService﹕ Done.
11-02 01:22:03.293    1752-1797/? D/ConnectivityService﹕ Setting timer for 720seconds
11-02 01:22:03.293    1752-1763/? I/ActivityManager﹕ Delay finish: com.google.android.gms/.fitness.wearables.WearableSyncServiceReceiver
11-02 01:22:03.353    1752-2972/? I/ActivityManager﹕ Resuming delayed broadcast
11-02 01:22:03.373    1752-1929/? I/ActivityManager﹕ Delay finish: com.google.android.gms/.checkin.EventLogService$Receiver
11-02 01:22:03.544    1752-1803/? I/ActivityManager﹕ Resuming delayed broadcast
11-02 01:22:03.674    1752-1897/? I/ActivityManager﹕ Delay finish: com.google.android.gms/.checkin.CheckinService$Receiver
11-02 01:22:03.714    1752-2972/? I/ActivityManager﹕ Resuming delayed broadcast
11-02 01:22:03.734    1752-1763/? I/ActivityManager﹕ START u0 {act=android.intent.action.MAIN cat=[android.intent.category.DESK_DOCK] flg=0x10000000 cmp=com.motorola.targetnotif/com.motorola.loop.ChargeActivity (has extras)} from pid 1871 on display 0
11-02 01:23:03.193    1752-1762/? I/ActivityManager﹕ START u0 {act=android.intent.action.MAIN cat=[android.intent.category.DESK_DOCK] flg=0x10000000 cmp=com.motorola.targetnotif/com.motorola.loop.ChargeActivity (has extras)} from pid 1871 on display 0
11-02 01:24:03.333    1752-1897/? I/ActivityManager﹕ START u0 {act=android.intent.action.MAIN cat=[android.intent.category.DESK_DOCK] flg=0x10000000 cmp=com.motorola.targetnotif/com.motorola.loop.ChargeActivity (has extras)} from pid 1871 on display 0
11-02 01:25:03.193    1752-1927/? I/ActivityManager﹕ START u0 {act=android.intent.action.MAIN cat=[android.intent.category.DESK_DOCK] flg=0x10000000 cmp=com.motorola.targetnotif/com.motorola.loop.ChargeActivity (has extras)} from pid 1871 on display 0
11-02 01:26:03.413    1752-1803/? I/ActivityManager﹕ START u0 {act=android.intent.action.MAIN cat=[android.intent.category.DESK_DOCK] flg=0x10000000 cmp=com.motorola.targetnotif/com.motorola.loop.ChargeActivity (has extras)} from pid 1871 on display 0
11-02 01:27:03.183    1752-2337/? I/ActivityManager﹕ START u0 {act=android.intent.action.MAIN cat=[android.intent.category.DESK_DOCK] flg=0x10000000 cmp=com.motorola.targetnotif/com.motorola.loop.ChargeActivity (has extras)} from pid 1871 on display 0
11-02 01:28:03.193    1752-2972/? I/ActivityManager﹕ START u0 {act=android.intent.action.MAIN cat=[android.intent.category.DESK_DOCK] flg=0x10000000 cmp=com.motorola.targetnotif/com.motorola.loop.ChargeActivity (has extras)} from pid 1871 on display 0
11-02 01:29:00.104    1752-2337/? I/ActivityManager﹕ START u0 {act=android.intent.action.MAIN cat=[android.intent.category.DESK_DOCK] flg=0x10000000 cmp=com.motorola.targetnotif/com.motorola.loop.ChargeActivity (has extras)} from pid 1871 on display 0
11-02 01:30:03.534    1752-1897/? I/ActivityManager﹕ START u0 {act=android.intent.action.MAIN cat=[android.intent.category.DESK_DOCK] flg=0x10000000 cmp=com.motorola.targetnotif/com.motorola.loop.ChargeActivity (has extras)} from pid 1871 on display 0
11-02 01:31:03.203    1752-1762/? I/ActivityManager﹕ START u0 {act=android.intent.action.MAIN cat=[android.intent.category.DESK_DOCK] flg=0x10000000 cmp=com.motorola.targetnotif/com.motorola.loop.ChargeActivity (has extras)} from pid 1871 on display 0
11-02 01:32:03.333    1752-2972/? I/ActivityManager﹕ START u0 {act=android.intent.action.MAIN cat=[android.intent.category.DESK_DOCK] flg=0x10000000 cmp=com.motorola.targetnotif/com.motorola.loop.ChargeActivity (has extras)} from pid 1871 on display 0
11-02 01:33:03.183    1752-1929/? I/ActivityManager﹕ START u0 {act=android.intent.action.MAIN cat=[android.intent.category.DESK_DOCK] flg=0x10000000 cmp=com.motorola.targetnotif/com.motorola.loop.ChargeActivity (has extras)} from pid 1871 on display 0
11-02 01:34:00.226    1752-1897/? I/ActivityManager﹕ START u0 {act=android.intent.action.MAIN cat=[android.intent.category.DESK_DOCK] flg=0x10000000 cmp=com.motorola.targetnotif/com.motorola.loop.ChargeActivity (has extras)} from pid 1871 on display 0
11-02 01:35:00.114    1752-4340/? I/ActivityManager﹕ START u0 {act=android.intent.action.MAIN cat=[android.intent.category.DESK_DOCK] flg=0x10000000 cmp=com.motorola.targetnotif/com.motorola.loop.ChargeActivity (has extras)} from pid 1871 on display 0
11-02 01:36:00.113    1752-2337/? I/ActivityManager﹕ START u0 {act=android.intent.action.MAIN cat=[android.intent.category.DESK_DOCK] flg=0x10000000 cmp=com.motorola.targetnotif/com.motorola.loop.ChargeActivity (has extras)} from pid 1871 on display 0
11-02 01:37:00.091    1752-1797/? D/ConnectivityService﹕ Sampling interval elapsed, updating statistics ..
11-02 01:37:00.131    1752-1929/? I/ActivityManager﹕ Delay finish: com.google.android.gms/.fitness.wearables.WearableSyncServiceReceiver
11-02 01:37:00.141    1752-1797/? D/ConnectivityService﹕ Done.
11-02 01:37:00.141    1752-1797/? D/ConnectivityService﹕ Setting timer for 720seconds
11-02 01:37:00.161    1752-2337/? I/ActivityManager﹕ Resuming delayed broadcast
11-02 01:37:00.281    1752-2337/? I/ActivityManager﹕ START u0 {act=android.intent.action.MAIN cat=[android.intent.category.DESK_DOCK] flg=0x10000000 cmp=com.motorola.targetnotif/com.motorola.loop.ChargeActivity (has extras)} from pid 1871 on display 0
11-02 01:38:01.353    1752-1929/? I/ActivityManager﹕ START u0 {act=android.intent.action.MAIN cat=[android.intent.category.DESK_DOCK] flg=0x10000000 cmp=com.motorola.targetnotif/com.motorola.loop.ChargeActivity (has extras)} from pid 1871 on display 0
11-02 01:39:03.193    1752-1803/? I/ActivityManager﹕ START u0 {act=android.intent.action.MAIN cat=[android.intent.category.DESK_DOCK] flg=0x10000000 cmp=com.motorola.targetnotif/com.motorola.loop.ChargeActivity (has extras)} from pid 1871 on display 0
11-02 01:40:03.333    1752-1763/? I/ActivityManager﹕ START u0 {act=android.intent.action.MAIN cat=[android.intent.category.DESK_DOCK] flg=0x10000000 cmp=com.motorola.targetnotif/com.motorola.loop.ChargeActivity (has extras)} from pid 1871 on display 0
11-02 01:41:03.193    1752-1927/? I/ActivityManager﹕ START u0 {act=android.intent.action.MAIN cat=[android.intent.category.DESK_DOCK] flg=0x10000000 cmp=com.motorola.targetnotif/com.motorola.loop.ChargeActivity (has extras)} from pid 1871 on display 0
11-02 01:42:03.333    1752-2972/? I/ActivityManager﹕ START u0 {act=android.intent.action.MAIN cat=[android.intent.category.DESK_DOCK] flg=0x10000000 cmp=com.motorola.targetnotif/com.motorola.loop.ChargeActivity (has extras)} from pid 1871 on display 0
11-02 01:43:03.213    1752-1897/? I/ActivityManager﹕ START u0 {act=android.intent.action.MAIN cat=[android.intent.category.DESK_DOCK] flg=0x10000000 cmp=com.motorola.targetnotif/com.motorola.loop.ChargeActivity (has extras)} from pid 1871 on display 0
11-02 01:44:03.333    1752-1927/? I/ActivityManager﹕ START u0 {act=android.intent.action.MAIN cat=[android.intent.category.DESK_DOCK] flg=0x10000000 cmp=com.motorola.targetnotif/com.motorola.loop.ChargeActivity (has extras)} from pid 1871 on display 0
11-02 01:45:03.183    1752-2337/? I/ActivityManager﹕ START u0 {act=android.intent.action.MAIN cat=[android.intent.category.DESK_DOCK] flg=0x10000000 cmp=com.motorola.targetnotif/com.motorola.loop.ChargeActivity (has extras)} from pid 1871 on display 0
11-02 01:46:03.333    1752-1929/? I/ActivityManager﹕ START u0 {act=android.intent.action.MAIN cat=[android.intent.category.DESK_DOCK] flg=0x10000000 cmp=com.motorola.targetnotif/com.motorola.loop.ChargeActivity (has extras)} from pid 1871 on display 0
11-02 01:47:03.203    1752-1763/? I/ActivityManager﹕ START u0 {act=android.intent.action.MAIN cat=[android.intent.category.DESK_DOCK] flg=0x10000000 cmp=com.motorola.targetnotif/com.motorola.loop.ChargeActivity (has extras)} from pid 1871 on display 0
11-02 01:48:03.333    1752-2972/? I/ActivityManager﹕ START u0 {act=android.intent.action.MAIN cat=[android.intent.category.DESK_DOCK] flg=0x10000000 cmp=com.motorola.targetnotif/com.motorola.loop.ChargeActivity (has extras)} from pid 1871 on display 0
11-02 01:49:03.183    1752-1762/? I/ActivityManager﹕ START u0 {act=android.intent.action.MAIN cat=[android.intent.category.DESK_DOCK] flg=0x10000000 cmp=com.motorola.targetnotif/com.motorola.loop.ChargeActivity (has extras)} from pid 1871 on display 0
11-02 01:50:00.226    1752-1763/? I/ActivityManager﹕ START u0 {act=android.intent.action.MAIN cat=[android.intent.category.DESK_DOCK] flg=0x10000000 cmp=com.motorola.targetnotif/com.motorola.loop.ChargeActivity (has extras)} from pid 1871 on display 0
11-02 01:51:00.114    1752-1897/? I/ActivityManager﹕ START u0 {act=android.intent.action.MAIN cat=[android.intent.category.DESK_DOCK] flg=0x10000000 cmp=com.motorola.targetnotif/com.motorola.loop.ChargeActivity (has extras)} from pid 1871 on display 0
11-02 01:52:00.113    1752-1897/? I/ActivityManager﹕ START u0 {act=android.intent.action.MAIN cat=[android.intent.category.DESK_DOCK] flg=0x10000000 cmp=com.motorola.targetnotif/com.motorola.loop.ChargeActivity (has extras)} from pid 1871 on display 0
11-02 01:53:00.101    1752-1752/? I/ActivityManager﹕ Idle maintenance over +5h20m15s844ms low RAM for 0
11-02 01:53:00.161    1752-1797/? D/ConnectivityService﹕ Sampling interval elapsed, updating statistics ..
11-02 01:53:00.181    1752-1929/? I/ActivityManager﹕ Delay finish: com.google.android.gms/.fitness.wearables.WearableSyncServiceReceiver
11-02 01:53:00.191    1752-1797/? D/ConnectivityService﹕ Done.
11-02 01:53:00.191    1752-1797/? D/ConnectivityService﹕ Setting timer for 720seconds
11-02 01:53:00.211    1752-2972/? I/ActivityManager﹕ Resuming delayed broadcast
11-02 01:53:00.351    1752-1762/? I/ActivityManager﹕ Delay finish: com.google.android.gms/.checkin.EventLogService$Receiver
11-02 01:53:00.572    1752-1803/? I/ActivityManager﹕ Resuming delayed broadcast
11-02 01:53:00.582    1752-2337/? I/ActivityManager﹕ START u0 {act=android.intent.action.MAIN cat=[android.intent.category.DESK_DOCK] flg=0x10000000 cmp=com.motorola.targetnotif/com.motorola.loop.ChargeActivity (has extras)} from pid 1871 on display 0
11-02 01:53:00.632    1410-9833/? I/fstrim﹕ Starting fstrim work...
11-02 01:53:00.632    1410-9833/? I/fstrim﹕ Invoking FITRIM ioctl on /cache
11-02 01:53:00.662    1410-9833/? I/fstrim﹕ Trimmed 255754240 bytes on /cache
11-02 01:53:00.662    1410-9833/? I/fstrim﹕ Invoking FITRIM ioctl on /data
11-02 01:53:00.992    1410-9833/? I/fstrim﹕ Trimmed 2836709376 bytes on /data
11-02 01:53:00.992    1410-9833/? I/fstrim﹕ Invoking FITRIM ioctl on /pds
11-02 01:53:00.992    1410-9833/? I/fstrim﹕ Trimmed 0 bytes on /pds
11-02 01:53:00.992    1410-9833/? I/fstrim﹕ Invoking FITRIM ioctl on /customize
11-02 01:53:01.002    1410-9833/? I/fstrim﹕ Trimmed 127868928 bytes on /customize
11-02 01:53:01.002    1410-9833/? I/fstrim﹕ Finished fstrim work.
11-02 01:54:02.343    1752-1927/? I/ActivityManager﹕ START u0 {act=android.intent.action.MAIN cat=[android.intent.category.DESK_DOCK] flg=0x10000000 cmp=com.motorola.targetnotif/com.motorola.loop.ChargeActivity (has extras)} from pid 1871 on display 0
11-02 01:55:03.183    1752-1762/? I/ActivityManager﹕ START u0 {act=android.intent.action.MAIN cat=[android.intent.category.DESK_DOCK] flg=0x10000000 cmp=com.motorola.targetnotif/com.motorola.loop.ChargeActivity (has extras)} from pid 1871 on display 0
11-02 01:56:03.333    1752-1927/? I/ActivityManager﹕ START u0 {act=android.intent.action.MAIN cat=[android.intent.category.DESK_DOCK] flg=0x10000000 cmp=com.motorola.targetnotif/com.motorola.loop.ChargeActivity (has extras)} from pid 1871 on display 0
11-02 01:57:03.183    1752-1929/? I/ActivityManager﹕ START u0 {act=android.intent.action.MAIN cat=[android.intent.category.DESK_DOCK] flg=0x10000000 cmp=com.motorola.targetnotif/com.motorola.loop.ChargeActivity (has extras)} from pid 1871 on display 0
11-02 01:58:03.363    1752-4340/? I/ActivityManager﹕ START u0 {act=android.intent.action.MAIN cat=[android.intent.category.DESK_DOCK] flg=0x10000000 cmp=com.motorola.targetnotif/com.motorola.loop.ChargeActivity (has extras)} from pid 1871 on display 0
11-02 01:59:03.213    1752-1762/? I/ActivityManager﹕ START u0 {act=android.intent.action.MAIN cat=[android.intent.category.DESK_DOCK] flg=0x10000000 cmp=com.motorola.targetnotif/com.motorola.loop.ChargeActivity (has extras)} from pid 1871 on display 0
11-02 01:00:03.333    1752-4340/? I/ActivityManager﹕ START u0 {act=android.intent.action.MAIN cat=[android.intent.category.DESK_DOCK] flg=0x10000000 cmp=com.motorola.targetnotif/com.motorola.loop.ChargeActivity (has extras)} from pid 1871 on display 0
