            at java.lang.reflect.Method.invokeNative(Native Method)
            at java.lang.reflect.Method.invoke(Method.java:515)
            at com.android.internal.os.ZygoteInit$MethodAndArgsCaller.run(ZygoteInit.java:777)
            at com.android.internal.os.ZygoteInit.main(ZygoteInit.java:602)
            at dalvik.system.NativeStart.main(Native Method)
11-02 07:03:41.520    1417-1417/? D/SurfaceFlinger﹕ Screen acquired, type=0 flinger=0xb7fc2448
11-02 07:03:41.520    1417-1417/? D/hwcomposer﹕ hwc_blank(0: 0)
11-02 07:03:41.520    1752-1927/? D/SensorHAL﹕ adjustSensorHandle: handle = 9 adjustedHandle = 1
11-02 07:03:41.520    1752-1927/? D/SensorHAL﹕ adjustSensorHandle: handle = 9 adjustedHandle = 1
11-02 07:03:41.520    1752-1778/? I/DisplayManagerService﹕ Display device changed: DisplayDeviceInfo{"Built-in Screen": 320 x 290, 45.000004 fps, density 213, 203.2 x 204.61111 dpi, touch INTERNAL, rotation 0, type BUILT_IN, state ON, FLAG_DEFAULT_DISPLAY, FLAG_ROTATES_WITH_CONTENT, FLAG_SECURE, FLAG_SUPPORTS_PROTECTED_BUFFERS}
11-02 07:03:41.520    1752-1752/? V/ActivityManager﹕ Display changed displayId=0
11-02 07:03:41.550    5964-5964/? V/WearActivity﹕ display changed: 0, new state: 2
11-02 07:03:41.550    5964-5964/? V/WearActivity﹕ onDisplayChanged: on!
11-02 07:03:41.550    5964-5964/? V/WearActivity﹕ killing alarms
11-02 07:03:41.550    5964-5964/? V/WearActivity﹕ startHelper: putting it all back together again
11-02 07:03:41.550    5964-5964/? V/WearActivity﹕ initAlarm: setting up
11-02 07:03:41.550    1752-2337/? D/SensorHAL﹕ adjustSensorHandle: handle = 9 adjustedHandle = 1
11-02 07:03:41.570    5964-5964/? I/ClockFace﹕ Ambient mode: false
11-02 07:03:41.570    5964-5964/? V/MyViewAnim﹕ resumeMaxHertz
11-02 07:03:41.570    5964-5964/? V/ClockFace﹕ clearing caches
11-02 07:03:41.570    5964-5964/? V/MyViewAnim﹕ starting new animator
11-02 07:03:41.570    5964-5964/? V/MyViewAnim﹕ Time listener is up!
11-02 07:03:41.570    5964-5964/? V/MyViewAnim﹕ starting new draw thread
11-02 07:03:41.590   5964-10174/? V/ClockFace﹕ rendering new face, faceMode(0)
11-02 07:03:41.620   5964-10174/? V/ClockFace﹕ fetching new battery status (40930)
11-02 07:03:41.620   5964-10174/? V/ClockFace﹕ battery at 1.0
11-02 07:03:41.630    1752-1820/? D/LightsService﹕ Excessive delay setting light: 51ms
11-02 07:03:41.720    6238-6238/? D/WearApiHelper﹕ sendMessage: /SYNC_NEEDED
11-02 07:03:41.720    6238-6238/? D/WearApiHelper﹕ Already connected. Sending message: /SYNC_NEEDED
11-02 07:03:46.365    6238-6238/? D/WearApiHelper﹕ Disconnecting
11-02 07:03:46.976    1871-1875/? D/dalvikvm﹕ GC_CONCURRENT freed 1370K, 22% free 22720K/28972K, paused 15ms+6ms, total 131ms
11-02 07:03:47.226   1871-10175/? D/dalvikvm﹕ GC_FOR_ALLOC freed 125K, 20% free 23405K/28972K, paused 58ms, total 59ms
11-02 07:03:47.226   1871-10175/? I/dalvikvm-heap﹕ Grow heap (frag case) to 23.534MB for 409616-byte allocation
11-02 07:03:47.306    1871-1871/? D/dalvikvm﹕ GC_FOR_ALLOC freed 2K, 19% free 23803K/29376K, paused 79ms, total 79ms
11-02 07:03:47.406   1871-10175/? D/dalvikvm﹕ GC_FOR_ALLOC freed 7K, 19% free 23815K/29376K, paused 85ms, total 86ms
11-02 07:03:47.406   1871-10175/? I/dalvikvm-heap﹕ Grow heap (frag case) to 23.934MB for 409616-byte allocation
11-02 07:03:47.476    1871-1871/? D/dalvikvm﹕ GC_FOR_ALLOC freed <1K, 19% free 24215K/29780K, paused 64ms, total 64ms
11-02 07:03:47.566   1871-10175/? D/dalvikvm﹕ GC_FOR_ALLOC freed 12K, 19% free 24238K/29780K, paused 46ms, total 47ms
11-02 07:03:47.566   1871-10175/? I/dalvikvm-heap﹕ Grow heap (frag case) to 24.347MB for 409616-byte allocation
11-02 07:03:47.636    1871-1871/? D/dalvikvm﹕ GC_FOR_ALLOC freed <1K, 19% free 24638K/30184K, paused 72ms, total 72ms
11-02 07:03:47.836   1871-10175/? D/dalvikvm﹕ GC_FOR_ALLOC freed 22K, 18% free 24951K/30184K, paused 63ms, total 63ms
11-02 07:03:47.836   1871-10175/? I/dalvikvm-heap﹕ Grow heap (frag case) to 25.042MB for 409616-byte allocation
11-02 07:03:47.916    1871-1871/? D/dalvikvm﹕ GC_FOR_ALLOC freed <1K, 18% free 25351K/30588K, paused 77ms, total 77ms
11-02 07:03:47.996   1871-10175/? D/dalvikvm﹕ GC_FOR_ALLOC freed 3K, 18% free 25352K/30588K, paused 68ms, total 68ms
11-02 07:03:47.996   1871-10175/? I/dalvikvm-heap﹕ Grow heap (frag case) to 25.435MB for 409616-byte allocation
11-02 07:03:48.057    1871-1871/? D/dalvikvm﹕ GC_FOR_ALLOC freed <1K, 17% free 25752K/30992K, paused 54ms, total 54ms
11-02 07:03:48.117    1871-1871/? I/Choreographer﹕ Skipped 51 frames!  The application may be doing too much work on its main thread.
11-02 07:03:50.159   1871-10175/? D/dalvikvm﹕ GC_FOR_ALLOC freed 2972K, 23% free 24064K/30992K, paused 66ms, total 67ms
11-02 07:03:50.549    1752-1778/? I/DisplayManagerService﹕ Display device changed: DisplayDeviceInfo{"ActivityViewVirtualDisplay": 320 x 320, 60.0 fps, density 213, 213.0 x 213.0 dpi, touch NONE, rotation 0, type VIRTUAL, state OFF, owner android (uid 1000), FLAG_OWN_CONTENT_ONLY}
11-02 07:03:50.549    1752-1752/? V/ActivityManager﹕ Display changed displayId=2
11-02 07:03:50.559    5964-5964/? V/WearActivity﹕ Pause!
11-02 07:03:50.579    5964-5964/? V/WearActivity﹕ display changed: 2, new state: 1
11-02 07:03:50.579    5964-5964/? I/TimeWrapper﹕ FPS: 40.747055, samples: 365
11-02 07:03:50.579    5964-5964/? I/TimeWrapper﹕ Min/Avg/Max frame render speed (ms): 4.394532 / 6.661527 / 24.230955
11-02 07:03:50.579    5964-5964/? I/TimeWrapper﹕ Waketime: 27.143764%
11-02 07:03:50.579    5964-5964/? I/TimeWrapper﹕ Skipped frames: 1
11-02 07:03:50.579    5964-5964/? V/MyViewAnim﹕ redrawSlow: resume -> 1
11-02 07:03:50.579    5964-5964/? V/MyViewAnim﹕ redrawSlow: display change without state change -> 1
11-02 07:03:50.579    5964-5964/? V/MyViewAnim﹕ redrawSlow: startHelper -> 1
11-02 07:03:50.579    5964-5964/? V/WearActivity﹕ onDisplayChanged: off!
11-02 07:03:50.579    5964-5964/? V/WearActivity﹕ stopHelper: shutting things down
11-02 07:03:50.609    5964-5964/? V/MyViewAnim﹕ stopping animation!
11-02 07:03:50.609    5964-5964/? V/MyViewAnim﹕ killDrawThread
11-02 07:03:50.609    5964-5964/? V/WearActivity﹕ killing alarms
11-02 07:03:50.609    1752-1929/? D/ActivityManager﹕ finishAllActivitiesLocked: finishing ActivityRecord{adf79250 u0 org.dwallach.calwatch/.WearActivity t5} immediately
11-02 07:03:50.619   5964-10174/? V/MyViewAnim﹕ looper finished!
11-02 07:03:50.629    5964-5964/? I/ClockFace﹕ Ambient mode: false
11-02 07:03:50.699    5964-5964/? V/WearActivity﹕ Stop!
11-02 07:03:50.699    5964-5964/? V/WearActivity﹕ Destroy!
11-02 07:03:50.699    5964-5964/? V/WearActivity﹕ stopHelper: shutting things down
11-02 07:03:50.699    5964-5964/? V/MyViewAnim﹕ stopping animation!
11-02 07:03:50.699    5964-5964/? V/MyViewAnim﹕ killDrawThread
11-02 07:03:50.699    5964-5964/? V/MyViewAnim﹕ no draw thread around to kill ?!
11-02 07:03:50.699    5964-5964/? V/WearActivity﹕ killing alarms
11-02 07:03:50.699    5964-5964/? V/WearActivity﹕ killing ambient watcher
11-02 07:03:50.779    6238-6238/? D/WearApiHelper﹕ sendMessage: /SYNC_NEEDED
11-02 07:03:50.799    6238-6238/? D/WearableClient﹕ WearableClientImpl.onPostInitHandler: done
11-02 07:03:50.799    5964-5964/? V/MyViewAnim﹕ Drawing surface destroyed!
11-02 07:03:50.809    6238-6238/? D/WearApiHelper﹕ Not connected waiting connection
11-02 07:03:50.809    6238-6238/? D/WearApiHelper﹕ Finally connected! Sending message: /SYNC_NEEDED
11-02 07:03:50.819    6238-6238/? D/WearApiHelper﹕ Stack 0
11-02 07:03:50.909    1752-1803/? I/DisplayManagerService﹕ Display device removed: DisplayDeviceInfo{"ActivityViewVirtualDisplay": 320 x 320, 60.0 fps, density 213, 213.0 x 213.0 dpi, touch NONE, rotation 0, type VIRTUAL, state OFF, owner android (uid 1000), FLAG_OWN_CONTENT_ONLY}
11-02 07:03:50.919    1752-1752/? V/ActivityManager﹕ Display removed displayId=2
11-02 07:03:55.013   1871-10176/? D/dalvikvm﹕ GC_FOR_ALLOC freed 691K, 16% free 25027K/29596K, paused 33ms, total 38ms
11-02 07:03:55.013   1871-10176/? I/dalvikvm-heap﹕ Grow heap (frag case) to 25.419MB for 725920-byte allocation
11-02 07:03:55.053    1871-1871/? D/dalvikvm﹕ GC_FOR_ALLOC freed 1265K, 20% free 24471K/30308K, paused 36ms, total 36ms
11-02 07:03:55.123   1871-10176/? D/dalvikvm﹕ GC_FOR_ALLOC freed 203K, 19% free 24721K/30308K, paused 31ms, total 32ms
11-02 07:03:55.123   1871-10176/? I/dalvikvm-heap﹕ Grow heap (frag case) to 24.819MB for 409616-byte allocation
11-02 07:03:55.163    1871-1871/? D/dalvikvm﹕ GC_FOR_ALLOC freed <1K, 19% free 25121K/30712K, paused 36ms, total 36ms
11-02 07:03:55.224   1871-10176/? D/dalvikvm﹕ GC_FOR_ALLOC freed 13K, 19% free 25144K/30712K, paused 31ms, total 31ms
11-02 07:03:55.224   1871-10176/? I/dalvikvm-heap﹕ Grow heap (frag case) to 25.232MB for 409616-byte allocation
11-02 07:03:55.254    1871-1871/? D/dalvikvm﹕ GC_FOR_ALLOC freed <1K, 18% free 25544K/31116K, paused 36ms, total 36ms
11-02 07:03:55.294   1871-10176/? D/dalvikvm﹕ GC_FOR_ALLOC freed 4K, 18% free 25544K/31116K, paused 30ms, total 31ms
11-02 07:03:55.294   1871-10176/? I/dalvikvm-heap﹕ Grow heap (frag case) to 25.623MB for 409616-byte allocation
11-02 07:03:55.334    1871-1871/? D/dalvikvm﹕ GC_FOR_ALLOC freed <1K, 18% free 25944K/31520K, paused 35ms, total 35ms
11-02 07:03:55.444   1871-10176/? D/dalvikvm﹕ GC_FOR_ALLOC freed 8K, 18% free 25967K/31520K, paused 62ms, total 63ms
11-02 07:03:55.444   1871-10176/? I/dalvikvm-heap﹕ Grow heap (frag case) to 26.035MB for 409616-byte allocation
11-02 07:03:55.464    1752-1929/? D/dalvikvm﹕ GC_EXPLICIT freed 648K, 25% free 4876K/6488K, paused 3ms+5ms, total 106ms
11-02 07:03:55.524    1871-1879/? D/dalvikvm﹕ GC_FOR_ALLOC freed <1K, 18% free 26367K/31924K, paused 73ms, total 73ms
11-02 07:03:55.594    1871-1871/? I/Choreographer﹕ Skipped 31 frames!  The application may be doing too much work on its main thread.
11-02 07:03:55.814    6238-6238/? D/WearApiHelper﹕ Disconnecting
11-02 07:03:57.125   1871-10176/? D/dalvikvm﹕ GC_FOR_ALLOC freed 2974K, 17% free 24693K/29596K, paused 35ms, total 37ms
11-02 07:03:57.486    1752-1897/? I/DisplayManagerService﹕ Display device added: DisplayDeviceInfo{"ActivityViewVirtualDisplay": 320 x 320, 60.0 fps, density 213, 213.0 x 213.0 dpi, touch NONE, rotation 0, type VIRTUAL, state OFF, owner android (uid 1000), FLAG_OWN_CONTENT_ONLY}
11-02 07:03:57.486    1752-1752/? V/ActivityManager﹕ Display added displayId=3
11-02 07:03:57.506    1752-1752/? V/ActivityManager﹕ Display changed displayId=3
11-02 07:03:57.526    1752-1803/? I/ActivityManager﹕ START u0 {flg=0x18010000 cmp=com.motorola.targetnotif/com.motorola.loop.WatchFaceActivity (has extras)} from pid 1871 on display 3
11-02 07:03:57.536    1752-1752/? V/ActivityManager﹕ Display changed displayId=0
11-02 07:03:57.676    1997-2000/? D/dalvikvm﹕ GC_CONCURRENT freed 283K, 37% free 2361K/3728K, paused 4ms+34ms, total 79ms
11-02 07:03:57.866    6238-6238/? D/WearApiHelper﹕ sendMessage: /SYNC_NEEDED
11-02 07:03:57.876    6238-6238/? D/WearableClient﹕ WearableClientImpl.onPostInitHandler: done
11-02 07:03:57.886    6238-6238/? D/WearApiHelper﹕ Not connected waiting connection
11-02 07:03:57.886    6238-6238/? D/WearApiHelper﹕ Finally connected! Sending message: /SYNC_NEEDED
11-02 07:03:57.896    6238-6238/? D/WearApiHelper﹕ Stack 0
11-02 07:03:58.046    1752-1778/? I/ActivityManager﹕ Displayed com.motorola.targetnotif/com.motorola.loop.WatchFaceActivity: +510ms
11-02 07:03:58.046   1997-10178/? D/dalvikvm﹕ GC_FOR_ALLOC freed 221K, 40% free 2270K/3728K, paused 46ms, total 46ms
11-02 07:03:58.046   1997-10178/? I/dalvikvm-heap﹕ Grow heap (frag case) to 2.893MB for 409616-byte allocation
11-02 07:03:58.056    1752-1778/? I/DisplayManagerService﹕ Display device changed: DisplayDeviceInfo{"ActivityViewVirtualDisplay": 320 x 320, 60.0 fps, density 213, 213.0 x 213.0 dpi, touch NONE, rotation 0, type VIRTUAL, state ON, owner android (uid 1000), FLAG_OWN_CONTENT_ONLY}
11-02 07:03:58.056    1752-1752/? V/ActivityManager﹕ Display changed displayId=3
11-02 07:03:58.106    1997-1997/? D/dalvikvm﹕ GC_FOR_ALLOC freed <1K, 36% free 2669K/4132K, paused 56ms, total 56ms
11-02 07:03:58.166    1997-2000/? D/dalvikvm﹕ GC_CONCURRENT freed 17K, 36% free 2675K/4132K, paused 2ms+2ms, total 60ms
11-02 07:03:58.277   1997-10182/? D/WearableClient﹕ WearableClientImpl.onPostInitHandler: done
11-02 07:04:00.218   1871-10183/? D/dalvikvm﹕ GC_FOR_ALLOC freed 1344K, 18% free 24513K/29596K, paused 35ms, total 39ms
11-02 07:04:00.349   1871-10183/? D/dalvikvm﹕ GC_FOR_ALLOC freed 1480K, 22% free 23378K/29596K, paused 32ms, total 32ms
11-02 07:04:00.349   1871-10183/? I/dalvikvm-heap﹕ Grow heap (frag case) to 23.809MB for 725920-byte allocation
11-02 07:04:00.389    1871-1871/? D/dalvikvm﹕ GC_FOR_ALLOC freed <1K, 21% free 24086K/30308K, paused 38ms, total 38ms
11-02 07:04:00.509   1871-10183/? D/dalvikvm﹕ GC_FOR_ALLOC freed 29K, 18% free 24943K/30308K, paused 32ms, total 33ms
11-02 07:04:00.509   1871-10183/? I/dalvikvm-heap﹕ Grow heap (frag case) to 25.036MB for 409616-byte allocation
11-02 07:04:00.559    1871-1871/? D/dalvikvm﹕ GC_FOR_ALLOC freed <1K, 18% free 25342K/30712K, paused 47ms, total 47ms
11-02 07:04:00.629   1871-10183/? D/dalvikvm﹕ GC_FOR_ALLOC freed 4K, 18% free 25350K/30712K, paused 33ms, total 33ms
11-02 07:04:00.629   1871-10183/? I/dalvikvm-heap﹕ Grow heap (frag case) to 25.433MB for 409616-byte allocation
11-02 07:04:00.669    1871-1871/? D/dalvikvm﹕ GC_FOR_ALLOC freed <1K, 18% free 25750K/31116K, paused 40ms, total 40ms
11-02 07:04:01.860   1871-10183/? D/dalvikvm﹕ GC_FOR_ALLOC freed 2976K, 17% free 24083K/28972K, paused 37ms, total 37ms
11-02 07:04:02.891    6238-6238/? D/WearApiHelper﹕ Disconnecting
11-02 07:04:03.371    1752-1778/? I/DisplayManagerService﹕ Display device changed: DisplayDeviceInfo{"ActivityViewVirtualDisplay": 320 x 320, 60.0 fps, density 213, 213.0 x 213.0 dpi, touch NONE, rotation 0, type VIRTUAL, state OFF, owner android (uid 1000), FLAG_OWN_CONTENT_ONLY}
11-02 07:04:03.371    1752-1752/? V/ActivityManager﹕ Display changed displayId=3
11-02 07:04:03.432    1752-4340/? D/ActivityManager﹕ finishAllActivitiesLocked: finishing ActivityRecord{adedefe0 u0 com.motorola.targetnotif/com.motorola.loop.WatchFaceActivity t12} immediately
11-02 07:04:03.502    1752-1929/? I/DisplayManagerService﹕ Display device added: DisplayDeviceInfo{"ActivityViewVirtualDisplay": 320 x 320, 60.0 fps, density 213, 213.0 x 213.0 dpi, touch NONE, rotation 0, type VIRTUAL, state OFF, owner android (uid 1000), FLAG_OWN_CONTENT_ONLY}
11-02 07:04:03.502    1752-1752/? V/ActivityManager﹕ Display added displayId=4
11-02 07:04:03.522    1752-1752/? V/ActivityManager﹕ Display changed displayId=4
11-02 07:04:03.542    1752-4340/? I/ActivityManager﹕ START u0 {flg=0x18010000 cmp=org.dwallach.calwatch/.WearActivity (has extras)} from pid 1871 on display 4
11-02 07:04:03.592    1752-1762/? I/DisplayManagerService﹕ Display device removed: DisplayDeviceInfo{"ActivityViewVirtualDisplay": 320 x 320, 60.0 fps, density 213, 213.0 x 213.0 dpi, touch NONE, rotation 0, type VIRTUAL, state OFF, owner android (uid 1000), FLAG_OWN_CONTENT_ONLY}
11-02 07:04:03.592    1752-1752/? V/ActivityManager﹕ Display removed displayId=3
11-02 07:04:03.622    5964-5964/? V/WearActivity﹕ starting onCreate
11-02 07:04:03.622    5964-5964/? I/VersionWrapper﹕ Version: beta10x-10-g95567c3 (255)
11-02 07:04:03.622    5964-5964/? V/BatteryWrapper﹕ Hmm, a new context
11-02 07:04:03.632    5964-5964/? V/WearActivity﹕ initAmbientWatcher: starting
11-02 07:04:03.632    5964-5964/? V/WearActivity﹕ initializing tickReceiver
11-02 07:04:03.642    5964-5964/? V/WearActivity﹕ initializing displayListener
11-02 07:04:03.642    5964-5964/? V/WearActivity﹕ initAmbientWatcher: complete
11-02 07:04:03.642    5964-5964/? V/WearActivity﹕ Resume!
11-02 07:04:03.682    5964-5964/? V/MyViewAnim﹕ setup! numViewAnims: 2
11-02 07:04:03.682    5964-5964/? V/MyViewAnim﹕ initializing ClockFace
11-02 07:04:03.682    5964-5964/? V/ClockFace﹕ ClockFace setup!
11-02 07:04:03.682    5964-5964/? V/ClockFace﹕ clearing caches
11-02 07:04:03.682    5964-5964/? V/ClockFace﹕ Moto 360 detected. Flat bottom hack enabled.
11-02 07:04:03.682    5964-5964/? V/MyViewAnim﹕ draw thread desired: true
11-02 07:04:03.682    5964-5964/? V/WearActivity﹕ starting data API receiver
11-02 07:04:03.752    5964-5964/? V/MyViewAnim﹕ Drawing surface created!
11-02 07:04:03.752    5964-5964/? V/MyViewAnim﹕ Drawing surface changed!
11-02 07:04:03.752    5964-5964/? V/ClockFace﹕ clearing caches
11-02 07:04:03.792    6238-6238/? D/WearApiHelper﹕ sendMessage: /SYNC_NEEDED
11-02 07:04:03.802    1752-1778/? I/ActivityManager﹕ Displayed org.dwallach.calwatch/.WearActivity: +226ms
11-02 07:04:03.802    1752-1778/? I/DisplayManagerService﹕ Display device changed: DisplayDeviceInfo{"ActivityViewVirtualDisplay": 320 x 320, 60.0 fps, density 213, 213.0 x 213.0 dpi, touch NONE, rotation 0, type VIRTUAL, state ON, owner android (uid 1000), FLAG_OWN_CONTENT_ONLY}
11-02 07:04:03.822    6238-6238/? D/WearableClient﹕ WearableClientImpl.onPostInitHandler: done
11-02 07:04:03.822    1752-1752/? V/ActivityManager﹕ Display changed displayId=4
11-02 07:04:03.842    6238-6238/? D/WearApiHelper﹕ Not connected waiting connection
11-02 07:04:03.852    5964-5964/? V/WearActivity﹕ display changed: 4, new state: 2
11-02 07:04:03.852    5964-5964/? V/WearActivity﹕ onDisplayChanged: on!
11-02 07:04:03.852    5964-5964/? V/WearActivity﹕ killing alarms
11-02 07:04:03.862    5964-5964/? V/WearActivity﹕ startHelper: putting it all back together again
11-02 07:04:03.862    5964-5964/? V/WearActivity﹕ initAlarm: setting up
11-02 07:04:03.862    6238-6238/? D/WearApiHelper﹕ Finally connected! Sending message: /SYNC_NEEDED
11-02 07:04:03.862    5964-5964/? I/ClockFace﹕ Ambient mode: false
11-02 07:04:03.862    5964-5964/? V/MyViewAnim﹕ resumeMaxHertz
11-02 07:04:03.862    5964-5964/? V/ClockFace﹕ clearing caches
11-02 07:04:03.862    5964-5964/? V/MyViewAnim﹕ starting new animator
11-02 07:04:03.862    5964-5964/? V/MyViewAnim﹕ Time listener is up!
11-02 07:04:03.862    5964-5964/? V/MyViewAnim﹕ starting new draw thread
11-02 07:04:03.872    6238-6238/? D/WearApiHelper﹕ Stack 0
11-02 07:04:03.892   5964-10184/? V/ClockFace﹕ rendering new face, faceMode(0)
11-02 07:04:03.912   5964-10184/? V/ClockFace﹕ fetching new battery status (41297)
11-02 07:04:03.912   5964-10184/? V/ClockFace﹕ battery at 1.0
11-02 07:04:04.533    5964-5967/? D/dalvikvm﹕ GC_CONCURRENT freed 314K, 18% free 2675K/3236K, paused 2ms+5ms, total 44ms
11-02 07:04:08.877    6238-6238/? D/WearApiHelper﹕ Disconnecting
11-02 07:04:09.668   1871-10185/? D/dalvikvm﹕ GC_FOR_ALLOC freed 929K, 16% free 24476K/28972K, paused 61ms, total 66ms
11-02 07:04:09.778   1871-10185/? D/dalvikvm﹕ GC_FOR_ALLOC freed 1830K, 20% free 23396K/28972K, paused 57ms, total 57ms
11-02 07:04:09.778   1871-10185/? I/dalvikvm-heap﹕ Grow heap (frag case) to 23.525MB for 409616-byte allocation
11-02 07:04:09.828    1871-1871/? D/dalvikvm﹕ GC_FOR_ALLOC freed <1K, 19% free 23795K/29376K, paused 51ms, total 51ms
11-02 07:04:09.888   1871-10185/? D/dalvikvm﹕ GC_FOR_ALLOC freed 3K, 19% free 23796K/29376K, paused 47ms, total 47ms
11-02 07:04:09.888   1871-10185/? I/dalvikvm-heap﹕ Grow heap (frag case) to 23.916MB for 409616-byte allocation
11-02 07:04:09.968    1871-1871/? D/dalvikvm﹕ GC_FOR_ALLOC freed <1K, 19% free 24196K/29780K, paused 73ms, total 73ms
11-02 07:04:10.058   1871-10185/? D/dalvikvm﹕ GC_FOR_ALLOC freed 9K, 19% free 24218K/29780K, paused 44ms, total 45ms
11-02 07:04:10.068   1871-10185/? I/dalvikvm-heap﹕ Grow heap (frag case) to 24.328MB for 409616-byte allocation
11-02 07:04:10.158    1871-1871/? D/dalvikvm﹕ GC_FOR_ALLOC freed <1K, 19% free 24618K/30184K, paused 90ms, total 90ms
11-02 07:04:10.358   1871-10185/? D/dalvikvm﹕ GC_FOR_ALLOC freed 28K, 18% free 24940K/30184K, paused 60ms, total 61ms
11-02 07:04:10.358   1871-10185/? I/dalvikvm-heap﹕ Grow heap (frag case) to 25.033MB for 409616-byte allocation
11-02 07:04:10.428    1871-1871/? D/dalvikvm﹕ GC_FOR_ALLOC freed <1K, 18% free 25340K/30588K, paused 77ms, total 77ms
11-02 07:04:10.498   1871-10185/? D/dalvikvm﹕ GC_FOR_ALLOC freed 5K, 18% free 25340K/30588K, paused 49ms, total 49ms
11-02 07:04:10.498   1871-10185/? I/dalvikvm-heap﹕ Grow heap (frag case) to 25.422MB for 409616-byte allocation
11-02 07:04:10.569    1871-1871/? D/dalvikvm﹕ GC_FOR_ALLOC freed <1K, 17% free 25740K/30992K, paused 69ms, total 69ms
11-02 07:04:10.679    1871-1871/? I/Choreographer﹕ Skipped 51 frames!  The application may be doing too much work on its main thread.
11-02 07:04:11.840   1871-10185/? D/dalvikvm﹕ GC_FOR_ALLOC freed 2972K, 23% free 24066K/30992K, paused 57ms, total 57ms
11-02 07:04:12.220    5964-5964/? V/WearActivity﹕ Pause!
11-02 07:04:12.220    1752-1778/? I/DisplayManagerService﹕ Display device changed: DisplayDeviceInfo{"ActivityViewVirtualDisplay": 320 x 320, 60.0 fps, density 213, 213.0 x 213.0 dpi, touch NONE, rotation 0, type VIRTUAL, state OFF, owner android (uid 1000), FLAG_OWN_CONTENT_ONLY}
11-02 07:04:12.220    1752-1752/? V/ActivityManager﹕ Display changed displayId=4
11-02 07:04:12.230    5964-5964/? V/WearActivity﹕ display changed: 4, new state: 1
11-02 07:04:12.240    5964-5964/? I/TimeWrapper﹕ FPS: 41.13863, samples: 342
11-02 07:04:12.240    5964-5964/? I/TimeWrapper﹕ Min/Avg/Max frame render speed (ms): 4.394531 / 6.024633 / 20.050049
11-02 07:04:12.240    5964-5964/? I/TimeWrapper﹕ Waketime: 24.78452%
11-02 07:04:12.240    5964-5964/? I/TimeWrapper﹕ Skipped frames: 1
11-02 07:04:12.240    5964-5964/? V/MyViewAnim﹕ redrawSlow: view:surfaceChanged -> 1
11-02 07:04:12.240    5964-5964/? V/MyViewAnim﹕ redrawSlow: view:surfaceCreated -> 1
11-02 07:04:12.240    5964-5964/? V/MyViewAnim﹕ redrawSlow: startHelper -> 1
11-02 07:04:12.240    5964-5964/? V/WearActivity﹕ onDisplayChanged: off!
11-02 07:04:12.240    5964-5964/? V/WearActivity﹕ stopHelper: shutting things down
11-02 07:04:12.260    1752-1927/? D/ActivityManager﹕ finishAllActivitiesLocked: finishing ActivityRecord{adefbb28 u0 org.dwallach.calwatch/.WearActivity t13} immediately
11-02 07:04:12.280    5964-5964/? V/MyViewAnim﹕ stopping animation!
11-02 07:04:12.280    5964-5964/? V/MyViewAnim﹕ killDrawThread
11-02 07:04:12.280    5964-5964/? V/WearActivity﹕ killing alarms
11-02 07:04:12.280    5964-5964/? I/ClockFace﹕ Ambient mode: false
11-02 07:04:12.280    5964-5964/? V/WearActivity﹕ Stop!
11-02 07:04:12.280    5964-5964/? V/WearActivity﹕ Destroy!
11-02 07:04:12.280    5964-5964/? V/WearActivity﹕ stopHelper: shutting things down
11-02 07:04:12.280    5964-5964/? V/MyViewAnim﹕ stopping animation!
11-02 07:04:12.280    5964-5964/? V/MyViewAnim﹕ killDrawThread
11-02 07:04:12.280    5964-5964/? V/MyViewAnim﹕ no draw thread around to kill ?!
11-02 07:04:12.280    5964-5964/? V/WearActivity﹕ killing alarms
11-02 07:04:12.280    5964-5964/? V/WearActivity﹕ killing ambient watcher
11-02 07:04:12.290   5964-10184/? V/MyViewAnim﹕ looper finished!
11-02 07:04:12.290    5964-5964/? V/MyViewAnim﹕ Drawing surface destroyed!
11-02 07:04:12.350    1752-1927/? I/DisplayManagerService﹕ Display device removed: DisplayDeviceInfo{"ActivityViewVirtualDisplay": 320 x 320, 60.0 fps, density 213, 213.0 x 213.0 dpi, touch NONE, rotation 0, type VIRTUAL, state OFF, owner android (uid 1000), FLAG_OWN_CONTENT_ONLY}
11-02 07:04:12.350    1752-1752/? V/ActivityManager﹕ Display removed displayId=4
11-02 07:04:15.844    1981-1985/? D/dalvikvm﹕ GC_CONCURRENT freed 375K, 24% free 2903K/3772K, paused 7ms+18ms, total 65ms
11-02 07:04:15.984   1871-10186/? D/dalvikvm﹕ GC_FOR_ALLOC freed 698K, 20% free 25041K/30992K, paused 33ms, total 38ms
11-02 07:04:16.144   1871-10186/? D/dalvikvm﹕ GC_FOR_ALLOC freed 1488K, 19% free 25165K/30992K, paused 33ms, total 33ms
11-02 07:04:16.144   1871-10186/? I/dalvikvm-heap﹕ Grow heap (frag case) to 25.251MB for 409616-byte allocation
11-02 07:04:16.174    1871-1871/? D/dalvikvm﹕ GC_FOR_ALLOC freed 1K, 19% free 25563K/31396K, paused 37ms, total 37ms
11-02 07:04:16.214   1871-10186/? D/dalvikvm﹕ GC_FOR_ALLOC freed 3K, 19% free 25564K/31396K, paused 31ms, total 31ms
11-02 07:04:16.214   1871-10186/? I/dalvikvm-heap﹕ Grow heap (frag case) to 25.642MB for 409616-byte allocation
11-02 07:04:16.264    1871-1871/? D/dalvikvm﹕ GC_FOR_ALLOC freed <1K, 19% free 25964K/31800K, paused 45ms, total 45ms
11-02 07:04:16.324   1871-10186/? D/dalvikvm﹕ GC_FOR_ALLOC freed 4K, 19% free 25979K/31800K, paused 34ms, total 34ms
11-02 07:04:16.324   1871-10186/? I/dalvikvm-heap﹕ Grow heap (frag case) to 26.047MB for 409616-byte allocation
11-02 07:04:16.374    1871-1871/? D/dalvikvm﹕ GC_FOR_ALLOC freed <1K, 19% free 26379K/32204K, paused 41ms, total 41ms
11-02 07:04:17.155   1871-10186/? D/dalvikvm﹕ GC_FOR_ALLOC freed 2981K, 17% free 24712K/29596K, paused 34ms, total 35ms
11-02 07:04:17.505    1752-2337/? I/DisplayManagerService﹕ Display device added: DisplayDeviceInfo{"ActivityViewVirtualDisplay": 320 x 320, 60.0 fps, density 213, 213.0 x 213.0 dpi, touch NONE, rotation 0, type VIRTUAL, state OFF, owner android (uid 1000), FLAG_OWN_CONTENT_ONLY}
11-02 07:04:17.515    1752-1752/? V/ActivityManager﹕ Display added displayId=5
11-02 07:04:17.525    1752-1752/? V/ActivityManager﹕ Display changed displayId=5
11-02 07:04:17.565    1752-1929/? I/ActivityManager﹕ START u0 {flg=0x18010000 cmp=org.dwallach.calwatch/.WearActivity (has extras)} from pid 1871 on display 5
11-02 07:04:17.595    5964-5964/? V/WearActivity﹕ starting onCreate
11-02 07:04:17.595    5964-5964/? I/VersionWrapper﹕ Version: beta10x-10-g95567c3 (255)
11-02 07:04:17.595    5964-5964/? V/BatteryWrapper﹕ Hmm, a new context
11-02 07:04:17.605    5964-5964/? V/WearActivity﹕ initAmbientWatcher: starting
11-02 07:04:17.605    5964-5964/? V/WearActivity﹕ initializing tickReceiver
11-02 07:04:17.615    5964-5964/? V/WearActivity﹕ initializing displayListener
11-02 07:04:17.615    5964-5964/? V/WearActivity﹕ initAmbientWatcher: complete
11-02 07:04:17.615    5964-5964/? V/WearActivity﹕ Resume!
11-02 07:04:17.635    5964-5964/? V/MyViewAnim﹕ setup! numViewAnims: 3
11-02 07:04:17.635    5964-5964/? V/MyViewAnim﹕ initializing ClockFace
11-02 07:04:17.635    5964-5964/? V/ClockFace﹕ ClockFace setup!
11-02 07:04:17.635    5964-5964/? V/ClockFace﹕ clearing caches
11-02 07:04:17.645    5964-5964/? V/ClockFace﹕ Moto 360 detected. Flat bottom hack enabled.
11-02 07:04:17.645    5964-5964/? V/MyViewAnim﹕ draw thread desired: true
11-02 07:04:17.645    5964-5964/? V/WearActivity﹕ starting data API receiver
11-02 07:04:17.726    5964-5964/? V/MyViewAnim﹕ Drawing surface created!
11-02 07:04:17.726    5964-5964/? V/MyViewAnim﹕ Drawing surface changed!
11-02 07:04:17.726    5964-5964/? V/ClockFace﹕ clearing caches
11-02 07:04:17.776    1752-1778/? I/ActivityManager﹕ Displayed org.dwallach.calwatch/.WearActivity: +208ms
11-02 07:04:17.776    1752-1778/? I/DisplayManagerService﹕ Display device changed: DisplayDeviceInfo{"ActivityViewVirtualDisplay": 320 x 320, 60.0 fps, density 213, 213.0 x 213.0 dpi, touch NONE, rotation 0, type VIRTUAL, state ON, owner android (uid 1000), FLAG_OWN_CONTENT_ONLY}
11-02 07:04:17.776    1752-1752/? V/ActivityManager﹕ Display changed displayId=5
11-02 07:04:17.796    5964-5964/? V/WearActivity﹕ display changed: 5, new state: 2
11-02 07:04:17.796    5964-5964/? V/WearActivity﹕ onDisplayChanged: on!
11-02 07:04:17.796    5964-5964/? V/WearActivity﹕ killing alarms
11-02 07:04:17.796    5964-5964/? V/WearActivity﹕ startHelper: putting it all back together again
11-02 07:04:17.796    5964-5964/? V/WearActivity﹕ initAlarm: setting up
11-02 07:04:17.806    5964-5964/? I/ClockFace﹕ Ambient mode: false
11-02 07:04:17.806    5964-5964/? V/MyViewAnim﹕ resumeMaxHertz
11-02 07:04:17.806    5964-5964/? V/ClockFace﹕ clearing caches
11-02 07:04:17.806    5964-5964/? V/MyViewAnim﹕ starting new animator
11-02 07:04:17.806    5964-5964/? V/MyViewAnim﹕ Time listener is up!
11-02 07:04:17.806    5964-5964/? V/MyViewAnim﹕ starting new draw thread
11-02 07:04:17.836   5964-10187/? V/ClockFace﹕ rendering new face, faceMode(0)
11-02 07:04:17.876   5964-10187/? V/ClockFace﹕ fetching new battery status (41641)
11-02 07:04:17.876   5964-10187/? V/ClockFace﹕ battery at 1.0
11-02 07:04:22.420    1752-1752/? I/DockObserver﹕ Dock state changed from 0 to 1
11-02 07:04:22.500    5964-5964/? V/WearActivity﹕ Pause!
11-02 07:04:22.500    1752-1752/? I/ActivityManager﹕ START u0 {act=android.intent.action.MAIN cat=[android.intent.category.DESK_DOCK] flg=0x10200000 cmp=com.motorola.targetnotif/com.motorola.loop.ChargeActivity} from pid 1752 on display 0
11-02 07:04:22.540    1419-7680/? D/mot_vr_audio_hw﹕ dsp_recognizer_enabled = false
11-02 07:04:22.540    1411-1411/? D/ADSPD﹕ Client cmd=0x0003, size=4
11-02 07:04:22.540   1419-10172/? D/mot_vr_audio_hw﹕ Switching DSP to standby/passthrough mode
11-02 07:04:22.540   1419-10172/? D/mot_vr_audio_hw﹕ Input 0xb8ebc420 ready to read
11-02 07:04:22.550    1411-1411/? D/ADSPD﹕ Received from DSP: cmd=0x8003, size=2
11-02 07:04:22.560    1411-1411/? D/ADSPD﹕ Client cmd=0x0003, size=4
11-02 07:04:22.560    1419-2018/? D/mot_vr_audio_hw﹕ received recognition control callback, status 0
11-02 07:04:22.570    1411-1411/? D/ADSPD﹕ Received from DSP: cmd=0x8003, size=2
11-02 07:04:22.570    1419-2018/? D/mot_vr_audio_hw﹕ received recognition control callback, status 0
11-02 07:04:22.590   1419-10172/? W/mot_vr_audio_hw﹕ Discarded 10 buffers without finding audio data
11-02 07:04:22.610    1411-1411/? D/ADSPD﹕ Client cmd=0x0003, size=4
11-02 07:04:22.610   1419-10172/? D/mot_vr_audio_hw﹕ Re-arming DSP
11-02 07:04:22.610   1419-10172/? D/mot_vr_audio_hw﹕ Input 0xb8ebc420 standby complete
11-02 07:04:22.620    1411-1411/? D/ADSPD﹕ Received from DSP: cmd=0x8003, size=2
11-02 07:04:22.620    1419-2018/? D/mot_vr_audio_hw﹕ received recognition control callback, status 0
11-02 07:04:22.630    1411-1411/? D/ADSPD﹕ Client cmd=0x4003, size=2
11-02 07:04:22.630    1419-1419/? D/mot_vr_audio_hw﹕ Input 0xb8ebc420 close complete
11-02 07:04:22.640    5964-5964/? V/WearActivity﹕ Stop!
11-02 07:04:22.710    1871-1871/? E/HostWithRpcCallback﹕ Failed to send RPC
    com.google.android.wearable.gmsclient.WearableException: sendRpcAsync failed: Status{statusCode=unknown status code: 4000, resolution=null}
            at com.google.android.wearable.gmsclient.GoogleApiClientHelper.throwIfFailed(GoogleApiClientHelper.java:98)
            at com.google.android.wearable.gmsclient.MessageManager$1$1.getResult(MessageManager.java:81)
            at com.google.android.wearable.gmsclient.MessageManager$1$1.getResult(MessageManager.java:78)
            at com.google.android.clockwork.actions.WearableHostWithRpcCallback$SendRpcCallbackWithId.onSendRpc(WearableHostWithRpcCallback.java:292)
            at com.google.android.wearable.gmsclient.MessageManager$1.onResult(MessageManager.java:78)
            at com.google.android.wearable.gmsclient.MessageManager$1.onResult(MessageManager.java:75)
            at com.google.android.gms.common.api.BaseImplementation$CallbackHandler.deliverResultCallback(Unknown Source)
            at com.google.android.gms.common.api.BaseImplementation$CallbackHandler.handleMessage(Unknown Source)
            at android.os.Handler.dispatchMessage(Handler.java:102)
            at android.os.Looper.loop(Looper.java:136)
            at android.app.ActivityThread.main(ActivityThread.java:5026)
            at java.lang.reflect.Method.invokeNative(Native Method)
            at java.lang.reflect.Method.invoke(Method.java:515)
            at com.android.internal.os.ZygoteInit$MethodAndArgsCaller.run(ZygoteInit.java:777)
            at com.android.internal.os.ZygoteInit.main(ZygoteInit.java:602)
            at dalvik.system.NativeStart.main(Native Method)
11-02 07:04:22.770    5964-5964/? V/MyViewAnim﹕ Drawing surface destroyed!
11-02 07:04:22.790    1752-1782/? D/SensorHAL﹕ adjustSensorHandle: handle = 12 adjustedHandle = 7
11-02 07:04:22.790    1752-1782/? D/SensorHAL﹕ adjustSensorHandle: handle = 12 adjustedHandle = 7
11-02 07:04:22.810    1752-1752/? I/EntropyMixer﹕ Writing entropy...
11-02 07:04:22.820    1969-1969/? I/GCoreUlr﹕ Not starting ULR on wearable device.
11-02 07:04:22.851    1752-1927/? I/ActivityManager﹕ Delay finish: com.google.android.apps.fitness/com.google.android.wearable.fitness.backend.platform.PlatformSyncReceiver
11-02 07:04:22.981    2010-2010/? D/WearableClient﹕ WearableClientImpl.onPostInitHandler: done
11-02 07:04:23.061    2010-2010/? D/WearableClient﹕ WearableClientImpl.onPostInitHandler: done
11-02 07:04:23.091    1900-1904/? D/dalvikvm﹕ GC_CONCURRENT freed 416K, 28% free 2236K/3068K, paused 3ms+2ms, total 161ms
11-02 07:04:23.161    1752-1927/? I/ActivityManager﹕ Resuming delayed broadcast
11-02 07:04:23.301    1752-1778/? I/ActivityManager﹕ Displayed com.motorola.targetnotif/com.motorola.loop.ChargeActivity: +670ms
11-02 07:04:23.581    1752-1782/? D/SensorHAL﹕ adjustSensorHandle: handle = 12 adjustedHandle = 7
11-02 07:04:23.621    6238-6238/? D/WearApiHelper﹕ sendMessage: /SYNC_NEEDED
11-02 07:04:23.641    6238-6238/? D/WearApiHelper﹕ Not connected waiting connection
11-02 07:04:23.661    6238-6238/? D/WearableClient﹕ WearableClientImpl.onPostInitHandler: done
11-02 07:04:23.661    6238-6238/? D/WearApiHelper﹕ Finally connected! Sending message: /SYNC_NEEDED
11-02 07:04:23.671    6238-6238/? D/WearApiHelper﹕ Stack 0
11-02 07:04:27.795    1752-1782/? I/PowerManagerService﹕ Nap time...
11-02 07:04:27.795    1752-1782/? I/PowerManagerService﹕ Going to sleep due to screen timeout...
11-02 07:04:27.795    1752-1782/? I/PowerManagerService﹕ Dozing...
11-02 07:04:27.815    1752-1775/? I/DreamController﹕ Starting dream: name=ComponentInfo{com.google.android.wearable.app/com.google.android.clockwork.home.AmbientMode}, isTest=false, canDoze=true, userId=0
11-02 07:04:27.835    1752-1752/? W/InputMethodManagerService﹕ Ignoring setImeWindowStatus of uid 1000 token: null
11-02 07:04:27.885    1752-1778/? I/DisplayManagerService﹕ Display device changed: DisplayDeviceInfo{"ActivityViewVirtualDisplay": 320 x 320, 60.0 fps, density 213, 213.0 x 213.0 dpi, touch NONE, rotation 0, type VIRTUAL, state OFF, owner android (uid 1000), FLAG_OWN_CONTENT_ONLY}
11-02 07:04:27.915    5964-5964/? V/WearActivity﹕ display changed: 5, new state: 1
11-02 07:04:27.915    5964-5964/? I/TimeWrapper﹕ FPS: 20.131191, samples: 202
11-02 07:04:27.915    5964-5964/? I/TimeWrapper﹕ Min/Avg/Max frame render speed (ms): 4.394531 / 5.39587 / 42.84668
11-02 07:04:27.915    5964-5964/? I/TimeWrapper﹕ Waketime: 10.86253%
11-02 07:04:27.915    5964-5964/? I/TimeWrapper﹕ Skipped frames: 1
11-02 07:04:27.915    5964-5964/? V/MyViewAnim﹕ redrawSlow: view:surfaceChanged -> 1
11-02 07:04:27.915    5964-5964/? V/MyViewAnim﹕ redrawSlow: view:surfaceCreated -> 1
11-02 07:04:27.915    5964-5964/? V/MyViewAnim﹕ redrawSlow: startHelper -> 1
11-02 07:04:27.915    5964-5964/? V/WearActivity﹕ onDisplayChanged: off!
11-02 07:04:27.915    5964-5964/? V/WearActivity﹕ stopHelper: shutting things down
11-02 07:04:27.915    5964-5964/? V/MyViewAnim﹕ stopping animation!
11-02 07:04:27.915    5964-5964/? V/MyViewAnim﹕ killDrawThread
11-02 07:04:27.925    5964-5964/? V/WearActivity﹕ killing alarms
11-02 07:04:27.925   5964-10187/? V/MyViewAnim﹕ looper finished!
11-02 07:04:27.925    1752-1752/? V/ActivityManager﹕ Display changed displayId=5
11-02 07:04:27.955    5964-5964/? I/ClockFace﹕ Ambient mode: false
11-02 07:04:28.046    1752-1762/? I/ActivityManager﹕ START u0 {act=android.intent.action.MAIN cat=[android.intent.category.DESK_DOCK] flg=0x10000000 cmp=com.motorola.targetnotif/com.motorola.loop.ChargeActivity (has extras)} from pid 1871 on display 0
11-02 07:04:28.086    1871-1871/? I/AmbientMode﹕ shouldBatterySaverKickIn, level 100, charging: false
11-02 07:04:28.136    1871-1871/? I/AmbientMode﹕ Ambient mode started: canDoze=true, dozeHardware=null
11-02 07:04:28.276    1752-1778/? I/DisplayManagerService﹕ Display device changed: DisplayDeviceInfo{"Built-in Screen": 320 x 290, 45.000004 fps, density 213, 203.2 x 204.61111 dpi, touch INTERNAL, rotation 0, type BUILT_IN, state DOZING, FLAG_DEFAULT_DISPLAY, FLAG_ROTATES_WITH_CONTENT, FLAG_SECURE, FLAG_SUPPORTS_PROTECTED_BUFFERS}
11-02 07:04:28.276    1752-1752/? V/ActivityManager﹕ Display changed displayId=0
11-02 07:04:28.296    5964-5964/? V/WearActivity﹕ display changed: 0, new state: 3
11-02 07:04:28.296    5964-5964/? V/WearActivity﹕ onDisplayChanged: dozing
11-02 07:04:28.296    5964-5964/? I/ClockFace﹕ Ambient mode: true
11-02 07:04:28.296    5964-5964/? V/ClockFace﹕ clearing caches
11-02 07:04:28.296    5964-5964/? V/MyViewAnim﹕ stopping animation!
11-02 07:04:28.296    5964-5964/? V/MyViewAnim﹕ killDrawThread
11-02 07:04:28.296    5964-5964/? V/MyViewAnim﹕ no draw thread around to kill ?!
11-02 07:04:28.296    5964-5964/? V/MyViewAnim﹕ success getting new surface holder
11-02 07:04:28.296    5964-5964/? V/WearActivity﹕ initAlarm: setting up
11-02 07:04:28.306    1752-1782/? D/MinnowPowerHAL﹕ power_set_interactive: 0
11-02 07:04:28.306    1752-1782/? D/MinnowPowerHAL﹕ sysfs_write: /sys/devices/platform/omapdss/display0/interactivemode 0
11-02 07:04:28.306    1752-1782/? D/MinnowPowerHAL﹕ sysfs_write: /sys/devices/ocp.2/i2c.6/i2c-0/0-004a/interactivemode 0
11-02 07:04:28.316    1752-1782/? D/MinnowPowerHAL﹕ sysfs_write: /sys/class/leds/lcd-backlight/interactive 0
11-02 07:04:28.316    1752-1782/? D/mot_vr_audio_hw﹕ dsp_set_pm_state = off
11-02 07:04:28.316    1411-1411/? D/ADSPD﹕ Client cmd=0x4002, size=2
11-02 07:04:28.316    1411-1411/? D/ADSPD﹕ DSP_CMD_DAEMON_SET_PM_STATE : 0
11-02 07:04:28.336    6238-6269/? D/dalvikvm﹕ GC_FOR_ALLOC freed 320K, 27% free 2211K/3000K, paused 27ms, total 30ms
11-02 07:04:34.313    6238-6238/? D/WearApiHelper﹕ sendMessage: /SYNC_NEEDED
11-02 07:04:34.313    6238-6238/? D/WearApiHelper﹕ Already connected. Sending message: /SYNC_NEEDED
11-02 07:04:34.443    6238-6238/? D/WearApiHelper﹕ Disconnecting
11-02 07:05:01.183    1752-1897/? I/ActivityManager﹕ START u0 {act=android.intent.action.MAIN cat=[android.intent.category.DESK_DOCK] flg=0x10000000 cmp=com.motorola.targetnotif/com.motorola.loop.ChargeActivity (has extras)} from pid 1871 on display 0
11-02 07:05:01.193    5964-5964/? V/WearActivity﹕ display changed: 0, new state: 3
11-02 07:05:01.193    5964-5964/? V/WearActivity﹕ state didn't actually change
11-02 07:05:01.193    1752-1752/? V/ActivityManager﹕ Display changed displayId=0
11-02 07:06:01.333    1752-4340/? I/ActivityManager﹕ START u0 {act=android.intent.action.MAIN cat=[android.intent.category.DESK_DOCK] flg=0x10000000 cmp=com.motorola.targetnotif/com.motorola.loop.ChargeActivity (has extras)} from pid 1871 on display 0
11-02 07:07:01.183    1752-2337/? I/ActivityManager﹕ START u0 {act=android.intent.action.MAIN cat=[android.intent.category.DESK_DOCK] flg=0x10000000 cmp=com.motorola.targetnotif/com.motorola.loop.ChargeActivity (has extras)} from pid 1871 on display 0
11-02 07:08:01.333    1752-1763/? I/ActivityManager﹕ START u0 {act=android.intent.action.MAIN cat=[android.intent.category.DESK_DOCK] flg=0x10000000 cmp=com.motorola.targetnotif/com.motorola.loop.ChargeActivity (has extras)} from pid 1871 on display 0
11-02 07:08:22.805    1752-1754/? D/dalvikvm﹕ GC_CONCURRENT freed 599K, 25% free 4918K/6488K, paused 15ms+8ms, total 77ms
11-02 07:09:01.183    1752-1803/? I/ActivityManager﹕ START u0 {act=android.intent.action.MAIN cat=[android.intent.category.DESK_DOCK] flg=0x10000000 cmp=com.motorola.targetnotif/com.motorola.loop.ChargeActivity (has extras)} from pid 1871 on display 0
11-02 07:09:23.315    1752-1772/? I/ProcessStatsService﹕ Prepared write state in 20ms
11-02 07:09:23.385    1752-1771/? I/ProcessStatsService﹕ Pruning old procstats: /data/system/procstats/state-2014-10-31-06-24-11.bin
11-02 07:10:01.333    1752-4340/? I/ActivityManager﹕ START u0 {act=android.intent.action.MAIN cat=[android.intent.category.DESK_DOCK] flg=0x10000000 cmp=com.motorola.targetnotif/com.motorola.loop.ChargeActivity (has extras)} from pid 1871 on display 0
11-02 07:11:01.193    1752-1762/? I/ActivityManager﹕ START u0 {act=android.intent.action.MAIN cat=[android.intent.category.DESK_DOCK] flg=0x10000000 cmp=com.motorola.targetnotif/com.motorola.loop.ChargeActivity (has extras)} from pid 1871 on display 0
11-02 07:12:01.333    1752-1927/? I/ActivityManager﹕ START u0 {act=android.intent.action.MAIN cat=[android.intent.category.DESK_DOCK] flg=0x10000000 cmp=com.motorola.targetnotif/com.motorola.loop.ChargeActivity (has extras)} from pid 1871 on display 0
11-02 07:13:01.193    1752-1762/? I/ActivityManager﹕ START u0 {act=android.intent.action.MAIN cat=[android.intent.category.DESK_DOCK] flg=0x10000000 cmp=com.motorola.targetnotif/com.motorola.loop.ChargeActivity (has extras)} from pid 1871 on display 0
11-02 07:14:01.183    1752-2972/? I/ActivityManager﹕ START u0 {act=android.intent.action.MAIN cat=[android.intent.category.DESK_DOCK] flg=0x10000000 cmp=com.motorola.targetnotif/com.motorola.loop.ChargeActivity (has extras)} from pid 1871 on display 0
11-02 07:15:01.183    1752-1897/? I/ActivityManager﹕ START u0 {act=android.intent.action.MAIN cat=[android.intent.category.DESK_DOCK] flg=0x10000000 cmp=com.motorola.targetnotif/com.motorola.loop.ChargeActivity (has extras)} from pid 1871 on display 0
11-02 07:15:11.163    1969-1969/? I/Fitness﹕ WearableSyncServiceReceiver.onReceive
11-02 07:15:11.173    1752-1803/? I/ActivityManager﹕ Delay finish: com.google.android.gms/.fitness.wearables.WearableSyncServiceReceiver
11-02 07:15:11.193    1969-1969/? D/WearableClient﹕ WearableClientImpl.onPostInitHandler: done
11-02 07:15:11.203    1752-1762/? I/ActivityManager﹕ Resuming delayed broadcast
11-02 07:15:11.243    1752-1797/? D/ConnectivityService﹕ Sampling interval elapsed, updating statistics ..
11-02 07:15:11.273    1752-1797/? D/ConnectivityService﹕ Done.
11-02 07:15:11.273    1752-1797/? D/ConnectivityService﹕ Setting timer for 720seconds
11-02 07:16:01.333    1752-1929/? I/ActivityManager﹕ START u0 {act=android.intent.action.MAIN cat=[android.intent.category.DESK_DOCK] flg=0x10000000 cmp=com.motorola.targetnotif/com.motorola.loop.ChargeActivity (has extras)} from pid 1871 on display 0
11-02 07:17:01.183    1752-4340/? I/ActivityManager﹕ START u0 {act=android.intent.action.MAIN cat=[android.intent.category.DESK_DOCK] flg=0x10000000 cmp=com.motorola.targetnotif/com.motorola.loop.ChargeActivity (has extras)} from pid 1871 on display 0
11-02 07:18:01.333    1752-1927/? I/ActivityManager﹕ START u0 {act=android.intent.action.MAIN cat=[android.intent.category.DESK_DOCK] flg=0x10000000 cmp=com.motorola.targetnotif/com.motorola.loop.ChargeActivity (has extras)} from pid 1871 on display 0
11-02 07:18:22.805    1752-1754/? D/dalvikvm﹕ GC_CONCURRENT freed 674K, 25% free 4892K/6488K, paused 12ms+7ms, total 69ms
11-02 07:19:01.183    1752-1929/? I/ActivityManager﹕ START u0 {act=android.intent.action.MAIN cat=[android.intent.category.DESK_DOCK] flg=0x10000000 cmp=com.motorola.targetnotif/com.motorola.loop.ChargeActivity (has extras)} from pid 1871 on display 0
11-02 07:20:00.211    1752-1927/? I/ActivityManager﹕ START u0 {act=android.intent.action.MAIN cat=[android.intent.category.DESK_DOCK] flg=0x10000000 cmp=com.motorola.targetnotif/com.motorola.loop.ChargeActivity (has extras)} from pid 1871 on display 0
11-02 07:21:00.110    1752-1762/? I/ActivityManager﹕ START u0 {act=android.intent.action.MAIN cat=[android.intent.category.DESK_DOCK] flg=0x10000000 cmp=com.motorola.targetnotif/com.motorola.loop.ChargeActivity (has extras)} from pid 1871 on display 0
11-02 07:22:00.218    1752-2337/? I/ActivityManager﹕ START u0 {act=android.intent.action.MAIN cat=[android.intent.category.DESK_DOCK] flg=0x10000000 cmp=com.motorola.targetnotif/com.motorola.loop.ChargeActivity (has extras)} from pid 1871 on display 0
11-02 07:23:00.117    1752-1763/? I/ActivityManager﹕ START u0 {act=android.intent.action.MAIN cat=[android.intent.category.DESK_DOCK] flg=0x10000000 cmp=com.motorola.targetnotif/com.motorola.loop.ChargeActivity (has extras)} from pid 1871 on display 0
11-02 07:24:00.217    1752-1897/? I/ActivityManager﹕ START u0 {act=android.intent.action.MAIN cat=[android.intent.category.DESK_DOCK] flg=0x10000000 cmp=com.motorola.targetnotif/com.motorola.loop.ChargeActivity (has extras)} from pid 1871 on display 0
11-02 07:25:01.183    1752-1803/? I/ActivityManager﹕ START u0 {act=android.intent.action.MAIN cat=[android.intent.category.DESK_DOCK] flg=0x10000000 cmp=com.motorola.targetnotif/com.motorola.loop.ChargeActivity (has extras)} from pid 1871 on display 0
11-02 07:26:01.333    1752-2972/? I/ActivityManager﹕ START u0 {act=android.intent.action.MAIN cat=[android.intent.category.DESK_DOCK] flg=0x10000000 cmp=com.motorola.targetnotif/com.motorola.loop.ChargeActivity (has extras)} from pid 1871 on display 0
11-02 07:27:01.183    1752-1929/? I/ActivityManager﹕ START u0 {act=android.intent.action.MAIN cat=[android.intent.category.DESK_DOCK] flg=0x10000000 cmp=com.motorola.targetnotif/com.motorola.loop.ChargeActivity (has extras)} from pid 1871 on display 0
11-02 07:28:01.173    1969-1969/? I/Fitness﹕ WearableSyncServiceReceiver.onReceive
11-02 07:28:01.183    1752-1897/? I/ActivityManager﹕ Delay finish: com.google.android.gms/.fitness.wearables.WearableSyncServiceReceiver
11-02 07:28:01.243    1969-1969/? D/WearableClient﹕ WearableClientImpl.onPostInitHandler: done
11-02 07:28:01.253    1752-1762/? I/ActivityManager﹕ Resuming delayed broadcast
11-02 07:28:01.263    1752-1797/? D/ConnectivityService﹕ Sampling interval elapsed, updating statistics ..
11-02 07:28:01.263    1752-1797/? D/ConnectivityService﹕ Done.
11-02 07:28:01.263    1752-1797/? D/ConnectivityService﹕ Setting timer for 720seconds
11-02 07:28:01.393    1752-1762/? I/ActivityManager﹕ START u0 {act=android.intent.action.MAIN cat=[android.intent.category.DESK_DOCK] flg=0x10000000 cmp=com.motorola.targetnotif/com.motorola.loop.ChargeActivity (has extras)} from pid 1871 on display 0
11-02 07:29:01.183    1752-2337/? I/ActivityManager﹕ START u0 {act=android.intent.action.MAIN cat=[android.intent.category.DESK_DOCK] flg=0x10000000 cmp=com.motorola.targetnotif/com.motorola.loop.ChargeActivity (has extras)} from pid 1871 on display 0
11-02 07:30:01.333    1752-4340/? I/ActivityManager﹕ START u0 {act=android.intent.action.MAIN cat=[android.intent.category.DESK_DOCK] flg=0x10000000 cmp=com.motorola.targetnotif/com.motorola.loop.ChargeActivity (has extras)} from pid 1871 on display 0
11-02 07:31:01.193    1752-2337/? I/ActivityManager﹕ START u0 {act=android.intent.action.MAIN cat=[android.intent.category.DESK_DOCK] flg=0x10000000 cmp=com.motorola.targetnotif/com.motorola.loop.ChargeActivity (has extras)} from pid 1871 on display 0
11-02 07:31:01.343    1752-1754/? D/dalvikvm﹕ GC_CONCURRENT freed 615K, 25% free 4925K/6488K, paused 4ms+8ms, total 162ms
11-02 07:32:01.333    1752-1762/? I/ActivityManager﹕ START u0 {act=android.intent.action.MAIN cat=[android.intent.category.DESK_DOCK] flg=0x10000000 cmp=com.motorola.targetnotif/com.motorola.loop.ChargeActivity (has extras)} from pid 1871 on display 0
11-02 07:33:01.183    1752-2972/? I/ActivityManager﹕ START u0 {act=android.intent.action.MAIN cat=[android.intent.category.DESK_DOCK] flg=0x10000000 cmp=com.motorola.targetnotif/com.motorola.loop.ChargeActivity (has extras)} from pid 1871 on display 0
11-02 07:34:01.333    1752-1762/? I/ActivityManager﹕ START u0 {act=android.intent.action.MAIN cat=[android.intent.category.DESK_DOCK] flg=0x10000000 cmp=com.motorola.targetnotif/com.motorola.loop.ChargeActivity (has extras)} from pid 1871 on display 0
11-02 07:34:01.453    1997-2000/? D/dalvikvm﹕ GC_CONCURRENT freed 729K, 44% free 2329K/4128K, paused 3ms+2ms, total 71ms
11-02 07:35:00.111    1752-2337/? I/ActivityManager﹕ START u0 {act=android.intent.action.MAIN cat=[android.intent.category.DESK_DOCK] flg=0x10000000 cmp=com.motorola.targetnotif/com.motorola.loop.ChargeActivity (has extras)} from pid 1871 on display 0
11-02 07:36:00.200    1752-1897/? I/ActivityManager﹕ START u0 {act=android.intent.action.MAIN cat=[android.intent.category.DESK_DOCK] flg=0x10000000 cmp=com.motorola.targetnotif/com.motorola.loop.ChargeActivity (has extras)} from pid 1871 on display 0
11-02 07:36:26.215    1752-1805/? I/PowerManagerService﹕ Waking up from dozing...
11-02 07:36:26.215    1752-1776/? W/KeyguardServiceDelegate﹕ onScreenTurnedOn(): no keyguard service!
11-02 07:36:26.225    1752-1805/? D/MinnowPowerHAL﹕ power_set_interactive: 1
11-02 07:36:26.225    1752-1805/? D/MinnowPowerHAL﹕ sysfs_write: /sys/devices/platform/omapdss/display0/interactivemode 1
11-02 07:36:26.245    1752-1805/? D/MinnowPowerHAL﹕ sysfs_write: /sys/devices/ocp.2/i2c.6/i2c-0/0-004a/interactivemode 1
11-02 07:36:26.245    1752-1805/? D/MinnowPowerHAL﹕ sysfs_write: /sys/class/leds/lcd-backlight/interactive 1
11-02 07:36:26.245    1752-1805/? D/mot_vr_audio_hw﹕ dsp_set_pm_state = on
11-02 07:36:26.245    1411-1411/? D/ADSPD﹕ Client cmd=0x4002, size=2
11-02 07:36:26.245    1411-1411/? D/ADSPD﹕ DSP_CMD_DAEMON_SET_PM_STATE : 1
11-02 07:36:26.245    1752-1805/? D/PowerManagerService-JNI﹕ Excessive delay in setInteractive(true) while turning screen on: 23ms
11-02 07:36:26.255    1752-1775/? I/DreamController﹕ Stopping dream: name=ComponentInfo{com.google.android.wearable.app/com.google.android.clockwork.home.AmbientMode}, isTest=false, canDoze=true, userId=0
11-02 07:36:26.275    1752-1752/? W/InputMethodManagerService﹕ Ignoring setImeWindowStatus of uid 1000 token: null
11-02 07:36:26.295    1871-1871/? I/AmbientMode﹕ Dream ended: isDozing=true
11-02 07:36:26.315    1752-1752/? I/DockObserver﹕ Dock state changed from 1 to 0
