11-02 06:19:03.193    1752-2337/? I/ActivityManager﹕ START u0 {act=android.intent.action.MAIN cat=[android.intent.category.DESK_DOCK] flg=0x10000000 cmp=com.motorola.targetnotif/com.motorola.loop.ChargeActivity (has extras)} from pid 1871 on display 0
11-02 06:20:03.333    1752-1927/? I/ActivityManager﹕ START u0 {act=android.intent.action.MAIN cat=[android.intent.category.DESK_DOCK] flg=0x10000000 cmp=com.motorola.targetnotif/com.motorola.loop.ChargeActivity (has extras)} from pid 1871 on display 0
11-02 06:21:03.183    1752-1763/? I/ActivityManager﹕ START u0 {act=android.intent.action.MAIN cat=[android.intent.category.DESK_DOCK] flg=0x10000000 cmp=com.motorola.targetnotif/com.motorola.loop.ChargeActivity (has extras)} from pid 1871 on display 0
11-02 06:22:03.333    1752-1927/? I/ActivityManager﹕ START u0 {act=android.intent.action.MAIN cat=[android.intent.category.DESK_DOCK] flg=0x10000000 cmp=com.motorola.targetnotif/com.motorola.loop.ChargeActivity (has extras)} from pid 1871 on display 0
11-02 06:23:03.183    1752-1763/? I/ActivityManager﹕ START u0 {act=android.intent.action.MAIN cat=[android.intent.category.DESK_DOCK] flg=0x10000000 cmp=com.motorola.targetnotif/com.motorola.loop.ChargeActivity (has extras)} from pid 1871 on display 0
11-02 06:24:03.333    1752-1803/? I/ActivityManager﹕ START u0 {act=android.intent.action.MAIN cat=[android.intent.category.DESK_DOCK] flg=0x10000000 cmp=com.motorola.targetnotif/com.motorola.loop.ChargeActivity (has extras)} from pid 1871 on display 0
11-02 06:25:03.213    1752-1897/? I/ActivityManager﹕ START u0 {act=android.intent.action.MAIN cat=[android.intent.category.DESK_DOCK] flg=0x10000000 cmp=com.motorola.targetnotif/com.motorola.loop.ChargeActivity (has extras)} from pid 1871 on display 0
11-02 06:25:03.333    1752-1778/? I/DisplayManagerService﹕ Display device changed: DisplayDeviceInfo{"ActivityViewVirtualDisplay": 320 x 320, 60.0 fps, density 213, 213.0 x 213.0 dpi, touch NONE, rotation 0, type VIRTUAL, state ON, owner android (uid 1000), FLAG_OWN_CONTENT_ONLY}
11-02 06:25:03.333    1752-1752/? V/ActivityManager﹕ Display changed displayId=2
11-02 06:25:03.423    1752-1778/? I/DisplayManagerService﹕ Display device changed: DisplayDeviceInfo{"ActivityViewVirtualDisplay": 320 x 320, 60.0 fps, density 213, 213.0 x 213.0 dpi, touch NONE, rotation 0, type VIRTUAL, state OFF, owner android (uid 1000), FLAG_OWN_CONTENT_ONLY}
11-02 06:25:03.433    1752-1752/? V/ActivityManager﹕ Display changed displayId=2
11-02 06:26:00.116    1752-1929/? I/ActivityManager﹕ Delay finish: com.google.android.gms/.fitness.wearables.WearableSyncServiceReceiver
11-02 06:26:00.146    1752-4340/? I/ActivityManager﹕ Resuming delayed broadcast
11-02 06:26:00.276    1752-4340/? I/ActivityManager﹕ START u0 {act=android.intent.action.MAIN cat=[android.intent.category.DESK_DOCK] flg=0x10000000 cmp=com.motorola.targetnotif/com.motorola.loop.ChargeActivity (has extras)} from pid 1871 on display 0
11-02 06:26:00.386    1752-1778/? I/DisplayManagerService﹕ Display device changed: DisplayDeviceInfo{"ActivityViewVirtualDisplay": 320 x 320, 60.0 fps, density 213, 213.0 x 213.0 dpi, touch NONE, rotation 0, type VIRTUAL, state ON, owner android (uid 1000), FLAG_OWN_CONTENT_ONLY}
11-02 06:26:00.386    1752-1752/? V/ActivityManager﹕ Display changed displayId=2
11-02 06:26:00.526    1752-1778/? I/DisplayManagerService﹕ Display device changed: DisplayDeviceInfo{"ActivityViewVirtualDisplay": 320 x 320, 60.0 fps, density 213, 213.0 x 213.0 dpi, touch NONE, rotation 0, type VIRTUAL, state OFF, owner android (uid 1000), FLAG_OWN_CONTENT_ONLY}
11-02 06:26:00.526    1752-1752/? V/ActivityManager﹕ Display changed displayId=2
11-02 06:27:00.124    1752-1927/? I/ActivityManager﹕ Delay finish: com.google.android.gms/.checkin.EventLogService$Receiver
11-02 06:27:00.344    1752-2337/? I/ActivityManager﹕ Resuming delayed broadcast
11-02 06:27:00.354    1752-1763/? I/ActivityManager﹕ START u0 {act=android.intent.action.MAIN cat=[android.intent.category.DESK_DOCK] flg=0x10000000 cmp=com.motorola.targetnotif/com.motorola.loop.ChargeActivity (has extras)} from pid 1871 on display 0
11-02 06:27:03.267    1752-1797/? D/ConnectivityService﹕ Sampling interval elapsed, updating statistics ..
11-02 06:27:03.287    1752-1797/? D/ConnectivityService﹕ Done.
11-02 06:27:03.287    1752-1797/? D/ConnectivityService﹕ Setting timer for 720seconds
11-02 06:28:00.223    1752-1897/? I/ActivityManager﹕ START u0 {act=android.intent.action.MAIN cat=[android.intent.category.DESK_DOCK] flg=0x10000000 cmp=com.motorola.targetnotif/com.motorola.loop.ChargeActivity (has extras)} from pid 1871 on display 0
11-02 06:29:00.111    1752-1762/? I/ActivityManager﹕ START u0 {act=android.intent.action.MAIN cat=[android.intent.category.DESK_DOCK] flg=0x10000000 cmp=com.motorola.targetnotif/com.motorola.loop.ChargeActivity (has extras)} from pid 1871 on display 0
11-02 06:30:03.353    1752-2972/? I/ActivityManager﹕ START u0 {act=android.intent.action.MAIN cat=[android.intent.category.DESK_DOCK] flg=0x10000000 cmp=com.motorola.targetnotif/com.motorola.loop.ChargeActivity (has extras)} from pid 1871 on display 0
11-02 06:31:03.193    1752-4340/? I/ActivityManager﹕ START u0 {act=android.intent.action.MAIN cat=[android.intent.category.DESK_DOCK] flg=0x10000000 cmp=com.motorola.targetnotif/com.motorola.loop.ChargeActivity (has extras)} from pid 1871 on display 0
11-02 06:32:03.333    1752-1929/? I/ActivityManager﹕ START u0 {act=android.intent.action.MAIN cat=[android.intent.category.DESK_DOCK] flg=0x10000000 cmp=com.motorola.targetnotif/com.motorola.loop.ChargeActivity (has extras)} from pid 1871 on display 0
11-02 06:33:03.183    1752-2337/? I/ActivityManager﹕ START u0 {act=android.intent.action.MAIN cat=[android.intent.category.DESK_DOCK] flg=0x10000000 cmp=com.motorola.targetnotif/com.motorola.loop.ChargeActivity (has extras)} from pid 1871 on display 0
11-02 06:34:03.323    1752-1763/? I/ActivityManager﹕ START u0 {act=android.intent.action.MAIN cat=[android.intent.category.DESK_DOCK] flg=0x10000000 cmp=com.motorola.targetnotif/com.motorola.loop.ChargeActivity (has extras)} from pid 1871 on display 0
11-02 06:35:03.213    1752-1803/? I/ActivityManager﹕ START u0 {act=android.intent.action.MAIN cat=[android.intent.category.DESK_DOCK] flg=0x10000000 cmp=com.motorola.targetnotif/com.motorola.loop.ChargeActivity (has extras)} from pid 1871 on display 0
11-02 06:35:03.323    1752-1778/? I/DisplayManagerService﹕ Display device changed: DisplayDeviceInfo{"ActivityViewVirtualDisplay": 320 x 320, 60.0 fps, density 213, 213.0 x 213.0 dpi, touch NONE, rotation 0, type VIRTUAL, state ON, owner android (uid 1000), FLAG_OWN_CONTENT_ONLY}
11-02 06:35:03.323    1752-1752/? V/ActivityManager﹕ Display changed displayId=2
11-02 06:35:03.423    1752-1778/? I/DisplayManagerService﹕ Display device changed: DisplayDeviceInfo{"ActivityViewVirtualDisplay": 320 x 320, 60.0 fps, density 213, 213.0 x 213.0 dpi, touch NONE, rotation 0, type VIRTUAL, state OFF, owner android (uid 1000), FLAG_OWN_CONTENT_ONLY}
11-02 06:35:03.423    1752-1752/? V/ActivityManager﹕ Display changed displayId=2
11-02 06:36:03.333    1752-2337/? I/ActivityManager﹕ START u0 {act=android.intent.action.MAIN cat=[android.intent.category.DESK_DOCK] flg=0x10000000 cmp=com.motorola.targetnotif/com.motorola.loop.ChargeActivity (has extras)} from pid 1871 on display 0
11-02 06:37:03.183    1752-4340/? I/ActivityManager﹕ START u0 {act=android.intent.action.MAIN cat=[android.intent.category.DESK_DOCK] flg=0x10000000 cmp=com.motorola.targetnotif/com.motorola.loop.ChargeActivity (has extras)} from pid 1871 on display 0
11-02 06:38:03.183    1752-1929/? I/ActivityManager﹕ START u0 {act=android.intent.action.MAIN cat=[android.intent.category.DESK_DOCK] flg=0x10000000 cmp=com.motorola.targetnotif/com.motorola.loop.ChargeActivity (has extras)} from pid 1871 on display 0
11-02 06:39:03.173    1752-1897/? I/ActivityManager﹕ START u0 {act=android.intent.action.MAIN cat=[android.intent.category.DESK_DOCK] flg=0x10000000 cmp=com.motorola.targetnotif/com.motorola.loop.ChargeActivity (has extras)} from pid 1871 on display 0
11-02 06:39:03.313    1752-1927/? I/ActivityManager﹕ Delay finish: com.google.android.gms/.fitness.wearables.WearableSyncServiceReceiver
11-02 06:39:03.373    1752-1763/? I/ActivityManager﹕ Resuming delayed broadcast
11-02 06:39:03.383    1752-1797/? D/ConnectivityService﹕ Sampling interval elapsed, updating statistics ..
11-02 06:39:03.393    1752-1797/? D/ConnectivityService﹕ Done.
11-02 06:39:03.393    1752-1797/? D/ConnectivityService﹕ Setting timer for 720seconds
11-02 06:40:03.333    1752-2972/? I/ActivityManager﹕ START u0 {act=android.intent.action.MAIN cat=[android.intent.category.DESK_DOCK] flg=0x10000000 cmp=com.motorola.targetnotif/com.motorola.loop.ChargeActivity (has extras)} from pid 1871 on display 0
11-02 06:41:03.183    1752-4340/? I/ActivityManager﹕ START u0 {act=android.intent.action.MAIN cat=[android.intent.category.DESK_DOCK] flg=0x10000000 cmp=com.motorola.targetnotif/com.motorola.loop.ChargeActivity (has extras)} from pid 1871 on display 0
11-02 06:42:00.226    1752-1929/? I/ActivityManager﹕ START u0 {act=android.intent.action.MAIN cat=[android.intent.category.DESK_DOCK] flg=0x10000000 cmp=com.motorola.targetnotif/com.motorola.loop.ChargeActivity (has extras)} from pid 1871 on display 0
11-02 06:43:00.114    1752-1929/? I/ActivityManager﹕ START u0 {act=android.intent.action.MAIN cat=[android.intent.category.DESK_DOCK] flg=0x10000000 cmp=com.motorola.targetnotif/com.motorola.loop.ChargeActivity (has extras)} from pid 1871 on display 0
11-02 06:44:00.113    1752-1929/? I/ActivityManager﹕ START u0 {act=android.intent.action.MAIN cat=[android.intent.category.DESK_DOCK] flg=0x10000000 cmp=com.motorola.targetnotif/com.motorola.loop.ChargeActivity (has extras)} from pid 1871 on display 0
11-02 06:45:00.111    1752-1897/? I/ActivityManager﹕ START u0 {act=android.intent.action.MAIN cat=[android.intent.category.DESK_DOCK] flg=0x10000000 cmp=com.motorola.targetnotif/com.motorola.loop.ChargeActivity (has extras)} from pid 1871 on display 0
11-02 06:46:03.353    1752-2337/? I/ActivityManager﹕ START u0 {act=android.intent.action.MAIN cat=[android.intent.category.DESK_DOCK] flg=0x10000000 cmp=com.motorola.targetnotif/com.motorola.loop.ChargeActivity (has extras)} from pid 1871 on display 0
11-02 06:47:03.183    1752-1803/? I/ActivityManager﹕ START u0 {act=android.intent.action.MAIN cat=[android.intent.category.DESK_DOCK] flg=0x10000000 cmp=com.motorola.targetnotif/com.motorola.loop.ChargeActivity (has extras)} from pid 1871 on display 0
11-02 06:48:03.333    1752-2337/? I/ActivityManager﹕ START u0 {act=android.intent.action.MAIN cat=[android.intent.category.DESK_DOCK] flg=0x10000000 cmp=com.motorola.targetnotif/com.motorola.loop.ChargeActivity (has extras)} from pid 1871 on display 0
11-02 06:49:03.193    1752-1803/? I/ActivityManager﹕ START u0 {act=android.intent.action.MAIN cat=[android.intent.category.DESK_DOCK] flg=0x10000000 cmp=com.motorola.targetnotif/com.motorola.loop.ChargeActivity (has extras)} from pid 1871 on display 0
11-02 06:50:03.363    1752-4340/? I/ActivityManager﹕ START u0 {act=android.intent.action.MAIN cat=[android.intent.category.DESK_DOCK] flg=0x10000000 cmp=com.motorola.targetnotif/com.motorola.loop.ChargeActivity (has extras)} from pid 1871 on display 0
11-02 06:51:03.213    1752-2337/? I/ActivityManager﹕ START u0 {act=android.intent.action.MAIN cat=[android.intent.category.DESK_DOCK] flg=0x10000000 cmp=com.motorola.targetnotif/com.motorola.loop.ChargeActivity (has extras)} from pid 1871 on display 0
11-02 06:51:03.333    1752-1778/? I/DisplayManagerService﹕ Display device changed: DisplayDeviceInfo{"ActivityViewVirtualDisplay": 320 x 320, 60.0 fps, density 213, 213.0 x 213.0 dpi, touch NONE, rotation 0, type VIRTUAL, state ON, owner android (uid 1000), FLAG_OWN_CONTENT_ONLY}
11-02 06:51:03.333    1752-1752/? V/ActivityManager﹕ Display changed displayId=2
11-02 06:51:03.433    1752-1778/? I/DisplayManagerService﹕ Display device changed: DisplayDeviceInfo{"ActivityViewVirtualDisplay": 320 x 320, 60.0 fps, density 213, 213.0 x 213.0 dpi, touch NONE, rotation 0, type VIRTUAL, state OFF, owner android (uid 1000), FLAG_OWN_CONTENT_ONLY}
11-02 06:51:03.443    1752-1752/? V/ActivityManager﹕ Display changed displayId=2
    --------- beginning of main
11-02 06:51:03.503    5964-5964/? V/MyViewAnim﹕ killDrawThread
11-02 06:51:03.503    5964-5964/? V/WearActivity﹕ killing alarms
11-02 06:51:03.503   5964-10129/? V/MyViewAnim﹕ looper finished!
11-02 06:51:03.513    1752-1797/? D/ConnectivityService﹕ Sampling interval elapsed, updating statistics ..
11-02 06:51:03.524    5964-5964/? I/ClockFace﹕ Ambient mode: false
11-02 06:51:03.544    1752-1797/? D/ConnectivityService﹕ Done.
11-02 06:51:03.544    1752-1797/? D/ConnectivityService﹕ Setting timer for 720seconds
11-02 06:52:03.263    1969-1969/? I/Fitness﹕ WearableSyncServiceReceiver.onReceive
11-02 06:52:03.273    1752-4340/? I/ActivityManager﹕ Delay finish: com.google.android.gms/.fitness.wearables.WearableSyncServiceReceiver
11-02 06:52:03.313    1969-1969/? D/WearableClient﹕ WearableClientImpl.onPostInitHandler: done
11-02 06:52:03.323    1752-1927/? I/ActivityManager﹕ Resuming delayed broadcast
11-02 06:52:03.473    1752-1763/? I/ActivityManager﹕ START u0 {act=android.intent.action.MAIN cat=[android.intent.category.DESK_DOCK] flg=0x10000000 cmp=com.motorola.targetnotif/com.motorola.loop.ChargeActivity (has extras)} from pid 1871 on display 0
11-02 06:53:03.183    1752-1763/? I/ActivityManager﹕ START u0 {act=android.intent.action.MAIN cat=[android.intent.category.DESK_DOCK] flg=0x10000000 cmp=com.motorola.targetnotif/com.motorola.loop.ChargeActivity (has extras)} from pid 1871 on display 0
11-02 06:54:03.333    1752-1897/? I/ActivityManager﹕ START u0 {act=android.intent.action.MAIN cat=[android.intent.category.DESK_DOCK] flg=0x10000000 cmp=com.motorola.targetnotif/com.motorola.loop.ChargeActivity (has extras)} from pid 1871 on display 0
11-02 06:55:03.183    1752-4340/? I/ActivityManager﹕ START u0 {act=android.intent.action.MAIN cat=[android.intent.category.DESK_DOCK] flg=0x10000000 cmp=com.motorola.targetnotif/com.motorola.loop.ChargeActivity (has extras)} from pid 1871 on display 0
11-02 06:56:03.333    1752-2337/? I/ActivityManager﹕ START u0 {act=android.intent.action.MAIN cat=[android.intent.category.DESK_DOCK] flg=0x10000000 cmp=com.motorola.targetnotif/com.motorola.loop.ChargeActivity (has extras)} from pid 1871 on display 0
11-02 06:57:00.106    1752-1929/? I/ActivityManager﹕ START u0 {act=android.intent.action.MAIN cat=[android.intent.category.DESK_DOCK] flg=0x10000000 cmp=com.motorola.targetnotif/com.motorola.loop.ChargeActivity (has extras)} from pid 1871 on display 0
11-02 06:58:00.224    1752-1762/? I/ActivityManager﹕ START u0 {act=android.intent.action.MAIN cat=[android.intent.category.DESK_DOCK] flg=0x10000000 cmp=com.motorola.targetnotif/com.motorola.loop.ChargeActivity (has extras)} from pid 1871 on display 0
11-02 06:59:00.103    1752-1927/? I/ActivityManager﹕ START u0 {act=android.intent.action.MAIN cat=[android.intent.category.DESK_DOCK] flg=0x10000000 cmp=com.motorola.targetnotif/com.motorola.loop.ChargeActivity (has extras)} from pid 1871 on display 0
11-02 07:00:00.221    1752-1803/? I/ActivityManager﹕ START u0 {act=android.intent.action.MAIN cat=[android.intent.category.DESK_DOCK] flg=0x10000000 cmp=com.motorola.targetnotif/com.motorola.loop.ChargeActivity (has extras)} from pid 1871 on display 0
11-02 07:01:03.193    1752-4340/? I/ActivityManager﹕ START u0 {act=android.intent.action.MAIN cat=[android.intent.category.DESK_DOCK] flg=0x10000000 cmp=com.motorola.targetnotif/com.motorola.loop.ChargeActivity (has extras)} from pid 1871 on display 0
11-02 07:02:03.333    1752-1803/? I/ActivityManager﹕ START u0 {act=android.intent.action.MAIN cat=[android.intent.category.DESK_DOCK] flg=0x10000000 cmp=com.motorola.targetnotif/com.motorola.loop.ChargeActivity (has extras)} from pid 1871 on display 0
11-02 07:03:03.203    1752-2337/? I/ActivityManager﹕ START u0 {act=android.intent.action.MAIN cat=[android.intent.category.DESK_DOCK] flg=0x10000000 cmp=com.motorola.targetnotif/com.motorola.loop.ChargeActivity (has extras)} from pid 1871 on display 0
11-02 07:03:05.035    1752-1805/? I/PowerManagerService﹕ Waking up from dozing...
11-02 07:03:05.035    1752-1776/? W/KeyguardServiceDelegate﹕ onScreenTurnedOn(): no keyguard service!
11-02 07:03:05.055    1752-1805/? D/MinnowPowerHAL﹕ power_set_interactive: 1
11-02 07:03:05.055    1752-1805/? D/MinnowPowerHAL﹕ sysfs_write: /sys/devices/platform/omapdss/display0/interactivemode 1
11-02 07:03:05.065    1752-1805/? D/MinnowPowerHAL﹕ sysfs_write: /sys/devices/ocp.2/i2c.6/i2c-0/0-004a/interactivemode 1
11-02 07:03:05.065    1752-1805/? D/MinnowPowerHAL﹕ sysfs_write: /sys/class/leds/lcd-backlight/interactive 1
11-02 07:03:05.065    1752-1805/? D/mot_vr_audio_hw﹕ dsp_set_pm_state = on
11-02 07:03:05.075    1411-1411/? D/ADSPD﹕ Client cmd=0x4002, size=2
11-02 07:03:05.075    1411-1411/? D/ADSPD﹕ DSP_CMD_DAEMON_SET_PM_STATE : 1
11-02 07:03:05.075    1752-1775/? I/DreamController﹕ Stopping dream: name=ComponentInfo{com.google.android.wearable.app/com.google.android.clockwork.home.AmbientMode}, isTest=false, canDoze=true, userId=0
11-02 07:03:05.175    1752-1752/? I/DockObserver﹕ Dock state changed from 1 to 0
11-02 07:03:05.185    1871-1871/? I/AmbientMode﹕ Dream ended: isDozing=true
11-02 07:03:05.185    1752-1752/? W/InputMethodManagerService﹕ Ignoring setImeWindowStatus of uid 1000 token: null
11-02 07:03:05.185    1752-1797/? D/ConnectivityService﹕ Sampling interval elapsed, updating statistics ..
11-02 07:03:05.235    5964-5964/? V/WearActivity﹕ display changed: 0, new state: 2
11-02 07:03:05.235    5964-5964/? V/WearActivity﹕ onDisplayChanged: on!
11-02 07:03:05.235    5964-5964/? V/WearActivity﹕ killing alarms
11-02 07:03:05.235    5964-5964/? V/WearActivity﹕ startHelper: putting it all back together again
11-02 07:03:05.235    5964-5964/? V/WearActivity﹕ initAlarm: setting up
11-02 07:03:05.235    1752-1778/? I/DisplayManagerService﹕ Display device changed: DisplayDeviceInfo{"Built-in Screen": 320 x 290, 45.000004 fps, density 213, 203.2 x 204.61111 dpi, touch INTERNAL, rotation 0, type BUILT_IN, state ON, FLAG_DEFAULT_DISPLAY, FLAG_ROTATES_WITH_CONTENT, FLAG_SECURE, FLAG_SUPPORTS_PROTECTED_BUFFERS}
11-02 07:03:05.245    5964-5964/? I/ClockFace﹕ Ambient mode: false
11-02 07:03:05.245    5964-5964/? V/MyViewAnim﹕ resumeMaxHertz
11-02 07:03:05.245    5964-5964/? V/ClockFace﹕ clearing caches
11-02 07:03:05.245    5964-5964/? V/MyViewAnim﹕ starting new animator
11-02 07:03:05.245    5964-5964/? V/MyViewAnim﹕ Time listener is up!
11-02 07:03:05.245    5964-5964/? V/MyViewAnim﹕ starting new draw thread
11-02 07:03:05.255    1885-2449/? I/EventLogService﹕ Aggregate from 1414931220147 (log), 1414931220147 (data)
11-02 07:03:05.255    1752-1927/? I/ActivityManager﹕ Delay finish: com.google.android.gms/.checkin.EventLogService$Receiver
11-02 07:03:05.255    1752-1797/? D/ConnectivityService﹕ Done.
11-02 07:03:05.255    1752-1797/? D/ConnectivityService﹕ Setting timer for 720seconds
11-02 07:03:05.265    1411-1411/? D/ADSPD﹕ ACK success!
11-02 07:03:05.325    1752-1778/? I/DisplayManagerService﹕ Display device changed: DisplayDeviceInfo{"ActivityViewVirtualDisplay": 320 x 320, 60.0 fps, density 213, 213.0 x 213.0 dpi, touch NONE, rotation 0, type VIRTUAL, state ON, owner android (uid 1000), FLAG_OWN_CONTENT_ONLY}
11-02 07:03:05.335    5964-5964/? V/WearActivity﹕ display changed: 2, new state: 2
11-02 07:03:05.335    5964-5964/? V/WearActivity﹕ state didn't actually change
11-02 07:03:05.345    1752-1752/? V/ActivityManager﹕ Display changed displayId=0
11-02 07:03:05.345    1752-1752/? V/ActivityManager﹕ Display changed displayId=2
11-02 07:03:05.385    1752-1829/? D/LightsService﹕ Excessive delay setting light: 158ms
11-02 07:03:05.435    1752-1829/? D/LightsService﹕ Excessive delay setting light: 51ms
11-02 07:03:05.495    1752-1829/? D/LightsService﹕ Excessive delay setting light: 57ms
11-02 07:03:05.565    1752-1754/? D/dalvikvm﹕ GC_CONCURRENT freed 709K, 24% free 4939K/6488K, paused 7ms+21ms, total 410ms
11-02 07:03:05.626    1752-1782/? D/SensorHAL﹕ adjustSensorHandle: handle = 12 adjustedHandle = 7
11-02 07:03:05.626    1752-1782/? D/SensorHAL﹕ adjustSensorHandle: handle = 12 adjustedHandle = 7
11-02 07:03:05.736    1752-2972/? D/SensorHAL﹕ adjustSensorHandle: handle = 9 adjustedHandle = 1
11-02 07:03:05.736    1752-2972/? D/SensorHAL﹕ adjustSensorHandle: handle = 9 adjustedHandle = 1
11-02 07:03:05.746    1752-1929/? D/SensorHAL﹕ adjustSensorHandle: handle = 9 adjustedHandle = 1
11-02 07:03:05.966    1885-2449/? I/ServiceDumpSys﹕ dumping service [account]
11-02 07:03:06.016    1752-1762/? I/ActivityManager﹕ Resuming delayed broadcast
11-02 07:03:06.036    5964-5964/? V/WearActivity﹕ display changed: 0, new state: 2
11-02 07:03:06.036    5964-5964/? V/WearActivity﹕ state didn't actually change
11-02 07:03:06.056    1969-1969/? I/GCoreUlr﹕ Not starting ULR on wearable device.
11-02 07:03:06.086    1752-1752/? V/ActivityManager﹕ Display changed displayId=0
11-02 07:03:06.136    2010-2010/? D/WearableClient﹕ WearableClientImpl.onPostInitHandler: done
11-02 07:03:06.156    2010-2010/? D/WearableClient﹕ WearableClientImpl.onPostInitHandler: done
11-02 07:03:06.176    2010-2013/? D/dalvikvm﹕ GC_CONCURRENT freed 410K, 23% free 2250K/2888K, paused 2ms+3ms, total 78ms
11-02 07:03:06.236    1871-1871/? E/ClockworkHome﹕ Tried to exit ambient mode, but enterAmbientMode() was never called.
11-02 07:03:06.236    1419-1804/? D/mot_vr_audio_hw﹕ dsp_recognizer_enabled = true
11-02 07:03:06.236    1411-1411/? D/ADSPD﹕ Client cmd=0x0003, size=4
11-02 07:03:06.236    1419-7680/? D/mot_vr_audio_hw﹕ open_input_stream(): devices = 0x80000004, rate = 8000, channels = 0x10
11-02 07:03:06.236    1419-7680/? D/mot_vr_audio_hw﹕ Created resampler for 16000->8000 Hz
11-02 07:03:06.256    1411-1411/? D/ADSPD﹕ Received from DSP: cmd=0x8003, size=2
11-02 07:03:06.256    1411-1411/? D/ADSPD﹕ Client cmd=0x4003, size=2
11-02 07:03:06.256    1419-2018/? D/mot_vr_audio_hw﹕ received recognition control callback, status 0
11-02 07:03:06.256   1419-10152/? D/mot_vr_audio_hw﹕ in_read waiting for hotword
11-02 07:03:06.316    5964-5964/? V/MyViewAnim﹕ Drawing surface created!
11-02 07:03:06.316    5964-5964/? V/MyViewAnim﹕ Drawing surface changed!
11-02 07:03:06.326   5964-10148/? V/ClockState﹕ clipping 1 raw events to fit the screen
11-02 07:03:06.336   5964-10148/? V/EventLayoutUniform﹕ Event layout success.
11-02 07:03:06.336   5964-10148/? V/EventLayoutUniform﹕ Event layout time: 5.889893 ms
11-02 07:03:06.336   5964-10148/? V/ClockState﹕ maxLevel for new events: 10000
11-02 07:03:06.336   5964-10148/? V/ClockState﹕ number of new events: 1
11-02 07:03:06.336   5964-10148/? V/ClockFace﹕ rendering new face, faceMode(0)
11-02 07:03:06.356    1871-1871/? E/HostWithRpcCallback﹕ Failed to send RPC
    com.google.android.wearable.gmsclient.WearableException: sendRpcAsync failed: Status{statusCode=unknown status code: 4000, resolution=null}
            at com.google.android.wearable.gmsclient.GoogleApiClientHelper.throwIfFailed(GoogleApiClientHelper.java:98)
            at com.google.android.wearable.gmsclient.MessageManager$1$1.getResult(MessageManager.java:81)
            at com.google.android.wearable.gmsclient.MessageManager$1$1.getResult(MessageManager.java:78)
            at com.google.android.clockwork.actions.WearableHostWithRpcCallback$SendRpcCallbackWithId.onSendRpc(WearableHostWithRpcCallback.java:292)
            at com.google.android.wearable.gmsclient.MessageManager$1.onResult(MessageManager.java:78)
            at com.google.android.wearable.gmsclient.MessageManager$1.onResult(MessageManager.java:75)
            at com.google.android.gms.common.api.BaseImplementation$CallbackHandler.deliverResultCallback(Unknown Source)
            at com.google.android.gms.common.api.BaseImplementation$CallbackHandler.handleMessage(Unknown Source)
            at android.os.Handler.dispatchMessage(Handler.java:102)
            at android.os.Looper.loop(Looper.java:136)
            at android.app.ActivityThread.main(ActivityThread.java:5026)
            at java.lang.reflect.Method.invokeNative(Native Method)
            at java.lang.reflect.Method.invoke(Method.java:515)
            at com.android.internal.os.ZygoteInit$MethodAndArgsCaller.run(ZygoteInit.java:777)
            at com.android.internal.os.ZygoteInit.main(ZygoteInit.java:602)
            at dalvik.system.NativeStart.main(Native Method)
11-02 07:03:06.376   5964-10148/? V/ClockFace﹕ fetching new battery status (40022)
11-02 07:03:06.376   5964-10148/? V/ClockFace﹕ battery at 1.0
11-02 07:03:06.396    5964-5964/? V/WearActivity﹕ Resume!
11-02 07:03:06.426    1752-1782/? D/SensorHAL﹕ adjustSensorHandle: handle = 12 adjustedHandle = 7
11-02 07:03:10.630    5964-5964/? V/WearActivity﹕ Pause!
11-02 07:03:10.630    1752-1782/? I/PowerManagerService﹕ Going to sleep due to screen timeout...
11-02 07:03:10.630    1752-1782/? I/PowerManagerService﹕ Dozing...
11-02 07:03:10.660    1752-1775/? I/DreamController﹕ Starting dream: name=ComponentInfo{com.google.android.wearable.app/com.google.android.clockwork.home.AmbientMode}, isTest=false, canDoze=true, userId=0
11-02 07:03:10.670    1419-1528/? D/mot_vr_audio_hw﹕ dsp_recognizer_enabled = false
11-02 07:03:10.670    1411-1411/? D/ADSPD﹕ Client cmd=0x0003, size=4
11-02 07:03:10.680   1419-10152/? D/mot_vr_audio_hw﹕ Switching DSP to standby/passthrough mode
11-02 07:03:10.680   1419-10152/? D/mot_vr_audio_hw﹕ Input 0xb8ebc420 ready to read
11-02 07:03:10.680    5964-5964/? V/WearActivity﹕ Stop!
11-02 07:03:10.680    1752-1752/? W/InputMethodManagerService﹕ Ignoring setImeWindowStatus of uid 1000 token: null
11-02 07:03:10.690    1411-1411/? D/ADSPD﹕ Received from DSP: cmd=0x8003, size=2
11-02 07:03:10.690    1411-1411/? D/ADSPD﹕ Client cmd=0x0003, size=4
11-02 07:03:10.690    1419-2018/? D/mot_vr_audio_hw﹕ received recognition control callback, status 0
11-02 07:03:10.701    1411-1411/? D/ADSPD﹕ Received from DSP: cmd=0x8003, size=2
11-02 07:03:10.701    1419-2018/? D/mot_vr_audio_hw﹕ received recognition control callback, status 0
11-02 07:03:10.741   1419-10152/? W/mot_vr_audio_hw﹕ Discarded 10 buffers without finding audio data
11-02 07:03:10.741    1411-1411/? D/ADSPD﹕ Client cmd=0x0003, size=4
11-02 07:03:10.741   1419-10152/? D/mot_vr_audio_hw﹕ Re-arming DSP
11-02 07:03:10.741   1419-10152/? D/mot_vr_audio_hw﹕ Input 0xb8ebc420 standby complete
11-02 07:03:10.751    1419-1804/? D/mot_vr_audio_hw﹕ Input 0xb8ebc420 close complete
11-02 07:03:10.751    1411-1411/? D/ADSPD﹕ Received from DSP: cmd=0x8003, size=2
11-02 07:03:10.751    1411-1411/? D/ADSPD﹕ Client cmd=0x4003, size=2
11-02 07:03:10.751    1419-2018/? D/mot_vr_audio_hw﹕ received recognition control callback, status 0
11-02 07:03:10.791    1871-1871/? E/HostWithRpcCallback﹕ Failed to send RPC
    com.google.android.wearable.gmsclient.WearableException: sendRpcAsync failed: Status{statusCode=unknown status code: 4000, resolution=null}
            at com.google.android.wearable.gmsclient.GoogleApiClientHelper.throwIfFailed(GoogleApiClientHelper.java:98)
            at com.google.android.wearable.gmsclient.MessageManager$1$1.getResult(MessageManager.java:81)
            at com.google.android.wearable.gmsclient.MessageManager$1$1.getResult(MessageManager.java:78)
            at com.google.android.clockwork.actions.WearableHostWithRpcCallback$SendRpcCallbackWithId.onSendRpc(WearableHostWithRpcCallback.java:292)
            at com.google.android.wearable.gmsclient.MessageManager$1.onResult(MessageManager.java:78)
            at com.google.android.wearable.gmsclient.MessageManager$1.onResult(MessageManager.java:75)
            at com.google.android.gms.common.api.BaseImplementation$CallbackHandler.deliverResultCallback(Unknown Source)
            at com.google.android.gms.common.api.BaseImplementation$CallbackHandler.handleMessage(Unknown Source)
            at android.os.Handler.dispatchMessage(Handler.java:102)
            at android.os.Looper.loop(Looper.java:136)
            at android.app.ActivityThread.main(ActivityThread.java:5026)
            at java.lang.reflect.Method.invokeNative(Native Method)
            at java.lang.reflect.Method.invoke(Method.java:515)
            at com.android.internal.os.ZygoteInit$MethodAndArgsCaller.run(ZygoteInit.java:777)
            at com.android.internal.os.ZygoteInit.main(ZygoteInit.java:602)
            at dalvik.system.NativeStart.main(Native Method)
11-02 07:03:10.851    1752-2337/? I/ActivityManager﹕ START u0 {act=android.intent.action.MAIN cat=[android.intent.category.HOME] flg=0x10000000 cmp=com.google.android.wearable.app/com.google.android.clockwork.home.HomeActivity (has extras)} from pid 1871 on display 0
11-02 07:03:10.861    1752-1775/? I/DreamController﹕ Stopping dream: name=ComponentInfo{com.google.android.wearable.app/com.google.android.clockwork.home.AmbientMode}, isTest=false, canDoze=true, userId=0
11-02 07:03:10.861    1752-1782/? I/PowerManagerService﹕ Sleeping...
11-02 07:03:10.931    1752-1897/? I/ActivityManager﹕ Activity reported stop, but no longer stopping: ActivityRecord{adc9b990 u0 com.google.android.wearable.app/com.google.android.clockwork.home.HomeActivity t1}
11-02 07:03:10.941    1871-1871/? I/AmbientMode﹕ Ambient mode started: canDoze=true, dozeHardware=null
11-02 07:03:10.941    1419-8041/? D/mot_vr_audio_hw﹕ dsp_recognizer_enabled = true
11-02 07:03:10.941    1411-1411/? D/ADSPD﹕ Client cmd=0x0003, size=4
11-02 07:03:10.951    1419-1419/? D/mot_vr_audio_hw﹕ open_input_stream(): devices = 0x80000004, rate = 8000, channels = 0x10
11-02 07:03:10.951    1419-1419/? D/mot_vr_audio_hw﹕ Created resampler for 16000->8000 Hz
11-02 07:03:10.961    1411-1411/? D/ADSPD﹕ Received from DSP: cmd=0x8003, size=2
11-02 07:03:10.961    1411-1411/? D/ADSPD﹕ Client cmd=0x4003, size=2
11-02 07:03:10.961    1419-2018/? D/mot_vr_audio_hw﹕ received recognition control callback, status 0
11-02 07:03:10.961   1419-10154/? D/mot_vr_audio_hw﹕ in_read waiting for hotword
11-02 07:03:10.971    1419-1804/? D/mot_vr_audio_hw﹕ dsp_recognizer_enabled = false
11-02 07:03:10.971    1411-1411/? D/ADSPD﹕ Client cmd=0x0003, size=4
11-02 07:03:10.971   1419-10154/? D/mot_vr_audio_hw﹕ Switching DSP to standby/passthrough mode
11-02 07:03:10.971   1419-10154/? D/mot_vr_audio_hw﹕ Input 0xb8ebc420 ready to read
11-02 07:03:10.981    1411-1411/? D/ADSPD﹕ Received from DSP: cmd=0x8003, size=2
11-02 07:03:10.981    1411-1411/? D/ADSPD﹕ Client cmd=0x0003, size=4
11-02 07:03:10.981    1419-2018/? D/mot_vr_audio_hw﹕ received recognition control callback, status 0
11-02 07:03:10.991    1411-1411/? D/ADSPD﹕ Received from DSP: cmd=0x8003, size=2
11-02 07:03:10.991    1419-2018/? D/mot_vr_audio_hw﹕ received recognition control callback, status 0
11-02 07:03:11.031   1419-10154/? W/mot_vr_audio_hw﹕ Discarded 10 buffers without finding audio data
11-02 07:03:11.031    1411-1411/? D/ADSPD﹕ Client cmd=0x0003, size=4
11-02 07:03:11.031   1419-10154/? D/mot_vr_audio_hw﹕ Re-arming DSP
11-02 07:03:11.031   1419-10154/? D/mot_vr_audio_hw﹕ Input 0xb8ebc420 standby complete
11-02 07:03:11.041    1419-1528/? D/mot_vr_audio_hw﹕ Input 0xb8ebc420 close complete
11-02 07:03:11.041    1411-1411/? D/ADSPD﹕ Received from DSP: cmd=0x8003, size=2
11-02 07:03:11.041    1411-1411/? D/ADSPD﹕ Client cmd=0x4003, size=2
11-02 07:03:11.041    1419-2018/? D/mot_vr_audio_hw﹕ received recognition control callback, status 0
11-02 07:03:11.051    1871-1871/? I/AmbientMode﹕ Dream ended: isDozing=true
11-02 07:03:11.141    1871-1871/? E/HostWithRpcCallback﹕ Failed to send RPC
    com.google.android.wearable.gmsclient.WearableException: sendRpcAsync failed: Status{statusCode=unknown status code: 4000, resolution=null}
            at com.google.android.wearable.gmsclient.GoogleApiClientHelper.throwIfFailed(GoogleApiClientHelper.java:98)
            at com.google.android.wearable.gmsclient.MessageManager$1$1.getResult(MessageManager.java:81)
            at com.google.android.wearable.gmsclient.MessageManager$1$1.getResult(MessageManager.java:78)
            at com.google.android.clockwork.actions.WearableHostWithRpcCallback$SendRpcCallbackWithId.onSendRpc(WearableHostWithRpcCallback.java:292)
            at com.google.android.wearable.gmsclient.MessageManager$1.onResult(MessageManager.java:78)
            at com.google.android.wearable.gmsclient.MessageManager$1.onResult(MessageManager.java:75)
            at com.google.android.gms.common.api.BaseImplementation$CallbackHandler.deliverResultCallback(Unknown Source)
            at com.google.android.gms.common.api.BaseImplementation$CallbackHandler.handleMessage(Unknown Source)
            at android.os.Handler.dispatchMessage(Handler.java:102)
            at android.os.Looper.loop(Looper.java:136)
            at android.app.ActivityThread.main(ActivityThread.java:5026)
            at java.lang.reflect.Method.invokeNative(Native Method)
            at java.lang.reflect.Method.invoke(Method.java:515)
            at com.android.internal.os.ZygoteInit$MethodAndArgsCaller.run(ZygoteInit.java:777)
            at com.android.internal.os.ZygoteInit.main(ZygoteInit.java:602)
            at dalvik.system.NativeStart.main(Native Method)
11-02 07:03:11.141    1871-1871/? E/HostWithRpcCallback﹕ Failed to send RPC
    com.google.android.wearable.gmsclient.WearableException: sendRpcAsync failed: Status{statusCode=unknown status code: 4000, resolution=null}
            at com.google.android.wearable.gmsclient.GoogleApiClientHelper.throwIfFailed(GoogleApiClientHelper.java:98)
            at com.google.android.wearable.gmsclient.MessageManager$1$1.getResult(MessageManager.java:81)
            at com.google.android.wearable.gmsclient.MessageManager$1$1.getResult(MessageManager.java:78)
            at com.google.android.clockwork.actions.WearableHostWithRpcCallback$SendRpcCallbackWithId.onSendRpc(WearableHostWithRpcCallback.java:292)
            at com.google.android.wearable.gmsclient.MessageManager$1.onResult(MessageManager.java:78)
            at com.google.android.wearable.gmsclient.MessageManager$1.onResult(MessageManager.java:75)
            at com.google.android.gms.common.api.BaseImplementation$CallbackHandler.deliverResultCallback(Unknown Source)
            at com.google.android.gms.common.api.BaseImplementation$CallbackHandler.handleMessage(Unknown Source)
            at android.os.Handler.dispatchMessage(Handler.java:102)
            at android.os.Looper.loop(Looper.java:136)
            at android.app.ActivityThread.main(ActivityThread.java:5026)
            at java.lang.reflect.Method.invokeNative(Native Method)
            at java.lang.reflect.Method.invoke(Method.java:515)
            at com.android.internal.os.ZygoteInit$MethodAndArgsCaller.run(ZygoteInit.java:777)
            at com.android.internal.os.ZygoteInit.main(ZygoteInit.java:602)
            at dalvik.system.NativeStart.main(Native Method)
11-02 07:03:11.561    1752-1820/? D/LightsService﹕ Excessive delay setting light: 117ms
11-02 07:03:11.561    1417-1417/? D/SurfaceFlinger﹕ Screen released, type=0 flinger=0xb7fc2448
11-02 07:03:11.701    1417-1417/? D/hwcomposer﹕ hwc_blank(0: 1)
11-02 07:03:11.701    1752-1820/? D/SurfaceControl﹕ Excessive delay in blankDisplay() while turning screen off: 136ms
11-02 07:03:11.722    1752-1778/? I/DisplayManagerService﹕ Display device changed: DisplayDeviceInfo{"Built-in Screen": 320 x 290, 45.000004 fps, density 213, 203.2 x 204.61111 dpi, touch INTERNAL, rotation 0, type BUILT_IN, state OFF, FLAG_DEFAULT_DISPLAY, FLAG_ROTATES_WITH_CONTENT, FLAG_SECURE, FLAG_SUPPORTS_PROTECTED_BUFFERS}
11-02 07:03:11.732    1752-1752/? V/ActivityManager﹕ Display changed displayId=0
11-02 07:03:11.742    5964-5964/? V/WearActivity﹕ display changed: 0, new state: 1
11-02 07:03:11.742    5964-5964/? I/TimeWrapper﹕ FPS: 38.167923, samples: 205
11-02 07:03:11.742    5964-5964/? I/TimeWrapper﹕ Min/Avg/Max frame render speed (ms): 4.455566 / 7.317222 / 49.28589
11-02 07:03:11.742    5964-5964/? I/TimeWrapper﹕ Waketime: 27.928314%
11-02 07:03:11.742    5964-5964/? I/TimeWrapper﹕ Skipped frames: 6
11-02 07:03:11.742    5964-5964/? V/MyViewAnim﹕ redrawSlow: view:surfaceChanged -> 1
11-02 07:03:11.742    5964-5964/? V/MyViewAnim﹕ redrawSlow: resume -> 1
11-02 07:03:11.742    5964-5964/? V/MyViewAnim﹕ redrawSlow: view:surfaceCreated -> 1
11-02 07:03:11.742    5964-5964/? V/MyViewAnim﹕ redrawSlow: display change without state change -> 2
11-02 07:03:11.742    5964-5964/? V/MyViewAnim﹕ redrawSlow: startHelper -> 1
11-02 07:03:11.742    5964-5964/? V/WearActivity﹕ onDisplayChanged: off!
11-02 07:03:11.742    5964-5964/? V/WearActivity﹕ stopHelper: shutting things down
11-02 07:03:11.772    1752-1782/? D/MinnowPowerHAL﹕ power_set_interactive: 0
11-02 07:03:11.772    1752-1782/? D/MinnowPowerHAL﹕ sysfs_write: /sys/devices/platform/omapdss/display0/interactivemode 0
11-02 07:03:11.772    1752-1782/? D/MinnowPowerHAL﹕ sysfs_write: /sys/devices/ocp.2/i2c.6/i2c-0/0-004a/interactivemode 0
11-02 07:03:11.772    1752-1782/? D/MinnowPowerHAL﹕ sysfs_write: /sys/class/leds/lcd-backlight/interactive 0
11-02 07:03:11.772    1752-1782/? D/mot_vr_audio_hw﹕ dsp_set_pm_state = off
11-02 07:03:11.772    1411-1411/? D/ADSPD﹕ Client cmd=0x4002, size=2
11-02 07:03:11.772    1411-1411/? D/ADSPD﹕ DSP_CMD_DAEMON_SET_PM_STATE : 0
11-02 07:03:11.772    5964-5964/? V/MyViewAnim﹕ stopping animation!
11-02 07:03:11.772    5964-5964/? V/MyViewAnim﹕ killDrawThread
11-02 07:03:11.772    5964-5964/? V/WearActivity﹕ killing alarms
11-02 07:03:11.782    5964-5964/? I/ClockFace﹕ Ambient mode: false
11-02 07:03:11.792   5964-10148/? V/MyViewAnim﹕ looper finished!
11-02 07:03:13.566    1752-1786/? I/PowerManagerService﹕ Waking up from sleep...
11-02 07:03:13.566    1752-1776/? W/KeyguardServiceDelegate﹕ onScreenTurnedOn(): no keyguard service!
11-02 07:03:13.576    5964-5964/? V/WearActivity﹕ display changed: 0, new state: 1
11-02 07:03:13.576    5964-5964/? V/WearActivity﹕ state didn't actually change
11-02 07:03:13.656    1752-1786/? D/MinnowPowerHAL﹕ power_set_interactive: 1
11-02 07:03:13.656    1752-1786/? D/MinnowPowerHAL﹕ sysfs_write: /sys/devices/platform/omapdss/display0/interactivemode 1
11-02 07:03:13.696    1752-1786/? D/MinnowPowerHAL﹕ sysfs_write: /sys/devices/ocp.2/i2c.6/i2c-0/0-004a/interactivemode 1
11-02 07:03:13.706    1752-1786/? D/MinnowPowerHAL﹕ sysfs_write: /sys/class/leds/lcd-backlight/interactive 1
11-02 07:03:13.706    1752-1786/? D/mot_vr_audio_hw﹕ dsp_set_pm_state = on
11-02 07:03:13.706    1411-1411/? D/ADSPD﹕ Client cmd=0x4002, size=2
11-02 07:03:13.706    1411-1411/? D/ADSPD﹕ DSP_CMD_DAEMON_SET_PM_STATE : 1
11-02 07:03:13.706    1752-1786/? D/PowerManagerService-JNI﹕ Excessive delay in setInteractive(true) while turning screen on: 49ms
11-02 07:03:13.736    1752-1752/? V/ActivityManager﹕ Display changed displayId=0
11-02 07:03:13.746    5964-5964/? V/WearActivity﹕ Resume!
11-02 07:03:13.746    1752-1752/? W/InputMethodManagerService﹕ Ignoring setImeWindowStatus of uid 1000 token: null
11-02 07:03:13.766    1871-1871/? E/ClockworkHome﹕ Tried to exit ambient mode, but enterAmbientMode() was never called.
11-02 07:03:13.766    6238-6238/? D/WearApiHelper﹕ sendMessage: /SYNC_NEEDED
11-02 07:03:13.766    1419-1419/? D/mot_vr_audio_hw﹕ dsp_recognizer_enabled = true
11-02 07:03:13.776    1419-8041/? D/mot_vr_audio_hw﹕ open_input_stream(): devices = 0x80000004, rate = 8000, channels = 0x10
11-02 07:03:13.776    1419-8041/? D/mot_vr_audio_hw﹕ Created resampler for 16000->8000 Hz
11-02 07:03:13.786   1419-10156/? D/mot_vr_audio_hw﹕ in_read waiting for hotword
11-02 07:03:13.786    6238-6238/? D/WearApiHelper﹕ Not connected waiting connection
11-02 07:03:13.806    6238-6238/? D/WearableClient﹕ WearableClientImpl.onPostInitHandler: done
11-02 07:03:13.806    6238-6238/? D/WearApiHelper﹕ Finally connected! Sending message: /SYNC_NEEDED
11-02 07:03:13.816    6238-6238/? D/WearApiHelper﹕ Stack 0
11-02 07:03:13.816    1871-1871/? E/HostWithRpcCallback﹕ Failed to send RPC
    com.google.android.wearable.gmsclient.WearableException: sendRpcAsync failed: Status{statusCode=unknown status code: 4000, resolution=null}
            at com.google.android.wearable.gmsclient.GoogleApiClientHelper.throwIfFailed(GoogleApiClientHelper.java:98)
            at com.google.android.wearable.gmsclient.MessageManager$1$1.getResult(MessageManager.java:81)
            at com.google.android.wearable.gmsclient.MessageManager$1$1.getResult(MessageManager.java:78)
            at com.google.android.clockwork.actions.WearableHostWithRpcCallback$SendRpcCallbackWithId.onSendRpc(WearableHostWithRpcCallback.java:292)
            at com.google.android.wearable.gmsclient.MessageManager$1.onResult(MessageManager.java:78)
            at com.google.android.wearable.gmsclient.MessageManager$1.onResult(MessageManager.java:75)
            at com.google.android.gms.common.api.BaseImplementation$CallbackHandler.deliverResultCallback(Unknown Source)
            at com.google.android.gms.common.api.BaseImplementation$CallbackHandler.handleMessage(Unknown Source)
            at android.os.Handler.dispatchMessage(Handler.java:102)
            at android.os.Looper.loop(Looper.java:136)
            at android.app.ActivityThread.main(ActivityThread.java:5026)
            at java.lang.reflect.Method.invokeNative(Native Method)
            at java.lang.reflect.Method.invoke(Method.java:515)
            at com.android.internal.os.ZygoteInit$MethodAndArgsCaller.run(ZygoteInit.java:777)
            at com.android.internal.os.ZygoteInit.main(ZygoteInit.java:602)
            at dalvik.system.NativeStart.main(Native Method)
11-02 07:03:13.846    1417-1417/? D/SurfaceFlinger﹕ Screen acquired, type=0 flinger=0xb7fc2448
11-02 07:03:13.846    1417-1417/? D/hwcomposer﹕ hwc_blank(0: 0)
11-02 07:03:13.866    1752-1897/? D/SensorHAL﹕ adjustSensorHandle: handle = 9 adjustedHandle = 1
11-02 07:03:13.866    1752-1897/? D/SensorHAL﹕ adjustSensorHandle: handle = 9 adjustedHandle = 1
11-02 07:03:13.866    1752-1778/? I/DisplayManagerService﹕ Display device changed: DisplayDeviceInfo{"Built-in Screen": 320 x 290, 45.000004 fps, density 213, 203.2 x 204.61111 dpi, touch INTERNAL, rotation 0, type BUILT_IN, state ON, FLAG_DEFAULT_DISPLAY, FLAG_ROTATES_WITH_CONTENT, FLAG_SECURE, FLAG_SUPPORTS_PROTECTED_BUFFERS}
11-02 07:03:13.877    1752-1752/? V/ActivityManager﹕ Display changed displayId=0
11-02 07:03:13.887    5964-5964/? V/WearActivity﹕ display changed: 0, new state: 2
11-02 07:03:13.887    5964-5964/? V/WearActivity﹕ onDisplayChanged: on!
11-02 07:03:13.887    5964-5964/? V/WearActivity﹕ killing alarms
11-02 07:03:13.887    5964-5964/? V/WearActivity﹕ startHelper: putting it all back together again
11-02 07:03:13.887    5964-5964/? V/WearActivity﹕ initAlarm: setting up
11-02 07:03:13.897    1752-1762/? D/SensorHAL﹕ adjustSensorHandle: handle = 9 adjustedHandle = 1
11-02 07:03:13.907    5964-5964/? I/ClockFace﹕ Ambient mode: false
11-02 07:03:13.907    5964-5964/? V/MyViewAnim﹕ resumeMaxHertz
11-02 07:03:13.907    5964-5964/? V/ClockFace﹕ clearing caches
11-02 07:03:13.907    5964-5964/? V/MyViewAnim﹕ starting new animator
11-02 07:03:13.907    5964-5964/? V/MyViewAnim﹕ Time listener is up!
11-02 07:03:13.907    5964-5964/? V/MyViewAnim﹕ starting new draw thread
11-02 07:03:13.937   5964-10158/? V/ClockFace﹕ rendering new face, faceMode(0)
11-02 07:03:13.957   5964-10158/? V/ClockFace﹕ fetching new battery status (40229)
11-02 07:03:13.957   5964-10158/? V/ClockFace﹕ battery at 1.0
11-02 07:03:14.007    1411-1411/? E/ADSPD﹕ Timeout on select()
11-02 07:03:14.007    1411-1411/? E/ADSPD﹕ NO ACK received after loading firmware
11-02 07:03:14.007    1411-1411/? E/ADSPD﹕ Unknown ACK received 0x00
11-02 07:03:14.007    1411-1411/? D/ADSPD﹕ Client cmd=0x0003, size=4
11-02 07:03:14.017    1411-1411/? D/ADSPD﹕ Received from DSP: cmd=0x8003, size=2
11-02 07:03:14.017    1411-1411/? D/ADSPD﹕ Client cmd=0x4003, size=2
11-02 07:03:14.017    1419-2018/? D/mot_vr_audio_hw﹕ received recognition control callback, status 0
11-02 07:03:14.107    6238-6238/? D/WearApiHelper﹕ sendMessage: /SYNC_NEEDED
11-02 07:03:14.107    6238-6238/? D/WearApiHelper﹕ Already connected. Sending message: /SYNC_NEEDED
11-02 07:03:18.661    5964-5964/? V/WearActivity﹕ Pause!
11-02 07:03:18.661    1752-1782/? I/PowerManagerService﹕ Going to sleep due to screen timeout...
11-02 07:03:18.661    1752-1782/? I/PowerManagerService﹕ Dozing...
11-02 07:03:18.661    1752-1775/? I/DreamController﹕ Starting dream: name=ComponentInfo{com.google.android.wearable.app/com.google.android.clockwork.home.AmbientMode}, isTest=false, canDoze=true, userId=0
11-02 07:03:18.671    5964-5964/? V/WearActivity﹕ Stop!
11-02 07:03:18.681    1752-1752/? W/InputMethodManagerService﹕ Ignoring setImeWindowStatus of uid 1000 token: null
11-02 07:03:18.691    1419-1528/? D/mot_vr_audio_hw﹕ dsp_recognizer_enabled = false
11-02 07:03:18.691    1411-1411/? D/ADSPD﹕ Client cmd=0x0003, size=4
11-02 07:03:18.691   1419-10156/? D/mot_vr_audio_hw﹕ Switching DSP to standby/passthrough mode
11-02 07:03:18.691   1419-10156/? D/mot_vr_audio_hw﹕ Input 0xb8ebc420 ready to read
11-02 07:03:18.701    1411-1411/? D/ADSPD﹕ Received from DSP: cmd=0x8003, size=2
11-02 07:03:18.701    1411-1411/? D/ADSPD﹕ Client cmd=0x0003, size=4
11-02 07:03:18.701    1419-2018/? D/mot_vr_audio_hw﹕ received recognition control callback, status 0
11-02 07:03:18.721    1411-1411/? D/ADSPD﹕ Received from DSP: cmd=0x8003, size=2
11-02 07:03:18.721    1419-2018/? D/mot_vr_audio_hw﹕ received recognition control callback, status 0
11-02 07:03:18.741   1419-10156/? W/mot_vr_audio_hw﹕ Discarded 10 buffers without finding audio data
11-02 07:03:18.751    1411-1411/? D/ADSPD﹕ Client cmd=0x0003, size=4
11-02 07:03:18.761   1419-10156/? D/mot_vr_audio_hw﹕ Re-arming DSP
11-02 07:03:18.761   1419-10156/? D/mot_vr_audio_hw﹕ Input 0xb8ebc420 standby complete
11-02 07:03:18.771    1411-1411/? D/ADSPD﹕ Received from DSP: cmd=0x8003, size=2
11-02 07:03:18.771    1419-2018/? D/mot_vr_audio_hw﹕ received recognition control callback, status 0
11-02 07:03:18.771    1411-1411/? D/ADSPD﹕ Client cmd=0x4003, size=2
11-02 07:03:18.771    1419-7680/? D/mot_vr_audio_hw﹕ Input 0xb8ebc420 close complete
11-02 07:03:18.821    6238-6238/? D/WearApiHelper﹕ Disconnecting
11-02 07:03:18.831    1871-1871/? E/HostWithRpcCallback﹕ Failed to send RPC
    com.google.android.wearable.gmsclient.WearableException: sendRpcAsync failed: Status{statusCode=unknown status code: 4000, resolution=null}
            at com.google.android.wearable.gmsclient.GoogleApiClientHelper.throwIfFailed(GoogleApiClientHelper.java:98)
            at com.google.android.wearable.gmsclient.MessageManager$1$1.getResult(MessageManager.java:81)
            at com.google.android.wearable.gmsclient.MessageManager$1$1.getResult(MessageManager.java:78)
            at com.google.android.clockwork.actions.WearableHostWithRpcCallback$SendRpcCallbackWithId.onSendRpc(WearableHostWithRpcCallback.java:292)
            at com.google.android.wearable.gmsclient.MessageManager$1.onResult(MessageManager.java:78)
            at com.google.android.wearable.gmsclient.MessageManager$1.onResult(MessageManager.java:75)
            at com.google.android.gms.common.api.BaseImplementation$CallbackHandler.deliverResultCallback(Unknown Source)
            at com.google.android.gms.common.api.BaseImplementation$CallbackHandler.handleMessage(Unknown Source)
            at android.os.Handler.dispatchMessage(Handler.java:102)
            at android.os.Looper.loop(Looper.java:136)
            at android.app.ActivityThread.main(ActivityThread.java:5026)
            at java.lang.reflect.Method.invokeNative(Native Method)
            at java.lang.reflect.Method.invoke(Method.java:515)
            at com.android.internal.os.ZygoteInit$MethodAndArgsCaller.run(ZygoteInit.java:777)
            at com.android.internal.os.ZygoteInit.main(ZygoteInit.java:602)
            at dalvik.system.NativeStart.main(Native Method)
11-02 07:03:18.881    1752-1763/? I/ActivityManager﹕ START u0 {act=android.intent.action.MAIN cat=[android.intent.category.HOME] flg=0x10000000 cmp=com.google.android.wearable.app/com.google.android.clockwork.home.HomeActivity (has extras)} from pid 1871 on display 0
11-02 07:03:18.891    1752-1752/? V/ActivityManager﹕ Display changed displayId=0
11-02 07:03:18.901    5964-5964/? V/WearActivity﹕ display changed: 0, new state: 2
11-02 07:03:18.901    5964-5964/? V/WearActivity﹕ state didn't actually change
11-02 07:03:18.931    1752-1775/? I/DreamController﹕ Stopping dream: name=ComponentInfo{com.google.android.wearable.app/com.google.android.clockwork.home.AmbientMode}, isTest=false, canDoze=true, userId=0
11-02 07:03:18.931    1752-1782/? I/PowerManagerService﹕ Sleeping...
11-02 07:03:18.971    1752-2337/? I/ActivityManager﹕ Activity reported stop, but no longer stopping: ActivityRecord{adc9b990 u0 com.google.android.wearable.app/com.google.android.clockwork.home.HomeActivity t1}
11-02 07:03:18.981    1871-1871/? I/AmbientMode﹕ Ambient mode started: canDoze=true, dozeHardware=null
11-02 07:03:18.991    1419-1804/? D/mot_vr_audio_hw﹕ dsp_recognizer_enabled = true
11-02 07:03:18.991    1411-1411/? D/ADSPD﹕ Client cmd=0x0003, size=4
11-02 07:03:18.991    1419-2486/? D/mot_vr_audio_hw﹕ open_input_stream(): devices = 0x80000004, rate = 8000, channels = 0x10
11-02 07:03:18.991    1419-2486/? D/mot_vr_audio_hw﹕ Created resampler for 16000->8000 Hz
11-02 07:03:19.002    1411-1411/? D/ADSPD﹕ Received from DSP: cmd=0x8003, size=2
11-02 07:03:19.002    1411-1411/? D/ADSPD﹕ Client cmd=0x4003, size=2
