10-13 07:37:33.318    2774-2774/? D/WearableClient﹕ WearableClientImpl.onPostInitHandler: done
10-13 07:37:33.338    2774-2774/? D/WearableClient﹕ WearableClientImpl.onPostInitHandler: done
10-13 07:37:33.338    2774-2774/? D/WearableClient﹕ WearableClientImpl.onPostInitHandler: done
10-13 07:37:33.348    2774-2774/? D/WearableClient﹕ WearableClientImpl.onPostInitHandler: done
10-13 07:37:33.358    2774-2774/? D/WearableClient﹕ WearableClientImpl.onPostInitHandler: done
10-13 07:37:33.368    2944-2944/? D/WearableClient﹕ WearableClientImpl.onPostInitHandler: done
10-13 07:37:33.378    2141-2141/? D/WearableClient﹕ WearableClientImpl.onPostInitHandler: done
10-13 07:37:33.388    2774-2774/? D/WearableClient﹕ WearableClientImpl.onPostInitHandler: done
10-13 07:37:33.408    7396-7398/? D/dalvikvm﹕ GC_CONCURRENT freed 610K, 28% free 2148K/2960K, paused 9ms+4ms, total 88ms
10-13 07:37:33.408    7396-7406/? D/dalvikvm﹕ WAIT_FOR_CONCURRENT_GC blocked 15ms
10-13 07:37:33.408    7396-7442/? D/dalvikvm﹕ WAIT_FOR_CONCURRENT_GC blocked 17ms
10-13 07:37:33.418    7396-7445/? D/dalvikvm﹕ WAIT_FOR_CONCURRENT_GC blocked 12ms
10-13 07:37:33.418    7396-7444/? D/dalvikvm﹕ WAIT_FOR_CONCURRENT_GC blocked 13ms
10-13 07:37:33.418    7396-7407/? D/dalvikvm﹕ WAIT_FOR_CONCURRENT_GC blocked 14ms
10-13 07:37:33.428    2141-2141/? D/WearableClient﹕ WearableClientImpl.onPostInitHandler: done
10-13 07:37:33.428    2944-2944/? D/WearableClient﹕ WearableClientImpl.onPostInitHandler: done
10-13 07:37:33.438    2944-2944/? D/WearableClient﹕ WearableClientImpl.onPostInitHandler: done
10-13 07:37:33.438    2774-2774/? D/WearableClient﹕ WearableClientImpl.onPostInitHandler: done
10-13 07:37:33.438    2774-2774/? D/WearableClient﹕ WearableClientImpl.onPostInitHandler: done
10-13 07:37:33.458    2944-2944/? D/WearableClient﹕ WearableClientImpl.onPostInitHandler: done
10-13 07:37:33.458    2944-2944/? D/WearableClient﹕ WearableClientImpl.onPostInitHandler: done
10-13 07:37:33.468    2944-2944/? D/WearableClient﹕ WearableClientImpl.onPostInitHandler: done
10-13 07:37:33.488    2048-2048/? D/WearableClient﹕ WearableClientImpl.onPostInitHandler: done
10-13 07:37:33.538    2048-2048/? I/WearableClient﹕ onConnected: null
10-13 07:37:33.609    7396-7442/? D/DataItems﹕ write the asset acls
10-13 07:37:33.609    7396-7442/? D/DataItems﹕ added acl for AppKey[com.google.android.wearable.app,a197f9212f2fed64f0ff9c2a4edf24b9c8801c8c], _S8F4G_jAvRUBfKk1rn54J0JhwU
10-13 07:37:33.609    7396-7442/? D/DataItems﹕ added acl for AppKey[com.google.android.wearable.app,a197f9212f2fed64f0ff9c2a4edf24b9c8801c8c], g6mVtBc07z3O1HUiT3HWvdXCwy0
10-13 07:37:33.609    7396-7442/? D/DataItems﹕ added acl for AppKey[com.google.android.wearable.app,a197f9212f2fed64f0ff9c2a4edf24b9c8801c8c], 7rCAJ1XffceU5E34Nq9Hkf8FEGA
10-13 07:37:33.619    7396-7442/? D/DataItems﹕ added acl for AppKey[com.google.android.wearable.app,a197f9212f2fed64f0ff9c2a4edf24b9c8801c8c], 8I1mWxFULsFJ0vvEgYp5Xv-WmpI
10-13 07:37:33.619    7396-7442/? D/DataItems﹕ added acl for AppKey[com.google.android.wearable.app,a197f9212f2fed64f0ff9c2a4edf24b9c8801c8c], 3nkgcLNV7pxoxA7TevHGZ5eiQ2w
10-13 07:37:33.619    7396-7442/? D/DataItems﹕ added acl for AppKey[com.google.android.wearable.app,a197f9212f2fed64f0ff9c2a4edf24b9c8801c8c], lxBu6-06e0bACkgaahptSlWfTfM
10-13 07:37:33.619    7396-7442/? D/DataItems﹕ added acl for AppKey[com.google.android.wearable.app,a197f9212f2fed64f0ff9c2a4edf24b9c8801c8c], 88Cep2W-rSRCAy8SSml0iy661uE
10-13 07:37:33.619    7396-7442/? D/DataItems﹕ added acl for AppKey[com.google.android.wearable.app,a197f9212f2fed64f0ff9c2a4edf24b9c8801c8c], NHaNxU5R8atkqbthqzjOO_dTCmM
10-13 07:37:33.619    7396-7442/? D/DataItems﹕ added acl for AppKey[com.google.android.wearable.app,a197f9212f2fed64f0ff9c2a4edf24b9c8801c8c], 3sBB8Hh4YRzg2KNVkHwsJPuMDaE
10-13 07:37:33.619    7396-7442/? D/DataItems﹕ added acl for AppKey[com.google.android.wearable.app,a197f9212f2fed64f0ff9c2a4edf24b9c8801c8c], Zi1eLZAkVLBs12DT9wURNLKsaVo
10-13 07:37:33.619    7396-7442/? D/DataItems﹕ added acl for AppKey[com.google.android.wearable.app,a197f9212f2fed64f0ff9c2a4edf24b9c8801c8c], WDmh2ZS8_0DW2hrZhFBJ6CF6ke8
10-13 07:37:33.619    7396-7442/? D/DataItems﹕ added acl for AppKey[com.google.android.wearable.app,a197f9212f2fed64f0ff9c2a4edf24b9c8801c8c], jHsiEDSm1jnAJl01hUqlsTe648Y
10-13 07:37:33.619    7396-7442/? D/DataItems﹕ added acl for AppKey[com.google.android.wearable.app,a197f9212f2fed64f0ff9c2a4edf24b9c8801c8c], Yjifi145lMjSKeGvNtqxFTo0Qeg
10-13 07:37:33.619    7396-7442/? D/DataItems﹕ added acl for AppKey[com.google.android.wearable.app,a197f9212f2fed64f0ff9c2a4edf24b9c8801c8c], 0CqwXrdittnCAf1DaWvhaO6yfZM
10-13 07:37:33.619    7396-7442/? D/DataItems﹕ added acl for AppKey[com.google.android.wearable.app,a197f9212f2fed64f0ff9c2a4edf24b9c8801c8c], d5_dW10Ol-dB1uQxh56Ju-MBtsA
10-13 07:37:33.629    7396-7442/? D/DataItems﹕ added acl for AppKey[com.google.android.wearable.app,a197f9212f2fed64f0ff9c2a4edf24b9c8801c8c], _bN7BTGYozV6Zui1NWYpTRnSd1s
10-13 07:37:33.629    7396-7442/? D/DataItems﹕ added acl for AppKey[com.google.android.wearable.app,a197f9212f2fed64f0ff9c2a4edf24b9c8801c8c], RfLURgP5UnvtJ9djyuCcSBoCA6I
10-13 07:37:33.629    7396-7442/? D/DataItems﹕ added acl for AppKey[com.google.android.wearable.app,a197f9212f2fed64f0ff9c2a4edf24b9c8801c8c], SeJLNDXgA_utpLrRofJper_sE3A
10-13 07:37:33.629    7396-7442/? D/DataItems﹕ added acl for AppKey[com.google.android.wearable.app,a197f9212f2fed64f0ff9c2a4edf24b9c8801c8c], LfKGGOi7fdNIkr_CyvZx20fBF9g
10-13 07:37:33.629    7396-7442/? D/DataItems﹕ added acl for AppKey[com.google.android.wearable.app,a197f9212f2fed64f0ff9c2a4edf24b9c8801c8c], woL3_HxmhYEy7DP_z0DGaOiHsi4
10-13 07:37:33.629    7396-7442/? D/DataItems﹕ added acl for AppKey[com.google.android.wearable.app,a197f9212f2fed64f0ff9c2a4edf24b9c8801c8c], DfrUNQs-oPCCFr5rnKNAbjPJ6BE
10-13 07:37:33.629    7396-7442/? D/DataItems﹕ added acl for AppKey[com.google.android.wearable.app,a197f9212f2fed64f0ff9c2a4edf24b9c8801c8c], b3a70L8oXVwUpBY8nF-mZEFo2Ps
10-13 07:37:33.629    7396-7442/? D/DataItems﹕ added acl for AppKey[com.google.android.wearable.app,a197f9212f2fed64f0ff9c2a4edf24b9c8801c8c], PsnqrtcbGSyupqqtD_BC-_3k7Pw
10-13 07:37:33.629    7396-7442/? D/DataItems﹕ added acl for AppKey[com.google.android.wearable.app,a197f9212f2fed64f0ff9c2a4edf24b9c8801c8c], W2Ctm9YnRdIXsX4lOzD39EDjlfc
10-13 07:37:33.629    7396-7442/? D/DataItems﹕ added acl for AppKey[com.google.android.wearable.app,a197f9212f2fed64f0ff9c2a4edf24b9c8801c8c], bbWBQUOfQ8wjc8eGL5e4nfy1Gjk
10-13 07:37:33.629    7396-7442/? D/DataItems﹕ added acl for AppKey[com.google.android.wearable.app,a197f9212f2fed64f0ff9c2a4edf24b9c8801c8c], ULZU0YwaikQAdewA-DhF_YGEuf0
10-13 07:37:33.629    7396-7442/? D/DataItems﹕ reading dataitemrecords for data
10-13 07:37:33.729    7396-7398/? D/dalvikvm﹕ GC_CONCURRENT freed 388K, 27% free 2177K/2960K, paused 4ms+12ms, total 46ms
10-13 07:37:33.749    7416-7416/? I/ConfigService﹕ onDestroy
10-13 07:37:33.759    7381-7381/? D/GCM﹕ COMPAT: Multi user not supported
10-13 07:37:33.879    7381-7381/? I/GoogleHttpClient﹕ Falling back to old SSLCertificateSocketFactory
10-13 07:37:33.929    7416-7419/? D/dalvikvm﹕ GC_CONCURRENT freed 210K, 16% free 2251K/2664K, paused 1ms+17ms, total 64ms
10-13 07:37:34.139    7381-7381/? I/ConfigFetchService﹕ onStartCommand Intent { act=com.google.android.gms.gcm.SERVICE_ACTION_INITIALIZE cmp=com.google.android.gms/.config.ConfigFetchService }
10-13 07:37:34.139    7381-7381/? I/ConfigFetchService﹕ GmsCore updated; scheduling config fetches
10-13 07:37:34.139    7381-7381/? I/ConfigFetchService﹕ launchTask
10-13 07:37:34.219    7416-7416/? I/ConfigService﹕ onCreate
10-13 07:37:34.229    7416-7416/? I/ConfigService﹕ onBind for Intent { act=com.google.android.gms.config.UPDATE pkg=com.google.android.gms } action com.google.android.gms.config.UPDATE
10-13 07:37:34.269    7416-7416/? I/ConfigService﹕ onBind returning update interface
10-13 07:37:34.309    7416-7416/? I/GLSService﹕ [k] Initializing Auth cron jobs with period 1209600 seconds.
10-13 07:37:34.379    7416-7416/? I/ConfigService﹕ onBind for Intent { act=com.google.android.gms.config.START pkg=com.google.android.gms } action com.google.android.gms.config.START
10-13 07:37:34.379    7416-7416/? I/ConfigService﹕ onBind returning config service
10-13 07:37:34.379    7416-7416/? I/ConfigService﹕ onDestroy
10-13 07:37:34.409    7396-7398/? D/dalvikvm﹕ GC_CONCURRENT freed 389K, 26% free 2211K/2960K, paused 2ms+62ms, total 88ms
10-13 07:37:34.509    7381-7383/? D/dalvikvm﹕ GC_CONCURRENT freed 354K, 21% free 2204K/2760K, paused 12ms+2ms, total 66ms
10-13 07:37:34.700    7416-7416/? D/GCM﹕ GcmService start Intent { act=com.google.android.gms.INITIALIZE flg=0x10 pkg=com.google.android.gms cmp=com.google.android.gms/.gcm.GcmService } com.google.android.gms.INITIALIZE
10-13 07:37:34.720    7381-7381/? I/SubscribedFeeds﹕ Setting ComponentInfo{com.google.android.gms/com.google.android.gms.subscribedfeeds.SyncService} to enum: 2
10-13 07:37:34.750    7416-7416/? D/AuthorizationBluetoothService﹕ Received GmsCore event: Intent { act=com.google.android.gms.INITIALIZE flg=0x10 pkg=com.google.android.gms cmp=com.google.android.gms/.auth.be.proximity.authorization.bt.AuthorizationBluetoothService$AutoStarter }.
10-13 07:37:34.770    7416-7416/? E/AuthorizationBluetoothService﹕ Proximity feature is not enabled.
10-13 07:37:34.870    7416-7416/? D/GCM﹕ GcmService start Intent { act=com.google.android.gms.INITIALIZE flg=0x10 pkg=com.google.android.gms cmp=com.google.android.gms/.gcm.GcmService } com.google.android.gms.INITIALIZE
10-13 07:37:34.880    7416-7416/? D/AuthorizationBluetoothService﹕ Received GmsCore event: Intent { act=com.google.android.gms.INITIALIZE flg=0x10 pkg=com.google.android.gms cmp=com.google.android.gms/.auth.be.proximity.authorization.bt.AuthorizationBluetoothService$AutoStarter }.
10-13 07:37:34.880    7416-7416/? E/AuthorizationBluetoothService﹕ Proximity feature is not enabled.
10-13 07:37:34.960    7416-7416/? D/GCM﹕ GcmService start Intent { act=com.google.android.gms.INITIALIZE flg=0x10 pkg=com.google.android.gms cmp=com.google.android.gms/.gcm.GcmService } com.google.android.gms.INITIALIZE
10-13 07:37:34.970    7416-7416/? D/AuthorizationBluetoothService﹕ Received GmsCore event: Intent { act=com.google.android.gms.INITIALIZE flg=0x10 pkg=com.google.android.gms cmp=com.google.android.gms/.auth.be.proximity.authorization.bt.AuthorizationBluetoothService$AutoStarter }.
10-13 07:37:34.970    7416-7416/? E/AuthorizationBluetoothService﹕ Proximity feature is not enabled.
10-13 07:37:35.170    1748-1773/? D/BluetoothManagerService﹕ Message: 20
10-13 07:37:35.170    1748-1773/? D/BluetoothManagerService﹕ Added callback: android.bluetooth.IBluetoothManagerCallback$Stub$Proxy@add6ed80:true
10-13 07:37:35.220    7396-7398/? D/dalvikvm﹕ GC_CONCURRENT freed 366K, 23% free 2282K/2960K, paused 10ms+7ms, total 70ms
10-13 07:37:35.250    1748-2330/? D/BluetoothManagerService﹕ checkIfCallerIsForegroundUser: valid=true callingUser=0 foregroundUser=0
10-13 07:37:35.250    7396-7462/? W/BluetoothAdapter﹕ getBluetoothService() called with no BluetoothManagerCallback
10-13 07:37:35.250    2030-2045/? E/BluetoothServiceJni﹕ SOCK FLAG = 3 ***********************
10-13 07:37:35.270    2030-2063/? I/BluetoothAdapterProperties﹕ adapterPropertyChangedCallback with type:9 len:4
10-13 07:37:35.270    2030-2063/? D/BluetoothAdapterProperties﹕ Discoverable Timeout:0
10-13 07:37:35.270    2030-2063/? I/BluetoothAdapterProperties﹕ adapterPropertyChangedCallback with type:7 len:4
10-13 07:37:35.270    2030-2063/? D/BluetoothAdapterProperties﹕ Scan Mode:21
10-13 07:37:35.270    7396-7462/? D/WearableBluetooth﹕ set scan mode to 21 (enabled)
10-13 07:37:35.440    7396-7398/? D/dalvikvm﹕ GC_CONCURRENT freed 371K, 22% free 2325K/2960K, paused 2ms+9ms, total 35ms
10-13 07:37:35.630    7396-7398/? D/dalvikvm﹕ GC_CONCURRENT freed 370K, 21% free 2363K/2960K, paused 3ms+6ms, total 29ms
10-13 07:37:35.681    7396-7442/? D/DataItems﹕ write the assets table
10-13 07:37:35.691    7396-7442/? D/DataItems﹕ drop old tables
10-13 07:37:35.971    7396-7398/? D/dalvikvm﹕ GC_CONCURRENT freed 629K, 29% free 2120K/2960K, paused 2ms+9ms, total 40ms
10-13 07:37:36.361    7396-7449/? D/dalvikvm﹕ GC_FOR_ALLOC freed 230K, 28% free 2153K/2960K, paused 18ms, total 19ms
10-13 07:37:36.802    7396-7449/? D/dalvikvm﹕ GC_FOR_ALLOC freed 292K, 27% free 2165K/2960K, paused 16ms, total 16ms
10-13 07:37:37.182    7381-7451/? I/ConfigFetchService﹕ connected = false
10-13 07:37:37.182    7381-7451/? I/ConfigFetchService﹕ self-hosted config:fetch_interval = 43200
10-13 07:37:37.252    7416-7419/? D/dalvikvm﹕ GC_CONCURRENT freed 226K, 16% free 2419K/2848K, paused 3ms+2ms, total 35ms
10-13 07:37:37.823    7465-7465/? I/ADSPD﹕ DSP daemon started (version 960f73f)
10-13 07:37:37.943    7465-7465/? E/ADSPD﹕ Timeout on select()
10-13 07:37:37.943    7465-7465/? E/ADSPD﹕ NO ACK received after loading firmware
10-13 07:37:37.943    7465-7465/? E/ADSPD﹕ Failed to initialize DSP
10-13 07:37:41.746    2030-2067/? W/bt-l2cap﹕ l2cu_get_conn_role 1
10-13 07:37:41.766    2030-2067/? W/bt-btif﹕ info:x10
10-13 07:37:41.766    2030-2063/? D/﹕ remote version info [bc:f5:ac:4c:56:a1]: 6, f, 6109
10-13 07:37:41.887    2217-2218/? D/dalvikvm﹕ GC_CONCURRENT freed 384K, 57% free 2039K/4712K, paused 4ms+14ms, total 29ms
10-13 07:37:42.988    7466-7466/? I/ADSPD﹕ DSP daemon started (version 960f73f)
10-13 07:37:43.098    7466-7466/? E/ADSPD﹕ Timeout on select()
10-13 07:37:43.098    7466-7466/? E/ADSPD﹕ NO ACK received after loading firmware
10-13 07:37:43.098    7466-7466/? E/ADSPD﹕ Failed to initialize DSP
10-13 07:37:43.929    2030-2067/? W/bt-btif﹕ new conn_srvc id:26, app_id:255
10-13 07:37:43.929    2030-2067/? W/bt-btif﹕ bta_dm_pm_ssr conn_srvc id:26, app_id:255
10-13 07:37:43.929    2030-2067/? W/bt-btif﹕ bta_dm_pm_ssr:2, lat:1200
10-13 07:37:43.939    2030-2067/? E/bt-btif﹕ bta_jv_rfcomm_stop_server
10-13 07:37:43.949    2030-2063/? I/BluetoothAdapterProperties﹕ adapterPropertyChangedCallback with type:9 len:4
10-13 07:37:43.949    2030-2063/? D/BluetoothAdapterProperties﹕ Discoverable Timeout:0
10-13 07:37:43.949    2030-2063/? I/BluetoothAdapterProperties﹕ adapterPropertyChangedCallback with type:7 len:4
10-13 07:37:43.949    2030-2063/? D/BluetoothAdapterProperties﹕ Scan Mode:20
10-13 07:37:43.949    7396-7462/? D/WearableBluetooth﹕ set scan mode to 20 (disabled)
10-13 07:37:44.009    7396-7462/? D/wearable﹕ Peer handshake connect succeeded, peer version: 1
10-13 07:37:44.219    2774-2774/? D/WearableClient﹕ WearableClientImpl.onPostInitHandler: done
10-13 07:37:44.219    7396-7398/? D/dalvikvm﹕ GC_CONCURRENT freed 396K, 26% free 2206K/2956K, paused 6ms+29ms, total 76ms
10-13 07:37:44.339    2944-2944/? D/WearableClient﹕ WearableClientImpl.onPostInitHandler: done
10-13 07:37:44.379    7472-7472/? I/MultiDex﹕ VM with version 1.6.0 does not have multidex support
10-13 07:37:44.379    7472-7472/? I/MultiDex﹕ install
10-13 07:37:44.389    7396-7468/? V/wearable﹕ ensureBuffersHaveSpace: increasing size from 46 to 222
10-13 07:37:44.389    7472-7472/? I/MultiDex﹕ MultiDexExtractor.load(/data/app/com.google.android.gms-1.apk, false)
10-13 07:37:44.399    2048-2111/? D/ClockworkProxy﹕ onPeerConnected
10-13 07:37:44.409    2048-2095/? D/ClockworkProxy﹕ Tearing down native proxy service...
10-13 07:37:44.419    5637-5649/? V/WearReceiverService﹕ phone is connected!, e12e6647-0917-4594-a0b8-f42d78390f6d
10-13 07:37:44.419    5637-5649/? V/WearReceiverService﹕ pinging phone for data
10-13 07:37:44.419    5637-5649/? E/WearReceiverService﹕ pingPhone: No GoogleAPI?!
10-13 07:37:44.489    7381-7450/? E/ConfigFetchTask﹕ failed to connect to config service
10-13 07:37:44.489    7381-7450/? E/ConfigFetchTask﹕ failed to build request; aborting config fetch
10-13 07:37:44.499    2932-7486/? D/PhoneListenerService﹕ onPeerConnected
10-13 07:37:44.499    7472-7472/? I/MultiDex﹕ loading existing secondary dex files
10-13 07:37:44.509    7472-7472/? I/MultiDex﹕ load found 1 secondary dex files
10-13 07:37:44.509    7472-7472/? I/MultiDex﹕ install done
10-13 07:37:44.519    7381-7381/? I/ConfigFetchService﹕ fetch service done; releasing wakelock
10-13 07:37:44.539    7381-7381/? I/ConfigFetchService﹕ stopping self
10-13 07:37:44.599    2048-2048/? I/Clockwork.Settings﹕ data item timezone: America/Chicago
10-13 07:37:44.599    2048-2048/? D/Clockwork.Settings﹕ got new locale en_US
10-13 07:37:44.679    2048-2095/? D/ClockworkProxy﹕ Clockwork proxy TCP relaying thread stopped
10-13 07:37:44.679    2048-2095/? D/ClockworkProxy﹕ Stop UDP relaying thread
10-13 07:37:44.679    2048-2095/? D/ClockworkProxy﹕ Clockwork proxy UDP relaying thread stopped
10-13 07:37:44.679    2048-2095/? D/SocketHack﹕ Expected implementation of Socket, SockImpl and FileDescriptor
10-13 07:37:44.699    1748-1750/? D/dalvikvm﹕ GC_CONCURRENT freed 621K, 30% free 4795K/6844K, paused 69ms+17ms, total 294ms
10-13 07:37:44.699    1748-1790/? D/dalvikvm﹕ WAIT_FOR_CONCURRENT_GC blocked 131ms
10-13 07:37:44.699    1748-1795/? D/dalvikvm﹕ WAIT_FOR_CONCURRENT_GC blocked 132ms
10-13 07:37:44.699    1748-1758/? D/dalvikvm﹕ WAIT_FOR_CONCURRENT_GC blocked 131ms
10-13 07:37:44.699    1748-1759/? D/dalvikvm﹕ WAIT_FOR_CONCURRENT_GC blocked 125ms
10-13 07:37:44.699    1748-1789/? D/dalvikvm﹕ WAIT_FOR_CONCURRENT_GC blocked 37ms
10-13 07:37:44.829    7472-7472/? I/ProviderInstaller﹕ Insert disabled by gate 'gms:security:enable_conscrypt_in_gms_application'
10-13 07:37:44.839    1748-1782/? I/InputReader﹕ Reconfiguring input devices.  changes=0x00000010
10-13 07:37:44.849    7396-7467/? V/wearable﹕ ensureBuffersHaveSpace: increasing size from 47 to 234
10-13 07:37:44.910    7416-7416/? D/GCM﹕ GcmService start Intent { act=com.google.android.gms.INITIALIZE flg=0x10 pkg=com.google.android.gms cmp=com.google.android.gms/.gcm.GcmService } com.google.android.gms.INITIALIZE
10-13 07:37:44.960    7396-7468/? V/wearable﹕ ensureBuffersHaveSpace: increasing size from 222 to 355
10-13 07:37:44.960    7416-7416/? D/AuthorizationBluetoothService﹕ Received GmsCore event: Intent { act=com.google.android.gms.INITIALIZE flg=0x10 pkg=com.google.android.gms cmp=com.google.android.gms/.auth.be.proximity.authorization.bt.AuthorizationBluetoothService$AutoStarter }.
10-13 07:37:44.960    7416-7416/? E/AuthorizationBluetoothService﹕ Proximity feature is not enabled.
10-13 07:37:44.970    7472-7513/? D/LocationWearablesListenerService﹕ onPeerConnected
10-13 07:37:45.010    2048-2111/? I/Clockwork.Settings﹕ time sync timezone: America/Chicago
10-13 07:37:45.020    1748-2329/? D/﹕ Setting time of day to sec=1413203865
10-13 07:37:45.932    1947-7518/? I/Clockwork.TimeService﹕ set timezone to America/Chicago
10-13 07:37:45.932    1748-2012/? D/AlarmManagerService﹕ Kernel timezone updated to 300 minutes west of GMT
10-13 07:37:45.982    2048-2111/? I/Clockwork.Settings﹕ time sync timezone: America/Chicago
10-13 07:37:46.002    1748-1759/? D/﹕ Setting time of day to sec=1413203866
10-13 07:37:46.025    1947-7524/? I/Clockwork.TimeService﹕ set timezone to America/Chicago
10-13 07:37:46.025    1748-2318/? D/AlarmManagerService﹕ Kernel timezone updated to 300 minutes west of GMT
10-13 07:37:46.225    7381-7535/? I/CheckinService﹕ Disabling old GoogleServicesFramework version
10-13 07:37:46.245    7381-7383/? D/dalvikvm﹕ GC_CONCURRENT freed 499K, 25% free 2125K/2828K, paused 3ms+15ms, total 62ms
10-13 07:37:46.585    7381-7540/? I/CheckinService﹕ active receiver: disabled
10-13 07:37:46.655    1420-2309/? I/clockwork_proxy_native﹕ Starting UDP server at port 8282
10-13 07:37:46.655    1420-2309/? I/clockwork_proxy_native﹕ UDP server started
10-13 07:37:46.655    2048-2095/? D/ClockworkProxy﹕ Native proxy service setup completed.
10-13 07:37:46.655    2048-2095/? D/ClockworkProxy﹕ Start clockwork proxy TCP serving thread
10-13 07:37:46.665    2048-2095/? D/ClockworkProxy﹕ Start UDP relaying thread
10-13 07:37:46.665    2048-7570/? D/ClockworkProxyUdp﹕ Udp relaying thread started
10-13 07:37:46.675    1748-1767/? W/Searchables﹕ No global search activity found
10-13 07:37:46.705    7381-7567/? I/CheckinService﹕ active receiver: disabled
10-13 07:37:46.795    7416-7416/? D/GCM﹕ GcmService start Intent { act=com.google.android.checkin.CHECKIN_COMPLETE flg=0x10 cmp=com.google.android.gms/.gcm.GcmService (has extras) } com.google.android.checkin.CHECKIN_COMPLETE
10-13 07:37:46.895    7396-7398/? D/dalvikvm﹕ GC_CONCURRENT freed 389K, 26% free 2212K/2956K, paused 3ms+19ms, total 42ms
10-13 07:37:48.036    2030-2067/? W/bt-btif﹕ dm_pm_timer expires
10-13 07:37:48.036    2030-2067/? W/bt-btif﹕ dm_pm_timer expires 0
10-13 07:37:48.036    2030-2067/? W/bt-btif﹕ proc dm_pm_timer expires
10-13 07:37:48.477    1748-1773/? D/Tethering﹕ MasterInitialState.processMessage what=3
10-13 07:37:48.477    1748-1913/? D/CaptivePortalTracker﹕ NoActiveNetworkState{ when=-1ms what=1 obj=NetworkInfo: type: PROXY[], state: CONNECTED/CONNECTED, reason: enabled, extra: (none), roaming: false, failover: false, isAvailable: true, isConnectedToProvisioningNetwork: false target=com.android.internal.util.StateMachine$SmHandler }
10-13 07:37:48.477    1748-1913/? D/CaptivePortalTracker﹕ NoActiveNetworkState not a wifi connectivity change, ignore
10-13 07:37:48.557    7381-7573/? D/dalvikvm﹕ GC_FOR_ALLOC freed 106K, 25% free 2128K/2828K, paused 11ms, total 16ms
10-13 07:37:48.607    7416-7416/? D/GCM﹕ GcmService start Intent { act=android.net.conn.CONNECTIVITY_CHANGE flg=0x4000010 cmp=com.google.android.gms/.gcm.GcmService (has extras) } android.net.conn.CONNECTIVITY_CHANGE
10-13 07:37:48.657    7576-7576/? I/ADSPD﹕ DSP daemon started (version 960f73f)
10-13 07:37:48.667    2030-2062/? D/btif_config_util﹕ btif_config_save_file(L153): in file name:/data/misc/bluedroid/bt_config.new
10-13 07:37:48.677    1748-1773/? D/Tethering﹕ MasterInitialState.processMessage what=3
10-13 07:37:48.677    1748-1913/? D/CaptivePortalTracker﹕ NoActiveNetworkState{ when=-2ms what=1 obj=NetworkInfo: type: PROXY[], state: CONNECTED/CONNECTED, reason: enabled, extra: (none), roaming: false, failover: false, isAvailable: true, isConnectedToProvisioningNetwork: false target=com.android.internal.util.StateMachine$SmHandler }
10-13 07:37:48.677    1748-1913/? D/CaptivePortalTracker﹕ NoActiveNetworkState not a wifi connectivity change, ignore
10-13 07:37:48.777    7576-7576/? E/ADSPD﹕ Timeout on select()
10-13 07:37:48.777    7576-7576/? E/ADSPD﹕ NO ACK received after loading firmware
10-13 07:37:48.777    7576-7576/? E/ADSPD﹕ Failed to initialize DSP
10-13 07:37:48.777    7416-7416/? I/GoogleHttpClient﹕ Falling back to old SSLCertificateSocketFactory
10-13 07:37:48.797    7416-7416/? I/GCM﹕ GCM config loaded
10-13 07:37:48.827    7416-7416/? D/GCM﹕ GcmService start Intent { act=android.net.conn.CONNECTIVITY_CHANGE flg=0x4000010 cmp=com.google.android.gms/.gcm.GcmService (has extras) } android.net.conn.CONNECTIVITY_CHANGE
10-13 07:37:49.007    7416-7419/? D/dalvikvm﹕ GC_CONCURRENT freed 335K, 18% free 2486K/3024K, paused 3ms+8ms, total 36ms
10-13 07:37:49.047    7396-7467/? V/wearable﹕ ensureBuffersHaveSpace: increasing size from 234 to 351
10-13 07:37:50.689    7396-7468/? V/wearable﹕ ensureBuffersHaveSpace: increasing size from 355 to 576
10-13 07:37:50.699    2048-7569/? D/ClockworkProxy﹕ TCP connection requested by uid=10010
10-13 07:37:50.699    2048-7569/? D/ClockworkProxy﹕ doAccept: Create socket stream 4 for TCP connection from /192.168.167.239:52321 to /74.125.227.201:443
10-13 07:37:50.709    2048-7569/? D/ClockworkProxy﹕ doAccept: rpc succeeded. Activate stream 4
10-13 07:37:50.729    7396-7467/? V/wearable﹕ ensureBuffersHaveSpace: increasing size from 351 to 502
10-13 07:37:52.671    7396-7468/? V/wearable﹕ ensureBuffersHaveSpace: increasing size from 576 to 4958
10-13 07:37:52.911    7396-7449/? D/dalvikvm﹕ GC_FOR_ALLOC freed 266K, 26% free 2198K/2956K, paused 17ms, total 18ms
10-13 07:37:53.332    2932-2932/? D/PhoneListenerService﹕ onDestroy
10-13 07:37:53.652    7396-7467/? V/wearable﹕ ensureBuffersHaveSpace: increasing size from 502 to 836
10-13 07:37:53.662    7416-7419/? D/dalvikvm﹕ GC_CONCURRENT freed 380K, 19% free 2522K/3104K, paused 2ms+2ms, total 37ms
10-13 07:37:53.792    7585-7585/? I/ADSPD﹕ DSP daemon started (version 960f73f)
10-13 07:37:53.912    7585-7585/? E/ADSPD﹕ Timeout on select()
10-13 07:37:53.912    7585-7585/? E/ADSPD﹕ NO ACK received after loading firmware
10-13 07:37:53.912    7585-7585/? E/ADSPD﹕ Failed to initialize DSP
10-13 07:37:55.093    7416-7586/? W/Uploader﹕ No account for auth token provided
10-13 07:37:55.123    7416-7586/? I/PseudonymousIdIntentService﹕ getToken invoked
10-13 07:37:55.193    7416-7419/? D/dalvikvm﹕ GC_CONCURRENT freed 295K, 16% free 2624K/3120K, paused 3ms+1ms, total 38ms
10-13 07:37:56.144    2048-7569/? D/ClockworkProxy﹕ TCP connection requested by uid=10010
10-13 07:37:56.144    2048-7569/? D/ClockworkProxy﹕ doAccept: Create socket stream 5 for TCP connection from /192.168.167.239:44972 to /74.125.30.95:443
10-13 07:37:56.154    2048-7569/? D/ClockworkProxy﹕ doAccept: rpc succeeded. Activate stream 5
10-13 07:37:56.655    1748-1767/? W/Searchables﹕ No global search activity found
10-13 07:37:56.675    1748-1782/? I/InputReader﹕ Reconfiguring input devices.  changes=0x00000010
10-13 07:37:57.666    7396-7449/? D/dalvikvm﹕ GC_FOR_ALLOC freed 149K, 26% free 2197K/2956K, paused 15ms, total 16ms
10-13 07:37:58.947    7591-7591/? I/ADSPD﹕ DSP daemon started (version 960f73f)
10-13 07:37:59.057    7591-7591/? E/ADSPD﹕ Timeout on select()
10-13 07:37:59.057    7591-7591/? E/ADSPD﹕ NO ACK received after loading firmware
10-13 07:37:59.067    7591-7591/? E/ADSPD﹕ Failed to initialize DSP
10-13 07:37:59.508    7416-7586/? W/Uploader﹕ No account for auth token provided
10-13 07:37:59.508    7416-7586/? I/PseudonymousIdIntentService﹕ getToken invoked
10-13 07:38:00.699    7416-7586/? W/Uploader﹕ No account for auth token provided
10-13 07:38:00.709    7416-7586/? I/PseudonymousIdIntentService﹕ getToken invoked
10-13 07:38:00.849    7396-7449/? D/dalvikvm﹕ GC_FOR_ALLOC freed 147K, 27% free 2171K/2956K, paused 14ms, total 15ms
10-13 07:38:01.650    7416-7586/? W/Uploader﹕ No account for auth token provided
10-13 07:38:01.650    7416-7586/? I/PseudonymousIdIntentService﹕ getToken invoked
10-13 07:38:02.921    7381-7381/? D/dalvikvm﹕ GC_FOR_ALLOC freed 115K, 26% free 2119K/2828K, paused 14ms, total 15ms
10-13 07:38:03.071    2048-2051/? D/dalvikvm﹕ GC_CONCURRENT freed 2441K, 33% free 9689K/14432K, paused 1ms+23ms, total 135ms
10-13 07:38:03.121    1748-1750/? D/dalvikvm﹕ JIT code cache reset in 11 ms (1535976 bytes 1/0)
10-13 07:38:03.141    1748-1750/? D/dalvikvm﹕ GC_CONCURRENT freed 625K, 30% free 4818K/6844K, paused 5ms+32ms, total 140ms
10-13 07:38:03.472    7396-7449/? D/dalvikvm﹕ GC_FOR_ALLOC freed 253K, 26% free 2195K/2956K, paused 14ms, total 15ms
10-13 07:38:04.092    7593-7593/? I/ADSPD﹕ DSP daemon started (version 960f73f)
10-13 07:38:04.212    7593-7593/? E/ADSPD﹕ Timeout on select()
10-13 07:38:04.212    7593-7593/? E/ADSPD﹕ NO ACK received after loading firmware
10-13 07:38:04.212    7593-7593/? E/ADSPD﹕ Failed to initialize DSP
10-13 07:38:04.863    2030-2067/? W/bt-btif﹕ dm_pm_timer expires
10-13 07:38:04.863    2030-2067/? W/bt-btif﹕ dm_pm_timer expires 0
10-13 07:38:04.863    2030-2067/? W/bt-btif﹕ proc dm_pm_timer expires
10-13 07:38:06.414    7381-7535/? I/CheckinService﹕ Done disabling old GoogleServicesFramework version
10-13 07:38:09.037    2030-2067/? W/bt-btif﹕ dm_pm_timer expires
10-13 07:38:09.037    2030-2067/? W/bt-btif﹕ dm_pm_timer expires 0
10-13 07:38:09.037    2030-2067/? W/bt-btif﹕ proc dm_pm_timer expires
10-13 07:38:09.247    7594-7594/? I/ADSPD﹕ DSP daemon started (version 960f73f)
10-13 07:38:09.367    7594-7594/? E/ADSPD﹕ Timeout on select()
10-13 07:38:09.367    7594-7594/? E/ADSPD﹕ NO ACK received after loading firmware
10-13 07:38:09.367    7594-7594/? E/ADSPD﹕ Failed to initialize DSP
10-13 07:38:14.392    7596-7596/? I/ADSPD﹕ DSP daemon started (version 960f73f)
10-13 07:38:14.512    7596-7596/? E/ADSPD﹕ Timeout on select()
10-13 07:38:14.512    7596-7596/? E/ADSPD﹕ NO ACK received after loading firmware
10-13 07:38:14.512    7596-7596/? E/ADSPD﹕ Failed to initialize DSP
10-13 07:38:18.556    7597-7597/? I/ADSPD﹕ DSP daemon started (version 960f73f)
10-13 07:38:18.666    7597-7597/? E/ADSPD﹕ Timeout on select()
10-13 07:38:18.666    7597-7597/? E/ADSPD﹕ NO ACK received after loading firmware
10-13 07:38:18.666    7597-7597/? E/ADSPD﹕ Failed to initialize DSP
10-13 07:38:23.701    7598-7598/? I/ADSPD﹕ DSP daemon started (version 960f73f)
10-13 07:38:23.821    7598-7598/? E/ADSPD﹕ Timeout on select()
10-13 07:38:23.821    7598-7598/? E/ADSPD﹕ NO ACK received after loading firmware
10-13 07:38:23.821    7598-7598/? E/ADSPD﹕ Failed to initialize DSP
10-13 07:38:28.846    7599-7599/? I/ADSPD﹕ DSP daemon started (version 960f73f)
10-13 07:38:28.966    7599-7599/? E/ADSPD﹕ Timeout on select()
10-13 07:38:28.966    7599-7599/? E/ADSPD﹕ NO ACK received after loading firmware
10-13 07:38:28.966    7599-7599/? E/ADSPD﹕ Failed to initialize DSP
10-13 07:38:38.267    7611-7611/? I/ADSPD﹕ DSP daemon started (version 960f73f)
10-13 07:38:38.387    7611-7611/? E/ADSPD﹕ Timeout on select()
10-13 07:38:38.387    7611-7611/? E/ADSPD﹕ NO ACK received after loading firmware
10-13 07:38:38.387    7611-7611/? E/ADSPD﹕ Failed to initialize DSP
10-13 07:38:57.349    7612-7612/? I/ADSPD﹕ DSP daemon started (version 960f73f)
10-13 07:38:57.459    7612-7612/? E/ADSPD﹕ Timeout on select()
10-13 07:38:57.459    7612-7612/? E/ADSPD﹕ NO ACK received after loading firmware
10-13 07:38:57.459    7612-7612/? E/ADSPD﹕ Failed to initialize DSP
10-13 07:39:02.028    1748-3348/? D/PowerManagerService-JNI﹕ Excessive delay in autosuspend_disable() while turning screen on: 108ms
10-13 07:39:02.028    1748-3348/? D/MinnowPowerHAL﹕ power_set_interactive: 1
10-13 07:39:02.028    1748-3348/? D/MinnowPowerHAL﹕ sysfs_write: /sys/devices/platform/omapdss/display0/interactivemode 1
10-13 07:39:02.058    1748-3348/? D/MinnowPowerHAL﹕ sysfs_write: /sys/devices/ocp.2/i2c.6/i2c-0/0-004a/interactivemode 1
10-13 07:39:02.058    1748-3348/? D/mot_vr_audio_hw﹕ dsp_set_pm_state = on
10-13 07:39:02.058    1748-3348/? D/mot_vr_audio_hw﹕ ADSPD connection is stale.  Reconnecting...
10-13 07:39:02.058    1748-3348/? E/mot_vr_audio_hw﹕ Error -1 connecting to ADSPD
10-13 07:39:02.058    1748-3348/? D/PowerManagerService-JNI﹕ Excessive delay in setInteractive(true) while turning screen on: 33ms
10-13 07:39:02.068    1413-1413/? D/SurfaceFlinger﹕ Screen acquired, type=0 flinger=0xb8e4d448
10-13 07:39:02.068    1413-1413/? D/hwcomposer﹕ hwc_blank(0: 0)
10-13 07:39:02.088    5637-5637/? V/WearActivity﹕ display changed: 0, new state: 2
10-13 07:39:02.088    5637-5637/? I/ClockFace﹕ Ambient mode: false
10-13 07:39:02.088    5637-5637/? V/ClockFace﹕ clearing caches
10-13 07:39:02.108    5637-5637/? V/ClockFace﹕ rendering new face, faceMode(0)
10-13 07:39:02.148    1415-2734/? D/mot_vr_audio_hw﹕ dsp_recognizer_enabled = true
10-13 07:39:02.148    1415-2734/? D/mot_vr_audio_hw﹕ ADSPD connection is stale.  Reconnecting...
10-13 07:39:02.148    1415-2734/? E/mot_vr_audio_hw﹕ Error -1 connecting to ADSPD
10-13 07:39:02.148    1415-2801/? D/mot_vr_audio_hw﹕ open_input_stream(): devices = 0x80000004, rate = 8000, channels = 0x10
10-13 07:39:02.148    1415-2801/? D/mot_vr_audio_hw﹕ Created resampler for 16000->8000 Hz
10-13 07:39:02.148    1415-2801/? D/mot_vr_audio_hw﹕ ADSPD connection is stale.  Reconnecting...
10-13 07:39:02.148    1415-2801/? E/mot_vr_audio_hw﹕ Error -1 connecting to ADSPD
10-13 07:39:02.168    5637-5637/? V/ClockFace﹕ fetching new battery status (2276)
10-13 07:39:02.168    5637-5637/? V/ClockFace﹕ battery at 0.97
10-13 07:39:02.178    5637-5637/? V/ClockFace﹕ clearing caches
10-13 07:39:02.178    5637-5637/? V/MyViewAnim﹕ new animator starting
10-13 07:39:02.178    5637-5637/? V/MyViewAnim﹕ Time listener is up!
10-13 07:39:02.178    5637-5637/? V/MyViewAnim﹕ starting draw thread from scratch
10-13 07:39:02.178    5637-5637/? V/WearActivity﹕ onDisplayChanged: on!
10-13 07:39:02.178    5637-5637/? V/WearActivity﹕ Resume!
10-13 07:39:02.178    5637-5637/? V/ClockFace﹕ clearing caches
10-13 07:39:02.178    5637-5637/? V/MyViewAnim﹕ resuming old animator!
10-13 07:39:02.198    1415-7613/? D/mot_vr_audio_hw﹕ in_read waiting for hotword
10-13 07:39:02.198    5637-7098/? V/ClockFace﹕ rendering new face, faceMode(0)
10-13 07:39:02.228    1748-1845/? D/LightsService﹕ Excessive delay setting light: 60ms
10-13 07:39:02.228    5637-7098/? V/ClockFace﹕ fetching new battery status (2277)
10-13 07:39:02.228    5637-7098/? V/ClockFace﹕ battery at 0.97
10-13 07:39:03.880    5637-5637/? V/WearActivity﹕ Pause!
10-13 07:39:03.900    5637-5637/? V/WearActivity﹕ display changed: 10, new state: 1
10-13 07:39:03.900    5637-5637/? I/TimeWrapper﹕ FPS: 40.574543, samples: 70
10-13 07:39:03.900    5637-5637/? I/TimeWrapper﹕ Min/Avg/Max frame render speed (ms): 6.256104 / 16.027395 / 46.84448
10-13 07:39:03.900    5637-5637/? I/TimeWrapper﹕ Waketime: 65.030426%
10-13 07:39:03.900    5637-5637/? I/ClockFace﹕ Ambient mode: true
10-13 07:39:03.900    5637-5637/? V/ClockFace﹕ clearing caches
10-13 07:39:03.900    5637-5637/? V/MyViewAnim﹕ stopping animation!
10-13 07:39:03.900    5637-5637/? V/WearActivity﹕ onDisplayChanged: off!
10-13 07:39:03.900    5637-7046/? E/MyViewAnim﹕ no surface holder, retrying
10-13 07:39:03.910    5637-7046/? V/ClockFace﹕ rendering new face, faceMode(0)
10-13 07:39:03.910    5637-7615/? V/MyViewAnim﹕ looper finished!
10-13 07:39:05.061    2048-2048/? W/HomeRowListAdapter﹕ onRelease() called on an unknown row.
10-13 07:39:05.481    2030-2067/? W/bt-btif﹕ dm_pm_timer expires
10-13 07:39:05.481    2030-2067/? W/bt-btif﹕ dm_pm_timer expires 0
10-13 07:39:05.481    2030-2067/? W/bt-btif﹕ proc dm_pm_timer expires
10-13 07:39:06.242    5637-5637/? V/WearActivity﹕ display changed: 0, new state: 2
10-13 07:39:06.242    5637-5637/? I/ClockFace﹕ Ambient mode: false
10-13 07:39:06.242    5637-5637/? V/ClockFace﹕ clearing caches
10-13 07:39:06.252    5637-5637/? V/ClockFace﹕ rendering new face, faceMode(0)
10-13 07:39:06.332    5637-5637/? V/ClockFace﹕ fetching new battery status (2350)
10-13 07:39:06.332    5637-5637/? V/ClockFace﹕ battery at 0.97
10-13 07:39:06.332    5637-5637/? V/ClockFace﹕ clearing caches
10-13 07:39:06.332    5637-5637/? V/MyViewAnim﹕ new animator starting
10-13 07:39:06.332    5637-5637/? V/MyViewAnim﹕ Time listener is up!
10-13 07:39:06.332    5637-5637/? V/MyViewAnim﹕ starting draw thread from scratch
10-13 07:39:06.352    5637-5637/? V/WearActivity﹕ onDisplayChanged: on!
10-13 07:39:06.362    5637-5637/? V/WearActivity﹕ Resume!
10-13 07:39:06.362    5637-5637/? V/ClockFace﹕ clearing caches
10-13 07:39:06.362    5637-5637/? V/MyViewAnim﹕ resuming old animator!
10-13 07:39:06.362    5637-5637/? V/WearActivity﹕ display changed: 10, new state: 2
10-13 07:39:06.362    5637-5637/? I/ClockFace﹕ Ambient mode: false
10-13 07:39:06.362    5637-7098/? V/ClockFace﹕ rendering new face, faceMode(0)
10-13 07:39:06.382    5637-7098/? V/ClockFace﹕ fetching new battery status (2351)
10-13 07:39:06.382    5637-7098/? V/ClockFace﹕ battery at 0.97
10-13 07:39:06.452    5637-5637/? V/ClockFace﹕ clearing caches
10-13 07:39:06.452    5637-5637/? V/MyViewAnim﹕ resuming old animator!
10-13 07:39:06.452    5637-5637/? V/WearActivity﹕ onDisplayChanged: on!
10-13 07:39:06.492    5637-7617/? V/ClockFace﹕ rendering new face, faceMode(0)
10-13 07:39:06.512    5637-7617/? V/ClockFace﹕ fetching new battery status (2355)
10-13 07:39:06.512    5637-7617/? V/ClockFace﹕ battery at 0.97
10-13 07:39:06.692    7396-7449/? I/DataItems﹕ maybePerformGC: complete, took 90 ms, removed 0 of 26 files, 0 of 26 asset records
10-13 07:39:06.763    7396-7467/? V/wearable﹕ ensureBuffersHaveSpace: increasing size from 836 to 1528
10-13 07:39:06.893    7618-7618/? I/ADSPD﹕ DSP daemon started (version 960f73f)
10-13 07:39:07.013    7618-7618/? D/ADSPD﹕ ACK success!
10-13 07:39:07.693    7396-7398/? D/dalvikvm﹕ GC_CONCURRENT freed 282K, 23% free 2298K/2956K, paused 10ms+1ms, total 77ms
10-13 07:39:10.146    2030-2067/? W/bt-btif﹕ dm_pm_timer expires
10-13 07:39:10.146    2030-2067/? W/bt-btif﹕ dm_pm_timer expires 0
10-13 07:39:10.146    2030-2067/? W/bt-btif﹕ proc dm_pm_timer expires
10-13 07:39:15.141    5637-5639/? D/dalvikvm﹕ GC_CONCURRENT freed 389K, 21% free 2321K/2924K, paused 2ms+4ms, total 94ms
10-13 07:39:15.721    5637-5637/? V/WearActivity﹕ Pause!
10-13 07:39:15.751    1415-1531/? D/mot_vr_audio_hw﹕ dsp_recognizer_enabled = false
10-13 07:39:15.751    1415-1531/? D/mot_vr_audio_hw﹕ ADSPD connection is stale.  Reconnecting...
10-13 07:39:15.751    7618-7618/? D/ADSPD﹕ Incoming connection from client
10-13 07:39:15.761    5637-5637/? V/WearActivity﹕ Stop!
10-13 07:39:15.771    1415-1531/? D/mot_vr_audio_hw﹕ ADSPD connected successfully
10-13 07:39:15.771    7618-7618/? D/ADSPD﹕ Client cmd=0x0003, size=4
10-13 07:39:15.771    1415-7613/? D/mot_vr_audio_hw﹕ Switching DSP to standby/passthrough mode
10-13 07:39:15.771    1415-7613/? D/mot_vr_audio_hw﹕ Input 0xb71af6a8 ready to read
10-13 07:39:15.781    7618-7618/? D/ADSPD﹕ Received from DSP: cmd=0x8003, size=2
10-13 07:39:15.781    7618-7618/? D/ADSPD﹕ Client cmd=0x0003, size=4
10-13 07:39:15.791    1415-7620/? D/mot_vr_audio_hw﹕ received recognition control callback, status 0
10-13 07:39:15.801    7618-7618/? D/ADSPD﹕ Received from DSP: cmd=0x8003, size=2
10-13 07:39:15.801    1415-7620/? D/mot_vr_audio_hw﹕ received recognition control callback, status 0
10-13 07:39:15.821    1415-7613/? W/mot_vr_audio_hw﹕ Discarded 10 buffers without finding audio data
10-13 07:39:15.831    7618-7618/? D/ADSPD﹕ Client cmd=0x0003, size=4
10-13 07:39:15.831    1415-7613/? D/mot_vr_audio_hw﹕ Re-arming DSP
10-13 07:39:15.831    1415-7613/? D/mot_vr_audio_hw﹕ Input 0xb71af6a8 standby complete
10-13 07:39:15.841    1415-2205/? D/mot_vr_audio_hw﹕ Input 0xb71af6a8 close complete
10-13 07:39:15.851    7618-7618/? D/ADSPD﹕ Received from DSP: cmd=0x8003, size=2
10-13 07:39:15.851    7618-7618/? D/ADSPD﹕ Client cmd=0x4003, size=2
10-13 07:39:15.851    1415-7620/? D/mot_vr_audio_hw﹕ received recognition control callback, status 0
10-13 07:39:16.112    2048-2048/? I/AmbientMode﹕ Ambient mode started: canDoze=true, dozeHardware=null
10-13 07:39:16.112    1415-2736/? D/mot_vr_audio_hw﹕ dsp_recognizer_enabled = true
10-13 07:39:16.112    7618-7618/? D/ADSPD﹕ Client cmd=0x0003, size=4
10-13 07:39:16.112    1415-1415/? D/mot_vr_audio_hw﹕ open_input_stream(): devices = 0x80000004, rate = 8000, channels = 0x10
10-13 07:39:16.112    1415-1415/? D/mot_vr_audio_hw﹕ Created resampler for 16000->8000 Hz
10-13 07:39:16.122    7618-7618/? D/ADSPD﹕ Received from DSP: cmd=0x8003, size=2
10-13 07:39:16.122    7618-7618/? D/ADSPD﹕ Client cmd=0x4003, size=2
10-13 07:39:16.122    1415-7620/? D/mot_vr_audio_hw﹕ received recognition control callback, status 0
10-13 07:39:16.152    1415-7621/? D/mot_vr_audio_hw﹕ in_read waiting for hotword
10-13 07:39:16.162    1415-2801/? D/mot_vr_audio_hw﹕ dsp_recognizer_enabled = false
10-13 07:39:16.162    7618-7618/? D/ADSPD﹕ Client cmd=0x0003, size=4
10-13 07:39:16.162    1415-7621/? D/mot_vr_audio_hw﹕ Switching DSP to standby/passthrough mode
10-13 07:39:16.162    1415-7621/? D/mot_vr_audio_hw﹕ Input 0xb71af6a8 ready to read
10-13 07:39:16.172    7618-7618/? D/ADSPD﹕ Received from DSP: cmd=0x8003, size=2
10-13 07:39:16.172    7618-7618/? D/ADSPD﹕ Client cmd=0x0003, size=4
10-13 07:39:16.172    1415-7620/? D/mot_vr_audio_hw﹕ received recognition control callback, status 0
10-13 07:39:16.182    7618-7618/? D/ADSPD﹕ Received from DSP: cmd=0x8003, size=2
10-13 07:39:16.192    1415-7620/? D/mot_vr_audio_hw﹕ received recognition control callback, status 0
10-13 07:39:16.212    1415-7621/? W/mot_vr_audio_hw﹕ Discarded 10 buffers without finding audio data
10-13 07:39:16.222    7618-7618/? D/ADSPD﹕ Client cmd=0x0003, size=4
10-13 07:39:16.222    1415-7621/? D/mot_vr_audio_hw﹕ Re-arming DSP
10-13 07:39:16.222    1415-7621/? D/mot_vr_audio_hw﹕ Input 0xb71af6a8 standby complete
10-13 07:39:16.232    7618-7618/? D/ADSPD﹕ Received from DSP: cmd=0x8003, size=2
10-13 07:39:16.232    1415-7620/? D/mot_vr_audio_hw﹕ received recognition control callback, status 0
10-13 07:39:16.242    7618-7618/? D/ADSPD﹕ Client cmd=0x4003, size=2
10-13 07:39:16.242    1415-1531/? D/mot_vr_audio_hw﹕ Input 0xb71af6a8 close complete
10-13 07:39:16.262    2048-2048/? I/AmbientMode﹕ Dream ended: isDozing=true
10-13 07:39:16.672    1748-1845/? D/LightsService﹕ Excessive delay setting light: 239ms
10-13 07:39:16.672    1413-1413/? D/SurfaceFlinger﹕ Screen released, type=0 flinger=0xb8e4d448
10-13 07:39:16.812    1413-1413/? D/hwcomposer﹕ hwc_blank(0: 1)
10-13 07:39:16.822    1748-1845/? D/SurfaceControl﹕ Excessive delay in blankDisplay() while turning screen off: 150ms
10-13 07:39:16.852    5637-5637/? V/WearActivity﹕ display changed: 0, new state: 1
10-13 07:39:16.852    5637-5637/? I/TimeWrapper﹕ FPS: 42.225082, samples: 442
10-13 07:39:16.852    5637-5637/? I/TimeWrapper﹕ Min/Avg/Max frame render speed (ms): 6.134033 / 14.932485 / 60.699463
10-13 07:39:16.852    5637-5637/? I/TimeWrapper﹕ Waketime: 63.052544%
10-13 07:39:16.852    5637-5637/? I/ClockFace﹕ Ambient mode: true
10-13 07:39:16.852    5637-5637/? V/ClockFace﹕ clearing caches
10-13 07:39:16.852    5637-5637/? V/MyViewAnim﹕ stopping animation!
10-13 07:39:16.852    5637-5637/? V/WearActivity﹕ onDisplayChanged: off!
10-13 07:39:16.862    5637-7617/? V/ClockFace﹕ rendering new face, faceMode(0)
10-13 07:39:16.882    1748-1779/? D/MinnowPowerHAL﹕ power_set_interactive: 0
10-13 07:39:16.882    1748-1779/? D/MinnowPowerHAL﹕ sysfs_write: /sys/devices/platform/omapdss/display0/interactivemode 0
10-13 07:39:16.882    1748-1779/? D/MinnowPowerHAL﹕ sysfs_write: /sys/devices/ocp.2/i2c.6/i2c-0/0-004a/interactivemode 0
10-13 07:39:16.882    1748-1779/? D/mot_vr_audio_hw﹕ dsp_set_pm_state = off
10-13 07:39:16.882    1748-1779/? D/mot_vr_audio_hw﹕ ADSPD connection is stale.  Reconnecting...
10-13 07:39:16.882    7618-7618/? D/ADSPD﹕ Incoming connection from client
10-13 07:39:16.882    5637-7046/? E/MyViewAnim﹕ no surface holder, retrying
10-13 07:39:16.892    1748-1779/? D/mot_vr_audio_hw﹕ ADSPD connected successfully
10-13 07:39:16.892    7618-7618/? D/ADSPD﹕ Client cmd=0x4002, size=2
10-13 07:39:16.892    7618-7618/? D/ADSPD﹕ DSP_CMD_DAEMON_SET_PM_STATE : 0
10-13 07:39:16.892    5637-7617/? V/MyViewAnim﹕ looper finished!
10-13 07:39:18.334    2030-2067/? W/bt-btif﹕ dm_pm_timer expires
10-13 07:39:18.334    2030-2067/? W/bt-btif﹕ dm_pm_timer expires 0
10-13 07:39:18.334    2030-2067/? W/bt-btif﹕ proc dm_pm_timer expires
10-13 07:39:30.507    1748-2335/? D/MinnowPowerHAL﹕ power_set_interactive: 1
10-13 07:39:30.507    1748-2335/? D/MinnowPowerHAL﹕ sysfs_write: /sys/devices/platform/omapdss/display0/interactivemode 1
10-13 07:39:30.517    5637-5637/? V/WearActivity﹕ display changed: 0, new state: 1
10-13 07:39:30.517    5637-5637/? I/ClockFace﹕ Ambient mode: true
10-13 07:39:30.517    5637-5637/? V/MyViewAnim﹕ stopping animation!
10-13 07:39:30.517    5637-5637/? V/WearActivity﹕ onDisplayChanged: off!
10-13 07:39:30.577    1748-2335/? D/MinnowPowerHAL﹕ sysfs_write: /sys/devices/ocp.2/i2c.6/i2c-0/0-004a/interactivemode 1
10-13 07:39:30.577    1748-2335/? D/mot_vr_audio_hw﹕ dsp_set_pm_state = on
10-13 07:39:30.577    7618-7618/? D/ADSPD﹕ Client cmd=0x4002, size=2
10-13 07:39:30.577    7618-7618/? D/ADSPD﹕ DSP_CMD_DAEMON_SET_PM_STATE : 1
10-13 07:39:30.577    1748-2335/? D/PowerManagerService-JNI﹕ Excessive delay in setInteractive(true) while turning screen on: 74ms
10-13 07:39:30.587    5637-5637/? V/WearActivity﹕ Resume!
10-13 07:39:30.587    5637-5637/? V/ClockFace﹕ clearing caches
10-13 07:39:30.587    5637-5637/? V/MyViewAnim﹕ new animator starting
10-13 07:39:30.587    5637-5637/? V/MyViewAnim﹕ Time listener is up!
10-13 07:39:30.587    5637-5637/? V/MyViewAnim﹕ starting draw thread from scratch
10-13 07:39:30.587    1413-1413/? D/SurfaceFlinger﹕ Screen acquired, type=0 flinger=0xb8e4d448
10-13 07:39:30.597    2048-2048/? E/ClockworkHome﹕ Tried to exit ambient mode, but enterAmbientMode() was never called.
10-13 07:39:30.597    1415-1415/? D/mot_vr_audio_hw﹕ dsp_recognizer_enabled = true
10-13 07:39:30.597    1415-2736/? D/mot_vr_audio_hw﹕ open_input_stream(): devices = 0x80000004, rate = 8000, channels = 0x10
10-13 07:39:30.597    1415-2736/? D/mot_vr_audio_hw﹕ Created resampler for 16000->8000 Hz
10-13 07:39:30.617    1415-7634/? D/mot_vr_audio_hw﹕ in_read waiting for hotword
10-13 07:39:30.627    5637-7098/? V/ClockFace﹕ rendering new face, faceMode(0)
10-13 07:39:30.627    1413-1413/? D/hwcomposer﹕ hwc_blank(0: 0)
10-13 07:39:30.657    5637-5637/? V/WearActivity﹕ display changed: 0, new state: 2
10-13 07:39:30.657    5637-5637/? I/ClockFace﹕ Ambient mode: false
10-13 07:39:30.657    5637-5637/? V/ClockFace﹕ clearing caches
10-13 07:39:30.677    7618-7618/? E/ADSPD﹕ Timeout on select()
10-13 07:39:30.677    7618-7618/? E/ADSPD﹕ NO ACK received after loading firmware
10-13 07:39:30.677    7618-7618/? E/ADSPD﹕ Unknown ACK received 0x00
10-13 07:39:30.677    7618-7618/? D/ADSPD﹕ Client cmd=0x0003, size=4
10-13 07:39:30.697    7618-7618/? D/ADSPD﹕ Received from DSP: cmd=0xFC80, size=768
10-13 07:39:30.707    5637-7098/? V/ClockFace﹕ fetching new battery status (2798)
10-13 07:39:30.707    5637-7098/? V/ClockFace﹕ battery at 0.97
10-13 07:39:30.717    1748-1806/? D/LightsService﹕ Excessive delay setting light: 62ms
10-13 07:39:30.797    7618-7618/? E/ADSPD﹕ Timeout on select()
10-13 07:39:30.797    7618-7618/? E/ADSPD﹕ Unable to read response body from DSP
10-13 07:39:30.797    1415-7620/? W/mot_vr_audio_hw﹕ received DSP disconnect callback (disconnect count 3, error count 173)
10-13 07:39:30.797    1748-7623/? W/mot_vr_audio_hw﹕ received DSP disconnect callback (disconnect count 3, error count 48)
10-13 07:39:30.817    7638-7638/? I/ADSPD﹕ DSP daemon started (version 960f73f)
10-13 07:39:30.847    5637-5637/? V/ClockFace﹕ clearing caches
10-13 07:39:30.847    5637-5637/? V/MyViewAnim﹕ resuming old animator!
10-13 07:39:30.847    5637-5637/? V/WearActivity﹕ onDisplayChanged: on!
10-13 07:39:30.857    5637-7098/? V/ClockFace﹕ fetching new battery status (2803)
10-13 07:39:30.857    5637-7098/? V/ClockFace﹕ battery at 0.97
10-13 07:39:30.877    5637-6929/? V/ClockFace﹕ rendering new face, faceMode(0)
10-13 07:39:30.937    7638-7638/? D/ADSPD﹕ ACK success!
10-13 07:39:31.828    1748-7636/? D/mot_vr_audio_hw﹕ ADSPD connection is stale.  Reconnecting...
10-13 07:39:31.828    7638-7638/? D/ADSPD﹕ Incoming connection from client
10-13 07:39:31.828    1415-7637/? D/mot_vr_audio_hw﹕ ADSPD connection is stale.  Reconnecting...
10-13 07:39:31.828    7638-7638/? D/ADSPD﹕ Incoming connection from client
10-13 07:39:31.838    1748-7636/? D/mot_vr_audio_hw﹕ ADSPD connected successfully
10-13 07:39:31.838    1748-7636/? D/mot_vr_audio_hw﹕ reconnected to adspd
10-13 07:39:31.838    1415-7637/? D/mot_vr_audio_hw﹕ ADSPD connected successfully
10-13 07:39:31.838    7638-7638/? D/ADSPD﹕ Client cmd=0x0003, size=4
10-13 07:39:31.838    1415-7637/? D/mot_vr_audio_hw﹕ reconnected to adspd
10-13 07:39:31.848    7638-7638/? D/ADSPD﹕ Received from DSP: cmd=0x8003, size=2
10-13 07:39:31.848    1415-7641/? D/mot_vr_audio_hw﹕ received recognition control callback, status 0
10-13 07:39:32.178    2048-2048/? D/GridViewPager﹕ Populate in layout
10-13 07:39:32.779    1415-1531/? D/mot_vr_audio_hw﹕ dsp_recognizer_enabled = false
10-13 07:39:32.779    7638-7638/? D/ADSPD﹕ Client cmd=0x0003, size=4
10-13 07:39:32.779    2048-2048/? W/PropertyValuesHolder﹕ Method getClipProgressAnim() with type float not found on target class class com.google.android.clockwork.home.cuecard.VoicePlateFragment
10-13 07:39:32.789    1415-7634/? D/mot_vr_audio_hw﹕ Switching DSP to standby/passthrough mode
10-13 07:39:32.789    1415-7634/? D/mot_vr_audio_hw﹕ Input 0xb71af6a8 ready to read
10-13 07:39:32.799    7638-7638/? D/ADSPD﹕ Received from DSP: cmd=0x8003, size=2
10-13 07:39:32.799    7638-7638/? D/ADSPD﹕ Client cmd=0x0003, size=4
10-13 07:39:32.799    1415-7641/? D/mot_vr_audio_hw﹕ received recognition control callback, status 0
10-13 07:39:32.809    7638-7638/? D/ADSPD﹕ Received from DSP: cmd=0x8003, size=2
10-13 07:39:32.809    1415-7641/? D/mot_vr_audio_hw﹕ received recognition control callback, status 0
10-13 07:39:32.839    1415-7634/? W/mot_vr_audio_hw﹕ Discarded 10 buffers without finding audio data
10-13 07:39:33.079    7396-7467/? V/wearable﹕ ensureBuffersHaveSpace: increasing size from 1528 to 2486
10-13 07:39:33.890    7396-7449/? D/dalvikvm﹕ GC_FOR_ALLOC freed 284K, 25% free 2279K/3004K, paused 76ms, total 79ms
10-13 07:39:35.262    2048-2051/? D/dalvikvm﹕ GC_CONCURRENT freed 3491K, 44% free 8127K/14432K, paused 11ms+48ms, total 172ms
10-13 07:39:35.502    7396-7449/? D/dalvikvm﹕ GC_FOR_ALLOC freed 228K, 25% free 2276K/3004K, paused 70ms, total 71ms
10-13 07:39:36.863    7638-7638/? D/ADSPD﹕ Client cmd=0x0003, size=4
10-13 07:39:36.863    1415-7634/? D/mot_vr_audio_hw﹕ Re-arming DSP
10-13 07:39:36.863    1415-7634/? D/mot_vr_audio_hw﹕ Input 0xb71af6a8 standby complete
10-13 07:39:36.883    7638-7638/? D/ADSPD﹕ Received from DSP: cmd=0x8003, size=2
10-13 07:39:36.883    1415-7641/? D/mot_vr_audio_hw﹕ received recognition control callback, status 0
10-13 07:39:36.913    7638-7638/? D/ADSPD﹕ Client cmd=0x4003, size=2
10-13 07:39:36.913    1415-2734/? D/mot_vr_audio_hw﹕ Input 0xb71af6a8 close complete
10-13 07:39:38.845    7396-7468/? V/wearable﹕ ensureBuffersHaveSpace: increasing size from 4958 to 13559
