10-13 08:52:58.182    1748-2335/? E/WindowState﹕ getStack: Window{add77a50 u0 com.google.android.apps.wearable.settings/com.google.android.clockwork.settings.SettingsActivity EXITING} couldn't find taskId=14 Callers=com.android.server.wm.DisplayContent.setTouchExcludeRegion:237 com.android.server.wm.WindowManagerService.setFocusedStackFrame:3838 com.android.server.wm.WindowManagerService.performLayoutAndPlaceSurfacesLockedInner:9589 com.android.server.wm.WindowManagerService.performLayoutAndPlaceSurfacesLockedLoop:8325
10-13 08:52:58.182    1748-1774/? E/WindowState﹕ getStack: Window{add77a50 u0 com.google.android.apps.wearable.settings/com.google.android.clockwork.settings.SettingsActivity EXITING} couldn't find taskId=14 Callers=com.android.server.wm.WindowState.getDisplayContent:721 com.android.server.wm.WindowStateAnimator.stepAnimationLocked:263 com.android.server.wm.WindowAnimator.updateWindowsLocked:225 com.android.server.wm.WindowAnimator.animateLocked:508
10-13 08:52:58.182    1748-1774/? E/WindowState﹕ getStack: Window{add77a50 u0 com.google.android.apps.wearable.settings/com.google.android.clockwork.settings.SettingsActivity EXITING} couldn't find taskId=14 Callers=com.android.server.wm.WindowState.getDisplayContent:721 com.android.server.wm.WindowState.getDisplayId:726 com.android.server.wm.WindowStateAnimator.computeShownFrameLocked:912 com.android.server.wm.WindowStateAnimator.prepareSurfaceLocked:1258
10-13 08:52:58.182    1748-1774/? E/WindowState﹕ getStack: Window{add77a50 u0 com.google.android.apps.wearable.settings/com.google.android.clockwork.settings.SettingsActivity EXITING} couldn't find taskId=14 Callers=com.android.server.wm.WindowState.getDisplayContent:721 com.android.server.wm.WindowStateAnimator.updateSurfaceWindowCrop:1119 com.android.server.wm.WindowStateAnimator.setSurfaceBoundariesLocked:1241 com.android.server.wm.WindowStateAnimator.prepareSurfaceLocked:1260
10-13 08:52:58.182    1748-1774/? E/WindowState﹕ getStack: Window{add77a50 u0 com.google.android.apps.wearable.settings/com.google.android.clockwork.settings.SettingsActivity EXITING} couldn't find taskId=14 Callers=com.android.server.wm.WindowState.getDisplayContent:721 com.android.server.wm.WindowState.isDefaultDisplay:1218 com.android.server.wm.WindowStateAnimator.updateSurfaceWindowCrop:1130 com.android.server.wm.WindowStateAnimator.setSurfaceBoundariesLocked:1241
10-13 08:52:58.192    1748-1774/? E/WindowState﹕ getStack: Window{add77a50 u0 com.google.android.apps.wearable.settings/com.google.android.clockwork.settings.SettingsActivity EXITING} couldn't find taskId=14 Callers=com.android.server.wm.WindowState.getDisplayContent:721 com.android.server.wm.WindowState.isDefaultDisplay:1223 com.android.server.wm.WindowStateAnimator.updateSurfaceWindowCrop:1130 com.android.server.wm.WindowStateAnimator.setSurfaceBoundariesLocked:1241
10-13 08:52:58.192    1748-1774/? E/WindowState﹕ getStack: Window{add77a50 u0 com.google.android.apps.wearable.settings/com.google.android.clockwork.settings.SettingsActivity EXITING} couldn't find taskId=14 Callers=com.android.server.wm.WindowState.getDisplayContent:721 com.android.server.wm.WindowStateAnimator.stepAnimationLocked:263 com.android.server.wm.WindowAnimator.updateWindowsLocked:225 com.android.server.wm.WindowAnimator.animateLocked:508
10-13 08:52:58.192    1748-1774/? E/WindowState﹕ getStack: Window{add77a50 u0 com.google.android.apps.wearable.settings/com.google.android.clockwork.settings.SettingsActivity EXITING} couldn't find taskId=14 Callers=com.android.server.wm.WindowState.getDisplayContent:721 com.android.server.wm.WindowState.getDisplayId:726 com.android.server.wm.WindowStateAnimator.computeShownFrameLocked:912 com.android.server.wm.WindowStateAnimator.prepareSurfaceLocked:1258
10-13 08:52:58.272    1748-1750/? D/dalvikvm﹕ GC_CONCURRENT freed 648K, 30% free 4837K/6844K, paused 4ms+10ms, total 124ms
10-13 08:52:58.272    1748-1774/? D/dalvikvm﹕ WAIT_FOR_CONCURRENT_GC blocked 70ms
10-13 08:52:58.272    1748-1774/? E/WindowState﹕ getStack: Window{add77a50 u0 com.google.android.apps.wearable.settings/com.google.android.clockwork.settings.SettingsActivity EXITING} couldn't find taskId=14 Callers=com.android.server.wm.WindowState.getDisplayContent:721 com.android.server.wm.WindowStateAnimator.updateSurfaceWindowCrop:1119 com.android.server.wm.WindowStateAnimator.setSurfaceBoundariesLocked:1241 com.android.server.wm.WindowStateAnimator.prepareSurfaceLocked:1260
10-13 08:52:58.272    1748-1774/? E/WindowState﹕ getStack: Window{add77a50 u0 com.google.android.apps.wearable.settings/com.google.android.clockwork.settings.SettingsActivity EXITING} couldn't find taskId=14 Callers=com.android.server.wm.WindowState.getDisplayContent:721 com.android.server.wm.WindowState.isDefaultDisplay:1218 com.android.server.wm.WindowStateAnimator.updateSurfaceWindowCrop:1130 com.android.server.wm.WindowStateAnimator.setSurfaceBoundariesLocked:1241
10-13 08:52:58.272    1748-1774/? E/WindowState﹕ getStack: Window{add77a50 u0 com.google.android.apps.wearable.settings/com.google.android.clockwork.settings.SettingsActivity EXITING} couldn't find taskId=14 Callers=com.android.server.wm.WindowState.getDisplayContent:721 com.android.server.wm.WindowState.isDefaultDisplay:1223 com.android.server.wm.WindowStateAnimator.updateSurfaceWindowCrop:1130 com.android.server.wm.WindowStateAnimator.setSurfaceBoundariesLocked:1241
10-13 08:52:58.282    1748-2329/? E/WindowState﹕ getStack: Window{add77a50 u0 com.google.android.apps.wearable.settings/com.google.android.clockwork.settings.SettingsActivity EXITING} couldn't find taskId=14 Callers=com.android.server.wm.WindowManagerService.performLayoutAndPlaceSurfacesLockedInner:9196 com.android.server.wm.WindowManagerService.performLayoutAndPlaceSurfacesLockedLoop:8325 com.android.server.wm.WindowManagerService.performLayoutAndPlaceSurfacesLocked:8267 com.android.server.wm.WindowManagerService.relayoutWindow:3060
10-13 08:52:58.292    1748-2329/? E/WindowState﹕ getStack: Window{add77a50 u0 com.google.android.apps.wearable.settings/com.google.android.clockwork.settings.SettingsActivity EXITING} couldn't find taskId=14 Callers=com.android.server.wm.WindowState.getDisplayContent:721 com.android.server.wm.WindowManagerService.handleNotObscuredLocked:8982 com.android.server.wm.WindowManagerService.performLayoutAndPlaceSurfacesLockedInner:9206 com.android.server.wm.WindowManagerService.performLayoutAndPlaceSurfacesLockedLoop:8325
10-13 08:52:58.302    1748-2329/? E/WindowState﹕ getStack: Window{add77a50 u0 com.google.android.apps.wearable.settings/com.google.android.clockwork.settings.SettingsActivity EXITING} couldn't find taskId=14 Callers=com.android.server.wm.WindowState.getDisplayContent:721 com.android.server.wm.WindowStateAnimator.updateSurfaceWindowCrop:1119 com.android.server.wm.WindowStateAnimator.setSurfaceBoundariesLocked:1241 com.android.server.wm.WindowManagerService.performLayoutAndPlaceSurfacesLockedInner:9277
10-13 08:52:58.312    1748-2329/? E/WindowState﹕ getStack: Window{add77a50 u0 com.google.android.apps.wearable.settings/com.google.android.clockwork.settings.SettingsActivity EXITING} couldn't find taskId=14 Callers=com.android.server.wm.WindowState.getDisplayContent:721 com.android.server.wm.WindowState.isDefaultDisplay:1218 com.android.server.wm.WindowStateAnimator.updateSurfaceWindowCrop:1130 com.android.server.wm.WindowStateAnimator.setSurfaceBoundariesLocked:1241
10-13 08:52:58.312    1748-2329/? E/WindowState﹕ getStack: Window{add77a50 u0 com.google.android.apps.wearable.settings/com.google.android.clockwork.settings.SettingsActivity EXITING} couldn't find taskId=14 Callers=com.android.server.wm.WindowState.getDisplayContent:721 com.android.server.wm.WindowState.isDefaultDisplay:1223 com.android.server.wm.WindowStateAnimator.updateSurfaceWindowCrop:1130 com.android.server.wm.WindowStateAnimator.setSurfaceBoundariesLocked:1241
10-13 08:52:58.322    1748-2329/? E/WindowState﹕ getStack: Window{add77a50 u0 com.google.android.apps.wearable.settings/com.google.android.clockwork.settings.SettingsActivity EXITING} couldn't find taskId=14 Callers=com.android.server.wm.DisplayContent.setTouchExcludeRegion:237 com.android.server.wm.WindowManagerService.setFocusedStackFrame:3838 com.android.server.wm.WindowManagerService.performLayoutAndPlaceSurfacesLockedInner:9589 com.android.server.wm.WindowManagerService.performLayoutAndPlaceSurfacesLockedLoop:8325
10-13 08:52:58.332    1748-1774/? E/WindowState﹕ getStack: Window{add77a50 u0 com.google.android.apps.wearable.settings/com.google.android.clockwork.settings.SettingsActivity EXITING} couldn't find taskId=14 Callers=com.android.server.wm.WindowState.getDisplayContent:721 com.android.server.wm.WindowStateAnimator.stepAnimationLocked:263 com.android.server.wm.WindowAnimator.updateWindowsLocked:225 com.android.server.wm.WindowAnimator.animateLocked:508
10-13 08:52:58.332    1748-1774/? E/WindowState﹕ getStack: Window{add77a50 u0 com.google.android.apps.wearable.settings/com.google.android.clockwork.settings.SettingsActivity EXITING} couldn't find taskId=14 Callers=com.android.server.wm.WindowState.getDisplayContent:721 com.android.server.wm.WindowState.getDisplayId:726 com.android.server.wm.WindowStateAnimator.computeShownFrameLocked:912 com.android.server.wm.WindowStateAnimator.prepareSurfaceLocked:1258
10-13 08:52:58.332    1748-1774/? E/WindowState﹕ getStack: Window{add77a50 u0 com.google.android.apps.wearable.settings/com.google.android.clockwork.settings.SettingsActivity EXITING} couldn't find taskId=14 Callers=com.android.server.wm.WindowState.getDisplayContent:721 com.android.server.wm.WindowStateAnimator.updateSurfaceWindowCrop:1119 com.android.server.wm.WindowStateAnimator.setSurfaceBoundariesLocked:1241 com.android.server.wm.WindowStateAnimator.prepareSurfaceLocked:1260
10-13 08:52:58.332    1748-1774/? E/WindowState﹕ getStack: Window{add77a50 u0 com.google.android.apps.wearable.settings/com.google.android.clockwork.settings.SettingsActivity EXITING} couldn't find taskId=14 Callers=com.android.server.wm.WindowState.getDisplayContent:721 com.android.server.wm.WindowState.isDefaultDisplay:1218 com.android.server.wm.WindowStateAnimator.updateSurfaceWindowCrop:1130 com.android.server.wm.WindowStateAnimator.setSurfaceBoundariesLocked:1241
10-13 08:52:58.332    1748-1774/? E/WindowState﹕ getStack: Window{add77a50 u0 com.google.android.apps.wearable.settings/com.google.android.clockwork.settings.SettingsActivity EXITING} couldn't find taskId=14 Callers=com.android.server.wm.WindowState.getDisplayContent:721 com.android.server.wm.WindowState.isDefaultDisplay:1223 com.android.server.wm.WindowStateAnimator.updateSurfaceWindowCrop:1130 com.android.server.wm.WindowStateAnimator.setSurfaceBoundariesLocked:1241
10-13 08:52:58.342    1748-3348/? E/WindowState﹕ getStack: Window{add77a50 u0 com.google.android.apps.wearable.settings/com.google.android.clockwork.settings.SettingsActivity EXITING} couldn't find taskId=14 Callers=com.android.server.wm.WindowManagerService.performLayoutAndPlaceSurfacesLockedInner:9196 com.android.server.wm.WindowManagerService.performLayoutAndPlaceSurfacesLockedLoop:8325 com.android.server.wm.WindowManagerService.performLayoutAndPlaceSurfacesLocked:8267 com.android.server.wm.WindowManagerService.relayoutWindow:3060
10-13 08:52:58.342    1748-3348/? E/WindowState﹕ getStack: Window{add77a50 u0 com.google.android.apps.wearable.settings/com.google.android.clockwork.settings.SettingsActivity EXITING} couldn't find taskId=14 Callers=com.android.server.wm.WindowState.getDisplayContent:721 com.android.server.wm.WindowManagerService.handleNotObscuredLocked:8982 com.android.server.wm.WindowManagerService.performLayoutAndPlaceSurfacesLockedInner:9206 com.android.server.wm.WindowManagerService.performLayoutAndPlaceSurfacesLockedLoop:8325
10-13 08:52:58.362    1748-3348/? E/WindowState﹕ getStack: Window{add77a50 u0 com.google.android.apps.wearable.settings/com.google.android.clockwork.settings.SettingsActivity EXITING} couldn't find taskId=14 Callers=com.android.server.wm.WindowState.getDisplayContent:721 com.android.server.wm.WindowStateAnimator.updateSurfaceWindowCrop:1119 com.android.server.wm.WindowStateAnimator.setSurfaceBoundariesLocked:1241 com.android.server.wm.WindowManagerService.performLayoutAndPlaceSurfacesLockedInner:9277
10-13 08:52:58.362    1748-3348/? E/WindowState﹕ getStack: Window{add77a50 u0 com.google.android.apps.wearable.settings/com.google.android.clockwork.settings.SettingsActivity EXITING} couldn't find taskId=14 Callers=com.android.server.wm.WindowState.getDisplayContent:721 com.android.server.wm.WindowState.isDefaultDisplay:1218 com.android.server.wm.WindowStateAnimator.updateSurfaceWindowCrop:1130 com.android.server.wm.WindowStateAnimator.setSurfaceBoundariesLocked:1241
10-13 08:52:58.362    1748-3348/? E/WindowState﹕ getStack: Window{add77a50 u0 com.google.android.apps.wearable.settings/com.google.android.clockwork.settings.SettingsActivity EXITING} couldn't find taskId=14 Callers=com.android.server.wm.WindowState.getDisplayContent:721 com.android.server.wm.WindowState.isDefaultDisplay:1223 com.android.server.wm.WindowStateAnimator.updateSurfaceWindowCrop:1130 com.android.server.wm.WindowStateAnimator.setSurfaceBoundariesLocked:1241
10-13 08:52:58.362    1748-3348/? E/WindowState﹕ getStack: Window{add77a50 u0 com.google.android.apps.wearable.settings/com.google.android.clockwork.settings.SettingsActivity EXITING} couldn't find taskId=14 Callers=com.android.server.wm.DisplayContent.setTouchExcludeRegion:237 com.android.server.wm.WindowManagerService.setFocusedStackFrame:3838 com.android.server.wm.WindowManagerService.performLayoutAndPlaceSurfacesLockedInner:9589 com.android.server.wm.WindowManagerService.performLayoutAndPlaceSurfacesLockedLoop:8325
10-13 08:52:58.372    1748-1774/? E/WindowState﹕ getStack: Window{add77a50 u0 com.google.android.apps.wearable.settings/com.google.android.clockwork.settings.SettingsActivity EXITING} couldn't find taskId=14 Callers=com.android.server.wm.WindowState.getDisplayContent:721 com.android.server.wm.WindowStateAnimator.stepAnimationLocked:263 com.android.server.wm.WindowAnimator.updateWindowsLocked:225 com.android.server.wm.WindowAnimator.animateLocked:508
10-13 08:52:58.372    1748-1774/? E/WindowState﹕ getStack: Window{add77a50 u0 com.google.android.apps.wearable.settings/com.google.android.clockwork.settings.SettingsActivity EXITING} couldn't find taskId=14 Callers=com.android.server.wm.WindowState.getDisplayContent:721 com.android.server.wm.WindowState.getDisplayId:726 com.android.server.wm.WindowStateAnimator.computeShownFrameLocked:912 com.android.server.wm.WindowStateAnimator.prepareSurfaceLocked:1258
10-13 08:52:58.372    1748-1774/? E/WindowState﹕ getStack: Window{add77a50 u0 com.google.android.apps.wearable.settings/com.google.android.clockwork.settings.SettingsActivity EXITING} couldn't find taskId=14 Callers=com.android.server.wm.WindowState.getDisplayContent:721 com.android.server.wm.WindowStateAnimator.updateSurfaceWindowCrop:1119 com.android.server.wm.WindowStateAnimator.setSurfaceBoundariesLocked:1241 com.android.server.wm.WindowStateAnimator.prepareSurfaceLocked:1260
10-13 08:52:58.372    1748-1774/? E/WindowState﹕ getStack: Window{add77a50 u0 com.google.android.apps.wearable.settings/com.google.android.clockwork.settings.SettingsActivity EXITING} couldn't find taskId=14 Callers=com.android.server.wm.WindowState.getDisplayContent:721 com.android.server.wm.WindowState.isDefaultDisplay:1218 com.android.server.wm.WindowStateAnimator.updateSurfaceWindowCrop:1130 com.android.server.wm.WindowStateAnimator.setSurfaceBoundariesLocked:1241
10-13 08:52:58.372    1748-1774/? E/WindowState﹕ getStack: Window{add77a50 u0 com.google.android.apps.wearable.settings/com.google.android.clockwork.settings.SettingsActivity EXITING} couldn't find taskId=14 Callers=com.android.server.wm.WindowState.getDisplayContent:721 com.android.server.wm.WindowState.isDefaultDisplay:1223 com.android.server.wm.WindowStateAnimator.updateSurfaceWindowCrop:1130 com.android.server.wm.WindowStateAnimator.setSurfaceBoundariesLocked:1241
10-13 08:52:58.392    5637-5637/? V/WearActivity﹕ Resume!
10-13 08:52:58.392    5637-5637/? V/ClockFace﹕ clearing caches
10-13 08:52:58.392    5637-5637/? V/MyViewAnim﹕ resuming old animator!
10-13 08:52:58.392    5637-5637/? V/WearActivity﹕ initializing second-scale alarm
10-13 08:52:58.392    1748-1774/? E/WindowState﹕ getStack: Window{add77a50 u0 com.google.android.apps.wearable.settings/com.google.android.clockwork.settings.SettingsActivity EXITING} couldn't find taskId=14 Callers=com.android.server.wm.WindowManagerService.performLayoutAndPlaceSurfacesLockedInner:9196 com.android.server.wm.WindowManagerService.performLayoutAndPlaceSurfacesLockedLoop:8325 com.android.server.wm.WindowManagerService.performLayoutAndPlaceSurfacesLocked:8267 com.android.server.wm.WindowManagerService.access$400:158
10-13 08:52:58.402    1748-1774/? E/WindowState﹕ getStack: Window{add77a50 u0 com.google.android.apps.wearable.settings/com.google.android.clockwork.settings.SettingsActivity EXITING} couldn't find taskId=14 Callers=com.android.server.wm.WindowState.getDisplayContent:721 com.android.server.wm.WindowManagerService.handleNotObscuredLocked:8982 com.android.server.wm.WindowManagerService.performLayoutAndPlaceSurfacesLockedInner:9206 com.android.server.wm.WindowManagerService.performLayoutAndPlaceSurfacesLockedLoop:8325
10-13 08:52:58.402    1748-1774/? E/WindowState﹕ getStack: Window{add77a50 u0 com.google.android.apps.wearable.settings/com.google.android.clockwork.settings.SettingsActivity EXITING} couldn't find taskId=14 Callers=com.android.server.wm.WindowState.getDisplayContent:721 com.android.server.wm.WindowStateAnimator.updateSurfaceWindowCrop:1119 com.android.server.wm.WindowStateAnimator.setSurfaceBoundariesLocked:1241 com.android.server.wm.WindowManagerService.performLayoutAndPlaceSurfacesLockedInner:9277
10-13 08:52:58.402    1748-1774/? E/WindowState﹕ getStack: Window{add77a50 u0 com.google.android.apps.wearable.settings/com.google.android.clockwork.settings.SettingsActivity EXITING} couldn't find taskId=14 Callers=com.android.server.wm.WindowState.getDisplayContent:721 com.android.server.wm.WindowState.isDefaultDisplay:1218 com.android.server.wm.WindowStateAnimator.updateSurfaceWindowCrop:1130 com.android.server.wm.WindowStateAnimator.setSurfaceBoundariesLocked:1241
10-13 08:52:58.402    1748-1774/? E/WindowState﹕ getStack: Window{add77a50 u0 com.google.android.apps.wearable.settings/com.google.android.clockwork.settings.SettingsActivity EXITING} couldn't find taskId=14 Callers=com.android.server.wm.WindowState.getDisplayContent:721 com.android.server.wm.WindowState.isDefaultDisplay:1223 com.android.server.wm.WindowStateAnimator.updateSurfaceWindowCrop:1130 com.android.server.wm.WindowStateAnimator.setSurfaceBoundariesLocked:1241
10-13 08:52:58.402    1748-1774/? E/WindowState﹕ getStack: Window{add77a50 u0 com.google.android.apps.wearable.settings/com.google.android.clockwork.settings.SettingsActivity EXITING} couldn't find taskId=14 Callers=com.android.server.wm.DisplayContent.setTouchExcludeRegion:237 com.android.server.wm.WindowManagerService.setFocusedStackFrame:3838 com.android.server.wm.WindowManagerService.performLayoutAndPlaceSurfacesLockedInner:9589 com.android.server.wm.WindowManagerService.performLayoutAndPlaceSurfacesLockedLoop:8325
10-13 08:52:58.412    5637-7896/? V/ClockFace﹕ fetching new battery status (11253)
10-13 08:52:58.412    5637-7896/? V/ClockFace﹕ battery at 0.87
10-13 08:52:58.412    1748-1774/? E/WindowState﹕ getStack: Window{add77a50 u0 com.google.android.apps.wearable.settings/com.google.android.clockwork.settings.SettingsActivity EXITING} couldn't find taskId=14 Callers=com.android.server.wm.WindowState.getDisplayContent:721 com.android.server.wm.WindowStateAnimator.stepAnimationLocked:263 com.android.server.wm.WindowAnimator.updateWindowsLocked:225 com.android.server.wm.WindowAnimator.animateLocked:508
10-13 08:52:58.412    1748-1774/? E/WindowState﹕ getStack: Window{add77a50 u0 com.google.android.apps.wearable.settings/com.google.android.clockwork.settings.SettingsActivity EXITING} couldn't find taskId=14 Callers=com.android.server.wm.WindowState.getDisplayContent:721 com.android.server.wm.WindowState.getDisplayId:726 com.android.server.wm.WindowStateAnimator.computeShownFrameLocked:912 com.android.server.wm.WindowStateAnimator.prepareSurfaceLocked:1258
10-13 08:52:58.412    1748-1774/? E/WindowState﹕ getStack: Window{add77a50 u0 com.google.android.apps.wearable.settings/com.google.android.clockwork.settings.SettingsActivity EXITING} couldn't find taskId=14 Callers=com.android.server.wm.WindowState.getDisplayContent:721 com.android.server.wm.WindowStateAnimator.updateSurfaceWindowCrop:1119 com.android.server.wm.WindowStateAnimator.setSurfaceBoundariesLocked:1241 com.android.server.wm.WindowStateAnimator.prepareSurfaceLocked:1260
10-13 08:52:58.412    1748-1774/? E/WindowState﹕ getStack: Window{add77a50 u0 com.google.android.apps.wearable.settings/com.google.android.clockwork.settings.SettingsActivity EXITING} couldn't find taskId=14 Callers=com.android.server.wm.WindowState.getDisplayContent:721 com.android.server.wm.WindowState.isDefaultDisplay:1218 com.android.server.wm.WindowStateAnimator.updateSurfaceWindowCrop:1130 com.android.server.wm.WindowStateAnimator.setSurfaceBoundariesLocked:1241
10-13 08:52:58.412    1748-1774/? E/WindowState﹕ getStack: Window{add77a50 u0 com.google.android.apps.wearable.settings/com.google.android.clockwork.settings.SettingsActivity EXITING} couldn't find taskId=14 Callers=com.android.server.wm.WindowState.getDisplayContent:721 com.android.server.wm.WindowState.isDefaultDisplay:1223 com.android.server.wm.WindowStateAnimator.updateSurfaceWindowCrop:1130 com.android.server.wm.WindowStateAnimator.setSurfaceBoundariesLocked:1241
10-13 08:52:58.452    1748-1774/? E/WindowState﹕ getStack: Window{add77a50 u0 com.google.android.apps.wearable.settings/com.google.android.clockwork.settings.SettingsActivity EXITING} couldn't find taskId=14 Callers=com.android.server.wm.WindowState.getDisplayContent:721 com.android.server.wm.WindowStateAnimator.stepAnimationLocked:263 com.android.server.wm.WindowAnimator.updateWindowsLocked:225 com.android.server.wm.WindowAnimator.animateLocked:508
10-13 08:52:58.462    1748-1774/? E/WindowState﹕ getStack: Window{add77a50 u0 com.google.android.apps.wearable.settings/com.google.android.clockwork.settings.SettingsActivity EXITING} couldn't find taskId=14 Callers=com.android.server.wm.WindowState.getDisplayContent:721 com.android.server.wm.WindowState.getDisplayId:726 com.android.server.wm.WindowStateAnimator.computeShownFrameLocked:912 com.android.server.wm.WindowStateAnimator.prepareSurfaceLocked:1258
10-13 08:52:58.462    1748-1774/? E/WindowState﹕ getStack: Window{add77a50 u0 com.google.android.apps.wearable.settings/com.google.android.clockwork.settings.SettingsActivity EXITING} couldn't find taskId=14 Callers=com.android.server.wm.WindowState.getDisplayContent:721 com.android.server.wm.WindowStateAnimator.updateSurfaceWindowCrop:1119 com.android.server.wm.WindowStateAnimator.setSurfaceBoundariesLocked:1241 com.android.server.wm.WindowStateAnimator.prepareSurfaceLocked:1260
10-13 08:52:58.462    1748-1774/? E/WindowState﹕ getStack: Window{add77a50 u0 com.google.android.apps.wearable.settings/com.google.android.clockwork.settings.SettingsActivity EXITING} couldn't find taskId=14 Callers=com.android.server.wm.WindowState.getDisplayContent:721 com.android.server.wm.WindowState.isDefaultDisplay:1218 com.android.server.wm.WindowStateAnimator.updateSurfaceWindowCrop:1130 com.android.server.wm.WindowStateAnimator.setSurfaceBoundariesLocked:1241
10-13 08:52:58.462    1748-1774/? E/WindowState﹕ getStack: Window{add77a50 u0 com.google.android.apps.wearable.settings/com.google.android.clockwork.settings.SettingsActivity EXITING} couldn't find taskId=14 Callers=com.android.server.wm.WindowState.getDisplayContent:721 com.android.server.wm.WindowState.isDefaultDisplay:1223 com.android.server.wm.WindowStateAnimator.updateSurfaceWindowCrop:1130 com.android.server.wm.WindowStateAnimator.setSurfaceBoundariesLocked:1241
10-13 08:52:58.472    1748-2318/? E/WindowState﹕ getStack: Window{add77a50 u0 com.google.android.apps.wearable.settings/com.google.android.clockwork.settings.SettingsActivity EXITING} couldn't find taskId=14 Callers=com.android.server.wm.WindowManagerService.performLayoutAndPlaceSurfacesLockedInner:9196 com.android.server.wm.WindowManagerService.performLayoutAndPlaceSurfacesLockedLoop:8325 com.android.server.wm.WindowManagerService.performLayoutAndPlaceSurfacesLocked:8267 com.android.server.wm.WindowManagerService.relayoutWindow:3060
10-13 08:52:58.472    1748-2318/? E/WindowState﹕ getStack: Window{add77a50 u0 com.google.android.apps.wearable.settings/com.google.android.clockwork.settings.SettingsActivity EXITING} couldn't find taskId=14 Callers=com.android.server.wm.WindowState.getDisplayContent:721 com.android.server.wm.WindowManagerService.handleNotObscuredLocked:8982 com.android.server.wm.WindowManagerService.performLayoutAndPlaceSurfacesLockedInner:9206 com.android.server.wm.WindowManagerService.performLayoutAndPlaceSurfacesLockedLoop:8325
10-13 08:52:58.472    1748-2318/? E/WindowState﹕ getStack: Window{add77a50 u0 com.google.android.apps.wearable.settings/com.google.android.clockwork.settings.SettingsActivity EXITING} couldn't find taskId=14 Callers=com.android.server.wm.WindowState.getDisplayContent:721 com.android.server.wm.WindowStateAnimator.updateSurfaceWindowCrop:1119 com.android.server.wm.WindowStateAnimator.setSurfaceBoundariesLocked:1241 com.android.server.wm.WindowManagerService.performLayoutAndPlaceSurfacesLockedInner:9277
10-13 08:52:58.472    1748-2318/? E/WindowState﹕ getStack: Window{add77a50 u0 com.google.android.apps.wearable.settings/com.google.android.clockwork.settings.SettingsActivity EXITING} couldn't find taskId=14 Callers=com.android.server.wm.WindowState.getDisplayContent:721 com.android.server.wm.WindowState.isDefaultDisplay:1218 com.android.server.wm.WindowStateAnimator.updateSurfaceWindowCrop:1130 com.android.server.wm.WindowStateAnimator.setSurfaceBoundariesLocked:1241
10-13 08:52:58.472    1748-2318/? E/WindowState﹕ getStack: Window{add77a50 u0 com.google.android.apps.wearable.settings/com.google.android.clockwork.settings.SettingsActivity EXITING} couldn't find taskId=14 Callers=com.android.server.wm.WindowState.getDisplayContent:721 com.android.server.wm.WindowState.isDefaultDisplay:1223 com.android.server.wm.WindowStateAnimator.updateSurfaceWindowCrop:1130 com.android.server.wm.WindowStateAnimator.setSurfaceBoundariesLocked:1241
10-13 08:52:58.482    1748-2318/? E/WindowState﹕ getStack: Window{add77a50 u0 com.google.android.apps.wearable.settings/com.google.android.clockwork.settings.SettingsActivity EXITING} couldn't find taskId=14 Callers=com.android.server.wm.DisplayContent.setTouchExcludeRegion:237 com.android.server.wm.WindowManagerService.setFocusedStackFrame:3838 com.android.server.wm.WindowManagerService.performLayoutAndPlaceSurfacesLockedInner:9589 com.android.server.wm.WindowManagerService.performLayoutAndPlaceSurfacesLockedLoop:8325
10-13 08:52:58.492    1748-1774/? E/WindowState﹕ getStack: Window{add77a50 u0 com.google.android.apps.wearable.settings/com.google.android.clockwork.settings.SettingsActivity EXITING} couldn't find taskId=14 Callers=com.android.server.wm.WindowManagerService.performLayoutAndPlaceSurfacesLockedInner:9196 com.android.server.wm.WindowManagerService.performLayoutAndPlaceSurfacesLockedLoop:8325 com.android.server.wm.WindowManagerService.performLayoutAndPlaceSurfacesLocked:8267 com.android.server.wm.WindowManagerService.access$400:158
10-13 08:52:58.492    1748-1774/? E/WindowState﹕ getStack: Window{add77a50 u0 com.google.android.apps.wearable.settings/com.google.android.clockwork.settings.SettingsActivity EXITING} couldn't find taskId=14 Callers=com.android.server.wm.WindowState.getDisplayContent:721 com.android.server.wm.WindowManagerService.handleNotObscuredLocked:8982 com.android.server.wm.WindowManagerService.performLayoutAndPlaceSurfacesLockedInner:9206 com.android.server.wm.WindowManagerService.performLayoutAndPlaceSurfacesLockedLoop:8325
10-13 08:52:58.492    1748-1774/? E/WindowState﹕ getStack: Window{add77a50 u0 com.google.android.apps.wearable.settings/com.google.android.clockwork.settings.SettingsActivity EXITING} couldn't find taskId=14 Callers=com.android.server.wm.WindowState.getDisplayContent:721 com.android.server.wm.WindowStateAnimator.updateSurfaceWindowCrop:1119 com.android.server.wm.WindowStateAnimator.setSurfaceBoundariesLocked:1241 com.android.server.wm.WindowManagerService.performLayoutAndPlaceSurfacesLockedInner:9277
10-13 08:52:58.502    1748-1774/? E/WindowState﹕ getStack: Window{add77a50 u0 com.google.android.apps.wearable.settings/com.google.android.clockwork.settings.SettingsActivity EXITING} couldn't find taskId=14 Callers=com.android.server.wm.WindowState.getDisplayContent:721 com.android.server.wm.WindowState.isDefaultDisplay:1218 com.android.server.wm.WindowStateAnimator.updateSurfaceWindowCrop:1130 com.android.server.wm.WindowStateAnimator.setSurfaceBoundariesLocked:1241
10-13 08:52:58.512    5637-7896/? V/ClockFace﹕ rendering new face, faceMode(0)
10-13 08:52:58.512    1748-1774/? E/WindowState﹕ getStack: Window{add77a50 u0 com.google.android.apps.wearable.settings/com.google.android.clockwork.settings.SettingsActivity EXITING} couldn't find taskId=14 Callers=com.android.server.wm.WindowState.getDisplayContent:721 com.android.server.wm.WindowState.isDefaultDisplay:1223 com.android.server.wm.WindowStateAnimator.updateSurfaceWindowCrop:1130 com.android.server.wm.WindowStateAnimator.setSurfaceBoundariesLocked:1241
10-13 08:52:58.512    1748-1774/? W/WindowManager﹕ On display=0 Rebuild removed 2 windows but added 1
    java.lang.RuntimeException: here
            at com.android.server.wm.WindowManagerService.rebuildAppWindowListLocked(WindowManagerService.java:8172)
            at com.android.server.wm.WindowManagerService.rebuildAppWindowListLocked(WindowManagerService.java:8099)
            at com.android.server.wm.WindowManagerService.handleAppTransitionReadyLocked(WindowManagerService.java:8591)
            at com.android.server.wm.WindowManagerService.performLayoutAndPlaceSurfacesLockedInner(WindowManagerService.java:9367)
            at com.android.server.wm.WindowManagerService.performLayoutAndPlaceSurfacesLockedLoop(WindowManagerService.java:8325)
            at com.android.server.wm.WindowManagerService.performLayoutAndPlaceSurfacesLocked(WindowManagerService.java:8267)
            at com.android.server.wm.WindowManagerService.access$400(WindowManagerService.java:158)
            at com.android.server.wm.WindowManagerService$H.handleMessage(WindowManagerService.java:7272)
            at android.os.Handler.dispatchMessage(Handler.java:102)
            at android.os.Looper.loop(Looper.java:136)
            at android.os.HandlerThread.run(HandlerThread.java:61)
            at com.android.server.ServiceThread.run(ServiceThread.java:46)
10-13 08:52:58.512    1748-1774/? E/WindowState﹕ getStack: Window{add77a50 u0 com.google.android.apps.wearable.settings/com.google.android.clockwork.settings.SettingsActivity EXITING} couldn't find taskId=14 Callers=com.android.server.wm.WindowState.getDisplayContent:721 com.android.server.wm.WindowState.getDisplayId:726 com.android.server.wm.WindowState.dump:1388 com.android.server.wm.WindowManagerService.rebuildAppWindowListLocked:8180
10-13 08:52:58.522    1748-1774/? W/WindowManager﹕ This window was lost: Window{add77a50 u0 com.google.android.apps.wearable.settings/com.google.android.clockwork.settings.SettingsActivity EXITING}
10-13 08:52:58.522    1748-1774/? W/WindowManager﹕ mDisplayId=0 mSession=Session{ae004bd0 1947:1000} mClient=android.os.BinderProxy@add666e0
    mOwnerUid=1000 mShowToOwnerOnly=true package=com.google.android.apps.wearable.settings appop=NONE
    mAttrs=WM.LayoutParams{(277,0)(fillxfill) sim=#20 ty=1 fl=#3810300 pfl=0x8 wanim=0x10302fc alpha=0.5671875}
    Requested w=320 h=320 mLayoutSeq=4140
    mBaseLayer=21000 mSubLayer=0 mAnimLayer=21005+0=21005 mLastLayer=21005
    mToken=AppWindowToken{ae0b0d80 token=Token{ade4fe50 ActivityRecord{add9a100 u0 com.google.android.apps.wearable.settings/com.google.android.clockwork.settings.SettingsActivity t14}}}
    mRootToken=AppWindowToken{ae0b0d80 token=Token{ade4fe50 ActivityRecord{add9a100 u0 com.google.android.apps.wearable.settings/com.google.android.clockwork.settings.SettingsActivity t14}}}
    mAppToken=AppWindowToken{ae0b0d80 token=Token{ade4fe50 ActivityRecord{add9a100 u0 com.google.android.apps.wearable.settings/com.google.android.clockwork.settings.SettingsActivity t14}}}
    mViewVisibility=0x0 mHaveFrame=true mObscured=false
    mSeq=0 mSystemUiVisibility=0x0
    mGivenContentInsets=[0,0][0,0] mGivenVisibleInsets=[0,0][0,0]
    mConfiguration={1.0 ?mcc?mnc en_US ldltr sw217dp w240dp h193dp 213dpi smll land watch finger -keyb/h/h -nav/h s.4}
    mHasSurface=true mShownFrame=[277.0,0.0][597.0,290.0] isReadyForDisplay()=true
    mFrame=[277,0][597,290] last=[277,0][597,290]
    mSystemDecorRect=[0,0][320,290] last=[0,0][320,290]
    Frames: containing=[0,0][320,290] parent=[0,0][320,290]
    display=[-10000,-10000][10000,10000] overscan=[-10000,-10000][10000,10000]
    content=[277,0][597,290] visible=[277,0][597,290]
    decor=[0,0][320,260]
    Cur insets: overscan=[0,0][0,0] content=[0,0][0,0] visible=[0,0][0,0]
    Lst insets: overscan=[0,0][0,0] content=[0,0][0,0] visible=[0,0][0,0]
    WindowStateAnimator{adf7d0f8 com.google.android.apps.wearable.settings/com.google.android.clockwork.settings.SettingsActivity}:
    mAnimating=true mLocalAnimating=false mAnimationIsEntrance=false mAnimation=null
    XForm: has=true hasLocal=false {alpha=1.0 matrix=[1.0, 0.0, 0.0][0.0, 1.0, 0.0][0.0, 0.0, 1.0]}
    mSurface=Surface(name=com.google.android.apps.wearable.settings/com.google.android.clockwork.settings.SettingsActivity)
    mDrawState=HAS_DRAWN mLastHidden=false
    Surface: shown=true layer=21005 alpha=0.5671875 rect=(277.0,0.0) 320.0 x 290.0
    mShownAlpha=0.5671875 mAlpha=0.5671875 mLastAlpha=0.5671875
    mGlobalScale=1.0 mDsDx=1.0 mDtDx=0.0 mDsDy=0.0 mDtDy=1.0
    mExiting=true mRemoveOnExit=true mDestroying=false mRemoved=false
10-13 08:52:58.532    1748-1774/? W/WindowManager﹕ Current app token list:
10-13 08:52:58.532    1748-1774/? V/WindowManager﹕ Stack #0 tasks from bottom to top:
10-13 08:52:58.532    1748-1774/? V/WindowManager﹕ Task #15 activities from bottom to top:
10-13 08:52:58.532    1748-1774/? V/WindowManager﹕ activity #0: Token{adeeb0c8 ActivityRecord{adfcc670 u0 com.google.android.wearable.app/com.google.android.clockwork.home.HomeActivity t15}}
10-13 08:52:58.532    1748-1774/? V/WindowManager﹕ Stack #16 tasks from bottom to top:
10-13 08:52:58.532    1748-1774/? V/WindowManager﹕ Task #17 activities from bottom to top:
10-13 08:52:58.532    1748-1774/? V/WindowManager﹕ activity #0: Token{adf30720 ActivityRecord{add97ef0 u0 org.dwallach.calwatch/.WearActivity t17}}
10-13 08:52:58.532    1748-1774/? W/WindowManager﹕ Final window list:
10-13 08:52:58.532    1748-1774/? V/WindowManager﹕ Display #0
10-13 08:52:58.532    1748-1774/? V/WindowManager﹕ #1: Window{ade2e6e8 u0 KeyguardScrim}
10-13 08:52:58.532    1748-1774/? V/WindowManager﹕ #0: Window{add35078 u0 com.google.android.wearable.app/com.google.android.clockwork.home.HomeActivity}
10-13 08:52:58.532    1748-1774/? V/WindowManager﹕ Display #12
10-13 08:52:58.532    1748-1774/? V/WindowManager﹕ #1: Window{add2ec10 u0 org.dwallach.calwatch/org.dwallach.calwatch.WearActivity}
10-13 08:52:58.532    1748-1774/? V/WindowManager﹕ #0: Window{add53f88 u0 SurfaceView}
10-13 08:52:58.542    1413-1413/? W/SurfaceFlinger﹕ couldn't log to binary event log: overflow.
10-13 08:52:58.662    1748-1750/? D/dalvikvm﹕ GC_CONCURRENT freed 777K, 32% free 4716K/6844K, paused 8ms+8ms, total 144ms
10-13 08:53:00.014    2030-2067/? W/bt-btif﹕ dm_pm_timer expires
10-13 08:53:00.014    2030-2067/? W/bt-btif﹕ dm_pm_timer expires 0
10-13 08:53:00.014    2030-2067/? W/bt-btif﹕ proc dm_pm_timer expires
10-13 08:53:00.014    2030-2067/? E/bt-btif﹕ bta_dm_pm_sniff BTM_SetPowerMode() returns ERROR status=3
10-13 08:53:02.976    2030-2067/? W/bt-btif﹕ dm_pm_timer expires
10-13 08:53:02.976    2030-2067/? W/bt-btif﹕ dm_pm_timer expires 0
10-13 08:53:02.976    2030-2067/? W/bt-btif﹕ proc dm_pm_timer expires
10-13 08:53:02.976    2030-2067/? E/bt-btif﹕ bta_dm_pm_sniff BTM_SetPowerMode() returns ERROR status=3
10-13 08:53:04.978    2030-2067/? W/bt-btif﹕ dm_pm_timer expires
10-13 08:53:04.978    2030-2067/? W/bt-btif﹕ dm_pm_timer expires 0
10-13 08:53:04.978    2030-2067/? W/bt-btif﹕ proc dm_pm_timer expires
10-13 08:53:07.531    2030-2067/? W/bt-btif﹕ dm_pm_timer expires
10-13 08:53:07.531    2030-2067/? W/bt-btif﹕ dm_pm_timer expires 0
10-13 08:53:07.531    2030-2067/? W/bt-btif﹕ proc dm_pm_timer expires
10-13 08:53:07.741    1748-1779/? I/PowerManagerService﹕ Going to sleep due to screen timeout...
10-13 08:53:07.751    5637-5637/? V/WearActivity﹕ Pause!
10-13 08:53:07.751    1748-1779/? I/PowerManagerService﹕ Dozing...
10-13 08:53:07.781    1748-1771/? I/DreamController﹕ Starting dream: name=ComponentInfo{com.google.android.wearable.app/com.google.android.clockwork.home.AmbientMode}, isTest=false, canDoze=true, userId=0
10-13 08:53:07.791    1415-2734/? D/mot_vr_audio_hw﹕ dsp_recognizer_enabled = false
10-13 08:53:07.791    7638-7638/? D/ADSPD﹕ Client cmd=0x0003, size=4
10-13 08:53:07.791    5637-5637/? V/WearActivity﹕ Stop!
10-13 08:53:07.801    1415-7911/? D/mot_vr_audio_hw﹕ Switching DSP to standby/passthrough mode
10-13 08:53:07.801    1415-7911/? D/mot_vr_audio_hw﹕ Input 0xb71af6a8 ready to read
10-13 08:53:07.801    7638-7638/? D/ADSPD﹕ Received from DSP: cmd=0x8003, size=2
10-13 08:53:07.801    7638-7638/? D/ADSPD﹕ Client cmd=0x0003, size=4
10-13 08:53:07.801    1415-7641/? D/mot_vr_audio_hw﹕ received recognition control callback, status 0
10-13 08:53:07.811    1748-1748/? W/InputMethodManagerService﹕ Ignoring setImeWindowStatus of uid 1000 token: null
10-13 08:53:07.821    7638-7638/? D/ADSPD﹕ Received from DSP: cmd=0x8003, size=2
10-13 08:53:07.821    1415-7641/? D/mot_vr_audio_hw﹕ received recognition control callback, status 0
10-13 08:53:07.851    1415-7911/? W/mot_vr_audio_hw﹕ Discarded 10 buffers without finding audio data
10-13 08:53:07.861    7638-7638/? D/ADSPD﹕ Client cmd=0x0003, size=4
10-13 08:53:07.861    1415-7911/? D/mot_vr_audio_hw﹕ Re-arming DSP
10-13 08:53:07.861    1415-7911/? D/mot_vr_audio_hw﹕ Input 0xb71af6a8 standby complete
10-13 08:53:07.871    1415-1415/? D/mot_vr_audio_hw﹕ Input 0xb71af6a8 close complete
10-13 08:53:07.871    7638-7638/? D/ADSPD﹕ Received from DSP: cmd=0x8003, size=2
10-13 08:53:07.871    7638-7638/? D/ADSPD﹕ Client cmd=0x4003, size=2
10-13 08:53:07.871    1415-7641/? D/mot_vr_audio_hw﹕ received recognition control callback, status 0
10-13 08:53:07.931    1748-2677/? I/ActivityManager﹕ START u0 {act=android.intent.action.MAIN cat=[android.intent.category.HOME] flg=0x10000000 cmp=com.google.android.wearable.app/com.google.android.clockwork.home.HomeActivity (has extras)} from pid 7783 on display 0
10-13 08:53:07.951    1748-1771/? I/DreamController﹕ Stopping dream: name=ComponentInfo{com.google.android.wearable.app/com.google.android.clockwork.home.AmbientMode}, isTest=false, canDoze=true, userId=0
10-13 08:53:07.961    1748-1779/? I/PowerManagerService﹕ Sleeping...
10-13 08:53:08.061    1748-2335/? I/ActivityManager﹕ Activity reported stop, but no longer stopping: ActivityRecord{adfcc670 u0 com.google.android.wearable.app/com.google.android.clockwork.home.HomeActivity t15}
10-13 08:53:08.071    7783-7783/? I/AmbientMode﹕ Ambient mode started: canDoze=true, dozeHardware=null
10-13 08:53:08.081    1415-2205/? D/mot_vr_audio_hw﹕ dsp_recognizer_enabled = true
10-13 08:53:08.081    7638-7638/? D/ADSPD﹕ Client cmd=0x0003, size=4
10-13 08:53:08.081    1415-2801/? D/mot_vr_audio_hw﹕ open_input_stream(): devices = 0x80000004, rate = 8000, channels = 0x10
10-13 08:53:08.081    1415-2801/? D/mot_vr_audio_hw﹕ Created resampler for 16000->8000 Hz
10-13 08:53:08.101    7638-7638/? D/ADSPD﹕ Received from DSP: cmd=0x8003, size=2
10-13 08:53:08.101    7638-7638/? D/ADSPD﹕ Client cmd=0x4003, size=2
10-13 08:53:08.101    1415-7641/? D/mot_vr_audio_hw﹕ received recognition control callback, status 0
10-13 08:53:08.111    1415-7913/? D/mot_vr_audio_hw﹕ in_read waiting for hotword
10-13 08:53:08.131    1415-1415/? D/mot_vr_audio_hw﹕ dsp_recognizer_enabled = false
10-13 08:53:08.131    7638-7638/? D/ADSPD﹕ Client cmd=0x0003, size=4
10-13 08:53:08.141    1415-7913/? D/mot_vr_audio_hw﹕ Switching DSP to standby/passthrough mode
10-13 08:53:08.141    1415-7913/? D/mot_vr_audio_hw﹕ Input 0xb71af6a8 ready to read
10-13 08:53:08.151    7638-7638/? D/ADSPD﹕ Received from DSP: cmd=0x8003, size=2
10-13 08:53:08.151    7638-7638/? D/ADSPD﹕ Client cmd=0x0003, size=4
10-13 08:53:08.151    1415-7641/? D/mot_vr_audio_hw﹕ received recognition control callback, status 0
10-13 08:53:08.161    7638-7638/? D/ADSPD﹕ Received from DSP: cmd=0x8003, size=2
10-13 08:53:08.172    1415-7641/? D/mot_vr_audio_hw﹕ received recognition control callback, status 0
10-13 08:53:08.192    1415-7913/? W/mot_vr_audio_hw﹕ Discarded 10 buffers without finding audio data
10-13 08:53:08.202    7638-7638/? D/ADSPD﹕ Client cmd=0x0003, size=4
10-13 08:53:08.202    1415-7913/? D/mot_vr_audio_hw﹕ Re-arming DSP
10-13 08:53:08.202    1415-7913/? D/mot_vr_audio_hw﹕ Input 0xb71af6a8 standby complete
10-13 08:53:08.212    7638-7638/? D/ADSPD﹕ Received from DSP: cmd=0x8003, size=2
10-13 08:53:08.212    1415-7641/? D/mot_vr_audio_hw﹕ received recognition control callback, status 0
10-13 08:53:08.222    7638-7638/? D/ADSPD﹕ Client cmd=0x4003, size=2
10-13 08:53:08.222    1415-2205/? D/mot_vr_audio_hw﹕ Input 0xb71af6a8 close complete
10-13 08:53:08.252    7783-7783/? I/AmbientMode﹕ Dream ended: isDozing=true
10-13 08:53:08.532    1748-1806/? D/LightsService﹕ Excessive delay setting light: 124ms
10-13 08:53:08.532    1413-1413/? D/SurfaceFlinger﹕ Screen released, type=0 flinger=0xb8e4d448
10-13 08:53:08.682    1413-1413/? D/hwcomposer﹕ hwc_blank(0: 1)
10-13 08:53:08.682    1748-1806/? D/SurfaceControl﹕ Excessive delay in blankDisplay() while turning screen off: 145ms
10-13 08:53:08.682    1748-1774/? I/DisplayManagerService﹕ Display device changed: DisplayDeviceInfo{"Built-in Screen": 320 x 290, 45.000004 fps, density 213, 90.31111 x 136.40741 dpi, touch INTERNAL, rotation 0, type BUILT_IN, state OFF, FLAG_DEFAULT_DISPLAY, FLAG_ROTATES_WITH_CONTENT, FLAG_SECURE, FLAG_SUPPORTS_PROTECTED_BUFFERS}
10-13 08:53:08.692    5637-5637/? V/WearActivity﹕ display changed: 0, new state: 1
10-13 08:53:08.692    5637-5637/? I/TimeWrapper﹕ FPS: 10.180001, samples: 529
10-13 08:53:08.692    5637-5637/? I/TimeWrapper﹕ Min/Avg/Max frame render speed (ms): 6.134033 / 10.243406 / 79.833984
10-13 08:53:08.692    5637-5637/? I/TimeWrapper﹕ Waketime: 10.42779%
10-13 08:53:08.692    5637-5637/? I/ClockFace﹕ Ambient mode: true
10-13 08:53:08.692    5637-5637/? V/ClockFace﹕ clearing caches
10-13 08:53:08.692    5637-5637/? V/MyViewAnim﹕ stopping animation!
10-13 08:53:08.692    5637-5637/? V/WearActivity﹕ onDisplayChanged: off!
10-13 08:53:08.692    1748-1748/? V/ActivityManager﹕ Display changed displayId=0
10-13 08:53:08.712    1748-1779/? D/MinnowPowerHAL﹕ power_set_interactive: 0
10-13 08:53:08.712    1748-1779/? D/MinnowPowerHAL﹕ sysfs_write: /sys/devices/platform/omapdss/display0/interactivemode 0
10-13 08:53:08.712    1748-1779/? D/MinnowPowerHAL﹕ sysfs_write: /sys/devices/ocp.2/i2c.6/i2c-0/0-004a/interactivemode 0
10-13 08:53:08.712    1748-1779/? D/mot_vr_audio_hw﹕ dsp_set_pm_state = off
10-13 08:53:08.712    7638-7638/? D/ADSPD﹕ Client cmd=0x4002, size=2
10-13 08:53:08.712    7638-7638/? D/ADSPD﹕ DSP_CMD_DAEMON_SET_PM_STATE : 0
10-13 08:53:08.712    5637-7896/? V/ClockFace﹕ rendering new face, faceMode(0)
10-13 08:53:08.732    5637-7896/? V/MyViewAnim﹕ looper finished!
10-13 08:53:10.324    2030-2067/? W/bt-btif﹕ dm_pm_timer expires
10-13 08:53:10.324    2030-2067/? W/bt-btif﹕ dm_pm_timer expires 0
10-13 08:53:10.324    2030-2067/? W/bt-btif﹕ proc dm_pm_timer expires
10-13 08:53:12.096    1748-1782/? I/PowerManagerService﹕ Waking up from sleep...
10-13 08:53:12.096    1748-1772/? W/KeyguardServiceDelegate﹕ onScreenTurnedOn(): no keyguard service!
10-13 08:53:12.106    5637-5637/? V/WearActivity﹕ display changed: 0, new state: 1
10-13 08:53:12.106    5637-5637/? I/ClockFace﹕ Ambient mode: true
10-13 08:53:12.106    5637-5637/? V/MyViewAnim﹕ stopping animation!
10-13 08:53:12.106    5637-5637/? V/WearActivity﹕ onDisplayChanged: off!
10-13 08:53:12.116    7783-7783/? E/ClockworkHome﹕ Tried to exit ambient mode, but enterAmbientMode() was never called.
10-13 08:53:12.116    1415-2801/? D/mot_vr_audio_hw﹕ dsp_recognizer_enabled = true
10-13 08:53:12.116    7638-7638/? D/ADSPD﹕ Client cmd=0x0003, size=4
10-13 08:53:12.116    7638-7638/? D/ADSPD﹕ Trying to send to dsp while in dsp in RESET
10-13 08:53:12.116    1415-1531/? D/mot_vr_audio_hw﹕ open_input_stream(): devices = 0x80000004, rate = 8000, channels = 0x10
10-13 08:53:12.116    1415-1531/? D/mot_vr_audio_hw﹕ Created resampler for 16000->8000 Hz
10-13 08:53:12.116    7638-7638/? D/ADSPD﹕ Client cmd=0x4003, size=2
10-13 08:53:12.206    1748-1782/? D/PowerManagerService-JNI﹕ Excessive delay in autosuspend_disable() while turning screen on: 109ms
10-13 08:53:12.206    1748-1782/? D/MinnowPowerHAL﹕ power_set_interactive: 1
10-13 08:53:12.206    1748-1782/? D/MinnowPowerHAL﹕ sysfs_write: /sys/devices/platform/omapdss/display0/interactivemode 1
10-13 08:53:12.236    1748-1782/? D/MinnowPowerHAL﹕ sysfs_write: /sys/devices/ocp.2/i2c.6/i2c-0/0-004a/interactivemode 1
10-13 08:53:12.236    1748-1782/? D/mot_vr_audio_hw﹕ dsp_set_pm_state = on
10-13 08:53:12.236    7638-7638/? D/ADSPD﹕ Client cmd=0x4002, size=2
10-13 08:53:12.236    7638-7638/? D/ADSPD﹕ DSP_CMD_DAEMON_SET_PM_STATE : 1
10-13 08:53:12.236    1748-1782/? D/PowerManagerService-JNI﹕ Excessive delay in setInteractive(true) while turning screen on: 34ms
10-13 08:53:12.236    1415-7924/? D/mot_vr_audio_hw﹕ in_read waiting for hotword
10-13 08:53:12.246    1413-1413/? D/SurfaceFlinger﹕ Screen acquired, type=0 flinger=0xb8e4d448
10-13 08:53:12.246    1413-1413/? D/hwcomposer﹕ hwc_blank(0: 0)
10-13 08:53:12.266    1748-1748/? V/ActivityManager﹕ Display changed displayId=0
10-13 08:53:12.276    7638-7638/? D/ADSPD﹕ ACK success!
10-13 08:53:12.276    7638-7638/? D/ADSPD﹕ Enabling VR when bringing up DSP
10-13 08:53:12.286    5637-5637/? V/WearActivity﹕ Resume!
10-13 08:53:12.286    5637-5637/? V/ClockFace﹕ clearing caches
10-13 08:53:12.286    5637-5637/? V/MyViewAnim﹕ new animator starting
10-13 08:53:12.286    5637-5637/? V/MyViewAnim﹕ Time listener is up!
10-13 08:53:12.286    5637-5637/? V/MyViewAnim﹕ starting draw thread from scratch
10-13 08:53:12.286    1748-1774/? I/DisplayManagerService﹕ Display device changed: DisplayDeviceInfo{"Built-in Screen": 320 x 290, 45.000004 fps, density 213, 90.31111 x 136.40741 dpi, touch INTERNAL, rotation 0, type BUILT_IN, state ON, FLAG_DEFAULT_DISPLAY, FLAG_ROTATES_WITH_CONTENT, FLAG_SECURE, FLAG_SUPPORTS_PROTECTED_BUFFERS}
10-13 08:53:12.306    1748-1748/? W/InputMethodManagerService﹕ Ignoring setImeWindowStatus of uid 1000 token: null
10-13 08:53:12.306    1748-1748/? V/ActivityManager﹕ Display changed displayId=0
10-13 08:53:12.326    5637-5637/? V/WearActivity﹕ display changed: 0, new state: 2
10-13 08:53:12.326    5637-5637/? I/ClockFace﹕ Ambient mode: false
10-13 08:53:12.326    5637-5637/? V/ClockFace﹕ clearing caches
10-13 08:53:12.356    5637-5637/? V/ClockFace﹕ rendering new face, faceMode(0)
10-13 08:53:12.356    1748-1759/? D/SensorHAL﹕ adjustSensorHandle: handle = 9 adjustedHandle = 1
10-13 08:53:12.356    1748-1759/? D/SensorHAL﹕ adjustSensorHandle: handle = 9 adjustedHandle = 1
10-13 08:53:12.366    1748-2318/? D/SensorHAL﹕ adjustSensorHandle: handle = 9 adjustedHandle = 1
10-13 08:53:12.397    5637-5637/? V/ClockFace﹕ fetching new battery status (11655)
10-13 08:53:12.397    5637-5637/? V/ClockFace﹕ battery at 0.87
10-13 08:53:12.417    5637-5637/? V/ClockFace﹕ clearing caches
10-13 08:53:12.417    5637-5637/? V/MyViewAnim﹕ resuming old animator!
10-13 08:53:12.417    5637-5637/? V/WearActivity﹕ onDisplayChanged: on!
10-13 08:53:12.457    5637-7926/? V/ClockFace﹕ fetching new battery status (11656)
10-13 08:53:12.457    5637-7926/? V/ClockFace﹕ battery at 0.87
10-13 08:53:12.497    5637-7926/? V/ClockFace﹕ rendering new face, faceMode(0)
10-13 08:53:13.327    7783-7783/? D/GridViewPager﹕ Populate in layout
10-13 08:53:13.538    7396-7449/? D/dalvikvm﹕ GC_FOR_ALLOC freed 299K, 25% free 2291K/3048K, paused 40ms, total 47ms
10-13 08:53:13.668    1415-2205/? D/mot_vr_audio_hw﹕ dsp_recognizer_enabled = false
10-13 08:53:13.668    7638-7638/? D/ADSPD﹕ Client cmd=0x0003, size=4
10-13 08:53:13.668    1415-7924/? D/mot_vr_audio_hw﹕ Switching DSP to standby/passthrough mode
10-13 08:53:13.668    1415-7924/? D/mot_vr_audio_hw﹕ Input 0xb71af6a8 ready to read
10-13 08:53:13.678    7638-7638/? D/ADSPD﹕ Received from DSP: cmd=0x8003, size=2
10-13 08:53:13.678    7638-7638/? D/ADSPD﹕ Client cmd=0x0003, size=4
10-13 08:53:13.678    1415-7641/? D/mot_vr_audio_hw﹕ received recognition control callback, status 0
10-13 08:53:13.698    7638-7638/? D/ADSPD﹕ Received from DSP: cmd=0x8003, size=2
10-13 08:53:13.698    1415-7641/? D/mot_vr_audio_hw﹕ received recognition control callback, status 0
