10-25 23:14:43.334    1749-1776/? I/DreamController﹕ Stopping dream: name=ComponentInfo{com.google.android.wearable.app/com.google.android.clockwork.home.AmbientMode}, isTest=false, canDoze=true, userId=0
10-25 23:14:43.354    1749-1783/? I/PowerManagerService﹕ Sleeping...
10-25 23:14:43.374    9034-9034/? V/WearActivity﹕ Pause!
10-25 23:14:43.384    9034-9034/? V/WearActivity﹕ Stop!
10-25 23:14:43.384    1749-1749/? W/InputMethodManagerService﹕ Ignoring setImeWindowStatus of uid 1000 token: null
10-25 23:14:43.424    1922-1922/? I/AmbientMode﹕ Ambient mode started: canDoze=true, dozeHardware=null
10-25 23:14:43.424    1418-1520/? D/mot_vr_audio_hw﹕ dsp_recognizer_enabled = false
10-25 23:14:43.424    1411-1411/? D/ADSPD﹕ Client cmd=0x0003, size=4
10-25 23:14:43.434    1418-9077/? D/mot_vr_audio_hw﹕ Switching DSP to standby/passthrough mode
10-25 23:14:43.434    1418-9077/? D/mot_vr_audio_hw﹕ Input 0xb75c62c0 ready to read
10-25 23:14:43.444    1411-1411/? D/ADSPD﹕ Received from DSP: cmd=0x8003, size=2
10-25 23:14:43.444    1411-1411/? D/ADSPD﹕ Client cmd=0x0003, size=4
10-25 23:14:43.444    1418-2021/? D/mot_vr_audio_hw﹕ received recognition control callback, status 0
10-25 23:14:43.454    1411-1411/? D/ADSPD﹕ Received from DSP: cmd=0x8003, size=2
10-25 23:14:43.454    1418-2021/? D/mot_vr_audio_hw﹕ received recognition control callback, status 0
10-25 23:14:43.484    1418-9077/? W/mot_vr_audio_hw﹕ Discarded 10 buffers without finding audio data
10-25 23:14:43.494    1411-1411/? D/ADSPD﹕ Client cmd=0x0003, size=4
10-25 23:14:43.504    1418-9077/? D/mot_vr_audio_hw﹕ Re-arming DSP
10-25 23:14:43.504    1418-9077/? D/mot_vr_audio_hw﹕ Input 0xb75c62c0 standby complete
10-25 23:14:43.514    1411-1411/? D/ADSPD﹕ Received from DSP: cmd=0x8003, size=2
10-25 23:14:43.514    1418-2021/? D/mot_vr_audio_hw﹕ received recognition control callback, status 0
10-25 23:14:43.514    1411-1411/? D/ADSPD﹕ Client cmd=0x4003, size=2
10-25 23:14:43.514    1418-1418/? D/mot_vr_audio_hw﹕ Input 0xb75c62c0 close complete
10-25 23:14:43.524    1418-1817/? D/mot_vr_audio_hw﹕ dsp_recognizer_enabled = true
10-25 23:14:43.524    1411-1411/? D/ADSPD﹕ Client cmd=0x0003, size=4
10-25 23:14:43.524    1418-2243/? D/mot_vr_audio_hw﹕ open_input_stream(): devices = 0x80000004, rate = 8000, channels = 0x10
10-25 23:14:43.524    1418-2243/? D/mot_vr_audio_hw﹕ Created resampler for 16000->8000 Hz
10-25 23:14:43.534    1922-1922/? I/AmbientMode﹕ Dream ended: isDozing=true
10-25 23:14:43.534    1411-1411/? D/ADSPD﹕ Received from DSP: cmd=0x8003, size=2
10-25 23:14:43.534    1411-1411/? D/ADSPD﹕ Client cmd=0x4003, size=2
10-25 23:14:43.534    1418-2021/? D/mot_vr_audio_hw﹕ received recognition control callback, status 0
10-25 23:14:43.544    1418-9081/? D/mot_vr_audio_hw﹕ in_read waiting for hotword
10-25 23:14:43.604    1418-1817/? D/mot_vr_audio_hw﹕ dsp_recognizer_enabled = false
10-25 23:14:43.604    1411-1411/? D/ADSPD﹕ Client cmd=0x0003, size=4
10-25 23:14:43.604    1418-9081/? D/mot_vr_audio_hw﹕ Switching DSP to standby/passthrough mode
10-25 23:14:43.604    1418-9081/? D/mot_vr_audio_hw﹕ Input 0xb75c62c0 ready to read
10-25 23:14:43.614    1411-1411/? D/ADSPD﹕ Received from DSP: cmd=0x8003, size=2
10-25 23:14:43.614    1411-1411/? D/ADSPD﹕ Client cmd=0x0003, size=4
10-25 23:14:43.614    1418-2021/? D/mot_vr_audio_hw﹕ received recognition control callback, status 0
10-25 23:14:43.634    1411-1411/? D/ADSPD﹕ Received from DSP: cmd=0x8003, size=2
10-25 23:14:43.634    1418-2021/? D/mot_vr_audio_hw﹕ received recognition control callback, status 0
10-25 23:14:43.664    1418-9081/? W/mot_vr_audio_hw﹕ Discarded 10 buffers without finding audio data
10-25 23:14:43.664    1411-1411/? D/ADSPD﹕ Client cmd=0x0003, size=4
10-25 23:14:43.664    1418-9081/? D/mot_vr_audio_hw﹕ Re-arming DSP
10-25 23:14:43.664    1418-9081/? D/mot_vr_audio_hw﹕ Input 0xb75c62c0 standby complete
10-25 23:14:43.684    1411-1411/? D/ADSPD﹕ Received from DSP: cmd=0x8003, size=2
10-25 23:14:43.684    1418-2021/? D/mot_vr_audio_hw﹕ received recognition control callback, status 0
10-25 23:14:43.684    1411-1411/? D/ADSPD﹕ Client cmd=0x4003, size=2
10-25 23:14:43.684    1418-1520/? D/mot_vr_audio_hw﹕ Input 0xb75c62c0 close complete
10-25 23:14:44.014    1749-1834/? D/LightsService﹕ Excessive delay setting light: 92ms
10-25 23:14:44.014    1416-1416/? D/SurfaceFlinger﹕ Screen released, type=0 flinger=0xb8f42448
10-25 23:14:44.165    1416-1416/? D/hwcomposer﹕ hwc_blank(0: 1)
10-25 23:14:44.165    1749-1834/? D/SurfaceControl﹕ Excessive delay in blankDisplay() while turning screen off: 148ms
10-25 23:14:44.185    1749-1779/? I/DisplayManagerService﹕ Display device changed: DisplayDeviceInfo{"Built-in Screen": 320 x 290, 45.000004 fps, density 213, 203.2 x 204.61111 dpi, touch INTERNAL, rotation 0, type BUILT_IN, state OFF, FLAG_DEFAULT_DISPLAY, FLAG_ROTATES_WITH_CONTENT, FLAG_SECURE, FLAG_SUPPORTS_PROTECTED_BUFFERS}
10-25 23:14:44.185    1749-1749/? V/ActivityManager﹕ Display changed displayId=0
10-25 23:14:44.195    9034-9034/? V/WearActivity﹕ display changed: 0, new state: 1
10-25 23:14:44.195    9034-9034/? I/TimeWrapper﹕ FPS: 40.70342, samples: 233
10-25 23:14:44.195    9034-9034/? I/TimeWrapper﹕ Min/Avg/Max frame render speed (ms): 3.723145 / 5.447584 / 32.13501
10-25 23:14:44.195    9034-9034/? I/TimeWrapper﹕ Waketime: 22.173532%
10-25 23:14:44.195    9034-9034/? V/WearActivity﹕ onDisplayChanged: off!
10-25 23:14:44.195    9034-9034/? V/WearActivity﹕ stopHelper: shutting things down
10-25 23:14:44.215    1749-1783/? D/MinnowPowerHAL﹕ power_set_interactive: 0
10-25 23:14:44.215    1749-1783/? D/MinnowPowerHAL﹕ sysfs_write: /sys/devices/platform/omapdss/display0/interactivemode 0
10-25 23:14:44.215    1749-1783/? D/MinnowPowerHAL﹕ sysfs_write: /sys/devices/ocp.2/i2c.6/i2c-0/0-004a/interactivemode 0
10-25 23:14:44.215    9034-9034/? V/MyViewAnim﹕ stopping animation!
10-25 23:14:44.215    9034-9034/? V/MyViewAnim﹕ killDrawThread
10-25 23:14:44.215    9034-9034/? V/WearActivity﹕ killing alarms
10-25 23:14:44.215    1749-1783/? D/MinnowPowerHAL﹕ sysfs_write: /sys/class/leds/lcd-backlight/interactive 0
10-25 23:14:44.215    1749-1783/? D/mot_vr_audio_hw﹕ dsp_set_pm_state = off
10-25 23:14:44.225    1411-1411/? D/ADSPD﹕ Client cmd=0x4002, size=2
10-25 23:14:44.225    1411-1411/? D/ADSPD﹕ DSP_CMD_DAEMON_SET_PM_STATE : 0
10-25 23:14:44.235    9034-9034/? I/ClockFace﹕ Ambient mode: false
10-25 23:14:44.235    9034-9080/? V/MyViewAnim﹕ looper finished!
10-25 23:16:15.557    2314-2314/? D/WearableClient﹕ WearableClientImpl.onPostInitHandler: done
10-25 23:16:15.567    1922-2000/? W/Clockwork.Settings﹕ could not send rpc to writer
    com.google.android.wearable.gmsclient.WearableException: sendRpc failed: Status{statusCode=TIMEOUT, resolution=null}
            at com.google.android.wearable.gmsclient.MessageManager.sendMessage(MessageManager.java:65)
            at com.google.android.clockwork.settings.SettingsDataItemReader$ClockworkHandler.handleMessage(SettingsDataItemReader.java:387)
            at android.os.Handler.dispatchMessage(Handler.java:102)
            at android.os.Looper.loop(Looper.java:136)
            at android.os.HandlerThread.run(HandlerThread.java:61)
10-25 23:16:15.567    1922-2000/? I/Clockwork.Settings﹕ scheduling time sync for 32000 ms from now
10-25 23:16:15.577    2314-2314/? D/dalvikvm﹕ GC_FOR_ALLOC freed 226K, 25% free 2324K/3072K, paused 13ms, total 14ms
10-25 23:16:36.977    1922-1998/? W/NotificationBridger﹕ error getting local node
    com.google.android.wearable.gmsclient.WearableException: getLocalNode failed: Status{statusCode=TIMEOUT, resolution=null}
            at com.google.android.wearable.gmsclient.GoogleApiClientHelper.throwIfFailed(GoogleApiClientHelper.java:98)
            at com.google.android.wearable.gmsclient.NodeManager.getLocalNode(NodeManager.java:69)
            at com.google.android.clockwork.stream.bridger.NotificationBridger.handleFullSync(NotificationBridger.java:283)
            at com.google.android.clockwork.stream.bridger.NotificationBridger.handleMessage(NotificationBridger.java:1170)
            at android.os.Handler.dispatchMessage(Handler.java:98)
            at android.os.Looper.loop(Looper.java:136)
            at android.os.HandlerThread.run(HandlerThread.java:61)
10-25 23:16:45.486    1922-9083/? E/CwCal﹕ CalHomeUtil:Unable to get data items: calendar
    com.google.android.wearable.gmsclient.WearableException: getDataItems failed: Status{statusCode=TIMEOUT, resolution=null}
            at com.google.android.wearable.gmsclient.GoogleApiClientHelper.throwIfFailed(GoogleApiClientHelper.java:98)
            at com.google.android.wearable.gmsclient.DataManager.getDataItems(DataManager.java:248)
            at com.google.android.clockwork.home.calendar.CalendarHomeUtils.getAllDataItemsNullable(CalendarHomeUtils.java:168)
            at com.google.android.clockwork.home.calendar.CalendarHomeUtils.scheduleAlarmForNextEvent(CalendarHomeUtils.java:749)
            at com.google.android.clockwork.home.calendar.CalendarHomeUtils.refreshAllCards(CalendarHomeUtils.java:325)
            at com.google.android.clockwork.home.calendar.CalendarEventService.onHandleIntent(CalendarEventService.java:41)
            at android.app.IntentService$ServiceHandler.handleMessage(IntentService.java:65)
            at android.os.Handler.dispatchMessage(Handler.java:102)
            at android.os.Looper.loop(Looper.java:136)
            at android.os.HandlerThread.run(HandlerThread.java:61)
10-25 23:16:45.576    1922-2000/? W/Clockwork.Settings﹕ could not send rpc to writer
    com.google.android.wearable.gmsclient.WearableException: sendRpc failed: Status{statusCode=TIMEOUT, resolution=null}
            at com.google.android.wearable.gmsclient.MessageManager.sendMessage(MessageManager.java:65)
            at com.google.android.clockwork.settings.SettingsDataItemReader$ClockworkHandler.handleMessage(SettingsDataItemReader.java:387)
            at android.os.Handler.dispatchMessage(Handler.java:102)
            at android.os.Looper.loop(Looper.java:136)
            at android.os.HandlerThread.run(HandlerThread.java:61)
10-25 23:16:45.576    1922-2000/? I/Clockwork.Settings﹕ scheduling time sync for 64000 ms from now
10-25 23:16:45.576    1922-2000/? I/Clockwork.Settings﹕ firing a scheduled time sync now
10-25 23:16:45.576    1922-2000/? I/Clockwork.Settings﹕ sending time sync request - elapsedRealTime: 58019770
10-25 23:16:45.576    1922-2000/? I/Clockwork.Settings﹕ firing a scheduled time sync now
10-25 23:16:45.576    1922-2000/? I/Clockwork.Settings﹕ sending time sync request - elapsedRealTime: 58019770
10-25 23:16:45.576    1922-2000/? I/Clockwork.Settings﹕ firing a scheduled time sync now
10-25 23:16:45.576    1922-2000/? I/Clockwork.Settings﹕ sending time sync request - elapsedRealTime: 58019771
10-25 23:16:45.576    1922-2000/? I/Clockwork.Settings﹕ firing a scheduled time sync now
10-25 23:16:45.576    1922-2000/? I/Clockwork.Settings﹕ sending time sync request - elapsedRealTime: 58019772
10-25 23:16:45.576    1922-2000/? I/Clockwork.Settings﹕ firing a scheduled time sync now
10-25 23:16:45.576    1922-2000/? I/Clockwork.Settings﹕ sending time sync request - elapsedRealTime: 58019772
10-25 23:16:45.576    1922-2000/? I/Clockwork.Settings﹕ firing a scheduled time sync now
10-25 23:16:45.576    1922-2000/? I/Clockwork.Settings﹕ sending time sync request - elapsedRealTime: 58019773
10-25 23:17:06.977    1922-1998/? W/NotificationBridger﹕ error getting dataItems
    com.google.android.wearable.gmsclient.WearableException: getDataItems failed: Status{statusCode=TIMEOUT, resolution=null}
            at com.google.android.wearable.gmsclient.GoogleApiClientHelper.throwIfFailed(GoogleApiClientHelper.java:98)
            at com.google.android.wearable.gmsclient.DataManager.getDataItems(DataManager.java:248)
            at com.google.android.clockwork.stream.bridger.NotificationBridger.handleFullSync(NotificationBridger.java:297)
            at com.google.android.clockwork.stream.bridger.NotificationBridger.handleMessage(NotificationBridger.java:1170)
            at android.os.Handler.dispatchMessage(Handler.java:98)
            at android.os.Looper.loop(Looper.java:136)
            at android.os.HandlerThread.run(HandlerThread.java:61)
10-25 23:17:06.977    1922-1998/? I/NotificationBridger﹕ Retry startup in 10000 ms
10-25 23:17:15.495    1922-9083/? E/CwCal﹕ CalHomeUtil:Unable to get data items: calendar
    com.google.android.wearable.gmsclient.WearableException: getDataItems failed: Status{statusCode=TIMEOUT, resolution=null}
            at com.google.android.wearable.gmsclient.GoogleApiClientHelper.throwIfFailed(GoogleApiClientHelper.java:98)
            at com.google.android.wearable.gmsclient.DataManager.getDataItems(DataManager.java:248)
            at com.google.android.clockwork.home.calendar.CalendarHomeUtils.getAllDataItemsNullable(CalendarHomeUtils.java:168)
            at com.google.android.clockwork.home.calendar.CalendarHomeUtils.getAllDataItems(CalendarHomeUtils.java:157)
            at com.google.android.clockwork.home.calendar.CalendarHomeUtils.refreshAllCards(CalendarHomeUtils.java:330)
            at com.google.android.clockwork.home.calendar.CalendarEventService.onHandleIntent(CalendarEventService.java:41)
            at android.app.IntentService$ServiceHandler.handleMessage(IntentService.java:65)
            at android.os.Handler.dispatchMessage(Handler.java:102)
            at android.os.Looper.loop(Looper.java:136)
            at android.os.HandlerThread.run(HandlerThread.java:61)
10-25 23:18:05.527    1922-2000/? W/Clockwork.Settings﹕ could not send rpc to writer
    com.google.android.wearable.gmsclient.WearableException: sendRpc failed: Status{statusCode=TIMEOUT, resolution=null}
            at com.google.android.wearable.gmsclient.MessageManager.sendMessage(MessageManager.java:65)
            at com.google.android.clockwork.settings.SettingsDataItemReader$ClockworkHandler.handleMessage(SettingsDataItemReader.java:387)
            at android.os.Handler.dispatchMessage(Handler.java:102)
            at android.os.Looper.loop(Looper.java:136)
            at android.os.HandlerThread.run(HandlerThread.java:61)
10-25 23:18:05.527    1922-2000/? I/Clockwork.Settings﹕ scheduling time sync for 128000 ms from now
10-25 23:19:40.194    1749-1770/? D/SensorHALGestureSensor﹕ Gesture event received! time = 1414297180196560171
10-25 23:19:40.204    1749-2580/? I/PowerManagerService﹕ Waking up from sleep...
10-25 23:19:40.204    1749-1777/? W/KeyguardServiceDelegate﹕ onScreenTurnedOn(): no keyguard service!
10-25 23:19:40.324    1749-2580/? D/PowerManagerService-JNI﹕ Excessive delay in autosuspend_disable() while turning screen on: 127ms
10-25 23:19:40.324    1749-2580/? D/MinnowPowerHAL﹕ power_set_interactive: 1
10-25 23:19:40.324    1749-2580/? D/MinnowPowerHAL﹕ sysfs_write: /sys/devices/platform/omapdss/display0/interactivemode 1
10-25 23:19:40.384    1749-2580/? D/MinnowPowerHAL﹕ sysfs_write: /sys/devices/ocp.2/i2c.6/i2c-0/0-004a/interactivemode 1
10-25 23:19:40.384    1749-2580/? D/MinnowPowerHAL﹕ sysfs_write: /sys/class/leds/lcd-backlight/interactive 1
10-25 23:19:40.384    1749-2580/? D/mot_vr_audio_hw﹕ dsp_set_pm_state = on
10-25 23:19:40.384    1411-1411/? D/ADSPD﹕ Client cmd=0x4002, size=2
10-25 23:19:40.384    1411-1411/? D/ADSPD﹕ DSP_CMD_DAEMON_SET_PM_STATE : 1
10-25 23:19:40.384    1749-2580/? D/PowerManagerService-JNI﹕ Excessive delay in setInteractive(true) while turning screen on: 56ms
10-25 23:19:40.404    1922-1922/? E/ClockworkHome﹕ Tried to exit ambient mode, but enterAmbientMode() was never called.
10-25 23:19:40.404    1418-1418/? D/mot_vr_audio_hw﹕ dsp_recognizer_enabled = true
10-25 23:19:40.404    1418-1520/? D/mot_vr_audio_hw﹕ open_input_stream(): devices = 0x80000004, rate = 8000, channels = 0x10
10-25 23:19:40.404    1418-1520/? D/mot_vr_audio_hw﹕ Created resampler for 16000->8000 Hz
10-25 23:19:40.404    1749-1749/? W/InputMethodManagerService﹕ Ignoring setImeWindowStatus of uid 1000 token: null
10-25 23:19:40.414    1418-9093/? D/mot_vr_audio_hw﹕ in_read waiting for hotword
10-25 23:19:40.414    9034-9034/? V/WearActivity﹕ Resume!
10-25 23:19:40.524    1416-1416/? D/SurfaceFlinger﹕ Screen acquired, type=0 flinger=0xb8f42448
10-25 23:19:40.524    1416-1416/? D/hwcomposer﹕ hwc_blank(0: 0)
10-25 23:19:40.524    1749-1816/? D/SensorHAL﹕ adjustSensorHandle: handle = 9 adjustedHandle = 1
10-25 23:19:40.524    1749-1816/? D/SensorHAL﹕ adjustSensorHandle: handle = 9 adjustedHandle = 1
10-25 23:19:40.524    1749-1779/? I/DisplayManagerService﹕ Display device changed: DisplayDeviceInfo{"Built-in Screen": 320 x 290, 45.000004 fps, density 213, 203.2 x 204.61111 dpi, touch INTERNAL, rotation 0, type BUILT_IN, state ON, FLAG_DEFAULT_DISPLAY, FLAG_ROTATES_WITH_CONTENT, FLAG_SECURE, FLAG_SUPPORTS_PROTECTED_BUFFERS}
10-25 23:19:40.524    1749-1749/? V/ActivityManager﹕ Display changed displayId=0
10-25 23:19:40.544    9034-9034/? V/WearActivity﹕ display changed: 0, new state: 2
10-25 23:19:40.544    9034-9034/? V/WearActivity﹕ onDisplayChanged: on!
10-25 23:19:40.544    9034-9034/? V/WearActivity﹕ startHelper: putting it all back together again
10-25 23:19:40.544    9034-9034/? V/WearActivity﹕ initAlarm: setting up
10-25 23:19:40.564    9034-9034/? I/ClockFace﹕ Ambient mode: false
10-25 23:19:40.564    9034-9034/? V/MyViewAnim﹕ resumeMaxHertz
10-25 23:19:40.564    9034-9034/? V/ClockFace﹕ clearing caches
10-25 23:19:40.564    9034-9034/? V/MyViewAnim﹕ starting new animator
10-25 23:19:40.564    9034-9034/? V/MyViewAnim﹕ Time listener is up!
10-25 23:19:40.564    9034-9034/? V/MyViewAnim﹕ starting new draw thread
10-25 23:19:40.584    9034-9095/? V/ClockFace﹕ rendering new face, faceMode(0)
10-25 23:19:40.614    9034-9095/? V/ClockFace﹕ fetching new battery status (691)
10-25 23:19:40.614    9034-9095/? V/ClockFace﹕ battery at 0.26
10-25 23:19:40.614    9034-9095/? V/ClockFace﹕ --> dot radius: 0.044
10-25 23:19:40.624    1749-5971/? D/SensorHAL﹕ adjustSensorHandle: handle = 9 adjustedHandle = 1
10-25 23:19:40.674    2314-2314/? D/WearableClient﹕ WearableClientImpl.onPostInitHandler: done
10-25 23:19:40.684    1411-1411/? E/ADSPD﹕ Timeout on select()
10-25 23:19:40.684    1411-1411/? E/ADSPD﹕ NO ACK received after loading firmware
10-25 23:19:40.684    1411-1411/? E/ADSPD﹕ Unknown ACK received 0x00
10-25 23:19:40.684    1411-1411/? D/ADSPD﹕ Client cmd=0x0003, size=4
10-25 23:19:40.704    1411-1411/? D/ADSPD﹕ Received from DSP: cmd=0x8003, size=2
10-25 23:19:40.704    1411-1411/? D/ADSPD﹕ Client cmd=0x4003, size=2
10-25 23:19:40.704    1418-2021/? D/mot_vr_audio_hw﹕ received recognition control callback, status 0
10-25 23:19:40.724    2314-2314/? D/dalvikvm﹕ GC_FOR_ALLOC freed 226K, 26% free 2275K/3072K, paused 45ms, total 48ms
10-25 23:19:43.427    9034-9037/? D/dalvikvm﹕ GC_CONCURRENT freed 157K, 14% free 2277K/2636K, paused 2ms+3ms, total 37ms
10-25 23:19:45.399    1749-2385/? I/PowerManagerService﹕ Going to sleep due to screen timeout...
10-25 23:19:45.399    1749-1783/? I/PowerManagerService﹕ Dozing...
10-25 23:19:45.399    1749-1776/? I/DreamController﹕ Starting dream: name=ComponentInfo{com.google.android.wearable.app/com.google.android.clockwork.home.AmbientMode}, isTest=false, canDoze=true, userId=0
10-25 23:19:45.489    9034-9034/? V/WearActivity﹕ Pause!
10-25 23:19:45.499    9034-9034/? V/WearActivity﹕ Stop!
10-25 23:19:45.499    1749-1749/? W/InputMethodManagerService﹕ Ignoring setImeWindowStatus of uid 1000 token: null
10-25 23:19:45.619    1922-1925/? D/dalvikvm﹕ GC_CONCURRENT freed 2888K, 21% free 12689K/15872K, paused 12ms+7ms, total 175ms
10-25 23:19:45.619    1922-1922/? D/dalvikvm﹕ WAIT_FOR_CONCURRENT_GC blocked 135ms
10-25 23:19:45.759    1922-1922/? D/dalvikvm﹕ GC_EXPLICIT freed 104K, 21% free 12585K/15872K, paused 2ms+16ms, total 139ms
10-25 23:19:45.779    1749-2385/? I/ActivityManager﹕ START u0 {act=android.intent.action.MAIN cat=[android.intent.category.HOME] flg=0x10000000 cmp=com.google.android.wearable.app/com.google.android.clockwork.home.HomeActivity (has extras)} from pid 1922 on display 0
10-25 23:19:45.779    1749-1776/? I/DreamController﹕ Stopping dream: name=ComponentInfo{com.google.android.wearable.app/com.google.android.clockwork.home.AmbientMode}, isTest=false, canDoze=true, userId=0
10-25 23:19:45.789    1749-1783/? I/PowerManagerService﹕ Sleeping...
10-25 23:19:45.849    1922-1922/? I/AmbientMode﹕ Ambient mode started: canDoze=true, dozeHardware=null
10-25 23:19:45.849    1418-2243/? D/mot_vr_audio_hw﹕ dsp_recognizer_enabled = false
10-25 23:19:45.849    1411-1411/? D/ADSPD﹕ Client cmd=0x0003, size=4
10-25 23:19:45.849    1418-9093/? D/mot_vr_audio_hw﹕ Switching DSP to standby/passthrough mode
10-25 23:19:45.849    1418-9093/? D/mot_vr_audio_hw﹕ Input 0xb75c62c0 ready to read
10-25 23:19:45.859    1411-1411/? D/ADSPD﹕ Received from DSP: cmd=0x8003, size=2
10-25 23:19:45.859    1411-1411/? D/ADSPD﹕ Client cmd=0x0003, size=4
10-25 23:19:45.869    1418-2021/? D/mot_vr_audio_hw﹕ received recognition control callback, status 0
10-25 23:19:45.879    1411-1411/? D/ADSPD﹕ Received from DSP: cmd=0x8003, size=2
10-25 23:19:45.879    1418-2021/? D/mot_vr_audio_hw﹕ received recognition control callback, status 0
10-25 23:19:45.909    1418-9093/? W/mot_vr_audio_hw﹕ Discarded 10 buffers without finding audio data
10-25 23:19:45.909    1411-1411/? D/ADSPD﹕ Client cmd=0x0003, size=4
10-25 23:19:45.919    1418-9093/? D/mot_vr_audio_hw﹕ Re-arming DSP
10-25 23:19:45.919    1418-9093/? D/mot_vr_audio_hw﹕ Input 0xb75c62c0 standby complete
10-25 23:19:45.929    1411-1411/? D/ADSPD﹕ Received from DSP: cmd=0x8003, size=2
10-25 23:19:45.929    1418-2021/? D/mot_vr_audio_hw﹕ received recognition control callback, status 0
10-25 23:19:45.929    1411-1411/? D/ADSPD﹕ Client cmd=0x4003, size=2
10-25 23:19:45.929    1418-1520/? D/mot_vr_audio_hw﹕ Input 0xb75c62c0 close complete
10-25 23:19:45.949    1922-1922/? I/AmbientMode﹕ Dream ended: isDozing=true
10-25 23:19:46.450    1749-1834/? D/LightsService﹕ Excessive delay setting light: 79ms
10-25 23:19:46.450    1416-1416/? D/SurfaceFlinger﹕ Screen released, type=0 flinger=0xb8f42448
10-25 23:19:46.590    1416-1416/? D/hwcomposer﹕ hwc_blank(0: 1)
10-25 23:19:46.600    1749-1834/? D/SurfaceControl﹕ Excessive delay in blankDisplay() while turning screen off: 152ms
10-25 23:19:46.610    1749-1779/? I/DisplayManagerService﹕ Display device changed: DisplayDeviceInfo{"Built-in Screen": 320 x 290, 45.000004 fps, density 213, 203.2 x 204.61111 dpi, touch INTERNAL, rotation 0, type BUILT_IN, state OFF, FLAG_DEFAULT_DISPLAY, FLAG_ROTATES_WITH_CONTENT, FLAG_SECURE, FLAG_SUPPORTS_PROTECTED_BUFFERS}
10-25 23:19:46.610    1749-1749/? V/ActivityManager﹕ Display changed displayId=0
10-25 23:19:46.630    9034-9034/? V/WearActivity﹕ display changed: 0, new state: 1
10-25 23:19:46.630    9034-9034/? I/TimeWrapper﹕ FPS: 41.208622, samples: 248
10-25 23:19:46.630    9034-9034/? I/TimeWrapper﹕ Min/Avg/Max frame render speed (ms): 3.814697 / 5.025309 / 23.284912
10-25 23:19:46.630    9034-9034/? I/TimeWrapper﹕ Waketime: 20.70861%
10-25 23:19:46.630    9034-9034/? V/WearActivity﹕ onDisplayChanged: off!
10-25 23:19:46.630    9034-9034/? V/WearActivity﹕ stopHelper: shutting things down
10-25 23:19:46.650    1749-1783/? D/MinnowPowerHAL﹕ power_set_interactive: 0
10-25 23:19:46.650    1749-1783/? D/MinnowPowerHAL﹕ sysfs_write: /sys/devices/platform/omapdss/display0/interactivemode 0
10-25 23:19:46.650    1749-1783/? D/MinnowPowerHAL﹕ sysfs_write: /sys/devices/ocp.2/i2c.6/i2c-0/0-004a/interactivemode 0
10-25 23:19:46.650    1749-1783/? D/MinnowPowerHAL﹕ sysfs_write: /sys/class/leds/lcd-backlight/interactive 0
10-25 23:19:46.650    1749-1783/? D/mot_vr_audio_hw﹕ dsp_set_pm_state = off
10-25 23:19:46.650    1411-1411/? D/ADSPD﹕ Client cmd=0x4002, size=2
10-25 23:19:46.650    1411-1411/? D/ADSPD﹕ DSP_CMD_DAEMON_SET_PM_STATE : 0
10-25 23:19:46.650    9034-9034/? V/MyViewAnim﹕ stopping animation!
10-25 23:19:46.650    9034-9034/? V/MyViewAnim﹕ killDrawThread
10-25 23:19:46.650    9034-9034/? V/WearActivity﹕ killing alarms
10-25 23:19:46.650    9034-9034/? I/ClockFace﹕ Ambient mode: false
10-25 23:19:46.660    9034-9095/? V/MyViewAnim﹕ looper finished!
10-25 23:20:04.557    2314-2314/? D/WearableClient﹕ WearableClientImpl.onPostInitHandler: done
10-25 23:20:04.567    2314-2314/? D/dalvikvm﹕ GC_FOR_ALLOC freed 278K, 24% free 2351K/3072K, paused 11ms, total 11ms
10-25 23:20:16.068    1749-1770/? D/SensorHALGestureSensor﹕ Gesture event received! time = 1414297216071529647
10-25 23:20:16.068    1749-2580/? I/PowerManagerService﹕ Waking up from sleep...
10-25 23:20:16.068    1749-1777/? W/KeyguardServiceDelegate﹕ onScreenTurnedOn(): no keyguard service!
10-25 23:20:16.199    1749-2580/? D/PowerManagerService-JNI﹕ Excessive delay in autosuspend_disable() while turning screen on: 130ms
10-25 23:20:16.199    1749-2580/? D/MinnowPowerHAL﹕ power_set_interactive: 1
10-25 23:20:16.199    1749-2580/? D/MinnowPowerHAL﹕ sysfs_write: /sys/devices/platform/omapdss/display0/interactivemode 1
10-25 23:20:16.259    1749-2580/? D/MinnowPowerHAL﹕ sysfs_write: /sys/devices/ocp.2/i2c.6/i2c-0/0-004a/interactivemode 1
10-25 23:20:16.259    1749-2580/? D/MinnowPowerHAL﹕ sysfs_write: /sys/class/leds/lcd-backlight/interactive 1
10-25 23:20:16.259    1749-2580/? D/mot_vr_audio_hw﹕ dsp_set_pm_state = on
10-25 23:20:16.259    1411-1411/? D/ADSPD﹕ Client cmd=0x4002, size=2
10-25 23:20:16.259    1411-1411/? D/ADSPD﹕ DSP_CMD_DAEMON_SET_PM_STATE : 1
10-25 23:20:16.259    1749-2580/? D/PowerManagerService-JNI﹕ Excessive delay in setInteractive(true) while turning screen on: 57ms
10-25 23:20:16.269    9034-9034/? V/WearActivity﹕ Resume!
10-25 23:20:16.269    1922-1922/? E/ClockworkHome﹕ Tried to exit ambient mode, but enterAmbientMode() was never called.
10-25 23:20:16.269    1749-1749/? W/InputMethodManagerService﹕ Ignoring setImeWindowStatus of uid 1000 token: null
10-25 23:20:16.279    1418-1418/? D/mot_vr_audio_hw﹕ dsp_recognizer_enabled = true
10-25 23:20:16.279    1418-1520/? D/mot_vr_audio_hw﹕ open_input_stream(): devices = 0x80000004, rate = 8000, channels = 0x10
10-25 23:20:16.279    1418-1520/? D/mot_vr_audio_hw﹕ Created resampler for 16000->8000 Hz
10-25 23:20:16.289    1418-9096/? D/mot_vr_audio_hw﹕ in_read waiting for hotword
10-25 23:20:16.399    1416-1416/? D/SurfaceFlinger﹕ Screen acquired, type=0 flinger=0xb8f42448
10-25 23:20:16.399    1416-1416/? D/hwcomposer﹕ hwc_blank(0: 0)
10-25 23:20:16.399    1749-1816/? D/SensorHAL﹕ adjustSensorHandle: handle = 9 adjustedHandle = 1
10-25 23:20:16.399    1749-1816/? D/SensorHAL﹕ adjustSensorHandle: handle = 9 adjustedHandle = 1
10-25 23:20:16.399    1749-1779/? I/DisplayManagerService﹕ Display device changed: DisplayDeviceInfo{"Built-in Screen": 320 x 290, 45.000004 fps, density 213, 203.2 x 204.61111 dpi, touch INTERNAL, rotation 0, type BUILT_IN, state ON, FLAG_DEFAULT_DISPLAY, FLAG_ROTATES_WITH_CONTENT, FLAG_SECURE, FLAG_SUPPORTS_PROTECTED_BUFFERS}
10-25 23:20:16.399    1749-1749/? V/ActivityManager﹕ Display changed displayId=0
10-25 23:20:16.409    9034-9034/? V/WearActivity﹕ display changed: 0, new state: 2
10-25 23:20:16.409    9034-9034/? V/WearActivity﹕ onDisplayChanged: on!
10-25 23:20:16.409    9034-9034/? V/WearActivity﹕ startHelper: putting it all back together again
10-25 23:20:16.409    9034-9034/? V/WearActivity﹕ initAlarm: setting up
10-25 23:20:16.419    1749-2245/? D/SensorHAL﹕ adjustSensorHandle: handle = 9 adjustedHandle = 1
10-25 23:20:16.439    9034-9034/? I/ClockFace﹕ Ambient mode: false
10-25 23:20:16.439    9034-9034/? V/MyViewAnim﹕ resumeMaxHertz
10-25 23:20:16.439    9034-9034/? V/ClockFace﹕ clearing caches
10-25 23:20:16.439    9034-9034/? V/MyViewAnim﹕ starting new animator
10-25 23:20:16.439    9034-9034/? V/MyViewAnim﹕ Time listener is up!
10-25 23:20:16.439    9034-9034/? V/MyViewAnim﹕ starting new draw thread
10-25 23:20:16.459    9034-9098/? V/ClockFace﹕ rendering new face, faceMode(0)
10-25 23:20:16.479    9034-9098/? V/ClockFace﹕ fetching new battery status (941)
10-25 23:20:16.479    9034-9098/? V/ClockFace﹕ battery at 0.26
10-25 23:20:16.479    9034-9098/? V/ClockFace﹕ --> dot radius: 0.044
10-25 23:20:16.519    2314-2314/? D/WearableClient﹕ WearableClientImpl.onPostInitHandler: done
10-25 23:20:16.549    2314-2314/? D/dalvikvm﹕ GC_FOR_ALLOC freed 170K, 25% free 2325K/3072K, paused 23ms, total 24ms
10-25 23:20:16.559    1411-1411/? E/ADSPD﹕ Timeout on select()
10-25 23:20:16.559    1411-1411/? E/ADSPD﹕ NO ACK received after loading firmware
10-25 23:20:16.559    1411-1411/? E/ADSPD﹕ Unknown ACK received 0x00
10-25 23:20:16.559    1411-1411/? D/ADSPD﹕ Client cmd=0x0003, size=4
10-25 23:20:16.569    1411-1411/? D/ADSPD﹕ Received from DSP: cmd=0x8003, size=2
10-25 23:20:16.569    1411-1411/? D/ADSPD﹕ Client cmd=0x4003, size=2
10-25 23:20:16.569    1418-2021/? D/mot_vr_audio_hw﹕ received recognition control callback, status 0
10-25 23:20:21.274    1749-1816/? I/PowerManagerService﹕ Going to sleep due to screen timeout...
10-25 23:20:21.274    1749-1783/? I/PowerManagerService﹕ Dozing...
10-25 23:20:21.284    1749-1776/? I/DreamController﹕ Starting dream: name=ComponentInfo{com.google.android.wearable.app/com.google.android.clockwork.home.AmbientMode}, isTest=false, canDoze=true, userId=0
10-25 23:20:21.364    9034-9034/? V/WearActivity﹕ Pause!
10-25 23:20:21.374    9034-9034/? V/WearActivity﹕ Stop!
10-25 23:20:21.374    1749-1760/? I/ActivityManager﹕ START u0 {act=android.intent.action.MAIN cat=[android.intent.category.HOME] flg=0x10000000 cmp=com.google.android.wearable.app/com.google.android.clockwork.home.HomeActivity (has extras)} from pid 1922 on display 0
10-25 23:20:21.374    1749-1749/? W/InputMethodManagerService﹕ Ignoring setImeWindowStatus of uid 1000 token: null
10-25 23:20:21.384    1749-1776/? I/DreamController﹕ Stopping dream: name=ComponentInfo{com.google.android.wearable.app/com.google.android.clockwork.home.AmbientMode}, isTest=false, canDoze=true, userId=0
10-25 23:20:21.384    1749-1783/? I/PowerManagerService﹕ Sleeping...
10-25 23:20:21.444    1922-1922/? I/AmbientMode﹕ Ambient mode started: canDoze=true, dozeHardware=null
10-25 23:20:21.444    1418-1817/? D/mot_vr_audio_hw﹕ dsp_recognizer_enabled = false
10-25 23:20:21.444    1411-1411/? D/ADSPD﹕ Client cmd=0x0003, size=4
10-25 23:20:21.444    1418-9096/? D/mot_vr_audio_hw﹕ Switching DSP to standby/passthrough mode
10-25 23:20:21.444    1418-9096/? D/mot_vr_audio_hw﹕ Input 0xb75c62c0 ready to read
10-25 23:20:21.454    1411-1411/? D/ADSPD﹕ Received from DSP: cmd=0x8003, size=2
10-25 23:20:21.454    1411-1411/? D/ADSPD﹕ Client cmd=0x0003, size=4
10-25 23:20:21.454    1418-2021/? D/mot_vr_audio_hw﹕ received recognition control callback, status 0
10-25 23:20:21.474    1411-1411/? D/ADSPD﹕ Received from DSP: cmd=0x8003, size=2
10-25 23:20:21.474    1418-2021/? D/mot_vr_audio_hw﹕ received recognition control callback, status 0
10-25 23:20:21.494    1418-9096/? W/mot_vr_audio_hw﹕ Discarded 10 buffers without finding audio data
10-25 23:20:21.504    1411-1411/? D/ADSPD﹕ Client cmd=0x0003, size=4
10-25 23:20:21.504    1418-9096/? D/mot_vr_audio_hw﹕ Re-arming DSP
10-25 23:20:21.504    1418-9096/? D/mot_vr_audio_hw﹕ Input 0xb75c62c0 standby complete
10-25 23:20:21.524    1411-1411/? D/ADSPD﹕ Received from DSP: cmd=0x8003, size=2
10-25 23:20:21.524    1418-2021/? D/mot_vr_audio_hw﹕ received recognition control callback, status 0
10-25 23:20:21.574    1749-1816/? D/dalvikvm﹕ JIT code cache reset in 7 ms (1535860 bytes 1/0)
10-25 23:20:21.574    1749-1816/? D/dalvikvm﹕ GC_EXPLICIT freed 588K, 15% free 5433K/6352K, paused 3ms+15ms, total 67ms
10-25 23:20:21.594    1411-1411/? D/ADSPD﹕ Client cmd=0x4003, size=2
10-25 23:20:21.594    1418-1520/? D/mot_vr_audio_hw﹕ Input 0xb75c62c0 close complete
10-25 23:20:21.604    1922-1922/? I/AmbientMode﹕ Dream ended: isDozing=true
10-25 23:20:22.084    1749-1834/? D/LightsService﹕ Excessive delay setting light: 78ms
10-25 23:20:22.084    1416-1416/? D/SurfaceFlinger﹕ Screen released, type=0 flinger=0xb8f42448
10-25 23:20:22.245    1416-1416/? D/hwcomposer﹕ hwc_blank(0: 1)
10-25 23:20:22.245    1749-1834/? D/SurfaceControl﹕ Excessive delay in blankDisplay() while turning screen off: 155ms
10-25 23:20:22.265    1749-1779/? I/DisplayManagerService﹕ Display device changed: DisplayDeviceInfo{"Built-in Screen": 320 x 290, 45.000004 fps, density 213, 203.2 x 204.61111 dpi, touch INTERNAL, rotation 0, type BUILT_IN, state OFF, FLAG_DEFAULT_DISPLAY, FLAG_ROTATES_WITH_CONTENT, FLAG_SECURE, FLAG_SUPPORTS_PROTECTED_BUFFERS}
10-25 23:20:22.275    1749-1749/? V/ActivityManager﹕ Display changed displayId=0
10-25 23:20:22.295    9034-9034/? V/WearActivity﹕ display changed: 0, new state: 1
10-25 23:20:22.295    9034-9034/? I/TimeWrapper﹕ FPS: 40.503048, samples: 235
10-25 23:20:22.295    9034-9034/? I/TimeWrapper﹕ Min/Avg/Max frame render speed (ms): 3.845215 / 4.676202 / 19.195557
10-25 23:20:22.295    9034-9034/? I/TimeWrapper﹕ Waketime: 18.940042%
10-25 23:20:22.295    9034-9034/? V/WearActivity﹕ onDisplayChanged: off!
10-25 23:20:22.295    9034-9034/? V/WearActivity﹕ stopHelper: shutting things down
10-25 23:20:22.305    1749-1783/? D/MinnowPowerHAL﹕ power_set_interactive: 0
10-25 23:20:22.305    1749-1783/? D/MinnowPowerHAL﹕ sysfs_write: /sys/devices/platform/omapdss/display0/interactivemode 0
10-25 23:20:22.305    1749-1783/? D/MinnowPowerHAL﹕ sysfs_write: /sys/devices/ocp.2/i2c.6/i2c-0/0-004a/interactivemode 0
10-25 23:20:22.305    1749-1783/? D/MinnowPowerHAL﹕ sysfs_write: /sys/class/leds/lcd-backlight/interactive 0
10-25 23:20:22.305    1749-1783/? D/mot_vr_audio_hw﹕ dsp_set_pm_state = off
10-25 23:20:22.315    1411-1411/? D/ADSPD﹕ Client cmd=0x4002, size=2
10-25 23:20:22.315    1411-1411/? D/ADSPD﹕ DSP_CMD_DAEMON_SET_PM_STATE : 0
10-25 23:20:22.315    9034-9034/? V/MyViewAnim﹕ stopping animation!
10-25 23:20:22.315    9034-9034/? V/MyViewAnim﹕ killDrawThread
10-25 23:20:22.315    9034-9034/? V/WearActivity﹕ killing alarms
10-25 23:20:22.325    9034-9098/? V/MyViewAnim﹕ looper finished!
10-25 23:20:22.335    9034-9034/? I/ClockFace﹕ Ambient mode: false
10-25 23:22:05.557    2314-2314/? D/WearableClient﹕ WearableClientImpl.onPostInitHandler: done
10-25 23:22:05.567    2314-2314/? D/dalvikvm﹕ GC_FOR_ALLOC freed 226K, 25% free 2327K/3072K, paused 11ms, total 12ms
10-25 23:22:19.861    1749-1770/? D/SensorHALGestureSensor﹕ Gesture event received! time = 1414297339870785014
10-25 23:22:19.861    1749-2245/? I/PowerManagerService﹕ Waking up from sleep...
10-25 23:22:19.871    1749-1777/? W/KeyguardServiceDelegate﹕ onScreenTurnedOn(): no keyguard service!
10-25 23:22:19.881    1749-2245/? D/MinnowPowerHAL﹕ power_set_interactive: 1
10-25 23:22:19.881    1749-2245/? D/MinnowPowerHAL﹕ sysfs_write: /sys/devices/platform/omapdss/display0/interactivemode 1
10-25 23:22:19.981    1749-2245/? D/MinnowPowerHAL﹕ sysfs_write: /sys/devices/ocp.2/i2c.6/i2c-0/0-004a/interactivemode 1
10-25 23:22:19.981    1749-2245/? D/MinnowPowerHAL﹕ sysfs_write: /sys/class/leds/lcd-backlight/interactive 1
10-25 23:22:19.981    1749-2245/? D/mot_vr_audio_hw﹕ dsp_set_pm_state = on
10-25 23:22:19.981    1749-2245/? D/PowerManagerService-JNI﹕ Excessive delay in setInteractive(true) while turning screen on: 97ms
10-25 23:22:19.981    1411-1411/? D/ADSPD﹕ Client cmd=0x4002, size=2
10-25 23:22:19.981    1411-1411/? D/ADSPD﹕ DSP_CMD_DAEMON_SET_PM_STATE : 1
10-25 23:22:19.991    9034-9034/? V/WearActivity﹕ Resume!
10-25 23:22:20.001    1922-1922/? E/ClockworkHome﹕ Tried to exit ambient mode, but enterAmbientMode() was never called.
10-25 23:22:20.001    1749-1749/? W/InputMethodManagerService﹕ Ignoring setImeWindowStatus of uid 1000 token: null
10-25 23:22:20.011    1418-1520/? D/mot_vr_audio_hw﹕ dsp_recognizer_enabled = true
10-25 23:22:20.011    1418-1817/? D/mot_vr_audio_hw﹕ open_input_stream(): devices = 0x80000004, rate = 8000, channels = 0x10
10-25 23:22:20.011    1418-1817/? D/mot_vr_audio_hw﹕ Created resampler for 16000->8000 Hz
10-25 23:22:20.031    1418-9100/? D/mot_vr_audio_hw﹕ in_read waiting for hotword
10-25 23:22:20.041    1411-1411/? D/ADSPD﹕ ACK success!
10-25 23:22:20.041    1411-1411/? D/ADSPD﹕ Client cmd=0x0003, size=4
10-25 23:22:20.061    1411-1411/? D/ADSPD﹕ Received from DSP: cmd=0x8003, size=2
10-25 23:22:20.061    1411-1411/? D/ADSPD﹕ Client cmd=0x4003, size=2
10-25 23:22:20.061    1418-2021/? D/mot_vr_audio_hw﹕ received recognition control callback, status 0
10-25 23:22:20.121    1416-1416/? D/SurfaceFlinger﹕ Screen acquired, type=0 flinger=0xb8f42448
10-25 23:22:20.121    1416-1416/? D/hwcomposer﹕ hwc_blank(0: 0)
10-25 23:22:20.121    1749-1816/? D/SensorHAL﹕ adjustSensorHandle: handle = 9 adjustedHandle = 1
10-25 23:22:20.121    1749-1816/? D/SensorHAL﹕ adjustSensorHandle: handle = 9 adjustedHandle = 1
10-25 23:22:20.121    1749-1779/? I/DisplayManagerService﹕ Display device changed: DisplayDeviceInfo{"Built-in Screen": 320 x 290, 45.000004 fps, density 213, 203.2 x 204.61111 dpi, touch INTERNAL, rotation 0, type BUILT_IN, state ON, FLAG_DEFAULT_DISPLAY, FLAG_ROTATES_WITH_CONTENT, FLAG_SECURE, FLAG_SUPPORTS_PROTECTED_BUFFERS}
10-25 23:22:20.121    1749-1749/? V/ActivityManager﹕ Display changed displayId=0
10-25 23:22:20.141    1749-5971/? D/SensorHAL﹕ adjustSensorHandle: handle = 9 adjustedHandle = 1
10-25 23:22:20.151    9034-9034/? V/WearActivity﹕ display changed: 0, new state: 2
10-25 23:22:20.151    9034-9034/? V/WearActivity﹕ onDisplayChanged: on!
10-25 23:22:20.151    9034-9034/? V/WearActivity﹕ startHelper: putting it all back together again
10-25 23:22:20.151    9034-9034/? V/WearActivity﹕ initAlarm: setting up
10-25 23:22:20.171    9034-9034/? I/ClockFace﹕ Ambient mode: false
10-25 23:22:20.171    9034-9034/? V/MyViewAnim﹕ resumeMaxHertz
10-25 23:22:20.171    9034-9034/? V/ClockFace﹕ clearing caches
10-25 23:22:20.171    9034-9034/? V/MyViewAnim﹕ starting new animator
10-25 23:22:20.171    9034-9034/? V/MyViewAnim﹕ Time listener is up!
10-25 23:22:20.171    9034-9034/? V/MyViewAnim﹕ starting new draw thread
10-25 23:22:20.201    9034-9102/? V/ClockFace﹕ rendering new face, faceMode(0)
10-25 23:22:20.201    1749-1833/? D/LightsService﹕ Excessive delay setting light: 73ms
10-25 23:22:20.211    9034-9102/? V/ClockFace﹕ fetching new battery status (1178)
10-25 23:22:20.211    9034-9102/? V/ClockFace﹕ battery at 0.26
10-25 23:22:20.211    9034-9102/? V/ClockFace﹕ --> dot radius: 0.044
10-25 23:22:20.281    2314-2314/? D/WearableClient﹕ WearableClientImpl.onPostInitHandler: done
10-25 23:22:20.331    2314-2314/? D/dalvikvm﹕ GC_FOR_ALLOC freed 225K, 25% free 2325K/3072K, paused 28ms, total 31ms
10-25 23:22:21.642    1922-2000/? W/Clockwork.Settings﹕ could not send rpc to writer
    com.google.android.wearable.gmsclient.WearableException: sendRpc failed: Status{statusCode=TIMEOUT, resolution=null}
            at com.google.android.wearable.gmsclient.MessageManager.sendMessage(MessageManager.java:65)
            at com.google.android.clockwork.settings.SettingsDataItemReader$ClockworkHandler.handleMessage(SettingsDataItemReader.java:387)
            at android.os.Handler.dispatchMessage(Handler.java:102)
            at android.os.Looper.loop(Looper.java:136)
            at android.os.HandlerThread.run(HandlerThread.java:61)
10-25 23:22:21.642    1922-2000/? I/Clockwork.Settings﹕ scheduling time sync for 256000 ms from now
10-25 23:22:23.044    1922-1998/? W/NotificationBridger﹕ error getting local node
    com.google.android.wearable.gmsclient.WearableException: getLocalNode failed: Status{statusCode=TIMEOUT, resolution=null}
            at com.google.android.wearable.gmsclient.GoogleApiClientHelper.throwIfFailed(GoogleApiClientHelper.java:98)
            at com.google.android.wearable.gmsclient.NodeManager.getLocalNode(NodeManager.java:69)
            at com.google.android.clockwork.stream.bridger.NotificationBridger.handleFullSync(NotificationBridger.java:283)
            at com.google.android.clockwork.stream.bridger.NotificationBridger.handleMessage(NotificationBridger.java:1170)
            at android.os.Handler.dispatchMessage(Handler.java:98)
            at android.os.Looper.loop(Looper.java:136)
            at android.os.HandlerThread.run(HandlerThread.java:61)
10-25 23:22:24.986    1749-4146/? I/PowerManagerService﹕ Going to sleep due to screen timeout...
10-25 23:22:24.996    1749-1783/? I/PowerManagerService﹕ Dozing...
10-25 23:22:24.996    1749-1776/? I/DreamController﹕ Starting dream: name=ComponentInfo{com.google.android.wearable.app/com.google.android.clockwork.home.AmbientMode}, isTest=false, canDoze=true, userId=0
10-25 23:22:25.086    1749-1971/? I/ActivityManager﹕ START u0 {act=android.intent.action.MAIN cat=[android.intent.category.HOME] flg=0x10000000 cmp=com.google.android.wearable.app/com.google.android.clockwork.home.HomeActivity (has extras)} from pid 1922 on display 0
10-25 23:22:25.096    1749-1776/? I/DreamController﹕ Stopping dream: name=ComponentInfo{com.google.android.wearable.app/com.google.android.clockwork.home.AmbientMode}, isTest=false, canDoze=true, userId=0
10-25 23:22:25.096    1749-1783/? I/PowerManagerService﹕ Sleeping...
10-25 23:22:25.166    1922-1922/? I/AmbientMode﹕ Ambient mode started: canDoze=true, dozeHardware=null
10-25 23:22:25.186    1418-1817/? D/mot_vr_audio_hw﹕ dsp_recognizer_enabled = false
10-25 23:22:25.186    1411-1411/? D/ADSPD﹕ Client cmd=0x0003, size=4
10-25 23:22:25.186    1418-9100/? D/mot_vr_audio_hw﹕ Switching DSP to standby/passthrough mode
10-25 23:22:25.186    1418-9100/? D/mot_vr_audio_hw﹕ Input 0xb75c62c0 ready to read
10-25 23:22:25.196    1411-1411/? D/ADSPD﹕ Received from DSP: cmd=0x8003, size=2
10-25 23:22:25.196    1411-1411/? D/ADSPD﹕ Client cmd=0x0003, size=4
10-25 23:22:25.196    1418-2021/? D/mot_vr_audio_hw﹕ received recognition control callback, status 0
10-25 23:22:25.206    1411-1411/? D/ADSPD﹕ Received from DSP: cmd=0x8003, size=2
10-25 23:22:25.206    1418-2021/? D/mot_vr_audio_hw﹕ received recognition control callback, status 0
10-25 23:22:25.236    1418-9100/? W/mot_vr_audio_hw﹕ Discarded 10 buffers without finding audio data
10-25 23:22:25.246    1411-1411/? D/ADSPD﹕ Client cmd=0x0003, size=4
10-25 23:22:25.246    1418-9100/? D/mot_vr_audio_hw﹕ Re-arming DSP
10-25 23:22:25.246    1418-9100/? D/mot_vr_audio_hw﹕ Input 0xb75c62c0 standby complete
10-25 23:22:25.256    1418-1418/? D/mot_vr_audio_hw﹕ Input 0xb75c62c0 close complete
10-25 23:22:25.256    1411-1411/? D/ADSPD﹕ Received from DSP: cmd=0x8003, size=2
10-25 23:22:25.256    1411-1411/? D/ADSPD﹕ Client cmd=0x4003, size=2
10-25 23:22:25.256    1418-2021/? D/mot_vr_audio_hw﹕ received recognition control callback, status 0
10-25 23:22:25.266    1418-1520/? D/mot_vr_audio_hw﹕ dsp_recognizer_enabled = true
10-25 23:22:25.266    1411-1411/? D/ADSPD﹕ Client cmd=0x0003, size=4
10-25 23:22:25.266    1418-1817/? D/mot_vr_audio_hw﹕ open_input_stream(): devices = 0x80000004, rate = 8000, channels = 0x10
10-25 23:22:25.266    1418-1817/? D/mot_vr_audio_hw﹕ Created resampler for 16000->8000 Hz
10-25 23:22:25.276    1411-1411/? D/ADSPD﹕ Received from DSP: cmd=0x8003, size=2
10-25 23:22:25.276    1411-1411/? D/ADSPD﹕ Client cmd=0x4003, size=2
10-25 23:22:25.276    1418-2021/? D/mot_vr_audio_hw﹕ received recognition control callback, status 0
10-25 23:22:25.276    1922-1922/? I/AmbientMode﹕ Dream ended: isDozing=true
10-25 23:22:25.286    1418-9103/? D/mot_vr_audio_hw﹕ in_read waiting for hotword
10-25 23:22:25.756    1749-1833/? D/LightsService﹕ Excessive delay setting light: 93ms
10-25 23:22:25.756    1416-1416/? D/SurfaceFlinger﹕ Screen released, type=0 flinger=0xb8f42448
10-25 23:22:25.906    1416-1416/? D/hwcomposer﹕ hwc_blank(0: 1)
10-25 23:22:25.906    1749-1833/? D/SurfaceControl﹕ Excessive delay in blankDisplay() while turning screen off: 147ms
10-25 23:22:25.926    1749-1779/? I/DisplayManagerService﹕ Display device changed: DisplayDeviceInfo{"Built-in Screen": 320 x 290, 45.000004 fps, density 213, 203.2 x 204.61111 dpi, touch INTERNAL, rotation 0, type BUILT_IN, state OFF, FLAG_DEFAULT_DISPLAY, FLAG_ROTATES_WITH_CONTENT, FLAG_SECURE, FLAG_SUPPORTS_PROTECTED_BUFFERS}
10-25 23:22:25.926    1749-1749/? V/ActivityManager﹕ Display changed displayId=0
10-25 23:22:25.936    9034-9034/? V/WearActivity﹕ display changed: 0, new state: 1
10-25 23:22:25.936    9034-9034/? I/TimeWrapper﹕ FPS: 41.72088, samples: 239
10-25 23:22:25.936    9034-9034/? I/TimeWrapper﹕ Min/Avg/Max frame render speed (ms): 3.90625 / 4.850507 / 21.484377
10-25 23:22:25.936    9034-9034/? I/TimeWrapper﹕ Waketime: 20.236742%
10-25 23:22:25.936    9034-9034/? V/WearActivity﹕ onDisplayChanged: off!
10-25 23:22:25.936    9034-9034/? V/WearActivity﹕ stopHelper: shutting things down
10-25 23:22:25.966    1749-1783/? D/MinnowPowerHAL﹕ power_set_interactive: 0
10-25 23:22:25.966    1749-1783/? D/MinnowPowerHAL﹕ sysfs_write: /sys/devices/platform/omapdss/display0/interactivemode 0
10-25 23:22:25.966    1749-1783/? D/MinnowPowerHAL﹕ sysfs_write: /sys/devices/ocp.2/i2c.6/i2c-0/0-004a/interactivemode 0
10-25 23:22:25.966    1749-1783/? D/MinnowPowerHAL﹕ sysfs_write: /sys/class/leds/lcd-backlight/interactive 0
10-25 23:22:25.966    1749-1783/? D/mot_vr_audio_hw﹕ dsp_set_pm_state = off
10-25 23:22:25.966    1411-1411/? D/ADSPD﹕ Client cmd=0x4002, size=2
10-25 23:22:25.966    1411-1411/? D/ADSPD﹕ DSP_CMD_DAEMON_SET_PM_STATE : 0
10-25 23:22:25.966    1411-1411/? D/ADSPD﹕ DSP not turned off as still being used
10-25 23:22:25.976    1418-1418/? D/mot_vr_audio_hw﹕ dsp_recognizer_enabled = false
10-25 23:22:25.976    1411-1411/? D/ADSPD﹕ Client cmd=0x0003, size=4
10-25 23:22:25.976    1411-1411/? D/ADSPD﹕ Trying to send to dsp while in dsp in RESET
10-25 23:22:25.976    1418-9103/? W/mot_vr_audio_hw﹕ Not allowing wake() since DSP is disabled
10-25 23:22:25.986    1418-9103/? W/mot_vr_audio_hw﹕ Not allowing wake() since DSP is disabled
10-25 23:22:25.986    9034-9034/? V/MyViewAnim﹕ stopping animation!
10-25 23:22:25.986    9034-9034/? V/MyViewAnim﹕ killDrawThread
10-25 23:22:25.986    9034-9034/? V/WearActivity﹕ killing alarms
10-25 23:22:25.986    9034-9034/? I/ClockFace﹕ Ambient mode: false
10-25 23:22:25.986    9034-9034/? V/WearActivity﹕ Pause!
10-25 23:22:25.986    9034-9102/? V/MyViewAnim﹕ looper finished!
10-25 23:22:25.986    1749-1749/? W/InputMethodManagerService﹕ Ignoring setImeWindowStatus of uid 1000 token: null
10-25 23:22:26.007    9034-9034/? V/WearActivity﹕ Stop!
10-25 23:22:26.017    1411-1411/? D/ADSPD﹕ Client cmd=0x4003, size=2
10-25 23:22:26.017    1411-1411/? D/ADSPD﹕ DSP no longer used, turned off here
10-25 23:22:26.017    1418-2243/? D/mot_vr_audio_hw﹕ Input 0xb75c4d20 close complete
10-25 23:22:26.097    2314-2314/? D/WearableClient﹕ WearableClientImpl.onPostInitHandler: done
10-25 23:22:26.117    2314-2314/? D/dalvikvm﹕ GC_FOR_ALLOC freed 222K, 25% free 2326K/3072K, paused 10ms, total 19ms
10-25 23:22:35.496    1922-9099/? E/CwCal﹕ CalHomeUtil:Unable to get data items: calendar
    com.google.android.wearable.gmsclient.WearableException: getDataItems failed: Status{statusCode=TIMEOUT, resolution=null}
            at com.google.android.wearable.gmsclient.GoogleApiClientHelper.throwIfFailed(GoogleApiClientHelper.java:98)
            at com.google.android.wearable.gmsclient.DataManager.getDataItems(DataManager.java:248)
            at com.google.android.clockwork.home.calendar.CalendarHomeUtils.getAllDataItemsNullable(CalendarHomeUtils.java:168)
            at com.google.android.clockwork.home.calendar.CalendarHomeUtils.scheduleAlarmForNextEvent(CalendarHomeUtils.java:749)
            at com.google.android.clockwork.home.calendar.CalendarHomeUtils.refreshAllCards(CalendarHomeUtils.java:325)
            at com.google.android.clockwork.home.calendar.CalendarEventService.onHandleIntent(CalendarEventService.java:41)
            at android.app.IntentService$ServiceHandler.handleMessage(IntentService.java:65)
            at android.os.Handler.dispatchMessage(Handler.java:102)
            at android.os.Looper.loop(Looper.java:136)
            at android.os.HandlerThread.run(HandlerThread.java:61)
10-25 23:22:51.642    1922-2000/? W/Clockwork.Settings﹕ could not send rpc to writer
    com.google.android.wearable.gmsclient.WearableException: sendRpc failed: Status{statusCode=TIMEOUT, resolution=null}
            at com.google.android.wearable.gmsclient.MessageManager.sendMessage(MessageManager.java:65)
            at com.google.android.clockwork.settings.SettingsDataItemReader$ClockworkHandler.handleMessage(SettingsDataItemReader.java:387)
            at android.os.Handler.dispatchMessage(Handler.java:102)
            at android.os.Looper.loop(Looper.java:136)
            at android.os.HandlerThread.run(HandlerThread.java:61)
10-25 23:22:51.642    1922-2000/? I/Clockwork.Settings﹕ scheduling time sync for 512000 ms from now
10-25 23:22:53.043    1922-1998/? W/NotificationBridger﹕ error getting dataItems
    com.google.android.wearable.gmsclient.WearableException: getDataItems failed: Status{statusCode=TIMEOUT, resolution=null}
            at com.google.android.wearable.gmsclient.GoogleApiClientHelper.throwIfFailed(GoogleApiClientHelper.java:98)
            at com.google.android.wearable.gmsclient.DataManager.getDataItems(DataManager.java:248)
            at com.google.android.clockwork.stream.bridger.NotificationBridger.handleFullSync(NotificationBridger.java:297)
            at com.google.android.clockwork.stream.bridger.NotificationBridger.handleMessage(NotificationBridger.java:1170)
            at android.os.Handler.dispatchMessage(Handler.java:98)
            at android.os.Looper.loop(Looper.java:136)
            at android.os.HandlerThread.run(HandlerThread.java:61)
10-25 23:22:53.043    1922-1998/? I/NotificationBridger﹕ Retry startup in 10000 ms
