10-13 08:22:07.941    2030-2067/? W/bt-btif﹕ proc dm_pm_timer expires
10-13 08:24:38.220    1748-1750/? D/dalvikvm﹕ GC_CONCURRENT freed 657K, 30% free 4819K/6844K, paused 8ms+6ms, total 60ms
10-13 08:27:24.429    1748-2330/? D/PowerManagerService-JNI﹕ Excessive delay in autosuspend_disable() while turning screen on: 109ms
10-13 08:27:24.429    1748-2330/? D/MinnowPowerHAL﹕ power_set_interactive: 1
10-13 08:27:24.429    1748-2330/? D/MinnowPowerHAL﹕ sysfs_write: /sys/devices/platform/omapdss/display0/interactivemode 1
10-13 08:27:24.479    1748-2330/? D/MinnowPowerHAL﹕ sysfs_write: /sys/devices/ocp.2/i2c.6/i2c-0/0-004a/interactivemode 1
10-13 08:27:24.479    1748-2330/? D/mot_vr_audio_hw﹕ dsp_set_pm_state = on
10-13 08:27:24.479    7638-7638/? D/ADSPD﹕ Client cmd=0x4002, size=2
10-13 08:27:24.479    7638-7638/? D/ADSPD﹕ DSP_CMD_DAEMON_SET_PM_STATE : 1
10-13 08:27:24.479    1748-2330/? D/PowerManagerService-JNI﹕ Excessive delay in setInteractive(true) while turning screen on: 56ms
10-13 08:27:24.489    7638-7638/? D/ADSPD﹕ ACK success!
10-13 08:27:24.489    5637-5637/? V/WearActivity﹕ Resume!
10-13 08:27:24.489    5637-5637/? V/ClockFace﹕ clearing caches
10-13 08:27:24.489    5637-5637/? V/MyViewAnim﹕ new animator starting
10-13 08:27:24.489    5637-5637/? V/MyViewAnim﹕ Time listener is up!
10-13 08:27:24.489    5637-5637/? V/MyViewAnim﹕ starting draw thread from scratch
10-13 08:27:24.489    1413-1413/? D/SurfaceFlinger﹕ Screen acquired, type=0 flinger=0xb8e4d448
10-13 08:27:24.489    1413-1413/? D/hwcomposer﹕ hwc_blank(0: 0)
10-13 08:27:24.499    5637-7098/? V/ClockFace﹕ rendering new face, faceMode(0)
10-13 08:27:24.529    2048-2048/? E/ClockworkHome﹕ Tried to exit ambient mode, but enterAmbientMode() was never called.
10-13 08:27:24.529    1415-2734/? D/mot_vr_audio_hw﹕ dsp_recognizer_enabled = true
10-13 08:27:24.529    7638-7638/? D/ADSPD﹕ Client cmd=0x0003, size=4
10-13 08:27:24.539    1415-2736/? D/mot_vr_audio_hw﹕ open_input_stream(): devices = 0x80000004, rate = 8000, channels = 0x10
10-13 08:27:24.539    1415-2736/? D/mot_vr_audio_hw﹕ Created resampler for 16000->8000 Hz
10-13 08:27:24.539    5637-5637/? V/WearActivity﹕ display changed: 0, new state: 2
10-13 08:27:24.539    5637-5637/? I/TimeWrapper﹕ FPS: 0.009413789, samples: 3
10-13 08:27:24.539    5637-5637/? I/TimeWrapper﹕ Min/Avg/Max frame render speed (ms): 4.699708 / 17.700195 / 43.670654
10-13 08:27:24.539    5637-5637/? I/TimeWrapper﹕ Waketime: 0.016662592%
10-13 08:27:24.539    5637-5637/? I/ClockFace﹕ Ambient mode: false
10-13 08:27:24.539    5637-5637/? V/ClockFace﹕ clearing caches
10-13 08:27:24.549    7638-7638/? D/ADSPD﹕ Received from DSP: cmd=0x8003, size=2
10-13 08:27:24.549    7638-7638/? D/ADSPD﹕ Client cmd=0x4003, size=2
10-13 08:27:24.549    1415-7641/? D/mot_vr_audio_hw﹕ received recognition control callback, status 0
10-13 08:27:24.569    1415-7755/? D/mot_vr_audio_hw﹕ in_read waiting for hotword
10-13 08:27:24.610    5637-7098/? V/ClockFace﹕ fetching new battery status (6880)
10-13 08:27:24.610    5637-7098/? V/ClockFace﹕ battery at 0.91
10-13 08:27:24.610    1748-1845/? D/LightsService﹕ Excessive delay setting light: 71ms
10-13 08:27:24.700    5637-5637/? V/ClockFace﹕ clearing caches
10-13 08:27:24.700    5637-5637/? V/MyViewAnim﹕ resuming old animator!
10-13 08:27:24.700    5637-5637/? V/WearActivity﹕ onDisplayChanged: on!
10-13 08:27:24.710    5637-7754/? V/ClockFace﹕ rendering new face, faceMode(0)
10-13 08:27:24.710    5637-7754/? V/ClockFace﹕ fetching new battery status (6884)
10-13 08:27:24.710    5637-7754/? V/ClockFace﹕ battery at 0.91
10-13 08:27:27.522    5637-5639/? D/dalvikvm﹕ GC_CONCURRENT freed 367K, 22% free 2367K/3000K, paused 10ms+22ms, total 95ms
10-13 08:27:27.983    2030-2067/? W/bt-btif﹕ dm_pm_timer expires
10-13 08:27:27.983    2030-2067/? W/bt-btif﹕ dm_pm_timer expires 0
10-13 08:27:27.983    2030-2067/? W/bt-btif﹕ proc dm_pm_timer expires
10-13 08:27:29.725    2048-2048/? I/AmbientMode﹕ Ambient mode started: canDoze=true, dozeHardware=null
10-13 08:27:29.735    1415-2205/? D/mot_vr_audio_hw﹕ dsp_recognizer_enabled = false
10-13 08:27:29.735    7638-7638/? D/ADSPD﹕ Client cmd=0x0003, size=4
10-13 08:27:29.735    1415-7755/? D/mot_vr_audio_hw﹕ Switching DSP to standby/passthrough mode
10-13 08:27:29.735    1415-7755/? D/mot_vr_audio_hw﹕ Input 0xb71af6a8 ready to read
10-13 08:27:29.745    7638-7638/? D/ADSPD﹕ Received from DSP: cmd=0x8003, size=2
10-13 08:27:29.745    7638-7638/? D/ADSPD﹕ Client cmd=0x0003, size=4
10-13 08:27:29.745    1415-7641/? D/mot_vr_audio_hw﹕ received recognition control callback, status 0
10-13 08:27:29.755    7638-7638/? D/ADSPD﹕ Received from DSP: cmd=0x8003, size=2
10-13 08:27:29.755    1415-7641/? D/mot_vr_audio_hw﹕ received recognition control callback, status 0
10-13 08:27:29.785    1415-7755/? W/mot_vr_audio_hw﹕ Discarded 10 buffers without finding audio data
10-13 08:27:29.795    7638-7638/? D/ADSPD﹕ Client cmd=0x0003, size=4
10-13 08:27:29.795    1415-7755/? D/mot_vr_audio_hw﹕ Re-arming DSP
10-13 08:27:29.795    1415-7755/? D/mot_vr_audio_hw﹕ Input 0xb71af6a8 standby complete
10-13 08:27:29.805    1415-2734/? D/mot_vr_audio_hw﹕ Input 0xb71af6a8 close complete
10-13 08:27:29.805    7638-7638/? D/ADSPD﹕ Received from DSP: cmd=0x8003, size=2
10-13 08:27:29.805    7638-7638/? D/ADSPD﹕ Client cmd=0x4003, size=2
10-13 08:27:29.805    1415-7641/? D/mot_vr_audio_hw﹕ received recognition control callback, status 0
10-13 08:27:29.825    1415-2205/? D/mot_vr_audio_hw﹕ dsp_recognizer_enabled = true
10-13 08:27:29.825    7638-7638/? D/ADSPD﹕ Client cmd=0x0003, size=4
10-13 08:27:29.825    1415-1415/? D/mot_vr_audio_hw﹕ open_input_stream(): devices = 0x80000004, rate = 8000, channels = 0x10
10-13 08:27:29.825    1415-1415/? D/mot_vr_audio_hw﹕ Created resampler for 16000->8000 Hz
10-13 08:27:29.835    7638-7638/? D/ADSPD﹕ Received from DSP: cmd=0x8003, size=2
10-13 08:27:29.835    7638-7638/? D/ADSPD﹕ Client cmd=0x4003, size=2
10-13 08:27:29.835    1415-7641/? D/mot_vr_audio_hw﹕ received recognition control callback, status 0
10-13 08:27:29.865    2048-2048/? I/AmbientMode﹕ Dream ended: isDozing=true
10-13 08:27:29.865    1415-7757/? D/mot_vr_audio_hw﹕ in_read waiting for hotword
10-13 08:27:29.895    1748-1845/? D/LightsService﹕ Excessive delay setting light: 99ms
10-13 08:27:30.285    1748-1806/? D/LightsService﹕ Excessive delay setting light: 237ms
10-13 08:27:30.285    1413-1413/? D/SurfaceFlinger﹕ Screen released, type=0 flinger=0xb8e4d448
10-13 08:27:30.435    1413-1413/? D/hwcomposer﹕ hwc_blank(0: 1)
10-13 08:27:30.455    1748-1806/? D/SurfaceControl﹕ Excessive delay in blankDisplay() while turning screen off: 166ms
10-13 08:27:30.475    5637-5637/? V/WearActivity﹕ display changed: 0, new state: 1
10-13 08:27:30.475    5637-5637/? I/TimeWrapper﹕ FPS: 41.886265, samples: 246
10-13 08:27:30.475    5637-5637/? I/TimeWrapper﹕ Min/Avg/Max frame render speed (ms): 6.164551 / 14.541005 / 63.293457
10-13 08:27:30.475    5637-5637/? I/TimeWrapper﹕ Waketime: 60.906845%
10-13 08:27:30.475    5637-5637/? I/ClockFace﹕ Ambient mode: true
10-13 08:27:30.475    5637-5637/? V/ClockFace﹕ clearing caches
10-13 08:27:30.475    5637-5637/? V/MyViewAnim﹕ stopping animation!
10-13 08:27:30.475    5637-5637/? V/WearActivity﹕ onDisplayChanged: off!
10-13 08:27:30.485    1748-1779/? D/MinnowPowerHAL﹕ power_set_interactive: 0
10-13 08:27:30.485    1748-1779/? D/MinnowPowerHAL﹕ sysfs_write: /sys/devices/platform/omapdss/display0/interactivemode 0
10-13 08:27:30.485    1748-1779/? D/MinnowPowerHAL﹕ sysfs_write: /sys/devices/ocp.2/i2c.6/i2c-0/0-004a/interactivemode 0
10-13 08:27:30.485    1748-1779/? D/mot_vr_audio_hw﹕ dsp_set_pm_state = off
10-13 08:27:30.485    7638-7638/? D/ADSPD﹕ Client cmd=0x4002, size=2
10-13 08:27:30.485    7638-7638/? D/ADSPD﹕ DSP_CMD_DAEMON_SET_PM_STATE : 0
10-13 08:27:30.485    7638-7638/? D/ADSPD﹕ DSP not turned off as still being used
10-13 08:27:30.495    5637-5637/? V/WearActivity﹕ Pause!
10-13 08:27:30.505    5637-6929/? E/MyViewAnim﹕ no surface holder, retrying
10-13 08:27:30.505    5637-6929/? V/ClockFace﹕ rendering new face, faceMode(0)
10-13 08:27:30.525    5637-5637/? V/WearActivity﹕ Stop!
10-13 08:27:30.535    1415-2736/? D/mot_vr_audio_hw﹕ dsp_recognizer_enabled = false
10-13 08:27:30.535    7638-7638/? D/ADSPD﹕ Client cmd=0x0003, size=4
10-13 08:27:30.535    7638-7638/? D/ADSPD﹕ Trying to send to dsp while in dsp in RESET
10-13 08:27:30.535    1415-7757/? W/mot_vr_audio_hw﹕ Not allowing wake() since DSP is disabled
10-13 08:27:30.545    1415-7757/? W/mot_vr_audio_hw﹕ Not allowing wake() since DSP is disabled
10-13 08:27:30.565    5637-7754/? V/MyViewAnim﹕ looper finished!
10-13 08:27:30.565    7638-7638/? D/ADSPD﹕ Client cmd=0x4003, size=2
10-13 08:27:30.565    7638-7638/? D/ADSPD﹕ DSP no longer used, turned off here
10-13 08:27:30.575    1415-2801/? D/mot_vr_audio_hw﹕ Input 0xb71af6a8 close complete
10-13 08:27:30.625    7396-7449/? D/dalvikvm﹕ GC_FOR_ALLOC freed 196K, 24% free 2285K/3004K, paused 49ms, total 50ms
10-13 08:27:32.637    2030-2067/? W/bt-btif﹕ dm_pm_timer expires
10-13 08:27:32.637    2030-2067/? W/bt-btif﹕ dm_pm_timer expires 0
10-13 08:27:32.637    2030-2067/? W/bt-btif﹕ proc dm_pm_timer expires
10-13 08:28:08.411    2217-2218/? D/dalvikvm﹕ GC_CONCURRENT freed 390K, 58% free 2023K/4712K, paused 3ms+2ms, total 32ms
10-13 08:41:18.210    1748-1750/? D/dalvikvm﹕ GC_CONCURRENT freed 579K, 29% free 4865K/6844K, paused 9ms+6ms, total 58ms
10-13 08:42:53.170    2217-2218/? D/dalvikvm﹕ GC_CONCURRENT freed 387K, 58% free 2021K/4712K, paused 3ms+1ms, total 51ms
10-13 08:49:44.907    2048-2048/? E/ClockworkHome﹕ Tried to exit ambient mode, but enterAmbientMode() was never called.
10-13 08:49:44.917    5637-5637/? V/WearActivity﹕ Resume!
10-13 08:49:44.917    5637-5637/? V/ClockFace﹕ clearing caches
10-13 08:49:44.917    5637-5637/? V/MyViewAnim﹕ new animator starting
10-13 08:49:44.917    5637-5637/? V/MyViewAnim﹕ Time listener is up!
10-13 08:49:44.917    5637-5637/? V/MyViewAnim﹕ starting draw thread from scratch
10-13 08:49:44.917    1415-1531/? D/mot_vr_audio_hw﹕ dsp_recognizer_enabled = true
10-13 08:49:44.917    7638-7638/? D/ADSPD﹕ Client cmd=0x0003, size=4
10-13 08:49:44.917    7638-7638/? D/ADSPD﹕ Trying to send to dsp while in dsp in RESET
10-13 08:49:44.917    1415-2736/? D/mot_vr_audio_hw﹕ open_input_stream(): devices = 0x80000004, rate = 8000, channels = 0x10
10-13 08:49:44.917    1415-2736/? D/mot_vr_audio_hw﹕ Created resampler for 16000->8000 Hz
10-13 08:49:44.917    7638-7638/? D/ADSPD﹕ Client cmd=0x4003, size=2
10-13 08:49:44.937    5637-7046/? V/ClockFace﹕ rendering new face, faceMode(0)
10-13 08:49:44.937    5637-7046/? I/TimeWrapper﹕ FPS: 0.002997521, samples: 4
10-13 08:49:44.937    5637-7046/? I/TimeWrapper﹕ Min/Avg/Max frame render speed (ms): 6.439209 / 17.990112 / 37.933353
10-13 08:49:44.937    5637-7046/? I/TimeWrapper﹕ Waketime: 0.005392574%
10-13 08:49:44.987    1748-2318/? D/MinnowPowerHAL﹕ power_set_interactive: 1
10-13 08:49:44.987    1748-2318/? D/MinnowPowerHAL﹕ sysfs_write: /sys/devices/platform/omapdss/display0/interactivemode 1
10-13 08:49:55.057    1748-1768/? I/Process﹕ Sending signal. PID: 2048 SIG: 3
10-13 08:49:55.057    2048-2052/? I/dalvikvm﹕ threadid=3: reacting to signal 3
10-13 08:49:55.267    1748-1768/? I/Process﹕ Sending signal. PID: 1748 SIG: 3
10-13 08:49:55.267    1748-1753/? I/dalvikvm﹕ threadid=3: reacting to signal 3
10-13 08:49:56.548    2048-2052/? I/dalvikvm﹕ Wrote stack traces to '/data/anr/traces.txt'
10-13 08:50:04.176    5637-5639/? D/dalvikvm﹕ GC_CONCURRENT freed 397K, 22% free 2356K/3000K, paused 3ms+16ms, total 65ms
10-13 08:50:15.117    1748-1753/? W/﹕ virtual bool BacktraceThread::TriggerUnwindOnThread(ThreadEntry*): Cancelled dump of thread 2318
10-13 08:50:34.155    2217-2218/? D/dalvikvm﹕ GC_CONCURRENT freed 384K, 58% free 2022K/4712K, paused 9ms+3ms, total 58ms
10-13 08:50:35.937    1748-1753/? W/﹕ virtual bool BacktraceThread::TriggerUnwindOnThread(ThreadEntry*): Didn't finish thread unwind in 60 seconds.
10-13 08:50:36.227    5637-5639/? D/dalvikvm﹕ GC_CONCURRENT freed 346K, 21% free 2396K/3000K, paused 5ms+34ms, total 90ms
10-13 08:50:36.257    1748-2318/? D/MinnowPowerHAL﹕ sysfs_write: /sys/devices/ocp.2/i2c.6/i2c-0/0-004a/interactivemode 1
10-13 08:50:36.257    1748-2318/? D/mot_vr_audio_hw﹕ dsp_set_pm_state = on
10-13 08:50:36.257    7638-7638/? D/ADSPD﹕ Client cmd=0x4002, size=2
10-13 08:50:36.257    7638-7638/? D/ADSPD﹕ DSP_CMD_DAEMON_SET_PM_STATE : 1
10-13 08:50:36.257    1748-2318/? D/PowerManagerService-JNI﹕ Excessive delay in setInteractive(true) while turning screen on: 51265ms
10-13 08:50:36.357    7638-7638/? E/ADSPD﹕ Timeout on select()
10-13 08:50:36.357    7638-7638/? E/ADSPD﹕ NO ACK received after loading firmware
10-13 08:50:36.357    7638-7638/? E/ADSPD﹕ Unknown ACK received 0x00
10-13 08:50:36.357    7638-7638/? D/ADSPD﹕ Enabling VR when bringing up DSP
10-13 08:50:37.308    1748-1920/? I/Process﹕ Sending signal. PID: 1748 SIG: 3
10-13 08:50:37.328    1415-7760/? D/mot_vr_audio_hw﹕ in_read waiting for hotword
10-13 08:50:37.358    1748-1753/? I/dalvikvm﹕ Wrote stack traces to '/data/anr/traces.txt'
10-13 08:50:37.378    1748-1753/? I/dalvikvm﹕ threadid=3: reacting to signal 3
10-13 08:50:37.388    7396-7467/? W/wearable﹕ took 40514 ms to perform write
10-13 08:50:38.479    1748-1753/? I/dalvikvm﹕ Wrote stack traces to '/data/anr/traces.txt'
10-13 08:50:38.509    5637-5637/? V/WearActivity﹕ Pause!
10-13 08:50:38.539    7396-7467/? W/wearable﹕ took 1112 ms to perform write
10-13 08:50:38.609    7381-7679/? I/EventLogService﹕ Aggregate from 1413206126887 (log), 1413206126887 (data)
10-13 08:50:38.850    1748-1772/? D/dalvikvm﹕ GC_FOR_ALLOC freed 474K, 30% free 4853K/6844K, paused 61ms, total 63ms
10-13 08:50:38.850    1748-1772/? I/dalvikvm-heap﹕ Grow heap (frag case) to 5.413MB for 500416-byte allocation
10-13 08:50:38.970    1748-1756/? D/dalvikvm﹕ GC_FOR_ALLOC freed 9K, 28% free 5333K/7336K, paused 116ms, total 116ms
10-13 08:50:38.970    1415-1531/? D/mot_vr_audio_hw﹕ dsp_recognizer_enabled = false
10-13 08:50:38.970    7638-7638/? D/ADSPD﹕ Client cmd=0x0003, size=4
10-13 08:50:38.980    1415-7760/? D/mot_vr_audio_hw﹕ Switching DSP to standby/passthrough mode
10-13 08:50:38.980    1415-7760/? D/mot_vr_audio_hw﹕ Input 0xb71af6a8 ready to read
10-13 08:50:38.990    7638-7638/? D/ADSPD﹕ Received from DSP: cmd=0x8003, size=2
10-13 08:50:38.990    7638-7638/? D/ADSPD﹕ Client cmd=0x0003, size=4
10-13 08:50:39.000    1415-7641/? D/mot_vr_audio_hw﹕ received recognition control callback, status 0
10-13 08:50:39.000    7638-7638/? D/ADSPD﹕ Received from DSP: cmd=0x8003, size=2
10-13 08:50:39.000    1415-7641/? D/mot_vr_audio_hw﹕ received recognition control callback, status 0
10-13 08:50:39.030    1415-7760/? W/mot_vr_audio_hw﹕ Discarded 10 buffers without finding audio data
10-13 08:50:39.040    7638-7638/? D/ADSPD﹕ Client cmd=0x0003, size=4
10-13 08:50:39.040    1415-7760/? D/mot_vr_audio_hw﹕ Re-arming DSP
10-13 08:50:39.040    1415-7760/? D/mot_vr_audio_hw﹕ Input 0xb71af6a8 standby complete
10-13 08:50:39.050    1415-2801/? D/mot_vr_audio_hw﹕ Input 0xb71af6a8 close complete
10-13 08:50:39.050    7638-7638/? D/ADSPD﹕ Received from DSP: cmd=0x8003, size=2
10-13 08:50:39.050    7638-7638/? D/ADSPD﹕ Client cmd=0x4003, size=2
10-13 08:50:39.050    1415-7641/? D/mot_vr_audio_hw﹕ received recognition control callback, status 0
10-13 08:50:39.430    1748-1781/? I/InputDispatcher﹕ Window 'monitor' spent 2094.6ms processing the last input event: KeyEvent(deviceId=2, source=0x00000101, action=0, flags=0x00000088, keyCode=26, scanCode=116, metaState=0x00000000, repeatCount=1), policyFlags=0x42000001
10-13 08:50:39.430    1748-1781/? I/InputDispatcher﹕ Window 'monitor' spent 2091.9ms processing the last input event: KeyEvent(deviceId=2, source=0x00000101, action=1, flags=0x000000a8, keyCode=26, scanCode=116, metaState=0x00000000, repeatCount=0), policyFlags=0x42000001
10-13 08:50:39.510    5637-5637/? V/MyViewAnim﹕ Drawing surface destroyed!
10-13 08:50:39.651    7381-7679/? I/ServiceDumpSys﹕ dumping service [account]
10-13 08:50:39.831    1947-1947/? D/OpenGLRenderer﹕ Enabling debug mode 0
10-13 08:50:40.071    5637-5637/? V/WearActivity﹕ Stop!
10-13 08:50:41.282    2030-2067/? W/bt-btif﹕ dm_pm_timer expires
10-13 08:50:41.282    2030-2067/? W/bt-btif﹕ dm_pm_timer expires 0
10-13 08:50:41.282    2030-2067/? W/bt-btif﹕ proc dm_pm_timer expires
10-13 08:50:41.843    1413-1413/? D/SurfaceFlinger﹕ Screen acquired, type=0 flinger=0xb8e4d448
10-13 08:50:41.843    1413-1413/? D/hwcomposer﹕ hwc_blank(0: 0)
10-13 08:50:41.843    1748-1774/? I/Choreographer﹕ Skipped 203 frames!  The application may be doing too much work on its main thread.
10-13 08:50:41.853    1748-1774/? I/ActivityManager﹕ Displayed com.google.android.apps.wearable.settings/com.google.android.clockwork.settings.SettingsActivity: +2s420ms (total +2s434ms)
10-13 08:50:41.953    1748-1845/? D/LightsService﹕ Excessive delay setting light: 98ms
10-13 08:50:41.953    5637-5637/? V/WearActivity﹕ display changed: 0, new state: 2
10-13 08:50:41.953    5637-5637/? I/TimeWrapper﹕ FPS: 41.360638, samples: 2356
10-13 08:50:41.953    5637-5637/? I/TimeWrapper﹕ Min/Avg/Max frame render speed (ms): 4.455566 / 7.168185 / 52.03247
10-13 08:50:41.953    5637-5637/? I/TimeWrapper﹕ Waketime: 29.648071%
10-13 08:50:41.953    5637-5637/? I/ClockFace﹕ Ambient mode: false
10-13 08:50:41.953    5637-5637/? V/ClockFace﹕ clearing caches
10-13 08:50:42.073    1748-1845/? D/LightsService﹕ Excessive delay setting light: 61ms
10-13 08:50:42.123    2048-2048/? I/AmbientMode﹕ Ambient mode started: canDoze=true, dozeHardware=null
10-13 08:50:42.123    2048-2048/? I/AmbientMode﹕ Dream ended: isDozing=true
10-13 08:50:42.193    2048-2048/? E/ClockworkHome﹕ Tried to exit ambient mode, but enterAmbientMode() was never called.
10-13 08:50:42.213    1748-1845/? D/LightsService﹕ Excessive delay setting light: 63ms
10-13 08:50:42.223    1415-1531/? D/mot_vr_audio_hw﹕ dsp_recognizer_enabled = true
10-13 08:50:42.223    7638-7638/? D/ADSPD﹕ Client cmd=0x0003, size=4
10-13 08:50:42.233    1415-2734/? D/mot_vr_audio_hw﹕ open_input_stream(): devices = 0x80000004, rate = 8000, channels = 0x10
10-13 08:50:42.233    1415-2734/? D/mot_vr_audio_hw﹕ Created resampler for 16000->8000 Hz
10-13 08:50:42.243    7638-7638/? D/ADSPD﹕ Received from DSP: cmd=0x8003, size=2
10-13 08:50:42.243    7638-7638/? D/ADSPD﹕ Client cmd=0x4003, size=2
10-13 08:50:42.243    1415-7641/? D/mot_vr_audio_hw﹕ received recognition control callback, status 0
10-13 08:50:42.263    1415-7768/? D/mot_vr_audio_hw﹕ in_read waiting for hotword
10-13 08:50:42.283    1748-1845/? D/LightsService﹕ Excessive delay setting light: 70ms
10-13 08:50:42.313    7396-7449/? D/dalvikvm﹕ GC_FOR_ALLOC freed 197K, 24% free 2286K/3004K, paused 79ms, total 97ms
10-13 08:50:42.373    5637-5637/? V/ClockFace﹕ clearing caches
10-13 08:50:42.373    5637-5637/? V/MyViewAnim﹕ resuming old animator!
10-13 08:50:42.373    5637-5637/? V/WearActivity﹕ onDisplayChanged: on!
10-13 08:50:42.373    5637-5637/? V/WearActivity﹕ Resume!
10-13 08:50:42.373    5637-5637/? V/ClockFace﹕ clearing caches
10-13 08:50:42.373    5637-5637/? V/MyViewAnim﹕ resuming old animator!
10-13 08:50:42.493    5637-5637/? V/MyViewAnim﹕ Drawing surface created!
10-13 08:50:42.513    5637-7046/? V/ClockFace﹕ rendering new face, faceMode(0)
10-13 08:50:42.523    5637-7046/? V/ClockFace﹕ fetching new battery status (9489)
10-13 08:50:42.523    5637-7046/? V/ClockFace﹕ battery at 0.89
10-13 08:50:42.653    5637-5637/? V/MyViewAnim﹕ Drawing surface changed!
10-13 08:50:42.774    1748-1750/? D/dalvikvm﹕ GC_CONCURRENT freed 1264K, 33% free 4947K/7336K, paused 21ms+4ms, total 235ms
10-13 08:50:42.774    1748-1768/? D/dalvikvm﹕ WAIT_FOR_CONCURRENT_GC blocked 105ms
10-13 08:50:42.784    1748-1774/? D/dalvikvm﹕ WAIT_FOR_CONCURRENT_GC blocked 105ms
10-13 08:50:43.124    1748-1768/? D/dalvikvm﹕ GC_EXPLICIT freed 98K, 33% free 4958K/7336K, paused 37ms+25ms, total 230ms
10-13 08:50:43.144    1748-1806/? D/LightsService﹕ Excessive delay setting light: 647ms
10-13 08:50:43.154    1413-1413/? D/SurfaceFlinger﹕ Screen released, type=0 flinger=0xb8e4d448
10-13 08:50:43.304    1413-1413/? D/hwcomposer﹕ hwc_blank(0: 1)
10-13 08:50:43.304    1748-1806/? D/SurfaceControl﹕ Excessive delay in blankDisplay() while turning screen off: 162ms
10-13 08:50:43.334    5637-5637/? V/WearActivity﹕ display changed: 0, new state: 1
10-13 08:50:43.334    5637-5637/? I/TimeWrapper﹕ FPS: 25.888937, samples: 21
10-13 08:50:43.334    5637-5637/? I/TimeWrapper﹕ Min/Avg/Max frame render speed (ms): 6.134034 / 17.861502 / 58.89893
10-13 08:50:43.334    5637-5637/? I/TimeWrapper﹕ Waketime: 46.241535%
10-13 08:50:43.334    5637-5637/? I/ClockFace﹕ Ambient mode: true
10-13 08:50:43.334    5637-5637/? V/ClockFace﹕ clearing caches
10-13 08:50:43.334    5637-5637/? V/MyViewAnim﹕ stopping animation!
10-13 08:50:43.334    5637-5637/? V/WearActivity﹕ onDisplayChanged: off!
10-13 08:50:43.344    1748-1779/? D/MinnowPowerHAL﹕ power_set_interactive: 0
10-13 08:50:43.344    1748-1779/? D/MinnowPowerHAL﹕ sysfs_write: /sys/devices/platform/omapdss/display0/interactivemode 0
10-13 08:50:43.344    1748-1779/? D/MinnowPowerHAL﹕ sysfs_write: /sys/devices/ocp.2/i2c.6/i2c-0/0-004a/interactivemode 0
10-13 08:50:43.354    1748-1779/? D/mot_vr_audio_hw﹕ dsp_set_pm_state = off
10-13 08:50:43.354    7638-7638/? D/ADSPD﹕ Client cmd=0x4002, size=2
10-13 08:50:43.354    7638-7638/? D/ADSPD﹕ DSP_CMD_DAEMON_SET_PM_STATE : 0
10-13 08:50:43.354    7638-7638/? D/ADSPD﹕ DSP not turned off as still being used
10-13 08:50:43.354    5637-6929/? E/MyViewAnim﹕ no surface holder, retrying
10-13 08:50:43.354    5637-6929/? V/ClockFace﹕ rendering new face, faceMode(0)
10-13 08:50:43.374    5637-7759/? V/MyViewAnim﹕ looper finished!
10-13 08:50:43.714    1413-1413/? W/SurfaceFlinger﹕ couldn't log to binary event log: overflow.
10-13 08:50:43.734    1748-1768/? I/Process﹕ Sending signal. PID: 5637 SIG: 3
10-13 08:50:43.734    5637-5640/? I/dalvikvm﹕ threadid=3: reacting to signal 3
10-13 08:50:43.855    5637-5640/? I/dalvikvm﹕ Wrote stack traces to '/data/anr/traces.txt'
10-13 08:50:43.945    1748-1768/? I/Process﹕ Sending signal. PID: 2030 SIG: 3
10-13 08:50:43.945    2030-2035/? I/dalvikvm﹕ threadid=3: reacting to signal 3
10-13 08:50:44.055    2030-2035/? I/dalvikvm﹕ Wrote stack traces to '/data/anr/traces.txt'
10-13 08:50:44.145    1748-1768/? I/Process﹕ Sending signal. PID: 7216 SIG: 3
10-13 08:50:44.145    7216-7222/? I/dalvikvm﹕ threadid=3: reacting to signal 3
10-13 08:50:44.215    7216-7222/? I/dalvikvm﹕ Wrote stack traces to '/data/anr/traces.txt'
10-13 08:50:44.425    1748-7770/? D/dalvikvm﹕ GC_FOR_ALLOC freed 267K, 33% free 4936K/7336K, paused 42ms, total 43ms
10-13 08:50:44.425    1748-7770/? I/dalvikvm-heap﹕ Grow heap (frag case) to 5.362MB for 361994-byte allocation
10-13 08:50:44.475    1748-1768/? D/dalvikvm﹕ GC_FOR_ALLOC freed 5K, 32% free 5284K/7692K, paused 44ms, total 44ms
10-13 08:50:44.545    1748-7770/? D/dalvikvm﹕ GC_FOR_ALLOC freed 198K, 34% free 5098K/7692K, paused 39ms, total 40ms
10-13 08:50:44.545    1748-7770/? I/dalvikvm-heap﹕ Grow heap (frag case) to 5.524MB for 365616-byte allocation
10-13 08:50:44.585    1748-1748/? D/dalvikvm﹕ GC_FOR_ALLOC freed 3K, 33% free 5452K/8052K, paused 43ms, total 43ms
10-13 08:50:44.705    1748-1768/? D/dalvikvm﹕ GC_FOR_ALLOC freed 371K, 34% free 5346K/8052K, paused 42ms, total 42ms
10-13 08:50:44.806    5637-5637/? V/WearActivity﹕ Pause!
10-13 08:50:44.816    1415-2205/? D/mot_vr_audio_hw﹕ dsp_recognizer_enabled = false
10-13 08:50:44.816    7638-7638/? D/ADSPD﹕ Client cmd=0x0003, size=4
10-13 08:50:44.816    7638-7638/? D/ADSPD﹕ Trying to send to dsp while in dsp in RESET
10-13 08:50:44.816    1415-7768/? W/mot_vr_audio_hw﹕ Not allowing wake() since DSP is disabled
10-13 08:50:44.826    1415-7768/? W/mot_vr_audio_hw﹕ Not allowing wake() since DSP is disabled
10-13 08:50:44.846    7638-7638/? D/ADSPD﹕ Client cmd=0x4003, size=2
10-13 08:50:44.846    7638-7638/? D/ADSPD﹕ DSP no longer used, turned off here
10-13 08:50:44.846    1415-2801/? D/mot_vr_audio_hw﹕ Input 0xb71af6a8 close complete
10-13 08:50:44.906    5637-5637/? V/WearActivity﹕ Stop!
10-13 08:50:46.938    2030-2067/? W/bt-btif﹕ dm_pm_timer expires
10-13 08:50:46.938    2030-2067/? W/bt-btif﹕ dm_pm_timer expires 0
10-13 08:50:46.938    2030-2067/? W/bt-btif﹕ proc dm_pm_timer expires
10-13 08:51:00.425    1748-1782/? D/PowerManagerService-JNI﹕ Excessive delay in autosuspend_disable() while turning screen on: 130ms
10-13 08:51:00.425    1748-1782/? D/MinnowPowerHAL﹕ power_set_interactive: 1
10-13 08:51:00.425    1748-1782/? D/MinnowPowerHAL﹕ sysfs_write: /sys/devices/platform/omapdss/display0/interactivemode 1
10-13 08:51:00.465    1748-1782/? D/MinnowPowerHAL﹕ sysfs_write: /sys/devices/ocp.2/i2c.6/i2c-0/0-004a/interactivemode 1
10-13 08:51:00.465    1748-1782/? D/mot_vr_audio_hw﹕ dsp_set_pm_state = on
10-13 08:51:00.465    7638-7638/? D/ADSPD﹕ Client cmd=0x4002, size=2
10-13 08:51:00.465    7638-7638/? D/ADSPD﹕ DSP_CMD_DAEMON_SET_PM_STATE : 1
10-13 08:51:00.465    1748-1782/? D/PowerManagerService-JNI﹕ Excessive delay in setInteractive(true) while turning screen on: 33ms
10-13 08:51:00.475    5637-5637/? V/WearActivity﹕ Resume!
10-13 08:51:00.475    5637-5637/? V/ClockFace﹕ clearing caches
10-13 08:51:00.475    5637-5637/? V/MyViewAnim﹕ new animator starting
10-13 08:51:00.475    5637-5637/? V/MyViewAnim﹕ Time listener is up!
10-13 08:51:00.475    5637-5637/? V/MyViewAnim﹕ starting draw thread from scratch
10-13 08:51:00.475    1413-1413/? D/SurfaceFlinger﹕ Screen acquired, type=0 flinger=0xb8e4d448
10-13 08:51:00.475    1413-1413/? D/hwcomposer﹕ hwc_blank(0: 0)
10-13 08:51:00.475    7638-7638/? D/ADSPD﹕ ACK success!
10-13 08:51:00.505    5637-7098/? V/ClockFace﹕ rendering new face, faceMode(0)
10-13 08:51:00.515    5637-5637/? V/WearActivity﹕ display changed: 0, new state: 2
10-13 08:51:00.515    5637-5637/? I/TimeWrapper﹕ FPS: 0.17477603, samples: 3
10-13 08:51:00.515    5637-5637/? I/TimeWrapper﹕ Min/Avg/Max frame render speed (ms): 7.141113 / 9.511311 / 13.336182
10-13 08:51:00.515    5637-5637/? I/TimeWrapper﹕ Waketime: 0.16623494%
10-13 08:51:00.515    5637-5637/? I/ClockFace﹕ Ambient mode: false
10-13 08:51:00.515    5637-5637/? V/ClockFace﹕ clearing caches
10-13 08:51:00.535    1415-2736/? D/mot_vr_audio_hw﹕ dsp_recognizer_enabled = true
10-13 08:51:00.535    7638-7638/? D/ADSPD﹕ Client cmd=0x0003, size=4
10-13 08:51:00.535    1415-1531/? D/mot_vr_audio_hw﹕ open_input_stream(): devices = 0x80000004, rate = 8000, channels = 0x10
10-13 08:51:00.535    1415-1531/? D/mot_vr_audio_hw﹕ Created resampler for 16000->8000 Hz
10-13 08:51:00.545    7638-7638/? D/ADSPD﹕ Received from DSP: cmd=0x8003, size=2
10-13 08:51:00.545    7638-7638/? D/ADSPD﹕ Client cmd=0x4003, size=2
10-13 08:51:00.545    1415-7641/? D/mot_vr_audio_hw﹕ received recognition control callback, status 0
10-13 08:51:00.585    1415-7781/? D/mot_vr_audio_hw﹕ in_read waiting for hotword
10-13 08:51:00.605    5637-7098/? V/ClockFace﹕ fetching new battery status (9515)
10-13 08:51:00.605    5637-7098/? V/ClockFace﹕ battery at 0.89
10-13 08:51:00.665    5637-5637/? V/ClockFace﹕ clearing caches
10-13 08:51:00.665    5637-5637/? V/MyViewAnim﹕ resuming old animator!
10-13 08:51:00.665    5637-5637/? V/WearActivity﹕ onDisplayChanged: on!
10-13 08:51:00.685    5637-7780/? V/ClockFace﹕ rendering new face, faceMode(0)
10-13 08:51:00.685    5637-7780/? V/ClockFace﹕ fetching new battery status (9519)
10-13 08:51:00.685    5637-7780/? V/ClockFace﹕ battery at 0.89
10-13 08:51:03.088    2030-2067/? W/bt-btif﹕ dm_pm_timer expires
10-13 08:51:03.088    2030-2067/? W/bt-btif﹕ dm_pm_timer expires 0
10-13 08:51:03.088    2030-2067/? W/bt-btif﹕ proc dm_pm_timer expires
10-13 08:51:04.429    5637-5637/? V/WearActivity﹕ Pause!
10-13 08:51:04.519    1413-1413/? E/IMGSRV﹕ :0: KEGLRecreateDrawable: Couldn't create a drawable
10-13 08:51:04.519    1413-1413/? E/IMGSRV﹕ :0: KEGLGetDrawableParameters: Can't recreate drawable
10-13 08:51:04.519    1413-1413/? E/libEGL﹕ eglMakeCurrent:775 error 300b (EGL_BAD_NATIVE_WINDOW)
10-13 08:51:04.519    1413-1413/? W/SurfaceFlinger﹕ DisplayDevice::makeCurrent failed. Aborting surface composition for display ActivityViewVirtualDisplay
10-13 08:51:04.519    1413-1413/? E/SurfaceFlinger﹕ eglSwapBuffers(0x1, 0xb8f2f4d8) failed with 0x0000300d
10-13 08:51:04.529    1413-1413/? E/IMGSRV﹕ :0: KEGLRecreateDrawable: Couldn't create a drawable
10-13 08:51:04.529    1413-1413/? E/IMGSRV﹕ :0: KEGLGetDrawableParameters: Can't recreate drawable
10-13 08:51:04.529    1413-1413/? E/libEGL﹕ eglMakeCurrent:775 error 300b (EGL_BAD_NATIVE_WINDOW)
10-13 08:51:04.529    1413-1413/? W/SurfaceFlinger﹕ DisplayDevice::makeCurrent failed. Aborting surface composition for display ActivityViewVirtualDisplay
10-13 08:51:04.529    1413-1413/? E/SurfaceFlinger﹕ eglSwapBuffers(0x1, 0xb8f2f4d8) failed with 0x0000300d
10-13 08:51:04.539    1413-1413/? E/IMGSRV﹕ :0: KEGLRecreateDrawable: Couldn't create a drawable
10-13 08:51:04.539    1413-1413/? E/IMGSRV﹕ :0: KEGLGetDrawableParameters: Can't recreate drawable
10-13 08:51:04.539    1413-1413/? E/libEGL﹕ eglMakeCurrent:775 error 300b (EGL_BAD_NATIVE_WINDOW)
10-13 08:51:04.539    1413-1413/? W/SurfaceFlinger﹕ DisplayDevice::makeCurrent failed. Aborting surface composition for display ActivityViewVirtualDisplay
10-13 08:51:04.539    1413-1413/? E/SurfaceFlinger﹕ eglSwapBuffers(0x1, 0xb8f2f4d8) failed with 0x0000300d
10-13 08:51:04.609    1414-1414/? D/dalvikvm﹕ GC_EXPLICIT freed 46K, 12% free 1832K/2080K, paused 1ms+6ms, total 23ms
10-13 08:51:04.639    1414-1414/? D/dalvikvm﹕ GC_EXPLICIT freed <1K, 12% free 1832K/2080K, paused 1ms+1ms, total 26ms
10-13 08:51:04.669    1414-1414/? D/dalvikvm﹕ GC_EXPLICIT freed <1K, 12% free 1832K/2080K, paused 1ms+1ms, total 28ms
10-13 08:51:04.669    5637-5637/? V/WearActivity﹕ Stop!
10-13 08:51:04.669    5637-5637/? V/WearActivity﹕ Destroy!
10-13 08:51:04.669    5637-5637/? V/MyViewAnim﹕ stopping animation!
10-13 08:51:04.669    5637-5637/? V/WearActivity﹕ killing ambient watcher & alarm
10-13 08:51:04.719    1748-1750/? D/dalvikvm﹕ GC_CONCURRENT freed 786K, 33% free 5338K/7908K, paused 20ms+12ms, total 123ms
10-13 08:51:04.749    5637-7780/? V/MyViewAnim﹕ looper finished!
10-13 08:51:04.749    5637-7046/? E/MyViewAnim﹕ no surface holder, retrying
10-13 08:51:04.759    1413-1413/? E/IMGSRV﹕ :0: KEGLRecreateDrawable: Couldn't create a drawable
10-13 08:51:04.759    1413-1413/? E/IMGSRV﹕ :0: KEGLGetDrawableParameters: Can't recreate drawable
10-13 08:51:04.759    1413-1413/? E/libEGL﹕ eglMakeCurrent:775 error 300b (EGL_BAD_NATIVE_WINDOW)
10-13 08:51:04.759    1413-1413/? W/SurfaceFlinger﹕ DisplayDevice::makeCurrent failed. Aborting surface composition for display ActivityViewVirtualDisplay
10-13 08:51:04.759    1413-1413/? E/SurfaceFlinger﹕ eglSwapBuffers(0x1, 0xb8f2f4d8) failed with 0x0000300d
10-13 08:51:04.789    1413-1413/? E/IMGSRV﹕ :0: KEGLRecreateDrawable: Couldn't create a drawable
10-13 08:51:04.789    1413-1413/? E/IMGSRV﹕ :0: KEGLGetDrawableParameters: Can't recreate drawable
10-13 08:51:04.789    1413-1413/? E/libEGL﹕ eglMakeCurrent:775 error 300b (EGL_BAD_NATIVE_WINDOW)
10-13 08:51:04.789    1413-1413/? W/SurfaceFlinger﹕ DisplayDevice::makeCurrent failed. Aborting surface composition for display ActivityViewVirtualDisplay
10-13 08:51:04.789    1413-1413/? E/SurfaceFlinger﹕ eglSwapBuffers(0x1, 0xb8f2f4d8) failed with 0x0000300d
10-13 08:51:04.829    1413-1413/? E/IMGSRV﹕ :0: KEGLRecreateDrawable: Couldn't create a drawable
10-13 08:51:04.829    1413-1413/? E/IMGSRV﹕ :0: KEGLGetDrawableParameters: Can't recreate drawable
10-13 08:51:04.829    1413-1413/? E/libEGL﹕ eglMakeCurrent:775 error 300b (EGL_BAD_NATIVE_WINDOW)
10-13 08:51:04.829    1413-1413/? W/SurfaceFlinger﹕ DisplayDevice::makeCurrent failed. Aborting surface composition for display ActivityViewVirtualDisplay
10-13 08:51:04.829    1413-1413/? E/SurfaceFlinger﹕ eglSwapBuffers(0x1, 0xb8f2f4d8) failed with 0x0000300d
10-13 08:51:04.879    1413-1413/? E/IMGSRV﹕ :0: KEGLRecreateDrawable: Couldn't create a drawable
10-13 08:51:04.879    1413-1413/? E/IMGSRV﹕ :0: KEGLGetDrawableParameters: Can't recreate drawable
10-13 08:51:04.879    1413-1413/? E/libEGL﹕ eglMakeCurrent:775 error 300b (EGL_BAD_NATIVE_WINDOW)
10-13 08:51:04.879    1413-1413/? W/SurfaceFlinger﹕ DisplayDevice::makeCurrent failed. Aborting surface composition for display ActivityViewVirtualDisplay
10-13 08:51:04.879    1413-1413/? E/SurfaceFlinger﹕ eglSwapBuffers(0x1, 0xb8f2f4d8) failed with 0x0000300d
    --------- beginning of system
10-13 08:51:04.919    1748-1774/? E/WindowState﹕ getStack: Window{addc3f78 u0 com.google.android.wearable.app/com.google.android.clockwork.home.HomeActivity EXITING} couldn't find taskId=4 Callers=com.android.server.wm.WindowState.getDisplayContent:721 com.android.server.wm.WindowState.isDefaultDisplay:1218 com.android.server.wm.WindowStateAnimator.updateSurfaceWindowCrop:1130 com.android.server.wm.WindowStateAnimator.setSurfaceBoundariesLocked:1241
10-13 08:51:04.919    1748-1774/? E/WindowState﹕ getStack: Window{addc3f78 u0 com.google.android.wearable.app/com.google.android.clockwork.home.HomeActivity EXITING} couldn't find taskId=4 Callers=com.android.server.wm.WindowState.getDisplayContent:721 com.android.server.wm.WindowState.isDefaultDisplay:1223 com.android.server.wm.WindowStateAnimator.updateSurfaceWindowCrop:1130 com.android.server.wm.WindowStateAnimator.setSurfaceBoundariesLocked:1241
10-13 08:51:04.939    1748-1774/? E/WindowState﹕ getStack: Window{addc3f78 u0 com.google.android.wearable.app/com.google.android.clockwork.home.HomeActivity EXITING} couldn't find taskId=4 Callers=com.android.server.wm.WindowState.getDisplayContent:721 com.android.server.wm.WindowStateAnimator.stepAnimationLocked:263 com.android.server.wm.WindowAnimator.updateWindowsLocked:225 com.android.server.wm.WindowAnimator.animateLocked:508
10-13 08:51:04.939    1748-1774/? E/WindowState﹕ getStack: Window{addc3f78 u0 com.google.android.wearable.app/com.google.android.clockwork.home.HomeActivity EXITING} couldn't find taskId=4 Callers=com.android.server.wm.WindowState.getDisplayContent:721 com.android.server.wm.WindowState.getDisplayId:726 com.android.server.wm.WindowStateAnimator.computeShownFrameLocked:912 com.android.server.wm.WindowStateAnimator.prepareSurfaceLocked:1258
10-13 08:51:04.939    1748-1774/? E/WindowState﹕ getStack: Window{addc3f78 u0 com.google.android.wearable.app/com.google.android.clockwork.home.HomeActivity EXITING} couldn't find taskId=4 Callers=com.android.server.wm.WindowState.getDisplayContent:721 com.android.server.wm.WindowStateAnimator.updateSurfaceWindowCrop:1119 com.android.server.wm.WindowStateAnimator.setSurfaceBoundariesLocked:1241 com.android.server.wm.WindowStateAnimator.prepareSurfaceLocked:1260
10-13 08:51:04.939    1748-1774/? E/WindowState﹕ getStack: Window{addc3f78 u0 com.google.android.wearable.app/com.google.android.clockwork.home.HomeActivity EXITING} couldn't find taskId=4 Callers=com.android.server.wm.WindowState.getDisplayContent:721 com.android.server.wm.WindowState.isDefaultDisplay:1218 com.android.server.wm.WindowStateAnimator.updateSurfaceWindowCrop:1130 com.android.server.wm.WindowStateAnimator.setSurfaceBoundariesLocked:1241
10-13 08:51:04.949    1748-1774/? E/WindowState﹕ getStack: Window{addc3f78 u0 com.google.android.wearable.app/com.google.android.clockwork.home.HomeActivity EXITING} couldn't find taskId=4 Callers=com.android.server.wm.WindowState.getDisplayContent:721 com.android.server.wm.WindowState.isDefaultDisplay:1223 com.android.server.wm.WindowStateAnimator.updateSurfaceWindowCrop:1130 com.android.server.wm.WindowStateAnimator.setSurfaceBoundariesLocked:1241
10-13 08:51:04.959    1748-1774/? E/WindowState﹕ getStack: Window{addc3f78 u0 com.google.android.wearable.app/com.google.android.clockwork.home.HomeActivity EXITING} couldn't find taskId=4 Callers=com.android.server.wm.WindowState.getDisplayContent:721 com.android.server.wm.WindowStateAnimator.stepAnimationLocked:263 com.android.server.wm.WindowAnimator.updateWindowsLocked:225 com.android.server.wm.WindowAnimator.animateLocked:508
10-13 08:51:04.959    1748-1774/? E/WindowState﹕ getStack: Window{addc3f78 u0 com.google.android.wearable.app/com.google.android.clockwork.home.HomeActivity EXITING} couldn't find taskId=4 Callers=com.android.server.wm.WindowState.getDisplayContent:721 com.android.server.wm.WindowState.getDisplayId:726 com.android.server.wm.WindowStateAnimator.computeShownFrameLocked:912 com.android.server.wm.WindowStateAnimator.prepareSurfaceLocked:1258
10-13 08:51:04.959    1748-1774/? E/WindowState﹕ getStack: Window{addc3f78 u0 com.google.android.wearable.app/com.google.android.clockwork.home.HomeActivity EXITING} couldn't find taskId=4 Callers=com.android.server.wm.WindowState.getDisplayContent:721 com.android.server.wm.WindowStateAnimator.updateSurfaceWindowCrop:1119 com.android.server.wm.WindowStateAnimator.setSurfaceBoundariesLocked:1241 com.android.server.wm.WindowStateAnimator.prepareSurfaceLocked:1260
10-13 08:51:04.959    1748-1774/? E/WindowState﹕ getStack: Window{addc3f78 u0 com.google.android.wearable.app/com.google.android.clockwork.home.HomeActivity EXITING} couldn't find taskId=4 Callers=com.android.server.wm.WindowState.getDisplayContent:721 com.android.server.wm.WindowState.isDefaultDisplay:1218 com.android.server.wm.WindowStateAnimator.updateSurfaceWindowCrop:1130 com.android.server.wm.WindowStateAnimator.setSurfaceBoundariesLocked:1241
10-13 08:51:04.969    1748-1774/? E/WindowState﹕ getStack: Window{addc3f78 u0 com.google.android.wearable.app/com.google.android.clockwork.home.HomeActivity EXITING} couldn't find taskId=4 Callers=com.android.server.wm.WindowState.getDisplayContent:721 com.android.server.wm.WindowState.isDefaultDisplay:1223 com.android.server.wm.WindowStateAnimator.updateSurfaceWindowCrop:1130 com.android.server.wm.WindowStateAnimator.setSurfaceBoundariesLocked:1241
10-13 08:51:04.979    1748-1774/? E/WindowState﹕ getStack: Window{addc3f78 u0 com.google.android.wearable.app/com.google.android.clockwork.home.HomeActivity EXITING} couldn't find taskId=4 Callers=com.android.server.wm.WindowState.getDisplayContent:721 com.android.server.wm.WindowStateAnimator.stepAnimationLocked:263 com.android.server.wm.WindowAnimator.updateWindowsLocked:225 com.android.server.wm.WindowAnimator.animateLocked:508
10-13 08:51:04.989    1748-1774/? E/WindowState﹕ getStack: Window{addc3f78 u0 com.google.android.wearable.app/com.google.android.clockwork.home.HomeActivity EXITING} couldn't find taskId=4 Callers=com.android.server.wm.WindowState.getDisplayContent:721 com.android.server.wm.WindowState.getDisplayId:726 com.android.server.wm.WindowStateAnimator.computeShownFrameLocked:912 com.android.server.wm.WindowStateAnimator.prepareSurfaceLocked:1258
10-13 08:51:04.989    1748-1774/? E/WindowState﹕ getStack: Window{addc3f78 u0 com.google.android.wearable.app/com.google.android.clockwork.home.HomeActivity EXITING} couldn't find taskId=4 Callers=com.android.server.wm.WindowState.getDisplayContent:721 com.android.server.wm.WindowStateAnimator.updateSurfaceWindowCrop:1119 com.android.server.wm.WindowStateAnimator.setSurfaceBoundariesLocked:1241 com.android.server.wm.WindowStateAnimator.prepareSurfaceLocked:1260
10-13 08:51:04.989    1748-1774/? E/WindowState﹕ getStack: Window{addc3f78 u0 com.google.android.wearable.app/com.google.android.clockwork.home.HomeActivity EXITING} couldn't find taskId=4 Callers=com.android.server.wm.WindowState.getDisplayContent:721 com.android.server.wm.WindowState.isDefaultDisplay:1218 com.android.server.wm.WindowStateAnimator.updateSurfaceWindowCrop:1130 com.android.server.wm.WindowStateAnimator.setSurfaceBoundariesLocked:1241
10-13 08:51:04.989    1748-1774/? E/WindowState﹕ getStack: Window{addc3f78 u0 com.google.android.wearable.app/com.google.android.clockwork.home.HomeActivity EXITING} couldn't find taskId=4 Callers=com.android.server.wm.WindowState.getDisplayContent:721 com.android.server.wm.WindowState.isDefaultDisplay:1223 com.android.server.wm.WindowStateAnimator.updateSurfaceWindowCrop:1130 com.android.server.wm.WindowStateAnimator.setSurfaceBoundariesLocked:1241
10-13 08:51:05.009    1748-1774/? E/WindowState﹕ getStack: Window{addc3f78 u0 com.google.android.wearable.app/com.google.android.clockwork.home.HomeActivity EXITING} couldn't find taskId=4 Callers=com.android.server.wm.WindowState.getDisplayContent:721 com.android.server.wm.WindowStateAnimator.stepAnimationLocked:263 com.android.server.wm.WindowAnimator.updateWindowsLocked:225 com.android.server.wm.WindowAnimator.animateLocked:508
10-13 08:51:05.009    1748-1774/? E/WindowState﹕ getStack: Window{addc3f78 u0 com.google.android.wearable.app/com.google.android.clockwork.home.HomeActivity EXITING} couldn't find taskId=4 Callers=com.android.server.wm.WindowState.getDisplayContent:721 com.android.server.wm.WindowState.getDisplayId:726 com.android.server.wm.WindowStateAnimator.computeShownFrameLocked:912 com.android.server.wm.WindowStateAnimator.prepareSurfaceLocked:1258
10-13 08:51:05.009    1748-1774/? E/WindowState﹕ getStack: Window{addc3f78 u0 com.google.android.wearable.app/com.google.android.clockwork.home.HomeActivity EXITING} couldn't find taskId=4 Callers=com.android.server.wm.WindowState.getDisplayContent:721 com.android.server.wm.WindowStateAnimator.updateSurfaceWindowCrop:1119 com.android.server.wm.WindowStateAnimator.setSurfaceBoundariesLocked:1241 com.android.server.wm.WindowStateAnimator.prepareSurfaceLocked:1260
10-13 08:51:05.009    1748-1774/? E/WindowState﹕ getStack: Window{addc3f78 u0 com.google.android.wearable.app/com.google.android.clockwork.home.HomeActivity EXITING} couldn't find taskId=4 Callers=com.android.server.wm.WindowState.getDisplayContent:721 com.android.server.wm.WindowState.isDefaultDisplay:1218 com.android.server.wm.WindowStateAnimator.updateSurfaceWindowCrop:1130 com.android.server.wm.WindowStateAnimator.setSurfaceBoundariesLocked:1241
10-13 08:51:05.009    1748-1774/? E/WindowState﹕ getStack: Window{addc3f78 u0 com.google.android.wearable.app/com.google.android.clockwork.home.HomeActivity EXITING} couldn't find taskId=4 Callers=com.android.server.wm.WindowState.getDisplayContent:721 com.android.server.wm.WindowState.isDefaultDisplay:1223 com.android.server.wm.WindowStateAnimator.updateSurfaceWindowCrop:1130 com.android.server.wm.WindowStateAnimator.setSurfaceBoundariesLocked:1241
10-13 08:51:05.079    7783-7787/? D/dalvikvm﹕ GC_CONCURRENT freed 196K, 17% free 2031K/2428K, paused 7ms+1ms, total 34ms
10-13 08:51:05.079    1748-1750/? D/dalvikvm﹕ GC_CONCURRENT freed 1515K, 41% free 4704K/7908K, paused 6ms+4ms, total 117ms
10-13 08:51:05.079    1748-1774/? D/dalvikvm﹕ WAIT_FOR_CONCURRENT_GC blocked 55ms
10-13 08:51:05.079    1748-1774/? E/WindowState﹕ getStack: Window{addc3f78 u0 com.google.android.wearable.app/com.google.android.clockwork.home.HomeActivity EXITING} couldn't find taskId=4 Callers=com.android.server.wm.WindowState.getDisplayContent:721 com.android.server.wm.WindowStateAnimator.stepAnimationLocked:263 com.android.server.wm.WindowAnimator.updateWindowsLocked:225 com.android.server.wm.WindowAnimator.animateLocked:508
10-13 08:51:05.079    1748-1774/? E/WindowState﹕ getStack: Window{addc3f78 u0 com.google.android.wearable.app/com.google.android.clockwork.home.HomeActivity EXITING} couldn't find taskId=4 Callers=com.android.server.wm.WindowState.getDisplayContent:721 com.android.server.wm.WindowState.getDisplayId:726 com.android.server.wm.WindowStateAnimator.computeShownFrameLocked:912 com.android.server.wm.WindowStateAnimator.prepareSurfaceLocked:1258
10-13 08:51:05.089    1748-1774/? E/WindowState﹕ getStack: Window{addc3f78 u0 com.google.android.wearable.app/com.google.android.clockwork.home.HomeActivity EXITING} couldn't find taskId=4 Callers=com.android.server.wm.WindowState.getDisplayContent:721 com.android.server.wm.WindowStateAnimator.updateSurfaceWindowCrop:1119 com.android.server.wm.WindowStateAnimator.setSurfaceBoundariesLocked:1241 com.android.server.wm.WindowStateAnimator.prepareSurfaceLocked:1260
10-13 08:51:05.089    1748-1774/? E/WindowState﹕ getStack: Window{addc3f78 u0 com.google.android.wearable.app/com.google.android.clockwork.home.HomeActivity EXITING} couldn't find taskId=4 Callers=com.android.server.wm.WindowState.getDisplayContent:721 com.android.server.wm.WindowState.isDefaultDisplay:1218 com.android.server.wm.WindowStateAnimator.updateSurfaceWindowCrop:1130 com.android.server.wm.WindowStateAnimator.setSurfaceBoundariesLocked:1241
10-13 08:51:05.089    1748-1774/? E/WindowState﹕ getStack: Window{addc3f78 u0 com.google.android.wearable.app/com.google.android.clockwork.home.HomeActivity EXITING} couldn't find taskId=4 Callers=com.android.server.wm.WindowState.getDisplayContent:721 com.android.server.wm.WindowState.isDefaultDisplay:1223 com.android.server.wm.WindowStateAnimator.updateSurfaceWindowCrop:1130 com.android.server.wm.WindowStateAnimator.setSurfaceBoundariesLocked:1241
10-13 08:51:05.099    1748-2012/? E/WindowState﹕ getStack: Window{addc3f78 u0 com.google.android.wearable.app/com.google.android.clockwork.home.HomeActivity EXITING} couldn't find taskId=4 Callers=com.android.server.wm.WindowManagerService.performLayoutAndPlaceSurfacesLockedInner:9196 com.android.server.wm.WindowManagerService.performLayoutAndPlaceSurfacesLockedLoop:8325 com.android.server.wm.WindowManagerService.performLayoutAndPlaceSurfacesLocked:8267 com.android.server.wm.WindowManagerService.relayoutWindow:3060
10-13 08:51:05.099    1748-2012/? E/WindowState﹕ getStack: Window{addc3f78 u0 com.google.android.wearable.app/com.google.android.clockwork.home.HomeActivity EXITING} couldn't find taskId=4 Callers=com.android.server.wm.WindowState.getDisplayContent:721 com.android.server.wm.WindowManagerService.handleNotObscuredLocked:8982 com.android.server.wm.WindowManagerService.performLayoutAndPlaceSurfacesLockedInner:9206 com.android.server.wm.WindowManagerService.performLayoutAndPlaceSurfacesLockedLoop:8325
10-13 08:51:05.099    1748-2012/? E/WindowState﹕ getStack: Window{addc3f78 u0 com.google.android.wearable.app/com.google.android.clockwork.home.HomeActivity EXITING} couldn't find taskId=4 Callers=com.android.server.wm.WindowState.getDisplayContent:721 com.android.server.wm.WindowStateAnimator.updateSurfaceWindowCrop:1119 com.android.server.wm.WindowStateAnimator.setSurfaceBoundariesLocked:1241 com.android.server.wm.WindowManagerService.performLayoutAndPlaceSurfacesLockedInner:9277
10-13 08:51:05.099    1748-2012/? E/WindowState﹕ getStack: Window{addc3f78 u0 com.google.android.wearable.app/com.google.android.clockwork.home.HomeActivity EXITING} couldn't find taskId=4 Callers=com.android.server.wm.WindowState.getDisplayContent:721 com.android.server.wm.WindowState.isDefaultDisplay:1218 com.android.server.wm.WindowStateAnimator.updateSurfaceWindowCrop:1130 com.android.server.wm.WindowStateAnimator.setSurfaceBoundariesLocked:1241
10-13 08:51:05.099    1748-2012/? E/WindowState﹕ getStack: Window{addc3f78 u0 com.google.android.wearable.app/com.google.android.clockwork.home.HomeActivity EXITING} couldn't find taskId=4 Callers=com.android.server.wm.WindowState.getDisplayContent:721 com.android.server.wm.WindowState.isDefaultDisplay:1223 com.android.server.wm.WindowStateAnimator.updateSurfaceWindowCrop:1130 com.android.server.wm.WindowStateAnimator.setSurfaceBoundariesLocked:1241
10-13 08:51:05.109    1748-2012/? E/WindowState﹕ getStack: Window{addc3f78 u0 com.google.android.wearable.app/com.google.android.clockwork.home.HomeActivity EXITING} couldn't find taskId=4 Callers=com.android.server.wm.DisplayContent.setTouchExcludeRegion:237 com.android.server.wm.WindowManagerService.setFocusedStackFrame:3838 com.android.server.wm.WindowManagerService.performLayoutAndPlaceSurfacesLockedInner:9589 com.android.server.wm.WindowManagerService.performLayoutAndPlaceSurfacesLockedLoop:8325
10-13 08:51:05.109    1748-1774/? E/WindowState﹕ getStack: Window{addc3f78 u0 com.google.android.wearable.app/com.google.android.clockwork.home.HomeActivity EXITING} couldn't find taskId=4 Callers=com.android.server.wm.WindowState.getDisplayContent:721 com.android.server.wm.WindowStateAnimator.stepAnimationLocked:263 com.android.server.wm.WindowAnimator.updateWindowsLocked:225 com.android.server.wm.WindowAnimator.animateLocked:508
10-13 08:51:05.109    1748-1774/? E/WindowState﹕ getStack: Window{addc3f78 u0 com.google.android.wearable.app/com.google.android.clockwork.home.HomeActivity EXITING} couldn't find taskId=4 Callers=com.android.server.wm.WindowState.getDisplayContent:721 com.android.server.wm.WindowState.getDisplayId:726 com.android.server.wm.WindowStateAnimator.computeShownFrameLocked:912 com.android.server.wm.WindowStateAnimator.prepareSurfaceLocked:1258
10-13 08:51:05.109    1748-1774/? E/WindowState﹕ getStack: Window{addc3f78 u0 com.google.android.wearable.app/com.google.android.clockwork.home.HomeActivity EXITING} couldn't find taskId=4 Callers=com.android.server.wm.WindowState.getDisplayContent:721 com.android.server.wm.WindowStateAnimator.updateSurfaceWindowCrop:1119 com.android.server.wm.WindowStateAnimator.setSurfaceBoundariesLocked:1241 com.android.server.wm.WindowStateAnimator.prepareSurfaceLocked:1260
