10-15 18:11:13.888  15375-15404/? W/CwCal﹕ CalHomeUtil.updateBackground:bundle dismissed, do nothing
10-15 18:11:13.918  15375-15404/? I/Clockwork.Settings﹕ time sync timezone: America/Chicago
10-15 18:11:13.928    1748-2330/? D/﹕ Setting time of day to sec=1413414674
10-15 18:11:14.582   1947-15678/? I/Clockwork.TimeService﹕ set timezone to America/Chicago
10-15 18:11:14.592    1748-2046/? D/AlarmManagerService﹕ Kernel timezone updated to 300 minutes west of GMT
10-15 18:11:14.612   7381-15679/? I/CheckinService﹕ active receiver: disabled
10-15 18:11:14.642    7416-7416/? D/GCM﹕ GcmService start Intent { act=com.google.android.checkin.CHECKIN_COMPLETE flg=0x10 cmp=com.google.android.gms/.gcm.GcmService (has extras) } com.google.android.checkin.CHECKIN_COMPLETE
10-15 18:11:14.642    1748-2318/? I/ActivityManager﹕ Delay finish: com.google.android.gms/.gcm.ServiceAutoStarter
10-15 18:11:14.642    1748-2335/? I/ActivityManager﹕ Resuming delayed broadcast
10-15 18:11:16.543    2030-2067/? W/bt-btif﹕ dm_pm_timer expires
10-15 18:11:16.543    2030-2067/? W/bt-btif﹕ dm_pm_timer expires 0
10-15 18:11:16.543    2030-2067/? W/bt-btif﹕ proc dm_pm_timer expires
10-15 18:11:33.848  15375-15404/? I/Clockwork.Settings﹕ time sync timezone: America/Chicago
10-15 18:11:33.858    1748-1758/? D/﹕ Setting time of day to sec=1413414694
10-15 18:11:34.684   1947-15680/? I/Clockwork.TimeService﹕ set timezone to America/Chicago
10-15 18:11:34.684    1748-2330/? D/AlarmManagerService﹕ Kernel timezone updated to 300 minutes west of GMT
10-15 18:11:34.704   7381-15681/? I/CheckinService﹕ active receiver: disabled
10-15 18:11:34.724    1748-2329/? I/ActivityManager﹕ Delay finish: com.google.android.gms/.gcm.ServiceAutoStarter
10-15 18:11:34.734    7416-7416/? D/GCM﹕ GcmService start Intent { act=com.google.android.checkin.CHECKIN_COMPLETE flg=0x10 cmp=com.google.android.gms/.gcm.GcmService (has extras) } com.google.android.checkin.CHECKIN_COMPLETE
10-15 18:11:34.734    1748-1801/? I/ActivityManager﹕ Resuming delayed broadcast
10-15 18:11:36.625    2030-2067/? W/bt-btif﹕ dm_pm_timer expires
10-15 18:11:36.625    2030-2067/? W/bt-btif﹕ dm_pm_timer expires 0
10-15 18:11:36.625    2030-2067/? W/bt-btif﹕ proc dm_pm_timer expires
10-15 18:11:46.338  15375-15404/? I/Clockwork.Settings﹕ time sync timezone: America/Chicago
10-15 18:11:46.348    1748-2046/? D/﹕ Setting time of day to sec=1413414706
10-15 18:11:46.545   1947-15682/? I/Clockwork.TimeService﹕ set timezone to America/Chicago
10-15 18:11:46.545    1748-1759/? D/AlarmManagerService﹕ Kernel timezone updated to 300 minutes west of GMT
10-15 18:11:46.565   7381-15683/? I/CheckinService﹕ active receiver: disabled
10-15 18:11:46.595    1748-2330/? I/ActivityManager﹕ Delay finish: com.google.android.gms/.gcm.ServiceAutoStarter
10-15 18:11:46.605    7416-7416/? D/GCM﹕ GcmService start Intent { act=com.google.android.checkin.CHECKIN_COMPLETE flg=0x10 cmp=com.google.android.gms/.gcm.GcmService (has extras) } com.google.android.checkin.CHECKIN_COMPLETE
10-15 18:11:46.605    1748-2329/? I/ActivityManager﹕ Resuming delayed broadcast
10-15 18:11:46.895  15375-15404/? I/Clockwork.Settings﹕ time sync timezone: America/Chicago
10-15 18:11:46.905    1748-2318/? D/﹕ Setting time of day to sec=1413414706
10-15 18:11:46.934   1947-15684/? I/Clockwork.TimeService﹕ set timezone to America/Chicago
10-15 18:11:46.944    1748-2330/? D/AlarmManagerService﹕ Kernel timezone updated to 300 minutes west of GMT
10-15 18:11:46.954   7381-15685/? I/CheckinService﹕ active receiver: disabled
10-15 18:11:46.984    7416-7416/? D/GCM﹕ GcmService start Intent { act=com.google.android.checkin.CHECKIN_COMPLETE flg=0x10 cmp=com.google.android.gms/.gcm.GcmService (has extras) } com.google.android.checkin.CHECKIN_COMPLETE
10-15 18:11:46.984    1748-2329/? I/ActivityManager﹕ Delay finish: com.google.android.gms/.gcm.ServiceAutoStarter
10-15 18:11:46.994    1748-2330/? I/ActivityManager﹕ Resuming delayed broadcast
10-15 18:11:48.905    2030-2067/? W/bt-btif﹕ dm_pm_timer expires
10-15 18:11:48.905    2030-2067/? W/bt-btif﹕ dm_pm_timer expires 0
10-15 18:11:48.905    2030-2067/? W/bt-btif﹕ proc dm_pm_timer expires
10-15 18:11:52.784    2030-2067/? W/bt-btif﹕ dm_pm_timer expires
10-15 18:11:52.784    2030-2067/? W/bt-btif﹕ dm_pm_timer expires 0
10-15 18:11:52.784    2030-2067/? W/bt-btif﹕ proc dm_pm_timer expires
10-15 18:11:58.662    1748-2330/? I/ActivityManager﹕ Delay finish: com.google.android.gms/.gcm.ServiceAutoStarter
10-15 18:11:58.662    1748-2335/? I/ActivityManager﹕ Resuming delayed broadcast
10-15 18:11:58.868  15375-15404/? I/Clockwork.Settings﹕ time sync timezone: America/Chicago
10-15 18:11:58.612   1947-15686/? I/Clockwork.TimeService﹕ set timezone to America/Chicago
10-15 18:11:58.612    1748-2046/? D/AlarmManagerService﹕ Kernel timezone updated to 300 minutes west of GMT
10-15 18:11:58.632   7381-15687/? I/CheckinService﹕ active receiver: disabled
10-15 18:11:58.662    7416-7416/? D/GCM﹕ GcmService start Intent { act=com.google.android.checkin.CHECKIN_COMPLETE flg=0x10 cmp=com.google.android.gms/.gcm.GcmService (has extras) } com.google.android.checkin.CHECKIN_COMPLETE
10-15 18:11:58.722    1748-1750/? D/dalvikvm﹕ GC_CONCURRENT freed 755K, 25% free 5158K/6844K, paused 2ms+6ms, total 55ms
10-15 18:11:58.872    7396-7449/? D/dalvikvm﹕ GC_FOR_ALLOC freed 373K, 25% free 2342K/3092K, paused 15ms, total 16ms
10-15 18:11:58.878    1748-1758/? D/﹕ Setting time of day to sec=1413414718
10-15 18:11:58.922  15375-15404/? I/Clockwork.Settings﹕ time sync timezone: America/Chicago
10-15 18:11:58.932    1748-2046/? D/﹕ Setting time of day to sec=1413414718
10-15 18:11:58.977   1947-15688/? I/Clockwork.TimeService﹕ set timezone to America/Chicago
10-15 18:11:58.977    1748-3348/? D/AlarmManagerService﹕ Kernel timezone updated to 300 minutes west of GMT
10-15 18:11:59.007   7381-15689/? I/CheckinService﹕ active receiver: disabled
10-15 18:11:59.027    1748-2329/? I/ActivityManager﹕ Delay finish: com.google.android.gms/.gcm.ServiceAutoStarter
10-15 18:11:59.037    7416-7416/? D/GCM﹕ GcmService start Intent { act=com.google.android.checkin.CHECKIN_COMPLETE flg=0x10 cmp=com.google.android.gms/.gcm.GcmService (has extras) } com.google.android.checkin.CHECKIN_COMPLETE
10-15 18:11:59.047    1748-2335/? I/ActivityManager﹕ Resuming delayed broadcast
10-15 18:11:59.067    7416-7419/? D/dalvikvm﹕ GC_CONCURRENT freed 367K, 18% free 3066K/3712K, paused 3ms+3ms, total 34ms
10-15 18:12:02.810    2030-2067/? W/bt-btif﹕ dm_pm_timer expires
10-15 18:12:02.810    2030-2067/? W/bt-btif﹕ dm_pm_timer expires 0
10-15 18:12:02.810    2030-2067/? W/bt-btif﹕ proc dm_pm_timer expires
10-15 18:12:07.014    2030-2067/? W/bt-btif﹕ dm_pm_timer expires
10-15 18:12:07.014    2030-2067/? W/bt-btif﹕ dm_pm_timer expires 0
10-15 18:12:07.014    2030-2067/? W/bt-btif﹕ proc dm_pm_timer expires
10-15 18:12:11.529    2030-2067/? W/bt-btif﹕ dm_pm_timer expires
10-15 18:12:11.529    2030-2067/? W/bt-btif﹕ dm_pm_timer expires 0
10-15 18:12:11.529    2030-2067/? W/bt-btif﹕ proc dm_pm_timer expires
10-15 18:12:16.183    2030-2067/? W/bt-btif﹕ dm_pm_timer expires
10-15 18:12:16.183    2030-2067/? W/bt-btif﹕ dm_pm_timer expires 0
10-15 18:12:16.183    2030-2067/? W/bt-btif﹕ proc dm_pm_timer expires
10-15 18:12:21.028    2030-2067/? W/bt-btif﹕ dm_pm_timer expires
10-15 18:12:21.028    2030-2067/? W/bt-btif﹕ dm_pm_timer expires 0
10-15 18:12:21.028    2030-2067/? W/bt-btif﹕ proc dm_pm_timer expires
10-15 18:12:26.033    2030-2067/? W/bt-btif﹕ dm_pm_timer expires
10-15 18:12:26.033    2030-2067/? W/bt-btif﹕ dm_pm_timer expires 0
10-15 18:12:26.033    2030-2067/? W/bt-btif﹕ proc dm_pm_timer expires
10-15 18:12:31.038    2030-2067/? W/bt-btif﹕ dm_pm_timer expires
10-15 18:12:31.038    2030-2067/? W/bt-btif﹕ dm_pm_timer expires 0
10-15 18:12:31.038    2030-2067/? W/bt-btif﹕ proc dm_pm_timer expires
10-15 18:12:36.033    2030-2067/? W/bt-btif﹕ dm_pm_timer expires
10-15 18:12:36.033    2030-2067/? W/bt-btif﹕ dm_pm_timer expires 0
10-15 18:12:36.033    2030-2067/? W/bt-btif﹕ proc dm_pm_timer expires
10-15 18:12:36.123    2217-2218/? D/dalvikvm﹕ GC_CONCURRENT freed 385K, 74% free 2195K/8252K, paused 4ms+4ms, total 35ms
10-15 18:12:41.038    2030-2067/? W/bt-btif﹕ dm_pm_timer expires
10-15 18:12:41.038    2030-2067/? W/bt-btif﹕ dm_pm_timer expires 0
10-15 18:12:41.038    2030-2067/? W/bt-btif﹕ proc dm_pm_timer expires
10-15 18:12:43.870    1748-1795/? D/ConnectivityService﹕ Sampling interval elapsed, updating statistics ..
10-15 18:12:43.880    1748-1795/? D/ConnectivityService﹕ Done.
10-15 18:12:43.880    1748-1795/? D/ConnectivityService﹕ Setting timer for 720seconds
10-15 18:12:55.848  15375-15404/? I/Clockwork.Settings﹕ time sync timezone: America/Chicago
10-15 18:12:55.848    1748-2012/? D/﹕ Setting time of day to sec=1413414776
10-15 18:12:56.024   1947-15703/? I/Clockwork.TimeService﹕ set timezone to America/Chicago
10-15 18:12:56.024    1748-2329/? D/AlarmManagerService﹕ Kernel timezone updated to 300 minutes west of GMT
10-15 18:12:56.084  15375-15404/? I/Clockwork.Settings﹕ time sync timezone: America/Chicago
10-15 18:12:56.089   1947-15705/? I/Clockwork.TimeService﹕ set timezone to America/Chicago
10-15 18:12:56.089    1748-2330/? D/AlarmManagerService﹕ Kernel timezone updated to 300 minutes west of GMT
10-15 18:12:56.094    1748-3348/? D/﹕ Setting time of day to sec=1413414776
10-15 18:12:56.119   7381-15704/? I/CheckinService﹕ active receiver: disabled
10-15 18:12:56.129   7381-15706/? I/CheckinService﹕ active receiver: disabled
10-15 18:12:56.159    7416-7416/? D/GCM﹕ GcmService start Intent { act=com.google.android.checkin.CHECKIN_COMPLETE flg=0x10 cmp=com.google.android.gms/.gcm.GcmService (has extras) } com.google.android.checkin.CHECKIN_COMPLETE
10-15 18:12:56.159    1748-1759/? I/ActivityManager﹕ Delay finish: com.google.android.gms/.gcm.ServiceAutoStarter
10-15 18:12:56.159    1748-2330/? I/ActivityManager﹕ Resuming delayed broadcast
10-15 18:12:58.070    2030-2067/? W/bt-btif﹕ dm_pm_timer expires
10-15 18:12:58.070    2030-2067/? W/bt-btif﹕ dm_pm_timer expires 0
10-15 18:12:58.070    2030-2067/? W/bt-btif﹕ proc dm_pm_timer expires
10-15 18:13:02.368    2030-2067/? W/bt-btif﹕ dm_pm_timer expires
10-15 18:13:02.368    2030-2067/? W/bt-btif﹕ dm_pm_timer expires 0
10-15 18:13:02.368    2030-2067/? W/bt-btif﹕ proc dm_pm_timer expires
10-15 18:16:40.469    1748-2046/? I/ActivityManager﹕ START u0 {act=android.intent.action.MAIN cat=[android.intent.category.HOME] flg=0x10000000 cmp=com.google.android.wearable.app/com.google.android.clockwork.home.HomeActivity (has extras)} from pid 15375 on display 0
10-15 18:16:40.479    1748-1748/? V/ActivityManager﹕ Display changed displayId=0
10-15 18:16:40.489  13774-13774/? V/WearActivity﹕ display changed: 0, new state: 1
10-15 18:16:40.489  13774-13774/? I/ClockFace﹕ Ambient mode: true
10-15 18:16:40.489  13774-13774/? V/MyViewAnim﹕ stopping animation!
10-15 18:16:40.489  13774-13774/? V/WearActivity﹕ onDisplayChanged: off!
10-15 18:16:40.499  15375-15375/? E/ClockworkHome﹕ Tried to exit ambient mode, but enterAmbientMode() was never called.
10-15 18:16:40.499  15375-15375/? W/HomeRowListAdapter﹕ onRelease() called on an unknown row.
10-15 18:16:40.499    1415-1531/? D/mot_vr_audio_hw﹕ dsp_recognizer_enabled = true
10-15 18:16:40.499  14644-14644/? D/ADSPD﹕ Client cmd=0x0003, size=4
10-15 18:16:40.499  14644-14644/? D/ADSPD﹕ Trying to send to dsp while in dsp in RESET
10-15 18:16:40.509    1415-2734/? D/mot_vr_audio_hw﹕ open_input_stream(): devices = 0x80000004, rate = 8000, channels = 0x10
10-15 18:16:40.509    1415-2734/? D/mot_vr_audio_hw﹕ Created resampler for 16000->8000 Hz
10-15 18:16:40.509  14644-14644/? D/ADSPD﹕ Client cmd=0x4003, size=2
10-15 18:16:40.519   1415-15707/? D/mot_vr_audio_hw﹕ in_read waiting for hotword
10-15 18:16:40.529    1415-2736/? D/mot_vr_audio_hw﹕ dsp_recognizer_enabled = false
10-15 18:16:40.529  14644-14644/? D/ADSPD﹕ Client cmd=0x0003, size=4
10-15 18:16:40.529  14644-14644/? D/ADSPD﹕ Trying to send to dsp while in dsp in RESET
10-15 18:16:40.529   1415-15707/? W/mot_vr_audio_hw﹕ Not allowing wake() since DSP is disabled
10-15 18:16:40.539   1415-15707/? W/mot_vr_audio_hw﹕ Not allowing wake() since DSP is disabled
10-15 18:16:40.569  14644-14644/? D/ADSPD﹕ Client cmd=0x4003, size=2
10-15 18:16:40.569  14644-14644/? D/ADSPD﹕ DSP no longer used, turned off here
10-15 18:16:40.569    1415-1415/? D/mot_vr_audio_hw﹕ Input 0xb71b3980 close complete
10-15 18:16:40.599    7396-7449/? D/dalvikvm﹕ GC_FOR_ALLOC freed 268K, 26% free 2312K/3092K, paused 35ms, total 36ms
10-15 18:16:42.641    2030-2067/? W/bt-btif﹕ dm_pm_timer expires
10-15 18:16:42.641    2030-2067/? W/bt-btif﹕ dm_pm_timer expires 0
10-15 18:16:42.641    2030-2067/? W/bt-btif﹕ proc dm_pm_timer expires
10-15 18:18:02.232    1748-1782/? I/PowerManagerService﹕ Waking up from sleep...
10-15 18:18:02.232    1748-1772/? W/KeyguardServiceDelegate﹕ onScreenTurnedOn(): no keyguard service!
10-15 18:18:02.352    1748-1782/? D/PowerManagerService-JNI﹕ Excessive delay in autosuspend_disable() while turning screen on: 124ms
10-15 18:18:02.352    1748-1782/? D/MinnowPowerHAL﹕ power_set_interactive: 1
10-15 18:18:02.352    1748-1782/? D/MinnowPowerHAL﹕ sysfs_write: /sys/devices/platform/omapdss/display0/interactivemode 1
10-15 18:18:02.382    1748-1782/? D/MinnowPowerHAL﹕ sysfs_write: /sys/devices/ocp.2/i2c.6/i2c-0/0-004a/interactivemode 1
10-15 18:18:02.382    1748-1782/? D/mot_vr_audio_hw﹕ dsp_set_pm_state = on
10-15 18:18:02.392  14644-14644/? D/ADSPD﹕ Client cmd=0x4002, size=2
10-15 18:18:02.392  14644-14644/? D/ADSPD﹕ DSP_CMD_DAEMON_SET_PM_STATE : 1
10-15 18:18:02.392    1748-1782/? D/PowerManagerService-JNI﹕ Excessive delay in setInteractive(true) while turning screen on: 34ms
10-15 18:18:02.392  13774-13774/? V/WearActivity﹕ Resume!
10-15 18:18:02.392  13774-13774/? V/ClockFace﹕ clearing caches
10-15 18:18:02.392  13774-13774/? V/MyViewAnim﹕ new animator starting
10-15 18:18:02.392  13774-13774/? V/MyViewAnim﹕ Time listener is up!
10-15 18:18:02.392  13774-13774/? V/MyViewAnim﹕ starting draw thread from scratch
10-15 18:18:02.402    1413-1413/? D/SurfaceFlinger﹕ Screen acquired, type=0 flinger=0xb8e4d448
10-15 18:18:02.402    1413-1413/? D/hwcomposer﹕ hwc_blank(0: 0)
10-15 18:18:02.402    1748-1748/? W/InputMethodManagerService﹕ Ignoring setImeWindowStatus of uid 1000 token: null
10-15 18:18:02.412  14644-14644/? D/ADSPD﹕ ACK success!
10-15 18:18:02.422    1415-1531/? D/mot_vr_audio_hw﹕ dsp_recognizer_enabled = true
10-15 18:18:02.422  14644-14644/? D/ADSPD﹕ Client cmd=0x0003, size=4
10-15 18:18:02.422    1748-1774/? I/DisplayManagerService﹕ Display device changed: DisplayDeviceInfo{"Built-in Screen": 320 x 290, 45.000004 fps, density 213, 90.31111 x 136.40741 dpi, touch INTERNAL, rotation 0, type BUILT_IN, state ON, FLAG_DEFAULT_DISPLAY, FLAG_ROTATES_WITH_CONTENT, FLAG_SECURE, FLAG_SUPPORTS_PROTECTED_BUFFERS}
10-15 18:18:02.432    1415-1415/? D/mot_vr_audio_hw﹕ open_input_stream(): devices = 0x80000004, rate = 8000, channels = 0x10
10-15 18:18:02.432    1415-1415/? D/mot_vr_audio_hw﹕ Created resampler for 16000->8000 Hz
10-15 18:18:02.442  14644-14644/? D/ADSPD﹕ Received from DSP: cmd=0x8003, size=2
10-15 18:18:02.442  14644-14644/? D/ADSPD﹕ Client cmd=0x4003, size=2
10-15 18:18:02.442   1415-14646/? D/mot_vr_audio_hw﹕ received recognition control callback, status 0
10-15 18:18:02.452  13774-13774/? V/WearActivity﹕ display changed: 0, new state: 2
10-15 18:18:02.452  13774-13774/? I/ClockFace﹕ Ambient mode: false
10-15 18:18:02.452  13774-13774/? V/ClockFace﹕ clearing caches
10-15 18:18:02.452  13774-15608/? V/ClockFace﹕ rendering new face, faceMode(0)
10-15 18:18:02.462    1748-1748/? V/ActivityManager﹕ Display changed displayId=0
10-15 18:18:02.472   1415-15710/? D/mot_vr_audio_hw﹕ in_read waiting for hotword
10-15 18:18:02.502    1748-1758/? D/SensorHAL﹕ adjustSensorHandle: handle = 9 adjustedHandle = 1
10-15 18:18:02.502    1748-1758/? D/SensorHAL﹕ adjustSensorHandle: handle = 9 adjustedHandle = 1
10-15 18:18:02.522    1748-2330/? D/SensorHAL﹕ adjustSensorHandle: handle = 9 adjustedHandle = 1
10-15 18:18:02.532  13774-15608/? V/ClockFace﹕ fetching new battery status (19316)
10-15 18:18:02.532  13774-15608/? V/ClockFace﹕ battery at 0.47
10-15 18:18:02.532  13774-15608/? V/ClockFace﹕ --> dot radius: 0.022999998
10-15 18:18:02.532    1748-1845/? D/LightsService﹕ Excessive delay setting light: 60ms
10-15 18:18:02.593  13774-13774/? V/ClockFace﹕ clearing caches
10-15 18:18:02.593  13774-13774/? V/MyViewAnim﹕ resuming old animator!
10-15 18:18:02.593  13774-13774/? V/WearActivity﹕ onDisplayChanged: on!
10-15 18:18:02.613  13774-15709/? V/ClockFace﹕ fetching new battery status (19319)
10-15 18:18:02.613  13774-15709/? V/ClockFace﹕ battery at 0.47
10-15 18:18:02.613  13774-15709/? V/ClockFace﹕ --> dot radius: 0.022999998
10-15 18:18:02.613  13774-15608/? V/ClockFace﹕ rendering new face, faceMode(0)
10-15 18:18:05.786    2030-2067/? W/bt-btif﹕ dm_pm_timer expires
10-15 18:18:05.786    2030-2067/? W/bt-btif﹕ dm_pm_timer expires 0
10-15 18:18:05.786    2030-2067/? W/bt-btif﹕ proc dm_pm_timer expires
10-15 18:18:07.137  15375-15375/? D/GridViewPager﹕ Populate in layout
10-15 18:18:07.387  15375-15377/? D/dalvikvm﹕ GC_CONCURRENT freed 2574K, 23% free 10886K/14076K, paused 3ms+19ms, total 136ms
10-15 18:18:07.878    1415-2734/? D/mot_vr_audio_hw﹕ dsp_recognizer_enabled = false
10-15 18:18:07.878  14644-14644/? D/ADSPD﹕ Client cmd=0x0003, size=4
10-15 18:18:07.898   1415-15710/? D/mot_vr_audio_hw﹕ Switching DSP to standby/passthrough mode
10-15 18:18:07.898   1415-15710/? D/mot_vr_audio_hw﹕ Input 0xb71b3980 ready to read
10-15 18:18:07.908  14644-14644/? D/ADSPD﹕ Received from DSP: cmd=0x8003, size=2
10-15 18:18:07.908  14644-14644/? D/ADSPD﹕ Client cmd=0x0003, size=4
10-15 18:18:07.908   1415-14646/? D/mot_vr_audio_hw﹕ received recognition control callback, status 0
10-15 18:18:07.918  14644-14644/? D/ADSPD﹕ Received from DSP: cmd=0x8003, size=2
10-15 18:18:07.918   1415-14646/? D/mot_vr_audio_hw﹕ received recognition control callback, status 0
10-15 18:18:07.948   1415-15710/? W/mot_vr_audio_hw﹕ Discarded 10 buffers without finding audio data
10-15 18:18:08.078  15375-15375/? W/PropertyValuesHolder﹕ Method getClipProgressAnim() with type float not found on target class class com.google.android.clockwork.home.cuecard.VoicePlateFragment
10-15 18:18:08.568    1748-1845/? D/LightsService﹕ Excessive delay setting light: 68ms
10-15 18:18:09.429    7396-7449/? D/dalvikvm﹕ GC_FOR_ALLOC freed 257K, 26% free 2312K/3092K, paused 46ms, total 84ms
10-15 18:18:11.091    7396-7449/? D/dalvikvm﹕ GC_FOR_ALLOC freed 271K, 26% free 2311K/3092K, paused 64ms, total 84ms
10-15 18:18:12.092  13774-13775/? D/dalvikvm﹕ GC_CONCURRENT freed 407K, 22% free 2455K/3120K, paused 5ms+45ms, total 135ms
10-15 18:18:12.192  15375-15375/? W/VoicePlateFragment﹕ Error during speech rec: 6
10-15 18:18:12.352  14644-14644/? D/ADSPD﹕ Client cmd=0x0003, size=4
10-15 18:18:12.352   1415-15710/? D/mot_vr_audio_hw﹕ Re-arming DSP
10-15 18:18:12.352   1415-15710/? D/mot_vr_audio_hw﹕ Input 0xb71b3980 standby complete
10-15 18:18:12.362  14644-14644/? D/ADSPD﹕ Received from DSP: cmd=0x8003, size=2
10-15 18:18:12.362   1415-14646/? D/mot_vr_audio_hw﹕ received recognition control callback, status 0
10-15 18:18:12.502  14644-14644/? D/ADSPD﹕ Client cmd=0x4003, size=2
10-15 18:18:12.502    1415-1415/? D/mot_vr_audio_hw﹕ Input 0xb71b3980 close complete
10-15 18:18:14.694    2030-2067/? W/bt-btif﹕ dm_pm_timer expires
10-15 18:18:14.694    2030-2067/? W/bt-btif﹕ dm_pm_timer expires 0
10-15 18:18:14.694    2030-2067/? W/bt-btif﹕ proc dm_pm_timer expires
10-15 18:18:28.027  15375-15404/? I/Clockwork.Settings﹕ time sync timezone: America/Chicago
10-15 18:18:28.027    1748-2046/? D/﹕ Setting time of day to sec=1413415108
10-15 18:18:28.323   1947-15714/? I/Clockwork.TimeService﹕ set timezone to America/Chicago
10-15 18:18:28.323    1748-1758/? D/AlarmManagerService﹕ Kernel timezone updated to 300 minutes west of GMT
10-15 18:18:28.413  15375-15404/? I/Clockwork.Settings﹕ time sync timezone: America/Chicago
10-15 18:18:28.370   1947-15716/? I/Clockwork.TimeService﹕ set timezone to America/Chicago
10-15 18:18:28.370    1748-2046/? D/AlarmManagerService﹕ Kernel timezone updated to 300 minutes west of GMT
10-15 18:18:28.423    1748-2318/? D/﹕ Setting time of day to sec=1413415108
10-15 18:18:28.450   7381-15715/? I/CheckinService﹕ active receiver: disabled
10-15 18:18:28.530   7381-15717/? I/CheckinService﹕ active receiver: disabled
10-15 18:18:28.640    7416-7416/? D/GCM﹕ GcmService start Intent { act=com.google.android.checkin.CHECKIN_COMPLETE flg=0x10 cmp=com.google.android.gms/.gcm.GcmService (has extras) } com.google.android.checkin.CHECKIN_COMPLETE
10-15 18:18:28.640    1748-2335/? I/ActivityManager﹕ Delay finish: com.google.android.gms/.gcm.ServiceAutoStarter
10-15 18:18:28.640    1748-2046/? I/ActivityManager﹕ Resuming delayed broadcast
10-15 18:18:30.291    2030-2067/? W/bt-btif﹕ dm_pm_timer expires
10-15 18:18:30.291    2030-2067/? W/bt-btif﹕ dm_pm_timer expires 0
10-15 18:18:30.291    2030-2067/? W/bt-btif﹕ proc dm_pm_timer expires
10-15 18:18:35.356  13774-13775/? D/dalvikvm﹕ GC_CONCURRENT freed 314K, 19% free 2527K/3120K, paused 2ms+34ms, total 109ms
10-15 18:18:38.800    1748-1768/? I/ProcessStatsService﹕ Prepared write state in 19ms
10-15 18:18:38.870    1748-1767/? I/ProcessStatsService﹕ Pruning old procstats: /data/system/procstats/state-2014-10-14-05-18-40.bin
10-15 18:18:53.344  13774-13774/? V/WearActivity﹕ Pause!
10-15 18:18:53.344    1748-1779/? I/PowerManagerService﹕ Going to sleep due to screen timeout...
10-15 18:18:53.344    1748-1779/? I/PowerManagerService﹕ Dozing...
10-15 18:18:53.354    1748-1771/? I/DreamController﹕ Starting dream: name=ComponentInfo{com.google.android.wearable.app/com.google.android.clockwork.home.AmbientMode}, isTest=false, canDoze=true, userId=0
10-15 18:18:53.384  13774-13774/? V/WearActivity﹕ Stop!
10-15 18:18:53.384    1748-1748/? W/InputMethodManagerService﹕ Ignoring setImeWindowStatus of uid 1000 token: null
10-15 18:18:53.434    1415-2205/? D/mot_vr_audio_hw﹕ dsp_recognizer_enabled = false
10-15 18:18:53.434  14644-14644/? D/ADSPD﹕ Client cmd=0x0003, size=4
10-15 18:18:53.444  14644-14644/? D/ADSPD﹕ Received from DSP: cmd=0x8003, size=2
10-15 18:18:53.444   1415-14646/? D/mot_vr_audio_hw﹕ received recognition control callback, status 0
10-15 18:18:53.464    7396-7449/? D/dalvikvm﹕ GC_FOR_ALLOC freed 275K, 26% free 2309K/3092K, paused 58ms, total 59ms
10-15 18:18:53.624    1748-2012/? I/ActivityManager﹕ START u0 {act=android.intent.action.MAIN cat=[android.intent.category.HOME] flg=0x10000000 cmp=com.google.android.wearable.app/com.google.android.clockwork.home.HomeActivity (has extras)} from pid 15375 on display 0
10-15 18:18:53.634    1748-1748/? V/ActivityManager﹕ Display changed displayId=0
10-15 18:18:53.654  13774-13774/? V/WearActivity﹕ display changed: 0, new state: 2
10-15 18:18:53.654  13774-13774/? I/TimeWrapper﹕ FPS: 43.458572, samples: 2214
10-15 18:18:53.654  13774-13774/? I/TimeWrapper﹕ Min/Avg/Max frame render speed (ms): 4.852295 / 12.789952 / 51.42212
10-15 18:18:53.654  13774-13774/? I/TimeWrapper﹕ Waketime: 55.58331%
10-15 18:18:53.654  13774-13774/? I/ClockFace﹕ Ambient mode: false
10-15 18:18:53.654    1748-1771/? I/DreamController﹕ Stopping dream: name=ComponentInfo{com.google.android.wearable.app/com.google.android.clockwork.home.AmbientMode}, isTest=false, canDoze=true, userId=0
10-15 18:18:53.664    1748-1779/? I/PowerManagerService﹕ Sleeping...
10-15 18:18:53.744  13774-13774/? V/ClockFace﹕ clearing caches
10-15 18:18:53.744  13774-13774/? V/MyViewAnim﹕ resuming old animator!
10-15 18:18:53.744  13774-13774/? V/WearActivity﹕ onDisplayChanged: on!
10-15 18:18:53.764  15375-15375/? I/AmbientMode﹕ Ambient mode started: canDoze=true, dozeHardware=null
10-15 18:18:53.764  13774-15608/? V/ClockFace﹕ fetching new battery status (21533)
10-15 18:18:53.764  13774-15608/? V/ClockFace﹕ battery at 0.46
10-15 18:18:53.764  13774-15608/? V/ClockFace﹕ --> dot radius: 0.023999996
10-15 18:18:53.774    1415-2734/? D/mot_vr_audio_hw﹕ dsp_recognizer_enabled = true
10-15 18:18:53.774  14644-14644/? D/ADSPD﹕ Client cmd=0x0003, size=4
10-15 18:18:53.774    1415-2801/? D/mot_vr_audio_hw﹕ open_input_stream(): devices = 0x80000004, rate = 8000, channels = 0x10
10-15 18:18:53.774    1415-2801/? D/mot_vr_audio_hw﹕ Created resampler for 16000->8000 Hz
10-15 18:18:53.784  13774-15709/? V/ClockFace﹕ rendering new face, faceMode(0)
10-15 18:18:53.794  14644-14644/? D/ADSPD﹕ Received from DSP: cmd=0x8003, size=2
10-15 18:18:53.794  14644-14644/? D/ADSPD﹕ Client cmd=0x4003, size=2
10-15 18:18:53.794   1415-14646/? D/mot_vr_audio_hw﹕ received recognition control callback, status 0
10-15 18:18:53.824   1415-15719/? D/mot_vr_audio_hw﹕ in_read waiting for hotword
10-15 18:18:53.844    1415-1415/? D/mot_vr_audio_hw﹕ dsp_recognizer_enabled = false
10-15 18:18:53.844  14644-14644/? D/ADSPD﹕ Client cmd=0x0003, size=4
10-15 18:18:53.844   1415-15719/? D/mot_vr_audio_hw﹕ Switching DSP to standby/passthrough mode
10-15 18:18:53.844   1415-15719/? D/mot_vr_audio_hw﹕ Input 0xb71b3980 ready to read
10-15 18:18:53.854  14644-14644/? D/ADSPD﹕ Received from DSP: cmd=0x8003, size=2
10-15 18:18:53.854  14644-14644/? D/ADSPD﹕ Client cmd=0x0003, size=4
10-15 18:18:53.864   1415-14646/? D/mot_vr_audio_hw﹕ received recognition control callback, status 0
10-15 18:18:53.874  14644-14644/? D/ADSPD﹕ Received from DSP: cmd=0x8003, size=2
10-15 18:18:53.874   1415-14646/? D/mot_vr_audio_hw﹕ received recognition control callback, status 0
10-15 18:18:53.894   1415-15719/? W/mot_vr_audio_hw﹕ Discarded 10 buffers without finding audio data
10-15 18:18:53.904  14644-14644/? D/ADSPD﹕ Client cmd=0x0003, size=4
10-15 18:18:53.914   1415-15719/? D/mot_vr_audio_hw﹕ Re-arming DSP
10-15 18:18:53.914   1415-15719/? D/mot_vr_audio_hw﹕ Input 0xb71b3980 standby complete
10-15 18:18:53.924  14644-14644/? D/ADSPD﹕ Received from DSP: cmd=0x8003, size=2
10-15 18:18:53.924   1415-14646/? D/mot_vr_audio_hw﹕ received recognition control callback, status 0
10-15 18:18:53.924  14644-14644/? D/ADSPD﹕ Client cmd=0x4003, size=2
10-15 18:18:53.924    1415-2205/? D/mot_vr_audio_hw﹕ Input 0xb71b3980 close complete
10-15 18:18:53.944  15375-15375/? I/AmbientMode﹕ Dream ended: isDozing=true
10-15 18:18:54.135    1748-1750/? D/dalvikvm﹕ GC_CONCURRENT freed 711K, 25% free 5163K/6844K, paused 2ms+40ms, total 218ms
10-15 18:18:54.415    1748-1845/? D/LightsService﹕ Excessive delay setting light: 330ms
10-15 18:18:54.415    1413-1413/? D/SurfaceFlinger﹕ Screen released, type=0 flinger=0xb8e4d448
10-15 18:18:54.565    1413-1413/? D/hwcomposer﹕ hwc_blank(0: 1)
10-15 18:18:54.565    1748-1845/? D/SurfaceControl﹕ Excessive delay in blankDisplay() while turning screen off: 145ms
10-15 18:18:54.565    1748-1774/? I/DisplayManagerService﹕ Display device changed: DisplayDeviceInfo{"Built-in Screen": 320 x 290, 45.000004 fps, density 213, 90.31111 x 136.40741 dpi, touch INTERNAL, rotation 0, type BUILT_IN, state OFF, FLAG_DEFAULT_DISPLAY, FLAG_ROTATES_WITH_CONTENT, FLAG_SECURE, FLAG_SUPPORTS_PROTECTED_BUFFERS}
10-15 18:18:54.565    1748-1748/? V/ActivityManager﹕ Display changed displayId=0
10-15 18:18:54.575    1748-1779/? D/MinnowPowerHAL﹕ power_set_interactive: 0
10-15 18:18:54.575    1748-1779/? D/MinnowPowerHAL﹕ sysfs_write: /sys/devices/platform/omapdss/display0/interactivemode 0
10-15 18:18:54.575    1748-1779/? D/MinnowPowerHAL﹕ sysfs_write: /sys/devices/ocp.2/i2c.6/i2c-0/0-004a/interactivemode 0
10-15 18:18:54.585    1748-1779/? D/mot_vr_audio_hw﹕ dsp_set_pm_state = off
10-15 18:18:54.585  14644-14644/? D/ADSPD﹕ Client cmd=0x4002, size=2
10-15 18:18:54.595  14644-14644/? D/ADSPD﹕ DSP_CMD_DAEMON_SET_PM_STATE : 0
10-15 18:18:54.595  13774-13774/? V/WearActivity﹕ display changed: 0, new state: 1
10-15 18:18:54.595  13774-13774/? I/TimeWrapper﹕ FPS: 26.410719, samples: 24
10-15 18:18:54.595  13774-13774/? I/TimeWrapper﹕ Min/Avg/Max frame render speed (ms): 4.974365 / 15.3656 / 65.73486
10-15 18:18:54.595  13774-13774/? I/TimeWrapper﹕ Waketime: 40.581654%
10-15 18:18:54.605  13774-13774/? I/ClockFace﹕ Ambient mode: true
10-15 18:18:54.605  13774-13774/? V/ClockFace﹕ clearing caches
10-15 18:18:54.605  13774-13774/? V/MyViewAnim﹕ stopping animation!
10-15 18:18:54.605  13774-13774/? V/WearActivity﹕ onDisplayChanged: off!
10-15 18:18:54.605  13774-15608/? E/MyViewAnim﹕ no surface holder, retrying
10-15 18:18:54.615  13774-15608/? V/ClockFace﹕ rendering new face, faceMode(0)
10-15 18:18:54.615  13774-15709/? V/MyViewAnim﹕ looper finished!
10-15 18:18:56.047    2030-2067/? W/bt-btif﹕ dm_pm_timer expires
10-15 18:18:56.047    2030-2067/? W/bt-btif﹕ dm_pm_timer expires 0
10-15 18:18:56.047    2030-2067/? W/bt-btif﹕ proc dm_pm_timer expires
10-15 18:19:26.225    2217-2218/? D/dalvikvm﹕ GC_CONCURRENT freed 385K, 74% free 2195K/8252K, paused 2ms+2ms, total 22ms
10-15 18:24:51.185    1748-1795/? D/ConnectivityService﹕ Sampling interval elapsed, updating statistics ..
10-15 18:24:51.185    1748-1795/? D/ConnectivityService﹕ Done.
10-15 18:24:51.185    1748-1795/? D/ConnectivityService﹕ Setting timer for 720seconds
10-15 18:24:59.095    1748-2318/? I/ActivityManager﹕ Delay finish: com.google.android.gms/.gcm.ServiceAutoStarter
10-15 18:24:59.095    1748-1759/? I/ActivityManager﹕ Resuming delayed broadcast
10-15 18:25:00.890  15375-15404/? I/Clockwork.Settings﹕ time sync timezone: America/Chicago
10-15 18:24:58.949   1947-15730/? I/Clockwork.TimeService﹕ set timezone to America/Chicago
10-15 18:24:58.949    1748-2046/? D/AlarmManagerService﹕ Kernel timezone updated to 300 minutes west of GMT
10-15 18:24:58.979  15375-15404/? I/Clockwork.Settings﹕ time sync timezone: America/Chicago
10-15 18:24:58.979    1748-2318/? D/﹕ Setting time of day to sec=1413415498
10-15 18:24:58.965   1947-15731/? I/Clockwork.TimeService﹕ set timezone to America/Chicago
10-15 18:24:58.965    1748-1759/? D/AlarmManagerService﹕ Kernel timezone updated to 300 minutes west of GMT
10-15 18:24:59.045   7381-15732/? I/CheckinService﹕ active receiver: disabled
10-15 18:24:59.055   7381-15733/? I/CheckinService﹕ active receiver: disabled
10-15 18:24:59.095    7416-7416/? D/GCM﹕ GcmService start Intent { act=com.google.android.checkin.CHECKIN_COMPLETE flg=0x10 cmp=com.google.android.gms/.gcm.GcmService (has extras) } com.google.android.checkin.CHECKIN_COMPLETE
10-15 18:25:00.900    1748-2330/? D/﹕ Setting time of day to sec=1413415498
10-15 18:25:00.936    2030-2067/? W/bt-btif﹕ dm_pm_timer expires
10-15 18:25:00.936    2030-2067/? W/bt-btif﹕ dm_pm_timer expires 0
10-15 18:25:00.936    2030-2067/? W/bt-btif﹕ proc dm_pm_timer expires
10-15 18:26:06.767    1748-1765/? D/SensorHALGestureSensor﹕ Gesture event received! time = 1413415566772128869
10-15 18:26:06.767    1748-2330/? I/PowerManagerService﹕ Waking up from sleep...
10-15 18:26:06.767    1748-1772/? W/KeyguardServiceDelegate﹕ onScreenTurnedOn(): no keyguard service!
10-15 18:26:06.777  13774-13774/? V/WearActivity﹕ display changed: 0, new state: 1
10-15 18:26:06.777  13774-13774/? I/ClockFace﹕ Ambient mode: true
10-15 18:26:06.777  13774-13774/? V/MyViewAnim﹕ stopping animation!
10-15 18:26:06.777  13774-13774/? V/WearActivity﹕ onDisplayChanged: off!
10-15 18:26:06.887    1748-2330/? D/PowerManagerService-JNI﹕ Excessive delay in autosuspend_disable() while turning screen on: 117ms
10-15 18:26:06.887    1748-2330/? D/MinnowPowerHAL﹕ power_set_interactive: 1
10-15 18:26:06.887    1748-2330/? D/MinnowPowerHAL﹕ sysfs_write: /sys/devices/platform/omapdss/display0/interactivemode 1
10-15 18:26:06.937    1748-2330/? D/MinnowPowerHAL﹕ sysfs_write: /sys/devices/ocp.2/i2c.6/i2c-0/0-004a/interactivemode 1
10-15 18:26:06.947    1748-2330/? D/mot_vr_audio_hw﹕ dsp_set_pm_state = on
10-15 18:26:06.947  14644-14644/? D/ADSPD﹕ Client cmd=0x4002, size=2
10-15 18:26:06.947  14644-14644/? D/ADSPD﹕ DSP_CMD_DAEMON_SET_PM_STATE : 1
10-15 18:26:06.947    1748-2330/? D/PowerManagerService-JNI﹕ Excessive delay in setInteractive(true) while turning screen on: 56ms
10-15 18:26:06.947  13774-13774/? V/WearActivity﹕ Resume!
10-15 18:26:06.947  13774-13774/? V/ClockFace﹕ clearing caches
10-15 18:26:06.947  13774-13774/? V/MyViewAnim﹕ new animator starting
10-15 18:26:06.947  13774-13774/? V/MyViewAnim﹕ Time listener is up!
10-15 18:26:06.947  13774-13774/? V/MyViewAnim﹕ starting draw thread from scratch
10-15 18:26:06.957    1413-1413/? D/SurfaceFlinger﹕ Screen acquired, type=0 flinger=0xb8e4d448
10-15 18:26:06.957    1413-1413/? D/hwcomposer﹕ hwc_blank(0: 0)
10-15 18:26:06.957    1748-1748/? V/ActivityManager﹕ Display changed displayId=0
10-15 18:26:06.957    1748-1774/? I/DisplayManagerService﹕ Display device changed: DisplayDeviceInfo{"Built-in Screen": 320 x 290, 45.000004 fps, density 213, 90.31111 x 136.40741 dpi, touch INTERNAL, rotation 0, type BUILT_IN, state ON, FLAG_DEFAULT_DISPLAY, FLAG_ROTATES_WITH_CONTENT, FLAG_SECURE, FLAG_SUPPORTS_PROTECTED_BUFFERS}
10-15 18:26:06.977  13774-15608/? V/ClockFace﹕ rendering new face, faceMode(0)
10-15 18:26:06.977    1748-1748/? W/InputMethodManagerService﹕ Ignoring setImeWindowStatus of uid 1000 token: null
10-15 18:26:06.977    1748-1748/? V/ActivityManager﹕ Display changed displayId=0
10-15 18:26:06.987  15375-15375/? E/ClockworkHome﹕ Tried to exit ambient mode, but enterAmbientMode() was never called.
10-15 18:26:06.987    1415-1531/? D/mot_vr_audio_hw﹕ dsp_recognizer_enabled = true
10-15 18:26:06.987    1415-1415/? D/mot_vr_audio_hw﹕ open_input_stream(): devices = 0x80000004, rate = 8000, channels = 0x10
10-15 18:26:06.987    1415-1415/? D/mot_vr_audio_hw﹕ Created resampler for 16000->8000 Hz
10-15 18:26:07.007  13774-13774/? V/WearActivity﹕ display changed: 0, new state: 2
10-15 18:26:07.007  13774-13774/? I/ClockFace﹕ Ambient mode: false
10-15 18:26:07.007  13774-13774/? V/ClockFace﹕ clearing caches
10-15 18:26:07.037   1415-15735/? D/mot_vr_audio_hw﹕ in_read waiting for hotword
10-15 18:26:07.047  14644-14644/? E/ADSPD﹕ Timeout on select()
10-15 18:26:07.047  14644-14644/? E/ADSPD﹕ NO ACK received after loading firmware
10-15 18:26:07.047  14644-14644/? E/ADSPD﹕ Unknown ACK received 0x00
10-15 18:26:07.047  14644-14644/? D/ADSPD﹕ Client cmd=0x0003, size=4
10-15 18:26:07.047    1748-2335/? D/SensorHAL﹕ adjustSensorHandle: handle = 9 adjustedHandle = 1
10-15 18:26:07.047    1748-2335/? D/SensorHAL﹕ adjustSensorHandle: handle = 9 adjustedHandle = 1
10-15 18:26:07.057  14644-14644/? D/ADSPD﹕ Received from DSP: cmd=0x8003, size=2
10-15 18:26:07.057  14644-14644/? D/ADSPD﹕ Client cmd=0x4003, size=2
10-15 18:26:07.057   1415-14646/? D/mot_vr_audio_hw﹕ received recognition control callback, status 0
10-15 18:26:07.067    1748-1845/? D/LightsService﹕ Excessive delay setting light: 61ms
10-15 18:26:07.067    1748-1758/? D/SensorHAL﹕ adjustSensorHandle: handle = 9 adjustedHandle = 1
10-15 18:26:07.077  13774-15608/? V/ClockFace﹕ fetching new battery status (21557)
10-15 18:26:07.077  13774-15608/? V/ClockFace﹕ battery at 0.45
10-15 18:26:07.077  13774-15608/? V/ClockFace﹕ --> dot radius: 0.025000002
10-15 18:26:07.097  13774-13774/? V/ClockFace﹕ clearing caches
10-15 18:26:07.097  13774-13774/? V/MyViewAnim﹕ resuming old animator!
10-15 18:26:07.097  13774-13774/? V/WearActivity﹕ onDisplayChanged: on!
10-15 18:26:07.107  13774-15734/? V/ClockFace﹕ fetching new battery status (21559)
10-15 18:26:07.107  13774-15734/? V/ClockFace﹕ battery at 0.45
10-15 18:26:07.107  13774-15734/? V/ClockFace﹕ --> dot radius: 0.025000002
10-15 18:26:07.117  13774-15608/? V/ClockFace﹕ rendering new face, faceMode(0)
10-15 18:26:08.198  13774-13775/? D/dalvikvm﹕ GC_CONCURRENT freed 408K, 21% free 2506K/3140K, paused 3ms+25ms, total 137ms
10-15 18:26:10.380    2030-2067/? W/bt-btif﹕ dm_pm_timer expires
10-15 18:26:10.380    2030-2067/? W/bt-btif﹕ dm_pm_timer expires 0
10-15 18:26:10.380    2030-2067/? W/bt-btif﹕ proc dm_pm_timer expires
10-15 18:26:11.962    1748-2335/? I/PowerManagerService﹕ Going to sleep due to screen timeout...
10-15 18:26:11.962    1748-1779/? I/PowerManagerService﹕ Dozing...
10-15 18:26:11.962    1748-1771/? I/DreamController﹕ Starting dream: name=ComponentInfo{com.google.android.wearable.app/com.google.android.clockwork.home.AmbientMode}, isTest=false, canDoze=true, userId=0
10-15 18:26:12.072    1748-1759/? I/ActivityManager﹕ START u0 {act=android.intent.action.MAIN cat=[android.intent.category.HOME] flg=0x10000000 cmp=com.google.android.wearable.app/com.google.android.clockwork.home.HomeActivity (has extras)} from pid 15375 on display 0
10-15 18:26:12.072    1748-1771/? I/DreamController﹕ Stopping dream: name=ComponentInfo{com.google.android.wearable.app/com.google.android.clockwork.home.AmbientMode}, isTest=false, canDoze=true, userId=0
10-15 18:26:12.082    1748-1779/? I/PowerManagerService﹕ Sleeping...
10-15 18:26:12.222  15375-15375/? I/AmbientMode﹕ Ambient mode started: canDoze=true, dozeHardware=null
10-15 18:26:12.242    1415-1531/? D/mot_vr_audio_hw﹕ dsp_recognizer_enabled = false
10-15 18:26:12.242  14644-14644/? D/ADSPD﹕ Client cmd=0x0003, size=4
10-15 18:26:12.242   1415-15735/? D/mot_vr_audio_hw﹕ Switching DSP to standby/passthrough mode
10-15 18:26:12.242   1415-15735/? D/mot_vr_audio_hw﹕ Input 0xb71b3980 ready to read
10-15 18:26:12.252  14644-14644/? D/ADSPD﹕ Received from DSP: cmd=0x8003, size=2
10-15 18:26:12.252  14644-14644/? D/ADSPD﹕ Client cmd=0x0003, size=4
10-15 18:26:12.252   1415-14646/? D/mot_vr_audio_hw﹕ received recognition control callback, status 0
10-15 18:26:12.272  14644-14644/? D/ADSPD﹕ Received from DSP: cmd=0x8003, size=2
10-15 18:26:12.272   1415-14646/? D/mot_vr_audio_hw﹕ received recognition control callback, status 0
10-15 18:26:12.292   1415-15735/? W/mot_vr_audio_hw﹕ Discarded 10 buffers without finding audio data
10-15 18:26:12.312  14644-14644/? D/ADSPD﹕ Client cmd=0x0003, size=4
10-15 18:26:12.312   1415-15735/? D/mot_vr_audio_hw﹕ Re-arming DSP
10-15 18:26:12.312   1415-15735/? D/mot_vr_audio_hw﹕ Input 0xb71b3980 standby complete
10-15 18:26:12.322    1415-2736/? D/mot_vr_audio_hw﹕ Input 0xb71b3980 close complete
10-15 18:26:12.322  14644-14644/? D/ADSPD﹕ Received from DSP: cmd=0x8003, size=2
10-15 18:26:12.322  14644-14644/? D/ADSPD﹕ Client cmd=0x4003, size=2
10-15 18:26:12.322   1415-14646/? D/mot_vr_audio_hw﹕ received recognition control callback, status 0
10-15 18:26:12.342    1415-1415/? D/mot_vr_audio_hw﹕ dsp_recognizer_enabled = true
10-15 18:26:12.342  14644-14644/? D/ADSPD﹕ Client cmd=0x0003, size=4
10-15 18:26:12.342    1415-2734/? D/mot_vr_audio_hw﹕ open_input_stream(): devices = 0x80000004, rate = 8000, channels = 0x10
10-15 18:26:12.342    1415-2734/? D/mot_vr_audio_hw﹕ Created resampler for 16000->8000 Hz
10-15 18:26:12.362  14644-14644/? D/ADSPD﹕ Received from DSP: cmd=0x8003, size=2
10-15 18:26:12.362  14644-14644/? D/ADSPD﹕ Client cmd=0x4003, size=2
10-15 18:26:12.362   1415-14646/? D/mot_vr_audio_hw﹕ received recognition control callback, status 0
10-15 18:26:12.372   1415-15737/? D/mot_vr_audio_hw﹕ in_read waiting for hotword
10-15 18:26:12.372  15375-15375/? I/AmbientMode﹕ Dream ended: isDozing=true
10-15 18:26:12.722    1748-1806/? D/LightsService﹕ Excessive delay setting light: 193ms
10-15 18:26:12.722    1413-1413/? D/SurfaceFlinger﹕ Screen released, type=0 flinger=0xb8e4d448
10-15 18:26:12.863    1413-1413/? D/hwcomposer﹕ hwc_blank(0: 1)
10-15 18:26:12.863    1748-1806/? D/SurfaceControl﹕ Excessive delay in blankDisplay() while turning screen off: 141ms
10-15 18:26:12.883    1748-1774/? I/DisplayManagerService﹕ Display device changed: DisplayDeviceInfo{"Built-in Screen": 320 x 290, 45.000004 fps, density 213, 90.31111 x 136.40741 dpi, touch INTERNAL, rotation 0, type BUILT_IN, state OFF, FLAG_DEFAULT_DISPLAY, FLAG_ROTATES_WITH_CONTENT, FLAG_SECURE, FLAG_SUPPORTS_PROTECTED_BUFFERS}
10-15 18:26:12.883    1748-1748/? V/ActivityManager﹕ Display changed displayId=0
10-15 18:26:12.893  13774-13774/? V/WearActivity﹕ display changed: 0, new state: 1
10-15 18:26:12.893  13774-13774/? I/TimeWrapper﹕ FPS: 42.24362, samples: 246
10-15 18:26:12.893  13774-13774/? I/TimeWrapper﹕ Min/Avg/Max frame render speed (ms): 4.943847 / 12.440875 / 65.704346
10-15 18:26:12.893  13774-13774/? I/TimeWrapper﹕ Waketime: 52.554768%
10-15 18:26:12.893  13774-13774/? I/ClockFace﹕ Ambient mode: true
10-15 18:26:12.893  13774-13774/? V/ClockFace﹕ clearing caches
10-15 18:26:12.893  13774-13774/? V/MyViewAnim﹕ stopping animation!
10-15 18:26:12.893  13774-13774/? V/WearActivity﹕ onDisplayChanged: off!
10-15 18:26:12.913  13774-15608/? V/ClockFace﹕ rendering new face, faceMode(0)
10-15 18:26:12.923    1748-1779/? D/MinnowPowerHAL﹕ power_set_interactive: 0
10-15 18:26:12.923    1748-1779/? D/MinnowPowerHAL﹕ sysfs_write: /sys/devices/platform/omapdss/display0/interactivemode 0
10-15 18:26:12.923    1748-1779/? D/MinnowPowerHAL﹕ sysfs_write: /sys/devices/ocp.2/i2c.6/i2c-0/0-004a/interactivemode 0
10-15 18:26:12.923  13774-15734/? E/MyViewAnim﹕ no surface holder, retrying
10-15 18:26:12.923    1748-1779/? D/mot_vr_audio_hw﹕ dsp_set_pm_state = off
10-15 18:26:12.923  14644-14644/? D/ADSPD﹕ Client cmd=0x4002, size=2
10-15 18:26:12.923  14644-14644/? D/ADSPD﹕ DSP_CMD_DAEMON_SET_PM_STATE : 0
10-15 18:26:12.923  14644-14644/? D/ADSPD﹕ DSP not turned off as still being used
10-15 18:26:12.923  13774-13774/? V/WearActivity﹕ Pause!
10-15 18:26:12.943  13774-13774/? V/WearActivity﹕ Stop!
10-15 18:26:12.943    1415-2736/? D/mot_vr_audio_hw﹕ dsp_recognizer_enabled = false
10-15 18:26:12.943  14644-14644/? D/ADSPD﹕ Client cmd=0x0003, size=4
10-15 18:26:12.943  14644-14644/? D/ADSPD﹕ Trying to send to dsp while in dsp in RESET
10-15 18:26:12.943   1415-15737/? W/mot_vr_audio_hw﹕ Not allowing wake() since DSP is disabled
10-15 18:26:12.953   1415-15737/? W/mot_vr_audio_hw﹕ Not allowing wake() since DSP is disabled
10-15 18:26:12.953    1748-1748/? W/InputMethodManagerService﹕ Ignoring setImeWindowStatus of uid 1000 token: null
10-15 18:26:12.963  13774-15734/? V/MyViewAnim﹕ looper finished!
10-15 18:26:12.983  14644-14644/? D/ADSPD﹕ Client cmd=0x4003, size=2
10-15 18:26:12.983  14644-14644/? D/ADSPD﹕ DSP no longer used, turned off here
10-15 18:26:12.983    1415-1415/? D/mot_vr_audio_hw﹕ Input 0xb71b3980 close complete
10-15 18:26:15.085    2030-2067/? W/bt-btif﹕ dm_pm_timer expires
10-15 18:26:15.085    2030-2067/? W/bt-btif﹕ dm_pm_timer expires 0
10-15 18:26:15.085    2030-2067/? W/bt-btif﹕ proc dm_pm_timer expires
10-15 18:27:34.132    1748-1765/? D/SensorHALGestureSensor﹕ Gesture event received! time = 1413415654137363200
10-15 18:27:34.132    1748-2330/? I/PowerManagerService﹕ Waking up from sleep...
10-15 18:27:34.132    1748-1772/? W/KeyguardServiceDelegate﹕ onScreenTurnedOn(): no keyguard service!
10-15 18:27:34.232    1748-2330/? D/MinnowPowerHAL﹕ power_set_interactive: 1
10-15 18:27:34.232    1748-2330/? D/MinnowPowerHAL﹕ sysfs_write: /sys/devices/platform/omapdss/display0/interactivemode 1
10-15 18:27:34.292    1748-2330/? D/MinnowPowerHAL﹕ sysfs_write: /sys/devices/ocp.2/i2c.6/i2c-0/0-004a/interactivemode 1
10-15 18:27:34.292    1748-2330/? D/mot_vr_audio_hw﹕ dsp_set_pm_state = on
10-15 18:27:34.292  14644-14644/? D/ADSPD﹕ Client cmd=0x4002, size=2
10-15 18:27:34.292  14644-14644/? D/ADSPD﹕ DSP_CMD_DAEMON_SET_PM_STATE : 1
10-15 18:27:34.292    1748-2330/? D/PowerManagerService-JNI﹕ Excessive delay in setInteractive(true) while turning screen on: 56ms
10-15 18:27:34.302  14644-14644/? D/ADSPD﹕ ACK success!
10-15 18:27:34.302    1413-1413/? D/SurfaceFlinger﹕ Screen acquired, type=0 flinger=0xb8e4d448
10-15 18:27:34.302    1413-1413/? D/hwcomposer﹕ hwc_blank(0: 0)
10-15 18:27:34.312  13774-13774/? V/WearActivity﹕ Resume!
10-15 18:27:34.312  13774-13774/? V/ClockFace﹕ clearing caches
10-15 18:27:34.312  13774-13774/? V/MyViewAnim﹕ new animator starting
10-15 18:27:34.312  13774-13774/? V/MyViewAnim﹕ Time listener is up!
10-15 18:27:34.312  13774-13774/? V/MyViewAnim﹕ starting draw thread from scratch
10-15 18:27:34.312    1748-1774/? I/DisplayManagerService﹕ Display device changed: DisplayDeviceInfo{"Built-in Screen": 320 x 290, 45.000004 fps, density 213, 90.31111 x 136.40741 dpi, touch INTERNAL, rotation 0, type BUILT_IN, state ON, FLAG_DEFAULT_DISPLAY, FLAG_ROTATES_WITH_CONTENT, FLAG_SECURE, FLAG_SUPPORTS_PROTECTED_BUFFERS}
10-15 18:27:34.322  15375-15375/? E/ClockworkHome﹕ Tried to exit ambient mode, but enterAmbientMode() was never called.
10-15 18:27:34.332  13774-15608/? V/ClockFace﹕ rendering new face, faceMode(0)
10-15 18:27:34.342    1415-1531/? D/mot_vr_audio_hw﹕ dsp_recognizer_enabled = true
10-15 18:27:34.342  14644-14644/? D/ADSPD﹕ Client cmd=0x0003, size=4
10-15 18:27:34.342    1415-2205/? D/mot_vr_audio_hw﹕ open_input_stream(): devices = 0x80000004, rate = 8000, channels = 0x10
10-15 18:27:34.342    1415-2205/? D/mot_vr_audio_hw﹕ Created resampler for 16000->8000 Hz
10-15 18:27:34.342    1748-1748/? V/ActivityManager﹕ Display changed displayId=0
10-15 18:27:34.352  14644-14644/? D/ADSPD﹕ Received from DSP: cmd=0x8003, size=2
10-15 18:27:34.352  14644-14644/? D/ADSPD﹕ Client cmd=0x4003, size=2
10-15 18:27:34.352   1415-14646/? D/mot_vr_audio_hw﹕ received recognition control callback, status 0
10-15 18:27:34.352  13774-13774/? V/WearActivity﹕ display changed: 0, new state: 2
10-15 18:27:34.352  13774-13774/? I/TimeWrapper﹕ FPS: 0.012279249, samples: 1
10-15 18:27:34.352  13774-13774/? I/TimeWrapper﹕ Min/Avg/Max frame render speed (ms): 18.859863 / 18.859863 / 18.859863
10-15 18:27:34.352  13774-13774/? I/TimeWrapper﹕ Waketime: 0.023158498%
10-15 18:27:34.352  13774-13774/? I/ClockFace﹕ Ambient mode: false
10-15 18:27:34.362  13774-13774/? V/ClockFace﹕ clearing caches
10-15 18:27:34.362    1748-1748/? W/InputMethodManagerService﹕ Ignoring setImeWindowStatus of uid 1000 token: null
10-15 18:27:34.372   1415-15740/? D/mot_vr_audio_hw﹕ in_read waiting for hotword
10-15 18:27:34.412  13774-15608/? V/ClockFace﹕ fetching new battery status (21806)
10-15 18:27:34.412  13774-15608/? V/ClockFace﹕ battery at 0.44
10-15 18:27:34.412  13774-15608/? V/ClockFace﹕ --> dot radius: 0.026
10-15 18:27:34.422  13774-13774/? V/ClockFace﹕ rendering new face, faceMode(0)
10-15 18:27:34.422    1748-2330/? D/SensorHAL﹕ adjustSensorHandle: handle = 9 adjustedHandle = 1
10-15 18:27:34.422    1748-2330/? D/SensorHAL﹕ adjustSensorHandle: handle = 9 adjustedHandle = 1
10-15 18:27:34.432    1748-1801/? D/SensorHAL﹕ adjustSensorHandle: handle = 9 adjustedHandle = 1
10-15 18:27:34.452    1748-1806/? D/LightsService﹕ Excessive delay setting light: 70ms
10-15 18:27:34.462  13774-13774/? V/ClockFace﹕ clearing caches
10-15 18:27:34.462  13774-13774/? V/MyViewAnim﹕ resuming old animator!
10-15 18:27:34.462  13774-13774/? V/WearActivity﹕ onDisplayChanged: on!
10-15 18:27:34.472  13774-15739/? V/ClockFace﹕ rendering new face, faceMode(0)
10-15 18:27:34.482  13774-15739/? V/ClockFace﹕ fetching new battery status (21808)
10-15 18:27:34.482  13774-15739/? V/ClockFace﹕ battery at 0.44
10-15 18:27:34.482  13774-15739/? V/ClockFace﹕ --> dot radius: 0.026
10-15 18:27:36.975    2030-2067/? W/bt-btif﹕ dm_pm_timer expires
10-15 18:27:36.975    2030-2067/? W/bt-btif﹕ dm_pm_timer expires 0
10-15 18:27:36.975    2030-2067/? W/bt-btif﹕ proc dm_pm_timer expires
10-15 18:27:39.317    1748-1801/? I/PowerManagerService﹕ Going to sleep due to screen timeout...
10-15 18:27:39.317    1748-1779/? I/PowerManagerService﹕ Dozing...
10-15 18:27:39.327    1748-1771/? I/DreamController﹕ Starting dream: name=ComponentInfo{com.google.android.wearable.app/com.google.android.clockwork.home.AmbientMode}, isTest=false, canDoze=true, userId=0
10-15 18:27:39.417    1748-2677/? I/ActivityManager﹕ START u0 {act=android.intent.action.MAIN cat=[android.intent.category.HOME] flg=0x10000000 cmp=com.google.android.wearable.app/com.google.android.clockwork.home.HomeActivity (has extras)} from pid 15375 on display 0
10-15 18:27:39.417    1748-1771/? I/DreamController﹕ Stopping dream: name=ComponentInfo{com.google.android.wearable.app/com.google.android.clockwork.home.AmbientMode}, isTest=false, canDoze=true, userId=0
10-15 18:27:39.427    1748-1779/? I/PowerManagerService﹕ Sleeping...
10-15 18:27:39.517  15375-15375/? I/AmbientMode﹕ Ambient mode started: canDoze=true, dozeHardware=null
10-15 18:27:39.517    1415-2734/? D/mot_vr_audio_hw﹕ dsp_recognizer_enabled = false
10-15 18:27:39.517  14644-14644/? D/ADSPD﹕ Client cmd=0x0003, size=4
10-15 18:27:39.527   1415-15740/? D/mot_vr_audio_hw﹕ Switching DSP to standby/passthrough mode
10-15 18:27:39.527   1415-15740/? D/mot_vr_audio_hw﹕ Input 0xb71b3980 ready to read
10-15 18:27:39.537  14644-14644/? D/ADSPD﹕ Received from DSP: cmd=0x8003, size=2
10-15 18:27:39.537  14644-14644/? D/ADSPD﹕ Client cmd=0x0003, size=4
10-15 18:27:39.537   1415-14646/? D/mot_vr_audio_hw﹕ received recognition control callback, status 0
10-15 18:27:39.547  14644-14644/? D/ADSPD﹕ Received from DSP: cmd=0x8003, size=2
10-15 18:27:39.547   1415-14646/? D/mot_vr_audio_hw﹕ received recognition control callback, status 0
10-15 18:27:39.577   1415-15740/? W/mot_vr_audio_hw﹕ Discarded 10 buffers without finding audio data
10-15 18:27:39.587  14644-14644/? D/ADSPD﹕ Client cmd=0x0003, size=4
10-15 18:27:39.587   1415-15740/? D/mot_vr_audio_hw﹕ Re-arming DSP
10-15 18:27:39.587   1415-15740/? D/mot_vr_audio_hw﹕ Input 0xb71b3980 standby complete
10-15 18:27:39.597    1415-1531/? D/mot_vr_audio_hw﹕ Input 0xb71b3980 close complete
10-15 18:27:39.597  14644-14644/? D/ADSPD﹕ Received from DSP: cmd=0x8003, size=2
10-15 18:27:39.597  14644-14644/? D/ADSPD﹕ Client cmd=0x4003, size=2
10-15 18:27:39.597   1415-14646/? D/mot_vr_audio_hw﹕ received recognition control callback, status 0
10-15 18:27:39.617    1415-2736/? D/mot_vr_audio_hw﹕ dsp_recognizer_enabled = true
