10-15 17:48:14.760  14644-14644/? E/ADSPD﹕ Timeout on select()
10-15 17:48:14.760  14644-14644/? E/ADSPD﹕ NO ACK received after loading firmware
10-15 17:48:14.760  14644-14644/? E/ADSPD﹕ Unknown ACK received 0x00
10-15 17:48:14.790  13774-13774/? V/ClockFace﹕ fetching new battery status (17447)
10-15 17:48:14.790  13774-13774/? V/ClockFace﹕ battery at 0.51
10-15 17:48:14.790  13774-13774/? V/ClockFace﹕ clearing caches
10-15 17:48:14.790  13774-13774/? V/MyViewAnim﹕ new animator starting
10-15 17:48:14.790  13774-13774/? V/MyViewAnim﹕ Time listener is up!
10-15 17:48:14.790  13774-13774/? V/MyViewAnim﹕ starting draw thread from scratch
10-15 17:48:14.800  13774-13774/? V/WearActivity﹕ onDisplayChanged: on!
10-15 17:48:14.800  13774-13774/? V/WearActivity﹕ display changed: 0, new state: 2
10-15 17:48:14.800  13774-13774/? I/ClockFace﹕ Ambient mode: false
10-15 17:48:14.800  13774-13774/? V/ClockFace﹕ rendering new face, faceMode(0)
10-15 17:48:14.830  13774-13774/? V/ClockFace﹕ fetching new battery status (17448)
10-15 17:48:14.830  13774-13774/? V/ClockFace﹕ battery at 0.51
10-15 17:48:14.840  13774-13774/? V/ClockFace﹕ clearing caches
10-15 17:48:14.840  13774-13774/? V/MyViewAnim﹕ resuming old animator!
10-15 17:48:14.840  13774-13774/? V/WearActivity﹕ onDisplayChanged: on!
10-15 17:48:14.880  13774-15599/? V/ClockFace﹕ rendering new face, faceMode(0)
10-15 17:48:14.890  13774-15599/? V/ClockFace﹕ fetching new battery status (17450)
10-15 17:48:14.890  13774-15599/? V/ClockFace﹕ battery at 0.51
10-15 17:48:14.960  15375-15375/? D/PhoneActivity﹕ onResume
10-15 17:48:15.040    1748-1774/? W/WindowManager﹕ Timeout waiting for drawn: undrawn=[Window{add2bd88 u0 com.google.android.wearable.app/com.google.android.clockwork.home.HomeActivity}]
10-15 17:48:15.331    1748-1774/? I/ActivityManager﹕ Displayed com.google.android.wearable.app/com.google.android.clockwork.home.incomingcall.PhoneActivity: +921ms (total +924ms)
10-15 17:48:17.373   7396-14249/? D/dalvikvm﹕ GC_FOR_ALLOC freed 239K, 25% free 2335K/3092K, paused 35ms, total 35ms
10-15 17:48:19.915  15375-15404/? D/PhoneStateListener﹕ onDataItemDeleted: /incomingcall/incoming_call for com.google.android.wearable.app
10-15 17:48:19.935  15375-15375/? D/PhoneStateReceiver﹕ onReceive with bundle: Bundle[mParcelledData.dataSize=56],end_call
10-15 17:48:19.955  15375-15375/? D/PhoneActivity﹕ onPause
10-15 17:48:19.995  13774-13774/? V/WearActivity﹕ Resume!
10-15 17:48:19.995  13774-13774/? V/ClockFace﹕ clearing caches
10-15 17:48:19.995  13774-13774/? V/MyViewAnim﹕ resuming old animator!
10-15 17:48:20.025  13774-15599/? V/ClockFace﹕ rendering new face, faceMode(0)
10-15 17:48:20.065    1415-2734/? D/mot_vr_audio_hw﹕ dsp_recognizer_enabled = true
10-15 17:48:20.065  14644-14644/? D/ADSPD﹕ Client cmd=0x0003, size=4
10-15 17:48:20.065    1415-2801/? D/mot_vr_audio_hw﹕ open_input_stream(): devices = 0x80000004, rate = 8000, channels = 0x10
10-15 17:48:20.065    1415-2801/? D/mot_vr_audio_hw﹕ Created resampler for 16000->8000 Hz
10-15 17:48:20.075  14644-14644/? D/ADSPD﹕ Received from DSP: cmd=0x8003, size=2
10-15 17:48:20.075  14644-14644/? D/ADSPD﹕ Client cmd=0x4003, size=2
10-15 17:48:20.075   1415-14646/? D/mot_vr_audio_hw﹕ received recognition control callback, status 0
10-15 17:48:20.095   1415-15601/? D/mot_vr_audio_hw﹕ in_read waiting for hotword
10-15 17:48:20.105  13774-15599/? V/ClockFace﹕ fetching new battery status (17611)
10-15 17:48:20.105  13774-15599/? V/ClockFace﹕ battery at 0.51
10-15 17:48:20.115    7396-7449/? D/dalvikvm﹕ GC_FOR_ALLOC freed 186K, 26% free 2308K/3092K, paused 45ms, total 45ms
10-15 17:48:20.155  15375-15375/? D/PhoneActivity﹕ onStop
10-15 17:48:20.165  15375-15375/? D/PhoneActivity﹕ onDestroy
10-15 17:48:20.426    1748-1774/? E/WindowManager﹕ removeAppFromTaskLocked: token=AppWindowToken{adddf2c0 token=Token{ade5cc38 ActivityRecord{add7ae58 u0 com.google.android.wearable.app/com.google.android.clockwork.home.incomingcall.PhoneActivity t33 f}}} not found.
10-15 17:48:20.436    1413-1413/? W/SurfaceFlinger﹕ couldn't log to binary event log: overflow.
10-15 17:48:20.516  15375-15404/? D/PhoneStateListener﹕ onDataChanged: DataItemEntity[@addc3b60,dataSz=29, numAssets=0, uri=wear://e12e6647-0917-4594-a0b8-f42d78390f6d/incomingcall/call_state] for com.google.android.wearable.app
10-15 17:48:22.087   7381-15605/? I/CheckinService﹕ active receiver: disabled
10-15 17:48:22.147    7416-7416/? D/GCM﹕ GcmService start Intent { act=com.google.android.checkin.CHECKIN_COMPLETE flg=0x10 cmp=com.google.android.gms/.gcm.GcmService (has extras) } com.google.android.checkin.CHECKIN_COMPLETE
10-15 17:48:22.147    1748-2012/? I/ActivityManager﹕ Delay finish: com.google.android.gms/.gcm.ServiceAutoStarter
10-15 17:48:22.157    1748-2318/? I/ActivityManager﹕ Resuming delayed broadcast
10-15 17:48:25.421    1748-1779/? I/PowerManagerService﹕ Going to sleep due to screen timeout...
10-15 17:48:25.421    1748-1779/? I/PowerManagerService﹕ Dozing...
10-15 17:48:25.421    1748-1771/? I/DreamController﹕ Starting dream: name=ComponentInfo{com.google.android.wearable.app/com.google.android.clockwork.home.AmbientMode}, isTest=false, canDoze=true, userId=0
10-15 17:48:25.521    1748-2046/? I/ActivityManager﹕ START u0 {act=android.intent.action.MAIN cat=[android.intent.category.HOME] flg=0x10000000 cmp=com.google.android.wearable.app/com.google.android.clockwork.home.HomeActivity (has extras)} from pid 15375 on display 0
10-15 17:48:25.521    1748-1771/? I/DreamController﹕ Stopping dream: name=ComponentInfo{com.google.android.wearable.app/com.google.android.clockwork.home.AmbientMode}, isTest=false, canDoze=true, userId=0
10-15 17:48:25.521    1748-1779/? I/PowerManagerService﹕ Sleeping...
10-15 17:48:25.611  15375-15375/? I/AmbientMode﹕ Ambient mode started: canDoze=true, dozeHardware=null
10-15 17:48:25.621    1415-1415/? D/mot_vr_audio_hw﹕ dsp_recognizer_enabled = false
10-15 17:48:25.621  14644-14644/? D/ADSPD﹕ Client cmd=0x0003, size=4
10-15 17:48:25.621   1415-15601/? D/mot_vr_audio_hw﹕ Switching DSP to standby/passthrough mode
10-15 17:48:25.621   1415-15601/? D/mot_vr_audio_hw﹕ Input 0xb71b3980 ready to read
10-15 17:48:25.631  14644-14644/? D/ADSPD﹕ Received from DSP: cmd=0x8003, size=2
10-15 17:48:25.631  14644-14644/? D/ADSPD﹕ Client cmd=0x0003, size=4
10-15 17:48:25.631   1415-14646/? D/mot_vr_audio_hw﹕ received recognition control callback, status 0
10-15 17:48:25.641  14644-14644/? D/ADSPD﹕ Received from DSP: cmd=0x8003, size=2
10-15 17:48:25.641   1415-14646/? D/mot_vr_audio_hw﹕ received recognition control callback, status 0
10-15 17:48:25.671   1415-15601/? W/mot_vr_audio_hw﹕ Discarded 10 buffers without finding audio data
10-15 17:48:25.681  14644-14644/? D/ADSPD﹕ Client cmd=0x0003, size=4
10-15 17:48:25.681   1415-15601/? D/mot_vr_audio_hw﹕ Re-arming DSP
10-15 17:48:25.681   1415-15601/? D/mot_vr_audio_hw﹕ Input 0xb71b3980 standby complete
10-15 17:48:25.691  14644-14644/? D/ADSPD﹕ Received from DSP: cmd=0x8003, size=2
10-15 17:48:25.691   1415-14646/? D/mot_vr_audio_hw﹕ received recognition control callback, status 0
10-15 17:48:25.701  14644-14644/? D/ADSPD﹕ Client cmd=0x4003, size=2
10-15 17:48:25.701    1415-1531/? D/mot_vr_audio_hw﹕ Input 0xb71b3980 close complete
10-15 17:48:25.711    1415-1415/? D/mot_vr_audio_hw﹕ dsp_recognizer_enabled = true
10-15 17:48:25.711  14644-14644/? D/ADSPD﹕ Client cmd=0x0003, size=4
10-15 17:48:25.711    1415-2734/? D/mot_vr_audio_hw﹕ open_input_stream(): devices = 0x80000004, rate = 8000, channels = 0x10
10-15 17:48:25.721    1415-2734/? D/mot_vr_audio_hw﹕ Created resampler for 16000->8000 Hz
10-15 17:48:25.721  14644-14644/? D/ADSPD﹕ Received from DSP: cmd=0x8003, size=2
10-15 17:48:25.731  14644-14644/? D/ADSPD﹕ Client cmd=0x4003, size=2
10-15 17:48:25.731   1415-14646/? D/mot_vr_audio_hw﹕ received recognition control callback, status 0
10-15 17:48:25.751   1415-15606/? D/mot_vr_audio_hw﹕ in_read waiting for hotword
10-15 17:48:25.751  15375-15375/? I/AmbientMode﹕ Dream ended: isDozing=true
10-15 17:48:25.761    7396-7449/? D/dalvikvm﹕ GC_FOR_ALLOC freed 147K, 25% free 2322K/3092K, paused 34ms, total 38ms
10-15 17:48:26.051    1748-1845/? D/LightsService﹕ Excessive delay setting light: 102ms
10-15 17:48:26.051    1413-1413/? D/SurfaceFlinger﹕ Screen released, type=0 flinger=0xb8e4d448
10-15 17:48:26.191    1413-1413/? D/hwcomposer﹕ hwc_blank(0: 1)
10-15 17:48:26.191    1748-1845/? D/SurfaceControl﹕ Excessive delay in blankDisplay() while turning screen off: 145ms
10-15 17:48:26.221    1748-1774/? I/DisplayManagerService﹕ Display device changed: DisplayDeviceInfo{"Built-in Screen": 320 x 290, 45.000004 fps, density 213, 90.31111 x 136.40741 dpi, touch INTERNAL, rotation 0, type BUILT_IN, state OFF, FLAG_DEFAULT_DISPLAY, FLAG_ROTATES_WITH_CONTENT, FLAG_SECURE, FLAG_SUPPORTS_PROTECTED_BUFFERS}
10-15 17:48:26.231  13774-13774/? V/WearActivity﹕ display changed: 0, new state: 1
10-15 17:48:26.231  13774-13774/? I/TimeWrapper﹕ FPS: 34.31057, samples: 391
10-15 17:48:26.231  13774-13774/? I/TimeWrapper﹕ Min/Avg/Max frame render speed (ms): 4.943847 / 9.233089 / 87.86011
10-15 17:48:26.231  13774-13774/? I/TimeWrapper﹕ Waketime: 31.679256%
10-15 17:48:26.231  13774-13774/? I/ClockFace﹕ Ambient mode: true
10-15 17:48:26.231  13774-13774/? V/ClockFace﹕ clearing caches
10-15 17:48:26.231  13774-13774/? V/MyViewAnim﹕ stopping animation!
10-15 17:48:26.231  13774-13774/? V/WearActivity﹕ onDisplayChanged: off!
10-15 17:48:26.231    1748-1748/? V/ActivityManager﹕ Display changed displayId=0
10-15 17:48:26.241    1748-1779/? D/MinnowPowerHAL﹕ power_set_interactive: 0
10-15 17:48:26.241    1748-1779/? D/MinnowPowerHAL﹕ sysfs_write: /sys/devices/platform/omapdss/display0/interactivemode 0
10-15 17:48:26.241    1748-1779/? D/MinnowPowerHAL﹕ sysfs_write: /sys/devices/ocp.2/i2c.6/i2c-0/0-004a/interactivemode 0
10-15 17:48:26.241    1748-1779/? D/mot_vr_audio_hw﹕ dsp_set_pm_state = off
10-15 17:48:26.241  14644-14644/? D/ADSPD﹕ Client cmd=0x4002, size=2
10-15 17:48:26.241  14644-14644/? D/ADSPD﹕ DSP_CMD_DAEMON_SET_PM_STATE : 0
10-15 17:48:26.241  14644-14644/? D/ADSPD﹕ DSP not turned off as still being used
10-15 17:48:26.251  13774-13774/? V/WearActivity﹕ Pause!
10-15 17:48:26.261  13774-13774/? V/WearActivity﹕ Stop!
10-15 17:48:26.261    1748-1748/? W/InputMethodManagerService﹕ Ignoring setImeWindowStatus of uid 1000 token: null
10-15 17:48:26.271    1415-2205/? D/mot_vr_audio_hw﹕ dsp_recognizer_enabled = false
10-15 17:48:26.271  14644-14644/? D/ADSPD﹕ Client cmd=0x0003, size=4
10-15 17:48:26.271  14644-14644/? D/ADSPD﹕ Trying to send to dsp while in dsp in RESET
10-15 17:48:26.271   1415-15606/? W/mot_vr_audio_hw﹕ Not allowing wake() since DSP is disabled
10-15 17:48:26.271  13774-15599/? V/MyViewAnim﹕ looper finished!
10-15 17:48:26.281   1415-15606/? W/mot_vr_audio_hw﹕ Not allowing wake() since DSP is disabled
10-15 17:48:26.301  14644-14644/? D/ADSPD﹕ Client cmd=0x4003, size=2
10-15 17:48:26.301  14644-14644/? D/ADSPD﹕ DSP no longer used, turned off here
10-15 17:48:26.301    1415-1415/? D/mot_vr_audio_hw﹕ Input 0xb71b3980 close complete
10-15 17:48:32.828    2217-2218/? D/dalvikvm﹕ GC_CONCURRENT freed 386K, 74% free 2196K/8252K, paused 3ms+2ms, total 29ms
10-15 17:48:33.629   7396-14249/? D/dalvikvm﹕ GC_FOR_ALLOC freed 142K, 26% free 2318K/3092K, paused 20ms, total 21ms
10-15 17:48:42.447   7396-14249/? D/dalvikvm﹕ GC_FOR_ALLOC freed 180K, 26% free 2310K/3092K, paused 20ms, total 20ms
10-15 17:48:46.571    1748-1765/? D/SensorHALGestureSensor﹕ Gesture event received! time = 1413413326576609130
10-15 17:48:46.571    1748-2335/? I/PowerManagerService﹕ Waking up from sleep...
10-15 17:48:46.571    1748-1772/? W/KeyguardServiceDelegate﹕ onScreenTurnedOn(): no keyguard service!
10-15 17:48:46.591    1748-2335/? D/MinnowPowerHAL﹕ power_set_interactive: 1
10-15 17:48:46.591    1748-2335/? D/MinnowPowerHAL﹕ sysfs_write: /sys/devices/platform/omapdss/display0/interactivemode 1
10-15 17:48:46.661    1748-2335/? D/MinnowPowerHAL﹕ sysfs_write: /sys/devices/ocp.2/i2c.6/i2c-0/0-004a/interactivemode 1
10-15 17:48:46.661    1748-2335/? D/mot_vr_audio_hw﹕ dsp_set_pm_state = on
10-15 17:48:46.661  14644-14644/? D/ADSPD﹕ Client cmd=0x4002, size=2
10-15 17:48:46.661  14644-14644/? D/ADSPD﹕ DSP_CMD_DAEMON_SET_PM_STATE : 1
10-15 17:48:46.661    1748-2335/? D/PowerManagerService-JNI﹕ Excessive delay in setInteractive(true) while turning screen on: 73ms
10-15 17:48:46.671  13774-13774/? V/WearActivity﹕ Resume!
10-15 17:48:46.671  13774-13774/? V/ClockFace﹕ clearing caches
10-15 17:48:46.671  13774-13774/? V/MyViewAnim﹕ new animator starting
10-15 17:48:46.671  13774-13774/? V/MyViewAnim﹕ Time listener is up!
10-15 17:48:46.671  13774-13774/? V/MyViewAnim﹕ starting draw thread from scratch
10-15 17:48:46.671  15375-15375/? E/ClockworkHome﹕ Tried to exit ambient mode, but enterAmbientMode() was never called.
10-15 17:48:46.681    1415-2801/? D/mot_vr_audio_hw﹕ dsp_recognizer_enabled = true
10-15 17:48:46.681    1415-2736/? D/mot_vr_audio_hw﹕ open_input_stream(): devices = 0x80000004, rate = 8000, channels = 0x10
10-15 17:48:46.681    1415-2736/? D/mot_vr_audio_hw﹕ Created resampler for 16000->8000 Hz
10-15 17:48:46.681    1413-1413/? D/SurfaceFlinger﹕ Screen acquired, type=0 flinger=0xb8e4d448
10-15 17:48:46.701    1748-1748/? V/ActivityManager﹕ Display changed displayId=0
10-15 17:48:46.711   1415-15609/? D/mot_vr_audio_hw﹕ in_read waiting for hotword
10-15 17:48:46.711    1413-1413/? D/hwcomposer﹕ hwc_blank(0: 0)
10-15 17:48:46.731    1748-1748/? W/InputMethodManagerService﹕ Ignoring setImeWindowStatus of uid 1000 token: null
10-15 17:48:46.741  13774-13774/? V/WearActivity﹕ display changed: 0, new state: 1
10-15 17:48:46.741  13774-13774/? I/ClockFace﹕ Ambient mode: true
10-15 17:48:46.741  13774-13774/? V/MyViewAnim﹕ stopping animation!
10-15 17:48:46.741  13774-13774/? V/WearActivity﹕ onDisplayChanged: off!
10-15 17:48:46.751  14644-14644/? D/ADSPD﹕ ACK success!
10-15 17:48:46.751  14644-14644/? D/ADSPD﹕ Client cmd=0x0003, size=4
10-15 17:48:46.761  14644-14644/? D/ADSPD﹕ Received from DSP: cmd=0x8003, size=2
10-15 17:48:46.761  14644-14644/? D/ADSPD﹕ Client cmd=0x4003, size=2
10-15 17:48:46.761   1415-14646/? D/mot_vr_audio_hw﹕ received recognition control callback, status 0
10-15 17:48:46.761    1748-1774/? I/DisplayManagerService﹕ Display device changed: DisplayDeviceInfo{"Built-in Screen": 320 x 290, 45.000004 fps, density 213, 90.31111 x 136.40741 dpi, touch INTERNAL, rotation 0, type BUILT_IN, state ON, FLAG_DEFAULT_DISPLAY, FLAG_ROTATES_WITH_CONTENT, FLAG_SECURE, FLAG_SUPPORTS_PROTECTED_BUFFERS}
10-15 17:48:46.781  13774-13774/? V/WearActivity﹕ display changed: 0, new state: 2
10-15 17:48:46.781  13774-13774/? I/ClockFace﹕ Ambient mode: false
10-15 17:48:46.781  13774-13774/? V/ClockFace﹕ clearing caches
10-15 17:48:46.781  13774-13774/? E/MyViewAnim﹕ no surface holder, retrying
10-15 17:48:46.811  13774-13774/? V/ClockFace﹕ rendering new face, faceMode(0)
10-15 17:48:46.821    1748-1748/? V/ActivityManager﹕ Display changed displayId=0
10-15 17:48:46.831    1748-1758/? D/SensorHAL﹕ adjustSensorHandle: handle = 9 adjustedHandle = 1
10-15 17:48:46.831    1748-1758/? D/SensorHAL﹕ adjustSensorHandle: handle = 9 adjustedHandle = 1
10-15 17:48:46.831    1748-2329/? D/SensorHAL﹕ adjustSensorHandle: handle = 9 adjustedHandle = 1
10-15 17:48:46.871  13774-13774/? V/ClockFace﹕ fetching new battery status (17841)
10-15 17:48:46.871  13774-13774/? V/ClockFace﹕ battery at 0.5
10-15 17:48:46.871  13774-13774/? V/ClockFace﹕ --> dot radius: 0.019999996
10-15 17:48:46.871  13774-13774/? V/ClockFace﹕ clearing caches
10-15 17:48:46.871  13774-13774/? V/MyViewAnim﹕ new animator starting
10-15 17:48:46.871  13774-13774/? V/MyViewAnim﹕ Time listener is up!
10-15 17:48:46.871  13774-13774/? V/MyViewAnim﹕ starting draw thread from scratch
10-15 17:48:46.871  13774-13774/? V/WearActivity﹕ onDisplayChanged: on!
10-15 17:48:46.891  13774-15611/? V/ClockFace﹕ rendering new face, faceMode(0)
10-15 17:48:46.921  13774-15611/? V/ClockFace﹕ fetching new battery status (17842)
10-15 17:48:46.921  13774-15611/? V/ClockFace﹕ battery at 0.5
10-15 17:48:46.921  13774-15611/? V/ClockFace﹕ --> dot radius: 0.019999996
10-15 17:48:46.972    1748-1750/? D/dalvikvm﹕ GC_CONCURRENT freed 786K, 26% free 5120K/6844K, paused 6ms+20ms, total 270ms
10-15 17:48:50.965   7396-14249/? D/dalvikvm﹕ GC_FOR_ALLOC freed 143K, 26% free 2316K/3092K, paused 82ms, total 82ms
10-15 17:48:51.706    1748-2677/? I/PowerManagerService﹕ Going to sleep due to screen timeout...
10-15 17:48:51.706    1748-1779/? I/PowerManagerService﹕ Dozing...
10-15 17:48:51.706    1748-1771/? I/DreamController﹕ Starting dream: name=ComponentInfo{com.google.android.wearable.app/com.google.android.clockwork.home.AmbientMode}, isTest=false, canDoze=true, userId=0
10-15 17:48:51.816    1748-2046/? I/ActivityManager﹕ START u0 {act=android.intent.action.MAIN cat=[android.intent.category.HOME] flg=0x10000000 cmp=com.google.android.wearable.app/com.google.android.clockwork.home.HomeActivity (has extras)} from pid 15375 on display 0
10-15 17:48:51.816    1748-1771/? I/DreamController﹕ Stopping dream: name=ComponentInfo{com.google.android.wearable.app/com.google.android.clockwork.home.AmbientMode}, isTest=false, canDoze=true, userId=0
10-15 17:48:51.826    1748-1779/? I/PowerManagerService﹕ Sleeping...
10-15 17:48:51.946  15375-15375/? I/AmbientMode﹕ Ambient mode started: canDoze=true, dozeHardware=null
10-15 17:48:51.956    1415-2205/? D/mot_vr_audio_hw﹕ dsp_recognizer_enabled = false
10-15 17:48:51.956  14644-14644/? D/ADSPD﹕ Client cmd=0x0003, size=4
10-15 17:48:51.956   1415-15609/? D/mot_vr_audio_hw﹕ Switching DSP to standby/passthrough mode
10-15 17:48:51.956   1415-15609/? D/mot_vr_audio_hw﹕ Input 0xb71b3980 ready to read
10-15 17:48:51.966  14644-14644/? D/ADSPD﹕ Received from DSP: cmd=0x8003, size=2
10-15 17:48:51.966  14644-14644/? D/ADSPD﹕ Client cmd=0x0003, size=4
10-15 17:48:51.966   1415-14646/? D/mot_vr_audio_hw﹕ received recognition control callback, status 0
10-15 17:48:51.976  14644-14644/? D/ADSPD﹕ Received from DSP: cmd=0x8003, size=2
10-15 17:48:51.976   1415-14646/? D/mot_vr_audio_hw﹕ received recognition control callback, status 0
10-15 17:48:52.006   1415-15609/? W/mot_vr_audio_hw﹕ Discarded 10 buffers without finding audio data
10-15 17:48:52.016  14644-14644/? D/ADSPD﹕ Client cmd=0x0003, size=4
10-15 17:48:52.016   1415-15609/? D/mot_vr_audio_hw﹕ Re-arming DSP
10-15 17:48:52.016   1415-15609/? D/mot_vr_audio_hw﹕ Input 0xb71b3980 standby complete
10-15 17:48:52.026  14644-14644/? D/ADSPD﹕ Received from DSP: cmd=0x8003, size=2
10-15 17:48:52.026   1415-14646/? D/mot_vr_audio_hw﹕ received recognition control callback, status 0
10-15 17:48:52.046  14644-14644/? D/ADSPD﹕ Client cmd=0x4003, size=2
10-15 17:48:52.056    1415-1531/? D/mot_vr_audio_hw﹕ Input 0xb71b3980 close complete
10-15 17:48:52.077    1415-2205/? D/mot_vr_audio_hw﹕ dsp_recognizer_enabled = true
10-15 17:48:52.077  14644-14644/? D/ADSPD﹕ Client cmd=0x0003, size=4
10-15 17:48:52.077    1415-1415/? D/mot_vr_audio_hw﹕ open_input_stream(): devices = 0x80000004, rate = 8000, channels = 0x10
10-15 17:48:52.077    1415-1415/? D/mot_vr_audio_hw﹕ Created resampler for 16000->8000 Hz
10-15 17:48:52.087  14644-14644/? D/ADSPD﹕ Received from DSP: cmd=0x8003, size=2
10-15 17:48:52.087  14644-14644/? D/ADSPD﹕ Client cmd=0x4003, size=2
10-15 17:48:52.087   1415-14646/? D/mot_vr_audio_hw﹕ received recognition control callback, status 0
10-15 17:48:52.107   1415-15612/? D/mot_vr_audio_hw﹕ in_read waiting for hotword
10-15 17:48:52.107  15375-15375/? I/AmbientMode﹕ Dream ended: isDozing=true
10-15 17:48:52.447    1748-1806/? D/LightsService﹕ Excessive delay setting light: 211ms
10-15 17:48:52.447    1413-1413/? D/SurfaceFlinger﹕ Screen released, type=0 flinger=0xb8e4d448
10-15 17:48:52.587    1413-1413/? D/hwcomposer﹕ hwc_blank(0: 1)
10-15 17:48:52.587    1748-1806/? D/SurfaceControl﹕ Excessive delay in blankDisplay() while turning screen off: 139ms
10-15 17:48:52.607    1748-1774/? I/DisplayManagerService﹕ Display device changed: DisplayDeviceInfo{"Built-in Screen": 320 x 290, 45.000004 fps, density 213, 90.31111 x 136.40741 dpi, touch INTERNAL, rotation 0, type BUILT_IN, state OFF, FLAG_DEFAULT_DISPLAY, FLAG_ROTATES_WITH_CONTENT, FLAG_SECURE, FLAG_SUPPORTS_PROTECTED_BUFFERS}
10-15 17:48:52.607    1748-1748/? V/ActivityManager﹕ Display changed displayId=0
10-15 17:48:52.617  13774-13774/? V/WearActivity﹕ display changed: 0, new state: 1
10-15 17:48:52.627  13774-13774/? I/TimeWrapper﹕ FPS: 41.50816, samples: 239
10-15 17:48:52.627  13774-13774/? I/TimeWrapper﹕ Min/Avg/Max frame render speed (ms): 5.004882 / 12.87829 / 46.051025
10-15 17:48:52.627  13774-13774/? I/TimeWrapper﹕ Waketime: 53.455414%
10-15 17:48:52.627  13774-13774/? I/ClockFace﹕ Ambient mode: true
10-15 17:48:52.627  13774-13774/? V/ClockFace﹕ clearing caches
10-15 17:48:52.627  13774-13774/? V/MyViewAnim﹕ stopping animation!
10-15 17:48:52.627  13774-13774/? V/WearActivity﹕ onDisplayChanged: off!
10-15 17:48:52.627  13774-15611/? E/MyViewAnim﹕ no surface holder, retrying
10-15 17:48:52.637  13774-15611/? V/ClockFace﹕ rendering new face, faceMode(0)
10-15 17:48:52.637    1748-1779/? D/MinnowPowerHAL﹕ power_set_interactive: 0
10-15 17:48:52.637    1748-1779/? D/MinnowPowerHAL﹕ sysfs_write: /sys/devices/platform/omapdss/display0/interactivemode 0
10-15 17:48:52.637    1748-1779/? D/MinnowPowerHAL﹕ sysfs_write: /sys/devices/ocp.2/i2c.6/i2c-0/0-004a/interactivemode 0
10-15 17:48:52.647    1748-1779/? D/mot_vr_audio_hw﹕ dsp_set_pm_state = off
10-15 17:48:52.647  14644-14644/? D/ADSPD﹕ Client cmd=0x4002, size=2
10-15 17:48:52.647  14644-14644/? D/ADSPD﹕ DSP_CMD_DAEMON_SET_PM_STATE : 0
10-15 17:48:52.647  14644-14644/? D/ADSPD﹕ DSP not turned off as still being used
10-15 17:48:52.647  13774-13774/? V/WearActivity﹕ Pause!
10-15 17:48:52.657  13774-13774/? V/WearActivity﹕ Stop!
10-15 17:48:52.657    1415-2734/? D/mot_vr_audio_hw﹕ dsp_recognizer_enabled = false
10-15 17:48:52.657  14644-14644/? D/ADSPD﹕ Client cmd=0x0003, size=4
10-15 17:48:52.657  14644-14644/? D/ADSPD﹕ Trying to send to dsp while in dsp in RESET
10-15 17:48:52.657   1415-15612/? W/mot_vr_audio_hw﹕ Not allowing wake() since DSP is disabled
10-15 17:48:52.667   1415-15612/? W/mot_vr_audio_hw﹕ Not allowing wake() since DSP is disabled
10-15 17:48:52.667    1748-1748/? W/InputMethodManagerService﹕ Ignoring setImeWindowStatus of uid 1000 token: null
10-15 17:48:52.697  14644-14644/? D/ADSPD﹕ Client cmd=0x4003, size=2
10-15 17:48:52.697  14644-14644/? D/ADSPD﹕ DSP no longer used, turned off here
10-15 17:48:52.697    1415-2205/? D/mot_vr_audio_hw﹕ Input 0xb71b3980 close complete
10-15 17:48:52.707  13774-15611/? V/MyViewAnim﹕ looper finished!
10-15 17:48:57.992   7396-14249/? D/dalvikvm﹕ GC_FOR_ALLOC freed 141K, 26% free 2316K/3092K, paused 25ms, total 25ms
10-15 17:49:03.247   7396-14249/? D/dalvikvm﹕ GC_FOR_ALLOC freed 148K, 26% free 2303K/3092K, paused 19ms, total 19ms
10-15 17:49:04.499   7396-14249/? D/dalvikvm﹕ GC_FOR_ALLOC freed 141K, 26% free 2313K/3092K, paused 15ms, total 15ms
10-15 17:49:05.259  15375-15404/? D/PhoneStateListener﹕ onDataChanged: DataItemEntity[@adee5e28,dataSz=26, numAssets=0, uri=wear://e12e6647-0917-4594-a0b8-f42d78390f6d/incomingcall/call_state] for com.google.android.wearable.app
10-15 17:49:05.940   7396-14249/? D/dalvikvm﹕ GC_FOR_ALLOC freed 176K, 26% free 2306K/3092K, paused 20ms, total 21ms
10-15 17:49:07.482   7396-14249/? D/dalvikvm﹕ GC_FOR_ALLOC freed 149K, 26% free 2303K/3092K, paused 18ms, total 19ms
10-15 17:49:08.973   7396-14249/? D/dalvikvm﹕ GC_FOR_ALLOC freed 147K, 26% free 2303K/3092K, paused 14ms, total 14ms
10-15 17:49:10.184   7396-14249/? D/DataItems﹕ marked dataitem assets ready, dataitem 556
10-15 17:49:10.284  15375-15387/? D/dalvikvm﹕ GC_FOR_ALLOC freed 2085K, 22% free 8496K/10840K, paused 23ms, total 23ms
10-15 17:49:10.374  15375-15403/? D/dalvikvm﹕ GC_FOR_ALLOC freed 297K, 15% free 9216K/10840K, paused 22ms, total 22ms
10-15 17:49:10.374  15375-15403/? I/dalvikvm-heap﹕ Grow heap (frag case) to 10.169MB for 1024016-byte allocation
10-15 17:49:10.414   7396-14249/? D/dalvikvm﹕ GC_FOR_ALLOC freed 174K, 26% free 2306K/3092K, paused 27ms, total 30ms
10-15 17:49:10.424  15375-15387/? D/dalvikvm﹕ GC_FOR_ALLOC freed 1005K, 23% free 9210K/11844K, paused 38ms, total 44ms
10-15 17:49:10.545    1748-2330/? I/ActivityManager﹕ START u0 {act=android.intent.action.MAIN cat=[android.intent.category.HOME] flg=0x10000000 cmp=com.google.android.wearable.app/com.google.android.clockwork.home.HomeActivity (has extras)} from pid 15375 on display 0
10-15 17:49:10.555  15375-15375/? E/ClockworkHome﹕ Tried to exit ambient mode, but enterAmbientMode() was never called.
10-15 17:49:10.575    1415-1531/? D/mot_vr_audio_hw﹕ dsp_recognizer_enabled = true
10-15 17:49:10.575  14644-14644/? D/ADSPD﹕ Client cmd=0x0003, size=4
10-15 17:49:10.575  14644-14644/? D/ADSPD﹕ Trying to send to dsp while in dsp in RESET
10-15 17:49:10.585    1415-2734/? D/mot_vr_audio_hw﹕ open_input_stream(): devices = 0x80000004, rate = 8000, channels = 0x10
10-15 17:49:10.585    1415-2734/? D/mot_vr_audio_hw﹕ Created resampler for 16000->8000 Hz
10-15 17:49:10.585  14644-14644/? D/ADSPD﹕ Client cmd=0x4003, size=2
10-15 17:49:10.585   1415-15614/? D/mot_vr_audio_hw﹕ in_read waiting for hotword
10-15 17:49:10.615  15375-15396/? D/dalvikvm﹕ GC_FOR_ALLOC freed 27K, 23% free 9233K/11844K, paused 20ms, total 20ms
10-15 17:49:10.615  15375-15396/? I/dalvikvm-heap﹕ Grow heap (frag case) to 11.392MB for 2288176-byte allocation
10-15 17:49:10.635  15375-15375/? D/dalvikvm﹕ GC_FOR_ALLOC freed <1K, 19% free 11467K/14080K, paused 22ms, total 22ms
10-15 17:49:10.675    1415-1415/? D/mot_vr_audio_hw﹕ dsp_recognizer_enabled = false
10-15 17:49:10.675  14644-14644/? D/ADSPD﹕ Client cmd=0x0003, size=4
10-15 17:49:10.675  14644-14644/? D/ADSPD﹕ Trying to send to dsp while in dsp in RESET
10-15 17:49:10.675   1415-15614/? W/mot_vr_audio_hw﹕ Not allowing wake() since DSP is disabled
10-15 17:49:10.685   1415-15614/? W/mot_vr_audio_hw﹕ Not allowing wake() since DSP is disabled
10-15 17:49:10.695  15375-15377/? D/dalvikvm﹕ GC_CONCURRENT freed 1K, 19% free 11467K/14080K, paused 12ms+4ms, total 54ms
10-15 17:49:10.705  14644-14644/? D/ADSPD﹕ Client cmd=0x4003, size=2
10-15 17:49:10.705  14644-14644/? D/ADSPD﹕ DSP no longer used, turned off here
10-15 17:49:10.705    1415-1531/? D/mot_vr_audio_hw﹕ Input 0xb71b3980 close complete
10-15 17:49:11.656   7396-14249/? D/dalvikvm﹕ GC_FOR_ALLOC freed 162K, 26% free 2306K/3092K, paused 15ms, total 17ms
10-15 17:49:13.307   7396-14249/? D/dalvikvm﹕ GC_FOR_ALLOC freed 149K, 26% free 2304K/3092K, paused 25ms, total 26ms
10-15 17:49:14.578   7396-14249/? D/dalvikvm﹕ GC_FOR_ALLOC freed 147K, 26% free 2304K/3092K, paused 21ms, total 22ms
10-15 17:49:16.991    2030-2067/? W/bt-btif﹕ dm_pm_timer expires
10-15 17:49:16.991    2030-2067/? W/bt-btif﹕ dm_pm_timer expires 0
10-15 17:49:16.991    2030-2067/? W/bt-btif﹕ proc dm_pm_timer expires
10-15 17:51:54.392    1748-1765/? D/SensorHALGestureSensor﹕ Gesture event received! time = 1413413514397818080
10-15 17:51:54.392    1748-2329/? I/PowerManagerService﹕ Waking up from sleep...
10-15 17:51:54.392    1748-1772/? W/KeyguardServiceDelegate﹕ onScreenTurnedOn(): no keyguard service!
10-15 17:51:54.512    1748-2329/? D/PowerManagerService-JNI﹕ Excessive delay in autosuspend_disable() while turning screen on: 110ms
10-15 17:51:54.512    1748-2329/? D/MinnowPowerHAL﹕ power_set_interactive: 1
10-15 17:51:54.512    1748-2329/? D/MinnowPowerHAL﹕ sysfs_write: /sys/devices/platform/omapdss/display0/interactivemode 1
10-15 17:51:54.542    1748-2329/? D/MinnowPowerHAL﹕ sysfs_write: /sys/devices/ocp.2/i2c.6/i2c-0/0-004a/interactivemode 1
10-15 17:51:54.542    1748-2329/? D/mot_vr_audio_hw﹕ dsp_set_pm_state = on
10-15 17:51:54.542  14644-14644/? D/ADSPD﹕ Client cmd=0x4002, size=2
10-15 17:51:54.542  14644-14644/? D/ADSPD﹕ DSP_CMD_DAEMON_SET_PM_STATE : 1
10-15 17:51:54.542    1748-2329/? D/PowerManagerService-JNI﹕ Excessive delay in setInteractive(true) while turning screen on: 34ms
10-15 17:51:54.552    1413-1413/? D/SurfaceFlinger﹕ Screen acquired, type=0 flinger=0xb8e4d448
10-15 17:51:54.552    1413-1413/? D/hwcomposer﹕ hwc_blank(0: 0)
10-15 17:51:54.562  14644-14644/? D/ADSPD﹕ ACK success!
10-15 17:51:54.562    1748-1774/? I/DisplayManagerService﹕ Display device changed: DisplayDeviceInfo{"Built-in Screen": 320 x 290, 45.000004 fps, density 213, 90.31111 x 136.40741 dpi, touch INTERNAL, rotation 0, type BUILT_IN, state ON, FLAG_DEFAULT_DISPLAY, FLAG_ROTATES_WITH_CONTENT, FLAG_SECURE, FLAG_SUPPORTS_PROTECTED_BUFFERS}
10-15 17:51:54.572  13774-13774/? V/WearActivity﹕ display changed: 0, new state: 2
10-15 17:51:54.572  13774-13774/? I/ClockFace﹕ Ambient mode: false
10-15 17:51:54.572  13774-13774/? V/ClockFace﹕ clearing caches
10-15 17:51:54.582  13774-13774/? V/ClockFace﹕ rendering new face, faceMode(0)
10-15 17:51:54.592    1748-1748/? W/InputMethodManagerService﹕ Ignoring setImeWindowStatus of uid 1000 token: null
10-15 17:51:54.592    1748-1748/? V/ActivityManager﹕ Display changed displayId=0
10-15 17:51:54.612    1415-2736/? D/mot_vr_audio_hw﹕ dsp_recognizer_enabled = true
10-15 17:51:54.612  14644-14644/? D/ADSPD﹕ Client cmd=0x0003, size=4
10-15 17:51:54.612    1415-1531/? D/mot_vr_audio_hw﹕ open_input_stream(): devices = 0x80000004, rate = 8000, channels = 0x10
10-15 17:51:54.612    1415-1531/? D/mot_vr_audio_hw﹕ Created resampler for 16000->8000 Hz
10-15 17:51:54.632  14644-14644/? D/ADSPD﹕ Received from DSP: cmd=0x8003, size=2
10-15 17:51:54.632  14644-14644/? D/ADSPD﹕ Client cmd=0x4003, size=2
10-15 17:51:54.632   1415-14646/? D/mot_vr_audio_hw﹕ received recognition control callback, status 0
10-15 17:51:54.652   1415-15625/? D/mot_vr_audio_hw﹕ in_read waiting for hotword
10-15 17:51:54.652    1748-2330/? D/SensorHAL﹕ adjustSensorHandle: handle = 9 adjustedHandle = 1
10-15 17:51:54.652    1748-2330/? D/SensorHAL﹕ adjustSensorHandle: handle = 9 adjustedHandle = 1
10-15 17:51:54.662  13774-13774/? V/ClockFace﹕ fetching new battery status (18083)
10-15 17:51:54.662  13774-13774/? V/ClockFace﹕ battery at 0.5
10-15 17:51:54.662  13774-13774/? V/ClockFace﹕ --> dot radius: 0.019999996
10-15 17:51:54.662  13774-13774/? V/ClockFace﹕ clearing caches
10-15 17:51:54.662  13774-13774/? V/MyViewAnim﹕ new animator starting
10-15 17:51:54.662  13774-13774/? V/MyViewAnim﹕ Time listener is up!
10-15 17:51:54.662  13774-13774/? V/MyViewAnim﹕ starting draw thread from scratch
10-15 17:51:54.672  13774-15608/? V/ClockFace﹕ rendering new face, faceMode(0)
10-15 17:51:54.683  13774-13774/? V/WearActivity﹕ onDisplayChanged: on!
10-15 17:51:54.683  13774-13774/? V/WearActivity﹕ Resume!
10-15 17:51:54.683  13774-13774/? V/ClockFace﹕ clearing caches
10-15 17:51:54.683  13774-13774/? V/MyViewAnim﹕ resuming old animator!
10-15 17:51:54.703    1748-2046/? D/SensorHAL﹕ adjustSensorHandle: handle = 9 adjustedHandle = 1
10-15 17:51:54.713    1748-1806/? D/LightsService﹕ Excessive delay setting light: 84ms
10-15 17:51:54.723    7396-7449/? D/dalvikvm﹕ GC_FOR_ALLOC freed 163K, 26% free 2303K/3092K, paused 83ms, total 89ms
10-15 17:51:54.733  13774-15608/? V/ClockFace﹕ fetching new battery status (18084)
10-15 17:51:54.733  13774-15608/? V/ClockFace﹕ battery at 0.5
10-15 17:51:54.733  13774-15608/? V/ClockFace﹕ --> dot radius: 0.019999996
10-15 17:51:54.973    2774-2777/? D/dalvikvm﹕ GC_CONCURRENT freed 388K, 21% free 2381K/2988K, paused 185ms+38ms, total 274ms
10-15 17:51:56.815    1748-1845/? D/LightsService﹕ Excessive delay setting light: 55ms
10-15 17:51:56.875    2030-2067/? W/bt-btif﹕ dm_pm_timer expires
10-15 17:51:56.875    2030-2067/? W/bt-btif﹕ dm_pm_timer expires 0
10-15 17:51:56.875    2030-2067/? W/bt-btif﹕ proc dm_pm_timer expires
10-15 17:51:59.567    1748-2330/? I/PowerManagerService﹕ Going to sleep due to screen timeout...
10-15 17:51:59.567    1748-1779/? I/PowerManagerService﹕ Dozing...
10-15 17:51:59.567    1748-1771/? I/DreamController﹕ Starting dream: name=ComponentInfo{com.google.android.wearable.app/com.google.android.clockwork.home.AmbientMode}, isTest=false, canDoze=true, userId=0
10-15 17:51:59.657    1748-2330/? I/ActivityManager﹕ START u0 {act=android.intent.action.MAIN cat=[android.intent.category.HOME] flg=0x10000000 cmp=com.google.android.wearable.app/com.google.android.clockwork.home.HomeActivity (has extras)} from pid 15375 on display 0
10-15 17:51:59.657    1748-1771/? I/DreamController﹕ Stopping dream: name=ComponentInfo{com.google.android.wearable.app/com.google.android.clockwork.home.AmbientMode}, isTest=false, canDoze=true, userId=0
10-15 17:51:59.667    1748-1779/? I/PowerManagerService﹕ Sleeping...
10-15 17:51:59.787  15375-15375/? I/AmbientMode﹕ Ambient mode started: canDoze=true, dozeHardware=null
10-15 17:51:59.787  15375-15375/? I/AmbientMode﹕ Dream ended: isDozing=true
10-15 17:51:59.858    1415-2801/? D/mot_vr_audio_hw﹕ dsp_recognizer_enabled = false
10-15 17:51:59.858  14644-14644/? D/ADSPD﹕ Client cmd=0x0003, size=4
10-15 17:51:59.858   1415-15625/? D/mot_vr_audio_hw﹕ Switching DSP to standby/passthrough mode
10-15 17:51:59.858   1415-15625/? D/mot_vr_audio_hw﹕ Input 0xb71b3980 ready to read
10-15 17:51:59.868  14644-14644/? D/ADSPD﹕ Received from DSP: cmd=0x8003, size=2
10-15 17:51:59.868  14644-14644/? D/ADSPD﹕ Client cmd=0x0003, size=4
10-15 17:51:59.868   1415-14646/? D/mot_vr_audio_hw﹕ received recognition control callback, status 0
10-15 17:51:59.878  14644-14644/? D/ADSPD﹕ Received from DSP: cmd=0x8003, size=2
10-15 17:51:59.878   1415-14646/? D/mot_vr_audio_hw﹕ received recognition control callback, status 0
10-15 17:51:59.908   1415-15625/? W/mot_vr_audio_hw﹕ Discarded 10 buffers without finding audio data
10-15 17:51:59.918  14644-14644/? D/ADSPD﹕ Client cmd=0x0003, size=4
10-15 17:51:59.918   1415-15625/? D/mot_vr_audio_hw﹕ Re-arming DSP
10-15 17:51:59.918   1415-15625/? D/mot_vr_audio_hw﹕ Input 0xb71b3980 standby complete
10-15 17:51:59.928    1415-1415/? D/mot_vr_audio_hw﹕ Input 0xb71b3980 close complete
10-15 17:51:59.928  14644-14644/? D/ADSPD﹕ Received from DSP: cmd=0x8003, size=2
10-15 17:51:59.928  14644-14644/? D/ADSPD﹕ Client cmd=0x4003, size=2
10-15 17:51:59.928   1415-14646/? D/mot_vr_audio_hw﹕ received recognition control callback, status 0
10-15 17:51:59.948  15375-15375/? E/ClockworkHome﹕ Tried to exit ambient mode, but enterAmbientMode() was never called.
10-15 17:51:59.948    1415-2734/? D/mot_vr_audio_hw﹕ dsp_recognizer_enabled = true
10-15 17:51:59.948  14644-14644/? D/ADSPD﹕ Client cmd=0x0003, size=4
10-15 17:51:59.948    1415-2205/? D/mot_vr_audio_hw﹕ open_input_stream(): devices = 0x80000004, rate = 8000, channels = 0x10
10-15 17:51:59.948    1415-2205/? D/mot_vr_audio_hw﹕ Created resampler for 16000->8000 Hz
10-15 17:51:59.958  14644-14644/? D/ADSPD﹕ Received from DSP: cmd=0x8003, size=2
10-15 17:51:59.958  14644-14644/? D/ADSPD﹕ Client cmd=0x4003, size=2
10-15 17:51:59.958   1415-14646/? D/mot_vr_audio_hw﹕ received recognition control callback, status 0
10-15 17:51:59.978    1748-1806/? D/LightsService﹕ Excessive delay setting light: 66ms
10-15 17:51:59.988   1415-15628/? D/mot_vr_audio_hw﹕ in_read waiting for hotword
10-15 17:52:00.258    1748-1806/? D/LightsService﹕ Excessive delay setting light: 160ms
10-15 17:52:00.258    1413-1413/? D/SurfaceFlinger﹕ Screen released, type=0 flinger=0xb8e4d448
10-15 17:52:00.388    1413-1413/? D/hwcomposer﹕ hwc_blank(0: 1)
10-15 17:52:00.388    1748-1806/? D/SurfaceControl﹕ Excessive delay in blankDisplay() while turning screen off: 126ms
10-15 17:52:00.398    1748-1774/? I/DisplayManagerService﹕ Display device changed: DisplayDeviceInfo{"Built-in Screen": 320 x 290, 45.000004 fps, density 213, 90.31111 x 136.40741 dpi, touch INTERNAL, rotation 0, type BUILT_IN, state OFF, FLAG_DEFAULT_DISPLAY, FLAG_ROTATES_WITH_CONTENT, FLAG_SECURE, FLAG_SUPPORTS_PROTECTED_BUFFERS}
10-15 17:52:00.408  13774-13774/? V/WearActivity﹕ display changed: 0, new state: 1
10-15 17:52:00.408  13774-13774/? I/TimeWrapper﹕ FPS: 41.544712, samples: 239
10-15 17:52:00.408  13774-13774/? I/TimeWrapper﹕ Min/Avg/Max frame render speed (ms): 5.065918 / 13.06612 / 56.70166
10-15 17:52:00.408  13774-13774/? I/TimeWrapper﹕ Waketime: 54.28282%
10-15 17:52:00.408  13774-13774/? I/ClockFace﹕ Ambient mode: true
10-15 17:52:00.408  13774-13774/? V/ClockFace﹕ clearing caches
10-15 17:52:00.408  13774-13774/? V/MyViewAnim﹕ stopping animation!
10-15 17:52:00.408  13774-13774/? V/WearActivity﹕ onDisplayChanged: off!
10-15 17:52:00.408    1748-1748/? V/ActivityManager﹕ Display changed displayId=0
10-15 17:52:00.428    1748-1779/? D/MinnowPowerHAL﹕ power_set_interactive: 0
10-15 17:52:00.428    1748-1779/? D/MinnowPowerHAL﹕ sysfs_write: /sys/devices/platform/omapdss/display0/interactivemode 0
10-15 17:52:00.428    1748-1779/? D/MinnowPowerHAL﹕ sysfs_write: /sys/devices/ocp.2/i2c.6/i2c-0/0-004a/interactivemode 0
10-15 17:52:00.428    1748-1779/? D/mot_vr_audio_hw﹕ dsp_set_pm_state = off
10-15 17:52:00.428  14644-14644/? D/ADSPD﹕ Client cmd=0x4002, size=2
10-15 17:52:00.428  14644-14644/? D/ADSPD﹕ DSP_CMD_DAEMON_SET_PM_STATE : 0
10-15 17:52:00.428  14644-14644/? D/ADSPD﹕ DSP not turned off as still being used
10-15 17:52:00.438  13774-13774/? V/WearActivity﹕ Pause!
10-15 17:52:00.448    1415-1415/? D/mot_vr_audio_hw﹕ dsp_recognizer_enabled = false
10-15 17:52:00.448  14644-14644/? D/ADSPD﹕ Client cmd=0x0003, size=4
10-15 17:52:00.448  14644-14644/? D/ADSPD﹕ Trying to send to dsp while in dsp in RESET
10-15 17:52:00.448   1415-15628/? W/mot_vr_audio_hw﹕ Not allowing wake() since DSP is disabled
10-15 17:52:00.448  13774-13774/? V/WearActivity﹕ Stop!
10-15 17:52:00.458  13774-15608/? E/MyViewAnim﹕ no surface holder, retrying
10-15 17:52:00.458  13774-15608/? V/ClockFace﹕ rendering new face, faceMode(0)
10-15 17:52:00.458   1415-15628/? W/mot_vr_audio_hw﹕ Not allowing wake() since DSP is disabled
10-15 17:52:00.458    1748-1748/? W/InputMethodManagerService﹕ Ignoring setImeWindowStatus of uid 1000 token: null
10-15 17:52:00.468  13774-15627/? V/MyViewAnim﹕ looper finished!
10-15 17:52:00.478  14644-14644/? D/ADSPD﹕ Client cmd=0x4003, size=2
10-15 17:52:00.478  14644-14644/? D/ADSPD﹕ DSP no longer used, turned off here
10-15 17:52:00.478    1415-2736/? D/mot_vr_audio_hw﹕ Input 0xb71b3980 close complete
10-15 17:52:00.538  13774-13775/? D/dalvikvm﹕ GC_CONCURRENT freed 248K, 21% free 2492K/3120K, paused 1ms+7ms, total 126ms
10-15 17:52:02.560    2030-2067/? W/bt-btif﹕ dm_pm_timer expires
10-15 17:52:02.560    2030-2067/? W/bt-btif﹕ dm_pm_timer expires 0
10-15 17:52:02.560    2030-2067/? W/bt-btif﹕ proc dm_pm_timer expires
10-15 17:52:22.620    1748-1765/? D/SensorHALGestureSensor﹕ Gesture event received! time = 1413413542625051953
10-15 17:52:22.620    1748-2046/? I/PowerManagerService﹕ Waking up from sleep...
10-15 17:52:22.620    1748-1772/? W/KeyguardServiceDelegate﹕ onScreenTurnedOn(): no keyguard service!
10-15 17:52:22.730    1748-2046/? D/PowerManagerService-JNI﹕ Excessive delay in autosuspend_disable() while turning screen on: 106ms
10-15 17:52:22.730    1748-2046/? D/MinnowPowerHAL﹕ power_set_interactive: 1
10-15 17:52:22.730    1748-2046/? D/MinnowPowerHAL﹕ sysfs_write: /sys/devices/platform/omapdss/display0/interactivemode 1
10-15 17:52:22.790    1748-2046/? D/MinnowPowerHAL﹕ sysfs_write: /sys/devices/ocp.2/i2c.6/i2c-0/0-004a/interactivemode 1
10-15 17:52:22.790    1748-2046/? D/mot_vr_audio_hw﹕ dsp_set_pm_state = on
10-15 17:52:22.790  14644-14644/? D/ADSPD﹕ Client cmd=0x4002, size=2
10-15 17:52:22.790  14644-14644/? D/ADSPD﹕ DSP_CMD_DAEMON_SET_PM_STATE : 1
10-15 17:52:22.790    1748-2046/? D/PowerManagerService-JNI﹕ Excessive delay in setInteractive(true) while turning screen on: 56ms
10-15 17:52:22.800  13774-13774/? V/WearActivity﹕ Resume!
10-15 17:52:22.800  13774-13774/? V/ClockFace﹕ clearing caches
10-15 17:52:22.800  13774-13774/? V/MyViewAnim﹕ new animator starting
10-15 17:52:22.800  13774-13774/? V/MyViewAnim﹕ Time listener is up!
10-15 17:52:22.800  13774-13774/? V/MyViewAnim﹕ starting draw thread from scratch
10-15 17:52:22.800  14644-14644/? D/ADSPD﹕ ACK success!
10-15 17:52:22.800    1748-1748/? W/InputMethodManagerService﹕ Ignoring setImeWindowStatus of uid 1000 token: null
10-15 17:52:22.810    1413-1413/? D/SurfaceFlinger﹕ Screen acquired, type=0 flinger=0xb8e4d448
10-15 17:52:22.810    1413-1413/? D/hwcomposer﹕ hwc_blank(0: 0)
10-15 17:52:22.820  13774-15608/? V/ClockFace﹕ rendering new face, faceMode(0)
10-15 17:52:22.830    1415-1531/? D/mot_vr_audio_hw﹕ dsp_recognizer_enabled = true
10-15 17:52:22.830  14644-14644/? D/ADSPD﹕ Client cmd=0x0003, size=4
10-15 17:52:22.830    1415-1415/? D/mot_vr_audio_hw﹕ open_input_stream(): devices = 0x80000004, rate = 8000, channels = 0x10
10-15 17:52:22.830    1415-1415/? D/mot_vr_audio_hw﹕ Created resampler for 16000->8000 Hz
10-15 17:52:22.840  14644-14644/? D/ADSPD﹕ Received from DSP: cmd=0x8003, size=2
10-15 17:52:22.840  14644-14644/? D/ADSPD﹕ Client cmd=0x4003, size=2
10-15 17:52:22.840   1415-14646/? D/mot_vr_audio_hw﹕ received recognition control callback, status 0
10-15 17:52:22.850    1748-1774/? I/DisplayManagerService﹕ Display device changed: DisplayDeviceInfo{"Built-in Screen": 320 x 290, 45.000004 fps, density 213, 90.31111 x 136.40741 dpi, touch INTERNAL, rotation 0, type BUILT_IN, state ON, FLAG_DEFAULT_DISPLAY, FLAG_ROTATES_WITH_CONTENT, FLAG_SECURE, FLAG_SUPPORTS_PROTECTED_BUFFERS}
10-15 17:52:22.870  13774-13774/? V/WearActivity﹕ display changed: 0, new state: 2
10-15 17:52:22.870  13774-13774/? I/TimeWrapper﹕ FPS: 0.044557456, samples: 1
10-15 17:52:22.870  13774-13774/? I/TimeWrapper﹕ Min/Avg/Max frame render speed (ms): 7.293701 / 7.293701 / 7.293701
10-15 17:52:22.870  13774-13774/? I/TimeWrapper﹕ Waketime: 0.032498877%
10-15 17:52:22.870  13774-13774/? I/ClockFace﹕ Ambient mode: false
10-15 17:52:22.870  13774-13774/? V/ClockFace﹕ clearing caches
10-15 17:52:22.880   1415-15631/? D/mot_vr_audio_hw﹕ in_read waiting for hotword
10-15 17:52:22.880    1748-1748/? V/ActivityManager﹕ Display changed displayId=0
10-15 17:52:22.900    1748-2318/? D/SensorHAL﹕ adjustSensorHandle: handle = 9 adjustedHandle = 1
10-15 17:52:22.900    1748-2318/? D/SensorHAL﹕ adjustSensorHandle: handle = 9 adjustedHandle = 1
10-15 17:52:22.920    1748-2330/? D/SensorHAL﹕ adjustSensorHandle: handle = 9 adjustedHandle = 1
10-15 17:52:22.930  13774-15608/? V/ClockFace﹕ fetching new battery status (18325)
10-15 17:52:22.930  13774-15608/? V/ClockFace﹕ battery at 0.5
10-15 17:52:22.930  13774-15608/? V/ClockFace﹕ --> dot radius: 0.019999996
10-15 17:52:22.940  13774-13774/? V/ClockFace﹕ rendering new face, faceMode(0)
10-15 17:52:22.950    1748-1845/? D/LightsService﹕ Excessive delay setting light: 67ms
10-15 17:52:22.970  13774-13774/? V/ClockFace﹕ clearing caches
10-15 17:52:22.970  13774-13774/? V/MyViewAnim﹕ resuming old animator!
10-15 17:52:22.970  13774-13774/? V/WearActivity﹕ onDisplayChanged: on!
10-15 17:52:22.980  13774-15630/? V/ClockFace﹕ fetching new battery status (18327)
10-15 17:52:22.980  13774-15630/? V/ClockFace﹕ battery at 0.5
10-15 17:52:22.980  13774-15630/? V/ClockFace﹕ --> dot radius: 0.019999996
10-15 17:52:22.990  13774-15608/? V/ClockFace﹕ rendering new face, faceMode(0)
10-15 17:52:25.372    2030-2067/? W/bt-btif﹕ dm_pm_timer expires
10-15 17:52:25.372    2030-2067/? W/bt-btif﹕ dm_pm_timer expires 0
10-15 17:52:25.372    2030-2067/? W/bt-btif﹕ proc dm_pm_timer expires
10-15 17:52:27.835    1748-2046/? I/PowerManagerService﹕ Going to sleep due to screen timeout...
10-15 17:52:27.835    1748-1779/? I/PowerManagerService﹕ Dozing...
10-15 17:52:27.835    1748-1771/? I/DreamController﹕ Starting dream: name=ComponentInfo{com.google.android.wearable.app/com.google.android.clockwork.home.AmbientMode}, isTest=false, canDoze=true, userId=0
10-15 17:52:27.955    1748-2046/? I/ActivityManager﹕ START u0 {act=android.intent.action.MAIN cat=[android.intent.category.HOME] flg=0x10000000 cmp=com.google.android.wearable.app/com.google.android.clockwork.home.HomeActivity (has extras)} from pid 15375 on display 0
10-15 17:52:27.965    1748-1771/? I/DreamController﹕ Stopping dream: name=ComponentInfo{com.google.android.wearable.app/com.google.android.clockwork.home.AmbientMode}, isTest=false, canDoze=true, userId=0
10-15 17:52:27.965    1748-1779/? I/PowerManagerService﹕ Sleeping...
10-15 17:52:27.995    1748-1806/? D/LightsService﹕ Excessive delay setting light: 53ms
10-15 17:52:28.055  15375-15375/? I/AmbientMode﹕ Ambient mode started: canDoze=true, dozeHardware=null
10-15 17:52:28.075    1415-2734/? D/mot_vr_audio_hw﹕ dsp_recognizer_enabled = false
10-15 17:52:28.075  14644-14644/? D/ADSPD﹕ Client cmd=0x0003, size=4
10-15 17:52:28.075   1415-15631/? D/mot_vr_audio_hw﹕ Switching DSP to standby/passthrough mode
10-15 17:52:28.075   1415-15631/? D/mot_vr_audio_hw﹕ Input 0xb71b3980 ready to read
10-15 17:52:28.085  14644-14644/? D/ADSPD﹕ Received from DSP: cmd=0x8003, size=2
10-15 17:52:28.095  14644-14644/? D/ADSPD﹕ Client cmd=0x0003, size=4
10-15 17:52:28.095   1415-14646/? D/mot_vr_audio_hw﹕ received recognition control callback, status 0
10-15 17:52:28.105  14644-14644/? D/ADSPD﹕ Received from DSP: cmd=0x8003, size=2
10-15 17:52:28.105   1415-14646/? D/mot_vr_audio_hw﹕ received recognition control callback, status 0
10-15 17:52:28.125   1415-15631/? W/mot_vr_audio_hw﹕ Discarded 10 buffers without finding audio data
10-15 17:52:28.135  14644-14644/? D/ADSPD﹕ Client cmd=0x0003, size=4
10-15 17:52:28.145   1415-15631/? D/mot_vr_audio_hw﹕ Re-arming DSP
10-15 17:52:28.145   1415-15631/? D/mot_vr_audio_hw﹕ Input 0xb71b3980 standby complete
10-15 17:52:28.145    1415-1531/? D/mot_vr_audio_hw﹕ Input 0xb71b3980 close complete
10-15 17:52:28.155  14644-14644/? D/ADSPD﹕ Received from DSP: cmd=0x8003, size=2
10-15 17:52:28.155  14644-14644/? D/ADSPD﹕ Client cmd=0x4003, size=2
10-15 17:52:28.155   1415-14646/? D/mot_vr_audio_hw﹕ received recognition control callback, status 0
10-15 17:52:28.175    1415-2801/? D/mot_vr_audio_hw﹕ dsp_recognizer_enabled = true
10-15 17:52:28.175  14644-14644/? D/ADSPD﹕ Client cmd=0x0003, size=4
10-15 17:52:28.185    1415-2736/? D/mot_vr_audio_hw﹕ open_input_stream(): devices = 0x80000004, rate = 8000, channels = 0x10
10-15 17:52:28.185    1415-2736/? D/mot_vr_audio_hw﹕ Created resampler for 16000->8000 Hz
10-15 17:52:28.195  14644-14644/? D/ADSPD﹕ Received from DSP: cmd=0x8003, size=2
10-15 17:52:28.195  14644-14644/? D/ADSPD﹕ Client cmd=0x4003, size=2
10-15 17:52:28.195   1415-14646/? D/mot_vr_audio_hw﹕ received recognition control callback, status 0
10-15 17:52:28.215  15375-15375/? I/AmbientMode﹕ Dream ended: isDozing=true
10-15 17:52:28.225   1415-15633/? D/mot_vr_audio_hw﹕ in_read waiting for hotword
10-15 17:52:28.235    1748-1806/? D/LightsService﹕ Excessive delay setting light: 65ms
10-15 17:52:28.565    1748-1806/? D/LightsService﹕ Excessive delay setting light: 168ms
10-15 17:52:28.565    1413-1413/? D/SurfaceFlinger﹕ Screen released, type=0 flinger=0xb8e4d448
10-15 17:52:28.705    1413-1413/? D/hwcomposer﹕ hwc_blank(0: 1)
10-15 17:52:28.705    1748-1806/? D/SurfaceControl﹕ Excessive delay in blankDisplay() while turning screen off: 137ms
10-15 17:52:28.726    1748-1774/? I/DisplayManagerService﹕ Display device changed: DisplayDeviceInfo{"Built-in Screen": 320 x 290, 45.000004 fps, density 213, 90.31111 x 136.40741 dpi, touch INTERNAL, rotation 0, type BUILT_IN, state OFF, FLAG_DEFAULT_DISPLAY, FLAG_ROTATES_WITH_CONTENT, FLAG_SECURE, FLAG_SUPPORTS_PROTECTED_BUFFERS}
10-15 17:52:28.736  13774-13774/? V/WearActivity﹕ display changed: 0, new state: 1
10-15 17:52:28.736  13774-13774/? I/TimeWrapper﹕ FPS: 42.148323, samples: 245
10-15 17:52:28.736  13774-13774/? I/TimeWrapper﹕ Min/Avg/Max frame render speed (ms): 5.065918 / 12.651217 / 41.68701
10-15 17:52:28.736  13774-13774/? I/TimeWrapper﹕ Waketime: 53.322765%
10-15 17:52:28.736  13774-13774/? I/ClockFace﹕ Ambient mode: true
10-15 17:52:28.736  13774-13774/? V/ClockFace﹕ clearing caches
10-15 17:52:28.736  13774-13774/? V/MyViewAnim﹕ stopping animation!
10-15 17:52:28.736  13774-13774/? V/WearActivity﹕ onDisplayChanged: off!
10-15 17:52:28.736    1748-1748/? V/ActivityManager﹕ Display changed displayId=0
10-15 17:52:28.746  13774-15630/? V/ClockFace﹕ rendering new face, faceMode(0)
10-15 17:52:28.746    1748-1779/? D/MinnowPowerHAL﹕ power_set_interactive: 0
10-15 17:52:28.746    1748-1779/? D/MinnowPowerHAL﹕ sysfs_write: /sys/devices/platform/omapdss/display0/interactivemode 0
10-15 17:52:28.746    1748-1779/? D/MinnowPowerHAL﹕ sysfs_write: /sys/devices/ocp.2/i2c.6/i2c-0/0-004a/interactivemode 0
10-15 17:52:28.746  13774-15608/? E/MyViewAnim﹕ no surface holder, retrying
10-15 17:52:28.746    1748-1779/? D/mot_vr_audio_hw﹕ dsp_set_pm_state = off
10-15 17:52:28.756  14644-14644/? D/ADSPD﹕ Client cmd=0x4002, size=2
10-15 17:52:28.756  14644-14644/? D/ADSPD﹕ DSP_CMD_DAEMON_SET_PM_STATE : 0
10-15 17:52:28.756  14644-14644/? D/ADSPD﹕ DSP not turned off as still being used
10-15 17:52:28.766  13774-13774/? V/WearActivity﹕ Pause!
10-15 17:52:28.786  13774-15630/? V/MyViewAnim﹕ looper finished!
10-15 17:52:28.786    1415-1531/? D/mot_vr_audio_hw﹕ dsp_recognizer_enabled = false
10-15 17:52:28.786  14644-14644/? D/ADSPD﹕ Client cmd=0x0003, size=4
10-15 17:52:28.786  14644-14644/? D/ADSPD﹕ Trying to send to dsp while in dsp in RESET
10-15 17:52:28.786   1415-15633/? W/mot_vr_audio_hw﹕ Not allowing wake() since DSP is disabled
10-15 17:52:28.786    1748-1748/? W/InputMethodManagerService﹕ Ignoring setImeWindowStatus of uid 1000 token: null
10-15 17:52:28.796   1415-15633/? W/mot_vr_audio_hw﹕ Not allowing wake() since DSP is disabled
10-15 17:52:28.806  13774-13774/? V/WearActivity﹕ Stop!
