10-15 16:20:23.705  15375-15375/? E/ClockworkHome﹕ Tried to exit ambient mode, but enterAmbientMode() was never called.
10-15 16:20:23.705    1415-2734/? D/mot_vr_audio_hw﹕ dsp_recognizer_enabled = true
10-15 16:20:23.705    1415-2736/? D/mot_vr_audio_hw﹕ open_input_stream(): devices = 0x80000004, rate = 8000, channels = 0x10
10-15 16:20:23.705    1415-2736/? D/mot_vr_audio_hw﹕ Created resampler for 16000->8000 Hz
10-15 16:20:23.726  13774-13774/? V/WearActivity﹕ Resume!
10-15 16:20:23.726  13774-13774/? V/ClockFace﹕ clearing caches
10-15 16:20:23.726  13774-13774/? V/MyViewAnim﹕ new animator starting
10-15 16:20:23.726  13774-13774/? V/MyViewAnim﹕ Time listener is up!
10-15 16:20:23.726  13774-13774/? V/MyViewAnim﹕ starting draw thread from scratch
10-15 16:20:23.726    1748-1774/? I/DisplayManagerService﹕ Display device changed: DisplayDeviceInfo{"Built-in Screen": 320 x 290, 45.000004 fps, density 213, 90.31111 x 136.40741 dpi, touch INTERNAL, rotation 0, type BUILT_IN, state ON, FLAG_DEFAULT_DISPLAY, FLAG_ROTATES_WITH_CONTENT, FLAG_SECURE, FLAG_SUPPORTS_PROTECTED_BUFFERS}
10-15 16:20:23.726    1748-1748/? W/InputMethodManagerService﹕ Ignoring setImeWindowStatus of uid 1000 token: null
10-15 16:20:23.736    1748-1748/? V/ActivityManager﹕ Display changed displayId=0
10-15 16:20:23.766  13774-13774/? V/WearActivity﹕ display changed: 0, new state: 2
10-15 16:20:23.766  13774-13774/? I/ClockFace﹕ Ambient mode: false
10-15 16:20:23.766  13774-13774/? V/ClockFace﹕ clearing caches
10-15 16:20:23.766  13774-13774/? V/ClockFace﹕ rendering new face, faceMode(0)
10-15 16:20:23.786   1415-15512/? D/mot_vr_audio_hw﹕ in_read waiting for hotword
10-15 16:20:23.796  14644-14644/? E/ADSPD﹕ Timeout on select()
10-15 16:20:23.796  14644-14644/? E/ADSPD﹕ NO ACK received after loading firmware
10-15 16:20:23.796  14644-14644/? E/ADSPD﹕ Unknown ACK received 0x00
10-15 16:20:23.796  14644-14644/? D/ADSPD﹕ Client cmd=0x0003, size=4
10-15 16:20:23.806  14644-14644/? D/ADSPD﹕ Received from DSP: cmd=0x8003, size=2
10-15 16:20:23.806  14644-14644/? D/ADSPD﹕ Client cmd=0x4003, size=2
10-15 16:20:23.806   1415-14646/? D/mot_vr_audio_hw﹕ received recognition control callback, status 0
10-15 16:20:23.806    1748-2677/? D/SensorHAL﹕ adjustSensorHandle: handle = 9 adjustedHandle = 1
10-15 16:20:23.806    1748-2677/? D/SensorHAL﹕ adjustSensorHandle: handle = 9 adjustedHandle = 1
10-15 16:20:23.826    1748-1758/? D/SensorHAL﹕ adjustSensorHandle: handle = 9 adjustedHandle = 1
10-15 16:20:23.836  13774-13774/? V/ClockFace﹕ fetching new battery status (16321)
10-15 16:20:23.836  13774-13774/? V/ClockFace﹕ battery at 0.56
10-15 16:20:23.836  13774-13774/? V/ClockFace﹕ clearing caches
10-15 16:20:23.836  13774-13774/? V/MyViewAnim﹕ resuming old animator!
10-15 16:20:23.836  13774-13774/? V/WearActivity﹕ onDisplayChanged: on!
10-15 16:20:23.856  13774-15514/? V/ClockFace﹕ fetching new battery status (16322)
10-15 16:20:23.856  13774-15514/? V/ClockFace﹕ battery at 0.56
10-15 16:20:23.876  13774-13774/? V/ClockFace﹕ rendering new face, faceMode(0)
10-15 16:20:25.858    2030-2067/? W/bt-btif﹕ dm_pm_timer expires
10-15 16:20:25.858    2030-2067/? W/bt-btif﹕ dm_pm_timer expires 0
10-15 16:20:25.858    2030-2067/? W/bt-btif﹕ proc dm_pm_timer expires
10-15 16:20:28.710    1748-2330/? I/PowerManagerService﹕ Going to sleep due to screen timeout...
10-15 16:20:28.710    1748-1779/? I/PowerManagerService﹕ Dozing...
10-15 16:20:28.710    1748-1771/? I/DreamController﹕ Starting dream: name=ComponentInfo{com.google.android.wearable.app/com.google.android.clockwork.home.AmbientMode}, isTest=false, canDoze=true, userId=0
10-15 16:20:28.780    1748-2330/? I/ActivityManager﹕ START u0 {act=android.intent.action.MAIN cat=[android.intent.category.HOME] flg=0x10000000 cmp=com.google.android.wearable.app/com.google.android.clockwork.home.HomeActivity (has extras)} from pid 15375 on display 0
10-15 16:20:28.780    1748-1771/? I/DreamController﹕ Stopping dream: name=ComponentInfo{com.google.android.wearable.app/com.google.android.clockwork.home.AmbientMode}, isTest=false, canDoze=true, userId=0
10-15 16:20:28.790    1748-1779/? I/PowerManagerService﹕ Sleeping...
10-15 16:20:28.881  15375-15375/? I/AmbientMode﹕ Ambient mode started: canDoze=true, dozeHardware=null
10-15 16:20:28.891    1415-2205/? D/mot_vr_audio_hw﹕ dsp_recognizer_enabled = false
10-15 16:20:28.891  14644-14644/? D/ADSPD﹕ Client cmd=0x0003, size=4
10-15 16:20:28.891   1415-15512/? D/mot_vr_audio_hw﹕ Switching DSP to standby/passthrough mode
10-15 16:20:28.891   1415-15512/? D/mot_vr_audio_hw﹕ Input 0xb71b3980 ready to read
10-15 16:20:28.901  14644-14644/? D/ADSPD﹕ Received from DSP: cmd=0x8003, size=2
10-15 16:20:28.901  14644-14644/? D/ADSPD﹕ Client cmd=0x0003, size=4
10-15 16:20:28.901   1415-14646/? D/mot_vr_audio_hw﹕ received recognition control callback, status 0
10-15 16:20:28.911  14644-14644/? D/ADSPD﹕ Received from DSP: cmd=0x8003, size=2
10-15 16:20:28.911   1415-14646/? D/mot_vr_audio_hw﹕ received recognition control callback, status 0
10-15 16:20:28.951   1415-15512/? W/mot_vr_audio_hw﹕ Discarded 10 buffers without finding audio data
10-15 16:20:28.951  14644-14644/? D/ADSPD﹕ Client cmd=0x0003, size=4
10-15 16:20:28.951   1415-15512/? D/mot_vr_audio_hw﹕ Re-arming DSP
10-15 16:20:28.951   1415-15512/? D/mot_vr_audio_hw﹕ Input 0xb71b3980 standby complete
10-15 16:20:28.961    1415-2734/? D/mot_vr_audio_hw﹕ Input 0xb71b3980 close complete
10-15 16:20:28.961  14644-14644/? D/ADSPD﹕ Received from DSP: cmd=0x8003, size=2
10-15 16:20:28.961  14644-14644/? D/ADSPD﹕ Client cmd=0x4003, size=2
10-15 16:20:28.961   1415-14646/? D/mot_vr_audio_hw﹕ received recognition control callback, status 0
10-15 16:20:28.981    1415-1531/? D/mot_vr_audio_hw﹕ dsp_recognizer_enabled = true
10-15 16:20:28.981  14644-14644/? D/ADSPD﹕ Client cmd=0x0003, size=4
10-15 16:20:28.981    1415-1415/? D/mot_vr_audio_hw﹕ open_input_stream(): devices = 0x80000004, rate = 8000, channels = 0x10
10-15 16:20:28.991    1415-1415/? D/mot_vr_audio_hw﹕ Created resampler for 16000->8000 Hz
10-15 16:20:29.001  14644-14644/? D/ADSPD﹕ Received from DSP: cmd=0x8003, size=2
10-15 16:20:29.001  14644-14644/? D/ADSPD﹕ Client cmd=0x4003, size=2
10-15 16:20:29.001   1415-14646/? D/mot_vr_audio_hw﹕ received recognition control callback, status 0
10-15 16:20:29.001   1415-15515/? D/mot_vr_audio_hw﹕ in_read waiting for hotword
10-15 16:20:29.001    1748-1845/? D/LightsService﹕ Excessive delay setting light: 57ms
10-15 16:20:29.021    7396-7449/? D/dalvikvm﹕ GC_FOR_ALLOC freed 235K, 25% free 2323K/3092K, paused 57ms, total 57ms
10-15 16:20:29.041  15375-15375/? I/AmbientMode﹕ Dream ended: isDozing=true
10-15 16:20:29.301    1748-1806/? D/LightsService﹕ Excessive delay setting light: 88ms
10-15 16:20:29.301    1413-1413/? D/SurfaceFlinger﹕ Screen released, type=0 flinger=0xb8e4d448
10-15 16:20:29.451    1413-1413/? D/hwcomposer﹕ hwc_blank(0: 1)
10-15 16:20:29.451    1748-1806/? D/SurfaceControl﹕ Excessive delay in blankDisplay() while turning screen off: 149ms
10-15 16:20:29.471    1748-1774/? I/DisplayManagerService﹕ Display device changed: DisplayDeviceInfo{"Built-in Screen": 320 x 290, 45.000004 fps, density 213, 90.31111 x 136.40741 dpi, touch INTERNAL, rotation 0, type BUILT_IN, state OFF, FLAG_DEFAULT_DISPLAY, FLAG_ROTATES_WITH_CONTENT, FLAG_SECURE, FLAG_SUPPORTS_PROTECTED_BUFFERS}
10-15 16:20:29.471    1748-1748/? V/ActivityManager﹕ Display changed displayId=0
10-15 16:20:29.481  13774-13774/? V/WearActivity﹕ display changed: 0, new state: 1
10-15 16:20:29.481  13774-13774/? I/TimeWrapper﹕ FPS: 39.109383, samples: 221
10-15 16:20:29.481  13774-13774/? I/TimeWrapper﹕ Min/Avg/Max frame render speed (ms): 5.737304 / 7.760578 / 53.527832
10-15 16:20:29.481  13774-13774/? I/TimeWrapper﹕ Waketime: 30.351145%
10-15 16:20:29.481  13774-13774/? I/ClockFace﹕ Ambient mode: true
10-15 16:20:29.481  13774-13774/? V/ClockFace﹕ clearing caches
10-15 16:20:29.481  13774-13774/? V/MyViewAnim﹕ stopping animation!
10-15 16:20:29.481  13774-13774/? V/WearActivity﹕ onDisplayChanged: off!
10-15 16:20:29.491  13774-15514/? V/ClockFace﹕ rendering new face, faceMode(0)
10-15 16:20:29.491    1748-1779/? D/MinnowPowerHAL﹕ power_set_interactive: 0
10-15 16:20:29.491    1748-1779/? D/MinnowPowerHAL﹕ sysfs_write: /sys/devices/platform/omapdss/display0/interactivemode 0
10-15 16:20:29.491    1748-1779/? D/MinnowPowerHAL﹕ sysfs_write: /sys/devices/ocp.2/i2c.6/i2c-0/0-004a/interactivemode 0
10-15 16:20:29.491    1748-1779/? D/mot_vr_audio_hw﹕ dsp_set_pm_state = off
10-15 16:20:29.491  14644-14644/? D/ADSPD﹕ Client cmd=0x4002, size=2
10-15 16:20:29.491  14644-14644/? D/ADSPD﹕ DSP_CMD_DAEMON_SET_PM_STATE : 0
10-15 16:20:29.491  14644-14644/? D/ADSPD﹕ DSP not turned off as still being used
10-15 16:20:29.491  13774-13774/? V/WearActivity﹕ Pause!
10-15 16:20:29.501  13774-13774/? V/WearActivity﹕ Stop!
10-15 16:20:29.511    1415-2734/? D/mot_vr_audio_hw﹕ dsp_recognizer_enabled = false
10-15 16:20:29.511  14644-14644/? D/ADSPD﹕ Client cmd=0x0003, size=4
10-15 16:20:29.511  14644-14644/? D/ADSPD﹕ Trying to send to dsp while in dsp in RESET
10-15 16:20:29.511   1415-15515/? W/mot_vr_audio_hw﹕ Not allowing wake() since DSP is disabled
10-15 16:20:29.511    1748-1748/? W/InputMethodManagerService﹕ Ignoring setImeWindowStatus of uid 1000 token: null
10-15 16:20:29.521   1415-15515/? W/mot_vr_audio_hw﹕ Not allowing wake() since DSP is disabled
10-15 16:20:29.531  13774-15514/? V/MyViewAnim﹕ looper finished!
10-15 16:20:29.541  14644-14644/? D/ADSPD﹕ Client cmd=0x4003, size=2
10-15 16:20:29.551  14644-14644/? D/ADSPD﹕ DSP no longer used, turned off here
10-15 16:20:29.551    1415-1531/? D/mot_vr_audio_hw﹕ Input 0xb71b3980 close complete
10-15 16:20:32.294    2030-2067/? W/bt-btif﹕ dm_pm_timer expires
10-15 16:20:32.294    2030-2067/? W/bt-btif﹕ dm_pm_timer expires 0
10-15 16:20:32.294    2030-2067/? W/bt-btif﹕ proc dm_pm_timer expires
10-15 16:21:17.730    2217-2218/? D/dalvikvm﹕ GC_CONCURRENT freed 385K, 74% free 2196K/8252K, paused 2ms+3ms, total 29ms
10-15 16:21:45.956    1748-1765/? D/SensorHALGestureSensor﹕ Gesture event received! time = 1413408105961296145
10-15 16:21:45.956    1748-3348/? I/PowerManagerService﹕ Waking up from sleep...
10-15 16:21:46.076    1748-3348/? D/PowerManagerService-JNI﹕ Excessive delay in autosuspend_disable() while turning screen on: 114ms
10-15 16:21:46.076    1748-3348/? D/MinnowPowerHAL﹕ power_set_interactive: 1
10-15 16:21:46.076    1748-3348/? D/MinnowPowerHAL﹕ sysfs_write: /sys/devices/platform/omapdss/display0/interactivemode 1
10-15 16:21:46.076    1748-3348/? D/MinnowPowerHAL﹕ sysfs_write: /sys/devices/ocp.2/i2c.6/i2c-0/0-004a/interactivemode 1
10-15 16:21:46.076    1748-3348/? D/mot_vr_audio_hw﹕ dsp_set_pm_state = on
10-15 16:21:46.076  14644-14644/? D/ADSPD﹕ Client cmd=0x4002, size=2
10-15 16:21:46.076  14644-14644/? D/ADSPD﹕ DSP_CMD_DAEMON_SET_PM_STATE : 1
10-15 16:21:46.076    1748-1772/? W/KeyguardServiceDelegate﹕ onScreenTurnedOn(): no keyguard service!
10-15 16:21:46.086    1413-1413/? D/SurfaceFlinger﹕ Screen acquired, type=0 flinger=0xb8e4d448
10-15 16:21:46.096    1413-1413/? D/hwcomposer﹕ hwc_blank(0: 0)
10-15 16:21:46.106    1748-1774/? I/DisplayManagerService﹕ Display device changed: DisplayDeviceInfo{"Built-in Screen": 320 x 290, 45.000004 fps, density 213, 90.31111 x 136.40741 dpi, touch INTERNAL, rotation 0, type BUILT_IN, state ON, FLAG_DEFAULT_DISPLAY, FLAG_ROTATES_WITH_CONTENT, FLAG_SECURE, FLAG_SUPPORTS_PROTECTED_BUFFERS}
10-15 16:21:46.126  13774-13774/? V/WearActivity﹕ display changed: 0, new state: 2
10-15 16:21:46.126  13774-13774/? I/ClockFace﹕ Ambient mode: false
10-15 16:21:46.126  13774-13774/? V/ClockFace﹕ clearing caches
10-15 16:21:46.126  13774-13774/? E/MyViewAnim﹕ no surface holder, retrying
10-15 16:21:46.126  14644-14644/? D/ADSPD﹕ ACK success!
10-15 16:21:46.126    1748-1748/? V/ActivityManager﹕ Display changed displayId=0
10-15 16:21:46.136  13774-13774/? V/ClockFace﹕ rendering new face, faceMode(0)
10-15 16:21:46.136    1748-1748/? W/InputMethodManagerService﹕ Ignoring setImeWindowStatus of uid 1000 token: null
10-15 16:21:46.146  15375-15375/? E/ClockworkHome﹕ Tried to exit ambient mode, but enterAmbientMode() was never called.
10-15 16:21:46.156    1415-2736/? D/mot_vr_audio_hw﹕ dsp_recognizer_enabled = true
10-15 16:21:46.156  14644-14644/? D/ADSPD﹕ Client cmd=0x0003, size=4
10-15 16:21:46.156    1415-2801/? D/mot_vr_audio_hw﹕ open_input_stream(): devices = 0x80000004, rate = 8000, channels = 0x10
10-15 16:21:46.156    1415-2801/? D/mot_vr_audio_hw﹕ Created resampler for 16000->8000 Hz
10-15 16:21:46.166  14644-14644/? D/ADSPD﹕ Received from DSP: cmd=0x8003, size=2
10-15 16:21:46.166  14644-14644/? D/ADSPD﹕ Client cmd=0x4003, size=2
10-15 16:21:46.166   1415-14646/? D/mot_vr_audio_hw﹕ received recognition control callback, status 0
10-15 16:21:46.196   1415-15517/? D/mot_vr_audio_hw﹕ in_read waiting for hotword
10-15 16:21:46.206    1748-3348/? D/SensorHAL﹕ adjustSensorHandle: handle = 9 adjustedHandle = 1
10-15 16:21:46.206    1748-3348/? D/SensorHAL﹕ adjustSensorHandle: handle = 9 adjustedHandle = 1
10-15 16:21:46.216  13774-13774/? V/ClockFace﹕ fetching new battery status (16544)
10-15 16:21:46.216  13774-13774/? V/ClockFace﹕ battery at 0.56
10-15 16:21:46.226    1748-2677/? D/SensorHAL﹕ adjustSensorHandle: handle = 9 adjustedHandle = 1
10-15 16:21:46.236    1748-1806/? D/LightsService﹕ Excessive delay setting light: 56ms
10-15 16:21:46.236  13774-13774/? V/ClockFace﹕ clearing caches
10-15 16:21:46.236  13774-13774/? V/MyViewAnim﹕ new animator starting
10-15 16:21:46.236  13774-13774/? V/MyViewAnim﹕ Time listener is up!
10-15 16:21:46.236  13774-13774/? V/MyViewAnim﹕ starting draw thread from scratch
10-15 16:21:46.236  13774-13774/? V/WearActivity﹕ onDisplayChanged: on!
10-15 16:21:46.246  13774-13774/? V/WearActivity﹕ Resume!
10-15 16:21:46.246  13774-13774/? V/ClockFace﹕ clearing caches
10-15 16:21:46.246  13774-13774/? V/MyViewAnim﹕ resuming old animator!
10-15 16:21:46.276  13774-15519/? V/ClockFace﹕ rendering new face, faceMode(0)
10-15 16:21:46.286  13774-15519/? V/ClockFace﹕ fetching new battery status (16545)
10-15 16:21:46.286  13774-15519/? V/ClockFace﹕ battery at 0.56
10-15 16:21:47.557  13774-13775/? D/dalvikvm﹕ GC_CONCURRENT freed 450K, 22% free 2456K/3120K, paused 8ms+20ms, total 58ms
10-15 16:21:48.348    2030-2067/? W/bt-btif﹕ dm_pm_timer expires
10-15 16:21:48.348    2030-2067/? W/bt-btif﹕ dm_pm_timer expires 0
10-15 16:21:48.348    2030-2067/? W/bt-btif﹕ proc dm_pm_timer expires
10-15 16:21:51.101    1748-2329/? I/PowerManagerService﹕ Going to sleep due to screen timeout...
10-15 16:21:51.101    1748-1779/? I/PowerManagerService﹕ Dozing...
10-15 16:21:51.101    1748-1771/? I/DreamController﹕ Starting dream: name=ComponentInfo{com.google.android.wearable.app/com.google.android.clockwork.home.AmbientMode}, isTest=false, canDoze=true, userId=0
10-15 16:21:51.171    1748-2330/? I/ActivityManager﹕ START u0 {act=android.intent.action.MAIN cat=[android.intent.category.HOME] flg=0x10000000 cmp=com.google.android.wearable.app/com.google.android.clockwork.home.HomeActivity (has extras)} from pid 15375 on display 0
10-15 16:21:51.181    1748-1771/? I/DreamController﹕ Stopping dream: name=ComponentInfo{com.google.android.wearable.app/com.google.android.clockwork.home.AmbientMode}, isTest=false, canDoze=true, userId=0
10-15 16:21:51.181    1748-1779/? I/PowerManagerService﹕ Sleeping...
10-15 16:21:51.281  15375-15375/? I/AmbientMode﹕ Ambient mode started: canDoze=true, dozeHardware=null
10-15 16:21:51.281    1415-1415/? D/mot_vr_audio_hw﹕ dsp_recognizer_enabled = false
10-15 16:21:51.281  14644-14644/? D/ADSPD﹕ Client cmd=0x0003, size=4
10-15 16:21:51.281   1415-15517/? D/mot_vr_audio_hw﹕ Switching DSP to standby/passthrough mode
10-15 16:21:51.281   1415-15517/? D/mot_vr_audio_hw﹕ Input 0xb71b3980 ready to read
10-15 16:21:51.291  14644-14644/? D/ADSPD﹕ Received from DSP: cmd=0x8003, size=2
10-15 16:21:51.291  14644-14644/? D/ADSPD﹕ Client cmd=0x0003, size=4
10-15 16:21:51.301   1415-14646/? D/mot_vr_audio_hw﹕ received recognition control callback, status 0
10-15 16:21:51.311  14644-14644/? D/ADSPD﹕ Received from DSP: cmd=0x8003, size=2
10-15 16:21:51.311   1415-14646/? D/mot_vr_audio_hw﹕ received recognition control callback, status 0
10-15 16:21:51.331   1415-15517/? W/mot_vr_audio_hw﹕ Discarded 10 buffers without finding audio data
10-15 16:21:51.341  14644-14644/? D/ADSPD﹕ Client cmd=0x0003, size=4
10-15 16:21:51.351   1415-15517/? D/mot_vr_audio_hw﹕ Re-arming DSP
10-15 16:21:51.351   1415-15517/? D/mot_vr_audio_hw﹕ Input 0xb71b3980 standby complete
10-15 16:21:51.351    1415-2736/? D/mot_vr_audio_hw﹕ Input 0xb71b3980 close complete
10-15 16:21:51.361  14644-14644/? D/ADSPD﹕ Received from DSP: cmd=0x8003, size=2
10-15 16:21:51.361  14644-14644/? D/ADSPD﹕ Client cmd=0x4003, size=2
10-15 16:21:51.361   1415-14646/? D/mot_vr_audio_hw﹕ received recognition control callback, status 0
10-15 16:21:51.371    1415-2734/? D/mot_vr_audio_hw﹕ dsp_recognizer_enabled = true
10-15 16:21:51.371  14644-14644/? D/ADSPD﹕ Client cmd=0x0003, size=4
10-15 16:21:51.381    1415-1531/? D/mot_vr_audio_hw﹕ open_input_stream(): devices = 0x80000004, rate = 8000, channels = 0x10
10-15 16:21:51.381    1415-1531/? D/mot_vr_audio_hw﹕ Created resampler for 16000->8000 Hz
10-15 16:21:51.391  14644-14644/? D/ADSPD﹕ Received from DSP: cmd=0x8003, size=2
10-15 16:21:51.391  14644-14644/? D/ADSPD﹕ Client cmd=0x4003, size=2
10-15 16:21:51.391   1415-14646/? D/mot_vr_audio_hw﹕ received recognition control callback, status 0
10-15 16:21:51.401  15375-15375/? I/AmbientMode﹕ Dream ended: isDozing=true
10-15 16:21:51.401    1748-1806/? D/LightsService﹕ Excessive delay setting light: 58ms
10-15 16:21:51.411   1415-15520/? D/mot_vr_audio_hw﹕ in_read waiting for hotword
10-15 16:21:51.691    1748-1845/? D/LightsService﹕ Excessive delay setting light: 82ms
10-15 16:21:51.701    1413-1413/? D/SurfaceFlinger﹕ Screen released, type=0 flinger=0xb8e4d448
10-15 16:21:51.872    1413-1413/? D/hwcomposer﹕ hwc_blank(0: 1)
10-15 16:21:51.872    1748-1845/? D/SurfaceControl﹕ Excessive delay in blankDisplay() while turning screen off: 180ms
10-15 16:21:51.882    1748-1774/? I/DisplayManagerService﹕ Display device changed: DisplayDeviceInfo{"Built-in Screen": 320 x 290, 45.000004 fps, density 213, 90.31111 x 136.40741 dpi, touch INTERNAL, rotation 0, type BUILT_IN, state OFF, FLAG_DEFAULT_DISPLAY, FLAG_ROTATES_WITH_CONTENT, FLAG_SECURE, FLAG_SUPPORTS_PROTECTED_BUFFERS}
10-15 16:21:51.882    1748-1748/? V/ActivityManager﹕ Display changed displayId=0
10-15 16:21:51.892  13774-13774/? V/WearActivity﹕ display changed: 0, new state: 1
10-15 16:21:51.892  13774-13774/? I/TimeWrapper﹕ FPS: 38.523273, samples: 219
10-15 16:21:51.892  13774-13774/? I/TimeWrapper﹕ Min/Avg/Max frame render speed (ms): 5.676269 / 7.813754 / 44.98291
10-15 16:21:51.892  13774-13774/? I/TimeWrapper﹕ Waketime: 30.101137%
10-15 16:21:51.892  13774-13774/? I/ClockFace﹕ Ambient mode: true
10-15 16:21:51.892  13774-13774/? V/ClockFace﹕ clearing caches
10-15 16:21:51.892  13774-13774/? V/MyViewAnim﹕ stopping animation!
10-15 16:21:51.892  13774-13774/? V/WearActivity﹕ onDisplayChanged: off!
10-15 16:21:51.902  13774-15519/? V/ClockFace﹕ rendering new face, faceMode(0)
10-15 16:21:51.912  13774-15519/? V/MyViewAnim﹕ looper finished!
10-15 16:21:52.182    1748-1779/? D/MinnowPowerHAL﹕ power_set_interactive: 0
10-15 16:21:52.182    1748-1779/? D/MinnowPowerHAL﹕ sysfs_write: /sys/devices/platform/omapdss/display0/interactivemode 0
10-15 16:21:52.182    1748-1779/? D/MinnowPowerHAL﹕ sysfs_write: /sys/devices/ocp.2/i2c.6/i2c-0/0-004a/interactivemode 0
10-15 16:21:52.182    1748-1779/? D/mot_vr_audio_hw﹕ dsp_set_pm_state = off
10-15 16:21:52.182  14644-14644/? D/ADSPD﹕ Client cmd=0x4002, size=2
10-15 16:21:52.182  14644-14644/? D/ADSPD﹕ DSP_CMD_DAEMON_SET_PM_STATE : 0
10-15 16:21:52.182  14644-14644/? D/ADSPD﹕ DSP not turned off as still being used
10-15 16:21:52.192  13774-13774/? V/WearActivity﹕ Pause!
10-15 16:21:52.212    1415-2736/? D/mot_vr_audio_hw﹕ dsp_recognizer_enabled = false
10-15 16:21:52.212  14644-14644/? D/ADSPD﹕ Client cmd=0x0003, size=4
10-15 16:21:52.212  14644-14644/? D/ADSPD﹕ Trying to send to dsp while in dsp in RESET
10-15 16:21:52.212   1415-15520/? W/mot_vr_audio_hw﹕ Not allowing wake() since DSP is disabled
10-15 16:21:52.212  13774-13774/? V/WearActivity﹕ Stop!
10-15 16:21:52.222   1415-15520/? W/mot_vr_audio_hw﹕ Not allowing wake() since DSP is disabled
10-15 16:21:52.222    1748-1748/? W/InputMethodManagerService﹕ Ignoring setImeWindowStatus of uid 1000 token: null
10-15 16:21:52.252  14644-14644/? D/ADSPD﹕ Client cmd=0x4003, size=2
10-15 16:21:52.252  14644-14644/? D/ADSPD﹕ DSP no longer used, turned off here
10-15 16:21:52.252    1415-2734/? D/mot_vr_audio_hw﹕ Input 0xb71b3980 close complete
10-15 16:21:54.794    2030-2067/? W/bt-btif﹕ dm_pm_timer expires
10-15 16:21:54.794    2030-2067/? W/bt-btif﹕ dm_pm_timer expires 0
10-15 16:21:54.794    2030-2067/? W/bt-btif﹕ proc dm_pm_timer expires
10-15 16:25:52.950    1748-1782/? D/MinnowPowerHAL﹕ power_set_interactive: 1
10-15 16:25:52.950    1748-1782/? D/MinnowPowerHAL﹕ sysfs_write: /sys/devices/platform/omapdss/display0/interactivemode 1
10-15 16:25:52.950    1748-1782/? I/PowerManagerService﹕ Waking up from sleep...
10-15 16:25:52.950    1748-1772/? W/KeyguardServiceDelegate﹕ onScreenTurnedOn(): no keyguard service!
10-15 16:25:53.060    1748-1782/? D/MinnowPowerHAL﹕ sysfs_write: /sys/devices/ocp.2/i2c.6/i2c-0/0-004a/interactivemode 1
10-15 16:25:53.060    1748-1782/? D/mot_vr_audio_hw﹕ dsp_set_pm_state = on
10-15 16:25:53.070  14644-14644/? D/ADSPD﹕ Client cmd=0x4002, size=2
10-15 16:25:53.070  14644-14644/? D/ADSPD﹕ DSP_CMD_DAEMON_SET_PM_STATE : 1
10-15 16:25:53.070    1748-1782/? D/PowerManagerService-JNI﹕ Excessive delay in setInteractive(true) while turning screen on: 113ms
10-15 16:25:53.070  13774-13774/? V/WearActivity﹕ Resume!
10-15 16:25:53.070  13774-13774/? V/ClockFace﹕ clearing caches
10-15 16:25:53.070  13774-13774/? V/MyViewAnim﹕ new animator starting
10-15 16:25:53.070  13774-13774/? V/MyViewAnim﹕ Time listener is up!
10-15 16:25:53.070  13774-13774/? V/MyViewAnim﹕ starting draw thread from scratch
10-15 16:25:53.080    1413-1413/? D/SurfaceFlinger﹕ Screen acquired, type=0 flinger=0xb8e4d448
10-15 16:25:53.080  15375-15375/? E/ClockworkHome﹕ Tried to exit ambient mode, but enterAmbientMode() was never called.
10-15 16:25:53.080    1748-1748/? W/InputMethodManagerService﹕ Ignoring setImeWindowStatus of uid 1000 token: null
10-15 16:25:53.090    1415-2801/? D/mot_vr_audio_hw﹕ dsp_recognizer_enabled = true
10-15 16:25:53.090    1415-2205/? D/mot_vr_audio_hw﹕ open_input_stream(): devices = 0x80000004, rate = 8000, channels = 0x10
10-15 16:25:53.090    1415-2205/? D/mot_vr_audio_hw﹕ Created resampler for 16000->8000 Hz
10-15 16:25:53.110   1415-15523/? D/mot_vr_audio_hw﹕ in_read waiting for hotword
10-15 16:25:53.120    1413-1413/? D/hwcomposer﹕ hwc_blank(0: 0)
10-15 16:25:53.130    1748-1774/? I/DisplayManagerService﹕ Display device changed: DisplayDeviceInfo{"Built-in Screen": 320 x 290, 45.000004 fps, density 213, 90.31111 x 136.40741 dpi, touch INTERNAL, rotation 0, type BUILT_IN, state ON, FLAG_DEFAULT_DISPLAY, FLAG_ROTATES_WITH_CONTENT, FLAG_SECURE, FLAG_SUPPORTS_PROTECTED_BUFFERS}
10-15 16:25:53.140  14644-14644/? D/ADSPD﹕ ACK success!
10-15 16:25:53.140  14644-14644/? D/ADSPD﹕ Client cmd=0x0003, size=4
10-15 16:25:53.140  13774-13774/? V/WearActivity﹕ display changed: 0, new state: 2
10-15 16:25:53.140  13774-13774/? I/ClockFace﹕ Ambient mode: false
10-15 16:25:53.140  13774-13774/? V/ClockFace﹕ clearing caches
10-15 16:25:53.150  14644-14644/? D/ADSPD﹕ Received from DSP: cmd=0x8003, size=2
10-15 16:25:53.150  14644-14644/? D/ADSPD﹕ Client cmd=0x4003, size=2
10-15 16:25:53.150   1415-14646/? D/mot_vr_audio_hw﹕ received recognition control callback, status 0
10-15 16:25:53.160  13774-15522/? V/ClockFace﹕ rendering new face, faceMode(0)
10-15 16:25:53.160    1748-1758/? D/SensorHAL﹕ adjustSensorHandle: handle = 9 adjustedHandle = 1
10-15 16:25:53.160    1748-1758/? D/SensorHAL﹕ adjustSensorHandle: handle = 9 adjustedHandle = 1
10-15 16:25:53.170    1748-1748/? V/ActivityManager﹕ Display changed displayId=0
10-15 16:25:53.180    1748-3348/? D/SensorHAL﹕ adjustSensorHandle: handle = 9 adjustedHandle = 1
10-15 16:25:53.210  13774-15522/? V/ClockFace﹕ fetching new battery status (16765)
10-15 16:25:53.210  13774-15522/? V/ClockFace﹕ battery at 0.55
10-15 16:25:53.250  13774-13774/? V/ClockFace﹕ clearing caches
10-15 16:25:53.250  13774-13774/? V/MyViewAnim﹕ resuming old animator!
10-15 16:25:53.250  13774-13774/? V/WearActivity﹕ onDisplayChanged: on!
10-15 16:25:53.260  13774-15522/? V/ClockFace﹕ fetching new battery status (16767)
10-15 16:25:53.260  13774-15522/? V/ClockFace﹕ battery at 0.55
10-15 16:25:53.300  13774-15522/? V/ClockFace﹕ rendering new face, faceMode(0)
10-15 16:25:55.372    2030-2067/? W/bt-btif﹕ dm_pm_timer expires
10-15 16:25:55.372    2030-2067/? W/bt-btif﹕ dm_pm_timer expires 0
10-15 16:25:55.372    2030-2067/? W/bt-btif﹕ proc dm_pm_timer expires
10-15 16:25:57.945    1748-1779/? I/PowerManagerService﹕ Going to sleep due to screen timeout...
10-15 16:25:57.945    1748-1779/? I/PowerManagerService﹕ Dozing...
10-15 16:25:57.945    1748-1771/? I/DreamController﹕ Starting dream: name=ComponentInfo{com.google.android.wearable.app/com.google.android.clockwork.home.AmbientMode}, isTest=false, canDoze=true, userId=0
10-15 16:25:57.955  13774-13774/? V/WearActivity﹕ Pause!
10-15 16:25:57.965  13774-13774/? V/WearActivity﹕ Stop!
10-15 16:25:57.975    1415-2736/? D/mot_vr_audio_hw﹕ dsp_recognizer_enabled = false
10-15 16:25:57.975  14644-14644/? D/ADSPD﹕ Client cmd=0x0003, size=4
10-15 16:25:57.975   1415-15523/? D/mot_vr_audio_hw﹕ Switching DSP to standby/passthrough mode
10-15 16:25:57.975   1415-15523/? D/mot_vr_audio_hw﹕ Input 0xb71b3980 ready to read
10-15 16:25:57.975    1748-1748/? W/InputMethodManagerService﹕ Ignoring setImeWindowStatus of uid 1000 token: null
10-15 16:25:57.985  14644-14644/? D/ADSPD﹕ Received from DSP: cmd=0x8003, size=2
10-15 16:25:57.985  14644-14644/? D/ADSPD﹕ Client cmd=0x0003, size=4
10-15 16:25:57.985   1415-14646/? D/mot_vr_audio_hw﹕ received recognition control callback, status 0
10-15 16:25:57.995  14644-14644/? D/ADSPD﹕ Received from DSP: cmd=0x8003, size=2
10-15 16:25:57.995   1415-14646/? D/mot_vr_audio_hw﹕ received recognition control callback, status 0
10-15 16:25:58.025   1415-15523/? W/mot_vr_audio_hw﹕ Discarded 10 buffers without finding audio data
10-15 16:25:58.035  14644-14644/? D/ADSPD﹕ Client cmd=0x0003, size=4
10-15 16:25:58.035   1415-15523/? D/mot_vr_audio_hw﹕ Re-arming DSP
10-15 16:25:58.035   1415-15523/? D/mot_vr_audio_hw﹕ Input 0xb71b3980 standby complete
10-15 16:25:58.045    1415-1415/? D/mot_vr_audio_hw﹕ Input 0xb71b3980 close complete
10-15 16:25:58.055  14644-14644/? D/ADSPD﹕ Received from DSP: cmd=0x8003, size=2
10-15 16:25:58.055  14644-14644/? D/ADSPD﹕ Client cmd=0x4003, size=2
10-15 16:25:58.055   1415-14646/? D/mot_vr_audio_hw﹕ received recognition control callback, status 0
10-15 16:25:58.135    1748-3348/? I/ActivityManager﹕ START u0 {act=android.intent.action.MAIN cat=[android.intent.category.HOME] flg=0x10000000 cmp=com.google.android.wearable.app/com.google.android.clockwork.home.HomeActivity (has extras)} from pid 15375 on display 0
10-15 16:25:58.145    1748-1748/? V/ActivityManager﹕ Display changed displayId=0
10-15 16:25:58.155  13774-13774/? V/WearActivity﹕ display changed: 0, new state: 2
10-15 16:25:58.155  13774-13774/? I/TimeWrapper﹕ FPS: 40.745934, samples: 202
10-15 16:25:58.165  13774-13774/? I/TimeWrapper﹕ Min/Avg/Max frame render speed (ms): 5.798339 / 7.254421 / 24.047852
10-15 16:25:58.165  13774-13774/? I/TimeWrapper﹕ Waketime: 29.558813%
10-15 16:25:58.165  13774-13774/? I/ClockFace﹕ Ambient mode: false
10-15 16:25:58.175    1748-1771/? I/DreamController﹕ Stopping dream: name=ComponentInfo{com.google.android.wearable.app/com.google.android.clockwork.home.AmbientMode}, isTest=false, canDoze=true, userId=0
10-15 16:25:58.175    1748-1779/? I/PowerManagerService﹕ Sleeping...
10-15 16:25:58.215  13774-13774/? V/ClockFace﹕ clearing caches
10-15 16:25:58.215  13774-13774/? V/MyViewAnim﹕ resuming old animator!
10-15 16:25:58.215  13774-13774/? V/WearActivity﹕ onDisplayChanged: on!
10-15 16:25:58.225  15375-15375/? I/AmbientMode﹕ Ambient mode started: canDoze=true, dozeHardware=null
10-15 16:25:58.235  13774-15522/? V/ClockFace﹕ fetching new battery status (16969)
10-15 16:25:58.235  13774-15522/? V/ClockFace﹕ battery at 0.55
10-15 16:25:58.235    1415-2734/? D/mot_vr_audio_hw﹕ dsp_recognizer_enabled = true
10-15 16:25:58.235  14644-14644/? D/ADSPD﹕ Client cmd=0x0003, size=4
10-15 16:25:58.235    1415-1531/? D/mot_vr_audio_hw﹕ open_input_stream(): devices = 0x80000004, rate = 8000, channels = 0x10
10-15 16:25:58.235    1415-1531/? D/mot_vr_audio_hw﹕ Created resampler for 16000->8000 Hz
10-15 16:25:58.255  14644-14644/? D/ADSPD﹕ Received from DSP: cmd=0x8003, size=2
10-15 16:25:58.255  14644-14644/? D/ADSPD﹕ Client cmd=0x4003, size=2
10-15 16:25:58.255   1415-14646/? D/mot_vr_audio_hw﹕ received recognition control callback, status 0
10-15 16:25:58.265   1415-15525/? D/mot_vr_audio_hw﹕ in_read waiting for hotword
10-15 16:25:58.275  13774-15522/? V/ClockFace﹕ rendering new face, faceMode(0)
10-15 16:25:58.285    1415-1415/? D/mot_vr_audio_hw﹕ dsp_recognizer_enabled = false
10-15 16:25:58.285  14644-14644/? D/ADSPD﹕ Client cmd=0x0003, size=4
10-15 16:25:58.285   1415-15525/? D/mot_vr_audio_hw﹕ Switching DSP to standby/passthrough mode
10-15 16:25:58.285   1415-15525/? D/mot_vr_audio_hw﹕ Input 0xb71b3980 ready to read
10-15 16:25:58.295  14644-14644/? D/ADSPD﹕ Received from DSP: cmd=0x8003, size=2
10-15 16:25:58.295  14644-14644/? D/ADSPD﹕ Client cmd=0x0003, size=4
10-15 16:25:58.295   1415-14646/? D/mot_vr_audio_hw﹕ received recognition control callback, status 0
10-15 16:25:58.315  14644-14644/? D/ADSPD﹕ Received from DSP: cmd=0x8003, size=2
10-15 16:25:58.315   1415-14646/? D/mot_vr_audio_hw﹕ received recognition control callback, status 0
10-15 16:25:58.335   1415-15525/? W/mot_vr_audio_hw﹕ Discarded 10 buffers without finding audio data
10-15 16:25:58.345  14644-14644/? D/ADSPD﹕ Client cmd=0x0003, size=4
10-15 16:25:58.345   1415-15525/? D/mot_vr_audio_hw﹕ Re-arming DSP
10-15 16:25:58.345   1415-15525/? D/mot_vr_audio_hw﹕ Input 0xb71b3980 standby complete
10-15 16:25:58.365    1415-2736/? D/mot_vr_audio_hw﹕ Input 0xb71b3980 close complete
10-15 16:25:58.365  14644-14644/? D/ADSPD﹕ Received from DSP: cmd=0x8003, size=2
10-15 16:25:58.365  14644-14644/? D/ADSPD﹕ Client cmd=0x4003, size=2
10-15 16:25:58.365   1415-14646/? D/mot_vr_audio_hw﹕ received recognition control callback, status 0
10-15 16:25:58.385  15375-15375/? I/AmbientMode﹕ Dream ended: isDozing=true
10-15 16:25:58.786    1748-1845/? D/LightsService﹕ Excessive delay setting light: 188ms
10-15 16:25:58.786    1413-1413/? D/SurfaceFlinger﹕ Screen released, type=0 flinger=0xb8e4d448
10-15 16:25:58.926    1413-1413/? D/hwcomposer﹕ hwc_blank(0: 1)
10-15 16:25:58.926    1748-1845/? D/SurfaceControl﹕ Excessive delay in blankDisplay() while turning screen off: 140ms
10-15 16:25:58.946    1748-1774/? I/DisplayManagerService﹕ Display device changed: DisplayDeviceInfo{"Built-in Screen": 320 x 290, 45.000004 fps, density 213, 90.31111 x 136.40741 dpi, touch INTERNAL, rotation 0, type BUILT_IN, state OFF, FLAG_DEFAULT_DISPLAY, FLAG_ROTATES_WITH_CONTENT, FLAG_SECURE, FLAG_SUPPORTS_PROTECTED_BUFFERS}
10-15 16:25:58.946    1748-1748/? V/ActivityManager﹕ Display changed displayId=0
10-15 16:25:58.956  13774-13774/? V/WearActivity﹕ display changed: 0, new state: 1
10-15 16:25:58.956  13774-13774/? I/TimeWrapper﹕ FPS: 23.480255, samples: 18
10-15 16:25:58.956  13774-13774/? I/TimeWrapper﹕ Min/Avg/Max frame render speed (ms): 6.134033 / 13.85498 / 37.68921
10-15 16:25:58.956  13774-13774/? I/TimeWrapper﹕ Waketime: 32.53185%
10-15 16:25:58.956  13774-13774/? I/ClockFace﹕ Ambient mode: true
10-15 16:25:58.956  13774-13774/? V/ClockFace﹕ clearing caches
10-15 16:25:58.956  13774-13774/? V/MyViewAnim﹕ stopping animation!
10-15 16:25:58.956  13774-13774/? V/WearActivity﹕ onDisplayChanged: off!
10-15 16:25:58.976  13774-15522/? V/ClockFace﹕ rendering new face, faceMode(0)
10-15 16:25:58.976    1748-1779/? D/MinnowPowerHAL﹕ power_set_interactive: 0
10-15 16:25:58.976    1748-1779/? D/MinnowPowerHAL﹕ sysfs_write: /sys/devices/platform/omapdss/display0/interactivemode 0
10-15 16:25:58.976    1748-1779/? D/MinnowPowerHAL﹕ sysfs_write: /sys/devices/ocp.2/i2c.6/i2c-0/0-004a/interactivemode 0
10-15 16:25:58.976    1748-1779/? D/mot_vr_audio_hw﹕ dsp_set_pm_state = off
10-15 16:25:58.976  14644-14644/? D/ADSPD﹕ Client cmd=0x4002, size=2
10-15 16:25:58.976  14644-14644/? D/ADSPD﹕ DSP_CMD_DAEMON_SET_PM_STATE : 0
10-15 16:25:58.986  13774-15522/? V/MyViewAnim﹕ looper finished!
10-15 16:26:01.298    2030-2067/? W/bt-btif﹕ dm_pm_timer expires
10-15 16:26:01.298    2030-2067/? W/bt-btif﹕ dm_pm_timer expires 0
10-15 16:26:01.298    2030-2067/? W/bt-btif﹕ proc dm_pm_timer expires
10-15 16:26:48.751    1748-1795/? D/ConnectivityService﹕ Sampling interval elapsed, updating statistics ..
10-15 16:26:48.771    1748-1795/? D/ConnectivityService﹕ Done.
10-15 16:26:48.771    1748-1795/? D/ConnectivityService﹕ Setting timer for 720seconds
10-15 16:27:28.480    2217-2218/? D/dalvikvm﹕ GC_CONCURRENT freed 386K, 74% free 2195K/8252K, paused 3ms+3ms, total 31ms
10-15 16:29:59.549    1748-1750/? D/dalvikvm﹕ GC_CONCURRENT freed 744K, 25% free 5138K/6844K, paused 2ms+8ms, total 94ms
10-15 16:32:25.929  15375-15404/? W/CwCal﹕ CalHomeUtil.updateBackground:bundle dismissed, do nothing
10-15 16:32:25.999  15375-15377/? D/dalvikvm﹕ GC_CONCURRENT freed 433K, 19% free 2849K/3496K, paused 3ms+3ms, total 34ms
10-15 16:32:27.871    2030-2067/? W/bt-btif﹕ dm_pm_timer expires
10-15 16:32:27.871    2030-2067/? W/bt-btif﹕ dm_pm_timer expires 0
10-15 16:32:27.871    2030-2067/? W/bt-btif﹕ proc dm_pm_timer expires
10-15 16:32:28.782    7381-7450/? I/EventLogService﹕ Aggregate from 1413407021564 (log), 1413406657764 (data)
10-15 16:32:28.782    1748-1801/? I/ActivityManager﹕ Delay finish: com.google.android.gms/.checkin.EventLogService$Receiver
10-15 16:32:28.862    7381-7450/? I/ServiceDumpSys﹕ dumping service [account]
10-15 16:32:28.902    1748-2318/? I/ActivityManager﹕ Resuming delayed broadcast
10-15 16:32:38.272    1748-1765/? D/SensorHALGestureSensor﹕ Gesture event received! time = 1413408758277244423
10-15 16:32:38.272    1748-2335/? I/PowerManagerService﹕ Waking up from sleep...
10-15 16:32:38.272    1748-1772/? W/KeyguardServiceDelegate﹕ onScreenTurnedOn(): no keyguard service!
10-15 16:32:38.282  13774-13774/? V/WearActivity﹕ display changed: 0, new state: 1
10-15 16:32:38.282  13774-13774/? I/ClockFace﹕ Ambient mode: true
10-15 16:32:38.282  13774-13774/? V/MyViewAnim﹕ stopping animation!
10-15 16:32:38.282  13774-13774/? V/WearActivity﹕ onDisplayChanged: off!
10-15 16:32:38.392    1748-2335/? D/PowerManagerService-JNI﹕ Excessive delay in autosuspend_disable() while turning screen on: 102ms
10-15 16:32:38.392    1748-2335/? D/MinnowPowerHAL﹕ power_set_interactive: 1
10-15 16:32:38.392    1748-2335/? D/MinnowPowerHAL﹕ sysfs_write: /sys/devices/platform/omapdss/display0/interactivemode 1
10-15 16:32:38.452    1748-2335/? D/MinnowPowerHAL﹕ sysfs_write: /sys/devices/ocp.2/i2c.6/i2c-0/0-004a/interactivemode 1
10-15 16:32:38.452    1748-2335/? D/mot_vr_audio_hw﹕ dsp_set_pm_state = on
10-15 16:32:38.452  14644-14644/? D/ADSPD﹕ Client cmd=0x4002, size=2
10-15 16:32:38.452  14644-14644/? D/ADSPD﹕ DSP_CMD_DAEMON_SET_PM_STATE : 1
10-15 16:32:38.452    1748-2335/? D/PowerManagerService-JNI﹕ Excessive delay in setInteractive(true) while turning screen on: 56ms
10-15 16:32:38.452  13774-13774/? V/WearActivity﹕ Resume!
10-15 16:32:38.452  13774-13774/? V/ClockFace﹕ clearing caches
10-15 16:32:38.452  13774-13774/? V/MyViewAnim﹕ new animator starting
10-15 16:32:38.452  13774-13774/? V/MyViewAnim﹕ Time listener is up!
10-15 16:32:38.452  13774-13774/? V/MyViewAnim﹕ starting draw thread from scratch
10-15 16:32:38.452  15375-15375/? E/ClockworkHome﹕ Tried to exit ambient mode, but enterAmbientMode() was never called.
10-15 16:32:38.462    1415-2205/? D/mot_vr_audio_hw﹕ dsp_recognizer_enabled = true
10-15 16:32:38.462    1415-2734/? D/mot_vr_audio_hw﹕ open_input_stream(): devices = 0x80000004, rate = 8000, channels = 0x10
10-15 16:32:38.462    1415-2734/? D/mot_vr_audio_hw﹕ Created resampler for 16000->8000 Hz
10-15 16:32:38.472    1413-1413/? D/SurfaceFlinger﹕ Screen acquired, type=0 flinger=0xb8e4d448
10-15 16:32:38.472    1413-1413/? D/hwcomposer﹕ hwc_blank(0: 0)
10-15 16:32:38.492    1748-1748/? V/ActivityManager﹕ Display changed displayId=0
10-15 16:32:38.492    1748-1748/? W/InputMethodManagerService﹕ Ignoring setImeWindowStatus of uid 1000 token: null
10-15 16:32:38.492    1748-1774/? I/DisplayManagerService﹕ Display device changed: DisplayDeviceInfo{"Built-in Screen": 320 x 290, 45.000004 fps, density 213, 90.31111 x 136.40741 dpi, touch INTERNAL, rotation 0, type BUILT_IN, state ON, FLAG_DEFAULT_DISPLAY, FLAG_ROTATES_WITH_CONTENT, FLAG_SECURE, FLAG_SUPPORTS_PROTECTED_BUFFERS}
10-15 16:32:38.522  13774-13774/? V/WearActivity﹕ display changed: 0, new state: 2
10-15 16:32:38.522  13774-13774/? I/ClockFace﹕ Ambient mode: false
10-15 16:32:38.522  13774-13774/? V/ClockFace﹕ clearing caches
10-15 16:32:38.532  13774-13774/? V/ClockFace﹕ rendering new face, faceMode(0)
10-15 16:32:38.542   1415-15529/? D/mot_vr_audio_hw﹕ in_read waiting for hotword
10-15 16:32:38.542    1748-1748/? V/ActivityManager﹕ Display changed displayId=0
10-15 16:32:38.552  14644-14644/? E/ADSPD﹕ Timeout on select()
10-15 16:32:38.552  14644-14644/? E/ADSPD﹕ NO ACK received after loading firmware
10-15 16:32:38.552  14644-14644/? E/ADSPD﹕ Unknown ACK received 0x00
10-15 16:32:38.552  14644-14644/? D/ADSPD﹕ Client cmd=0x0003, size=4
10-15 16:32:38.562  14644-14644/? D/ADSPD﹕ Received from DSP: cmd=0x8003, size=2
10-15 16:32:38.562  14644-14644/? D/ADSPD﹕ Client cmd=0x4003, size=2
10-15 16:32:38.562   1415-14646/? D/mot_vr_audio_hw﹕ received recognition control callback, status 0
10-15 16:32:38.562    1748-1758/? D/SensorHAL﹕ adjustSensorHandle: handle = 9 adjustedHandle = 1
10-15 16:32:38.562    1748-1758/? D/SensorHAL﹕ adjustSensorHandle: handle = 9 adjustedHandle = 1
10-15 16:32:38.572  13774-13774/? V/ClockFace﹕ fetching new battery status (16988)
10-15 16:32:38.572  13774-13774/? V/ClockFace﹕ battery at 0.54
10-15 16:32:38.592    1748-1759/? D/SensorHAL﹕ adjustSensorHandle: handle = 9 adjustedHandle = 1
10-15 16:32:38.602    1748-1806/? D/LightsService﹕ Excessive delay setting light: 63ms
10-15 16:32:38.602  13774-13774/? V/ClockFace﹕ clearing caches
10-15 16:32:38.602  13774-13774/? V/MyViewAnim﹕ resuming old animator!
10-15 16:32:38.602  13774-13774/? V/WearActivity﹕ onDisplayChanged: on!
10-15 16:32:38.602  13774-15528/? V/ClockFace﹕ rendering new face, faceMode(0)
10-15 16:32:38.632  13774-15528/? V/ClockFace﹕ fetching new battery status (16989)
10-15 16:32:38.632  13774-15528/? V/ClockFace﹕ battery at 0.54
10-15 16:32:40.814    2030-2067/? W/bt-btif﹕ dm_pm_timer expires
10-15 16:32:40.814    2030-2067/? W/bt-btif﹕ dm_pm_timer expires 0
10-15 16:32:40.814    2030-2067/? W/bt-btif﹕ proc dm_pm_timer expires
10-15 16:32:43.467    1748-1758/? I/PowerManagerService﹕ Going to sleep due to screen timeout...
10-15 16:32:43.467    1748-1779/? I/PowerManagerService﹕ Dozing...
10-15 16:32:43.477    1748-1771/? I/DreamController﹕ Starting dream: name=ComponentInfo{com.google.android.wearable.app/com.google.android.clockwork.home.AmbientMode}, isTest=false, canDoze=true, userId=0
10-15 16:32:43.537    1748-1758/? I/ActivityManager﹕ START u0 {act=android.intent.action.MAIN cat=[android.intent.category.HOME] flg=0x10000000 cmp=com.google.android.wearable.app/com.google.android.clockwork.home.HomeActivity (has extras)} from pid 15375 on display 0
10-15 16:32:43.537    1748-1771/? I/DreamController﹕ Stopping dream: name=ComponentInfo{com.google.android.wearable.app/com.google.android.clockwork.home.AmbientMode}, isTest=false, canDoze=true, userId=0
10-15 16:32:43.547    1748-1779/? I/PowerManagerService﹕ Sleeping...
10-15 16:32:43.617  15375-15375/? I/AmbientMode﹕ Ambient mode started: canDoze=true, dozeHardware=null
10-15 16:32:43.617    1415-2736/? D/mot_vr_audio_hw﹕ dsp_recognizer_enabled = false
10-15 16:32:43.617  14644-14644/? D/ADSPD﹕ Client cmd=0x0003, size=4
10-15 16:32:43.627   1415-15529/? D/mot_vr_audio_hw﹕ Switching DSP to standby/passthrough mode
10-15 16:32:43.627   1415-15529/? D/mot_vr_audio_hw﹕ Input 0xb71b3980 ready to read
10-15 16:32:43.637  14644-14644/? D/ADSPD﹕ Received from DSP: cmd=0x8003, size=2
10-15 16:32:43.637  14644-14644/? D/ADSPD﹕ Client cmd=0x0003, size=4
10-15 16:32:43.637   1415-14646/? D/mot_vr_audio_hw﹕ received recognition control callback, status 0
10-15 16:32:43.647  14644-14644/? D/ADSPD﹕ Received from DSP: cmd=0x8003, size=2
10-15 16:32:43.647   1415-14646/? D/mot_vr_audio_hw﹕ received recognition control callback, status 0
10-15 16:32:43.677   1415-15529/? W/mot_vr_audio_hw﹕ Discarded 10 buffers without finding audio data
10-15 16:32:43.687  14644-14644/? D/ADSPD﹕ Client cmd=0x0003, size=4
10-15 16:32:43.687   1415-15529/? D/mot_vr_audio_hw﹕ Re-arming DSP
10-15 16:32:43.687   1415-15529/? D/mot_vr_audio_hw﹕ Input 0xb71b3980 standby complete
10-15 16:32:43.697  14644-14644/? D/ADSPD﹕ Received from DSP: cmd=0x8003, size=2
10-15 16:32:43.697   1415-14646/? D/mot_vr_audio_hw﹕ received recognition control callback, status 0
10-15 16:32:43.707  14644-14644/? D/ADSPD﹕ Client cmd=0x4003, size=2
10-15 16:32:43.707    1415-2205/? D/mot_vr_audio_hw﹕ Input 0xb71b3980 close complete
10-15 16:32:43.717    1415-2736/? D/mot_vr_audio_hw﹕ dsp_recognizer_enabled = true
10-15 16:32:43.717  14644-14644/? D/ADSPD﹕ Client cmd=0x0003, size=4
10-15 16:32:43.717    1415-1531/? D/mot_vr_audio_hw﹕ open_input_stream(): devices = 0x80000004, rate = 8000, channels = 0x10
10-15 16:32:43.717    1415-1531/? D/mot_vr_audio_hw﹕ Created resampler for 16000->8000 Hz
10-15 16:32:43.727  14644-14644/? D/ADSPD﹕ Received from DSP: cmd=0x8003, size=2
10-15 16:32:43.727  14644-14644/? D/ADSPD﹕ Client cmd=0x4003, size=2
10-15 16:32:43.727   1415-14646/? D/mot_vr_audio_hw﹕ received recognition control callback, status 0
10-15 16:32:43.747   1415-15531/? D/mot_vr_audio_hw﹕ in_read waiting for hotword
10-15 16:32:43.757    1748-1845/? D/LightsService﹕ Excessive delay setting light: 51ms
10-15 16:32:43.777    7396-7449/? D/dalvikvm﹕ GC_FOR_ALLOC freed 223K, 26% free 2315K/3092K, paused 81ms, total 82ms
10-15 16:32:43.787  15375-15375/? I/AmbientMode﹕ Dream ended: isDozing=true
10-15 16:32:44.098    1748-1845/? D/LightsService﹕ Excessive delay setting light: 125ms
10-15 16:32:44.098    1413-1413/? D/SurfaceFlinger﹕ Screen released, type=0 flinger=0xb8e4d448
10-15 16:32:44.238    1413-1413/? D/hwcomposer﹕ hwc_blank(0: 1)
10-15 16:32:44.238    1748-1845/? D/SurfaceControl﹕ Excessive delay in blankDisplay() while turning screen off: 145ms
10-15 16:32:44.268    1748-1774/? I/DisplayManagerService﹕ Display device changed: DisplayDeviceInfo{"Built-in Screen": 320 x 290, 45.000004 fps, density 213, 90.31111 x 136.40741 dpi, touch INTERNAL, rotation 0, type BUILT_IN, state OFF, FLAG_DEFAULT_DISPLAY, FLAG_ROTATES_WITH_CONTENT, FLAG_SECURE, FLAG_SUPPORTS_PROTECTED_BUFFERS}
10-15 16:32:44.268    1748-1748/? V/ActivityManager﹕ Display changed displayId=0
10-15 16:32:44.278  13774-13774/? V/WearActivity﹕ display changed: 0, new state: 1
10-15 16:32:44.278  13774-13774/? I/TimeWrapper﹕ FPS: 39.414936, samples: 225
10-15 16:32:44.278  13774-13774/? I/TimeWrapper﹕ Min/Avg/Max frame render speed (ms): 5.767822 / 7.662082 / 52.337646
10-15 16:32:44.278  13774-13774/? I/TimeWrapper﹕ Waketime: 30.200048%
10-15 16:32:44.278  13774-13774/? I/ClockFace﹕ Ambient mode: true
10-15 16:32:44.278  13774-13774/? V/ClockFace﹕ clearing caches
10-15 16:32:44.278  13774-13774/? V/MyViewAnim﹕ stopping animation!
10-15 16:32:44.278  13774-13774/? V/WearActivity﹕ onDisplayChanged: off!
10-15 16:32:44.288  13774-15528/? V/ClockFace﹕ rendering new face, faceMode(0)
10-15 16:32:44.288    1748-1779/? D/MinnowPowerHAL﹕ power_set_interactive: 0
10-15 16:32:44.288    1748-1779/? D/MinnowPowerHAL﹕ sysfs_write: /sys/devices/platform/omapdss/display0/interactivemode 0
10-15 16:32:44.288    1748-1779/? D/MinnowPowerHAL﹕ sysfs_write: /sys/devices/ocp.2/i2c.6/i2c-0/0-004a/interactivemode 0
10-15 16:32:44.288    1748-1779/? D/mot_vr_audio_hw﹕ dsp_set_pm_state = off
10-15 16:32:44.288  14644-14644/? D/ADSPD﹕ Client cmd=0x4002, size=2
10-15 16:32:44.288  14644-14644/? D/ADSPD﹕ DSP_CMD_DAEMON_SET_PM_STATE : 0
10-15 16:32:44.288  14644-14644/? D/ADSPD﹕ DSP not turned off as still being used
10-15 16:32:44.308  13774-13774/? V/WearActivity﹕ Pause!
10-15 16:32:44.318    1415-2801/? D/mot_vr_audio_hw﹕ dsp_recognizer_enabled = false
10-15 16:32:44.318  14644-14644/? D/ADSPD﹕ Client cmd=0x0003, size=4
10-15 16:32:44.318  14644-14644/? D/ADSPD﹕ Trying to send to dsp while in dsp in RESET
10-15 16:32:44.318   1415-15531/? W/mot_vr_audio_hw﹕ Not allowing wake() since DSP is disabled
10-15 16:32:44.318  13774-13774/? V/WearActivity﹕ Stop!
10-15 16:32:44.328   1415-15531/? W/mot_vr_audio_hw﹕ Not allowing wake() since DSP is disabled
10-15 16:32:44.328  13774-15528/? V/MyViewAnim﹕ looper finished!
10-15 16:32:44.328    1748-1748/? W/InputMethodManagerService﹕ Ignoring setImeWindowStatus of uid 1000 token: null
10-15 16:32:44.348  14644-14644/? D/ADSPD﹕ Client cmd=0x4003, size=2
10-15 16:32:44.348  14644-14644/? D/ADSPD﹕ DSP no longer used, turned off here
10-15 16:32:44.348    1415-2736/? D/mot_vr_audio_hw﹕ Input 0xb71b3980 close complete
10-15 16:32:46.410    2030-2067/? W/bt-btif﹕ dm_pm_timer expires
10-15 16:32:46.410    2030-2067/? W/bt-btif﹕ dm_pm_timer expires 0
10-15 16:32:46.410    2030-2067/? W/bt-btif﹕ proc dm_pm_timer expires
10-15 16:34:23.841    2217-2218/? D/dalvikvm﹕ GC_CONCURRENT freed 385K, 74% free 2194K/8252K, paused 4ms+5ms, total 29ms
10-15 16:38:25.448  15375-15404/? I/Clockwork.Settings﹕ time sync timezone: America/Chicago
10-15 16:38:25.458    1748-2329/? D/﹕ Setting time of day to sec=1413409105
10-15 16:38:25.877   1947-15534/? I/Clockwork.TimeService﹕ set timezone to America/Chicago
10-15 16:38:25.877    1748-3348/? D/AlarmManagerService﹕ Kernel timezone updated to 300 minutes west of GMT
10-15 16:38:25.937   7381-15535/? I/CheckinService﹕ active receiver: disabled
10-15 16:38:25.967    1748-3348/? I/ActivityManager﹕ Delay finish: com.google.android.gms/.gcm.ServiceAutoStarter
10-15 16:38:25.977    7416-7416/? D/GCM﹕ GcmService start Intent { act=com.google.android.checkin.CHECKIN_COMPLETE flg=0x10 cmp=com.google.android.gms/.gcm.GcmService (has extras) } com.google.android.checkin.CHECKIN_COMPLETE
10-15 16:38:25.977    1748-2677/? I/ActivityManager﹕ Resuming delayed broadcast
10-15 16:38:27.868    2030-2067/? W/bt-btif﹕ dm_pm_timer expires
10-15 16:38:27.868    2030-2067/? W/bt-btif﹕ dm_pm_timer expires 0
10-15 16:38:27.868    2030-2067/? W/bt-btif﹕ proc dm_pm_timer expires
10-15 16:38:32.175    2030-2067/? W/bt-btif﹕ dm_pm_timer expires
10-15 16:38:32.175    2030-2067/? W/bt-btif﹕ dm_pm_timer expires 0
10-15 16:38:32.175    2030-2067/? W/bt-btif﹕ proc dm_pm_timer expires
10-15 16:38:55.480    1748-1795/? D/ConnectivityService﹕ Sampling interval elapsed, updating statistics ..
10-15 16:38:55.480    1748-1795/? D/ConnectivityService﹕ Done.
10-15 16:38:55.480    1748-1795/? D/ConnectivityService﹕ Setting timer for 720seconds
10-15 16:43:40.870  13774-13786/? V/WearReceiverService﹕ message received!
10-15 16:43:40.870  13774-13786/? V/ClockFace﹕ clearing caches
10-15 16:43:40.870  13774-13786/? V/ClockState﹕ clipping 8 raw events to fit the screen
10-15 16:43:40.921  13774-13786/? V/EventLayoutUniform﹕ Event layout success.
10-15 16:43:40.921  13774-13786/? V/EventLayoutUniform﹕ Event layout time: 43.212891 ms
10-15 16:43:40.921  13774-13786/? V/ClockState﹕ maxLevel for new events: 10000
10-15 16:43:40.921  13774-13786/? V/ClockState﹕ number of new events: 5
10-15 16:43:40.921  13774-13786/? V/ClockFace﹕ clearing caches
10-15 16:43:40.921  13774-13786/? V/ClockState﹕ new calendar event list, 8 entries
10-15 16:43:40.921  13774-13786/? V/ClockFace﹕ clearing caches
10-15 16:43:40.921  13774-13786/? V/ClockFace﹕ clearing caches
10-15 16:43:40.921  13774-13786/? V/ClockState﹕ event update complete
10-15 16:43:40.921  13774-13786/? V/WearReceiverService﹕ savePreferences
10-15 16:43:40.941  13774-13775/? D/dalvikvm﹕ GC_CONCURRENT freed 435K, 21% free 2472K/3120K, paused 2ms+14ms, total 61ms
10-15 16:43:40.991    1748-1750/? D/dalvikvm﹕ GC_CONCURRENT freed 698K, 25% free 5144K/6844K, paused 3ms+10ms, total 141ms
10-15 16:43:42.872    2030-2067/? W/bt-btif﹕ dm_pm_timer expires
10-15 16:43:42.872    2030-2067/? W/bt-btif﹕ dm_pm_timer expires 0
10-15 16:43:42.872    2030-2067/? W/bt-btif﹕ proc dm_pm_timer expires
10-15 16:45:15.640    2217-2218/? D/dalvikvm﹕ GC_CONCURRENT freed 385K, 74% free 2195K/8252K, paused 4ms+2ms, total 32ms
10-15 16:46:48.977   7396-14249/? D/dalvikvm﹕ GC_FOR_ALLOC freed 204K, 26% free 2308K/3092K, paused 27ms, total 28ms
10-15 16:46:49.407   7396-14249/? D/dalvikvm﹕ GC_FOR_ALLOC freed 149K, 26% free 2306K/3092K, paused 17ms, total 17ms
10-15 16:46:49.838   7396-14249/? D/dalvikvm﹕ GC_FOR_ALLOC freed 158K, 25% free 2320K/3092K, paused 17ms, total 18ms
10-15 16:46:50.378   7396-14249/? D/dalvikvm﹕ GC_FOR_ALLOC freed 151K, 26% free 2303K/3092K, paused 19ms, total 20ms
