10-25 23:27:30.322    1418-9162/? D/mot_vr_audio_hw﹕ Switching DSP to standby/passthrough mode
10-25 23:27:30.322    1418-9162/? D/mot_vr_audio_hw﹕ Input 0xb75c4d20 ready to read
10-25 23:27:30.332    1411-1411/? D/ADSPD﹕ Received from DSP: cmd=0x8003, size=2
10-25 23:27:30.342    1411-1411/? D/ADSPD﹕ Client cmd=0x0003, size=4
10-25 23:27:30.342    1418-2021/? D/mot_vr_audio_hw﹕ received recognition control callback, status 0
10-25 23:27:30.352    1411-1411/? D/ADSPD﹕ Received from DSP: cmd=0x8003, size=2
10-25 23:27:30.352    1418-2021/? D/mot_vr_audio_hw﹕ received recognition control callback, status 0
10-25 23:27:30.372    1418-9162/? W/mot_vr_audio_hw﹕ Discarded 10 buffers without finding audio data
10-25 23:27:30.382    1411-1411/? D/ADSPD﹕ Client cmd=0x0003, size=4
10-25 23:27:30.392    1418-9162/? D/mot_vr_audio_hw﹕ Re-arming DSP
10-25 23:27:30.392    1418-9162/? D/mot_vr_audio_hw﹕ Input 0xb75c4d20 standby complete
10-25 23:27:30.402    1411-1411/? D/ADSPD﹕ Received from DSP: cmd=0x8003, size=2
10-25 23:27:30.402    1418-2021/? D/mot_vr_audio_hw﹕ received recognition control callback, status 0
10-25 23:27:30.402    1411-1411/? D/ADSPD﹕ Client cmd=0x4003, size=2
10-25 23:27:30.402    1418-1418/? D/mot_vr_audio_hw﹕ Input 0xb75c4d20 close complete
10-25 23:27:30.412    1922-1922/? I/AmbientMode﹕ Dream ended: isDozing=true
10-25 23:27:30.522    1749-2245/? I/ActivityManager﹕ Activity reported stop, but no longer stopping: ActivityRecord{add0ab30 u0 com.google.android.wearable.app/com.google.android.clockwork.home.HomeActivity t1}
10-25 23:27:30.883    1749-1833/? D/LightsService﹕ Excessive delay setting light: 98ms
10-25 23:27:30.883    1416-1416/? D/SurfaceFlinger﹕ Screen released, type=0 flinger=0xb8f42448
10-25 23:27:31.033    1416-1416/? D/hwcomposer﹕ hwc_blank(0: 1)
10-25 23:27:31.033    1749-1833/? D/SurfaceControl﹕ Excessive delay in blankDisplay() while turning screen off: 149ms
10-25 23:27:31.053    1749-1779/? I/DisplayManagerService﹕ Display device changed: DisplayDeviceInfo{"Built-in Screen": 320 x 290, 45.000004 fps, density 213, 203.2 x 204.61111 dpi, touch INTERNAL, rotation 0, type BUILT_IN, state OFF, FLAG_DEFAULT_DISPLAY, FLAG_ROTATES_WITH_CONTENT, FLAG_SECURE, FLAG_SUPPORTS_PROTECTED_BUFFERS}
10-25 23:27:31.053    1749-1749/? V/ActivityManager﹕ Display changed displayId=0
10-25 23:27:31.063    9034-9034/? V/WearActivity﹕ display changed: 0, new state: 1
10-25 23:27:31.063    9034-9034/? I/TimeWrapper﹕ FPS: 39.69929, samples: 232
10-25 23:27:31.063    9034-9034/? I/TimeWrapper﹕ Min/Avg/Max frame render speed (ms): 3.997803 / 5.25902 / 22.827148
10-25 23:27:31.063    9034-9034/? I/TimeWrapper﹕ Waketime: 20.87794%
10-25 23:27:31.063    9034-9034/? V/WearActivity﹕ onDisplayChanged: off!
10-25 23:27:31.063    9034-9034/? V/WearActivity﹕ stopHelper: shutting things down
10-25 23:27:31.093    1749-1783/? D/MinnowPowerHAL﹕ power_set_interactive: 0
10-25 23:27:31.093    1749-1783/? D/MinnowPowerHAL﹕ sysfs_write: /sys/devices/platform/omapdss/display0/interactivemode 0
10-25 23:27:31.093    1749-1783/? D/MinnowPowerHAL﹕ sysfs_write: /sys/devices/ocp.2/i2c.6/i2c-0/0-004a/interactivemode 0
10-25 23:27:31.093    1749-1783/? D/MinnowPowerHAL﹕ sysfs_write: /sys/class/leds/lcd-backlight/interactive 0
10-25 23:27:31.093    1749-1783/? D/mot_vr_audio_hw﹕ dsp_set_pm_state = off
10-25 23:27:31.093    1411-1411/? D/ADSPD﹕ Client cmd=0x4002, size=2
10-25 23:27:31.093    1411-1411/? D/ADSPD﹕ DSP_CMD_DAEMON_SET_PM_STATE : 0
10-25 23:27:31.093    9034-9034/? V/MyViewAnim﹕ stopping animation!
10-25 23:27:31.093    9034-9034/? V/MyViewAnim﹕ killDrawThread
10-25 23:27:31.093    9034-9034/? V/WearActivity﹕ killing alarms
10-25 23:27:31.093    9034-9034/? I/ClockFace﹕ Ambient mode: false
10-25 23:27:31.103    9034-9161/? V/MyViewAnim﹕ looper finished!
10-25 23:27:34.376    1749-1770/? D/SensorHALGestureSensor﹕ Gesture event received! time = 1414297654379146779
10-25 23:27:34.376    1749-1759/? I/PowerManagerService﹕ Waking up from sleep...
10-25 23:27:34.376    1749-1777/? W/KeyguardServiceDelegate﹕ onScreenTurnedOn(): no keyguard service!
10-25 23:27:34.386    9034-9034/? V/WearActivity﹕ display changed: 0, new state: 1
10-25 23:27:34.386    9034-9034/? V/WearActivity﹕ state didn't actually change
10-25 23:27:34.546    1749-1759/? D/PowerManagerService-JNI﹕ Excessive delay in autosuspend_disable() while turning screen on: 172ms
10-25 23:27:34.546    1749-1759/? D/MinnowPowerHAL﹕ power_set_interactive: 1
10-25 23:27:34.546    1749-1759/? D/MinnowPowerHAL﹕ sysfs_write: /sys/devices/platform/omapdss/display0/interactivemode 1
10-25 23:27:34.546    1749-1759/? D/MinnowPowerHAL﹕ sysfs_write: /sys/devices/ocp.2/i2c.6/i2c-0/0-004a/interactivemode 1
10-25 23:27:34.556    1749-1759/? D/MinnowPowerHAL﹕ sysfs_write: /sys/class/leds/lcd-backlight/interactive 1
10-25 23:27:34.556    1749-1759/? D/mot_vr_audio_hw﹕ dsp_set_pm_state = on
10-25 23:27:34.556    1411-1411/? D/ADSPD﹕ Client cmd=0x4002, size=2
10-25 23:27:34.556    1411-1411/? D/ADSPD﹕ DSP_CMD_DAEMON_SET_PM_STATE : 1
10-25 23:27:34.566    9034-9034/? V/WearActivity﹕ Resume!
10-25 23:27:34.576    1922-1922/? E/ClockworkHome﹕ Tried to exit ambient mode, but enterAmbientMode() was never called.
10-25 23:27:34.576    1418-1817/? D/mot_vr_audio_hw﹕ dsp_recognizer_enabled = true
10-25 23:27:34.576    1418-1520/? D/mot_vr_audio_hw﹕ open_input_stream(): devices = 0x80000004, rate = 8000, channels = 0x10
10-25 23:27:34.576    1418-1520/? D/mot_vr_audio_hw﹕ Created resampler for 16000->8000 Hz
10-25 23:27:34.586    1749-1749/? V/ActivityManager﹕ Display changed displayId=0
10-25 23:27:34.586    1749-1749/? W/InputMethodManagerService﹕ Ignoring setImeWindowStatus of uid 1000 token: null
10-25 23:27:34.606    1418-9164/? D/mot_vr_audio_hw﹕ in_read waiting for hotword
10-25 23:27:34.616    2314-2314/? D/WearableClient﹕ WearableClientImpl.onPostInitHandler: done
10-25 23:27:34.656    2314-2314/? D/dalvikvm﹕ GC_FOR_ALLOC freed 230K, 25% free 2328K/3072K, paused 25ms, total 25ms
10-25 23:27:34.696    1416-1416/? D/SurfaceFlinger﹕ Screen acquired, type=0 flinger=0xb8f42448
10-25 23:27:34.696    1416-1416/? D/hwcomposer﹕ hwc_blank(0: 0)
10-25 23:27:34.696    1749-1760/? D/SensorHAL﹕ adjustSensorHandle: handle = 9 adjustedHandle = 1
10-25 23:27:34.696    1749-1760/? D/SensorHAL﹕ adjustSensorHandle: handle = 9 adjustedHandle = 1
10-25 23:27:34.706    1749-1779/? I/DisplayManagerService﹕ Display device changed: DisplayDeviceInfo{"Built-in Screen": 320 x 290, 45.000004 fps, density 213, 203.2 x 204.61111 dpi, touch INTERNAL, rotation 0, type BUILT_IN, state ON, FLAG_DEFAULT_DISPLAY, FLAG_ROTATES_WITH_CONTENT, FLAG_SECURE, FLAG_SUPPORTS_PROTECTED_BUFFERS}
10-25 23:27:34.706    1749-1749/? V/ActivityManager﹕ Display changed displayId=0
10-25 23:27:34.716    9034-9034/? V/WearActivity﹕ display changed: 0, new state: 2
10-25 23:27:34.716    9034-9034/? V/WearActivity﹕ onDisplayChanged: on!
10-25 23:27:34.716    9034-9034/? V/WearActivity﹕ startHelper: putting it all back together again
10-25 23:27:34.716    9034-9034/? V/WearActivity﹕ initAlarm: setting up
10-25 23:27:34.716    1749-5971/? D/SensorHAL﹕ adjustSensorHandle: handle = 9 adjustedHandle = 1
10-25 23:27:34.726    9034-9034/? I/ClockFace﹕ Ambient mode: false
10-25 23:27:34.726    9034-9034/? V/MyViewAnim﹕ resumeMaxHertz
10-25 23:27:34.726    9034-9034/? V/ClockFace﹕ clearing caches
10-25 23:27:34.726    9034-9034/? V/MyViewAnim﹕ starting new animator
10-25 23:27:34.726    9034-9034/? V/MyViewAnim﹕ Time listener is up!
10-25 23:27:34.726    9034-9034/? V/MyViewAnim﹕ starting new draw thread
10-25 23:27:34.756    9034-9166/? V/ClockFace﹕ rendering new face, faceMode(0)
10-25 23:27:34.766    9034-9166/? V/ClockFace﹕ fetching new battery status (3996)
10-25 23:27:34.766    9034-9166/? V/ClockFace﹕ battery at 0.24
10-25 23:27:34.766    9034-9166/? V/ClockFace﹕ --> dot radius: 0.046
10-25 23:27:34.817    2314-2314/? D/WearableClient﹕ WearableClientImpl.onPostInitHandler: done
10-25 23:27:34.847    2314-2314/? D/dalvikvm﹕ GC_FOR_ALLOC freed 227K, 26% free 2276K/3072K, paused 19ms, total 20ms
10-25 23:27:34.857    1411-1411/? E/ADSPD﹕ Timeout on select()
10-25 23:27:34.857    1411-1411/? E/ADSPD﹕ NO ACK received after loading firmware
10-25 23:27:34.857    1411-1411/? E/ADSPD﹕ Unknown ACK received 0x00
10-25 23:27:34.857    1411-1411/? D/ADSPD﹕ Client cmd=0x0003, size=4
10-25 23:27:34.877    1411-1411/? D/ADSPD﹕ Received from DSP: cmd=0x8003, size=2
10-25 23:27:34.877    1411-1411/? D/ADSPD﹕ Client cmd=0x4003, size=2
10-25 23:27:34.877    1418-2021/? D/mot_vr_audio_hw﹕ received recognition control callback, status 0
10-25 23:27:39.591    1749-1760/? I/PowerManagerService﹕ Going to sleep due to screen timeout...
10-25 23:27:39.591    1749-1783/? I/PowerManagerService﹕ Dozing...
10-25 23:27:39.591    1749-1776/? I/DreamController﹕ Starting dream: name=ComponentInfo{com.google.android.wearable.app/com.google.android.clockwork.home.AmbientMode}, isTest=false, canDoze=true, userId=0
10-25 23:27:39.601    9034-9034/? V/WearActivity﹕ Pause!
10-25 23:27:39.601    9034-9034/? V/WearActivity﹕ Stop!
10-25 23:27:39.611    1749-1749/? W/InputMethodManagerService﹕ Ignoring setImeWindowStatus of uid 1000 token: null
10-25 23:27:39.661    1418-1418/? D/mot_vr_audio_hw﹕ dsp_recognizer_enabled = false
10-25 23:27:39.661    1411-1411/? D/ADSPD﹕ Client cmd=0x0003, size=4
10-25 23:27:39.661    1418-9164/? D/mot_vr_audio_hw﹕ Switching DSP to standby/passthrough mode
10-25 23:27:39.661    1418-9164/? D/mot_vr_audio_hw﹕ Input 0xb75c4d20 ready to read
10-25 23:27:39.671    1411-1411/? D/ADSPD﹕ Received from DSP: cmd=0x8003, size=2
10-25 23:27:39.671    1411-1411/? D/ADSPD﹕ Client cmd=0x0003, size=4
10-25 23:27:39.671    1418-2021/? D/mot_vr_audio_hw﹕ received recognition control callback, status 0
10-25 23:27:39.681    1411-1411/? D/ADSPD﹕ Received from DSP: cmd=0x8003, size=2
10-25 23:27:39.681    1418-2021/? D/mot_vr_audio_hw﹕ received recognition control callback, status 0
10-25 23:27:39.711    1418-9164/? W/mot_vr_audio_hw﹕ Discarded 10 buffers without finding audio data
10-25 23:27:39.721    1411-1411/? D/ADSPD﹕ Client cmd=0x0003, size=4
10-25 23:27:39.721    1418-9164/? D/mot_vr_audio_hw﹕ Re-arming DSP
10-25 23:27:39.721    1418-9164/? D/mot_vr_audio_hw﹕ Input 0xb75c4d20 standby complete
10-25 23:27:39.731    1418-1520/? D/mot_vr_audio_hw﹕ Input 0xb75c4d20 close complete
10-25 23:27:39.731    1411-1411/? D/ADSPD﹕ Received from DSP: cmd=0x8003, size=2
10-25 23:27:39.731    1411-1411/? D/ADSPD﹕ Client cmd=0x4003, size=2
10-25 23:27:39.731    1418-2021/? D/mot_vr_audio_hw﹕ received recognition control callback, status 0
10-25 23:27:39.801    1749-5971/? I/ActivityManager﹕ START u0 {act=android.intent.action.MAIN cat=[android.intent.category.HOME] flg=0x10000000 cmp=com.google.android.wearable.app/com.google.android.clockwork.home.HomeActivity (has extras)} from pid 1922 on display 0
10-25 23:27:39.811    9034-9034/? V/WearActivity﹕ display changed: 0, new state: 2
10-25 23:27:39.811    9034-9034/? V/WearActivity﹕ state didn't actually change
10-25 23:27:39.811    1749-1749/? V/ActivityManager﹕ Display changed displayId=0
10-25 23:27:39.831    1749-1776/? I/DreamController﹕ Stopping dream: name=ComponentInfo{com.google.android.wearable.app/com.google.android.clockwork.home.AmbientMode}, isTest=false, canDoze=true, userId=0
10-25 23:27:39.841    1749-1783/? I/PowerManagerService﹕ Sleeping...
10-25 23:27:39.881    1922-1922/? I/AmbientMode﹕ Ambient mode started: canDoze=true, dozeHardware=null
10-25 23:27:39.881    1749-1971/? I/ActivityManager﹕ Activity reported stop, but no longer stopping: ActivityRecord{add0ab30 u0 com.google.android.wearable.app/com.google.android.clockwork.home.HomeActivity t1}
10-25 23:27:39.891    1418-1817/? D/mot_vr_audio_hw﹕ dsp_recognizer_enabled = true
10-25 23:27:39.891    1411-1411/? D/ADSPD﹕ Client cmd=0x0003, size=4
10-25 23:27:39.902    1418-1418/? D/mot_vr_audio_hw﹕ open_input_stream(): devices = 0x80000004, rate = 8000, channels = 0x10
10-25 23:27:39.902    1418-1418/? D/mot_vr_audio_hw﹕ Created resampler for 16000->8000 Hz
10-25 23:27:39.902    1411-1411/? D/ADSPD﹕ Received from DSP: cmd=0x8003, size=2
10-25 23:27:39.902    1411-1411/? D/ADSPD﹕ Client cmd=0x4003, size=2
10-25 23:27:39.902    1418-2021/? D/mot_vr_audio_hw﹕ received recognition control callback, status 0
10-25 23:27:39.922    1418-9168/? D/mot_vr_audio_hw﹕ in_read waiting for hotword
10-25 23:27:39.922    1418-1520/? D/mot_vr_audio_hw﹕ dsp_recognizer_enabled = false
10-25 23:27:39.922    1411-1411/? D/ADSPD﹕ Client cmd=0x0003, size=4
10-25 23:27:39.922    1418-9168/? D/mot_vr_audio_hw﹕ Switching DSP to standby/passthrough mode
10-25 23:27:39.922    1418-9168/? D/mot_vr_audio_hw﹕ Input 0xb75c4d20 ready to read
10-25 23:27:39.932    1411-1411/? D/ADSPD﹕ Received from DSP: cmd=0x8003, size=2
10-25 23:27:39.932    1411-1411/? D/ADSPD﹕ Client cmd=0x0003, size=4
10-25 23:27:39.932    1418-2021/? D/mot_vr_audio_hw﹕ received recognition control callback, status 0
10-25 23:27:39.952    1411-1411/? D/ADSPD﹕ Received from DSP: cmd=0x8003, size=2
10-25 23:27:39.952    1418-2021/? D/mot_vr_audio_hw﹕ received recognition control callback, status 0
10-25 23:27:39.972    1418-9168/? W/mot_vr_audio_hw﹕ Discarded 10 buffers without finding audio data
10-25 23:27:39.982    1411-1411/? D/ADSPD﹕ Client cmd=0x0003, size=4
10-25 23:27:39.982    1418-9168/? D/mot_vr_audio_hw﹕ Re-arming DSP
10-25 23:27:39.982    1418-9168/? D/mot_vr_audio_hw﹕ Input 0xb75c4d20 standby complete
10-25 23:27:39.992    1418-2243/? D/mot_vr_audio_hw﹕ Input 0xb75c4d20 close complete
10-25 23:27:40.002    1411-1411/? D/ADSPD﹕ Received from DSP: cmd=0x8003, size=2
10-25 23:27:40.002    1411-1411/? D/ADSPD﹕ Client cmd=0x4003, size=2
10-25 23:27:40.002    1418-2021/? D/mot_vr_audio_hw﹕ received recognition control callback, status 0
10-25 23:27:40.002    1922-1922/? I/AmbientMode﹕ Dream ended: isDozing=true
10-25 23:27:40.482    1749-1833/? D/LightsService﹕ Excessive delay setting light: 68ms
10-25 23:27:40.482    1416-1416/? D/SurfaceFlinger﹕ Screen released, type=0 flinger=0xb8f42448
10-25 23:27:40.642    1416-1416/? D/hwcomposer﹕ hwc_blank(0: 1)
10-25 23:27:40.642    1749-1833/? D/SurfaceControl﹕ Excessive delay in blankDisplay() while turning screen off: 161ms
10-25 23:27:40.662    1749-1779/? I/DisplayManagerService﹕ Display device changed: DisplayDeviceInfo{"Built-in Screen": 320 x 290, 45.000004 fps, density 213, 203.2 x 204.61111 dpi, touch INTERNAL, rotation 0, type BUILT_IN, state OFF, FLAG_DEFAULT_DISPLAY, FLAG_ROTATES_WITH_CONTENT, FLAG_SECURE, FLAG_SUPPORTS_PROTECTED_BUFFERS}
10-25 23:27:40.662    1749-1749/? V/ActivityManager﹕ Display changed displayId=0
10-25 23:27:40.672    9034-9034/? V/WearActivity﹕ display changed: 0, new state: 1
10-25 23:27:40.672    9034-9034/? I/TimeWrapper﹕ FPS: 40.964657, samples: 242
10-25 23:27:40.672    9034-9034/? I/TimeWrapper﹕ Min/Avg/Max frame render speed (ms): 3.875732 / 5.056712 / 34.63745
10-25 23:27:40.672    9034-9034/? I/TimeWrapper﹕ Waketime: 20.714647%
10-25 23:27:40.672    9034-9034/? V/WearActivity﹕ onDisplayChanged: off!
10-25 23:27:40.672    9034-9034/? V/WearActivity﹕ stopHelper: shutting things down
10-25 23:27:40.692    1749-1783/? D/MinnowPowerHAL﹕ power_set_interactive: 0
10-25 23:27:40.692    1749-1783/? D/MinnowPowerHAL﹕ sysfs_write: /sys/devices/platform/omapdss/display0/interactivemode 0
10-25 23:27:40.692    1749-1783/? D/MinnowPowerHAL﹕ sysfs_write: /sys/devices/ocp.2/i2c.6/i2c-0/0-004a/interactivemode 0
10-25 23:27:40.692    1749-1783/? D/MinnowPowerHAL﹕ sysfs_write: /sys/class/leds/lcd-backlight/interactive 0
10-25 23:27:40.692    1749-1783/? D/mot_vr_audio_hw﹕ dsp_set_pm_state = off
10-25 23:27:40.692    1411-1411/? D/ADSPD﹕ Client cmd=0x4002, size=2
10-25 23:27:40.692    1411-1411/? D/ADSPD﹕ DSP_CMD_DAEMON_SET_PM_STATE : 0
10-25 23:27:40.702    9034-9034/? V/MyViewAnim﹕ stopping animation!
10-25 23:27:40.702    9034-9034/? V/MyViewAnim﹕ killDrawThread
10-25 23:27:40.702    9034-9034/? V/WearActivity﹕ killing alarms
10-25 23:27:40.712    9034-9034/? I/ClockFace﹕ Ambient mode: false
10-25 23:27:40.712    9034-9166/? V/MyViewAnim﹕ looper finished!
10-25 23:27:40.752    2314-2314/? D/WearableClient﹕ WearableClientImpl.onPostInitHandler: done
10-25 23:27:40.762    2314-2314/? D/dalvikvm﹕ GC_FOR_ALLOC freed 231K, 25% free 2330K/3072K, paused 11ms, total 11ms
10-25 23:27:42.414    1922-2000/? W/Clockwork.Settings﹕ could not send rpc to writer
    com.google.android.wearable.gmsclient.WearableException: sendRpc failed: Status{statusCode=TIMEOUT, resolution=null}
            at com.google.android.wearable.gmsclient.MessageManager.sendMessage(MessageManager.java:65)
            at com.google.android.clockwork.settings.SettingsDataItemReader$ClockworkHandler.handleMessage(SettingsDataItemReader.java:387)
            at android.os.Handler.dispatchMessage(Handler.java:102)
            at android.os.Looper.loop(Looper.java:136)
            at android.os.HandlerThread.run(HandlerThread.java:61)
10-25 23:27:42.414    1922-2000/? I/Clockwork.Settings﹕ scheduling time sync for 2000 ms from now
10-25 23:28:03.475    1749-1770/? D/SensorHALGestureSensor﹕ Gesture event received! time = 1414297683485653126
10-25 23:28:03.475    1749-2245/? I/PowerManagerService﹕ Waking up from sleep...
10-25 23:28:03.475    1749-1777/? W/KeyguardServiceDelegate﹕ onScreenTurnedOn(): no keyguard service!
10-25 23:28:03.495    1749-2245/? D/MinnowPowerHAL﹕ power_set_interactive: 1
10-25 23:28:03.495    1749-2245/? D/MinnowPowerHAL﹕ sysfs_write: /sys/devices/platform/omapdss/display0/interactivemode 1
10-25 23:28:03.625    1749-2245/? D/MinnowPowerHAL﹕ sysfs_write: /sys/devices/ocp.2/i2c.6/i2c-0/0-004a/interactivemode 1
10-25 23:28:03.625    1749-2245/? D/MinnowPowerHAL﹕ sysfs_write: /sys/class/leds/lcd-backlight/interactive 1
10-25 23:28:03.625    1749-2245/? D/mot_vr_audio_hw﹕ dsp_set_pm_state = on
10-25 23:28:03.625    1749-2245/? D/PowerManagerService-JNI﹕ Excessive delay in setInteractive(true) while turning screen on: 132ms
10-25 23:28:03.625    1411-1411/? D/ADSPD﹕ Client cmd=0x4002, size=2
10-25 23:28:03.625    1411-1411/? D/ADSPD﹕ DSP_CMD_DAEMON_SET_PM_STATE : 1
10-25 23:28:03.645    9034-9034/? V/WearActivity﹕ display changed: 0, new state: 1
10-25 23:28:03.645    9034-9034/? V/WearActivity﹕ state didn't actually change
10-25 23:28:03.655    9034-9034/? V/WearActivity﹕ Resume!
10-25 23:28:03.665    1411-1411/? D/ADSPD﹕ ACK success!
10-25 23:28:03.665    1922-1922/? E/ClockworkHome﹕ Tried to exit ambient mode, but enterAmbientMode() was never called.
10-25 23:28:03.665    1418-1520/? D/mot_vr_audio_hw﹕ dsp_recognizer_enabled = true
10-25 23:28:03.665    1411-1411/? D/ADSPD﹕ Client cmd=0x0003, size=4
10-25 23:28:03.665    1749-1749/? V/ActivityManager﹕ Display changed displayId=0
10-25 23:28:03.665    1749-1749/? W/InputMethodManagerService﹕ Ignoring setImeWindowStatus of uid 1000 token: null
10-25 23:28:03.675    1418-1418/? D/mot_vr_audio_hw﹕ open_input_stream(): devices = 0x80000004, rate = 8000, channels = 0x10
10-25 23:28:03.675    1418-1418/? D/mot_vr_audio_hw﹕ Created resampler for 16000->8000 Hz
10-25 23:28:03.685    1411-1411/? D/ADSPD﹕ Received from DSP: cmd=0x8003, size=2
10-25 23:28:03.685    1411-1411/? D/ADSPD﹕ Client cmd=0x4003, size=2
10-25 23:28:03.685    1418-2021/? D/mot_vr_audio_hw﹕ received recognition control callback, status 0
10-25 23:28:03.695    1418-9170/? D/mot_vr_audio_hw﹕ in_read waiting for hotword
10-25 23:28:03.765    1416-1416/? D/SurfaceFlinger﹕ Screen acquired, type=0 flinger=0xb8f42448
10-25 23:28:03.765    1416-1416/? D/hwcomposer﹕ hwc_blank(0: 0)
10-25 23:28:03.765    1749-2580/? D/SensorHAL﹕ adjustSensorHandle: handle = 9 adjustedHandle = 1
10-25 23:28:03.765    1749-2580/? D/SensorHAL﹕ adjustSensorHandle: handle = 9 adjustedHandle = 1
10-25 23:28:03.765    1749-1779/? I/DisplayManagerService﹕ Display device changed: DisplayDeviceInfo{"Built-in Screen": 320 x 290, 45.000004 fps, density 213, 203.2 x 204.61111 dpi, touch INTERNAL, rotation 0, type BUILT_IN, state ON, FLAG_DEFAULT_DISPLAY, FLAG_ROTATES_WITH_CONTENT, FLAG_SECURE, FLAG_SUPPORTS_PROTECTED_BUFFERS}
10-25 23:28:03.775    1749-1749/? V/ActivityManager﹕ Display changed displayId=0
10-25 23:28:03.785    1749-1971/? D/SensorHAL﹕ adjustSensorHandle: handle = 9 adjustedHandle = 1
10-25 23:28:03.795    9034-9034/? V/WearActivity﹕ display changed: 0, new state: 2
10-25 23:28:03.795    9034-9034/? V/WearActivity﹕ onDisplayChanged: on!
10-25 23:28:03.795    9034-9034/? V/WearActivity﹕ startHelper: putting it all back together again
10-25 23:28:03.795    9034-9034/? V/WearActivity﹕ initAlarm: setting up
10-25 23:28:03.815    9034-9034/? I/ClockFace﹕ Ambient mode: false
10-25 23:28:03.815    9034-9034/? V/MyViewAnim﹕ resumeMaxHertz
10-25 23:28:03.815    9034-9034/? V/ClockFace﹕ clearing caches
10-25 23:28:03.815    9034-9034/? V/MyViewAnim﹕ starting new animator
10-25 23:28:03.815    9034-9034/? V/MyViewAnim﹕ Time listener is up!
10-25 23:28:03.815    9034-9034/? V/MyViewAnim﹕ starting new draw thread
10-25 23:28:03.825    1922-1998/? W/NotificationBridger﹕ error getting local node
    com.google.android.wearable.gmsclient.WearableException: getLocalNode failed: Status{statusCode=TIMEOUT, resolution=null}
            at com.google.android.wearable.gmsclient.GoogleApiClientHelper.throwIfFailed(GoogleApiClientHelper.java:98)
            at com.google.android.wearable.gmsclient.NodeManager.getLocalNode(NodeManager.java:69)
            at com.google.android.clockwork.stream.bridger.NotificationBridger.handleFullSync(NotificationBridger.java:283)
            at com.google.android.clockwork.stream.bridger.NotificationBridger.handleMessage(NotificationBridger.java:1170)
            at android.os.Handler.dispatchMessage(Handler.java:98)
            at android.os.Looper.loop(Looper.java:136)
            at android.os.HandlerThread.run(HandlerThread.java:61)
10-25 23:28:03.835    9034-9172/? V/ClockFace﹕ rendering new face, faceMode(0)
10-25 23:28:03.855    9034-9172/? V/ClockFace﹕ fetching new battery status (4240)
10-25 23:28:03.855    9034-9172/? V/ClockFace﹕ battery at 0.24
10-25 23:28:03.855    9034-9172/? V/ClockFace﹕ --> dot radius: 0.046
10-25 23:28:03.915    2314-2314/? D/WearableClient﹕ WearableClientImpl.onPostInitHandler: done
10-25 23:28:03.955    2314-2314/? D/dalvikvm﹕ GC_FOR_ALLOC freed 230K, 25% free 2330K/3072K, paused 26ms, total 27ms
10-25 23:28:05.537    1922-9167/? E/CwCal﹕ CalHomeUtil:Unable to get data items: calendar
    com.google.android.wearable.gmsclient.WearableException: getDataItems failed: Status{statusCode=TIMEOUT, resolution=null}
            at com.google.android.wearable.gmsclient.GoogleApiClientHelper.throwIfFailed(GoogleApiClientHelper.java:98)
            at com.google.android.wearable.gmsclient.DataManager.getDataItems(DataManager.java:248)
            at com.google.android.clockwork.home.calendar.CalendarHomeUtils.getAllDataItemsNullable(CalendarHomeUtils.java:168)
            at com.google.android.clockwork.home.calendar.CalendarHomeUtils.scheduleAlarmForNextEvent(CalendarHomeUtils.java:749)
            at com.google.android.clockwork.home.calendar.CalendarHomeUtils.refreshAllCards(CalendarHomeUtils.java:325)
            at com.google.android.clockwork.home.calendar.CalendarEventService.onHandleIntent(CalendarEventService.java:41)
            at android.app.IntentService$ServiceHandler.handleMessage(IntentService.java:65)
            at android.os.Handler.dispatchMessage(Handler.java:102)
            at android.os.Looper.loop(Looper.java:136)
            at android.os.HandlerThread.run(HandlerThread.java:61)
10-25 23:28:08.640    1749-1971/? I/PowerManagerService﹕ Going to sleep due to screen timeout...
10-25 23:28:08.640    1749-1783/? I/PowerManagerService﹕ Dozing...
10-25 23:28:08.640    1749-1776/? I/DreamController﹕ Starting dream: name=ComponentInfo{com.google.android.wearable.app/com.google.android.clockwork.home.AmbientMode}, isTest=false, canDoze=true, userId=0
10-25 23:28:08.790    1749-1749/? D/dalvikvm﹕ GC_EXPLICIT freed 1111K, 24% free 4828K/6352K, paused 3ms+5ms, total 111ms
10-25 23:28:08.800    9034-9034/? V/WearActivity﹕ Pause!
10-25 23:28:08.830    9034-9034/? V/WearActivity﹕ Stop!
10-25 23:28:08.840    1749-1749/? W/InputMethodManagerService﹕ Ignoring setImeWindowStatus of uid 1000 token: null
10-25 23:28:08.870    1418-1418/? D/mot_vr_audio_hw﹕ dsp_recognizer_enabled = false
10-25 23:28:08.870    1411-1411/? D/ADSPD﹕ Client cmd=0x0003, size=4
10-25 23:28:08.870    1418-9170/? D/mot_vr_audio_hw﹕ Switching DSP to standby/passthrough mode
10-25 23:28:08.870    1418-9170/? D/mot_vr_audio_hw﹕ Input 0xb75c4d20 ready to read
10-25 23:28:08.890    1411-1411/? D/ADSPD﹕ Received from DSP: cmd=0x8003, size=2
10-25 23:28:08.890    1411-1411/? D/ADSPD﹕ Client cmd=0x0003, size=4
10-25 23:28:08.890    1418-2021/? D/mot_vr_audio_hw﹕ received recognition control callback, status 0
10-25 23:28:08.900    1411-1411/? D/ADSPD﹕ Received from DSP: cmd=0x8003, size=2
10-25 23:28:08.900    1418-2021/? D/mot_vr_audio_hw﹕ received recognition control callback, status 0
10-25 23:28:08.930    1418-9170/? W/mot_vr_audio_hw﹕ Discarded 10 buffers without finding audio data
10-25 23:28:08.940    1411-1411/? D/ADSPD﹕ Client cmd=0x0003, size=4
10-25 23:28:08.940    1418-9170/? D/mot_vr_audio_hw﹕ Re-arming DSP
10-25 23:28:08.940    1418-9170/? D/mot_vr_audio_hw﹕ Input 0xb75c4d20 standby complete
10-25 23:28:08.950    1418-1520/? D/mot_vr_audio_hw﹕ Input 0xb75c4d20 close complete
10-25 23:28:08.950    1411-1411/? D/ADSPD﹕ Received from DSP: cmd=0x8003, size=2
10-25 23:28:08.950    1411-1411/? D/ADSPD﹕ Client cmd=0x4003, size=2
10-25 23:28:08.950    1418-2021/? D/mot_vr_audio_hw﹕ received recognition control callback, status 0
10-25 23:28:08.970    1749-1816/? I/ActivityManager﹕ START u0 {act=android.intent.action.MAIN cat=[android.intent.category.HOME] flg=0x10000000 cmp=com.google.android.wearable.app/com.google.android.clockwork.home.HomeActivity (has extras)} from pid 1922 on display 0
10-25 23:28:08.970    1749-1749/? V/ActivityManager﹕ Display changed displayId=0
10-25 23:28:08.980    9034-9034/? V/WearActivity﹕ display changed: 0, new state: 2
10-25 23:28:08.980    9034-9034/? V/WearActivity﹕ state didn't actually change
10-25 23:28:08.990    1749-1776/? I/DreamController﹕ Stopping dream: name=ComponentInfo{com.google.android.wearable.app/com.google.android.clockwork.home.AmbientMode}, isTest=false, canDoze=true, userId=0
10-25 23:28:08.990    1749-1783/? I/PowerManagerService﹕ Sleeping...
10-25 23:28:09.040    1922-1922/? I/AmbientMode﹕ Ambient mode started: canDoze=true, dozeHardware=null
10-25 23:28:09.070    1418-1418/? D/mot_vr_audio_hw﹕ dsp_recognizer_enabled = true
10-25 23:28:09.070    1411-1411/? D/ADSPD﹕ Client cmd=0x0003, size=4
10-25 23:28:09.080    1418-1520/? D/mot_vr_audio_hw﹕ open_input_stream(): devices = 0x80000004, rate = 8000, channels = 0x10
10-25 23:28:09.080    1418-1520/? D/mot_vr_audio_hw﹕ Created resampler for 16000->8000 Hz
10-25 23:28:09.090    1411-1411/? D/ADSPD﹕ Received from DSP: cmd=0x8003, size=2
10-25 23:28:09.090    1411-1411/? D/ADSPD﹕ Client cmd=0x4003, size=2
10-25 23:28:09.090    1418-2021/? D/mot_vr_audio_hw﹕ received recognition control callback, status 0
10-25 23:28:09.090    1418-9173/? D/mot_vr_audio_hw﹕ in_read waiting for hotword
10-25 23:28:09.100    1418-2243/? D/mot_vr_audio_hw﹕ dsp_recognizer_enabled = false
10-25 23:28:09.100    1411-1411/? D/ADSPD﹕ Client cmd=0x0003, size=4
10-25 23:28:09.110    1418-9173/? D/mot_vr_audio_hw﹕ Switching DSP to standby/passthrough mode
10-25 23:28:09.110    1418-9173/? D/mot_vr_audio_hw﹕ Input 0xb75c4d20 ready to read
10-25 23:28:09.120    1411-1411/? D/ADSPD﹕ Received from DSP: cmd=0x8003, size=2
10-25 23:28:09.120    1411-1411/? D/ADSPD﹕ Client cmd=0x0003, size=4
10-25 23:28:09.120    1418-2021/? D/mot_vr_audio_hw﹕ received recognition control callback, status 0
10-25 23:28:09.130    1411-1411/? D/ADSPD﹕ Received from DSP: cmd=0x8003, size=2
10-25 23:28:09.130    1418-2021/? D/mot_vr_audio_hw﹕ received recognition control callback, status 0
10-25 23:28:09.160    1418-9173/? W/mot_vr_audio_hw﹕ Discarded 10 buffers without finding audio data
10-25 23:28:09.170    1411-1411/? D/ADSPD﹕ Client cmd=0x0003, size=4
10-25 23:28:09.170    1418-9173/? D/mot_vr_audio_hw﹕ Re-arming DSP
10-25 23:28:09.170    1418-9173/? D/mot_vr_audio_hw﹕ Input 0xb75c4d20 standby complete
10-25 23:28:09.180    1411-1411/? D/ADSPD﹕ Received from DSP: cmd=0x8003, size=2
10-25 23:28:09.180    1418-2021/? D/mot_vr_audio_hw﹕ received recognition control callback, status 0
10-25 23:28:09.190    1411-1411/? D/ADSPD﹕ Client cmd=0x4003, size=2
10-25 23:28:09.190    1418-1817/? D/mot_vr_audio_hw﹕ Input 0xb75c4d20 close complete
10-25 23:28:09.190    1922-1922/? I/AmbientMode﹕ Dream ended: isDozing=true
10-25 23:28:09.290    1749-1971/? I/ActivityManager﹕ Activity reported stop, but no longer stopping: ActivityRecord{add0ab30 u0 com.google.android.wearable.app/com.google.android.clockwork.home.HomeActivity t1}
10-25 23:28:09.711    1749-1833/? D/LightsService﹕ Excessive delay setting light: 147ms
10-25 23:28:09.711    1416-1416/? D/SurfaceFlinger﹕ Screen released, type=0 flinger=0xb8f42448
10-25 23:28:09.871    1416-1416/? D/hwcomposer﹕ hwc_blank(0: 1)
10-25 23:28:09.871    1749-1833/? D/SurfaceControl﹕ Excessive delay in blankDisplay() while turning screen off: 157ms
10-25 23:28:09.871    1749-1779/? I/DisplayManagerService﹕ Display device changed: DisplayDeviceInfo{"Built-in Screen": 320 x 290, 45.000004 fps, density 213, 203.2 x 204.61111 dpi, touch INTERNAL, rotation 0, type BUILT_IN, state OFF, FLAG_DEFAULT_DISPLAY, FLAG_ROTATES_WITH_CONTENT, FLAG_SECURE, FLAG_SUPPORTS_PROTECTED_BUFFERS}
10-25 23:28:09.871    1749-1749/? V/ActivityManager﹕ Display changed displayId=0
10-25 23:28:09.901    9034-9034/? V/WearActivity﹕ display changed: 0, new state: 1
10-25 23:28:09.901    9034-9034/? I/TimeWrapper﹕ FPS: 41.33845, samples: 250
10-25 23:28:09.901    9034-9034/? I/TimeWrapper﹕ Min/Avg/Max frame render speed (ms): 3.90625 / 5.073852 / 34.240723
10-25 23:28:09.901    9034-9034/? I/TimeWrapper﹕ Waketime: 20.974522%
10-25 23:28:09.901    9034-9034/? V/WearActivity﹕ onDisplayChanged: off!
10-25 23:28:09.901    9034-9034/? V/WearActivity﹕ stopHelper: shutting things down
10-25 23:28:09.921    1749-1783/? D/MinnowPowerHAL﹕ power_set_interactive: 0
10-25 23:28:09.921    1749-1783/? D/MinnowPowerHAL﹕ sysfs_write: /sys/devices/platform/omapdss/display0/interactivemode 0
10-25 23:28:09.921    1749-1783/? D/MinnowPowerHAL﹕ sysfs_write: /sys/devices/ocp.2/i2c.6/i2c-0/0-004a/interactivemode 0
10-25 23:28:09.921    1749-1783/? D/MinnowPowerHAL﹕ sysfs_write: /sys/class/leds/lcd-backlight/interactive 0
10-25 23:28:09.921    1749-1783/? D/mot_vr_audio_hw﹕ dsp_set_pm_state = off
10-25 23:28:09.921    1411-1411/? D/ADSPD﹕ Client cmd=0x4002, size=2
10-25 23:28:09.921    1411-1411/? D/ADSPD﹕ DSP_CMD_DAEMON_SET_PM_STATE : 0
10-25 23:28:09.931    9034-9034/? V/MyViewAnim﹕ stopping animation!
10-25 23:28:09.931    9034-9034/? V/MyViewAnim﹕ killDrawThread
10-25 23:28:09.931    9034-9034/? V/WearActivity﹕ killing alarms
10-25 23:28:09.931    9034-9034/? I/ClockFace﹕ Ambient mode: false
10-25 23:28:09.941    9034-9172/? V/MyViewAnim﹕ looper finished!
10-25 23:28:09.981    2314-2314/? D/WearableClient﹕ WearableClientImpl.onPostInitHandler: done
10-25 23:28:10.001    2314-2314/? D/dalvikvm﹕ GC_FOR_ALLOC freed 231K, 25% free 2331K/3072K, paused 10ms, total 11ms
10-25 23:28:12.423    1922-2000/? W/Clockwork.Settings﹕ could not send rpc to writer
    com.google.android.wearable.gmsclient.WearableException: sendRpc failed: Status{statusCode=TIMEOUT, resolution=null}
            at com.google.android.wearable.gmsclient.MessageManager.sendMessage(MessageManager.java:65)
            at com.google.android.clockwork.settings.SettingsDataItemReader$ClockworkHandler.handleMessage(SettingsDataItemReader.java:387)
            at android.os.Handler.dispatchMessage(Handler.java:102)
            at android.os.Looper.loop(Looper.java:136)
            at android.os.HandlerThread.run(HandlerThread.java:61)
10-25 23:28:12.423    1922-2000/? I/Clockwork.Settings﹕ scheduling time sync for 4000 ms from now
10-25 23:28:12.423    1922-2000/? I/Clockwork.Settings﹕ firing a scheduled time sync now
10-25 23:28:12.423    1922-2000/? I/Clockwork.Settings﹕ sending time sync request - elapsedRealTime: 58706611
10-25 23:28:33.834    1922-1998/? W/NotificationBridger﹕ error getting dataItems
    com.google.android.wearable.gmsclient.WearableException: getDataItems failed: Status{statusCode=TIMEOUT, resolution=null}
            at com.google.android.wearable.gmsclient.GoogleApiClientHelper.throwIfFailed(GoogleApiClientHelper.java:98)
            at com.google.android.wearable.gmsclient.DataManager.getDataItems(DataManager.java:248)
            at com.google.android.clockwork.stream.bridger.NotificationBridger.handleFullSync(NotificationBridger.java:297)
            at com.google.android.clockwork.stream.bridger.NotificationBridger.handleMessage(NotificationBridger.java:1170)
            at android.os.Handler.dispatchMessage(Handler.java:98)
            at android.os.Looper.loop(Looper.java:136)
            at android.os.HandlerThread.run(HandlerThread.java:61)
10-25 23:28:33.834    1922-1998/? I/NotificationBridger﹕ Retry startup in 10000 ms
10-25 23:28:35.546    1922-9167/? E/CwCal﹕ CalHomeUtil:Unable to get data items: calendar
    com.google.android.wearable.gmsclient.WearableException: getDataItems failed: Status{statusCode=TIMEOUT, resolution=null}
            at com.google.android.wearable.gmsclient.GoogleApiClientHelper.throwIfFailed(GoogleApiClientHelper.java:98)
            at com.google.android.wearable.gmsclient.DataManager.getDataItems(DataManager.java:248)
            at com.google.android.clockwork.home.calendar.CalendarHomeUtils.getAllDataItemsNullable(CalendarHomeUtils.java:168)
            at com.google.android.clockwork.home.calendar.CalendarHomeUtils.getAllDataItems(CalendarHomeUtils.java:157)
            at com.google.android.clockwork.home.calendar.CalendarHomeUtils.refreshAllCards(CalendarHomeUtils.java:330)
            at com.google.android.clockwork.home.calendar.CalendarEventService.onHandleIntent(CalendarEventService.java:41)
            at android.app.IntentService$ServiceHandler.handleMessage(IntentService.java:65)
            at android.os.Handler.dispatchMessage(Handler.java:102)
            at android.os.Looper.loop(Looper.java:136)
            at android.os.HandlerThread.run(HandlerThread.java:61)
10-25 23:28:48.537    1980-1980/? I/SystemUpdateService﹕ receiver: Intent { flg=0x14 cmp=com.google.android.gms/.update.SystemUpdateService$Receiver (has extras) }
10-25 23:28:48.547    1980-1980/? D/SystemUpdateService﹕ onCreate
10-25 23:28:48.547    1749-1816/? I/ActivityManager﹕ Delay finish: com.google.android.gms/.update.SystemUpdateService$Receiver
10-25 23:28:48.557    2314-2314/? D/WearableClient﹕ WearableClientImpl.onPostInitHandler: done
10-25 23:28:48.557    1980-1980/? D/SystemUpdateService﹕ onStartCommand: intent: Intent { cmp=com.google.android.gms/.update.SystemUpdateService (has extras) }
10-25 23:28:48.587    1980-9184/? I/SystemUpdateService﹕ active receiver: enabled
10-25 23:28:48.587    2314-2314/? D/dalvikvm﹕ GC_FOR_ALLOC freed 208K, 25% free 2330K/3072K, paused 16ms, total 17ms
10-25 23:28:48.587    1980-9184/? I/SystemUpdateService﹕ network: null; metered: false; mobile allowed: true
10-25 23:28:48.587    1980-9184/? I/GoogleHttpClient﹕ Falling back to old SSLCertificateSocketFactory
10-25 23:28:48.597    1980-9184/? I/DownloadAttempt﹕ current file is null
10-25 23:28:48.597    1980-9184/? I/DownloadAttempt﹕ mSize -1 mDownloaded -1
10-25 23:28:48.597    1980-9184/? I/SystemUpdateService﹕ status is 1 (ready)
10-25 23:28:48.597    1980-9184/? I/SystemUpdateService﹕ network down
10-25 23:28:48.597    1980-9184/? I/SystemUpdateService﹕ now status is 5 (failed)
10-25 23:28:48.597    1980-9184/? I/SystemUpdateService﹕ download failed; clearing attempt
10-25 23:28:48.597    1980-9184/? V/SystemUpdateService﹕ retry (wakeup: true) in 859998 ms
10-25 23:28:48.597    1749-1760/? I/ActivityManager﹕ Resuming delayed broadcast
10-25 23:28:48.607    1980-1980/? D/SystemUpdateService﹕ onDestroy
10-25 23:29:54.593    1749-1770/? D/SensorHALGestureSensor﹕ Gesture event received! time = 1414297794595974163
10-25 23:29:54.603    1749-1971/? I/PowerManagerService﹕ Waking up from sleep...
10-25 23:29:54.603    1749-1777/? W/KeyguardServiceDelegate﹕ onScreenTurnedOn(): no keyguard service!
10-25 23:29:54.733    1749-1971/? D/PowerManagerService-JNI﹕ Excessive delay in autosuspend_disable() while turning screen on: 131ms
10-25 23:29:54.733    1749-1971/? D/MinnowPowerHAL﹕ power_set_interactive: 1
10-25 23:29:54.733    1749-1971/? D/MinnowPowerHAL﹕ sysfs_write: /sys/devices/platform/omapdss/display0/interactivemode 1
10-25 23:29:54.793    1749-1971/? D/MinnowPowerHAL﹕ sysfs_write: /sys/devices/ocp.2/i2c.6/i2c-0/0-004a/interactivemode 1
10-25 23:29:54.793    1749-1971/? D/MinnowPowerHAL﹕ sysfs_write: /sys/class/leds/lcd-backlight/interactive 1
10-25 23:29:54.793    1749-1971/? D/mot_vr_audio_hw﹕ dsp_set_pm_state = on
10-25 23:29:54.793    1411-1411/? D/ADSPD﹕ Client cmd=0x4002, size=2
10-25 23:29:54.793    1411-1411/? D/ADSPD﹕ DSP_CMD_DAEMON_SET_PM_STATE : 1
10-25 23:29:54.793    1749-1971/? D/PowerManagerService-JNI﹕ Excessive delay in setInteractive(true) while turning screen on: 57ms
10-25 23:29:54.803    9034-9034/? V/WearActivity﹕ display changed: 0, new state: 1
10-25 23:29:54.803    9034-9034/? V/WearActivity﹕ state didn't actually change
10-25 23:29:54.813    9034-9034/? V/WearActivity﹕ Resume!
10-25 23:29:54.823    1922-1922/? E/ClockworkHome﹕ Tried to exit ambient mode, but enterAmbientMode() was never called.
10-25 23:29:54.823    1418-1418/? D/mot_vr_audio_hw﹕ dsp_recognizer_enabled = true
10-25 23:29:54.823    1418-1520/? D/mot_vr_audio_hw﹕ open_input_stream(): devices = 0x80000004, rate = 8000, channels = 0x10
10-25 23:29:54.823    1418-1520/? D/mot_vr_audio_hw﹕ Created resampler for 16000->8000 Hz
10-25 23:29:54.833    1749-1749/? V/ActivityManager﹕ Display changed displayId=0
10-25 23:29:54.833    1749-1749/? W/InputMethodManagerService﹕ Ignoring setImeWindowStatus of uid 1000 token: null
10-25 23:29:54.843    1418-9185/? D/mot_vr_audio_hw﹕ in_read waiting for hotword
10-25 23:29:54.933    1416-1416/? D/SurfaceFlinger﹕ Screen acquired, type=0 flinger=0xb8f42448
10-25 23:29:54.933    1416-1416/? D/hwcomposer﹕ hwc_blank(0: 0)
10-25 23:29:54.933    1749-4146/? D/SensorHAL﹕ adjustSensorHandle: handle = 9 adjustedHandle = 1
10-25 23:29:54.933    1749-4146/? D/SensorHAL﹕ adjustSensorHandle: handle = 9 adjustedHandle = 1
10-25 23:29:54.933    1749-1779/? I/DisplayManagerService﹕ Display device changed: DisplayDeviceInfo{"Built-in Screen": 320 x 290, 45.000004 fps, density 213, 203.2 x 204.61111 dpi, touch INTERNAL, rotation 0, type BUILT_IN, state ON, FLAG_DEFAULT_DISPLAY, FLAG_ROTATES_WITH_CONTENT, FLAG_SECURE, FLAG_SUPPORTS_PROTECTED_BUFFERS}
10-25 23:29:54.933    1749-1749/? V/ActivityManager﹕ Display changed displayId=0
10-25 23:29:54.943    1749-1760/? D/SensorHAL﹕ adjustSensorHandle: handle = 9 adjustedHandle = 1
10-25 23:29:54.963    9034-9034/? V/WearActivity﹕ display changed: 0, new state: 2
10-25 23:29:54.963    9034-9034/? V/WearActivity﹕ onDisplayChanged: on!
10-25 23:29:54.963    9034-9034/? V/WearActivity﹕ startHelper: putting it all back together again
10-25 23:29:54.963    9034-9034/? V/WearActivity﹕ initAlarm: setting up
10-25 23:29:54.973    9034-9034/? I/ClockFace﹕ Ambient mode: false
10-25 23:29:54.973    9034-9034/? V/MyViewAnim﹕ resumeMaxHertz
10-25 23:29:54.973    9034-9034/? V/ClockFace﹕ clearing caches
10-25 23:29:54.973    9034-9034/? V/MyViewAnim﹕ starting new animator
10-25 23:29:54.973    9034-9034/? V/MyViewAnim﹕ Time listener is up!
10-25 23:29:54.973    9034-9034/? V/MyViewAnim﹕ starting new draw thread
10-25 23:29:54.993    9034-9187/? V/ClockFace﹕ rendering new face, faceMode(0)
10-25 23:29:55.003    1749-1834/? D/LightsService﹕ Excessive delay setting light: 64ms
10-25 23:29:55.013    9034-9187/? V/ClockFace﹕ fetching new battery status (4492)
10-25 23:29:55.013    9034-9187/? V/ClockFace﹕ battery at 0.23
10-25 23:29:55.013    9034-9187/? V/ClockFace﹕ --> dot radius: 0.047
10-25 23:29:55.073    2314-2314/? D/WearableClient﹕ WearableClientImpl.onPostInitHandler: done
10-25 23:29:55.093    1411-1411/? E/ADSPD﹕ Timeout on select()
10-25 23:29:55.093    1411-1411/? E/ADSPD﹕ NO ACK received after loading firmware
10-25 23:29:55.093    1411-1411/? E/ADSPD﹕ Unknown ACK received 0x00
10-25 23:29:55.093    1411-1411/? D/ADSPD﹕ Client cmd=0x0003, size=4
10-25 23:29:55.103    2314-2314/? D/dalvikvm﹕ GC_FOR_ALLOC freed 230K, 25% free 2331K/3072K, paused 17ms, total 18ms
10-25 23:29:55.103    1411-1411/? D/ADSPD﹕ Received from DSP: cmd=0x8003, size=2
10-25 23:29:55.103    1411-1411/? D/ADSPD﹕ Client cmd=0x4003, size=2
10-25 23:29:55.103    1418-2021/? D/mot_vr_audio_hw﹕ received recognition control callback, status 0
10-25 23:29:55.213    2217-2219/? D/dalvikvm﹕ GC_CONCURRENT freed 381K, 37% free 2355K/3700K, paused 17ms+19ms, total 69ms
10-25 23:29:59.828    1749-5971/? I/PowerManagerService﹕ Going to sleep due to screen timeout...
10-25 23:29:59.828    1749-1783/? I/PowerManagerService﹕ Dozing...
10-25 23:29:59.828    1749-1776/? I/DreamController﹕ Starting dream: name=ComponentInfo{com.google.android.wearable.app/com.google.android.clockwork.home.AmbientMode}, isTest=false, canDoze=true, userId=0
10-25 23:29:59.898    1749-1759/? I/ActivityManager﹕ START u0 {act=android.intent.action.MAIN cat=[android.intent.category.HOME] flg=0x10000000 cmp=com.google.android.wearable.app/com.google.android.clockwork.home.HomeActivity (has extras)} from pid 1922 on display 0
10-25 23:29:59.908    1749-1776/? I/DreamController﹕ Stopping dream: name=ComponentInfo{com.google.android.wearable.app/com.google.android.clockwork.home.AmbientMode}, isTest=false, canDoze=true, userId=0
10-25 23:29:59.908    1749-1783/? I/PowerManagerService﹕ Sleeping...
10-25 23:29:59.958    1922-1922/? I/AmbientMode﹕ Ambient mode started: canDoze=true, dozeHardware=null
10-25 23:29:59.968    1418-1520/? D/mot_vr_audio_hw﹕ dsp_recognizer_enabled = false
10-25 23:29:59.968    1411-1411/? D/ADSPD﹕ Client cmd=0x0003, size=4
10-25 23:29:59.968    1418-9185/? D/mot_vr_audio_hw﹕ Switching DSP to standby/passthrough mode
10-25 23:29:59.968    1418-9185/? D/mot_vr_audio_hw﹕ Input 0xb75c4d20 ready to read
10-25 23:29:59.978    1411-1411/? D/ADSPD﹕ Received from DSP: cmd=0x8003, size=2
10-25 23:29:59.978    1411-1411/? D/ADSPD﹕ Client cmd=0x0003, size=4
10-25 23:29:59.978    1418-2021/? D/mot_vr_audio_hw﹕ received recognition control callback, status 0
10-25 23:29:59.988    1411-1411/? D/ADSPD﹕ Received from DSP: cmd=0x8003, size=2
10-25 23:29:59.988    1418-2021/? D/mot_vr_audio_hw﹕ received recognition control callback, status 0
10-25 23:30:00.018    1418-9185/? W/mot_vr_audio_hw﹕ Discarded 10 buffers without finding audio data
10-25 23:30:00.028    1411-1411/? D/ADSPD﹕ Client cmd=0x0003, size=4
10-25 23:30:00.028    1418-9185/? D/mot_vr_audio_hw﹕ Re-arming DSP
10-25 23:30:00.028    1418-9185/? D/mot_vr_audio_hw﹕ Input 0xb75c4d20 standby complete
10-25 23:30:00.038    1411-1411/? D/ADSPD﹕ Received from DSP: cmd=0x8003, size=2
10-25 23:30:00.038    1418-2021/? D/mot_vr_audio_hw﹕ received recognition control callback, status 0
10-25 23:30:00.038    1411-1411/? D/ADSPD﹕ Client cmd=0x4003, size=2
10-25 23:30:00.048    1418-2243/? D/mot_vr_audio_hw﹕ Input 0xb75c4d20 close complete
10-25 23:30:00.048    1418-1418/? D/mot_vr_audio_hw﹕ dsp_recognizer_enabled = true
10-25 23:30:00.048    1411-1411/? D/ADSPD﹕ Client cmd=0x0003, size=4
10-25 23:30:00.048    1418-2243/? D/mot_vr_audio_hw﹕ open_input_stream(): devices = 0x80000004, rate = 8000, channels = 0x10
10-25 23:30:00.048    1418-2243/? D/mot_vr_audio_hw﹕ Created resampler for 16000->8000 Hz
10-25 23:30:00.058    1922-1922/? I/AmbientMode﹕ Dream ended: isDozing=true
10-25 23:30:00.058    1411-1411/? D/ADSPD﹕ Received from DSP: cmd=0x8003, size=2
10-25 23:30:00.058    1411-1411/? D/ADSPD﹕ Client cmd=0x4003, size=2
10-25 23:30:00.058    1418-2021/? D/mot_vr_audio_hw﹕ received recognition control callback, status 0
10-25 23:30:00.068    1418-9188/? D/mot_vr_audio_hw﹕ in_read waiting for hotword
10-25 23:30:00.489    1416-1416/? D/SurfaceFlinger﹕ Screen released, type=0 flinger=0xb8f42448
10-25 23:30:00.679    1416-1416/? D/hwcomposer﹕ hwc_blank(0: 1)
10-25 23:30:00.679    1749-1833/? D/SurfaceControl﹕ Excessive delay in blankDisplay() while turning screen off: 184ms
10-25 23:30:00.689    1749-1779/? I/DisplayManagerService﹕ Display device changed: DisplayDeviceInfo{"Built-in Screen": 320 x 290, 45.000004 fps, density 213, 203.2 x 204.61111 dpi, touch INTERNAL, rotation 0, type BUILT_IN, state OFF, FLAG_DEFAULT_DISPLAY, FLAG_ROTATES_WITH_CONTENT, FLAG_SECURE, FLAG_SUPPORTS_PROTECTED_BUFFERS}
10-25 23:30:00.689    1749-1749/? V/ActivityManager﹕ Display changed displayId=0
10-25 23:30:00.709    9034-9034/? V/WearActivity﹕ display changed: 0, new state: 1
10-25 23:30:00.709    9034-9034/? I/TimeWrapper﹕ FPS: 41.203938, samples: 235
10-25 23:30:00.709    9034-9034/? I/TimeWrapper﹕ Min/Avg/Max frame render speed (ms): 3.936767 / 5.038776 / 34.75952
10-25 23:30:00.709    9034-9034/? I/TimeWrapper﹕ Waketime: 20.761744%
10-25 23:30:00.709    9034-9034/? V/WearActivity﹕ onDisplayChanged: off!
10-25 23:30:00.709    9034-9034/? V/WearActivity﹕ stopHelper: shutting things down
10-25 23:30:00.739    1749-1783/? D/MinnowPowerHAL﹕ power_set_interactive: 0
10-25 23:30:00.739    1749-1783/? D/MinnowPowerHAL﹕ sysfs_write: /sys/devices/platform/omapdss/display0/interactivemode 0
10-25 23:30:00.739    1749-1783/? D/MinnowPowerHAL﹕ sysfs_write: /sys/devices/ocp.2/i2c.6/i2c-0/0-004a/interactivemode 0
10-25 23:30:00.739    1749-1783/? D/MinnowPowerHAL﹕ sysfs_write: /sys/class/leds/lcd-backlight/interactive 0
10-25 23:30:00.739    1749-1783/? D/mot_vr_audio_hw﹕ dsp_set_pm_state = off
10-25 23:30:00.739    1411-1411/? D/ADSPD﹕ Client cmd=0x4002, size=2
10-25 23:30:00.739    1411-1411/? D/ADSPD﹕ DSP_CMD_DAEMON_SET_PM_STATE : 0
10-25 23:30:00.739    1411-1411/? D/ADSPD﹕ DSP not turned off as still being used
10-25 23:30:00.749    1418-1520/? D/mot_vr_audio_hw﹕ dsp_recognizer_enabled = false
10-25 23:30:00.749    1411-1411/? D/ADSPD﹕ Client cmd=0x0003, size=4
10-25 23:30:00.749    1411-1411/? D/ADSPD﹕ Trying to send to dsp while in dsp in RESET
10-25 23:30:00.749    1418-9188/? W/mot_vr_audio_hw﹕ Not allowing wake() since DSP is disabled
10-25 23:30:00.749    1749-1749/? W/InputMethodManagerService﹕ Ignoring setImeWindowStatus of uid 1000 token: null
10-25 23:30:00.759    1418-9188/? W/mot_vr_audio_hw﹕ Not allowing wake() since DSP is disabled
10-25 23:30:00.759    9034-9034/? V/MyViewAnim﹕ stopping animation!
10-25 23:30:00.759    9034-9034/? V/MyViewAnim﹕ killDrawThread
10-25 23:30:00.759    9034-9034/? V/WearActivity﹕ killing alarms
10-25 23:30:00.759    9034-9187/? V/MyViewAnim﹕ looper finished!
10-25 23:30:00.759    9034-9034/? I/ClockFace﹕ Ambient mode: false
10-25 23:30:00.759    9034-9034/? V/WearActivity﹕ Pause!
10-25 23:30:00.769    9034-9034/? V/WearActivity﹕ Stop!
10-25 23:30:00.789    1411-1411/? D/ADSPD﹕ Client cmd=0x4003, size=2
10-25 23:30:00.789    1411-1411/? D/ADSPD﹕ DSP no longer used, turned off here
10-25 23:30:00.789    1418-1418/? D/mot_vr_audio_hw﹕ Input 0xb75c4d20 close complete
10-25 23:30:08.456    2314-2314/? D/WearableClient﹕ WearableClientImpl.onPostInitHandler: done
10-25 23:30:08.466    2314-2314/? D/dalvikvm﹕ GC_FOR_ALLOC freed 230K, 26% free 2278K/3072K, paused 10ms, total 11ms
10-25 23:30:08.476    1922-2000/? W/Clockwork.Settings﹕ could not send rpc to writer
    com.google.android.wearable.gmsclient.WearableException: sendRpc failed: Status{statusCode=TIMEOUT, resolution=null}
            at com.google.android.wearable.gmsclient.MessageManager.sendMessage(MessageManager.java:65)
            at com.google.android.clockwork.settings.SettingsDataItemReader$ClockworkHandler.handleMessage(SettingsDataItemReader.java:387)
            at android.os.Handler.dispatchMessage(Handler.java:102)
            at android.os.Looper.loop(Looper.java:136)
            at android.os.HandlerThread.run(HandlerThread.java:61)
10-25 23:30:08.476    1922-2000/? I/Clockwork.Settings﹕ scheduling time sync for 8000 ms from now
10-25 23:30:08.667    1980-2252/? I/EventLogService﹕ Aggregate from 1414296008507 (log), 1414296008507 (data)
10-25 23:30:08.667    1749-2385/? I/ActivityManager﹕ Delay finish: com.google.android.gms/.checkin.EventLogService$Receiver
10-25 23:30:08.707    1980-1985/? D/dalvikvm﹕ GC_CONCURRENT freed 403K, 26% free 2401K/3212K, paused 2ms+1ms, total 27ms
10-25 23:30:08.827    1980-2252/? I/ServiceDumpSys﹕ dumping service [account]
10-25 23:30:08.857    1749-2385/? I/ActivityManager﹕ Resuming delayed broadcast
10-25 23:30:12.410    1749-1770/? D/SensorHALGestureSensor﹕ Gesture event received! time = 1414297812413295933
10-25 23:30:12.410    1749-5971/? I/PowerManagerService﹕ Waking up from sleep...
10-25 23:30:12.410    1749-1777/? W/KeyguardServiceDelegate﹕ onScreenTurnedOn(): no keyguard service!
10-25 23:30:12.560    1749-5971/? D/PowerManagerService-JNI﹕ Excessive delay in autosuspend_disable() while turning screen on: 138ms
10-25 23:30:12.560    1749-5971/? D/MinnowPowerHAL﹕ power_set_interactive: 1
10-25 23:30:12.560    1749-5971/? D/MinnowPowerHAL﹕ sysfs_write: /sys/devices/platform/omapdss/display0/interactivemode 1
10-25 23:30:12.610    1749-5971/? D/MinnowPowerHAL﹕ sysfs_write: /sys/devices/ocp.2/i2c.6/i2c-0/0-004a/interactivemode 1
