10-25 22:18:13.102    1749-2245/? D/SensorHAL﹕ adjustSensorHandle: handle = 9 adjustedHandle = 1
10-25 22:18:46.614    1749-4146/? I/PowerManagerService﹕ Going to sleep due to screen timeout...
10-25 22:18:46.624    1749-1783/? I/PowerManagerService﹕ Dozing...
10-25 22:18:46.624    1749-1776/? I/DreamController﹕ Starting dream: name=ComponentInfo{com.google.android.wearable.app/com.google.android.clockwork.home.AmbientMode}, isTest=false, canDoze=true, userId=0
10-25 22:18:46.704    1749-1816/? I/ActivityManager﹕ START u0 {act=android.intent.action.MAIN cat=[android.intent.category.HOME] flg=0x10000000 cmp=com.google.android.wearable.app/com.google.android.clockwork.home.HomeActivity (has extras)} from pid 1922 on display 0
10-25 22:18:46.714    1749-1749/? W/InputMethodManagerService﹕ Ignoring setImeWindowStatus of uid 1000 token: null
10-25 22:18:46.714    1749-1776/? I/DreamController﹕ Stopping dream: name=ComponentInfo{com.google.android.wearable.app/com.google.android.clockwork.home.AmbientMode}, isTest=false, canDoze=true, userId=0
10-25 22:18:46.724    1749-1783/? I/PowerManagerService﹕ Sleeping...
10-25 22:18:47.495    1749-1779/? I/DisplayManagerService﹕ Display device changed: DisplayDeviceInfo{"Built-in Screen": 320 x 290, 45.000004 fps, density 213, 203.2 x 204.61111 dpi, touch INTERNAL, rotation 0, type BUILT_IN, state OFF, FLAG_DEFAULT_DISPLAY, FLAG_ROTATES_WITH_CONTENT, FLAG_SECURE, FLAG_SUPPORTS_PROTECTED_BUFFERS}
10-25 22:18:47.495    1749-1749/? V/ActivityManager﹕ Display changed displayId=0
10-25 22:20:10.581    1749-1770/? D/SensorHALGestureSensor﹕ Gesture event received! time = 1414293610587368461
10-25 22:20:10.581    1749-2385/? I/PowerManagerService﹕ Waking up from sleep...
10-25 22:20:10.581    1749-1777/? W/KeyguardServiceDelegate﹕ onScreenTurnedOn(): no keyguard service!
10-25 22:20:10.761    1749-1749/? W/InputMethodManagerService﹕ Ignoring setImeWindowStatus of uid 1000 token: null
10-25 22:20:10.881    1749-5971/? D/SensorHAL﹕ adjustSensorHandle: handle = 9 adjustedHandle = 1
10-25 22:20:10.881    1749-5971/? D/SensorHAL﹕ adjustSensorHandle: handle = 9 adjustedHandle = 1
10-25 22:20:10.881    1749-1779/? I/DisplayManagerService﹕ Display device changed: DisplayDeviceInfo{"Built-in Screen": 320 x 290, 45.000004 fps, density 213, 203.2 x 204.61111 dpi, touch INTERNAL, rotation 0, type BUILT_IN, state ON, FLAG_DEFAULT_DISPLAY, FLAG_ROTATES_WITH_CONTENT, FLAG_SECURE, FLAG_SUPPORTS_PROTECTED_BUFFERS}
10-25 22:20:10.891    1749-1749/? V/ActivityManager﹕ Display changed displayId=0
10-25 22:20:10.901    1749-1971/? D/SensorHAL﹕ adjustSensorHandle: handle = 9 adjustedHandle = 1
10-25 22:20:15.776    1749-1971/? I/PowerManagerService﹕ Going to sleep due to screen timeout...
10-25 22:20:15.776    1749-1783/? I/PowerManagerService﹕ Dozing...
10-25 22:20:15.786    1749-1776/? I/DreamController﹕ Starting dream: name=ComponentInfo{com.google.android.wearable.app/com.google.android.clockwork.home.AmbientMode}, isTest=false, canDoze=true, userId=0
10-25 22:20:15.856    1749-5971/? I/ActivityManager﹕ START u0 {act=android.intent.action.MAIN cat=[android.intent.category.HOME] flg=0x10000000 cmp=com.google.android.wearable.app/com.google.android.clockwork.home.HomeActivity (has extras)} from pid 1922 on display 0
10-25 22:20:15.856    1749-1776/? I/DreamController﹕ Stopping dream: name=ComponentInfo{com.google.android.wearable.app/com.google.android.clockwork.home.AmbientMode}, isTest=false, canDoze=true, userId=0
10-25 22:20:15.856    1749-1783/? I/PowerManagerService﹕ Sleeping...
10-25 22:20:16.677    1749-1779/? I/DisplayManagerService﹕ Display device changed: DisplayDeviceInfo{"Built-in Screen": 320 x 290, 45.000004 fps, density 213, 203.2 x 204.61111 dpi, touch INTERNAL, rotation 0, type BUILT_IN, state OFF, FLAG_DEFAULT_DISPLAY, FLAG_ROTATES_WITH_CONTENT, FLAG_SECURE, FLAG_SUPPORTS_PROTECTED_BUFFERS}
10-25 22:20:16.677    1749-1749/? V/ActivityManager﹕ Display changed displayId=0
10-25 22:20:16.717    1749-1749/? W/InputMethodManagerService﹕ Ignoring setImeWindowStatus of uid 1000 token: null
10-25 22:20:18.508    1749-1770/? D/SensorHALGestureSensor﹕ Gesture event received! time = 1414293618515224906
10-25 22:20:18.508    1749-1760/? I/PowerManagerService﹕ Waking up from sleep...
10-25 22:20:18.518    1749-1777/? W/KeyguardServiceDelegate﹕ onScreenTurnedOn(): no keyguard service!
10-25 22:20:18.609    1749-1749/? W/InputMethodManagerService﹕ Ignoring setImeWindowStatus of uid 1000 token: null
10-25 22:20:18.739    1749-4146/? D/SensorHAL﹕ adjustSensorHandle: handle = 9 adjustedHandle = 1
10-25 22:20:18.739    1749-4146/? D/SensorHAL﹕ adjustSensorHandle: handle = 9 adjustedHandle = 1
10-25 22:20:18.739    1749-1779/? I/DisplayManagerService﹕ Display device changed: DisplayDeviceInfo{"Built-in Screen": 320 x 290, 45.000004 fps, density 213, 203.2 x 204.61111 dpi, touch INTERNAL, rotation 0, type BUILT_IN, state ON, FLAG_DEFAULT_DISPLAY, FLAG_ROTATES_WITH_CONTENT, FLAG_SECURE, FLAG_SUPPORTS_PROTECTED_BUFFERS}
10-25 22:20:18.739    1749-1749/? V/ActivityManager﹕ Display changed displayId=0
10-25 22:20:18.759    1749-2385/? D/SensorHAL﹕ adjustSensorHandle: handle = 9 adjustedHandle = 1
10-25 22:20:23.603    1749-2245/? I/PowerManagerService﹕ Going to sleep due to screen timeout...
10-25 22:20:23.603    1749-1783/? I/PowerManagerService﹕ Dozing...
10-25 22:20:23.603    1749-1776/? I/DreamController﹕ Starting dream: name=ComponentInfo{com.google.android.wearable.app/com.google.android.clockwork.home.AmbientMode}, isTest=false, canDoze=true, userId=0
10-25 22:20:23.683    1749-1749/? W/InputMethodManagerService﹕ Ignoring setImeWindowStatus of uid 1000 token: null
10-25 22:20:23.683    1749-1816/? I/ActivityManager﹕ START u0 {act=android.intent.action.MAIN cat=[android.intent.category.HOME] flg=0x10000000 cmp=com.google.android.wearable.app/com.google.android.clockwork.home.HomeActivity (has extras)} from pid 1922 on display 0
10-25 22:20:23.683    1749-1776/? I/DreamController﹕ Stopping dream: name=ComponentInfo{com.google.android.wearable.app/com.google.android.clockwork.home.AmbientMode}, isTest=false, canDoze=true, userId=0
10-25 22:20:23.683    1749-1783/? I/PowerManagerService﹕ Sleeping...
10-25 22:20:24.544    1749-1779/? I/DisplayManagerService﹕ Display device changed: DisplayDeviceInfo{"Built-in Screen": 320 x 290, 45.000004 fps, density 213, 203.2 x 204.61111 dpi, touch INTERNAL, rotation 0, type BUILT_IN, state OFF, FLAG_DEFAULT_DISPLAY, FLAG_ROTATES_WITH_CONTENT, FLAG_SECURE, FLAG_SUPPORTS_PROTECTED_BUFFERS}
10-25 22:20:24.544    1749-1749/? V/ActivityManager﹕ Display changed displayId=0
10-25 22:21:25.739    1749-1770/? D/SensorHALGestureSensor﹕ Gesture event received! time = 1414293685742519824
10-25 22:21:25.749    1749-5971/? I/PowerManagerService﹕ Waking up from sleep...
10-25 22:21:25.749    1749-1777/? W/KeyguardServiceDelegate﹕ onScreenTurnedOn(): no keyguard service!
10-25 22:21:25.970    1749-1749/? W/InputMethodManagerService﹕ Ignoring setImeWindowStatus of uid 1000 token: null
10-25 22:21:26.080    1749-1971/? D/SensorHAL﹕ adjustSensorHandle: handle = 9 adjustedHandle = 1
10-25 22:21:26.080    1749-1971/? D/SensorHAL﹕ adjustSensorHandle: handle = 9 adjustedHandle = 1
10-25 22:21:26.080    1749-1779/? I/DisplayManagerService﹕ Display device changed: DisplayDeviceInfo{"Built-in Screen": 320 x 290, 45.000004 fps, density 213, 203.2 x 204.61111 dpi, touch INTERNAL, rotation 0, type BUILT_IN, state ON, FLAG_DEFAULT_DISPLAY, FLAG_ROTATES_WITH_CONTENT, FLAG_SECURE, FLAG_SUPPORTS_PROTECTED_BUFFERS}
10-25 22:21:26.090    1749-1749/? V/ActivityManager﹕ Display changed displayId=0
10-25 22:21:26.110    1749-5971/? D/SensorHAL﹕ adjustSensorHandle: handle = 9 adjustedHandle = 1
10-25 22:21:30.955    1749-1760/? I/PowerManagerService﹕ Going to sleep due to screen timeout...
10-25 22:21:30.955    1749-1783/? I/PowerManagerService﹕ Dozing...
10-25 22:21:30.955    1749-1776/? I/DreamController﹕ Starting dream: name=ComponentInfo{com.google.android.wearable.app/com.google.android.clockwork.home.AmbientMode}, isTest=false, canDoze=true, userId=0
10-25 22:21:31.025    1749-2245/? I/ActivityManager﹕ START u0 {act=android.intent.action.MAIN cat=[android.intent.category.HOME] flg=0x10000000 cmp=com.google.android.wearable.app/com.google.android.clockwork.home.HomeActivity (has extras)} from pid 1922 on display 0
10-25 22:21:31.025    1749-1776/? I/DreamController﹕ Stopping dream: name=ComponentInfo{com.google.android.wearable.app/com.google.android.clockwork.home.AmbientMode}, isTest=false, canDoze=true, userId=0
10-25 22:21:31.035    1749-1783/? I/PowerManagerService﹕ Sleeping...
10-25 22:21:31.875    1749-1779/? I/DisplayManagerService﹕ Display device changed: DisplayDeviceInfo{"Built-in Screen": 320 x 290, 45.000004 fps, density 213, 203.2 x 204.61111 dpi, touch INTERNAL, rotation 0, type BUILT_IN, state OFF, FLAG_DEFAULT_DISPLAY, FLAG_ROTATES_WITH_CONTENT, FLAG_SECURE, FLAG_SUPPORTS_PROTECTED_BUFFERS}
10-25 22:21:31.875    1749-1749/? V/ActivityManager﹕ Display changed displayId=0
10-25 22:21:31.935    1749-1749/? W/InputMethodManagerService﹕ Ignoring setImeWindowStatus of uid 1000 token: null
10-25 22:22:18.191    1749-1770/? D/SensorHALGestureSensor﹕ Gesture event received! time = 1414293738193661173
10-25 22:22:18.191    1749-1759/? I/PowerManagerService﹕ Waking up from sleep...
10-25 22:22:18.191    1749-1777/? W/KeyguardServiceDelegate﹕ onScreenTurnedOn(): no keyguard service!
10-25 22:22:18.391    1749-1749/? W/InputMethodManagerService﹕ Ignoring setImeWindowStatus of uid 1000 token: null
10-25 22:22:18.511    1749-1760/? D/SensorHAL﹕ adjustSensorHandle: handle = 9 adjustedHandle = 1
10-25 22:22:18.511    1749-1760/? D/SensorHAL﹕ adjustSensorHandle: handle = 9 adjustedHandle = 1
10-25 22:22:18.521    1749-1971/? D/SensorHAL﹕ adjustSensorHandle: handle = 9 adjustedHandle = 1
10-25 22:22:18.521    1749-1779/? I/DisplayManagerService﹕ Display device changed: DisplayDeviceInfo{"Built-in Screen": 320 x 290, 45.000004 fps, density 213, 203.2 x 204.61111 dpi, touch INTERNAL, rotation 0, type BUILT_IN, state ON, FLAG_DEFAULT_DISPLAY, FLAG_ROTATES_WITH_CONTENT, FLAG_SECURE, FLAG_SUPPORTS_PROTECTED_BUFFERS}
10-25 22:22:18.531    1749-1749/? V/ActivityManager﹕ Display changed displayId=0
10-25 22:22:23.396    1749-5971/? I/PowerManagerService﹕ Going to sleep due to screen timeout...
10-25 22:22:23.396    1749-1783/? I/PowerManagerService﹕ Dozing...
10-25 22:22:23.396    1749-1776/? I/DreamController﹕ Starting dream: name=ComponentInfo{com.google.android.wearable.app/com.google.android.clockwork.home.AmbientMode}, isTest=false, canDoze=true, userId=0
10-25 22:22:23.496    1749-1971/? I/ActivityManager﹕ START u0 {act=android.intent.action.MAIN cat=[android.intent.category.HOME] flg=0x10000000 cmp=com.google.android.wearable.app/com.google.android.clockwork.home.HomeActivity (has extras)} from pid 1922 on display 0
10-25 22:22:23.496    1749-1776/? I/DreamController﹕ Stopping dream: name=ComponentInfo{com.google.android.wearable.app/com.google.android.clockwork.home.AmbientMode}, isTest=false, canDoze=true, userId=0
10-25 22:22:23.496    1749-1783/? I/PowerManagerService﹕ Sleeping...
10-25 22:22:23.506    1749-1749/? W/InputMethodManagerService﹕ Ignoring setImeWindowStatus of uid 1000 token: null
10-25 22:22:24.307    1749-1779/? I/DisplayManagerService﹕ Display device changed: DisplayDeviceInfo{"Built-in Screen": 320 x 290, 45.000004 fps, density 213, 203.2 x 204.61111 dpi, touch INTERNAL, rotation 0, type BUILT_IN, state OFF, FLAG_DEFAULT_DISPLAY, FLAG_ROTATES_WITH_CONTENT, FLAG_SECURE, FLAG_SUPPORTS_PROTECTED_BUFFERS}
10-25 22:22:24.307    1749-1749/? V/ActivityManager﹕ Display changed displayId=0
10-25 22:28:44.287    1749-1770/? D/SensorHALGestureSensor﹕ Gesture event received! time = 1414294124290523952
10-25 22:28:44.287    1749-1816/? I/PowerManagerService﹕ Waking up from sleep...
10-25 22:28:44.287    1749-1777/? W/KeyguardServiceDelegate﹕ onScreenTurnedOn(): no keyguard service!
10-25 22:28:44.478    1749-1749/? W/InputMethodManagerService﹕ Ignoring setImeWindowStatus of uid 1000 token: null
10-25 22:28:44.538    1749-1759/? I/ActivityManager﹕ Delay finish: com.google.android.gms/.update.SystemUpdateService$Receiver
10-25 22:28:44.608    1749-5971/? D/SensorHAL﹕ adjustSensorHandle: handle = 9 adjustedHandle = 1
10-25 22:28:44.608    1749-5971/? D/SensorHAL﹕ adjustSensorHandle: handle = 9 adjustedHandle = 1
10-25 22:28:44.618    1749-1760/? D/SensorHAL﹕ adjustSensorHandle: handle = 9 adjustedHandle = 1
10-25 22:28:44.628    1749-1779/? I/DisplayManagerService﹕ Display device changed: DisplayDeviceInfo{"Built-in Screen": 320 x 290, 45.000004 fps, density 213, 203.2 x 204.61111 dpi, touch INTERNAL, rotation 0, type BUILT_IN, state ON, FLAG_DEFAULT_DISPLAY, FLAG_ROTATES_WITH_CONTENT, FLAG_SECURE, FLAG_SUPPORTS_PROTECTED_BUFFERS}
10-25 22:28:44.628    1749-1749/? V/ActivityManager﹕ Display changed displayId=0
10-25 22:28:44.728    1749-2580/? I/ActivityManager﹕ Resuming delayed broadcast
10-25 22:28:44.728    1749-1810/? D/ConnectivityService﹕ Sampling interval elapsed, updating statistics ..
10-25 22:28:44.758    1749-1810/? D/ConnectivityService﹕ Done.
10-25 22:28:44.758    1749-1810/? D/ConnectivityService﹕ Setting timer for 720seconds
10-25 22:28:49.493    1749-1816/? I/PowerManagerService﹕ Going to sleep due to screen timeout...
10-25 22:28:49.493    1749-1783/? I/PowerManagerService﹕ Dozing...
10-25 22:28:49.493    1749-1776/? I/DreamController﹕ Starting dream: name=ComponentInfo{com.google.android.wearable.app/com.google.android.clockwork.home.AmbientMode}, isTest=false, canDoze=true, userId=0
10-25 22:28:49.573    1749-1749/? W/InputMethodManagerService﹕ Ignoring setImeWindowStatus of uid 1000 token: null
10-25 22:28:49.583    1749-2385/? I/ActivityManager﹕ START u0 {act=android.intent.action.MAIN cat=[android.intent.category.HOME] flg=0x10000000 cmp=com.google.android.wearable.app/com.google.android.clockwork.home.HomeActivity (has extras)} from pid 1922 on display 0
10-25 22:28:49.583    1749-1776/? I/DreamController﹕ Stopping dream: name=ComponentInfo{com.google.android.wearable.app/com.google.android.clockwork.home.AmbientMode}, isTest=false, canDoze=true, userId=0
10-25 22:28:49.583    1749-1783/? I/PowerManagerService﹕ Sleeping...
10-25 22:28:50.413    1749-1779/? I/DisplayManagerService﹕ Display device changed: DisplayDeviceInfo{"Built-in Screen": 320 x 290, 45.000004 fps, density 213, 203.2 x 204.61111 dpi, touch INTERNAL, rotation 0, type BUILT_IN, state OFF, FLAG_DEFAULT_DISPLAY, FLAG_ROTATES_WITH_CONTENT, FLAG_SECURE, FLAG_SUPPORTS_PROTECTED_BUFFERS}
10-25 22:28:50.413    1749-1749/? V/ActivityManager﹕ Display changed displayId=0
10-25 22:28:56.139    1749-1770/? D/SensorHALGestureSensor﹕ Gesture event received! time = 1414294136141872825
10-25 22:28:56.139    1749-1760/? I/PowerManagerService﹕ Waking up from sleep...
10-25 22:28:56.139    1749-1777/? W/KeyguardServiceDelegate﹕ onScreenTurnedOn(): no keyguard service!
10-25 22:28:56.309    1749-1749/? W/InputMethodManagerService﹕ Ignoring setImeWindowStatus of uid 1000 token: null
10-25 22:28:56.439    1749-1779/? I/DisplayManagerService﹕ Display device changed: DisplayDeviceInfo{"Built-in Screen": 320 x 290, 45.000004 fps, density 213, 203.2 x 204.61111 dpi, touch INTERNAL, rotation 0, type BUILT_IN, state ON, FLAG_DEFAULT_DISPLAY, FLAG_ROTATES_WITH_CONTENT, FLAG_SECURE, FLAG_SUPPORTS_PROTECTED_BUFFERS}
10-25 22:28:56.449    1749-1749/? V/ActivityManager﹕ Display changed displayId=0
10-25 22:28:56.499    1749-2245/? D/SensorHAL﹕ adjustSensorHandle: handle = 9 adjustedHandle = 1
10-25 22:28:56.499    1749-2245/? D/SensorHAL﹕ adjustSensorHandle: handle = 9 adjustedHandle = 1
10-25 22:28:56.509    1749-4146/? D/SensorHAL﹕ adjustSensorHandle: handle = 9 adjustedHandle = 1
10-25 22:29:01.324    1749-1816/? I/PowerManagerService﹕ Going to sleep due to screen timeout...
10-25 22:29:01.324    1749-1783/? I/PowerManagerService﹕ Dozing...
10-25 22:29:01.324    1749-1776/? I/DreamController﹕ Starting dream: name=ComponentInfo{com.google.android.wearable.app/com.google.android.clockwork.home.AmbientMode}, isTest=false, canDoze=true, userId=0
10-25 22:29:01.394    1749-5971/? I/ActivityManager﹕ START u0 {act=android.intent.action.MAIN cat=[android.intent.category.HOME] flg=0x10000000 cmp=com.google.android.wearable.app/com.google.android.clockwork.home.HomeActivity (has extras)} from pid 1922 on display 0
10-25 22:29:01.404    1749-1776/? I/DreamController﹕ Stopping dream: name=ComponentInfo{com.google.android.wearable.app/com.google.android.clockwork.home.AmbientMode}, isTest=false, canDoze=true, userId=0
10-25 22:29:01.414    1749-1783/? I/PowerManagerService﹕ Sleeping...
10-25 22:29:01.444    1749-1749/? W/InputMethodManagerService﹕ Ignoring setImeWindowStatus of uid 1000 token: null
10-25 22:29:02.355    1749-1779/? I/DisplayManagerService﹕ Display device changed: DisplayDeviceInfo{"Built-in Screen": 320 x 290, 45.000004 fps, density 213, 203.2 x 204.61111 dpi, touch INTERNAL, rotation 0, type BUILT_IN, state OFF, FLAG_DEFAULT_DISPLAY, FLAG_ROTATES_WITH_CONTENT, FLAG_SECURE, FLAG_SUPPORTS_PROTECTED_BUFFERS}
10-25 22:29:02.355    1749-1749/? V/ActivityManager﹕ Display changed displayId=0
10-25 22:30:02.484    1749-1770/? D/SensorHALGestureSensor﹕ Gesture event received! time = 1414294202486660419
10-25 22:30:02.494    1749-2245/? I/PowerManagerService﹕ Waking up from sleep...
10-25 22:30:02.494    1749-1777/? W/KeyguardServiceDelegate﹕ onScreenTurnedOn(): no keyguard service!
10-25 22:30:02.684    1749-1749/? W/InputMethodManagerService﹕ Ignoring setImeWindowStatus of uid 1000 token: null
10-25 22:30:02.824    1749-5971/? D/SensorHAL﹕ adjustSensorHandle: handle = 9 adjustedHandle = 1
10-25 22:30:02.824    1749-5971/? D/SensorHAL﹕ adjustSensorHandle: handle = 9 adjustedHandle = 1
10-25 22:30:02.824    1749-1779/? I/DisplayManagerService﹕ Display device changed: DisplayDeviceInfo{"Built-in Screen": 320 x 290, 45.000004 fps, density 213, 203.2 x 204.61111 dpi, touch INTERNAL, rotation 0, type BUILT_IN, state ON, FLAG_DEFAULT_DISPLAY, FLAG_ROTATES_WITH_CONTENT, FLAG_SECURE, FLAG_SUPPORTS_PROTECTED_BUFFERS}
10-25 22:30:02.824    1749-1749/? V/ActivityManager﹕ Display changed displayId=0
10-25 22:30:02.864    1749-1971/? D/SensorHAL﹕ adjustSensorHandle: handle = 9 adjustedHandle = 1
10-25 22:30:07.669    1749-1760/? I/PowerManagerService﹕ Going to sleep due to screen timeout...
10-25 22:30:07.669    1749-1783/? I/PowerManagerService﹕ Dozing...
10-25 22:30:07.679    1749-1776/? I/DreamController﹕ Starting dream: name=ComponentInfo{com.google.android.wearable.app/com.google.android.clockwork.home.AmbientMode}, isTest=false, canDoze=true, userId=0
10-25 22:30:07.759    1749-1749/? W/InputMethodManagerService﹕ Ignoring setImeWindowStatus of uid 1000 token: null
10-25 22:30:07.769    1749-2385/? I/ActivityManager﹕ START u0 {act=android.intent.action.MAIN cat=[android.intent.category.HOME] flg=0x10000000 cmp=com.google.android.wearable.app/com.google.android.clockwork.home.HomeActivity (has extras)} from pid 1922 on display 0
10-25 22:30:07.769    1749-1776/? I/DreamController﹕ Stopping dream: name=ComponentInfo{com.google.android.wearable.app/com.google.android.clockwork.home.AmbientMode}, isTest=false, canDoze=true, userId=0
10-25 22:30:07.779    1749-1783/? I/PowerManagerService﹕ Sleeping...
10-25 22:30:07.869    1749-2385/? I/ActivityManager﹕ Delay finish: com.google.android.gms/.checkin.EventLogService$Receiver
10-25 22:30:08.379    1749-1760/? I/ActivityManager﹕ Resuming delayed broadcast
10-25 22:30:08.730    1749-1779/? I/DisplayManagerService﹕ Display device changed: DisplayDeviceInfo{"Built-in Screen": 320 x 290, 45.000004 fps, density 213, 203.2 x 204.61111 dpi, touch INTERNAL, rotation 0, type BUILT_IN, state OFF, FLAG_DEFAULT_DISPLAY, FLAG_ROTATES_WITH_CONTENT, FLAG_SECURE, FLAG_SUPPORTS_PROTECTED_BUFFERS}
10-25 22:30:08.730    1749-1749/? V/ActivityManager﹕ Display changed displayId=0
10-25 22:30:17.898    1749-1770/? D/SensorHALGestureSensor﹕ Gesture event received! time = 1414294217901485854
10-25 22:30:17.898    1749-2245/? I/PowerManagerService﹕ Waking up from sleep...
10-25 22:30:17.898    1749-1777/? W/KeyguardServiceDelegate﹕ onScreenTurnedOn(): no keyguard service!
10-25 22:30:18.099    1749-1749/? W/InputMethodManagerService﹕ Ignoring setImeWindowStatus of uid 1000 token: null
10-25 22:30:18.229    1749-2245/? D/SensorHAL﹕ adjustSensorHandle: handle = 9 adjustedHandle = 1
10-25 22:30:18.229    1749-2245/? D/SensorHAL﹕ adjustSensorHandle: handle = 9 adjustedHandle = 1
10-25 22:30:18.229    1749-1779/? I/DisplayManagerService﹕ Display device changed: DisplayDeviceInfo{"Built-in Screen": 320 x 290, 45.000004 fps, density 213, 203.2 x 204.61111 dpi, touch INTERNAL, rotation 0, type BUILT_IN, state ON, FLAG_DEFAULT_DISPLAY, FLAG_ROTATES_WITH_CONTENT, FLAG_SECURE, FLAG_SUPPORTS_PROTECTED_BUFFERS}
10-25 22:30:18.229    1749-1749/? V/ActivityManager﹕ Display changed displayId=0
10-25 22:30:18.259    1749-2385/? D/SensorHAL﹕ adjustSensorHandle: handle = 9 adjustedHandle = 1
10-25 22:30:37.087    1749-1783/? I/PowerManagerService﹕ Going to sleep due to screen timeout...
10-25 22:30:37.097    1749-1783/? I/PowerManagerService﹕ Dozing...
10-25 22:30:37.107    1749-1776/? I/DreamController﹕ Starting dream: name=ComponentInfo{com.google.android.wearable.app/com.google.android.clockwork.home.AmbientMode}, isTest=false, canDoze=true, userId=0
10-25 22:30:37.117    1749-1749/? W/InputMethodManagerService﹕ Ignoring setImeWindowStatus of uid 1000 token: null
10-25 22:30:37.307    1749-5971/? I/ActivityManager﹕ START u0 {act=android.intent.action.MAIN cat=[android.intent.category.HOME] flg=0x10000000 cmp=com.google.android.wearable.app/com.google.android.clockwork.home.HomeActivity (has extras)} from pid 1922 on display 0
10-25 22:30:37.307    1749-1749/? V/ActivityManager﹕ Display changed displayId=0
10-25 22:30:37.337    1749-1776/? I/DreamController﹕ Stopping dream: name=ComponentInfo{com.google.android.wearable.app/com.google.android.clockwork.home.AmbientMode}, isTest=false, canDoze=true, userId=0
10-25 22:30:37.337    1749-1783/? I/PowerManagerService﹕ Sleeping...
10-25 22:30:37.387    1749-1760/? I/ActivityManager﹕ Activity reported stop, but no longer stopping: ActivityRecord{add0ab30 u0 com.google.android.wearable.app/com.google.android.clockwork.home.HomeActivity t1}
10-25 22:30:38.228    1749-1779/? I/DisplayManagerService﹕ Display device changed: DisplayDeviceInfo{"Built-in Screen": 320 x 290, 45.000004 fps, density 213, 203.2 x 204.61111 dpi, touch INTERNAL, rotation 0, type BUILT_IN, state OFF, FLAG_DEFAULT_DISPLAY, FLAG_ROTATES_WITH_CONTENT, FLAG_SECURE, FLAG_SUPPORTS_PROTECTED_BUFFERS}
10-25 22:30:38.228    1749-1749/? V/ActivityManager﹕ Display changed displayId=0
10-25 22:30:56.606    1749-1770/? D/SensorHALGestureSensor﹕ Gesture event received! time = 1414294256617458755
10-25 22:30:56.606    1749-1971/? I/PowerManagerService﹕ Waking up from sleep...
10-25 22:30:56.606    1749-1777/? W/KeyguardServiceDelegate﹕ onScreenTurnedOn(): no keyguard service!
10-25 22:30:56.796    1749-1749/? V/ActivityManager﹕ Display changed displayId=0
10-25 22:30:56.826    1749-1749/? W/InputMethodManagerService﹕ Ignoring setImeWindowStatus of uid 1000 token: null
10-25 22:30:56.917    1749-1779/? I/DisplayManagerService﹕ Display device changed: DisplayDeviceInfo{"Built-in Screen": 320 x 290, 45.000004 fps, density 213, 203.2 x 204.61111 dpi, touch INTERNAL, rotation 0, type BUILT_IN, state ON, FLAG_DEFAULT_DISPLAY, FLAG_ROTATES_WITH_CONTENT, FLAG_SECURE, FLAG_SUPPORTS_PROTECTED_BUFFERS}
10-25 22:30:56.917    1749-1749/? V/ActivityManager﹕ Display changed displayId=0
10-25 22:30:56.937    1749-5971/? D/SensorHAL﹕ adjustSensorHandle: handle = 9 adjustedHandle = 1
10-25 22:30:56.937    1749-5971/? D/SensorHAL﹕ adjustSensorHandle: handle = 9 adjustedHandle = 1
10-25 22:30:56.967    1749-2245/? D/SensorHAL﹕ adjustSensorHandle: handle = 9 adjustedHandle = 1
10-25 22:31:01.791    1749-1971/? I/PowerManagerService﹕ Going to sleep due to screen timeout...
10-25 22:31:01.801    1749-1783/? I/PowerManagerService﹕ Dozing...
10-25 22:31:01.801    1749-1776/? I/DreamController﹕ Starting dream: name=ComponentInfo{com.google.android.wearable.app/com.google.android.clockwork.home.AmbientMode}, isTest=false, canDoze=true, userId=0
10-25 22:31:01.881    1749-1816/? I/ActivityManager﹕ START u0 {act=android.intent.action.MAIN cat=[android.intent.category.HOME] flg=0x10000000 cmp=com.google.android.wearable.app/com.google.android.clockwork.home.HomeActivity (has extras)} from pid 1922 on display 0
10-25 22:31:01.881    1749-1776/? I/DreamController﹕ Stopping dream: name=ComponentInfo{com.google.android.wearable.app/com.google.android.clockwork.home.AmbientMode}, isTest=false, canDoze=true, userId=0
10-25 22:31:01.891    1749-1783/? I/PowerManagerService﹕ Sleeping...
10-25 22:31:02.662    1749-1779/? I/DisplayManagerService﹕ Display device changed: DisplayDeviceInfo{"Built-in Screen": 320 x 290, 45.000004 fps, density 213, 203.2 x 204.61111 dpi, touch INTERNAL, rotation 0, type BUILT_IN, state OFF, FLAG_DEFAULT_DISPLAY, FLAG_ROTATES_WITH_CONTENT, FLAG_SECURE, FLAG_SUPPORTS_PROTECTED_BUFFERS}
10-25 22:31:02.662    1749-1749/? V/ActivityManager﹕ Display changed displayId=0
10-25 22:31:02.712    1749-1749/? W/InputMethodManagerService﹕ Ignoring setImeWindowStatus of uid 1000 token: null
10-25 22:31:16.466    1749-1770/? D/SensorHALGestureSensor﹕ Gesture event received! time = 1414294276476742202
10-25 22:31:16.466    1749-1816/? I/PowerManagerService﹕ Waking up from sleep...
10-25 22:31:16.466    1749-1777/? W/KeyguardServiceDelegate﹕ onScreenTurnedOn(): no keyguard service!
10-25 22:31:16.656    1749-1749/? W/InputMethodManagerService﹕ Ignoring setImeWindowStatus of uid 1000 token: null
10-25 22:31:16.776    1749-5971/? D/SensorHAL﹕ adjustSensorHandle: handle = 9 adjustedHandle = 1
10-25 22:31:16.776    1749-5971/? D/SensorHAL﹕ adjustSensorHandle: handle = 9 adjustedHandle = 1
10-25 22:31:16.776    1749-1779/? I/DisplayManagerService﹕ Display device changed: DisplayDeviceInfo{"Built-in Screen": 320 x 290, 45.000004 fps, density 213, 203.2 x 204.61111 dpi, touch INTERNAL, rotation 0, type BUILT_IN, state ON, FLAG_DEFAULT_DISPLAY, FLAG_ROTATES_WITH_CONTENT, FLAG_SECURE, FLAG_SUPPORTS_PROTECTED_BUFFERS}
10-25 22:31:16.786    1749-1749/? V/ActivityManager﹕ Display changed displayId=0
10-25 22:31:16.796    1749-1759/? D/SensorHAL﹕ adjustSensorHandle: handle = 9 adjustedHandle = 1
10-25 22:31:21.671    1749-4146/? I/PowerManagerService﹕ Going to sleep due to screen timeout...
10-25 22:31:21.671    1749-1783/? I/PowerManagerService﹕ Dozing...
10-25 22:31:21.681    1749-1776/? I/DreamController﹕ Starting dream: name=ComponentInfo{com.google.android.wearable.app/com.google.android.clockwork.home.AmbientMode}, isTest=false, canDoze=true, userId=0
10-25 22:31:21.751    1749-1971/? I/ActivityManager﹕ START u0 {act=android.intent.action.MAIN cat=[android.intent.category.HOME] flg=0x10000000 cmp=com.google.android.wearable.app/com.google.android.clockwork.home.HomeActivity (has extras)} from pid 1922 on display 0
10-25 22:31:21.751    1749-1776/? I/DreamController﹕ Stopping dream: name=ComponentInfo{com.google.android.wearable.app/com.google.android.clockwork.home.AmbientMode}, isTest=false, canDoze=true, userId=0
10-25 22:31:21.761    1749-1783/? I/PowerManagerService﹕ Sleeping...
10-25 22:31:22.562    1749-1779/? I/DisplayManagerService﹕ Display device changed: DisplayDeviceInfo{"Built-in Screen": 320 x 290, 45.000004 fps, density 213, 203.2 x 204.61111 dpi, touch INTERNAL, rotation 0, type BUILT_IN, state OFF, FLAG_DEFAULT_DISPLAY, FLAG_ROTATES_WITH_CONTENT, FLAG_SECURE, FLAG_SUPPORTS_PROTECTED_BUFFERS}
10-25 22:31:22.562    1749-1749/? V/ActivityManager﹕ Display changed displayId=0
10-25 22:31:22.632    1749-1749/? W/InputMethodManagerService﹕ Ignoring setImeWindowStatus of uid 1000 token: null
10-25 22:32:04.162    1749-1770/? D/SensorHALGestureSensor﹕ Gesture event received! time = 1414294324165340827
10-25 22:32:04.162    1749-4146/? I/PowerManagerService﹕ Waking up from sleep...
10-25 22:32:04.162    1749-1777/? W/KeyguardServiceDelegate﹕ onScreenTurnedOn(): no keyguard service!
10-25 22:32:04.372    1749-1749/? W/InputMethodManagerService﹕ Ignoring setImeWindowStatus of uid 1000 token: null
10-25 22:32:04.483    1749-2245/? D/SensorHAL﹕ adjustSensorHandle: handle = 9 adjustedHandle = 1
10-25 22:32:04.483    1749-2245/? D/SensorHAL﹕ adjustSensorHandle: handle = 9 adjustedHandle = 1
10-25 22:32:04.483    1749-1779/? I/DisplayManagerService﹕ Display device changed: DisplayDeviceInfo{"Built-in Screen": 320 x 290, 45.000004 fps, density 213, 203.2 x 204.61111 dpi, touch INTERNAL, rotation 0, type BUILT_IN, state ON, FLAG_DEFAULT_DISPLAY, FLAG_ROTATES_WITH_CONTENT, FLAG_SECURE, FLAG_SUPPORTS_PROTECTED_BUFFERS}
10-25 22:32:04.483    1749-1749/? V/ActivityManager﹕ Display changed displayId=0
10-25 22:32:04.503    1749-5971/? D/SensorHAL﹕ adjustSensorHandle: handle = 9 adjustedHandle = 1
10-25 22:32:09.367    1749-1971/? I/PowerManagerService﹕ Going to sleep due to screen timeout...
10-25 22:32:09.367    1749-1783/? I/PowerManagerService﹕ Dozing...
10-25 22:32:09.367    1749-1776/? I/DreamController﹕ Starting dream: name=ComponentInfo{com.google.android.wearable.app/com.google.android.clockwork.home.AmbientMode}, isTest=false, canDoze=true, userId=0
10-25 22:32:09.427    1749-2385/? I/ActivityManager﹕ START u0 {act=android.intent.action.MAIN cat=[android.intent.category.HOME] flg=0x10000000 cmp=com.google.android.wearable.app/com.google.android.clockwork.home.HomeActivity (has extras)} from pid 1922 on display 0
10-25 22:32:09.437    1749-1776/? I/DreamController﹕ Stopping dream: name=ComponentInfo{com.google.android.wearable.app/com.google.android.clockwork.home.AmbientMode}, isTest=false, canDoze=true, userId=0
10-25 22:32:09.437    1749-1783/? I/PowerManagerService﹕ Sleeping...
10-25 22:32:10.288    1749-1779/? I/DisplayManagerService﹕ Display device changed: DisplayDeviceInfo{"Built-in Screen": 320 x 290, 45.000004 fps, density 213, 203.2 x 204.61111 dpi, touch INTERNAL, rotation 0, type BUILT_IN, state OFF, FLAG_DEFAULT_DISPLAY, FLAG_ROTATES_WITH_CONTENT, FLAG_SECURE, FLAG_SUPPORTS_PROTECTED_BUFFERS}
10-25 22:32:10.288    1749-1749/? V/ActivityManager﹕ Display changed displayId=0
10-25 22:32:10.368    1749-1749/? W/InputMethodManagerService﹕ Ignoring setImeWindowStatus of uid 1000 token: null
10-25 22:32:13.571    1749-1770/? D/SensorHALGestureSensor﹕ Gesture event received! time = 1414294333574489991
10-25 22:32:13.571    1749-1971/? I/PowerManagerService﹕ Waking up from sleep...
10-25 22:32:13.571    1749-1777/? W/KeyguardServiceDelegate﹕ onScreenTurnedOn(): no keyguard service!
10-25 22:32:13.782    1749-1749/? W/InputMethodManagerService﹕ Ignoring setImeWindowStatus of uid 1000 token: null
10-25 22:32:13.902    1749-1816/? D/SensorHAL﹕ adjustSensorHandle: handle = 9 adjustedHandle = 1
10-25 22:32:13.902    1749-1816/? D/SensorHAL﹕ adjustSensorHandle: handle = 9 adjustedHandle = 1
10-25 22:32:13.912    1749-1779/? I/DisplayManagerService﹕ Display device changed: DisplayDeviceInfo{"Built-in Screen": 320 x 290, 45.000004 fps, density 213, 203.2 x 204.61111 dpi, touch INTERNAL, rotation 0, type BUILT_IN, state ON, FLAG_DEFAULT_DISPLAY, FLAG_ROTATES_WITH_CONTENT, FLAG_SECURE, FLAG_SUPPORTS_PROTECTED_BUFFERS}
10-25 22:32:13.912    1749-1749/? V/ActivityManager﹕ Display changed displayId=0
10-25 22:32:13.922    1749-2580/? D/SensorHAL﹕ adjustSensorHandle: handle = 9 adjustedHandle = 1
10-25 22:32:18.807    1749-2385/? I/PowerManagerService﹕ Going to sleep due to screen timeout...
10-25 22:32:18.807    1749-1783/? I/PowerManagerService﹕ Dozing...
10-25 22:32:18.807    1749-1776/? I/DreamController﹕ Starting dream: name=ComponentInfo{com.google.android.wearable.app/com.google.android.clockwork.home.AmbientMode}, isTest=false, canDoze=true, userId=0
10-25 22:32:18.887    1749-1749/? W/InputMethodManagerService﹕ Ignoring setImeWindowStatus of uid 1000 token: null
10-25 22:32:18.897    1749-2580/? I/ActivityManager﹕ START u0 {act=android.intent.action.MAIN cat=[android.intent.category.HOME] flg=0x10000000 cmp=com.google.android.wearable.app/com.google.android.clockwork.home.HomeActivity (has extras)} from pid 1922 on display 0
10-25 22:32:18.897    1749-1776/? I/DreamController﹕ Stopping dream: name=ComponentInfo{com.google.android.wearable.app/com.google.android.clockwork.home.AmbientMode}, isTest=false, canDoze=true, userId=0
10-25 22:32:18.907    1749-1783/? I/PowerManagerService﹕ Sleeping...
10-25 22:32:19.808    1749-1779/? I/DisplayManagerService﹕ Display device changed: DisplayDeviceInfo{"Built-in Screen": 320 x 290, 45.000004 fps, density 213, 203.2 x 204.61111 dpi, touch INTERNAL, rotation 0, type BUILT_IN, state OFF, FLAG_DEFAULT_DISPLAY, FLAG_ROTATES_WITH_CONTENT, FLAG_SECURE, FLAG_SUPPORTS_PROTECTED_BUFFERS}
10-25 22:32:19.818    1749-1749/? V/ActivityManager﹕ Display changed displayId=0
10-25 22:34:27.262    1749-1770/? D/SensorHALGestureSensor﹕ Gesture event received! time = 1414294467264950186
10-25 22:34:27.262    1749-1760/? I/PowerManagerService﹕ Waking up from sleep...
10-25 22:34:27.262    1749-1777/? W/KeyguardServiceDelegate﹕ onScreenTurnedOn(): no keyguard service!
10-25 22:34:27.472    1749-1749/? W/InputMethodManagerService﹕ Ignoring setImeWindowStatus of uid 1000 token: null
10-25 22:34:27.602    1749-2580/? D/SensorHAL﹕ adjustSensorHandle: handle = 9 adjustedHandle = 1
10-25 22:34:27.602    1749-2580/? D/SensorHAL﹕ adjustSensorHandle: handle = 9 adjustedHandle = 1
10-25 22:34:27.602    1749-1779/? I/DisplayManagerService﹕ Display device changed: DisplayDeviceInfo{"Built-in Screen": 320 x 290, 45.000004 fps, density 213, 203.2 x 204.61111 dpi, touch INTERNAL, rotation 0, type BUILT_IN, state ON, FLAG_DEFAULT_DISPLAY, FLAG_ROTATES_WITH_CONTENT, FLAG_SECURE, FLAG_SUPPORTS_PROTECTED_BUFFERS}
10-25 22:34:27.602    1749-1749/? V/ActivityManager﹕ Display changed displayId=0
10-25 22:34:27.632    1749-1971/? D/SensorHAL﹕ adjustSensorHandle: handle = 9 adjustedHandle = 1
10-25 22:34:32.487    1749-2580/? I/PowerManagerService﹕ Going to sleep due to screen timeout...
10-25 22:34:32.487    1749-1783/? I/PowerManagerService﹕ Dozing...
10-25 22:34:32.487    1749-1776/? I/DreamController﹕ Starting dream: name=ComponentInfo{com.google.android.wearable.app/com.google.android.clockwork.home.AmbientMode}, isTest=false, canDoze=true, userId=0
10-25 22:34:32.567    1749-2385/? I/ActivityManager﹕ START u0 {act=android.intent.action.MAIN cat=[android.intent.category.HOME] flg=0x10000000 cmp=com.google.android.wearable.app/com.google.android.clockwork.home.HomeActivity (has extras)} from pid 1922 on display 0
10-25 22:34:32.567    1749-1776/? I/DreamController﹕ Stopping dream: name=ComponentInfo{com.google.android.wearable.app/com.google.android.clockwork.home.AmbientMode}, isTest=false, canDoze=true, userId=0
10-25 22:34:32.567    1749-1783/? I/PowerManagerService﹕ Sleeping...
10-25 22:34:33.328    1749-1779/? I/DisplayManagerService﹕ Display device changed: DisplayDeviceInfo{"Built-in Screen": 320 x 290, 45.000004 fps, density 213, 203.2 x 204.61111 dpi, touch INTERNAL, rotation 0, type BUILT_IN, state OFF, FLAG_DEFAULT_DISPLAY, FLAG_ROTATES_WITH_CONTENT, FLAG_SECURE, FLAG_SUPPORTS_PROTECTED_BUFFERS}
10-25 22:34:33.328    1749-1749/? V/ActivityManager﹕ Display changed displayId=0
10-25 22:34:33.378    1749-1749/? W/InputMethodManagerService﹕ Ignoring setImeWindowStatus of uid 1000 token: null
10-25 22:34:47.721    1749-1770/? D/SensorHALGestureSensor﹕ Gesture event received! time = 1414294487724453355
10-25 22:34:47.721    1749-5971/? I/PowerManagerService﹕ Waking up from sleep...
10-25 22:34:47.721    1749-1777/? W/KeyguardServiceDelegate﹕ onScreenTurnedOn(): no keyguard service!
10-25 22:34:47.882    1749-1749/? W/InputMethodManagerService﹕ Ignoring setImeWindowStatus of uid 1000 token: null
10-25 22:34:48.022    1749-1779/? I/DisplayManagerService﹕ Display device changed: DisplayDeviceInfo{"Built-in Screen": 320 x 290, 45.000004 fps, density 213, 203.2 x 204.61111 dpi, touch INTERNAL, rotation 0, type BUILT_IN, state ON, FLAG_DEFAULT_DISPLAY, FLAG_ROTATES_WITH_CONTENT, FLAG_SECURE, FLAG_SUPPORTS_PROTECTED_BUFFERS}
10-25 22:34:48.022    1749-1749/? V/ActivityManager﹕ Display changed displayId=0
10-25 22:34:48.062    1749-2245/? D/SensorHAL﹕ adjustSensorHandle: handle = 9 adjustedHandle = 1
10-25 22:34:48.062    1749-2245/? D/SensorHAL﹕ adjustSensorHandle: handle = 9 adjustedHandle = 1
10-25 22:34:48.062    1749-2385/? D/SensorHAL﹕ adjustSensorHandle: handle = 9 adjustedHandle = 1
10-25 22:34:52.876    1749-2245/? I/PowerManagerService﹕ Going to sleep due to screen timeout...
10-25 22:34:52.886    1749-1783/? I/PowerManagerService﹕ Dozing...
10-25 22:34:52.886    1749-1776/? I/DreamController﹕ Starting dream: name=ComponentInfo{com.google.android.wearable.app/com.google.android.clockwork.home.AmbientMode}, isTest=false, canDoze=true, userId=0
10-25 22:34:52.947    1749-1749/? W/InputMethodManagerService﹕ Ignoring setImeWindowStatus of uid 1000 token: null
10-25 22:34:53.117    1749-5971/? I/ActivityManager﹕ START u0 {act=android.intent.action.MAIN cat=[android.intent.category.HOME] flg=0x10000000 cmp=com.google.android.wearable.app/com.google.android.clockwork.home.HomeActivity (has extras)} from pid 1922 on display 0
10-25 22:34:53.127    1749-1749/? V/ActivityManager﹕ Display changed displayId=0
10-25 22:34:53.157    1749-1776/? I/DreamController﹕ Stopping dream: name=ComponentInfo{com.google.android.wearable.app/com.google.android.clockwork.home.AmbientMode}, isTest=false, canDoze=true, userId=0
10-25 22:34:53.167    1749-1783/? I/PowerManagerService﹕ Sleeping...
10-25 22:34:53.627    1749-2580/? I/ActivityManager﹕ Activity reported stop, but no longer stopping: ActivityRecord{add0ab30 u0 com.google.android.wearable.app/com.google.android.clockwork.home.HomeActivity t1}
10-25 22:34:53.978    1749-1779/? I/DisplayManagerService﹕ Display device changed: DisplayDeviceInfo{"Built-in Screen": 320 x 290, 45.000004 fps, density 213, 203.2 x 204.61111 dpi, touch INTERNAL, rotation 0, type BUILT_IN, state OFF, FLAG_DEFAULT_DISPLAY, FLAG_ROTATES_WITH_CONTENT, FLAG_SECURE, FLAG_SUPPORTS_PROTECTED_BUFFERS}
10-25 22:34:53.978    1749-1749/? V/ActivityManager﹕ Display changed displayId=0
10-25 22:36:41.151    1749-1770/? D/SensorHALGestureSensor﹕ Gesture event received! time = 1414294601158382792
10-25 22:36:41.151    1749-2580/? I/PowerManagerService﹕ Waking up from sleep...
10-25 22:36:41.151    1749-1777/? W/KeyguardServiceDelegate﹕ onScreenTurnedOn(): no keyguard service!
10-25 22:36:41.301    1749-1749/? V/ActivityManager﹕ Display changed displayId=0
10-25 22:36:41.301    1749-1749/? W/InputMethodManagerService﹕ Ignoring setImeWindowStatus of uid 1000 token: null
10-25 22:36:41.402    1749-1760/? D/SensorHAL﹕ adjustSensorHandle: handle = 9 adjustedHandle = 1
10-25 22:36:41.402    1749-1760/? D/SensorHAL﹕ adjustSensorHandle: handle = 9 adjustedHandle = 1
10-25 22:36:41.402    1749-1779/? I/DisplayManagerService﹕ Display device changed: DisplayDeviceInfo{"Built-in Screen": 320 x 290, 45.000004 fps, density 213, 203.2 x 204.61111 dpi, touch INTERNAL, rotation 0, type BUILT_IN, state ON, FLAG_DEFAULT_DISPLAY, FLAG_ROTATES_WITH_CONTENT, FLAG_SECURE, FLAG_SUPPORTS_PROTECTED_BUFFERS}
10-25 22:36:41.402    1749-1749/? V/ActivityManager﹕ Display changed displayId=0
10-25 22:36:41.432    1749-1759/? D/SensorHAL﹕ adjustSensorHandle: handle = 9 adjustedHandle = 1
10-25 22:36:46.296    1749-2245/? I/PowerManagerService﹕ Going to sleep due to screen timeout...
10-25 22:36:46.296    1749-1783/? I/PowerManagerService﹕ Dozing...
10-25 22:36:46.296    1749-1776/? I/DreamController﹕ Starting dream: name=ComponentInfo{com.google.android.wearable.app/com.google.android.clockwork.home.AmbientMode}, isTest=false, canDoze=true, userId=0
10-25 22:36:46.386    1749-1749/? W/InputMethodManagerService﹕ Ignoring setImeWindowStatus of uid 1000 token: null
10-25 22:36:46.386    1749-2385/? I/ActivityManager﹕ START u0 {act=android.intent.action.MAIN cat=[android.intent.category.HOME] flg=0x10000000 cmp=com.google.android.wearable.app/com.google.android.clockwork.home.HomeActivity (has extras)} from pid 1922 on display 0
10-25 22:36:46.386    1749-1776/? I/DreamController﹕ Stopping dream: name=ComponentInfo{com.google.android.wearable.app/com.google.android.clockwork.home.AmbientMode}, isTest=false, canDoze=true, userId=0
10-25 22:36:46.396    1749-1783/? I/PowerManagerService﹕ Sleeping...
10-25 22:36:47.277    1749-1779/? I/DisplayManagerService﹕ Display device changed: DisplayDeviceInfo{"Built-in Screen": 320 x 290, 45.000004 fps, density 213, 203.2 x 204.61111 dpi, touch INTERNAL, rotation 0, type BUILT_IN, state OFF, FLAG_DEFAULT_DISPLAY, FLAG_ROTATES_WITH_CONTENT, FLAG_SECURE, FLAG_SUPPORTS_PROTECTED_BUFFERS}
10-25 22:36:47.277    1749-1749/? V/ActivityManager﹕ Display changed displayId=0
10-25 22:36:48.999    1749-1770/? D/SensorHALGestureSensor﹕ Gesture event received! time = 1414294609006466288
10-25 22:36:48.999    1749-1971/? I/PowerManagerService﹕ Waking up from sleep...
10-25 22:36:48.999    1749-1777/? W/KeyguardServiceDelegate﹕ onScreenTurnedOn(): no keyguard service!
10-25 22:36:49.149    1749-1749/? W/InputMethodManagerService﹕ Ignoring setImeWindowStatus of uid 1000 token: null
10-25 22:36:49.269    1749-1759/? D/SensorHAL﹕ adjustSensorHandle: handle = 9 adjustedHandle = 1
10-25 22:36:49.269    1749-1759/? D/SensorHAL﹕ adjustSensorHandle: handle = 9 adjustedHandle = 1
10-25 22:36:49.269    1749-1779/? I/DisplayManagerService﹕ Display device changed: DisplayDeviceInfo{"Built-in Screen": 320 x 290, 45.000004 fps, density 213, 203.2 x 204.61111 dpi, touch INTERNAL, rotation 0, type BUILT_IN, state ON, FLAG_DEFAULT_DISPLAY, FLAG_ROTATES_WITH_CONTENT, FLAG_SECURE, FLAG_SUPPORTS_PROTECTED_BUFFERS}
10-25 22:36:49.269    1749-1749/? V/ActivityManager﹕ Display changed displayId=0
10-25 22:36:49.289    1749-1760/? D/SensorHAL﹕ adjustSensorHandle: handle = 9 adjustedHandle = 1
10-25 22:36:54.174    1749-1971/? I/PowerManagerService﹕ Going to sleep due to screen timeout...
10-25 22:36:54.174    1749-1783/? I/PowerManagerService﹕ Dozing...
10-25 22:36:54.174    1749-1776/? I/DreamController﹕ Starting dream: name=ComponentInfo{com.google.android.wearable.app/com.google.android.clockwork.home.AmbientMode}, isTest=false, canDoze=true, userId=0
10-25 22:36:54.224    1749-1749/? W/InputMethodManagerService﹕ Ignoring setImeWindowStatus of uid 1000 token: null
10-25 22:36:54.344    1749-4146/? I/ActivityManager﹕ START u0 {act=android.intent.action.MAIN cat=[android.intent.category.HOME] flg=0x10000000 cmp=com.google.android.wearable.app/com.google.android.clockwork.home.HomeActivity (has extras)} from pid 1922 on display 0
10-25 22:36:54.354    1749-1749/? V/ActivityManager﹕ Display changed displayId=0
10-25 22:36:54.364    1749-1776/? I/DreamController﹕ Stopping dream: name=ComponentInfo{com.google.android.wearable.app/com.google.android.clockwork.home.AmbientMode}, isTest=false, canDoze=true, userId=0
10-25 22:36:54.374    1749-1783/? I/PowerManagerService﹕ Sleeping...
10-25 22:36:54.735    1749-1971/? I/ActivityManager﹕ Activity reported stop, but no longer stopping: ActivityRecord{add0ab30 u0 com.google.android.wearable.app/com.google.android.clockwork.home.HomeActivity t1}
10-25 22:36:55.265    1749-1779/? I/DisplayManagerService﹕ Display device changed: DisplayDeviceInfo{"Built-in Screen": 320 x 290, 45.000004 fps, density 213, 203.2 x 204.61111 dpi, touch INTERNAL, rotation 0, type BUILT_IN, state OFF, FLAG_DEFAULT_DISPLAY, FLAG_ROTATES_WITH_CONTENT, FLAG_SECURE, FLAG_SUPPORTS_PROTECTED_BUFFERS}
10-25 22:36:55.265    1749-1749/? V/ActivityManager﹕ Display changed displayId=0
10-25 22:42:26.467    1749-1810/? D/ConnectivityService﹕ Sampling interval elapsed, updating statistics ..
10-25 22:42:26.467    1749-1810/? D/ConnectivityService﹕ Done.
10-25 22:42:26.467    1749-1810/? D/ConnectivityService﹕ Setting timer for 720seconds
10-25 22:42:26.537    1749-2580/? I/ActivityManager﹕ Delay finish: com.google.android.gms/.update.SystemUpdateService$Receiver
10-25 22:42:26.577    1749-2385/? I/ActivityManager﹕ Resuming delayed broadcast
10-25 22:42:54.474    1749-1770/? D/SensorHALGestureSensor﹕ Gesture event received! time = 1414294974482937226
10-25 22:42:54.474    1749-1971/? I/PowerManagerService﹕ Waking up from sleep...
10-25 22:42:54.474    1749-1777/? W/KeyguardServiceDelegate﹕ onScreenTurnedOn(): no keyguard service!
10-25 22:42:54.574    1749-1749/? V/ActivityManager﹕ Display changed displayId=0
10-25 22:42:54.574    1749-1749/? W/InputMethodManagerService﹕ Ignoring setImeWindowStatus of uid 1000 token: null
10-25 22:42:54.704    1749-1816/? D/SensorHAL﹕ adjustSensorHandle: handle = 9 adjustedHandle = 1
10-25 22:42:54.704    1749-1816/? D/SensorHAL﹕ adjustSensorHandle: handle = 9 adjustedHandle = 1
10-25 22:42:54.704    1749-1779/? I/DisplayManagerService﹕ Display device changed: DisplayDeviceInfo{"Built-in Screen": 320 x 290, 45.000004 fps, density 213, 203.2 x 204.61111 dpi, touch INTERNAL, rotation 0, type BUILT_IN, state ON, FLAG_DEFAULT_DISPLAY, FLAG_ROTATES_WITH_CONTENT, FLAG_SECURE, FLAG_SUPPORTS_PROTECTED_BUFFERS}
10-25 22:42:54.714    1749-1749/? V/ActivityManager﹕ Display changed displayId=0
10-25 22:42:54.724    1749-1760/? D/SensorHAL﹕ adjustSensorHandle: handle = 9 adjustedHandle = 1
10-25 22:42:59.599    1749-1760/? I/PowerManagerService﹕ Going to sleep due to screen timeout...
10-25 22:42:59.599    1749-1783/? I/PowerManagerService﹕ Dozing...
10-25 22:42:59.599    1749-1776/? I/DreamController﹕ Starting dream: name=ComponentInfo{com.google.android.wearable.app/com.google.android.clockwork.home.AmbientMode}, isTest=false, canDoze=true, userId=0
10-25 22:42:59.619    1749-1749/? W/InputMethodManagerService﹕ Ignoring setImeWindowStatus of uid 1000 token: null
10-25 22:42:59.799    1749-1760/? I/ActivityManager﹕ START u0 {act=android.intent.action.MAIN cat=[android.intent.category.HOME] flg=0x10000000 cmp=com.google.android.wearable.app/com.google.android.clockwork.home.HomeActivity (has extras)} from pid 1922 on display 0
10-25 22:42:59.799    1749-1749/? V/ActivityManager﹕ Display changed displayId=0
10-25 22:42:59.819    1749-1776/? I/DreamController﹕ Stopping dream: name=ComponentInfo{com.google.android.wearable.app/com.google.android.clockwork.home.AmbientMode}, isTest=false, canDoze=true, userId=0
10-25 22:42:59.829    1749-1783/? I/PowerManagerService﹕ Sleeping...
10-25 22:42:59.899    1749-2245/? I/ActivityManager﹕ Activity reported stop, but no longer stopping: ActivityRecord{add0ab30 u0 com.google.android.wearable.app/com.google.android.clockwork.home.HomeActivity t1}
10-25 22:43:00.730    1749-1779/? I/DisplayManagerService﹕ Display device changed: DisplayDeviceInfo{"Built-in Screen": 320 x 290, 45.000004 fps, density 213, 203.2 x 204.61111 dpi, touch INTERNAL, rotation 0, type BUILT_IN, state OFF, FLAG_DEFAULT_DISPLAY, FLAG_ROTATES_WITH_CONTENT, FLAG_SECURE, FLAG_SUPPORTS_PROTECTED_BUFFERS}
10-25 22:43:00.730    1749-1749/? V/ActivityManager﹕ Display changed displayId=0
10-25 22:45:24.147    1749-1770/? D/SensorHALGestureSensor﹕ Gesture event received! time = 1414295124150387168
10-25 22:45:24.147    1749-2385/? I/PowerManagerService﹕ Waking up from sleep...
10-25 22:45:24.147    1749-1777/? W/KeyguardServiceDelegate﹕ onScreenTurnedOn(): no keyguard service!
10-25 22:45:24.388    1749-1749/? V/ActivityManager﹕ Display changed displayId=0
10-25 22:45:24.388    1749-1749/? W/InputMethodManagerService﹕ Ignoring setImeWindowStatus of uid 1000 token: null
10-25 22:45:24.478    1749-1971/? D/SensorHAL﹕ adjustSensorHandle: handle = 9 adjustedHandle = 1
10-25 22:45:24.478    1749-1971/? D/SensorHAL﹕ adjustSensorHandle: handle = 9 adjustedHandle = 1
10-25 22:45:24.478    1749-1779/? I/DisplayManagerService﹕ Display device changed: DisplayDeviceInfo{"Built-in Screen": 320 x 290, 45.000004 fps, density 213, 203.2 x 204.61111 dpi, touch INTERNAL, rotation 0, type BUILT_IN, state ON, FLAG_DEFAULT_DISPLAY, FLAG_ROTATES_WITH_CONTENT, FLAG_SECURE, FLAG_SUPPORTS_PROTECTED_BUFFERS}
10-25 22:45:24.478    1749-1749/? V/ActivityManager﹕ Display changed displayId=0
10-25 22:45:24.508    1749-2580/? D/SensorHAL﹕ adjustSensorHandle: handle = 9 adjustedHandle = 1
10-25 22:45:29.382    1749-2245/? I/PowerManagerService﹕ Going to sleep due to screen timeout...
10-25 22:45:29.382    1749-1783/? I/PowerManagerService﹕ Dozing...
10-25 22:45:29.392    1749-1776/? I/DreamController﹕ Starting dream: name=ComponentInfo{com.google.android.wearable.app/com.google.android.clockwork.home.AmbientMode}, isTest=false, canDoze=true, userId=0
10-25 22:45:29.473    1749-2385/? I/ActivityManager﹕ START u0 {act=android.intent.action.MAIN cat=[android.intent.category.HOME] flg=0x10000000 cmp=com.google.android.wearable.app/com.google.android.clockwork.home.HomeActivity (has extras)} from pid 1922 on display 0
10-25 22:45:29.473    1749-1776/? I/DreamController﹕ Stopping dream: name=ComponentInfo{com.google.android.wearable.app/com.google.android.clockwork.home.AmbientMode}, isTest=false, canDoze=true, userId=0
10-25 22:45:29.483    1749-1783/? I/PowerManagerService﹕ Sleeping...
10-25 22:45:30.253    1749-1779/? I/DisplayManagerService﹕ Display device changed: DisplayDeviceInfo{"Built-in Screen": 320 x 290, 45.000004 fps, density 213, 203.2 x 204.61111 dpi, touch INTERNAL, rotation 0, type BUILT_IN, state OFF, FLAG_DEFAULT_DISPLAY, FLAG_ROTATES_WITH_CONTENT, FLAG_SECURE, FLAG_SUPPORTS_PROTECTED_BUFFERS}
10-25 22:45:30.253    1749-1749/? V/ActivityManager﹕ Display changed displayId=0
