10-15 16:05:51.773    1748-1774/? E/WindowState﹕ getStack: Window{add3a068 u0 com.google.android.wearable.app/com.google.android.clockwork.home.HomeActivity} couldn't find taskId=27 Callers=com.android.server.wm.WindowState.getDisplayContent:721 com.android.server.wm.WindowStateAnimator.stepAnimationLocked:263 com.android.server.wm.WindowAnimator.updateWindowsLocked:225 com.android.server.wm.WindowAnimator.animateLocked:508
10-15 16:05:51.783    1748-1774/? E/WindowState﹕ getStack: Window{add3a068 u0 com.google.android.wearable.app/com.google.android.clockwork.home.HomeActivity} couldn't find taskId=27 Callers=com.android.server.wm.WindowState.getDisplayContent:721 com.android.server.wm.WindowState.getDisplayId:726 com.android.server.wm.WindowStateAnimator.computeShownFrameLocked:912 com.android.server.wm.WindowStateAnimator.prepareSurfaceLocked:1258
10-15 16:05:51.783    1748-1774/? E/WindowState﹕ getStack: Window{add3a068 u0 com.google.android.wearable.app/com.google.android.clockwork.home.HomeActivity} couldn't find taskId=27 Callers=com.android.server.wm.WindowState.getDisplayContent:721 com.android.server.wm.WindowStateAnimator.updateSurfaceWindowCrop:1119 com.android.server.wm.WindowStateAnimator.setSurfaceBoundariesLocked:1241 com.android.server.wm.WindowStateAnimator.prepareSurfaceLocked:1260
10-15 16:05:51.783    1748-1774/? E/WindowState﹕ getStack: Window{add3a068 u0 com.google.android.wearable.app/com.google.android.clockwork.home.HomeActivity} couldn't find taskId=27 Callers=com.android.server.wm.WindowState.getDisplayContent:721 com.android.server.wm.WindowState.isDefaultDisplay:1218 com.android.server.wm.WindowStateAnimator.updateSurfaceWindowCrop:1130 com.android.server.wm.WindowStateAnimator.setSurfaceBoundariesLocked:1241
10-15 16:05:51.783    1748-1774/? E/WindowState﹕ getStack: Window{add3a068 u0 com.google.android.wearable.app/com.google.android.clockwork.home.HomeActivity} couldn't find taskId=27 Callers=com.android.server.wm.WindowState.getDisplayContent:721 com.android.server.wm.WindowState.isDefaultDisplay:1223 com.android.server.wm.WindowStateAnimator.updateSurfaceWindowCrop:1130 com.android.server.wm.WindowStateAnimator.setSurfaceBoundariesLocked:1241
10-15 16:05:51.813    1748-1774/? E/WindowState﹕ getStack: Window{add3a068 u0 com.google.android.wearable.app/com.google.android.clockwork.home.HomeActivity} couldn't find taskId=27 Callers=com.android.server.wm.WindowManagerService.performLayoutAndPlaceSurfacesLockedInner:9196 com.android.server.wm.WindowManagerService.performLayoutAndPlaceSurfacesLockedLoop:8325 com.android.server.wm.WindowManagerService.performLayoutAndPlaceSurfacesLocked:8267 com.android.server.wm.WindowManagerService.access$400:158
10-15 16:05:51.813    1748-1774/? E/WindowState﹕ getStack: Window{add3a068 u0 com.google.android.wearable.app/com.google.android.clockwork.home.HomeActivity} couldn't find taskId=27 Callers=com.android.server.wm.WindowState.getDisplayContent:721 com.android.server.wm.WindowStateAnimator.updateSurfaceWindowCrop:1119 com.android.server.wm.WindowStateAnimator.setSurfaceBoundariesLocked:1241 com.android.server.wm.WindowManagerService.performLayoutAndPlaceSurfacesLockedInner:9277
10-15 16:05:51.813    1748-1774/? E/WindowState﹕ getStack: Window{add3a068 u0 com.google.android.wearable.app/com.google.android.clockwork.home.HomeActivity} couldn't find taskId=27 Callers=com.android.server.wm.WindowState.getDisplayContent:721 com.android.server.wm.WindowState.isDefaultDisplay:1218 com.android.server.wm.WindowStateAnimator.updateSurfaceWindowCrop:1130 com.android.server.wm.WindowStateAnimator.setSurfaceBoundariesLocked:1241
10-15 16:05:51.813    1748-1774/? E/WindowState﹕ getStack: Window{add3a068 u0 com.google.android.wearable.app/com.google.android.clockwork.home.HomeActivity} couldn't find taskId=27 Callers=com.android.server.wm.WindowState.getDisplayContent:721 com.android.server.wm.WindowState.isDefaultDisplay:1223 com.android.server.wm.WindowStateAnimator.updateSurfaceWindowCrop:1130 com.android.server.wm.WindowStateAnimator.setSurfaceBoundariesLocked:1241
10-15 16:05:51.823    1748-1774/? E/WindowState﹕ getStack: Window{add3a068 u0 com.google.android.wearable.app/com.google.android.clockwork.home.HomeActivity} couldn't find taskId=27 Callers=com.android.server.wm.WindowState.getDisplayContent:721 com.android.server.wm.WindowState.getWindowList:1286 com.android.server.wm.WindowManagerService.removeWindowInnerLocked:2583 com.android.server.wm.WindowManagerService.performLayoutAndPlaceSurfacesLockedInner:9571
10-15 16:05:51.823    1748-1774/? E/WindowState﹕ getStack: Window{add3a068 u0 com.google.android.wearable.app/com.google.android.clockwork.home.HomeActivity} couldn't find taskId=27 Callers=com.android.server.wm.WindowState.getDisplayContent:721 com.android.server.wm.WindowManagerService.performLayoutAndPlaceSurfacesLockedInner:9572 com.android.server.wm.WindowManagerService.performLayoutAndPlaceSurfacesLockedLoop:8325 com.android.server.wm.WindowManagerService.performLayoutAndPlaceSurfacesLocked:8267
10-15 16:05:52.044    7396-7398/? D/dalvikvm﹕ GC_CONCURRENT freed 364K, 23% free 2380K/3080K, paused 3ms+2ms, total 81ms
10-15 16:05:52.074  15375-15375/? I/Choreographer﹕ Skipped 36 frames!  The application may be doing too much work on its main thread.
10-15 16:05:52.244  15375-15377/? D/dalvikvm﹕ GC_CONCURRENT freed 318K, 17% free 2640K/3160K, paused 11ms+14ms, total 72ms
10-15 16:05:52.314  15375-15375/? D/ClockworkProxy﹕ There is pre-existing connection, restarting proxy...
10-15 16:05:52.314  15375-15395/? D/ClockworkProxy﹕ Tearing down native proxy service...
10-15 16:05:52.314  15375-15395/? D/SocketHack﹕ Expected implementation of Socket, SockImpl and FileDescriptor
10-15 16:05:52.454    1748-2330/? I/DisplayManagerService﹕ Display device added: DisplayDeviceInfo{"ActivityViewVirtualDisplay": 320 x 320, 60.0 fps, density 213, 213.0 x 213.0 dpi, touch NONE, rotation 0, type VIRTUAL, state OFF, owner android (uid 1000), FLAG_OWN_CONTENT_ONLY}
10-15 16:05:52.454    1748-1748/? V/ActivityManager﹕ Display added displayId=17
10-15 16:05:52.474    1748-1748/? V/ActivityManager﹕ Display changed displayId=17
10-15 16:05:52.484    1748-2012/? I/ActivityManager﹕ START u0 {flg=0x18010000 cmp=org.dwallach.calwatch/.WearActivity} from pid 15375 on display 17
10-15 16:05:52.544  13774-13774/? V/WearActivity﹕ starting onCreate
10-15 16:05:52.544  13774-13774/? V/BatteryWrapper﹕ Hmm, a new context
10-15 16:05:52.574  15375-15375/? I/Clockwork.Settings﹕ data item timezone: America/Chicago
10-15 16:05:52.584  13774-13774/? V/WearActivity﹕ initializing ambient watcher
10-15 16:05:52.584  13774-13774/? V/WearActivity﹕ Resume!
10-15 16:05:52.584  13774-13774/? E/WearActivity﹕ failed to initialize alarm
10-15 16:05:52.614   1947-15424/? I/Clockwork.TimeService﹕ set timezone to America/Chicago
10-15 16:05:52.614  15375-15375/? D/Clockwork.Settings﹕ got new locale en_US
10-15 16:05:52.614  15375-15375/? D/Clockwork.Settings﹕ starting locale service
10-15 16:05:52.614    1748-2330/? D/AlarmManagerService﹕ Kernel timezone updated to 300 minutes west of GMT
10-15 16:05:52.634  13774-13774/? V/MyViewAnim﹕ setup!
10-15 16:05:52.634  13774-13774/? V/MyViewAnim﹕ initializing ClockFace
10-15 16:05:52.634  13774-13774/? V/ClockFace﹕ ClockFace setup!
10-15 16:05:52.634  13774-13774/? V/ClockFace﹕ clearing caches
10-15 16:05:52.644  13774-13774/? V/ClockFace﹕ Moto 360 detected. Flat bottom hack enabled.
10-15 16:05:52.644  13774-13774/? V/WearActivity﹕ starting data API receiver
10-15 16:05:52.664   1947-15425/? I/Clockwork.LocaleService﹕ changed system locale to en_US
10-15 16:05:52.744  13774-13774/? V/MyViewAnim﹕ Drawing surface created!
10-15 16:05:52.744  13774-13774/? E/MyViewAnim﹕ no surface holder, retrying
10-15 16:05:52.764  13774-13774/? V/ClockFace﹕ rendering new face, faceMode(0)
10-15 16:05:52.794  13774-13774/? V/ClockFace﹕ fetching new battery status (14605)
10-15 16:05:52.794  13774-13774/? V/ClockFace﹕ battery at 0.58
10-15 16:05:52.804  13774-13774/? V/MyViewAnim﹕ Drawing surface changed!
10-15 16:05:52.804  13774-13774/? V/ClockFace﹕ clearing caches
10-15 16:05:52.814  15375-15404/? I/Clockwork.Settings﹕ time sync timezone: America/Chicago
10-15 16:05:52.834    1748-1758/? D/﹕ Setting time of day to sec=1413407153
10-15 16:05:53.540   1947-15429/? I/Clockwork.TimeService﹕ set timezone to America/Chicago
10-15 16:05:53.540    1748-2329/? D/AlarmManagerService﹕ Kernel timezone updated to 300 minutes west of GMT
10-15 16:05:53.550  13774-13774/? V/ClockFace﹕ rendering new face, faceMode(0)
10-15 16:05:53.600  13774-13774/? V/ClockFace﹕ fetching new battery status (14606)
10-15 16:05:53.600  13774-13774/? V/ClockFace﹕ battery at 0.58
10-15 16:05:53.670    1748-1774/? I/ActivityManager﹕ Displayed org.dwallach.calwatch/.WearActivity: +480ms
10-15 16:05:53.670    1748-1774/? I/DisplayManagerService﹕ Display device changed: DisplayDeviceInfo{"ActivityViewVirtualDisplay": 320 x 320, 60.0 fps, density 213, 213.0 x 213.0 dpi, touch NONE, rotation 0, type VIRTUAL, state ON, owner android (uid 1000), FLAG_OWN_CONTENT_ONLY}
10-15 16:05:53.700    1748-1748/? V/ActivityManager﹕ Display changed displayId=17
10-15 16:05:53.750  13774-13774/? V/WearActivity﹕ initializing second-scale alarm
10-15 16:05:53.760  13774-13774/? V/WearActivity﹕ display changed: 17, new state: 2
10-15 16:05:53.760  13774-13774/? I/TimeWrapper﹕ FPS: 27.092428, samples: 233
10-15 16:05:53.760  13774-13774/? I/TimeWrapper﹕ Min/Avg/Max frame render speed (ms): 5.615235 / 13.568796 / 111.38916
10-15 16:05:53.760  13774-13774/? I/TimeWrapper﹕ Waketime: 36.761166%
10-15 16:05:53.760  13774-13774/? I/ClockFace﹕ Ambient mode: false
10-15 16:05:53.830  13774-13774/? V/ClockFace﹕ clearing caches
10-15 16:05:53.830  13774-13774/? V/MyViewAnim﹕ new animator starting
10-15 16:05:53.830  13774-13774/? V/MyViewAnim﹕ Time listener is up!
10-15 16:05:53.830  13774-13774/? V/MyViewAnim﹕ starting draw thread from scratch
10-15 16:05:53.830  13774-13774/? V/WearActivity﹕ onDisplayChanged: on!
10-15 16:05:53.870  13774-15440/? V/ClockFace﹕ rendering new face, faceMode(0)
10-15 16:05:53.910  13774-15440/? V/ClockFace﹕ fetching new battery status (14609)
10-15 16:05:53.910  13774-15440/? V/ClockFace﹕ battery at 0.58
10-15 16:05:54.260  15375-15377/? D/dalvikvm﹕ GC_CONCURRENT freed 445K, 20% free 2602K/3244K, paused 2ms+2ms, total 122ms
10-15 16:05:54.450    1420-2388/? I/clockwork_proxy_native﹕ Starting UDP server at port 8282
10-15 16:05:54.450    1420-2388/? I/clockwork_proxy_native﹕ UDP server started
10-15 16:05:54.450  15375-15395/? D/ClockworkProxy﹕ Native proxy service setup completed.
10-15 16:05:54.450  15375-15395/? D/ClockworkProxy﹕ Start clockwork proxy TCP serving thread
10-15 16:05:54.550   7381-15456/? I/CheckinService﹕ active receiver: disabled
10-15 16:05:54.761  15375-15395/? D/ClockworkProxy﹕ Start UDP relaying thread
10-15 16:05:54.791  15375-15377/? D/dalvikvm﹕ GC_CONCURRENT freed 261K, 15% free 2807K/3272K, paused 21ms+24ms, total 115ms
10-15 16:05:54.791  15375-15469/? D/ClockworkProxyUdp﹕ Udp relaying thread started
10-15 16:05:54.961    1748-2012/? I/ActivityManager﹕ Delay finish: com.google.android.gms/.gcm.ServiceAutoStarter
10-15 16:05:55.001    7416-7416/? D/GCM﹕ GcmService start Intent { act=com.google.android.checkin.CHECKIN_COMPLETE flg=0x10 cmp=com.google.android.gms/.gcm.GcmService (has extras) } com.google.android.checkin.CHECKIN_COMPLETE
10-15 16:05:55.001    1748-1801/? I/ActivityManager﹕ Resuming delayed broadcast
10-15 16:05:55.031    7396-7398/? D/dalvikvm﹕ GC_CONCURRENT freed 430K, 24% free 2368K/3092K, paused 2ms+2ms, total 62ms
10-15 16:05:55.511    2030-2067/? W/bt-btif﹕ dm_pm_timer expires
10-15 16:05:55.511    2030-2067/? W/bt-btif﹕ dm_pm_timer expires 0
10-15 16:05:55.511    2030-2067/? W/bt-btif﹕ proc dm_pm_timer expires
10-15 16:05:55.592  15375-15377/? D/dalvikvm﹕ GC_CONCURRENT freed 330K, 16% free 2899K/3444K, paused 10ms+13ms, total 68ms
10-15 16:05:58.574  13774-13775/? D/dalvikvm﹕ GC_CONCURRENT freed 238K, 21% free 2388K/3004K, paused 3ms+3ms, total 35ms
10-15 16:06:23.319    1748-1779/? I/PowerManagerService﹕ Going to sleep due to screen timeout...
10-15 16:06:23.319    1748-1779/? I/PowerManagerService﹕ Dozing...
10-15 16:06:23.319    1748-1771/? I/DreamController﹕ Starting dream: name=ComponentInfo{com.google.android.wearable.app/com.google.android.clockwork.home.AmbientMode}, isTest=false, canDoze=true, userId=0
10-15 16:06:23.329  13774-13774/? V/WearActivity﹕ Pause!
10-15 16:06:23.339  13774-13774/? V/WearActivity﹕ Stop!
10-15 16:06:23.339    1415-2736/? D/mot_vr_audio_hw﹕ dsp_recognizer_enabled = false
10-15 16:06:23.339  14644-14644/? D/ADSPD﹕ Client cmd=0x0003, size=4
10-15 16:06:23.339    1748-1748/? W/InputMethodManagerService﹕ Ignoring setImeWindowStatus of uid 1000 token: null
10-15 16:06:23.349   1415-15373/? D/mot_vr_audio_hw﹕ Switching DSP to standby/passthrough mode
10-15 16:06:23.349   1415-15373/? D/mot_vr_audio_hw﹕ Input 0xb71b3980 ready to read
10-15 16:06:23.359  14644-14644/? D/ADSPD﹕ Received from DSP: cmd=0x8003, size=2
10-15 16:06:23.359  14644-14644/? D/ADSPD﹕ Client cmd=0x0003, size=4
10-15 16:06:23.359   1415-14646/? D/mot_vr_audio_hw﹕ received recognition control callback, status 0
10-15 16:06:23.369    1415-2801/? D/mot_vr_audio_hw﹕ Input 0xb71b3d98 close complete
10-15 16:06:23.369  14644-14644/? D/ADSPD﹕ Received from DSP: cmd=0x8003, size=2
10-15 16:06:23.369  14644-14644/? D/ADSPD﹕ Client cmd=0x4003, size=2
10-15 16:06:23.369   1415-14646/? D/mot_vr_audio_hw﹕ received recognition control callback, status 0
10-15 16:06:23.399   1415-15373/? W/mot_vr_audio_hw﹕ Discarded 10 buffers without finding audio data
10-15 16:06:23.399  14644-14644/? D/ADSPD﹕ Client cmd=0x0003, size=4
10-15 16:06:23.399   1415-15373/? D/mot_vr_audio_hw﹕ Re-arming DSP
10-15 16:06:23.399   1415-15373/? D/mot_vr_audio_hw﹕ Input 0xb71b3980 standby complete
10-15 16:06:23.409    1415-2205/? D/mot_vr_audio_hw﹕ Input 0xb71b3980 close complete
10-15 16:06:23.419  14644-14644/? D/ADSPD﹕ Received from DSP: cmd=0x8003, size=2
10-15 16:06:23.419  14644-14644/? D/ADSPD﹕ Client cmd=0x4003, size=2
10-15 16:06:23.419   1415-14646/? D/mot_vr_audio_hw﹕ received recognition control callback, status 0
10-15 16:06:23.509    1748-2012/? I/ActivityManager﹕ START u0 {act=android.intent.action.MAIN cat=[android.intent.category.HOME] flg=0x10000000 cmp=com.google.android.wearable.app/com.google.android.clockwork.home.HomeActivity (has extras)} from pid 15375 on display 0
10-15 16:06:23.519    1748-1771/? I/DreamController﹕ Stopping dream: name=ComponentInfo{com.google.android.wearable.app/com.google.android.clockwork.home.AmbientMode}, isTest=false, canDoze=true, userId=0
10-15 16:06:23.529    1748-1779/? I/PowerManagerService﹕ Sleeping...
10-15 16:06:23.649  15375-15375/? I/AmbientMode﹕ Ambient mode started: canDoze=true, dozeHardware=null
10-15 16:06:23.649    1748-2318/? I/ActivityManager﹕ Activity reported stop, but no longer stopping: ActivityRecord{add45110 u0 com.google.android.wearable.app/com.google.android.clockwork.home.HomeActivity t33}
10-15 16:06:23.669    1415-2801/? D/mot_vr_audio_hw﹕ dsp_recognizer_enabled = true
10-15 16:06:23.669  14644-14644/? D/ADSPD﹕ Client cmd=0x0003, size=4
10-15 16:06:23.669    1415-1415/? D/mot_vr_audio_hw﹕ open_input_stream(): devices = 0x80000004, rate = 8000, channels = 0x10
10-15 16:06:23.669    1415-1415/? D/mot_vr_audio_hw﹕ Created resampler for 16000->8000 Hz
10-15 16:06:23.689  14644-14644/? D/ADSPD﹕ Received from DSP: cmd=0x8003, size=2
10-15 16:06:23.689  14644-14644/? D/ADSPD﹕ Client cmd=0x4003, size=2
10-15 16:06:23.689   1415-14646/? D/mot_vr_audio_hw﹕ received recognition control callback, status 0
10-15 16:06:23.709    1748-1750/? D/dalvikvm﹕ GC_CONCURRENT freed 650K, 27% free 5026K/6844K, paused 5ms+56ms, total 243ms
10-15 16:06:23.719   1415-15470/? D/mot_vr_audio_hw﹕ in_read waiting for hotword
10-15 16:06:23.719    1415-2801/? D/mot_vr_audio_hw﹕ dsp_recognizer_enabled = false
10-15 16:06:23.719  14644-14644/? D/ADSPD﹕ Client cmd=0x0003, size=4
10-15 16:06:23.719   1415-15470/? D/mot_vr_audio_hw﹕ Switching DSP to standby/passthrough mode
10-15 16:06:23.719   1415-15470/? D/mot_vr_audio_hw﹕ Input 0xb71b3980 ready to read
10-15 16:06:23.729  14644-14644/? D/ADSPD﹕ Received from DSP: cmd=0x8003, size=2
10-15 16:06:23.729  14644-14644/? D/ADSPD﹕ Client cmd=0x0003, size=4
10-15 16:06:23.739   1415-14646/? D/mot_vr_audio_hw﹕ received recognition control callback, status 0
10-15 16:06:23.749  14644-14644/? D/ADSPD﹕ Received from DSP: cmd=0x8003, size=2
10-15 16:06:23.749   1415-14646/? D/mot_vr_audio_hw﹕ received recognition control callback, status 0
10-15 16:06:23.769   1415-15470/? W/mot_vr_audio_hw﹕ Discarded 10 buffers without finding audio data
10-15 16:06:23.779  14644-14644/? D/ADSPD﹕ Client cmd=0x0003, size=4
10-15 16:06:23.789   1415-15470/? D/mot_vr_audio_hw﹕ Re-arming DSP
10-15 16:06:23.789   1415-15470/? D/mot_vr_audio_hw﹕ Input 0xb71b3980 standby complete
10-15 16:06:23.799  14644-14644/? D/ADSPD﹕ Received from DSP: cmd=0x8003, size=2
10-15 16:06:23.799   1415-14646/? D/mot_vr_audio_hw﹕ received recognition control callback, status 0
10-15 16:06:23.799  14644-14644/? D/ADSPD﹕ Client cmd=0x4003, size=2
10-15 16:06:23.799    1415-1415/? D/mot_vr_audio_hw﹕ Input 0xb71b3980 close complete
10-15 16:06:23.819  15375-15375/? I/AmbientMode﹕ Dream ended: isDozing=true
10-15 16:06:24.079    1748-1845/? D/LightsService﹕ Excessive delay setting light: 101ms
10-15 16:06:24.079    1413-1413/? D/SurfaceFlinger﹕ Screen released, type=0 flinger=0xb8e4d448
10-15 16:06:24.219    1413-1413/? D/hwcomposer﹕ hwc_blank(0: 1)
10-15 16:06:24.219    1748-1845/? D/SurfaceControl﹕ Excessive delay in blankDisplay() while turning screen off: 144ms
10-15 16:06:24.249    1748-1774/? I/DisplayManagerService﹕ Display device changed: DisplayDeviceInfo{"Built-in Screen": 320 x 290, 45.000004 fps, density 213, 90.31111 x 136.40741 dpi, touch INTERNAL, rotation 0, type BUILT_IN, state OFF, FLAG_DEFAULT_DISPLAY, FLAG_ROTATES_WITH_CONTENT, FLAG_SECURE, FLAG_SUPPORTS_PROTECTED_BUFFERS}
10-15 16:06:24.249    1748-1748/? V/ActivityManager﹕ Display changed displayId=0
10-15 16:06:24.259  13774-13774/? V/WearActivity﹕ display changed: 0, new state: 1
10-15 16:06:24.259  13774-13774/? I/TimeWrapper﹕ FPS: 41.39174, samples: 1260
10-15 16:06:24.259  13774-13774/? I/TimeWrapper﹕ Min/Avg/Max frame render speed (ms): 5.767822 / 7.162742 / 68.725586
10-15 16:06:24.259  13774-13774/? I/TimeWrapper﹕ Waketime: 29.647835%
10-15 16:06:24.259  13774-13774/? I/ClockFace﹕ Ambient mode: true
10-15 16:06:24.259  13774-13774/? V/ClockFace﹕ clearing caches
10-15 16:06:24.259  13774-13774/? V/MyViewAnim﹕ stopping animation!
10-15 16:06:24.259  13774-13774/? V/WearActivity﹕ onDisplayChanged: off!
10-15 16:06:24.269  13774-15440/? V/ClockFace﹕ rendering new face, faceMode(0)
10-15 16:06:24.280    1748-1779/? D/MinnowPowerHAL﹕ power_set_interactive: 0
10-15 16:06:24.280    1748-1779/? D/MinnowPowerHAL﹕ sysfs_write: /sys/devices/platform/omapdss/display0/interactivemode 0
10-15 16:06:24.280    1748-1779/? D/MinnowPowerHAL﹕ sysfs_write: /sys/devices/ocp.2/i2c.6/i2c-0/0-004a/interactivemode 0
10-15 16:06:24.280    1748-1779/? D/mot_vr_audio_hw﹕ dsp_set_pm_state = off
10-15 16:06:24.280  14644-14644/? D/ADSPD﹕ Client cmd=0x4002, size=2
10-15 16:06:24.280  14644-14644/? D/ADSPD﹕ DSP_CMD_DAEMON_SET_PM_STATE : 0
10-15 16:06:24.290  13774-15440/? V/MyViewAnim﹕ looper finished!
10-15 16:06:24.310  13774-13775/? D/dalvikvm﹕ GC_CONCURRENT freed 257K, 17% free 2518K/3004K, paused 1ms+5ms, total 55ms
10-15 16:06:25.861    2030-2067/? W/bt-btif﹕ dm_pm_timer expires
10-15 16:06:25.861    2030-2067/? W/bt-btif﹕ dm_pm_timer expires 0
10-15 16:06:25.861    2030-2067/? W/bt-btif﹕ proc dm_pm_timer expires
10-15 16:07:25.822  15375-15404/? W/ClockworkProxy﹕ Ignoring close for invalid stream id 13
10-15 16:07:27.824    2030-2067/? W/bt-btif﹕ dm_pm_timer expires
10-15 16:07:27.824    2030-2067/? W/bt-btif﹕ dm_pm_timer expires 0
10-15 16:07:27.824    2030-2067/? W/bt-btif﹕ proc dm_pm_timer expires
10-15 16:07:31.206    2217-2218/? D/dalvikvm﹕ GC_CONCURRENT freed 390K, 74% free 2193K/8252K, paused 3ms+3ms, total 28ms
10-15 16:07:32.257    2030-2067/? W/bt-btif﹕ dm_pm_timer expires
10-15 16:07:32.257    2030-2067/? W/bt-btif﹕ dm_pm_timer expires 0
10-15 16:07:32.257    2030-2067/? W/bt-btif﹕ proc dm_pm_timer expires
10-15 16:10:01.105  15375-15404/? W/CwCal﹕ CalHomeUtil.updateBackground:bundle dismissed, do nothing
10-15 16:10:03.298    2030-2067/? W/bt-btif﹕ dm_pm_timer expires
10-15 16:10:03.298    2030-2067/? W/bt-btif﹕ dm_pm_timer expires 0
10-15 16:10:03.298    2030-2067/? W/bt-btif﹕ proc dm_pm_timer expires
10-15 16:13:13.468    2030-2067/? W/bt-btif﹕ dm_pm_timer expires
10-15 16:13:13.468    2030-2067/? W/bt-btif﹕ dm_pm_timer expires 0
10-15 16:13:13.468    2030-2067/? W/bt-btif﹕ proc dm_pm_timer expires
10-15 16:13:31.585   7416-15486/? W/Uploader﹕ No account for auth token provided
10-15 16:13:31.585    7416-7419/? D/dalvikvm﹕ GC_CONCURRENT freed 408K, 17% free 3060K/3676K, paused 3ms+7ms, total 42ms
10-15 16:13:31.585   7416-15486/? I/PseudonymousIdIntentService﹕ getToken invoked
10-15 16:13:31.625    7396-7449/? D/dalvikvm﹕ GC_FOR_ALLOC freed 391K, 24% free 2351K/3092K, paused 16ms, total 16ms
10-15 16:13:32.096  15375-15468/? D/ClockworkProxy﹕ TCP connection requested by uid=10010
10-15 16:13:32.096  15375-15468/? D/ClockworkProxy﹕ doAccept: Create socket stream 1 for TCP connection from /192.168.167.239:49587 to /74.125.30.95:443
10-15 16:13:32.106  15375-15468/? D/ClockworkProxy﹕ doAccept: rpc succeeded. Activate stream 1
10-15 16:13:32.496  15375-15377/? D/dalvikvm﹕ GC_CONCURRENT freed 492K, 20% free 2807K/3500K, paused 6ms+2ms, total 62ms
10-15 16:13:34.859    2030-2067/? W/bt-btif﹕ dm_pm_timer expires
10-15 16:13:34.859    2030-2067/? W/bt-btif﹕ dm_pm_timer expires 0
10-15 16:13:34.859    2030-2067/? W/bt-btif﹕ proc dm_pm_timer expires
10-15 16:14:15.812    2030-2067/? W/bt-btif﹕ dm_pm_timer expires
10-15 16:14:15.812    2030-2067/? W/bt-btif﹕ dm_pm_timer expires 0
10-15 16:14:15.812    2030-2067/? W/bt-btif﹕ proc dm_pm_timer expires
10-15 16:14:18.316    7396-7449/? D/dalvikvm﹕ GC_FOR_ALLOC freed 234K, 26% free 2311K/3092K, paused 16ms, total 18ms
10-15 16:14:18.356  15375-15404/? I/Clockwork.Settings﹕ time sync timezone: America/Chicago
10-15 16:14:18.366    1748-1801/? D/﹕ Setting time of day to sec=1413407658
10-15 16:14:18.786   1947-15498/? I/Clockwork.TimeService﹕ set timezone to America/Chicago
10-15 16:14:18.786    1748-1759/? D/AlarmManagerService﹕ Kernel timezone updated to 300 minutes west of GMT
10-15 16:14:18.816  15375-15404/? I/Clockwork.Settings﹕ time sync timezone: America/Chicago
10-15 16:14:18.826    1748-1801/? D/﹕ Setting time of day to sec=1413407659
10-15 16:14:19.117   1947-15500/? I/Clockwork.TimeService﹕ set timezone to America/Chicago
10-15 16:14:19.117    1748-2329/? D/AlarmManagerService﹕ Kernel timezone updated to 300 minutes west of GMT
10-15 16:14:19.157   7381-15499/? I/CheckinService﹕ active receiver: disabled
10-15 16:14:19.167   7381-15501/? I/CheckinService﹕ active receiver: disabled
10-15 16:14:19.187    1748-3348/? I/ActivityManager﹕ Delay finish: com.google.android.gms/.gcm.ServiceAutoStarter
10-15 16:14:19.197    7416-7416/? D/GCM﹕ GcmService start Intent { act=com.google.android.checkin.CHECKIN_COMPLETE flg=0x10 cmp=com.google.android.gms/.gcm.GcmService (has extras) } com.google.android.checkin.CHECKIN_COMPLETE
10-15 16:14:19.197    1748-2318/? I/ActivityManager﹕ Resuming delayed broadcast
10-15 16:14:21.088    2030-2067/? W/bt-btif﹕ dm_pm_timer expires
10-15 16:14:21.088    2030-2067/? W/bt-btif﹕ dm_pm_timer expires 0
10-15 16:14:21.088    2030-2067/? W/bt-btif﹕ proc dm_pm_timer expires
10-15 16:14:46.458    1748-1795/? D/ConnectivityService﹕ Sampling interval elapsed, updating statistics ..
10-15 16:14:46.458    1748-1795/? D/ConnectivityService﹕ Done.
10-15 16:14:46.458    1748-1795/? D/ConnectivityService﹕ Setting timer for 720seconds
10-15 16:15:31.999    2217-2218/? D/dalvikvm﹕ GC_CONCURRENT freed 385K, 74% free 2194K/8252K, paused 2ms+3ms, total 20ms
10-15 16:16:39.860  15375-15404/? W/CwCal﹕ CalHomeUtil.updateBackground:bundle dismissed, do nothing
10-15 16:16:39.970  15375-15404/? W/CwCal﹕ CalHomeUtil.updateBackground:bundle dismissed, do nothing
10-15 16:16:40.080  15375-15377/? D/dalvikvm﹕ GC_CONCURRENT freed 414K, 19% free 2849K/3496K, paused 3ms+7ms, total 44ms
10-15 16:16:40.100  15375-15404/? W/CwCal﹕ CalHomeUtil.updateBackground:bundle dismissed, do nothing
10-15 16:16:41.892    2030-2067/? W/bt-btif﹕ dm_pm_timer expires
10-15 16:16:41.892    2030-2067/? W/bt-btif﹕ dm_pm_timer expires 0
10-15 16:16:41.892    2030-2067/? W/bt-btif﹕ proc dm_pm_timer expires
10-15 16:19:46.119    1748-1765/? D/SensorHALGestureSensor﹕ Gesture event received! time = 1413407986124107470
10-15 16:19:46.119    1748-1801/? I/PowerManagerService﹕ Waking up from sleep...
10-15 16:19:46.239    1748-1801/? D/PowerManagerService-JNI﹕ Excessive delay in autosuspend_disable() while turning screen on: 113ms
10-15 16:19:46.239    1748-1801/? D/MinnowPowerHAL﹕ power_set_interactive: 1
10-15 16:19:46.239    1748-1801/? D/MinnowPowerHAL﹕ sysfs_write: /sys/devices/platform/omapdss/display0/interactivemode 1
10-15 16:19:46.239    1748-1801/? D/MinnowPowerHAL﹕ sysfs_write: /sys/devices/ocp.2/i2c.6/i2c-0/0-004a/interactivemode 1
10-15 16:19:46.239    1748-1801/? D/mot_vr_audio_hw﹕ dsp_set_pm_state = on
10-15 16:19:46.239  14644-14644/? D/ADSPD﹕ Client cmd=0x4002, size=2
10-15 16:19:46.239  14644-14644/? D/ADSPD﹕ DSP_CMD_DAEMON_SET_PM_STATE : 1
10-15 16:19:46.239    1748-1772/? W/KeyguardServiceDelegate﹕ onScreenTurnedOn(): no keyguard service!
10-15 16:19:46.259  13774-13774/? V/WearActivity﹕ display changed: 0, new state: 1
10-15 16:19:46.259  13774-13774/? I/ClockFace﹕ Ambient mode: true
10-15 16:19:46.259  13774-13774/? V/MyViewAnim﹕ stopping animation!
10-15 16:19:46.259  13774-13774/? V/WearActivity﹕ onDisplayChanged: off!
10-15 16:19:46.259    1413-1413/? D/SurfaceFlinger﹕ Screen acquired, type=0 flinger=0xb8e4d448
10-15 16:19:46.259    1413-1413/? D/hwcomposer﹕ hwc_blank(0: 0)
10-15 16:19:46.269  13774-13774/? V/WearActivity﹕ Resume!
10-15 16:19:46.269  13774-13774/? V/ClockFace﹕ clearing caches
10-15 16:19:46.269  13774-13774/? V/MyViewAnim﹕ new animator starting
10-15 16:19:46.269  13774-13774/? V/MyViewAnim﹕ Time listener is up!
10-15 16:19:46.269  13774-13774/? V/MyViewAnim﹕ starting draw thread from scratch
10-15 16:19:46.269    1748-1774/? I/DisplayManagerService﹕ Display device changed: DisplayDeviceInfo{"Built-in Screen": 320 x 290, 45.000004 fps, density 213, 90.31111 x 136.40741 dpi, touch INTERNAL, rotation 0, type BUILT_IN, state ON, FLAG_DEFAULT_DISPLAY, FLAG_ROTATES_WITH_CONTENT, FLAG_SECURE, FLAG_SUPPORTS_PROTECTED_BUFFERS}
10-15 16:19:46.289    1748-1748/? V/ActivityManager﹕ Display changed displayId=0
10-15 16:19:46.289    1748-1748/? V/ActivityManager﹕ Display changed displayId=0
10-15 16:19:46.289    1748-1748/? W/InputMethodManagerService﹕ Ignoring setImeWindowStatus of uid 1000 token: null
10-15 16:19:46.299  14644-14644/? D/ADSPD﹕ ACK success!
10-15 16:19:46.309  13774-13774/? V/WearActivity﹕ display changed: 0, new state: 2
10-15 16:19:46.309  13774-13774/? I/ClockFace﹕ Ambient mode: false
10-15 16:19:46.309  13774-13774/? V/ClockFace﹕ clearing caches
10-15 16:19:46.319  13774-13774/? V/ClockFace﹕ rendering new face, faceMode(0)
10-15 16:19:46.329    1748-3348/? D/SensorHAL﹕ adjustSensorHandle: handle = 9 adjustedHandle = 1
10-15 16:19:46.329    1748-3348/? D/SensorHAL﹕ adjustSensorHandle: handle = 9 adjustedHandle = 1
10-15 16:19:46.339  15375-15375/? E/ClockworkHome﹕ Tried to exit ambient mode, but enterAmbientMode() was never called.
10-15 16:19:46.339    1415-2734/? D/mot_vr_audio_hw﹕ dsp_recognizer_enabled = true
10-15 16:19:46.339  14644-14644/? D/ADSPD﹕ Client cmd=0x0003, size=4
10-15 16:19:46.339    1415-2736/? D/mot_vr_audio_hw﹕ open_input_stream(): devices = 0x80000004, rate = 8000, channels = 0x10
10-15 16:19:46.339    1415-2736/? D/mot_vr_audio_hw﹕ Created resampler for 16000->8000 Hz
10-15 16:19:46.349  14644-14644/? D/ADSPD﹕ Received from DSP: cmd=0x8003, size=2
10-15 16:19:46.349  14644-14644/? D/ADSPD﹕ Client cmd=0x4003, size=2
10-15 16:19:46.349   1415-14646/? D/mot_vr_audio_hw﹕ received recognition control callback, status 0
10-15 16:19:46.389   1415-15503/? D/mot_vr_audio_hw﹕ in_read waiting for hotword
10-15 16:19:46.399  13774-13774/? V/ClockFace﹕ fetching new battery status (15870)
10-15 16:19:46.399  13774-13774/? V/ClockFace﹕ battery at 0.56
10-15 16:19:46.419  13774-13774/? V/ClockFace﹕ clearing caches
10-15 16:19:46.419  13774-13774/? V/MyViewAnim﹕ resuming old animator!
10-15 16:19:46.419  13774-13774/? V/WearActivity﹕ onDisplayChanged: on!
10-15 16:19:46.429    1748-1845/? D/LightsService﹕ Excessive delay setting light: 56ms
10-15 16:19:46.449  13774-15502/? V/ClockFace﹕ rendering new face, faceMode(0)
10-15 16:19:46.469  13774-15502/? V/ClockFace﹕ fetching new battery status (15872)
10-15 16:19:46.479  13774-15502/? V/ClockFace﹕ battery at 0.56
10-15 16:19:46.479    1748-3348/? D/SensorHAL﹕ adjustSensorHandle: handle = 9 adjustedHandle = 1
10-15 16:19:48.761    2030-2067/? W/bt-btif﹕ dm_pm_timer expires
10-15 16:19:48.761    2030-2067/? W/bt-btif﹕ dm_pm_timer expires 0
10-15 16:19:48.761    2030-2067/? W/bt-btif﹕ proc dm_pm_timer expires
10-15 16:19:51.244    1748-2335/? I/PowerManagerService﹕ Going to sleep due to screen timeout...
10-15 16:19:51.244    1748-1779/? I/PowerManagerService﹕ Dozing...
10-15 16:19:51.244    1748-1771/? I/DreamController﹕ Starting dream: name=ComponentInfo{com.google.android.wearable.app/com.google.android.clockwork.home.AmbientMode}, isTest=false, canDoze=true, userId=0
10-15 16:19:51.314    1748-2335/? I/ActivityManager﹕ START u0 {act=android.intent.action.MAIN cat=[android.intent.category.HOME] flg=0x10000000 cmp=com.google.android.wearable.app/com.google.android.clockwork.home.HomeActivity (has extras)} from pid 15375 on display 0
10-15 16:19:51.314    1748-1771/? I/DreamController﹕ Stopping dream: name=ComponentInfo{com.google.android.wearable.app/com.google.android.clockwork.home.AmbientMode}, isTest=false, canDoze=true, userId=0
10-15 16:19:51.324    1748-1779/? I/PowerManagerService﹕ Sleeping...
10-15 16:19:51.414  15375-15375/? I/AmbientMode﹕ Ambient mode started: canDoze=true, dozeHardware=null
10-15 16:19:51.424    1415-2205/? D/mot_vr_audio_hw﹕ dsp_recognizer_enabled = false
10-15 16:19:51.424  14644-14644/? D/ADSPD﹕ Client cmd=0x0003, size=4
10-15 16:19:51.424   1415-15503/? D/mot_vr_audio_hw﹕ Switching DSP to standby/passthrough mode
10-15 16:19:51.424   1415-15503/? D/mot_vr_audio_hw﹕ Input 0xb71b3980 ready to read
10-15 16:19:51.434  14644-14644/? D/ADSPD﹕ Received from DSP: cmd=0x8003, size=2
10-15 16:19:51.434  14644-14644/? D/ADSPD﹕ Client cmd=0x0003, size=4
10-15 16:19:51.434   1415-14646/? D/mot_vr_audio_hw﹕ received recognition control callback, status 0
10-15 16:19:51.444  14644-14644/? D/ADSPD﹕ Received from DSP: cmd=0x8003, size=2
10-15 16:19:51.444   1415-14646/? D/mot_vr_audio_hw﹕ received recognition control callback, status 0
10-15 16:19:51.474   1415-15503/? W/mot_vr_audio_hw﹕ Discarded 10 buffers without finding audio data
10-15 16:19:51.484  14644-14644/? D/ADSPD﹕ Client cmd=0x0003, size=4
10-15 16:19:51.484   1415-15503/? D/mot_vr_audio_hw﹕ Re-arming DSP
10-15 16:19:51.484   1415-15503/? D/mot_vr_audio_hw﹕ Input 0xb71b3980 standby complete
10-15 16:19:51.494    1415-2801/? D/mot_vr_audio_hw﹕ Input 0xb71b3980 close complete
10-15 16:19:51.494  14644-14644/? D/ADSPD﹕ Received from DSP: cmd=0x8003, size=2
10-15 16:19:51.494  14644-14644/? D/ADSPD﹕ Client cmd=0x4003, size=2
10-15 16:19:51.494   1415-14646/? D/mot_vr_audio_hw﹕ received recognition control callback, status 0
10-15 16:19:51.514    1415-1415/? D/mot_vr_audio_hw﹕ dsp_recognizer_enabled = true
10-15 16:19:51.514  14644-14644/? D/ADSPD﹕ Client cmd=0x0003, size=4
10-15 16:19:51.524    1415-1531/? D/mot_vr_audio_hw﹕ open_input_stream(): devices = 0x80000004, rate = 8000, channels = 0x10
10-15 16:19:51.524    1415-1531/? D/mot_vr_audio_hw﹕ Created resampler for 16000->8000 Hz
10-15 16:19:51.534  14644-14644/? D/ADSPD﹕ Received from DSP: cmd=0x8003, size=2
10-15 16:19:51.534  14644-14644/? D/ADSPD﹕ Client cmd=0x4003, size=2
10-15 16:19:51.534   1415-14646/? D/mot_vr_audio_hw﹕ received recognition control callback, status 0
10-15 16:19:51.584    1748-1750/? D/dalvikvm﹕ GC_CONCURRENT freed 539K, 25% free 5167K/6844K, paused 11ms+36ms, total 231ms
10-15 16:19:51.584  15375-15375/? I/AmbientMode﹕ Dream ended: isDozing=true
10-15 16:19:51.594   1415-15505/? D/mot_vr_audio_hw﹕ in_read waiting for hotword
10-15 16:19:51.674    1748-1806/? D/LightsService﹕ Excessive delay setting light: 62ms
10-15 16:19:51.864    1748-1845/? D/LightsService﹕ Excessive delay setting light: 112ms
10-15 16:19:51.864    1413-1413/? D/SurfaceFlinger﹕ Screen released, type=0 flinger=0xb8e4d448
10-15 16:19:52.004    1413-1413/? D/hwcomposer﹕ hwc_blank(0: 1)
10-15 16:19:52.004    1748-1845/? D/SurfaceControl﹕ Excessive delay in blankDisplay() while turning screen off: 145ms
10-15 16:19:52.034    1748-1774/? I/DisplayManagerService﹕ Display device changed: DisplayDeviceInfo{"Built-in Screen": 320 x 290, 45.000004 fps, density 213, 90.31111 x 136.40741 dpi, touch INTERNAL, rotation 0, type BUILT_IN, state OFF, FLAG_DEFAULT_DISPLAY, FLAG_ROTATES_WITH_CONTENT, FLAG_SECURE, FLAG_SUPPORTS_PROTECTED_BUFFERS}
10-15 16:19:52.034    1748-1748/? V/ActivityManager﹕ Display changed displayId=0
10-15 16:19:52.044  13774-13774/? V/WearActivity﹕ display changed: 0, new state: 1
10-15 16:19:52.044  13774-13774/? I/TimeWrapper﹕ FPS: 38.626675, samples: 218
10-15 16:19:52.044  13774-13774/? I/TimeWrapper﹕ Min/Avg/Max frame render speed (ms): 5.828858 / 7.593417 / 39.398193
10-15 16:19:52.044  13774-13774/? I/TimeWrapper﹕ Waketime: 29.330845%
10-15 16:19:52.044  13774-13774/? I/ClockFace﹕ Ambient mode: true
10-15 16:19:52.044  13774-13774/? V/ClockFace﹕ clearing caches
10-15 16:19:52.044  13774-13774/? V/MyViewAnim﹕ stopping animation!
10-15 16:19:52.044  13774-13774/? V/WearActivity﹕ onDisplayChanged: off!
10-15 16:19:52.044  13774-15502/? V/ClockFace﹕ rendering new face, faceMode(0)
10-15 16:19:52.054    1748-1779/? D/MinnowPowerHAL﹕ power_set_interactive: 0
10-15 16:19:52.054    1748-1779/? D/MinnowPowerHAL﹕ sysfs_write: /sys/devices/platform/omapdss/display0/interactivemode 0
10-15 16:19:52.054    1748-1779/? D/MinnowPowerHAL﹕ sysfs_write: /sys/devices/ocp.2/i2c.6/i2c-0/0-004a/interactivemode 0
10-15 16:19:52.054    1748-1779/? D/mot_vr_audio_hw﹕ dsp_set_pm_state = off
10-15 16:19:52.054  14644-14644/? D/ADSPD﹕ Client cmd=0x4002, size=2
10-15 16:19:52.054  14644-14644/? D/ADSPD﹕ DSP_CMD_DAEMON_SET_PM_STATE : 0
10-15 16:19:52.054  14644-14644/? D/ADSPD﹕ DSP not turned off as still being used
10-15 16:19:52.064  13774-13774/? V/WearActivity﹕ Pause!
10-15 16:19:52.064  13774-13774/? V/WearActivity﹕ Stop!
10-15 16:19:52.074    1415-2801/? D/mot_vr_audio_hw﹕ dsp_recognizer_enabled = false
10-15 16:19:52.074  14644-14644/? D/ADSPD﹕ Client cmd=0x0003, size=4
10-15 16:19:52.074  14644-14644/? D/ADSPD﹕ Trying to send to dsp while in dsp in RESET
10-15 16:19:52.074   1415-15505/? W/mot_vr_audio_hw﹕ Not allowing wake() since DSP is disabled
10-15 16:19:52.074    1748-1748/? W/InputMethodManagerService﹕ Ignoring setImeWindowStatus of uid 1000 token: null
10-15 16:19:52.084  13774-15502/? W/MessageQueue﹕ Handler (android.view.Choreographer$FrameHandler) {adcfe8a0} sending message to a Handler on a dead thread
    java.lang.RuntimeException: Handler (android.view.Choreographer$FrameHandler) {adcfe8a0} sending message to a Handler on a dead thread
            at android.os.MessageQueue.enqueueMessage(MessageQueue.java:320)
            at android.os.Handler.enqueueMessage(Handler.java:626)
            at android.os.Handler.sendMessageAtTime(Handler.java:595)
            at android.view.Choreographer$FrameDisplayEventReceiver.onVsync(Choreographer.java:741)
            at android.view.DisplayEventReceiver.dispatchVsync(DisplayEventReceiver.java:139)
            at android.os.MessageQueue.nativePollOnce(Native Method)
            at android.os.MessageQueue.next(MessageQueue.java:138)
            at android.os.Looper.loop(Looper.java:123)
            at org.dwallach.calwatch.MyViewAnim$PanelThread.run(MyViewAnim.java:402)
10-15 16:19:52.084  13774-15502/? V/MyViewAnim﹕ looper finished!
10-15 16:19:52.084   1415-15505/? W/mot_vr_audio_hw﹕ Not allowing wake() since DSP is disabled
10-15 16:19:52.104  14644-14644/? D/ADSPD﹕ Client cmd=0x4003, size=2
10-15 16:19:52.104  14644-14644/? D/ADSPD﹕ DSP no longer used, turned off here
10-15 16:19:52.104    1415-1415/? D/mot_vr_audio_hw﹕ Input 0xb71b3980 close complete
10-15 16:19:54.166    2030-2067/? W/bt-btif﹕ dm_pm_timer expires
10-15 16:19:54.166    2030-2067/? W/bt-btif﹕ dm_pm_timer expires 0
10-15 16:19:54.166    2030-2067/? W/bt-btif﹕ proc dm_pm_timer expires
10-15 16:19:58.293    2030-2067/? W/bt-btif﹕ dm_pm_timer expires
10-15 16:19:58.293    2030-2067/? W/bt-btif﹕ dm_pm_timer expires 0
10-15 16:19:58.293    2030-2067/? W/bt-btif﹕ proc dm_pm_timer expires
10-15 16:20:06.861    1748-1765/? D/SensorHALGestureSensor﹕ Gesture event received! time = 1413408006866783238
10-15 16:20:06.861    1748-2330/? I/PowerManagerService﹕ Waking up from sleep...
10-15 16:20:06.861    1748-1772/? W/KeyguardServiceDelegate﹕ onScreenTurnedOn(): no keyguard service!
10-15 16:20:06.981    1748-2330/? D/PowerManagerService-JNI﹕ Excessive delay in autosuspend_disable() while turning screen on: 113ms
10-15 16:20:06.981    1748-2330/? D/MinnowPowerHAL﹕ power_set_interactive: 1
10-15 16:20:06.981    1748-2330/? D/MinnowPowerHAL﹕ sysfs_write: /sys/devices/platform/omapdss/display0/interactivemode 1
10-15 16:20:07.031    1748-2330/? D/MinnowPowerHAL﹕ sysfs_write: /sys/devices/ocp.2/i2c.6/i2c-0/0-004a/interactivemode 1
10-15 16:20:07.041    1748-2330/? D/mot_vr_audio_hw﹕ dsp_set_pm_state = on
10-15 16:20:07.041  14644-14644/? D/ADSPD﹕ Client cmd=0x4002, size=2
10-15 16:20:07.041  14644-14644/? D/ADSPD﹕ DSP_CMD_DAEMON_SET_PM_STATE : 1
10-15 16:20:07.041    1748-2330/? D/PowerManagerService-JNI﹕ Excessive delay in setInteractive(true) while turning screen on: 56ms
10-15 16:20:07.041    1413-1413/? D/SurfaceFlinger﹕ Screen acquired, type=0 flinger=0xb8e4d448
10-15 16:20:07.041    1413-1413/? D/hwcomposer﹕ hwc_blank(0: 0)
10-15 16:20:07.051  13774-13774/? V/WearActivity﹕ Resume!
10-15 16:20:07.051  13774-13774/? V/ClockFace﹕ clearing caches
10-15 16:20:07.051  13774-13774/? V/MyViewAnim﹕ new animator starting
10-15 16:20:07.051  13774-13774/? V/MyViewAnim﹕ Time listener is up!
10-15 16:20:07.051  13774-13774/? V/MyViewAnim﹕ starting draw thread from scratch
10-15 16:20:07.051  15375-15375/? E/ClockworkHome﹕ Tried to exit ambient mode, but enterAmbientMode() was never called.
10-15 16:20:07.051    1415-2205/? D/mot_vr_audio_hw﹕ dsp_recognizer_enabled = true
10-15 16:20:07.051    1415-2734/? D/mot_vr_audio_hw﹕ open_input_stream(): devices = 0x80000004, rate = 8000, channels = 0x10
10-15 16:20:07.051    1415-2734/? D/mot_vr_audio_hw﹕ Created resampler for 16000->8000 Hz
10-15 16:20:07.051    1748-1748/? W/InputMethodManagerService﹕ Ignoring setImeWindowStatus of uid 1000 token: null
10-15 16:20:07.071    1748-1774/? I/DisplayManagerService﹕ Display device changed: DisplayDeviceInfo{"Built-in Screen": 320 x 290, 45.000004 fps, density 213, 90.31111 x 136.40741 dpi, touch INTERNAL, rotation 0, type BUILT_IN, state ON, FLAG_DEFAULT_DISPLAY, FLAG_ROTATES_WITH_CONTENT, FLAG_SECURE, FLAG_SUPPORTS_PROTECTED_BUFFERS}
10-15 16:20:07.091    1748-1748/? V/ActivityManager﹕ Display changed displayId=0
10-15 16:20:07.101  13774-13774/? V/WearActivity﹕ display changed: 0, new state: 2
10-15 16:20:07.101  13774-13774/? I/ClockFace﹕ Ambient mode: false
10-15 16:20:07.101  13774-13774/? V/ClockFace﹕ clearing caches
10-15 16:20:07.101  13774-13774/? V/ClockFace﹕ rendering new face, faceMode(0)
10-15 16:20:07.111   1415-15508/? D/mot_vr_audio_hw﹕ in_read waiting for hotword
10-15 16:20:07.142  14644-14644/? E/ADSPD﹕ Timeout on select()
10-15 16:20:07.142  14644-14644/? E/ADSPD﹕ NO ACK received after loading firmware
10-15 16:20:07.142  14644-14644/? E/ADSPD﹕ Unknown ACK received 0x00
10-15 16:20:07.142  14644-14644/? D/ADSPD﹕ Client cmd=0x0003, size=4
10-15 16:20:07.152    1748-1806/? D/LightsService﹕ Excessive delay setting light: 53ms
10-15 16:20:07.152  14644-14644/? D/ADSPD﹕ Received from DSP: cmd=0x8003, size=2
10-15 16:20:07.152  14644-14644/? D/ADSPD﹕ Client cmd=0x4003, size=2
10-15 16:20:07.152   1415-14646/? D/mot_vr_audio_hw﹕ received recognition control callback, status 0
10-15 16:20:07.152    1748-3348/? D/SensorHAL﹕ adjustSensorHandle: handle = 9 adjustedHandle = 1
10-15 16:20:07.152    1748-3348/? D/SensorHAL﹕ adjustSensorHandle: handle = 9 adjustedHandle = 1
10-15 16:20:07.162    1748-2335/? D/SensorHAL﹕ adjustSensorHandle: handle = 9 adjustedHandle = 1
10-15 16:20:07.172  13774-13774/? V/ClockFace﹕ fetching new battery status (16090)
10-15 16:20:07.172  13774-13774/? V/ClockFace﹕ battery at 0.56
10-15 16:20:07.182  13774-13774/? V/ClockFace﹕ clearing caches
10-15 16:20:07.182  13774-13774/? V/MyViewAnim﹕ resuming old animator!
10-15 16:20:07.182  13774-13774/? V/WearActivity﹕ onDisplayChanged: on!
10-15 16:20:07.182  13774-15507/? V/ClockFace﹕ rendering new face, faceMode(0)
10-15 16:20:07.202  13774-15507/? V/ClockFace﹕ fetching new battery status (16091)
10-15 16:20:07.202  13774-15507/? V/ClockFace﹕ battery at 0.56
10-15 16:20:09.344    2030-2067/? W/bt-btif﹕ dm_pm_timer expires
10-15 16:20:09.344    2030-2067/? W/bt-btif﹕ dm_pm_timer expires 0
10-15 16:20:09.344    2030-2067/? W/bt-btif﹕ proc dm_pm_timer expires
10-15 16:20:12.046    1748-2329/? I/PowerManagerService﹕ Going to sleep due to screen timeout...
10-15 16:20:12.046    1748-1779/? I/PowerManagerService﹕ Dozing...
10-15 16:20:12.046    1748-1771/? I/DreamController﹕ Starting dream: name=ComponentInfo{com.google.android.wearable.app/com.google.android.clockwork.home.AmbientMode}, isTest=false, canDoze=true, userId=0
10-15 16:20:12.126    1748-2329/? I/ActivityManager﹕ START u0 {act=android.intent.action.MAIN cat=[android.intent.category.HOME] flg=0x10000000 cmp=com.google.android.wearable.app/com.google.android.clockwork.home.HomeActivity (has extras)} from pid 15375 on display 0
10-15 16:20:12.126    1748-1771/? I/DreamController﹕ Stopping dream: name=ComponentInfo{com.google.android.wearable.app/com.google.android.clockwork.home.AmbientMode}, isTest=false, canDoze=true, userId=0
10-15 16:20:12.136    1748-1779/? I/PowerManagerService﹕ Sleeping...
10-15 16:20:12.226  15375-15375/? I/AmbientMode﹕ Ambient mode started: canDoze=true, dozeHardware=null
10-15 16:20:12.236    1415-2801/? D/mot_vr_audio_hw﹕ dsp_recognizer_enabled = false
10-15 16:20:12.236  14644-14644/? D/ADSPD﹕ Client cmd=0x0003, size=4
10-15 16:20:12.236   1415-15508/? D/mot_vr_audio_hw﹕ Switching DSP to standby/passthrough mode
10-15 16:20:12.236   1415-15508/? D/mot_vr_audio_hw﹕ Input 0xb71b3980 ready to read
10-15 16:20:12.247  14644-14644/? D/ADSPD﹕ Received from DSP: cmd=0x8003, size=2
10-15 16:20:12.247  14644-14644/? D/ADSPD﹕ Client cmd=0x0003, size=4
10-15 16:20:12.247   1415-14646/? D/mot_vr_audio_hw﹕ received recognition control callback, status 0
10-15 16:20:12.257  14644-14644/? D/ADSPD﹕ Received from DSP: cmd=0x8003, size=2
10-15 16:20:12.267   1415-14646/? D/mot_vr_audio_hw﹕ received recognition control callback, status 0
10-15 16:20:12.287   1415-15508/? W/mot_vr_audio_hw﹕ Discarded 10 buffers without finding audio data
10-15 16:20:12.297  14644-14644/? D/ADSPD﹕ Client cmd=0x0003, size=4
10-15 16:20:12.297   1415-15508/? D/mot_vr_audio_hw﹕ Re-arming DSP
10-15 16:20:12.297   1415-15508/? D/mot_vr_audio_hw﹕ Input 0xb71b3980 standby complete
10-15 16:20:12.307  14644-14644/? D/ADSPD﹕ Received from DSP: cmd=0x8003, size=2
10-15 16:20:12.307   1415-14646/? D/mot_vr_audio_hw﹕ received recognition control callback, status 0
10-15 16:20:12.317  14644-14644/? D/ADSPD﹕ Client cmd=0x4003, size=2
10-15 16:20:12.317    1415-2205/? D/mot_vr_audio_hw﹕ Input 0xb71b3980 close complete
10-15 16:20:12.337    1415-2801/? D/mot_vr_audio_hw﹕ dsp_recognizer_enabled = true
10-15 16:20:12.337  14644-14644/? D/ADSPD﹕ Client cmd=0x0003, size=4
10-15 16:20:12.337    1415-2736/? D/mot_vr_audio_hw﹕ open_input_stream(): devices = 0x80000004, rate = 8000, channels = 0x10
10-15 16:20:12.337    1415-2736/? D/mot_vr_audio_hw﹕ Created resampler for 16000->8000 Hz
10-15 16:20:12.347    1748-1806/? D/LightsService﹕ Excessive delay setting light: 52ms
10-15 16:20:12.347  14644-14644/? D/ADSPD﹕ Received from DSP: cmd=0x8003, size=2
10-15 16:20:12.347  14644-14644/? D/ADSPD﹕ Client cmd=0x4003, size=2
10-15 16:20:12.347   1415-14646/? D/mot_vr_audio_hw﹕ received recognition control callback, status 0
10-15 16:20:12.377  15375-15375/? I/AmbientMode﹕ Dream ended: isDozing=true
10-15 16:20:12.377   1415-15510/? D/mot_vr_audio_hw﹕ in_read waiting for hotword
10-15 16:20:12.657    1748-1845/? D/LightsService﹕ Excessive delay setting light: 95ms
10-15 16:20:12.657    1413-1413/? D/SurfaceFlinger﹕ Screen released, type=0 flinger=0xb8e4d448
10-15 16:20:12.797    1413-1413/? D/hwcomposer﹕ hwc_blank(0: 1)
10-15 16:20:12.797    1748-1845/? D/SurfaceControl﹕ Excessive delay in blankDisplay() while turning screen off: 144ms
10-15 16:20:12.817    1748-1774/? I/DisplayManagerService﹕ Display device changed: DisplayDeviceInfo{"Built-in Screen": 320 x 290, 45.000004 fps, density 213, 90.31111 x 136.40741 dpi, touch INTERNAL, rotation 0, type BUILT_IN, state OFF, FLAG_DEFAULT_DISPLAY, FLAG_ROTATES_WITH_CONTENT, FLAG_SECURE, FLAG_SUPPORTS_PROTECTED_BUFFERS}
10-15 16:20:12.827  13774-13774/? V/WearActivity﹕ display changed: 0, new state: 1
10-15 16:20:12.827  13774-13774/? I/TimeWrapper﹕ FPS: 40.443638, samples: 229
10-15 16:20:12.827  13774-13774/? I/TimeWrapper﹕ Min/Avg/Max frame render speed (ms): 5.737305 / 7.12059 / 37.139893
10-15 16:20:12.827  13774-13774/? I/TimeWrapper﹕ Waketime: 28.79826%
10-15 16:20:12.827  13774-13774/? I/ClockFace﹕ Ambient mode: true
10-15 16:20:12.827  13774-13774/? V/ClockFace﹕ clearing caches
10-15 16:20:12.827  13774-13774/? V/MyViewAnim﹕ stopping animation!
10-15 16:20:12.827  13774-13774/? V/WearActivity﹕ onDisplayChanged: off!
10-15 16:20:12.827    1748-1748/? V/ActivityManager﹕ Display changed displayId=0
10-15 16:20:12.837  13774-15507/? V/ClockFace﹕ rendering new face, faceMode(0)
10-15 16:20:12.837    1748-1779/? D/MinnowPowerHAL﹕ power_set_interactive: 0
10-15 16:20:12.837    1748-1779/? D/MinnowPowerHAL﹕ sysfs_write: /sys/devices/platform/omapdss/display0/interactivemode 0
10-15 16:20:12.837    1748-1779/? D/MinnowPowerHAL﹕ sysfs_write: /sys/devices/ocp.2/i2c.6/i2c-0/0-004a/interactivemode 0
10-15 16:20:12.837    1748-1779/? D/mot_vr_audio_hw﹕ dsp_set_pm_state = off
10-15 16:20:12.837  14644-14644/? D/ADSPD﹕ Client cmd=0x4002, size=2
10-15 16:20:12.837  14644-14644/? D/ADSPD﹕ DSP_CMD_DAEMON_SET_PM_STATE : 0
10-15 16:20:12.837  14644-14644/? D/ADSPD﹕ DSP not turned off as still being used
10-15 16:20:12.847  13774-13774/? V/WearActivity﹕ Pause!
10-15 16:20:12.857  13774-13774/? V/WearActivity﹕ Stop!
10-15 16:20:12.857    1415-1531/? D/mot_vr_audio_hw﹕ dsp_recognizer_enabled = false
10-15 16:20:12.857  14644-14644/? D/ADSPD﹕ Client cmd=0x0003, size=4
10-15 16:20:12.857  14644-14644/? D/ADSPD﹕ Trying to send to dsp while in dsp in RESET
10-15 16:20:12.857   1415-15510/? W/mot_vr_audio_hw﹕ Not allowing wake() since DSP is disabled
10-15 16:20:12.857    1748-1748/? W/InputMethodManagerService﹕ Ignoring setImeWindowStatus of uid 1000 token: null
10-15 16:20:12.867   1415-15510/? W/mot_vr_audio_hw﹕ Not allowing wake() since DSP is disabled
10-15 16:20:12.877  13774-15507/? V/MyViewAnim﹕ looper finished!
10-15 16:20:12.887  14644-14644/? D/ADSPD﹕ Client cmd=0x4003, size=2
10-15 16:20:12.887  14644-14644/? D/ADSPD﹕ DSP no longer used, turned off here
10-15 16:20:12.897    1415-1415/? D/mot_vr_audio_hw﹕ Input 0xb71b3980 close complete
10-15 16:20:14.929    2030-2067/? W/bt-btif﹕ dm_pm_timer expires
10-15 16:20:14.929    2030-2067/? W/bt-btif﹕ dm_pm_timer expires 0
10-15 16:20:14.929    2030-2067/? W/bt-btif﹕ proc dm_pm_timer expires
10-15 16:20:23.515    1748-1765/? D/SensorHALGestureSensor﹕ Gesture event received! time = 1413408023520774930
10-15 16:20:23.515    1748-2318/? I/PowerManagerService﹕ Waking up from sleep...
10-15 16:20:23.515    1748-1772/? W/KeyguardServiceDelegate﹕ onScreenTurnedOn(): no keyguard service!
10-15 16:20:23.635    1748-2318/? D/PowerManagerService-JNI﹕ Excessive delay in autosuspend_disable() while turning screen on: 114ms
10-15 16:20:23.635    1748-2318/? D/MinnowPowerHAL﹕ power_set_interactive: 1
10-15 16:20:23.635    1748-2318/? D/MinnowPowerHAL﹕ sysfs_write: /sys/devices/platform/omapdss/display0/interactivemode 1
10-15 16:20:23.685    1748-2318/? D/MinnowPowerHAL﹕ sysfs_write: /sys/devices/ocp.2/i2c.6/i2c-0/0-004a/interactivemode 1
10-15 16:20:23.695    1748-2318/? D/mot_vr_audio_hw﹕ dsp_set_pm_state = on
10-15 16:20:23.695  14644-14644/? D/ADSPD﹕ Client cmd=0x4002, size=2
10-15 16:20:23.695  14644-14644/? D/ADSPD﹕ DSP_CMD_DAEMON_SET_PM_STATE : 1
10-15 16:20:23.695    1748-2318/? D/PowerManagerService-JNI﹕ Excessive delay in setInteractive(true) while turning screen on: 56ms
10-15 16:20:23.695    1413-1413/? D/SurfaceFlinger﹕ Screen acquired, type=0 flinger=0xb8e4d448
10-15 16:20:23.695    1413-1413/? D/hwcomposer﹕ hwc_blank(0: 0)
