    --------- beginning of main
10-13 07:36:21.745    1415-1531/? D/mot_vr_audio_hw﹕ dsp_recognizer_enabled = false
10-13 07:36:21.745    1415-1531/? D/mot_vr_audio_hw﹕ ADSPD connection is stale.  Reconnecting...
10-13 07:36:21.745    1415-1531/? E/mot_vr_audio_hw﹕ Error -1 connecting to ADSPD
10-13 07:36:21.745    1415-7298/? D/mot_vr_audio_hw﹕ ADSPD connection is stale.  Reconnecting...
10-13 07:36:21.745    1415-7298/? E/mot_vr_audio_hw﹕ Error -1 connecting to ADSPD
10-13 07:36:21.745    1415-7298/? E/mot_vr_audio_hw﹕ hwdev or DSP not available when trying to enable passthru mode
10-13 07:36:21.755    1415-7298/? D/mot_vr_audio_hw﹕ ADSPD connection is stale.  Reconnecting...
10-13 07:36:21.755    1415-7298/? E/mot_vr_audio_hw﹕ Error -1 connecting to ADSPD
10-13 07:36:21.755    1415-7298/? E/mot_vr_audio_hw﹕ hwdev or DSP not available when trying to enable passthru mode
10-13 07:36:21.775    1415-2734/? D/mot_vr_audio_hw﹕ ADSPD connection is stale.  Reconnecting...
10-13 07:36:21.775    1415-2734/? E/mot_vr_audio_hw﹕ Error -1 connecting to ADSPD
10-13 07:36:21.775    1415-2734/? D/mot_vr_audio_hw﹕ Input 0xb71af6a8 close complete
10-13 07:36:21.825    2069-2072/? D/dalvikvm﹕ GC_CONCURRENT freed 537K, 23% free 2535K/3272K, paused 12ms+44ms, total 153ms
10-13 07:36:21.945    2048-2080/? D/dalvikvm﹕ GC_FOR_ALLOC freed 235K, 27% free 9180K/12432K, paused 45ms, total 45ms
10-13 07:36:21.945    2048-2080/? I/dalvikvm-heap﹕ Grow heap (frag case) to 10.228MB for 1024016-byte allocation
10-13 07:36:21.985    2048-2056/? D/dalvikvm﹕ GC_FOR_ALLOC freed 17K, 25% free 10163K/13436K, paused 38ms, total 38ms
10-13 07:36:22.145    2048-2657/? D/dalvikvm﹕ GC_FOR_ALLOC freed 19K, 25% free 10170K/13436K, paused 33ms, total 34ms
10-13 07:36:22.145    2048-2657/? I/dalvikvm-heap﹕ Grow heap (frag case) to 11.195MB for 1024016-byte allocation
10-13 07:36:22.195    2048-2657/? D/dalvikvm﹕ GC_FOR_ALLOC freed 1005K, 30% free 10165K/14440K, paused 45ms, total 45ms
10-13 07:36:22.285    2069-2072/? D/dalvikvm﹕ GC_CONCURRENT freed 479K, 23% free 2523K/3272K, paused 3ms+3ms, total 41ms
10-13 07:36:22.305    1748-1773/? D/Tethering﹕ MasterInitialState.processMessage what=3
10-13 07:36:22.305    1748-1913/? D/CaptivePortalTracker﹕ NoActiveNetworkState{ when=-2ms what=1 obj=NetworkInfo: type: PROXY[], state: CONNECTED/CONNECTED, reason: enabled, extra: (none), roaming: false, failover: false, isAvailable: true, isConnectedToProvisioningNetwork: false target=com.android.internal.util.StateMachine$SmHandler }
10-13 07:36:22.305    1748-1913/? D/CaptivePortalTracker﹕ NoActiveNetworkState not a wifi connectivity change, ignore
10-13 07:36:22.415    7312-7312/? I/ADSPD﹕ DSP daemon started (version 960f73f)
10-13 07:36:22.415    1748-1773/? D/Tethering﹕ MasterInitialState.processMessage what=3
10-13 07:36:22.415    1748-1913/? D/CaptivePortalTracker﹕ NoActiveNetworkState{ when=-2ms what=1 obj=NetworkInfo: type: PROXY[], state: CONNECTED/CONNECTED, reason: enabled, extra: (none), roaming: false, failover: false, isAvailable: true, isConnectedToProvisioningNetwork: false target=com.android.internal.util.StateMachine$SmHandler }
10-13 07:36:22.415    1748-1913/? D/CaptivePortalTracker﹕ NoActiveNetworkState not a wifi connectivity change, ignore
10-13 07:36:22.455    7300-7300/? E/SELinux﹕ SELinux: Loaded file_contexts from /file_contexts,
10-13 07:36:22.455    7300-7300/? E/SELinux﹕ digest=
10-13 07:36:22.455    7300-7300/? E/SELinux﹕ 97
10-13 07:36:22.455    7300-7300/? E/SELinux﹕ 5e
10-13 07:36:22.455    7300-7300/? E/SELinux﹕ e9
10-13 07:36:22.455    7300-7300/? E/SELinux﹕ e8
10-13 07:36:22.455    7300-7300/? E/SELinux﹕ 3a
10-13 07:36:22.455    7300-7300/? E/SELinux﹕ a5
10-13 07:36:22.455    7300-7300/? E/SELinux﹕ b3
10-13 07:36:22.455    7300-7300/? E/SELinux﹕ 2f
10-13 07:36:22.455    7300-7300/? E/SELinux﹕ 7c
10-13 07:36:22.455    7300-7300/? E/SELinux﹕ 90
10-13 07:36:22.455    7300-7300/? E/SELinux﹕ 4c
10-13 07:36:22.455    7300-7300/? E/SELinux﹕ 2f
10-13 07:36:22.455    7300-7300/? E/SELinux﹕ 85
10-13 07:36:22.455    7300-7300/? E/SELinux﹕ 1f
10-13 07:36:22.455    7300-7300/? E/SELinux﹕ 89
10-13 07:36:22.455    7300-7300/? E/SELinux﹕ 5a
10-13 07:36:22.455    7300-7300/? E/SELinux﹕ 52
10-13 07:36:22.455    7300-7300/? E/SELinux﹕ 84
10-13 07:36:22.455    7300-7300/? E/SELinux﹕ ad
10-13 07:36:22.455    7300-7300/? E/SELinux﹕ 40
10-13 07:36:22.455    7300-7300/? E/SELinux﹕ [ 10-13 07:36:22.525  7312: 7312 E/ADSPD    ]
    Timeout on select()
10-13 07:36:22.525    7312-7312/? E/ADSPD﹕ NO ACK received after loading firmware
10-13 07:36:22.525    7312-7312/? E/ADSPD﹕ Failed to initialize DSP
10-13 07:36:22.606    1415-2736/? D/mot_vr_audio_hw﹕ dsp_recognizer_enabled = true
10-13 07:36:22.606    1415-2736/? D/mot_vr_audio_hw﹕ ADSPD connection is stale.  Reconnecting...
10-13 07:36:22.606    1415-2736/? E/mot_vr_audio_hw﹕ Error -1 connecting to ADSPD
10-13 07:36:22.616    1415-1415/? D/mot_vr_audio_hw﹕ open_input_stream(): devices = 0x80000004, rate = 8000, channels = 0x10
10-13 07:36:22.616    1415-1415/? D/mot_vr_audio_hw﹕ Created resampler for 16000->8000 Hz
10-13 07:36:22.616    1415-1415/? D/mot_vr_audio_hw﹕ ADSPD connection is stale.  Reconnecting...
10-13 07:36:22.616    1415-1415/? E/mot_vr_audio_hw﹕ Error -1 connecting to ADSPD
10-13 07:36:22.636    1415-7314/? D/mot_vr_audio_hw﹕ in_read waiting for hotword
10-13 07:36:22.636    1415-2205/? D/mot_vr_audio_hw﹕ dsp_recognizer_enabled = false
10-13 07:36:22.636    1415-2205/? D/mot_vr_audio_hw﹕ ADSPD connection is stale.  Reconnecting...
10-13 07:36:22.636    1415-2205/? E/mot_vr_audio_hw﹕ Error -1 connecting to ADSPD
10-13 07:36:22.636    1415-7314/? D/mot_vr_audio_hw﹕ ADSPD connection is stale.  Reconnecting...
10-13 07:36:22.636    1415-7314/? E/mot_vr_audio_hw﹕ Error -1 connecting to ADSPD
10-13 07:36:22.636    1415-7314/? E/mot_vr_audio_hw﹕ hwdev or DSP not available when trying to enable passthru mode
10-13 07:36:22.656    1415-7314/? D/mot_vr_audio_hw﹕ ADSPD connection is stale.  Reconnecting...
10-13 07:36:22.656    1415-7314/? E/mot_vr_audio_hw﹕ Error -1 connecting to ADSPD
10-13 07:36:22.656    1415-7314/? E/mot_vr_audio_hw﹕ hwdev or DSP not available when trying to enable passthru mode
10-13 07:36:22.686    1415-2734/? D/mot_vr_audio_hw﹕ ADSPD connection is stale.  Reconnecting...
10-13 07:36:22.696    1415-2734/? E/mot_vr_audio_hw﹕ Error -1 connecting to ADSPD
10-13 07:36:22.696    1415-2734/? D/mot_vr_audio_hw﹕ Input 0xb71af6a8 close complete
10-13 07:36:22.836    2030-2067/? E/bt-btif﹕ send none, EAGAIN or EWOULDBLOCK, errno:11
10-13 07:36:22.916    1996-1996/? D/GCM﹕ GcmService start Intent { act=android.net.conn.CONNECTIVITY_CHANGE flg=0x4000010 cmp=com.google.android.gms/.gcm.GcmService (has extras) } android.net.conn.CONNECTIVITY_CHANGE
10-13 07:36:22.976    2069-7218/? D/dalvikvm﹕ GC_FOR_ALLOC freed 139K, 23% free 2525K/3272K, paused 150ms, total 173ms
10-13 07:36:23.066    1996-1996/? D/GCM﹕ GcmService start Intent { act=android.net.conn.CONNECTIVITY_CHANGE flg=0x4000010 cmp=com.google.android.gms/.gcm.GcmService (has extras) } android.net.conn.CONNECTIVITY_CHANGE
10-13 07:36:23.106    2069-7218/? D/dalvikvm﹕ GC_FOR_ALLOC freed 116K, 23% free 2523K/3272K, paused 37ms, total 38ms
10-13 07:36:23.216    1996-1996/? D/GCM﹕ GcmService start Intent { act=com.google.android.checkin.CHECKIN_COMPLETE flg=0x10 cmp=com.google.android.gms/.gcm.GcmService (has extras) } com.google.android.checkin.CHECKIN_COMPLETE
10-13 07:36:23.316    2069-7218/? D/dalvikvm﹕ GC_FOR_ALLOC freed 126K, 23% free 2523K/3272K, paused 29ms, total 31ms
10-13 07:36:23.526    2048-2111/? I/Clockwork.Settings﹕ time sync timezone: America/Chicago
10-13 07:36:23.546    1748-2318/? D/﹕ Setting time of day to sec=1413203783
10-13 07:36:23.800    1947-7324/? I/Clockwork.TimeService﹕ set timezone to America/Chicago
10-13 07:36:23.800    1748-2677/? D/AlarmManagerService﹕ Kernel timezone updated to 300 minutes west of GMT
10-13 07:36:23.940    2069-7218/? D/dalvikvm﹕ GC_FOR_ALLOC freed 124K, 24% free 2511K/3272K, paused 41ms, total 42ms
10-13 07:36:23.970    2048-2111/? I/Clockwork.Settings﹕ time sync timezone: America/Chicago
10-13 07:36:23.901    1947-7326/? I/Clockwork.TimeService﹕ set timezone to America/Chicago
10-13 07:36:23.901    1748-2318/? D/AlarmManagerService﹕ Kernel timezone updated to 300 minutes west of GMT
10-13 07:36:23.961    1996-1996/? D/GCM﹕ GcmService start Intent { act=com.google.android.checkin.CHECKIN_COMPLETE flg=0x10 cmp=com.google.android.gms/.gcm.GcmService (has extras) } com.google.android.checkin.CHECKIN_COMPLETE
10-13 07:36:23.980    1748-2335/? D/﹕ Setting time of day to sec=1413203783
10-13 07:36:24.121    1996-1996/? D/GCM﹕ GcmService start Intent { act=com.google.android.checkin.CHECKIN_COMPLETE flg=0x10 cmp=com.google.android.gms/.gcm.GcmService (has extras) } com.google.android.checkin.CHECKIN_COMPLETE
10-13 07:36:24.141    2069-7218/? D/dalvikvm﹕ GC_FOR_ALLOC freed 123K, 23% free 2523K/3272K, paused 59ms, total 59ms
10-13 07:36:24.441    2069-7218/? D/dalvikvm﹕ GC_FOR_ALLOC freed 122K, 23% free 2523K/3272K, paused 33ms, total 33ms
10-13 07:36:24.631    2030-2062/? D/btif_config_util﹕ btif_config_save_file(L153): in file name:/data/misc/bluedroid/bt_config.new
10-13 07:36:24.701    2069-7218/? D/dalvikvm﹕ GC_FOR_ALLOC freed 122K, 24% free 2511K/3272K, paused 29ms, total 29ms
10-13 07:36:24.962    2069-7218/? D/dalvikvm﹕ GC_FOR_ALLOC freed 122K, 23% free 2523K/3272K, paused 34ms, total 34ms
10-13 07:36:25.192    2069-7218/? D/dalvikvm﹕ GC_FOR_ALLOC freed 122K, 23% free 2523K/3272K, paused 33ms, total 34ms
10-13 07:36:25.502    2069-7218/? D/dalvikvm﹕ GC_FOR_ALLOC freed 122K, 24% free 2511K/3272K, paused 61ms, total 62ms
10-13 07:36:25.702    2069-7218/? D/dalvikvm﹕ GC_FOR_ALLOC freed 122K, 23% free 2523K/3272K, paused 29ms, total 30ms
10-13 07:36:25.973    2069-7218/? D/dalvikvm﹕ GC_FOR_ALLOC freed 122K, 23% free 2523K/3272K, paused 33ms, total 34ms
10-13 07:36:26.213    2069-7218/? D/dalvikvm﹕ GC_FOR_ALLOC freed 122K, 24% free 2511K/3272K, paused 29ms, total 29ms
10-13 07:36:26.463    2069-7218/? D/dalvikvm﹕ GC_FOR_ALLOC freed 122K, 23% free 2523K/3272K, paused 29ms, total 30ms
10-13 07:36:26.723    2069-7218/? D/dalvikvm﹕ GC_FOR_ALLOC freed 122K, 23% free 2523K/3272K, paused 34ms, total 34ms
10-13 07:36:26.973    2069-7218/? D/dalvikvm﹕ GC_FOR_ALLOC freed 122K, 24% free 2511K/3272K, paused 29ms, total 34ms
10-13 07:36:27.234    2069-7218/? D/dalvikvm﹕ GC_FOR_ALLOC freed 122K, 23% free 2523K/3272K, paused 27ms, total 27ms
10-13 07:36:27.354    2048-2048/? E/StreamVibrator﹕ Found notifications that tried to vibrate, but they never made it to the top of the stream. Not vibrating.
10-13 07:36:27.404    2932-2932/? D/PhoneListenerService﹕ onDestroy
10-13 07:36:27.544    2069-7218/? D/dalvikvm﹕ GC_FOR_ALLOC freed 128K, 24% free 2518K/3272K, paused 28ms, total 29ms
10-13 07:36:27.704    7328-7328/? I/ADSPD﹕ DSP daemon started (version 960f73f)
10-13 07:36:27.754    2069-7218/? D/dalvikvm﹕ GC_FOR_ALLOC freed 123K, 24% free 2504K/3272K, paused 30ms, total 30ms
10-13 07:36:27.824    7328-7328/? E/ADSPD﹕ Timeout on select()
10-13 07:36:27.824    7328-7328/? E/ADSPD﹕ NO ACK received after loading firmware
10-13 07:36:27.824    7328-7328/? E/ADSPD﹕ Failed to initialize DSP
10-13 07:36:27.994    2069-7218/? D/dalvikvm﹕ GC_FOR_ALLOC freed 122K, 24% free 2517K/3272K, paused 33ms, total 33ms
10-13 07:36:28.235    2069-7218/? D/dalvikvm﹕ GC_FOR_ALLOC freed 122K, 24% free 2517K/3272K, paused 32ms, total 33ms
10-13 07:36:28.455    2069-7218/? D/dalvikvm﹕ GC_FOR_ALLOC freed 122K, 24% free 2504K/3272K, paused 13ms, total 13ms
10-13 07:36:28.785    2069-7218/? D/dalvikvm﹕ GC_FOR_ALLOC freed 122K, 24% free 2517K/3272K, paused 24ms, total 25ms
10-13 07:36:29.026    2069-7218/? D/dalvikvm﹕ GC_FOR_ALLOC freed 122K, 24% free 2517K/3272K, paused 32ms, total 33ms
10-13 07:36:29.286    2069-7218/? D/dalvikvm﹕ GC_FOR_ALLOC freed 123K, 24% free 2504K/3272K, paused 21ms, total 21ms
10-13 07:36:29.566    2069-7218/? D/dalvikvm﹕ GC_FOR_ALLOC freed 122K, 24% free 2516K/3272K, paused 33ms, total 34ms
10-13 07:36:29.846    2069-7218/? D/dalvikvm﹕ GC_FOR_ALLOC freed 122K, 24% free 2516K/3272K, paused 31ms, total 32ms
10-13 07:36:30.107    2069-7218/? D/dalvikvm﹕ GC_FOR_ALLOC freed 122K, 24% free 2504K/3272K, paused 28ms, total 29ms
10-13 07:36:30.337    2069-7218/? D/dalvikvm﹕ GC_FOR_ALLOC freed 122K, 24% free 2516K/3272K, paused 28ms, total 29ms
10-13 07:36:30.577    2069-7218/? D/dalvikvm﹕ GC_FOR_ALLOC freed 122K, 24% free 2516K/3272K, paused 28ms, total 28ms
10-13 07:36:30.827    2069-7218/? D/dalvikvm﹕ GC_FOR_ALLOC freed 123K, 24% free 2503K/3272K, paused 30ms, total 30ms
10-13 07:36:31.168    2069-7218/? D/dalvikvm﹕ GC_FOR_ALLOC freed 122K, 24% free 2515K/3272K, paused 19ms, total 19ms
10-13 07:36:31.638    2069-7218/? D/dalvikvm﹕ GC_FOR_ALLOC freed 122K, 24% free 2515K/3272K, paused 23ms, total 24ms
10-13 07:36:31.928    2069-7218/? D/dalvikvm﹕ GC_FOR_ALLOC freed 122K, 24% free 2503K/3272K, paused 56ms, total 56ms
10-13 07:36:32.119    2069-7218/? D/dalvikvm﹕ GC_FOR_ALLOC freed 123K, 24% free 2514K/3272K, paused 23ms, total 23ms
10-13 07:36:32.619    2069-7218/? D/dalvikvm﹕ GC_FOR_ALLOC freed 147K, 24% free 2502K/3272K, paused 29ms, total 30ms
10-13 07:36:32.859    7329-7329/? I/ADSPD﹕ DSP daemon started (version 960f73f)
10-13 07:36:32.919    2069-7218/? D/dalvikvm﹕ GC_FOR_ALLOC freed 147K, 24% free 2502K/3272K, paused 32ms, total 33ms
10-13 07:36:32.979    7329-7329/? E/ADSPD﹕ Timeout on select()
10-13 07:36:32.979    7329-7329/? E/ADSPD﹕ NO ACK received after loading firmware
10-13 07:36:32.979    7329-7329/? E/ADSPD﹕ Failed to initialize DSP
10-13 07:36:33.220    2069-7218/? D/dalvikvm﹕ GC_FOR_ALLOC freed 147K, 24% free 2502K/3272K, paused 22ms, total 22ms
10-13 07:36:33.630    2069-7218/? D/dalvikvm﹕ GC_FOR_ALLOC freed 147K, 24% free 2502K/3272K, paused 34ms, total 35ms
10-13 07:36:34.080    2069-7218/? D/dalvikvm﹕ GC_FOR_ALLOC freed 147K, 24% free 2502K/3272K, paused 28ms, total 29ms
10-13 07:36:34.391    2069-7218/? D/dalvikvm﹕ GC_FOR_ALLOC freed 147K, 24% free 2502K/3272K, paused 22ms, total 22ms
10-13 07:36:34.711    2069-7218/? D/dalvikvm﹕ GC_FOR_ALLOC freed 147K, 24% free 2502K/3272K, paused 28ms, total 29ms
10-13 07:36:35.081    2069-7218/? D/dalvikvm﹕ GC_FOR_ALLOC freed 147K, 24% free 2502K/3272K, paused 25ms, total 25ms
10-13 07:36:35.392    2069-7218/? D/dalvikvm﹕ GC_FOR_ALLOC freed 147K, 24% free 2502K/3272K, paused 26ms, total 26ms
10-13 07:36:35.732    2069-7218/? D/dalvikvm﹕ GC_FOR_ALLOC freed 147K, 24% free 2502K/3272K, paused 22ms, total 22ms
10-13 07:36:36.122    2069-7218/? D/dalvikvm﹕ GC_FOR_ALLOC freed 147K, 24% free 2502K/3272K, paused 19ms, total 20ms
10-13 07:36:36.583    2069-7218/? D/dalvikvm﹕ GC_FOR_ALLOC freed 147K, 24% free 2502K/3272K, paused 24ms, total 24ms
10-13 07:36:36.943    2069-7218/? D/dalvikvm﹕ GC_FOR_ALLOC freed 147K, 24% free 2502K/3272K, paused 25ms, total 25ms
10-13 07:36:37.274    2069-7218/? D/dalvikvm﹕ GC_FOR_ALLOC freed 147K, 24% free 2502K/3272K, paused 24ms, total 24ms
10-13 07:36:37.654    2069-7218/? D/dalvikvm﹕ GC_FOR_ALLOC freed 147K, 24% free 2502K/3272K, paused 28ms, total 28ms
10-13 07:36:37.984    2069-7218/? D/dalvikvm﹕ GC_FOR_ALLOC freed 147K, 24% free 2502K/3272K, paused 16ms, total 17ms
10-13 07:36:38.004    7330-7330/? I/ADSPD﹕ DSP daemon started (version 960f73f)
10-13 07:36:38.114    7330-7330/? E/ADSPD﹕ Timeout on select()
10-13 07:36:38.114    7330-7330/? E/ADSPD﹕ NO ACK received after loading firmware
10-13 07:36:38.114    7330-7330/? E/ADSPD﹕ Failed to initialize DSP
10-13 07:36:38.365    2069-7218/? D/dalvikvm﹕ GC_FOR_ALLOC freed 147K, 24% free 2502K/3272K, paused 25ms, total 25ms
10-13 07:36:38.775    2069-7218/? D/dalvikvm﹕ GC_FOR_ALLOC freed 147K, 24% free 2502K/3272K, paused 26ms, total 26ms
10-13 07:36:39.105    2069-7218/? D/dalvikvm﹕ GC_FOR_ALLOC freed 147K, 24% free 2502K/3272K, paused 32ms, total 33ms
10-13 07:36:39.396    2069-7218/? D/dalvikvm﹕ GC_FOR_ALLOC freed 147K, 24% free 2502K/3272K, paused 29ms, total 30ms
10-13 07:36:39.716    2069-7218/? D/dalvikvm﹕ GC_FOR_ALLOC freed 147K, 24% free 2502K/3272K, paused 35ms, total 35ms
10-13 07:36:40.046    2069-7218/? D/dalvikvm﹕ GC_FOR_ALLOC freed 147K, 24% free 2502K/3272K, paused 23ms, total 24ms
10-13 07:36:40.367    2069-7218/? D/dalvikvm﹕ GC_FOR_ALLOC freed 147K, 24% free 2502K/3272K, paused 32ms, total 32ms
10-13 07:36:40.677    2069-7218/? D/dalvikvm﹕ GC_FOR_ALLOC freed 147K, 24% free 2502K/3272K, paused 29ms, total 29ms
10-13 07:36:40.967    2069-7218/? D/dalvikvm﹕ GC_FOR_ALLOC freed 147K, 24% free 2502K/3272K, paused 23ms, total 24ms
10-13 07:36:41.368    2069-7218/? D/dalvikvm﹕ GC_FOR_ALLOC freed 147K, 24% free 2502K/3272K, paused 26ms, total 26ms
10-13 07:36:41.668    2069-7218/? D/dalvikvm﹕ GC_FOR_ALLOC freed 147K, 24% free 2502K/3272K, paused 24ms, total 25ms
10-13 07:36:42.028    2069-7218/? D/dalvikvm﹕ GC_FOR_ALLOC freed 147K, 24% free 2502K/3272K, paused 27ms, total 27ms
10-13 07:36:42.379    2069-7218/? D/dalvikvm﹕ GC_FOR_ALLOC freed 147K, 24% free 2502K/3272K, paused 28ms, total 28ms
10-13 07:36:42.699    2069-7218/? D/dalvikvm﹕ GC_FOR_ALLOC freed 147K, 24% free 2502K/3272K, paused 32ms, total 32ms
10-13 07:36:43.009    2069-7218/? D/dalvikvm﹕ GC_FOR_ALLOC freed 147K, 24% free 2502K/3272K, paused 23ms, total 23ms
10-13 07:36:43.159    7331-7331/? I/ADSPD﹕ DSP daemon started (version 960f73f)
10-13 07:36:43.269    7331-7331/? E/ADSPD﹕ Timeout on select()
10-13 07:36:43.269    7331-7331/? E/ADSPD﹕ NO ACK received after loading firmware
10-13 07:36:43.269    7331-7331/? E/ADSPD﹕ Failed to initialize DSP
10-13 07:36:43.309    2069-7218/? D/dalvikvm﹕ GC_FOR_ALLOC freed 147K, 24% free 2502K/3272K, paused 34ms, total 35ms
10-13 07:36:43.620    2069-7218/? D/dalvikvm﹕ GC_FOR_ALLOC freed 147K, 24% free 2502K/3272K, paused 25ms, total 25ms
10-13 07:36:43.930    2069-7218/? D/dalvikvm﹕ GC_FOR_ALLOC freed 147K, 24% free 2502K/3272K, paused 28ms, total 29ms
10-13 07:36:44.230    2069-7218/? D/dalvikvm﹕ GC_FOR_ALLOC freed 147K, 24% free 2502K/3272K, paused 32ms, total 32ms
10-13 07:36:44.501    2069-7218/? D/dalvikvm﹕ GC_FOR_ALLOC freed 147K, 24% free 2502K/3272K, paused 23ms, total 23ms
10-13 07:36:44.971    2069-7218/? D/dalvikvm﹕ GC_FOR_ALLOC freed 147K, 24% free 2502K/3272K, paused 14ms, total 15ms
10-13 07:36:45.361    2069-7218/? D/dalvikvm﹕ GC_FOR_ALLOC freed 147K, 24% free 2502K/3272K, paused 32ms, total 32ms
10-13 07:36:45.652    2069-7218/? D/dalvikvm﹕ GC_FOR_ALLOC freed 147K, 24% free 2502K/3272K, paused 25ms, total 25ms
10-13 07:36:45.972    2069-7218/? D/dalvikvm﹕ GC_FOR_ALLOC freed 147K, 24% free 2502K/3272K, paused 24ms, total 24ms
10-13 07:36:46.272    2069-7218/? D/dalvikvm﹕ GC_FOR_ALLOC freed 147K, 24% free 2502K/3272K, paused 33ms, total 33ms
10-13 07:36:46.593    2069-7218/? D/dalvikvm﹕ GC_FOR_ALLOC freed 147K, 24% free 2502K/3272K, paused 34ms, total 34ms
10-13 07:36:46.893    2069-7218/? D/dalvikvm﹕ GC_FOR_ALLOC freed 147K, 24% free 2502K/3272K, paused 33ms, total 33ms
10-13 07:36:47.203    2069-7218/? D/dalvikvm﹕ GC_FOR_ALLOC freed 147K, 24% free 2502K/3272K, paused 33ms, total 34ms
10-13 07:36:47.494    2069-7218/? D/dalvikvm﹕ GC_FOR_ALLOC freed 147K, 24% free 2502K/3272K, paused 29ms, total 30ms
10-13 07:36:47.804    2069-7218/? D/dalvikvm﹕ GC_FOR_ALLOC freed 147K, 24% free 2502K/3272K, paused 34ms, total 34ms
10-13 07:36:48.234    2069-7218/? D/dalvikvm﹕ GC_FOR_ALLOC freed 147K, 24% free 2502K/3272K, paused 29ms, total 30ms
10-13 07:36:48.324    7332-7332/? I/ADSPD﹕ DSP daemon started (version 960f73f)
10-13 07:36:48.444    7332-7332/? E/ADSPD﹕ Timeout on select()
10-13 07:36:48.444    7332-7332/? E/ADSPD﹕ NO ACK received after loading firmware
10-13 07:36:48.444    7332-7332/? E/ADSPD﹕ Failed to initialize DSP
10-13 07:36:48.505    2069-7218/? D/dalvikvm﹕ GC_FOR_ALLOC freed 147K, 24% free 2502K/3272K, paused 26ms, total 26ms
10-13 07:36:48.865    2069-7218/? D/dalvikvm﹕ GC_FOR_ALLOC freed 147K, 24% free 2502K/3272K, paused 47ms, total 48ms
10-13 07:36:49.145    2069-7218/? D/dalvikvm﹕ GC_FOR_ALLOC freed 147K, 24% free 2502K/3272K, paused 26ms, total 26ms
10-13 07:36:49.445    2069-7218/? D/dalvikvm﹕ GC_FOR_ALLOC freed 147K, 24% free 2502K/3272K, paused 29ms, total 29ms
10-13 07:36:49.726    2069-7218/? D/dalvikvm﹕ GC_FOR_ALLOC freed 147K, 24% free 2502K/3272K, paused 28ms, total 29ms
10-13 07:36:50.006    2069-7218/? D/dalvikvm﹕ GC_FOR_ALLOC freed 147K, 24% free 2502K/3272K, paused 22ms, total 23ms
10-13 07:36:50.356    2069-7218/? D/dalvikvm﹕ GC_FOR_ALLOC freed 147K, 24% free 2502K/3272K, paused 33ms, total 33ms
10-13 07:36:50.647    2069-7218/? D/dalvikvm﹕ GC_FOR_ALLOC freed 147K, 24% free 2502K/3272K, paused 29ms, total 29ms
10-13 07:36:50.927    2069-7218/? D/dalvikvm﹕ GC_FOR_ALLOC freed 147K, 24% free 2502K/3272K, paused 33ms, total 33ms
10-13 07:36:51.227    2069-7218/? D/dalvikvm﹕ GC_FOR_ALLOC freed 147K, 24% free 2502K/3272K, paused 24ms, total 24ms
10-13 07:36:51.588    2069-7218/? D/dalvikvm﹕ GC_FOR_ALLOC freed 147K, 24% free 2502K/3272K, paused 34ms, total 35ms
10-13 07:36:51.928    2069-7218/? D/dalvikvm﹕ GC_FOR_ALLOC freed 147K, 24% free 2502K/3272K, paused 37ms, total 37ms
10-13 07:36:52.208    2069-7218/? D/dalvikvm﹕ GC_FOR_ALLOC freed 147K, 24% free 2502K/3272K, paused 28ms, total 29ms
10-13 07:36:52.558    2069-7218/? D/dalvikvm﹕ GC_FOR_ALLOC freed 147K, 24% free 2502K/3272K, paused 28ms, total 29ms
10-13 07:36:52.859    2069-7218/? D/dalvikvm﹕ GC_FOR_ALLOC freed 147K, 24% free 2502K/3272K, paused 20ms, total 21ms
10-13 07:36:53.209    2069-7218/? D/dalvikvm﹕ GC_FOR_ALLOC freed 147K, 24% free 2502K/3272K, paused 28ms, total 28ms
10-13 07:36:53.409    1748-1750/? D/dalvikvm﹕ GC_CONCURRENT freed 480K, 29% free 4727K/6620K, paused 8ms+11ms, total 126ms
10-13 07:36:53.479    7333-7333/? I/ADSPD﹕ DSP daemon started (version 960f73f)
10-13 07:36:53.509    2069-7218/? D/dalvikvm﹕ GC_FOR_ALLOC freed 146K, 24% free 2502K/3272K, paused 43ms, total 44ms
10-13 07:36:53.599    7333-7333/? E/ADSPD﹕ Timeout on select()
10-13 07:36:53.599    7333-7333/? E/ADSPD﹕ NO ACK received after loading firmware
10-13 07:36:53.599    7333-7333/? E/ADSPD﹕ Failed to initialize DSP
10-13 07:36:54.120    2069-7218/? D/dalvikvm﹕ GC_FOR_ALLOC freed 148K, 24% free 2501K/3272K, paused 21ms, total 21ms
10-13 07:36:54.500    2069-7218/? D/dalvikvm﹕ GC_FOR_ALLOC freed 147K, 24% free 2513K/3272K, paused 32ms, total 32ms
10-13 07:36:54.841    2069-7218/? D/dalvikvm﹕ GC_FOR_ALLOC freed 147K, 24% free 2513K/3272K, paused 32ms, total 33ms
10-13 07:36:55.111    2069-7218/? D/dalvikvm﹕ GC_FOR_ALLOC freed 147K, 24% free 2501K/3272K, paused 12ms, total 13ms
10-13 07:36:55.481    2069-7218/? D/dalvikvm﹕ GC_FOR_ALLOC freed 147K, 24% free 2513K/3272K, paused 24ms, total 25ms
10-13 07:36:55.862    2069-7218/? D/dalvikvm﹕ GC_FOR_ALLOC freed 147K, 24% free 2513K/3272K, paused 28ms, total 28ms
10-13 07:36:56.222    2069-7218/? D/dalvikvm﹕ GC_FOR_ALLOC freed 147K, 24% free 2501K/3272K, paused 19ms, total 19ms
10-13 07:36:56.672    2069-7218/? D/dalvikvm﹕ GC_FOR_ALLOC freed 147K, 24% free 2513K/3272K, paused 24ms, total 25ms
10-13 07:36:57.023    2069-7218/? D/dalvikvm﹕ GC_FOR_ALLOC freed 147K, 24% free 2513K/3272K, paused 23ms, total 24ms
10-13 07:36:57.353    2069-7218/? D/dalvikvm﹕ GC_FOR_ALLOC freed 147K, 24% free 2501K/3272K, paused 29ms, total 29ms
10-13 07:36:57.633    7334-7334/? I/ADSPD﹕ DSP daemon started (version 960f73f)
10-13 07:36:57.673    2069-7218/? D/dalvikvm﹕ GC_FOR_ALLOC freed 147K, 24% free 2513K/3272K, paused 19ms, total 20ms
10-13 07:36:57.744    7334-7334/? E/ADSPD﹕ Timeout on select()
10-13 07:36:57.744    7334-7334/? E/ADSPD﹕ NO ACK received after loading firmware
10-13 07:36:57.744    7334-7334/? E/ADSPD﹕ Failed to initialize DSP
10-13 07:36:58.014    2069-7218/? D/dalvikvm﹕ GC_FOR_ALLOC freed 147K, 24% free 2513K/3272K, paused 29ms, total 30ms
10-13 07:36:58.334    2069-7218/? D/dalvikvm﹕ GC_FOR_ALLOC freed 147K, 24% free 2501K/3272K, paused 29ms, total 29ms
10-13 07:36:58.644    2069-7218/? D/dalvikvm﹕ GC_FOR_ALLOC freed 147K, 24% free 2513K/3272K, paused 33ms, total 34ms
10-13 07:36:58.955    2069-7218/? D/dalvikvm﹕ GC_FOR_ALLOC freed 147K, 24% free 2513K/3272K, paused 24ms, total 24ms
10-13 07:36:59.275    2069-7218/? D/dalvikvm﹕ GC_FOR_ALLOC freed 147K, 24% free 2501K/3272K, paused 24ms, total 25ms
10-13 07:36:59.585    2069-7218/? D/dalvikvm﹕ GC_FOR_ALLOC freed 147K, 24% free 2513K/3272K, paused 24ms, total 24ms
10-13 07:36:59.876    2069-7218/? D/dalvikvm﹕ GC_FOR_ALLOC freed 147K, 24% free 2513K/3272K, paused 24ms, total 24ms
10-13 07:37:00.276    2069-7218/? D/dalvikvm﹕ GC_FOR_ALLOC freed 147K, 24% free 2501K/3272K, paused 35ms, total 36ms
10-13 07:37:00.616    2069-7218/? D/dalvikvm﹕ GC_FOR_ALLOC freed 147K, 24% free 2513K/3272K, paused 32ms, total 33ms
10-13 07:37:00.917    2069-7218/? D/dalvikvm﹕ GC_FOR_ALLOC freed 147K, 24% free 2513K/3272K, paused 32ms, total 32ms
10-13 07:37:01.207    2069-7218/? D/dalvikvm﹕ GC_FOR_ALLOC freed 147K, 24% free 2501K/3272K, paused 24ms, total 24ms
10-13 07:37:01.577    2069-7218/? D/dalvikvm﹕ GC_FOR_ALLOC freed 147K, 24% free 2513K/3272K, paused 22ms, total 23ms
10-13 07:37:01.928    2069-7218/? D/dalvikvm﹕ GC_FOR_ALLOC freed 147K, 24% free 2513K/3272K, paused 32ms, total 32ms
10-13 07:37:02.238    2069-7218/? D/dalvikvm﹕ GC_FOR_ALLOC freed 146K, 24% free 2501K/3272K, paused 32ms, total 32ms
10-13 07:37:02.518    2069-7218/? D/dalvikvm﹕ GC_FOR_ALLOC freed 147K, 24% free 2513K/3272K, paused 29ms, total 29ms
10-13 07:37:02.778    7335-7335/? I/ADSPD﹕ DSP daemon started (version 960f73f)
10-13 07:37:02.848    2069-7218/? D/dalvikvm﹕ GC_FOR_ALLOC freed 147K, 24% free 2513K/3272K, paused 39ms, total 39ms
10-13 07:37:02.889    7335-7335/? E/ADSPD﹕ Timeout on select()
10-13 07:37:02.889    7335-7335/? E/ADSPD﹕ NO ACK received after loading firmware
10-13 07:37:02.889    7335-7335/? E/ADSPD﹕ Failed to initialize DSP
10-13 07:37:03.149    2069-7218/? D/dalvikvm﹕ GC_FOR_ALLOC freed 147K, 24% free 2501K/3272K, paused 29ms, total 30ms
10-13 07:37:03.459    2069-7218/? D/dalvikvm﹕ GC_FOR_ALLOC freed 147K, 24% free 2513K/3272K, paused 28ms, total 29ms
10-13 07:37:03.749    2069-7218/? D/dalvikvm﹕ GC_FOR_ALLOC freed 147K, 24% free 2513K/3272K, paused 21ms, total 21ms
10-13 07:37:04.070    2069-7218/? D/dalvikvm﹕ GC_FOR_ALLOC freed 147K, 24% free 2501K/3272K, paused 33ms, total 33ms
10-13 07:37:04.380    2069-7218/? D/dalvikvm﹕ GC_FOR_ALLOC freed 147K, 24% free 2513K/3272K, paused 33ms, total 33ms
10-13 07:37:04.680    2069-7218/? D/dalvikvm﹕ GC_FOR_ALLOC freed 147K, 24% free 2513K/3272K, paused 28ms, total 29ms
10-13 07:37:04.991    2069-7218/? D/dalvikvm﹕ GC_FOR_ALLOC freed 147K, 24% free 2501K/3272K, paused 32ms, total 33ms
10-13 07:37:05.301    2069-7218/? D/dalvikvm﹕ GC_FOR_ALLOC freed 147K, 24% free 2513K/3272K, paused 31ms, total 31ms
10-13 07:37:05.621    2069-7218/? D/dalvikvm﹕ GC_FOR_ALLOC freed 147K, 24% free 2513K/3272K, paused 28ms, total 29ms
10-13 07:37:05.921    2069-7218/? D/dalvikvm﹕ GC_FOR_ALLOC freed 147K, 24% free 2501K/3272K, paused 32ms, total 32ms
10-13 07:37:06.242    2069-7218/? D/dalvikvm﹕ GC_FOR_ALLOC freed 147K, 24% free 2513K/3272K, paused 28ms, total 29ms
10-13 07:37:06.702    2069-7218/? D/dalvikvm﹕ GC_FOR_ALLOC freed 147K, 24% free 2513K/3272K, paused 29ms, total 29ms
10-13 07:37:07.043    2069-7218/? D/dalvikvm﹕ GC_FOR_ALLOC freed 147K, 24% free 2501K/3272K, paused 34ms, total 34ms
10-13 07:37:07.403    2069-7218/? D/dalvikvm﹕ GC_FOR_ALLOC freed 147K, 24% free 2513K/3272K, paused 25ms, total 30ms
10-13 07:37:07.693    2069-7218/? D/dalvikvm﹕ GC_FOR_ALLOC freed 147K, 24% free 2513K/3272K, paused 23ms, total 24ms
10-13 07:37:07.933    7336-7336/? I/ADSPD﹕ DSP daemon started (version 960f73f)
10-13 07:37:08.044    7336-7336/? E/ADSPD﹕ Timeout on select()
10-13 07:37:08.044    7336-7336/? E/ADSPD﹕ NO ACK received after loading firmware
10-13 07:37:08.044    7336-7336/? E/ADSPD﹕ Failed to initialize DSP
10-13 07:37:08.314    2069-7218/? D/dalvikvm﹕ GC_FOR_ALLOC freed 147K, 24% free 2501K/3272K, paused 21ms, total 22ms
10-13 07:37:08.704    2069-7218/? D/dalvikvm﹕ GC_FOR_ALLOC freed 147K, 24% free 2513K/3272K, paused 33ms, total 34ms
10-13 07:37:09.265    2069-7218/? D/dalvikvm﹕ GC_FOR_ALLOC freed 147K, 24% free 2513K/3272K, paused 34ms, total 34ms
10-13 07:37:09.595    2069-7218/? D/dalvikvm﹕ GC_FOR_ALLOC freed 147K, 24% free 2501K/3272K, paused 32ms, total 33ms
10-13 07:37:10.015    2069-7218/? D/dalvikvm﹕ GC_FOR_ALLOC freed 147K, 24% free 2513K/3272K, paused 29ms, total 30ms
10-13 07:37:10.316    2069-7218/? D/dalvikvm﹕ GC_FOR_ALLOC freed 147K, 24% free 2513K/3272K, paused 29ms, total 29ms
10-13 07:37:10.636    2069-7218/? D/dalvikvm﹕ GC_FOR_ALLOC freed 147K, 24% free 2501K/3272K, paused 29ms, total 30ms
10-13 07:37:10.956    2069-7218/? D/dalvikvm﹕ GC_FOR_ALLOC freed 147K, 24% free 2513K/3272K, paused 33ms, total 34ms
10-13 07:37:11.247    2069-7218/? D/dalvikvm﹕ GC_FOR_ALLOC freed 147K, 24% free 2513K/3272K, paused 33ms, total 34ms
10-13 07:37:11.547    2069-7218/? D/dalvikvm﹕ GC_FOR_ALLOC freed 147K, 24% free 2501K/3272K, paused 29ms, total 29ms
10-13 07:37:11.937    2069-7218/? D/dalvikvm﹕ GC_FOR_ALLOC freed 147K, 24% free 2513K/3272K, paused 99ms, total 99ms
10-13 07:37:12.188    2069-7218/? D/dalvikvm﹕ GC_FOR_ALLOC freed 147K, 24% free 2513K/3272K, paused 34ms, total 34ms
10-13 07:37:12.378    2069-7218/? D/assets﹕ notifyListeners: for ULZU0YwaikQAdewA-DhF_YGEuf0 count=1
10-13 07:37:12.468    7337-7349/? W/WearablePkgInstaller﹕ Replacing package:com.google.android.gms
10-13 07:37:12.478    2048-2121/? D/WearablePackageInfoProvider﹕ 7337 is a system app.
10-13 07:37:12.508    7337-7349/? D/WearablePkgInstaller﹕ Using file /data/data/com.google.android.clockwork.packageinstaller/files/tmp/com.google.android.gms.apk
10-13 07:37:13.078    7350-7350/? I/ADSPD﹕ DSP daemon started (version 960f73f)
10-13 07:37:13.139    7337-7349/? W/ResourceType﹕ Failure getting entry for 0x7f11019a (t=16 e=410) in package 0 (error -75)
10-13 07:37:13.139    7337-7349/? W/ResourceType﹕ Failure getting entry for 0x7f11019a (t=16 e=410) in package 0 (error -75)
10-13 07:37:13.189    7350-7350/? E/ADSPD﹕ Timeout on select()
10-13 07:37:13.189    7350-7350/? E/ADSPD﹕ NO ACK received after loading firmware
10-13 07:37:13.189    7350-7350/? E/ADSPD﹕ Failed to initialize DSP
10-13 07:37:13.249    7337-7339/? D/dalvikvm﹕ GC_CONCURRENT freed 168K, 16% free 2148K/2528K, paused 3ms+3ms, total 19ms
10-13 07:37:13.289    7337-7339/? D/dalvikvm﹕ GC_CONCURRENT freed 253K, 19% free 2301K/2832K, paused 2ms+3ms, total 17ms
10-13 07:37:13.429    7337-7339/? D/dalvikvm﹕ GC_CONCURRENT freed 245K, 16% free 2447K/2892K, paused 3ms+3ms, total 18ms
10-13 07:37:13.559    7337-7339/? D/dalvikvm﹕ GC_CONCURRENT freed 123K, 11% free 2718K/3044K, paused 2ms+4ms, total 22ms
10-13 07:37:13.719    7337-7339/? D/dalvikvm﹕ GC_CONCURRENT freed 266K, 15% free 2851K/3320K, paused 2ms+3ms, total 22ms
10-13 07:37:13.799    7337-7339/? D/dalvikvm﹕ GC_CONCURRENT freed 125K, 10% free 3119K/3452K, paused 2ms+2ms, total 24ms
10-13 07:37:13.899    7337-7339/? D/dalvikvm﹕ GC_CONCURRENT freed 433K, 18% free 3100K/3780K, paused 2ms+7ms, total 29ms
10-13 07:37:13.969    7337-7339/? D/dalvikvm﹕ GC_CONCURRENT freed 404K, 19% free 3090K/3780K, paused 2ms+2ms, total 25ms
10-13 07:37:14.029    7337-7339/? D/dalvikvm﹕ GC_CONCURRENT freed 388K, 18% free 3106K/3780K, paused 3ms+4ms, total 28ms
10-13 07:37:14.089    7337-7339/? D/dalvikvm﹕ GC_CONCURRENT freed 395K, 18% free 3114K/3780K, paused 2ms+3ms, total 24ms
10-13 07:37:14.150    7337-7339/? D/dalvikvm﹕ GC_CONCURRENT freed 396K, 18% free 3134K/3792K, paused 2ms+5ms, total 26ms
10-13 07:37:14.210    7337-7339/? D/dalvikvm﹕ GC_CONCURRENT freed 406K, 18% free 3132K/3792K, paused 5ms+1ms, total 25ms
10-13 07:37:14.390    7337-7339/? D/dalvikvm﹕ GC_CONCURRENT freed 403K, 18% free 3131K/3792K, paused 2ms+3ms, total 24ms
10-13 07:37:14.410    2030-2067/? W/bt-btif﹕ dm_pm_timer expires
10-13 07:37:14.410    2030-2067/? W/bt-btif﹕ dm_pm_timer expires 0
10-13 07:37:14.410    2030-2067/? W/bt-btif﹕ proc dm_pm_timer expires
10-13 07:37:14.460    7337-7339/? D/dalvikvm﹕ GC_CONCURRENT freed 461K, 18% free 3143K/3828K, paused 2ms+3ms, total 32ms
10-13 07:37:14.530    7337-7339/? D/dalvikvm﹕ GC_CONCURRENT freed 388K, 18% free 3168K/3828K, paused 2ms+6ms, total 29ms
10-13 07:37:14.600    7337-7339/? D/dalvikvm﹕ GC_CONCURRENT freed 491K, 19% free 3164K/3876K, paused 3ms+3ms, total 32ms
10-13 07:37:14.600    7337-7349/? D/dalvikvm﹕ WAIT_FOR_CONCURRENT_GC blocked 14ms
10-13 07:37:15.010    7337-7339/? D/dalvikvm﹕ GC_CONCURRENT freed 491K, 19% free 3175K/3876K, paused 2ms+1ms, total 32ms
10-13 07:37:15.010    7337-7349/? D/dalvikvm﹕ WAIT_FOR_CONCURRENT_GC blocked 14ms
10-13 07:37:15.060    7337-7339/? D/dalvikvm﹕ GC_CONCURRENT freed 378K, 18% free 3189K/3876K, paused 2ms+1ms, total 24ms
10-13 07:37:15.110    7337-7339/? D/dalvikvm﹕ GC_CONCURRENT freed 403K, 18% free 3189K/3876K, paused 2ms+3ms, total 27ms
10-13 07:37:15.171    7337-7339/? D/dalvikvm﹕ GC_CONCURRENT freed 398K, 18% free 3215K/3876K, paused 3ms+3ms, total 28ms
10-13 07:37:15.231    7337-7339/? D/dalvikvm﹕ GC_CONCURRENT freed 487K, 18% free 3210K/3912K, paused 2ms+3ms, total 30ms
10-13 07:37:15.291    7337-7339/? D/dalvikvm﹕ GC_CONCURRENT freed 426K, 18% free 3226K/3912K, paused 3ms+4ms, total 30ms
10-13 07:37:15.351    7337-7339/? D/dalvikvm﹕ GC_CONCURRENT freed 462K, 18% free 3236K/3912K, paused 2ms+3ms, total 31ms
10-13 07:37:15.421    7337-7339/? D/dalvikvm﹕ GC_CONCURRENT freed 390K, 16% free 3306K/3912K, paused 3ms+9ms, total 32ms
10-13 07:37:15.511    7337-7349/? D/dalvikvm﹕ GC_FOR_ALLOC freed 1411K, 45% free 2180K/3960K, paused 24ms, total 72ms
10-13 07:37:15.531    7337-7349/? D/dalvikvm﹕ GC_FOR_ALLOC freed 35K, 45% free 2207K/3960K, paused 13ms, total 13ms
10-13 07:37:15.551    7337-7339/? D/dalvikvm﹕ GC_CONCURRENT freed 303K, 41% free 2350K/3960K, paused 2ms+1ms, total 15ms
10-13 07:37:15.551    7337-7349/? D/dalvikvm﹕ WAIT_FOR_CONCURRENT_GC blocked 6ms
10-13 07:37:15.621    7337-7339/? D/dalvikvm﹕ GC_CONCURRENT freed 226K, 36% free 2538K/3960K, paused 3ms+3ms, total 23ms
10-13 07:37:15.701    7337-7339/? D/dalvikvm﹕ GC_CONCURRENT freed 122K, 28% free 2863K/3960K, paused 2ms+3ms, total 25ms
10-13 07:37:15.791    7337-7339/? D/dalvikvm﹕ GC_CONCURRENT freed 251K, 24% free 3030K/3960K, paused 2ms+2ms, total 29ms
10-13 07:37:15.911    2048-2711/? D/WearablePackageInfoProvider﹕ 7351 is a system app.
10-13 07:37:17.383    1748-1776/? W/ResourceType﹕ Failure getting entry for 0x7f11019a (t=16 e=410) in package 0 (error -75)
10-13 07:37:17.383    1748-1776/? W/ResourceType﹕ Failure getting entry for 0x7f11019a (t=16 e=410) in package 0 (error -75)
10-13 07:37:17.523    1748-1750/? D/dalvikvm﹕ GC_CONCURRENT freed 522K, 26% free 4924K/6620K, paused 7ms+3ms, total 54ms
10-13 07:37:17.563    1748-1776/? D/dalvikvm﹕ GC_FOR_ALLOC freed 117K, 26% free 4932K/6620K, paused 39ms, total 39ms
10-13 07:37:17.703    1748-1750/? D/dalvikvm﹕ GC_CONCURRENT freed 302K, 21% free 5287K/6620K, paused 3ms+7ms, total 52ms
10-13 07:37:17.883    1748-1750/? D/dalvikvm﹕ GC_CONCURRENT freed 348K, 14% free 5716K/6620K, paused 4ms+7ms, total 66ms
10-13 07:37:18.003    1748-1750/? D/dalvikvm﹕ GC_CONCURRENT freed 901K, 18% free 5678K/6896K, paused 4ms+6ms, total 55ms
10-13 07:37:18.003    1748-1776/? D/dalvikvm﹕ WAIT_FOR_CONCURRENT_GC blocked 48ms
10-13 07:37:18.123    1748-1750/? D/dalvikvm﹕ GC_CONCURRENT freed 867K, 18% free 5706K/6896K, paused 4ms+6ms, total 58ms
10-13 07:37:18.223    7364-7364/? I/ADSPD﹕ DSP daemon started (version 960f73f)
10-13 07:37:18.264    1748-1750/? D/dalvikvm﹕ GC_CONCURRENT freed 840K, 17% free 5723K/6896K, paused 3ms+5ms, total 66ms
10-13 07:37:18.344    7364-7364/? E/ADSPD﹕ Timeout on select()
10-13 07:37:18.344    7364-7364/? E/ADSPD﹕ NO ACK received after loading firmware
10-13 07:37:18.344    7364-7364/? E/ADSPD﹕ Failed to initialize DSP
10-13 07:37:18.474    1748-1750/? D/dalvikvm﹕ GC_CONCURRENT freed 895K, 17% free 5735K/6896K, paused 3ms+5ms, total 56ms
10-13 07:37:18.474    1748-1776/? D/dalvikvm﹕ WAIT_FOR_CONCURRENT_GC blocked 50ms
10-13 07:37:18.814    1748-1750/? D/dalvikvm﹕ GC_CONCURRENT freed 897K, 16% free 5843K/6920K, paused 3ms+6ms, total 66ms
10-13 07:37:18.824    1748-1776/? D/dalvikvm﹕ WAIT_FOR_CONCURRENT_GC blocked 4ms
10-13 07:37:19.094    1748-1750/? D/dalvikvm﹕ GC_CONCURRENT freed 1018K, 19% free 5779K/7052K, paused 3ms+6ms, total 62ms
10-13 07:37:19.224    1748-1750/? D/dalvikvm﹕ GC_CONCURRENT freed 964K, 18% free 5800K/7052K, paused 3ms+5ms, total 62ms
10-13 07:37:19.224    1748-1776/? D/dalvikvm﹕ WAIT_FOR_CONCURRENT_GC blocked 46ms
10-13 07:37:19.345    1748-1750/? D/dalvikvm﹕ GC_CONCURRENT freed 972K, 18% free 5820K/7052K, paused 3ms+4ms, total 62ms
10-13 07:37:19.345    1748-1776/? D/dalvikvm﹕ WAIT_FOR_CONCURRENT_GC blocked 19ms
10-13 07:37:19.455    2048-2048/? W/WearableClient﹕ onConnectionSuspended: 1
10-13 07:37:19.505    1748-1776/? I/PackageManager﹕ Running dexopt on: com.google.android.gms
10-13 07:37:20.125    2030-2067/? W/bt-btif﹕ bta_jv_rfc_port_to_cb(port_handle:0xc):jv handle:0x0 not FOUND
10-13 07:37:20.125    2030-2067/? E/bt-btif﹕ bta_jv_port_mgmt_sr_cback, p_cb:0x0, p_cb->p_cback0x0
10-13 07:37:20.546    7365-7365/? D/dalvikvm﹕ DexOpt: load 175ms, verify+opt 658ms, 1909500 bytes
10-13 07:37:20.926    1748-1750/? D/dalvikvm﹕ GC_CONCURRENT freed 1930K, 33% free 4776K/7052K, paused 3ms+7ms, total 61ms
10-13 07:37:21.116    1748-1782/? I/InputReader﹕ Reconfiguring input devices.  changes=0x00000010
10-13 07:37:21.156    1748-1782/? I/InputReader﹕ Reconfiguring input devices.  changes=0x00000010
10-13 07:37:21.176    1748-1767/? W/Searchables﹕ No global search activity found
10-13 07:37:21.186    1748-1782/? I/InputReader﹕ Reconfiguring input devices.  changes=0x00000010
10-13 07:37:21.216    1748-1767/? W/Searchables﹕ No global search activity found
10-13 07:37:21.347    7366-7371/? D/dalvikvm﹕ GC_CONCURRENT freed 207K, 17% free 2102K/2512K, paused 14ms+8ms, total 50ms
10-13 07:37:21.507    1748-1776/? D/dalvikvm﹕ GC_EXPLICIT freed 509K, 34% free 4697K/7052K, paused 11ms+23ms, total 307ms
10-13 07:37:21.717    7381-7381/? I/MultiDex﹕ VM with version 1.6.0 does not have multidex support
10-13 07:37:21.717    7381-7381/? I/MultiDex﹕ install
10-13 07:37:21.717    7381-7381/? I/MultiDex﹕ Clearing old secondary dex dir (/data/data/com.google.android.gms/files/secondary-dexes).
10-13 07:37:21.717    7381-7381/? I/MultiDex﹕ Trying to delete old file /data/data/com.google.android.gms/files/secondary-dexes/PrebuiltGmsCoreForClockworkWearable.apk.classes2.dex of size 3206456
10-13 07:37:21.727    7381-7381/? I/MultiDex﹕ Deleted old file /data/data/com.google.android.gms/files/secondary-dexes/PrebuiltGmsCoreForClockworkWearable.apk.classes2.dex
10-13 07:37:21.727    7381-7381/? I/MultiDex﹕ Trying to delete old file /data/data/com.google.android.gms/files/secondary-dexes/PrebuiltGmsCoreForClockworkWearable.apk.classes2.zip of size 1232553
10-13 07:37:21.727    7381-7381/? I/MultiDex﹕ Deleted old file /data/data/com.google.android.gms/files/secondary-dexes/PrebuiltGmsCoreForClockworkWearable.apk.classes2.zip
10-13 07:37:21.727    7381-7381/? I/MultiDex﹕ Deleted old secondary dex dir /data/data/com.google.android.gms/files/secondary-dexes
10-13 07:37:21.727    7381-7381/? I/MultiDex﹕ MultiDexExtractor.load(/data/app/com.google.android.gms-1.apk, false)
10-13 07:37:21.727    7381-7381/? I/MultiDex﹕ Detected that extraction must be performed.
10-13 07:37:21.807    7381-7383/? D/dalvikvm﹕ GC_CONCURRENT freed 203K, 17% free 2084K/2488K, paused 6ms+5ms, total 38ms
10-13 07:37:21.817    7381-7381/? I/MultiDex﹕ Extraction is needed for file /data/data/com.google.android.gms/code_cache/secondary-dexes/com.google.android.gms-1.apk.classes2.zip
10-13 07:37:21.817    7381-7381/? I/MultiDex﹕ Extracting /data/data/com.google.android.gms/code_cache/secondary-dexes/com.google.android.gms-1.apk.classes-1870438963.zip
10-13 07:37:22.348    7366-7380/? I/ContactLocale﹕ AddressBook Labels [en_US]: [, A, B, C, D, E, F, G, H, I, J, K, L, M, N, O, P, Q, R, S, T, U, V, W, X, Y, Z, Α, Β, Γ, Δ, Ε, Ζ, Η, Θ, Ι, Κ, Λ, Μ, Ν, Ξ, Ο, Π, Ρ, Σ, Τ, Υ, Φ, Χ, Ψ, Ω, , А, Б, В, Г, Д, Е, Є, Ж, З, И, І, Ї, Й, К, Л, М, Н, О, П, Р, С, Т, У, Ф, Х, Ц, Ч, Ш, Щ, Ю, Я, , א, ב, ג, ד, ה, ו, ז, ח, ט, י, כ, ל, מ, נ, ס, ע, פ, צ, ק, ר, ש, ת, , ا, ب, ت, ث, ج, ح, خ, د, ذ, ر, ز, س, ش, ص, ض, ط, ظ, ع, غ, ف, ق, ك, ل, م, ن, ه, و, ي, , ก, ข, ฃ, ค, ฅ, ฆ, ง, จ, ฉ, ช, ซ, ฌ, ญ, ฎ, ฏ, ฐ, ฑ, ฒ, ณ, ด, ต, ถ, ท, ธ, น, บ, ป, ผ, ฝ, พ, ฟ, ภ, ม, ย, ร, ฤ, ล, ฦ, ว, ศ, ษ, ส, ห, ฬ, อ, ฮ, , ㄱ, ㄴ, ㄷ, ㄹ, ㅁ, ㅂ, ㅅ, ㅇ, ㅈ, ㅊ, ㅋ, ㅌ, ㅍ, ㅎ, , あ, か, さ, た, な, は, ま, や, ら, わ, #, ]
10-13 07:37:23.359    7395-7395/? I/ADSPD﹕ DSP daemon started (version 960f73f)
10-13 07:37:23.489    7395-7395/? E/ADSPD﹕ Timeout on select()
10-13 07:37:23.489    7395-7395/? E/ADSPD﹕ NO ACK received after loading firmware
10-13 07:37:23.489    7395-7395/? E/ADSPD﹕ Failed to initialize DSP
10-13 07:37:24.450    2944-2944/? E/GmsClient﹕ Calling connect() while still connected, missing disconnect().
10-13 07:37:24.480    2048-2048/? E/GmsClient﹕ Calling connect() while still connected, missing disconnect().
10-13 07:37:24.490    2774-2774/? E/GmsClient﹕ Calling connect() while still connected, missing disconnect().
10-13 07:37:24.490    2141-2141/? E/GmsClient﹕ Calling connect() while still connected, missing disconnect().
10-13 07:37:24.520    2944-2944/? E/GmsClient﹕ Calling connect() while still connected, missing disconnect().
10-13 07:37:24.530    2774-2774/? E/GmsClient﹕ Calling connect() while still connected, missing disconnect().
10-13 07:37:24.530    2141-2141/? E/GmsClient﹕ Calling connect() while still connected, missing disconnect().
10-13 07:37:24.540    2774-2774/? E/GmsClient﹕ Calling connect() while still connected, missing disconnect().
10-13 07:37:24.550    2944-2944/? E/GmsClient﹕ Calling connect() while still connected, missing disconnect().
10-13 07:37:24.570    2774-2774/? E/GmsClient﹕ Calling connect() while still connected, missing disconnect().
10-13 07:37:24.570    2944-2944/? E/GmsClient﹕ Calling connect() while still connected, missing disconnect().
10-13 07:37:24.600    2774-2774/? E/GmsClient﹕ Calling connect() while still connected, missing disconnect().
10-13 07:37:24.610    2944-2944/? E/GmsClient﹕ Calling connect() while still connected, missing disconnect().
10-13 07:37:24.620    2944-2944/? E/GmsClient﹕ Calling connect() while still connected, missing disconnect().
10-13 07:37:24.620    2774-2774/? E/GmsClient﹕ Calling connect() while still connected, missing disconnect().
10-13 07:37:24.640    2774-2774/? E/GmsClient﹕ Calling connect() while still connected, missing disconnect().
10-13 07:37:24.650    2774-2774/? E/GmsClient﹕ Calling connect() while still connected, missing disconnect().
10-13 07:37:24.660    7396-7396/? I/MultiDex﹕ VM with version 1.6.0 does not have multidex support
10-13 07:37:24.660    7396-7396/? I/MultiDex﹕ install
10-13 07:37:24.670    7396-7396/? I/MultiDex﹕ MultiDexExtractor.load(/data/app/com.google.android.gms-1.apk, false)
10-13 07:37:24.690    7396-7396/? I/MultiDex﹕ Detected that extraction must be performed.
10-13 07:37:24.810    7396-7396/? I/MultiDex﹕ Extraction is needed for file /data/data/com.google.android.gms/code_cache/secondary-dexes/com.google.android.gms-1.apk.classes2.zip
10-13 07:37:24.810    7396-7396/? I/MultiDex﹕ Extracting /data/data/com.google.android.gms/code_cache/secondary-dexes/com.google.android.gms-1.apk.classes1942766436.zip
10-13 07:37:24.810    7396-7398/? D/dalvikvm﹕ GC_CONCURRENT freed 209K, 17% free 2119K/2536K, paused 3ms+16ms, total 47ms
10-13 07:37:26.602    7381-7381/? I/MultiDex﹕ Renaming to /data/data/com.google.android.gms/code_cache/secondary-dexes/com.google.android.gms-1.apk.classes2.zip
10-13 07:37:26.612    7381-7381/? I/MultiDex﹕ Extraction success - length /data/data/com.google.android.gms/code_cache/secondary-dexes/com.google.android.gms-1.apk.classes2.zip: 1950573
10-13 07:37:26.622    7381-7381/? I/MultiDex﹕ load found 1 secondary dex files
10-13 07:37:27.012    7381-7381/? D/dalvikvm﹕ DexOpt: --- BEGIN 'com.google.android.gms-1.apk.classes2.zip' (bootstrap=0) ---
10-13 07:37:27.523    7411-7411/? I/ADSPD﹕ DSP daemon started (version 960f73f)
10-13 07:37:27.633    7411-7411/? E/ADSPD﹕ Timeout on select()
10-13 07:37:27.633    7411-7411/? E/ADSPD﹕ NO ACK received after loading firmware
10-13 07:37:27.633    7411-7411/? E/ADSPD﹕ Failed to initialize DSP
10-13 07:37:27.743    2030-2067/? E/bt-btm﹕ btm_sec_disconnected - Clearing Pending flag
10-13 07:37:30.876    7396-7396/? I/MultiDex﹕ Renaming to /data/data/com.google.android.gms/code_cache/secondary-dexes/com.google.android.gms-1.apk.classes2.zip
10-13 07:37:30.886    7396-7396/? I/MultiDex﹕ Extraction success - length /data/data/com.google.android.gms/code_cache/secondary-dexes/com.google.android.gms-1.apk.classes2.zip: 1950573
10-13 07:37:30.896    7396-7396/? I/MultiDex﹕ load found 1 secondary dex files
10-13 07:37:30.906    7396-7396/? D/dalvikvm﹕ DexOpt: sleeping on flock(/data/data/com.google.android.gms/code_cache/secondary-dexes/com.google.android.gms-1.apk.classes2.dex)
10-13 07:37:32.207    7410-7410/? D/dalvikvm﹕ DexOpt: load 730ms, verify+opt 3822ms, 3590588 bytes
10-13 07:37:32.407    7381-7381/? D/dalvikvm﹕ DexOpt: --- END 'com.google.android.gms-1.apk.classes2.zip' (success) ---
10-13 07:37:32.407    7381-7381/? D/dalvikvm﹕ DEX prep '/data/data/com.google.android.gms/code_cache/secondary-dexes/com.google.android.gms-1.apk.classes2.zip': unzip in 378ms, rewrite 5390ms
10-13 07:37:32.407    7381-7381/? I/MultiDex﹕ install done
10-13 07:37:32.407    7396-7396/? I/MultiDex﹕ install done
10-13 07:37:32.527    7416-7416/? I/GservicesProvider﹕ Gservices pushing to system: true; secure/global: true
10-13 07:37:32.628    7416-7419/? D/dalvikvm﹕ GC_CONCURRENT freed 195K, 17% free 2044K/2440K, paused 9ms+1ms, total 40ms
10-13 07:37:32.678    7429-7429/? I/ADSPD﹕ DSP daemon started (version 960f73f)
10-13 07:37:32.698    7381-7381/? I/ProviderInstaller﹕ Insert disabled by gate 'gms:security:enable_conscrypt_in_gms_application'
10-13 07:37:32.718    7396-7396/? I/ProviderInstaller﹕ Insert disabled by gate 'gms:security:enable_conscrypt_in_gms_application'
10-13 07:37:32.718    7381-7381/? I/ConfigFetchService﹕ PackageReceiver: Intent { act=android.intent.action.PACKAGE_REMOVED dat=package:com.google.android.gms flg=0x4000010 cmp=com.google.android.gms/.config.ConfigFetchService$PackageReceiver (has extras) }
10-13 07:37:32.778    7416-7416/? I/MultiDex﹕ VM with version 1.6.0 does not have multidex support
10-13 07:37:32.778    7416-7416/? I/MultiDex﹕ install
10-13 07:37:32.788    7429-7429/? E/ADSPD﹕ Timeout on select()
10-13 07:37:32.788    7429-7429/? E/ADSPD﹕ NO ACK received after loading firmware
10-13 07:37:32.788    7429-7429/? E/ADSPD﹕ Failed to initialize DSP
10-13 07:37:32.798    7416-7416/? I/MultiDex﹕ MultiDexExtractor.load(/data/app/com.google.android.gms-1.apk, false)
10-13 07:37:32.818    7381-7381/? I/ConfigFetchService﹕ onStartCommand Intent { act=android.intent.action.PACKAGE_REMOVED dat=package:com.google.android.gms cmp=com.google.android.gms/.config.ConfigFetchService (has extras) }
10-13 07:37:32.858    7416-7416/? I/MultiDex﹕ loading existing secondary dex files
10-13 07:37:32.868    7416-7416/? I/MultiDex﹕ load found 1 secondary dex files
10-13 07:37:32.868    7416-7416/? I/MultiDex﹕ install done
10-13 07:37:32.898    7416-7416/? I/ProviderInstaller﹕ Insert disabled by gate 'gms:security:enable_conscrypt_in_gms_application'
10-13 07:37:32.898    7416-7416/? I/ConfigService﹕ onCreate
10-13 07:37:32.908    7416-7416/? I/ConfigService﹕ onBind for Intent { act=com.google.android.gms.config.UPDATE pkg=com.google.android.gms } action com.google.android.gms.config.UPDATE
10-13 07:37:33.008    7416-7416/? I/ConfigService﹕ onBind returning update interface
10-13 07:37:33.008    7416-7416/? I/ConfigService﹕ onBind for Intent { act=com.google.android.gms.config.START pkg=com.google.android.gms } action com.google.android.gms.config.START
10-13 07:37:33.008    7416-7416/? I/ConfigService﹕ onBind returning config service
10-13 07:37:33.008    7416-7416/? D/GCM﹕ COMPAT: Multi user not supported
10-13 07:37:33.068    7396-7398/? D/dalvikvm﹕ GC_CONCURRENT freed 341K, 20% free 2245K/2788K, paused 6ms+19ms, total 77ms
10-13 07:37:33.118    7396-7442/? D/DataItems﹕ onUpgrade: 6, 7
10-13 07:37:33.118    7396-7442/? D/DataItems﹕ upgradeFrom6
10-13 07:37:33.118    7396-7442/? D/DataItems﹕ create the new tables and views
10-13 07:37:33.208    7396-7442/? D/DataItems﹕ process the app keys
10-13 07:37:33.228    7396-7442/? D/DataItems﹕ AppKey[com.doubleencore.sample.wear.ongoingnotification,3af908d01af0fe49dd11da53f15f64a660b06e67]
10-13 07:37:33.228    7396-7442/? D/DataItems﹕ AppKey[com.google.android.GoogleCamera,38918a453d07199354f8b19af05ec6562ced5788]
10-13 07:37:33.228    7396-7442/? D/DataItems﹕ AppKey[com.google.android.apps.maps,38918a453d07199354f8b19af05ec6562ced5788]
10-13 07:37:33.228    7396-7442/? D/DataItems﹕ AppKey[com.google.android.deskclock,a197f9212f2fed64f0ff9c2a4edf24b9c8801c8c]
10-13 07:37:33.248    7396-7442/? D/DataItems﹕ AppKey[com.google.android.wearable.app,a197f9212f2fed64f0ff9c2a4edf24b9c8801c8c]
10-13 07:37:33.248    7396-7442/? D/DataItems﹕ AppKey[com.motorola.targetnotif,d670d099a3a6e657ba839dce0746fe1a31f4547e]
10-13 07:37:33.248    7396-7442/? D/DataItems﹕ AppKey[com.trello,b2f6d2219c12efb01b76e87f87a9b94286ba2cc9]
10-13 07:37:33.248    7396-7442/? D/DataItems﹕ AppKey[org.dwallach.calwatch,3af908d01af0fe49dd11da53f15f64a660b06e67]
10-13 07:37:33.248    7396-7442/? D/DataItems﹕ read the old assets and save any found
