10-30 04:00:00.748    1751-1771/? W/ActivityManager﹕ Activity pause timeout for ActivityRecord{adf26f88 u0 com.motorola.targetnotif/com.motorola.loop.ChargeActivity t10}
10-30 04:01:00.135    1751-1762/? I/ActivityManager﹕ START u0 {act=android.intent.action.MAIN cat=[android.intent.category.DESK_DOCK] flg=0x10000000 cmp=com.motorola.targetnotif/com.motorola.loop.ChargeActivity (has extras)} from pid 1869 on display 0
10-30 04:01:00.655    1751-1771/? W/ActivityManager﹕ Activity pause timeout for ActivityRecord{adf26f88 u0 com.motorola.targetnotif/com.motorola.loop.ChargeActivity t10}
10-30 04:02:01.075    1751-2279/? I/ActivityManager﹕ START u0 {act=android.intent.action.MAIN cat=[android.intent.category.DESK_DOCK] flg=0x10000000 cmp=com.motorola.targetnotif/com.motorola.loop.ChargeActivity (has extras)} from pid 1869 on display 0
10-30 04:02:01.585    1751-1771/? W/ActivityManager﹕ Activity pause timeout for ActivityRecord{adf26f88 u0 com.motorola.targetnotif/com.motorola.loop.ChargeActivity t10}
10-30 04:03:00.654    1751-2313/? I/ActivityManager﹕ START u0 {act=android.intent.action.MAIN cat=[android.intent.category.DESK_DOCK] flg=0x10000000 cmp=com.motorola.targetnotif/com.motorola.loop.ChargeActivity (has extras)} from pid 1869 on display 0
10-30 04:03:00.704    1751-1762/? I/ActivityManager﹕ Delay finish: com.google.android.gms/.fitness.wearables.WearableSyncServiceReceiver
10-30 04:03:00.744    1751-5368/? I/ActivityManager﹕ Resuming delayed broadcast
10-30 04:03:00.754    1751-1795/? D/ConnectivityService﹕ Sampling interval elapsed, updating statistics ..
10-30 04:03:00.764    1751-1795/? D/ConnectivityService﹕ Done.
10-30 04:03:00.764    1751-1795/? D/ConnectivityService﹕ Setting timer for 720seconds
10-30 04:03:01.655    1751-1777/? I/DisplayManagerService﹕ Display device changed: DisplayDeviceInfo{"ActivityViewVirtualDisplay": 320 x 320, 60.0 fps, density 213, 213.0 x 213.0 dpi, touch NONE, rotation 0, type VIRTUAL, state ON, owner android (uid 1000), FLAG_OWN_CONTENT_ONLY}
10-30 04:03:01.655    1751-1751/? V/ActivityManager﹕ Display changed displayId=3
10-30 04:03:02.176    1751-1777/? I/DisplayManagerService﹕ Display device changed: DisplayDeviceInfo{"ActivityViewVirtualDisplay": 320 x 320, 60.0 fps, density 213, 213.0 x 213.0 dpi, touch NONE, rotation 0, type VIRTUAL, state OFF, owner android (uid 1000), FLAG_OWN_CONTENT_ONLY}
10-30 04:03:02.196    1751-1751/? V/ActivityManager﹕ Display changed displayId=3
10-30 04:04:01.675    1751-2279/? I/ActivityManager﹕ START u0 {act=android.intent.action.MAIN cat=[android.intent.category.DESK_DOCK] flg=0x10000000 cmp=com.motorola.targetnotif/com.motorola.loop.ChargeActivity (has extras)} from pid 1869 on display 0
10-30 04:05:00.455    1751-1777/? I/DisplayManagerService﹕ Display device changed: DisplayDeviceInfo{"ActivityViewVirtualDisplay": 320 x 320, 60.0 fps, density 213, 213.0 x 213.0 dpi, touch NONE, rotation 0, type VIRTUAL, state ON, owner android (uid 1000), FLAG_OWN_CONTENT_ONLY}
10-30 04:05:00.455    1751-1751/? V/ActivityManager﹕ Display changed displayId=3
10-30 04:05:00.555    1751-2313/? I/ActivityManager﹕ START u0 {act=android.intent.action.MAIN cat=[android.intent.category.DESK_DOCK] flg=0x10000000 cmp=com.motorola.targetnotif/com.motorola.loop.ChargeActivity (has extras)} from pid 1869 on display 0
10-30 04:05:00.615    1751-1777/? I/DisplayManagerService﹕ Display device changed: DisplayDeviceInfo{"ActivityViewVirtualDisplay": 320 x 320, 60.0 fps, density 213, 213.0 x 213.0 dpi, touch NONE, rotation 0, type VIRTUAL, state OFF, owner android (uid 1000), FLAG_OWN_CONTENT_ONLY}
10-30 04:05:00.615    1751-1751/? V/ActivityManager﹕ Display changed displayId=3
10-30 04:06:00.854    1751-1917/? I/ActivityManager﹕ START u0 {act=android.intent.action.MAIN cat=[android.intent.category.DESK_DOCK] flg=0x10000000 cmp=com.motorola.targetnotif/com.motorola.loop.ChargeActivity (has extras)} from pid 1869 on display 0
10-30 04:07:00.654    1751-5368/? I/ActivityManager﹕ START u0 {act=android.intent.action.MAIN cat=[android.intent.category.DESK_DOCK] flg=0x10000000 cmp=com.motorola.targetnotif/com.motorola.loop.ChargeActivity (has extras)} from pid 1869 on display 0
10-30 04:08:00.904    1751-1930/? I/ActivityManager﹕ START u0 {act=android.intent.action.MAIN cat=[android.intent.category.DESK_DOCK] flg=0x10000000 cmp=com.motorola.targetnotif/com.motorola.loop.ChargeActivity (has extras)} from pid 1869 on display 0
10-30 04:09:00.115    1751-2279/? I/ActivityManager﹕ START u0 {act=android.intent.action.MAIN cat=[android.intent.category.DESK_DOCK] flg=0x10000000 cmp=com.motorola.targetnotif/com.motorola.loop.ChargeActivity (has extras)} from pid 1869 on display 0
10-30 04:10:00.215    1751-2313/? I/ActivityManager﹕ START u0 {act=android.intent.action.MAIN cat=[android.intent.category.DESK_DOCK] flg=0x10000000 cmp=com.motorola.targetnotif/com.motorola.loop.ChargeActivity (has extras)} from pid 1869 on display 0
10-30 04:11:00.115    1751-2313/? I/ActivityManager﹕ START u0 {act=android.intent.action.MAIN cat=[android.intent.category.DESK_DOCK] flg=0x10000000 cmp=com.motorola.targetnotif/com.motorola.loop.ChargeActivity (has extras)} from pid 1869 on display 0
10-30 04:12:00.864    1751-1930/? I/ActivityManager﹕ START u0 {act=android.intent.action.MAIN cat=[android.intent.category.DESK_DOCK] flg=0x10000000 cmp=com.motorola.targetnotif/com.motorola.loop.ChargeActivity (has extras)} from pid 1869 on display 0
10-30 04:13:00.753    1751-1917/? I/ActivityManager﹕ START u0 {act=android.intent.action.MAIN cat=[android.intent.category.DESK_DOCK] flg=0x10000000 cmp=com.motorola.targetnotif/com.motorola.loop.ChargeActivity (has extras)} from pid 1869 on display 0
10-30 04:13:01.273    1751-1771/? W/ActivityManager﹕ Activity pause timeout for ActivityRecord{adf26f88 u0 com.motorola.targetnotif/com.motorola.loop.ChargeActivity t10}
10-30 04:14:00.791    1751-1897/? I/ActivityManager﹕ START u0 {act=android.intent.action.MAIN cat=[android.intent.category.DESK_DOCK] flg=0x10000000 cmp=com.motorola.targetnotif/com.motorola.loop.ChargeActivity (has extras)} from pid 1869 on display 0
10-30 04:14:01.322    1751-1771/? W/ActivityManager﹕ Activity pause timeout for ActivityRecord{adf26f88 u0 com.motorola.targetnotif/com.motorola.loop.ChargeActivity t10}
10-30 04:14:02.803    1751-1777/? I/DisplayManagerService﹕ Display device changed: DisplayDeviceInfo{"ActivityViewVirtualDisplay": 320 x 320, 60.0 fps, density 213, 213.0 x 213.0 dpi, touch NONE, rotation 0, type VIRTUAL, state ON, owner android (uid 1000), FLAG_OWN_CONTENT_ONLY}
10-30 04:14:02.803    1751-1751/? V/ActivityManager﹕ Display changed displayId=3
10-30 04:14:03.014    1751-1777/? I/DisplayManagerService﹕ Display device changed: DisplayDeviceInfo{"ActivityViewVirtualDisplay": 320 x 320, 60.0 fps, density 213, 213.0 x 213.0 dpi, touch NONE, rotation 0, type VIRTUAL, state OFF, owner android (uid 1000), FLAG_OWN_CONTENT_ONLY}
10-30 04:14:03.034    1751-1751/? V/ActivityManager﹕ Display changed displayId=3
10-30 04:15:00.119    1751-1801/? I/ActivityManager﹕ Delay finish: com.google.android.gms/.checkin.EventLogService$Receiver
10-30 04:15:00.470    1751-1897/? I/ActivityManager﹕ Resuming delayed broadcast
10-30 04:15:01.020    1751-1761/? I/ActivityManager﹕ START u0 {act=android.intent.action.MAIN cat=[android.intent.category.DESK_DOCK] flg=0x10000000 cmp=com.motorola.targetnotif/com.motorola.loop.ChargeActivity (has extras)} from pid 1869 on display 0
10-30 04:15:01.080    1751-1795/? D/ConnectivityService﹕ Sampling interval elapsed, updating statistics ..
10-30 04:15:01.090    1751-1795/? D/ConnectivityService﹕ Done.
10-30 04:15:01.090    1751-1795/? D/ConnectivityService﹕ Setting timer for 720seconds
10-30 04:15:01.551    1751-1771/? W/ActivityManager﹕ Activity pause timeout for ActivityRecord{adf26f88 u0 com.motorola.targetnotif/com.motorola.loop.ChargeActivity t10}
10-30 04:16:00.118    1751-1917/? I/ActivityManager﹕ Delay finish: com.google.android.gms/.fitness.wearables.WearableSyncServiceReceiver
10-30 04:16:00.148    1751-1897/? I/ActivityManager﹕ Resuming delayed broadcast
10-30 04:16:00.338    1751-1897/? I/ActivityManager﹕ START u0 {act=android.intent.action.MAIN cat=[android.intent.category.DESK_DOCK] flg=0x10000000 cmp=com.motorola.targetnotif/com.motorola.loop.ChargeActivity (has extras)} from pid 1869 on display 0
10-30 04:16:00.869    1751-1771/? W/ActivityManager﹕ Activity pause timeout for ActivityRecord{adf26f88 u0 com.motorola.targetnotif/com.motorola.loop.ChargeActivity t10}
10-30 04:17:01.036    1751-2279/? I/ActivityManager﹕ START u0 {act=android.intent.action.MAIN cat=[android.intent.category.DESK_DOCK] flg=0x10000000 cmp=com.motorola.targetnotif/com.motorola.loop.ChargeActivity (has extras)} from pid 1869 on display 0
10-30 04:18:00.565    1751-1777/? I/DisplayManagerService﹕ Display device changed: DisplayDeviceInfo{"ActivityViewVirtualDisplay": 320 x 320, 60.0 fps, density 213, 213.0 x 213.0 dpi, touch NONE, rotation 0, type VIRTUAL, state ON, owner android (uid 1000), FLAG_OWN_CONTENT_ONLY}
10-30 04:18:00.565    1751-1751/? V/ActivityManager﹕ Display changed displayId=3
10-30 04:18:00.655    1751-2279/? I/ActivityManager﹕ START u0 {act=android.intent.action.MAIN cat=[android.intent.category.DESK_DOCK] flg=0x10000000 cmp=com.motorola.targetnotif/com.motorola.loop.ChargeActivity (has extras)} from pid 1869 on display 0
10-30 04:18:02.006    1751-1777/? I/DisplayManagerService﹕ Display device changed: DisplayDeviceInfo{"ActivityViewVirtualDisplay": 320 x 320, 60.0 fps, density 213, 213.0 x 213.0 dpi, touch NONE, rotation 0, type VIRTUAL, state OFF, owner android (uid 1000), FLAG_OWN_CONTENT_ONLY}
10-30 04:18:02.006    1751-1751/? V/ActivityManager﹕ Display changed displayId=3
10-30 04:19:01.525    1751-1801/? I/ActivityManager﹕ START u0 {act=android.intent.action.MAIN cat=[android.intent.category.DESK_DOCK] flg=0x10000000 cmp=com.motorola.targetnotif/com.motorola.loop.ChargeActivity (has extras)} from pid 1869 on display 0
10-30 04:19:01.685    1751-1777/? I/DisplayManagerService﹕ Display device changed: DisplayDeviceInfo{"ActivityViewVirtualDisplay": 320 x 320, 60.0 fps, density 213, 213.0 x 213.0 dpi, touch NONE, rotation 0, type VIRTUAL, state ON, owner android (uid 1000), FLAG_OWN_CONTENT_ONLY}
10-30 04:19:01.685    1751-1751/? V/ActivityManager﹕ Display changed displayId=3
10-30 04:19:08.744    1751-1777/? I/DisplayManagerService﹕ Display device changed: DisplayDeviceInfo{"ActivityViewVirtualDisplay": 320 x 320, 60.0 fps, density 213, 213.0 x 213.0 dpi, touch NONE, rotation 0, type VIRTUAL, state OFF, owner android (uid 1000), FLAG_OWN_CONTENT_ONLY}
10-30 04:19:08.754    1751-1751/? V/ActivityManager﹕ Display changed displayId=3
10-30 04:20:00.854    1751-1897/? I/ActivityManager﹕ START u0 {act=android.intent.action.MAIN cat=[android.intent.category.DESK_DOCK] flg=0x10000000 cmp=com.motorola.targetnotif/com.motorola.loop.ChargeActivity (has extras)} from pid 1869 on display 0
10-30 04:21:00.115    1751-1897/? I/ActivityManager﹕ START u0 {act=android.intent.action.MAIN cat=[android.intent.category.DESK_DOCK] flg=0x10000000 cmp=com.motorola.targetnotif/com.motorola.loop.ChargeActivity (has extras)} from pid 1869 on display 0
10-30 04:22:00.864    1751-1762/? I/ActivityManager﹕ START u0 {act=android.intent.action.MAIN cat=[android.intent.category.DESK_DOCK] flg=0x10000000 cmp=com.motorola.targetnotif/com.motorola.loop.ChargeActivity (has extras)} from pid 1869 on display 0
10-30 04:23:00.654    1751-1801/? I/ActivityManager﹕ START u0 {act=android.intent.action.MAIN cat=[android.intent.category.DESK_DOCK] flg=0x10000000 cmp=com.motorola.targetnotif/com.motorola.loop.ChargeActivity (has extras)} from pid 1869 on display 0
10-30 04:24:00.854    1751-1930/? I/ActivityManager﹕ START u0 {act=android.intent.action.MAIN cat=[android.intent.category.DESK_DOCK] flg=0x10000000 cmp=com.motorola.targetnotif/com.motorola.loop.ChargeActivity (has extras)} from pid 1869 on display 0
10-30 04:25:00.115    1751-1917/? I/ActivityManager﹕ START u0 {act=android.intent.action.MAIN cat=[android.intent.category.DESK_DOCK] flg=0x10000000 cmp=com.motorola.targetnotif/com.motorola.loop.ChargeActivity (has extras)} from pid 1869 on display 0
10-30 04:26:00.854    1751-1897/? I/ActivityManager﹕ START u0 {act=android.intent.action.MAIN cat=[android.intent.category.DESK_DOCK] flg=0x10000000 cmp=com.motorola.targetnotif/com.motorola.loop.ChargeActivity (has extras)} from pid 1869 on display 0
10-30 04:27:00.125    1751-1917/? I/ActivityManager﹕ START u0 {act=android.intent.action.MAIN cat=[android.intent.category.DESK_DOCK] flg=0x10000000 cmp=com.motorola.targetnotif/com.motorola.loop.ChargeActivity (has extras)} from pid 1869 on display 0
10-30 04:28:00.904    1751-1762/? I/ActivityManager﹕ START u0 {act=android.intent.action.MAIN cat=[android.intent.category.DESK_DOCK] flg=0x10000000 cmp=com.motorola.targetnotif/com.motorola.loop.ChargeActivity (has extras)} from pid 1869 on display 0
10-30 04:29:01.053    1751-1917/? I/ActivityManager﹕ START u0 {act=android.intent.action.MAIN cat=[android.intent.category.DESK_DOCK] flg=0x10000000 cmp=com.motorola.targetnotif/com.motorola.loop.ChargeActivity (has extras)} from pid 1869 on display 0
10-30 04:29:02.174    1751-1777/? I/DisplayManagerService﹕ Display device changed: DisplayDeviceInfo{"ActivityViewVirtualDisplay": 320 x 320, 60.0 fps, density 213, 213.0 x 213.0 dpi, touch NONE, rotation 0, type VIRTUAL, state ON, owner android (uid 1000), FLAG_OWN_CONTENT_ONLY}
10-30 04:29:02.174    1751-1751/? V/ActivityManager﹕ Display changed displayId=3
10-30 04:29:02.404    1751-1777/? I/DisplayManagerService﹕ Display device changed: DisplayDeviceInfo{"ActivityViewVirtualDisplay": 320 x 320, 60.0 fps, density 213, 213.0 x 213.0 dpi, touch NONE, rotation 0, type VIRTUAL, state OFF, owner android (uid 1000), FLAG_OWN_CONTENT_ONLY}
10-30 04:29:02.414    1751-1751/? V/ActivityManager﹕ Display changed displayId=3
10-30 04:29:02.485    1751-1795/? D/ConnectivityService﹕ Sampling interval elapsed, updating statistics ..
10-30 04:29:02.515    1751-1795/? D/ConnectivityService﹕ Done.
10-30 04:29:02.515    1751-1795/? D/ConnectivityService﹕ Setting timer for 720seconds
10-30 04:30:00.211    1751-1897/? I/ActivityManager﹕ START u0 {act=android.intent.action.MAIN cat=[android.intent.category.DESK_DOCK] flg=0x10000000 cmp=com.motorola.targetnotif/com.motorola.loop.ChargeActivity (has extras)} from pid 1869 on display 0
10-30 04:30:01.352    1751-1777/? I/DisplayManagerService﹕ Display device changed: DisplayDeviceInfo{"ActivityViewVirtualDisplay": 320 x 320, 60.0 fps, density 213, 213.0 x 213.0 dpi, touch NONE, rotation 0, type VIRTUAL, state ON, owner android (uid 1000), FLAG_OWN_CONTENT_ONLY}
10-30 04:30:01.352    1751-1751/? V/ActivityManager﹕ Display changed displayId=3
10-30 04:30:01.572    1751-1777/? I/DisplayManagerService﹕ Display device changed: DisplayDeviceInfo{"ActivityViewVirtualDisplay": 320 x 320, 60.0 fps, density 213, 213.0 x 213.0 dpi, touch NONE, rotation 0, type VIRTUAL, state OFF, owner android (uid 1000), FLAG_OWN_CONTENT_ONLY}
10-30 04:30:01.582    1751-1751/? V/ActivityManager﹕ Display changed displayId=3
10-30 04:31:00.109    1751-2313/? I/ActivityManager﹕ Delay finish: com.google.android.gms/.fitness.wearables.WearableSyncServiceReceiver
10-30 04:31:00.129    1751-2279/? I/ActivityManager﹕ Resuming delayed broadcast
10-30 04:31:00.320    1751-1917/? I/ActivityManager﹕ START u0 {act=android.intent.action.MAIN cat=[android.intent.category.DESK_DOCK] flg=0x10000000 cmp=com.motorola.targetnotif/com.motorola.loop.ChargeActivity (has extras)} from pid 1869 on display 0
10-30 04:31:00.850    1751-1771/? W/ActivityManager﹕ Activity pause timeout for ActivityRecord{adf26f88 u0 com.motorola.targetnotif/com.motorola.loop.ChargeActivity t10}
10-30 04:31:01.641    1751-1777/? I/DisplayManagerService﹕ Display device changed: DisplayDeviceInfo{"ActivityViewVirtualDisplay": 320 x 320, 60.0 fps, density 213, 213.0 x 213.0 dpi, touch NONE, rotation 0, type VIRTUAL, state ON, owner android (uid 1000), FLAG_OWN_CONTENT_ONLY}
10-30 04:31:01.651    1751-1751/? V/ActivityManager﹕ Display changed displayId=3
10-30 04:31:02.311    1751-1777/? I/DisplayManagerService﹕ Display device changed: DisplayDeviceInfo{"ActivityViewVirtualDisplay": 320 x 320, 60.0 fps, density 213, 213.0 x 213.0 dpi, touch NONE, rotation 0, type VIRTUAL, state OFF, owner android (uid 1000), FLAG_OWN_CONTENT_ONLY}
10-30 04:31:02.331    1751-1751/? V/ActivityManager﹕ Display changed displayId=3
10-30 04:32:00.218    1751-5368/? I/ActivityManager﹕ START u0 {act=android.intent.action.MAIN cat=[android.intent.category.DESK_DOCK] flg=0x10000000 cmp=com.motorola.targetnotif/com.motorola.loop.ChargeActivity (has extras)} from pid 1869 on display 0
10-30 04:32:00.738    1751-1771/? W/ActivityManager﹕ Activity pause timeout for ActivityRecord{adf26f88 u0 com.motorola.targetnotif/com.motorola.loop.ChargeActivity t10}
10-30 04:33:00.125    1751-5368/? I/ActivityManager﹕ START u0 {act=android.intent.action.MAIN cat=[android.intent.category.DESK_DOCK] flg=0x10000000 cmp=com.motorola.targetnotif/com.motorola.loop.ChargeActivity (has extras)} from pid 1869 on display 0
10-30 04:33:00.235    1751-1777/? I/DisplayManagerService﹕ Display device changed: DisplayDeviceInfo{"ActivityViewVirtualDisplay": 320 x 320, 60.0 fps, density 213, 213.0 x 213.0 dpi, touch NONE, rotation 0, type VIRTUAL, state ON, owner android (uid 1000), FLAG_OWN_CONTENT_ONLY}
10-30 04:33:00.235    1751-1751/? V/ActivityManager﹕ Display changed displayId=3
10-30 04:34:00.804    1751-1777/? I/DisplayManagerService﹕ Display device changed: DisplayDeviceInfo{"ActivityViewVirtualDisplay": 320 x 320, 60.0 fps, density 213, 213.0 x 213.0 dpi, touch NONE, rotation 0, type VIRTUAL, state OFF, owner android (uid 1000), FLAG_OWN_CONTENT_ONLY}
10-30 04:34:00.804    1751-1751/? V/ActivityManager﹕ Display changed displayId=3
10-30 04:34:01.145    1751-1917/? I/ActivityManager﹕ START u0 {act=android.intent.action.MAIN cat=[android.intent.category.DESK_DOCK] flg=0x10000000 cmp=com.motorola.targetnotif/com.motorola.loop.ChargeActivity (has extras)} from pid 1869 on display 0
10-30 04:35:00.704    1751-5368/? I/ActivityManager﹕ START u0 {act=android.intent.action.MAIN cat=[android.intent.category.DESK_DOCK] flg=0x10000000 cmp=com.motorola.targetnotif/com.motorola.loop.ChargeActivity (has extras)} from pid 1869 on display 0
10-30 04:36:00.215    1751-2279/? I/ActivityManager﹕ START u0 {act=android.intent.action.MAIN cat=[android.intent.category.DESK_DOCK] flg=0x10000000 cmp=com.motorola.targetnotif/com.motorola.loop.ChargeActivity (has extras)} from pid 1869 on display 0
10-30 04:37:00.125    1751-2279/? I/ActivityManager﹕ START u0 {act=android.intent.action.MAIN cat=[android.intent.category.DESK_DOCK] flg=0x10000000 cmp=com.motorola.targetnotif/com.motorola.loop.ChargeActivity (has extras)} from pid 1869 on display 0
10-30 04:38:00.884    1751-2313/? I/ActivityManager﹕ START u0 {act=android.intent.action.MAIN cat=[android.intent.category.DESK_DOCK] flg=0x10000000 cmp=com.motorola.targetnotif/com.motorola.loop.ChargeActivity (has extras)} from pid 1869 on display 0
10-30 04:39:00.664    1751-1897/? I/ActivityManager﹕ START u0 {act=android.intent.action.MAIN cat=[android.intent.category.DESK_DOCK] flg=0x10000000 cmp=com.motorola.targetnotif/com.motorola.loop.ChargeActivity (has extras)} from pid 1869 on display 0
10-30 04:40:00.854    1751-2279/? I/ActivityManager﹕ START u0 {act=android.intent.action.MAIN cat=[android.intent.category.DESK_DOCK] flg=0x10000000 cmp=com.motorola.targetnotif/com.motorola.loop.ChargeActivity (has extras)} from pid 1869 on display 0
10-30 04:41:00.684    1751-2313/? I/ActivityManager﹕ START u0 {act=android.intent.action.MAIN cat=[android.intent.category.DESK_DOCK] flg=0x10000000 cmp=com.motorola.targetnotif/com.motorola.loop.ChargeActivity (has extras)} from pid 1869 on display 0
10-30 04:42:00.864    1751-1930/? I/ActivityManager﹕ START u0 {act=android.intent.action.MAIN cat=[android.intent.category.DESK_DOCK] flg=0x10000000 cmp=com.motorola.targetnotif/com.motorola.loop.ChargeActivity (has extras)} from pid 1869 on display 0
10-30 04:43:00.654    1751-1897/? I/ActivityManager﹕ START u0 {act=android.intent.action.MAIN cat=[android.intent.category.DESK_DOCK] flg=0x10000000 cmp=com.motorola.targetnotif/com.motorola.loop.ChargeActivity (has extras)} from pid 1869 on display 0
10-30 04:44:00.854    1751-1801/? I/ActivityManager﹕ START u0 {act=android.intent.action.MAIN cat=[android.intent.category.DESK_DOCK] flg=0x10000000 cmp=com.motorola.targetnotif/com.motorola.loop.ChargeActivity (has extras)} from pid 1869 on display 0
10-30 04:45:01.043    1751-2313/? I/ActivityManager﹕ START u0 {act=android.intent.action.MAIN cat=[android.intent.category.DESK_DOCK] flg=0x10000000 cmp=com.motorola.targetnotif/com.motorola.loop.ChargeActivity (has extras)} from pid 1869 on display 0
10-30 04:45:02.294    1751-1777/? I/DisplayManagerService﹕ Display device changed: DisplayDeviceInfo{"ActivityViewVirtualDisplay": 320 x 320, 60.0 fps, density 213, 213.0 x 213.0 dpi, touch NONE, rotation 0, type VIRTUAL, state ON, owner android (uid 1000), FLAG_OWN_CONTENT_ONLY}
10-30 04:45:02.294    1751-1751/? V/ActivityManager﹕ Display changed displayId=3
10-30 04:45:02.464    1751-1777/? I/DisplayManagerService﹕ Display device changed: DisplayDeviceInfo{"ActivityViewVirtualDisplay": 320 x 320, 60.0 fps, density 213, 213.0 x 213.0 dpi, touch NONE, rotation 0, type VIRTUAL, state OFF, owner android (uid 1000), FLAG_OWN_CONTENT_ONLY}
10-30 04:45:02.485    1751-1751/? V/ActivityManager﹕ Display changed displayId=3
10-30 04:45:02.575    1751-1795/? D/ConnectivityService﹕ Sampling interval elapsed, updating statistics ..
10-30 04:45:02.575    1751-1795/? D/ConnectivityService﹕ Done.
10-30 04:45:02.575    1751-1795/? D/ConnectivityService﹕ Setting timer for 720seconds
10-30 04:45:13.395    1751-1917/? I/ActivityManager﹕ Delay finish: com.google.android.gms/.fitness.wearables.WearableSyncServiceReceiver
10-30 04:45:13.435    1751-5368/? I/ActivityManager﹕ Resuming delayed broadcast
10-30 04:45:13.455    1751-2313/? I/ActivityManager﹕ Delay finish: com.google.android.gms/.checkin.EventLogService$Receiver
10-30 04:45:13.655    1751-1917/? I/ActivityManager﹕ Resuming delayed broadcast
10-30 04:46:01.052    1751-1762/? I/ActivityManager﹕ START u0 {act=android.intent.action.MAIN cat=[android.intent.category.DESK_DOCK] flg=0x10000000 cmp=com.motorola.targetnotif/com.motorola.loop.ChargeActivity (has extras)} from pid 1869 on display 0
10-30 04:46:02.253    1751-1777/? I/DisplayManagerService﹕ Display device changed: DisplayDeviceInfo{"ActivityViewVirtualDisplay": 320 x 320, 60.0 fps, density 213, 213.0 x 213.0 dpi, touch NONE, rotation 0, type VIRTUAL, state ON, owner android (uid 1000), FLAG_OWN_CONTENT_ONLY}
10-30 04:46:02.253    1751-1751/? V/ActivityManager﹕ Display changed displayId=3
10-30 04:46:02.923    1751-1777/? I/DisplayManagerService﹕ Display device changed: DisplayDeviceInfo{"ActivityViewVirtualDisplay": 320 x 320, 60.0 fps, density 213, 213.0 x 213.0 dpi, touch NONE, rotation 0, type VIRTUAL, state OFF, owner android (uid 1000), FLAG_OWN_CONTENT_ONLY}
10-30 04:46:02.933    1751-1751/? V/ActivityManager﹕ Display changed displayId=3
10-30 04:47:00.650    1751-2313/? I/ActivityManager﹕ START u0 {act=android.intent.action.MAIN cat=[android.intent.category.DESK_DOCK] flg=0x10000000 cmp=com.motorola.targetnotif/com.motorola.loop.ChargeActivity (has extras)} from pid 1869 on display 0
10-30 04:47:01.170    1751-1771/? W/ActivityManager﹕ Activity pause timeout for ActivityRecord{adf26f88 u0 com.motorola.targetnotif/com.motorola.loop.ChargeActivity t10}
10-30 04:47:01.931    1751-1777/? I/DisplayManagerService﹕ Display device changed: DisplayDeviceInfo{"ActivityViewVirtualDisplay": 320 x 320, 60.0 fps, density 213, 213.0 x 213.0 dpi, touch NONE, rotation 0, type VIRTUAL, state ON, owner android (uid 1000), FLAG_OWN_CONTENT_ONLY}
10-30 04:47:01.931    1751-1751/? V/ActivityManager﹕ Display changed displayId=3
10-30 04:47:02.191    1751-1777/? I/DisplayManagerService﹕ Display device changed: DisplayDeviceInfo{"ActivityViewVirtualDisplay": 320 x 320, 60.0 fps, density 213, 213.0 x 213.0 dpi, touch NONE, rotation 0, type VIRTUAL, state OFF, owner android (uid 1000), FLAG_OWN_CONTENT_ONLY}
10-30 04:47:02.211    1751-1751/? V/ActivityManager﹕ Display changed displayId=3
10-30 04:48:01.049    1751-1762/? I/ActivityManager﹕ START u0 {act=android.intent.action.MAIN cat=[android.intent.category.DESK_DOCK] flg=0x10000000 cmp=com.motorola.targetnotif/com.motorola.loop.ChargeActivity (has extras)} from pid 1869 on display 0
10-30 04:49:00.605    1751-1777/? I/DisplayManagerService﹕ Display device changed: DisplayDeviceInfo{"ActivityViewVirtualDisplay": 320 x 320, 60.0 fps, density 213, 213.0 x 213.0 dpi, touch NONE, rotation 0, type VIRTUAL, state ON, owner android (uid 1000), FLAG_OWN_CONTENT_ONLY}
10-30 04:49:00.605    1751-1751/? V/ActivityManager﹕ Display changed displayId=3
10-30 04:49:00.715    1751-1930/? I/ActivityManager﹕ START u0 {act=android.intent.action.MAIN cat=[android.intent.category.DESK_DOCK] flg=0x10000000 cmp=com.motorola.targetnotif/com.motorola.loop.ChargeActivity (has extras)} from pid 1869 on display 0
10-30 04:49:01.106    1751-1777/? I/DisplayManagerService﹕ Display device changed: DisplayDeviceInfo{"ActivityViewVirtualDisplay": 320 x 320, 60.0 fps, density 213, 213.0 x 213.0 dpi, touch NONE, rotation 0, type VIRTUAL, state OFF, owner android (uid 1000), FLAG_OWN_CONTENT_ONLY}
10-30 04:49:01.106    1751-1751/? V/ActivityManager﹕ Display changed displayId=3
10-30 04:50:00.975    1751-1801/? I/ActivityManager﹕ START u0 {act=android.intent.action.MAIN cat=[android.intent.category.DESK_DOCK] flg=0x10000000 cmp=com.motorola.targetnotif/com.motorola.loop.ChargeActivity (has extras)} from pid 1869 on display 0
10-30 04:51:00.674    1751-1897/? I/ActivityManager﹕ START u0 {act=android.intent.action.MAIN cat=[android.intent.category.DESK_DOCK] flg=0x10000000 cmp=com.motorola.targetnotif/com.motorola.loop.ChargeActivity (has extras)} from pid 1869 on display 0
10-30 04:52:00.864    1751-2279/? I/ActivityManager﹕ START u0 {act=android.intent.action.MAIN cat=[android.intent.category.DESK_DOCK] flg=0x10000000 cmp=com.motorola.targetnotif/com.motorola.loop.ChargeActivity (has extras)} from pid 1869 on display 0
10-30 04:53:00.654    1751-5368/? I/ActivityManager﹕ START u0 {act=android.intent.action.MAIN cat=[android.intent.category.DESK_DOCK] flg=0x10000000 cmp=com.motorola.targetnotif/com.motorola.loop.ChargeActivity (has extras)} from pid 1869 on display 0
10-30 04:54:00.874    1751-1801/? I/ActivityManager﹕ START u0 {act=android.intent.action.MAIN cat=[android.intent.category.DESK_DOCK] flg=0x10000000 cmp=com.motorola.targetnotif/com.motorola.loop.ChargeActivity (has extras)} from pid 1869 on display 0
10-30 04:55:00.115    1751-1917/? I/ActivityManager﹕ START u0 {act=android.intent.action.MAIN cat=[android.intent.category.DESK_DOCK] flg=0x10000000 cmp=com.motorola.targetnotif/com.motorola.loop.ChargeActivity (has extras)} from pid 1869 on display 0
10-30 04:56:00.864    1751-1801/? I/ActivityManager﹕ START u0 {act=android.intent.action.MAIN cat=[android.intent.category.DESK_DOCK] flg=0x10000000 cmp=com.motorola.targetnotif/com.motorola.loop.ChargeActivity (has extras)} from pid 1869 on display 0
10-30 04:57:00.654    1751-1761/? I/ActivityManager﹕ START u0 {act=android.intent.action.MAIN cat=[android.intent.category.DESK_DOCK] flg=0x10000000 cmp=com.motorola.targetnotif/com.motorola.loop.ChargeActivity (has extras)} from pid 1869 on display 0
10-30 04:58:00.864    1751-1930/? I/ActivityManager﹕ START u0 {act=android.intent.action.MAIN cat=[android.intent.category.DESK_DOCK] flg=0x10000000 cmp=com.motorola.targetnotif/com.motorola.loop.ChargeActivity (has extras)} from pid 1869 on display 0
10-30 04:59:00.654    1751-1897/? I/ActivityManager﹕ START u0 {act=android.intent.action.MAIN cat=[android.intent.category.DESK_DOCK] flg=0x10000000 cmp=com.motorola.targetnotif/com.motorola.loop.ChargeActivity (has extras)} from pid 1869 on display 0
10-30 05:00:00.644    1751-2313/? I/ActivityManager﹕ START u0 {act=android.intent.action.MAIN cat=[android.intent.category.DESK_DOCK] flg=0x10000000 cmp=com.motorola.targetnotif/com.motorola.loop.ChargeActivity (has extras)} from pid 1869 on display 0
10-30 05:00:13.327    1751-1795/? D/ConnectivityService﹕ Sampling interval elapsed, updating statistics ..
10-30 05:00:13.377    1751-1795/? D/ConnectivityService﹕ Done.
10-30 05:00:13.377    1751-1795/? D/ConnectivityService﹕ Setting timer for 720seconds
10-30 05:00:13.387    1751-1917/? I/ActivityManager﹕ Delay finish: com.google.android.gms/.fitness.wearables.WearableSyncServiceReceiver
10-30 05:00:13.437    1751-1761/? I/ActivityManager﹕ Resuming delayed broadcast
10-30 05:01:00.112    1751-1897/? I/ActivityManager﹕ START u0 {act=android.intent.action.MAIN cat=[android.intent.category.DESK_DOCK] flg=0x10000000 cmp=com.motorola.targetnotif/com.motorola.loop.ChargeActivity (has extras)} from pid 1869 on display 0
10-30 05:01:00.633    1751-1771/? W/ActivityManager﹕ Activity pause timeout for ActivityRecord{adf26f88 u0 com.motorola.targetnotif/com.motorola.loop.ChargeActivity t10}
10-30 05:01:02.174    1751-1777/? I/DisplayManagerService﹕ Display device changed: DisplayDeviceInfo{"ActivityViewVirtualDisplay": 320 x 320, 60.0 fps, density 213, 213.0 x 213.0 dpi, touch NONE, rotation 0, type VIRTUAL, state ON, owner android (uid 1000), FLAG_OWN_CONTENT_ONLY}
10-30 05:01:02.174    1751-1751/? V/ActivityManager﹕ Display changed displayId=3
10-30 05:01:02.424    1751-1777/? I/DisplayManagerService﹕ Display device changed: DisplayDeviceInfo{"ActivityViewVirtualDisplay": 320 x 320, 60.0 fps, density 213, 213.0 x 213.0 dpi, touch NONE, rotation 0, type VIRTUAL, state OFF, owner android (uid 1000), FLAG_OWN_CONTENT_ONLY}
10-30 05:01:02.445    1751-1751/? V/ActivityManager﹕ Display changed displayId=3
10-30 05:02:01.032    1751-1801/? I/ActivityManager﹕ START u0 {act=android.intent.action.MAIN cat=[android.intent.category.DESK_DOCK] flg=0x10000000 cmp=com.motorola.targetnotif/com.motorola.loop.ChargeActivity (has extras)} from pid 1869 on display 0
10-30 05:02:02.323    1751-1777/? I/DisplayManagerService﹕ Display device changed: DisplayDeviceInfo{"ActivityViewVirtualDisplay": 320 x 320, 60.0 fps, density 213, 213.0 x 213.0 dpi, touch NONE, rotation 0, type VIRTUAL, state ON, owner android (uid 1000), FLAG_OWN_CONTENT_ONLY}
10-30 05:02:02.323    1751-1751/? V/ActivityManager﹕ Display changed displayId=3
10-30 05:02:03.274    1751-1777/? W/WindowManager﹕ Window freeze timeout expired.
10-30 05:02:03.274    1751-1777/? W/WindowManager﹕ Force clearing orientation change: Window{adeb3a78 u0 com.google.android.wearable.app/com.google.android.clockwork.home.HomeActivity}
10-30 05:02:03.384    1751-1777/? I/DisplayManagerService﹕ Display device changed: DisplayDeviceInfo{"ActivityViewVirtualDisplay": 320 x 320, 60.0 fps, density 213, 213.0 x 213.0 dpi, touch NONE, rotation 0, type VIRTUAL, state OFF, owner android (uid 1000), FLAG_OWN_CONTENT_ONLY}
10-30 05:02:03.394    1751-1751/? V/ActivityManager﹕ Display changed displayId=3
10-30 05:03:00.219    1751-1917/? I/ActivityManager﹕ START u0 {act=android.intent.action.MAIN cat=[android.intent.category.DESK_DOCK] flg=0x10000000 cmp=com.motorola.targetnotif/com.motorola.loop.ChargeActivity (has extras)} from pid 1869 on display 0
10-30 05:03:00.750    1751-1771/? W/ActivityManager﹕ Activity pause timeout for ActivityRecord{adf26f88 u0 com.motorola.targetnotif/com.motorola.loop.ChargeActivity t10}
10-30 05:04:01.039    1751-1930/? I/ActivityManager﹕ START u0 {act=android.intent.action.MAIN cat=[android.intent.category.DESK_DOCK] flg=0x10000000 cmp=com.motorola.targetnotif/com.motorola.loop.ChargeActivity (has extras)} from pid 1869 on display 0
10-30 05:05:01.605    1751-1777/? I/DisplayManagerService﹕ Display device changed: DisplayDeviceInfo{"ActivityViewVirtualDisplay": 320 x 320, 60.0 fps, density 213, 213.0 x 213.0 dpi, touch NONE, rotation 0, type VIRTUAL, state ON, owner android (uid 1000), FLAG_OWN_CONTENT_ONLY}
10-30 05:05:01.605    1751-1751/? V/ActivityManager﹕ Display changed displayId=3
10-30 05:05:01.705    1751-1917/? I/ActivityManager﹕ START u0 {act=android.intent.action.MAIN cat=[android.intent.category.DESK_DOCK] flg=0x10000000 cmp=com.motorola.targetnotif/com.motorola.loop.ChargeActivity (has extras)} from pid 1869 on display 0
10-30 05:05:02.086    1751-1777/? I/DisplayManagerService﹕ Display device changed: DisplayDeviceInfo{"ActivityViewVirtualDisplay": 320 x 320, 60.0 fps, density 213, 213.0 x 213.0 dpi, touch NONE, rotation 0, type VIRTUAL, state OFF, owner android (uid 1000), FLAG_OWN_CONTENT_ONLY}
10-30 05:05:02.086    1751-1751/? V/ActivityManager﹕ Display changed displayId=3
10-30 05:06:00.854    1751-1917/? I/ActivityManager﹕ START u0 {act=android.intent.action.MAIN cat=[android.intent.category.DESK_DOCK] flg=0x10000000 cmp=com.motorola.targetnotif/com.motorola.loop.ChargeActivity (has extras)} from pid 1869 on display 0
10-30 05:07:00.115    1751-5368/? I/ActivityManager﹕ START u0 {act=android.intent.action.MAIN cat=[android.intent.category.DESK_DOCK] flg=0x10000000 cmp=com.motorola.targetnotif/com.motorola.loop.ChargeActivity (has extras)} from pid 1869 on display 0
10-30 05:08:00.874    1751-1917/? I/ActivityManager﹕ START u0 {act=android.intent.action.MAIN cat=[android.intent.category.DESK_DOCK] flg=0x10000000 cmp=com.motorola.targetnotif/com.motorola.loop.ChargeActivity (has extras)} from pid 1869 on display 0
10-30 05:09:00.664    1751-2279/? I/ActivityManager﹕ START u0 {act=android.intent.action.MAIN cat=[android.intent.category.DESK_DOCK] flg=0x10000000 cmp=com.motorola.targetnotif/com.motorola.loop.ChargeActivity (has extras)} from pid 1869 on display 0
10-30 05:10:00.864    1751-1762/? I/ActivityManager﹕ START u0 {act=android.intent.action.MAIN cat=[android.intent.category.DESK_DOCK] flg=0x10000000 cmp=com.motorola.targetnotif/com.motorola.loop.ChargeActivity (has extras)} from pid 1869 on display 0
10-30 05:11:00.654    1751-1897/? I/ActivityManager﹕ START u0 {act=android.intent.action.MAIN cat=[android.intent.category.DESK_DOCK] flg=0x10000000 cmp=com.motorola.targetnotif/com.motorola.loop.ChargeActivity (has extras)} from pid 1869 on display 0
10-30 05:12:00.874    1751-5368/? I/ActivityManager﹕ START u0 {act=android.intent.action.MAIN cat=[android.intent.category.DESK_DOCK] flg=0x10000000 cmp=com.motorola.targetnotif/com.motorola.loop.ChargeActivity (has extras)} from pid 1869 on display 0
10-30 05:13:00.664    1751-2313/? I/ActivityManager﹕ START u0 {act=android.intent.action.MAIN cat=[android.intent.category.DESK_DOCK] flg=0x10000000 cmp=com.motorola.targetnotif/com.motorola.loop.ChargeActivity (has extras)} from pid 1869 on display 0
10-30 05:14:00.874    1751-1897/? I/ActivityManager﹕ START u0 {act=android.intent.action.MAIN cat=[android.intent.category.DESK_DOCK] flg=0x10000000 cmp=com.motorola.targetnotif/com.motorola.loop.ChargeActivity (has extras)} from pid 1869 on display 0
10-30 05:15:00.105    1751-5368/? I/ActivityManager﹕ START u0 {act=android.intent.action.MAIN cat=[android.intent.category.DESK_DOCK] flg=0x10000000 cmp=com.motorola.targetnotif/com.motorola.loop.ChargeActivity (has extras)} from pid 1869 on display 0
10-30 05:15:16.624    1751-1795/? D/ConnectivityService﹕ Sampling interval elapsed, updating statistics ..
10-30 05:15:16.674    1751-1795/? D/ConnectivityService﹕ Done.
10-30 05:15:16.674    1751-1795/? D/ConnectivityService﹕ Setting timer for 720seconds
10-30 05:15:16.714    1751-1761/? I/ActivityManager﹕ Delay finish: com.google.android.gms/.fitness.wearables.WearableSyncServiceReceiver
10-30 05:15:16.744    1751-1917/? I/ActivityManager﹕ Resuming delayed broadcast
10-30 05:15:16.764    1751-1930/? I/ActivityManager﹕ Delay finish: com.google.android.gms/.checkin.EventLogService$Receiver
10-30 05:15:16.954    1751-1761/? I/ActivityManager﹕ Resuming delayed broadcast
10-30 05:16:00.864    1751-1801/? I/ActivityManager﹕ START u0 {act=android.intent.action.MAIN cat=[android.intent.category.DESK_DOCK] flg=0x10000000 cmp=com.motorola.targetnotif/com.motorola.loop.ChargeActivity (has extras)} from pid 1869 on display 0
10-30 05:17:00.704    1751-1801/? I/ActivityManager﹕ START u0 {act=android.intent.action.MAIN cat=[android.intent.category.DESK_DOCK] flg=0x10000000 cmp=com.motorola.targetnotif/com.motorola.loop.ChargeActivity (has extras)} from pid 1869 on display 0
10-30 05:18:00.202    1751-2279/? I/ActivityManager﹕ START u0 {act=android.intent.action.MAIN cat=[android.intent.category.DESK_DOCK] flg=0x10000000 cmp=com.motorola.targetnotif/com.motorola.loop.ChargeActivity (has extras)} from pid 1869 on display 0
10-30 05:18:00.733    1751-1771/? W/ActivityManager﹕ Activity pause timeout for ActivityRecord{adf26f88 u0 com.motorola.targetnotif/com.motorola.loop.ChargeActivity t10}
10-30 05:19:00.841    1751-1897/? I/ActivityManager﹕ START u0 {act=android.intent.action.MAIN cat=[android.intent.category.DESK_DOCK] flg=0x10000000 cmp=com.motorola.targetnotif/com.motorola.loop.ChargeActivity (has extras)} from pid 1869 on display 0
10-30 05:19:02.153    1751-1777/? I/DisplayManagerService﹕ Display device changed: DisplayDeviceInfo{"ActivityViewVirtualDisplay": 320 x 320, 60.0 fps, density 213, 213.0 x 213.0 dpi, touch NONE, rotation 0, type VIRTUAL, state ON, owner android (uid 1000), FLAG_OWN_CONTENT_ONLY}
10-30 05:19:02.153    1751-1751/? V/ActivityManager﹕ Display changed displayId=3
10-30 05:19:02.964    1751-1777/? I/DisplayManagerService﹕ Display device changed: DisplayDeviceInfo{"ActivityViewVirtualDisplay": 320 x 320, 60.0 fps, density 213, 213.0 x 213.0 dpi, touch NONE, rotation 0, type VIRTUAL, state OFF, owner android (uid 1000), FLAG_OWN_CONTENT_ONLY}
10-30 05:19:02.974    1751-1751/? V/ActivityManager﹕ Display changed displayId=3
10-30 05:20:00.490    1751-1762/? I/ActivityManager﹕ START u0 {act=android.intent.action.MAIN cat=[android.intent.category.DESK_DOCK] flg=0x10000000 cmp=com.motorola.targetnotif/com.motorola.loop.ChargeActivity (has extras)} from pid 1869 on display 0
10-30 05:20:01.020    1751-1771/? W/ActivityManager﹕ Activity pause timeout for ActivityRecord{adf26f88 u0 com.motorola.targetnotif/com.motorola.loop.ChargeActivity t10}
10-30 05:20:02.211    1751-1777/? I/DisplayManagerService﹕ Display device changed: DisplayDeviceInfo{"ActivityViewVirtualDisplay": 320 x 320, 60.0 fps, density 213, 213.0 x 213.0 dpi, touch NONE, rotation 0, type VIRTUAL, state ON, owner android (uid 1000), FLAG_OWN_CONTENT_ONLY}
10-30 05:20:02.221    1751-1751/? V/ActivityManager﹕ Display changed displayId=3
10-30 05:20:03.072    1751-1777/? I/DisplayManagerService﹕ Display device changed: DisplayDeviceInfo{"ActivityViewVirtualDisplay": 320 x 320, 60.0 fps, density 213, 213.0 x 213.0 dpi, touch NONE, rotation 0, type VIRTUAL, state OFF, owner android (uid 1000), FLAG_OWN_CONTENT_ONLY}
10-30 05:20:03.082    1751-1751/? V/ActivityManager﹕ Display changed displayId=3
10-30 05:21:00.568    1751-1897/? I/ActivityManager﹕ START u0 {act=android.intent.action.MAIN cat=[android.intent.category.DESK_DOCK] flg=0x10000000 cmp=com.motorola.targetnotif/com.motorola.loop.ChargeActivity (has extras)} from pid 1869 on display 0
10-30 05:21:01.089    1751-1771/? W/ActivityManager﹕ Activity pause timeout for ActivityRecord{adf26f88 u0 com.motorola.targetnotif/com.motorola.loop.ChargeActivity t10}
10-30 05:22:00.445    1751-1801/? I/ActivityManager﹕ START u0 {act=android.intent.action.MAIN cat=[android.intent.category.DESK_DOCK] flg=0x10000000 cmp=com.motorola.targetnotif/com.motorola.loop.ChargeActivity (has extras)} from pid 1869 on display 0
10-30 05:22:00.965    1751-1771/? W/ActivityManager﹕ Activity pause timeout for ActivityRecord{adf26f88 u0 com.motorola.targetnotif/com.motorola.loop.ChargeActivity t10}
10-30 05:23:00.654    1751-2279/? I/ActivityManager﹕ START u0 {act=android.intent.action.MAIN cat=[android.intent.category.DESK_DOCK] flg=0x10000000 cmp=com.motorola.targetnotif/com.motorola.loop.ChargeActivity (has extras)} from pid 1869 on display 0
10-30 05:23:01.185    1751-1771/? W/ActivityManager﹕ Activity pause timeout for ActivityRecord{adf26f88 u0 com.motorola.targetnotif/com.motorola.loop.ChargeActivity t10}
10-30 05:24:01.415    1751-2279/? I/ActivityManager﹕ START u0 {act=android.intent.action.MAIN cat=[android.intent.category.DESK_DOCK] flg=0x10000000 cmp=com.motorola.targetnotif/com.motorola.loop.ChargeActivity (has extras)} from pid 1869 on display 0
10-30 05:25:00.395    1751-1777/? I/DisplayManagerService﹕ Display device changed: DisplayDeviceInfo{"ActivityViewVirtualDisplay": 320 x 320, 60.0 fps, density 213, 213.0 x 213.0 dpi, touch NONE, rotation 0, type VIRTUAL, state ON, owner android (uid 1000), FLAG_OWN_CONTENT_ONLY}
10-30 05:25:00.405    1751-1751/? V/ActivityManager﹕ Display changed displayId=3
10-30 05:25:00.495    1751-1930/? I/ActivityManager﹕ START u0 {act=android.intent.action.MAIN cat=[android.intent.category.DESK_DOCK] flg=0x10000000 cmp=com.motorola.targetnotif/com.motorola.loop.ChargeActivity (has extras)} from pid 1869 on display 0
10-30 05:25:01.016    1751-1771/? W/ActivityManager﹕ Activity pause timeout for ActivityRecord{adf26f88 u0 com.motorola.targetnotif/com.motorola.loop.ChargeActivity t10}
10-30 05:25:01.256    1751-1777/? I/DisplayManagerService﹕ Display device changed: DisplayDeviceInfo{"ActivityViewVirtualDisplay": 320 x 320, 60.0 fps, density 213, 213.0 x 213.0 dpi, touch NONE, rotation 0, type VIRTUAL, state OFF, owner android (uid 1000), FLAG_OWN_CONTENT_ONLY}
10-30 05:25:01.286    1751-1751/? V/ActivityManager﹕ Display changed displayId=3
10-30 05:26:00.185    1751-5368/? I/ActivityManager﹕ START u0 {act=android.intent.action.MAIN cat=[android.intent.category.DESK_DOCK] flg=0x10000000 cmp=com.motorola.targetnotif/com.motorola.loop.ChargeActivity (has extras)} from pid 1869 on display 0
10-30 05:26:00.715    1751-1771/? W/ActivityManager﹕ Activity pause timeout for ActivityRecord{adf26f88 u0 com.motorola.targetnotif/com.motorola.loop.ChargeActivity t10}
10-30 05:26:00.865    1751-1777/? I/DisplayManagerService﹕ Display device changed: DisplayDeviceInfo{"ActivityViewVirtualDisplay": 320 x 320, 60.0 fps, density 213, 213.0 x 213.0 dpi, touch NONE, rotation 0, type VIRTUAL, state ON, owner android (uid 1000), FLAG_OWN_CONTENT_ONLY}
10-30 05:26:00.865    1751-1751/? V/ActivityManager﹕ Display changed displayId=3
10-30 05:26:06.634    1751-1777/? I/DisplayManagerService﹕ Display device changed: DisplayDeviceInfo{"ActivityViewVirtualDisplay": 320 x 320, 60.0 fps, density 213, 213.0 x 213.0 dpi, touch NONE, rotation 0, type VIRTUAL, state OFF, owner android (uid 1000), FLAG_OWN_CONTENT_ONLY}
10-30 05:26:06.644    1751-1751/? V/ActivityManager﹕ Display changed displayId=3
10-30 05:27:00.654    1751-5368/? I/ActivityManager﹕ START u0 {act=android.intent.action.MAIN cat=[android.intent.category.DESK_DOCK] flg=0x10000000 cmp=com.motorola.targetnotif/com.motorola.loop.ChargeActivity (has extras)} from pid 1869 on display 0
10-30 05:28:00.654    1751-1795/? D/ConnectivityService﹕ Sampling interval elapsed, updating statistics ..
10-30 05:28:00.654    1751-1795/? D/ConnectivityService﹕ Done.
10-30 05:28:00.654    1751-1795/? D/ConnectivityService﹕ Setting timer for 720seconds
10-30 05:28:00.864    1751-5368/? I/ActivityManager﹕ START u0 {act=android.intent.action.MAIN cat=[android.intent.category.DESK_DOCK] flg=0x10000000 cmp=com.motorola.targetnotif/com.motorola.loop.ChargeActivity (has extras)} from pid 1869 on display 0
10-30 05:29:00.654    1751-2313/? I/ActivityManager﹕ START u0 {act=android.intent.action.MAIN cat=[android.intent.category.DESK_DOCK] flg=0x10000000 cmp=com.motorola.targetnotif/com.motorola.loop.ChargeActivity (has extras)} from pid 1869 on display 0
10-30 05:30:00.644    1751-2313/? I/ActivityManager﹕ START u0 {act=android.intent.action.MAIN cat=[android.intent.category.DESK_DOCK] flg=0x10000000 cmp=com.motorola.targetnotif/com.motorola.loop.ChargeActivity (has extras)} from pid 1869 on display 0
10-30 05:30:16.664    1751-1897/? I/ActivityManager﹕ Delay finish: com.google.android.gms/.fitness.wearables.WearableSyncServiceReceiver
10-30 05:30:16.684    1751-2313/? I/ActivityManager﹕ Resuming delayed broadcast
10-30 05:31:00.664    1751-5368/? I/ActivityManager﹕ START u0 {act=android.intent.action.MAIN cat=[android.intent.category.DESK_DOCK] flg=0x10000000 cmp=com.motorola.targetnotif/com.motorola.loop.ChargeActivity (has extras)} from pid 1869 on display 0
10-30 05:32:00.854    1751-2313/? I/ActivityManager﹕ START u0 {act=android.intent.action.MAIN cat=[android.intent.category.DESK_DOCK] flg=0x10000000 cmp=com.motorola.targetnotif/com.motorola.loop.ChargeActivity (has extras)} from pid 1869 on display 0
10-30 05:33:00.022    1751-1771/? I/ProcessStatsService﹕ Prepared write state in 11ms
10-30 05:33:00.042    1751-1771/? I/ProcessStatsService﹕ Prepared write state in 9ms
10-30 05:33:01.013    1751-1897/? I/ActivityManager﹕ START u0 {act=android.intent.action.MAIN cat=[android.intent.category.DESK_DOCK] flg=0x10000000 cmp=com.motorola.targetnotif/com.motorola.loop.ChargeActivity (has extras)} from pid 1869 on display 0
10-30 05:33:01.544    1751-1771/? W/ActivityManager﹕ Activity pause timeout for ActivityRecord{adf26f88 u0 com.motorola.targetnotif/com.motorola.loop.ChargeActivity t10}
10-30 05:33:03.085    1751-1777/? I/DisplayManagerService﹕ Display device changed: DisplayDeviceInfo{"ActivityViewVirtualDisplay": 320 x 320, 60.0 fps, density 213, 213.0 x 213.0 dpi, touch NONE, rotation 0, type VIRTUAL, state ON, owner android (uid 1000), FLAG_OWN_CONTENT_ONLY}
10-30 05:33:03.095    1751-1751/? V/ActivityManager﹕ Display changed displayId=3
10-30 05:33:03.325    1751-1777/? I/DisplayManagerService﹕ Display device changed: DisplayDeviceInfo{"ActivityViewVirtualDisplay": 320 x 320, 60.0 fps, density 213, 213.0 x 213.0 dpi, touch NONE, rotation 0, type VIRTUAL, state OFF, owner android (uid 1000), FLAG_OWN_CONTENT_ONLY}
10-30 05:33:03.345    1751-1751/? V/ActivityManager﹕ Display changed displayId=3
10-30 05:34:00.311    1751-5368/? I/ActivityManager﹕ START u0 {act=android.intent.action.MAIN cat=[android.intent.category.DESK_DOCK] flg=0x10000000 cmp=com.motorola.targetnotif/com.motorola.loop.ChargeActivity (has extras)} from pid 1869 on display 0
10-30 05:34:00.851    1751-1771/? W/ActivityManager﹕ Activity pause timeout for ActivityRecord{adf26f88 u0 com.motorola.targetnotif/com.motorola.loop.ChargeActivity t10}
10-30 05:35:00.490    1751-5368/? I/ActivityManager﹕ START u0 {act=android.intent.action.MAIN cat=[android.intent.category.DESK_DOCK] flg=0x10000000 cmp=com.motorola.targetnotif/com.motorola.loop.ChargeActivity (has extras)} from pid 1869 on display 0
10-30 05:35:01.010    1751-1771/? W/ActivityManager﹕ Activity pause timeout for ActivityRecord{adf26f88 u0 com.motorola.targetnotif/com.motorola.loop.ChargeActivity t10}
10-30 05:36:00.548    1751-1762/? I/ActivityManager﹕ START u0 {act=android.intent.action.MAIN cat=[android.intent.category.DESK_DOCK] flg=0x10000000 cmp=com.motorola.targetnotif/com.motorola.loop.ChargeActivity (has extras)} from pid 1869 on display 0
10-30 05:36:01.069    1751-1771/? W/ActivityManager﹕ Activity pause timeout for ActivityRecord{adf26f88 u0 com.motorola.targetnotif/com.motorola.loop.ChargeActivity t10}
10-30 05:37:00.925    1751-2313/? I/ActivityManager﹕ START u0 {act=android.intent.action.MAIN cat=[android.intent.category.DESK_DOCK] flg=0x10000000 cmp=com.motorola.targetnotif/com.motorola.loop.ChargeActivity (has extras)} from pid 1869 on display 0
10-30 05:38:00.864    1751-2279/? I/ActivityManager﹕ START u0 {act=android.intent.action.MAIN cat=[android.intent.category.DESK_DOCK] flg=0x10000000 cmp=com.motorola.targetnotif/com.motorola.loop.ChargeActivity (has extras)} from pid 1869 on display 0
10-30 05:39:00.654    1751-1930/? I/ActivityManager﹕ START u0 {act=android.intent.action.MAIN cat=[android.intent.category.DESK_DOCK] flg=0x10000000 cmp=com.motorola.targetnotif/com.motorola.loop.ChargeActivity (has extras)} from pid 1869 on display 0
10-30 05:40:00.954    1751-1897/? I/ActivityManager﹕ START u0 {act=android.intent.action.MAIN cat=[android.intent.category.DESK_DOCK] flg=0x10000000 cmp=com.motorola.targetnotif/com.motorola.loop.ChargeActivity (has extras)} from pid 1869 on display 0
10-30 05:41:00.664    1751-1801/? I/ActivityManager﹕ START u0 {act=android.intent.action.MAIN cat=[android.intent.category.DESK_DOCK] flg=0x10000000 cmp=com.motorola.targetnotif/com.motorola.loop.ChargeActivity (has extras)} from pid 1869 on display 0
10-30 05:42:00.854    1751-5368/? I/ActivityManager﹕ START u0 {act=android.intent.action.MAIN cat=[android.intent.category.DESK_DOCK] flg=0x10000000 cmp=com.motorola.targetnotif/com.motorola.loop.ChargeActivity (has extras)} from pid 1869 on display 0
10-30 05:43:00.115    1751-1917/? I/ActivityManager﹕ START u0 {act=android.intent.action.MAIN cat=[android.intent.category.DESK_DOCK] flg=0x10000000 cmp=com.motorola.targetnotif/com.motorola.loop.ChargeActivity (has extras)} from pid 1869 on display 0
10-30 05:44:00.874    1751-2279/? I/ActivityManager﹕ START u0 {act=android.intent.action.MAIN cat=[android.intent.category.DESK_DOCK] flg=0x10000000 cmp=com.motorola.targetnotif/com.motorola.loop.ChargeActivity (has extras)} from pid 1869 on display 0
10-30 05:45:00.105    1751-1897/? I/ActivityManager﹕ START u0 {act=android.intent.action.MAIN cat=[android.intent.category.DESK_DOCK] flg=0x10000000 cmp=com.motorola.targetnotif/com.motorola.loop.ChargeActivity (has extras)} from pid 1869 on display 0
