12-03 21:44:50.148 E/HostWithRpcCallback( 1872): 	at com.android.internal.os.ZygoteInit$MethodAndArgsCaller.run(ZygoteInit.java:777)
12-03 21:44:50.148 E/HostWithRpcCallback( 1872): 	at com.android.internal.os.ZygoteInit.main(ZygoteInit.java:602)
12-03 21:44:50.148 E/HostWithRpcCallback( 1872): 	at dalvik.system.NativeStart.main(Native Method)
12-03 21:44:50.218 I/ActivityManager( 1754): START u0 {act=android.intent.action.MAIN cat=[android.intent.category.HOME] flg=0x10000000 cmp=com.google.android.wearable.app/com.google.android.clockwork.home.HomeActivity (has extras)} from pid 1872 on display 0
12-03 21:44:50.218 V/ActivityManager( 1754): Display changed displayId=0
12-03 21:44:50.228 V/WearActivity( 2084): display changed: 0, new state: 2
12-03 21:44:50.228 V/WearActivity( 2084): state didn't actually change
12-03 21:44:50.248 I/DreamController( 1754): Stopping dream: name=ComponentInfo{com.google.android.wearable.app/com.google.android.clockwork.home.AmbientMode}, isTest=false, canDoze=true, userId=0
12-03 21:44:50.248 I/PowerManagerService( 1754): Sleeping...
12-03 21:44:50.278 I/AmbientMode( 1872): Ambient mode started: canDoze=true, dozeHardware=null
12-03 21:44:50.278 I/ActivityManager( 1754): Activity reported stop, but no longer stopping: ActivityRecord{ade21a30 u0 com.google.android.wearable.app/com.google.android.clockwork.home.HomeActivity t1}
12-03 21:44:50.288 D/mot_vr_audio_hw( 1421): dsp_recognizer_enabled = true
12-03 21:44:50.288 D/ADSPD   ( 1414): Client cmd=0x0003, size=4
12-03 21:44:50.298 D/mot_vr_audio_hw( 1421): open_input_stream(): devices = 0x80000004, rate = 8000, channels = 0x10
12-03 21:44:50.298 D/mot_vr_audio_hw( 1421): Created resampler for 16000->8000 Hz
12-03 21:44:50.298 D/ADSPD   ( 1414): Received from DSP: cmd=0x8003, size=2
12-03 21:44:50.298 D/ADSPD   ( 1414): Client cmd=0x4003, size=2
12-03 21:44:50.298 D/mot_vr_audio_hw( 1421): received recognition control callback, status 0
12-03 21:44:50.318 D/mot_vr_audio_hw( 1421): in_read waiting for hotword
12-03 21:44:50.318 D/mot_vr_audio_hw( 1421): dsp_recognizer_enabled = false
12-03 21:44:50.318 D/ADSPD   ( 1414): Client cmd=0x0003, size=4
12-03 21:44:50.318 D/mot_vr_audio_hw( 1421): Switching DSP to standby/passthrough mode
12-03 21:44:50.318 D/mot_vr_audio_hw( 1421): Input 0xb7d7a248 ready to read
12-03 21:44:50.338 D/ADSPD   ( 1414): Received from DSP: cmd=0x8003, size=2
12-03 21:44:50.338 D/ADSPD   ( 1414): Client cmd=0x0003, size=4
12-03 21:44:50.338 D/mot_vr_audio_hw( 1421): received recognition control callback, status 0
12-03 21:44:50.348 D/ADSPD   ( 1414): Received from DSP: cmd=0x8003, size=2
12-03 21:44:50.348 D/mot_vr_audio_hw( 1421): received recognition control callback, status 0
12-03 21:44:50.378 W/mot_vr_audio_hw( 1421): Discarded 10 buffers without finding audio data
12-03 21:44:50.388 D/ADSPD   ( 1414): Client cmd=0x0003, size=4
12-03 21:44:50.388 D/mot_vr_audio_hw( 1421): Re-arming DSP
12-03 21:44:50.388 D/mot_vr_audio_hw( 1421): Input 0xb7d7a248 standby complete
12-03 21:44:50.398 D/ADSPD   ( 1414): Received from DSP: cmd=0x8003, size=2
12-03 21:44:50.398 D/mot_vr_audio_hw( 1421): received recognition control callback, status 0
12-03 21:44:50.398 D/ADSPD   ( 1414): Client cmd=0x4003, size=2
12-03 21:44:50.398 D/mot_vr_audio_hw( 1421): Input 0xb7d7a248 close complete
12-03 21:44:50.408 I/AmbientMode( 1872): Dream ended: isDozing=true
12-03 21:44:50.488 E/HostWithRpcCallback( 1872): Failed to send RPC
12-03 21:44:50.488 E/HostWithRpcCallback( 1872): com.google.android.wearable.gmsclient.WearableException: sendRpcAsync failed: Status{statusCode=unknown status code: 4000, resolution=null}
12-03 21:44:50.488 E/HostWithRpcCallback( 1872): 	at com.google.android.wearable.gmsclient.GoogleApiClientHelper.throwIfFailed(GoogleApiClientHelper.java:98)
12-03 21:44:50.488 E/HostWithRpcCallback( 1872): 	at com.google.android.wearable.gmsclient.MessageManager$1$1.getResult(MessageManager.java:81)
12-03 21:44:50.488 E/HostWithRpcCallback( 1872): 	at com.google.android.wearable.gmsclient.MessageManager$1$1.getResult(MessageManager.java:78)
12-03 21:44:50.488 E/HostWithRpcCallback( 1872): 	at com.google.android.clockwork.actions.WearableHostWithRpcCallback$SendRpcCallbackWithId.onSendRpc(WearableHostWithRpcCallback.java:292)
12-03 21:44:50.488 E/HostWithRpcCallback( 1872): 	at com.google.android.wearable.gmsclient.MessageManager$1.onResult(MessageManager.java:78)
12-03 21:44:50.488 E/HostWithRpcCallback( 1872): 	at com.google.android.wearable.gmsclient.MessageManager$1.onResult(MessageManager.java:75)
12-03 21:44:50.488 E/HostWithRpcCallback( 1872): 	at com.google.android.gms.common.api.BaseImplementation$CallbackHandler.deliverResultCallback(Unknown Source)
12-03 21:44:50.488 E/HostWithRpcCallback( 1872): 	at com.google.android.gms.common.api.BaseImplementation$CallbackHandler.handleMessage(Unknown Source)
12-03 21:44:50.488 E/HostWithRpcCallback( 1872): 	at android.os.Handler.dispatchMessage(Handler.java:102)
12-03 21:44:50.488 E/HostWithRpcCallback( 1872): 	at android.os.Looper.loop(Looper.java:136)
12-03 21:44:50.488 E/HostWithRpcCallback( 1872): 	at android.app.ActivityThread.main(ActivityThread.java:5026)
12-03 21:44:50.488 E/HostWithRpcCallback( 1872): 	at java.lang.reflect.Method.invokeNative(Native Method)
12-03 21:44:50.488 E/HostWithRpcCallback( 1872): 	at java.lang.reflect.Method.invoke(Method.java:515)
12-03 21:44:50.488 E/HostWithRpcCallback( 1872): 	at com.android.internal.os.ZygoteInit$MethodAndArgsCaller.run(ZygoteInit.java:777)
12-03 21:44:50.488 E/HostWithRpcCallback( 1872): 	at com.android.internal.os.ZygoteInit.main(ZygoteInit.java:602)
12-03 21:44:50.488 E/HostWithRpcCallback( 1872): 	at dalvik.system.NativeStart.main(Native Method)
12-03 21:44:50.498 E/HostWithRpcCallback( 1872): Failed to send RPC
12-03 21:44:50.498 E/HostWithRpcCallback( 1872): com.google.android.wearable.gmsclient.WearableException: sendRpcAsync failed: Status{statusCode=unknown status code: 4000, resolution=null}
12-03 21:44:50.498 E/HostWithRpcCallback( 1872): 	at com.google.android.wearable.gmsclient.GoogleApiClientHelper.throwIfFailed(GoogleApiClientHelper.java:98)
12-03 21:44:50.498 E/HostWithRpcCallback( 1872): 	at com.google.android.wearable.gmsclient.MessageManager$1$1.getResult(MessageManager.java:81)
12-03 21:44:50.498 E/HostWithRpcCallback( 1872): 	at com.google.android.wearable.gmsclient.MessageManager$1$1.getResult(MessageManager.java:78)
12-03 21:44:50.498 E/HostWithRpcCallback( 1872): 	at com.google.android.clockwork.actions.WearableHostWithRpcCallback$SendRpcCallbackWithId.onSendRpc(WearableHostWithRpcCallback.java:292)
12-03 21:44:50.498 E/HostWithRpcCallback( 1872): 	at com.google.android.wearable.gmsclient.MessageManager$1.onResult(MessageManager.java:78)
12-03 21:44:50.498 E/HostWithRpcCallback( 1872): 	at com.google.android.wearable.gmsclient.MessageManager$1.onResult(MessageManager.java:75)
12-03 21:44:50.498 E/HostWithRpcCallback( 1872): 	at com.google.android.gms.common.api.BaseImplementation$CallbackHandler.deliverResultCallback(Unknown Source)
12-03 21:44:50.498 E/HostWithRpcCallback( 1872): 	at com.google.android.gms.common.api.BaseImplementation$CallbackHandler.handleMessage(Unknown Source)
12-03 21:44:50.498 E/HostWithRpcCallback( 1872): 	at android.os.Handler.dispatchMessage(Handler.java:102)
12-03 21:44:50.498 E/HostWithRpcCallback( 1872): 	at android.os.Looper.loop(Looper.java:136)
12-03 21:44:50.498 E/HostWithRpcCallback( 1872): 	at android.app.ActivityThread.main(ActivityThread.java:5026)
12-03 21:44:50.498 E/HostWithRpcCallback( 1872): 	at java.lang.reflect.Method.invokeNative(Native Method)
12-03 21:44:50.498 E/HostWithRpcCallback( 1872): 	at java.lang.reflect.Method.invoke(Method.java:515)
12-03 21:44:50.498 E/HostWithRpcCallback( 1872): 	at com.android.internal.os.ZygoteInit$MethodAndArgsCaller.run(ZygoteInit.java:777)
12-03 21:44:50.498 E/HostWithRpcCallback( 1872): 	at com.android.internal.os.ZygoteInit.main(ZygoteInit.java:602)
12-03 21:44:50.498 E/HostWithRpcCallback( 1872): 	at dalvik.system.NativeStart.main(Native Method)
12-03 21:44:50.859 D/SurfaceFlinger( 1419): Screen released, type=0 flinger=0xb76ea448
12-03 21:44:51.019 D/hwcomposer( 1419): hwc_blank(0: 1)
12-03 21:44:51.019 D/SurfaceControl( 1754): Excessive delay in blankDisplay() while turning screen off: 158ms
12-03 21:44:51.039 I/DisplayManagerService( 1754): Display device changed: DisplayDeviceInfo{"Built-in Screen": 320 x 290, 45.000004 fps, density 213, 203.2 x 204.61111 dpi, touch INTERNAL, rotation 0, type BUILT_IN, state OFF, FLAG_DEFAULT_DISPLAY, FLAG_ROTATES_WITH_CONTENT, FLAG_SECURE, FLAG_SUPPORTS_PROTECTED_BUFFERS}
12-03 21:44:51.039 V/ActivityManager( 1754): Display changed displayId=0
12-03 21:44:51.049 V/WearActivity( 2084): display changed: 0, new state: 1
12-03 21:44:51.049 I/TimeWrapper( 2084): FPS: 39.94474, samples: 234
12-03 21:44:51.049 I/TimeWrapper( 2084): Min/Avg/Max frame render speed (ms): 3.90625 / 5.067222 / 47.149654
12-03 21:44:51.049 I/TimeWrapper( 2084): Waketime: 20.240885%
12-03 21:44:51.049 I/TimeWrapper( 2084): Skipped frames: 2
12-03 21:44:51.059 V/MyViewAnim( 2084): redrawSlow: display change without state change -> 2
12-03 21:44:51.059 V/MyViewAnim( 2084): redrawSlow: resume -> 1
12-03 21:44:51.059 V/MyViewAnim( 2084): redrawSlow: startHelper -> 1
12-03 21:44:51.059 V/WearActivity( 2084): onDisplayChanged: off!
12-03 21:44:51.059 V/WearActivity( 2084): stopHelper: shutting things down
12-03 21:44:51.079 D/MinnowPowerHAL( 1754): power_set_interactive: 0
12-03 21:44:51.079 D/MinnowPowerHAL( 1754): sysfs_write: /sys/devices/platform/omapdss/display0/interactivemode 0
12-03 21:44:51.079 D/MinnowPowerHAL( 1754): sysfs_write: /sys/devices/ocp.2/i2c.6/i2c-0/0-004a/interactivemode 0
12-03 21:44:51.079 V/MyViewAnim( 2084): stopping animation!
12-03 21:44:51.079 V/MyViewAnim( 2084): killDrawThread
12-03 21:44:51.079 V/WearActivity( 2084): killing alarms
12-03 21:44:51.079 D/MinnowPowerHAL( 1754): sysfs_write: /sys/class/leds/lcd-backlight/interactive 0
12-03 21:44:51.079 D/mot_vr_audio_hw( 1754): dsp_set_pm_state = off
12-03 21:44:51.079 D/ADSPD   ( 1414): Client cmd=0x4002, size=2
12-03 21:44:51.079 D/ADSPD   ( 1414): DSP_CMD_DAEMON_SET_PM_STATE : 0
12-03 21:44:51.079 I/ClockFace( 2084): Ambient mode: false
12-03 21:44:51.079 V/MyViewAnim/PanelThread( 2084): looper finished!
12-03 21:44:51.079 V/MyViewAnim/PanelThread( 2084): draw thread termination
12-03 21:44:57.087 D/SensorHALGestureSensor( 1754): Gesture event received! time = 1417664697089702592
12-03 21:44:57.087 I/PowerManagerService( 1754): Waking up from sleep...
12-03 21:44:57.087 W/KeyguardServiceDelegate( 1754): onScreenTurnedOn(): no keyguard service!
12-03 21:44:57.097 V/WearActivity( 2084): display changed: 0, new state: 1
12-03 21:44:57.097 V/WearActivity( 2084): state didn't actually change
12-03 21:44:57.097 V/MyViewAnim( 2084): success getting new surface holder
12-03 21:44:57.167 D/MinnowPowerHAL( 1754): power_set_interactive: 1
12-03 21:44:57.167 D/MinnowPowerHAL( 1754): sysfs_write: /sys/devices/platform/omapdss/display0/interactivemode 1
12-03 21:44:57.227 D/MinnowPowerHAL( 1754): sysfs_write: /sys/devices/ocp.2/i2c.6/i2c-0/0-004a/interactivemode 1
12-03 21:44:57.227 D/MinnowPowerHAL( 1754): sysfs_write: /sys/class/leds/lcd-backlight/interactive 1
12-03 21:44:57.227 D/mot_vr_audio_hw( 1754): dsp_set_pm_state = on
12-03 21:44:57.227 D/ADSPD   ( 1414): Client cmd=0x4002, size=2
12-03 21:44:57.227 D/ADSPD   ( 1414): DSP_CMD_DAEMON_SET_PM_STATE : 1
12-03 21:44:57.227 D/PowerManagerService-JNI( 1754): Excessive delay in setInteractive(true) while turning screen on: 56ms
12-03 21:44:57.237 V/WearActivity( 2084): Resume!
12-03 21:44:57.237 E/ClockworkHome( 1872): Tried to exit ambient mode, but enterAmbientMode() was never called.
12-03 21:44:57.237 D/mot_vr_audio_hw( 1421): dsp_recognizer_enabled = true
12-03 21:44:57.237 D/mot_vr_audio_hw( 1421): open_input_stream(): devices = 0x80000004, rate = 8000, channels = 0x10
12-03 21:44:57.237 D/mot_vr_audio_hw( 1421): Created resampler for 16000->8000 Hz
12-03 21:44:57.247 V/ActivityManager( 1754): Display changed displayId=0
12-03 21:44:57.247 W/InputMethodManagerService( 1754): Ignoring setImeWindowStatus of uid 1000 token: null
12-03 21:44:57.257 D/ADSPD   ( 1414): ACK success!
12-03 21:44:57.257 D/ADSPD   ( 1414): Client cmd=0x0003, size=4
12-03 21:44:57.277 D/ADSPD   ( 1414): Received from DSP: cmd=0x8003, size=2
12-03 21:44:57.277 D/ADSPD   ( 1414): Client cmd=0x4003, size=2
12-03 21:44:57.277 D/mot_vr_audio_hw( 1421): received recognition control callback, status 0
12-03 21:44:57.297 D/mot_vr_audio_hw( 1421): in_read waiting for hotword
12-03 21:44:57.317 E/HostWithRpcCallback( 1872): Failed to send RPC
12-03 21:44:57.317 E/HostWithRpcCallback( 1872): com.google.android.wearable.gmsclient.WearableException: sendRpcAsync failed: Status{statusCode=unknown status code: 4000, resolution=null}
12-03 21:44:57.317 E/HostWithRpcCallback( 1872): 	at com.google.android.wearable.gmsclient.GoogleApiClientHelper.throwIfFailed(GoogleApiClientHelper.java:98)
12-03 21:44:57.317 E/HostWithRpcCallback( 1872): 	at com.google.android.wearable.gmsclient.MessageManager$1$1.getResult(MessageManager.java:81)
12-03 21:44:57.317 E/HostWithRpcCallback( 1872): 	at com.google.android.wearable.gmsclient.MessageManager$1$1.getResult(MessageManager.java:78)
12-03 21:44:57.317 E/HostWithRpcCallback( 1872): 	at com.google.android.clockwork.actions.WearableHostWithRpcCallback$SendRpcCallbackWithId.onSendRpc(WearableHostWithRpcCallback.java:292)
12-03 21:44:57.317 E/HostWithRpcCallback( 1872): 	at com.google.android.wearable.gmsclient.MessageManager$1.onResult(MessageManager.java:78)
12-03 21:44:57.317 E/HostWithRpcCallback( 1872): 	at com.google.android.wearable.gmsclient.MessageManager$1.onResult(MessageManager.java:75)
12-03 21:44:57.317 E/HostWithRpcCallback( 1872): 	at com.google.android.gms.common.api.BaseImplementation$CallbackHandler.deliverResultCallback(Unknown Source)
12-03 21:44:57.317 E/HostWithRpcCallback( 1872): 	at com.google.android.gms.common.api.BaseImplementation$CallbackHandler.handleMessage(Unknown Source)
12-03 21:44:57.317 E/HostWithRpcCallback( 1872): 	at android.os.Handler.dispatchMessage(Handler.java:102)
12-03 21:44:57.317 E/HostWithRpcCallback( 1872): 	at android.os.Looper.loop(Looper.java:136)
12-03 21:44:57.317 E/HostWithRpcCallback( 1872): 	at android.app.ActivityThread.main(ActivityThread.java:5026)
12-03 21:44:57.317 E/HostWithRpcCallback( 1872): 	at java.lang.reflect.Method.invokeNative(Native Method)
12-03 21:44:57.317 E/HostWithRpcCallback( 1872): 	at java.lang.reflect.Method.invoke(Method.java:515)
12-03 21:44:57.317 E/HostWithRpcCallback( 1872): 	at com.android.internal.os.ZygoteInit$MethodAndArgsCaller.run(ZygoteInit.java:777)
12-03 21:44:57.317 E/HostWithRpcCallback( 1872): 	at com.android.internal.os.ZygoteInit.main(ZygoteInit.java:602)
12-03 21:44:57.317 E/HostWithRpcCallback( 1872): 	at dalvik.system.NativeStart.main(Native Method)
12-03 21:44:57.367 D/SurfaceFlinger( 1419): Screen acquired, type=0 flinger=0xb76ea448
12-03 21:44:57.367 D/hwcomposer( 1419): hwc_blank(0: 0)
12-03 21:44:57.367 D/SensorHAL( 1754): adjustSensorHandle: handle = 9 adjustedHandle = 1
12-03 21:44:57.367 D/SensorHAL( 1754): adjustSensorHandle: handle = 9 adjustedHandle = 1
12-03 21:44:57.377 I/DisplayManagerService( 1754): Display device changed: DisplayDeviceInfo{"Built-in Screen": 320 x 290, 45.000004 fps, density 213, 203.2 x 204.61111 dpi, touch INTERNAL, rotation 0, type BUILT_IN, state ON, FLAG_DEFAULT_DISPLAY, FLAG_ROTATES_WITH_CONTENT, FLAG_SECURE, FLAG_SUPPORTS_PROTECTED_BUFFERS}
12-03 21:44:57.377 V/ActivityManager( 1754): Display changed displayId=0
12-03 21:44:57.397 V/WearActivity( 2084): display changed: 0, new state: 2
12-03 21:44:57.397 V/WearActivity( 2084): onDisplayChanged: on!
12-03 21:44:57.397 V/WearActivity( 2084): killing alarms
12-03 21:44:57.397 V/WearActivity( 2084): startHelper: putting it all back together again
12-03 21:44:57.397 V/WearActivity( 2084): initAlarm: setting up
12-03 21:44:57.397 I/ClockFace( 2084): Ambient mode: false
12-03 21:44:57.427 V/MyViewAnim( 2084): resumeMaxHertz
12-03 21:44:57.427 V/ClockFace( 2084): clearing caches
12-03 21:44:57.427 V/MyViewAnim( 2084): starting new animator
12-03 21:44:57.427 V/MyViewAnim( 2084): Time listener is up!
12-03 21:44:57.427 V/MyViewAnim( 2084): starting new draw thread
12-03 21:44:57.427 V/ClockFace( 2084): rendering new face, faceMode(0)
12-03 21:44:57.447 V/ClockFace( 2084): fetching new battery status (32708)
12-03 21:44:57.447 V/ClockFace( 2084): battery at 0.44
12-03 21:44:57.447 V/ClockFace( 2084): --> dot radius: 0.026
12-03 21:44:57.447 D/SensorHAL( 1754): adjustSensorHandle: handle = 9 adjustedHandle = 1
12-03 21:44:57.587 D/dalvikvm( 2002): GC_CONCURRENT freed 361K, 24% free 2282K/2964K, paused 3ms+1ms, total 50ms
12-03 21:45:02.272 I/PowerManagerService( 1754): Going to sleep due to screen timeout...
12-03 21:45:02.272 I/PowerManagerService( 1754): Dozing...
12-03 21:45:02.272 I/DreamController( 1754): Starting dream: name=ComponentInfo{com.google.android.wearable.app/com.google.android.clockwork.home.AmbientMode}, isTest=false, canDoze=true, userId=0
12-03 21:45:02.342 I/ActivityManager( 1754): START u0 {act=android.intent.action.MAIN cat=[android.intent.category.HOME] flg=0x10000000 cmp=com.google.android.wearable.app/com.google.android.clockwork.home.HomeActivity (has extras)} from pid 1872 on display 0
12-03 21:45:02.342 I/DreamController( 1754): Stopping dream: name=ComponentInfo{com.google.android.wearable.app/com.google.android.clockwork.home.AmbientMode}, isTest=false, canDoze=true, userId=0
12-03 21:45:02.352 I/PowerManagerService( 1754): Sleeping...
12-03 21:45:02.432 I/AmbientMode( 1872): Ambient mode started: canDoze=true, dozeHardware=null
12-03 21:45:02.432 D/mot_vr_audio_hw( 1421): dsp_recognizer_enabled = false
12-03 21:45:02.432 D/ADSPD   ( 1414): Client cmd=0x0003, size=4
12-03 21:45:02.432 D/mot_vr_audio_hw( 1421): Switching DSP to standby/passthrough mode
12-03 21:45:02.432 D/mot_vr_audio_hw( 1421): Input 0xb7d7a248 ready to read
12-03 21:45:02.442 D/ADSPD   ( 1414): Received from DSP: cmd=0x8003, size=2
12-03 21:45:02.442 D/ADSPD   ( 1414): Client cmd=0x0003, size=4
12-03 21:45:02.452 D/mot_vr_audio_hw( 1421): received recognition control callback, status 0
12-03 21:45:02.462 D/ADSPD   ( 1414): Received from DSP: cmd=0x8003, size=2
12-03 21:45:02.462 D/mot_vr_audio_hw( 1421): received recognition control callback, status 0
12-03 21:45:02.482 W/mot_vr_audio_hw( 1421): Discarded 10 buffers without finding audio data
12-03 21:45:02.492 D/ADSPD   ( 1414): Client cmd=0x0003, size=4
12-03 21:45:02.502 D/mot_vr_audio_hw( 1421): Re-arming DSP
12-03 21:45:02.502 D/mot_vr_audio_hw( 1421): Input 0xb7d7a248 standby complete
12-03 21:45:02.512 D/mot_vr_audio_hw( 1421): Input 0xb7d7a248 close complete
12-03 21:45:02.512 D/ADSPD   ( 1414): Received from DSP: cmd=0x8003, size=2
12-03 21:45:02.512 D/ADSPD   ( 1414): Client cmd=0x4003, size=2
12-03 21:45:02.512 D/mot_vr_audio_hw( 1421): received recognition control callback, status 0
12-03 21:45:02.512 D/mot_vr_audio_hw( 1421): dsp_recognizer_enabled = true
12-03 21:45:02.512 D/ADSPD   ( 1414): Client cmd=0x0003, size=4
12-03 21:45:02.522 D/mot_vr_audio_hw( 1421): open_input_stream(): devices = 0x80000004, rate = 8000, channels = 0x10
12-03 21:45:02.522 D/mot_vr_audio_hw( 1421): Created resampler for 16000->8000 Hz
12-03 21:45:02.532 D/ADSPD   ( 1414): Received from DSP: cmd=0x8003, size=2
12-03 21:45:02.532 D/ADSPD   ( 1414): Client cmd=0x4003, size=2
12-03 21:45:02.532 D/mot_vr_audio_hw( 1421): received recognition control callback, status 0
12-03 21:45:02.542 I/AmbientMode( 1872): Dream ended: isDozing=true
12-03 21:45:02.542 D/mot_vr_audio_hw( 1421): in_read waiting for hotword
12-03 21:45:02.632 E/HostWithRpcCallback( 1872): Failed to send RPC
12-03 21:45:02.632 E/HostWithRpcCallback( 1872): com.google.android.wearable.gmsclient.WearableException: sendRpcAsync failed: Status{statusCode=unknown status code: 4000, resolution=null}
12-03 21:45:02.632 E/HostWithRpcCallback( 1872): 	at com.google.android.wearable.gmsclient.GoogleApiClientHelper.throwIfFailed(GoogleApiClientHelper.java:98)
12-03 21:45:02.632 E/HostWithRpcCallback( 1872): 	at com.google.android.wearable.gmsclient.MessageManager$1$1.getResult(MessageManager.java:81)
12-03 21:45:02.632 E/HostWithRpcCallback( 1872): 	at com.google.android.wearable.gmsclient.MessageManager$1$1.getResult(MessageManager.java:78)
12-03 21:45:02.632 E/HostWithRpcCallback( 1872): 	at com.google.android.clockwork.actions.WearableHostWithRpcCallback$SendRpcCallbackWithId.onSendRpc(WearableHostWithRpcCallback.java:292)
12-03 21:45:02.632 E/HostWithRpcCallback( 1872): 	at com.google.android.wearable.gmsclient.MessageManager$1.onResult(MessageManager.java:78)
12-03 21:45:02.632 E/HostWithRpcCallback( 1872): 	at com.google.android.wearable.gmsclient.MessageManager$1.onResult(MessageManager.java:75)
12-03 21:45:02.632 E/HostWithRpcCallback( 1872): 	at com.google.android.gms.common.api.BaseImplementation$CallbackHandler.deliverResultCallback(Unknown Source)
12-03 21:45:02.632 E/HostWithRpcCallback( 1872): 	at com.google.android.gms.common.api.BaseImplementation$CallbackHandler.handleMessage(Unknown Source)
12-03 21:45:02.632 E/HostWithRpcCallback( 1872): 	at android.os.Handler.dispatchMessage(Handler.java:102)
12-03 21:45:02.632 E/HostWithRpcCallback( 1872): 	at android.os.Looper.loop(Looper.java:136)
12-03 21:45:02.632 E/HostWithRpcCallback( 1872): 	at android.app.ActivityThread.main(ActivityThread.java:5026)
12-03 21:45:02.632 E/HostWithRpcCallback( 1872): 	at java.lang.reflect.Method.invokeNative(Native Method)
12-03 21:45:02.632 E/HostWithRpcCallback( 1872): 	at java.lang.reflect.Method.invoke(Method.java:515)
12-03 21:45:02.632 E/HostWithRpcCallback( 1872): 	at com.android.internal.os.ZygoteInit$MethodAndArgsCaller.run(ZygoteInit.java:777)
12-03 21:45:02.632 E/HostWithRpcCallback( 1872): 	at com.android.internal.os.ZygoteInit.main(ZygoteInit.java:602)
12-03 21:45:02.632 E/HostWithRpcCallback( 1872): 	at dalvik.system.NativeStart.main(Native Method)
12-03 21:45:02.632 E/HostWithRpcCallback( 1872): Failed to send RPC
12-03 21:45:02.632 E/HostWithRpcCallback( 1872): com.google.android.wearable.gmsclient.WearableException: sendRpcAsync failed: Status{statusCode=unknown status code: 4000, resolution=null}
12-03 21:45:02.632 E/HostWithRpcCallback( 1872): 	at com.google.android.wearable.gmsclient.GoogleApiClientHelper.throwIfFailed(GoogleApiClientHelper.java:98)
12-03 21:45:02.632 E/HostWithRpcCallback( 1872): 	at com.google.android.wearable.gmsclient.MessageManager$1$1.getResult(MessageManager.java:81)
12-03 21:45:02.632 E/HostWithRpcCallback( 1872): 	at com.google.android.wearable.gmsclient.MessageManager$1$1.getResult(MessageManager.java:78)
12-03 21:45:02.632 E/HostWithRpcCallback( 1872): 	at com.google.android.clockwork.actions.WearableHostWithRpcCallback$SendRpcCallbackWithId.onSendRpc(WearableHostWithRpcCallback.java:292)
12-03 21:45:02.632 E/HostWithRpcCallback( 1872): 	at com.google.android.wearable.gmsclient.MessageManager$1.onResult(MessageManager.java:78)
12-03 21:45:02.632 E/HostWithRpcCallback( 1872): 	at com.google.android.wearable.gmsclient.MessageManager$1.onResult(MessageManager.java:75)
12-03 21:45:02.632 E/HostWithRpcCallback( 1872): 	at com.google.android.gms.common.api.BaseImplementation$CallbackHandler.deliverResultCallback(Unknown Source)
12-03 21:45:02.632 E/HostWithRpcCallback( 1872): 	at com.google.android.gms.common.api.BaseImplementation$CallbackHandler.handleMessage(Unknown Source)
12-03 21:45:02.632 E/HostWithRpcCallback( 1872): 	at android.os.Handler.dispatchMessage(Handler.java:102)
12-03 21:45:02.632 E/HostWithRpcCallback( 1872): 	at android.os.Looper.loop(Looper.java:136)
12-03 21:45:02.632 E/HostWithRpcCallback( 1872): 	at android.app.ActivityThread.main(ActivityThread.java:5026)
12-03 21:45:02.632 E/HostWithRpcCallback( 1872): 	at java.lang.reflect.Method.invokeNative(Native Method)
12-03 21:45:02.632 E/HostWithRpcCallback( 1872): 	at java.lang.reflect.Method.invoke(Method.java:515)
12-03 21:45:02.632 E/HostWithRpcCallback( 1872): 	at com.android.internal.os.ZygoteInit$MethodAndArgsCaller.run(ZygoteInit.java:777)
12-03 21:45:02.632 E/HostWithRpcCallback( 1872): 	at com.android.internal.os.ZygoteInit.main(ZygoteInit.java:602)
12-03 21:45:02.632 E/HostWithRpcCallback( 1872): 	at dalvik.system.NativeStart.main(Native Method)
12-03 21:45:02.972 D/LightsService( 1754): Excessive delay setting light: 59ms
12-03 21:45:02.972 D/SurfaceFlinger( 1419): Screen released, type=0 flinger=0xb76ea448
12-03 21:45:03.123 D/hwcomposer( 1419): hwc_blank(0: 1)
12-03 21:45:03.123 D/SurfaceControl( 1754): Excessive delay in blankDisplay() while turning screen off: 147ms
12-03 21:45:03.143 I/DisplayManagerService( 1754): Display device changed: DisplayDeviceInfo{"Built-in Screen": 320 x 290, 45.000004 fps, density 213, 203.2 x 204.61111 dpi, touch INTERNAL, rotation 0, type BUILT_IN, state OFF, FLAG_DEFAULT_DISPLAY, FLAG_ROTATES_WITH_CONTENT, FLAG_SECURE, FLAG_SUPPORTS_PROTECTED_BUFFERS}
12-03 21:45:03.143 V/ActivityManager( 1754): Display changed displayId=0
12-03 21:45:03.153 V/WearActivity( 2084): display changed: 0, new state: 1
12-03 21:45:03.153 I/TimeWrapper( 2084): FPS: 41.729996, samples: 239
12-03 21:45:03.153 I/TimeWrapper( 2084): Min/Avg/Max frame render speed (ms): 3.997802 / 5.106522 / 45.043945
12-03 21:45:03.153 I/TimeWrapper( 2084): Waketime: 21.309519%
12-03 21:45:03.153 V/MyViewAnim( 2084): redrawSlow: resume -> 1
12-03 21:45:03.153 V/MyViewAnim( 2084): redrawSlow: display change without state change -> 1
12-03 21:45:03.153 V/MyViewAnim( 2084): redrawSlow: startHelper -> 1
12-03 21:45:03.153 V/WearActivity( 2084): onDisplayChanged: off!
12-03 21:45:03.153 V/WearActivity( 2084): stopHelper: shutting things down
12-03 21:45:03.173 D/MinnowPowerHAL( 1754): power_set_interactive: 0
12-03 21:45:03.173 D/MinnowPowerHAL( 1754): sysfs_write: /sys/devices/platform/omapdss/display0/interactivemode 0
12-03 21:45:03.173 D/MinnowPowerHAL( 1754): sysfs_write: /sys/devices/ocp.2/i2c.6/i2c-0/0-004a/interactivemode 0
12-03 21:45:03.173 D/MinnowPowerHAL( 1754): sysfs_write: /sys/class/leds/lcd-backlight/interactive 0
12-03 21:45:03.173 D/mot_vr_audio_hw( 1754): dsp_set_pm_state = off
12-03 21:45:03.173 D/ADSPD   ( 1414): Client cmd=0x4002, size=2
12-03 21:45:03.183 D/ADSPD   ( 1414): DSP_CMD_DAEMON_SET_PM_STATE : 0
12-03 21:45:03.183 D/ADSPD   ( 1414): DSP not turned off as still being used
12-03 21:45:03.193 D/mot_vr_audio_hw( 1421): dsp_recognizer_enabled = false
12-03 21:45:03.193 D/ADSPD   ( 1414): Client cmd=0x0003, size=4
12-03 21:45:03.193 D/ADSPD   ( 1414): Trying to send to dsp while in dsp in RESET
12-03 21:45:03.193 W/mot_vr_audio_hw( 1421): Not allowing wake() since DSP is disabled
12-03 21:45:03.193 V/MyViewAnim( 2084): stopping animation!
12-03 21:45:03.193 V/MyViewAnim( 2084): killDrawThread
12-03 21:45:03.193 V/WearActivity( 2084): killing alarms
12-03 21:45:03.193 W/InputMethodManagerService( 1754): Ignoring setImeWindowStatus of uid 1000 token: null
12-03 21:45:03.203 I/ClockFace( 2084): Ambient mode: false
12-03 21:45:03.203 V/WearActivity( 2084): Pause!
12-03 21:45:03.203 W/mot_vr_audio_hw( 1421): Not allowing wake() since DSP is disabled
12-03 21:45:03.203 V/WearActivity( 2084): Stop!
12-03 21:45:03.203 V/MyViewAnim/PanelThread( 2084): looper finished!
12-03 21:45:03.203 V/MyViewAnim/PanelThread( 2084): draw thread termination
12-03 21:45:03.213 D/ADSPD   ( 1414): Client cmd=0x4003, size=2
12-03 21:45:03.223 D/ADSPD   ( 1414): DSP no longer used, turned off here
12-03 21:45:03.223 D/mot_vr_audio_hw( 1421): Input 0xb7d7a248 close complete
12-03 21:45:03.233 E/HostWithRpcCallback( 1872): Failed to send RPC
12-03 21:45:03.233 E/HostWithRpcCallback( 1872): com.google.android.wearable.gmsclient.WearableException: sendRpcAsync failed: Status{statusCode=unknown status code: 4000, resolution=null}
12-03 21:45:03.233 E/HostWithRpcCallback( 1872): 	at com.google.android.wearable.gmsclient.GoogleApiClientHelper.throwIfFailed(GoogleApiClientHelper.java:98)
12-03 21:45:03.233 E/HostWithRpcCallback( 1872): 	at com.google.android.wearable.gmsclient.MessageManager$1$1.getResult(MessageManager.java:81)
12-03 21:45:03.233 E/HostWithRpcCallback( 1872): 	at com.google.android.wearable.gmsclient.MessageManager$1$1.getResult(MessageManager.java:78)
12-03 21:45:03.233 E/HostWithRpcCallback( 1872): 	at com.google.android.clockwork.actions.WearableHostWithRpcCallback$SendRpcCallbackWithId.onSendRpc(WearableHostWithRpcCallback.java:292)
12-03 21:45:03.233 E/HostWithRpcCallback( 1872): 	at com.google.android.wearable.gmsclient.MessageManager$1.onResult(MessageManager.java:78)
12-03 21:45:03.233 E/HostWithRpcCallback( 1872): 	at com.google.android.wearable.gmsclient.MessageManager$1.onResult(MessageManager.java:75)
12-03 21:45:03.233 E/HostWithRpcCallback( 1872): 	at com.google.android.gms.common.api.BaseImplementation$CallbackHandler.deliverResultCallback(Unknown Source)
12-03 21:45:03.233 E/HostWithRpcCallback( 1872): 	at com.google.android.gms.common.api.BaseImplementation$CallbackHandler.handleMessage(Unknown Source)
12-03 21:45:03.233 E/HostWithRpcCallback( 1872): 	at android.os.Handler.dispatchMessage(Handler.java:102)
12-03 21:45:03.233 E/HostWithRpcCallback( 1872): 	at android.os.Looper.loop(Looper.java:136)
12-03 21:45:03.233 E/HostWithRpcCallback( 1872): 	at android.app.ActivityThread.main(ActivityThread.java:5026)
12-03 21:45:03.233 E/HostWithRpcCallback( 1872): 	at java.lang.reflect.Method.invokeNative(Native Method)
12-03 21:45:03.233 E/HostWithRpcCallback( 1872): 	at java.lang.reflect.Method.invoke(Method.java:515)
12-03 21:45:03.233 E/HostWithRpcCallback( 1872): 	at com.android.internal.os.ZygoteInit$MethodAndArgsCaller.run(ZygoteInit.java:777)
12-03 21:45:03.233 E/HostWithRpcCallback( 1872): 	at com.android.internal.os.ZygoteInit.main(ZygoteInit.java:602)
12-03 21:45:03.233 E/HostWithRpcCallback( 1872): 	at dalvik.system.NativeStart.main(Native Method)
12-03 21:48:10.021 D/WearApiHelper( 3008): sendMessage: /SYNC_NEEDED
12-03 21:48:10.021 D/WearApiHelper( 3008): Not connected waiting connection
12-03 21:48:10.041 D/WearableClient( 3008): WearableClientImpl.onPostInitHandler: done
12-03 21:48:10.041 D/WearApiHelper( 3008): Finally connected! Sending message: /SYNC_NEEDED
12-03 21:48:10.041 D/WearApiHelper( 3008): Stack 0
12-03 21:49:46.821 I/Fitness ( 1970): WearableSyncServiceReceiver.onReceive
12-03 21:49:46.821 I/ActivityManager( 1754): Delay finish: com.google.android.gms/.fitness.wearables.WearableSyncServiceReceiver
12-03 21:49:46.851 D/WearableClient( 1970): WearableClientImpl.onPostInitHandler: done
12-03 21:49:46.861 I/ActivityManager( 1754): Resuming delayed broadcast
12-03 21:49:46.861 D/ConnectivityService( 1754): Sampling interval elapsed, updating statistics ..
12-03 21:49:46.861 D/ConnectivityService( 1754): Done.
12-03 21:49:46.861 D/ConnectivityService( 1754): Setting timer for 720seconds
12-03 21:49:46.881 I/EventLogService( 1886): Aggregate from 1417663153258 (log), 1417663153258 (data)
12-03 21:49:46.881 I/ActivityManager( 1754): Delay finish: com.google.android.gms/.checkin.EventLogService$Receiver
12-03 21:49:46.991 I/ServiceDumpSys( 1886): dumping service [account]
12-03 21:49:47.021 I/ActivityManager( 1754): Resuming delayed broadcast
12-03 21:56:14.031 W/Uploader( 1920): No account for auth token provided
12-03 21:56:14.061 D/dalvikvm( 1920): GC_CONCURRENT freed 422K, 20% free 2893K/3612K, paused 10ms+23ms, total 62ms
12-03 21:56:14.071 I/PseudonymousIdIntentService( 1920): getToken invoked
12-03 21:56:14.071 I/ActivityManager( 1754): Delay finish: com.npi.wearbatterystats/.receiver.BatteryReceiver
12-03 21:56:14.081 D/Uploader( 1920): Network request failed class java.net.UnknownHostException(Unable to resolve host "play.googleapis.com": No address associated with hostname)
12-03 21:56:14.091 I/ActivityManager( 1754): Resuming delayed broadcast
12-03 21:57:24.831 I/ActivityManager( 1754): Delay finish: com.motorola.targetnotif/com.motorola.omni.NotificationAlarmReceiver
12-03 21:57:24.841 I/ActivityManager( 1754): Resuming delayed broadcast
12-03 22:00:10.231 D/WearApiHelper( 3008): Disconnecting
12-03 22:04:27.831 D/ConnectivityService( 1754): Sampling interval elapsed, updating statistics ..
12-03 22:04:27.831 D/ConnectivityService( 1754): Done.
12-03 22:04:27.831 D/ConnectivityService( 1754): Setting timer for 720seconds
12-03 22:04:27.841 I/Fitness ( 1970): WearableSyncServiceReceiver.onReceive
12-03 22:04:27.871 I/ActivityManager( 1754): Delay finish: com.google.android.gms/.fitness.wearables.WearableSyncServiceReceiver
12-03 22:04:27.911 D/WearableClient( 1970): WearableClientImpl.onPostInitHandler: done
12-03 22:04:27.911 I/ActivityManager( 1754): Resuming delayed broadcast
12-03 22:04:27.961 D/dalvikvm( 1754): GC_CONCURRENT freed 695K, 22% free 4905K/6260K, paused 9ms+5ms, total 130ms
12-03 22:04:27.971 D/dalvikvm( 1904): GC_CONCURRENT freed 383K, 29% free 2227K/3128K, paused 4ms+22ms, total 67ms
12-03 22:08:10.021 D/WearApiHelper( 3008): sendMessage: /SYNC_NEEDED
12-03 22:08:10.031 D/WearableClient( 3008): WearableClientImpl.onPostInitHandler: done
12-03 22:08:10.031 D/WearApiHelper( 3008): Not connected waiting connection
12-03 22:08:10.041 D/WearApiHelper( 3008): Finally connected! Sending message: /SYNC_NEEDED
12-03 22:08:10.041 D/WearApiHelper( 3008): Stack 0
12-03 22:09:31.612 D/SensorHALGestureSensor( 1754): Gesture event received! time = 1417666171614818501
12-03 22:09:31.612 I/PowerManagerService( 1754): Waking up from sleep...
12-03 22:09:31.612 W/KeyguardServiceDelegate( 1754): onScreenTurnedOn(): no keyguard service!
12-03 22:09:31.742 D/PowerManagerService-JNI( 1754): Excessive delay in autosuspend_disable() while turning screen on: 119ms
12-03 22:09:31.742 D/MinnowPowerHAL( 1754): power_set_interactive: 1
12-03 22:09:31.742 D/MinnowPowerHAL( 1754): sysfs_write: /sys/devices/platform/omapdss/display0/interactivemode 1
12-03 22:09:31.802 D/MinnowPowerHAL( 1754): sysfs_write: /sys/devices/ocp.2/i2c.6/i2c-0/0-004a/interactivemode 1
12-03 22:09:31.802 D/MinnowPowerHAL( 1754): sysfs_write: /sys/class/leds/lcd-backlight/interactive 1
12-03 22:09:31.802 D/mot_vr_audio_hw( 1754): dsp_set_pm_state = on
12-03 22:09:31.802 D/ADSPD   ( 1414): Client cmd=0x4002, size=2
12-03 22:09:31.802 D/ADSPD   ( 1414): DSP_CMD_DAEMON_SET_PM_STATE : 1
12-03 22:09:31.802 D/PowerManagerService-JNI( 1754): Excessive delay in setInteractive(true) while turning screen on: 57ms
12-03 22:09:31.802 V/WearActivity( 2084): Resume!
12-03 22:09:31.802 V/MyViewAnim( 2084): success getting new surface holder
12-03 22:09:31.812 V/ClockState( 2084): clipping 7 raw events to fit the screen
12-03 22:09:31.812 V/EventLayoutUniform( 2084): Event layout success.
12-03 22:09:31.812 V/EventLayoutUniform( 2084): Event layout time: 7.507324 ms
12-03 22:09:31.812 V/ClockState( 2084): maxLevel for new events: 10000
12-03 22:09:31.812 V/ClockState( 2084): number of new events: 3
12-03 22:09:31.822 W/InputMethodManagerService( 1754): Ignoring setImeWindowStatus of uid 1000 token: null
12-03 22:09:31.832 E/ClockworkHome( 1872): Tried to exit ambient mode, but enterAmbientMode() was never called.
12-03 22:09:31.832 D/mot_vr_audio_hw( 1421): dsp_recognizer_enabled = true
12-03 22:09:31.832 D/mot_vr_audio_hw( 1421): open_input_stream(): devices = 0x80000004, rate = 8000, channels = 0x10
12-03 22:09:31.832 D/mot_vr_audio_hw( 1421): Created resampler for 16000->8000 Hz
12-03 22:09:31.852 D/mot_vr_audio_hw( 1421): in_read waiting for hotword
12-03 22:09:31.872 E/HostWithRpcCallback( 1872): Failed to send RPC
12-03 22:09:31.872 E/HostWithRpcCallback( 1872): com.google.android.wearable.gmsclient.WearableException: sendRpcAsync failed: Status{statusCode=unknown status code: 4000, resolution=null}
12-03 22:09:31.872 E/HostWithRpcCallback( 1872): 	at com.google.android.wearable.gmsclient.GoogleApiClientHelper.throwIfFailed(GoogleApiClientHelper.java:98)
12-03 22:09:31.872 E/HostWithRpcCallback( 1872): 	at com.google.android.wearable.gmsclient.MessageManager$1$1.getResult(MessageManager.java:81)
12-03 22:09:31.872 E/HostWithRpcCallback( 1872): 	at com.google.android.wearable.gmsclient.MessageManager$1$1.getResult(MessageManager.java:78)
12-03 22:09:31.872 E/HostWithRpcCallback( 1872): 	at com.google.android.clockwork.actions.WearableHostWithRpcCallback$SendRpcCallbackWithId.onSendRpc(WearableHostWithRpcCallback.java:292)
12-03 22:09:31.872 E/HostWithRpcCallback( 1872): 	at com.google.android.wearable.gmsclient.MessageManager$1.onResult(MessageManager.java:78)
12-03 22:09:31.872 E/HostWithRpcCallback( 1872): 	at com.google.android.wearable.gmsclient.MessageManager$1.onResult(MessageManager.java:75)
12-03 22:09:31.872 E/HostWithRpcCallback( 1872): 	at com.google.android.gms.common.api.BaseImplementation$CallbackHandler.deliverResultCallback(Unknown Source)
12-03 22:09:31.872 E/HostWithRpcCallback( 1872): 	at com.google.android.gms.common.api.BaseImplementation$CallbackHandler.handleMessage(Unknown Source)
12-03 22:09:31.872 E/HostWithRpcCallback( 1872): 	at android.os.Handler.dispatchMessage(Handler.java:102)
12-03 22:09:31.872 E/HostWithRpcCallback( 1872): 	at android.os.Looper.loop(Looper.java:136)
12-03 22:09:31.872 E/HostWithRpcCallback( 1872): 	at android.app.ActivityThread.main(ActivityThread.java:5026)
12-03 22:09:31.872 E/HostWithRpcCallback( 1872): 	at java.lang.reflect.Method.invokeNative(Native Method)
12-03 22:09:31.872 E/HostWithRpcCallback( 1872): 	at java.lang.reflect.Method.invoke(Method.java:515)
12-03 22:09:31.872 E/HostWithRpcCallback( 1872): 	at com.android.internal.os.ZygoteInit$MethodAndArgsCaller.run(ZygoteInit.java:777)
12-03 22:09:31.872 E/HostWithRpcCallback( 1872): 	at com.android.internal.os.ZygoteInit.main(ZygoteInit.java:602)
12-03 22:09:31.872 E/HostWithRpcCallback( 1872): 	at dalvik.system.NativeStart.main(Native Method)
12-03 22:09:31.872 I/TimeWrapper( 2084): FPS: 6.8087294E-4, samples: 1
12-03 22:09:31.872 I/TimeWrapper( 2084): Min/Avg/Max frame render speed (ms): 63.50708 / 63.50708 / 63.50708
12-03 22:09:31.872 I/TimeWrapper( 2084): Waketime: 0.0043240255%
12-03 22:09:31.952 D/SurfaceFlinger( 1419): Screen acquired, type=0 flinger=0xb76ea448
12-03 22:09:31.952 D/hwcomposer( 1419): hwc_blank(0: 0)
12-03 22:09:31.952 D/SensorHAL( 1754): adjustSensorHandle: handle = 9 adjustedHandle = 1
12-03 22:09:31.952 D/SensorHAL( 1754): adjustSensorHandle: handle = 9 adjustedHandle = 1
12-03 22:09:31.962 I/DisplayManagerService( 1754): Display device changed: DisplayDeviceInfo{"Built-in Screen": 320 x 290, 45.000004 fps, density 213, 203.2 x 204.61111 dpi, touch INTERNAL, rotation 0, type BUILT_IN, state ON, FLAG_DEFAULT_DISPLAY, FLAG_ROTATES_WITH_CONTENT, FLAG_SECURE, FLAG_SUPPORTS_PROTECTED_BUFFERS}
12-03 22:09:31.962 V/ActivityManager( 1754): Display changed displayId=0
12-03 22:09:31.982 D/SensorHAL( 1754): adjustSensorHandle: handle = 9 adjustedHandle = 1
12-03 22:09:32.002 V/WearActivity( 2084): display changed: 0, new state: 2
12-03 22:09:32.002 V/WearActivity( 2084): onDisplayChanged: on!
12-03 22:09:32.002 V/WearActivity( 2084): killing alarms
12-03 22:09:32.002 V/WearActivity( 2084): startHelper: putting it all back together again
12-03 22:09:32.002 V/WearActivity( 2084): initAlarm: setting up
12-03 22:09:32.002 I/ClockFace( 2084): Ambient mode: false
12-03 22:09:32.032 V/MyViewAnim( 2084): resumeMaxHertz
12-03 22:09:32.032 V/ClockFace( 2084): clearing caches
12-03 22:09:32.032 V/MyViewAnim( 2084): starting new animator
12-03 22:09:32.032 V/MyViewAnim( 2084): Time listener is up!
12-03 22:09:32.032 V/MyViewAnim( 2084): starting new draw thread
12-03 22:09:32.042 V/ClockFace( 2084): rendering new face, faceMode(0)
12-03 22:09:32.062 V/ClockFace( 2084): fetching new battery status (32950)
12-03 22:09:32.062 V/ClockFace( 2084): battery at 0.42
12-03 22:09:32.062 V/ClockFace( 2084): --> dot radius: 0.028
12-03 22:09:32.102 E/ADSPD   ( 1414): Timeout on select()
12-03 22:09:32.102 E/ADSPD   ( 1414): NO ACK received after loading firmware
12-03 22:09:32.102 E/ADSPD   ( 1414): Unknown ACK received 0x00
12-03 22:09:32.102 D/ADSPD   ( 1414): Client cmd=0x0003, size=4
12-03 22:09:32.112 D/ADSPD   ( 1414): Received from DSP: cmd=0x8003, size=2
12-03 22:09:32.112 D/ADSPD   ( 1414): Client cmd=0x4003, size=2
12-03 22:09:32.112 D/mot_vr_audio_hw( 1421): received recognition control callback, status 0
12-03 22:09:32.403 D/WearApiHelper( 3008): sendMessage: /SYNC_NEEDED
12-03 22:09:32.403 D/WearApiHelper( 3008): Already connected. Sending message: /SYNC_NEEDED
12-03 22:09:35.756 D/WearApiHelper( 3008): Disconnecting
12-03 22:09:36.817 I/PowerManagerService( 1754): Going to sleep due to screen timeout...
12-03 22:09:36.817 I/PowerManagerService( 1754): Dozing...
12-03 22:09:36.817 I/DreamController( 1754): Starting dream: name=ComponentInfo{com.google.android.wearable.app/com.google.android.clockwork.home.AmbientMode}, isTest=false, canDoze=true, userId=0
12-03 22:09:36.907 I/ActivityManager( 1754): START u0 {act=android.intent.action.MAIN cat=[android.intent.category.HOME] flg=0x10000000 cmp=com.google.android.wearable.app/com.google.android.clockwork.home.HomeActivity (has extras)} from pid 1872 on display 0
12-03 22:09:36.917 I/DreamController( 1754): Stopping dream: name=ComponentInfo{com.google.android.wearable.app/com.google.android.clockwork.home.AmbientMode}, isTest=false, canDoze=true, userId=0
12-03 22:09:36.927 I/PowerManagerService( 1754): Sleeping...
12-03 22:09:36.987 I/AmbientMode( 1872): Ambient mode started: canDoze=true, dozeHardware=null
12-03 22:09:36.987 D/mot_vr_audio_hw( 1421): dsp_recognizer_enabled = false
12-03 22:09:36.987 D/ADSPD   ( 1414): Client cmd=0x0003, size=4
12-03 22:09:36.997 D/mot_vr_audio_hw( 1421): Switching DSP to standby/passthrough mode
12-03 22:09:36.997 D/mot_vr_audio_hw( 1421): Input 0xb7d796e8 ready to read
12-03 22:09:37.007 D/ADSPD   ( 1414): Received from DSP: cmd=0x8003, size=2
12-03 22:09:37.007 D/ADSPD   ( 1414): Client cmd=0x0003, size=4
12-03 22:09:37.007 D/mot_vr_audio_hw( 1421): received recognition control callback, status 0
12-03 22:09:37.017 D/ADSPD   ( 1414): Received from DSP: cmd=0x8003, size=2
12-03 22:09:37.017 D/mot_vr_audio_hw( 1421): received recognition control callback, status 0
12-03 22:09:37.047 W/mot_vr_audio_hw( 1421): Discarded 10 buffers without finding audio data
12-03 22:09:37.057 D/ADSPD   ( 1414): Client cmd=0x0003, size=4
12-03 22:09:37.057 D/mot_vr_audio_hw( 1421): Re-arming DSP
12-03 22:09:37.057 D/mot_vr_audio_hw( 1421): Input 0xb7d796e8 standby complete
12-03 22:09:37.067 D/mot_vr_audio_hw( 1421): Input 0xb7d796e8 close complete
12-03 22:09:37.067 D/ADSPD   ( 1414): Received from DSP: cmd=0x8003, size=2
12-03 22:09:37.067 D/ADSPD   ( 1414): Client cmd=0x4003, size=2
12-03 22:09:37.067 D/mot_vr_audio_hw( 1421): received recognition control callback, status 0
12-03 22:09:37.077 D/mot_vr_audio_hw( 1421): dsp_recognizer_enabled = true
12-03 22:09:37.077 D/ADSPD   ( 1414): Client cmd=0x0003, size=4
12-03 22:09:37.077 D/mot_vr_audio_hw( 1421): open_input_stream(): devices = 0x80000004, rate = 8000, channels = 0x10
12-03 22:09:37.077 D/mot_vr_audio_hw( 1421): Created resampler for 16000->8000 Hz
12-03 22:09:37.087 D/ADSPD   ( 1414): Received from DSP: cmd=0x8003, size=2
12-03 22:09:37.087 D/ADSPD   ( 1414): Client cmd=0x4003, size=2
12-03 22:09:37.087 D/mot_vr_audio_hw( 1421): received recognition control callback, status 0
12-03 22:09:37.087 I/AmbientMode( 1872): Dream ended: isDozing=true
12-03 22:09:37.097 D/mot_vr_audio_hw( 1421): in_read waiting for hotword
12-03 22:09:37.197 E/HostWithRpcCallback( 1872): Failed to send RPC
12-03 22:09:37.197 E/HostWithRpcCallback( 1872): com.google.android.wearable.gmsclient.WearableException: sendRpcAsync failed: Status{statusCode=unknown status code: 4000, resolution=null}
12-03 22:09:37.197 E/HostWithRpcCallback( 1872): 	at com.google.android.wearable.gmsclient.GoogleApiClientHelper.throwIfFailed(GoogleApiClientHelper.java:98)
12-03 22:09:37.197 E/HostWithRpcCallback( 1872): 	at com.google.android.wearable.gmsclient.MessageManager$1$1.getResult(MessageManager.java:81)
12-03 22:09:37.197 E/HostWithRpcCallback( 1872): 	at com.google.android.wearable.gmsclient.MessageManager$1$1.getResult(MessageManager.java:78)
12-03 22:09:37.197 E/HostWithRpcCallback( 1872): 	at com.google.android.clockwork.actions.WearableHostWithRpcCallback$SendRpcCallbackWithId.onSendRpc(WearableHostWithRpcCallback.java:292)
12-03 22:09:37.197 E/HostWithRpcCallback( 1872): 	at com.google.android.wearable.gmsclient.MessageManager$1.onResult(MessageManager.java:78)
12-03 22:09:37.197 E/HostWithRpcCallback( 1872): 	at com.google.android.wearable.gmsclient.MessageManager$1.onResult(MessageManager.java:75)
12-03 22:09:37.197 E/HostWithRpcCallback( 1872): 	at com.google.android.gms.common.api.BaseImplementation$CallbackHandler.deliverResultCallback(Unknown Source)
12-03 22:09:37.197 E/HostWithRpcCallback( 1872): 	at com.google.android.gms.common.api.BaseImplementation$CallbackHandler.handleMessage(Unknown Source)
12-03 22:09:37.197 E/HostWithRpcCallback( 1872): 	at android.os.Handler.dispatchMessage(Handler.java:102)
12-03 22:09:37.197 E/HostWithRpcCallback( 1872): 	at android.os.Looper.loop(Looper.java:136)
12-03 22:09:37.197 E/HostWithRpcCallback( 1872): 	at android.app.ActivityThread.main(ActivityThread.java:5026)
12-03 22:09:37.197 E/HostWithRpcCallback( 1872): 	at java.lang.reflect.Method.invokeNative(Native Method)
12-03 22:09:37.197 E/HostWithRpcCallback( 1872): 	at java.lang.reflect.Method.invoke(Method.java:515)
12-03 22:09:37.197 E/HostWithRpcCallback( 1872): 	at com.android.internal.os.ZygoteInit$MethodAndArgsCaller.run(ZygoteInit.java:777)
12-03 22:09:37.197 E/HostWithRpcCallback( 1872): 	at com.android.internal.os.ZygoteInit.main(ZygoteInit.java:602)
12-03 22:09:37.197 E/HostWithRpcCallback( 1872): 	at dalvik.system.NativeStart.main(Native Method)
12-03 22:09:37.197 E/HostWithRpcCallback( 1872): Failed to send RPC
12-03 22:09:37.197 E/HostWithRpcCallback( 1872): com.google.android.wearable.gmsclient.WearableException: sendRpcAsync failed: Status{statusCode=unknown status code: 4000, resolution=null}
12-03 22:09:37.197 E/HostWithRpcCallback( 1872): 	at com.google.android.wearable.gmsclient.GoogleApiClientHelper.throwIfFailed(GoogleApiClientHelper.java:98)
12-03 22:09:37.197 E/HostWithRpcCallback( 1872): 	at com.google.android.wearable.gmsclient.MessageManager$1$1.getResult(MessageManager.java:81)
12-03 22:09:37.197 E/HostWithRpcCallback( 1872): 	at com.google.android.wearable.gmsclient.MessageManager$1$1.getResult(MessageManager.java:78)
12-03 22:09:37.197 E/HostWithRpcCallback( 1872): 	at com.google.android.clockwork.actions.WearableHostWithRpcCallback$SendRpcCallbackWithId.onSendRpc(WearableHostWithRpcCallback.java:292)
12-03 22:09:37.197 E/HostWithRpcCallback( 1872): 	at com.google.android.wearable.gmsclient.MessageManager$1.onResult(MessageManager.java:78)
12-03 22:09:37.197 E/HostWithRpcCallback( 1872): 	at com.google.android.wearable.gmsclient.MessageManager$1.onResult(MessageManager.java:75)
12-03 22:09:37.197 E/HostWithRpcCallback( 1872): 	at com.google.android.gms.common.api.BaseImplementation$CallbackHandler.deliverResultCallback(Unknown Source)
12-03 22:09:37.197 E/HostWithRpcCallback( 1872): 	at com.google.android.gms.common.api.BaseImplementation$CallbackHandler.handleMessage(Unknown Source)
12-03 22:09:37.197 E/HostWithRpcCallback( 1872): 	at android.os.Handler.dispatchMessage(Handler.java:102)
12-03 22:09:37.197 E/HostWithRpcCallback( 1872): 	at android.os.Looper.loop(Looper.java:136)
12-03 22:09:37.197 E/HostWithRpcCallback( 1872): 	at android.app.ActivityThread.main(ActivityThread.java:5026)
12-03 22:09:37.197 E/HostWithRpcCallback( 1872): 	at java.lang.reflect.Method.invokeNative(Native Method)
12-03 22:09:37.197 E/HostWithRpcCallback( 1872): 	at java.lang.reflect.Method.invoke(Method.java:515)
12-03 22:09:37.197 E/HostWithRpcCallback( 1872): 	at com.android.internal.os.ZygoteInit$MethodAndArgsCaller.run(ZygoteInit.java:777)
12-03 22:09:37.197 E/HostWithRpcCallback( 1872): 	at com.android.internal.os.ZygoteInit.main(ZygoteInit.java:602)
12-03 22:09:37.197 E/HostWithRpcCallback( 1872): 	at dalvik.system.NativeStart.main(Native Method)
12-03 22:09:37.628 D/LightsService( 1754): Excessive delay setting light: 97ms
12-03 22:09:37.628 D/SurfaceFlinger( 1419): Screen released, type=0 flinger=0xb76ea448
12-03 22:09:37.768 D/hwcomposer( 1419): hwc_blank(0: 1)
12-03 22:09:37.768 D/SurfaceControl( 1754): Excessive delay in blankDisplay() while turning screen off: 140ms
12-03 22:09:37.788 I/DisplayManagerService( 1754): Display device changed: DisplayDeviceInfo{"Built-in Screen": 320 x 290, 45.000004 fps, density 213, 203.2 x 204.61111 dpi, touch INTERNAL, rotation 0, type BUILT_IN, state OFF, FLAG_DEFAULT_DISPLAY, FLAG_ROTATES_WITH_CONTENT, FLAG_SECURE, FLAG_SUPPORTS_PROTECTED_BUFFERS}
12-03 22:09:37.788 V/ActivityManager( 1754): Display changed displayId=0
12-03 22:09:37.798 V/WearActivity( 2084): display changed: 0, new state: 1
12-03 22:09:37.798 I/TimeWrapper( 2084): FPS: 40.7043, samples: 235
12-03 22:09:37.798 I/TimeWrapper( 2084): Min/Avg/Max frame render speed (ms): 4.669189 / 6.11806 / 33.84399
12-03 22:09:37.798 I/TimeWrapper( 2084): Waketime: 24.903137%
12-03 22:09:37.798 V/MyViewAnim( 2084): redrawSlow: resume -> 1
12-03 22:09:37.798 V/MyViewAnim( 2084): redrawSlow: startHelper -> 1
12-03 22:09:37.798 V/WearActivity( 2084): onDisplayChanged: off!
12-03 22:09:37.798 V/WearActivity( 2084): stopHelper: shutting things down
12-03 22:09:37.818 D/MinnowPowerHAL( 1754): power_set_interactive: 0
