10-30 07:05:00.116    1751-1917/? I/ActivityManager﹕ START u0 {act=android.intent.action.MAIN cat=[android.intent.category.DESK_DOCK] flg=0x10000000 cmp=com.motorola.targetnotif/com.motorola.loop.ChargeActivity (has extras)} from pid 1869 on display 0
10-30 07:06:00.256    1751-1930/? I/ActivityManager﹕ START u0 {act=android.intent.action.MAIN cat=[android.intent.category.DESK_DOCK] flg=0x10000000 cmp=com.motorola.targetnotif/com.motorola.loop.ChargeActivity (has extras)} from pid 1869 on display 0
10-30 07:07:00.116    1751-2313/? I/ActivityManager﹕ START u0 {act=android.intent.action.MAIN cat=[android.intent.category.DESK_DOCK] flg=0x10000000 cmp=com.motorola.targetnotif/com.motorola.loop.ChargeActivity (has extras)} from pid 1869 on display 0
10-30 07:08:00.196    1751-1801/? I/ActivityManager﹕ START u0 {act=android.intent.action.MAIN cat=[android.intent.category.DESK_DOCK] flg=0x10000000 cmp=com.motorola.targetnotif/com.motorola.loop.ChargeActivity (has extras)} from pid 1869 on display 0
10-30 07:09:00.116    1751-5368/? I/ActivityManager﹕ START u0 {act=android.intent.action.MAIN cat=[android.intent.category.DESK_DOCK] flg=0x10000000 cmp=com.motorola.targetnotif/com.motorola.loop.ChargeActivity (has extras)} from pid 1869 on display 0
10-30 07:10:00.196    1751-1930/? I/ActivityManager﹕ START u0 {act=android.intent.action.MAIN cat=[android.intent.category.DESK_DOCK] flg=0x10000000 cmp=com.motorola.targetnotif/com.motorola.loop.ChargeActivity (has extras)} from pid 1869 on display 0
10-30 07:11:00.106    1751-1917/? I/ActivityManager﹕ START u0 {act=android.intent.action.MAIN cat=[android.intent.category.DESK_DOCK] flg=0x10000000 cmp=com.motorola.targetnotif/com.motorola.loop.ChargeActivity (has extras)} from pid 1869 on display 0
10-30 07:12:00.266    1751-2313/? I/ActivityManager﹕ START u0 {act=android.intent.action.MAIN cat=[android.intent.category.DESK_DOCK] flg=0x10000000 cmp=com.motorola.targetnotif/com.motorola.loop.ChargeActivity (has extras)} from pid 1869 on display 0
10-30 07:13:00.115    1751-5368/? I/ActivityManager﹕ START u0 {act=android.intent.action.MAIN cat=[android.intent.category.DESK_DOCK] flg=0x10000000 cmp=com.motorola.targetnotif/com.motorola.loop.ChargeActivity (has extras)} from pid 1869 on display 0
10-30 07:13:15.460    1751-1771/? I/ProcessStatsService﹕ Prepared write state in 8ms
10-30 07:13:15.480    1751-1770/? I/ProcessStatsService﹕ Pruning old procstats: /data/system/procstats/state-2014-10-28-10-10-00.bin
10-30 07:14:00.194    1751-1762/? I/ActivityManager﹕ START u0 {act=android.intent.action.MAIN cat=[android.intent.category.DESK_DOCK] flg=0x10000000 cmp=com.motorola.targetnotif/com.motorola.loop.ChargeActivity (has extras)} from pid 1869 on display 0
10-30 07:15:00.102    1751-1761/? I/ActivityManager﹕ START u0 {act=android.intent.action.MAIN cat=[android.intent.category.DESK_DOCK] flg=0x10000000 cmp=com.motorola.targetnotif/com.motorola.loop.ChargeActivity (has extras)} from pid 1869 on display 0
10-30 07:15:15.447    1751-1795/? D/ConnectivityService﹕ Sampling interval elapsed, updating statistics ..
10-30 07:15:15.467    1751-1795/? D/ConnectivityService﹕ Done.
10-30 07:15:15.467    1751-1795/? D/ConnectivityService﹕ Setting timer for 720seconds
10-30 07:15:15.537    1751-1897/? I/ActivityManager﹕ Delay finish: com.google.android.gms/.fitness.wearables.WearableSyncServiceReceiver
10-30 07:15:15.578    1751-1930/? I/ActivityManager﹕ Resuming delayed broadcast
10-30 07:16:00.221    1751-1801/? I/ActivityManager﹕ START u0 {act=android.intent.action.MAIN cat=[android.intent.category.DESK_DOCK] flg=0x10000000 cmp=com.motorola.targetnotif/com.motorola.loop.ChargeActivity (has extras)} from pid 1869 on display 0
10-30 07:17:00.120    1751-2279/? I/ActivityManager﹕ START u0 {act=android.intent.action.MAIN cat=[android.intent.category.DESK_DOCK] flg=0x10000000 cmp=com.motorola.targetnotif/com.motorola.loop.ChargeActivity (has extras)} from pid 1869 on display 0
10-30 07:17:58.212    1751-1803/? I/PowerManagerService﹕ Waking up from dozing...
10-30 07:17:58.212    1751-1775/? W/KeyguardServiceDelegate﹕ onScreenTurnedOn(): no keyguard service!
10-30 07:17:58.252    1751-1774/? I/DreamController﹕ Stopping dream: name=ComponentInfo{com.google.android.wearable.app/com.google.android.clockwork.home.AmbientMode}, isTest=false, canDoze=true, userId=0
10-30 07:17:58.302    1751-1751/? W/InputMethodManagerService﹕ Ignoring setImeWindowStatus of uid 1000 token: null
10-30 07:17:58.332    1751-1751/? I/DockObserver﹕ Dock state changed from 1 to 0
10-30 07:17:58.402    1751-1777/? I/DisplayManagerService﹕ Display device changed: DisplayDeviceInfo{"Built-in Screen": 320 x 290, 45.000004 fps, density 213, 203.2 x 204.61111 dpi, touch INTERNAL, rotation 0, type BUILT_IN, state ON, FLAG_DEFAULT_DISPLAY, FLAG_ROTATES_WITH_CONTENT, FLAG_SECURE, FLAG_SUPPORTS_PROTECTED_BUFFERS}
10-30 07:17:58.452    1751-1751/? V/ActivityManager﹕ Display changed displayId=0
10-30 07:17:58.482    1751-1777/? I/DisplayManagerService﹕ Display device changed: DisplayDeviceInfo{"ActivityViewVirtualDisplay": 320 x 320, 60.0 fps, density 213, 213.0 x 213.0 dpi, touch NONE, rotation 0, type VIRTUAL, state ON, owner android (uid 1000), FLAG_OWN_CONTENT_ONLY}
10-30 07:17:58.512    1751-1751/? V/ActivityManager﹕ Display changed displayId=3
10-30 07:17:58.642    1751-2279/? D/SensorHAL﹕ adjustSensorHandle: handle = 9 adjustedHandle = 1
10-30 07:17:58.642    1751-2279/? D/SensorHAL﹕ adjustSensorHandle: handle = 9 adjustedHandle = 1
10-30 07:17:58.652    1751-1801/? D/SensorHAL﹕ adjustSensorHandle: handle = 9 adjustedHandle = 1
10-30 07:17:58.902    1751-1751/? V/ActivityManager﹕ Display changed displayId=0
10-30 07:18:03.657    1751-1781/? I/PowerManagerService﹕ Going to sleep due to screen timeout...
10-30 07:18:03.657    1751-1781/? I/PowerManagerService﹕ Dozing...
10-30 07:18:03.667    1751-1774/? I/DreamController﹕ Starting dream: name=ComponentInfo{com.google.android.wearable.app/com.google.android.clockwork.home.AmbientMode}, isTest=false, canDoze=true, userId=0
10-30 07:18:03.697    1751-1751/? W/InputMethodManagerService﹕ Ignoring setImeWindowStatus of uid 1000 token: null
10-30 07:18:03.877    1751-1930/? I/ActivityManager﹕ START u0 {act=android.intent.action.MAIN cat=[android.intent.category.HOME] flg=0x10000000 cmp=com.google.android.wearable.app/com.google.android.clockwork.home.HomeActivity (has extras)} from pid 1869 on display 0
10-30 07:18:03.877    1751-1774/? I/DreamController﹕ Stopping dream: name=ComponentInfo{com.google.android.wearable.app/com.google.android.clockwork.home.AmbientMode}, isTest=false, canDoze=true, userId=0
10-30 07:18:03.887    1751-1781/? I/PowerManagerService﹕ Sleeping...
10-30 07:18:04.738    1751-1777/? I/DisplayManagerService﹕ Display device changed: DisplayDeviceInfo{"Built-in Screen": 320 x 290, 45.000004 fps, density 213, 203.2 x 204.61111 dpi, touch INTERNAL, rotation 0, type BUILT_IN, state OFF, FLAG_DEFAULT_DISPLAY, FLAG_ROTATES_WITH_CONTENT, FLAG_SECURE, FLAG_SUPPORTS_PROTECTED_BUFFERS}
10-30 07:18:04.738    1751-1751/? V/ActivityManager﹕ Display changed displayId=0
10-30 07:20:47.495    1751-1768/? D/SensorHALGestureSensor﹕ Gesture event received! time = 1414671647497774006
10-30 07:20:47.495    1751-1917/? I/PowerManagerService﹕ Waking up from sleep...
10-30 07:20:47.515    1751-1775/? W/KeyguardServiceDelegate﹕ onScreenTurnedOn(): no keyguard service!
10-30 07:20:47.705    1751-1751/? V/ActivityManager﹕ Display changed displayId=0
10-30 07:20:47.725    1751-1751/? W/InputMethodManagerService﹕ Ignoring setImeWindowStatus of uid 1000 token: null
10-30 07:20:47.815    1751-1777/? I/DisplayManagerService﹕ Display device changed: DisplayDeviceInfo{"Built-in Screen": 320 x 290, 45.000004 fps, density 213, 203.2 x 204.61111 dpi, touch INTERNAL, rotation 0, type BUILT_IN, state ON, FLAG_DEFAULT_DISPLAY, FLAG_ROTATES_WITH_CONTENT, FLAG_SECURE, FLAG_SUPPORTS_PROTECTED_BUFFERS}
10-30 07:20:47.825    1751-1751/? V/ActivityManager﹕ Display changed displayId=0
10-30 07:20:47.895    1751-1761/? D/SensorHAL﹕ adjustSensorHandle: handle = 9 adjustedHandle = 1
10-30 07:20:47.895    1751-1761/? D/SensorHAL﹕ adjustSensorHandle: handle = 9 adjustedHandle = 1
10-30 07:20:47.905    1751-2313/? D/SensorHAL﹕ adjustSensorHandle: handle = 9 adjustedHandle = 1
10-30 07:20:52.690    1751-2313/? I/PowerManagerService﹕ Going to sleep due to screen timeout...
10-30 07:20:52.690    1751-1781/? I/PowerManagerService﹕ Dozing...
10-30 07:20:52.690    1751-1774/? I/DreamController﹕ Starting dream: name=ComponentInfo{com.google.android.wearable.app/com.google.android.clockwork.home.AmbientMode}, isTest=false, canDoze=true, userId=0
10-30 07:20:52.790    1751-1897/? I/ActivityManager﹕ START u0 {act=android.intent.action.MAIN cat=[android.intent.category.HOME] flg=0x10000000 cmp=com.google.android.wearable.app/com.google.android.clockwork.home.HomeActivity (has extras)} from pid 1869 on display 0
10-30 07:20:52.800    1751-1774/? I/DreamController﹕ Stopping dream: name=ComponentInfo{com.google.android.wearable.app/com.google.android.clockwork.home.AmbientMode}, isTest=false, canDoze=true, userId=0
10-30 07:20:52.800    1751-1781/? I/PowerManagerService﹕ Sleeping...
10-30 07:20:53.711    1751-1777/? I/DisplayManagerService﹕ Display device changed: DisplayDeviceInfo{"Built-in Screen": 320 x 290, 45.000004 fps, density 213, 203.2 x 204.61111 dpi, touch INTERNAL, rotation 0, type BUILT_IN, state OFF, FLAG_DEFAULT_DISPLAY, FLAG_ROTATES_WITH_CONTENT, FLAG_SECURE, FLAG_SUPPORTS_PROTECTED_BUFFERS}
10-30 07:20:53.711    1751-1751/? V/ActivityManager﹕ Display changed displayId=0
10-30 07:20:53.771    1751-1751/? W/InputMethodManagerService﹕ Ignoring setImeWindowStatus of uid 1000 token: null
10-30 07:25:44.921    1751-1784/? I/PowerManagerService﹕ Waking up from sleep...
10-30 07:25:44.921    1751-1775/? W/KeyguardServiceDelegate﹕ onScreenTurnedOn(): no keyguard service!
10-30 07:25:45.101    1751-1751/? W/InputMethodManagerService﹕ Ignoring setImeWindowStatus of uid 1000 token: null
10-30 07:25:45.221    1751-1762/? D/SensorHAL﹕ adjustSensorHandle: handle = 9 adjustedHandle = 1
10-30 07:25:45.221    1751-1762/? D/SensorHAL﹕ adjustSensorHandle: handle = 9 adjustedHandle = 1
10-30 07:25:45.221    1751-1777/? I/DisplayManagerService﹕ Display device changed: DisplayDeviceInfo{"Built-in Screen": 320 x 290, 45.000004 fps, density 213, 203.2 x 204.61111 dpi, touch INTERNAL, rotation 0, type BUILT_IN, state ON, FLAG_DEFAULT_DISPLAY, FLAG_ROTATES_WITH_CONTENT, FLAG_SECURE, FLAG_SUPPORTS_PROTECTED_BUFFERS}
10-30 07:25:45.231    1751-1751/? V/ActivityManager﹕ Display changed displayId=0
10-30 07:25:45.242    1751-1801/? D/SensorHAL﹕ adjustSensorHandle: handle = 9 adjustedHandle = 1
10-30 07:25:49.916    1751-1781/? I/PowerManagerService﹕ Going to sleep due to screen timeout...
10-30 07:25:49.916    1751-1781/? I/PowerManagerService﹕ Dozing...
10-30 07:25:49.916    1751-1774/? I/DreamController﹕ Starting dream: name=ComponentInfo{com.google.android.wearable.app/com.google.android.clockwork.home.AmbientMode}, isTest=false, canDoze=true, userId=0
10-30 07:25:49.946    1751-1751/? W/InputMethodManagerService﹕ Ignoring setImeWindowStatus of uid 1000 token: null
10-30 07:25:50.136    1751-1897/? I/ActivityManager﹕ START u0 {act=android.intent.action.MAIN cat=[android.intent.category.HOME] flg=0x10000000 cmp=com.google.android.wearable.app/com.google.android.clockwork.home.HomeActivity (has extras)} from pid 1869 on display 0
10-30 07:25:50.136    1751-1751/? V/ActivityManager﹕ Display changed displayId=0
10-30 07:25:50.156    1751-1774/? I/DreamController﹕ Stopping dream: name=ComponentInfo{com.google.android.wearable.app/com.google.android.clockwork.home.AmbientMode}, isTest=false, canDoze=true, userId=0
10-30 07:25:50.166    1751-1781/? I/PowerManagerService﹕ Sleeping...
10-30 07:25:50.226    1751-1917/? I/ActivityManager﹕ Activity reported stop, but no longer stopping: ActivityRecord{adde18b8 u0 com.google.android.wearable.app/com.google.android.clockwork.home.HomeActivity t1}
10-30 07:25:51.087    1751-1777/? I/DisplayManagerService﹕ Display device changed: DisplayDeviceInfo{"Built-in Screen": 320 x 290, 45.000004 fps, density 213, 203.2 x 204.61111 dpi, touch INTERNAL, rotation 0, type BUILT_IN, state OFF, FLAG_DEFAULT_DISPLAY, FLAG_ROTATES_WITH_CONTENT, FLAG_SECURE, FLAG_SUPPORTS_PROTECTED_BUFFERS}
10-30 07:25:51.097    1751-1751/? V/ActivityManager﹕ Display changed displayId=0
10-30 07:27:31.634    1751-1795/? D/ConnectivityService﹕ Sampling interval elapsed, updating statistics ..
10-30 07:27:31.664    1751-1795/? D/ConnectivityService﹕ Done.
10-30 07:27:31.664    1751-1795/? D/ConnectivityService﹕ Setting timer for 720seconds
10-30 07:37:24.605    1751-1784/? I/PowerManagerService﹕ Waking up from sleep...
10-30 07:37:24.605    1751-1775/? W/KeyguardServiceDelegate﹕ onScreenTurnedOn(): no keyguard service!
10-30 07:37:24.845    1751-1751/? V/ActivityManager﹕ Display changed displayId=0
10-30 07:37:24.875    1751-1751/? W/InputMethodManagerService﹕ Ignoring setImeWindowStatus of uid 1000 token: null
10-30 07:37:24.925    1751-1777/? I/DisplayManagerService﹕ Display device changed: DisplayDeviceInfo{"Built-in Screen": 320 x 290, 45.000004 fps, density 213, 203.2 x 204.61111 dpi, touch INTERNAL, rotation 0, type BUILT_IN, state ON, FLAG_DEFAULT_DISPLAY, FLAG_ROTATES_WITH_CONTENT, FLAG_SECURE, FLAG_SUPPORTS_PROTECTED_BUFFERS}
10-30 07:37:24.925    1751-1751/? V/ActivityManager﹕ Display changed displayId=0
10-30 07:37:24.985    1751-2279/? D/SensorHAL﹕ adjustSensorHandle: handle = 9 adjustedHandle = 1
10-30 07:37:24.985    1751-2279/? D/SensorHAL﹕ adjustSensorHandle: handle = 9 adjustedHandle = 1
10-30 07:37:24.995    1751-1801/? D/SensorHAL﹕ adjustSensorHandle: handle = 9 adjustedHandle = 1
10-30 07:37:29.600    1751-1781/? I/PowerManagerService﹕ Going to sleep due to screen timeout...
10-30 07:37:29.600    1751-1781/? I/PowerManagerService﹕ Dozing...
10-30 07:37:29.600    1751-1774/? I/DreamController﹕ Starting dream: name=ComponentInfo{com.google.android.wearable.app/com.google.android.clockwork.home.AmbientMode}, isTest=false, canDoze=true, userId=0
10-30 07:37:29.630    1751-1751/? W/InputMethodManagerService﹕ Ignoring setImeWindowStatus of uid 1000 token: null
10-30 07:37:29.820    1751-2279/? I/ActivityManager﹕ START u0 {act=android.intent.action.MAIN cat=[android.intent.category.HOME] flg=0x10000000 cmp=com.google.android.wearable.app/com.google.android.clockwork.home.HomeActivity (has extras)} from pid 1869 on display 0
10-30 07:37:29.820    1751-1751/? V/ActivityManager﹕ Display changed displayId=0
10-30 07:37:29.840    1751-1774/? I/DreamController﹕ Stopping dream: name=ComponentInfo{com.google.android.wearable.app/com.google.android.clockwork.home.AmbientMode}, isTest=false, canDoze=true, userId=0
10-30 07:37:29.850    1751-1781/? I/PowerManagerService﹕ Sleeping...
10-30 07:37:29.890    1751-1761/? I/ActivityManager﹕ Activity reported stop, but no longer stopping: ActivityRecord{adde18b8 u0 com.google.android.wearable.app/com.google.android.clockwork.home.HomeActivity t1}
10-30 07:37:29.960    1751-1762/? I/ActivityManager﹕ Delay finish: com.google.android.gms/.fitness.wearables.WearableSyncServiceReceiver
10-30 07:37:30.030    1751-2279/? I/ActivityManager﹕ Resuming delayed broadcast
10-30 07:37:30.060    1751-1762/? I/ActivityManager﹕ Delay finish: com.google.android.gms/.checkin.EventLogService$Receiver
10-30 07:37:30.631    1751-1777/? I/DisplayManagerService﹕ Display device changed: DisplayDeviceInfo{"Built-in Screen": 320 x 290, 45.000004 fps, density 213, 203.2 x 204.61111 dpi, touch INTERNAL, rotation 0, type BUILT_IN, state OFF, FLAG_DEFAULT_DISPLAY, FLAG_ROTATES_WITH_CONTENT, FLAG_SECURE, FLAG_SUPPORTS_PROTECTED_BUFFERS}
10-30 07:37:30.631    1751-1751/? V/ActivityManager﹕ Display changed displayId=0
10-30 07:37:30.781    1751-1801/? I/ActivityManager﹕ Resuming delayed broadcast
10-30 07:39:21.516    1751-1768/? D/SensorHALGestureSensor﹕ Gesture event received! time = 1414672761518739525
10-30 07:39:21.526    1751-1801/? I/PowerManagerService﹕ Waking up from sleep...
10-30 07:39:21.626    1751-1775/? W/KeyguardServiceDelegate﹕ onScreenTurnedOn(): no keyguard service!
10-30 07:39:21.656    1751-1751/? V/ActivityManager﹕ Display changed displayId=0
10-30 07:39:21.736    1751-1751/? W/InputMethodManagerService﹕ Ignoring setImeWindowStatus of uid 1000 token: null
10-30 07:39:21.766    1751-1777/? I/DisplayManagerService﹕ Display device changed: DisplayDeviceInfo{"Built-in Screen": 320 x 290, 45.000004 fps, density 213, 203.2 x 204.61111 dpi, touch INTERNAL, rotation 0, type BUILT_IN, state ON, FLAG_DEFAULT_DISPLAY, FLAG_ROTATES_WITH_CONTENT, FLAG_SECURE, FLAG_SUPPORTS_PROTECTED_BUFFERS}
10-30 07:39:21.766    1751-1751/? V/ActivityManager﹕ Display changed displayId=0
10-30 07:39:21.856    1751-1762/? D/SensorHAL﹕ adjustSensorHandle: handle = 9 adjustedHandle = 1
10-30 07:39:21.856    1751-1762/? D/SensorHAL﹕ adjustSensorHandle: handle = 9 adjustedHandle = 1
10-30 07:39:21.866    1751-5368/? D/SensorHAL﹕ adjustSensorHandle: handle = 9 adjustedHandle = 1
10-30 07:39:26.651    1751-5368/? I/PowerManagerService﹕ Going to sleep due to screen timeout...
10-30 07:39:26.651    1751-1781/? I/PowerManagerService﹕ Dozing...
10-30 07:39:26.651    1751-1774/? I/DreamController﹕ Starting dream: name=ComponentInfo{com.google.android.wearable.app/com.google.android.clockwork.home.AmbientMode}, isTest=false, canDoze=true, userId=0
10-30 07:39:26.741    1751-1930/? I/ActivityManager﹕ START u0 {act=android.intent.action.MAIN cat=[android.intent.category.HOME] flg=0x10000000 cmp=com.google.android.wearable.app/com.google.android.clockwork.home.HomeActivity (has extras)} from pid 1869 on display 0
10-30 07:39:26.741    1751-1774/? I/DreamController﹕ Stopping dream: name=ComponentInfo{com.google.android.wearable.app/com.google.android.clockwork.home.AmbientMode}, isTest=false, canDoze=true, userId=0
10-30 07:39:26.751    1751-1781/? I/PowerManagerService﹕ Sleeping...
10-30 07:39:27.602    1751-1777/? I/DisplayManagerService﹕ Display device changed: DisplayDeviceInfo{"Built-in Screen": 320 x 290, 45.000004 fps, density 213, 203.2 x 204.61111 dpi, touch INTERNAL, rotation 0, type BUILT_IN, state OFF, FLAG_DEFAULT_DISPLAY, FLAG_ROTATES_WITH_CONTENT, FLAG_SECURE, FLAG_SUPPORTS_PROTECTED_BUFFERS}
10-30 07:39:27.602    1751-1751/? V/ActivityManager﹕ Display changed displayId=0
10-30 07:39:27.662    1751-1751/? W/InputMethodManagerService﹕ Ignoring setImeWindowStatus of uid 1000 token: null
10-30 07:39:33.624    1751-1795/? D/ConnectivityService﹕ Sampling interval elapsed, updating statistics ..
10-30 07:39:33.624    1751-1795/? D/ConnectivityService﹕ Done.
10-30 07:39:33.624    1751-1795/? D/ConnectivityService﹕ Setting timer for 720seconds
10-30 07:39:59.629    1751-1784/? I/PowerManagerService﹕ Waking up from sleep...
10-30 07:39:59.629    1751-1775/? W/KeyguardServiceDelegate﹕ onScreenTurnedOn(): no keyguard service!
10-30 07:39:59.839    1751-1751/? W/InputMethodManagerService﹕ Ignoring setImeWindowStatus of uid 1000 token: null
10-30 07:39:59.969    1751-1777/? I/DisplayManagerService﹕ Display device changed: DisplayDeviceInfo{"Built-in Screen": 320 x 290, 45.000004 fps, density 213, 203.2 x 204.61111 dpi, touch INTERNAL, rotation 0, type BUILT_IN, state ON, FLAG_DEFAULT_DISPLAY, FLAG_ROTATES_WITH_CONTENT, FLAG_SECURE, FLAG_SUPPORTS_PROTECTED_BUFFERS}
10-30 07:39:59.979    1751-1751/? V/ActivityManager﹕ Display changed displayId=0
10-30 07:40:00.029    1751-5368/? D/SensorHAL﹕ adjustSensorHandle: handle = 9 adjustedHandle = 1
10-30 07:40:00.029    1751-5368/? D/SensorHAL﹕ adjustSensorHandle: handle = 9 adjustedHandle = 1
10-30 07:40:00.029    1751-1762/? D/SensorHAL﹕ adjustSensorHandle: handle = 9 adjustedHandle = 1
10-30 07:40:04.624    1751-1781/? I/PowerManagerService﹕ Going to sleep due to screen timeout...
10-30 07:40:04.624    1751-1781/? I/PowerManagerService﹕ Dozing...
10-30 07:40:04.634    1751-1774/? I/DreamController﹕ Starting dream: name=ComponentInfo{com.google.android.wearable.app/com.google.android.clockwork.home.AmbientMode}, isTest=false, canDoze=true, userId=0
10-30 07:40:04.644    1751-1751/? W/InputMethodManagerService﹕ Ignoring setImeWindowStatus of uid 1000 token: null
10-30 07:40:04.844    1751-1930/? I/ActivityManager﹕ START u0 {act=android.intent.action.MAIN cat=[android.intent.category.HOME] flg=0x10000000 cmp=com.google.android.wearable.app/com.google.android.clockwork.home.HomeActivity (has extras)} from pid 1869 on display 0
10-30 07:40:04.854    1751-1751/? V/ActivityManager﹕ Display changed displayId=0
10-30 07:40:04.884    1751-1774/? I/DreamController﹕ Stopping dream: name=ComponentInfo{com.google.android.wearable.app/com.google.android.clockwork.home.AmbientMode}, isTest=false, canDoze=true, userId=0
10-30 07:40:04.894    1751-1781/? I/PowerManagerService﹕ Sleeping...
10-30 07:40:04.934    1751-1801/? I/ActivityManager﹕ Activity reported stop, but no longer stopping: ActivityRecord{adde18b8 u0 com.google.android.wearable.app/com.google.android.clockwork.home.HomeActivity t1}
10-30 07:40:05.755    1751-1777/? I/DisplayManagerService﹕ Display device changed: DisplayDeviceInfo{"Built-in Screen": 320 x 290, 45.000004 fps, density 213, 203.2 x 204.61111 dpi, touch INTERNAL, rotation 0, type BUILT_IN, state OFF, FLAG_DEFAULT_DISPLAY, FLAG_ROTATES_WITH_CONTENT, FLAG_SECURE, FLAG_SUPPORTS_PROTECTED_BUFFERS}
10-30 07:40:05.755    1751-1751/? V/ActivityManager﹕ Display changed displayId=0
10-30 07:41:10.211    1751-1897/? I/ActivityManager﹕ Start proc com.google.android.apps.wearable.bugreportsender for service com.google.android.apps.wearable.bugreportsender/com.google.android.clockwork.bugreportsender.ClockworkListenerService: pid=8611 uid=10002 gids={50002}
10-30 07:41:10.371    1751-1761/? I/ActivityManager﹕ Start proc com.google.android.deskclock for service com.google.android.deskclock/.AlarmListenerService: pid=8625 uid=10016 gids={50016}
10-30 07:41:10.451    1751-1801/? I/ActivityManager﹕ Start proc com.google.android.apps.maps for service com.google.android.apps.maps/com.google.android.apps.gmmwearable.MapsListenerService: pid=8638 uid=10020 gids={50020}
10-30 07:41:10.821    1751-1795/? D/ConnectivityService﹕ ConnectivityChange for PROXY: CONNECTED/CONNECTED
10-30 07:41:10.841    1751-1795/? E/ConnectivityService﹕ Unexpected mtu value: android.net.ProxyDataTracker@ade2b030
10-30 07:41:10.962    1751-1795/? D/Nat464Xlat﹕ requiresClat: netType=16, hasIPv4Address=false
10-30 07:41:13.475    1751-2313/? I/ActivityManager﹕ START u0 {act=android.intent.action.MAIN cat=[android.intent.category.HOME] flg=0x10000000 cmp=com.google.android.wearable.app/com.google.android.clockwork.home.HomeActivity (has extras)} from pid 1869 on display 0
10-30 07:41:13.485    1751-1751/? V/ActivityManager﹕ Display changed displayId=0
10-30 07:41:14.556    1751-1771/? I/ActivityManager﹕ Start proc android.process.media for broadcast com.android.providers.downloads/.DownloadReceiver: pid=8769 uid=10009 gids={50009, 1028, 1015, 1023, 1024, 2001, 3003, 3007}
10-30 07:41:14.626    1751-1770/? E/ActivityThread﹕ Failed to find provider info for telephony
10-30 07:41:15.597    1751-1897/? I/ActivityManager﹕ Delay finish: com.google.android.gms/.gcm.ServiceAutoStarter
10-30 07:41:15.607    1751-1761/? I/ActivityManager﹕ Resuming delayed broadcast
10-30 07:41:47.827    1751-5368/? I/ActivityManager﹕ Killing 8132:android.process.acore/u0a7 (adj 15): empty for 5717s
10-30 07:42:25.218    1751-1801/? I/ActivityManager﹕ Delay finish: com.google.android.gms/.gcm.ServiceAutoStarter
10-30 07:42:25.218    1751-5368/? I/ActivityManager﹕ Resuming delayed broadcast
10-30 07:43:27.638    1751-1897/? I/ActivityManager﹕ Start proc android.process.acore for broadcast com.android.providers.contacts/.PackageIntentReceiver: pid=8793 uid=10007 gids={50007}
10-30 07:44:01.737    1751-5368/? I/ActivityManager﹕ START u0 {act=android.intent.action.MAIN cat=[android.intent.category.HOME] flg=0x10000000 cmp=com.google.android.wearable.app/com.google.android.clockwork.home.HomeActivity (has extras)} from pid 1869 on display 0
10-30 07:44:02.257    1751-1917/? I/ActivityManager﹕ START u0 {act=android.intent.action.MAIN cat=[android.intent.category.HOME] flg=0x10000000 cmp=com.google.android.wearable.app/com.google.android.clockwork.home.HomeActivity (has extras)} from pid 1869 on display 0
10-30 07:51:31.554    1751-1917/? I/ActivityManager﹕ Delay finish: com.google.android.gms/.fitness.wearables.WearableSyncServiceReceiver
10-30 07:51:31.644    1751-2313/? I/ActivityManager﹕ Resuming delayed broadcast
10-30 07:53:30.554    1751-5368/? I/ActivityManager﹕ Delay finish: com.google.android.gms/.fitness.wearables.WearableSyncServiceReceiver
10-30 07:53:30.644    1751-1930/? I/ActivityManager﹕ Resuming delayed broadcast
10-30 07:53:43.594    1751-5368/? I/ActivityManager﹕ Delay finish: com.google.android.gms/.fitness.wearables.WearableSyncServiceReceiver
10-30 07:53:43.674    1751-1762/? I/ActivityManager﹕ Resuming delayed broadcast
10-30 07:56:16.514    1751-1795/? D/ConnectivityService﹕ Sampling interval elapsed, updating statistics ..
10-30 07:56:16.544    1751-1795/? D/ConnectivityService﹕ Done.
10-30 07:56:16.544    1751-1795/? D/ConnectivityService﹕ Setting timer for 720seconds
10-30 07:57:30.554    1751-1930/? I/ActivityManager﹕ Delay finish: com.google.android.gms/.fitness.wearables.WearableSyncServiceReceiver
10-30 07:57:30.644    1751-1762/? I/ActivityManager﹕ Resuming delayed broadcast
10-30 07:59:30.544    1751-1762/? I/ActivityManager﹕ Delay finish: com.google.android.gms/.fitness.wearables.WearableSyncServiceReceiver
10-30 07:59:30.654    1751-1917/? I/ActivityManager﹕ Resuming delayed broadcast
10-30 07:59:42.614    1751-1761/? I/ActivityManager﹕ Delay finish: com.google.android.gms/.fitness.wearables.WearableSyncServiceReceiver
10-30 07:59:42.714    1751-1762/? I/ActivityManager﹕ Resuming delayed broadcast
10-30 08:03:08.505    1751-5368/? I/ActivityManager﹕ Delay finish: com.google.android.gms/.fitness.wearables.WearableSyncServiceReceiver
10-30 08:03:08.615    1751-1762/? I/ActivityManager﹕ Resuming delayed broadcast
10-30 08:03:09.184    1751-2279/? I/ActivityManager﹕ Delay finish: com.google.android.gms/.gcm.ServiceAutoStarter
10-30 08:03:09.184    1751-2313/? I/ActivityManager﹕ Resuming delayed broadcast
10-30 08:03:09.642    1751-1917/? I/ActivityManager﹕ Delay finish: com.google.android.gms/.gcm.ServiceAutoStarter
10-30 08:03:09.652    1751-1762/? I/ActivityManager﹕ Resuming delayed broadcast
10-30 08:03:40.503    1751-1897/? I/ActivityManager﹕ Delay finish: com.google.android.gms/.fitness.wearables.WearableSyncServiceReceiver
10-30 08:03:40.623    1751-2313/? I/ActivityManager﹕ Resuming delayed broadcast
10-30 08:03:52.767    1751-1761/? I/ActivityManager﹕ Delay finish: com.google.android.gms/.gcm.ServiceAutoStarter
10-30 08:03:52.777    1751-2279/? I/ActivityManager﹕ Resuming delayed broadcast
10-30 08:05:34.647    1751-5368/? I/ActivityManager﹕ Delay finish: com.google.android.gms/.gcm.ServiceAutoStarter
10-30 08:05:34.657    1751-1930/? I/ActivityManager﹕ Resuming delayed broadcast
10-30 08:05:41.060    1751-1801/? I/ActivityManager﹕ Delay finish: com.google.android.gms/.fitness.wearables.WearableSyncServiceReceiver
10-30 08:05:41.180    1751-1762/? I/ActivityManager﹕ Resuming delayed broadcast
10-30 08:08:42.183    1751-1795/? D/ConnectivityService﹕ Sampling interval elapsed, updating statistics ..
10-30 08:08:42.183    1751-1795/? D/ConnectivityService﹕ Done.
10-30 08:08:42.183    1751-1795/? D/ConnectivityService﹕ Setting timer for 720seconds
10-30 08:08:42.293    1751-1801/? I/ActivityManager﹕ Delay finish: com.google.android.gms/.checkin.EventLogService$Receiver
10-30 08:08:42.483    1751-1762/? I/ActivityManager﹕ Resuming delayed broadcast
10-30 08:14:03.138    1751-1761/? I/ActivityManager﹕ START u0 {act=android.intent.action.MAIN cat=[android.intent.category.HOME] flg=0x10000000 cmp=com.google.android.wearable.app/com.google.android.clockwork.home.HomeActivity (has extras)} from pid 1869 on display 0
10-30 08:14:03.429    1751-1761/? I/ActivityManager﹕ START u0 {act=android.intent.action.MAIN cat=[android.intent.category.HOME] flg=0x10000000 cmp=com.google.android.wearable.app/com.google.android.clockwork.home.HomeActivity (has extras)} from pid 1869 on display 0
10-30 08:18:55.008    1751-1897/? I/ActivityManager﹕ Delay finish: com.google.android.gms/.gcm.ServiceAutoStarter
10-30 08:18:55.028    1751-1762/? I/ActivityManager﹕ Resuming delayed broadcast
10-30 08:21:28.620    1751-1795/? D/ConnectivityService﹕ Sampling interval elapsed, updating statistics ..
10-30 08:21:28.620    1751-1795/? D/ConnectivityService﹕ Done.
10-30 08:21:28.620    1751-1795/? D/ConnectivityService﹕ Setting timer for 720seconds
10-30 08:21:58.965    1751-1897/? I/ActivityManager﹕ Delay finish: com.google.android.gms/.gcm.ServiceAutoStarter
10-30 08:21:58.965    1751-1930/? I/ActivityManager﹕ Resuming delayed broadcast
10-30 08:22:47.046    1751-1801/? I/ActivityManager﹕ Delay finish: com.google.android.gms/.gcm.ServiceAutoStarter
10-30 08:22:47.056    1751-1762/? I/ActivityManager﹕ Resuming delayed broadcast
10-30 08:22:59.510    1751-1768/? D/SensorHALGestureSensor﹕ Gesture event received! time = 1414675379512666306
10-30 08:22:59.510    1751-1801/? I/PowerManagerService﹕ Waking up from sleep...
10-30 08:22:59.510    1751-1775/? W/KeyguardServiceDelegate﹕ onScreenTurnedOn(): no keyguard service!
10-30 08:22:59.660    1751-1751/? W/InputMethodManagerService﹕ Ignoring setImeWindowStatus of uid 1000 token: null
10-30 08:22:59.800    1751-1777/? I/DisplayManagerService﹕ Display device changed: DisplayDeviceInfo{"Built-in Screen": 320 x 290, 45.000004 fps, density 213, 203.2 x 204.61111 dpi, touch INTERNAL, rotation 0, type BUILT_IN, state ON, FLAG_DEFAULT_DISPLAY, FLAG_ROTATES_WITH_CONTENT, FLAG_SECURE, FLAG_SUPPORTS_PROTECTED_BUFFERS}
10-30 08:22:59.810    1751-1751/? V/ActivityManager﹕ Display changed displayId=0
10-30 08:22:59.840    1751-5368/? D/SensorHAL﹕ adjustSensorHandle: handle = 9 adjustedHandle = 1
10-30 08:22:59.840    1751-5368/? D/SensorHAL﹕ adjustSensorHandle: handle = 9 adjustedHandle = 1
10-30 08:22:59.840    1751-1930/? D/SensorHAL﹕ adjustSensorHandle: handle = 9 adjustedHandle = 1
10-30 08:23:04.655    1751-5368/? I/PowerManagerService﹕ Going to sleep due to screen timeout...
10-30 08:23:04.655    1751-1781/? I/PowerManagerService﹕ Dozing...
10-30 08:23:04.665    1751-1774/? I/DreamController﹕ Starting dream: name=ComponentInfo{com.google.android.wearable.app/com.google.android.clockwork.home.AmbientMode}, isTest=false, canDoze=true, userId=0
10-30 08:23:04.755    1751-1751/? W/InputMethodManagerService﹕ Ignoring setImeWindowStatus of uid 1000 token: null
10-30 08:23:04.765    1751-2313/? I/ActivityManager﹕ START u0 {act=android.intent.action.MAIN cat=[android.intent.category.HOME] flg=0x10000000 cmp=com.google.android.wearable.app/com.google.android.clockwork.home.HomeActivity (has extras)} from pid 1869 on display 0
10-30 08:23:04.765    1751-1774/? I/DreamController﹕ Stopping dream: name=ComponentInfo{com.google.android.wearable.app/com.google.android.clockwork.home.AmbientMode}, isTest=false, canDoze=true, userId=0
10-30 08:23:04.775    1751-1781/? I/PowerManagerService﹕ Sleeping...
10-30 08:23:05.566    1751-1777/? I/DisplayManagerService﹕ Display device changed: DisplayDeviceInfo{"Built-in Screen": 320 x 290, 45.000004 fps, density 213, 203.2 x 204.61111 dpi, touch INTERNAL, rotation 0, type BUILT_IN, state OFF, FLAG_DEFAULT_DISPLAY, FLAG_ROTATES_WITH_CONTENT, FLAG_SECURE, FLAG_SUPPORTS_PROTECTED_BUFFERS}
10-30 08:23:05.566    1751-1751/? V/ActivityManager﹕ Display changed displayId=0
10-30 08:23:39.509    1751-1768/? D/SensorHALGestureSensor﹕ Gesture event received! time = 1414675419511720253
10-30 08:23:39.509    1751-1762/? I/PowerManagerService﹕ Waking up from sleep...
10-30 08:23:39.509    1751-1775/? W/KeyguardServiceDelegate﹕ onScreenTurnedOn(): no keyguard service!
10-30 08:23:39.679    1751-1751/? W/InputMethodManagerService﹕ Ignoring setImeWindowStatus of uid 1000 token: null
10-30 08:23:39.789    1751-1777/? I/DisplayManagerService﹕ Display device changed: DisplayDeviceInfo{"Built-in Screen": 320 x 290, 45.000004 fps, density 213, 203.2 x 204.61111 dpi, touch INTERNAL, rotation 0, type BUILT_IN, state ON, FLAG_DEFAULT_DISPLAY, FLAG_ROTATES_WITH_CONTENT, FLAG_SECURE, FLAG_SUPPORTS_PROTECTED_BUFFERS}
10-30 08:23:39.789    1751-1751/? V/ActivityManager﹕ Display changed displayId=0
10-30 08:23:39.849    1751-1897/? D/SensorHAL﹕ adjustSensorHandle: handle = 9 adjustedHandle = 1
10-30 08:23:39.849    1751-1897/? D/SensorHAL﹕ adjustSensorHandle: handle = 9 adjustedHandle = 1
10-30 08:23:39.859    1751-2279/? D/SensorHAL﹕ adjustSensorHandle: handle = 9 adjustedHandle = 1
10-30 08:23:44.664    1751-1897/? I/PowerManagerService﹕ Going to sleep due to screen timeout...
10-30 08:23:44.664    1751-1781/? I/PowerManagerService﹕ Dozing...
10-30 08:23:44.664    1751-1774/? I/DreamController﹕ Starting dream: name=ComponentInfo{com.google.android.wearable.app/com.google.android.clockwork.home.AmbientMode}, isTest=false, canDoze=true, userId=0
10-30 08:23:44.744    1751-1751/? W/InputMethodManagerService﹕ Ignoring setImeWindowStatus of uid 1000 token: null
10-30 08:23:44.754    1751-1897/? I/ActivityManager﹕ START u0 {act=android.intent.action.MAIN cat=[android.intent.category.HOME] flg=0x10000000 cmp=com.google.android.wearable.app/com.google.android.clockwork.home.HomeActivity (has extras)} from pid 1869 on display 0
10-30 08:23:44.754    1751-1774/? I/DreamController﹕ Stopping dream: name=ComponentInfo{com.google.android.wearable.app/com.google.android.clockwork.home.AmbientMode}, isTest=false, canDoze=true, userId=0
10-30 08:23:44.764    1751-1781/? I/PowerManagerService﹕ Sleeping...
10-30 08:23:45.244    1751-1771/? W/ActivityManager﹕ Activity pause timeout for ActivityRecord{adde18b8 u0 com.google.android.wearable.app/com.google.android.clockwork.home.HomeActivity t1}
10-30 08:23:45.685    1751-1777/? I/DisplayManagerService﹕ Display device changed: DisplayDeviceInfo{"Built-in Screen": 320 x 290, 45.000004 fps, density 213, 203.2 x 204.61111 dpi, touch INTERNAL, rotation 0, type BUILT_IN, state OFF, FLAG_DEFAULT_DISPLAY, FLAG_ROTATES_WITH_CONTENT, FLAG_SECURE, FLAG_SUPPORTS_PROTECTED_BUFFERS}
10-30 08:23:45.685    1751-1751/? V/ActivityManager﹕ Display changed displayId=0
10-30 08:33:29.444    1751-1762/? I/ActivityManager﹕ Delay finish: com.google.android.gms/.fitness.wearables.WearableSyncServiceReceiver
10-30 08:33:29.554    1751-2313/? I/ActivityManager﹕ Resuming delayed broadcast
10-30 08:35:30.474    1751-5368/? I/ActivityManager﹕ Delay finish: com.google.android.gms/.fitness.wearables.WearableSyncServiceReceiver
10-30 08:35:30.554    1751-1801/? I/ActivityManager﹕ Resuming delayed broadcast
10-30 08:38:44.374    1751-1795/? D/ConnectivityService﹕ Sampling interval elapsed, updating statistics ..
10-30 08:38:44.384    1751-1795/? D/ConnectivityService﹕ Done.
10-30 08:38:44.384    1751-1795/? D/ConnectivityService﹕ Setting timer for 720seconds
10-30 08:38:44.564    1751-1761/? I/ActivityManager﹕ Delay finish: com.google.android.gms/.checkin.EventLogService$Receiver
10-30 08:38:44.714    1751-2279/? I/ActivityManager﹕ Resuming delayed broadcast
10-30 08:46:25.204    1751-1784/? I/PowerManagerService﹕ Waking up from sleep...
10-30 08:46:25.204    1751-1775/? W/KeyguardServiceDelegate﹕ onScreenTurnedOn(): no keyguard service!
10-30 08:46:25.434    1751-1751/? W/InputMethodManagerService﹕ Ignoring setImeWindowStatus of uid 1000 token: null
10-30 08:46:25.524    1751-1777/? I/DisplayManagerService﹕ Display device changed: DisplayDeviceInfo{"Built-in Screen": 320 x 290, 45.000004 fps, density 213, 203.2 x 204.61111 dpi, touch INTERNAL, rotation 0, type BUILT_IN, state ON, FLAG_DEFAULT_DISPLAY, FLAG_ROTATES_WITH_CONTENT, FLAG_SECURE, FLAG_SUPPORTS_PROTECTED_BUFFERS}
10-30 08:46:25.524    1751-1751/? V/ActivityManager﹕ Display changed displayId=0
10-30 08:46:25.584    1751-1801/? D/SensorHAL﹕ adjustSensorHandle: handle = 9 adjustedHandle = 1
10-30 08:46:25.584    1751-1801/? D/SensorHAL﹕ adjustSensorHandle: handle = 9 adjustedHandle = 1
10-30 08:46:25.584    1751-1930/? D/SensorHAL﹕ adjustSensorHandle: handle = 9 adjustedHandle = 1
10-30 08:46:30.289    1751-1781/? I/PowerManagerService﹕ Going to sleep due to screen timeout...
10-30 08:46:30.289    1751-1781/? I/PowerManagerService﹕ Dozing...
10-30 08:46:30.299    1751-1774/? I/DreamController﹕ Starting dream: name=ComponentInfo{com.google.android.wearable.app/com.google.android.clockwork.home.AmbientMode}, isTest=false, canDoze=true, userId=0
10-30 08:46:30.329    1751-1751/? W/InputMethodManagerService﹕ Ignoring setImeWindowStatus of uid 1000 token: null
10-30 08:46:30.509    1751-1917/? I/ActivityManager﹕ START u0 {act=android.intent.action.MAIN cat=[android.intent.category.HOME] flg=0x10000000 cmp=com.google.android.wearable.app/com.google.android.clockwork.home.HomeActivity (has extras)} from pid 1869 on display 0
10-30 08:46:30.519    1751-1751/? V/ActivityManager﹕ Display changed displayId=0
10-30 08:46:30.549    1751-1774/? I/DreamController﹕ Stopping dream: name=ComponentInfo{com.google.android.wearable.app/com.google.android.clockwork.home.AmbientMode}, isTest=false, canDoze=true, userId=0
10-30 08:46:30.569    1751-1781/? I/PowerManagerService﹕ Sleeping...
10-30 08:46:30.649    1751-1762/? I/ActivityManager﹕ Activity reported stop, but no longer stopping: ActivityRecord{adde18b8 u0 com.google.android.wearable.app/com.google.android.clockwork.home.HomeActivity t1}
10-30 08:46:31.360    1751-1777/? I/DisplayManagerService﹕ Display device changed: DisplayDeviceInfo{"Built-in Screen": 320 x 290, 45.000004 fps, density 213, 203.2 x 204.61111 dpi, touch INTERNAL, rotation 0, type BUILT_IN, state OFF, FLAG_DEFAULT_DISPLAY, FLAG_ROTATES_WITH_CONTENT, FLAG_SECURE, FLAG_SUPPORTS_PROTECTED_BUFFERS}
10-30 08:46:31.360    1751-1751/? V/ActivityManager﹕ Display changed displayId=0
10-30 08:46:32.841    1751-1768/? D/SensorHALGestureSensor﹕ Gesture event received! time = 1414676792847779716
10-30 08:46:32.841    1751-1761/? I/PowerManagerService﹕ Waking up from sleep...
10-30 08:46:32.841    1751-1775/? W/KeyguardServiceDelegate﹕ onScreenTurnedOn(): no keyguard service!
10-30 08:46:32.991    1751-1751/? V/ActivityManager﹕ Display changed displayId=0
10-30 08:46:32.991    1751-1751/? W/InputMethodManagerService﹕ Ignoring setImeWindowStatus of uid 1000 token: null
10-30 08:46:33.102    1751-1777/? I/DisplayManagerService﹕ Display device changed: DisplayDeviceInfo{"Built-in Screen": 320 x 290, 45.000004 fps, density 213, 203.2 x 204.61111 dpi, touch INTERNAL, rotation 0, type BUILT_IN, state ON, FLAG_DEFAULT_DISPLAY, FLAG_ROTATES_WITH_CONTENT, FLAG_SECURE, FLAG_SUPPORTS_PROTECTED_BUFFERS}
10-30 08:46:33.102    1751-1751/? V/ActivityManager﹕ Display changed displayId=0
10-30 08:46:33.472    1751-1801/? D/SensorHAL﹕ adjustSensorHandle: handle = 9 adjustedHandle = 1
10-30 08:46:33.472    1751-1801/? D/SensorHAL﹕ adjustSensorHandle: handle = 9 adjustedHandle = 1
10-30 08:46:33.482    1751-1897/? D/SensorHAL﹕ adjustSensorHandle: handle = 9 adjustedHandle = 1
10-30 08:46:37.946    1751-1761/? I/PowerManagerService﹕ Going to sleep due to screen timeout...
10-30 08:46:37.946    1751-1781/? I/PowerManagerService﹕ Dozing...
10-30 08:46:37.956    1751-1774/? I/DreamController﹕ Starting dream: name=ComponentInfo{com.google.android.wearable.app/com.google.android.clockwork.home.AmbientMode}, isTest=false, canDoze=true, userId=0
10-30 08:46:38.006    1751-1801/? I/ActivityManager﹕ START u0 {act=android.intent.action.MAIN cat=[android.intent.category.HOME] flg=0x10000000 cmp=com.google.android.wearable.app/com.google.android.clockwork.home.HomeActivity (has extras)} from pid 1869 on display 0
10-30 08:46:38.016    1751-1774/? I/DreamController﹕ Stopping dream: name=ComponentInfo{com.google.android.wearable.app/com.google.android.clockwork.home.AmbientMode}, isTest=false, canDoze=true, userId=0
10-30 08:46:38.016    1751-1781/? I/PowerManagerService﹕ Sleeping...
10-30 08:46:38.777    1751-1777/? I/DisplayManagerService﹕ Display device changed: DisplayDeviceInfo{"Built-in Screen": 320 x 290, 45.000004 fps, density 213, 203.2 x 204.61111 dpi, touch INTERNAL, rotation 0, type BUILT_IN, state OFF, FLAG_DEFAULT_DISPLAY, FLAG_ROTATES_WITH_CONTENT, FLAG_SECURE, FLAG_SUPPORTS_PROTECTED_BUFFERS}
10-30 08:46:38.777    1751-1751/? V/ActivityManager﹕ Display changed displayId=0
10-30 08:46:38.837    1751-1751/? W/InputMethodManagerService﹕ Ignoring setImeWindowStatus of uid 1000 token: null
10-30 08:50:58.394    1751-1795/? D/ConnectivityService﹕ Sampling interval elapsed, updating statistics ..
10-30 08:50:58.424    1751-1795/? D/ConnectivityService﹕ Done.
10-30 08:50:58.424    1751-1795/? D/ConnectivityService﹕ Setting timer for 720seconds
10-30 08:55:44.504    1751-1917/? I/ActivityManager﹕ Delay finish: com.google.android.gms/.fitness.wearables.WearableSyncServiceReceiver
10-30 08:55:44.594    1751-1761/? I/ActivityManager﹕ Resuming delayed broadcast
10-30 08:57:44.494    1751-1762/? I/ActivityManager﹕ Delay finish: com.google.android.gms/.fitness.wearables.WearableSyncServiceReceiver
10-30 08:57:44.584    1751-1761/? I/ActivityManager﹕ Resuming delayed broadcast
10-30 08:59:44.534    1751-1917/? I/ActivityManager﹕ Delay finish: com.google.android.gms/.fitness.wearables.WearableSyncServiceReceiver
10-30 08:59:44.624    1751-1930/? I/ActivityManager﹕ Resuming delayed broadcast
10-30 09:00:35.842    1751-1897/? I/ActivityManager﹕ Delay finish: com.google.android.gms/.gcm.ServiceAutoStarter
10-30 09:00:35.852    1751-2313/? I/ActivityManager﹕ Resuming delayed broadcast
10-30 09:00:36.991    1751-1930/? I/ActivityManager﹕ Delay finish: com.google.android.gms/.gcm.ServiceAutoStarter
10-30 09:00:36.991    1751-1801/? I/ActivityManager﹕ Resuming delayed broadcast
10-30 09:00:43.267    1751-1801/? I/ActivityManager﹕ Delay finish: com.google.android.gms/.fitness.wearables.WearableSyncServiceReceiver
10-30 09:00:43.397    1751-1930/? I/ActivityManager﹕ Resuming delayed broadcast
10-30 09:00:43.467    1751-1762/? I/ActivityManager﹕ Delay finish: com.google.android.gms/.fitness.wearables.WearableSyncServiceReceiver
10-30 09:00:43.567    1751-1917/? I/ActivityManager﹕ Resuming delayed broadcast
10-30 09:01:23.153    1751-1762/? I/ActivityManager﹕ START u0 {act=android.intent.action.MAIN cat=[android.intent.category.HOME] flg=0x10000000 cmp=com.google.android.wearable.app/com.google.android.clockwork.home.HomeActivity (has extras)} from pid 1869 on display 0
10-30 09:01:23.493    1751-1897/? I/ActivityManager﹕ START u0 {act=android.intent.action.MAIN cat=[android.intent.category.HOME] flg=0x10000000 cmp=com.google.android.wearable.app/com.google.android.clockwork.home.HomeActivity (has extras)} from pid 1869 on display 0
10-30 09:03:30.229    1751-1795/? D/ConnectivityService﹕ Sampling interval elapsed, updating statistics ..
10-30 09:03:30.229    1751-1795/? D/ConnectivityService﹕ Done.
10-30 09:03:30.229    1751-1795/? D/ConnectivityService﹕ Setting timer for 720seconds
10-30 09:12:43.671    1751-1761/? I/ActivityManager﹕ Delay finish: com.google.android.gsf/.settings.GoogleLocationSettings$LocationSettingsChangedListener
10-30 09:12:43.821    1751-1897/? I/ActivityManager﹕ Resuming delayed broadcast
10-30 09:12:43.831    1751-2313/? I/ActivityManager﹕ Delay finish: com.google.android.gms/.gcm.ServiceAutoStarter
10-30 09:12:43.841    1751-5368/? I/ActivityManager﹕ Resuming delayed broadcast
10-30 09:14:03.641    1751-1801/? I/ActivityManager﹕ START u0 {act=android.intent.action.MAIN cat=[android.intent.category.HOME] flg=0x10000000 cmp=com.google.android.wearable.app/com.google.android.clockwork.home.HomeActivity (has extras)} from pid 1869 on display 0
10-30 09:14:03.921    1751-1762/? I/ActivityManager﹕ START u0 {act=android.intent.action.MAIN cat=[android.intent.category.HOME] flg=0x10000000 cmp=com.google.android.wearable.app/com.google.android.clockwork.home.HomeActivity (has extras)} from pid 1869 on display 0
10-30 09:16:46.115    1751-1795/? D/ConnectivityService﹕ Sampling interval elapsed, updating statistics ..
10-30 09:16:46.155    1751-1795/? D/ConnectivityService﹕ Done.
10-30 09:16:46.155    1751-1795/? D/ConnectivityService﹕ Setting timer for 720seconds
10-30 09:30:46.085    1751-1795/? D/ConnectivityService﹕ Sampling interval elapsed, updating statistics ..
10-30 09:30:46.085    1751-1795/? D/ConnectivityService﹕ Done.
10-30 09:30:46.085    1751-1795/? D/ConnectivityService﹕ Setting timer for 720seconds
10-30 09:30:46.105    1751-2313/? I/ActivityManager﹕ Delay finish: com.google.android.gms/.fitness.wearables.WearableSyncServiceReceiver
10-30 09:30:46.195    1751-2279/? I/ActivityManager﹕ Resuming delayed broadcast
10-30 09:44:03.670    1751-1801/? I/ActivityManager﹕ START u0 {act=android.intent.action.MAIN cat=[android.intent.category.HOME] flg=0x10000000 cmp=com.google.android.wearable.app/com.google.android.clockwork.home.HomeActivity (has extras)} from pid 1869 on display 0
10-30 09:44:03.940    1751-2313/? I/ActivityManager﹕ START u0 {act=android.intent.action.MAIN cat=[android.intent.category.HOME] flg=0x10000000 cmp=com.google.android.wearable.app/com.google.android.clockwork.home.HomeActivity (has extras)} from pid 1869 on display 0
10-30 09:45:46.085    1751-1795/? D/ConnectivityService﹕ Sampling interval elapsed, updating statistics ..
10-30 09:45:46.115    1751-1795/? D/ConnectivityService﹕ Done.
10-30 09:45:46.115    1751-1795/? D/ConnectivityService﹕ Setting timer for 720seconds
10-30 09:45:46.175    1751-2279/? I/ActivityManager﹕ Delay finish: com.google.android.gms/.checkin.EventLogService$Receiver
10-30 09:45:46.375    1751-1801/? I/ActivityManager﹕ Resuming delayed broadcast
10-30 09:45:46.395    1751-1762/? I/ActivityManager﹕ Delay finish: com.google.android.gms/.checkin.CheckinService$Receiver
10-30 09:45:48.007    1751-1917/? I/ActivityManager﹕ Resuming delayed broadcast
10-30 09:45:48.097    1751-1761/? I/ActivityManager﹕ Delay finish: com.google.android.gms/.gcm.ServiceAutoStarter
10-30 09:45:48.097    1751-2313/? I/ActivityManager﹕ Resuming delayed broadcast
10-30 10:00:02.504    1751-1795/? D/ConnectivityService﹕ Sampling interval elapsed, updating statistics ..
10-30 10:00:02.514    1751-1795/? D/ConnectivityService﹕ Done.
10-30 10:00:02.514    1751-1795/? D/ConnectivityService﹕ Setting timer for 720seconds
10-30 10:00:02.554    1751-1917/? I/ActivityManager﹕ Delay finish: com.google.android.gms/.fitness.wearables.WearableSyncServiceReceiver
10-30 10:00:02.664    1751-2313/? I/ActivityManager﹕ Resuming delayed broadcast
10-30 10:03:48.636    1751-2313/? I/ActivityManager﹕ START u0 {act=android.intent.action.MAIN cat=[android.intent.category.HOME] flg=0x10000000 cmp=com.google.android.wearable.app/com.google.android.clockwork.home.HomeActivity (has extras)} from pid 1869 on display 0
10-30 10:03:48.706    1751-1897/? I/PowerManagerService﹕ Waking up from sleep...
10-30 10:03:48.706    1751-1775/? W/KeyguardServiceDelegate﹕ onScreenTurnedOn(): no keyguard service!
10-30 10:03:48.726    1751-1751/? W/InputMethodManagerService﹕ Ignoring setImeWindowStatus of uid 1000 token: null
10-30 10:03:49.016    1751-1777/? I/DisplayManagerService﹕ Display device changed: DisplayDeviceInfo{"Built-in Screen": 320 x 290, 45.000004 fps, density 213, 203.2 x 204.61111 dpi, touch INTERNAL, rotation 0, type BUILT_IN, state ON, FLAG_DEFAULT_DISPLAY, FLAG_ROTATES_WITH_CONTENT, FLAG_SECURE, FLAG_SUPPORTS_PROTECTED_BUFFERS}
10-30 10:03:49.016    1751-1751/? V/ActivityManager﹕ Display changed displayId=0
10-30 10:03:49.216    1751-1777/? W/WindowManager﹕ Timeout waiting for drawn: undrawn=[Window{adeb3a78 u0 com.google.android.wearable.app/com.google.android.clockwork.home.HomeActivity}]
10-30 10:03:49.296    1751-1777/? I/DisplayManagerService﹕ Display device changed: DisplayDeviceInfo{"ActivityViewVirtualDisplay": 320 x 320, 60.0 fps, density 213, 213.0 x 213.0 dpi, touch NONE, rotation 0, type VIRTUAL, state OFF, owner android (uid 1000), FLAG_OWN_CONTENT_ONLY}
10-30 10:03:49.296    1751-1751/? V/ActivityManager﹕ Display changed displayId=3
10-30 10:03:49.667    1751-1761/? D/SensorHAL﹕ adjustSensorHandle: handle = 9 adjustedHandle = 1
10-30 10:03:49.667    1751-1761/? D/SensorHAL﹕ adjustSensorHandle: handle = 9 adjustedHandle = 1
10-30 10:03:49.677    1751-1897/? D/SensorHAL﹕ adjustSensorHandle: handle = 9 adjustedHandle = 1
10-30 10:03:54.892    1751-1781/? I/PowerManagerService﹕ Going to sleep due to screen timeout...
10-30 10:03:54.892    1751-1781/? I/PowerManagerService﹕ Dozing...
10-30 10:03:54.902    1751-1774/? I/DreamController﹕ Starting dream: name=ComponentInfo{com.google.android.wearable.app/com.google.android.clockwork.home.AmbientMode}, isTest=false, canDoze=true, userId=0
10-30 10:03:54.922    1751-1751/? W/InputMethodManagerService﹕ Ignoring setImeWindowStatus of uid 1000 token: null
10-30 10:03:55.052    1751-2313/? I/ActivityManager﹕ START u0 {act=android.intent.action.MAIN cat=[android.intent.category.HOME] flg=0x10000000 cmp=com.google.android.wearable.app/com.google.android.clockwork.home.HomeActivity (has extras)} from pid 1869 on display 0
10-30 10:03:55.062    1751-1751/? V/ActivityManager﹕ Display changed displayId=0
10-30 10:03:55.102    1751-1774/? I/DreamController﹕ Stopping dream: name=ComponentInfo{com.google.android.wearable.app/com.google.android.clockwork.home.AmbientMode}, isTest=false, canDoze=true, userId=0
10-30 10:03:55.112    1751-1781/? I/PowerManagerService﹕ Sleeping...
