12-03 21:31:54.693 V/ActivityManager( 1754): Display changed displayId=0
12-03 21:31:54.713 I/DreamController( 1754): Stopping dream: name=ComponentInfo{com.google.android.wearable.app/com.google.android.clockwork.home.AmbientMode}, isTest=false, canDoze=true, userId=0
12-03 21:31:54.713 I/PowerManagerService( 1754): Sleeping...
12-03 21:31:54.743 I/ActivityManager( 1754): Activity reported stop, but no longer stopping: ActivityRecord{ade21a30 u0 com.google.android.wearable.app/com.google.android.clockwork.home.HomeActivity t1}
12-03 21:31:55.574 I/DisplayManagerService( 1754): Display device changed: DisplayDeviceInfo{"Built-in Screen": 320 x 290, 45.000004 fps, density 213, 203.2 x 204.61111 dpi, touch INTERNAL, rotation 0, type BUILT_IN, state OFF, FLAG_DEFAULT_DISPLAY, FLAG_ROTATES_WITH_CONTENT, FLAG_SECURE, FLAG_SUPPORTS_PROTECTED_BUFFERS}
12-03 21:31:55.574 V/ActivityManager( 1754): Display changed displayId=0
12-03 21:31:59.168 D/SensorHALGestureSensor( 1754): Gesture event received! time = 1417663919170970984
12-03 21:31:59.168 I/PowerManagerService( 1754): Waking up from sleep...
12-03 21:31:59.168 W/KeyguardServiceDelegate( 1754): onScreenTurnedOn(): no keyguard service!
12-03 21:31:59.378 V/ActivityManager( 1754): Display changed displayId=0
12-03 21:31:59.378 W/InputMethodManagerService( 1754): Ignoring setImeWindowStatus of uid 1000 token: null
12-03 21:31:59.488 D/SensorHAL( 1754): adjustSensorHandle: handle = 9 adjustedHandle = 1
12-03 21:31:59.488 D/SensorHAL( 1754): adjustSensorHandle: handle = 9 adjustedHandle = 1
12-03 21:31:59.508 D/SensorHAL( 1754): adjustSensorHandle: handle = 9 adjustedHandle = 1
12-03 21:31:59.508 I/DisplayManagerService( 1754): Display device changed: DisplayDeviceInfo{"Built-in Screen": 320 x 290, 45.000004 fps, density 213, 203.2 x 204.61111 dpi, touch INTERNAL, rotation 0, type BUILT_IN, state ON, FLAG_DEFAULT_DISPLAY, FLAG_ROTATES_WITH_CONTENT, FLAG_SECURE, FLAG_SUPPORTS_PROTECTED_BUFFERS}
12-03 21:31:59.508 V/ActivityManager( 1754): Display changed displayId=0
12-03 21:32:04.363 I/PowerManagerService( 1754): Going to sleep due to screen timeout...
12-03 21:32:04.363 I/PowerManagerService( 1754): Dozing...
12-03 21:32:04.363 I/DreamController( 1754): Starting dream: name=ComponentInfo{com.google.android.wearable.app/com.google.android.clockwork.home.AmbientMode}, isTest=false, canDoze=true, userId=0
12-03 21:32:04.423 W/InputMethodManagerService( 1754): Ignoring setImeWindowStatus of uid 1000 token: null
12-03 21:32:04.443 I/ActivityManager( 1754): START u0 {act=android.intent.action.MAIN cat=[android.intent.category.HOME] flg=0x10000000 cmp=com.google.android.wearable.app/com.google.android.clockwork.home.HomeActivity (has extras)} from pid 1872 on display 0
12-03 21:32:04.453 I/DreamController( 1754): Stopping dream: name=ComponentInfo{com.google.android.wearable.app/com.google.android.clockwork.home.AmbientMode}, isTest=false, canDoze=true, userId=0
12-03 21:32:04.453 I/PowerManagerService( 1754): Sleeping...
12-03 21:32:05.314 I/DisplayManagerService( 1754): Display device changed: DisplayDeviceInfo{"Built-in Screen": 320 x 290, 45.000004 fps, density 213, 203.2 x 204.61111 dpi, touch INTERNAL, rotation 0, type BUILT_IN, state OFF, FLAG_DEFAULT_DISPLAY, FLAG_ROTATES_WITH_CONTENT, FLAG_SECURE, FLAG_SUPPORTS_PROTECTED_BUFFERS}
12-03 21:32:05.314 V/ActivityManager( 1754): Display changed displayId=0
12-03 21:33:09.259 D/ConnectivityService( 1754): ConnectivityChange for PROXY: CONNECTED/CONNECTED
12-03 21:33:09.279 E/ConnectivityService( 1754): Unexpected mtu value: android.net.ProxyDataTracker@addf4de0
12-03 21:33:09.389 D/Nat464Xlat( 1754): requiresClat: netType=16, hasIPv4Address=false
12-03 21:33:09.409 D/ConnectivityService( 1754): ConnectivityChange for PROXY: CONNECTED/CONNECTED
12-03 21:33:09.479 E/ConnectivityService( 1754): Unexpected mtu value: android.net.ProxyDataTracker@addf4de0
12-03 21:33:09.639 D/ConnectivityService( 1754): handleConnectivityChange: address are the same reset per doReset linkProperty[16]: resetMask=0
12-03 21:33:09.639 D/Nat464Xlat( 1754): requiresClat: netType=16, hasIPv4Address=false
12-03 21:33:11.211 I/ActivityManager( 1754): Delay finish: com.google.android.gsf/.settings.GoogleLocationSettings$LocationSettingsChangedListener
12-03 21:33:11.221 I/ActivityManager( 1754): Resuming delayed broadcast
12-03 21:33:11.241 I/ActivityManager( 1754): Delay finish: com.google.android.gms/.gcm.ServiceAutoStarter
12-03 21:33:11.241 I/ActivityManager( 1754): Resuming delayed broadcast
12-03 21:33:12.792 E/ActivityThread( 1754): Failed to find provider info for telephony
12-03 21:33:13.092 E/ActivityThread( 1754): Failed to find provider info for telephony
12-03 21:35:02.230 D/ConnectivityService( 1754): ConnectivityChange for PROXY: DISCONNECTED/DISCONNECTED
12-03 21:35:02.230 D/ConnectivityService( 1754): tryFailover: set mActiveDefaultNetwork=-1, prevNetType=16
12-03 21:35:02.230 D/ConnectivityService( 1754): Attempting to switch to BLUETOOTH_TETHER
12-03 21:35:02.230 D/ConnectivityService( 1754): resetConnections(ifb0, 3)
12-03 21:35:02.230 D/Nat464Xlat( 1754): requiresClat: netType=16, hasIPv4Address=false
12-03 21:36:24.767 I/PowerManagerService( 1754): Waking up from sleep...
12-03 21:36:24.767 W/KeyguardServiceDelegate( 1754): onScreenTurnedOn(): no keyguard service!
12-03 21:36:25.057 W/InputMethodManagerService( 1754): Ignoring setImeWindowStatus of uid 1000 token: null
12-03 21:36:25.107 I/DisplayManagerService( 1754): Display device changed: DisplayDeviceInfo{"Built-in Screen": 320 x 290, 45.000004 fps, density 213, 203.2 x 204.61111 dpi, touch INTERNAL, rotation 0, type BUILT_IN, state ON, FLAG_DEFAULT_DISPLAY, FLAG_ROTATES_WITH_CONTENT, FLAG_SECURE, FLAG_SUPPORTS_PROTECTED_BUFFERS}
12-03 21:36:25.117 V/ActivityManager( 1754): Display changed displayId=0
12-03 21:36:25.167 D/SensorHAL( 1754): adjustSensorHandle: handle = 9 adjustedHandle = 1
12-03 21:36:25.167 D/SensorHAL( 1754): adjustSensorHandle: handle = 9 adjustedHandle = 1
12-03 21:36:25.177 D/SensorHAL( 1754): adjustSensorHandle: handle = 9 adjustedHandle = 1
12-03 21:36:26.538 E/ActivityThread( 1754): Failed to find provider info for telephony
12-03 21:36:29.851 I/PowerManagerService( 1754): Going to sleep due to screen timeout...
12-03 21:36:29.851 I/PowerManagerService( 1754): Dozing...
12-03 21:36:29.861 I/DreamController( 1754): Starting dream: name=ComponentInfo{com.google.android.wearable.app/com.google.android.clockwork.home.AmbientMode}, isTest=false, canDoze=true, userId=0
12-03 21:36:29.882 W/InputMethodManagerService( 1754): Ignoring setImeWindowStatus of uid 1000 token: null
12-03 21:36:30.072 I/ActivityManager( 1754): START u0 {act=android.intent.action.MAIN cat=[android.intent.category.HOME] flg=0x10000000 cmp=com.google.android.wearable.app/com.google.android.clockwork.home.HomeActivity (has extras)} from pid 1872 on display 0
12-03 21:36:30.072 V/ActivityManager( 1754): Display changed displayId=0
12-03 21:36:30.102 I/DreamController( 1754): Stopping dream: name=ComponentInfo{com.google.android.wearable.app/com.google.android.clockwork.home.AmbientMode}, isTest=false, canDoze=true, userId=0
12-03 21:36:30.102 I/PowerManagerService( 1754): Sleeping...
12-03 21:36:30.142 I/ActivityManager( 1754): Activity reported stop, but no longer stopping: ActivityRecord{ade21a30 u0 com.google.android.wearable.app/com.google.android.clockwork.home.HomeActivity t1}
12-03 21:36:30.983 I/DisplayManagerService( 1754): Display device changed: DisplayDeviceInfo{"Built-in Screen": 320 x 290, 45.000004 fps, density 213, 203.2 x 204.61111 dpi, touch INTERNAL, rotation 0, type BUILT_IN, state OFF, FLAG_DEFAULT_DISPLAY, FLAG_ROTATES_WITH_CONTENT, FLAG_SECURE, FLAG_SUPPORTS_PROTECTED_BUFFERS}
12-03 21:36:30.993 V/ActivityManager( 1754): Display changed displayId=0
12-03 21:37:44.851 D/ConnectivityService( 1754): Sampling interval elapsed, updating statistics ..
12-03 21:37:44.861 D/ConnectivityService( 1754): Done.
12-03 21:37:44.861 D/ConnectivityService( 1754): Setting timer for 720seconds
12-03 21:37:59.439 D/SensorHALGestureSensor( 1754): Gesture event received! time = 1417664279442485841
12-03 21:37:59.439 I/PowerManagerService( 1754): Waking up from sleep...
12-03 21:37:59.439 W/KeyguardServiceDelegate( 1754): onScreenTurnedOn(): no keyguard service!
12-03 21:37:59.670 V/ActivityManager( 1754): Display changed displayId=0
12-03 21:37:59.670 W/InputMethodManagerService( 1754): Ignoring setImeWindowStatus of uid 1000 token: null
12-03 21:37:59.770 D/SensorHAL( 1754): adjustSensorHandle: handle = 9 adjustedHandle = 1
12-03 21:37:59.770 D/SensorHAL( 1754): adjustSensorHandle: handle = 9 adjustedHandle = 1
12-03 21:37:59.770 I/DisplayManagerService( 1754): Display device changed: DisplayDeviceInfo{"Built-in Screen": 320 x 290, 45.000004 fps, density 213, 203.2 x 204.61111 dpi, touch INTERNAL, rotation 0, type BUILT_IN, state ON, FLAG_DEFAULT_DISPLAY, FLAG_ROTATES_WITH_CONTENT, FLAG_SECURE, FLAG_SUPPORTS_PROTECTED_BUFFERS}
12-03 21:37:59.780 V/ActivityManager( 1754): Display changed displayId=0
12-03 21:38:00.090 D/SensorHAL( 1754): adjustSensorHandle: handle = 9 adjustedHandle = 1
12-03 21:38:04.645 I/PowerManagerService( 1754): Going to sleep due to screen timeout...
12-03 21:38:04.645 I/PowerManagerService( 1754): Dozing...
12-03 21:38:04.645 I/DreamController( 1754): Starting dream: name=ComponentInfo{com.google.android.wearable.app/com.google.android.clockwork.home.AmbientMode}, isTest=false, canDoze=true, userId=0
12-03 21:38:04.705 I/ActivityManager( 1754): START u0 {act=android.intent.action.MAIN cat=[android.intent.category.HOME] flg=0x10000000 cmp=com.google.android.wearable.app/com.google.android.clockwork.home.HomeActivity (has extras)} from pid 1872 on display 0
12-03 21:38:04.715 I/DreamController( 1754): Stopping dream: name=ComponentInfo{com.google.android.wearable.app/com.google.android.clockwork.home.AmbientMode}, isTest=false, canDoze=true, userId=0
12-03 21:38:04.725 I/PowerManagerService( 1754): Sleeping...
12-03 21:38:05.525 I/DisplayManagerService( 1754): Display device changed: DisplayDeviceInfo{"Built-in Screen": 320 x 290, 45.000004 fps, density 213, 203.2 x 204.61111 dpi, touch INTERNAL, rotation 0, type BUILT_IN, state OFF, FLAG_DEFAULT_DISPLAY, FLAG_ROTATES_WITH_CONTENT, FLAG_SECURE, FLAG_SUPPORTS_PROTECTED_BUFFERS}
12-03 21:38:05.525 V/ActivityManager( 1754): Display changed displayId=0
12-03 21:38:05.575 W/InputMethodManagerService( 1754): Ignoring setImeWindowStatus of uid 1000 token: null
12-03 21:38:13.173 D/SensorHALGestureSensor( 1754): Gesture event received! time = 1417664293175609615
12-03 21:38:13.173 I/PowerManagerService( 1754): Waking up from sleep...
12-03 21:38:13.173 W/KeyguardServiceDelegate( 1754): onScreenTurnedOn(): no keyguard service!
12-03 21:38:13.353 W/InputMethodManagerService( 1754): Ignoring setImeWindowStatus of uid 1000 token: null
12-03 21:38:13.483 I/DisplayManagerService( 1754): Display device changed: DisplayDeviceInfo{"Built-in Screen": 320 x 290, 45.000004 fps, density 213, 203.2 x 204.61111 dpi, touch INTERNAL, rotation 0, type BUILT_IN, state ON, FLAG_DEFAULT_DISPLAY, FLAG_ROTATES_WITH_CONTENT, FLAG_SECURE, FLAG_SUPPORTS_PROTECTED_BUFFERS}
12-03 21:38:13.493 V/ActivityManager( 1754): Display changed displayId=0
12-03 21:38:13.533 D/SensorHAL( 1754): adjustSensorHandle: handle = 9 adjustedHandle = 1
12-03 21:38:13.533 D/SensorHAL( 1754): adjustSensorHandle: handle = 9 adjustedHandle = 1
12-03 21:38:13.573 D/SensorHAL( 1754): adjustSensorHandle: handle = 9 adjustedHandle = 1
12-03 21:38:18.328 I/PowerManagerService( 1754): Going to sleep due to screen timeout...
12-03 21:38:18.328 I/PowerManagerService( 1754): Dozing...
12-03 21:38:18.328 I/DreamController( 1754): Starting dream: name=ComponentInfo{com.google.android.wearable.app/com.google.android.clockwork.home.AmbientMode}, isTest=false, canDoze=true, userId=0
12-03 21:38:18.408 W/InputMethodManagerService( 1754): Ignoring setImeWindowStatus of uid 1000 token: null
12-03 21:38:18.418 I/ActivityManager( 1754): START u0 {act=android.intent.action.MAIN cat=[android.intent.category.HOME] flg=0x10000000 cmp=com.google.android.wearable.app/com.google.android.clockwork.home.HomeActivity (has extras)} from pid 1872 on display 0
12-03 21:38:18.428 I/DreamController( 1754): Stopping dream: name=ComponentInfo{com.google.android.wearable.app/com.google.android.clockwork.home.AmbientMode}, isTest=false, canDoze=true, userId=0
12-03 21:38:18.428 I/PowerManagerService( 1754): Sleeping...
12-03 21:38:19.269 I/DisplayManagerService( 1754): Display device changed: DisplayDeviceInfo{"Built-in Screen": 320 x 290, 45.000004 fps, density 213, 203.2 x 204.61111 dpi, touch INTERNAL, rotation 0, type BUILT_IN, state OFF, FLAG_DEFAULT_DISPLAY, FLAG_ROTATES_WITH_CONTENT, FLAG_SECURE, FLAG_SUPPORTS_PROTECTED_BUFFERS}
12-03 21:38:19.269 V/ActivityManager( 1754): Display changed displayId=0
12-03 21:38:39.100 I/PowerManagerService( 1754): Waking up from sleep...
12-03 21:38:39.100 W/KeyguardServiceDelegate( 1754): onScreenTurnedOn(): no keyguard service!
12-03 21:38:39.270 W/InputMethodManagerService( 1754): Ignoring setImeWindowStatus of uid 1000 token: null
12-03 21:38:39.400 I/DisplayManagerService( 1754): Display device changed: DisplayDeviceInfo{"Built-in Screen": 320 x 290, 45.000004 fps, density 213, 203.2 x 204.61111 dpi, touch INTERNAL, rotation 0, type BUILT_IN, state ON, FLAG_DEFAULT_DISPLAY, FLAG_ROTATES_WITH_CONTENT, FLAG_SECURE, FLAG_SUPPORTS_PROTECTED_BUFFERS}
12-03 21:38:39.400 V/ActivityManager( 1754): Display changed displayId=0
12-03 21:38:39.581 D/SensorHAL( 1754): adjustSensorHandle: handle = 9 adjustedHandle = 1
12-03 21:38:39.581 D/SensorHAL( 1754): adjustSensorHandle: handle = 9 adjustedHandle = 1
12-03 21:38:39.581 D/SensorHAL( 1754): adjustSensorHandle: handle = 9 adjustedHandle = 1
12-03 21:38:44.095 I/PowerManagerService( 1754): Going to sleep due to screen timeout...
12-03 21:38:44.095 I/PowerManagerService( 1754): Dozing...
12-03 21:38:44.115 I/DreamController( 1754): Starting dream: name=ComponentInfo{com.google.android.wearable.app/com.google.android.clockwork.home.AmbientMode}, isTest=false, canDoze=true, userId=0
12-03 21:38:44.125 W/InputMethodManagerService( 1754): Ignoring setImeWindowStatus of uid 1000 token: null
12-03 21:38:44.345 I/ActivityManager( 1754): START u0 {act=android.intent.action.MAIN cat=[android.intent.category.HOME] flg=0x10000000 cmp=com.google.android.wearable.app/com.google.android.clockwork.home.HomeActivity (has extras)} from pid 1872 on display 0
12-03 21:38:44.355 V/ActivityManager( 1754): Display changed displayId=0
12-03 21:38:44.375 I/DreamController( 1754): Stopping dream: name=ComponentInfo{com.google.android.wearable.app/com.google.android.clockwork.home.AmbientMode}, isTest=false, canDoze=true, userId=0
12-03 21:38:44.385 I/PowerManagerService( 1754): Sleeping...
12-03 21:38:44.415 I/ActivityManager( 1754): Activity reported stop, but no longer stopping: ActivityRecord{ade21a30 u0 com.google.android.wearable.app/com.google.android.clockwork.home.HomeActivity t1}
12-03 21:38:45.226 I/DisplayManagerService( 1754): Display device changed: DisplayDeviceInfo{"Built-in Screen": 320 x 290, 45.000004 fps, density 213, 203.2 x 204.61111 dpi, touch INTERNAL, rotation 0, type BUILT_IN, state OFF, FLAG_DEFAULT_DISPLAY, FLAG_ROTATES_WITH_CONTENT, FLAG_SECURE, FLAG_SUPPORTS_PROTECTED_BUFFERS}
12-03 21:38:45.226 V/ActivityManager( 1754): Display changed displayId=0
12-03 21:41:03.377 I/PowerManagerService( 1754): Waking up from sleep...
12-03 21:41:03.377 W/KeyguardServiceDelegate( 1754): onScreenTurnedOn(): no keyguard service!
12-03 21:41:03.617 V/ActivityManager( 1754): Display changed displayId=0
12-03 21:41:03.687 W/InputMethodManagerService( 1754): Ignoring setImeWindowStatus of uid 1000 token: null
12-03 21:41:03.757 I/DisplayManagerService( 1754): Display device changed: DisplayDeviceInfo{"Built-in Screen": 320 x 290, 45.000004 fps, density 213, 203.2 x 204.61111 dpi, touch INTERNAL, rotation 0, type BUILT_IN, state ON, FLAG_DEFAULT_DISPLAY, FLAG_ROTATES_WITH_CONTENT, FLAG_SECURE, FLAG_SUPPORTS_PROTECTED_BUFFERS}
12-03 21:41:03.757 V/ActivityManager( 1754): Display changed displayId=0
12-03 21:41:03.798 D/SensorHAL( 1754): adjustSensorHandle: handle = 9 adjustedHandle = 1
12-03 21:41:03.798 D/SensorHAL( 1754): adjustSensorHandle: handle = 9 adjustedHandle = 1
12-03 21:41:03.808 D/SensorHAL( 1754): adjustSensorHandle: handle = 9 adjustedHandle = 1
12-03 21:41:08.372 I/PowerManagerService( 1754): Going to sleep due to screen timeout...
12-03 21:41:08.372 I/PowerManagerService( 1754): Dozing...
12-03 21:41:08.382 I/DreamController( 1754): Starting dream: name=ComponentInfo{com.google.android.wearable.app/com.google.android.clockwork.home.AmbientMode}, isTest=false, canDoze=true, userId=0
12-03 21:41:08.402 W/InputMethodManagerService( 1754): Ignoring setImeWindowStatus of uid 1000 token: null
12-03 21:41:08.602 I/ActivityManager( 1754): START u0 {act=android.intent.action.MAIN cat=[android.intent.category.HOME] flg=0x10000000 cmp=com.google.android.wearable.app/com.google.android.clockwork.home.HomeActivity (has extras)} from pid 1872 on display 0
12-03 21:41:08.602 V/ActivityManager( 1754): Display changed displayId=0
12-03 21:41:08.612 I/DreamController( 1754): Stopping dream: name=ComponentInfo{com.google.android.wearable.app/com.google.android.clockwork.home.AmbientMode}, isTest=false, canDoze=true, userId=0
12-03 21:41:08.622 I/PowerManagerService( 1754): Sleeping...
12-03 21:41:08.652 I/ActivityManager( 1754): Activity reported stop, but no longer stopping: ActivityRecord{ade21a30 u0 com.google.android.wearable.app/com.google.android.clockwork.home.HomeActivity t1}
12-03 21:41:09.463 I/DisplayManagerService( 1754): Display device changed: DisplayDeviceInfo{"Built-in Screen": 320 x 290, 45.000004 fps, density 213, 203.2 x 204.61111 dpi, touch INTERNAL, rotation 0, type BUILT_IN, state OFF, FLAG_DEFAULT_DISPLAY, FLAG_ROTATES_WITH_CONTENT, FLAG_SECURE, FLAG_SUPPORTS_PROTECTED_BUFFERS}
12-03 21:41:09.463 V/ActivityManager( 1754): Display changed displayId=0
12-03 21:42:03.878 D/SensorHALGestureSensor( 1754): Gesture event received! time = 1417664523880748760
12-03 21:42:03.888 I/PowerManagerService( 1754): Waking up from sleep...
12-03 21:42:03.908 W/KeyguardServiceDelegate( 1754): onScreenTurnedOn(): no keyguard service!
12-03 21:42:04.118 V/ActivityManager( 1754): Display changed displayId=0
12-03 21:42:04.118 W/InputMethodManagerService( 1754): Ignoring setImeWindowStatus of uid 1000 token: null
12-03 21:42:04.218 I/DisplayManagerService( 1754): Display device changed: DisplayDeviceInfo{"Built-in Screen": 320 x 290, 45.000004 fps, density 213, 203.2 x 204.61111 dpi, touch INTERNAL, rotation 0, type BUILT_IN, state ON, FLAG_DEFAULT_DISPLAY, FLAG_ROTATES_WITH_CONTENT, FLAG_SECURE, FLAG_SUPPORTS_PROTECTED_BUFFERS}
12-03 21:42:04.218 V/ActivityManager( 1754): Display changed displayId=0
12-03 21:42:04.278 D/SensorHAL( 1754): adjustSensorHandle: handle = 9 adjustedHandle = 1
12-03 21:42:04.278 D/SensorHAL( 1754): adjustSensorHandle: handle = 9 adjustedHandle = 1
12-03 21:42:04.288 D/SensorHAL( 1754): adjustSensorHandle: handle = 9 adjustedHandle = 1
12-03 21:42:09.093 I/PowerManagerService( 1754): Going to sleep due to screen timeout...
12-03 21:42:09.093 I/PowerManagerService( 1754): Dozing...
12-03 21:42:09.093 I/DreamController( 1754): Starting dream: name=ComponentInfo{com.google.android.wearable.app/com.google.android.clockwork.home.AmbientMode}, isTest=false, canDoze=true, userId=0
12-03 21:42:09.163 I/ActivityManager( 1754): START u0 {act=android.intent.action.MAIN cat=[android.intent.category.HOME] flg=0x10000000 cmp=com.google.android.wearable.app/com.google.android.clockwork.home.HomeActivity (has extras)} from pid 1872 on display 0
12-03 21:42:09.163 I/DreamController( 1754): Stopping dream: name=ComponentInfo{com.google.android.wearable.app/com.google.android.clockwork.home.AmbientMode}, isTest=false, canDoze=true, userId=0
12-03 21:42:09.173 I/PowerManagerService( 1754): Sleeping...
12-03 21:42:09.263 I/ActivityManager( 1754): Delay finish: com.motorola.targetnotif/com.motorola.omni.NotificationAlarmReceiver
12-03 21:42:09.293 I/ActivityManager( 1754): Resuming delayed broadcast
12-03 21:42:10.154 I/DisplayManagerService( 1754): Display device changed: DisplayDeviceInfo{"Built-in Screen": 320 x 290, 45.000004 fps, density 213, 203.2 x 204.61111 dpi, touch INTERNAL, rotation 0, type BUILT_IN, state OFF, FLAG_DEFAULT_DISPLAY, FLAG_ROTATES_WITH_CONTENT, FLAG_SECURE, FLAG_SUPPORTS_PROTECTED_BUFFERS}
12-03 21:42:10.154 V/ActivityManager( 1754): Display changed displayId=0
12-03 21:42:10.204 W/InputMethodManagerService( 1754): Ignoring setImeWindowStatus of uid 1000 token: null
12-03 21:42:28.877 I/PowerManagerService( 1754): Waking up from sleep...
12-03 21:42:28.877 W/KeyguardServiceDelegate( 1754): onScreenTurnedOn(): no keyguard service!
12-03 21:42:29.167 W/InputMethodManagerService( 1754): Ignoring setImeWindowStatus of uid 1000 token: null
12-03 21:42:29.177 I/DisplayManagerService( 1754): Display device changed: DisplayDeviceInfo{"Built-in Screen": 320 x 290, 45.000004 fps, density 213, 203.2 x 204.61111 dpi, touch INTERNAL, rotation 0, type BUILT_IN, state ON, FLAG_DEFAULT_DISPLAY, FLAG_ROTATES_WITH_CONTENT, FLAG_SECURE, FLAG_SUPPORTS_PROTECTED_BUFFERS}
12-03 21:42:29.217 V/ActivityManager( 1754): Display changed displayId=0
12-03 21:42:29.327 D/SensorHAL( 1754): adjustSensorHandle: handle = 9 adjustedHandle = 1
12-03 21:42:29.327 D/SensorHAL( 1754): adjustSensorHandle: handle = 9 adjustedHandle = 1
12-03 21:42:29.337 D/SensorHAL( 1754): adjustSensorHandle: handle = 9 adjustedHandle = 1
12-03 21:42:34.122 I/PowerManagerService( 1754): Going to sleep due to screen timeout...
12-03 21:42:34.122 I/PowerManagerService( 1754): Dozing...
12-03 21:42:34.152 I/DreamController( 1754): Starting dream: name=ComponentInfo{com.google.android.wearable.app/com.google.android.clockwork.home.AmbientMode}, isTest=false, canDoze=true, userId=0
12-03 21:42:34.162 W/InputMethodManagerService( 1754): Ignoring setImeWindowStatus of uid 1000 token: null
12-03 21:42:34.362 I/ActivityManager( 1754): START u0 {act=android.intent.action.MAIN cat=[android.intent.category.HOME] flg=0x10000000 cmp=com.google.android.wearable.app/com.google.android.clockwork.home.HomeActivity (has extras)} from pid 1872 on display 0
12-03 21:42:34.372 V/ActivityManager( 1754): Display changed displayId=0
12-03 21:42:34.392 I/DreamController( 1754): Stopping dream: name=ComponentInfo{com.google.android.wearable.app/com.google.android.clockwork.home.AmbientMode}, isTest=false, canDoze=true, userId=0
12-03 21:42:34.402 I/PowerManagerService( 1754): Sleeping...
12-03 21:42:35.253 I/DisplayManagerService( 1754): Display device changed: DisplayDeviceInfo{"Built-in Screen": 320 x 290, 45.000004 fps, density 213, 203.2 x 204.61111 dpi, touch INTERNAL, rotation 0, type BUILT_IN, state OFF, FLAG_DEFAULT_DISPLAY, FLAG_ROTATES_WITH_CONTENT, FLAG_SECURE, FLAG_SUPPORTS_PROTECTED_BUFFERS}
12-03 21:42:35.253 V/ActivityManager( 1754): Display changed displayId=0
--------- beginning of main
12-03 21:42:35.283 D/MinnowPowerHAL( 1754): power_set_interactive: 0
12-03 21:42:35.283 D/MinnowPowerHAL( 1754): sysfs_write: /sys/devices/platform/omapdss/display0/interactivemode 0
12-03 21:42:35.283 D/MinnowPowerHAL( 1754): sysfs_write: /sys/devices/ocp.2/i2c.6/i2c-0/0-004a/interactivemode 0
12-03 21:42:35.283 D/MinnowPowerHAL( 1754): sysfs_write: /sys/class/leds/lcd-backlight/interactive 0
12-03 21:42:35.283 D/mot_vr_audio_hw( 1754): dsp_set_pm_state = off
12-03 21:42:35.283 D/ADSPD   ( 1414): Client cmd=0x4002, size=2
12-03 21:42:35.283 D/ADSPD   ( 1414): DSP_CMD_DAEMON_SET_PM_STATE : 0
12-03 21:42:35.293 V/MyViewAnim( 2084): stopping animation!
12-03 21:42:35.293 V/MyViewAnim( 2084): killDrawThread
12-03 21:42:35.293 V/WearActivity( 2084): killing alarms
12-03 21:42:35.303 I/ClockFace( 2084): Ambient mode: false
12-03 21:42:35.303 V/MyViewAnim/PanelThread( 2084): looper finished!
12-03 21:42:35.303 V/MyViewAnim/PanelThread( 2084): draw thread termination
12-03 21:42:47.721 D/SensorHALGestureSensor( 1754): Gesture event received! time = 1417664567723522189
12-03 21:42:47.721 I/PowerManagerService( 1754): Waking up from sleep...
12-03 21:42:47.721 W/KeyguardServiceDelegate( 1754): onScreenTurnedOn(): no keyguard service!
12-03 21:42:47.741 V/WearActivity( 2084): display changed: 0, new state: 1
12-03 21:42:47.741 V/WearActivity( 2084): state didn't actually change
12-03 21:42:47.741 V/MyViewAnim( 2084): success getting new surface holder
12-03 21:42:47.811 D/MinnowPowerHAL( 1754): power_set_interactive: 1
12-03 21:42:47.811 D/MinnowPowerHAL( 1754): sysfs_write: /sys/devices/platform/omapdss/display0/interactivemode 1
12-03 21:42:47.881 D/MinnowPowerHAL( 1754): sysfs_write: /sys/devices/ocp.2/i2c.6/i2c-0/0-004a/interactivemode 1
12-03 21:42:47.881 D/MinnowPowerHAL( 1754): sysfs_write: /sys/class/leds/lcd-backlight/interactive 1
12-03 21:42:47.881 D/mot_vr_audio_hw( 1754): dsp_set_pm_state = on
12-03 21:42:47.891 D/ADSPD   ( 1414): Client cmd=0x4002, size=2
12-03 21:42:47.891 D/ADSPD   ( 1414): DSP_CMD_DAEMON_SET_PM_STATE : 1
12-03 21:42:47.891 D/PowerManagerService-JNI( 1754): Excessive delay in setInteractive(true) while turning screen on: 79ms
12-03 21:42:47.891 E/ClockworkHome( 1872): Tried to exit ambient mode, but enterAmbientMode() was never called.
12-03 21:42:47.891 V/WearActivity( 2084): Resume!
12-03 21:42:47.891 D/ADSPD   ( 1414): ACK success!
12-03 21:42:47.901 D/mot_vr_audio_hw( 1421): dsp_recognizer_enabled = true
12-03 21:42:47.901 D/ADSPD   ( 1414): Client cmd=0x0003, size=4
12-03 21:42:47.901 D/mot_vr_audio_hw( 1421): open_input_stream(): devices = 0x80000004, rate = 8000, channels = 0x10
12-03 21:42:47.901 D/mot_vr_audio_hw( 1421): Created resampler for 16000->8000 Hz
12-03 21:42:47.911 D/ADSPD   ( 1414): Received from DSP: cmd=0x8003, size=2
12-03 21:42:47.911 D/ADSPD   ( 1414): Client cmd=0x4003, size=2
12-03 21:42:47.911 D/mot_vr_audio_hw( 1421): received recognition control callback, status 0
12-03 21:42:47.911 V/ActivityManager( 1754): Display changed displayId=0
12-03 21:42:47.921 W/InputMethodManagerService( 1754): Ignoring setImeWindowStatus of uid 1000 token: null
12-03 21:42:47.941 D/mot_vr_audio_hw( 1421): in_read waiting for hotword
12-03 21:42:47.961 E/HostWithRpcCallback( 1872): Failed to send RPC
12-03 21:42:47.961 E/HostWithRpcCallback( 1872): com.google.android.wearable.gmsclient.WearableException: sendRpcAsync failed: Status{statusCode=unknown status code: 4000, resolution=null}
12-03 21:42:47.961 E/HostWithRpcCallback( 1872): 	at com.google.android.wearable.gmsclient.GoogleApiClientHelper.throwIfFailed(GoogleApiClientHelper.java:98)
12-03 21:42:47.961 E/HostWithRpcCallback( 1872): 	at com.google.android.wearable.gmsclient.MessageManager$1$1.getResult(MessageManager.java:81)
12-03 21:42:47.961 E/HostWithRpcCallback( 1872): 	at com.google.android.wearable.gmsclient.MessageManager$1$1.getResult(MessageManager.java:78)
12-03 21:42:47.961 E/HostWithRpcCallback( 1872): 	at com.google.android.clockwork.actions.WearableHostWithRpcCallback$SendRpcCallbackWithId.onSendRpc(WearableHostWithRpcCallback.java:292)
12-03 21:42:47.961 E/HostWithRpcCallback( 1872): 	at com.google.android.wearable.gmsclient.MessageManager$1.onResult(MessageManager.java:78)
12-03 21:42:47.961 E/HostWithRpcCallback( 1872): 	at com.google.android.wearable.gmsclient.MessageManager$1.onResult(MessageManager.java:75)
12-03 21:42:47.961 E/HostWithRpcCallback( 1872): 	at com.google.android.gms.common.api.BaseImplementation$CallbackHandler.deliverResultCallback(Unknown Source)
12-03 21:42:47.961 E/HostWithRpcCallback( 1872): 	at com.google.android.gms.common.api.BaseImplementation$CallbackHandler.handleMessage(Unknown Source)
12-03 21:42:47.961 E/HostWithRpcCallback( 1872): 	at android.os.Handler.dispatchMessage(Handler.java:102)
12-03 21:42:47.961 E/HostWithRpcCallback( 1872): 	at android.os.Looper.loop(Looper.java:136)
12-03 21:42:47.961 E/HostWithRpcCallback( 1872): 	at android.app.ActivityThread.main(ActivityThread.java:5026)
12-03 21:42:47.961 E/HostWithRpcCallback( 1872): 	at java.lang.reflect.Method.invokeNative(Native Method)
12-03 21:42:47.961 E/HostWithRpcCallback( 1872): 	at java.lang.reflect.Method.invoke(Method.java:515)
12-03 21:42:47.961 E/HostWithRpcCallback( 1872): 	at com.android.internal.os.ZygoteInit$MethodAndArgsCaller.run(ZygoteInit.java:777)
12-03 21:42:47.961 E/HostWithRpcCallback( 1872): 	at com.android.internal.os.ZygoteInit.main(ZygoteInit.java:602)
12-03 21:42:47.961 E/HostWithRpcCallback( 1872): 	at dalvik.system.NativeStart.main(Native Method)
12-03 21:42:48.031 D/SurfaceFlinger( 1419): Screen acquired, type=0 flinger=0xb76ea448
12-03 21:42:48.031 D/hwcomposer( 1419): hwc_blank(0: 0)
12-03 21:42:48.031 D/SensorHAL( 1754): adjustSensorHandle: handle = 9 adjustedHandle = 1
12-03 21:42:48.031 D/SensorHAL( 1754): adjustSensorHandle: handle = 9 adjustedHandle = 1
12-03 21:42:48.031 I/DisplayManagerService( 1754): Display device changed: DisplayDeviceInfo{"Built-in Screen": 320 x 290, 45.000004 fps, density 213, 203.2 x 204.61111 dpi, touch INTERNAL, rotation 0, type BUILT_IN, state ON, FLAG_DEFAULT_DISPLAY, FLAG_ROTATES_WITH_CONTENT, FLAG_SECURE, FLAG_SUPPORTS_PROTECTED_BUFFERS}
12-03 21:42:48.031 V/ActivityManager( 1754): Display changed displayId=0
12-03 21:42:48.051 V/WearActivity( 2084): display changed: 0, new state: 2
12-03 21:42:48.051 V/WearActivity( 2084): onDisplayChanged: on!
12-03 21:42:48.051 V/WearActivity( 2084): killing alarms
12-03 21:42:48.051 V/WearActivity( 2084): startHelper: putting it all back together again
12-03 21:42:48.051 V/WearActivity( 2084): initAlarm: setting up
12-03 21:42:48.061 I/ClockFace( 2084): Ambient mode: false
12-03 21:42:48.091 V/MyViewAnim( 2084): resumeMaxHertz
12-03 21:42:48.091 V/ClockFace( 2084): clearing caches
12-03 21:42:48.091 V/MyViewAnim( 2084): starting new animator
12-03 21:42:48.091 V/MyViewAnim( 2084): Time listener is up!
12-03 21:42:48.091 V/MyViewAnim( 2084): starting new draw thread
12-03 21:42:48.101 V/ClockFace( 2084): rendering new face, faceMode(0)
12-03 21:42:48.111 V/ClockFace( 2084): fetching new battery status (29626)
12-03 21:42:48.111 V/ClockFace( 2084): battery at 0.47
12-03 21:42:48.111 V/ClockFace( 2084): --> dot radius: 0.022999998
12-03 21:42:48.111 D/SensorHAL( 1754): adjustSensorHandle: handle = 9 adjustedHandle = 1
12-03 21:42:52.906 I/PowerManagerService( 1754): Going to sleep due to screen timeout...
12-03 21:42:52.906 I/PowerManagerService( 1754): Dozing...
12-03 21:42:52.906 I/DreamController( 1754): Starting dream: name=ComponentInfo{com.google.android.wearable.app/com.google.android.clockwork.home.AmbientMode}, isTest=false, canDoze=true, userId=0
12-03 21:42:52.996 I/ActivityManager( 1754): START u0 {act=android.intent.action.MAIN cat=[android.intent.category.HOME] flg=0x10000000 cmp=com.google.android.wearable.app/com.google.android.clockwork.home.HomeActivity (has extras)} from pid 1872 on display 0
12-03 21:42:52.996 I/DreamController( 1754): Stopping dream: name=ComponentInfo{com.google.android.wearable.app/com.google.android.clockwork.home.AmbientMode}, isTest=false, canDoze=true, userId=0
12-03 21:42:53.016 I/PowerManagerService( 1754): Sleeping...
12-03 21:42:53.066 I/AmbientMode( 1872): Ambient mode started: canDoze=true, dozeHardware=null
12-03 21:42:53.066 D/mot_vr_audio_hw( 1421): dsp_recognizer_enabled = false
12-03 21:42:53.066 D/ADSPD   ( 1414): Client cmd=0x0003, size=4
12-03 21:42:53.066 D/mot_vr_audio_hw( 1421): Switching DSP to standby/passthrough mode
12-03 21:42:53.066 D/mot_vr_audio_hw( 1421): Input 0xb7d7a248 ready to read
12-03 21:42:53.076 D/ADSPD   ( 1414): Received from DSP: cmd=0x8003, size=2
12-03 21:42:53.076 D/ADSPD   ( 1414): Client cmd=0x0003, size=4
12-03 21:42:53.076 D/mot_vr_audio_hw( 1421): received recognition control callback, status 0
12-03 21:42:53.096 D/ADSPD   ( 1414): Received from DSP: cmd=0x8003, size=2
12-03 21:42:53.096 D/mot_vr_audio_hw( 1421): received recognition control callback, status 0
12-03 21:42:53.126 W/mot_vr_audio_hw( 1421): Discarded 10 buffers without finding audio data
12-03 21:42:53.146 D/ADSPD   ( 1414): Client cmd=0x0003, size=4
12-03 21:42:53.146 D/mot_vr_audio_hw( 1421): Re-arming DSP
12-03 21:42:53.146 D/mot_vr_audio_hw( 1421): Input 0xb7d7a248 standby complete
12-03 21:42:53.146 D/ADSPD   ( 1414): Received from DSP: cmd=0x8003, size=2
12-03 21:42:53.146 D/mot_vr_audio_hw( 1421): received recognition control callback, status 0
12-03 21:42:53.146 D/ADSPD   ( 1414): Client cmd=0x4003, size=2
12-03 21:42:53.146 D/mot_vr_audio_hw( 1421): Input 0xb7d7a248 close complete
12-03 21:42:53.166 D/mot_vr_audio_hw( 1421): dsp_recognizer_enabled = true
12-03 21:42:53.166 D/ADSPD   ( 1414): Client cmd=0x0003, size=4
12-03 21:42:53.166 D/mot_vr_audio_hw( 1421): open_input_stream(): devices = 0x80000004, rate = 8000, channels = 0x10
12-03 21:42:53.166 D/mot_vr_audio_hw( 1421): Created resampler for 16000->8000 Hz
12-03 21:42:53.176 D/ADSPD   ( 1414): Received from DSP: cmd=0x8003, size=2
12-03 21:42:53.176 D/ADSPD   ( 1414): Client cmd=0x4003, size=2
12-03 21:42:53.176 D/mot_vr_audio_hw( 1421): received recognition control callback, status 0
12-03 21:42:53.186 I/AmbientMode( 1872): Dream ended: isDozing=true
12-03 21:42:53.196 D/mot_vr_audio_hw( 1421): in_read waiting for hotword
12-03 21:42:53.286 E/HostWithRpcCallback( 1872): Failed to send RPC
12-03 21:42:53.286 E/HostWithRpcCallback( 1872): com.google.android.wearable.gmsclient.WearableException: sendRpcAsync failed: Status{statusCode=unknown status code: 4000, resolution=null}
12-03 21:42:53.286 E/HostWithRpcCallback( 1872): 	at com.google.android.wearable.gmsclient.GoogleApiClientHelper.throwIfFailed(GoogleApiClientHelper.java:98)
12-03 21:42:53.286 E/HostWithRpcCallback( 1872): 	at com.google.android.wearable.gmsclient.MessageManager$1$1.getResult(MessageManager.java:81)
12-03 21:42:53.286 E/HostWithRpcCallback( 1872): 	at com.google.android.wearable.gmsclient.MessageManager$1$1.getResult(MessageManager.java:78)
12-03 21:42:53.286 E/HostWithRpcCallback( 1872): 	at com.google.android.clockwork.actions.WearableHostWithRpcCallback$SendRpcCallbackWithId.onSendRpc(WearableHostWithRpcCallback.java:292)
12-03 21:42:53.286 E/HostWithRpcCallback( 1872): 	at com.google.android.wearable.gmsclient.MessageManager$1.onResult(MessageManager.java:78)
12-03 21:42:53.286 E/HostWithRpcCallback( 1872): 	at com.google.android.wearable.gmsclient.MessageManager$1.onResult(MessageManager.java:75)
12-03 21:42:53.286 E/HostWithRpcCallback( 1872): 	at com.google.android.gms.common.api.BaseImplementation$CallbackHandler.deliverResultCallback(Unknown Source)
12-03 21:42:53.286 E/HostWithRpcCallback( 1872): 	at com.google.android.gms.common.api.BaseImplementation$CallbackHandler.handleMessage(Unknown Source)
12-03 21:42:53.286 E/HostWithRpcCallback( 1872): 	at android.os.Handler.dispatchMessage(Handler.java:102)
12-03 21:42:53.286 E/HostWithRpcCallback( 1872): 	at android.os.Looper.loop(Looper.java:136)
12-03 21:42:53.286 E/HostWithRpcCallback( 1872): 	at android.app.ActivityThread.main(ActivityThread.java:5026)
12-03 21:42:53.286 E/HostWithRpcCallback( 1872): 	at java.lang.reflect.Method.invokeNative(Native Method)
12-03 21:42:53.286 E/HostWithRpcCallback( 1872): 	at java.lang.reflect.Method.invoke(Method.java:515)
12-03 21:42:53.286 E/HostWithRpcCallback( 1872): 	at com.android.internal.os.ZygoteInit$MethodAndArgsCaller.run(ZygoteInit.java:777)
12-03 21:42:53.286 E/HostWithRpcCallback( 1872): 	at com.android.internal.os.ZygoteInit.main(ZygoteInit.java:602)
12-03 21:42:53.286 E/HostWithRpcCallback( 1872): 	at dalvik.system.NativeStart.main(Native Method)
12-03 21:42:53.286 E/HostWithRpcCallback( 1872): Failed to send RPC
12-03 21:42:53.286 E/HostWithRpcCallback( 1872): com.google.android.wearable.gmsclient.WearableException: sendRpcAsync failed: Status{statusCode=unknown status code: 4000, resolution=null}
12-03 21:42:53.286 E/HostWithRpcCallback( 1872): 	at com.google.android.wearable.gmsclient.GoogleApiClientHelper.throwIfFailed(GoogleApiClientHelper.java:98)
12-03 21:42:53.286 E/HostWithRpcCallback( 1872): 	at com.google.android.wearable.gmsclient.MessageManager$1$1.getResult(MessageManager.java:81)
12-03 21:42:53.286 E/HostWithRpcCallback( 1872): 	at com.google.android.wearable.gmsclient.MessageManager$1$1.getResult(MessageManager.java:78)
12-03 21:42:53.286 E/HostWithRpcCallback( 1872): 	at com.google.android.clockwork.actions.WearableHostWithRpcCallback$SendRpcCallbackWithId.onSendRpc(WearableHostWithRpcCallback.java:292)
12-03 21:42:53.286 E/HostWithRpcCallback( 1872): 	at com.google.android.wearable.gmsclient.MessageManager$1.onResult(MessageManager.java:78)
12-03 21:42:53.286 E/HostWithRpcCallback( 1872): 	at com.google.android.wearable.gmsclient.MessageManager$1.onResult(MessageManager.java:75)
12-03 21:42:53.286 E/HostWithRpcCallback( 1872): 	at com.google.android.gms.common.api.BaseImplementation$CallbackHandler.deliverResultCallback(Unknown Source)
12-03 21:42:53.286 E/HostWithRpcCallback( 1872): 	at com.google.android.gms.common.api.BaseImplementation$CallbackHandler.handleMessage(Unknown Source)
12-03 21:42:53.286 E/HostWithRpcCallback( 1872): 	at android.os.Handler.dispatchMessage(Handler.java:102)
12-03 21:42:53.286 E/HostWithRpcCallback( 1872): 	at android.os.Looper.loop(Looper.java:136)
12-03 21:42:53.286 E/HostWithRpcCallback( 1872): 	at android.app.ActivityThread.main(ActivityThread.java:5026)
12-03 21:42:53.286 E/HostWithRpcCallback( 1872): 	at java.lang.reflect.Method.invokeNative(Native Method)
12-03 21:42:53.286 E/HostWithRpcCallback( 1872): 	at java.lang.reflect.Method.invoke(Method.java:515)
12-03 21:42:53.286 E/HostWithRpcCallback( 1872): 	at com.android.internal.os.ZygoteInit$MethodAndArgsCaller.run(ZygoteInit.java:777)
12-03 21:42:53.286 E/HostWithRpcCallback( 1872): 	at com.android.internal.os.ZygoteInit.main(ZygoteInit.java:602)
12-03 21:42:53.286 E/HostWithRpcCallback( 1872): 	at dalvik.system.NativeStart.main(Native Method)
12-03 21:42:53.666 D/LightsService( 1754): Excessive delay setting light: 94ms
12-03 21:42:53.666 D/SurfaceFlinger( 1419): Screen released, type=0 flinger=0xb76ea448
12-03 21:42:53.857 D/hwcomposer( 1419): hwc_blank(0: 1)
12-03 21:42:53.857 D/SurfaceControl( 1754): Excessive delay in blankDisplay() while turning screen off: 190ms
12-03 21:42:53.877 I/DisplayManagerService( 1754): Display device changed: DisplayDeviceInfo{"Built-in Screen": 320 x 290, 45.000004 fps, density 213, 203.2 x 204.61111 dpi, touch INTERNAL, rotation 0, type BUILT_IN, state OFF, FLAG_DEFAULT_DISPLAY, FLAG_ROTATES_WITH_CONTENT, FLAG_SECURE, FLAG_SUPPORTS_PROTECTED_BUFFERS}
12-03 21:42:53.887 V/WearActivity( 2084): display changed: 0, new state: 1
12-03 21:42:53.887 I/TimeWrapper( 2084): FPS: 41.33177, samples: 240
12-03 21:42:53.887 I/TimeWrapper( 2084): Min/Avg/Max frame render speed (ms): 3.967285 / 4.824447 / 22.857668
12-03 21:42:53.887 I/TimeWrapper( 2084): Waketime: 19.940294%
12-03 21:42:53.887 V/MyViewAnim( 2084): redrawSlow: resume -> 1
12-03 21:42:53.887 V/MyViewAnim( 2084): redrawSlow: display change without state change -> 1
12-03 21:42:53.887 V/MyViewAnim( 2084): redrawSlow: startHelper -> 1
12-03 21:42:53.887 V/WearActivity( 2084): onDisplayChanged: off!
12-03 21:42:53.887 V/WearActivity( 2084): stopHelper: shutting things down
12-03 21:42:53.887 V/ActivityManager( 1754): Display changed displayId=0
12-03 21:42:53.907 D/MinnowPowerHAL( 1754): power_set_interactive: 0
12-03 21:42:53.907 D/MinnowPowerHAL( 1754): sysfs_write: /sys/devices/platform/omapdss/display0/interactivemode 0
12-03 21:42:53.907 D/MinnowPowerHAL( 1754): sysfs_write: /sys/devices/ocp.2/i2c.6/i2c-0/0-004a/interactivemode 0
12-03 21:42:53.907 D/MinnowPowerHAL( 1754): sysfs_write: /sys/class/leds/lcd-backlight/interactive 0
12-03 21:42:53.907 D/mot_vr_audio_hw( 1754): dsp_set_pm_state = off
12-03 21:42:53.907 D/ADSPD   ( 1414): Client cmd=0x4002, size=2
12-03 21:42:53.907 D/ADSPD   ( 1414): DSP_CMD_DAEMON_SET_PM_STATE : 0
12-03 21:42:53.907 D/ADSPD   ( 1414): DSP not turned off as still being used
12-03 21:42:53.917 D/mot_vr_audio_hw( 1421): dsp_recognizer_enabled = false
12-03 21:42:53.917 D/ADSPD   ( 1414): Client cmd=0x0003, size=4
12-03 21:42:53.917 D/ADSPD   ( 1414): Trying to send to dsp while in dsp in RESET
12-03 21:42:53.927 W/mot_vr_audio_hw( 1421): Not allowing wake() since DSP is disabled
12-03 21:42:53.927 V/MyViewAnim( 2084): stopping animation!
12-03 21:42:53.927 V/MyViewAnim( 2084): killDrawThread
12-03 21:42:53.927 V/WearActivity( 2084): killing alarms
12-03 21:42:53.927 I/ClockFace( 2084): Ambient mode: false
12-03 21:42:53.927 V/WearActivity( 2084): Pause!
12-03 21:42:53.927 V/WearActivity( 2084): Stop!
12-03 21:42:53.927 W/InputMethodManagerService( 1754): Ignoring setImeWindowStatus of uid 1000 token: null
12-03 21:42:53.937 W/mot_vr_audio_hw( 1421): Not allowing wake() since DSP is disabled
12-03 21:42:53.937 V/MyViewAnim/PanelThread( 2084): looper finished!
12-03 21:42:53.937 V/MyViewAnim/PanelThread( 2084): draw thread termination
12-03 21:42:53.947 D/ADSPD   ( 1414): Client cmd=0x4003, size=2
12-03 21:42:53.947 D/ADSPD   ( 1414): DSP no longer used, turned off here
12-03 21:42:53.947 D/mot_vr_audio_hw( 1421): Input 0xb7d7a248 close complete
12-03 21:42:53.957 E/HostWithRpcCallback( 1872): Failed to send RPC
12-03 21:42:53.957 E/HostWithRpcCallback( 1872): com.google.android.wearable.gmsclient.WearableException: sendRpcAsync failed: Status{statusCode=unknown status code: 4000, resolution=null}
12-03 21:42:53.957 E/HostWithRpcCallback( 1872): 	at com.google.android.wearable.gmsclient.GoogleApiClientHelper.throwIfFailed(GoogleApiClientHelper.java:98)
12-03 21:42:53.957 E/HostWithRpcCallback( 1872): 	at com.google.android.wearable.gmsclient.MessageManager$1$1.getResult(MessageManager.java:81)
12-03 21:42:53.957 E/HostWithRpcCallback( 1872): 	at com.google.android.wearable.gmsclient.MessageManager$1$1.getResult(MessageManager.java:78)
12-03 21:42:53.957 E/HostWithRpcCallback( 1872): 	at com.google.android.clockwork.actions.WearableHostWithRpcCallback$SendRpcCallbackWithId.onSendRpc(WearableHostWithRpcCallback.java:292)
12-03 21:42:53.957 E/HostWithRpcCallback( 1872): 	at com.google.android.wearable.gmsclient.MessageManager$1.onResult(MessageManager.java:78)
12-03 21:42:53.957 E/HostWithRpcCallback( 1872): 	at com.google.android.wearable.gmsclient.MessageManager$1.onResult(MessageManager.java:75)
12-03 21:42:53.957 E/HostWithRpcCallback( 1872): 	at com.google.android.gms.common.api.BaseImplementation$CallbackHandler.deliverResultCallback(Unknown Source)
12-03 21:42:53.957 E/HostWithRpcCallback( 1872): 	at com.google.android.gms.common.api.BaseImplementation$CallbackHandler.handleMessage(Unknown Source)
12-03 21:42:53.957 E/HostWithRpcCallback( 1872): 	at android.os.Handler.dispatchMessage(Handler.java:102)
12-03 21:42:53.957 E/HostWithRpcCallback( 1872): 	at android.os.Looper.loop(Looper.java:136)
12-03 21:42:53.957 E/HostWithRpcCallback( 1872): 	at android.app.ActivityThread.main(ActivityThread.java:5026)
12-03 21:42:53.957 E/HostWithRpcCallback( 1872): 	at java.lang.reflect.Method.invokeNative(Native Method)
12-03 21:42:53.957 E/HostWithRpcCallback( 1872): 	at java.lang.reflect.Method.invoke(Method.java:515)
12-03 21:42:53.957 E/HostWithRpcCallback( 1872): 	at com.android.internal.os.ZygoteInit$MethodAndArgsCaller.run(ZygoteInit.java:777)
12-03 21:42:53.957 E/HostWithRpcCallback( 1872): 	at com.android.internal.os.ZygoteInit.main(ZygoteInit.java:602)
12-03 21:42:53.957 E/HostWithRpcCallback( 1872): 	at dalvik.system.NativeStart.main(Native Method)
12-03 21:43:00.052 D/SensorHALGestureSensor( 1754): Gesture event received! time = 1417664580055522918
12-03 21:43:00.052 I/PowerManagerService( 1754): Waking up from sleep...
12-03 21:43:00.052 W/KeyguardServiceDelegate( 1754): onScreenTurnedOn(): no keyguard service!
12-03 21:43:00.143 D/MinnowPowerHAL( 1754): power_set_interactive: 1
12-03 21:43:00.143 D/MinnowPowerHAL( 1754): sysfs_write: /sys/devices/platform/omapdss/display0/interactivemode 1
12-03 21:43:00.193 D/MinnowPowerHAL( 1754): sysfs_write: /sys/devices/ocp.2/i2c.6/i2c-0/0-004a/interactivemode 1
12-03 21:43:00.193 D/MinnowPowerHAL( 1754): sysfs_write: /sys/class/leds/lcd-backlight/interactive 1
12-03 21:43:00.193 D/mot_vr_audio_hw( 1754): dsp_set_pm_state = on
12-03 21:43:00.203 D/ADSPD   ( 1414): Client cmd=0x4002, size=2
12-03 21:43:00.203 D/ADSPD   ( 1414): DSP_CMD_DAEMON_SET_PM_STATE : 1
12-03 21:43:00.203 D/PowerManagerService-JNI( 1754): Excessive delay in setInteractive(true) while turning screen on: 56ms
12-03 21:43:00.213 E/ClockworkHome( 1872): Tried to exit ambient mode, but enterAmbientMode() was never called.
12-03 21:43:00.213 D/mot_vr_audio_hw( 1421): dsp_recognizer_enabled = true
12-03 21:43:00.213 D/mot_vr_audio_hw( 1421): open_input_stream(): devices = 0x80000004, rate = 8000, channels = 0x10
12-03 21:43:00.213 D/mot_vr_audio_hw( 1421): Created resampler for 16000->8000 Hz
12-03 21:43:00.223 D/ADSPD   ( 1414): ACK success!
12-03 21:43:00.223 D/ADSPD   ( 1414): Client cmd=0x0003, size=4
12-03 21:43:00.233 V/WearActivity( 2084): Resume!
12-03 21:43:00.233 V/MyViewAnim( 2084): success getting new surface holder
12-03 21:43:00.233 W/InputMethodManagerService( 1754): Ignoring setImeWindowStatus of uid 1000 token: null
12-03 21:43:00.243 D/ADSPD   ( 1414): Received from DSP: cmd=0x8003, size=2
12-03 21:43:00.243 D/ADSPD   ( 1414): Client cmd=0x4003, size=2
12-03 21:43:00.243 D/mot_vr_audio_hw( 1421): received recognition control callback, status 0
12-03 21:43:00.263 D/mot_vr_audio_hw( 1421): in_read waiting for hotword
12-03 21:43:00.293 E/HostWithRpcCallback( 1872): Failed to send RPC
12-03 21:43:00.293 E/HostWithRpcCallback( 1872): com.google.android.wearable.gmsclient.WearableException: sendRpcAsync failed: Status{statusCode=unknown status code: 4000, resolution=null}
12-03 21:43:00.293 E/HostWithRpcCallback( 1872): 	at com.google.android.wearable.gmsclient.GoogleApiClientHelper.throwIfFailed(GoogleApiClientHelper.java:98)
12-03 21:43:00.293 E/HostWithRpcCallback( 1872): 	at com.google.android.wearable.gmsclient.MessageManager$1$1.getResult(MessageManager.java:81)
12-03 21:43:00.293 E/HostWithRpcCallback( 1872): 	at com.google.android.wearable.gmsclient.MessageManager$1$1.getResult(MessageManager.java:78)
12-03 21:43:00.293 E/HostWithRpcCallback( 1872): 	at com.google.android.clockwork.actions.WearableHostWithRpcCallback$SendRpcCallbackWithId.onSendRpc(WearableHostWithRpcCallback.java:292)
12-03 21:43:00.293 E/HostWithRpcCallback( 1872): 	at com.google.android.wearable.gmsclient.MessageManager$1.onResult(MessageManager.java:78)
12-03 21:43:00.293 E/HostWithRpcCallback( 1872): 	at com.google.android.wearable.gmsclient.MessageManager$1.onResult(MessageManager.java:75)
12-03 21:43:00.293 E/HostWithRpcCallback( 1872): 	at com.google.android.gms.common.api.BaseImplementation$CallbackHandler.deliverResultCallback(Unknown Source)
12-03 21:43:00.293 E/HostWithRpcCallback( 1872): 	at com.google.android.gms.common.api.BaseImplementation$CallbackHandler.handleMessage(Unknown Source)
12-03 21:43:00.293 E/HostWithRpcCallback( 1872): 	at android.os.Handler.dispatchMessage(Handler.java:102)
12-03 21:43:00.293 E/HostWithRpcCallback( 1872): 	at android.os.Looper.loop(Looper.java:136)
12-03 21:43:00.293 E/HostWithRpcCallback( 1872): 	at android.app.ActivityThread.main(ActivityThread.java:5026)
12-03 21:43:00.293 E/HostWithRpcCallback( 1872): 	at java.lang.reflect.Method.invokeNative(Native Method)
12-03 21:43:00.293 E/HostWithRpcCallback( 1872): 	at java.lang.reflect.Method.invoke(Method.java:515)
12-03 21:43:00.293 E/HostWithRpcCallback( 1872): 	at com.android.internal.os.ZygoteInit$MethodAndArgsCaller.run(ZygoteInit.java:777)
12-03 21:43:00.293 E/HostWithRpcCallback( 1872): 	at com.android.internal.os.ZygoteInit.main(ZygoteInit.java:602)
12-03 21:43:00.293 E/HostWithRpcCallback( 1872): 	at dalvik.system.NativeStart.main(Native Method)
12-03 21:43:00.343 D/SurfaceFlinger( 1419): Screen acquired, type=0 flinger=0xb76ea448
12-03 21:43:00.343 D/hwcomposer( 1419): hwc_blank(0: 0)
12-03 21:43:00.363 I/DisplayManagerService( 1754): Display device changed: DisplayDeviceInfo{"Built-in Screen": 320 x 290, 45.000004 fps, density 213, 203.2 x 204.61111 dpi, touch INTERNAL, rotation 0, type BUILT_IN, state ON, FLAG_DEFAULT_DISPLAY, FLAG_ROTATES_WITH_CONTENT, FLAG_SECURE, FLAG_SUPPORTS_PROTECTED_BUFFERS}
12-03 21:43:00.363 V/ActivityManager( 1754): Display changed displayId=0
12-03 21:43:00.373 V/WearActivity( 2084): display changed: 0, new state: 2
12-03 21:43:00.373 V/WearActivity( 2084): onDisplayChanged: on!
12-03 21:43:00.373 V/WearActivity( 2084): killing alarms
12-03 21:43:00.373 V/WearActivity( 2084): startHelper: putting it all back together again
12-03 21:43:00.373 V/WearActivity( 2084): initAlarm: setting up
12-03 21:43:00.393 D/SensorHAL( 1754): adjustSensorHandle: handle = 9 adjustedHandle = 1
12-03 21:43:00.393 D/SensorHAL( 1754): adjustSensorHandle: handle = 9 adjustedHandle = 1
12-03 21:43:00.403 I/ClockFace( 2084): Ambient mode: false
12-03 21:43:00.413 D/SensorHAL( 1754): adjustSensorHandle: handle = 9 adjustedHandle = 1
12-03 21:43:00.423 V/MyViewAnim( 2084): resumeMaxHertz
12-03 21:43:00.423 V/ClockFace( 2084): clearing caches
12-03 21:43:00.423 V/MyViewAnim( 2084): starting new animator
12-03 21:43:00.423 V/MyViewAnim( 2084): Time listener is up!
12-03 21:43:00.423 V/MyViewAnim( 2084): starting new draw thread
12-03 21:43:00.443 V/ClockFace( 2084): rendering new face, faceMode(0)
12-03 21:43:00.463 D/LightsService( 1754): Excessive delay setting light: 54ms
