12-03 21:43:00.463 V/ClockFace( 2084): fetching new battery status (29869)
12-03 21:43:00.463 V/ClockFace( 2084): battery at 0.47
12-03 21:43:00.463 V/ClockFace( 2084): --> dot radius: 0.022999998
12-03 21:43:04.867 V/WearActivity( 2084): Pause!
12-03 21:43:04.867 I/DisplayManagerService( 1754): Display device changed: DisplayDeviceInfo{"ActivityViewVirtualDisplay": 320 x 320, 60.0 fps, density 213, 213.0 x 213.0 dpi, touch NONE, rotation 0, type VIRTUAL, state OFF, owner android (uid 1000), FLAG_OWN_CONTENT_ONLY}
12-03 21:43:04.867 V/ActivityManager( 1754): Display changed displayId=1
12-03 21:43:04.907 V/WearActivity( 2084): display changed: 1, new state: 1
12-03 21:43:04.907 I/TimeWrapper( 2084): FPS: 41.700634, samples: 187
12-03 21:43:04.907 I/TimeWrapper( 2084): Min/Avg/Max frame render speed (ms): 4.089356 / 5.205776 / 22.613525
12-03 21:43:04.907 I/TimeWrapper( 2084): Waketime: 21.708418%
12-03 21:43:04.907 V/MyViewAnim( 2084): redrawSlow: resume -> 1
12-03 21:43:04.907 V/MyViewAnim( 2084): redrawSlow: startHelper -> 1
12-03 21:43:04.907 V/WearActivity( 2084): onDisplayChanged: off!
12-03 21:43:04.907 V/WearActivity( 2084): stopHelper: shutting things down
12-03 21:43:04.927 V/MyViewAnim( 2084): stopping animation!
12-03 21:43:04.927 V/MyViewAnim( 2084): killDrawThread
12-03 21:43:04.927 V/WearActivity( 2084): killing alarms
12-03 21:43:04.927 I/ClockFace( 2084): Ambient mode: false
12-03 21:43:04.937 V/MyViewAnim/PanelThread( 2084): looper finished!
12-03 21:43:04.937 V/MyViewAnim/PanelThread( 2084): draw thread termination
12-03 21:43:06.008 V/ActivityManager( 1754): Display changed displayId=0
12-03 21:43:06.018 V/WearActivity( 2084): display changed: 0, new state: 2
12-03 21:43:06.018 V/WearActivity( 2084): onDisplayChanged: on!
12-03 21:43:06.018 V/WearActivity( 2084): killing alarms
12-03 21:43:06.018 V/WearActivity( 2084): startHelper: putting it all back together again
12-03 21:43:06.018 V/WearActivity( 2084): initAlarm: setting up
12-03 21:43:06.038 I/DisplayManagerService( 1754): Display device changed: DisplayDeviceInfo{"ActivityViewVirtualDisplay": 320 x 320, 60.0 fps, density 213, 213.0 x 213.0 dpi, touch NONE, rotation 0, type VIRTUAL, state ON, owner android (uid 1000), FLAG_OWN_CONTENT_ONLY}
12-03 21:43:06.038 V/ActivityManager( 1754): Display changed displayId=1
12-03 21:43:06.048 I/ClockFace( 2084): Ambient mode: false
12-03 21:43:06.048 V/MyViewAnim( 2084): success getting new surface holder
12-03 21:43:06.088 V/MyViewAnim( 2084): resumeMaxHertz
12-03 21:43:06.088 V/ClockFace( 2084): clearing caches
12-03 21:43:06.088 V/MyViewAnim( 2084): starting new animator
12-03 21:43:06.088 V/MyViewAnim( 2084): Time listener is up!
12-03 21:43:06.088 V/MyViewAnim( 2084): starting new draw thread
12-03 21:43:06.098 V/WearActivity( 2084): Resume!
12-03 21:43:06.138 V/ClockFace( 2084): rendering new face, faceMode(0)
12-03 21:43:06.148 V/WearActivity( 2084): display changed: 1, new state: 2
12-03 21:43:06.148 V/WearActivity( 2084): state didn't actually change
12-03 21:43:06.168 V/ClockFace( 2084): fetching new battery status (30057)
12-03 21:43:06.168 V/ClockFace( 2084): battery at 0.47
12-03 21:43:06.168 V/ClockFace( 2084): --> dot radius: 0.022999998
12-03 21:43:09.081 D/GridViewPager( 1872): Populate in layout
12-03 21:43:09.362 E/HostWithRpcCallback( 1872): Failed to send RPC
12-03 21:43:09.362 E/HostWithRpcCallback( 1872): com.google.android.wearable.gmsclient.WearableException: sendRpcAsync failed: Status{statusCode=unknown status code: 4000, resolution=null}
12-03 21:43:09.362 E/HostWithRpcCallback( 1872): 	at com.google.android.wearable.gmsclient.GoogleApiClientHelper.throwIfFailed(GoogleApiClientHelper.java:98)
12-03 21:43:09.362 E/HostWithRpcCallback( 1872): 	at com.google.android.wearable.gmsclient.MessageManager$1$1.getResult(MessageManager.java:81)
12-03 21:43:09.362 E/HostWithRpcCallback( 1872): 	at com.google.android.wearable.gmsclient.MessageManager$1$1.getResult(MessageManager.java:78)
12-03 21:43:09.362 E/HostWithRpcCallback( 1872): 	at com.google.android.clockwork.actions.WearableHostWithRpcCallback$SendRpcCallbackWithId.onSendRpc(WearableHostWithRpcCallback.java:292)
12-03 21:43:09.362 E/HostWithRpcCallback( 1872): 	at com.google.android.wearable.gmsclient.MessageManager$1.onResult(MessageManager.java:78)
12-03 21:43:09.362 E/HostWithRpcCallback( 1872): 	at com.google.android.wearable.gmsclient.MessageManager$1.onResult(MessageManager.java:75)
12-03 21:43:09.362 E/HostWithRpcCallback( 1872): 	at com.google.android.gms.common.api.BaseImplementation$CallbackHandler.deliverResultCallback(Unknown Source)
12-03 21:43:09.362 E/HostWithRpcCallback( 1872): 	at com.google.android.gms.common.api.BaseImplementation$CallbackHandler.handleMessage(Unknown Source)
12-03 21:43:09.362 E/HostWithRpcCallback( 1872): 	at android.os.Handler.dispatchMessage(Handler.java:102)
12-03 21:43:09.362 E/HostWithRpcCallback( 1872): 	at android.os.Looper.loop(Looper.java:136)
12-03 21:43:09.362 E/HostWithRpcCallback( 1872): 	at android.app.ActivityThread.main(ActivityThread.java:5026)
12-03 21:43:09.362 E/HostWithRpcCallback( 1872): 	at java.lang.reflect.Method.invokeNative(Native Method)
12-03 21:43:09.362 E/HostWithRpcCallback( 1872): 	at java.lang.reflect.Method.invoke(Method.java:515)
12-03 21:43:09.362 E/HostWithRpcCallback( 1872): 	at com.android.internal.os.ZygoteInit$MethodAndArgsCaller.run(ZygoteInit.java:777)
12-03 21:43:09.362 E/HostWithRpcCallback( 1872): 	at com.android.internal.os.ZygoteInit.main(ZygoteInit.java:602)
12-03 21:43:09.362 E/HostWithRpcCallback( 1872): 	at dalvik.system.NativeStart.main(Native Method)
12-03 21:43:09.362 E/SearchClient( 1872): Failed to get version on RPC_CMD_VOICE_CLIENT_CONNECT: 0
12-03 21:43:09.412 E/HostWithRpcCallback( 1872): Failed to send RPC
12-03 21:43:09.412 E/HostWithRpcCallback( 1872): com.google.android.wearable.gmsclient.WearableException: sendRpcAsync failed: Status{statusCode=unknown status code: 4000, resolution=null}
12-03 21:43:09.412 E/HostWithRpcCallback( 1872): 	at com.google.android.wearable.gmsclient.GoogleApiClientHelper.throwIfFailed(GoogleApiClientHelper.java:98)
12-03 21:43:09.412 E/HostWithRpcCallback( 1872): 	at com.google.android.wearable.gmsclient.MessageManager$1$1.getResult(MessageManager.java:81)
12-03 21:43:09.412 E/HostWithRpcCallback( 1872): 	at com.google.android.wearable.gmsclient.MessageManager$1$1.getResult(MessageManager.java:78)
12-03 21:43:09.412 E/HostWithRpcCallback( 1872): 	at com.google.android.clockwork.actions.WearableHostWithRpcCallback$SendRpcCallbackWithId.onSendRpc(WearableHostWithRpcCallback.java:292)
12-03 21:43:09.412 E/HostWithRpcCallback( 1872): 	at com.google.android.wearable.gmsclient.MessageManager$1.onResult(MessageManager.java:78)
12-03 21:43:09.412 E/HostWithRpcCallback( 1872): 	at com.google.android.wearable.gmsclient.MessageManager$1.onResult(MessageManager.java:75)
12-03 21:43:09.412 E/HostWithRpcCallback( 1872): 	at com.google.android.gms.common.api.BaseImplementation$CallbackHandler.deliverResultCallback(Unknown Source)
12-03 21:43:09.412 E/HostWithRpcCallback( 1872): 	at com.google.android.gms.common.api.BaseImplementation$CallbackHandler.handleMessage(Unknown Source)
12-03 21:43:09.412 E/HostWithRpcCallback( 1872): 	at android.os.Handler.dispatchMessage(Handler.java:102)
12-03 21:43:09.412 E/HostWithRpcCallback( 1872): 	at android.os.Looper.loop(Looper.java:136)
12-03 21:43:09.412 E/HostWithRpcCallback( 1872): 	at android.app.ActivityThread.main(ActivityThread.java:5026)
12-03 21:43:09.412 E/HostWithRpcCallback( 1872): 	at java.lang.reflect.Method.invokeNative(Native Method)
12-03 21:43:09.412 E/HostWithRpcCallback( 1872): 	at java.lang.reflect.Method.invoke(Method.java:515)
12-03 21:43:09.412 E/HostWithRpcCallback( 1872): 	at com.android.internal.os.ZygoteInit$MethodAndArgsCaller.run(ZygoteInit.java:777)
12-03 21:43:09.412 E/HostWithRpcCallback( 1872): 	at com.android.internal.os.ZygoteInit.main(ZygoteInit.java:602)
12-03 21:43:09.412 E/HostWithRpcCallback( 1872): 	at dalvik.system.NativeStart.main(Native Method)
12-03 21:43:09.412 W/MicReader( 1872): Couldn't report latency info
12-03 21:43:09.462 E/HostWithRpcCallback( 1872): Failed to send RPC
12-03 21:43:09.462 E/HostWithRpcCallback( 1872): com.google.android.wearable.gmsclient.WearableException: sendRpcAsync failed: Status{statusCode=unknown status code: 4000, resolution=null}
12-03 21:43:09.462 E/HostWithRpcCallback( 1872): 	at com.google.android.wearable.gmsclient.GoogleApiClientHelper.throwIfFailed(GoogleApiClientHelper.java:98)
12-03 21:43:09.462 E/HostWithRpcCallback( 1872): 	at com.google.android.wearable.gmsclient.MessageManager$1$1.getResult(MessageManager.java:81)
12-03 21:43:09.462 E/HostWithRpcCallback( 1872): 	at com.google.android.wearable.gmsclient.MessageManager$1$1.getResult(MessageManager.java:78)
12-03 21:43:09.462 E/HostWithRpcCallback( 1872): 	at com.google.android.clockwork.actions.WearableHostWithRpcCallback$SendRpcCallbackWithId.onSendRpc(WearableHostWithRpcCallback.java:292)
12-03 21:43:09.462 E/HostWithRpcCallback( 1872): 	at com.google.android.wearable.gmsclient.MessageManager$1.onResult(MessageManager.java:78)
12-03 21:43:09.462 E/HostWithRpcCallback( 1872): 	at com.google.android.wearable.gmsclient.MessageManager$1.onResult(MessageManager.java:75)
12-03 21:43:09.462 E/HostWithRpcCallback( 1872): 	at com.google.android.gms.common.api.BaseImplementation$CallbackHandler.deliverResultCallback(Unknown Source)
12-03 21:43:09.462 E/HostWithRpcCallback( 1872): 	at com.google.android.gms.common.api.BaseImplementation$CallbackHandler.handleMessage(Unknown Source)
12-03 21:43:09.462 E/HostWithRpcCallback( 1872): 	at android.os.Handler.dispatchMessage(Handler.java:102)
12-03 21:43:09.462 E/HostWithRpcCallback( 1872): 	at android.os.Looper.loop(Looper.java:136)
12-03 21:43:09.462 E/HostWithRpcCallback( 1872): 	at android.app.ActivityThread.main(ActivityThread.java:5026)
12-03 21:43:09.462 E/HostWithRpcCallback( 1872): 	at java.lang.reflect.Method.invokeNative(Native Method)
12-03 21:43:09.462 E/HostWithRpcCallback( 1872): 	at java.lang.reflect.Method.invoke(Method.java:515)
12-03 21:43:09.462 E/HostWithRpcCallback( 1872): 	at com.android.internal.os.ZygoteInit$MethodAndArgsCaller.run(ZygoteInit.java:777)
12-03 21:43:09.462 E/HostWithRpcCallback( 1872): 	at com.android.internal.os.ZygoteInit.main(ZygoteInit.java:602)
12-03 21:43:09.462 E/HostWithRpcCallback( 1872): 	at dalvik.system.NativeStart.main(Native Method)
12-03 21:43:09.462 W/MicReader( 1872): error on sending end audio: 0
12-03 21:43:09.472 D/mot_vr_audio_hw( 1421): dsp_recognizer_enabled = false
12-03 21:43:09.472 D/ADSPD   ( 1414): Client cmd=0x0003, size=4
12-03 21:43:09.472 D/mot_vr_audio_hw( 1421): Switching DSP to standby/passthrough mode
12-03 21:43:09.472 D/mot_vr_audio_hw( 1421): Input 0xb7d7a248 ready to read
12-03 21:43:09.482 D/ADSPD   ( 1414): Received from DSP: cmd=0x8003, size=2
12-03 21:43:09.482 D/ADSPD   ( 1414): Client cmd=0x0003, size=4
12-03 21:43:09.482 D/mot_vr_audio_hw( 1421): received recognition control callback, status 0
12-03 21:43:09.502 D/ADSPD   ( 1414): Received from DSP: cmd=0x8003, size=2
12-03 21:43:09.502 D/mot_vr_audio_hw( 1421): received recognition control callback, status 0
12-03 21:43:09.532 W/mot_vr_audio_hw( 1421): Discarded 10 buffers without finding audio data
12-03 21:43:09.592 W/PropertyValuesHolder( 1872): Method getClipProgressAnim() with type float not found on target class class com.google.android.clockwork.home.cuecard.VoicePlateFragment
12-03 21:43:09.722 E/HostWithRpcCallback( 1872): Failed to send RPC
12-03 21:43:09.722 E/HostWithRpcCallback( 1872): com.google.android.wearable.gmsclient.WearableException: sendRpcAsync failed: Status{statusCode=unknown status code: 4000, resolution=null}
12-03 21:43:09.722 E/HostWithRpcCallback( 1872): 	at com.google.android.wearable.gmsclient.GoogleApiClientHelper.throwIfFailed(GoogleApiClientHelper.java:98)
12-03 21:43:09.722 E/HostWithRpcCallback( 1872): 	at com.google.android.wearable.gmsclient.MessageManager$1$1.getResult(MessageManager.java:81)
12-03 21:43:09.722 E/HostWithRpcCallback( 1872): 	at com.google.android.wearable.gmsclient.MessageManager$1$1.getResult(MessageManager.java:78)
12-03 21:43:09.722 E/HostWithRpcCallback( 1872): 	at com.google.android.clockwork.actions.WearableHostWithRpcCallback$SendRpcCallbackWithId.onSendRpc(WearableHostWithRpcCallback.java:292)
12-03 21:43:09.722 E/HostWithRpcCallback( 1872): 	at com.google.android.wearable.gmsclient.MessageManager$1.onResult(MessageManager.java:78)
12-03 21:43:09.722 E/HostWithRpcCallback( 1872): 	at com.google.android.wearable.gmsclient.MessageManager$1.onResult(MessageManager.java:75)
12-03 21:43:09.722 E/HostWithRpcCallback( 1872): 	at com.google.android.gms.common.api.BaseImplementation$CallbackHandler.deliverResultCallback(Unknown Source)
12-03 21:43:09.722 E/HostWithRpcCallback( 1872): 	at com.google.android.gms.common.api.BaseImplementation$CallbackHandler.handleMessage(Unknown Source)
12-03 21:43:09.722 E/HostWithRpcCallback( 1872): 	at android.os.Handler.dispatchMessage(Handler.java:102)
12-03 21:43:09.722 E/HostWithRpcCallback( 1872): 	at android.os.Looper.loop(Looper.java:136)
12-03 21:43:09.722 E/HostWithRpcCallback( 1872): 	at android.app.ActivityThread.main(ActivityThread.java:5026)
12-03 21:43:09.722 E/HostWithRpcCallback( 1872): 	at java.lang.reflect.Method.invokeNative(Native Method)
12-03 21:43:09.722 E/HostWithRpcCallback( 1872): 	at java.lang.reflect.Method.invoke(Method.java:515)
12-03 21:43:09.722 E/HostWithRpcCallback( 1872): 	at com.android.internal.os.ZygoteInit$MethodAndArgsCaller.run(ZygoteInit.java:777)
12-03 21:43:09.722 E/HostWithRpcCallback( 1872): 	at com.android.internal.os.ZygoteInit.main(ZygoteInit.java:602)
12-03 21:43:09.722 E/HostWithRpcCallback( 1872): 	at dalvik.system.NativeStart.main(Native Method)
12-03 21:43:09.722 W/MicReader( 1872): error on sending end audio: 0
12-03 21:43:09.822 E/HostWithRpcCallback( 1872): Failed to send RPC
12-03 21:43:09.822 E/HostWithRpcCallback( 1872): com.google.android.wearable.gmsclient.WearableException: sendRpcAsync failed: Status{statusCode=unknown status code: 4000, resolution=null}
12-03 21:43:09.822 E/HostWithRpcCallback( 1872): 	at com.google.android.wearable.gmsclient.GoogleApiClientHelper.throwIfFailed(GoogleApiClientHelper.java:98)
12-03 21:43:09.822 E/HostWithRpcCallback( 1872): 	at com.google.android.wearable.gmsclient.MessageManager$1$1.getResult(MessageManager.java:81)
12-03 21:43:09.822 E/HostWithRpcCallback( 1872): 	at com.google.android.wearable.gmsclient.MessageManager$1$1.getResult(MessageManager.java:78)
12-03 21:43:09.822 E/HostWithRpcCallback( 1872): 	at com.google.android.clockwork.actions.WearableHostWithRpcCallback$SendRpcCallbackWithId.onSendRpc(WearableHostWithRpcCallback.java:292)
12-03 21:43:09.822 E/HostWithRpcCallback( 1872): 	at com.google.android.wearable.gmsclient.MessageManager$1.onResult(MessageManager.java:78)
12-03 21:43:09.822 E/HostWithRpcCallback( 1872): 	at com.google.android.wearable.gmsclient.MessageManager$1.onResult(MessageManager.java:75)
12-03 21:43:09.822 E/HostWithRpcCallback( 1872): 	at com.google.android.gms.common.api.BaseImplementation$CallbackHandler.deliverResultCallback(Unknown Source)
12-03 21:43:09.822 E/HostWithRpcCallback( 1872): 	at com.google.android.gms.common.api.BaseImplementation$CallbackHandler.handleMessage(Unknown Source)
12-03 21:43:09.822 E/HostWithRpcCallback( 1872): 	at android.os.Handler.dispatchMessage(Handler.java:102)
12-03 21:43:09.822 E/HostWithRpcCallback( 1872): 	at android.os.Looper.loop(Looper.java:136)
12-03 21:43:09.822 E/HostWithRpcCallback( 1872): 	at android.app.ActivityThread.main(ActivityThread.java:5026)
12-03 21:43:09.822 E/HostWithRpcCallback( 1872): 	at java.lang.reflect.Method.invokeNative(Native Method)
12-03 21:43:09.822 E/HostWithRpcCallback( 1872): 	at java.lang.reflect.Method.invoke(Method.java:515)
12-03 21:43:09.822 E/HostWithRpcCallback( 1872): 	at com.android.internal.os.ZygoteInit$MethodAndArgsCaller.run(ZygoteInit.java:777)
12-03 21:43:09.822 E/HostWithRpcCallback( 1872): 	at com.android.internal.os.ZygoteInit.main(ZygoteInit.java:602)
12-03 21:43:09.822 E/HostWithRpcCallback( 1872): 	at dalvik.system.NativeStart.main(Native Method)
12-03 21:43:09.822 W/MicReader( 1872): error on sending end audio: 0
12-03 21:43:10.102 D/ADSPD   ( 1414): Client cmd=0x0003, size=4
12-03 21:43:10.102 D/mot_vr_audio_hw( 1421): Re-arming DSP
12-03 21:43:10.102 D/mot_vr_audio_hw( 1421): Input 0xb7d7a248 standby complete
12-03 21:43:10.112 D/ADSPD   ( 1414): Received from DSP: cmd=0x8003, size=2
12-03 21:43:10.112 D/mot_vr_audio_hw( 1421): received recognition control callback, status 0
12-03 21:43:10.122 D/ADSPD   ( 1414): Client cmd=0x4003, size=2
12-03 21:43:10.122 D/mot_vr_audio_hw( 1421): Input 0xb7d7a248 close complete
12-03 21:43:10.132 E/HostWithRpcCallback( 1872): Failed to send RPC
12-03 21:43:10.132 E/HostWithRpcCallback( 1872): com.google.android.wearable.gmsclient.WearableException: sendRpcAsync failed: Status{statusCode=unknown status code: 4000, resolution=null}
12-03 21:43:10.132 E/HostWithRpcCallback( 1872): 	at com.google.android.wearable.gmsclient.GoogleApiClientHelper.throwIfFailed(GoogleApiClientHelper.java:98)
12-03 21:43:10.132 E/HostWithRpcCallback( 1872): 	at com.google.android.wearable.gmsclient.MessageManager$1$1.getResult(MessageManager.java:81)
12-03 21:43:10.132 E/HostWithRpcCallback( 1872): 	at com.google.android.wearable.gmsclient.MessageManager$1$1.getResult(MessageManager.java:78)
12-03 21:43:10.132 E/HostWithRpcCallback( 1872): 	at com.google.android.clockwork.actions.WearableHostWithRpcCallback$SendRpcCallbackWithId.onSendRpc(WearableHostWithRpcCallback.java:292)
12-03 21:43:10.132 E/HostWithRpcCallback( 1872): 	at com.google.android.wearable.gmsclient.MessageManager$1.onResult(MessageManager.java:78)
12-03 21:43:10.132 E/HostWithRpcCallback( 1872): 	at com.google.android.wearable.gmsclient.MessageManager$1.onResult(MessageManager.java:75)
12-03 21:43:10.132 E/HostWithRpcCallback( 1872): 	at com.google.android.gms.common.api.BaseImplementation$CallbackHandler.deliverResultCallback(Unknown Source)
12-03 21:43:10.132 E/HostWithRpcCallback( 1872): 	at com.google.android.gms.common.api.BaseImplementation$CallbackHandler.handleMessage(Unknown Source)
12-03 21:43:10.132 E/HostWithRpcCallback( 1872): 	at android.os.Handler.dispatchMessage(Handler.java:102)
12-03 21:43:10.132 E/HostWithRpcCallback( 1872): 	at android.os.Looper.loop(Looper.java:136)
12-03 21:43:10.132 E/HostWithRpcCallback( 1872): 	at android.app.ActivityThread.main(ActivityThread.java:5026)
12-03 21:43:10.132 E/HostWithRpcCallback( 1872): 	at java.lang.reflect.Method.invokeNative(Native Method)
12-03 21:43:10.132 E/HostWithRpcCallback( 1872): 	at java.lang.reflect.Method.invoke(Method.java:515)
12-03 21:43:10.132 E/HostWithRpcCallback( 1872): 	at com.android.internal.os.ZygoteInit$MethodAndArgsCaller.run(ZygoteInit.java:777)
12-03 21:43:10.132 E/HostWithRpcCallback( 1872): 	at com.android.internal.os.ZygoteInit.main(ZygoteInit.java:602)
12-03 21:43:10.132 E/HostWithRpcCallback( 1872): 	at dalvik.system.NativeStart.main(Native Method)
12-03 21:43:10.132 W/MicReader( 1872): error on sending end audio: 0
12-03 21:43:10.142 E/HostWithRpcCallback( 1872): Failed to send RPC
12-03 21:43:10.142 E/HostWithRpcCallback( 1872): com.google.android.wearable.gmsclient.WearableException: sendRpcAsync failed: Status{statusCode=unknown status code: 4000, resolution=null}
12-03 21:43:10.142 E/HostWithRpcCallback( 1872): 	at com.google.android.wearable.gmsclient.GoogleApiClientHelper.throwIfFailed(GoogleApiClientHelper.java:98)
12-03 21:43:10.142 E/HostWithRpcCallback( 1872): 	at com.google.android.wearable.gmsclient.MessageManager$1$1.getResult(MessageManager.java:81)
12-03 21:43:10.142 E/HostWithRpcCallback( 1872): 	at com.google.android.wearable.gmsclient.MessageManager$1$1.getResult(MessageManager.java:78)
12-03 21:43:10.142 E/HostWithRpcCallback( 1872): 	at com.google.android.clockwork.actions.WearableHostWithRpcCallback$SendRpcCallbackWithId.onSendRpc(WearableHostWithRpcCallback.java:292)
12-03 21:43:10.142 E/HostWithRpcCallback( 1872): 	at com.google.android.wearable.gmsclient.MessageManager$1.onResult(MessageManager.java:78)
12-03 21:43:10.142 E/HostWithRpcCallback( 1872): 	at com.google.android.wearable.gmsclient.MessageManager$1.onResult(MessageManager.java:75)
12-03 21:43:10.142 E/HostWithRpcCallback( 1872): 	at com.google.android.gms.common.api.BaseImplementation$CallbackHandler.deliverResultCallback(Unknown Source)
12-03 21:43:10.142 E/HostWithRpcCallback( 1872): 	at com.google.android.gms.common.api.BaseImplementation$CallbackHandler.handleMessage(Unknown Source)
12-03 21:43:10.142 E/HostWithRpcCallback( 1872): 	at android.os.Handler.dispatchMessage(Handler.java:102)
12-03 21:43:10.142 E/HostWithRpcCallback( 1872): 	at android.os.Looper.loop(Looper.java:136)
12-03 21:43:10.142 E/HostWithRpcCallback( 1872): 	at android.app.ActivityThread.main(ActivityThread.java:5026)
12-03 21:43:10.142 E/HostWithRpcCallback( 1872): 	at java.lang.reflect.Method.invokeNative(Native Method)
12-03 21:43:10.142 E/HostWithRpcCallback( 1872): 	at java.lang.reflect.Method.invoke(Method.java:515)
12-03 21:43:10.142 E/HostWithRpcCallback( 1872): 	at com.android.internal.os.ZygoteInit$MethodAndArgsCaller.run(ZygoteInit.java:777)
12-03 21:43:10.142 E/HostWithRpcCallback( 1872): 	at com.android.internal.os.ZygoteInit.main(ZygoteInit.java:602)
12-03 21:43:10.142 E/HostWithRpcCallback( 1872): 	at dalvik.system.NativeStart.main(Native Method)
12-03 21:43:10.142 W/MicReader( 1872): error on sending end audio: 0
12-03 21:43:10.182 E/HostWithRpcCallback( 1872): Failed to send RPC
12-03 21:43:10.182 E/HostWithRpcCallback( 1872): com.google.android.wearable.gmsclient.WearableException: sendRpcAsync failed: Status{statusCode=unknown status code: 4000, resolution=null}
12-03 21:43:10.182 E/HostWithRpcCallback( 1872): 	at com.google.android.wearable.gmsclient.GoogleApiClientHelper.throwIfFailed(GoogleApiClientHelper.java:98)
12-03 21:43:10.182 E/HostWithRpcCallback( 1872): 	at com.google.android.wearable.gmsclient.MessageManager$1$1.getResult(MessageManager.java:81)
12-03 21:43:10.182 E/HostWithRpcCallback( 1872): 	at com.google.android.wearable.gmsclient.MessageManager$1$1.getResult(MessageManager.java:78)
12-03 21:43:10.182 E/HostWithRpcCallback( 1872): 	at com.google.android.clockwork.actions.WearableHostWithRpcCallback$SendRpcCallbackWithId.onSendRpc(WearableHostWithRpcCallback.java:292)
12-03 21:43:10.182 E/HostWithRpcCallback( 1872): 	at com.google.android.wearable.gmsclient.MessageManager$1.onResult(MessageManager.java:78)
12-03 21:43:10.182 E/HostWithRpcCallback( 1872): 	at com.google.android.wearable.gmsclient.MessageManager$1.onResult(MessageManager.java:75)
12-03 21:43:10.182 E/HostWithRpcCallback( 1872): 	at com.google.android.gms.common.api.BaseImplementation$CallbackHandler.deliverResultCallback(Unknown Source)
12-03 21:43:10.182 E/HostWithRpcCallback( 1872): 	at com.google.android.gms.common.api.BaseImplementation$CallbackHandler.handleMessage(Unknown Source)
12-03 21:43:10.182 E/HostWithRpcCallback( 1872): 	at android.os.Handler.dispatchMessage(Handler.java:102)
12-03 21:43:10.182 E/HostWithRpcCallback( 1872): 	at android.os.Looper.loop(Looper.java:136)
12-03 21:43:10.182 E/HostWithRpcCallback( 1872): 	at android.app.ActivityThread.main(ActivityThread.java:5026)
12-03 21:43:10.182 E/HostWithRpcCallback( 1872): 	at java.lang.reflect.Method.invokeNative(Native Method)
12-03 21:43:10.182 E/HostWithRpcCallback( 1872): 	at java.lang.reflect.Method.invoke(Method.java:515)
12-03 21:43:10.182 E/HostWithRpcCallback( 1872): 	at com.android.internal.os.ZygoteInit$MethodAndArgsCaller.run(ZygoteInit.java:777)
12-03 21:43:10.182 E/HostWithRpcCallback( 1872): 	at com.android.internal.os.ZygoteInit.main(ZygoteInit.java:602)
12-03 21:43:10.182 E/HostWithRpcCallback( 1872): 	at dalvik.system.NativeStart.main(Native Method)
12-03 21:43:10.182 W/MicReader( 1872): error on sending end audio: 0
12-03 21:43:11.133 D/dalvikvm( 1872): GC_CONCURRENT freed 1347K, 19% free 26609K/32840K, paused 5ms+20ms, total 139ms
12-03 21:43:13.105 D/mot_vr_audio_hw( 1421): dsp_recognizer_enabled = true
12-03 21:43:13.105 D/ADSPD   ( 1414): Client cmd=0x0003, size=4
12-03 21:43:13.105 D/mot_vr_audio_hw( 1421): open_input_stream(): devices = 0x80000004, rate = 8000, channels = 0x10
12-03 21:43:13.105 D/mot_vr_audio_hw( 1421): Created resampler for 16000->8000 Hz
12-03 21:43:13.115 D/ADSPD   ( 1414): Received from DSP: cmd=0x8003, size=2
12-03 21:43:13.115 D/ADSPD   ( 1414): Client cmd=0x4003, size=2
12-03 21:43:13.115 D/mot_vr_audio_hw( 1421): received recognition control callback, status 0
12-03 21:43:13.115 D/mot_vr_audio_hw( 1421): in_read waiting for hotword
12-03 21:43:13.285 E/HostWithRpcCallback( 1872): Failed to send RPC
12-03 21:43:13.285 E/HostWithRpcCallback( 1872): com.google.android.wearable.gmsclient.WearableException: sendRpcAsync failed: Status{statusCode=unknown status code: 4000, resolution=null}
12-03 21:43:13.285 E/HostWithRpcCallback( 1872): 	at com.google.android.wearable.gmsclient.GoogleApiClientHelper.throwIfFailed(GoogleApiClientHelper.java:98)
12-03 21:43:13.285 E/HostWithRpcCallback( 1872): 	at com.google.android.wearable.gmsclient.MessageManager$1$1.getResult(MessageManager.java:81)
12-03 21:43:13.285 E/HostWithRpcCallback( 1872): 	at com.google.android.wearable.gmsclient.MessageManager$1$1.getResult(MessageManager.java:78)
12-03 21:43:13.285 E/HostWithRpcCallback( 1872): 	at com.google.android.clockwork.actions.WearableHostWithRpcCallback$SendRpcCallbackWithId.onSendRpc(WearableHostWithRpcCallback.java:292)
12-03 21:43:13.285 E/HostWithRpcCallback( 1872): 	at com.google.android.wearable.gmsclient.MessageManager$1.onResult(MessageManager.java:78)
12-03 21:43:13.285 E/HostWithRpcCallback( 1872): 	at com.google.android.wearable.gmsclient.MessageManager$1.onResult(MessageManager.java:75)
12-03 21:43:13.285 E/HostWithRpcCallback( 1872): 	at com.google.android.gms.common.api.BaseImplementation$CallbackHandler.deliverResultCallback(Unknown Source)
12-03 21:43:13.285 E/HostWithRpcCallback( 1872): 	at com.google.android.gms.common.api.BaseImplementation$CallbackHandler.handleMessage(Unknown Source)
12-03 21:43:13.285 E/HostWithRpcCallback( 1872): 	at android.os.Handler.dispatchMessage(Handler.java:102)
12-03 21:43:13.285 E/HostWithRpcCallback( 1872): 	at android.os.Looper.loop(Looper.java:136)
12-03 21:43:13.285 E/HostWithRpcCallback( 1872): 	at android.app.ActivityThread.main(ActivityThread.java:5026)
12-03 21:43:13.285 E/HostWithRpcCallback( 1872): 	at java.lang.reflect.Method.invokeNative(Native Method)
12-03 21:43:13.285 E/HostWithRpcCallback( 1872): 	at java.lang.reflect.Method.invoke(Method.java:515)
12-03 21:43:13.285 E/HostWithRpcCallback( 1872): 	at com.android.internal.os.ZygoteInit$MethodAndArgsCaller.run(ZygoteInit.java:777)
12-03 21:43:13.285 E/HostWithRpcCallback( 1872): 	at com.android.internal.os.ZygoteInit.main(ZygoteInit.java:602)
12-03 21:43:13.285 E/HostWithRpcCallback( 1872): 	at dalvik.system.NativeStart.main(Native Method)
12-03 21:43:14.216 D/dalvikvm( 2084): GC_CONCURRENT freed 373K, 18% free 2769K/3356K, paused 2ms+26ms, total 116ms
12-03 21:43:31.043 I/ActivityManager( 1754): START u0 {act=android.intent.action.MAIN flg=0x10000000 cmp=wearablesoftware.weartimer/.MainActivity} from pid 1872 on display 0
12-03 21:43:31.063 V/WearActivity( 2084): Pause!
12-03 21:43:31.103 D/mot_vr_audio_hw( 1421): dsp_recognizer_enabled = false
12-03 21:43:31.103 D/ADSPD   ( 1414): Client cmd=0x0003, size=4
12-03 21:43:31.103 D/mot_vr_audio_hw( 1421): Switching DSP to standby/passthrough mode
12-03 21:43:31.103 D/mot_vr_audio_hw( 1421): Input 0xb7d7a248 ready to read
12-03 21:43:31.123 D/ADSPD   ( 1414): Received from DSP: cmd=0x8003, size=2
12-03 21:43:31.123 D/ADSPD   ( 1414): Client cmd=0x0003, size=4
12-03 21:43:31.123 D/mot_vr_audio_hw( 1421): received recognition control callback, status 0
12-03 21:43:31.133 D/ADSPD   ( 1414): Received from DSP: cmd=0x8003, size=2
12-03 21:43:31.133 D/mot_vr_audio_hw( 1421): received recognition control callback, status 0
12-03 21:43:31.163 W/mot_vr_audio_hw( 1421): Discarded 10 buffers without finding audio data
12-03 21:43:31.173 D/ADSPD   ( 1414): Client cmd=0x0003, size=4
12-03 21:43:31.173 D/mot_vr_audio_hw( 1421): Re-arming DSP
12-03 21:43:31.173 D/mot_vr_audio_hw( 1421): Input 0xb7d7a248 standby complete
12-03 21:43:31.183 D/mot_vr_audio_hw( 1421): Input 0xb7d7a248 close complete
12-03 21:43:31.183 D/ADSPD   ( 1414): Received from DSP: cmd=0x8003, size=2
12-03 21:43:31.183 D/ADSPD   ( 1414): Client cmd=0x4003, size=2
12-03 21:43:31.183 D/mot_vr_audio_hw( 1421): received recognition control callback, status 0
12-03 21:43:31.213 I/ActivityManager( 1754): Start proc wearablesoftware.weartimer for activity wearablesoftware.weartimer/.MainActivity: pid=7073 uid=10022 gids={50022}
12-03 21:43:31.223 E/HostWithRpcCallback( 1872): Failed to send RPC
12-03 21:43:31.223 E/HostWithRpcCallback( 1872): com.google.android.wearable.gmsclient.WearableException: sendRpcAsync failed: Status{statusCode=unknown status code: 4000, resolution=null}
12-03 21:43:31.223 E/HostWithRpcCallback( 1872): 	at com.google.android.wearable.gmsclient.GoogleApiClientHelper.throwIfFailed(GoogleApiClientHelper.java:98)
12-03 21:43:31.223 E/HostWithRpcCallback( 1872): 	at com.google.android.wearable.gmsclient.MessageManager$1$1.getResult(MessageManager.java:81)
12-03 21:43:31.223 E/HostWithRpcCallback( 1872): 	at com.google.android.wearable.gmsclient.MessageManager$1$1.getResult(MessageManager.java:78)
12-03 21:43:31.223 E/HostWithRpcCallback( 1872): 	at com.google.android.clockwork.actions.WearableHostWithRpcCallback$SendRpcCallbackWithId.onSendRpc(WearableHostWithRpcCallback.java:292)
12-03 21:43:31.223 E/HostWithRpcCallback( 1872): 	at com.google.android.wearable.gmsclient.MessageManager$1.onResult(MessageManager.java:78)
12-03 21:43:31.223 E/HostWithRpcCallback( 1872): 	at com.google.android.wearable.gmsclient.MessageManager$1.onResult(MessageManager.java:75)
12-03 21:43:31.223 E/HostWithRpcCallback( 1872): 	at com.google.android.gms.common.api.BaseImplementation$CallbackHandler.deliverResultCallback(Unknown Source)
12-03 21:43:31.223 E/HostWithRpcCallback( 1872): 	at com.google.android.gms.common.api.BaseImplementation$CallbackHandler.handleMessage(Unknown Source)
12-03 21:43:31.223 E/HostWithRpcCallback( 1872): 	at android.os.Handler.dispatchMessage(Handler.java:102)
12-03 21:43:31.223 E/HostWithRpcCallback( 1872): 	at android.os.Looper.loop(Looper.java:136)
12-03 21:43:31.223 E/HostWithRpcCallback( 1872): 	at android.app.ActivityThread.main(ActivityThread.java:5026)
12-03 21:43:31.223 E/HostWithRpcCallback( 1872): 	at java.lang.reflect.Method.invokeNative(Native Method)
12-03 21:43:31.223 E/HostWithRpcCallback( 1872): 	at java.lang.reflect.Method.invoke(Method.java:515)
12-03 21:43:31.223 E/HostWithRpcCallback( 1872): 	at com.android.internal.os.ZygoteInit$MethodAndArgsCaller.run(ZygoteInit.java:777)
12-03 21:43:31.223 E/HostWithRpcCallback( 1872): 	at com.android.internal.os.ZygoteInit.main(ZygoteInit.java:602)
12-03 21:43:31.223 E/HostWithRpcCallback( 1872): 	at dalvik.system.NativeStart.main(Native Method)
12-03 21:43:31.233 D/dalvikvm( 1420): GC_EXPLICIT freed 44K, 12% free 1832K/2076K, paused 1ms+10ms, total 25ms
12-03 21:43:31.253 D/dalvikvm( 1420): GC_EXPLICIT freed <1K, 12% free 1832K/2076K, paused 1ms+5ms, total 26ms
12-03 21:43:31.283 D/dalvikvm( 1420): GC_EXPLICIT freed <1K, 12% free 1832K/2076K, paused 1ms+1ms, total 26ms
12-03 21:43:31.313 V/WearActivity( 2084): Stop!
12-03 21:43:31.353 V/MyViewAnim( 2084): Drawing surface destroyed!
12-03 21:43:31.563 D/OpenGLRenderer( 7073): Enabling debug mode 0
12-03 21:43:31.763 I/ActivityManager( 1754): Displayed wearablesoftware.weartimer/.MainActivity: +571ms
12-03 21:43:33.435 I/ActivityManager( 1754): START u0 {cmp=wearablesoftware.weartimer/.ConfigureTimerActivity (has extras)} from pid 7073 on display 0
12-03 21:43:33.655 I/ActivityManager( 1754): Displayed wearablesoftware.weartimer/.ConfigureTimerActivity: +212ms
12-03 21:43:37.029 E/WindowManager( 1754): removeAppFromTaskLocked: token=AppWindowToken{adeb1668 token=Token{adebbc10 ActivityRecord{addc55e0 u0 wearablesoftware.weartimer/.ConfigureTimerActivity t7}}} not found.
12-03 21:43:38.020 D/mot_vr_audio_hw( 1421): dsp_recognizer_enabled = true
12-03 21:43:38.020 D/ADSPD   ( 1414): Client cmd=0x0003, size=4
12-03 21:43:38.020 D/mot_vr_audio_hw( 1421): open_input_stream(): devices = 0x80000004, rate = 8000, channels = 0x10
12-03 21:43:38.020 D/mot_vr_audio_hw( 1421): Created resampler for 16000->8000 Hz
12-03 21:43:38.030 D/ADSPD   ( 1414): Received from DSP: cmd=0x8003, size=2
12-03 21:43:38.030 D/ADSPD   ( 1414): Client cmd=0x4003, size=2
12-03 21:43:38.030 D/mot_vr_audio_hw( 1421): received recognition control callback, status 0
12-03 21:43:38.040 D/mot_vr_audio_hw( 1421): in_read waiting for hotword
12-03 21:43:38.080 E/HostWithRpcCallback( 1872): Failed to send RPC
12-03 21:43:38.080 E/HostWithRpcCallback( 1872): com.google.android.wearable.gmsclient.WearableException: sendRpcAsync failed: Status{statusCode=unknown status code: 4000, resolution=null}
12-03 21:43:38.080 E/HostWithRpcCallback( 1872): 	at com.google.android.wearable.gmsclient.GoogleApiClientHelper.throwIfFailed(GoogleApiClientHelper.java:98)
12-03 21:43:38.080 E/HostWithRpcCallback( 1872): 	at com.google.android.wearable.gmsclient.MessageManager$1$1.getResult(MessageManager.java:81)
12-03 21:43:38.080 E/HostWithRpcCallback( 1872): 	at com.google.android.wearable.gmsclient.MessageManager$1$1.getResult(MessageManager.java:78)
12-03 21:43:38.080 E/HostWithRpcCallback( 1872): 	at com.google.android.clockwork.actions.WearableHostWithRpcCallback$SendRpcCallbackWithId.onSendRpc(WearableHostWithRpcCallback.java:292)
12-03 21:43:38.080 E/HostWithRpcCallback( 1872): 	at com.google.android.wearable.gmsclient.MessageManager$1.onResult(MessageManager.java:78)
12-03 21:43:38.080 E/HostWithRpcCallback( 1872): 	at com.google.android.wearable.gmsclient.MessageManager$1.onResult(MessageManager.java:75)
12-03 21:43:38.080 E/HostWithRpcCallback( 1872): 	at com.google.android.gms.common.api.BaseImplementation$CallbackHandler.deliverResultCallback(Unknown Source)
12-03 21:43:38.080 E/HostWithRpcCallback( 1872): 	at com.google.android.gms.common.api.BaseImplementation$CallbackHandler.handleMessage(Unknown Source)
12-03 21:43:38.080 E/HostWithRpcCallback( 1872): 	at android.os.Handler.dispatchMessage(Handler.java:102)
12-03 21:43:38.080 E/HostWithRpcCallback( 1872): 	at android.os.Looper.loop(Looper.java:136)
12-03 21:43:38.080 E/HostWithRpcCallback( 1872): 	at android.app.ActivityThread.main(ActivityThread.java:5026)
12-03 21:43:38.080 E/HostWithRpcCallback( 1872): 	at java.lang.reflect.Method.invokeNative(Native Method)
12-03 21:43:38.080 E/HostWithRpcCallback( 1872): 	at java.lang.reflect.Method.invoke(Method.java:515)
12-03 21:43:38.080 E/HostWithRpcCallback( 1872): 	at com.android.internal.os.ZygoteInit$MethodAndArgsCaller.run(ZygoteInit.java:777)
12-03 21:43:38.080 E/HostWithRpcCallback( 1872): 	at com.android.internal.os.ZygoteInit.main(ZygoteInit.java:602)
12-03 21:43:38.080 E/HostWithRpcCallback( 1872): 	at dalvik.system.NativeStart.main(Native Method)
12-03 21:43:38.080 V/MyViewAnim( 2084): Drawing surface created!
12-03 21:43:38.080 V/MyViewAnim( 2084): Drawing surface changed!
12-03 21:43:38.170 D/dalvikvm( 7073): GC_FOR_ALLOC freed 147K, 15% free 1986K/2336K, paused 11ms, total 11ms
12-03 21:43:38.170 I/dalvikvm-heap( 7073): Grow heap (frag case) to 2.824MB for 725920-byte allocation
12-03 21:43:38.210 D/dalvikvm( 7073): GC_CONCURRENT freed 6K, 12% free 2688K/3048K, paused 3ms+5ms, total 39ms
12-03 21:43:38.500 D/dalvikvm( 1872): GC_CONCURRENT freed 1408K, 18% free 27211K/32840K, paused 17ms+6ms, total 245ms
12-03 21:43:43.064 V/WearActivity( 2084): Resume!
12-03 21:43:43.134 I/Choreographer( 1872): Skipped 193 frames!  The application may be doing too much work on its main thread.
12-03 21:43:43.145 I/DisplayManagerService( 1754): Display device changed: DisplayDeviceInfo{"ActivityViewVirtualDisplay": 320 x 320, 60.0 fps, density 213, 213.0 x 213.0 dpi, touch NONE, rotation 0, type VIRTUAL, state OFF, owner android (uid 1000), FLAG_OWN_CONTENT_ONLY}
12-03 21:43:43.155 V/WearActivity( 2084): Pause!
12-03 21:43:43.155 V/ActivityManager( 1754): Display changed displayId=1
12-03 21:43:43.195 V/WearActivity( 2084): display changed: 1, new state: 1
12-03 21:43:43.195 I/TimeWrapper( 2084): FPS: 33.807632, samples: 1255
12-03 21:43:43.195 I/TimeWrapper( 2084): Min/Avg/Max frame render speed (ms): 3.875733 / 5.854706 / 65.093994
12-03 21:43:43.195 I/TimeWrapper( 2084): Waketime: 19.793377%
12-03 21:43:43.195 I/TimeWrapper( 2084): Skipped frames: 5
12-03 21:43:43.195 V/MyViewAnim( 2084): redrawSlow: view:surfaceChanged -> 1
12-03 21:43:43.195 V/MyViewAnim( 2084): redrawSlow: view:surfaceCreated -> 1
12-03 21:43:43.195 V/MyViewAnim( 2084): redrawSlow: display change without state change -> 1
12-03 21:43:43.195 V/MyViewAnim( 2084): redrawSlow: resume -> 2
12-03 21:43:43.195 V/MyViewAnim( 2084): redrawSlow: startHelper -> 1
12-03 21:43:43.195 V/WearActivity( 2084): onDisplayChanged: off!
12-03 21:43:43.195 V/WearActivity( 2084): stopHelper: shutting things down
12-03 21:43:43.205 V/MyViewAnim( 2084): stopping animation!
12-03 21:43:43.205 V/MyViewAnim( 2084): killDrawThread
12-03 21:43:43.205 V/WearActivity( 2084): killing alarms
12-03 21:43:43.215 V/MyViewAnim/PanelThread( 2084): looper finished!
12-03 21:43:43.215 V/MyViewAnim/PanelThread( 2084): draw thread termination
12-03 21:43:43.215 I/ClockFace( 2084): Ambient mode: false
12-03 21:43:46.958 V/WearActivity( 2084): Resume!
12-03 21:43:46.958 V/MyViewAnim( 2084): success getting new surface holder
12-03 21:43:46.978 I/DisplayManagerService( 1754): Display device changed: DisplayDeviceInfo{"ActivityViewVirtualDisplay": 320 x 320, 60.0 fps, density 213, 213.0 x 213.0 dpi, touch NONE, rotation 0, type VIRTUAL, state ON, owner android (uid 1000), FLAG_OWN_CONTENT_ONLY}
12-03 21:43:46.988 V/ActivityManager( 1754): Display changed displayId=1
12-03 21:43:47.048 V/WearActivity( 2084): display changed: 1, new state: 2
12-03 21:43:47.048 V/WearActivity( 2084): onDisplayChanged: on!
12-03 21:43:47.048 V/WearActivity( 2084): killing alarms
12-03 21:43:47.048 V/WearActivity( 2084): startHelper: putting it all back together again
12-03 21:43:47.048 V/WearActivity( 2084): initAlarm: setting up
12-03 21:43:47.048 I/ClockFace( 2084): Ambient mode: false
12-03 21:43:47.078 V/MyViewAnim( 2084): resumeMaxHertz
12-03 21:43:47.078 V/ClockFace( 2084): clearing caches
12-03 21:43:47.078 V/MyViewAnim( 2084): starting new animator
12-03 21:43:47.078 V/MyViewAnim( 2084): Time listener is up!
12-03 21:43:47.078 V/MyViewAnim( 2084): starting new draw thread
12-03 21:43:47.138 V/ClockFace( 2084): rendering new face, faceMode(0)
12-03 21:43:47.158 V/ClockFace( 2084): fetching new battery status (31314)
12-03 21:43:47.158 V/ClockFace( 2084): battery at 0.45
12-03 21:43:47.158 V/ClockFace( 2084): --> dot radius: 0.025000002
12-03 21:43:50.221 D/dalvikvm( 2084): GC_CONCURRENT freed 368K, 18% free 2786K/3372K, paused 9ms+19ms, total 57ms
12-03 21:43:56.998 I/DisplayManagerService( 1754): Display device changed: DisplayDeviceInfo{"ActivityViewVirtualDisplay": 320 x 320, 60.0 fps, density 213, 213.0 x 213.0 dpi, touch NONE, rotation 0, type VIRTUAL, state OFF, owner android (uid 1000), FLAG_OWN_CONTENT_ONLY}
12-03 21:43:57.008 V/WearActivity( 2084): display changed: 1, new state: 1
12-03 21:43:57.008 I/TimeWrapper( 2084): FPS: 42.070774, samples: 418
12-03 21:43:57.008 I/TimeWrapper( 2084): Min/Avg/Max frame render speed (ms): 3.90625 / 5.118484 / 20.90454
12-03 21:43:57.008 I/TimeWrapper( 2084): Waketime: 21.53386%
12-03 21:43:57.008 V/MyViewAnim( 2084): redrawSlow: resume -> 1
12-03 21:43:57.008 V/MyViewAnim( 2084): redrawSlow: startHelper -> 1
12-03 21:43:57.008 V/WearActivity( 2084): onDisplayChanged: off!
12-03 21:43:57.008 V/WearActivity( 2084): stopHelper: shutting things down
12-03 21:43:57.008 V/MyViewAnim( 2084): stopping animation!
12-03 21:43:57.008 V/MyViewAnim( 2084): killDrawThread
12-03 21:43:57.008 V/WearActivity( 2084): killing alarms
12-03 21:43:57.008 V/ActivityManager( 1754): Display changed displayId=1
12-03 21:43:57.028 I/ClockFace( 2084): Ambient mode: false
12-03 21:43:57.028 V/WearActivity( 2084): Pause!
12-03 21:43:57.038 W/MessageQueue( 2084): Handler (android.view.Choreographer$FrameHandler) {adcf1408} sending message to a Handler on a dead thread
12-03 21:43:57.038 W/MessageQueue( 2084): java.lang.RuntimeException: Handler (android.view.Choreographer$FrameHandler) {adcf1408} sending message to a Handler on a dead thread
12-03 21:43:57.038 W/MessageQueue( 2084): 	at android.os.MessageQueue.enqueueMessage(MessageQueue.java:320)
12-03 21:43:57.038 W/MessageQueue( 2084): 	at android.os.Handler.enqueueMessage(Handler.java:626)
12-03 21:43:57.038 W/MessageQueue( 2084): 	at android.os.Handler.sendMessageAtTime(Handler.java:595)
12-03 21:43:57.038 W/MessageQueue( 2084): 	at android.view.Choreographer$FrameDisplayEventReceiver.onVsync(Choreographer.java:741)
12-03 21:43:57.038 W/MessageQueue( 2084): 	at android.view.DisplayEventReceiver.dispatchVsync(DisplayEventReceiver.java:139)
12-03 21:43:57.038 W/MessageQueue( 2084): 	at android.os.MessageQueue.nativePollOnce(Native Method)
12-03 21:43:57.038 W/MessageQueue( 2084): 	at android.os.MessageQueue.next(MessageQueue.java:138)
12-03 21:43:57.038 W/MessageQueue( 2084): 	at android.os.Looper.loop(Looper.java:123)
12-03 21:43:57.038 W/MessageQueue( 2084): 	at org.dwallach.calwatch.MyViewAnim$PanelThread.run(MyViewAnim.java:537)
12-03 21:43:57.038 V/MyViewAnim/PanelThread( 2084): looper finished!
12-03 21:43:57.038 V/MyViewAnim/PanelThread( 2084): draw thread termination
12-03 21:43:57.478 D/dalvikvm( 3008): GC_CONCURRENT freed 391K, 28% free 2219K/3052K, paused 2ms+3ms, total 32ms
12-03 21:44:03.094 D/dalvikvm( 1872): GC_FOR_ALLOC freed 3071K, 25% free 24923K/32840K, paused 31ms, total 32ms
12-03 21:44:07.028 W/ActivityManager( 1754): Launch timeout has expired, giving up wake lock!
12-03 21:44:09.981 I/ActivityManager( 1754): START u0 {flg=0x10000000 cmp=wearablesoftware.weartimer/.MainActivity} from pid -1 on display 0
12-03 21:44:10.021 D/mot_vr_audio_hw( 1421): dsp_recognizer_enabled = false
12-03 21:44:10.021 D/ADSPD   ( 1414): Client cmd=0x0003, size=4
12-03 21:44:10.021 D/mot_vr_audio_hw( 1421): Switching DSP to standby/passthrough mode
12-03 21:44:10.021 D/mot_vr_audio_hw( 1421): Input 0xb7d7a248 ready to read
12-03 21:44:10.041 D/ADSPD   ( 1414): Received from DSP: cmd=0x8003, size=2
12-03 21:44:10.041 D/ADSPD   ( 1414): Client cmd=0x0003, size=4
12-03 21:44:10.041 D/mot_vr_audio_hw( 1421): received recognition control callback, status 0
12-03 21:44:10.051 D/ADSPD   ( 1414): Received from DSP: cmd=0x8003, size=2
12-03 21:44:10.051 D/mot_vr_audio_hw( 1421): received recognition control callback, status 0
12-03 21:44:10.081 W/mot_vr_audio_hw( 1421): Discarded 10 buffers without finding audio data
12-03 21:44:10.091 D/ADSPD   ( 1414): Client cmd=0x0003, size=4
12-03 21:44:10.091 D/mot_vr_audio_hw( 1421): Re-arming DSP
12-03 21:44:10.091 D/mot_vr_audio_hw( 1421): Input 0xb7d7a248 standby complete
12-03 21:44:10.091 D/mot_vr_audio_hw( 1421): Input 0xb7d7a248 close complete
12-03 21:44:10.091 D/ADSPD   ( 1414): Received from DSP: cmd=0x8003, size=2
12-03 21:44:10.091 D/ADSPD   ( 1414): Client cmd=0x4003, size=2
12-03 21:44:10.091 D/mot_vr_audio_hw( 1421): received recognition control callback, status 0
12-03 21:44:10.101 V/WearActivity( 2084): Stop!
12-03 21:44:10.111 V/MyViewAnim( 2084): Drawing surface destroyed!
12-03 21:44:10.141 E/HostWithRpcCallback( 1872): Failed to send RPC
12-03 21:44:10.141 E/HostWithRpcCallback( 1872): com.google.android.wearable.gmsclient.WearableException: sendRpcAsync failed: Status{statusCode=unknown status code: 4000, resolution=null}
12-03 21:44:10.141 E/HostWithRpcCallback( 1872): 	at com.google.android.wearable.gmsclient.GoogleApiClientHelper.throwIfFailed(GoogleApiClientHelper.java:98)
12-03 21:44:10.141 E/HostWithRpcCallback( 1872): 	at com.google.android.wearable.gmsclient.MessageManager$1$1.getResult(MessageManager.java:81)
12-03 21:44:10.141 E/HostWithRpcCallback( 1872): 	at com.google.android.wearable.gmsclient.MessageManager$1$1.getResult(MessageManager.java:78)
12-03 21:44:10.141 E/HostWithRpcCallback( 1872): 	at com.google.android.clockwork.actions.WearableHostWithRpcCallback$SendRpcCallbackWithId.onSendRpc(WearableHostWithRpcCallback.java:292)
12-03 21:44:10.141 E/HostWithRpcCallback( 1872): 	at com.google.android.wearable.gmsclient.MessageManager$1.onResult(MessageManager.java:78)
12-03 21:44:10.141 E/HostWithRpcCallback( 1872): 	at com.google.android.wearable.gmsclient.MessageManager$1.onResult(MessageManager.java:75)
12-03 21:44:10.141 E/HostWithRpcCallback( 1872): 	at com.google.android.gms.common.api.BaseImplementation$CallbackHandler.deliverResultCallback(Unknown Source)
12-03 21:44:10.141 E/HostWithRpcCallback( 1872): 	at com.google.android.gms.common.api.BaseImplementation$CallbackHandler.handleMessage(Unknown Source)
12-03 21:44:10.141 E/HostWithRpcCallback( 1872): 	at android.os.Handler.dispatchMessage(Handler.java:102)
12-03 21:44:10.141 E/HostWithRpcCallback( 1872): 	at android.os.Looper.loop(Looper.java:136)
12-03 21:44:10.141 E/HostWithRpcCallback( 1872): 	at android.app.ActivityThread.main(ActivityThread.java:5026)
12-03 21:44:10.141 E/HostWithRpcCallback( 1872): 	at java.lang.reflect.Method.invokeNative(Native Method)
12-03 21:44:10.141 E/HostWithRpcCallback( 1872): 	at java.lang.reflect.Method.invoke(Method.java:515)
12-03 21:44:10.141 E/HostWithRpcCallback( 1872): 	at com.android.internal.os.ZygoteInit$MethodAndArgsCaller.run(ZygoteInit.java:777)
12-03 21:44:10.141 E/HostWithRpcCallback( 1872): 	at com.android.internal.os.ZygoteInit.main(ZygoteInit.java:602)
12-03 21:44:10.141 E/HostWithRpcCallback( 1872): 	at dalvik.system.NativeStart.main(Native Method)
12-03 21:44:10.231 I/ActivityManager( 1754): Displayed wearablesoftware.weartimer/.MainActivity: +138ms
12-03 21:44:12.964 D/mot_vr_audio_hw( 1421): dsp_recognizer_enabled = true
12-03 21:44:12.964 D/ADSPD   ( 1414): Client cmd=0x0003, size=4
12-03 21:44:12.974 D/mot_vr_audio_hw( 1421): open_input_stream(): devices = 0x80000004, rate = 8000, channels = 0x10
12-03 21:44:12.974 D/mot_vr_audio_hw( 1421): Created resampler for 16000->8000 Hz
12-03 21:44:12.974 D/ADSPD   ( 1414): Received from DSP: cmd=0x8003, size=2
12-03 21:44:12.974 D/ADSPD   ( 1414): Client cmd=0x4003, size=2
12-03 21:44:12.974 D/mot_vr_audio_hw( 1421): received recognition control callback, status 0
12-03 21:44:12.994 D/mot_vr_audio_hw( 1421): in_read waiting for hotword
12-03 21:44:13.024 V/MyViewAnim( 2084): Drawing surface created!
12-03 21:44:13.024 V/MyViewAnim( 2084): success getting new surface holder
12-03 21:44:13.034 E/HostWithRpcCallback( 1872): Failed to send RPC
12-03 21:44:13.034 E/HostWithRpcCallback( 1872): com.google.android.wearable.gmsclient.WearableException: sendRpcAsync failed: Status{statusCode=unknown status code: 4000, resolution=null}
12-03 21:44:13.034 E/HostWithRpcCallback( 1872): 	at com.google.android.wearable.gmsclient.GoogleApiClientHelper.throwIfFailed(GoogleApiClientHelper.java:98)
12-03 21:44:13.034 E/HostWithRpcCallback( 1872): 	at com.google.android.wearable.gmsclient.MessageManager$1$1.getResult(MessageManager.java:81)
12-03 21:44:13.034 E/HostWithRpcCallback( 1872): 	at com.google.android.wearable.gmsclient.MessageManager$1$1.getResult(MessageManager.java:78)
12-03 21:44:13.034 E/HostWithRpcCallback( 1872): 	at com.google.android.clockwork.actions.WearableHostWithRpcCallback$SendRpcCallbackWithId.onSendRpc(WearableHostWithRpcCallback.java:292)
12-03 21:44:13.034 E/HostWithRpcCallback( 1872): 	at com.google.android.wearable.gmsclient.MessageManager$1.onResult(MessageManager.java:78)
12-03 21:44:13.034 E/HostWithRpcCallback( 1872): 	at com.google.android.wearable.gmsclient.MessageManager$1.onResult(MessageManager.java:75)
12-03 21:44:13.034 E/HostWithRpcCallback( 1872): 	at com.google.android.gms.common.api.BaseImplementation$CallbackHandler.deliverResultCallback(Unknown Source)
12-03 21:44:13.034 E/HostWithRpcCallback( 1872): 	at com.google.android.gms.common.api.BaseImplementation$CallbackHandler.handleMessage(Unknown Source)
12-03 21:44:13.034 E/HostWithRpcCallback( 1872): 	at android.os.Handler.dispatchMessage(Handler.java:102)
12-03 21:44:13.034 E/HostWithRpcCallback( 1872): 	at android.os.Looper.loop(Looper.java:136)
12-03 21:44:13.034 E/HostWithRpcCallback( 1872): 	at android.app.ActivityThread.main(ActivityThread.java:5026)
12-03 21:44:13.034 E/HostWithRpcCallback( 1872): 	at java.lang.reflect.Method.invokeNative(Native Method)
12-03 21:44:13.034 E/HostWithRpcCallback( 1872): 	at java.lang.reflect.Method.invoke(Method.java:515)
12-03 21:44:13.034 E/HostWithRpcCallback( 1872): 	at com.android.internal.os.ZygoteInit$MethodAndArgsCaller.run(ZygoteInit.java:777)
12-03 21:44:13.034 E/HostWithRpcCallback( 1872): 	at com.android.internal.os.ZygoteInit.main(ZygoteInit.java:602)
12-03 21:44:13.034 E/HostWithRpcCallback( 1872): 	at dalvik.system.NativeStart.main(Native Method)
12-03 21:44:13.044 V/MyViewAnim( 2084): Drawing surface changed!
12-03 21:44:18.849 D/dalvikvm( 7073): GC_FOR_ALLOC freed 788K, 36% free 1971K/3044K, paused 14ms, total 19ms
12-03 21:44:18.849 I/dalvikvm-heap( 7073): Grow heap (frag case) to 2.810MB for 725920-byte allocation
