            at android.view.SurfaceView$4.internalLockCanvas(SurfaceView.java:814)
            at android.view.SurfaceView$4.lockCanvas(SurfaceView.java:802)
            at org.dwallach.calwatch.MyViewAnim.redrawInternal(MyViewAnim.java:306)
            at org.dwallach.calwatch.MyViewAnim.redrawClock(MyViewAnim.java:254)
            at org.dwallach.calwatch.MyViewAnim$MyTimeListener.onTimeUpdate(MyViewAnim.java:383)
            at android.animation.TimeAnimator.animationFrame(TimeAnimator.java:27)
            at android.animation.ValueAnimator.doAnimationFrame(ValueAnimator.java:1216)
            at android.animation.ValueAnimator$AnimationHandler.doAnimationFrame(ValueAnimator.java:637)
            at android.animation.ValueAnimator$AnimationHandler.run(ValueAnimator.java:660)
            at android.view.Choreographer$CallbackRecord.run(Choreographer.java:761)
            at android.view.Choreographer.doCallbacks(Choreographer.java:574)
            at android.view.Choreographer.doFrame(Choreographer.java:543)
            at android.view.Choreographer$FrameDisplayEventReceiver.run(Choreographer.java:747)
            at android.os.Handler.handleCallback(Handler.java:733)
            at android.os.Handler.dispatchMessage(Handler.java:95)
            at android.os.Looper.loop(Looper.java:136)
            at org.dwallach.calwatch.MyViewAnim$PanelThread.run(MyViewAnim.java:420)
10-30 11:11:20.214    6684-6684/? D/WearApiHelper﹕ sendMessage: /SYNC_NEEDED
10-30 11:11:20.214    6684-6684/? D/WearApiHelper﹕ Already connected. Sending message: /SYNC_NEEDED
10-30 11:11:20.234    1899-8609/? D/dalvikvm﹕ GC_FOR_ALLOC freed 308K, 30% free 2245K/3204K, paused 36ms, total 36ms
10-30 11:11:20.244    6050-6050/? V/MyViewAnim﹕ stopping animation!
10-30 11:11:20.244    6050-6050/? V/MyViewAnim﹕ killDrawThread
10-30 11:11:20.244    6050-6050/? V/MyViewAnim﹕ no draw thread around to kill ?!
10-30 11:11:20.244    6050-6050/? V/WearActivity﹕ killing alarms
10-30 11:11:20.244    6050-6050/? I/ClockFace﹕ Ambient mode: false
10-30 11:11:20.895    1899-8609/? D/dalvikvm﹕ GC_FOR_ALLOC freed 284K, 30% free 2245K/3204K, paused 62ms, total 62ms
10-30 11:11:20.935    6684-9213/? D/dalvikvm﹕ GC_FOR_ALLOC freed 90K, 7% free 28990K/30944K, paused 79ms, total 79ms
10-30 11:11:21.555    1899-8609/? D/dalvikvm﹕ GC_FOR_ALLOC freed 265K, 29% free 2283K/3204K, paused 62ms, total 62ms
10-30 11:11:22.146    1899-8609/? D/dalvikvm﹕ GC_FOR_ALLOC freed 247K, 30% free 2264K/3204K, paused 100ms, total 107ms
10-30 11:11:22.496    6050-6050/? V/WearActivity﹕ display changed: 0, new state: 2
10-30 11:11:22.496    6050-6050/? V/WearActivity﹕ onDisplayChanged: on!
10-30 11:11:22.496    6050-6050/? V/WearActivity﹕ killing alarms
10-30 11:11:22.496    6050-6050/? V/WearActivity﹕ startHelper: putting it all back together again
10-30 11:11:22.496    6050-6050/? V/WearActivity﹕ initAlarm: setting up
10-30 11:11:22.496    1751-1751/? V/ActivityManager﹕ Display changed displayId=0
10-30 11:11:22.516    1751-1777/? I/DisplayManagerService﹕ Display device changed: DisplayDeviceInfo{"ActivityViewVirtualDisplay": 320 x 320, 60.0 fps, density 213, 213.0 x 213.0 dpi, touch NONE, rotation 0, type VIRTUAL, state ON, owner android (uid 1000), FLAG_OWN_CONTENT_ONLY}
10-30 11:11:22.516    1751-1751/? V/ActivityManager﹕ Display changed displayId=3
10-30 11:11:22.536    6050-6050/? I/ClockFace﹕ Ambient mode: false
10-30 11:11:22.536    6050-6050/? V/MyViewAnim﹕ resumeMaxHertz
10-30 11:11:22.536    6050-6050/? V/ClockFace﹕ clearing caches
10-30 11:11:22.536    6050-6050/? V/MyViewAnim﹕ starting new animator
10-30 11:11:22.536    6050-6050/? V/MyViewAnim﹕ Time listener is up!
10-30 11:11:22.536    6050-6050/? V/MyViewAnim﹕ starting new draw thread
10-30 11:11:22.556    6050-6050/? V/WearActivity﹕ Resume!
10-30 11:11:22.566    6050-6050/? V/WearActivity﹕ display changed: 3, new state: 2
10-30 11:11:22.566    6050-6050/? V/WearActivity﹕ state didn't actually change
10-30 11:11:22.566    6050-9231/? A/Looper﹕ Could not create wake pipe.  errno=24
10-30 11:11:22.566    6050-9231/? A/libc﹕ Fatal signal 6 (SIGABRT) at 0x17a2 (code=-6), thread 9231 (Thread-424)
10-30 11:11:22.606    1416-1486/? E/BufferQueue﹕ [org.dwallach.calwatch/org.dwallach.calwatch.WearActivity] dequeueBuffer: can't dequeue multiple buffers without setting the buffer count
10-30 11:11:22.606    6050-6050/? E/Surface﹕ dequeueBuffer failed (Invalid argument)
10-30 11:11:22.616    6050-6050/? E/ViewRootImpl﹕ Could not lock surface
    java.lang.IllegalArgumentException
            at android.view.Surface.nativeLockCanvas(Native Method)
            at android.view.Surface.lockCanvas(Surface.java:243)
            at android.view.ViewRootImpl.drawSoftware(ViewRootImpl.java:2478)
            at android.view.ViewRootImpl.draw(ViewRootImpl.java:2452)
            at android.view.ViewRootImpl.performDraw(ViewRootImpl.java:2296)
            at android.view.ViewRootImpl.performTraversals(ViewRootImpl.java:1926)
            at android.view.ViewRootImpl.doTraversal(ViewRootImpl.java:1032)
            at android.view.ViewRootImpl$TraversalRunnable.run(ViewRootImpl.java:5657)
            at android.view.Choreographer$CallbackRecord.run(Choreographer.java:761)
            at android.view.Choreographer.doCallbacks(Choreographer.java:574)
            at android.view.Choreographer.doFrame(Choreographer.java:544)
            at android.view.Choreographer$FrameDisplayEventReceiver.run(Choreographer.java:747)
            at android.os.Handler.handleCallback(Handler.java:733)
            at android.os.Handler.dispatchMessage(Handler.java:95)
            at android.os.Looper.loop(Looper.java:136)
            at android.app.ActivityThread.main(ActivityThread.java:5026)
            at java.lang.reflect.Method.invokeNative(Native Method)
            at java.lang.reflect.Method.invoke(Method.java:515)
            at com.android.internal.os.ZygoteInit$MethodAndArgsCaller.run(ZygoteInit.java:777)
            at com.android.internal.os.ZygoteInit.main(ZygoteInit.java:602)
            at dalvik.system.NativeStart.main(Native Method)
10-30 11:11:22.676    1415-1415/? I/DEBUG﹕ *** *** *** *** *** *** *** *** *** *** *** *** *** *** *** ***
10-30 11:11:22.676    1415-1415/? I/DEBUG﹕ Build fingerprint: 'motorola/metallica/minnow:4.4W.2/KNX01S/1526154:user/release-keys'
10-30 11:11:22.676    1415-1415/? I/DEBUG﹕ Revision: '0'
10-30 11:11:22.676    1415-1415/? I/DEBUG﹕ pid: 6050, tid: 9231, name: Thread-424  >>> org.dwallach.calwatch <<<
10-30 11:11:22.676    1415-1415/? I/DEBUG﹕ signal 6 (SIGABRT), code -6 (SI_TKILL), fault addr --------
10-30 11:11:22.907    6684-6684/? D/WearApiHelper﹕ sendMessage: /SYNC_NEEDED
10-30 11:11:22.907    6684-6684/? D/WearApiHelper﹕ Already connected. Sending message: /SYNC_NEEDED
10-30 11:11:22.927    1415-1415/? I/DEBUG﹕ r0 00000000  r1 0000240f  r2 00000006  r3 00000000
10-30 11:11:22.927    1415-1415/? I/DEBUG﹕ r4 00000006  r5 00000018  r6 0000240f  r7 0000010c
10-30 11:11:22.927    1415-1415/? I/DEBUG﹕ r8 a3074b00  r9 a3c24f40  sl 00000008  fp a3074b14
10-30 11:11:22.927    1415-1415/? I/DEBUG﹕ ip b6ea5b10  sp a3074638  lr b6ed9335  pc b6ef2f70  cpsr 000f0010
10-30 11:11:22.927    1415-1415/? I/DEBUG﹕ d0  ffffffffffffffff  d1  202e657069702065
10-30 11:11:22.927    1415-1415/? I/DEBUG﹕ d2  0000000400000372  d3  a499b08000000072
10-30 11:11:22.937    1415-1415/? I/DEBUG﹕ d4  0061006c00410049  d5  0061004d006d0072
10-30 11:11:22.937    1415-1415/? I/DEBUG﹕ d6  006500670061006e  d7  0000000000000072
10-30 11:11:22.937    1415-1415/? I/DEBUG﹕ d8  4040000000000003  d9  0000000000000000
10-30 11:11:22.937    1415-1415/? I/DEBUG﹕ d10 0000000000000000  d11 0000000000000000
10-30 11:11:22.937    1415-1415/? I/DEBUG﹕ d12 0000000000000000  d13 0000000000000000
10-30 11:11:22.937    1415-1415/? I/DEBUG﹕ d14 0000000000000000  d15 0000000000000000
10-30 11:11:22.937    1415-1415/? I/DEBUG﹕ d16 0000000000000000  d17 0000272600000000
10-30 11:11:22.937    1415-1415/? I/DEBUG﹕ d18 fca00000fca00000  d19 fca00000fca00000
10-30 11:11:22.937    1415-1415/? I/DEBUG﹕ d20 0000000000000000  d21 0004100000008000
10-30 11:11:22.937    1415-1415/? I/DEBUG﹕ d22 fca00000fca00000  d23 fca00000fca00000
10-30 11:11:22.937    1415-1415/? I/DEBUG﹕ d24 0000000000000000  d25 0000000000000000
10-30 11:11:22.937    1415-1415/? I/DEBUG﹕ d26 0020000000000000  d27 0060000000400000
10-30 11:11:22.937    1415-1415/? I/DEBUG﹕ d28 0000000000000000  d29 0000000000000000
10-30 11:11:22.937    1415-1415/? I/DEBUG﹕ d30 001fffff001fffff  d31 001fffff001fffff
10-30 11:11:22.937    1415-1415/? I/DEBUG﹕ scr 80000010
10-30 11:11:22.937    1415-1415/? I/DEBUG﹕ backtrace:
10-30 11:11:22.937    1415-1415/? I/DEBUG﹕ #00 pc 0002df70  /system/lib/libc.so (tgkill+12)
10-30 11:11:22.937    1415-1415/? I/DEBUG﹕ #01 pc 00014331  /system/lib/libc.so (pthread_kill+64)
10-30 11:11:22.937    1415-1415/? I/DEBUG﹕ #02 pc 00014c75  /system/lib/libc.so (raise+10)
10-30 11:11:22.937    1415-1415/? I/DEBUG﹕ #03 pc 0001257d  /system/lib/libc.so
10-30 11:11:22.937    1415-1415/? I/DEBUG﹕ #04 pc 000109c4  /system/lib/libc.so (abort+4)
10-30 11:11:22.937    1415-1415/? I/DEBUG﹕ #05 pc 00006b15  /system/lib/libcutils.so (__android_log_assert+88)
10-30 11:11:22.937    1415-1415/? I/DEBUG﹕ #06 pc 0001024b  /system/lib/libutils.so (android::Looper::Looper(bool)+194)
10-30 11:11:22.937    1415-1415/? I/DEBUG﹕ #07 pc 0006b721  /system/lib/libandroid_runtime.so (android::NativeMessageQueue::NativeMessageQueue()+80)
10-30 11:11:22.937    1415-1415/? I/DEBUG﹕ #08 pc 0006b759  /system/lib/libandroid_runtime.so
10-30 11:11:22.937    1415-1415/? I/DEBUG﹕ #09 pc 0001e544  /system/lib/libdvm.so (dvmPlatformInvoke+112)
10-30 11:11:22.937    1415-1415/? I/DEBUG﹕ #10 pc 0004e51b  /system/lib/libdvm.so (dvmCallJNIMethod(unsigned int const*, JValue*, Method const*, Thread*)+418)
10-30 11:11:22.937    1415-1415/? I/DEBUG﹕ #11 pc 00027960  /system/lib/libdvm.so
10-30 11:11:22.937    1415-1415/? I/DEBUG﹕ #12 pc 0002e6d4  /system/lib/libdvm.so (dvmMterpStd(Thread*)+68)
10-30 11:11:22.937    1415-1415/? I/DEBUG﹕ #13 pc 0002bf24  /system/lib/libdvm.so (dvmInterpret(Thread*, Method const*, JValue*)+184)
10-30 11:11:22.937    1415-1415/? I/DEBUG﹕ #14 pc 0006114d  /system/lib/libdvm.so (dvmCallMethodV(Thread*, Method const*, Object*, bool, JValue*, std::__va_list)+328)
10-30 11:11:22.937    1415-1415/? I/DEBUG﹕ #15 pc 00061171  /system/lib/libdvm.so (dvmCallMethod(Thread*, Method const*, Object*, JValue*, ...)+20)
10-30 11:11:22.937    1415-1415/? I/DEBUG﹕ #16 pc 00055c99  /system/lib/libdvm.so
10-30 11:11:22.937    1415-1415/? I/DEBUG﹕ #17 pc 00013add  /system/lib/libc.so
10-30 11:11:22.937    1415-1415/? I/DEBUG﹕ #18 pc 000126b3  /system/lib/libc.so (__bionic_clone_entry+6)
10-30 11:11:22.937    1415-1415/? I/DEBUG﹕ #19 pc 00013c89  /system/lib/libc.so (pthread_create+340)
10-30 11:11:22.937    1415-1415/? I/DEBUG﹕ stack:
10-30 11:11:22.937    1415-1415/? I/DEBUG﹕ a30745f8  b6ea5b10  /system/lib/libutils.so
10-30 11:11:22.937    1415-1415/? I/DEBUG﹕ a30745fc  a3074b00  [stack:9231]
10-30 11:11:22.937    1415-1415/? I/DEBUG﹕ a3074600  a3c24f40
10-30 11:11:22.937    1415-1415/? I/DEBUG﹕ a3074604  00000008
10-30 11:11:22.937    1415-1415/? I/DEBUG﹕ a3074608  00000000
10-30 11:11:22.937    1415-1415/? I/DEBUG﹕ a307460c  b6f2d5fd  /system/lib/libcutils.so
10-30 11:11:22.937    1415-1415/? I/DEBUG﹕ a3074610  00000026
10-30 11:11:22.937    1415-1415/? I/DEBUG﹕ a3074614  b6ea5b60  /system/lib/libutils.so
10-30 11:11:22.937    1415-1415/? I/DEBUG﹕ a3074618  00000000
10-30 11:11:22.937    1415-1415/? I/DEBUG﹕ a307461c  b6f2d845  /system/lib/libcutils.so (__android_log_write+216)
10-30 11:11:22.937    1415-1415/? I/DEBUG﹕ a3074620  00000006
10-30 11:11:22.937    1415-1415/? I/DEBUG﹕ a3074624  00000018
10-30 11:11:22.937    1415-1415/? I/DEBUG﹕ a3074628  0000240f
10-30 11:11:22.937    1415-1415/? I/DEBUG﹕ a307462c  b6ea5b10  /system/lib/libutils.so
10-30 11:11:22.937    1415-1415/? I/DEBUG﹕ a3074630  a3074b00  [stack:9231]
10-30 11:11:22.937    1415-1415/? I/DEBUG﹕ a3074634  b6ed9329  /system/lib/libc.so (pthread_kill+56)
10-30 11:11:22.937    1415-1415/? I/DEBUG﹕ #00  a3074638  00000006
10-30 11:11:22.937    1415-1415/? I/DEBUG﹕ ........  ........
10-30 11:11:22.937    1415-1415/? I/DEBUG﹕ #01  a3074638  00000006
10-30 11:11:22.937    1415-1415/? I/DEBUG﹕ a307463c  b6ea365c  /system/lib/libutils.so
10-30 11:11:22.937    1415-1415/? I/DEBUG﹕ a3074640  a3074658  [stack:9231]
10-30 11:11:22.937    1415-1415/? I/DEBUG﹕ a3074644  b6ed9c79  /system/lib/libc.so (raise+14)
10-30 11:11:22.937    1415-1415/? I/DEBUG﹕ #02  a3074648  a3074654  [stack:9231]
10-30 11:11:22.937    1415-1415/? I/DEBUG﹕ a307464c  b6ed7581  /system/lib/libc.so
10-30 11:11:22.977    1415-1415/? I/DEBUG﹕ memory near r1:
10-30 11:11:22.977    1415-1415/? I/DEBUG﹕ 000023ec ffffffff ffffffff ffffffff ffffffff
10-30 11:11:22.977    1415-1415/? I/DEBUG﹕ 000023fc ffffffff ffffffff ffffffff ffffffff
10-30 11:11:22.977    1415-1415/? I/DEBUG﹕ 0000240c ffffffff ffffffff ffffffff ffffffff
10-30 11:11:22.977    1415-1415/? I/DEBUG﹕ 0000241c ffffffff ffffffff ffffffff ffffffff
10-30 11:11:22.977    1415-1415/? I/DEBUG﹕ 0000242c ffffffff ffffffff ffffffff ffffffff
10-30 11:11:22.977    1415-1415/? I/DEBUG﹕ 0000243c ffffffff ffffffff ffffffff ffffffff
10-30 11:11:22.977    1415-1415/? I/DEBUG﹕ 0000244c ffffffff ffffffff ffffffff ffffffff
10-30 11:11:22.977    1415-1415/? I/DEBUG﹕ 0000245c ffffffff ffffffff ffffffff ffffffff
10-30 11:11:22.977    1415-1415/? I/DEBUG﹕ 0000246c ffffffff ffffffff ffffffff ffffffff
10-30 11:11:22.977    1415-1415/? I/DEBUG﹕ 0000247c ffffffff ffffffff ffffffff ffffffff
10-30 11:11:22.977    1415-1415/? I/DEBUG﹕ 0000248c ffffffff ffffffff ffffffff ffffffff
10-30 11:11:22.977    1415-1415/? I/DEBUG﹕ 0000249c ffffffff ffffffff ffffffff ffffffff
10-30 11:11:22.977    1415-1415/? I/DEBUG﹕ 000024ac ffffffff ffffffff ffffffff ffffffff
10-30 11:11:22.977    1415-1415/? I/DEBUG﹕ 000024bc ffffffff ffffffff ffffffff ffffffff
10-30 11:11:22.977    1415-1415/? I/DEBUG﹕ 000024cc ffffffff ffffffff ffffffff ffffffff
10-30 11:11:22.977    1415-1415/? I/DEBUG﹕ 000024dc ffffffff ffffffff ffffffff ffffffff
10-30 11:11:22.977    1415-1415/? I/DEBUG﹕ memory near r6:
10-30 11:11:22.977    1415-1415/? I/DEBUG﹕ 000023ec ffffffff ffffffff ffffffff ffffffff
10-30 11:11:22.977    1415-1415/? I/DEBUG﹕ 000023fc ffffffff ffffffff ffffffff ffffffff
10-30 11:11:22.977    1415-1415/? I/DEBUG﹕ 0000240c ffffffff ffffffff ffffffff ffffffff
10-30 11:11:22.977    1415-1415/? I/DEBUG﹕ 0000241c ffffffff ffffffff ffffffff ffffffff
10-30 11:11:22.977    1415-1415/? I/DEBUG﹕ 0000242c ffffffff ffffffff ffffffff ffffffff
10-30 11:11:22.977    1415-1415/? I/DEBUG﹕ 0000243c ffffffff ffffffff ffffffff ffffffff
10-30 11:11:22.977    1415-1415/? I/DEBUG﹕ 0000244c ffffffff ffffffff ffffffff ffffffff
10-30 11:11:22.977    1415-1415/? I/DEBUG﹕ 0000245c ffffffff ffffffff ffffffff ffffffff
10-30 11:11:22.977    1415-1415/? I/DEBUG﹕ 0000246c ffffffff ffffffff ffffffff ffffffff
10-30 11:11:22.977    1415-1415/? I/DEBUG﹕ 0000247c ffffffff ffffffff ffffffff ffffffff
10-30 11:11:22.977    1415-1415/? I/DEBUG﹕ 0000248c ffffffff ffffffff ffffffff ffffffff
10-30 11:11:22.977    1415-1415/? I/DEBUG﹕ 0000249c ffffffff ffffffff ffffffff ffffffff
10-30 11:11:22.977    1415-1415/? I/DEBUG﹕ 000024ac ffffffff ffffffff ffffffff ffffffff
10-30 11:11:22.977    1415-1415/? I/DEBUG﹕ 000024bc ffffffff ffffffff ffffffff ffffffff
10-30 11:11:22.977    1415-1415/? I/DEBUG﹕ 000024cc ffffffff ffffffff ffffffff ffffffff
10-30 11:11:22.977    1415-1415/? I/DEBUG﹕ 000024dc ffffffff ffffffff ffffffff ffffffff
10-30 11:11:22.977    1415-1415/? I/DEBUG﹕ memory near r8:
10-30 11:11:22.977    1415-1415/? I/DEBUG﹕ a3074ae0 b7b881f0 00000003 a3c24f48 b6dd575d
10-30 11:11:22.977    1415-1415/? I/DEBUG﹕ a3074af0 a8e022e6 a9afa188 b7bb3bf0 b5a65548
10-30 11:11:22.977    1415-1415/? I/DEBUG﹕ a3074b00 a8fe609f 0000010a ada6e828 b7bb3c00
10-30 11:11:22.977    1415-1415/? I/DEBUG﹕ a3074b10 00000001 b5a9551f a3c24f40 a8fe609f
10-30 11:11:22.977    1415-1415/? I/DEBUG﹕ a3074b20 b6dd574d b7bb3c00 a3c24f1c a9afa0a8
10-30 11:11:22.977    1415-1415/? I/DEBUG﹕ a3074b30 1d200001 00000000 b6f13d78 a3074c30
10-30 11:11:22.977    1415-1415/? I/DEBUG﹕ a3074b40 00000000 a3074c84 00000003 40400000
10-30 11:11:22.977    1415-1415/? I/DEBUG﹕ a3074b50 00000000 00000000 00000000 00000000
10-30 11:11:22.977    1415-1415/? I/DEBUG﹕ a3074b60 00000000 00000000 00000000 00000000
10-30 11:11:22.977    1415-1415/? I/DEBUG﹕ a3074b70 00000000 00000000 00000000 00000000
10-30 11:11:22.977    1415-1415/? I/DEBUG﹕ a3074b80 00000000 00000000 b5af83a0 00000009
10-30 11:11:22.977    1415-1415/? I/DEBUG﹕ a3074b90 00000000 a3c24f2c b7bb3bf0 a9aa4b40
10-30 11:11:22.977    1415-1415/? I/DEBUG﹕ a3074ba0 00000000 00000009 00000000 b5aa8157
10-30 11:11:22.977    1415-1415/? I/DEBUG﹕ a3074bb0 b5af3c60 00000020 b5af83a0 0012f960
10-30 11:11:22.977    1415-1415/? I/DEBUG﹕ a3074bc0 b7990328 fffffea4 00000001 00000014
10-30 11:11:22.977    1415-1415/? I/DEBUG﹕ a3074bd0 b5af83a0 add4cf58 b7990328 b5abae6b
10-30 11:11:22.977    1415-1415/? I/DEBUG﹕ memory near r9:
10-30 11:11:22.977    1415-1415/? I/DEBUG﹕ a3c24f20 add4cf58 a3c24f54 a8e035e2 a3c24f54
10-30 11:11:22.977    1415-1415/? I/DEBUG﹕ a3c24f30 a8e035f0 a9afa188 00000000 00000000
10-30 11:11:22.977    1415-1415/? I/DEBUG﹕ a3c24f40 a3c24f78 a8e022e6 a9afa0a8 a8e035f0
10-30 11:11:22.977    1415-1415/? I/DEBUG﹕ a3c24f50 00000000 add4cf58 a8e02574 add4cf28
10-30 11:11:22.977    1415-1415/? I/DEBUG﹕ a3c24f60 00000001 a3c24f98 a8e02598 a9af9b68
10-30 11:11:22.977    1415-1415/? I/DEBUG﹕ a3c24f70 a8e022e6 00000000 add4cf28 add4acc0
10-30 11:11:22.977    1415-1415/? I/DEBUG﹕ a3c24f80 00000001 a3c24fb8 a8e02556 a9af9cb8
10-30 11:11:22.977    1415-1415/? I/DEBUG﹕ a3c24f90 a8e02598 00000000 adb25838 add4acc0
10-30 11:11:22.977    1415-1415/? I/DEBUG﹕ a3c24fa0 00000001 a3c24fd0 a4554b6e a9af9c80
10-30 11:11:22.977    1415-1415/? I/DEBUG﹕ a3c24fb0 a8e02556 00000000 00000001 a3c25000
10-30 11:11:22.977    1415-1415/? I/DEBUG﹕ a3c24fc0 00000000 a9ce0740 a4554b6e 00000000
10-30 11:11:22.977    1415-1415/? I/DEBUG﹕ a3c24fd0 00000000 00000000 00000000 00000000
10-30 11:11:22.977    1415-1415/? I/DEBUG﹕ a3c24fe0 00000000 00000000 add1d518 00000000
10-30 11:11:22.977    1415-1415/? I/DEBUG﹕ a3c24ff0 00000000 00000000 00000000 00000000
10-30 11:11:22.977    1415-1415/? I/DEBUG﹕ a3c25000 00000000 00000000 00000000 00000000
10-30 11:11:22.977    1415-1415/? I/DEBUG﹕ a3c25010 00000000 00000000 00000000 00000000
10-30 11:11:22.977    1415-1415/? I/DEBUG﹕ memory near fp:
10-30 11:11:22.977    1415-1415/? I/DEBUG﹕ a3074af4 a9afa188 b7bb3bf0 b5a65548 a8fe609f
10-30 11:11:22.977    1415-1415/? I/DEBUG﹕ a3074b04 0000010a ada6e828 b7bb3c00 00000001
10-30 11:11:22.977    1415-1415/? I/DEBUG﹕ a3074b14 b5a9551f a3c24f40 a8fe609f b6dd574d
10-30 11:11:22.977    1415-1415/? I/DEBUG﹕ a3074b24 b7bb3c00 a3c24f1c a9afa0a8 1d200001
10-30 11:11:22.987    1415-1415/? I/DEBUG﹕ a3074b34 00000000 b6f13d78 a3074c30 00000000
10-30 11:11:22.987    1415-1415/? I/DEBUG﹕ a3074b44 a3074c84 00000003 40400000 00000000
10-30 11:11:22.987    1415-1415/? I/DEBUG﹕ a3074b54 00000000 00000000 00000000 00000000
10-30 11:11:22.987    1415-1415/? I/DEBUG﹕ a3074b64 00000000 00000000 00000000 00000000
10-30 11:11:22.987    1415-1415/? I/DEBUG﹕ a3074b74 00000000 00000000 00000000 00000000
10-30 11:11:22.987    1415-1415/? I/DEBUG﹕ a3074b84 00000000 b5af83a0 00000009 00000000
10-30 11:11:22.987    1415-1415/? I/DEBUG﹕ a3074b94 a3c24f2c b7bb3bf0 a9aa4b40 00000000
10-30 11:11:22.987    1415-1415/? I/DEBUG﹕ a3074ba4 00000009 00000000 b5aa8157 b5af3c60
10-30 11:11:22.987    1415-1415/? I/DEBUG﹕ a3074bb4 00000020 b5af83a0 0012f960 b7990328
10-30 11:11:22.987    1415-1415/? I/DEBUG﹕ a3074bc4 fffffea4 00000001 00000014 b5af83a0
10-30 11:11:22.987    1415-1415/? I/DEBUG﹕ a3074bd4 add4cf58 b7990328 b5abae6b b5af3c60
10-30 11:11:22.987    1415-1415/? I/DEBUG﹕ a3074be4 ada55a78 b5af83a0 add4cf58 00000014
10-30 11:11:22.987    1415-1415/? I/DEBUG﹕ memory near ip:
10-30 11:11:22.987    1415-1415/? I/DEBUG﹕ b6ea5af0 b6ea0ebf b6e9ddb7 b6e9ddb7 b6e9e09b
10-30 11:11:22.987    1415-1415/? I/DEBUG﹕ b6ea5b00 b6e9ddb7 00000000 00000000 00000000
10-30 11:11:22.987    1415-1415/? I/DEBUG﹕ b6ea5b10 b6ea0eed b6ea0f15 b6ea0dc5 b6ea1599
10-30 11:11:22.987    1415-1415/? I/DEBUG﹕ b6ea5b20 b6ea1db5 b6ea1dd1 b6ea1deb b6ea1e11
10-30 11:11:22.987    1415-1415/? I/DEBUG﹕ b6ea5b30 00000000 00000000 b6ea0f65 b6ea0f8d
10-30 11:11:22.987    1415-1415/? I/DEBUG﹕ b6ea5b40 b6ea0dab b6ea1761 b6ea1d13 b6ea1cf1
10-30 11:11:22.987    1415-1415/? I/DEBUG﹕ b6ea5b50 b6ea1d69 b6ea1d37 b6e9d549 00000000
10-30 11:11:22.987    1415-1415/? I/DEBUG﹕ b6ea5b60 00000000 00000000 b6ea0f29 b6ea0f51
10-30 11:11:22.987    1415-1415/? I/DEBUG﹕ b6ea5b70 b6ea0dab b6ea1761 b6ea1d13 b6ea1cf1
10-30 11:11:22.987    1415-1415/? I/DEBUG﹕ b6ea5b80 b6ea1d69 b6ea1d37 0000000c 00000000
10-30 11:11:22.987    1415-1415/? I/DEBUG﹕ b6ea5b90 00000000 b6ea0dfd b6ea0e91 b6ec291d
10-30 11:11:22.987    1415-1415/? I/DEBUG﹕ b6ea5ba0 00000000 00000000 00000000 00000000
10-30 11:11:22.987    1415-1415/? I/DEBUG﹕ b6ea5bb0 fffffff4 fffffff4 00000000 b6ea0e29
10-30 11:11:22.987    1415-1415/? I/DEBUG﹕ b6ea5bc0 b6ea0ea3 b6e9ddb7 b6e9ddb7 b6e9e09b
10-30 11:11:22.987    1415-1415/? I/DEBUG﹕ b6ea5bd0 b6e9ddb7 00000000 00000008 00000000
10-30 11:11:22.987    1415-1415/? I/DEBUG﹕ b6ea5be0 00000000 b6ea0e35 b6ea0ead b6ec291d
10-30 11:11:22.987    1415-1415/? I/DEBUG﹕ memory near sp:
10-30 11:11:22.987    1415-1415/? I/DEBUG﹕ a3074618 00000000 b6f2d845 00000006 00000018
10-30 11:11:22.987    1415-1415/? I/DEBUG﹕ a3074628 0000240f b6ea5b10 a3074b00 b6ed9329
10-30 11:11:22.987    1415-1415/? I/DEBUG﹕ a3074638 00000006 b6ea365c a3074658 b6ed9c79
10-30 11:11:22.987    1415-1415/? I/DEBUG﹕ a3074648 a3074654 b6ed7581 00000000 ffffffdf
10-30 11:11:22.987    1415-1415/? I/DEBUG﹕ a3074658 00000000 00000000 00000000 9b899bff
10-30 11:11:22.987    1415-1415/? I/DEBUG﹕ a3074668 a3074684 b6ea365c b6ea5b60 b6ed59c8
10-30 11:11:22.987    1415-1415/? I/DEBUG﹕ a3074678 00000000 b6f2db19 a3074a9c 6c756f43
10-30 11:11:22.987    1415-1415/? I/DEBUG﹕ a3074688 6f6e2064 72632074 65746165 6b617720
10-30 11:11:22.987    1415-1415/? I/DEBUG﹕ a3074698 69702065 202e6570 72726520 323d6f6e
10-30 11:11:22.987    1415-1415/? I/DEBUG﹕ a30746a8 00000034 00000000 00000000 00000000
10-30 11:11:22.987    1415-1415/? I/DEBUG﹕ a30746b8 00000000 00000000 00000000 00000000
10-30 11:11:22.987    1415-1415/? I/DEBUG﹕ a30746c8 00000000 00000000 00000000 00000000
10-30 11:11:22.987    1415-1415/? I/DEBUG﹕ a30746d8 00000000 00000000 00000000 00000000
10-30 11:11:22.987    1415-1415/? I/DEBUG﹕ a30746e8 00000000 00000000 00000000 00000000
10-30 11:11:22.987    1415-1415/? I/DEBUG﹕ a30746f8 00000000 00000000 00000000 00000000
10-30 11:11:22.987    1415-1415/? I/DEBUG﹕ a3074708 00000000 00000000 00000000 00000000
10-30 11:11:22.987    1415-1415/? I/DEBUG﹕ code around pc:
10-30 11:11:22.987    1415-1415/? I/DEBUG﹕ b6ef2f50 e1a0700c e3700a01 912fff1e e2600000
10-30 11:11:22.987    1415-1415/? I/DEBUG﹕ b6ef2f60 ea003ac3 e1a0c007 e3a07f43 ef000000
10-30 11:11:22.987    1415-1415/? I/DEBUG﹕ b6ef2f70 e1a0700c e3700a01 912fff1e e2600000
10-30 11:11:22.997    1415-1415/? I/DEBUG﹕ b6ef2f80 ea003abb e1a0c007 e59f7014 ef000000
10-30 11:11:22.997    1415-1415/? I/DEBUG﹕ b6ef2f90 e1a0700c e3700a01 912fff1e e2600000
10-30 11:11:22.997    1415-1415/? I/DEBUG﹕ b6ef2fa0 ea003ab3 0000015e e1a0c007 e59f7014
10-30 11:11:22.997    1415-1415/? I/DEBUG﹕ b6ef2fb0 ef000000 e1a0700c e3700a01 912fff1e
10-30 11:11:22.997    1415-1415/? I/DEBUG﹕ b6ef2fc0 e2600000 ea003aaa 00000162 e1a0c007
10-30 11:11:22.997    1415-1415/? I/DEBUG﹕ b6ef2fd0 e59f7014 ef000000 e1a0700c e3700a01
10-30 11:11:22.997    1415-1415/? I/DEBUG﹕ b6ef2fe0 912fff1e e2600000 ea003aa1 00000161
10-30 11:11:22.997    1415-1415/? I/DEBUG﹕ b6ef2ff0 e1a0c007 e3a0702b ef000000 e1a0700c
10-30 11:11:22.997    1415-1415/? I/DEBUG﹕ b6ef3000 e3700a01 912fff1e e2600000 ea003a98
10-30 11:11:22.997    1415-1415/? I/DEBUG﹕ b6ef3010 e1a0c007 e3a070ee ef000000 e1a0700c
10-30 11:11:22.997    1415-1415/? I/DEBUG﹕ b6ef3020 e3700a01 912fff1e e2600000 ea003a90
10-30 11:11:22.997    1415-1415/? I/DEBUG﹕ b6ef3030 e1a0c007 e3a0705c ef000000 e1a0700c
10-30 11:11:22.997    1415-1415/? I/DEBUG﹕ b6ef3040 e3700a01 912fff1e e2600000 ea003a88
10-30 11:11:22.997    1415-1415/? I/DEBUG﹕ code around lr:
10-30 11:11:22.997    1415-1415/? I/DEBUG﹕ b6ed9314 44782403 f952f000 689ee011 4478480d
10-30 11:11:22.997    1415-1415/? I/DEBUG﹕ b6ed9324 f94cf000 efc2f018 46224631 ee18f019
10-30 11:11:22.997    1415-1415/? I/DEBUG﹕ b6ed9334 d1033001 fad4f7fe e0006804 f7fe2400
10-30 11:11:22.997    1415-1415/? I/DEBUG﹕ b6ed9344 6005facf bd704620 0003aa9e 0003aa92
10-30 11:11:22.997    1415-1415/? I/DEBUG﹕ b6ed9354 0003aa86 0003aa7a 33fff04f 20006003
10-30 11:11:22.997    1415-1415/? I/DEBUG﹕ b6ed9364 68034770 000ff003 d8022802 20006008
10-30 11:11:22.997    1415-1415/? I/DEBUG﹕ b6ed9374 20164770 29024770 6803d806 020ff023
10-30 11:11:22.997    1415-1415/? I/DEBUG﹕ b6ed9384 60014311 47702000 47702016 2901b129
10-30 11:11:22.997    1415-1415/? I/DEBUG﹕ b6ed9394 6803d109 0110f043 6802e002 0110f022
10-30 11:11:22.997    1415-1415/? I/DEBUG﹕ b6ed93a4 20006001 20164770 68034770 1000f3c3
10-30 11:11:22.997    1415-1415/? I/DEBUG﹕ b6ed93b4 20006008 b9114770 20006001 680a4770
10-30 11:11:22.997    1415-1415/? I/DEBUG﹕ b6ed93c4 0f10f012 010ff002 f44fbf14 23005300
10-30 11:11:22.997    1415-1415/? I/DEBUG﹕ b6ed93d4 d0032901 d0042902 e004b939 4380f443
10-30 11:11:22.997    1415-1415/? I/DEBUG﹕ b6ed93e4 f443e001 60034300 2016e7e7 e92d4770
10-30 11:11:22.997    1415-1415/? I/DEBUG﹕ b6ed93f4 460441f0 f4156805 f4054740 d06b5600
10-30 11:11:22.997    1415-1415/? I/DEBUG﹕ b6ed9404 fdcaf7ff ebb36883 d11a4f15 4f00f5b7
10-30 11:11:23.197    1899-2036/? D/dalvikvm﹕ GC_FOR_ALLOC freed 301K, 30% free 2252K/3204K, paused 33ms, total 34ms
10-30 11:11:24.088    1899-8610/? D/dalvikvm﹕ GC_FOR_ALLOC freed 356K, 30% free 2243K/3204K, paused 33ms, total 38ms
10-30 11:11:24.999    1751-1807/? E/NativeCrashListener﹕ Exception dealing with report
    libcore.io.ErrnoException: read failed: EAGAIN (Try again)
            at libcore.io.Posix.readBytes(Native Method)
            at libcore.io.Posix.read(Posix.java:128)
            at libcore.io.BlockGuardOs.read(BlockGuardOs.java:205)
            at com.android.server.am.NativeCrashListener.consumeNativeCrashData(NativeCrashListener.java:240)
            at com.android.server.am.NativeCrashListener.run(NativeCrashListener.java:138)
10-30 11:11:25.850    6050-6054/? D/dalvikvm﹕ GC_CONCURRENT freed 374K, 24% free 2540K/3308K, paused 2ms+1ms, total 3242ms
10-30 11:11:25.850    1751-1773/? I/BootReceiver﹕ Copying /data/tombstones/tombstone_02 to DropBox (SYSTEM_TOMBSTONE)
10-30 11:11:25.860    6050-8203/? I/Choreographer﹕ Skipped 142 frames!  The application may be doing too much work on its main thread.
10-30 11:11:25.860    6050-7851/? I/Choreographer﹕ Skipped 142 frames!  The application may be doing too much work on its main thread.
10-30 11:11:25.890    1751-1783/? W/InputDispatcher﹕ channel 'adebb380 org.dwallach.calwatch/org.dwallach.calwatch.WearActivity (server)' ~ Consumer closed input channel or an error occurred.  events=0x9
10-30 11:11:25.890    1751-1783/? E/InputDispatcher﹕ channel 'adebb380 org.dwallach.calwatch/org.dwallach.calwatch.WearActivity (server)' ~ Channel is unrecoverably broken and will be disposed!
10-30 11:11:25.940    1751-1753/? D/dalvikvm﹕ GC_CONCURRENT freed 334K, 23% free 5403K/6976K, paused 5ms+4ms, total 73ms
10-30 11:11:25.940    1751-1773/? D/dalvikvm﹕ WAIT_FOR_CONCURRENT_GC blocked 68ms
10-30 11:11:25.950    1751-1801/? D/dalvikvm﹕ WAIT_FOR_CONCURRENT_GC blocked 68ms
10-30 11:11:25.950    1751-2313/? D/dalvikvm﹕ WAIT_FOR_CONCURRENT_GC blocked 69ms
10-30 11:11:25.950    1751-2313/? W/InputDispatcher﹕ Attempted to unregister already unregistered input channel 'adebb380 org.dwallach.calwatch/org.dwallach.calwatch.WearActivity (server)'
10-30 11:11:25.950    1751-2170/? D/dalvikvm﹕ WAIT_FOR_CONCURRENT_GC blocked 61ms
10-30 11:11:25.950    1751-1801/? I/ActivityManager﹕ Process org.dwallach.calwatch (pid 6050) has died.
10-30 11:11:25.950    1751-1801/? W/ActivityManager﹕ Scheduling restart of crashed service org.dwallach.calwatch/.WearReceiverService in 1000ms
10-30 11:11:25.950    1751-2313/? I/WindowState﹕ WIN DEATH: Window{adebb380 u0 org.dwallach.calwatch/org.dwallach.calwatch.WearActivity}
10-30 11:11:25.950    1751-2313/? W/WindowManager﹕ Force-removing child win Window{adf09f60 u0 SurfaceView} from container Window{adebb380 u0 org.dwallach.calwatch/org.dwallach.calwatch.WearActivity}
10-30 11:11:25.960    1751-1801/? W/ActivityManager﹕ Force removing ActivityRecord{addd7900 u0 org.dwallach.calwatch/.WearActivity t7}: app died, no saved state
10-30 11:11:25.970    1751-1917/? W/WindowManager﹕ Failed looking up window
    java.lang.IllegalArgumentException: Requested window android.os.BinderProxy@adde6810 does not exist
            at com.android.server.wm.WindowManagerService.windowForClientLocked(WindowManagerService.java:8081)
            at com.android.server.wm.WindowManagerService.windowForClientLocked(WindowManagerService.java:8072)
            at com.android.server.wm.WindowState$DeathRecipient.binderDied(WindowState.java:1072)
            at android.os.BinderProxy.sendDeathNotice(Binder.java:493)
            at dalvik.system.NativeStart.run(Native Method)
10-30 11:11:25.970    1751-1917/? I/WindowState﹕ WIN DEATH: null
10-30 11:11:25.970    1751-1801/? I/DisplayManagerService﹕ Display device removed: DisplayDeviceInfo{"ActivityViewVirtualDisplay": 320 x 320, 60.0 fps, density 213, 213.0 x 213.0 dpi, touch NONE, rotation 0, type VIRTUAL, state ON, owner android (uid 1000), FLAG_OWN_CONTENT_ONLY}
10-30 11:11:25.980    1751-1751/? V/ActivityManager﹕ Display removed displayId=3
10-30 11:11:25.990    1417-1417/? D/Zygote﹕ Process 6050 terminated by signal (6)
10-30 11:11:26.020    1751-1917/? I/DisplayManagerService﹕ Display device added: DisplayDeviceInfo{"ActivityViewVirtualDisplay": 320 x 320, 60.0 fps, density 213, 213.0 x 213.0 dpi, touch NONE, rotation 0, type VIRTUAL, state OFF, owner android (uid 1000), FLAG_OWN_CONTENT_ONLY}
10-30 11:11:26.020    1751-1751/? V/ActivityManager﹕ Display added displayId=4
10-30 11:11:26.050    1751-1751/? V/ActivityManager﹕ Display changed displayId=4
10-30 11:11:26.070    1751-1801/? I/DisplayManagerService﹕ Display device removed: DisplayDeviceInfo{"ActivityViewVirtualDisplay": 320 x 320, 60.0 fps, density 213, 213.0 x 213.0 dpi, touch NONE, rotation 0, type VIRTUAL, state OFF, owner android (uid 1000), FLAG_OWN_CONTENT_ONLY}
10-30 11:11:26.070    1751-1751/? V/ActivityManager﹕ Display removed displayId=4
10-30 11:11:26.080    1869-1869/? W/ClockworkHome.HomeView﹕ Relaunch 1 of watch face org.dwallach.calwatch/.WearActivity
10-30 11:11:26.120    1751-1762/? I/DisplayManagerService﹕ Display device added: DisplayDeviceInfo{"ActivityViewVirtualDisplay": 320 x 320, 60.0 fps, density 213, 213.0 x 213.0 dpi, touch NONE, rotation 0, type VIRTUAL, state OFF, owner android (uid 1000), FLAG_OWN_CONTENT_ONLY}
10-30 11:11:26.130    1751-1751/? V/ActivityManager﹕ Display added displayId=5
10-30 11:11:26.140    1751-1751/? V/ActivityManager﹕ Display changed displayId=5
10-30 11:11:26.150    1751-1930/? I/ActivityManager﹕ START u0 {flg=0x18010000 cmp=org.dwallach.calwatch/.WearActivity (has extras)} from pid 1869 on display 5
10-30 11:11:26.190    1751-1930/? I/ActivityManager﹕ Start proc org.dwallach.calwatch for activity org.dwallach.calwatch/.WearActivity: pid=9232 uid=10022 gids={50022, 1028, 1015}
10-30 11:11:26.280    9232-9232/? V/WearActivity﹕ starting onCreate
10-30 11:11:26.290    9232-9232/? I/VersionWrapper﹕ Version: beta10 (10)
10-30 11:11:26.300    6684-6684/? D/WearApiHelper﹕ sendMessage: /SYNC_NEEDED
10-30 11:11:26.300    6684-6684/? D/WearApiHelper﹕ Already connected. Sending message: /SYNC_NEEDED
10-30 11:11:26.340    9232-9232/? V/WearActivity﹕ initAmbientWatcher: starting
10-30 11:11:26.340    9232-9232/? V/WearActivity﹕ initializing tickReceiver
10-30 11:11:26.350    9232-9232/? V/WearActivity﹕ initializing displayListener
10-30 11:11:26.350    9232-9232/? V/WearActivity﹕ initAmbientWatcher: complete
10-30 11:11:26.350    9232-9232/? V/WearActivity﹕ Resume!
10-30 11:11:26.380    9232-9232/? V/WearReceiverService﹕ starting listening service
10-30 11:11:26.380    9232-9232/? V/WearReceiverService﹕ onCreate!
10-30 11:11:26.380    9232-9232/? V/WearReceiverService﹕ Trying to connect to GoogleApi
10-30 11:11:26.420    9232-9232/? V/WearReceiverService﹕ service starting!
10-30 11:11:26.420    9232-9232/? V/BatteryWrapper﹕ Hmm, a new context
10-30 11:11:26.420    9232-9232/? V/WearReceiverService﹕ loadPreferences
10-30 11:11:26.460    9232-9234/? D/dalvikvm﹕ GC_CONCURRENT freed 192K, 16% free 2056K/2448K, paused 10ms+11ms, total 32ms
10-30 11:11:26.470    9232-9232/? V/ClockState﹕ new calendar event list, 10 entries
10-30 11:11:26.470    9232-9232/? V/ClockState﹕ event update complete
10-30 11:11:26.470    9232-9232/? V/WearReceiverService﹕ service starting!
10-30 11:11:26.470    9232-9232/? V/WearReceiverService﹕ clock state already initialized, no need to go to saved prefs
10-30 11:11:26.480    9232-9232/? V/MyViewAnim﹕ setup! numViewAnims: 1
10-30 11:11:26.480    9232-9232/? V/MyViewAnim﹕ initializing ClockFace
10-30 11:11:26.480    9232-9232/? V/ClockFace﹕ ClockFace setup!
10-30 11:11:26.480    9232-9232/? V/ClockFace﹕ clearing caches
10-30 11:11:26.480    9232-9232/? V/ClockState﹕ clipping 10 raw events to fit the screen
10-30 11:11:26.570    9232-9232/? V/EventLayoutUniform﹕ Event layout success.
10-30 11:11:26.570    9232-9232/? V/EventLayoutUniform﹕ Event layout time: 82.092285 ms
10-30 11:11:26.570    9232-9232/? V/ClockState﹕ maxLevel for new events: 10000
10-30 11:11:26.570    9232-9232/? V/ClockState﹕ number of new events: 6
10-30 11:11:26.570    9232-9232/? V/ClockFace﹕ Moto 360 detected. Flat bottom hack enabled.
10-30 11:11:26.570    9232-9232/? V/MyViewAnim﹕ draw thread desired: true
10-30 11:11:26.570    9232-9232/? V/WearActivity﹕ starting data API receiver
10-30 11:11:26.640    6684-9213/? D/dalvikvm﹕ GC_FOR_ALLOC freed 93K, 7% free 29212K/31168K, paused 76ms, total 83ms
10-30 11:11:26.670    9232-9232/? D/OpenGLRenderer﹕ Enabling debug mode 0
10-30 11:11:26.700    9232-9232/? V/MyViewAnim﹕ Drawing surface created!
10-30 11:11:26.700    9232-9232/? V/MyViewAnim﹕ Drawing surface changed!
10-30 11:11:26.700    9232-9232/? V/ClockFace﹕ clearing caches
10-30 11:11:26.720    9232-9232/? D/WearableClient﹕ WearableClientImpl.onPostInitHandler: done
10-30 11:11:26.810    1899-8609/? D/dalvikvm﹕ GC_FOR_ALLOC freed 323K, 30% free 2258K/3204K, paused 47ms, total 47ms
10-30 11:11:26.921    1751-1777/? I/ActivityManager﹕ Displayed org.dwallach.calwatch/.WearActivity: +757ms
10-30 11:11:26.921    1751-1777/? I/DisplayManagerService﹕ Display device changed: DisplayDeviceInfo{"ActivityViewVirtualDisplay": 320 x 320, 60.0 fps, density 213, 213.0 x 213.0 dpi, touch NONE, rotation 0, type VIRTUAL, state ON, owner android (uid 1000), FLAG_OWN_CONTENT_ONLY}
10-30 11:11:26.931    1751-1751/? V/ActivityManager﹕ Display changed displayId=5
10-30 11:11:26.961    9232-9232/? V/WearReceiverService﹕ Connected to Google Api Service
10-30 11:11:26.961    9232-9232/? V/WearReceiverService﹕ pinging phone for data
10-30 11:11:26.991    9232-9232/? V/WearActivity﹕ display changed: 5, new state: 2
10-30 11:11:26.991    9232-9232/? V/WearActivity﹕ onDisplayChanged: on!
10-30 11:11:26.991    9232-9232/? V/WearActivity﹕ killing alarms
10-30 11:11:27.001    9232-9232/? V/WearActivity﹕ startHelper: putting it all back together again
10-30 11:11:27.001    9232-9232/? V/WearActivity﹕ initAlarm: setting up
10-30 11:11:27.011    9232-9232/? I/ClockFace﹕ Ambient mode: false
10-30 11:11:27.011    9232-9232/? V/MyViewAnim﹕ resumeMaxHertz
10-30 11:11:27.011    9232-9232/? V/ClockFace﹕ clearing caches
10-30 11:11:27.011    9232-9232/? V/MyViewAnim﹕ starting new animator
10-30 11:11:27.011    9232-9232/? V/MyViewAnim﹕ Time listener is up!
10-30 11:11:27.011    9232-9232/? V/MyViewAnim﹕ starting new draw thread
10-30 11:11:27.061    9232-9248/? V/ClockFace﹕ rendering new face, faceMode(0)
10-30 11:11:27.191    6684-6684/? D/WearApiHelper﹕ sendMessage: /SYNC_NEEDED
10-30 11:11:27.191    6684-6684/? D/WearApiHelper﹕ Already connected. Sending message: /SYNC_NEEDED
10-30 11:11:27.191    1869-1869/? D/GridViewPager﹕ Populate in layout
10-30 11:11:27.241    9232-9247/? V/WearReceiverService﹕ Sending to node: e12e6647-0917-4594-a0b8-f42d78390f6d
10-30 11:11:27.271    9232-9248/? V/ClockFace﹕ fetching new battery status (1)
10-30 11:11:27.271    9232-9248/? V/ClockFace﹕ battery at 0.81
10-30 11:11:27.321    9232-9247/? V/WearReceiverService﹕ ping delivered!
10-30 11:11:27.531    1418-1802/? D/mot_vr_audio_hw﹕ dsp_recognizer_enabled = false
10-30 11:11:27.531    1411-1411/? D/ADSPD﹕ Client cmd=0x0003, size=4
10-30 11:11:27.571    1411-1411/? D/ADSPD﹕ Received from DSP: cmd=0x8003, size=2
10-30 11:11:27.571    1418-2008/? D/mot_vr_audio_hw﹕ received recognition control callback, status 0
10-30 11:11:27.571    1411-1411/? D/ADSPD﹕ Client cmd=0x0003, size=4
10-30 11:11:27.571    1418-9228/? D/mot_vr_audio_hw﹕ Switching DSP to standby/passthrough mode
10-30 11:11:27.571    1418-9228/? D/mot_vr_audio_hw﹕ Input 0xb72c5220 ready to read
10-30 11:11:27.581    1411-1411/? D/ADSPD﹕ Received from DSP: cmd=0x8003, size=2
10-30 11:11:27.581    1418-2008/? D/mot_vr_audio_hw﹕ received recognition control callback, status 0
10-30 11:11:27.621    1418-9228/? W/mot_vr_audio_hw﹕ Discarded 10 buffers without finding audio data
10-30 11:11:27.671    9232-9244/? V/WearReceiverService﹕ message received!
10-30 11:11:27.691    1869-1869/? W/PropertyValuesHolder﹕ Method getClipProgressAnim() with type float not found on target class class com.google.android.clockwork.home.cuecard.VoicePlateFragment
10-30 11:11:27.701    9232-9244/? V/ClockFace﹕ clearing caches
10-30 11:11:27.701    9232-9244/? V/ClockState﹕ clipping 10 raw events to fit the screen
10-30 11:11:27.801    1899-8609/? D/dalvikvm﹕ GC_FOR_ALLOC freed 292K, 29% free 2305K/3204K, paused 38ms, total 48ms
10-30 11:11:27.821    9232-9244/? V/EventLayoutUniform﹕ Event layout success.
10-30 11:11:27.821    9232-9244/? V/EventLayoutUniform﹕ Event layout time: 115.905762 ms
10-30 11:11:27.821    9232-9244/? V/ClockState﹕ maxLevel for new events: 10000
10-30 11:11:27.821    9232-9244/? V/ClockState﹕ number of new events: 6
10-30 11:11:27.821    9232-9244/? V/MyViewAnim﹕ update from ClockState
10-30 11:11:27.821    9232-9244/? V/MyViewAnim﹕ draw thread desired: true
10-30 11:11:27.821    9232-9244/? V/ClockState﹕ new calendar event list, 10 entries
10-30 11:11:27.821    9232-9244/? V/ClockFace﹕ clearing caches
10-30 11:11:27.821    9232-9244/? V/MyViewAnim﹕ update from ClockState
10-30 11:11:27.821    9232-9244/? V/MyViewAnim﹕ draw thread desired: true
10-30 11:11:27.821    9232-9244/? V/ClockState﹕ event update complete
10-30 11:11:27.821    9232-9244/? V/WearReceiverService﹕ savePreferences
10-30 11:11:27.862    9232-9234/? D/dalvikvm﹕ GC_CONCURRENT freed 339K, 21% free 2137K/2684K, paused 5ms+2ms, total 45ms
10-30 11:11:27.872    9232-9248/? V/ClockFace﹕ rendering new face, faceMode(0)
10-30 11:11:27.882    9232-9248/? V/ClockFace﹕ fetching new battery status (8)
10-30 11:11:27.882    9232-9248/? V/ClockFace﹕ battery at 0.81
10-30 11:11:28.582    1751-1820/? D/LightsService﹕ Excessive delay setting light: 63ms
10-30 11:11:28.642    1899-2036/? D/dalvikvm﹕ GC_FOR_ALLOC freed 283K, 28% free 2308K/3204K, paused 38ms, total 56ms
10-30 11:11:28.762    1411-1411/? D/ADSPD﹕ Client cmd=0x0003, size=4
10-30 11:11:28.762    1418-9228/? D/mot_vr_audio_hw﹕ Re-arming DSP
10-30 11:11:28.762    1418-9228/? D/mot_vr_audio_hw﹕ Input 0xb72c5220 standby complete
10-30 11:11:28.772    1411-1411/? D/ADSPD﹕ Received from DSP: cmd=0x8003, size=2
10-30 11:11:28.772    1418-2008/? D/mot_vr_audio_hw﹕ received recognition control callback, status 0
10-30 11:11:28.802    1751-1820/? D/LightsService﹕ Excessive delay setting light: 51ms
10-30 11:11:28.822    1411-1411/? D/ADSPD﹕ Client cmd=0x4003, size=2
10-30 11:11:28.822    1418-1524/? D/mot_vr_audio_hw﹕ Input 0xb72c5220 close complete
10-30 11:11:29.033    1418-2545/? D/mot_vr_audio_hw﹕ dsp_recognizer_enabled = true
10-30 11:11:29.033    1411-1411/? D/ADSPD﹕ Client cmd=0x0003, size=4
10-30 11:11:29.033    1418-1418/? D/mot_vr_audio_hw﹕ open_input_stream(): devices = 0x80000004, rate = 8000, channels = 0x10
10-30 11:11:29.033    1418-1418/? D/mot_vr_audio_hw﹕ Created resampler for 16000->8000 Hz
10-30 11:11:29.043    1411-1411/? D/ADSPD﹕ Received from DSP: cmd=0x8003, size=2
10-30 11:11:29.043    1411-1411/? D/ADSPD﹕ Client cmd=0x4003, size=2
10-30 11:11:29.043    1418-2008/? D/mot_vr_audio_hw﹕ received recognition control callback, status 0
10-30 11:11:29.053    1418-9249/? D/mot_vr_audio_hw﹕ in_read waiting for hotword
10-30 11:11:29.363    1899-8609/? D/dalvikvm﹕ GC_FOR_ALLOC freed 269K, 29% free 2280K/3204K, paused 65ms, total 66ms
10-30 11:11:29.893    1899-8609/? D/dalvikvm﹕ GC_FOR_ALLOC freed 245K, 30% free 2266K/3204K, paused 79ms, total 79ms
10-30 11:11:32.486    2100-2139/? W/bt-btif﹕ dm_pm_timer expires
10-30 11:11:32.486    2100-2139/? W/bt-btif﹕ dm_pm_timer expires 0
10-30 11:11:32.486    2100-2139/? W/bt-btif﹕ proc dm_pm_timer expires
10-30 11:11:38.752    1751-1781/? I/PowerManagerService﹕ Going to sleep due to screen timeout...
10-30 11:11:38.762    9232-9232/? V/WearActivity﹕ Pause!
10-30 11:11:38.772    1751-1781/? I/PowerManagerService﹕ Dozing...
10-30 11:11:38.772    1751-1774/? I/DreamController﹕ Starting dream: name=ComponentInfo{com.google.android.wearable.app/com.google.android.clockwork.home.AmbientMode}, isTest=false, canDoze=true, userId=0
10-30 11:11:38.792    9232-9232/? V/WearActivity﹕ Stop!
10-30 11:11:38.792    1751-1751/? W/InputMethodManagerService﹕ Ignoring setImeWindowStatus of uid 1000 token: null
10-30 11:11:38.802    1418-3106/? D/mot_vr_audio_hw﹕ dsp_recognizer_enabled = false
10-30 11:11:38.802    1411-1411/? D/ADSPD﹕ Client cmd=0x0003, size=4
10-30 11:11:38.802    1418-9249/? D/mot_vr_audio_hw﹕ Switching DSP to standby/passthrough mode
10-30 11:11:38.802    1418-9249/? D/mot_vr_audio_hw﹕ Input 0xb72c5220 ready to read
10-30 11:11:38.812    1411-1411/? D/ADSPD﹕ Received from DSP: cmd=0x8003, size=2
10-30 11:11:38.812    1411-1411/? D/ADSPD﹕ Client cmd=0x0003, size=4
10-30 11:11:38.812    1418-2008/? D/mot_vr_audio_hw﹕ received recognition control callback, status 0
10-30 11:11:38.822    1411-1411/? D/ADSPD﹕ Received from DSP: cmd=0x8003, size=2
10-30 11:11:38.822    1418-2008/? D/mot_vr_audio_hw﹕ received recognition control callback, status 0
10-30 11:11:38.852    1418-9249/? W/mot_vr_audio_hw﹕ Discarded 10 buffers without finding audio data
10-30 11:11:38.862    1411-1411/? D/ADSPD﹕ Client cmd=0x0003, size=4
10-30 11:11:38.862    1418-9249/? D/mot_vr_audio_hw﹕ Re-arming DSP
10-30 11:11:38.862    1418-9249/? D/mot_vr_audio_hw﹕ Input 0xb72c5220 standby complete
10-30 11:11:38.882    1411-1411/? D/ADSPD﹕ Received from DSP: cmd=0x8003, size=2
10-30 11:11:38.882    1418-2008/? D/mot_vr_audio_hw﹕ received recognition control callback, status 0
10-30 11:11:38.882    1411-1411/? D/ADSPD﹕ Client cmd=0x4003, size=2
10-30 11:11:38.882    1418-5530/? D/mot_vr_audio_hw﹕ Input 0xb72c5220 close complete
10-30 11:11:38.952    1899-2036/? D/dalvikvm﹕ GC_FOR_ALLOC freed 286K, 31% free 2228K/3204K, paused 49ms, total 68ms
10-30 11:11:38.992    1751-1897/? I/ActivityManager﹕ START u0 {act=android.intent.action.MAIN cat=[android.intent.category.HOME] flg=0x10000000 cmp=com.google.android.wearable.app/com.google.android.clockwork.home.HomeActivity (has extras)} from pid 1869 on display 0
10-30 11:11:39.002    1751-1774/? I/DreamController﹕ Stopping dream: name=ComponentInfo{com.google.android.wearable.app/com.google.android.clockwork.home.AmbientMode}, isTest=false, canDoze=true, userId=0
10-30 11:11:39.012    1751-1781/? I/PowerManagerService﹕ Sleeping...
10-30 11:11:39.062    1869-1869/? I/AmbientMode﹕ Ambient mode started: canDoze=true, dozeHardware=null
10-30 11:11:39.062    1418-1802/? D/mot_vr_audio_hw﹕ dsp_recognizer_enabled = true
10-30 11:11:39.062    1411-1411/? D/ADSPD﹕ Client cmd=0x0003, size=4
10-30 11:11:39.062    1418-1524/? D/mot_vr_audio_hw﹕ open_input_stream(): devices = 0x80000004, rate = 8000, channels = 0x10
10-30 11:11:39.062    1418-1524/? D/mot_vr_audio_hw﹕ Created resampler for 16000->8000 Hz
10-30 11:11:39.062    1751-1762/? I/ActivityManager﹕ Activity reported stop, but no longer stopping: ActivityRecord{adde18b8 u0 com.google.android.wearable.app/com.google.android.clockwork.home.HomeActivity t1}
10-30 11:11:39.072    1411-1411/? D/ADSPD﹕ Received from DSP: cmd=0x8003, size=2
10-30 11:11:39.072    1411-1411/? D/ADSPD﹕ Client cmd=0x4003, size=2
10-30 11:11:39.072    1418-2008/? D/mot_vr_audio_hw﹕ received recognition control callback, status 0
10-30 11:11:39.092    1418-9251/? D/mot_vr_audio_hw﹕ in_read waiting for hotword
10-30 11:11:39.102    1418-1418/? D/mot_vr_audio_hw﹕ dsp_recognizer_enabled = false
10-30 11:11:39.102    1411-1411/? D/ADSPD﹕ Client cmd=0x0003, size=4
10-30 11:11:39.102    1418-9251/? D/mot_vr_audio_hw﹕ Switching DSP to standby/passthrough mode
10-30 11:11:39.102    1418-9251/? D/mot_vr_audio_hw﹕ Input 0xb72c5220 ready to read
10-30 11:11:39.112    1411-1411/? D/ADSPD﹕ Received from DSP: cmd=0x8003, size=2
10-30 11:11:39.112    1411-1411/? D/ADSPD﹕ Client cmd=0x0003, size=4
10-30 11:11:39.112    1418-2008/? D/mot_vr_audio_hw﹕ received recognition control callback, status 0
10-30 11:11:39.122    1411-1411/? D/ADSPD﹕ Received from DSP: cmd=0x8003, size=2
10-30 11:11:39.122    1418-2008/? D/mot_vr_audio_hw﹕ received recognition control callback, status 0
10-30 11:11:39.153    1418-9251/? W/mot_vr_audio_hw﹕ Discarded 10 buffers without finding audio data
10-30 11:11:39.163    1411-1411/? D/ADSPD﹕ Client cmd=0x0003, size=4
10-30 11:11:39.163    1418-9251/? D/mot_vr_audio_hw﹕ Re-arming DSP
10-30 11:11:39.163    1418-9251/? D/mot_vr_audio_hw﹕ Input 0xb72c5220 standby complete
10-30 11:11:39.173    1411-1411/? D/ADSPD﹕ Received from DSP: cmd=0x8003, size=2
10-30 11:11:39.173    1418-2008/? D/mot_vr_audio_hw﹕ received recognition control callback, status 0
10-30 11:11:39.183    1411-1411/? D/ADSPD﹕ Client cmd=0x4003, size=2
10-30 11:11:39.183    1418-3106/? D/mot_vr_audio_hw﹕ Input 0xb72c5220 close complete
10-30 11:11:39.193    1869-1869/? I/AmbientMode﹕ Dream ended: isDozing=true
10-30 11:11:39.673    1751-1820/? D/LightsService﹕ Excessive delay setting light: 92ms
10-30 11:11:39.673    1416-1416/? D/SurfaceFlinger﹕ Screen released, type=0 flinger=0xb7009448
10-30 11:11:39.853    1416-1416/? D/hwcomposer﹕ hwc_blank(0: 1)
10-30 11:11:39.853    1751-1820/? D/SurfaceControl﹕ Excessive delay in blankDisplay() while turning screen off: 174ms
10-30 11:11:39.873    1751-1777/? I/DisplayManagerService﹕ Display device changed: DisplayDeviceInfo{"Built-in Screen": 320 x 290, 45.000004 fps, density 213, 203.2 x 204.61111 dpi, touch INTERNAL, rotation 0, type BUILT_IN, state OFF, FLAG_DEFAULT_DISPLAY, FLAG_ROTATES_WITH_CONTENT, FLAG_SECURE, FLAG_SUPPORTS_PROTECTED_BUFFERS}
10-30 11:11:39.873    1751-1751/? V/ActivityManager﹕ Display changed displayId=0
10-30 11:11:39.893    9232-9232/? V/WearActivity﹕ display changed: 0, new state: 1
10-30 11:11:39.893    9232-9232/? I/TimeWrapper﹕ FPS: 33.98143, samples: 429
10-30 11:11:39.893    9232-9232/? I/TimeWrapper﹕ Min/Avg/Max frame render speed (ms): 7.080078 / 11.028156 / 70.46509
10-30 11:11:39.893    9232-9232/? I/TimeWrapper﹕ Waketime: 37.475254%
10-30 11:11:39.893    9232-9232/? I/TimeWrapper﹕ Skipped frames: 3
10-30 11:11:39.893    9232-9232/? V/WearActivity﹕ onDisplayChanged: off!
10-30 11:11:39.893    9232-9232/? V/WearActivity﹕ stopHelper: shutting things down
10-30 11:11:39.923    1751-1781/? D/MinnowPowerHAL﹕ power_set_interactive: 0
10-30 11:11:39.923    1751-1781/? D/MinnowPowerHAL﹕ sysfs_write: /sys/devices/platform/omapdss/display0/interactivemode 0
10-30 11:11:39.923    1751-1781/? D/MinnowPowerHAL﹕ sysfs_write: /sys/devices/ocp.2/i2c.6/i2c-0/0-004a/interactivemode 0
10-30 11:11:39.923    1751-1781/? D/MinnowPowerHAL﹕ sysfs_write: /sys/class/leds/lcd-backlight/interactive 0
10-30 11:11:39.923    1751-1781/? D/mot_vr_audio_hw﹕ dsp_set_pm_state = off
10-30 11:11:39.923    1411-1411/? D/ADSPD﹕ Client cmd=0x4002, size=2
10-30 11:11:39.923    1411-1411/? D/ADSPD﹕ DSP_CMD_DAEMON_SET_PM_STATE : 0
10-30 11:11:39.933    9232-9232/? V/MyViewAnim﹕ stopping animation!
10-30 11:11:39.933    9232-9232/? V/MyViewAnim﹕ killDrawThread
10-30 11:11:39.933    9232-9232/? V/WearActivity﹕ killing alarms
10-30 11:11:39.943    9232-9232/? I/ClockFace﹕ Ambient mode: false
10-30 11:11:39.943    9232-9248/? V/MyViewAnim﹕ looper finished!
10-30 11:11:40.003    6684-6684/? D/WearApiHelper﹕ sendMessage: /SYNC_NEEDED
10-30 11:11:40.003    6684-6684/? D/WearApiHelper﹕ Already connected. Sending message: /SYNC_NEEDED
10-30 11:11:40.103    6684-9253/? D/dalvikvm﹕ GC_FOR_ALLOC freed 97K, 7% free 29432K/31392K, paused 21ms, total 22ms
10-30 11:11:40.534    1899-8609/? D/dalvikvm﹕ GC_FOR_ALLOC freed 325K, 30% free 2246K/3204K, paused 90ms, total 94ms
10-30 11:11:43.697    2100-2139/? W/bt-btif﹕ dm_pm_timer expires
10-30 11:11:43.697    2100-2139/? W/bt-btif﹕ dm_pm_timer expires 0
10-30 11:11:43.697    2100-2139/? W/bt-btif﹕ proc dm_pm_timer expires
10-30 11:12:36.585    1751-1768/? D/SensorHALGestureSensor﹕ Gesture event received! time = 1414685556597992666
