10-30 05:46:00.624    1751-1795/? D/ConnectivityService﹕ Sampling interval elapsed, updating statistics ..
10-30 05:46:00.634    1751-1795/? D/ConnectivityService﹕ Done.
10-30 05:46:00.634    1751-1795/? D/ConnectivityService﹕ Setting timer for 720seconds
10-30 05:46:00.764    1751-5368/? I/ActivityManager﹕ Delay finish: com.google.android.gms/.fitness.wearables.WearableSyncServiceReceiver
10-30 05:46:00.824    1751-1917/? I/ActivityManager﹕ Resuming delayed broadcast
10-30 05:46:00.954    1751-1801/? I/ActivityManager﹕ START u0 {act=android.intent.action.MAIN cat=[android.intent.category.DESK_DOCK] flg=0x10000000 cmp=com.motorola.targetnotif/com.motorola.loop.ChargeActivity (has extras)} from pid 1869 on display 0
10-30 05:47:00.664    1751-1761/? I/ActivityManager﹕ START u0 {act=android.intent.action.MAIN cat=[android.intent.category.DESK_DOCK] flg=0x10000000 cmp=com.motorola.targetnotif/com.motorola.loop.ChargeActivity (has extras)} from pid 1869 on display 0
10-30 05:48:00.854    1751-2279/? I/ActivityManager﹕ START u0 {act=android.intent.action.MAIN cat=[android.intent.category.DESK_DOCK] flg=0x10000000 cmp=com.motorola.targetnotif/com.motorola.loop.ChargeActivity (has extras)} from pid 1869 on display 0
10-30 05:49:00.112    1751-1930/? I/ActivityManager﹕ START u0 {act=android.intent.action.MAIN cat=[android.intent.category.DESK_DOCK] flg=0x10000000 cmp=com.motorola.targetnotif/com.motorola.loop.ChargeActivity (has extras)} from pid 1869 on display 0
10-30 05:49:00.633    1751-1771/? W/ActivityManager﹕ Activity pause timeout for ActivityRecord{adf26f88 u0 com.motorola.targetnotif/com.motorola.loop.ChargeActivity t10}
10-30 05:50:00.201    1751-1801/? I/ActivityManager﹕ START u0 {act=android.intent.action.MAIN cat=[android.intent.category.DESK_DOCK] flg=0x10000000 cmp=com.motorola.targetnotif/com.motorola.loop.ChargeActivity (has extras)} from pid 1869 on display 0
10-30 05:50:01.532    1751-1777/? I/DisplayManagerService﹕ Display device changed: DisplayDeviceInfo{"ActivityViewVirtualDisplay": 320 x 320, 60.0 fps, density 213, 213.0 x 213.0 dpi, touch NONE, rotation 0, type VIRTUAL, state ON, owner android (uid 1000), FLAG_OWN_CONTENT_ONLY}
10-30 05:50:01.532    1751-1751/? V/ActivityManager﹕ Display changed displayId=3
10-30 05:50:01.902    1751-1777/? I/DisplayManagerService﹕ Display device changed: DisplayDeviceInfo{"ActivityViewVirtualDisplay": 320 x 320, 60.0 fps, density 213, 213.0 x 213.0 dpi, touch NONE, rotation 0, type VIRTUAL, state OFF, owner android (uid 1000), FLAG_OWN_CONTENT_ONLY}
10-30 05:50:01.923    1751-1751/? V/ActivityManager﹕ Display changed displayId=3
10-30 05:51:00.119    1751-1897/? I/ActivityManager﹕ Delay finish: com.google.android.gms/.checkin.EventLogService$Receiver
10-30 05:51:00.319    1751-2313/? I/ActivityManager﹕ Resuming delayed broadcast
10-30 05:51:01.050    1751-1917/? I/ActivityManager﹕ START u0 {act=android.intent.action.MAIN cat=[android.intent.category.DESK_DOCK] flg=0x10000000 cmp=com.motorola.targetnotif/com.motorola.loop.ChargeActivity (has extras)} from pid 1869 on display 0
10-30 05:51:02.412    1751-1777/? I/DisplayManagerService﹕ Display device changed: DisplayDeviceInfo{"ActivityViewVirtualDisplay": 320 x 320, 60.0 fps, density 213, 213.0 x 213.0 dpi, touch NONE, rotation 0, type VIRTUAL, state ON, owner android (uid 1000), FLAG_OWN_CONTENT_ONLY}
10-30 05:51:02.412    1751-1751/? V/ActivityManager﹕ Display changed displayId=3
10-30 05:51:02.922    1751-1777/? I/DisplayManagerService﹕ Display device changed: DisplayDeviceInfo{"ActivityViewVirtualDisplay": 320 x 320, 60.0 fps, density 213, 213.0 x 213.0 dpi, touch NONE, rotation 0, type VIRTUAL, state OFF, owner android (uid 1000), FLAG_OWN_CONTENT_ONLY}
10-30 05:51:02.942    1751-1751/? V/ActivityManager﹕ Display changed displayId=3
10-30 05:52:01.039    1751-5368/? I/ActivityManager﹕ START u0 {act=android.intent.action.MAIN cat=[android.intent.category.DESK_DOCK] flg=0x10000000 cmp=com.motorola.targetnotif/com.motorola.loop.ChargeActivity (has extras)} from pid 1869 on display 0
10-30 05:53:00.605    1751-1777/? I/DisplayManagerService﹕ Display device changed: DisplayDeviceInfo{"ActivityViewVirtualDisplay": 320 x 320, 60.0 fps, density 213, 213.0 x 213.0 dpi, touch NONE, rotation 0, type VIRTUAL, state ON, owner android (uid 1000), FLAG_OWN_CONTENT_ONLY}
10-30 05:53:00.605    1751-1751/? V/ActivityManager﹕ Display changed displayId=3
10-30 05:53:00.715    1751-1897/? I/ActivityManager﹕ START u0 {act=android.intent.action.MAIN cat=[android.intent.category.DESK_DOCK] flg=0x10000000 cmp=com.motorola.targetnotif/com.motorola.loop.ChargeActivity (has extras)} from pid 1869 on display 0
10-30 05:53:01.236    1751-1771/? W/ActivityManager﹕ Activity pause timeout for ActivityRecord{adf26f88 u0 com.motorola.targetnotif/com.motorola.loop.ChargeActivity t10}
10-30 05:53:01.576    1751-1777/? W/WindowManager﹕ Window freeze timeout expired.
10-30 05:53:01.576    1751-1777/? W/WindowManager﹕ Force clearing orientation change: Window{adeb3a78 u0 com.google.android.wearable.app/com.google.android.clockwork.home.HomeActivity}
10-30 05:53:01.856    1751-1777/? I/DisplayManagerService﹕ Display device changed: DisplayDeviceInfo{"ActivityViewVirtualDisplay": 320 x 320, 60.0 fps, density 213, 213.0 x 213.0 dpi, touch NONE, rotation 0, type VIRTUAL, state OFF, owner android (uid 1000), FLAG_OWN_CONTENT_ONLY}
10-30 05:53:01.856    1751-1751/? V/ActivityManager﹕ Display changed displayId=3
10-30 05:54:00.715    1751-1761/? I/ActivityManager﹕ START u0 {act=android.intent.action.MAIN cat=[android.intent.category.DESK_DOCK] flg=0x10000000 cmp=com.motorola.targetnotif/com.motorola.loop.ChargeActivity (has extras)} from pid 1869 on display 0
10-30 05:54:00.898    1751-1777/? I/DisplayManagerService﹕ Display device changed: DisplayDeviceInfo{"ActivityViewVirtualDisplay": 320 x 320, 60.0 fps, density 213, 213.0 x 213.0 dpi, touch NONE, rotation 0, type VIRTUAL, state ON, owner android (uid 1000), FLAG_OWN_CONTENT_ONLY}
10-30 05:54:00.898    1751-1751/? V/ActivityManager﹕ Display changed displayId=3
10-30 05:54:01.018    1751-1777/? I/DisplayManagerService﹕ Display device changed: DisplayDeviceInfo{"ActivityViewVirtualDisplay": 320 x 320, 60.0 fps, density 213, 213.0 x 213.0 dpi, touch NONE, rotation 0, type VIRTUAL, state OFF, owner android (uid 1000), FLAG_OWN_CONTENT_ONLY}
10-30 05:54:01.018    1751-1751/? V/ActivityManager﹕ Display changed displayId=3
10-30 05:55:00.654    1751-5368/? I/ActivityManager﹕ START u0 {act=android.intent.action.MAIN cat=[android.intent.category.DESK_DOCK] flg=0x10000000 cmp=com.motorola.targetnotif/com.motorola.loop.ChargeActivity (has extras)} from pid 1869 on display 0
10-30 05:56:00.854    1751-2279/? I/ActivityManager﹕ START u0 {act=android.intent.action.MAIN cat=[android.intent.category.DESK_DOCK] flg=0x10000000 cmp=com.motorola.targetnotif/com.motorola.loop.ChargeActivity (has extras)} from pid 1869 on display 0
10-30 05:57:00.115    1751-1917/? I/ActivityManager﹕ START u0 {act=android.intent.action.MAIN cat=[android.intent.category.DESK_DOCK] flg=0x10000000 cmp=com.motorola.targetnotif/com.motorola.loop.ChargeActivity (has extras)} from pid 1869 on display 0
10-30 05:58:00.954    1751-2279/? I/ActivityManager﹕ START u0 {act=android.intent.action.MAIN cat=[android.intent.category.DESK_DOCK] flg=0x10000000 cmp=com.motorola.targetnotif/com.motorola.loop.ChargeActivity (has extras)} from pid 1869 on display 0
10-30 05:59:00.664    1751-2313/? I/ActivityManager﹕ START u0 {act=android.intent.action.MAIN cat=[android.intent.category.DESK_DOCK] flg=0x10000000 cmp=com.motorola.targetnotif/com.motorola.loop.ChargeActivity (has extras)} from pid 1869 on display 0
10-30 06:00:00.644    1751-2313/? I/ActivityManager﹕ START u0 {act=android.intent.action.MAIN cat=[android.intent.category.DESK_DOCK] flg=0x10000000 cmp=com.motorola.targetnotif/com.motorola.loop.ChargeActivity (has extras)} from pid 1869 on display 0
10-30 06:00:16.624    1751-1795/? D/ConnectivityService﹕ Sampling interval elapsed, updating statistics ..
10-30 06:00:16.624    1751-1795/? D/ConnectivityService﹕ Done.
10-30 06:00:16.624    1751-1795/? D/ConnectivityService﹕ Setting timer for 720seconds
10-30 06:00:16.674    1751-5368/? I/ActivityManager﹕ Delay finish: com.google.android.gms/.fitness.wearables.WearableSyncServiceReceiver
10-30 06:00:16.714    1751-2313/? I/ActivityManager﹕ Resuming delayed broadcast
10-30 06:01:00.684    1751-1761/? I/ActivityManager﹕ START u0 {act=android.intent.action.MAIN cat=[android.intent.category.DESK_DOCK] flg=0x10000000 cmp=com.motorola.targetnotif/com.motorola.loop.ChargeActivity (has extras)} from pid 1869 on display 0
10-30 06:01:00.884    1751-1777/? I/DisplayManagerService﹕ Display device changed: DisplayDeviceInfo{"ActivityViewVirtualDisplay": 320 x 320, 60.0 fps, density 213, 213.0 x 213.0 dpi, touch NONE, rotation 0, type VIRTUAL, state ON, owner android (uid 1000), FLAG_OWN_CONTENT_ONLY}
10-30 06:01:00.894    1751-1751/? V/ActivityManager﹕ Display changed displayId=3
10-30 06:01:01.005    1751-1777/? I/DisplayManagerService﹕ Display device changed: DisplayDeviceInfo{"ActivityViewVirtualDisplay": 320 x 320, 60.0 fps, density 213, 213.0 x 213.0 dpi, touch NONE, rotation 0, type VIRTUAL, state OFF, owner android (uid 1000), FLAG_OWN_CONTENT_ONLY}
10-30 06:01:01.005    1751-1751/? V/ActivityManager﹕ Display changed displayId=3
10-30 06:02:00.904    1751-5368/? I/ActivityManager﹕ START u0 {act=android.intent.action.MAIN cat=[android.intent.category.DESK_DOCK] flg=0x10000000 cmp=com.motorola.targetnotif/com.motorola.loop.ChargeActivity (has extras)} from pid 1869 on display 0
10-30 06:03:00.654    1751-1930/? I/ActivityManager﹕ START u0 {act=android.intent.action.MAIN cat=[android.intent.category.DESK_DOCK] flg=0x10000000 cmp=com.motorola.targetnotif/com.motorola.loop.ChargeActivity (has extras)} from pid 1869 on display 0
10-30 06:04:00.874    1751-5368/? I/ActivityManager﹕ START u0 {act=android.intent.action.MAIN cat=[android.intent.category.DESK_DOCK] flg=0x10000000 cmp=com.motorola.targetnotif/com.motorola.loop.ChargeActivity (has extras)} from pid 1869 on display 0
10-30 06:05:00.654    1751-1897/? I/ActivityManager﹕ START u0 {act=android.intent.action.MAIN cat=[android.intent.category.DESK_DOCK] flg=0x10000000 cmp=com.motorola.targetnotif/com.motorola.loop.ChargeActivity (has extras)} from pid 1869 on display 0
10-30 06:06:00.252    1751-2313/? I/ActivityManager﹕ START u0 {act=android.intent.action.MAIN cat=[android.intent.category.DESK_DOCK] flg=0x10000000 cmp=com.motorola.targetnotif/com.motorola.loop.ChargeActivity (has extras)} from pid 1869 on display 0
10-30 06:06:00.793    1751-1771/? W/ActivityManager﹕ Activity pause timeout for ActivityRecord{adf26f88 u0 com.motorola.targetnotif/com.motorola.loop.ChargeActivity t10}
10-30 06:07:00.511    1751-2313/? I/ActivityManager﹕ START u0 {act=android.intent.action.MAIN cat=[android.intent.category.DESK_DOCK] flg=0x10000000 cmp=com.motorola.targetnotif/com.motorola.loop.ChargeActivity (has extras)} from pid 1869 on display 0
10-30 06:07:01.032    1751-1771/? W/ActivityManager﹕ Activity pause timeout for ActivityRecord{adf26f88 u0 com.motorola.targetnotif/com.motorola.loop.ChargeActivity t10}
10-30 06:08:01.040    1751-1762/? I/ActivityManager﹕ START u0 {act=android.intent.action.MAIN cat=[android.intent.category.DESK_DOCK] flg=0x10000000 cmp=com.motorola.targetnotif/com.motorola.loop.ChargeActivity (has extras)} from pid 1869 on display 0
10-30 06:08:01.571    1751-1771/? W/ActivityManager﹕ Activity pause timeout for ActivityRecord{adf26f88 u0 com.motorola.targetnotif/com.motorola.loop.ChargeActivity t10}
10-30 06:09:00.428    1751-1761/? I/ActivityManager﹕ START u0 {act=android.intent.action.MAIN cat=[android.intent.category.DESK_DOCK] flg=0x10000000 cmp=com.motorola.targetnotif/com.motorola.loop.ChargeActivity (has extras)} from pid 1869 on display 0
10-30 06:09:00.959    1751-1771/? W/ActivityManager﹕ Activity pause timeout for ActivityRecord{adf26f88 u0 com.motorola.targetnotif/com.motorola.loop.ChargeActivity t10}
10-30 06:10:01.615    1751-1777/? I/DisplayManagerService﹕ Display device changed: DisplayDeviceInfo{"ActivityViewVirtualDisplay": 320 x 320, 60.0 fps, density 213, 213.0 x 213.0 dpi, touch NONE, rotation 0, type VIRTUAL, state ON, owner android (uid 1000), FLAG_OWN_CONTENT_ONLY}
10-30 06:10:01.615    1751-1751/? V/ActivityManager﹕ Display changed displayId=3
10-30 06:10:01.675    1751-5368/? I/ActivityManager﹕ START u0 {act=android.intent.action.MAIN cat=[android.intent.category.DESK_DOCK] flg=0x10000000 cmp=com.motorola.targetnotif/com.motorola.loop.ChargeActivity (has extras)} from pid 1869 on display 0
10-30 06:10:01.805    1751-1777/? I/DisplayManagerService﹕ Display device changed: DisplayDeviceInfo{"ActivityViewVirtualDisplay": 320 x 320, 60.0 fps, density 213, 213.0 x 213.0 dpi, touch NONE, rotation 0, type VIRTUAL, state OFF, owner android (uid 1000), FLAG_OWN_CONTENT_ONLY}
10-30 06:10:01.805    1751-1751/? V/ActivityManager﹕ Display changed displayId=3
10-30 06:11:00.116    1751-1917/? I/ActivityManager﹕ START u0 {act=android.intent.action.MAIN cat=[android.intent.category.DESK_DOCK] flg=0x10000000 cmp=com.motorola.targetnotif/com.motorola.loop.ChargeActivity (has extras)} from pid 1869 on display 0
10-30 06:12:00.644    1751-1762/? I/ActivityManager﹕ START u0 {act=android.intent.action.MAIN cat=[android.intent.category.DESK_DOCK] flg=0x10000000 cmp=com.motorola.targetnotif/com.motorola.loop.ChargeActivity (has extras)} from pid 1869 on display 0
10-30 06:12:19.644    1751-1795/? D/ConnectivityService﹕ Sampling interval elapsed, updating statistics ..
10-30 06:12:19.674    1751-1795/? D/ConnectivityService﹕ Done.
10-30 06:12:19.674    1751-1795/? D/ConnectivityService﹕ Setting timer for 720seconds
10-30 06:13:00.664    1751-5368/? I/ActivityManager﹕ START u0 {act=android.intent.action.MAIN cat=[android.intent.category.DESK_DOCK] flg=0x10000000 cmp=com.motorola.targetnotif/com.motorola.loop.ChargeActivity (has extras)} from pid 1869 on display 0
10-30 06:14:00.844    1751-5368/? I/ActivityManager﹕ START u0 {act=android.intent.action.MAIN cat=[android.intent.category.DESK_DOCK] flg=0x10000000 cmp=com.motorola.targetnotif/com.motorola.loop.ChargeActivity (has extras)} from pid 1869 on display 0
10-30 06:15:00.654    1751-1762/? I/ActivityManager﹕ START u0 {act=android.intent.action.MAIN cat=[android.intent.category.DESK_DOCK] flg=0x10000000 cmp=com.motorola.targetnotif/com.motorola.loop.ChargeActivity (has extras)} from pid 1869 on display 0
10-30 06:16:00.874    1751-1930/? I/ActivityManager﹕ START u0 {act=android.intent.action.MAIN cat=[android.intent.category.DESK_DOCK] flg=0x10000000 cmp=com.motorola.targetnotif/com.motorola.loop.ChargeActivity (has extras)} from pid 1869 on display 0
10-30 06:17:00.654    1751-5368/? I/ActivityManager﹕ START u0 {act=android.intent.action.MAIN cat=[android.intent.category.DESK_DOCK] flg=0x10000000 cmp=com.motorola.targetnotif/com.motorola.loop.ChargeActivity (has extras)} from pid 1869 on display 0
10-30 06:18:00.874    1751-1897/? I/ActivityManager﹕ START u0 {act=android.intent.action.MAIN cat=[android.intent.category.DESK_DOCK] flg=0x10000000 cmp=com.motorola.targetnotif/com.motorola.loop.ChargeActivity (has extras)} from pid 1869 on display 0
10-30 06:19:00.654    1751-1930/? I/ActivityManager﹕ START u0 {act=android.intent.action.MAIN cat=[android.intent.category.DESK_DOCK] flg=0x10000000 cmp=com.motorola.targetnotif/com.motorola.loop.ChargeActivity (has extras)} from pid 1869 on display 0
10-30 06:20:00.884    1751-5368/? I/ActivityManager﹕ START u0 {act=android.intent.action.MAIN cat=[android.intent.category.DESK_DOCK] flg=0x10000000 cmp=com.motorola.targetnotif/com.motorola.loop.ChargeActivity (has extras)} from pid 1869 on display 0
10-30 06:21:00.112    1751-2279/? I/ActivityManager﹕ START u0 {act=android.intent.action.MAIN cat=[android.intent.category.DESK_DOCK] flg=0x10000000 cmp=com.motorola.targetnotif/com.motorola.loop.ChargeActivity (has extras)} from pid 1869 on display 0
10-30 06:21:01.373    1751-1777/? I/DisplayManagerService﹕ Display device changed: DisplayDeviceInfo{"ActivityViewVirtualDisplay": 320 x 320, 60.0 fps, density 213, 213.0 x 213.0 dpi, touch NONE, rotation 0, type VIRTUAL, state ON, owner android (uid 1000), FLAG_OWN_CONTENT_ONLY}
10-30 06:21:01.373    1751-1751/? V/ActivityManager﹕ Display changed displayId=3
10-30 06:21:01.614    1751-1777/? I/DisplayManagerService﹕ Display device changed: DisplayDeviceInfo{"ActivityViewVirtualDisplay": 320 x 320, 60.0 fps, density 213, 213.0 x 213.0 dpi, touch NONE, rotation 0, type VIRTUAL, state OFF, owner android (uid 1000), FLAG_OWN_CONTENT_ONLY}
10-30 06:21:01.624    1751-1751/? V/ActivityManager﹕ Display changed displayId=3
10-30 06:22:00.151    1751-1801/? I/ActivityManager﹕ Delay finish: com.google.android.gms/.fitness.wearables.WearableSyncServiceReceiver
10-30 06:22:00.181    1751-1930/? I/ActivityManager﹕ Resuming delayed broadcast
10-30 06:22:00.211    1751-1917/? I/ActivityManager﹕ Delay finish: com.google.android.gms/.checkin.EventLogService$Receiver
10-30 06:22:00.361    1751-1897/? I/ActivityManager﹕ Resuming delayed broadcast
10-30 06:22:00.491    1751-1801/? I/ActivityManager﹕ START u0 {act=android.intent.action.MAIN cat=[android.intent.category.DESK_DOCK] flg=0x10000000 cmp=com.motorola.targetnotif/com.motorola.loop.ChargeActivity (has extras)} from pid 1869 on display 0
10-30 06:22:01.012    1751-1771/? W/ActivityManager﹕ Activity pause timeout for ActivityRecord{adf26f88 u0 com.motorola.targetnotif/com.motorola.loop.ChargeActivity t10}
10-30 06:23:00.109    1751-1761/? I/ActivityManager﹕ START u0 {act=android.intent.action.MAIN cat=[android.intent.category.DESK_DOCK] flg=0x10000000 cmp=com.motorola.targetnotif/com.motorola.loop.ChargeActivity (has extras)} from pid 1869 on display 0
10-30 06:23:01.210    1751-1777/? I/DisplayManagerService﹕ Display device changed: DisplayDeviceInfo{"ActivityViewVirtualDisplay": 320 x 320, 60.0 fps, density 213, 213.0 x 213.0 dpi, touch NONE, rotation 0, type VIRTUAL, state ON, owner android (uid 1000), FLAG_OWN_CONTENT_ONLY}
10-30 06:23:01.210    1751-1751/? V/ActivityManager﹕ Display changed displayId=3
10-30 06:23:02.301    1751-1777/? I/DisplayManagerService﹕ Display device changed: DisplayDeviceInfo{"ActivityViewVirtualDisplay": 320 x 320, 60.0 fps, density 213, 213.0 x 213.0 dpi, touch NONE, rotation 0, type VIRTUAL, state OFF, owner android (uid 1000), FLAG_OWN_CONTENT_ONLY}
10-30 06:23:02.311    1751-1751/? V/ActivityManager﹕ Display changed displayId=3
10-30 06:24:00.368    1751-1762/? I/ActivityManager﹕ START u0 {act=android.intent.action.MAIN cat=[android.intent.category.DESK_DOCK] flg=0x10000000 cmp=com.motorola.targetnotif/com.motorola.loop.ChargeActivity (has extras)} from pid 1869 on display 0
10-30 06:24:00.899    1751-1771/? W/ActivityManager﹕ Activity pause timeout for ActivityRecord{adf26f88 u0 com.motorola.targetnotif/com.motorola.loop.ChargeActivity t10}
10-30 06:24:59.814    1751-1777/? I/DisplayManagerService﹕ Display device changed: DisplayDeviceInfo{"ActivityViewVirtualDisplay": 320 x 320, 60.0 fps, density 213, 213.0 x 213.0 dpi, touch NONE, rotation 0, type VIRTUAL, state ON, owner android (uid 1000), FLAG_OWN_CONTENT_ONLY}
10-30 06:24:59.814    1751-1751/? V/ActivityManager﹕ Display changed displayId=3
10-30 06:25:00.095    1751-1795/? D/ConnectivityService﹕ Sampling interval elapsed, updating statistics ..
10-30 06:25:00.125    1751-1795/? D/ConnectivityService﹕ Done.
10-30 06:25:00.125    1751-1795/? D/ConnectivityService﹕ Setting timer for 720seconds
10-30 06:25:00.885    1751-1777/? I/DisplayManagerService﹕ Display device changed: DisplayDeviceInfo{"ActivityViewVirtualDisplay": 320 x 320, 60.0 fps, density 213, 213.0 x 213.0 dpi, touch NONE, rotation 0, type VIRTUAL, state OFF, owner android (uid 1000), FLAG_OWN_CONTENT_ONLY}
10-30 06:25:00.885    1751-1751/? V/ActivityManager﹕ Display changed displayId=3
10-30 06:25:00.955    1751-5368/? I/ActivityManager﹕ START u0 {act=android.intent.action.MAIN cat=[android.intent.category.DESK_DOCK] flg=0x10000000 cmp=com.motorola.targetnotif/com.motorola.loop.ChargeActivity (has extras)} from pid 1869 on display 0
10-30 06:26:00.654    1751-1777/? I/DisplayManagerService﹕ Display device changed: DisplayDeviceInfo{"ActivityViewVirtualDisplay": 320 x 320, 60.0 fps, density 213, 213.0 x 213.0 dpi, touch NONE, rotation 0, type VIRTUAL, state ON, owner android (uid 1000), FLAG_OWN_CONTENT_ONLY}
10-30 06:26:00.744    1751-1751/? V/ActivityManager﹕ Display changed displayId=3
10-30 06:26:00.824    1751-1777/? I/DisplayManagerService﹕ Display device changed: DisplayDeviceInfo{"ActivityViewVirtualDisplay": 320 x 320, 60.0 fps, density 213, 213.0 x 213.0 dpi, touch NONE, rotation 0, type VIRTUAL, state OFF, owner android (uid 1000), FLAG_OWN_CONTENT_ONLY}
10-30 06:26:00.834    1751-1751/? V/ActivityManager﹕ Display changed displayId=3
10-30 06:26:01.165    1751-1762/? I/ActivityManager﹕ START u0 {act=android.intent.action.MAIN cat=[android.intent.category.DESK_DOCK] flg=0x10000000 cmp=com.motorola.targetnotif/com.motorola.loop.ChargeActivity (has extras)} from pid 1869 on display 0
10-30 06:27:00.714    1751-1897/? I/ActivityManager﹕ START u0 {act=android.intent.action.MAIN cat=[android.intent.category.DESK_DOCK] flg=0x10000000 cmp=com.motorola.targetnotif/com.motorola.loop.ChargeActivity (has extras)} from pid 1869 on display 0
10-30 06:28:00.864    1751-1761/? I/ActivityManager﹕ START u0 {act=android.intent.action.MAIN cat=[android.intent.category.DESK_DOCK] flg=0x10000000 cmp=com.motorola.targetnotif/com.motorola.loop.ChargeActivity (has extras)} from pid 1869 on display 0
10-30 06:29:00.664    1751-1762/? I/ActivityManager﹕ START u0 {act=android.intent.action.MAIN cat=[android.intent.category.DESK_DOCK] flg=0x10000000 cmp=com.motorola.targetnotif/com.motorola.loop.ChargeActivity (has extras)} from pid 1869 on display 0
10-30 06:30:00.854    1751-1917/? I/ActivityManager﹕ START u0 {act=android.intent.action.MAIN cat=[android.intent.category.DESK_DOCK] flg=0x10000000 cmp=com.motorola.targetnotif/com.motorola.loop.ChargeActivity (has extras)} from pid 1869 on display 0
10-30 06:31:00.654    1751-1917/? I/ActivityManager﹕ START u0 {act=android.intent.action.MAIN cat=[android.intent.category.DESK_DOCK] flg=0x10000000 cmp=com.motorola.targetnotif/com.motorola.loop.ChargeActivity (has extras)} from pid 1869 on display 0
10-30 06:31:53.772    1751-1803/? I/PowerManagerService﹕ Waking up from dozing...
10-30 06:31:53.772    1751-1775/? W/KeyguardServiceDelegate﹕ onScreenTurnedOn(): no keyguard service!
10-30 06:31:53.812    1751-1774/? I/DreamController﹕ Stopping dream: name=ComponentInfo{com.google.android.wearable.app/com.google.android.clockwork.home.AmbientMode}, isTest=false, canDoze=true, userId=0
10-30 06:31:53.852    1751-1751/? W/InputMethodManagerService﹕ Ignoring setImeWindowStatus of uid 1000 token: null
10-30 06:31:53.852    1751-1751/? I/DockObserver﹕ Dock state changed from 1 to 0
10-30 06:31:53.922    1751-1801/? I/ActivityManager﹕ Delay finish: com.google.android.gms/.fitness.wearables.WearableSyncServiceReceiver
10-30 06:31:53.952    1751-1777/? I/DisplayManagerService﹕ Display device changed: DisplayDeviceInfo{"Built-in Screen": 320 x 290, 45.000004 fps, density 213, 203.2 x 204.61111 dpi, touch INTERNAL, rotation 0, type BUILT_IN, state ON, FLAG_DEFAULT_DISPLAY, FLAG_ROTATES_WITH_CONTENT, FLAG_SECURE, FLAG_SUPPORTS_PROTECTED_BUFFERS}
10-30 06:31:54.013    1751-1751/? V/ActivityManager﹕ Display changed displayId=0
10-30 06:31:54.043    1751-2313/? I/ActivityManager﹕ Resuming delayed broadcast
10-30 06:31:54.093    1751-1777/? I/DisplayManagerService﹕ Display device changed: DisplayDeviceInfo{"ActivityViewVirtualDisplay": 320 x 320, 60.0 fps, density 213, 213.0 x 213.0 dpi, touch NONE, rotation 0, type VIRTUAL, state ON, owner android (uid 1000), FLAG_OWN_CONTENT_ONLY}
10-30 06:31:54.093    1751-1751/? V/ActivityManager﹕ Display changed displayId=3
10-30 06:31:54.253    1751-2279/? D/SensorHAL﹕ adjustSensorHandle: handle = 9 adjustedHandle = 1
10-30 06:31:54.253    1751-2279/? D/SensorHAL﹕ adjustSensorHandle: handle = 9 adjustedHandle = 1
10-30 06:31:54.273    1751-1781/? D/SensorHAL﹕ adjustSensorHandle: handle = 12 adjustedHandle = 7
10-30 06:31:54.273    1751-1781/? D/SensorHAL﹕ adjustSensorHandle: handle = 12 adjustedHandle = 7
10-30 06:31:54.293    1751-1930/? D/SensorHAL﹕ adjustSensorHandle: handle = 9 adjustedHandle = 1
10-30 06:31:54.423    1751-1751/? V/ActivityManager﹕ Display changed displayId=0
10-30 06:31:55.074    1751-1781/? D/SensorHAL﹕ adjustSensorHandle: handle = 12 adjustedHandle = 7
10-30 06:31:59.278    1751-1781/? I/PowerManagerService﹕ Going to sleep due to screen timeout...
10-30 06:31:59.288    1751-1781/? I/PowerManagerService﹕ Dozing...
10-30 06:31:59.298    1751-1774/? I/DreamController﹕ Starting dream: name=ComponentInfo{com.google.android.wearable.app/com.google.android.clockwork.home.AmbientMode}, isTest=false, canDoze=true, userId=0
10-30 06:31:59.308    1751-1751/? W/InputMethodManagerService﹕ Ignoring setImeWindowStatus of uid 1000 token: null
10-30 06:31:59.548    1751-1762/? I/ActivityManager﹕ START u0 {act=android.intent.action.MAIN cat=[android.intent.category.HOME] flg=0x10000000 cmp=com.google.android.wearable.app/com.google.android.clockwork.home.HomeActivity (has extras)} from pid 1869 on display 0
10-30 06:31:59.558    1751-1774/? I/DreamController﹕ Stopping dream: name=ComponentInfo{com.google.android.wearable.app/com.google.android.clockwork.home.AmbientMode}, isTest=false, canDoze=true, userId=0
10-30 06:31:59.568    1751-1781/? I/PowerManagerService﹕ Sleeping...
10-30 06:32:00.319    1751-1777/? I/DisplayManagerService﹕ Display device changed: DisplayDeviceInfo{"Built-in Screen": 320 x 290, 45.000004 fps, density 213, 203.2 x 204.61111 dpi, touch INTERNAL, rotation 0, type BUILT_IN, state OFF, FLAG_DEFAULT_DISPLAY, FLAG_ROTATES_WITH_CONTENT, FLAG_SECURE, FLAG_SUPPORTS_PROTECTED_BUFFERS}
10-30 06:32:00.319    1751-1751/? V/ActivityManager﹕ Display changed displayId=0
10-30 06:32:02.680    1751-1803/? I/PowerManagerService﹕ Waking up from sleep...
10-30 06:32:02.680    1751-1775/? W/KeyguardServiceDelegate﹕ onScreenTurnedOn(): no keyguard service!
10-30 06:32:02.860    1751-1751/? V/ActivityManager﹕ Display changed displayId=0
10-30 06:32:02.870    1751-1751/? W/InputMethodManagerService﹕ Ignoring setImeWindowStatus of uid 1000 token: null
10-30 06:32:02.890    1751-1751/? I/DockObserver﹕ Dock state changed from 0 to 1
10-30 06:32:02.990    1751-1777/? I/DisplayManagerService﹕ Display device changed: DisplayDeviceInfo{"Built-in Screen": 320 x 290, 45.000004 fps, density 213, 203.2 x 204.61111 dpi, touch INTERNAL, rotation 0, type BUILT_IN, state ON, FLAG_DEFAULT_DISPLAY, FLAG_ROTATES_WITH_CONTENT, FLAG_SECURE, FLAG_SUPPORTS_PROTECTED_BUFFERS}
10-30 06:32:03.070    1751-1781/? D/SensorHAL﹕ adjustSensorHandle: handle = 12 adjustedHandle = 7
10-30 06:32:03.070    1751-1781/? D/SensorHAL﹕ adjustSensorHandle: handle = 12 adjustedHandle = 7
10-30 06:32:03.080    1751-1751/? V/ActivityManager﹕ Display changed displayId=0
10-30 06:32:03.080    1751-1751/? I/EntropyMixer﹕ Writing entropy...
10-30 06:32:03.170    1751-1751/? V/ActivityManager﹕ Display changed displayId=0
10-30 06:32:03.170    1751-1751/? I/ActivityManager﹕ START u0 {act=android.intent.action.MAIN cat=[android.intent.category.DESK_DOCK] flg=0x10200000 cmp=com.motorola.targetnotif/com.motorola.loop.ChargeActivity} from pid 1751 on display 0
10-30 06:32:03.871    1751-1781/? D/SensorHAL﹕ adjustSensorHandle: handle = 12 adjustedHandle = 7
10-30 06:32:03.871    1751-1930/? D/SensorHAL﹕ adjustSensorHandle: handle = 9 adjustedHandle = 1
10-30 06:32:03.871    1751-1930/? D/SensorHAL﹕ adjustSensorHandle: handle = 9 adjustedHandle = 1
10-30 06:32:03.891    1751-2279/? D/SensorHAL﹕ adjustSensorHandle: handle = 9 adjustedHandle = 1
10-30 06:32:08.736    1751-1781/? I/PowerManagerService﹕ Nap time...
10-30 06:32:08.736    1751-1781/? I/PowerManagerService﹕ Going to sleep due to screen timeout...
10-30 06:32:08.736    1751-1781/? I/PowerManagerService﹕ Dozing...
10-30 06:32:08.746    1751-1774/? I/DreamController﹕ Starting dream: name=ComponentInfo{com.google.android.wearable.app/com.google.android.clockwork.home.AmbientMode}, isTest=false, canDoze=true, userId=0
10-30 06:32:08.786    1751-1751/? W/InputMethodManagerService﹕ Ignoring setImeWindowStatus of uid 1000 token: null
10-30 06:32:08.836    1751-1777/? I/DisplayManagerService﹕ Display device changed: DisplayDeviceInfo{"ActivityViewVirtualDisplay": 320 x 320, 60.0 fps, density 213, 213.0 x 213.0 dpi, touch NONE, rotation 0, type VIRTUAL, state OFF, owner android (uid 1000), FLAG_OWN_CONTENT_ONLY}
10-30 06:32:08.866    1751-1751/? V/ActivityManager﹕ Display changed displayId=3
10-30 06:32:08.986    1751-1801/? I/ActivityManager﹕ START u0 {act=android.intent.action.MAIN cat=[android.intent.category.DESK_DOCK] flg=0x10000000 cmp=com.motorola.targetnotif/com.motorola.loop.ChargeActivity (has extras)} from pid 1869 on display 0
10-30 06:32:09.256    1751-1777/? I/DisplayManagerService﹕ Display device changed: DisplayDeviceInfo{"Built-in Screen": 320 x 290, 45.000004 fps, density 213, 203.2 x 204.61111 dpi, touch INTERNAL, rotation 0, type BUILT_IN, state DOZING, FLAG_DEFAULT_DISPLAY, FLAG_ROTATES_WITH_CONTENT, FLAG_SECURE, FLAG_SUPPORTS_PROTECTED_BUFFERS}
10-30 06:32:09.256    1751-1751/? V/ActivityManager﹕ Display changed displayId=0
10-30 06:33:02.654    1751-2313/? I/ActivityManager﹕ START u0 {act=android.intent.action.MAIN cat=[android.intent.category.DESK_DOCK] flg=0x10000000 cmp=com.motorola.targetnotif/com.motorola.loop.ChargeActivity (has extras)} from pid 1869 on display 0
10-30 06:33:02.664    1751-1751/? V/ActivityManager﹕ Display changed displayId=0
10-30 06:34:02.794    1751-1917/? I/ActivityManager﹕ START u0 {act=android.intent.action.MAIN cat=[android.intent.category.DESK_DOCK] flg=0x10000000 cmp=com.motorola.targetnotif/com.motorola.loop.ChargeActivity (has extras)} from pid 1869 on display 0
10-30 06:35:02.664    1751-1762/? I/ActivityManager﹕ START u0 {act=android.intent.action.MAIN cat=[android.intent.category.DESK_DOCK] flg=0x10000000 cmp=com.motorola.targetnotif/com.motorola.loop.ChargeActivity (has extras)} from pid 1869 on display 0
10-30 06:36:02.644    1751-1801/? I/ActivityManager﹕ START u0 {act=android.intent.action.MAIN cat=[android.intent.category.DESK_DOCK] flg=0x10000000 cmp=com.motorola.targetnotif/com.motorola.loop.ChargeActivity (has extras)} from pid 1869 on display 0
10-30 06:37:02.634    1751-1897/? I/ActivityManager﹕ START u0 {act=android.intent.action.MAIN cat=[android.intent.category.DESK_DOCK] flg=0x10000000 cmp=com.motorola.targetnotif/com.motorola.loop.ChargeActivity (has extras)} from pid 1869 on display 0
10-30 06:37:04.296    1751-1795/? D/ConnectivityService﹕ Sampling interval elapsed, updating statistics ..
10-30 06:37:04.306    1751-1795/? D/ConnectivityService﹕ Done.
10-30 06:37:04.306    1751-1795/? D/ConnectivityService﹕ Setting timer for 720seconds
10-30 06:38:02.804    1751-1801/? I/ActivityManager﹕ START u0 {act=android.intent.action.MAIN cat=[android.intent.category.DESK_DOCK] flg=0x10000000 cmp=com.motorola.targetnotif/com.motorola.loop.ChargeActivity (has extras)} from pid 1869 on display 0
10-30 06:39:00.120    1751-2313/? I/ActivityManager﹕ START u0 {act=android.intent.action.MAIN cat=[android.intent.category.DESK_DOCK] flg=0x10000000 cmp=com.motorola.targetnotif/com.motorola.loop.ChargeActivity (has extras)} from pid 1869 on display 0
10-30 06:40:00.199    1751-1897/? I/ActivityManager﹕ START u0 {act=android.intent.action.MAIN cat=[android.intent.category.DESK_DOCK] flg=0x10000000 cmp=com.motorola.targetnotif/com.motorola.loop.ChargeActivity (has extras)} from pid 1869 on display 0
10-30 06:41:00.117    1751-1801/? I/ActivityManager﹕ START u0 {act=android.intent.action.MAIN cat=[android.intent.category.DESK_DOCK] flg=0x10000000 cmp=com.motorola.targetnotif/com.motorola.loop.ChargeActivity (has extras)} from pid 1869 on display 0
10-30 06:42:00.196    1751-1801/? I/ActivityManager﹕ START u0 {act=android.intent.action.MAIN cat=[android.intent.category.DESK_DOCK] flg=0x10000000 cmp=com.motorola.targetnotif/com.motorola.loop.ChargeActivity (has extras)} from pid 1869 on display 0
10-30 06:43:00.117    1751-1930/? I/ActivityManager﹕ START u0 {act=android.intent.action.MAIN cat=[android.intent.category.DESK_DOCK] flg=0x10000000 cmp=com.motorola.targetnotif/com.motorola.loop.ChargeActivity (has extras)} from pid 1869 on display 0
10-30 06:44:02.794    1751-1761/? I/ActivityManager﹕ START u0 {act=android.intent.action.MAIN cat=[android.intent.category.DESK_DOCK] flg=0x10000000 cmp=com.motorola.targetnotif/com.motorola.loop.ChargeActivity (has extras)} from pid 1869 on display 0
10-30 06:45:02.664    1751-1917/? I/ActivityManager﹕ START u0 {act=android.intent.action.MAIN cat=[android.intent.category.DESK_DOCK] flg=0x10000000 cmp=com.motorola.targetnotif/com.motorola.loop.ChargeActivity (has extras)} from pid 1869 on display 0
10-30 06:46:02.794    1751-1762/? I/ActivityManager﹕ START u0 {act=android.intent.action.MAIN cat=[android.intent.category.DESK_DOCK] flg=0x10000000 cmp=com.motorola.targetnotif/com.motorola.loop.ChargeActivity (has extras)} from pid 1869 on display 0
10-30 06:47:02.664    1751-2279/? I/ActivityManager﹕ START u0 {act=android.intent.action.MAIN cat=[android.intent.category.DESK_DOCK] flg=0x10000000 cmp=com.motorola.targetnotif/com.motorola.loop.ChargeActivity (has extras)} from pid 1869 on display 0
10-30 06:47:11.016    1751-1803/? I/PowerManagerService﹕ Waking up from dozing...
10-30 06:47:11.016    1751-1775/? W/KeyguardServiceDelegate﹕ onScreenTurnedOn(): no keyguard service!
10-30 06:47:11.046    1751-1774/? I/DreamController﹕ Stopping dream: name=ComponentInfo{com.google.android.wearable.app/com.google.android.clockwork.home.AmbientMode}, isTest=false, canDoze=true, userId=0
10-30 06:47:11.096    1751-1751/? I/DockObserver﹕ Dock state changed from 1 to 0
10-30 06:47:11.126    1751-1751/? W/InputMethodManagerService﹕ Ignoring setImeWindowStatus of uid 1000 token: null
10-30 06:47:11.186    1751-1777/? I/DisplayManagerService﹕ Display device changed: DisplayDeviceInfo{"Built-in Screen": 320 x 290, 45.000004 fps, density 213, 203.2 x 204.61111 dpi, touch INTERNAL, rotation 0, type BUILT_IN, state ON, FLAG_DEFAULT_DISPLAY, FLAG_ROTATES_WITH_CONTENT, FLAG_SECURE, FLAG_SUPPORTS_PROTECTED_BUFFERS}
10-30 06:47:11.256    1751-1751/? V/ActivityManager﹕ Display changed displayId=0
10-30 06:47:11.316    1751-1777/? I/DisplayManagerService﹕ Display device changed: DisplayDeviceInfo{"ActivityViewVirtualDisplay": 320 x 320, 60.0 fps, density 213, 213.0 x 213.0 dpi, touch NONE, rotation 0, type VIRTUAL, state ON, owner android (uid 1000), FLAG_OWN_CONTENT_ONLY}
10-30 06:47:11.316    1751-1751/? V/ActivityManager﹕ Display changed displayId=3
10-30 06:47:11.616    1751-1930/? D/SensorHAL﹕ adjustSensorHandle: handle = 9 adjustedHandle = 1
10-30 06:47:11.616    1751-1930/? D/SensorHAL﹕ adjustSensorHandle: handle = 9 adjustedHandle = 1
10-30 06:47:11.636    1751-2313/? D/SensorHAL﹕ adjustSensorHandle: handle = 9 adjustedHandle = 1
10-30 06:47:11.717    1751-1751/? V/ActivityManager﹕ Display changed displayId=0
10-30 06:47:16.431    1751-1782/? I/PowerManagerService﹕ Going to sleep due to screen timeout...
10-30 06:47:16.431    1751-1781/? I/PowerManagerService﹕ Dozing...
10-30 06:47:16.431    1751-1774/? I/DreamController﹕ Starting dream: name=ComponentInfo{com.google.android.wearable.app/com.google.android.clockwork.home.AmbientMode}, isTest=false, canDoze=true, userId=0
10-30 06:47:16.451    1751-1751/? W/InputMethodManagerService﹕ Ignoring setImeWindowStatus of uid 1000 token: null
10-30 06:47:16.651    1751-1930/? I/ActivityManager﹕ START u0 {act=android.intent.action.MAIN cat=[android.intent.category.HOME] flg=0x10000000 cmp=com.google.android.wearable.app/com.google.android.clockwork.home.HomeActivity (has extras)} from pid 1869 on display 0
10-30 06:47:16.661    1751-1774/? I/DreamController﹕ Stopping dream: name=ComponentInfo{com.google.android.wearable.app/com.google.android.clockwork.home.AmbientMode}, isTest=false, canDoze=true, userId=0
10-30 06:47:16.661    1751-1781/? I/PowerManagerService﹕ Sleeping...
10-30 06:47:16.741    1751-1930/? I/ActivityManager﹕ Activity reported stop, but no longer stopping: ActivityRecord{adde18b8 u0 com.google.android.wearable.app/com.google.android.clockwork.home.HomeActivity t1}
10-30 06:47:16.912    1751-1784/? I/PowerManagerService﹕ Waking up from sleep...
10-30 06:47:16.912    1751-1775/? W/KeyguardServiceDelegate﹕ onScreenTurnedOn(): no keyguard service!
10-30 06:47:16.982    1751-1751/? W/InputMethodManagerService﹕ Ignoring setImeWindowStatus of uid 1000 token: null
10-30 06:47:17.232    1751-2313/? I/ActivityManager﹕ Activity reported stop, but no longer stopping: ActivityRecord{adde18b8 u0 com.google.android.wearable.app/com.google.android.clockwork.home.HomeActivity t1}
10-30 06:47:17.322    1751-1801/? D/SensorHAL﹕ adjustSensorHandle: handle = 9 adjustedHandle = 1
10-30 06:47:17.322    1751-1801/? D/SensorHAL﹕ adjustSensorHandle: handle = 9 adjustedHandle = 1
10-30 06:47:17.332    1751-1917/? D/SensorHAL﹕ adjustSensorHandle: handle = 9 adjustedHandle = 1
10-30 06:47:18.433    1751-1777/? I/DisplayManagerService﹕ Display device changed: DisplayDeviceInfo{"ActivityViewVirtualDisplay": 320 x 320, 60.0 fps, density 213, 213.0 x 213.0 dpi, touch NONE, rotation 0, type VIRTUAL, state OFF, owner android (uid 1000), FLAG_OWN_CONTENT_ONLY}
10-30 06:47:18.433    1751-1751/? V/ActivityManager﹕ Display changed displayId=3
10-30 06:47:28.453    1751-1771/? W/ActivityManager﹕ Launch timeout has expired, giving up wake lock!
10-30 06:47:35.400    1751-1777/? I/DisplayManagerService﹕ Display device changed: DisplayDeviceInfo{"ActivityViewVirtualDisplay": 320 x 320, 60.0 fps, density 213, 213.0 x 213.0 dpi, touch NONE, rotation 0, type VIRTUAL, state ON, owner android (uid 1000), FLAG_OWN_CONTENT_ONLY}
10-30 06:47:35.400    1751-1751/? V/ActivityManager﹕ Display changed displayId=3
10-30 06:47:35.690    1751-1777/? I/DisplayManagerService﹕ Display device changed: DisplayDeviceInfo{"ActivityViewVirtualDisplay": 320 x 320, 60.0 fps, density 213, 213.0 x 213.0 dpi, touch NONE, rotation 0, type VIRTUAL, state OFF, owner android (uid 1000), FLAG_OWN_CONTENT_ONLY}
10-30 06:47:35.690    1751-1751/? V/ActivityManager﹕ Display changed displayId=3
10-30 06:47:36.831    1751-1777/? I/DisplayManagerService﹕ Display device changed: DisplayDeviceInfo{"ActivityViewVirtualDisplay": 320 x 320, 60.0 fps, density 213, 213.0 x 213.0 dpi, touch NONE, rotation 0, type VIRTUAL, state ON, owner android (uid 1000), FLAG_OWN_CONTENT_ONLY}
10-30 06:47:36.831    1751-1751/? V/ActivityManager﹕ Display changed displayId=3
10-30 06:47:41.946    1751-1801/? I/ActivityManager﹕ Delay finish: com.google.android.gms/.fitness.wearables.WearableSyncServiceReceiver
10-30 06:47:41.996    1751-2279/? I/ActivityManager﹕ Resuming delayed broadcast
10-30 06:47:46.230    1751-1781/? I/PowerManagerService﹕ Going to sleep due to screen timeout...
10-30 06:47:46.230    1751-1781/? I/PowerManagerService﹕ Dozing...
10-30 06:47:46.250    1751-1774/? I/DreamController﹕ Starting dream: name=ComponentInfo{com.google.android.wearable.app/com.google.android.clockwork.home.AmbientMode}, isTest=false, canDoze=true, userId=0
10-30 06:47:46.270    1751-1751/? W/InputMethodManagerService﹕ Ignoring setImeWindowStatus of uid 1000 token: null
10-30 06:47:46.450    1751-1761/? I/ActivityManager﹕ START u0 {act=android.intent.action.MAIN cat=[android.intent.category.HOME] flg=0x10000000 cmp=com.google.android.wearable.app/com.google.android.clockwork.home.HomeActivity (has extras)} from pid 1869 on display 0
10-30 06:47:46.460    1751-1774/? I/DreamController﹕ Stopping dream: name=ComponentInfo{com.google.android.wearable.app/com.google.android.clockwork.home.AmbientMode}, isTest=false, canDoze=true, userId=0
10-30 06:47:46.470    1751-1781/? I/PowerManagerService﹕ Sleeping...
10-30 06:47:46.520    1751-5368/? I/ActivityManager﹕ Activity reported stop, but no longer stopping: ActivityRecord{adde18b8 u0 com.google.android.wearable.app/com.google.android.clockwork.home.HomeActivity t1}
10-30 06:47:47.291    1751-1777/? I/DisplayManagerService﹕ Display device changed: DisplayDeviceInfo{"Built-in Screen": 320 x 290, 45.000004 fps, density 213, 203.2 x 204.61111 dpi, touch INTERNAL, rotation 0, type BUILT_IN, state OFF, FLAG_DEFAULT_DISPLAY, FLAG_ROTATES_WITH_CONTENT, FLAG_SECURE, FLAG_SUPPORTS_PROTECTED_BUFFERS}
10-30 06:47:47.291    1751-1751/? V/ActivityManager﹕ Display changed displayId=0
10-30 06:47:49.125    1751-1803/? I/PowerManagerService﹕ Waking up from sleep...
10-30 06:47:49.125    1751-1775/? W/KeyguardServiceDelegate﹕ onScreenTurnedOn(): no keyguard service!
10-30 06:47:49.315    1751-1751/? V/ActivityManager﹕ Display changed displayId=0
10-30 06:47:49.315    1751-1751/? I/DockObserver﹕ Dock state changed from 0 to 1
10-30 06:47:49.335    1751-1751/? W/InputMethodManagerService﹕ Ignoring setImeWindowStatus of uid 1000 token: null
10-30 06:47:49.395    1751-1777/? I/DisplayManagerService﹕ Display device changed: DisplayDeviceInfo{"Built-in Screen": 320 x 290, 45.000004 fps, density 213, 203.2 x 204.61111 dpi, touch INTERNAL, rotation 0, type BUILT_IN, state ON, FLAG_DEFAULT_DISPLAY, FLAG_ROTATES_WITH_CONTENT, FLAG_SECURE, FLAG_SUPPORTS_PROTECTED_BUFFERS}
10-30 06:47:49.485    1751-1751/? V/ActivityManager﹕ Display changed displayId=0
10-30 06:47:49.505    1751-1751/? I/ActivityManager﹕ START u0 {act=android.intent.action.MAIN cat=[android.intent.category.DESK_DOCK] flg=0x10200000 cmp=com.motorola.targetnotif/com.motorola.loop.ChargeActivity} from pid 1751 on display 0
10-30 06:47:49.565    1751-1781/? D/SensorHAL﹕ adjustSensorHandle: handle = 12 adjustedHandle = 7
10-30 06:47:49.565    1751-1781/? D/SensorHAL﹕ adjustSensorHandle: handle = 12 adjustedHandle = 7
10-30 06:47:49.635    1751-1751/? I/EntropyMixer﹕ Writing entropy...
10-30 06:47:49.705    1751-1751/? V/ActivityManager﹕ Display changed displayId=0
10-30 06:47:50.266    1751-1801/? D/SensorHAL﹕ adjustSensorHandle: handle = 9 adjustedHandle = 1
10-30 06:47:50.266    1751-1801/? D/SensorHAL﹕ adjustSensorHandle: handle = 9 adjustedHandle = 1
10-30 06:47:50.346    1751-1917/? D/SensorHAL﹕ adjustSensorHandle: handle = 9 adjustedHandle = 1
10-30 06:47:50.366    1751-1781/? D/SensorHAL﹕ adjustSensorHandle: handle = 12 adjustedHandle = 7
10-30 06:47:54.920    1751-1781/? I/PowerManagerService﹕ Nap time...
10-30 06:47:54.920    1751-1781/? I/PowerManagerService﹕ Going to sleep due to screen timeout...
10-30 06:47:54.920    1751-1781/? I/PowerManagerService﹕ Dozing...
10-30 06:47:54.930    1751-1774/? I/DreamController﹕ Starting dream: name=ComponentInfo{com.google.android.wearable.app/com.google.android.clockwork.home.AmbientMode}, isTest=false, canDoze=true, userId=0
10-30 06:47:54.970    1751-1751/? W/InputMethodManagerService﹕ Ignoring setImeWindowStatus of uid 1000 token: null
10-30 06:47:55.030    1751-1777/? I/DisplayManagerService﹕ Display device changed: DisplayDeviceInfo{"ActivityViewVirtualDisplay": 320 x 320, 60.0 fps, density 213, 213.0 x 213.0 dpi, touch NONE, rotation 0, type VIRTUAL, state OFF, owner android (uid 1000), FLAG_OWN_CONTENT_ONLY}
10-30 06:47:55.101    1751-1751/? V/ActivityManager﹕ Display changed displayId=3
10-30 06:47:55.181    1751-1897/? I/ActivityManager﹕ START u0 {act=android.intent.action.MAIN cat=[android.intent.category.DESK_DOCK] flg=0x10000000 cmp=com.motorola.targetnotif/com.motorola.loop.ChargeActivity (has extras)} from pid 1869 on display 0
10-30 06:47:55.421    1751-1777/? I/DisplayManagerService﹕ Display device changed: DisplayDeviceInfo{"Built-in Screen": 320 x 290, 45.000004 fps, density 213, 203.2 x 204.61111 dpi, touch INTERNAL, rotation 0, type BUILT_IN, state DOZING, FLAG_DEFAULT_DISPLAY, FLAG_ROTATES_WITH_CONTENT, FLAG_SECURE, FLAG_SUPPORTS_PROTECTED_BUFFERS}
10-30 06:47:55.421    1751-1751/? V/ActivityManager﹕ Display changed displayId=0
10-30 06:48:02.644    1751-1762/? I/ActivityManager﹕ START u0 {act=android.intent.action.MAIN cat=[android.intent.category.DESK_DOCK] flg=0x10000000 cmp=com.motorola.targetnotif/com.motorola.loop.ChargeActivity (has extras)} from pid 1869 on display 0
10-30 06:48:02.654    1751-1751/? V/ActivityManager﹕ Display changed displayId=0
10-30 06:49:00.106    1751-1930/? I/ActivityManager﹕ START u0 {act=android.intent.action.MAIN cat=[android.intent.category.DESK_DOCK] flg=0x10000000 cmp=com.motorola.targetnotif/com.motorola.loop.ChargeActivity (has extras)} from pid 1869 on display 0
10-30 06:49:08.634    1751-1795/? D/ConnectivityService﹕ Sampling interval elapsed, updating statistics ..
10-30 06:49:08.654    1751-1795/? D/ConnectivityService﹕ Done.
10-30 06:49:08.654    1751-1795/? D/ConnectivityService﹕ Setting timer for 720seconds
10-30 06:50:00.196    1751-2279/? I/ActivityManager﹕ START u0 {act=android.intent.action.MAIN cat=[android.intent.category.DESK_DOCK] flg=0x10000000 cmp=com.motorola.targetnotif/com.motorola.loop.ChargeActivity (has extras)} from pid 1869 on display 0
10-30 06:51:00.106    1751-5368/? I/ActivityManager﹕ START u0 {act=android.intent.action.MAIN cat=[android.intent.category.DESK_DOCK] flg=0x10000000 cmp=com.motorola.targetnotif/com.motorola.loop.ChargeActivity (has extras)} from pid 1869 on display 0
10-30 06:52:00.196    1751-1930/? I/ActivityManager﹕ START u0 {act=android.intent.action.MAIN cat=[android.intent.category.DESK_DOCK] flg=0x10000000 cmp=com.motorola.targetnotif/com.motorola.loop.ChargeActivity (has extras)} from pid 1869 on display 0
10-30 06:53:00.106    1751-1761/? I/ActivityManager﹕ START u0 {act=android.intent.action.MAIN cat=[android.intent.category.DESK_DOCK] flg=0x10000000 cmp=com.motorola.targetnotif/com.motorola.loop.ChargeActivity (has extras)} from pid 1869 on display 0
10-30 06:54:00.206    1751-2279/? I/ActivityManager﹕ START u0 {act=android.intent.action.MAIN cat=[android.intent.category.DESK_DOCK] flg=0x10000000 cmp=com.motorola.targetnotif/com.motorola.loop.ChargeActivity (has extras)} from pid 1869 on display 0
10-30 06:55:00.116    1751-2313/? I/ActivityManager﹕ START u0 {act=android.intent.action.MAIN cat=[android.intent.category.DESK_DOCK] flg=0x10000000 cmp=com.motorola.targetnotif/com.motorola.loop.ChargeActivity (has extras)} from pid 1869 on display 0
10-30 06:56:00.196    1751-1930/? I/ActivityManager﹕ START u0 {act=android.intent.action.MAIN cat=[android.intent.category.DESK_DOCK] flg=0x10000000 cmp=com.motorola.targetnotif/com.motorola.loop.ChargeActivity (has extras)} from pid 1869 on display 0
10-30 06:57:00.106    1751-1930/? I/ActivityManager﹕ START u0 {act=android.intent.action.MAIN cat=[android.intent.category.DESK_DOCK] flg=0x10000000 cmp=com.motorola.targetnotif/com.motorola.loop.ChargeActivity (has extras)} from pid 1869 on display 0
10-30 06:58:00.196    1751-2313/? I/ActivityManager﹕ START u0 {act=android.intent.action.MAIN cat=[android.intent.category.DESK_DOCK] flg=0x10000000 cmp=com.motorola.targetnotif/com.motorola.loop.ChargeActivity (has extras)} from pid 1869 on display 0
10-30 06:59:00.106    1751-1801/? I/ActivityManager﹕ START u0 {act=android.intent.action.MAIN cat=[android.intent.category.DESK_DOCK] flg=0x10000000 cmp=com.motorola.targetnotif/com.motorola.loop.ChargeActivity (has extras)} from pid 1869 on display 0
10-30 07:00:00.196    1751-2279/? I/ActivityManager﹕ START u0 {act=android.intent.action.MAIN cat=[android.intent.category.DESK_DOCK] flg=0x10000000 cmp=com.motorola.targetnotif/com.motorola.loop.ChargeActivity (has extras)} from pid 1869 on display 0
10-30 07:01:00.096    1751-5368/? I/ActivityManager﹕ START u0 {act=android.intent.action.MAIN cat=[android.intent.category.DESK_DOCK] flg=0x10000000 cmp=com.motorola.targetnotif/com.motorola.loop.ChargeActivity (has extras)} from pid 1869 on display 0
10-30 07:01:10.456    1751-2313/? I/ActivityManager﹕ Delay finish: com.google.android.gms/.fitness.wearables.WearableSyncServiceReceiver
10-30 07:01:10.506    1751-1930/? I/ActivityManager﹕ Resuming delayed broadcast
10-30 07:01:10.516    1751-1795/? D/ConnectivityService﹕ Sampling interval elapsed, updating statistics ..
10-30 07:01:10.546    1751-1795/? D/ConnectivityService﹕ Done.
10-30 07:01:10.546    1751-1795/? D/ConnectivityService﹕ Setting timer for 720seconds
10-30 07:01:10.546    1751-1801/? I/ActivityManager﹕ Delay finish: com.google.android.gms/.checkin.EventLogService$Receiver
10-30 07:01:10.716    1751-1917/? I/ActivityManager﹕ Resuming delayed broadcast
10-30 07:02:00.206    1751-1897/? I/ActivityManager﹕ START u0 {act=android.intent.action.MAIN cat=[android.intent.category.DESK_DOCK] flg=0x10000000 cmp=com.motorola.targetnotif/com.motorola.loop.ChargeActivity (has extras)} from pid 1869 on display 0
10-30 07:03:00.106    1751-1897/? I/ActivityManager﹕ START u0 {act=android.intent.action.MAIN cat=[android.intent.category.DESK_DOCK] flg=0x10000000 cmp=com.motorola.targetnotif/com.motorola.loop.ChargeActivity (has extras)} from pid 1869 on display 0
10-30 07:04:00.196    1751-1917/? I/ActivityManager﹕ START u0 {act=android.intent.action.MAIN cat=[android.intent.category.DESK_DOCK] flg=0x10000000 cmp=com.motorola.targetnotif/com.motorola.loop.ChargeActivity (has extras)} from pid 1869 on display 0
10-30 07:04:50.596    1751-1751/? I/EntropyMixer﹕ Writing entropy...
