12-03 22:09:37.818 D/MinnowPowerHAL( 1754): sysfs_write: /sys/devices/platform/omapdss/display0/interactivemode 0
12-03 22:09:37.818 D/MinnowPowerHAL( 1754): sysfs_write: /sys/devices/ocp.2/i2c.6/i2c-0/0-004a/interactivemode 0
12-03 22:09:37.828 D/MinnowPowerHAL( 1754): sysfs_write: /sys/class/leds/lcd-backlight/interactive 0
12-03 22:09:37.828 D/mot_vr_audio_hw( 1754): dsp_set_pm_state = off
12-03 22:09:37.828 D/ADSPD   ( 1414): Client cmd=0x4002, size=2
12-03 22:09:37.828 D/ADSPD   ( 1414): DSP_CMD_DAEMON_SET_PM_STATE : 0
12-03 22:09:37.828 D/ADSPD   ( 1414): DSP not turned off as still being used
12-03 22:09:37.838 D/mot_vr_audio_hw( 1421): dsp_recognizer_enabled = false
12-03 22:09:37.838 D/ADSPD   ( 1414): Client cmd=0x0003, size=4
12-03 22:09:37.838 D/ADSPD   ( 1414): Trying to send to dsp while in dsp in RESET
12-03 22:09:37.838 W/mot_vr_audio_hw( 1421): Not allowing wake() since DSP is disabled
12-03 22:09:37.838 W/InputMethodManagerService( 1754): Ignoring setImeWindowStatus of uid 1000 token: null
12-03 22:09:37.848 W/mot_vr_audio_hw( 1421): Not allowing wake() since DSP is disabled
12-03 22:09:37.848 V/MyViewAnim( 2084): stopping animation!
12-03 22:09:37.848 V/MyViewAnim( 2084): killDrawThread
12-03 22:09:37.848 V/WearActivity( 2084): killing alarms
12-03 22:09:37.858 I/ClockFace( 2084): Ambient mode: false
12-03 22:09:37.858 V/WearActivity( 2084): Pause!
12-03 22:09:37.858 V/WearActivity( 2084): Stop!
12-03 22:09:37.878 D/ADSPD   ( 1414): Client cmd=0x4003, size=2
12-03 22:09:37.878 D/ADSPD   ( 1414): DSP no longer used, turned off here
12-03 22:09:37.878 D/mot_vr_audio_hw( 1421): Input 0xb7d791e0 close complete
12-03 22:09:37.888 E/HostWithRpcCallback( 1872): Failed to send RPC
12-03 22:09:37.888 E/HostWithRpcCallback( 1872): com.google.android.wearable.gmsclient.WearableException: sendRpcAsync failed: Status{statusCode=unknown status code: 4000, resolution=null}
12-03 22:09:37.888 E/HostWithRpcCallback( 1872): 	at com.google.android.wearable.gmsclient.GoogleApiClientHelper.throwIfFailed(GoogleApiClientHelper.java:98)
12-03 22:09:37.888 E/HostWithRpcCallback( 1872): 	at com.google.android.wearable.gmsclient.MessageManager$1$1.getResult(MessageManager.java:81)
12-03 22:09:37.888 E/HostWithRpcCallback( 1872): 	at com.google.android.wearable.gmsclient.MessageManager$1$1.getResult(MessageManager.java:78)
12-03 22:09:37.888 E/HostWithRpcCallback( 1872): 	at com.google.android.clockwork.actions.WearableHostWithRpcCallback$SendRpcCallbackWithId.onSendRpc(WearableHostWithRpcCallback.java:292)
12-03 22:09:37.888 E/HostWithRpcCallback( 1872): 	at com.google.android.wearable.gmsclient.MessageManager$1.onResult(MessageManager.java:78)
12-03 22:09:37.888 E/HostWithRpcCallback( 1872): 	at com.google.android.wearable.gmsclient.MessageManager$1.onResult(MessageManager.java:75)
12-03 22:09:37.888 E/HostWithRpcCallback( 1872): 	at com.google.android.gms.common.api.BaseImplementation$CallbackHandler.deliverResultCallback(Unknown Source)
12-03 22:09:37.888 E/HostWithRpcCallback( 1872): 	at com.google.android.gms.common.api.BaseImplementation$CallbackHandler.handleMessage(Unknown Source)
12-03 22:09:37.888 E/HostWithRpcCallback( 1872): 	at android.os.Handler.dispatchMessage(Handler.java:102)
12-03 22:09:37.888 E/HostWithRpcCallback( 1872): 	at android.os.Looper.loop(Looper.java:136)
12-03 22:09:37.888 E/HostWithRpcCallback( 1872): 	at android.app.ActivityThread.main(ActivityThread.java:5026)
12-03 22:09:37.888 E/HostWithRpcCallback( 1872): 	at java.lang.reflect.Method.invokeNative(Native Method)
12-03 22:09:37.888 E/HostWithRpcCallback( 1872): 	at java.lang.reflect.Method.invoke(Method.java:515)
12-03 22:09:37.888 E/HostWithRpcCallback( 1872): 	at com.android.internal.os.ZygoteInit$MethodAndArgsCaller.run(ZygoteInit.java:777)
12-03 22:09:37.888 E/HostWithRpcCallback( 1872): 	at com.android.internal.os.ZygoteInit.main(ZygoteInit.java:602)
12-03 22:09:37.888 E/HostWithRpcCallback( 1872): 	at dalvik.system.NativeStart.main(Native Method)
12-03 22:09:37.898 W/MessageQueue( 2084): Handler (android.view.Choreographer$FrameHandler) {adcd7e38} sending message to a Handler on a dead thread
12-03 22:09:37.898 W/MessageQueue( 2084): java.lang.RuntimeException: Handler (android.view.Choreographer$FrameHandler) {adcd7e38} sending message to a Handler on a dead thread
12-03 22:09:37.898 W/MessageQueue( 2084): 	at android.os.MessageQueue.enqueueMessage(MessageQueue.java:320)
12-03 22:09:37.898 W/MessageQueue( 2084): 	at android.os.Handler.enqueueMessage(Handler.java:626)
12-03 22:09:37.898 W/MessageQueue( 2084): 	at android.os.Handler.sendMessageAtTime(Handler.java:595)
12-03 22:09:37.898 W/MessageQueue( 2084): 	at android.view.Choreographer$FrameDisplayEventReceiver.onVsync(Choreographer.java:741)
12-03 22:09:37.898 W/MessageQueue( 2084): 	at android.view.DisplayEventReceiver.dispatchVsync(DisplayEventReceiver.java:139)
12-03 22:09:37.898 W/MessageQueue( 2084): 	at android.os.MessageQueue.nativePollOnce(Native Method)
12-03 22:09:37.898 W/MessageQueue( 2084): 	at android.os.MessageQueue.next(MessageQueue.java:138)
12-03 22:09:37.898 W/MessageQueue( 2084): 	at android.os.Looper.loop(Looper.java:123)
12-03 22:09:37.898 W/MessageQueue( 2084): 	at org.dwallach.calwatch.MyViewAnim$PanelThread.run(MyViewAnim.java:537)
12-03 22:09:37.898 V/MyViewAnim/PanelThread( 2084): looper finished!
12-03 22:09:37.898 V/MyViewAnim/PanelThread( 2084): draw thread termination
12-03 22:12:31.821 I/ActivityManager( 1754): Delay finish: com.motorola.targetnotif/com.motorola.omni.NotificationAlarmReceiver
12-03 22:12:31.841 I/ActivityManager( 1754): Resuming delayed broadcast
12-03 22:12:32.051 D/WearApiHelper( 3008): sendMessage: /SYNC_NEEDED
12-03 22:12:32.071 D/WearableClient( 3008): WearableClientImpl.onPostInitHandler: done
12-03 22:12:32.071 D/WearApiHelper( 3008): Not connected waiting connection
12-03 22:12:32.221 D/WearApiHelper( 3008): Finally connected! Sending message: /SYNC_NEEDED
12-03 22:12:32.221 D/WearApiHelper( 3008): Stack 0
12-03 22:17:19.271 D/SensorHALGestureSensor( 1754): Gesture event received! time = 1417666639273631957
12-03 22:17:19.281 I/PowerManagerService( 1754): Waking up from sleep...
12-03 22:17:19.281 W/KeyguardServiceDelegate( 1754): onScreenTurnedOn(): no keyguard service!
12-03 22:17:19.431 D/PowerManagerService-JNI( 1754): Excessive delay in autosuspend_disable() while turning screen on: 149ms
12-03 22:17:19.431 D/MinnowPowerHAL( 1754): power_set_interactive: 1
12-03 22:17:19.431 D/MinnowPowerHAL( 1754): sysfs_write: /sys/devices/platform/omapdss/display0/interactivemode 1
12-03 22:17:19.481 D/MinnowPowerHAL( 1754): sysfs_write: /sys/devices/ocp.2/i2c.6/i2c-0/0-004a/interactivemode 1
12-03 22:17:19.481 D/MinnowPowerHAL( 1754): sysfs_write: /sys/class/leds/lcd-backlight/interactive 1
12-03 22:17:19.481 D/mot_vr_audio_hw( 1754): dsp_set_pm_state = on
12-03 22:17:19.481 D/ADSPD   ( 1414): Client cmd=0x4002, size=2
12-03 22:17:19.481 D/ADSPD   ( 1414): DSP_CMD_DAEMON_SET_PM_STATE : 1
12-03 22:17:19.481 D/PowerManagerService-JNI( 1754): Excessive delay in setInteractive(true) while turning screen on: 56ms
12-03 22:17:19.501 E/ClockworkHome( 1872): Tried to exit ambient mode, but enterAmbientMode() was never called.
12-03 22:17:19.501 D/mot_vr_audio_hw( 1421): dsp_recognizer_enabled = true
12-03 22:17:19.501 D/mot_vr_audio_hw( 1421): open_input_stream(): devices = 0x80000004, rate = 8000, channels = 0x10
12-03 22:17:19.501 D/mot_vr_audio_hw( 1421): Created resampler for 16000->8000 Hz
12-03 22:17:19.501 W/InputMethodManagerService( 1754): Ignoring setImeWindowStatus of uid 1000 token: null
12-03 22:17:19.511 D/mot_vr_audio_hw( 1421): in_read waiting for hotword
12-03 22:17:19.521 V/WearActivity( 2084): Resume!
12-03 22:17:19.521 V/MyViewAnim( 2084): success getting new surface holder
12-03 22:17:19.541 I/TimeWrapper( 2084): FPS: 0.0021659536, samples: 1
12-03 22:17:19.541 I/TimeWrapper( 2084): Min/Avg/Max frame render speed (ms): 20.111084 / 20.111084 / 20.111084
12-03 22:17:19.541 I/TimeWrapper( 2084): Waketime: 0.0043559675%
12-03 22:17:19.541 D/ConnectivityService( 1754): Sampling interval elapsed, updating statistics ..
12-03 22:17:19.551 E/HostWithRpcCallback( 1872): Failed to send RPC
12-03 22:17:19.551 E/HostWithRpcCallback( 1872): com.google.android.wearable.gmsclient.WearableException: sendRpcAsync failed: Status{statusCode=unknown status code: 4000, resolution=null}
12-03 22:17:19.551 E/HostWithRpcCallback( 1872): 	at com.google.android.wearable.gmsclient.GoogleApiClientHelper.throwIfFailed(GoogleApiClientHelper.java:98)
12-03 22:17:19.551 E/HostWithRpcCallback( 1872): 	at com.google.android.wearable.gmsclient.MessageManager$1$1.getResult(MessageManager.java:81)
12-03 22:17:19.551 E/HostWithRpcCallback( 1872): 	at com.google.android.wearable.gmsclient.MessageManager$1$1.getResult(MessageManager.java:78)
12-03 22:17:19.551 E/HostWithRpcCallback( 1872): 	at com.google.android.clockwork.actions.WearableHostWithRpcCallback$SendRpcCallbackWithId.onSendRpc(WearableHostWithRpcCallback.java:292)
12-03 22:17:19.551 E/HostWithRpcCallback( 1872): 	at com.google.android.wearable.gmsclient.MessageManager$1.onResult(MessageManager.java:78)
12-03 22:17:19.551 E/HostWithRpcCallback( 1872): 	at com.google.android.wearable.gmsclient.MessageManager$1.onResult(MessageManager.java:75)
12-03 22:17:19.551 E/HostWithRpcCallback( 1872): 	at com.google.android.gms.common.api.BaseImplementation$CallbackHandler.deliverResultCallback(Unknown Source)
12-03 22:17:19.551 E/HostWithRpcCallback( 1872): 	at com.google.android.gms.common.api.BaseImplementation$CallbackHandler.handleMessage(Unknown Source)
12-03 22:17:19.551 E/HostWithRpcCallback( 1872): 	at android.os.Handler.dispatchMessage(Handler.java:102)
12-03 22:17:19.551 E/HostWithRpcCallback( 1872): 	at android.os.Looper.loop(Looper.java:136)
12-03 22:17:19.551 E/HostWithRpcCallback( 1872): 	at android.app.ActivityThread.main(ActivityThread.java:5026)
12-03 22:17:19.551 E/HostWithRpcCallback( 1872): 	at java.lang.reflect.Method.invokeNative(Native Method)
12-03 22:17:19.551 E/HostWithRpcCallback( 1872): 	at java.lang.reflect.Method.invoke(Method.java:515)
12-03 22:17:19.551 E/HostWithRpcCallback( 1872): 	at com.android.internal.os.ZygoteInit$MethodAndArgsCaller.run(ZygoteInit.java:777)
12-03 22:17:19.551 E/HostWithRpcCallback( 1872): 	at com.android.internal.os.ZygoteInit.main(ZygoteInit.java:602)
12-03 22:17:19.551 E/HostWithRpcCallback( 1872): 	at dalvik.system.NativeStart.main(Native Method)
12-03 22:17:19.561 D/ConnectivityService( 1754): Done.
12-03 22:17:19.561 D/ConnectivityService( 1754): Setting timer for 720seconds
12-03 22:17:19.621 D/SurfaceFlinger( 1419): Screen acquired, type=0 flinger=0xb76ea448
12-03 22:17:19.621 D/hwcomposer( 1419): hwc_blank(0: 0)
12-03 22:17:19.621 D/SensorHAL( 1754): adjustSensorHandle: handle = 9 adjustedHandle = 1
12-03 22:17:19.621 D/SensorHAL( 1754): adjustSensorHandle: handle = 9 adjustedHandle = 1
12-03 22:17:19.631 I/DisplayManagerService( 1754): Display device changed: DisplayDeviceInfo{"Built-in Screen": 320 x 290, 45.000004 fps, density 213, 203.2 x 204.61111 dpi, touch INTERNAL, rotation 0, type BUILT_IN, state ON, FLAG_DEFAULT_DISPLAY, FLAG_ROTATES_WITH_CONTENT, FLAG_SECURE, FLAG_SUPPORTS_PROTECTED_BUFFERS}
12-03 22:17:19.631 V/ActivityManager( 1754): Display changed displayId=0
12-03 22:17:19.651 D/SensorHAL( 1754): adjustSensorHandle: handle = 9 adjustedHandle = 1
12-03 22:17:19.661 V/WearActivity( 2084): display changed: 0, new state: 2
12-03 22:17:19.661 V/WearActivity( 2084): onDisplayChanged: on!
12-03 22:17:19.661 V/WearActivity( 2084): killing alarms
12-03 22:17:19.661 V/WearActivity( 2084): startHelper: putting it all back together again
12-03 22:17:19.661 V/WearActivity( 2084): initAlarm: setting up
12-03 22:17:19.681 I/ClockFace( 2084): Ambient mode: false
12-03 22:17:19.721 V/MyViewAnim( 2084): resumeMaxHertz
12-03 22:17:19.721 V/ClockFace( 2084): clearing caches
12-03 22:17:19.721 V/MyViewAnim( 2084): starting new animator
12-03 22:17:19.721 V/MyViewAnim( 2084): Time listener is up!
12-03 22:17:19.721 V/MyViewAnim( 2084): starting new draw thread
12-03 22:17:19.731 D/LightsService( 1754): Excessive delay setting light: 91ms
12-03 22:17:19.731 F/Looper  ( 2084): Could not create wake pipe.  errno=24
12-03 22:17:19.731 F/libc    ( 2084): Fatal signal 6 (SIGABRT) at 0x824 (code=-6), thread 7155 (Thread-293)
12-03 22:17:19.731 D/dalvikvm( 3008): GC_CONCURRENT freed 380K, 27% free 2240K/3052K, paused 3ms+1ms, total 58ms
12-03 22:17:19.781 E/ADSPD   ( 1414): Timeout on select()
12-03 22:17:19.781 E/ADSPD   ( 1414): NO ACK received after loading firmware
12-03 22:17:19.781 E/ADSPD   ( 1414): Unknown ACK received 0x00
12-03 22:17:19.781 D/ADSPD   ( 1414): Client cmd=0x0003, size=4
12-03 22:17:19.801 D/ADSPD   ( 1414): Received from DSP: cmd=0x8003, size=2
12-03 22:17:19.801 D/ADSPD   ( 1414): Client cmd=0x4003, size=2
12-03 22:17:19.801 D/mot_vr_audio_hw( 1421): received recognition control callback, status 0
12-03 22:17:19.851 I/DEBUG   ( 1418): *** *** *** *** *** *** *** *** *** *** *** *** *** *** *** ***
12-03 22:17:19.851 I/DEBUG   ( 1418): Build fingerprint: 'motorola/metallica/minnow:4.4W.2/KNX01S/1526154:user/release-keys'
12-03 22:17:19.851 I/DEBUG   ( 1418): Revision: '0'
12-03 22:17:19.851 I/DEBUG   ( 1418): pid: 2084, tid: 7155, name: Thread-293  >>> org.dwallach.calwatch <<<
12-03 22:17:19.851 I/DEBUG   ( 1418): signal 6 (SIGABRT), code -6 (SI_TKILL), fault addr --------
12-03 22:17:20.031 I/DEBUG   ( 1418):     r0 00000000  r1 00001bf3  r2 00000006  r3 00000000
12-03 22:17:20.031 I/DEBUG   ( 1418):     r4 00000006  r5 00000018  r6 00001bf3  r7 0000010c
12-03 22:17:20.031 I/DEBUG   ( 1418):     r8 a349fb00  r9 a3d90f40  sl 00000008  fp a349fb14
12-03 22:17:20.031 I/DEBUG   ( 1418):     ip b6e5cb10  sp a349f638  lr b6e90335  pc b6ea9f70  cpsr 000f0010
12-03 22:17:20.031 I/DEBUG   ( 1418):     d0  ffffffffffffffff  d1  202e657069702065
12-03 22:17:20.031 I/DEBUG   ( 1418):     d2  0000000000000072  d3  0000014000000172
12-03 22:17:20.031 I/DEBUG   ( 1418):     d4  0063006900680070  d5  0066006600750042
12-03 22:17:20.031 I/DEBUG   ( 1418):     d6  0072005000720065  d7  006300750064006f
12-03 22:17:20.031 I/DEBUG   ( 1418):     d8  c0d0555543200000  d9  adc5d22043197d55
12-03 22:17:20.031 I/DEBUG   ( 1418):     d10 4338bd5543200000  d11 4320000043200000
12-03 22:17:20.031 I/DEBUG   ( 1418):     d12 408f4000000000a0  d13 4064000000000000
12-03 22:17:20.031 I/DEBUG   ( 1418):     d14 3f59999a43080000  d15 4061000000000000
12-03 22:17:20.031 I/DEBUG   ( 1418):     d16 0000000000000000  d17 000029605ae05ae0
12-03 22:17:20.031 I/DEBUG   ( 1418):     d18 000002e0000002e0  d19 0000000000000160
12-03 22:17:20.031 I/DEBUG   ( 1418):     d20 02f45ae002f45ae0  d21 00000000017a2960
12-03 22:17:20.031 I/DEBUG   ( 1418):     d22 0000000c0000000c  d23 0000000000000006
12-03 22:17:20.031 I/DEBUG   ( 1418):     d24 07e0f80007e0f800  d25 07e0f80007e0f800
12-03 22:17:20.031 I/DEBUG   ( 1418):     d26 000002f4000002f4  d27 000000000000017a
12-03 22:17:20.031 I/DEBUG   ( 1418):     d28 02f45d0002f45d00  d29 00000000017a2e80
12-03 22:17:20.031 I/DEBUG   ( 1418):     d30 0000000000000000  d31 017a280000000000
12-03 22:17:20.031 I/DEBUG   ( 1418):     scr 60000013
12-03 22:17:20.031 I/DEBUG   ( 1418): 
12-03 22:17:20.031 I/DEBUG   ( 1418): backtrace:
12-03 22:17:20.031 I/DEBUG   ( 1418):     #00 pc 0002df70  /system/lib/libc.so (tgkill+12)
12-03 22:17:20.031 I/DEBUG   ( 1418):     #01 pc 00014331  /system/lib/libc.so (pthread_kill+64)
12-03 22:17:20.031 I/DEBUG   ( 1418):     #02 pc 00014c75  /system/lib/libc.so (raise+10)
12-03 22:17:20.031 I/DEBUG   ( 1418):     #03 pc 0001257d  /system/lib/libc.so
12-03 22:17:20.031 I/DEBUG   ( 1418):     #04 pc 000109c4  /system/lib/libc.so (abort+4)
12-03 22:17:20.031 I/DEBUG   ( 1418):     #05 pc 00006b15  /system/lib/libcutils.so (__android_log_assert+88)
12-03 22:17:20.031 I/DEBUG   ( 1418):     #06 pc 0001024b  /system/lib/libutils.so (android::Looper::Looper(bool)+194)
12-03 22:17:20.031 I/DEBUG   ( 1418):     #07 pc 0006b721  /system/lib/libandroid_runtime.so (android::NativeMessageQueue::NativeMessageQueue()+80)
12-03 22:17:20.031 I/DEBUG   ( 1418):     #08 pc 0006b759  /system/lib/libandroid_runtime.so
12-03 22:17:20.031 I/DEBUG   ( 1418):     #09 pc 0001e544  /system/lib/libdvm.so (dvmPlatformInvoke+112)
12-03 22:17:20.031 I/DEBUG   ( 1418):     #10 pc 0004e51b  /system/lib/libdvm.so (dvmCallJNIMethod(unsigned int const*, JValue*, Method const*, Thread*)+418)
12-03 22:17:20.031 I/DEBUG   ( 1418):     #11 pc 00027960  /system/lib/libdvm.so
12-03 22:17:20.031 I/DEBUG   ( 1418):     #12 pc 0002e6d4  /system/lib/libdvm.so (dvmMterpStd(Thread*)+68)
12-03 22:17:20.031 I/DEBUG   ( 1418):     #13 pc 0002bf24  /system/lib/libdvm.so (dvmInterpret(Thread*, Method const*, JValue*)+184)
12-03 22:17:20.031 I/DEBUG   ( 1418):     #14 pc 0006114d  /system/lib/libdvm.so (dvmCallMethodV(Thread*, Method const*, Object*, bool, JValue*, std::__va_list)+328)
12-03 22:17:20.031 I/DEBUG   ( 1418):     #15 pc 00061171  /system/lib/libdvm.so (dvmCallMethod(Thread*, Method const*, Object*, JValue*, ...)+20)
12-03 22:17:20.031 I/DEBUG   ( 1418):     #16 pc 00055c99  /system/lib/libdvm.so
12-03 22:17:20.031 I/DEBUG   ( 1418):     #17 pc 00013add  /system/lib/libc.so
12-03 22:17:20.031 I/DEBUG   ( 1418):     #18 pc 000126b3  /system/lib/libc.so (__bionic_clone_entry+6)
12-03 22:17:20.031 I/DEBUG   ( 1418):     #19 pc 00013c89  /system/lib/libc.so (pthread_create+340)
12-03 22:17:20.031 I/DEBUG   ( 1418): 
12-03 22:17:20.031 I/DEBUG   ( 1418): stack:
12-03 22:17:20.031 I/DEBUG   ( 1418):          a349f5f8  b6e5cb10  /system/lib/libutils.so
12-03 22:17:20.031 I/DEBUG   ( 1418):          a349f5fc  a349fb00  [stack:7155]
12-03 22:17:20.031 I/DEBUG   ( 1418):          a349f600  a3d90f40  
12-03 22:17:20.031 I/DEBUG   ( 1418):          a349f604  00000008  
12-03 22:17:20.031 I/DEBUG   ( 1418):          a349f608  00000000  
12-03 22:17:20.031 I/DEBUG   ( 1418):          a349f60c  b6ee45fd  /system/lib/libcutils.so
12-03 22:17:20.031 I/DEBUG   ( 1418):          a349f610  00000026  
12-03 22:17:20.031 I/DEBUG   ( 1418):          a349f614  b6e5cb60  /system/lib/libutils.so
12-03 22:17:20.041 I/DEBUG   ( 1418):          a349f618  00000000  
12-03 22:17:20.041 I/DEBUG   ( 1418):          a349f61c  b6ee4845  /system/lib/libcutils.so (__android_log_write+216)
12-03 22:17:20.041 I/DEBUG   ( 1418):          a349f620  00000006  
12-03 22:17:20.041 I/DEBUG   ( 1418):          a349f624  00000018  
12-03 22:17:20.041 I/DEBUG   ( 1418):          a349f628  00001bf3  
12-03 22:17:20.041 I/DEBUG   ( 1418):          a349f62c  b6e5cb10  /system/lib/libutils.so
12-03 22:17:20.041 I/DEBUG   ( 1418):          a349f630  a349fb00  [stack:7155]
12-03 22:17:20.041 I/DEBUG   ( 1418):          a349f634  b6e90329  /system/lib/libc.so (pthread_kill+56)
12-03 22:17:20.041 I/DEBUG   ( 1418):     #00  a349f638  00000006  
12-03 22:17:20.041 I/DEBUG   ( 1418):          ........  ........
12-03 22:17:20.041 I/DEBUG   ( 1418):     #01  a349f638  00000006  
12-03 22:17:20.041 I/DEBUG   ( 1418):          a349f63c  b6e5a65c  /system/lib/libutils.so
12-03 22:17:20.041 I/DEBUG   ( 1418):          a349f640  a349f658  [stack:7155]
12-03 22:17:20.041 I/DEBUG   ( 1418):          a349f644  b6e90c79  /system/lib/libc.so (raise+14)
12-03 22:17:20.041 I/DEBUG   ( 1418):     #02  a349f648  a349f654  [stack:7155]
12-03 22:17:20.041 I/DEBUG   ( 1418):          a349f64c  b6e8e581  /system/lib/libc.so
12-03 22:17:20.041 I/DEBUG   ( 1418): 
12-03 22:17:20.041 I/DEBUG   ( 1418): memory near r1:
12-03 22:17:20.041 I/DEBUG   ( 1418):     00001bd0 ffffffff ffffffff ffffffff ffffffff  
12-03 22:17:20.041 I/DEBUG   ( 1418):     00001be0 ffffffff ffffffff ffffffff ffffffff  
12-03 22:17:20.041 I/DEBUG   ( 1418):     00001bf0 ffffffff ffffffff ffffffff ffffffff  
12-03 22:17:20.041 I/DEBUG   ( 1418):     00001c00 ffffffff ffffffff ffffffff ffffffff  
12-03 22:17:20.041 I/DEBUG   ( 1418):     00001c10 ffffffff ffffffff ffffffff ffffffff  
12-03 22:17:20.041 I/DEBUG   ( 1418):     00001c20 ffffffff ffffffff ffffffff ffffffff  
12-03 22:17:20.041 I/DEBUG   ( 1418):     00001c30 ffffffff ffffffff ffffffff ffffffff  
12-03 22:17:20.041 I/DEBUG   ( 1418):     00001c40 ffffffff ffffffff ffffffff ffffffff  
12-03 22:17:20.061 I/DEBUG   ( 1418):     00001c50 ffffffff ffffffff ffffffff ffffffff  
12-03 22:17:20.071 I/DEBUG   ( 1418):     00001c60 ffffffff ffffffff ffffffff ffffffff  
12-03 22:17:20.071 I/DEBUG   ( 1418):     00001c70 ffffffff ffffffff ffffffff ffffffff  
12-03 22:17:20.071 I/DEBUG   ( 1418):     00001c80 ffffffff ffffffff ffffffff ffffffff  
12-03 22:17:20.071 I/DEBUG   ( 1418):     00001c90 ffffffff ffffffff ffffffff ffffffff  
12-03 22:17:20.071 I/DEBUG   ( 1418):     00001ca0 ffffffff ffffffff ffffffff ffffffff  
12-03 22:17:20.071 I/DEBUG   ( 1418):     00001cb0 ffffffff ffffffff ffffffff ffffffff  
12-03 22:17:20.071 I/DEBUG   ( 1418):     00001cc0 ffffffff ffffffff ffffffff ffffffff  
12-03 22:17:20.071 I/DEBUG   ( 1418): 
12-03 22:17:20.071 I/DEBUG   ( 1418): memory near r6:
12-03 22:17:20.071 I/DEBUG   ( 1418):     00001bd0 ffffffff ffffffff ffffffff ffffffff  
12-03 22:17:20.071 I/DEBUG   ( 1418):     00001be0 ffffffff ffffffff ffffffff ffffffff  
12-03 22:17:20.071 I/DEBUG   ( 1418):     00001bf0 ffffffff ffffffff ffffffff ffffffff  
12-03 22:17:20.071 I/DEBUG   ( 1418):     00001c00 ffffffff ffffffff ffffffff ffffffff  
12-03 22:17:20.071 I/DEBUG   ( 1418):     00001c10 ffffffff ffffffff ffffffff ffffffff  
12-03 22:17:20.071 I/DEBUG   ( 1418):     00001c20 ffffffff ffffffff ffffffff ffffffff  
12-03 22:17:20.071 I/DEBUG   ( 1418):     00001c30 ffffffff ffffffff ffffffff ffffffff  
12-03 22:17:20.071 I/DEBUG   ( 1418):     00001c40 ffffffff ffffffff ffffffff ffffffff  
12-03 22:17:20.071 I/DEBUG   ( 1418):     00001c50 ffffffff ffffffff ffffffff ffffffff  
12-03 22:17:20.071 I/DEBUG   ( 1418):     00001c60 ffffffff ffffffff ffffffff ffffffff  
12-03 22:17:20.071 I/DEBUG   ( 1418):     00001c70 ffffffff ffffffff ffffffff ffffffff  
12-03 22:17:20.071 I/DEBUG   ( 1418):     00001c80 ffffffff ffffffff ffffffff ffffffff  
12-03 22:17:20.071 I/DEBUG   ( 1418):     00001c90 ffffffff ffffffff ffffffff ffffffff  
12-03 22:17:20.071 I/DEBUG   ( 1418):     00001ca0 ffffffff ffffffff ffffffff ffffffff  
12-03 22:17:20.071 I/DEBUG   ( 1418):     00001cb0 ffffffff ffffffff ffffffff ffffffff  
12-03 22:17:20.071 I/DEBUG   ( 1418):     00001cc0 ffffffff ffffffff ffffffff ffffffff  
12-03 22:17:20.071 I/DEBUG   ( 1418): 
12-03 22:17:20.071 I/DEBUG   ( 1418): memory near r8:
12-03 22:17:20.071 I/DEBUG   ( 1418):     a349fae0 b8f24aa0 00000003 a3d90f48 b6d8c75d  
12-03 22:17:20.071 I/DEBUG   ( 1418):     a349faf0 a8db92e6 a9ab1188 b8f5e798 b5a1c548  
12-03 22:17:20.071 I/DEBUG   ( 1418):     a349fb00 a8f9d09f 0000010a ada25828 b8f5e7a8  
12-03 22:17:20.071 I/DEBUG   ( 1418):     a349fb10 00000001 b5a4c51f a3d90f40 a8f9d09f  
12-03 22:17:20.071 I/DEBUG   ( 1418):     a349fb20 b6d8c74d b8f5e7a8 a3d90f1c a9ab10a8  
12-03 22:17:20.071 I/DEBUG   ( 1418):     a349fb30 1d200001 00000000 b6ecad78 a349fc30  
12-03 22:17:20.071 I/DEBUG   ( 1418):     a349fb40 00000000 a349fc84 43200000 c0d05555  
12-03 22:17:20.071 I/DEBUG   ( 1418):     a349fb50 43197d55 adc5d220 43200000 4338bd55  
12-03 22:17:20.071 I/DEBUG   ( 1418):     a349fb60 43200000 43200000 000000a0 408f4000  
12-03 22:17:20.071 I/DEBUG   ( 1418):     a349fb70 00000000 40640000 43080000 3f59999a  
12-03 22:17:20.071 I/DEBUG   ( 1418):     a349fb80 00000000 40610000 b5aaf3a0 00000009  
12-03 22:17:20.071 I/DEBUG   ( 1418):     a349fb90 00000000 a3d90f2c b8f5e798 a9a5bb40  
12-03 22:17:20.071 I/DEBUG   ( 1418):     a349fba0 00000000 00000009 00000000 b5a5f157  
12-03 22:17:20.071 I/DEBUG   ( 1418):     a349fbb0 b5aaac60 00000020 b5aaf3a0 ffffffff  
12-03 22:17:20.071 I/DEBUG   ( 1418):     a349fbc0 b8cbf328 fffffea4 00000001 00000014  
12-03 22:17:20.071 I/DEBUG   ( 1418):     a349fbd0 b5aaf3a0 adcd7de0 b8cbf328 b5a71e6b  
12-03 22:17:20.071 I/DEBUG   ( 1418): 
12-03 22:17:20.071 I/DEBUG   ( 1418): memory near r9:
12-03 22:17:20.071 I/DEBUG   ( 1418):     a3d90f20 adcd7de0 a3d90f54 a8dba5e2 a3d90f54  
12-03 22:17:20.071 I/DEBUG   ( 1418):     a3d90f30 a8dba5f0 a9ab1188 00000000 00000000  
12-03 22:17:20.071 I/DEBUG   ( 1418):     a3d90f40 a3d90f78 a8db92e6 a9ab10a8 a8dba5f0  
12-03 22:17:20.071 I/DEBUG   ( 1418):     a3d90f50 00000000 adcd7de0 a8db9574 adc0a7f0  
12-03 22:17:20.071 I/DEBUG   ( 1418):     a3d90f60 00000001 a3d90f98 a8db9598 a9ab0b68  
12-03 22:17:20.071 I/DEBUG   ( 1418):     a3d90f70 a8db92e6 00000000 adc0a7f0 add29558  
12-03 22:17:20.071 I/DEBUG   ( 1418):     a3d90f80 00000001 a3d90fb8 a8db9556 a9ab0cb8  
12-03 22:17:20.071 I/DEBUG   ( 1418):     a3d90f90 a8db9598 00000000 adadc838 add29558  
12-03 22:17:20.071 I/DEBUG   ( 1418):     a3d90fa0 00000001 a3d90fd0 a4678b3e a9ab0c80  
12-03 22:17:20.071 I/DEBUG   ( 1418):     a3d90fb0 a8db9556 00000000 00000001 a3d91000  
12-03 22:17:20.071 I/DEBUG   ( 1418):     a3d90fc0 00000000 a9c933b0 a4678b3e 00000000  
12-03 22:17:20.071 I/DEBUG   ( 1418):     a3d90fd0 00000000 00000000 00000000 00000000  
12-03 22:17:20.071 I/DEBUG   ( 1418):     a3d90fe0 00000000 00000000 add29480 00000000  
12-03 22:17:20.071 I/DEBUG   ( 1418):     a3d90ff0 00000000 00000000 00000000 00000000  
12-03 22:17:20.071 I/DEBUG   ( 1418):     a3d91000 ffffffff ffffffff ffffffff ffffffff  
12-03 22:17:20.071 I/DEBUG   ( 1418):     a3d91010 ffffffff ffffffff ffffffff ffffffff  
12-03 22:17:20.071 I/DEBUG   ( 1418): 
12-03 22:17:20.071 I/DEBUG   ( 1418): memory near fp:
12-03 22:17:20.071 I/DEBUG   ( 1418):     a349faf4 a9ab1188 b8f5e798 b5a1c548 a8f9d09f  
12-03 22:17:20.071 I/DEBUG   ( 1418):     a349fb04 0000010a ada25828 b8f5e7a8 00000001  
12-03 22:17:20.071 I/DEBUG   ( 1418):     a349fb14 b5a4c51f a3d90f40 a8f9d09f b6d8c74d  
12-03 22:17:20.071 I/DEBUG   ( 1418):     a349fb24 b8f5e7a8 a3d90f1c a9ab10a8 1d200001  
12-03 22:17:20.071 I/DEBUG   ( 1418):     a349fb34 00000000 b6ecad78 a349fc30 00000000  
12-03 22:17:20.071 I/DEBUG   ( 1418):     a349fb44 a349fc84 43200000 c0d05555 43197d55  
12-03 22:17:20.071 I/DEBUG   ( 1418):     a349fb54 adc5d220 43200000 4338bd55 43200000  
12-03 22:17:20.071 I/DEBUG   ( 1418):     a349fb64 43200000 000000a0 408f4000 00000000  
12-03 22:17:20.071 I/DEBUG   ( 1418):     a349fb74 40640000 43080000 3f59999a 00000000  
12-03 22:17:20.071 I/DEBUG   ( 1418):     a349fb84 40610000 b5aaf3a0 00000009 00000000  
12-03 22:17:20.071 I/DEBUG   ( 1418):     a349fb94 a3d90f2c b8f5e798 a9a5bb40 00000000  
12-03 22:17:20.071 I/DEBUG   ( 1418):     a349fba4 00000009 00000000 b5a5f157 b5aaac60  
12-03 22:17:20.071 I/DEBUG   ( 1418):     a349fbb4 00000020 b5aaf3a0 ffffffff b8cbf328  
12-03 22:17:20.071 I/DEBUG   ( 1418):     a349fbc4 fffffea4 00000001 00000014 b5aaf3a0  
12-03 22:17:20.071 I/DEBUG   ( 1418):     a349fbd4 adcd7de0 b8cbf328 b5a71e6b b5aaac60  
12-03 22:17:20.071 I/DEBUG   ( 1418):     a349fbe4 ada0ca78 b5aaf3a0 adcd7de0 00000014  
12-03 22:17:20.071 I/DEBUG   ( 1418): 
12-03 22:17:20.071 I/DEBUG   ( 1418): memory near ip:
12-03 22:17:20.071 I/DEBUG   ( 1418):     b6e5caf0 b6e57ebf b6e54db7 b6e54db7 b6e5509b  
12-03 22:17:20.071 I/DEBUG   ( 1418):     b6e5cb00 b6e54db7 00000000 00000000 00000000  
12-03 22:17:20.071 I/DEBUG   ( 1418):     b6e5cb10 b6e57eed b6e57f15 b6e57dc5 b6e58599  
12-03 22:17:20.071 I/DEBUG   ( 1418):     b6e5cb20 b6e58db5 b6e58dd1 b6e58deb b6e58e11  
12-03 22:17:20.071 I/DEBUG   ( 1418):     b6e5cb30 00000000 00000000 b6e57f65 b6e57f8d  
12-03 22:17:20.071 I/DEBUG   ( 1418):     b6e5cb40 b6e57dab b6e58761 b6e58d13 b6e58cf1  
12-03 22:17:20.071 I/DEBUG   ( 1418):     b6e5cb50 b6e58d69 b6e58d37 b6e54549 00000000  
12-03 22:17:20.071 I/DEBUG   ( 1418):     b6e5cb60 00000000 00000000 b6e57f29 b6e57f51  
12-03 22:17:20.071 I/DEBUG   ( 1418):     b6e5cb70 b6e57dab b6e58761 b6e58d13 b6e58cf1  
12-03 22:17:20.071 I/DEBUG   ( 1418):     b6e5cb80 b6e58d69 b6e58d37 0000000c 00000000  
12-03 22:17:20.071 I/DEBUG   ( 1418):     b6e5cb90 00000000 b6e57dfd b6e57e91 b6e7991d  
12-03 22:17:20.071 I/DEBUG   ( 1418):     b6e5cba0 00000000 00000000 00000000 00000000  
12-03 22:17:20.071 I/DEBUG   ( 1418):     b6e5cbb0 fffffff4 fffffff4 00000000 b6e57e29  
12-03 22:17:20.071 I/DEBUG   ( 1418):     b6e5cbc0 b6e57ea3 b6e54db7 b6e54db7 b6e5509b  
12-03 22:17:20.071 I/DEBUG   ( 1418):     b6e5cbd0 b6e54db7 00000000 00000008 00000000  
12-03 22:17:20.071 I/DEBUG   ( 1418):     b6e5cbe0 00000000 b6e57e35 b6e57ead b6e7991d  
12-03 22:17:20.071 I/DEBUG   ( 1418): 
12-03 22:17:20.071 I/DEBUG   ( 1418): memory near sp:
12-03 22:17:20.071 I/DEBUG   ( 1418):     a349f618 00000000 b6ee4845 00000006 00000018  
12-03 22:17:20.071 I/DEBUG   ( 1418):     a349f628 00001bf3 b6e5cb10 a349fb00 b6e90329  
12-03 22:17:20.071 I/DEBUG   ( 1418):     a349f638 00000006 b6e5a65c a349f658 b6e90c79  
12-03 22:17:20.071 I/DEBUG   ( 1418):     a349f648 a349f654 b6e8e581 00000000 ffffffdf  
12-03 22:17:20.071 I/DEBUG   ( 1418):     a349f658 00000000 00000000 00000000 6605cc33  
12-03 22:17:20.071 I/DEBUG   ( 1418):     a349f668 a349f684 b6e5a65c b6e5cb60 b6e8c9c8  
12-03 22:17:20.071 I/DEBUG   ( 1418):     a349f678 00000000 b6ee4b19 a349fa9c 6c756f43  
12-03 22:17:20.071 I/DEBUG   ( 1418):     a349f688 6f6e2064 72632074 65746165 6b617720  
12-03 22:17:20.071 I/DEBUG   ( 1418):     a349f698 69702065 202e6570 72726520 323d6f6e  
12-03 22:17:20.071 I/DEBUG   ( 1418):     a349f6a8 00000034 00000000 00000000 00000000  
12-03 22:17:20.071 I/DEBUG   ( 1418):     a349f6b8 00000000 00000000 00000000 00000000  
12-03 22:17:20.071 I/DEBUG   ( 1418):     a349f6c8 00000000 00000000 00000000 00000000  
12-03 22:17:20.071 I/DEBUG   ( 1418):     a349f6d8 00000000 00000000 00000000 00000000  
12-03 22:17:20.071 I/DEBUG   ( 1418):     a349f6e8 00000000 00000000 00000000 00000000  
12-03 22:17:20.071 I/DEBUG   ( 1418):     a349f6f8 00000000 00000000 00000000 00000000  
12-03 22:17:20.071 I/DEBUG   ( 1418):     a349f708 00000000 00000000 00000000 00000000  
12-03 22:17:20.071 I/DEBUG   ( 1418): 
12-03 22:17:20.071 I/DEBUG   ( 1418): code around pc:
12-03 22:17:20.071 I/DEBUG   ( 1418):     b6ea9f50 e1a0700c e3700a01 912fff1e e2600000  
12-03 22:17:20.071 I/DEBUG   ( 1418):     b6ea9f60 ea003ac3 e1a0c007 e3a07f43 ef000000  
12-03 22:17:20.071 I/DEBUG   ( 1418):     b6ea9f70 e1a0700c e3700a01 912fff1e e2600000  
12-03 22:17:20.071 I/DEBUG   ( 1418):     b6ea9f80 ea003abb e1a0c007 e59f7014 ef000000  
12-03 22:17:20.071 I/DEBUG   ( 1418):     b6ea9f90 e1a0700c e3700a01 912fff1e e2600000  
12-03 22:17:20.071 I/DEBUG   ( 1418):     b6ea9fa0 ea003ab3 0000015e e1a0c007 e59f7014  
12-03 22:17:20.071 I/DEBUG   ( 1418):     b6ea9fb0 ef000000 e1a0700c e3700a01 912fff1e  
12-03 22:17:20.071 I/DEBUG   ( 1418):     b6ea9fc0 e2600000 ea003aaa 00000162 e1a0c007  
12-03 22:17:20.071 I/DEBUG   ( 1418):     b6ea9fd0 e59f7014 ef000000 e1a0700c e3700a01  
12-03 22:17:20.071 I/DEBUG   ( 1418):     b6ea9fe0 912fff1e e2600000 ea003aa1 00000161  
12-03 22:17:20.071 I/DEBUG   ( 1418):     b6ea9ff0 e1a0c007 e3a0702b ef000000 e1a0700c  
12-03 22:17:20.071 I/DEBUG   ( 1418):     b6eaa000 e3700a01 912fff1e e2600000 ea003a98  
12-03 22:17:20.071 I/DEBUG   ( 1418):     b6eaa010 e1a0c007 e3a070ee ef000000 e1a0700c  
12-03 22:17:20.071 I/DEBUG   ( 1418):     b6eaa020 e3700a01 912fff1e e2600000 ea003a90  
12-03 22:17:20.071 I/DEBUG   ( 1418):     b6eaa030 e1a0c007 e3a0705c ef000000 e1a0700c  
12-03 22:17:20.071 I/DEBUG   ( 1418):     b6eaa040 e3700a01 912fff1e e2600000 ea003a88  
12-03 22:17:20.071 I/DEBUG   ( 1418): 
12-03 22:17:20.071 I/DEBUG   ( 1418): code around lr:
12-03 22:17:20.071 I/DEBUG   ( 1418):     b6e90314 44782403 f952f000 689ee011 4478480d  
12-03 22:17:20.071 I/DEBUG   ( 1418):     b6e90324 f94cf000 efc2f018 46224631 ee18f019  
12-03 22:17:20.071 I/DEBUG   ( 1418):     b6e90334 d1033001 fad4f7fe e0006804 f7fe2400  
12-03 22:17:20.071 I/DEBUG   ( 1418):     b6e90344 6005facf bd704620 0003aa9e 0003aa92  
12-03 22:17:20.071 I/DEBUG   ( 1418):     b6e90354 0003aa86 0003aa7a 33fff04f 20006003  
12-03 22:17:20.071 I/DEBUG   ( 1418):     b6e90364 68034770 000ff003 d8022802 20006008  
12-03 22:17:20.071 I/DEBUG   ( 1418):     b6e90374 20164770 29024770 6803d806 020ff023  
12-03 22:17:20.071 I/DEBUG   ( 1418):     b6e90384 60014311 47702000 47702016 2901b129  
12-03 22:17:20.071 I/DEBUG   ( 1418):     b6e90394 6803d109 0110f043 6802e002 0110f022  
12-03 22:17:20.071 I/DEBUG   ( 1418):     b6e903a4 20006001 20164770 68034770 1000f3c3  
12-03 22:17:20.071 I/DEBUG   ( 1418):     b6e903b4 20006008 b9114770 20006001 680a4770  
12-03 22:17:20.071 I/DEBUG   ( 1418):     b6e903c4 0f10f012 010ff002 f44fbf14 23005300  
12-03 22:17:20.071 I/DEBUG   ( 1418):     b6e903d4 d0032901 d0042902 e004b939 4380f443  
12-03 22:17:20.071 I/DEBUG   ( 1418):     b6e903e4 f443e001 60034300 2016e7e7 e92d4770  
12-03 22:17:20.071 I/DEBUG   ( 1418):     b6e903f4 460441f0 f4156805 f4054740 d06b5600  
12-03 22:17:20.071 I/DEBUG   ( 1418):     b6e90404 fdcaf7ff ebb36883 d11a4f15 4f00f5b7  
12-03 22:17:20.091 D/WearApiHelper( 3008): sendMessage: /SYNC_NEEDED
12-03 22:17:20.091 D/WearApiHelper( 3008): Already connected. Sending message: /SYNC_NEEDED
12-03 22:17:21.663 W/ActivityManager( 1754):   Force finishing activity org.dwallach.calwatch/.WearActivity
12-03 22:17:21.713 V/WearActivity( 2084): Pause!
12-03 22:17:21.713 I/BootReceiver( 1754): Copying /data/tombstones/tombstone_06 to DropBox (SYSTEM_TOMBSTONE)
12-03 22:17:21.753 W/InputDispatcher( 1754): channel 'adeb1b40 org.dwallach.calwatch/org.dwallach.calwatch.WearActivity (server)' ~ Consumer closed input channel or an error occurred.  events=0x9
12-03 22:17:21.753 E/InputDispatcher( 1754): channel 'adeb1b40 org.dwallach.calwatch/org.dwallach.calwatch.WearActivity (server)' ~ Channel is unrecoverably broken and will be disposed!
12-03 22:17:21.783 D/dalvikvm( 1754): GC_FOR_ALLOC freed 385K, 21% free 4952K/6260K, paused 67ms, total 69ms
12-03 22:17:21.783 I/dalvikvm-heap( 1754): Grow heap (frag case) to 5.157MB for 131088-byte allocation
12-03 22:17:21.823 D/Zygote  ( 1420): Process 2084 terminated by signal (6)
12-03 22:17:21.833 D/dalvikvm( 1754): GC_FOR_ALLOC freed 17K, 21% free 5063K/6392K, paused 50ms, total 50ms
12-03 22:17:21.833 W/InputDispatcher( 1754): Attempted to unregister already unregistered input channel 'adeb1b40 org.dwallach.calwatch/org.dwallach.calwatch.WearActivity (server)'
12-03 22:17:21.833 I/WindowState( 1754): WIN DEATH: Window{adeb1b40 u0 org.dwallach.calwatch/org.dwallach.calwatch.WearActivity}
12-03 22:17:21.853 I/WindowState( 1754): WIN DEATH: Window{adda75e0 u0 SurfaceView}
12-03 22:17:21.893 D/dalvikvm( 1754): GC_FOR_ALLOC freed 70K, 22% free 5022K/6392K, paused 37ms, total 37ms
12-03 22:17:21.893 I/dalvikvm-heap( 1754): Grow heap (frag case) to 5.225MB for 131088-byte allocation
12-03 22:17:21.923 D/dalvikvm( 1754): GC_FOR_ALLOC freed 6K, 22% free 5143K/6524K, paused 35ms, total 35ms
12-03 22:17:21.963 D/dalvikvm( 1754): GC_FOR_ALLOC freed <1K, 22% free 5143K/6524K, paused 35ms, total 35ms
12-03 22:17:21.963 I/dalvikvm-heap( 1754): Grow heap (frag case) to 5.406MB for 196628-byte allocation
12-03 22:17:21.993 D/dalvikvm( 1754): GC_FOR_ALLOC freed 0K, 21% free 5335K/6720K, paused 35ms, total 35ms
12-03 22:17:22.013 D/WearApiHelper( 3008): Disconnecting
12-03 22:17:22.033 D/dalvikvm( 1754): GC_FOR_ALLOC freed 128K, 23% free 5207K/6720K, paused 36ms, total 36ms
12-03 22:17:22.033 I/dalvikvm-heap( 1754): Grow heap (frag case) to 5.406MB for 131116-byte allocation
12-03 22:17:22.073 D/dalvikvm( 1754): GC_FOR_ALLOC freed 0K, 23% free 5335K/6852K, paused 34ms, total 34ms
12-03 22:17:22.113 D/dalvikvm( 1754): GC_FOR_ALLOC freed 393K, 28% free 4953K/6852K, paused 35ms, total 35ms
12-03 22:17:22.193 D/dalvikvm( 1754): GC_FOR_ALLOC freed 13K, 24% free 5208K/6852K, paused 36ms, total 37ms
12-03 22:17:22.193 I/dalvikvm-heap( 1754): Grow heap (frag case) to 5.759MB for 500416-byte allocation
12-03 22:17:22.243 D/dalvikvm( 1754): GC_FOR_ALLOC freed <1K, 23% free 5696K/7344K, paused 45ms, total 45ms
12-03 22:17:22.294 I/ActivityManager( 1754): Process org.dwallach.calwatch (pid 2084) has died.
12-03 22:17:22.294 W/ActivityManager( 1754): Scheduling restart of crashed service org.dwallach.calwatch/.WearReceiverService in 1000ms
12-03 22:17:22.294 I/DisplayManagerService( 1754): Display device removed: DisplayDeviceInfo{"ActivityViewVirtualDisplay": 320 x 320, 60.0 fps, density 213, 213.0 x 213.0 dpi, touch NONE, rotation 0, type VIRTUAL, state ON, owner android (uid 1000), FLAG_OWN_CONTENT_ONLY}
12-03 22:17:22.304 V/ActivityManager( 1754): Display removed displayId=1
12-03 22:17:22.384 I/DisplayManagerService( 1754): Display device added: DisplayDeviceInfo{"ActivityViewVirtualDisplay": 320 x 320, 60.0 fps, density 213, 213.0 x 213.0 dpi, touch NONE, rotation 0, type VIRTUAL, state OFF, owner android (uid 1000), FLAG_OWN_CONTENT_ONLY}
12-03 22:17:22.384 V/ActivityManager( 1754): Display added displayId=2
12-03 22:17:22.444 V/ActivityManager( 1754): Display changed displayId=2
12-03 22:17:22.484 W/ClockworkHome.HomeView( 1872): Relaunch 1 of watch face org.dwallach.calwatch/.WearActivity
12-03 22:17:22.484 I/DisplayManagerService( 1754): Display device removed: DisplayDeviceInfo{"ActivityViewVirtualDisplay": 320 x 320, 60.0 fps, density 213, 213.0 x 213.0 dpi, touch NONE, rotation 0, type VIRTUAL, state OFF, owner android (uid 1000), FLAG_OWN_CONTENT_ONLY}
12-03 22:17:22.484 V/ActivityManager( 1754): Display removed displayId=2
12-03 22:17:22.524 I/DisplayManagerService( 1754): Display device added: DisplayDeviceInfo{"ActivityViewVirtualDisplay": 320 x 320, 60.0 fps, density 213, 213.0 x 213.0 dpi, touch NONE, rotation 0, type VIRTUAL, state OFF, owner android (uid 1000), FLAG_OWN_CONTENT_ONLY}
12-03 22:17:22.524 V/ActivityManager( 1754): Display added displayId=3
12-03 22:17:22.574 V/ActivityManager( 1754): Display changed displayId=3
12-03 22:17:22.574 I/ActivityManager( 1754): START u0 {flg=0x18010000 cmp=org.dwallach.calwatch/.WearActivity (has extras)} from pid 1872 on display 3
12-03 22:17:22.624 I/ActivityManager( 1754): Start proc org.dwallach.calwatch for activity org.dwallach.calwatch/.WearActivity: pid=7160 uid=10046 gids={50046, 1028, 1015}
12-03 22:17:22.654 V/ActivityManager( 1754): Display changed displayId=0
12-03 22:17:22.724 V/WearActivity( 7160): starting onCreate
12-03 22:17:22.744 I/VersionWrapper( 7160): Version: release1b (294)
12-03 22:17:22.744 V/WearNotificationHelper( 7160): init: active=true
12-03 22:17:22.794 V/WearActivity( 7160): initAmbientWatcher: starting
12-03 22:17:22.794 V/WearActivity( 7160): initializing tickReceiver
12-03 22:17:22.794 V/WearActivity( 7160): initializing displayListener
12-03 22:17:22.794 V/WearActivity( 7160): initAmbientWatcher: complete
12-03 22:17:22.794 V/WearActivity( 7160): Resume!
12-03 22:17:22.814 V/WearReceiverService( 7160): starting listening service
12-03 22:17:22.824 V/WearReceiverService( 7160): onCreate!
12-03 22:17:22.824 V/WearReceiverService( 7160): Trying to connect to GoogleApi
12-03 22:17:22.864 V/WearReceiverService( 7160): service starting!
12-03 22:17:22.864 V/BatteryWrapper( 7160): Hmm, a new context
12-03 22:17:22.864 V/WearReceiverService( 7160): loadPreferences
12-03 22:17:22.874 V/WearNotificationHelper( 7160): nuking any notifications, just in case
12-03 22:17:22.924 V/ClockState( 7160): new calendar event list, 7 entries
12-03 22:17:22.924 V/ClockState( 7160): event update complete
12-03 22:17:22.934 D/dalvikvm( 7160): GC_CONCURRENT freed 188K, 16% free 2078K/2468K, paused 9ms+2ms, total 44ms
12-03 22:17:22.934 V/WearReceiverService( 7160): service starting!
12-03 22:17:22.934 V/WearReceiverService( 7160): clock state already initialized, no need to go to saved prefs
12-03 22:17:22.944 V/MyViewAnim( 7160): setup! numViewAnims: 1
12-03 22:17:22.944 V/MyViewAnim( 7160): initializing ClockFace
12-03 22:17:22.944 V/ClockFace( 7160): ClockFace setup!
12-03 22:17:22.944 V/ClockFace( 7160): clearing caches
12-03 22:17:22.944 V/ClockState( 7160): clipping 7 raw events to fit the screen
12-03 22:17:22.964 D/WearApiHelper( 3008): sendMessage: /SYNC_NEEDED
12-03 22:17:22.974 D/WearableClient( 3008): WearableClientImpl.onPostInitHandler: done
12-03 22:17:22.974 D/WearApiHelper( 3008): Not connected waiting connection
12-03 22:17:23.004 V/EventLayoutUniform( 7160): Event layout success.
12-03 22:17:23.004 V/EventLayoutUniform( 7160): Event layout time: 57.312012 ms
12-03 22:17:23.004 V/ClockState( 7160): maxLevel for new events: 10000
12-03 22:17:23.004 V/ClockState( 7160): number of new events: 3
12-03 22:17:23.004 V/ClockFace( 7160): Moto 360 detected. Flat bottom hack enabled.
12-03 22:17:23.004 V/MyViewAnim( 7160): draw thread desired: true
12-03 22:17:23.004 V/WearActivity( 7160): starting data API receiver
12-03 22:17:23.084 D/OpenGLRenderer( 7160): Enabling debug mode 0
12-03 22:17:23.104 V/MyViewAnim( 7160): Drawing surface created!
12-03 22:17:23.104 V/MyViewAnim( 7160): success getting new surface holder
12-03 22:17:23.124 V/ClockFace( 7160): rendering new face, faceMode(0)
12-03 22:17:23.204 V/ClockFace( 7160): fetching new battery status (1)
12-03 22:17:23.204 V/ClockFace( 7160): battery at 0.42
12-03 22:17:23.204 V/ClockFace( 7160): --> dot radius: 0.028
12-03 22:17:23.204 V/MyViewAnim( 7160): Drawing surface changed!
12-03 22:17:23.204 V/ClockFace( 7160): clearing caches
12-03 22:17:23.224 V/ClockFace( 7160): rendering new face, faceMode(0)
12-03 22:17:23.264 V/ClockFace( 7160): fetching new battery status (2)
12-03 22:17:23.264 V/ClockFace( 7160): battery at 0.42
12-03 22:17:23.264 V/ClockFace( 7160): --> dot radius: 0.028
12-03 22:17:23.284 D/WearableClient( 7160): WearableClientImpl.onPostInitHandler: done
12-03 22:17:23.525 I/ActivityManager( 1754): Displayed org.dwallach.calwatch/.WearActivity: +938ms
12-03 22:17:23.525 I/DisplayManagerService( 1754): Display device changed: DisplayDeviceInfo{"ActivityViewVirtualDisplay": 320 x 320, 60.0 fps, density 213, 213.0 x 213.0 dpi, touch NONE, rotation 0, type VIRTUAL, state ON, owner android (uid 1000), FLAG_OWN_CONTENT_ONLY}
12-03 22:17:23.525 V/ActivityManager( 1754): Display changed displayId=3
12-03 22:17:23.545 V/WearReceiverService( 7160): Connected to Google Api Service
12-03 22:17:23.545 V/WearReceiverService( 7160): pinging phone for data
12-03 22:17:23.645 V/WearActivity( 7160): display changed: 3, new state: 2
12-03 22:17:23.645 V/WearActivity( 7160): onDisplayChanged: on!
12-03 22:17:23.645 V/WearActivity( 7160): killing alarms
12-03 22:17:23.645 V/WearActivity( 7160): startHelper: putting it all back together again
12-03 22:17:23.645 V/WearActivity( 7160): initAlarm: setting up
12-03 22:17:23.645 I/ClockFace( 7160): Ambient mode: false
12-03 22:17:23.655 V/MyViewAnim( 7160): resumeMaxHertz
12-03 22:17:23.655 V/ClockFace( 7160): clearing caches
12-03 22:17:23.655 V/MyViewAnim( 7160): starting new animator
12-03 22:17:23.655 V/MyViewAnim( 7160): Time listener is up!
12-03 22:17:23.655 V/MyViewAnim( 7160): starting new draw thread
12-03 22:17:23.725 V/ClockFace( 7160): rendering new face, faceMode(0)
12-03 22:17:23.765 V/ClockFace( 7160): fetching new battery status (4)
12-03 22:17:23.765 V/ClockFace( 7160): battery at 0.42
12-03 22:17:23.765 V/ClockFace( 7160): --> dot radius: 0.028
12-03 22:17:23.945 D/WearApiHelper( 3008): sendMessage: /SYNC_NEEDED
12-03 22:17:23.945 D/WearApiHelper( 3008): Not connected waiting connection
12-03 22:17:23.945 D/WearApiHelper( 3008): Finally connected! Sending message: /SYNC_NEEDED
12-03 22:17:23.955 D/WearApiHelper( 3008): Stack 1
12-03 22:17:23.955 D/WearApiHelper( 3008): Finally connected! Sending message: /SYNC_NEEDED
12-03 22:17:23.955 D/WearApiHelper( 3008): Stack 0
12-03 22:17:27.429 W/InputMethodManagerService( 1754): Window already focused, ignoring focus gain of: com.android.internal.view.IInputMethodClient$Stub$Proxy@aded6008 attribute=null, token = android.os.BinderProxy@ade86b18
12-03 22:17:28.990 D/WearApiHelper( 3008): Disconnecting
12-03 22:17:32.243 V/WearActivity( 7160): Pause!
12-03 22:17:32.243 I/PowerManagerService( 1754): Going to sleep due to screen timeout...
12-03 22:17:32.243 I/PowerManagerService( 1754): Dozing...
12-03 22:17:32.263 I/DreamController( 1754): Starting dream: name=ComponentInfo{com.google.android.wearable.app/com.google.android.clockwork.home.AmbientMode}, isTest=false, canDoze=true, userId=0
12-03 22:17:32.283 V/WearActivity( 7160): Stop!
12-03 22:17:32.283 D/mot_vr_audio_hw( 1421): dsp_recognizer_enabled = false
12-03 22:17:32.283 D/ADSPD   ( 1414): Client cmd=0x0003, size=4
12-03 22:17:32.283 D/mot_vr_audio_hw( 1421): Switching DSP to standby/passthrough mode
12-03 22:17:32.283 D/mot_vr_audio_hw( 1421): Input 0xb7d79198 ready to read
12-03 22:17:32.293 D/ADSPD   ( 1414): Received from DSP: cmd=0x8003, size=2
12-03 22:17:32.293 D/ADSPD   ( 1414): Client cmd=0x0003, size=4
12-03 22:17:32.293 W/InputMethodManagerService( 1754): Ignoring setImeWindowStatus of uid 1000 token: null
12-03 22:17:32.303 D/mot_vr_audio_hw( 1421): received recognition control callback, status 0
12-03 22:17:32.313 D/ADSPD   ( 1414): Received from DSP: cmd=0x8003, size=2
12-03 22:17:32.313 D/mot_vr_audio_hw( 1421): received recognition control callback, status 0
12-03 22:17:32.333 W/mot_vr_audio_hw( 1421): Discarded 10 buffers without finding audio data
12-03 22:17:32.343 D/ADSPD   ( 1414): Client cmd=0x0003, size=4
12-03 22:17:32.353 D/mot_vr_audio_hw( 1421): Re-arming DSP
12-03 22:17:32.353 D/mot_vr_audio_hw( 1421): Input 0xb7d79198 standby complete
12-03 22:17:32.353 D/mot_vr_audio_hw( 1421): Input 0xb7d79198 close complete
12-03 22:17:32.363 D/ADSPD   ( 1414): Received from DSP: cmd=0x8003, size=2
12-03 22:17:32.363 D/ADSPD   ( 1414): Client cmd=0x4003, size=2
12-03 22:17:32.363 D/mot_vr_audio_hw( 1421): received recognition control callback, status 0
12-03 22:17:32.403 E/HostWithRpcCallback( 1872): Failed to send RPC
12-03 22:17:32.403 E/HostWithRpcCallback( 1872): com.google.android.wearable.gmsclient.WearableException: sendRpcAsync failed: Status{statusCode=unknown status code: 4000, resolution=null}
12-03 22:17:32.403 E/HostWithRpcCallback( 1872): 	at com.google.android.wearable.gmsclient.GoogleApiClientHelper.throwIfFailed(GoogleApiClientHelper.java:98)
12-03 22:17:32.403 E/HostWithRpcCallback( 1872): 	at com.google.android.wearable.gmsclient.MessageManager$1$1.getResult(MessageManager.java:81)
12-03 22:17:32.403 E/HostWithRpcCallback( 1872): 	at com.google.android.wearable.gmsclient.MessageManager$1$1.getResult(MessageManager.java:78)
12-03 22:17:32.403 E/HostWithRpcCallback( 1872): 	at com.google.android.clockwork.actions.WearableHostWithRpcCallback$SendRpcCallbackWithId.onSendRpc(WearableHostWithRpcCallback.java:292)
12-03 22:17:32.403 E/HostWithRpcCallback( 1872): 	at com.google.android.wearable.gmsclient.MessageManager$1.onResult(MessageManager.java:78)
12-03 22:17:32.403 E/HostWithRpcCallback( 1872): 	at com.google.android.wearable.gmsclient.MessageManager$1.onResult(MessageManager.java:75)
12-03 22:17:32.403 E/HostWithRpcCallback( 1872): 	at com.google.android.gms.common.api.BaseImplementation$CallbackHandler.deliverResultCallback(Unknown Source)
12-03 22:17:32.403 E/HostWithRpcCallback( 1872): 	at com.google.android.gms.common.api.BaseImplementation$CallbackHandler.handleMessage(Unknown Source)
12-03 22:17:32.403 E/HostWithRpcCallback( 1872): 	at android.os.Handler.dispatchMessage(Handler.java:102)
12-03 22:17:32.403 E/HostWithRpcCallback( 1872): 	at android.os.Looper.loop(Looper.java:136)
12-03 22:17:32.403 E/HostWithRpcCallback( 1872): 	at android.app.ActivityThread.main(ActivityThread.java:5026)
12-03 22:17:32.403 E/HostWithRpcCallback( 1872): 	at java.lang.reflect.Method.invokeNative(Native Method)
12-03 22:17:32.403 E/HostWithRpcCallback( 1872): 	at java.lang.reflect.Method.invoke(Method.java:515)
12-03 22:17:32.403 E/HostWithRpcCallback( 1872): 	at com.android.internal.os.ZygoteInit$MethodAndArgsCaller.run(ZygoteInit.java:777)
12-03 22:17:32.403 E/HostWithRpcCallback( 1872): 	at com.android.internal.os.ZygoteInit.main(ZygoteInit.java:602)
12-03 22:17:32.403 E/HostWithRpcCallback( 1872): 	at dalvik.system.NativeStart.main(Native Method)
12-03 22:17:32.463 I/ActivityManager( 1754): START u0 {act=android.intent.action.MAIN cat=[android.intent.category.HOME] flg=0x10000000 cmp=com.google.android.wearable.app/com.google.android.clockwork.home.HomeActivity (has extras)} from pid 1872 on display 0
12-03 22:17:32.463 I/DreamController( 1754): Stopping dream: name=ComponentInfo{com.google.android.wearable.app/com.google.android.clockwork.home.AmbientMode}, isTest=false, canDoze=true, userId=0
12-03 22:17:32.473 I/PowerManagerService( 1754): Sleeping...
12-03 22:17:32.534 I/AmbientMode( 1872): Ambient mode started: canDoze=true, dozeHardware=null
12-03 22:17:32.534 I/ActivityManager( 1754): Activity reported stop, but no longer stopping: ActivityRecord{ade21a30 u0 com.google.android.wearable.app/com.google.android.clockwork.home.HomeActivity t1}
12-03 22:17:32.544 D/mot_vr_audio_hw( 1421): dsp_recognizer_enabled = true
12-03 22:17:32.544 D/ADSPD   ( 1414): Client cmd=0x0003, size=4
12-03 22:17:32.544 D/mot_vr_audio_hw( 1421): open_input_stream(): devices = 0x80000004, rate = 8000, channels = 0x10
12-03 22:17:32.544 D/mot_vr_audio_hw( 1421): Created resampler for 16000->8000 Hz
12-03 22:17:32.564 D/ADSPD   ( 1414): Received from DSP: cmd=0x8003, size=2
12-03 22:17:32.564 D/ADSPD   ( 1414): Client cmd=0x4003, size=2
12-03 22:17:32.564 D/mot_vr_audio_hw( 1421): received recognition control callback, status 0
12-03 22:17:32.564 D/mot_vr_audio_hw( 1421): in_read waiting for hotword
