11-22 21:21:33.979 E/HostWithRpcCallback( 1871): 	at com.android.internal.os.ZygoteInit$MethodAndArgsCaller.run(ZygoteInit.java:777)
11-22 21:21:33.979 E/HostWithRpcCallback( 1871): 	at com.android.internal.os.ZygoteInit.main(ZygoteInit.java:602)
11-22 21:21:33.979 E/HostWithRpcCallback( 1871): 	at dalvik.system.NativeStart.main(Native Method)
11-22 21:21:36.081 D/SensorHALGestureSensor( 1752): Gesture event received! time = 1416712896084316730
11-22 21:21:36.081 I/PowerManagerService( 1752): Waking up from sleep...
11-22 21:21:36.081 W/KeyguardServiceDelegate( 1752): onScreenTurnedOn(): no keyguard service!
11-22 21:21:36.161 D/MinnowPowerHAL( 1752): power_set_interactive: 1
11-22 21:21:36.161 D/MinnowPowerHAL( 1752): sysfs_write: /sys/devices/platform/omapdss/display0/interactivemode 1
11-22 21:21:36.211 D/MinnowPowerHAL( 1752): sysfs_write: /sys/devices/ocp.2/i2c.6/i2c-0/0-004a/interactivemode 1
11-22 21:21:36.221 D/MinnowPowerHAL( 1752): sysfs_write: /sys/class/leds/lcd-backlight/interactive 1
11-22 21:21:36.221 D/mot_vr_audio_hw( 1752): dsp_set_pm_state = on
11-22 21:21:36.221 D/ADSPD   ( 7609): Client cmd=0x4002, size=2
11-22 21:21:36.221 D/ADSPD   ( 7609): DSP_CMD_DAEMON_SET_PM_STATE : 1
11-22 21:21:36.221 D/PowerManagerService-JNI( 1752): Excessive delay in setInteractive(true) while turning screen on: 56ms
11-22 21:21:36.221 D/ADSPD   ( 7609): ACK success!
11-22 21:21:36.221 E/ClockworkHome( 1871): Tried to exit ambient mode, but enterAmbientMode() was never called.
11-22 21:21:36.231 D/mot_vr_audio_hw( 1419): dsp_recognizer_enabled = true
11-22 21:21:36.231 D/ADSPD   ( 7609): Client cmd=0x0003, size=4
11-22 21:21:36.231 D/mot_vr_audio_hw( 1419): open_input_stream(): devices = 0x80000004, rate = 8000, channels = 0x10
11-22 21:21:36.231 D/mot_vr_audio_hw( 1419): Created resampler for 16000->8000 Hz
11-22 21:21:36.241 V/WearActivity( 7636): Resume!
11-22 21:21:36.241 D/ADSPD   ( 7609): Received from DSP: cmd=0x8003, size=2
11-22 21:21:36.241 D/ADSPD   ( 7609): Client cmd=0x4003, size=2
11-22 21:21:36.241 D/mot_vr_audio_hw( 1419): received recognition control callback, status 0
11-22 21:21:36.251 W/InputMethodManagerService( 1752): Ignoring setImeWindowStatus of uid 1000 token: null
11-22 21:21:36.271 D/mot_vr_audio_hw( 1419): in_read waiting for hotword
11-22 21:21:36.291 E/HostWithRpcCallback( 1871): Failed to send RPC
11-22 21:21:36.291 E/HostWithRpcCallback( 1871): com.google.android.wearable.gmsclient.WearableException: sendRpcAsync failed: Status{statusCode=unknown status code: 4000, resolution=null}
11-22 21:21:36.291 E/HostWithRpcCallback( 1871): 	at com.google.android.wearable.gmsclient.GoogleApiClientHelper.throwIfFailed(GoogleApiClientHelper.java:98)
11-22 21:21:36.291 E/HostWithRpcCallback( 1871): 	at com.google.android.wearable.gmsclient.MessageManager$1$1.getResult(MessageManager.java:81)
11-22 21:21:36.291 E/HostWithRpcCallback( 1871): 	at com.google.android.wearable.gmsclient.MessageManager$1$1.getResult(MessageManager.java:78)
11-22 21:21:36.291 E/HostWithRpcCallback( 1871): 	at com.google.android.clockwork.actions.WearableHostWithRpcCallback$SendRpcCallbackWithId.onSendRpc(WearableHostWithRpcCallback.java:292)
11-22 21:21:36.291 E/HostWithRpcCallback( 1871): 	at com.google.android.wearable.gmsclient.MessageManager$1.onResult(MessageManager.java:78)
11-22 21:21:36.291 E/HostWithRpcCallback( 1871): 	at com.google.android.wearable.gmsclient.MessageManager$1.onResult(MessageManager.java:75)
11-22 21:21:36.291 E/HostWithRpcCallback( 1871): 	at com.google.android.gms.common.api.BaseImplementation$CallbackHandler.deliverResultCallback(Unknown Source)
11-22 21:21:36.291 E/HostWithRpcCallback( 1871): 	at com.google.android.gms.common.api.BaseImplementation$CallbackHandler.handleMessage(Unknown Source)
11-22 21:21:36.291 E/HostWithRpcCallback( 1871): 	at android.os.Handler.dispatchMessage(Handler.java:102)
11-22 21:21:36.291 E/HostWithRpcCallback( 1871): 	at android.os.Looper.loop(Looper.java:136)
11-22 21:21:36.291 E/HostWithRpcCallback( 1871): 	at android.app.ActivityThread.main(ActivityThread.java:5026)
11-22 21:21:36.291 E/HostWithRpcCallback( 1871): 	at java.lang.reflect.Method.invokeNative(Native Method)
11-22 21:21:36.291 E/HostWithRpcCallback( 1871): 	at java.lang.reflect.Method.invoke(Method.java:515)
11-22 21:21:36.291 E/HostWithRpcCallback( 1871): 	at com.android.internal.os.ZygoteInit$MethodAndArgsCaller.run(ZygoteInit.java:777)
11-22 21:21:36.291 E/HostWithRpcCallback( 1871): 	at com.android.internal.os.ZygoteInit.main(ZygoteInit.java:602)
11-22 21:21:36.291 E/HostWithRpcCallback( 1871): 	at dalvik.system.NativeStart.main(Native Method)
11-22 21:21:36.362 D/SurfaceFlinger( 1417): Screen acquired, type=0 flinger=0xb7fc2448
11-22 21:21:36.362 D/hwcomposer( 1417): hwc_blank(0: 0)
11-22 21:21:36.362 D/SensorHAL( 1752): adjustSensorHandle: handle = 9 adjustedHandle = 1
11-22 21:21:36.362 D/SensorHAL( 1752): adjustSensorHandle: handle = 9 adjustedHandle = 1
11-22 21:21:36.362 I/DisplayManagerService( 1752): Display device changed: DisplayDeviceInfo{"Built-in Screen": 320 x 290, 45.000004 fps, density 213, 203.2 x 204.61111 dpi, touch INTERNAL, rotation 0, type BUILT_IN, state ON, FLAG_DEFAULT_DISPLAY, FLAG_ROTATES_WITH_CONTENT, FLAG_SECURE, FLAG_SUPPORTS_PROTECTED_BUFFERS}
11-22 21:21:36.382 V/ActivityManager( 1752): Display changed displayId=0
11-22 21:21:36.392 V/WearActivity( 7636): display changed: 0, new state: 2
11-22 21:21:36.392 V/WearActivity( 7636): onDisplayChanged: on!
11-22 21:21:36.392 V/WearActivity( 7636): killing alarms
11-22 21:21:36.392 V/WearActivity( 7636): startHelper: putting it all back together again
11-22 21:21:36.392 V/WearActivity( 7636): initAlarm: setting up
11-22 21:21:36.422 I/ClockFace( 7636): Ambient mode: false
11-22 21:21:36.422 V/MyViewAnim( 7636): resumeMaxHertz
11-22 21:21:36.422 V/ClockFace( 7636): clearing caches
11-22 21:21:36.422 V/MyViewAnim( 7636): starting new animator
11-22 21:21:36.422 V/MyViewAnim( 7636): Time listener is up!
11-22 21:21:36.422 V/MyViewAnim( 7636): starting new draw thread
11-22 21:21:36.432 D/SensorHAL( 1752): adjustSensorHandle: handle = 9 adjustedHandle = 1
11-22 21:21:36.452 V/ClockFace( 7636): rendering new face, faceMode(0)
11-22 21:21:36.472 V/ClockFace( 7636): fetching new battery status (24320)
11-22 21:21:36.472 V/ClockFace( 7636): battery at 0.66
11-22 21:21:36.472 D/dalvikvm( 7209): GC_CONCURRENT freed 405K, 25% free 2488K/3316K, paused 2ms+2ms, total 66ms
11-22 21:21:36.712 E/StreamLayout( 1871): Unknown action type: 5
11-22 21:21:36.832 E/ClockworkHome.HomeView( 1871): Error: No data for our primary pointer.
11-22 21:21:36.932 V/WearActivity( 7636): Pause!
11-22 21:21:36.932 I/DisplayManagerService( 1752): Display device changed: DisplayDeviceInfo{"ActivityViewVirtualDisplay": 320 x 320, 60.0 fps, density 213, 213.0 x 213.0 dpi, touch NONE, rotation 0, type VIRTUAL, state OFF, owner android (uid 1000), FLAG_OWN_CONTENT_ONLY}
11-22 21:21:36.932 V/ActivityManager( 1752): Display changed displayId=72
11-22 21:21:36.982 V/WearActivity( 7636): display changed: 72, new state: 1
11-22 21:21:36.982 I/TimeWrapper( 7636): FPS: 25.447071, samples: 13
11-22 21:21:36.982 I/TimeWrapper( 7636): Min/Avg/Max frame render speed (ms): 3.90625 / 10.387714 / 24.353027
11-22 21:21:36.982 I/TimeWrapper( 7636): Waketime: 26.433693%
11-22 21:21:36.982 I/TimeWrapper( 7636): Skipped frames: 24
11-22 21:21:36.982 V/MyViewAnim( 7636): redrawSlow: resume -> 1
11-22 21:21:36.982 V/MyViewAnim( 7636): redrawSlow: startHelper -> 1
11-22 21:21:36.982 V/WearActivity( 7636): onDisplayChanged: off!
11-22 21:21:36.982 V/WearActivity( 7636): stopHelper: shutting things down
11-22 21:21:36.982 V/MyViewAnim( 7636): stopping animation!
11-22 21:21:36.982 V/MyViewAnim( 7636): killDrawThread
11-22 21:21:36.982 V/WearActivity( 7636): killing alarms
11-22 21:21:36.982 V/MyViewAnim( 7636): looper finished!
11-22 21:21:36.992 I/ClockFace( 7636): Ambient mode: false
11-22 21:21:37.793 V/MyViewAnim( 7636): redraw called while !drawingMaxHertz (source null); ignoring
11-22 21:21:38.684 D/PhoneListenerService( 7184): onDestroy
11-22 21:21:46.642 I/PowerManagerService( 1752): Going to sleep due to screen timeout...
11-22 21:21:46.642 I/PowerManagerService( 1752): Dozing...
11-22 21:21:46.652 D/mot_vr_audio_hw( 1419): dsp_recognizer_enabled = false
11-22 21:21:46.652 D/ADSPD   ( 7609): Client cmd=0x0003, size=4
11-22 21:21:46.652 D/mot_vr_audio_hw( 1419): Switching DSP to standby/passthrough mode
11-22 21:21:46.652 D/mot_vr_audio_hw( 1419): Input 0xb8ebf5c8 ready to read
11-22 21:21:46.652 I/DreamController( 1752): Starting dream: name=ComponentInfo{com.google.android.wearable.app/com.google.android.clockwork.home.AmbientMode}, isTest=false, canDoze=true, userId=0
11-22 21:21:46.662 W/InputMethodManagerService( 1752): Ignoring setImeWindowStatus of uid 1000 token: null
11-22 21:21:46.672 D/ADSPD   ( 7609): Received from DSP: cmd=0x8003, size=2
11-22 21:21:46.672 D/ADSPD   ( 7609): Client cmd=0x0003, size=4
11-22 21:21:46.672 D/mot_vr_audio_hw( 1419): received recognition control callback, status 0
11-22 21:21:46.682 D/ADSPD   ( 7609): Received from DSP: cmd=0x8003, size=2
11-22 21:21:46.682 D/mot_vr_audio_hw( 1419): received recognition control callback, status 0
11-22 21:21:46.712 W/mot_vr_audio_hw( 1419): Discarded 10 buffers without finding audio data
11-22 21:21:46.722 D/ADSPD   ( 7609): Client cmd=0x0003, size=4
11-22 21:21:46.722 D/mot_vr_audio_hw( 1419): Re-arming DSP
11-22 21:21:46.722 D/mot_vr_audio_hw( 1419): Input 0xb8ebf5c8 standby complete
11-22 21:21:46.732 D/ADSPD   ( 7609): Received from DSP: cmd=0x8003, size=2
11-22 21:21:46.732 D/mot_vr_audio_hw( 1419): received recognition control callback, status 0
11-22 21:21:46.782 D/dalvikvm( 1752): GC_EXPLICIT freed 556K, 69% free 5430K/17280K, paused 3ms+7ms, total 60ms
11-22 21:21:46.792 D/ADSPD   ( 7609): Client cmd=0x4003, size=2
11-22 21:21:46.792 D/mot_vr_audio_hw( 1419): Input 0xb8ebf5c8 close complete
11-22 21:21:46.842 E/HostWithRpcCallback( 1871): Failed to send RPC
11-22 21:21:46.842 E/HostWithRpcCallback( 1871): com.google.android.wearable.gmsclient.WearableException: sendRpcAsync failed: Status{statusCode=unknown status code: 4000, resolution=null}
11-22 21:21:46.842 E/HostWithRpcCallback( 1871): 	at com.google.android.wearable.gmsclient.GoogleApiClientHelper.throwIfFailed(GoogleApiClientHelper.java:98)
11-22 21:21:46.842 E/HostWithRpcCallback( 1871): 	at com.google.android.wearable.gmsclient.MessageManager$1$1.getResult(MessageManager.java:81)
11-22 21:21:46.842 E/HostWithRpcCallback( 1871): 	at com.google.android.wearable.gmsclient.MessageManager$1$1.getResult(MessageManager.java:78)
11-22 21:21:46.842 E/HostWithRpcCallback( 1871): 	at com.google.android.clockwork.actions.WearableHostWithRpcCallback$SendRpcCallbackWithId.onSendRpc(WearableHostWithRpcCallback.java:292)
11-22 21:21:46.842 E/HostWithRpcCallback( 1871): 	at com.google.android.wearable.gmsclient.MessageManager$1.onResult(MessageManager.java:78)
11-22 21:21:46.842 E/HostWithRpcCallback( 1871): 	at com.google.android.wearable.gmsclient.MessageManager$1.onResult(MessageManager.java:75)
11-22 21:21:46.842 E/HostWithRpcCallback( 1871): 	at com.google.android.gms.common.api.BaseImplementation$CallbackHandler.deliverResultCallback(Unknown Source)
11-22 21:21:46.842 E/HostWithRpcCallback( 1871): 	at com.google.android.gms.common.api.BaseImplementation$CallbackHandler.handleMessage(Unknown Source)
11-22 21:21:46.842 E/HostWithRpcCallback( 1871): 	at android.os.Handler.dispatchMessage(Handler.java:102)
11-22 21:21:46.842 E/HostWithRpcCallback( 1871): 	at android.os.Looper.loop(Looper.java:136)
11-22 21:21:46.842 E/HostWithRpcCallback( 1871): 	at android.app.ActivityThread.main(ActivityThread.java:5026)
11-22 21:21:46.842 E/HostWithRpcCallback( 1871): 	at java.lang.reflect.Method.invokeNative(Native Method)
11-22 21:21:46.842 E/HostWithRpcCallback( 1871): 	at java.lang.reflect.Method.invoke(Method.java:515)
11-22 21:21:46.842 E/HostWithRpcCallback( 1871): 	at com.android.internal.os.ZygoteInit$MethodAndArgsCaller.run(ZygoteInit.java:777)
11-22 21:21:46.842 E/HostWithRpcCallback( 1871): 	at com.android.internal.os.ZygoteInit.main(ZygoteInit.java:602)
11-22 21:21:46.842 E/HostWithRpcCallback( 1871): 	at dalvik.system.NativeStart.main(Native Method)
11-22 21:21:46.852 V/WearActivity( 7636): Stop!
11-22 21:21:46.952 I/ActivityManager( 1752): START u0 {act=android.intent.action.MAIN cat=[android.intent.category.HOME] flg=0x10000000 cmp=com.google.android.wearable.app/com.google.android.clockwork.home.HomeActivity (has extras)} from pid 1871 on display 0
11-22 21:21:46.952 V/ActivityManager( 1752): Display changed displayId=0
11-22 21:21:46.962 V/WearActivity( 7636): display changed: 0, new state: 2
11-22 21:21:46.962 V/WearActivity( 7636): onDisplayChanged: on!
11-22 21:21:46.962 V/WearActivity( 7636): killing alarms
11-22 21:21:46.962 V/WearActivity( 7636): startHelper: putting it all back together again
11-22 21:21:46.962 V/WearActivity( 7636): initAlarm: setting up
11-22 21:21:46.972 I/ClockFace( 7636): Ambient mode: false
11-22 21:21:46.972 V/MyViewAnim( 7636): resumeMaxHertz
11-22 21:21:46.972 V/ClockFace( 7636): clearing caches
11-22 21:21:46.972 V/MyViewAnim( 7636): starting new animator
11-22 21:21:46.972 V/MyViewAnim( 7636): Time listener is up!
11-22 21:21:46.972 V/MyViewAnim( 7636): starting new draw thread
11-22 21:21:46.972 I/DreamController( 1752): Stopping dream: name=ComponentInfo{com.google.android.wearable.app/com.google.android.clockwork.home.AmbientMode}, isTest=false, canDoze=true, userId=0
11-22 21:21:46.982 I/PowerManagerService( 1752): Sleeping...
11-22 21:21:47.012 V/ClockFace( 7636): rendering new face, faceMode(0)
11-22 21:21:47.032 I/AmbientMode( 1871): Ambient mode started: canDoze=true, dozeHardware=null
11-22 21:21:47.032 V/ClockFace( 7636): fetching new battery status (24334)
11-22 21:21:47.032 V/ClockFace( 7636): battery at 0.66
11-22 21:21:47.032 D/mot_vr_audio_hw( 1419): dsp_recognizer_enabled = true
11-22 21:21:47.032 D/ADSPD   ( 7609): Client cmd=0x0003, size=4
11-22 21:21:47.042 D/mot_vr_audio_hw( 1419): open_input_stream(): devices = 0x80000004, rate = 8000, channels = 0x10
11-22 21:21:47.042 D/mot_vr_audio_hw( 1419): Created resampler for 16000->8000 Hz
11-22 21:21:47.052 D/ADSPD   ( 7609): Received from DSP: cmd=0x8003, size=2
11-22 21:21:47.052 D/ADSPD   ( 7609): Client cmd=0x4003, size=2
11-22 21:21:47.052 D/mot_vr_audio_hw( 1419): received recognition control callback, status 0
11-22 21:21:47.052 D/mot_vr_audio_hw( 1419): in_read waiting for hotword
11-22 21:21:47.052 D/mot_vr_audio_hw( 1419): dsp_recognizer_enabled = false
11-22 21:21:47.052 D/ADSPD   ( 7609): Client cmd=0x0003, size=4
11-22 21:21:47.062 D/mot_vr_audio_hw( 1419): Switching DSP to standby/passthrough mode
11-22 21:21:47.062 D/mot_vr_audio_hw( 1419): Input 0xb8ebf5c8 ready to read
11-22 21:21:47.072 D/ADSPD   ( 7609): Received from DSP: cmd=0x8003, size=2
11-22 21:21:47.072 D/ADSPD   ( 7609): Client cmd=0x0003, size=4
11-22 21:21:47.072 D/mot_vr_audio_hw( 1419): received recognition control callback, status 0
11-22 21:21:47.082 D/ADSPD   ( 7609): Received from DSP: cmd=0x8003, size=2
11-22 21:21:47.082 D/mot_vr_audio_hw( 1419): received recognition control callback, status 0
11-22 21:21:47.112 W/mot_vr_audio_hw( 1419): Discarded 10 buffers without finding audio data
11-22 21:21:47.122 D/ADSPD   ( 7609): Client cmd=0x0003, size=4
11-22 21:21:47.122 D/mot_vr_audio_hw( 1419): Re-arming DSP
11-22 21:21:47.122 D/mot_vr_audio_hw( 1419): Input 0xb8ebf5c8 standby complete
11-22 21:21:47.132 D/mot_vr_audio_hw( 1419): Input 0xb8ebf5c8 close complete
11-22 21:21:47.132 D/ADSPD   ( 7609): Received from DSP: cmd=0x8003, size=2
11-22 21:21:47.132 D/ADSPD   ( 7609): Client cmd=0x4003, size=2
11-22 21:21:47.132 D/mot_vr_audio_hw( 1419): received recognition control callback, status 0
11-22 21:21:47.132 I/AmbientMode( 1871): Dream ended: isDozing=true
11-22 21:21:47.212 E/HostWithRpcCallback( 1871): Failed to send RPC
11-22 21:21:47.212 E/HostWithRpcCallback( 1871): com.google.android.wearable.gmsclient.WearableException: sendRpcAsync failed: Status{statusCode=unknown status code: 4000, resolution=null}
11-22 21:21:47.212 E/HostWithRpcCallback( 1871): 	at com.google.android.wearable.gmsclient.GoogleApiClientHelper.throwIfFailed(GoogleApiClientHelper.java:98)
11-22 21:21:47.212 E/HostWithRpcCallback( 1871): 	at com.google.android.wearable.gmsclient.MessageManager$1$1.getResult(MessageManager.java:81)
11-22 21:21:47.212 E/HostWithRpcCallback( 1871): 	at com.google.android.wearable.gmsclient.MessageManager$1$1.getResult(MessageManager.java:78)
11-22 21:21:47.212 E/HostWithRpcCallback( 1871): 	at com.google.android.clockwork.actions.WearableHostWithRpcCallback$SendRpcCallbackWithId.onSendRpc(WearableHostWithRpcCallback.java:292)
11-22 21:21:47.212 E/HostWithRpcCallback( 1871): 	at com.google.android.wearable.gmsclient.MessageManager$1.onResult(MessageManager.java:78)
11-22 21:21:47.212 E/HostWithRpcCallback( 1871): 	at com.google.android.wearable.gmsclient.MessageManager$1.onResult(MessageManager.java:75)
11-22 21:21:47.212 E/HostWithRpcCallback( 1871): 	at com.google.android.gms.common.api.BaseImplementation$CallbackHandler.deliverResultCallback(Unknown Source)
11-22 21:21:47.212 E/HostWithRpcCallback( 1871): 	at com.google.android.gms.common.api.BaseImplementation$CallbackHandler.handleMessage(Unknown Source)
11-22 21:21:47.212 E/HostWithRpcCallback( 1871): 	at android.os.Handler.dispatchMessage(Handler.java:102)
11-22 21:21:47.212 E/HostWithRpcCallback( 1871): 	at android.os.Looper.loop(Looper.java:136)
11-22 21:21:47.212 E/HostWithRpcCallback( 1871): 	at android.app.ActivityThread.main(ActivityThread.java:5026)
11-22 21:21:47.212 E/HostWithRpcCallback( 1871): 	at java.lang.reflect.Method.invokeNative(Native Method)
11-22 21:21:47.212 E/HostWithRpcCallback( 1871): 	at java.lang.reflect.Method.invoke(Method.java:515)
11-22 21:21:47.212 E/HostWithRpcCallback( 1871): 	at com.android.internal.os.ZygoteInit$MethodAndArgsCaller.run(ZygoteInit.java:777)
11-22 21:21:47.212 E/HostWithRpcCallback( 1871): 	at com.android.internal.os.ZygoteInit.main(ZygoteInit.java:602)
11-22 21:21:47.212 E/HostWithRpcCallback( 1871): 	at dalvik.system.NativeStart.main(Native Method)
11-22 21:21:47.212 E/HostWithRpcCallback( 1871): Failed to send RPC
11-22 21:21:47.212 E/HostWithRpcCallback( 1871): com.google.android.wearable.gmsclient.WearableException: sendRpcAsync failed: Status{statusCode=unknown status code: 4000, resolution=null}
11-22 21:21:47.212 E/HostWithRpcCallback( 1871): 	at com.google.android.wearable.gmsclient.GoogleApiClientHelper.throwIfFailed(GoogleApiClientHelper.java:98)
11-22 21:21:47.212 E/HostWithRpcCallback( 1871): 	at com.google.android.wearable.gmsclient.MessageManager$1$1.getResult(MessageManager.java:81)
11-22 21:21:47.212 E/HostWithRpcCallback( 1871): 	at com.google.android.wearable.gmsclient.MessageManager$1$1.getResult(MessageManager.java:78)
11-22 21:21:47.212 E/HostWithRpcCallback( 1871): 	at com.google.android.clockwork.actions.WearableHostWithRpcCallback$SendRpcCallbackWithId.onSendRpc(WearableHostWithRpcCallback.java:292)
11-22 21:21:47.212 E/HostWithRpcCallback( 1871): 	at com.google.android.wearable.gmsclient.MessageManager$1.onResult(MessageManager.java:78)
11-22 21:21:47.212 E/HostWithRpcCallback( 1871): 	at com.google.android.wearable.gmsclient.MessageManager$1.onResult(MessageManager.java:75)
11-22 21:21:47.212 E/HostWithRpcCallback( 1871): 	at com.google.android.gms.common.api.BaseImplementation$CallbackHandler.deliverResultCallback(Unknown Source)
11-22 21:21:47.212 E/HostWithRpcCallback( 1871): 	at com.google.android.gms.common.api.BaseImplementation$CallbackHandler.handleMessage(Unknown Source)
11-22 21:21:47.212 E/HostWithRpcCallback( 1871): 	at android.os.Handler.dispatchMessage(Handler.java:102)
11-22 21:21:47.212 E/HostWithRpcCallback( 1871): 	at android.os.Looper.loop(Looper.java:136)
11-22 21:21:47.212 E/HostWithRpcCallback( 1871): 	at android.app.ActivityThread.main(ActivityThread.java:5026)
11-22 21:21:47.212 E/HostWithRpcCallback( 1871): 	at java.lang.reflect.Method.invokeNative(Native Method)
11-22 21:21:47.212 E/HostWithRpcCallback( 1871): 	at java.lang.reflect.Method.invoke(Method.java:515)
11-22 21:21:47.212 E/HostWithRpcCallback( 1871): 	at com.android.internal.os.ZygoteInit$MethodAndArgsCaller.run(ZygoteInit.java:777)
11-22 21:21:47.212 E/HostWithRpcCallback( 1871): 	at com.android.internal.os.ZygoteInit.main(ZygoteInit.java:602)
11-22 21:21:47.212 E/HostWithRpcCallback( 1871): 	at dalvik.system.NativeStart.main(Native Method)
11-22 21:21:47.562 I/DisplayManagerService( 1752): Display device changed: DisplayDeviceInfo{"ActivityViewVirtualDisplay": 320 x 320, 60.0 fps, density 213, 213.0 x 213.0 dpi, touch NONE, rotation 0, type VIRTUAL, state ON, owner android (uid 1000), FLAG_OWN_CONTENT_ONLY}
11-22 21:21:47.562 V/ActivityManager( 1752): Display changed displayId=72
11-22 21:21:47.572 V/WearActivity( 7636): display changed: 72, new state: 2
11-22 21:21:47.572 V/WearActivity( 7636): state didn't actually change
11-22 21:21:48.043 D/LightsService( 1752): Excessive delay setting light: 85ms
11-22 21:21:48.043 D/SurfaceFlinger( 1417): Screen released, type=0 flinger=0xb7fc2448
11-22 21:21:48.183 D/hwcomposer( 1417): hwc_blank(0: 1)
11-22 21:21:48.183 D/SurfaceControl( 1752): Excessive delay in blankDisplay() while turning screen off: 140ms
11-22 21:21:48.203 I/DisplayManagerService( 1752): Display device changed: DisplayDeviceInfo{"Built-in Screen": 320 x 290, 45.000004 fps, density 213, 203.2 x 204.61111 dpi, touch INTERNAL, rotation 0, type BUILT_IN, state OFF, FLAG_DEFAULT_DISPLAY, FLAG_ROTATES_WITH_CONTENT, FLAG_SECURE, FLAG_SUPPORTS_PROTECTED_BUFFERS}
11-22 21:21:48.203 V/ActivityManager( 1752): Display changed displayId=0
11-22 21:21:48.213 V/WearActivity( 7636): display changed: 0, new state: 1
11-22 21:21:48.213 I/TimeWrapper( 7636): FPS: 7.615938, samples: 9
11-22 21:21:48.213 I/TimeWrapper( 7636): Min/Avg/Max frame render speed (ms): 3.90625 / 9.34516 / 22.094728
11-22 21:21:48.213 I/TimeWrapper( 7636): Waketime: 7.117217%
11-22 21:21:48.213 I/TimeWrapper( 7636): Skipped frames: 14
11-22 21:21:48.213 V/MyViewAnim( 7636): redrawSlow: display change without state change -> 1
11-22 21:21:48.213 V/MyViewAnim( 7636): redrawSlow: startHelper -> 1
11-22 21:21:48.213 V/WearActivity( 7636): onDisplayChanged: off!
11-22 21:21:48.213 V/WearActivity( 7636): stopHelper: shutting things down
11-22 21:21:48.243 D/MinnowPowerHAL( 1752): power_set_interactive: 0
11-22 21:21:48.243 D/MinnowPowerHAL( 1752): sysfs_write: /sys/devices/platform/omapdss/display0/interactivemode 0
11-22 21:21:48.243 D/MinnowPowerHAL( 1752): sysfs_write: /sys/devices/ocp.2/i2c.6/i2c-0/0-004a/interactivemode 0
11-22 21:21:48.243 D/MinnowPowerHAL( 1752): sysfs_write: /sys/class/leds/lcd-backlight/interactive 0
11-22 21:21:48.243 D/mot_vr_audio_hw( 1752): dsp_set_pm_state = off
11-22 21:21:48.243 D/ADSPD   ( 7609): Client cmd=0x4002, size=2
11-22 21:21:48.243 D/ADSPD   ( 7609): DSP_CMD_DAEMON_SET_PM_STATE : 0
11-22 21:21:48.243 V/MyViewAnim( 7636): stopping animation!
11-22 21:21:48.243 V/MyViewAnim( 7636): killDrawThread
11-22 21:21:48.243 V/WearActivity( 7636): killing alarms
11-22 21:21:48.243 I/ClockFace( 7636): Ambient mode: false
11-22 21:21:48.253 V/MyViewAnim( 7636): looper finished!
11-22 21:22:34.373 I/ActivityManager( 1752): Delay finish: com.motorola.targetnotif/com.motorola.omni.NotificationAlarmReceiver
11-22 21:22:34.393 I/ActivityManager( 1752): Resuming delayed broadcast
11-22 21:25:08.328 D/SensorHALGestureSensor( 1752): Gesture event received! time = 1416713108331203921
11-22 21:25:08.328 I/PowerManagerService( 1752): Waking up from sleep...
11-22 21:25:08.328 W/KeyguardServiceDelegate( 1752): onScreenTurnedOn(): no keyguard service!
11-22 21:25:08.458 D/PowerManagerService-JNI( 1752): Excessive delay in autosuspend_disable() while turning screen on: 131ms
11-22 21:25:08.458 D/MinnowPowerHAL( 1752): power_set_interactive: 1
11-22 21:25:08.458 D/MinnowPowerHAL( 1752): sysfs_write: /sys/devices/platform/omapdss/display0/interactivemode 1
11-22 21:25:08.519 D/MinnowPowerHAL( 1752): sysfs_write: /sys/devices/ocp.2/i2c.6/i2c-0/0-004a/interactivemode 1
11-22 21:25:08.519 D/MinnowPowerHAL( 1752): sysfs_write: /sys/class/leds/lcd-backlight/interactive 1
11-22 21:25:08.519 D/mot_vr_audio_hw( 1752): dsp_set_pm_state = on
11-22 21:25:08.519 D/ADSPD   ( 7609): Client cmd=0x4002, size=2
11-22 21:25:08.519 D/ADSPD   ( 7609): DSP_CMD_DAEMON_SET_PM_STATE : 1
11-22 21:25:08.519 D/PowerManagerService-JNI( 1752): Excessive delay in setInteractive(true) while turning screen on: 57ms
11-22 21:25:08.529 V/WearActivity( 7636): display changed: 0, new state: 1
11-22 21:25:08.529 V/WearActivity( 7636): state didn't actually change
11-22 21:25:08.539 V/WearActivity( 7636): Resume!
11-22 21:25:08.539 E/ClockworkHome( 1871): Tried to exit ambient mode, but enterAmbientMode() was never called.
11-22 21:25:08.559 D/mot_vr_audio_hw( 1419): dsp_recognizer_enabled = true
11-22 21:25:08.559 D/mot_vr_audio_hw( 1419): open_input_stream(): devices = 0x80000004, rate = 8000, channels = 0x10
11-22 21:25:08.559 D/mot_vr_audio_hw( 1419): Created resampler for 16000->8000 Hz
11-22 21:25:08.559 V/ActivityManager( 1752): Display changed displayId=0
11-22 21:25:08.569 D/mot_vr_audio_hw( 1419): in_read waiting for hotword
11-22 21:25:08.589 W/InputMethodManagerService( 1752): Ignoring setImeWindowStatus of uid 1000 token: null
11-22 21:25:08.599 E/HostWithRpcCallback( 1871): Failed to send RPC
11-22 21:25:08.599 E/HostWithRpcCallback( 1871): com.google.android.wearable.gmsclient.WearableException: sendRpcAsync failed: Status{statusCode=unknown status code: 4000, resolution=null}
11-22 21:25:08.599 E/HostWithRpcCallback( 1871): 	at com.google.android.wearable.gmsclient.GoogleApiClientHelper.throwIfFailed(GoogleApiClientHelper.java:98)
11-22 21:25:08.599 E/HostWithRpcCallback( 1871): 	at com.google.android.wearable.gmsclient.MessageManager$1$1.getResult(MessageManager.java:81)
11-22 21:25:08.599 E/HostWithRpcCallback( 1871): 	at com.google.android.wearable.gmsclient.MessageManager$1$1.getResult(MessageManager.java:78)
11-22 21:25:08.599 E/HostWithRpcCallback( 1871): 	at com.google.android.clockwork.actions.WearableHostWithRpcCallback$SendRpcCallbackWithId.onSendRpc(WearableHostWithRpcCallback.java:292)
11-22 21:25:08.599 E/HostWithRpcCallback( 1871): 	at com.google.android.wearable.gmsclient.MessageManager$1.onResult(MessageManager.java:78)
11-22 21:25:08.599 E/HostWithRpcCallback( 1871): 	at com.google.android.wearable.gmsclient.MessageManager$1.onResult(MessageManager.java:75)
11-22 21:25:08.599 E/HostWithRpcCallback( 1871): 	at com.google.android.gms.common.api.BaseImplementation$CallbackHandler.deliverResultCallback(Unknown Source)
11-22 21:25:08.599 E/HostWithRpcCallback( 1871): 	at com.google.android.gms.common.api.BaseImplementation$CallbackHandler.handleMessage(Unknown Source)
11-22 21:25:08.599 E/HostWithRpcCallback( 1871): 	at android.os.Handler.dispatchMessage(Handler.java:102)
11-22 21:25:08.599 E/HostWithRpcCallback( 1871): 	at android.os.Looper.loop(Looper.java:136)
11-22 21:25:08.599 E/HostWithRpcCallback( 1871): 	at android.app.ActivityThread.main(ActivityThread.java:5026)
11-22 21:25:08.599 E/HostWithRpcCallback( 1871): 	at java.lang.reflect.Method.invokeNative(Native Method)
11-22 21:25:08.599 E/HostWithRpcCallback( 1871): 	at java.lang.reflect.Method.invoke(Method.java:515)
11-22 21:25:08.599 E/HostWithRpcCallback( 1871): 	at com.android.internal.os.ZygoteInit$MethodAndArgsCaller.run(ZygoteInit.java:777)
11-22 21:25:08.599 E/HostWithRpcCallback( 1871): 	at com.android.internal.os.ZygoteInit.main(ZygoteInit.java:602)
11-22 21:25:08.599 E/HostWithRpcCallback( 1871): 	at dalvik.system.NativeStart.main(Native Method)
11-22 21:25:08.659 D/SurfaceFlinger( 1417): Screen acquired, type=0 flinger=0xb7fc2448
11-22 21:25:08.659 D/hwcomposer( 1417): hwc_blank(0: 0)
11-22 21:25:08.659 D/SensorHAL( 1752): adjustSensorHandle: handle = 9 adjustedHandle = 1
11-22 21:25:08.659 D/SensorHAL( 1752): adjustSensorHandle: handle = 9 adjustedHandle = 1
11-22 21:25:08.659 I/DisplayManagerService( 1752): Display device changed: DisplayDeviceInfo{"Built-in Screen": 320 x 290, 45.000004 fps, density 213, 203.2 x 204.61111 dpi, touch INTERNAL, rotation 0, type BUILT_IN, state ON, FLAG_DEFAULT_DISPLAY, FLAG_ROTATES_WITH_CONTENT, FLAG_SECURE, FLAG_SUPPORTS_PROTECTED_BUFFERS}
11-22 21:25:08.659 V/ActivityManager( 1752): Display changed displayId=0
11-22 21:25:08.689 V/WearActivity( 7636): display changed: 0, new state: 2
11-22 21:25:08.689 V/WearActivity( 7636): onDisplayChanged: on!
11-22 21:25:08.689 V/WearActivity( 7636): killing alarms
11-22 21:25:08.689 V/WearActivity( 7636): startHelper: putting it all back together again
11-22 21:25:08.689 V/WearActivity( 7636): initAlarm: setting up
11-22 21:25:08.699 D/SensorHAL( 1752): adjustSensorHandle: handle = 9 adjustedHandle = 1
11-22 21:25:08.719 I/ClockFace( 7636): Ambient mode: false
11-22 21:25:08.719 V/MyViewAnim( 7636): resumeMaxHertz
11-22 21:25:08.719 V/ClockFace( 7636): clearing caches
11-22 21:25:08.719 V/MyViewAnim( 7636): starting new animator
11-22 21:25:08.719 V/MyViewAnim( 7636): Time listener is up!
11-22 21:25:08.719 V/MyViewAnim( 7636): starting new draw thread
11-22 21:25:08.739 V/ClockFace( 7636): rendering new face, faceMode(0)
11-22 21:25:08.749 D/LightsService( 1752): Excessive delay setting light: 75ms
11-22 21:25:08.759 V/ClockFace( 7636): fetching new battery status (24345)
11-22 21:25:08.759 V/ClockFace( 7636): battery at 0.66
11-22 21:25:08.819 E/ADSPD   ( 7609): Timeout on select()
11-22 21:25:08.819 E/ADSPD   ( 7609): NO ACK received after loading firmware
11-22 21:25:08.819 E/ADSPD   ( 7609): Unknown ACK received 0x00
11-22 21:25:08.819 D/ADSPD   ( 7609): Client cmd=0x0003, size=4
11-22 21:25:08.829 D/ADSPD   ( 7609): Received from DSP: cmd=0x8003, size=2
11-22 21:25:08.829 D/ADSPD   ( 7609): Client cmd=0x4003, size=2
11-22 21:25:08.829 D/mot_vr_audio_hw( 1419): received recognition control callback, status 0
11-22 21:25:13.543 I/PowerManagerService( 1752): Going to sleep due to screen timeout...
11-22 21:25:13.543 I/PowerManagerService( 1752): Dozing...
11-22 21:25:13.543 I/DreamController( 1752): Starting dream: name=ComponentInfo{com.google.android.wearable.app/com.google.android.clockwork.home.AmbientMode}, isTest=false, canDoze=true, userId=0
11-22 21:25:13.614 I/ActivityManager( 1752): START u0 {act=android.intent.action.MAIN cat=[android.intent.category.HOME] flg=0x10000000 cmp=com.google.android.wearable.app/com.google.android.clockwork.home.HomeActivity (has extras)} from pid 1871 on display 0
11-22 21:25:13.614 I/DreamController( 1752): Stopping dream: name=ComponentInfo{com.google.android.wearable.app/com.google.android.clockwork.home.AmbientMode}, isTest=false, canDoze=true, userId=0
11-22 21:25:13.624 I/PowerManagerService( 1752): Sleeping...
11-22 21:25:13.684 I/AmbientMode( 1871): Ambient mode started: canDoze=true, dozeHardware=null
11-22 21:25:13.684 D/mot_vr_audio_hw( 1419): dsp_recognizer_enabled = false
11-22 21:25:13.684 D/ADSPD   ( 7609): Client cmd=0x0003, size=4
11-22 21:25:13.694 D/mot_vr_audio_hw( 1419): Switching DSP to standby/passthrough mode
11-22 21:25:13.694 D/mot_vr_audio_hw( 1419): Input 0xb8ebdfc0 ready to read
11-22 21:25:13.694 D/ADSPD   ( 7609): Received from DSP: cmd=0x8003, size=2
11-22 21:25:13.694 D/ADSPD   ( 7609): Client cmd=0x0003, size=4
11-22 21:25:13.704 D/mot_vr_audio_hw( 1419): received recognition control callback, status 0
11-22 21:25:13.714 D/ADSPD   ( 7609): Received from DSP: cmd=0x8003, size=2
11-22 21:25:13.714 D/mot_vr_audio_hw( 1419): received recognition control callback, status 0
11-22 21:25:13.744 W/mot_vr_audio_hw( 1419): Discarded 10 buffers without finding audio data
11-22 21:25:13.754 D/ADSPD   ( 7609): Client cmd=0x0003, size=4
11-22 21:25:13.754 D/mot_vr_audio_hw( 1419): Re-arming DSP
11-22 21:25:13.754 D/mot_vr_audio_hw( 1419): Input 0xb8ebdfc0 standby complete
11-22 21:25:13.764 D/ADSPD   ( 7609): Received from DSP: cmd=0x8003, size=2
11-22 21:25:13.764 D/mot_vr_audio_hw( 1419): received recognition control callback, status 0
11-22 21:25:13.764 D/ADSPD   ( 7609): Client cmd=0x4003, size=2
11-22 21:25:13.764 D/mot_vr_audio_hw( 1419): Input 0xb8ebdfc0 close complete
11-22 21:25:13.784 D/mot_vr_audio_hw( 1419): dsp_recognizer_enabled = true
11-22 21:25:13.784 D/ADSPD   ( 7609): Client cmd=0x0003, size=4
11-22 21:25:13.784 D/mot_vr_audio_hw( 1419): open_input_stream(): devices = 0x80000004, rate = 8000, channels = 0x10
11-22 21:25:13.784 D/mot_vr_audio_hw( 1419): Created resampler for 16000->8000 Hz
11-22 21:25:13.794 D/ADSPD   ( 7609): Received from DSP: cmd=0x8003, size=2
11-22 21:25:13.794 D/ADSPD   ( 7609): Client cmd=0x4003, size=2
11-22 21:25:13.794 D/mot_vr_audio_hw( 1419): received recognition control callback, status 0
11-22 21:25:13.804 D/mot_vr_audio_hw( 1419): in_read waiting for hotword
11-22 21:25:13.804 I/AmbientMode( 1871): Dream ended: isDozing=true
11-22 21:25:13.914 E/HostWithRpcCallback( 1871): Failed to send RPC
11-22 21:25:13.914 E/HostWithRpcCallback( 1871): com.google.android.wearable.gmsclient.WearableException: sendRpcAsync failed: Status{statusCode=unknown status code: 4000, resolution=null}
11-22 21:25:13.914 E/HostWithRpcCallback( 1871): 	at com.google.android.wearable.gmsclient.GoogleApiClientHelper.throwIfFailed(GoogleApiClientHelper.java:98)
11-22 21:25:13.914 E/HostWithRpcCallback( 1871): 	at com.google.android.wearable.gmsclient.MessageManager$1$1.getResult(MessageManager.java:81)
11-22 21:25:13.914 E/HostWithRpcCallback( 1871): 	at com.google.android.wearable.gmsclient.MessageManager$1$1.getResult(MessageManager.java:78)
11-22 21:25:13.914 E/HostWithRpcCallback( 1871): 	at com.google.android.clockwork.actions.WearableHostWithRpcCallback$SendRpcCallbackWithId.onSendRpc(WearableHostWithRpcCallback.java:292)
11-22 21:25:13.914 E/HostWithRpcCallback( 1871): 	at com.google.android.wearable.gmsclient.MessageManager$1.onResult(MessageManager.java:78)
11-22 21:25:13.914 E/HostWithRpcCallback( 1871): 	at com.google.android.wearable.gmsclient.MessageManager$1.onResult(MessageManager.java:75)
11-22 21:25:13.914 E/HostWithRpcCallback( 1871): 	at com.google.android.gms.common.api.BaseImplementation$CallbackHandler.deliverResultCallback(Unknown Source)
11-22 21:25:13.914 E/HostWithRpcCallback( 1871): 	at com.google.android.gms.common.api.BaseImplementation$CallbackHandler.handleMessage(Unknown Source)
11-22 21:25:13.914 E/HostWithRpcCallback( 1871): 	at android.os.Handler.dispatchMessage(Handler.java:102)
11-22 21:25:13.914 E/HostWithRpcCallback( 1871): 	at android.os.Looper.loop(Looper.java:136)
11-22 21:25:13.914 E/HostWithRpcCallback( 1871): 	at android.app.ActivityThread.main(ActivityThread.java:5026)
11-22 21:25:13.914 E/HostWithRpcCallback( 1871): 	at java.lang.reflect.Method.invokeNative(Native Method)
11-22 21:25:13.914 E/HostWithRpcCallback( 1871): 	at java.lang.reflect.Method.invoke(Method.java:515)
11-22 21:25:13.914 E/HostWithRpcCallback( 1871): 	at com.android.internal.os.ZygoteInit$MethodAndArgsCaller.run(ZygoteInit.java:777)
11-22 21:25:13.914 E/HostWithRpcCallback( 1871): 	at com.android.internal.os.ZygoteInit.main(ZygoteInit.java:602)
11-22 21:25:13.914 E/HostWithRpcCallback( 1871): 	at dalvik.system.NativeStart.main(Native Method)
11-22 21:25:13.924 E/HostWithRpcCallback( 1871): Failed to send RPC
11-22 21:25:13.924 E/HostWithRpcCallback( 1871): com.google.android.wearable.gmsclient.WearableException: sendRpcAsync failed: Status{statusCode=unknown status code: 4000, resolution=null}
11-22 21:25:13.924 E/HostWithRpcCallback( 1871): 	at com.google.android.wearable.gmsclient.GoogleApiClientHelper.throwIfFailed(GoogleApiClientHelper.java:98)
11-22 21:25:13.924 E/HostWithRpcCallback( 1871): 	at com.google.android.wearable.gmsclient.MessageManager$1$1.getResult(MessageManager.java:81)
11-22 21:25:13.924 E/HostWithRpcCallback( 1871): 	at com.google.android.wearable.gmsclient.MessageManager$1$1.getResult(MessageManager.java:78)
11-22 21:25:13.924 E/HostWithRpcCallback( 1871): 	at com.google.android.clockwork.actions.WearableHostWithRpcCallback$SendRpcCallbackWithId.onSendRpc(WearableHostWithRpcCallback.java:292)
11-22 21:25:13.924 E/HostWithRpcCallback( 1871): 	at com.google.android.wearable.gmsclient.MessageManager$1.onResult(MessageManager.java:78)
11-22 21:25:13.924 E/HostWithRpcCallback( 1871): 	at com.google.android.wearable.gmsclient.MessageManager$1.onResult(MessageManager.java:75)
11-22 21:25:13.924 E/HostWithRpcCallback( 1871): 	at com.google.android.gms.common.api.BaseImplementation$CallbackHandler.deliverResultCallback(Unknown Source)
11-22 21:25:13.924 E/HostWithRpcCallback( 1871): 	at com.google.android.gms.common.api.BaseImplementation$CallbackHandler.handleMessage(Unknown Source)
11-22 21:25:13.924 E/HostWithRpcCallback( 1871): 	at android.os.Handler.dispatchMessage(Handler.java:102)
11-22 21:25:13.924 E/HostWithRpcCallback( 1871): 	at android.os.Looper.loop(Looper.java:136)
11-22 21:25:13.924 E/HostWithRpcCallback( 1871): 	at android.app.ActivityThread.main(ActivityThread.java:5026)
11-22 21:25:13.924 E/HostWithRpcCallback( 1871): 	at java.lang.reflect.Method.invokeNative(Native Method)
11-22 21:25:13.924 E/HostWithRpcCallback( 1871): 	at java.lang.reflect.Method.invoke(Method.java:515)
11-22 21:25:13.924 E/HostWithRpcCallback( 1871): 	at com.android.internal.os.ZygoteInit$MethodAndArgsCaller.run(ZygoteInit.java:777)
11-22 21:25:13.924 E/HostWithRpcCallback( 1871): 	at com.android.internal.os.ZygoteInit.main(ZygoteInit.java:602)
11-22 21:25:13.924 E/HostWithRpcCallback( 1871): 	at dalvik.system.NativeStart.main(Native Method)
11-22 21:25:14.344 D/LightsService( 1752): Excessive delay setting light: 116ms
11-22 21:25:14.344 D/SurfaceFlinger( 1417): Screen released, type=0 flinger=0xb7fc2448
11-22 21:25:14.484 D/hwcomposer( 1417): hwc_blank(0: 1)
11-22 21:25:14.494 D/SurfaceControl( 1752): Excessive delay in blankDisplay() while turning screen off: 151ms
11-22 21:25:14.504 I/DisplayManagerService( 1752): Display device changed: DisplayDeviceInfo{"Built-in Screen": 320 x 290, 45.000004 fps, density 213, 203.2 x 204.61111 dpi, touch INTERNAL, rotation 0, type BUILT_IN, state OFF, FLAG_DEFAULT_DISPLAY, FLAG_ROTATES_WITH_CONTENT, FLAG_SECURE, FLAG_SUPPORTS_PROTECTED_BUFFERS}
11-22 21:25:14.514 V/ActivityManager( 1752): Display changed displayId=0
11-22 21:25:14.524 V/WearActivity( 7636): display changed: 0, new state: 1
11-22 21:25:14.524 I/TimeWrapper( 7636): FPS: 40.46654, samples: 233
11-22 21:25:14.524 I/TimeWrapper( 7636): Min/Avg/Max frame render speed (ms): 3.78418 / 5.303902 / 34.851074
11-22 21:25:14.524 I/TimeWrapper( 7636): Waketime: 21.463058%
11-22 21:25:14.524 I/TimeWrapper( 7636): Skipped frames: 254
11-22 21:25:14.524 V/MyViewAnim( 7636): redrawSlow: resume -> 1
11-22 21:25:14.524 V/MyViewAnim( 7636): redrawSlow: display change without state change -> 1
11-22 21:25:14.524 V/MyViewAnim( 7636): redrawSlow: startHelper -> 1
11-22 21:25:14.524 V/WearActivity( 7636): onDisplayChanged: off!
11-22 21:25:14.524 V/WearActivity( 7636): stopHelper: shutting things down
11-22 21:25:14.554 D/MinnowPowerHAL( 1752): power_set_interactive: 0
11-22 21:25:14.554 D/MinnowPowerHAL( 1752): sysfs_write: /sys/devices/platform/omapdss/display0/interactivemode 0
11-22 21:25:14.554 D/MinnowPowerHAL( 1752): sysfs_write: /sys/devices/ocp.2/i2c.6/i2c-0/0-004a/interactivemode 0
11-22 21:25:14.554 D/MinnowPowerHAL( 1752): sysfs_write: /sys/class/leds/lcd-backlight/interactive 0
11-22 21:25:14.554 D/mot_vr_audio_hw( 1752): dsp_set_pm_state = off
11-22 21:25:14.554 D/ADSPD   ( 7609): Client cmd=0x4002, size=2
11-22 21:25:14.554 D/ADSPD   ( 7609): DSP_CMD_DAEMON_SET_PM_STATE : 0
11-22 21:25:14.554 D/ADSPD   ( 7609): DSP not turned off as still being used
11-22 21:25:14.574 V/MyViewAnim( 7636): stopping animation!
11-22 21:25:14.574 V/MyViewAnim( 7636): killDrawThread
11-22 21:25:14.574 V/WearActivity( 7636): killing alarms
11-22 21:25:14.574 I/ClockFace( 7636): Ambient mode: false
11-22 21:25:14.574 V/WearActivity( 7636): Pause!
11-22 21:25:14.584 V/MyViewAnim( 7636): looper finished!
11-22 21:25:14.584 D/mot_vr_audio_hw( 1419): dsp_recognizer_enabled = false
11-22 21:25:14.584 D/ADSPD   ( 7609): Client cmd=0x0003, size=4
11-22 21:25:14.584 V/WearActivity( 7636): Stop!
11-22 21:25:14.594 D/ADSPD   ( 7609): Trying to send to dsp while in dsp in RESET
11-22 21:25:14.594 W/mot_vr_audio_hw( 1419): Not allowing wake() since DSP is disabled
11-22 21:25:14.594 W/InputMethodManagerService( 1752): Ignoring setImeWindowStatus of uid 1000 token: null
11-22 21:25:14.604 W/mot_vr_audio_hw( 1419): Not allowing wake() since DSP is disabled
11-22 21:25:14.624 D/ADSPD   ( 7609): Client cmd=0x4003, size=2
11-22 21:25:14.624 D/ADSPD   ( 7609): DSP no longer used, turned off here
11-22 21:25:14.624 D/mot_vr_audio_hw( 1419): Input 0xb8ebdfc0 close complete
11-22 21:25:14.645 E/HostWithRpcCallback( 1871): Failed to send RPC
11-22 21:25:14.645 E/HostWithRpcCallback( 1871): com.google.android.wearable.gmsclient.WearableException: sendRpcAsync failed: Status{statusCode=unknown status code: 4000, resolution=null}
11-22 21:25:14.645 E/HostWithRpcCallback( 1871): 	at com.google.android.wearable.gmsclient.GoogleApiClientHelper.throwIfFailed(GoogleApiClientHelper.java:98)
11-22 21:25:14.645 E/HostWithRpcCallback( 1871): 	at com.google.android.wearable.gmsclient.MessageManager$1$1.getResult(MessageManager.java:81)
11-22 21:25:14.645 E/HostWithRpcCallback( 1871): 	at com.google.android.wearable.gmsclient.MessageManager$1$1.getResult(MessageManager.java:78)
11-22 21:25:14.645 E/HostWithRpcCallback( 1871): 	at com.google.android.clockwork.actions.WearableHostWithRpcCallback$SendRpcCallbackWithId.onSendRpc(WearableHostWithRpcCallback.java:292)
11-22 21:25:14.645 E/HostWithRpcCallback( 1871): 	at com.google.android.wearable.gmsclient.MessageManager$1.onResult(MessageManager.java:78)
11-22 21:25:14.645 E/HostWithRpcCallback( 1871): 	at com.google.android.wearable.gmsclient.MessageManager$1.onResult(MessageManager.java:75)
11-22 21:25:14.645 E/HostWithRpcCallback( 1871): 	at com.google.android.gms.common.api.BaseImplementation$CallbackHandler.deliverResultCallback(Unknown Source)
11-22 21:25:14.645 E/HostWithRpcCallback( 1871): 	at com.google.android.gms.common.api.BaseImplementation$CallbackHandler.handleMessage(Unknown Source)
11-22 21:25:14.645 E/HostWithRpcCallback( 1871): 	at android.os.Handler.dispatchMessage(Handler.java:102)
11-22 21:25:14.645 E/HostWithRpcCallback( 1871): 	at android.os.Looper.loop(Looper.java:136)
11-22 21:25:14.645 E/HostWithRpcCallback( 1871): 	at android.app.ActivityThread.main(ActivityThread.java:5026)
11-22 21:25:14.645 E/HostWithRpcCallback( 1871): 	at java.lang.reflect.Method.invokeNative(Native Method)
11-22 21:25:14.645 E/HostWithRpcCallback( 1871): 	at java.lang.reflect.Method.invoke(Method.java:515)
11-22 21:25:14.645 E/HostWithRpcCallback( 1871): 	at com.android.internal.os.ZygoteInit$MethodAndArgsCaller.run(ZygoteInit.java:777)
11-22 21:25:14.645 E/HostWithRpcCallback( 1871): 	at com.android.internal.os.ZygoteInit.main(ZygoteInit.java:602)
11-22 21:25:14.645 E/HostWithRpcCallback( 1871): 	at dalvik.system.NativeStart.main(Native Method)
11-22 21:25:58.186 W/bt-l2cap(24046): l2cu_get_conn_role 1
11-22 21:25:58.206 W/bt-btif (24046): info:x10
11-22 21:25:58.206 D/        (24046): remote version info [bc:f5:ac:4c:56:a1]: 6, f, 6109
11-22 21:25:58.416 W/bt-btif (24046): new conn_srvc id:26, app_id:255
11-22 21:25:58.416 W/bt-btif (24046): bta_dm_pm_ssr conn_srvc id:26, app_id:255
11-22 21:25:58.416 W/bt-btif (24046): bta_dm_pm_ssr:2, lat:1200
11-22 21:25:58.416 E/bt-btif (24046): bta_jv_rfcomm_stop_server
11-22 21:25:58.426 I/BluetoothAdapterProperties(24046): adapterPropertyChangedCallback with type:9 len:4
11-22 21:25:58.426 D/BluetoothAdapterProperties(24046): Discoverable Timeout:0
11-22 21:25:58.426 I/BluetoothAdapterProperties(24046): adapterPropertyChangedCallback with type:7 len:4
11-22 21:25:58.436 D/BluetoothAdapterService(-1379182336)(24046): Get Bonded Devices being called
11-22 21:25:58.436 D/BluetoothAdapterProperties(24046): Scan Mode:20
11-22 21:25:58.436 D/BluetoothAdapterProperties(24046): getBondedDevices: length=1
11-22 21:25:58.436 D/WearableBluetooth( 6983): set scan mode to 20 (disabled)
11-22 21:25:58.436 I/WearableConn( 6983): Connected, running sync loop
11-22 21:25:58.446 D/wearable( 6983): Peer handshake connect succeeded, peer version: 1
11-22 21:25:58.526 D/dalvikvm( 6983): GC_CONCURRENT freed 416K, 23% free 2384K/3080K, paused 6ms+5ms, total 40ms
11-22 21:25:58.646 D/WearableClient( 6920): WearableClientImpl.onPostInitHandler: done
11-22 21:25:58.756 D/WearableClient( 7196): WearableClientImpl.onPostInitHandler: done
11-22 21:25:58.836 D/ClockworkProxy( 1871): onPeerConnected
11-22 21:25:58.836 D/ConnectivityService( 1752): ConnectivityChange for PROXY: CONNECTED/CONNECTED
11-22 21:25:58.846 D/ClockworkProxy( 1871): Tearing down native proxy service...
11-22 21:25:58.846 D/SocketHack( 1871): Expected implementation of Socket, SockImpl and FileDescriptor
11-22 21:25:58.846 D/ClockworkProxy( 1871): Cached sys uids len: 21
11-22 21:25:58.866 D/WearableClient( 7230): WearableClientImpl.onPostInitHandler: done
11-22 21:25:58.866 E/ConnectivityService( 1752): Unexpected mtu value: android.net.ProxyDataTracker@addf7e28
11-22 21:25:58.906 D/LocationWearablesListenerService( 6978): onPeerConnected
11-22 21:25:58.916 D/WearableClient( 6978): WearableClientImpl.onPostInitHandler: done
11-22 21:25:58.956 D/PhoneListenerService( 7184): onPeerConnected
11-22 21:25:58.966 D/Nat464Xlat( 1752): requiresClat: netType=16, hasIPv4Address=false
11-22 21:25:59.006 D/WearableClient( 7230): WearableClientImpl.onPostInitHandler: done
11-22 21:25:59.016 V/WearReceiverService( 7636): phone is connected!, e12e6647-0917-4594-a0b8-f42d78390f6d
11-22 21:25:59.016 V/WearReceiverService( 7636): pinging phone for data
11-22 21:25:59.036 D/ConnectivityService( 1752): ConnectivityChange for PROXY: CONNECTED/CONNECTED
11-22 21:25:59.066 V/wearable( 6983): ensureBuffersHaveSpace: increasing size from 47 to 992
11-22 21:25:59.086 E/ConnectivityService( 1752): Unexpected mtu value: android.net.ProxyDataTracker@addf7e28
11-22 21:25:59.116 D/ConnectivityService( 1752): handleConnectivityChange: address are the same reset per doReset linkProperty[16]: resetMask=0
11-22 21:25:59.116 D/Nat464Xlat( 1752): requiresClat: netType=16, hasIPv4Address=false
11-22 21:25:59.126 D/dalvikvm( 6978): GC_CONCURRENT freed 420K, 21% free 2624K/3288K, paused 2ms+73ms, total 223ms
11-22 21:25:59.136 I/Clockwork.Settings( 1871): data item timezone: America/Chicago
11-22 21:25:59.136 D/Clockwork.Settings( 1871): got new locale en_US
11-22 21:25:59.347 D/dalvikvm( 6983): GC_CONCURRENT freed 416K, 24% free 2362K/3080K, paused 14ms+14ms, total 67ms
11-22 21:25:59.387 I/FitnessWearable( 6946): Refreshing Platform Data
11-22 21:25:59.417 I/Fitness ( 6978): Account supported from server: true
11-22 21:25:59.417 I/Fitness ( 6978): schedule to sync accounts: [dwallach@gmail.com]
11-22 21:25:59.497 I/Clockwork.Settings( 1871): Companion requested the watch start a time sync.
11-22 21:25:59.497 I/Clockwork.Settings( 1871): sending time sync request - elapsedRealTime: 1953258659
11-22 21:25:59.537 I/FitnessWearable( 6946): Completed query in 121 milliseconds
11-22 21:25:59.547 V/wearable( 6983): ensureBuffersHaveSpace: increasing size from 47 to 237
11-22 21:25:59.557 V/WearReceiverService( 7636): Sending to node: e12e6647-0917-4594-a0b8-f42d78390f6d
11-22 21:25:59.577 I/Clockwork.Settings( 1871): Companion requested the watch start a time sync.
11-22 21:25:59.577 I/Clockwork.Settings( 1871): sending time sync request - elapsedRealTime: 1953258737
11-22 21:25:59.577 V/WearReceiverService( 7636): ping delivered!
11-22 21:25:59.637 I/Clockwork.Settings( 1871): time sync update time to 1416713160603, latency 138 ms
11-22 21:25:59.637 I/Clockwork.Settings( 1871): time sync timezone: America/Chicago
11-22 21:25:59.657 D/        ( 1752): Setting time of day to sec=1416713160
11-22 21:26:00.620 I/Clockwork.TimeService( 1981): set timezone to America/Chicago
11-22 21:26:00.620 D/AlarmManagerService( 1752): Kernel timezone updated to 360 minutes west of GMT
11-22 21:26:00.670 V/WearReceiverService( 7636): message received!
11-22 21:26:00.690 V/ClockFace( 7636): clearing caches
11-22 21:26:00.690 V/ClockState( 7636): clipping 2 raw events to fit the screen
11-22 21:26:00.690 V/EventLayoutUniform( 7636): Event layout success.
11-22 21:26:00.690 V/EventLayoutUniform( 7636): Event layout time: 3.234863 ms
11-22 21:26:00.690 V/ClockState( 7636): maxLevel for new events: 10000
11-22 21:26:00.690 V/ClockState( 7636): number of new events: 1
11-22 21:26:00.690 V/MyViewAnim( 7636): update from ClockState
11-22 21:26:00.690 V/MyViewAnim( 7636): draw thread desired: true
11-22 21:26:00.690 V/ClockFace( 7636): clearing caches
11-22 21:26:00.690 V/MyViewAnim( 7636): update from ClockState
11-22 21:26:00.690 V/MyViewAnim( 7636): draw thread desired: true
11-22 21:26:00.690 V/ClockFace( 7636): clearing caches
11-22 21:26:00.690 V/MyViewAnim( 7636): update from ClockState
11-22 21:26:00.690 V/MyViewAnim( 7636): draw thread desired: true
11-22 21:26:00.690 V/ClockFace( 7636): clearing caches
11-22 21:26:00.690 V/MyViewAnim( 7636): update from ClockState
11-22 21:26:00.690 V/MyViewAnim( 7636): draw thread desired: true
11-22 21:26:00.690 V/ClockState( 7636): new calendar event list, 2 entries
11-22 21:26:00.690 V/ClockFace( 7636): clearing caches
11-22 21:26:00.690 V/MyViewAnim( 7636): update from ClockState
