12-06 21:02:02.124    1751-1931/? I/ActivityManager﹕ START u0 {act=android.intent.action.MAIN cat=[android.intent.category.HOME] flg=0x10000000 cmp=com.google.android.wearable.app/com.google.android.clockwork.home.HomeActivity (has extras)} from pid 1870 on display 0
12-06 21:02:02.124    1751-1751/? V/ActivityManager﹕ Display changed displayId=0
12-06 21:02:02.164    1751-1774/? I/DreamController﹕ Stopping dream: name=ComponentInfo{com.google.android.wearable.app/com.google.android.clockwork.home.AmbientMode}, isTest=false, canDoze=true, userId=0
12-06 21:02:02.164    1751-1781/? I/PowerManagerService﹕ Sleeping...
12-06 21:02:02.214    1751-1925/? I/ActivityManager﹕ Activity reported stop, but no longer stopping: ActivityRecord{adf19ae0 u0 com.google.android.wearable.app/com.google.android.clockwork.home.HomeActivity t1}
12-06 21:02:02.284    1751-1925/? I/ActivityManager﹕ Delay finish: com.google.android.gms/.fitness.wearables.WearableSyncServiceReceiver
12-06 21:02:03.115    1751-1925/? I/ActivityManager﹕ Resuming delayed broadcast
12-06 21:02:03.315    1751-1777/? I/DisplayManagerService﹕ Display device changed: DisplayDeviceInfo{"Built-in Screen": 320 x 290, 45.000004 fps, density 213, 203.2 x 204.61111 dpi, touch INTERNAL, rotation 0, type BUILT_IN, state OFF, FLAG_DEFAULT_DISPLAY, FLAG_ROTATES_WITH_CONTENT, FLAG_SECURE, FLAG_SUPPORTS_PROTECTED_BUFFERS}
12-06 21:02:03.325    1751-1751/? V/ActivityManager﹕ Display changed displayId=0
12-06 21:04:18.610    1751-1762/? I/ActivityManager﹕ Delay finish: com.google.android.gms/.fitness.store.buffer.FlushServiceReceiver
12-06 21:04:18.770    1751-1925/? I/ActivityManager﹕ Resuming delayed broadcast
12-06 21:10:19.610    1751-2330/? I/ActivityManager﹕ Delay finish: com.motorola.targetnotif/com.motorola.omni.NotificationAlarmReceiver
12-06 21:10:19.630    1751-1762/? I/ActivityManager﹕ Resuming delayed broadcast
12-06 21:10:19.640    1751-1796/? D/ConnectivityService﹕ Sampling interval elapsed, updating statistics ..
12-06 21:10:19.640    1751-1796/? D/ConnectivityService﹕ Done.
12-06 21:10:19.640    1751-1796/? D/ConnectivityService﹕ Setting timer for 720seconds
12-06 21:14:47.328    1751-1771/? I/ActivityManager﹕ Killing 12242:me.lyft.android/u0a21 (adj 15): empty for 1808s
12-06 21:14:47.338    1751-1771/? I/ActivityManager﹕ Killing 15983:com.google.android.maps.mytracks/u0a29 (adj 15): empty for 1808s
12-06 21:14:47.338    1751-1771/? I/ActivityManager﹕ Killing 16032:android.process.media/u0a9 (adj 15): empty for 1813s
12-06 21:15:46.645    1751-1768/? D/SensorHALGestureSensor﹕ Gesture event received! time = 1417922146647836862
12-06 21:15:46.645    1751-2357/? I/PowerManagerService﹕ Waking up from sleep...
12-06 21:15:46.645    1751-1775/? W/KeyguardServiceDelegate﹕ onScreenTurnedOn(): no keyguard service!
12-06 21:15:46.845    1751-1751/? V/ActivityManager﹕ Display changed displayId=0
12-06 21:15:46.845    1751-1751/? W/InputMethodManagerService﹕ Ignoring setImeWindowStatus of uid 1000 token: null
12-06 21:15:46.965    1751-2330/? D/SensorHAL﹕ adjustSensorHandle: handle = 9 adjustedHandle = 1
12-06 21:15:46.965    1751-2330/? D/SensorHAL﹕ adjustSensorHandle: handle = 9 adjustedHandle = 1
12-06 21:15:46.965    1751-1777/? I/DisplayManagerService﹕ Display device changed: DisplayDeviceInfo{"Built-in Screen": 320 x 290, 45.000004 fps, density 213, 203.2 x 204.61111 dpi, touch INTERNAL, rotation 0, type BUILT_IN, state ON, FLAG_DEFAULT_DISPLAY, FLAG_ROTATES_WITH_CONTENT, FLAG_SECURE, FLAG_SUPPORTS_PROTECTED_BUFFERS}
12-06 21:15:46.975    1751-1751/? V/ActivityManager﹕ Display changed displayId=0
12-06 21:15:47.015    1751-1762/? D/SensorHAL﹕ adjustSensorHandle: handle = 9 adjustedHandle = 1
12-06 21:15:51.860    1751-1925/? I/PowerManagerService﹕ Going to sleep due to screen timeout...
12-06 21:15:51.860    1751-1781/? I/PowerManagerService﹕ Dozing...
12-06 21:15:51.870    1751-1774/? I/DreamController﹕ Starting dream: name=ComponentInfo{com.google.android.wearable.app/com.google.android.clockwork.home.AmbientMode}, isTest=false, canDoze=true, userId=0
12-06 21:15:51.970    1751-2330/? I/ActivityManager﹕ START u0 {act=android.intent.action.MAIN cat=[android.intent.category.HOME] flg=0x10000000 cmp=com.google.android.wearable.app/com.google.android.clockwork.home.HomeActivity (has extras)} from pid 1870 on display 0
12-06 21:15:51.980    1751-1774/? I/DreamController﹕ Stopping dream: name=ComponentInfo{com.google.android.wearable.app/com.google.android.clockwork.home.AmbientMode}, isTest=false, canDoze=true, userId=0
12-06 21:15:51.980    1751-1781/? I/PowerManagerService﹕ Sleeping...
12-06 21:15:51.990    1751-1751/? W/InputMethodManagerService﹕ Ignoring setImeWindowStatus of uid 1000 token: null
12-06 21:15:52.841    1751-1777/? I/DisplayManagerService﹕ Display device changed: DisplayDeviceInfo{"Built-in Screen": 320 x 290, 45.000004 fps, density 213, 203.2 x 204.61111 dpi, touch INTERNAL, rotation 0, type BUILT_IN, state OFF, FLAG_DEFAULT_DISPLAY, FLAG_ROTATES_WITH_CONTENT, FLAG_SECURE, FLAG_SUPPORTS_PROTECTED_BUFFERS}
12-06 21:15:52.851    1751-1751/? V/ActivityManager﹕ Display changed displayId=0
12-06 21:18:21.611    1751-1925/? I/ActivityManager﹕ Delay finish: com.google.android.gms/.fitness.store.buffer.FlushServiceReceiver
12-06 21:18:21.741    1751-1925/? I/ActivityManager﹕ Resuming delayed broadcast
12-06 21:18:47.462    1751-1768/? D/SensorHALGestureSensor﹕ Gesture event received! time = 1417922327464670340
12-06 21:18:47.462    1751-5562/? I/PowerManagerService﹕ Waking up from sleep...
12-06 21:18:47.472    1751-1775/? W/KeyguardServiceDelegate﹕ onScreenTurnedOn(): no keyguard service!
12-06 21:18:47.692    1751-1751/? W/InputMethodManagerService﹕ Ignoring setImeWindowStatus of uid 1000 token: null
12-06 21:18:47.812    1751-1931/? D/SensorHAL﹕ adjustSensorHandle: handle = 9 adjustedHandle = 1
12-06 21:18:47.812    1751-1931/? D/SensorHAL﹕ adjustSensorHandle: handle = 9 adjustedHandle = 1
12-06 21:18:47.812    1751-1777/? I/DisplayManagerService﹕ Display device changed: DisplayDeviceInfo{"Built-in Screen": 320 x 290, 45.000004 fps, density 213, 203.2 x 204.61111 dpi, touch INTERNAL, rotation 0, type BUILT_IN, state ON, FLAG_DEFAULT_DISPLAY, FLAG_ROTATES_WITH_CONTENT, FLAG_SECURE, FLAG_SUPPORTS_PROTECTED_BUFFERS}
12-06 21:18:47.822    1751-1751/? V/ActivityManager﹕ Display changed displayId=0
12-06 21:18:47.842    1751-1925/? D/SensorHAL﹕ adjustSensorHandle: handle = 9 adjustedHandle = 1
12-06 21:18:52.667    1751-1931/? I/PowerManagerService﹕ Going to sleep due to screen timeout...
12-06 21:18:52.667    1751-1781/? I/PowerManagerService﹕ Dozing...
12-06 21:18:52.677    1751-1774/? I/DreamController﹕ Starting dream: name=ComponentInfo{com.google.android.wearable.app/com.google.android.clockwork.home.AmbientMode}, isTest=false, canDoze=true, userId=0
12-06 21:18:52.737    1751-1762/? I/ActivityManager﹕ START u0 {act=android.intent.action.MAIN cat=[android.intent.category.HOME] flg=0x10000000 cmp=com.google.android.wearable.app/com.google.android.clockwork.home.HomeActivity (has extras)} from pid 1870 on display 0
12-06 21:18:52.737    1751-1774/? I/DreamController﹕ Stopping dream: name=ComponentInfo{com.google.android.wearable.app/com.google.android.clockwork.home.AmbientMode}, isTest=false, canDoze=true, userId=0
12-06 21:18:52.747    1751-1781/? I/PowerManagerService﹕ Sleeping...
12-06 21:18:53.588    1751-1777/? I/DisplayManagerService﹕ Display device changed: DisplayDeviceInfo{"Built-in Screen": 320 x 290, 45.000004 fps, density 213, 203.2 x 204.61111 dpi, touch INTERNAL, rotation 0, type BUILT_IN, state OFF, FLAG_DEFAULT_DISPLAY, FLAG_ROTATES_WITH_CONTENT, FLAG_SECURE, FLAG_SUPPORTS_PROTECTED_BUFFERS}
12-06 21:18:53.588    1751-1751/? V/ActivityManager﹕ Display changed displayId=0
12-06 21:18:53.638    1751-1751/? W/InputMethodManagerService﹕ Ignoring setImeWindowStatus of uid 1000 token: null
12-06 21:19:35.877    1751-8116/? I/ActivityManager﹕ START u0 {act=android.intent.action.MAIN cat=[android.intent.category.HOME] flg=0x10000000 cmp=com.google.android.wearable.app/com.google.android.clockwork.home.HomeActivity (has extras)} from pid 1870 on display 0
12-06 21:19:43.767    1751-1803/? I/ActivityManager﹕ START u0 {act=android.intent.action.MAIN cat=[android.intent.category.HOME] flg=0x10000000 cmp=com.google.android.wearable.app/com.google.android.clockwork.home.HomeActivity (has extras)} from pid 1870 on display 0
12-06 21:20:47.338    1751-1761/? I/ActivityManager﹕ Delay finish: com.google.android.gms/.fitness.store.buffer.FlushServiceReceiver
12-06 21:20:47.448    1751-5562/? I/ActivityManager﹕ Resuming delayed broadcast
12-06 21:20:47.688    1751-1931/? I/ActivityManager﹕ Delay finish: com.google.android.gms/.fitness.wearables.WearableSyncServiceReceiver
12-06 21:20:47.918    1751-1931/? I/ActivityManager﹕ Resuming delayed broadcast
12-06 21:22:19.680    1751-1796/? D/ConnectivityService﹕ Sampling interval elapsed, updating statistics ..
12-06 21:22:19.700    1751-1796/? D/ConnectivityService﹕ Done.
12-06 21:22:19.700    1751-1796/? D/ConnectivityService﹕ Setting timer for 720seconds
12-06 21:22:33.562    1751-1768/? D/SensorHALGestureSensor﹕ Gesture event received! time = 1417922553564767964
12-06 21:22:33.562    1751-1931/? I/PowerManagerService﹕ Waking up from sleep...
12-06 21:22:33.562    1751-1775/? W/KeyguardServiceDelegate﹕ onScreenTurnedOn(): no keyguard service!
12-06 21:22:33.772    1751-1751/? W/InputMethodManagerService﹕ Ignoring setImeWindowStatus of uid 1000 token: null
12-06 21:22:33.892    1751-2330/? D/SensorHAL﹕ adjustSensorHandle: handle = 9 adjustedHandle = 1
12-06 21:22:33.892    1751-2330/? D/SensorHAL﹕ adjustSensorHandle: handle = 9 adjustedHandle = 1
12-06 21:22:33.892    1751-1777/? I/DisplayManagerService﹕ Display device changed: DisplayDeviceInfo{"Built-in Screen": 320 x 290, 45.000004 fps, density 213, 203.2 x 204.61111 dpi, touch INTERNAL, rotation 0, type BUILT_IN, state ON, FLAG_DEFAULT_DISPLAY, FLAG_ROTATES_WITH_CONTENT, FLAG_SECURE, FLAG_SUPPORTS_PROTECTED_BUFFERS}
12-06 21:22:33.892    1751-1751/? V/ActivityManager﹕ Display changed displayId=0
12-06 21:22:33.912    1751-1931/? D/SensorHAL﹕ adjustSensorHandle: handle = 9 adjustedHandle = 1
12-06 21:22:38.767    1751-1761/? I/PowerManagerService﹕ Going to sleep due to screen timeout...
12-06 21:22:38.777    1751-1781/? I/PowerManagerService﹕ Dozing...
12-06 21:22:38.777    1751-1774/? I/DreamController﹕ Starting dream: name=ComponentInfo{com.google.android.wearable.app/com.google.android.clockwork.home.AmbientMode}, isTest=false, canDoze=true, userId=0
12-06 21:22:38.857    1751-1751/? W/InputMethodManagerService﹕ Ignoring setImeWindowStatus of uid 1000 token: null
12-06 21:22:38.887    1751-1803/? I/ActivityManager﹕ START u0 {act=android.intent.action.MAIN cat=[android.intent.category.HOME] flg=0x10000000 cmp=com.google.android.wearable.app/com.google.android.clockwork.home.HomeActivity (has extras)} from pid 1870 on display 0
12-06 21:22:38.887    1751-1774/? I/DreamController﹕ Stopping dream: name=ComponentInfo{com.google.android.wearable.app/com.google.android.clockwork.home.AmbientMode}, isTest=false, canDoze=true, userId=0
12-06 21:22:38.887    1751-1781/? I/PowerManagerService﹕ Sleeping...
12-06 21:22:40.148    1751-1777/? I/DisplayManagerService﹕ Display device changed: DisplayDeviceInfo{"Built-in Screen": 320 x 290, 45.000004 fps, density 213, 203.2 x 204.61111 dpi, touch INTERNAL, rotation 0, type BUILT_IN, state OFF, FLAG_DEFAULT_DISPLAY, FLAG_ROTATES_WITH_CONTENT, FLAG_SECURE, FLAG_SUPPORTS_PROTECTED_BUFFERS}
12-06 21:22:40.158    1751-1751/? V/ActivityManager﹕ Display changed displayId=0
12-06 21:24:22.670    1751-2357/? I/ActivityManager﹕ Delay finish: com.motorola.targetnotif/com.motorola.omni.NotificationAlarmReceiver
12-06 21:24:22.670    1751-1761/? I/ActivityManager﹕ Resuming delayed broadcast
12-06 21:25:02.779    1751-2330/? I/ActivityManager﹕ Delay finish: com.google.android.gms/.fitness.store.buffer.FlushServiceReceiver
12-06 21:25:02.900    1751-1761/? I/ActivityManager﹕ Resuming delayed broadcast
12-06 21:27:25.600    1751-2357/? I/ActivityManager﹕ Delay finish: com.google.android.gms/.fitness.wearables.WearableSyncServiceReceiver
12-06 21:27:25.911    1751-2357/? I/ActivityManager﹕ Resuming delayed broadcast
12-06 21:28:05.669    1751-1925/? I/ActivityManager﹕ START u0 {act=android.intent.action.MAIN cat=[android.intent.category.HOME] flg=0x10000000 cmp=com.google.android.wearable.app/com.google.android.clockwork.home.HomeActivity (has extras)} from pid 1870 on display 0
12-06 21:28:06.660    1751-1803/? I/ActivityManager﹕ START u0 {act=android.intent.action.MAIN cat=[android.intent.category.HOME] flg=0x10000000 cmp=com.google.android.wearable.app/com.google.android.clockwork.home.HomeActivity (has extras)} from pid 1870 on display 0
12-06 21:28:07.261    1751-1925/? I/ActivityManager﹕ START u0 {act=android.intent.action.MAIN cat=[android.intent.category.HOME] flg=0x10000000 cmp=com.google.android.wearable.app/com.google.android.clockwork.home.HomeActivity (has extras)} from pid 1870 on display 0
12-06 21:28:07.631    1751-2330/? I/ActivityManager﹕ START u0 {act=android.intent.action.MAIN cat=[android.intent.category.HOME] flg=0x10000000 cmp=com.google.android.wearable.app/com.google.android.clockwork.home.HomeActivity (has extras)} from pid 1870 on display 0
12-06 21:28:25.779    1751-2330/? I/ActivityManager﹕ Delay finish: com.google.android.gms/.fitness.wearables.WearableSyncServiceReceiver
12-06 21:28:25.909    1751-1931/? I/ActivityManager﹕ Resuming delayed broadcast
12-06 21:28:25.939    1751-1925/? I/ActivityManager﹕ Delay finish: com.google.android.gms/.fitness.store.buffer.FlushServiceReceiver
12-06 21:28:25.959    1751-2357/? I/ActivityManager﹕ Resuming delayed broadcast
12-06 21:28:26.319    1751-2330/? I/ActivityManager﹕ Delay finish: com.npi.wearbatterystats/.receiver.BatteryReceiver
12-06 21:28:41.044    1751-1771/? I/ActivityManager﹕ Waited long enough for: ServiceRecord{adfef480 u0 com.google.android.gms/.config.ConfigFetchService}
12-06 21:28:41.074    1751-1771/? I/ActivityManager﹕ Waited long enough for: ServiceRecord{adecd4d0 u0 com.google.android.gms/.playlog.uploader.UploaderService}
12-06 21:28:41.074    1751-1771/? I/ActivityManager﹕ Resuming delayed broadcast
12-06 21:34:18.630    1751-2357/? I/ActivityManager﹕ Delay finish: com.google.android.gms/.fitness.store.buffer.FlushServiceReceiver
12-06 21:34:18.790    1751-1803/? I/ActivityManager﹕ Resuming delayed broadcast
12-06 21:35:02.296    1751-1796/? D/ConnectivityService﹕ Sampling interval elapsed, updating statistics ..
12-06 21:35:02.316    1751-1796/? D/ConnectivityService﹕ Done.
12-06 21:35:02.316    1751-1796/? D/ConnectivityService﹕ Setting timer for 720seconds
12-06 21:38:47.339    1751-1925/? I/ActivityManager﹕ Delay finish: com.motorola.targetnotif/com.motorola.omni.NotificationAlarmReceiver
12-06 21:38:47.349    1751-1762/? I/ActivityManager﹕ Resuming delayed broadcast
12-06 21:43:48.600    1751-1803/? I/ActivityManager﹕ Delay finish: com.google.android.gms/.fitness.wearables.WearableSyncServiceReceiver
12-06 21:43:48.911    1751-1762/? I/ActivityManager﹕ Resuming delayed broadcast
12-06 21:44:47.355    1751-1929/? I/ActivityManager﹕ Delay finish: com.google.android.gms/.fitness.wearables.WearableSyncServiceReceiver
12-06 21:44:47.496    1751-8116/? I/ActivityManager﹕ Resuming delayed broadcast
12-06 21:48:03.610    1751-1796/? D/ConnectivityService﹕ Sampling interval elapsed, updating statistics ..
12-06 21:48:03.610    1751-1796/? D/ConnectivityService﹕ Done.
12-06 21:48:03.610    1751-1796/? D/ConnectivityService﹕ Setting timer for 720seconds
12-06 21:50:18.131    1751-1771/? I/ProcessStatsService﹕ Prepared write state in 4ms
12-06 21:57:18.969    1751-1803/? I/ActivityManager﹕ Delay finish: com.google.android.gms/.fitness.store.buffer.FlushServiceReceiver
12-06 21:57:19.119    1751-1803/? I/ActivityManager﹕ Resuming delayed broadcast
12-06 21:58:05.710    1751-2330/? I/ActivityManager﹕ START u0 {act=android.intent.action.MAIN cat=[android.intent.category.HOME] flg=0x10000000 cmp=com.google.android.wearable.app/com.google.android.clockwork.home.HomeActivity (has extras)} from pid 1870 on display 0
12-06 21:58:05.920    1751-1925/? I/ActivityManager﹕ START u0 {act=android.intent.action.MAIN cat=[android.intent.category.HOME] flg=0x10000000 cmp=com.google.android.wearable.app/com.google.android.clockwork.home.HomeActivity (has extras)} from pid 1870 on display 0
12-06 21:58:06.561    1751-8116/? I/ActivityManager﹕ START u0 {act=android.intent.action.MAIN cat=[android.intent.category.HOME] flg=0x10000000 cmp=com.google.android.wearable.app/com.google.android.clockwork.home.HomeActivity (has extras)} from pid 1870 on display 0
12-06 21:58:06.991    1751-1925/? I/ActivityManager﹕ START u0 {act=android.intent.action.MAIN cat=[android.intent.category.HOME] flg=0x10000000 cmp=com.google.android.wearable.app/com.google.android.clockwork.home.HomeActivity (has extras)} from pid 1870 on display 0
12-06 21:58:07.372    1751-8116/? I/ActivityManager﹕ START u0 {act=android.intent.action.MAIN cat=[android.intent.category.HOME] flg=0x10000000 cmp=com.google.android.wearable.app/com.google.android.clockwork.home.HomeActivity (has extras)} from pid 1870 on display 0
12-06 21:58:18.600    1751-1803/? I/ActivityManager﹕ Delay finish: com.motorola.targetnotif/com.motorola.omni.NotificationAlarmReceiver
12-06 21:58:18.610    1751-1929/? I/ActivityManager﹕ Resuming delayed broadcast
12-06 21:58:58.729    1751-8116/? I/ActivityManager﹕ Delay finish: com.google.android.gms/.checkin.EventLogService$Receiver
12-06 21:58:58.890    1751-8116/? I/ActivityManager﹕ Resuming delayed broadcast
12-06 22:00:05.629    1751-1762/? I/ActivityManager﹕ Delay finish: com.google.android.gms/.fitness.wearables.WearableSyncServiceReceiver
12-06 22:00:05.980    1751-1925/? I/ActivityManager﹕ Resuming delayed broadcast
12-06 22:00:48.600    1751-1796/? D/ConnectivityService﹕ Sampling interval elapsed, updating statistics ..
12-06 22:00:48.610    1751-1796/? D/ConnectivityService﹕ Done.
12-06 22:00:48.610    1751-1796/? D/ConnectivityService﹕ Setting timer for 720seconds
12-06 22:20:19.600    1751-1929/? I/ActivityManager﹕ Delay finish: com.motorola.targetnotif/com.motorola.omni.NotificationAlarmReceiver
12-06 22:20:19.610    1751-2357/? I/ActivityManager﹕ Resuming delayed broadcast
12-06 22:20:19.620    1751-1796/? D/ConnectivityService﹕ Sampling interval elapsed, updating statistics ..
12-06 22:20:19.620    1751-1796/? D/ConnectivityService﹕ Done.
12-06 22:20:19.620    1751-1796/? D/ConnectivityService﹕ Setting timer for 720seconds
12-06 22:22:40.590    1751-1929/? D/SensorHAL﹕ adjustSensorHandle: handle = 9 adjustedHandle = 1
12-06 22:22:40.590    1751-1929/? D/SensorHAL﹕ adjustSensorHandle: handle = 9 adjustedHandle = 1
12-06 22:22:40.600    1751-2357/? D/SensorHAL﹕ adjustSensorHandle: handle = 9 adjustedHandle = 1
12-06 22:28:05.698    1751-1925/? I/ActivityManager﹕ START u0 {act=android.intent.action.MAIN cat=[android.intent.category.HOME] flg=0x10000000 cmp=com.google.android.wearable.app/com.google.android.clockwork.home.HomeActivity (has extras)} from pid 1870 on display 0
12-06 22:28:05.908    1751-1761/? I/ActivityManager﹕ START u0 {act=android.intent.action.MAIN cat=[android.intent.category.HOME] flg=0x10000000 cmp=com.google.android.wearable.app/com.google.android.clockwork.home.HomeActivity (has extras)} from pid 1870 on display 0
12-06 22:28:06.368    1751-1803/? I/ActivityManager﹕ START u0 {act=android.intent.action.MAIN cat=[android.intent.category.HOME] flg=0x10000000 cmp=com.google.android.wearable.app/com.google.android.clockwork.home.HomeActivity (has extras)} from pid 1870 on display 0
12-06 22:28:06.649    1751-1929/? I/ActivityManager﹕ START u0 {act=android.intent.action.MAIN cat=[android.intent.category.HOME] flg=0x10000000 cmp=com.google.android.wearable.app/com.google.android.clockwork.home.HomeActivity (has extras)} from pid 1870 on display 0
12-06 22:28:06.759    1751-2330/? I/ActivityManager﹕ START u0 {act=android.intent.action.MAIN cat=[android.intent.category.HOME] flg=0x10000000 cmp=com.google.android.wearable.app/com.google.android.clockwork.home.HomeActivity (has extras)} from pid 1870 on display 0
12-06 22:32:47.346    1751-1803/? I/ActivityManager﹕ Delay finish: com.motorola.targetnotif/com.motorola.omni.NotificationAlarmReceiver
12-06 22:32:47.356    1751-2357/? I/ActivityManager﹕ Resuming delayed broadcast
12-06 22:33:27.445    1751-1796/? D/ConnectivityService﹕ Sampling interval elapsed, updating statistics ..
12-06 22:33:27.455    1751-1796/? D/ConnectivityService﹕ Done.
12-06 22:33:27.455    1751-1796/? D/ConnectivityService﹕ Setting timer for 720seconds
12-06 22:33:27.465    1751-2330/? I/ActivityManager﹕ Delay finish: com.google.android.gms/.checkin.EventLogService$Receiver
12-06 22:33:42.540    1751-1771/? I/ActivityManager﹕ Waited long enough for: ServiceRecord{adfc1248 u0 com.google.android.gms/.config.ConfigFetchService}
12-06 22:33:42.540    1751-1771/? I/ActivityManager﹕ Resuming delayed broadcast
12-06 22:37:00.001    1751-1785/? I/PowerManagerService﹕ Waking up from sleep...
12-06 22:37:00.001    1751-1775/? W/KeyguardServiceDelegate﹕ onScreenTurnedOn(): no keyguard service!
12-06 22:37:00.302    1751-1751/? W/InputMethodManagerService﹕ Ignoring setImeWindowStatus of uid 1000 token: null
12-06 22:37:00.312    1751-1777/? I/DisplayManagerService﹕ Display device changed: DisplayDeviceInfo{"Built-in Screen": 320 x 290, 45.000004 fps, density 213, 203.2 x 204.61111 dpi, touch INTERNAL, rotation 0, type BUILT_IN, state ON, FLAG_DEFAULT_DISPLAY, FLAG_ROTATES_WITH_CONTENT, FLAG_SECURE, FLAG_SUPPORTS_PROTECTED_BUFFERS}
12-06 22:37:00.362    1751-1751/? V/ActivityManager﹕ Display changed displayId=0
12-06 22:37:00.502    1751-1929/? D/SensorHAL﹕ adjustSensorHandle: handle = 9 adjustedHandle = 1
12-06 22:37:00.502    1751-1929/? D/SensorHAL﹕ adjustSensorHandle: handle = 9 adjustedHandle = 1
12-06 22:37:00.512    1751-1925/? D/SensorHAL﹕ adjustSensorHandle: handle = 9 adjustedHandle = 1
12-06 22:37:04.996    1751-1781/? I/PowerManagerService﹕ Going to sleep due to screen timeout...
12-06 22:37:04.996    1751-1781/? I/PowerManagerService﹕ Dozing...
12-06 22:37:05.016    1751-1774/? I/DreamController﹕ Starting dream: name=ComponentInfo{com.google.android.wearable.app/com.google.android.clockwork.home.AmbientMode}, isTest=false, canDoze=true, userId=0
12-06 22:37:05.036    1751-1751/? W/InputMethodManagerService﹕ Ignoring setImeWindowStatus of uid 1000 token: null
12-06 22:37:05.186    1751-8116/? I/ActivityManager﹕ START u0 {act=android.intent.action.MAIN cat=[android.intent.category.HOME] flg=0x10000000 cmp=com.google.android.wearable.app/com.google.android.clockwork.home.HomeActivity (has extras)} from pid 1870 on display 0
12-06 22:37:05.186    1751-1751/? V/ActivityManager﹕ Display changed displayId=0
12-06 22:37:05.216    1751-1774/? I/DreamController﹕ Stopping dream: name=ComponentInfo{com.google.android.wearable.app/com.google.android.clockwork.home.AmbientMode}, isTest=false, canDoze=true, userId=0
12-06 22:37:05.216    1751-1781/? I/PowerManagerService﹕ Sleeping...
12-06 22:37:05.256    1751-5562/? I/ActivityManager﹕ Activity reported stop, but no longer stopping: ActivityRecord{adf19ae0 u0 com.google.android.wearable.app/com.google.android.clockwork.home.HomeActivity t1}
12-06 22:37:05.997    1751-1777/? I/DisplayManagerService﹕ Display device changed: DisplayDeviceInfo{"Built-in Screen": 320 x 290, 45.000004 fps, density 213, 203.2 x 204.61111 dpi, touch INTERNAL, rotation 0, type BUILT_IN, state OFF, FLAG_DEFAULT_DISPLAY, FLAG_ROTATES_WITH_CONTENT, FLAG_SECURE, FLAG_SUPPORTS_PROTECTED_BUFFERS}
12-06 22:37:05.997    1751-1751/? V/ActivityManager﹕ Display changed displayId=0
12-06 22:38:01.968    1751-1785/? I/PowerManagerService﹕ Waking up from sleep...
12-06 22:38:01.968    1751-1775/? W/KeyguardServiceDelegate﹕ onScreenTurnedOn(): no keyguard service!
12-06 22:38:02.138    1751-1751/? V/ActivityManager﹕ Display changed displayId=0
12-06 22:38:02.248    1751-1777/? I/DisplayManagerService﹕ Display device changed: DisplayDeviceInfo{"Built-in Screen": 320 x 290, 45.000004 fps, density 213, 203.2 x 204.61111 dpi, touch INTERNAL, rotation 0, type BUILT_IN, state ON, FLAG_DEFAULT_DISPLAY, FLAG_ROTATES_WITH_CONTENT, FLAG_SECURE, FLAG_SUPPORTS_PROTECTED_BUFFERS}
12-06 22:38:02.248    1751-1751/? V/ActivityManager﹕ Display changed displayId=0
12-06 22:38:02.298    1751-1751/? W/InputMethodManagerService﹕ Ignoring setImeWindowStatus of uid 1000 token: null
12-06 22:38:02.399    1751-1929/? D/SensorHAL﹕ adjustSensorHandle: handle = 9 adjustedHandle = 1
12-06 22:38:02.399    1751-1929/? D/SensorHAL﹕ adjustSensorHandle: handle = 9 adjustedHandle = 1
12-06 22:38:02.409    1751-1803/? D/SensorHAL﹕ adjustSensorHandle: handle = 9 adjustedHandle = 1
12-06 22:38:07.053    1751-1781/? I/PowerManagerService﹕ Going to sleep due to screen timeout...
12-06 22:38:07.053    1751-1781/? I/PowerManagerService﹕ Dozing...
12-06 22:38:07.063    1751-1774/? I/DreamController﹕ Starting dream: name=ComponentInfo{com.google.android.wearable.app/com.google.android.clockwork.home.AmbientMode}, isTest=false, canDoze=true, userId=0
12-06 22:38:07.073    1751-1751/? W/InputMethodManagerService﹕ Ignoring setImeWindowStatus of uid 1000 token: null
12-06 22:38:07.303    1751-1925/? I/ActivityManager﹕ START u0 {act=android.intent.action.MAIN cat=[android.intent.category.HOME] flg=0x10000000 cmp=com.google.android.wearable.app/com.google.android.clockwork.home.HomeActivity (has extras)} from pid 1870 on display 0
12-06 22:38:07.303    1751-1751/? V/ActivityManager﹕ Display changed displayId=0
12-06 22:38:07.323    1751-1774/? I/DreamController﹕ Stopping dream: name=ComponentInfo{com.google.android.wearable.app/com.google.android.clockwork.home.AmbientMode}, isTest=false, canDoze=true, userId=0
12-06 22:38:07.323    1751-1781/? I/PowerManagerService﹕ Sleeping...
12-06 22:38:07.373    1751-1931/? I/ActivityManager﹕ Activity reported stop, but no longer stopping: ActivityRecord{adf19ae0 u0 com.google.android.wearable.app/com.google.android.clockwork.home.HomeActivity t1}
12-06 22:38:08.184    1751-1777/? I/DisplayManagerService﹕ Display device changed: DisplayDeviceInfo{"Built-in Screen": 320 x 290, 45.000004 fps, density 213, 203.2 x 204.61111 dpi, touch INTERNAL, rotation 0, type BUILT_IN, state OFF, FLAG_DEFAULT_DISPLAY, FLAG_ROTATES_WITH_CONTENT, FLAG_SECURE, FLAG_SUPPORTS_PROTECTED_BUFFERS}
12-06 22:38:08.184    1751-1751/? V/ActivityManager﹕ Display changed displayId=0
12-06 22:38:13.639    1751-1785/? I/PowerManagerService﹕ Waking up from sleep...
12-06 22:38:13.639    1751-1775/? W/KeyguardServiceDelegate﹕ onScreenTurnedOn(): no keyguard service!
12-06 22:38:13.810    1751-1751/? V/ActivityManager﹕ Display changed displayId=0
12-06 22:38:13.810    1751-1751/? W/InputMethodManagerService﹕ Ignoring setImeWindowStatus of uid 1000 token: null
12-06 22:38:13.930    1751-1931/? D/SensorHAL﹕ adjustSensorHandle: handle = 9 adjustedHandle = 1
12-06 22:38:13.930    1751-1931/? D/SensorHAL﹕ adjustSensorHandle: handle = 9 adjustedHandle = 1
12-06 22:38:13.940    1751-1929/? D/SensorHAL﹕ adjustSensorHandle: handle = 9 adjustedHandle = 1
12-06 22:38:13.950    1751-1777/? I/DisplayManagerService﹕ Display device changed: DisplayDeviceInfo{"Built-in Screen": 320 x 290, 45.000004 fps, density 213, 203.2 x 204.61111 dpi, touch INTERNAL, rotation 0, type BUILT_IN, state ON, FLAG_DEFAULT_DISPLAY, FLAG_ROTATES_WITH_CONTENT, FLAG_SECURE, FLAG_SUPPORTS_PROTECTED_BUFFERS}
12-06 22:38:13.960    1751-1751/? V/ActivityManager﹕ Display changed displayId=0
12-06 22:38:18.644    1751-1781/? I/PowerManagerService﹕ Going to sleep due to screen timeout...
12-06 22:38:18.644    1751-1781/? I/PowerManagerService﹕ Dozing...
12-06 22:38:18.674    1751-1774/? I/DreamController﹕ Starting dream: name=ComponentInfo{com.google.android.wearable.app/com.google.android.clockwork.home.AmbientMode}, isTest=false, canDoze=true, userId=0
12-06 22:38:18.704    1751-1751/? W/InputMethodManagerService﹕ Ignoring setImeWindowStatus of uid 1000 token: null
12-06 22:38:18.875    1751-2357/? I/ActivityManager﹕ START u0 {act=android.intent.action.MAIN cat=[android.intent.category.HOME] flg=0x10000000 cmp=com.google.android.wearable.app/com.google.android.clockwork.home.HomeActivity (has extras)} from pid 1870 on display 0
12-06 22:38:18.875    1751-1751/? V/ActivityManager﹕ Display changed displayId=0
12-06 22:38:18.885    1751-1774/? I/DreamController﹕ Stopping dream: name=ComponentInfo{com.google.android.wearable.app/com.google.android.clockwork.home.AmbientMode}, isTest=false, canDoze=true, userId=0
12-06 22:38:18.895    1751-1781/? I/PowerManagerService﹕ Sleeping...
12-06 22:38:18.935    1751-8116/? I/ActivityManager﹕ Activity reported stop, but no longer stopping: ActivityRecord{adf19ae0 u0 com.google.android.wearable.app/com.google.android.clockwork.home.HomeActivity t1}
12-06 22:38:19.936    1751-1777/? I/DisplayManagerService﹕ Display device changed: DisplayDeviceInfo{"Built-in Screen": 320 x 290, 45.000004 fps, density 213, 203.2 x 204.61111 dpi, touch INTERNAL, rotation 0, type BUILT_IN, state OFF, FLAG_DEFAULT_DISPLAY, FLAG_ROTATES_WITH_CONTENT, FLAG_SECURE, FLAG_SUPPORTS_PROTECTED_BUFFERS}
12-06 22:38:19.936    1751-1751/? V/ActivityManager﹕ Display changed displayId=0
12-06 22:38:21.387    1751-1768/? D/SensorHALGestureSensor﹕ Gesture event received! time = 1417927101400094901
12-06 22:38:21.387    1751-2330/? I/PowerManagerService﹕ Waking up from sleep...
12-06 22:38:21.387    1751-1775/? W/KeyguardServiceDelegate﹕ onScreenTurnedOn(): no keyguard service!
12-06 22:38:21.537    1751-1751/? V/ActivityManager﹕ Display changed displayId=0
12-06 22:38:21.537    1751-1751/? W/InputMethodManagerService﹕ Ignoring setImeWindowStatus of uid 1000 token: null
12-06 22:38:21.657    1751-2357/? D/SensorHAL﹕ adjustSensorHandle: handle = 9 adjustedHandle = 1
12-06 22:38:21.657    1751-2357/? D/SensorHAL﹕ adjustSensorHandle: handle = 9 adjustedHandle = 1
12-06 22:38:21.687    1751-1929/? D/SensorHAL﹕ adjustSensorHandle: handle = 9 adjustedHandle = 1
12-06 22:38:21.697    1751-1777/? I/DisplayManagerService﹕ Display device changed: DisplayDeviceInfo{"Built-in Screen": 320 x 290, 45.000004 fps, density 213, 203.2 x 204.61111 dpi, touch INTERNAL, rotation 0, type BUILT_IN, state ON, FLAG_DEFAULT_DISPLAY, FLAG_ROTATES_WITH_CONTENT, FLAG_SECURE, FLAG_SUPPORTS_PROTECTED_BUFFERS}
12-06 22:38:21.697    1751-1751/? V/ActivityManager﹕ Display changed displayId=0
12-06 22:38:26.532    1751-2357/? I/PowerManagerService﹕ Going to sleep due to screen timeout...
12-06 22:38:26.532    1751-1781/? I/PowerManagerService﹕ Dozing...
12-06 22:38:26.532    1751-1774/? I/DreamController﹕ Starting dream: name=ComponentInfo{com.google.android.wearable.app/com.google.android.clockwork.home.AmbientMode}, isTest=false, canDoze=true, userId=0
12-06 22:38:26.602    1751-5562/? I/ActivityManager﹕ START u0 {act=android.intent.action.MAIN cat=[android.intent.category.HOME] flg=0x10000000 cmp=com.google.android.wearable.app/com.google.android.clockwork.home.HomeActivity (has extras)} from pid 1870 on display 0
12-06 22:38:26.612    1751-1774/? I/DreamController﹕ Stopping dream: name=ComponentInfo{com.google.android.wearable.app/com.google.android.clockwork.home.AmbientMode}, isTest=false, canDoze=true, userId=0
12-06 22:38:26.622    1751-1781/? I/PowerManagerService﹕ Sleeping...
12-06 22:38:27.613    1751-1777/? I/DisplayManagerService﹕ Display device changed: DisplayDeviceInfo{"Built-in Screen": 320 x 290, 45.000004 fps, density 213, 203.2 x 204.61111 dpi, touch INTERNAL, rotation 0, type BUILT_IN, state OFF, FLAG_DEFAULT_DISPLAY, FLAG_ROTATES_WITH_CONTENT, FLAG_SECURE, FLAG_SUPPORTS_PROTECTED_BUFFERS}
12-06 22:38:27.613    1751-1751/? V/ActivityManager﹕ Display changed displayId=0
12-06 22:38:27.703    1751-1751/? W/InputMethodManagerService﹕ Ignoring setImeWindowStatus of uid 1000 token: null
12-06 22:38:47.342    1751-1762/? I/ActivityManager﹕ Delay finish: com.motorola.targetnotif/com.motorola.omni.NotificationAlarmReceiver
12-06 22:38:47.352    1751-2330/? I/ActivityManager﹕ Resuming delayed broadcast
12-06 22:39:10.763    1751-1785/? I/PowerManagerService﹕ Waking up from sleep...
12-06 22:39:10.763    1751-1775/? W/KeyguardServiceDelegate﹕ onScreenTurnedOn(): no keyguard service!
12-06 22:39:10.953    1751-1751/? W/InputMethodManagerService﹕ Ignoring setImeWindowStatus of uid 1000 token: null
12-06 22:39:11.073    1751-1777/? I/DisplayManagerService﹕ Display device changed: DisplayDeviceInfo{"Built-in Screen": 320 x 290, 45.000004 fps, density 213, 203.2 x 204.61111 dpi, touch INTERNAL, rotation 0, type BUILT_IN, state ON, FLAG_DEFAULT_DISPLAY, FLAG_ROTATES_WITH_CONTENT, FLAG_SECURE, FLAG_SUPPORTS_PROTECTED_BUFFERS}
12-06 22:39:11.073    1751-1751/? V/ActivityManager﹕ Display changed displayId=0
12-06 22:39:11.133    1751-2330/? D/SensorHAL﹕ adjustSensorHandle: handle = 9 adjustedHandle = 1
12-06 22:39:11.133    1751-2330/? D/SensorHAL﹕ adjustSensorHandle: handle = 9 adjustedHandle = 1
12-06 22:39:11.133    1751-1925/? D/SensorHAL﹕ adjustSensorHandle: handle = 9 adjustedHandle = 1
12-06 22:39:15.758    1751-1781/? I/PowerManagerService﹕ Going to sleep due to screen timeout...
12-06 22:39:15.758    1751-1781/? I/PowerManagerService﹕ Dozing...
12-06 22:39:15.778    1751-1774/? I/DreamController﹕ Starting dream: name=ComponentInfo{com.google.android.wearable.app/com.google.android.clockwork.home.AmbientMode}, isTest=false, canDoze=true, userId=0
12-06 22:39:15.788    1751-1751/? W/InputMethodManagerService﹕ Ignoring setImeWindowStatus of uid 1000 token: null
12-06 22:39:15.988    1751-1761/? I/ActivityManager﹕ START u0 {act=android.intent.action.MAIN cat=[android.intent.category.HOME] flg=0x10000000 cmp=com.google.android.wearable.app/com.google.android.clockwork.home.HomeActivity (has extras)} from pid 1870 on display 0
12-06 22:39:15.988    1751-1751/? V/ActivityManager﹕ Display changed displayId=0
12-06 22:39:16.008    1751-1774/? I/DreamController﹕ Stopping dream: name=ComponentInfo{com.google.android.wearable.app/com.google.android.clockwork.home.AmbientMode}, isTest=false, canDoze=true, userId=0
12-06 22:39:16.018    1751-1781/? I/PowerManagerService﹕ Sleeping...
12-06 22:39:16.048    1751-5562/? I/ActivityManager﹕ Activity reported stop, but no longer stopping: ActivityRecord{adf19ae0 u0 com.google.android.wearable.app/com.google.android.clockwork.home.HomeActivity t1}
12-06 22:39:16.889    1751-1777/? I/DisplayManagerService﹕ Display device changed: DisplayDeviceInfo{"Built-in Screen": 320 x 290, 45.000004 fps, density 213, 203.2 x 204.61111 dpi, touch INTERNAL, rotation 0, type BUILT_IN, state OFF, FLAG_DEFAULT_DISPLAY, FLAG_ROTATES_WITH_CONTENT, FLAG_SECURE, FLAG_SUPPORTS_PROTECTED_BUFFERS}
12-06 22:39:16.889    1751-1751/? V/ActivityManager﹕ Display changed displayId=0
12-06 22:40:18.600    1751-1762/? I/ActivityManager﹕ Delay finish: com.google.android.gms/.fitness.wearables.WearableSyncServiceReceiver
12-06 22:40:18.860    1751-5562/? I/ActivityManager﹕ Resuming delayed broadcast
12-06 22:40:42.298    1751-1785/? I/PowerManagerService﹕ Waking up from sleep...
12-06 22:40:42.298    1751-1775/? W/KeyguardServiceDelegate﹕ onScreenTurnedOn(): no keyguard service!
12-06 22:40:42.528    1751-1751/? V/ActivityManager﹕ Display changed displayId=0
12-06 22:40:42.528    1751-1751/? W/InputMethodManagerService﹕ Ignoring setImeWindowStatus of uid 1000 token: null
12-06 22:40:42.629    1751-1777/? I/DisplayManagerService﹕ Display device changed: DisplayDeviceInfo{"Built-in Screen": 320 x 290, 45.000004 fps, density 213, 203.2 x 204.61111 dpi, touch INTERNAL, rotation 0, type BUILT_IN, state ON, FLAG_DEFAULT_DISPLAY, FLAG_ROTATES_WITH_CONTENT, FLAG_SECURE, FLAG_SUPPORTS_PROTECTED_BUFFERS}
12-06 22:40:42.629    1751-1751/? V/ActivityManager﹕ Display changed displayId=0
12-06 22:40:42.719    1751-1803/? D/SensorHAL﹕ adjustSensorHandle: handle = 9 adjustedHandle = 1
12-06 22:40:42.719    1751-1803/? D/SensorHAL﹕ adjustSensorHandle: handle = 9 adjustedHandle = 1
12-06 22:40:42.739    1751-1929/? D/SensorHAL﹕ adjustSensorHandle: handle = 9 adjustedHandle = 1
12-06 22:40:47.393    1751-1781/? I/PowerManagerService﹕ Going to sleep due to screen timeout...
12-06 22:40:47.393    1751-1781/? I/PowerManagerService﹕ Dozing...
12-06 22:40:47.393    1751-1774/? I/DreamController﹕ Starting dream: name=ComponentInfo{com.google.android.wearable.app/com.google.android.clockwork.home.AmbientMode}, isTest=false, canDoze=true, userId=0
12-06 22:40:47.423    1751-1751/? W/InputMethodManagerService﹕ Ignoring setImeWindowStatus of uid 1000 token: null
12-06 22:40:47.744    1751-2357/? I/ActivityManager﹕ START u0 {act=android.intent.action.MAIN cat=[android.intent.category.HOME] flg=0x10000000 cmp=com.google.android.wearable.app/com.google.android.clockwork.home.HomeActivity (has extras)} from pid 1870 on display 0
12-06 22:40:47.754    1751-1751/? V/ActivityManager﹕ Display changed displayId=0
12-06 22:40:47.774    1751-1774/? I/DreamController﹕ Stopping dream: name=ComponentInfo{com.google.android.wearable.app/com.google.android.clockwork.home.AmbientMode}, isTest=false, canDoze=true, userId=0
12-06 22:40:47.774    1751-1781/? I/PowerManagerService﹕ Sleeping...
12-06 22:40:47.824    1751-1761/? I/ActivityManager﹕ Activity reported stop, but no longer stopping: ActivityRecord{adf19ae0 u0 com.google.android.wearable.app/com.google.android.clockwork.home.HomeActivity t1}
12-06 22:40:48.584    1751-1777/? I/DisplayManagerService﹕ Display device changed: DisplayDeviceInfo{"Built-in Screen": 320 x 290, 45.000004 fps, density 213, 203.2 x 204.61111 dpi, touch INTERNAL, rotation 0, type BUILT_IN, state OFF, FLAG_DEFAULT_DISPLAY, FLAG_ROTATES_WITH_CONTENT, FLAG_SECURE, FLAG_SUPPORTS_PROTECTED_BUFFERS}
12-06 22:40:48.584    1751-1751/? V/ActivityManager﹕ Display changed displayId=0
12-06 22:45:47.319    1751-1796/? D/ConnectivityService﹕ Sampling interval elapsed, updating statistics ..
12-06 22:45:47.359    1751-1796/? D/ConnectivityService﹕ Done.
12-06 22:45:47.359    1751-1796/? D/ConnectivityService﹕ Setting timer for 720seconds
12-06 22:47:06.311    1751-1768/? D/SensorHALGestureSensor﹕ Gesture event received! time = 1417927626314035281
12-06 22:47:06.311    1751-8116/? I/PowerManagerService﹕ Waking up from sleep...
12-06 22:47:06.311    1751-1775/? W/KeyguardServiceDelegate﹕ onScreenTurnedOn(): no keyguard service!
12-06 22:47:06.531    1751-1751/? V/ActivityManager﹕ Display changed displayId=0
12-06 22:47:06.591    1751-1751/? W/InputMethodManagerService﹕ Ignoring setImeWindowStatus of uid 1000 token: null
12-06 22:47:06.661    1751-1762/? D/SensorHAL﹕ adjustSensorHandle: handle = 9 adjustedHandle = 1
12-06 22:47:06.661    1751-1762/? D/SensorHAL﹕ adjustSensorHandle: handle = 9 adjustedHandle = 1
12-06 22:47:06.661    1751-1777/? I/DisplayManagerService﹕ Display device changed: DisplayDeviceInfo{"Built-in Screen": 320 x 290, 45.000004 fps, density 213, 203.2 x 204.61111 dpi, touch INTERNAL, rotation 0, type BUILT_IN, state ON, FLAG_DEFAULT_DISPLAY, FLAG_ROTATES_WITH_CONTENT, FLAG_SECURE, FLAG_SUPPORTS_PROTECTED_BUFFERS}
12-06 22:47:06.671    1751-1751/? V/ActivityManager﹕ Display changed displayId=0
12-06 22:47:06.671    1751-5562/? D/SensorHAL﹕ adjustSensorHandle: handle = 9 adjustedHandle = 1
12-06 22:47:11.546    1751-5562/? I/PowerManagerService﹕ Going to sleep due to screen timeout...
12-06 22:47:11.546    1751-1781/? I/PowerManagerService﹕ Dozing...
12-06 22:47:11.546    1751-1774/? I/DreamController﹕ Starting dream: name=ComponentInfo{com.google.android.wearable.app/com.google.android.clockwork.home.AmbientMode}, isTest=false, canDoze=true, userId=0
12-06 22:47:11.606    1751-1803/? I/ActivityManager﹕ START u0 {act=android.intent.action.MAIN cat=[android.intent.category.HOME] flg=0x10000000 cmp=com.google.android.wearable.app/com.google.android.clockwork.home.HomeActivity (has extras)} from pid 1870 on display 0
12-06 22:47:11.606    1751-1774/? I/DreamController﹕ Stopping dream: name=ComponentInfo{com.google.android.wearable.app/com.google.android.clockwork.home.AmbientMode}, isTest=false, canDoze=true, userId=0
12-06 22:47:11.606    1751-1781/? I/PowerManagerService﹕ Sleeping...
12-06 22:47:12.367    1751-1777/? I/DisplayManagerService﹕ Display device changed: DisplayDeviceInfo{"Built-in Screen": 320 x 290, 45.000004 fps, density 213, 203.2 x 204.61111 dpi, touch INTERNAL, rotation 0, type BUILT_IN, state OFF, FLAG_DEFAULT_DISPLAY, FLAG_ROTATES_WITH_CONTENT, FLAG_SECURE, FLAG_SUPPORTS_PROTECTED_BUFFERS}
12-06 22:47:12.367    1751-1751/? V/ActivityManager﹕ Display changed displayId=0
12-06 22:47:12.437    1751-1751/? W/InputMethodManagerService﹕ Ignoring setImeWindowStatus of uid 1000 token: null
12-06 22:47:19.003    1751-1768/? D/SensorHALGestureSensor﹕ Gesture event received! time = 1417927639006143430
12-06 22:47:19.003    1751-5562/? I/PowerManagerService﹕ Waking up from sleep...
12-06 22:47:19.003    1751-1775/? W/KeyguardServiceDelegate﹕ onScreenTurnedOn(): no keyguard service!
12-06 22:47:19.183    1751-1751/? W/InputMethodManagerService﹕ Ignoring setImeWindowStatus of uid 1000 token: null
12-06 22:47:19.303    1751-1777/? I/DisplayManagerService﹕ Display device changed: DisplayDeviceInfo{"Built-in Screen": 320 x 290, 45.000004 fps, density 213, 203.2 x 204.61111 dpi, touch INTERNAL, rotation 0, type BUILT_IN, state ON, FLAG_DEFAULT_DISPLAY, FLAG_ROTATES_WITH_CONTENT, FLAG_SECURE, FLAG_SUPPORTS_PROTECTED_BUFFERS}
12-06 22:47:19.303    1751-1751/? V/ActivityManager﹕ Display changed displayId=0
12-06 22:47:19.363    1751-8116/? D/SensorHAL﹕ adjustSensorHandle: handle = 9 adjustedHandle = 1
12-06 22:47:19.363    1751-8116/? D/SensorHAL﹕ adjustSensorHandle: handle = 9 adjustedHandle = 1
12-06 22:47:19.384    1751-1925/? D/SensorHAL﹕ adjustSensorHandle: handle = 9 adjustedHandle = 1
12-06 22:47:24.178    1751-1929/? I/PowerManagerService﹕ Going to sleep due to screen timeout...
12-06 22:47:24.178    1751-1774/? I/DreamController﹕ Starting dream: name=ComponentInfo{com.google.android.wearable.app/com.google.android.clockwork.home.AmbientMode}, isTest=false, canDoze=true, userId=0
12-06 22:47:24.188    1751-1781/? I/PowerManagerService﹕ Dozing...
12-06 22:47:24.238    1751-5562/? I/ActivityManager﹕ START u0 {act=android.intent.action.MAIN cat=[android.intent.category.HOME] flg=0x10000000 cmp=com.google.android.wearable.app/com.google.android.clockwork.home.HomeActivity (has extras)} from pid 1870 on display 0
12-06 22:47:24.248    1751-1774/? I/DreamController﹕ Stopping dream: name=ComponentInfo{com.google.android.wearable.app/com.google.android.clockwork.home.AmbientMode}, isTest=false, canDoze=true, userId=0
12-06 22:47:24.248    1751-1781/? I/PowerManagerService﹕ Sleeping...
12-06 22:47:24.999    1751-1777/? I/DisplayManagerService﹕ Display device changed: DisplayDeviceInfo{"Built-in Screen": 320 x 290, 45.000004 fps, density 213, 203.2 x 204.61111 dpi, touch INTERNAL, rotation 0, type BUILT_IN, state OFF, FLAG_DEFAULT_DISPLAY, FLAG_ROTATES_WITH_CONTENT, FLAG_SECURE, FLAG_SUPPORTS_PROTECTED_BUFFERS}
12-06 22:47:24.999    1751-1751/? V/ActivityManager﹕ Display changed displayId=0
12-06 22:47:25.069    1751-1751/? W/InputMethodManagerService﹕ Ignoring setImeWindowStatus of uid 1000 token: null
12-06 22:47:41.625    1751-1768/? D/SensorHALGestureSensor﹕ Gesture event received! time = 1417927661628030634
12-06 22:47:41.625    1751-1803/? I/PowerManagerService﹕ Waking up from sleep...
12-06 22:47:41.625    1751-1775/? W/KeyguardServiceDelegate﹕ onScreenTurnedOn(): no keyguard service!
12-06 22:47:41.835    1751-1751/? W/InputMethodManagerService﹕ Ignoring setImeWindowStatus of uid 1000 token: null
12-06 22:47:41.925    1751-1777/? I/DisplayManagerService﹕ Display device changed: DisplayDeviceInfo{"Built-in Screen": 320 x 290, 45.000004 fps, density 213, 203.2 x 204.61111 dpi, touch INTERNAL, rotation 0, type BUILT_IN, state ON, FLAG_DEFAULT_DISPLAY, FLAG_ROTATES_WITH_CONTENT, FLAG_SECURE, FLAG_SUPPORTS_PROTECTED_BUFFERS}
12-06 22:47:41.925    1751-1751/? V/ActivityManager﹕ Display changed displayId=0
12-06 22:47:41.995    1751-1762/? D/SensorHAL﹕ adjustSensorHandle: handle = 9 adjustedHandle = 1
12-06 22:47:41.995    1751-1762/? D/SensorHAL﹕ adjustSensorHandle: handle = 9 adjustedHandle = 1
12-06 22:47:42.005    1751-2330/? D/SensorHAL﹕ adjustSensorHandle: handle = 9 adjustedHandle = 1
12-06 22:47:57.671    1751-1777/? I/DisplayManagerService﹕ Display device changed: DisplayDeviceInfo{"ActivityViewVirtualDisplay": 320 x 320, 60.0 fps, density 213, 213.0 x 213.0 dpi, touch NONE, rotation 0, type VIRTUAL, state OFF, owner android (uid 1000), FLAG_OWN_CONTENT_ONLY}
12-06 22:47:57.671    1751-1751/? V/ActivityManager﹕ Display changed displayId=12
12-06 22:47:57.721    1751-1931/? D/ActivityManager﹕ finishAllActivitiesLocked: finishing ActivityRecord{ae1abd48 u0 org.dwallach.calwatch/.WearActivity t12} immediately
12-06 22:47:57.731    1751-1931/? I/ActivityManager﹕ Killing 14552:com.google.android.apps.wearable.bugreportsender/u0a2 (adj 15): empty for 3100s
12-06 22:47:57.791    1751-1803/? I/DisplayManagerService﹕ Display device removed: DisplayDeviceInfo{"ActivityViewVirtualDisplay": 320 x 320, 60.0 fps, density 213, 213.0 x 213.0 dpi, touch NONE, rotation 0, type VIRTUAL, state OFF, owner android (uid 1000), FLAG_OWN_CONTENT_ONLY}
12-06 22:47:57.791    1751-1751/? V/ActivityManager﹕ Display removed displayId=12
12-06 22:47:57.861    1751-8116/? I/DisplayManagerService﹕ Display device added: DisplayDeviceInfo{"ActivityViewVirtualDisplay": 320 x 320, 60.0 fps, density 213, 213.0 x 213.0 dpi, touch NONE, rotation 0, type VIRTUAL, state OFF, owner android (uid 1000), FLAG_OWN_CONTENT_ONLY}
12-06 22:47:57.861    1751-1751/? V/ActivityManager﹕ Display added displayId=13
12-06 22:47:57.951    1751-1751/? V/ActivityManager﹕ Display changed displayId=13
12-06 22:47:57.971    1751-1929/? I/ActivityManager﹕ START u0 {flg=0x18010000 cmp=org.dwallach.calwatch/.WearActivity (has extras)} from pid 1870 on display 13
12-06 22:47:57.981    1751-1751/? V/ActivityManager﹕ Display changed displayId=0
12-06 22:47:58.261    1751-1777/? I/DisplayManagerService﹕ Display device changed: DisplayDeviceInfo{"ActivityViewVirtualDisplay": 320 x 320, 60.0 fps, density 213, 213.0 x 213.0 dpi, touch NONE, rotation 0, type VIRTUAL, state ON, owner android (uid 1000), FLAG_OWN_CONTENT_ONLY}
12-06 22:47:58.261    1751-1751/? V/ActivityManager﹕ Display changed displayId=13
12-06 22:48:20.002    1751-1781/? I/PowerManagerService﹕ Going to sleep due to screen timeout...
12-06 22:48:20.002    1751-1781/? I/PowerManagerService﹕ Dozing...
12-06 22:48:20.022    1751-1774/? I/DreamController﹕ Starting dream: name=ComponentInfo{com.google.android.wearable.app/com.google.android.clockwork.home.AmbientMode}, isTest=false, canDoze=true, userId=0
12-06 22:48:20.032    1751-1751/? W/InputMethodManagerService﹕ Ignoring setImeWindowStatus of uid 1000 token: null
12-06 22:48:20.163    1751-5562/? I/ActivityManager﹕ START u0 {act=android.intent.action.MAIN cat=[android.intent.category.HOME] flg=0x10000000 cmp=com.google.android.wearable.app/com.google.android.clockwork.home.HomeActivity (has extras)} from pid 1870 on display 0
12-06 22:48:20.163    1751-1774/? I/DreamController﹕ Stopping dream: name=ComponentInfo{com.google.android.wearable.app/com.google.android.clockwork.home.AmbientMode}, isTest=false, canDoze=true, userId=0
12-06 22:48:20.173    1751-1781/? I/PowerManagerService﹕ Sleeping...
12-06 22:48:20.233    1751-1777/? I/DisplayManagerService﹕ Display device changed: DisplayDeviceInfo{"ActivityViewVirtualDisplay": 320 x 320, 60.0 fps, density 213, 213.0 x 213.0 dpi, touch NONE, rotation 0, type VIRTUAL, state OFF, owner android (uid 1000), FLAG_OWN_CONTENT_ONLY}
12-06 22:48:20.233    1751-1751/? V/ActivityManager﹕ Display changed displayId=13
12-06 22:48:20.273    1751-1803/? D/ActivityManager﹕ finishAllActivitiesLocked: finishing ActivityRecord{adf2d240 u0 org.dwallach.calwatch/.WearActivity t16} immediately
12-06 22:48:20.283    1751-2330/? I/PowerManagerService﹕ Waking up from sleep...
12-06 22:48:20.283    1751-1775/? W/KeyguardServiceDelegate﹕ onScreenTurnedOn(): no keyguard service!
12-06 22:48:20.283    1751-1751/? W/InputMethodManagerService﹕ Ignoring setImeWindowStatus of uid 1000 token: null
12-06 22:48:20.393    1751-2357/? I/DisplayManagerService﹕ Display device removed: DisplayDeviceInfo{"ActivityViewVirtualDisplay": 320 x 320, 60.0 fps, density 213, 213.0 x 213.0 dpi, touch NONE, rotation 0, type VIRTUAL, state OFF, owner android (uid 1000), FLAG_OWN_CONTENT_ONLY}
12-06 22:48:20.393    1751-1751/? V/ActivityManager﹕ Display removed displayId=13
12-06 22:48:20.593    1751-2357/? I/DisplayManagerService﹕ Display device added: DisplayDeviceInfo{"ActivityViewVirtualDisplay": 320 x 320, 60.0 fps, density 213, 213.0 x 213.0 dpi, touch NONE, rotation 0, type VIRTUAL, state OFF, owner android (uid 1000), FLAG_OWN_CONTENT_ONLY}
12-06 22:48:20.593    1751-1751/? V/ActivityManager﹕ Display added displayId=14
12-06 22:48:20.603    1751-1751/? V/ActivityManager﹕ Display changed displayId=14
12-06 22:48:20.633    1751-1929/? I/ActivityManager﹕ START u0 {flg=0x18010000 cmp=org.dwallach.calwatch/.WearActivity (has extras)} from pid 1870 on display 14
12-06 22:48:20.793    1751-1777/? W/WindowManager﹕ Timeout waiting for drawn: undrawn=[Window{add27b28 u0 dream}, Window{adce7988 u0 com.google.android.wearable.app/com.google.android.clockwork.home.HomeActivity}]
