11-22 21:19:54.780 D/ADSPD   ( 7609): ACK success!
11-22 21:19:54.780 D/ADSPD   ( 7609): Client cmd=0x0003, size=4
11-22 21:19:54.790 V/ActivityManager( 1752): Display changed displayId=0
11-22 21:19:54.800 D/ADSPD   ( 7609): Received from DSP: cmd=0x8003, size=2
11-22 21:19:54.800 D/ADSPD   ( 7609): Client cmd=0x4003, size=2
11-22 21:19:54.800 D/mot_vr_audio_hw( 1419): received recognition control callback, status 0
11-22 21:19:54.890 D/SurfaceFlinger( 1417): Screen acquired, type=0 flinger=0xb7fc2448
11-22 21:19:54.890 D/hwcomposer( 1417): hwc_blank(0: 0)
11-22 21:19:54.890 D/SensorHAL( 1752): adjustSensorHandle: handle = 9 adjustedHandle = 1
11-22 21:19:54.890 D/SensorHAL( 1752): adjustSensorHandle: handle = 9 adjustedHandle = 1
11-22 21:19:54.910 D/SensorHAL( 1752): adjustSensorHandle: handle = 9 adjustedHandle = 1
11-22 21:19:54.910 I/DisplayManagerService( 1752): Display device changed: DisplayDeviceInfo{"Built-in Screen": 320 x 290, 45.000004 fps, density 213, 203.2 x 204.61111 dpi, touch INTERNAL, rotation 0, type BUILT_IN, state ON, FLAG_DEFAULT_DISPLAY, FLAG_ROTATES_WITH_CONTENT, FLAG_SECURE, FLAG_SUPPORTS_PROTECTED_BUFFERS}
11-22 21:19:54.920 V/WearActivity( 7636): display changed: 0, new state: 2
11-22 21:19:54.920 V/WearActivity( 7636): onDisplayChanged: on!
11-22 21:19:54.920 V/WearActivity( 7636): killing alarms
11-22 21:19:54.920 V/WearActivity( 7636): startHelper: putting it all back together again
11-22 21:19:54.920 V/WearActivity( 7636): initAlarm: setting up
11-22 21:19:54.920 V/ActivityManager( 1752): Display changed displayId=0
11-22 21:19:54.940 I/ClockFace( 7636): Ambient mode: false
11-22 21:19:54.940 V/MyViewAnim( 7636): resumeMaxHertz
11-22 21:19:54.940 V/ClockFace( 7636): clearing caches
11-22 21:19:54.940 V/MyViewAnim( 7636): starting new animator
11-22 21:19:54.940 V/MyViewAnim( 7636): Time listener is up!
11-22 21:19:54.940 V/MyViewAnim( 7636): starting new draw thread
11-22 21:19:54.960 V/ClockFace( 7636): rendering new face, faceMode(0)
11-22 21:19:54.980 V/ClockFace( 7636): fetching new battery status (23652)
11-22 21:19:54.980 V/ClockFace( 7636): battery at 0.66
11-22 21:19:57.062 W/bt-btif (24046): dm_pm_timer expires
11-22 21:19:57.062 W/bt-btif (24046): dm_pm_timer expires 0
11-22 21:19:57.062 W/bt-btif (24046): proc dm_pm_timer expires
11-22 21:19:59.694 I/PowerManagerService( 1752): Going to sleep due to screen timeout...
11-22 21:19:59.694 I/PowerManagerService( 1752): Dozing...
11-22 21:19:59.694 I/DreamController( 1752): Starting dream: name=ComponentInfo{com.google.android.wearable.app/com.google.android.clockwork.home.AmbientMode}, isTest=false, canDoze=true, userId=0
11-22 21:19:59.714 V/WearActivity( 7636): Pause!
11-22 21:19:59.714 V/WearActivity( 7636): Stop!
11-22 21:19:59.724 D/mot_vr_audio_hw( 1419): dsp_recognizer_enabled = false
11-22 21:19:59.724 W/InputMethodManagerService( 1752): Ignoring setImeWindowStatus of uid 1000 token: null
11-22 21:19:59.734 D/ADSPD   ( 7609): Client cmd=0x0003, size=4
11-22 21:19:59.734 D/mot_vr_audio_hw( 1419): Switching DSP to standby/passthrough mode
11-22 21:19:59.734 D/mot_vr_audio_hw( 1419): Input 0xb8ebe058 ready to read
11-22 21:19:59.744 D/ADSPD   ( 7609): Received from DSP: cmd=0x8003, size=2
11-22 21:19:59.744 D/ADSPD   ( 7609): Client cmd=0x0003, size=4
11-22 21:19:59.744 D/mot_vr_audio_hw( 1419): received recognition control callback, status 0
11-22 21:19:59.755 D/ADSPD   ( 7609): Received from DSP: cmd=0x8003, size=2
11-22 21:19:59.755 D/mot_vr_audio_hw( 1419): received recognition control callback, status 0
11-22 21:19:59.785 W/mot_vr_audio_hw( 1419): Discarded 10 buffers without finding audio data
11-22 21:19:59.795 D/ADSPD   ( 7609): Client cmd=0x0003, size=4
11-22 21:19:59.795 D/mot_vr_audio_hw( 1419): Re-arming DSP
11-22 21:19:59.795 D/mot_vr_audio_hw( 1419): Input 0xb8ebe058 standby complete
11-22 21:19:59.805 D/mot_vr_audio_hw( 1419): Input 0xb8ebe058 close complete
11-22 21:19:59.805 D/ADSPD   ( 7609): Received from DSP: cmd=0x8003, size=2
11-22 21:19:59.805 D/ADSPD   ( 7609): Client cmd=0x4003, size=2
11-22 21:19:59.805 D/mot_vr_audio_hw( 1419): received recognition control callback, status 0
11-22 21:19:59.905 V/MyViewAnim( 7636): redraw called while !drawingMaxHertz (source null); ignoring
11-22 21:19:59.925 I/ActivityManager( 1752): START u0 {act=android.intent.action.MAIN cat=[android.intent.category.HOME] flg=0x10000000 cmp=com.google.android.wearable.app/com.google.android.clockwork.home.HomeActivity (has extras)} from pid 1871 on display 0
11-22 21:19:59.925 V/ActivityManager( 1752): Display changed displayId=0
11-22 21:19:59.935 V/WearActivity( 7636): display changed: 0, new state: 2
11-22 21:19:59.935 V/WearActivity( 7636): state didn't actually change
11-22 21:19:59.955 I/DreamController( 1752): Stopping dream: name=ComponentInfo{com.google.android.wearable.app/com.google.android.clockwork.home.AmbientMode}, isTest=false, canDoze=true, userId=0
11-22 21:19:59.965 I/PowerManagerService( 1752): Sleeping...
11-22 21:20:00.015 I/ActivityManager( 1752): Activity reported stop, but no longer stopping: ActivityRecord{adc9b990 u0 com.google.android.wearable.app/com.google.android.clockwork.home.HomeActivity t1}
11-22 21:20:00.025 I/AmbientMode( 1871): Ambient mode started: canDoze=true, dozeHardware=null
11-22 21:20:00.025 D/mot_vr_audio_hw( 1419): dsp_recognizer_enabled = true
11-22 21:20:00.025 D/ADSPD   ( 7609): Client cmd=0x0003, size=4
11-22 21:20:00.025 D/mot_vr_audio_hw( 1419): open_input_stream(): devices = 0x80000004, rate = 8000, channels = 0x10
11-22 21:20:00.025 D/mot_vr_audio_hw( 1419): Created resampler for 16000->8000 Hz
11-22 21:20:00.045 D/ADSPD   ( 7609): Received from DSP: cmd=0x8003, size=2
11-22 21:20:00.045 D/ADSPD   ( 7609): Client cmd=0x4003, size=2
11-22 21:20:00.045 D/mot_vr_audio_hw( 1419): received recognition control callback, status 0
11-22 21:20:00.055 D/mot_vr_audio_hw( 1419): in_read waiting for hotword
11-22 21:20:00.055 D/mot_vr_audio_hw( 1419): dsp_recognizer_enabled = false
11-22 21:20:00.065 D/ADSPD   ( 7609): Client cmd=0x0003, size=4
11-22 21:20:00.065 D/mot_vr_audio_hw( 1419): Switching DSP to standby/passthrough mode
11-22 21:20:00.065 D/mot_vr_audio_hw( 1419): Input 0xb8ebe058 ready to read
11-22 21:20:00.075 D/ADSPD   ( 7609): Received from DSP: cmd=0x8003, size=2
11-22 21:20:00.075 D/ADSPD   ( 7609): Client cmd=0x0003, size=4
11-22 21:20:00.075 D/mot_vr_audio_hw( 1419): received recognition control callback, status 0
11-22 21:20:00.095 D/ADSPD   ( 7609): Received from DSP: cmd=0x8003, size=2
11-22 21:20:00.095 D/mot_vr_audio_hw( 1419): received recognition control callback, status 0
11-22 21:20:00.115 W/mot_vr_audio_hw( 1419): Discarded 10 buffers without finding audio data
11-22 21:20:00.125 D/ADSPD   ( 7609): Client cmd=0x0003, size=4
11-22 21:20:00.125 D/mot_vr_audio_hw( 1419): Re-arming DSP
11-22 21:20:00.125 D/mot_vr_audio_hw( 1419): Input 0xb8ebe058 standby complete
11-22 21:20:00.135 D/mot_vr_audio_hw( 1419): Input 0xb8ebe058 close complete
11-22 21:20:00.145 D/ADSPD   ( 7609): Received from DSP: cmd=0x8003, size=2
11-22 21:20:00.145 D/ADSPD   ( 7609): Client cmd=0x4003, size=2
11-22 21:20:00.145 D/mot_vr_audio_hw( 1419): received recognition control callback, status 0
11-22 21:20:00.155 I/AmbientMode( 1871): Dream ended: isDozing=true
11-22 21:20:00.675 D/LightsService( 1752): Excessive delay setting light: 138ms
11-22 21:20:00.675 D/SurfaceFlinger( 1417): Screen released, type=0 flinger=0xb7fc2448
11-22 21:20:00.816 D/hwcomposer( 1417): hwc_blank(0: 1)
11-22 21:20:00.816 D/SurfaceControl( 1752): Excessive delay in blankDisplay() while turning screen off: 139ms
11-22 21:20:00.836 I/DisplayManagerService( 1752): Display device changed: DisplayDeviceInfo{"Built-in Screen": 320 x 290, 45.000004 fps, density 213, 203.2 x 204.61111 dpi, touch INTERNAL, rotation 0, type BUILT_IN, state OFF, FLAG_DEFAULT_DISPLAY, FLAG_ROTATES_WITH_CONTENT, FLAG_SECURE, FLAG_SUPPORTS_PROTECTED_BUFFERS}
11-22 21:20:00.836 V/ActivityManager( 1752): Display changed displayId=0
11-22 21:20:00.856 V/WearActivity( 7636): display changed: 0, new state: 1
11-22 21:20:00.856 I/TimeWrapper( 7636): FPS: 40.212616, samples: 236
11-22 21:20:00.856 I/TimeWrapper( 7636): Min/Avg/Max frame render speed (ms): 3.997803 / 5.505965 / 38.085938
11-22 21:20:00.856 I/TimeWrapper( 7636): Waketime: 22.14093%
11-22 21:20:00.856 I/TimeWrapper( 7636): Skipped frames: 258
11-22 21:20:00.856 V/MyViewAnim( 7636): redrawSlow: display change without state change -> 2
11-22 21:20:00.856 V/MyViewAnim( 7636): redrawSlow: resume -> 1
11-22 21:20:00.856 V/MyViewAnim( 7636): redrawSlow: startHelper -> 1
11-22 21:20:00.856 V/WearActivity( 7636): onDisplayChanged: off!
11-22 21:20:00.856 V/WearActivity( 7636): stopHelper: shutting things down
11-22 21:20:00.876 D/MinnowPowerHAL( 1752): power_set_interactive: 0
11-22 21:20:00.876 D/MinnowPowerHAL( 1752): sysfs_write: /sys/devices/platform/omapdss/display0/interactivemode 0
11-22 21:20:00.876 D/MinnowPowerHAL( 1752): sysfs_write: /sys/devices/ocp.2/i2c.6/i2c-0/0-004a/interactivemode 0
11-22 21:20:00.876 D/MinnowPowerHAL( 1752): sysfs_write: /sys/class/leds/lcd-backlight/interactive 0
11-22 21:20:00.876 D/mot_vr_audio_hw( 1752): dsp_set_pm_state = off
11-22 21:20:00.886 D/ADSPD   ( 7609): Client cmd=0x4002, size=2
11-22 21:20:00.886 D/ADSPD   ( 7609): DSP_CMD_DAEMON_SET_PM_STATE : 0
11-22 21:20:00.886 V/MyViewAnim( 7636): stopping animation!
11-22 21:20:00.886 V/MyViewAnim( 7636): killDrawThread
11-22 21:20:00.886 V/WearActivity( 7636): killing alarms
11-22 21:20:00.886 I/ClockFace( 7636): Ambient mode: false
11-22 21:20:00.886 V/MyViewAnim( 7636): looper finished!
11-22 21:20:02.227 W/bt-btif (24046): dm_pm_timer expires
11-22 21:20:02.227 W/bt-btif (24046): dm_pm_timer expires 0
11-22 21:20:02.227 W/bt-btif (24046): proc dm_pm_timer expires
11-22 21:20:19.204 D/dalvikvm( 1752): GC_EXPLICIT freed 553K, 69% free 5384K/17280K, paused 2ms+8ms, total 67ms
11-22 21:20:19.334 I/ActivityManager( 1752): START u0 {act=android.intent.action.MAIN cat=[android.intent.category.HOME] flg=0x10000000 cmp=com.google.android.wearable.app/com.google.android.clockwork.home.HomeActivity (has extras)} from pid 1871 on display 0
11-22 21:20:19.334 V/ActivityManager( 1752): Display changed displayId=0
11-22 21:20:19.354 V/WearActivity( 7636): display changed: 0, new state: 1
11-22 21:20:19.354 V/WearActivity( 7636): state didn't actually change
11-22 21:20:19.364 E/ClockworkHome( 1871): Tried to exit ambient mode, but enterAmbientMode() was never called.
11-22 21:20:19.364 W/HomeRowListAdapter( 1871): onRelease() called on an unknown row.
11-22 21:20:19.364 D/mot_vr_audio_hw( 1419): dsp_recognizer_enabled = true
11-22 21:20:19.364 D/ADSPD   ( 7609): Client cmd=0x0003, size=4
11-22 21:20:19.364 D/ADSPD   ( 7609): Trying to send to dsp while in dsp in RESET
11-22 21:20:19.374 D/mot_vr_audio_hw( 1419): open_input_stream(): devices = 0x80000004, rate = 8000, channels = 0x10
11-22 21:20:19.374 D/mot_vr_audio_hw( 1419): Created resampler for 16000->8000 Hz
11-22 21:20:19.374 D/ADSPD   ( 7609): Client cmd=0x4003, size=2
11-22 21:20:19.384 D/mot_vr_audio_hw( 1419): in_read waiting for hotword
11-22 21:20:19.394 D/mot_vr_audio_hw( 1419): dsp_recognizer_enabled = false
11-22 21:20:19.394 D/ADSPD   ( 7609): Client cmd=0x0003, size=4
11-22 21:20:19.394 D/ADSPD   ( 7609): Trying to send to dsp while in dsp in RESET
11-22 21:20:19.394 W/mot_vr_audio_hw( 1419): Not allowing wake() since DSP is disabled
11-22 21:20:19.404 W/mot_vr_audio_hw( 1419): Not allowing wake() since DSP is disabled
11-22 21:20:19.424 D/ADSPD   ( 7609): Client cmd=0x4003, size=2
11-22 21:20:19.424 D/ADSPD   ( 7609): DSP no longer used, turned off here
11-22 21:20:19.424 D/mot_vr_audio_hw( 1419): Input 0xb8ebdeb8 close complete
11-22 21:20:19.444 D/dalvikvm( 6983): GC_FOR_ALLOC freed 236K, 24% free 2376K/3104K, paused 22ms, total 23ms
11-22 21:20:19.544 D/dalvikvm( 1871): GC_FOR_ALLOC freed 2774K, 28% free 28088K/38808K, paused 48ms, total 53ms
11-22 21:20:19.674 I/ActivityManager( 1752): START u0 {act=android.intent.action.MAIN cat=[android.intent.category.HOME] flg=0x10000000 cmp=com.google.android.wearable.app/com.google.android.clockwork.home.HomeActivity (has extras)} from pid 1871 on display 0
11-22 21:20:19.704 D/mot_vr_audio_hw( 1419): dsp_recognizer_enabled = true
11-22 21:20:19.704 D/ADSPD   ( 7609): Client cmd=0x0003, size=4
11-22 21:20:19.704 D/ADSPD   ( 7609): Trying to send to dsp while in dsp in RESET
11-22 21:20:19.704 D/mot_vr_audio_hw( 1419): open_input_stream(): devices = 0x80000004, rate = 8000, channels = 0x10
11-22 21:20:19.704 D/mot_vr_audio_hw( 1419): Created resampler for 16000->8000 Hz
11-22 21:20:19.704 D/ADSPD   ( 7609): Client cmd=0x4003, size=2
11-22 21:20:19.724 D/mot_vr_audio_hw( 1419): in_read waiting for hotword
11-22 21:20:19.724 D/mot_vr_audio_hw( 1419): dsp_recognizer_enabled = false
11-22 21:20:19.724 D/ADSPD   ( 7609): Client cmd=0x0003, size=4
11-22 21:20:19.724 D/ADSPD   ( 7609): Trying to send to dsp while in dsp in RESET
11-22 21:20:19.734 W/mot_vr_audio_hw( 1419): Not allowing wake() since DSP is disabled
11-22 21:20:19.744 W/mot_vr_audio_hw( 1419): Not allowing wake() since DSP is disabled
11-22 21:20:19.754 D/ADSPD   ( 7609): Client cmd=0x4003, size=2
11-22 21:20:19.754 D/ADSPD   ( 7609): DSP no longer used, turned off here
11-22 21:20:19.754 D/mot_vr_audio_hw( 1419): Input 0xb8ebf5c8 close complete
11-22 21:20:21.836 W/bt-btif (24046): dm_pm_timer expires
11-22 21:20:21.836 W/bt-btif (24046): dm_pm_timer expires 0
11-22 21:20:21.836 W/bt-btif (24046): proc dm_pm_timer expires
11-22 21:20:44.111 D/SensorHALGestureSensor( 1752): Gesture event received! time = 1416712844113857756
11-22 21:20:44.111 I/PowerManagerService( 1752): Waking up from sleep...
11-22 21:20:44.111 W/KeyguardServiceDelegate( 1752): onScreenTurnedOn(): no keyguard service!
11-22 21:20:44.211 D/MinnowPowerHAL( 1752): power_set_interactive: 1
11-22 21:20:44.211 D/MinnowPowerHAL( 1752): sysfs_write: /sys/devices/platform/omapdss/display0/interactivemode 1
11-22 21:20:44.251 D/MinnowPowerHAL( 1752): sysfs_write: /sys/devices/ocp.2/i2c.6/i2c-0/0-004a/interactivemode 1
11-22 21:20:44.251 D/MinnowPowerHAL( 1752): sysfs_write: /sys/class/leds/lcd-backlight/interactive 1
11-22 21:20:44.251 D/mot_vr_audio_hw( 1752): dsp_set_pm_state = on
11-22 21:20:44.251 D/ADSPD   ( 7609): Client cmd=0x4002, size=2
11-22 21:20:44.251 D/ADSPD   ( 7609): DSP_CMD_DAEMON_SET_PM_STATE : 1
11-22 21:20:44.251 D/PowerManagerService-JNI( 1752): Excessive delay in setInteractive(true) while turning screen on: 35ms
11-22 21:20:44.251 V/WearActivity( 7636): Resume!
11-22 21:20:44.261 W/InputMethodManagerService( 1752): Ignoring setImeWindowStatus of uid 1000 token: null
11-22 21:20:44.291 D/ADSPD   ( 7609): ACK success!
11-22 21:20:44.301 D/mot_vr_audio_hw( 1419): dsp_recognizer_enabled = true
11-22 21:20:44.301 D/ADSPD   ( 7609): Client cmd=0x0003, size=4
11-22 21:20:44.301 D/mot_vr_audio_hw( 1419): open_input_stream(): devices = 0x80000004, rate = 8000, channels = 0x10
11-22 21:20:44.301 D/mot_vr_audio_hw( 1419): Created resampler for 16000->8000 Hz
11-22 21:20:44.311 D/ADSPD   ( 7609): Received from DSP: cmd=0x8003, size=2
11-22 21:20:44.311 D/ADSPD   ( 7609): Client cmd=0x4003, size=2
11-22 21:20:44.311 D/mot_vr_audio_hw( 1419): received recognition control callback, status 0
11-22 21:20:44.321 D/mot_vr_audio_hw( 1419): in_read waiting for hotword
11-22 21:20:44.391 D/SurfaceFlinger( 1417): Screen acquired, type=0 flinger=0xb7fc2448
11-22 21:20:44.391 D/hwcomposer( 1417): hwc_blank(0: 0)
11-22 21:20:44.391 D/SensorHAL( 1752): adjustSensorHandle: handle = 9 adjustedHandle = 1
11-22 21:20:44.391 D/SensorHAL( 1752): adjustSensorHandle: handle = 9 adjustedHandle = 1
11-22 21:20:44.391 I/DisplayManagerService( 1752): Display device changed: DisplayDeviceInfo{"Built-in Screen": 320 x 290, 45.000004 fps, density 213, 203.2 x 204.61111 dpi, touch INTERNAL, rotation 0, type BUILT_IN, state ON, FLAG_DEFAULT_DISPLAY, FLAG_ROTATES_WITH_CONTENT, FLAG_SECURE, FLAG_SUPPORTS_PROTECTED_BUFFERS}
11-22 21:20:44.401 V/WearActivity( 7636): display changed: 0, new state: 2
11-22 21:20:44.401 V/WearActivity( 7636): onDisplayChanged: on!
11-22 21:20:44.401 V/WearActivity( 7636): killing alarms
11-22 21:20:44.401 V/WearActivity( 7636): startHelper: putting it all back together again
11-22 21:20:44.401 V/WearActivity( 7636): initAlarm: setting up
11-22 21:20:44.401 V/ActivityManager( 1752): Display changed displayId=0
11-22 21:20:44.431 I/ClockFace( 7636): Ambient mode: false
11-22 21:20:44.431 V/MyViewAnim( 7636): resumeMaxHertz
11-22 21:20:44.431 V/ClockFace( 7636): clearing caches
11-22 21:20:44.431 V/MyViewAnim( 7636): starting new animator
11-22 21:20:44.431 V/MyViewAnim( 7636): Time listener is up!
11-22 21:20:44.431 V/MyViewAnim( 7636): starting new draw thread
11-22 21:20:44.431 D/SensorHAL( 1752): adjustSensorHandle: handle = 9 adjustedHandle = 1
11-22 21:20:44.461 V/ClockFace( 7636): rendering new face, faceMode(0)
11-22 21:20:44.481 D/LightsService( 1752): Excessive delay setting light: 77ms
11-22 21:20:44.481 V/ClockFace( 7636): fetching new battery status (23890)
11-22 21:20:44.481 V/ClockFace( 7636): battery at 0.66
11-22 21:20:44.902 D/dalvikvm( 6920): GC_CONCURRENT freed 384K, 25% free 2446K/3252K, paused 2ms+7ms, total 55ms
11-22 21:20:47.905 W/bt-btif (24046): dm_pm_timer expires
11-22 21:20:47.905 W/bt-btif (24046): dm_pm_timer expires 0
11-22 21:20:47.905 W/bt-btif (24046): proc dm_pm_timer expires
11-22 21:20:49.276 I/PowerManagerService( 1752): Going to sleep due to screen timeout...
11-22 21:20:49.276 I/PowerManagerService( 1752): Dozing...
11-22 21:20:49.276 I/DreamController( 1752): Starting dream: name=ComponentInfo{com.google.android.wearable.app/com.google.android.clockwork.home.AmbientMode}, isTest=false, canDoze=true, userId=0
11-22 21:20:49.286 V/WearActivity( 7636): Pause!
11-22 21:20:49.286 V/WearActivity( 7636): Stop!
11-22 21:20:49.286 W/InputMethodManagerService( 1752): Ignoring setImeWindowStatus of uid 1000 token: null
11-22 21:20:49.326 D/mot_vr_audio_hw( 1419): dsp_recognizer_enabled = false
11-22 21:20:49.326 D/ADSPD   ( 7609): Client cmd=0x0003, size=4
11-22 21:20:49.326 D/mot_vr_audio_hw( 1419): Switching DSP to standby/passthrough mode
11-22 21:20:49.326 D/mot_vr_audio_hw( 1419): Input 0xb8ebf5c8 ready to read
11-22 21:20:49.346 D/ADSPD   ( 7609): Received from DSP: cmd=0x8003, size=2
11-22 21:20:49.346 D/ADSPD   ( 7609): Client cmd=0x0003, size=4
11-22 21:20:49.346 D/mot_vr_audio_hw( 1419): received recognition control callback, status 0
11-22 21:20:49.356 D/ADSPD   ( 7609): Received from DSP: cmd=0x8003, size=2
11-22 21:20:49.356 D/mot_vr_audio_hw( 1419): received recognition control callback, status 0
11-22 21:20:49.396 W/mot_vr_audio_hw( 1419): Discarded 10 buffers without finding audio data
11-22 21:20:49.396 D/ADSPD   ( 7609): Client cmd=0x0003, size=4
11-22 21:20:49.396 D/mot_vr_audio_hw( 1419): Re-arming DSP
11-22 21:20:49.396 D/mot_vr_audio_hw( 1419): Input 0xb8ebf5c8 standby complete
11-22 21:20:49.406 D/mot_vr_audio_hw( 1419): Input 0xb8ebf5c8 close complete
11-22 21:20:49.406 D/ADSPD   ( 7609): Received from DSP: cmd=0x8003, size=2
11-22 21:20:49.406 D/ADSPD   ( 7609): Client cmd=0x4003, size=2
11-22 21:20:49.406 D/mot_vr_audio_hw( 1419): received recognition control callback, status 0
11-22 21:20:49.496 I/ActivityManager( 1752): START u0 {act=android.intent.action.MAIN cat=[android.intent.category.HOME] flg=0x10000000 cmp=com.google.android.wearable.app/com.google.android.clockwork.home.HomeActivity (has extras)} from pid 1871 on display 0
11-22 21:20:49.516 V/WearActivity( 7636): display changed: 0, new state: 2
11-22 21:20:49.516 V/WearActivity( 7636): state didn't actually change
11-22 21:20:49.516 V/ActivityManager( 1752): Display changed displayId=0
11-22 21:20:49.526 I/DreamController( 1752): Stopping dream: name=ComponentInfo{com.google.android.wearable.app/com.google.android.clockwork.home.AmbientMode}, isTest=false, canDoze=true, userId=0
11-22 21:20:49.526 I/PowerManagerService( 1752): Sleeping...
11-22 21:20:49.586 I/AmbientMode( 1871): Ambient mode started: canDoze=true, dozeHardware=null
11-22 21:20:49.596 I/ActivityManager( 1752): Activity reported stop, but no longer stopping: ActivityRecord{adc9b990 u0 com.google.android.wearable.app/com.google.android.clockwork.home.HomeActivity t1}
11-22 21:20:49.606 D/mot_vr_audio_hw( 1419): dsp_recognizer_enabled = true
11-22 21:20:49.606 D/ADSPD   ( 7609): Client cmd=0x0003, size=4
11-22 21:20:49.606 D/mot_vr_audio_hw( 1419): open_input_stream(): devices = 0x80000004, rate = 8000, channels = 0x10
11-22 21:20:49.606 D/mot_vr_audio_hw( 1419): Created resampler for 16000->8000 Hz
11-22 21:20:49.616 D/ADSPD   ( 7609): Received from DSP: cmd=0x8003, size=2
11-22 21:20:49.616 D/ADSPD   ( 7609): Client cmd=0x4003, size=2
11-22 21:20:49.616 D/mot_vr_audio_hw( 1419): received recognition control callback, status 0
11-22 21:20:49.626 D/mot_vr_audio_hw( 1419): in_read waiting for hotword
11-22 21:20:49.666 D/mot_vr_audio_hw( 1419): dsp_recognizer_enabled = false
11-22 21:20:49.666 D/ADSPD   ( 7609): Client cmd=0x0003, size=4
11-22 21:20:49.666 D/mot_vr_audio_hw( 1419): Switching DSP to standby/passthrough mode
11-22 21:20:49.666 D/mot_vr_audio_hw( 1419): Input 0xb8ebf5c8 ready to read
11-22 21:20:49.676 D/ADSPD   ( 7609): Received from DSP: cmd=0x8003, size=2
11-22 21:20:49.676 D/ADSPD   ( 7609): Client cmd=0x0003, size=4
11-22 21:20:49.676 D/mot_vr_audio_hw( 1419): received recognition control callback, status 0
11-22 21:20:49.686 D/ADSPD   ( 7609): Received from DSP: cmd=0x8003, size=2
11-22 21:20:49.696 D/mot_vr_audio_hw( 1419): received recognition control callback, status 0
11-22 21:20:49.716 W/mot_vr_audio_hw( 1419): Discarded 10 buffers without finding audio data
11-22 21:20:49.726 D/ADSPD   ( 7609): Client cmd=0x0003, size=4
11-22 21:20:49.726 D/mot_vr_audio_hw( 1419): Re-arming DSP
11-22 21:20:49.726 D/mot_vr_audio_hw( 1419): Input 0xb8ebf5c8 standby complete
11-22 21:20:49.736 D/mot_vr_audio_hw( 1419): Input 0xb8ebf5c8 close complete
11-22 21:20:49.736 D/ADSPD   ( 7609): Received from DSP: cmd=0x8003, size=2
11-22 21:20:49.736 D/ADSPD   ( 7609): Client cmd=0x4003, size=2
11-22 21:20:49.736 D/mot_vr_audio_hw( 1419): received recognition control callback, status 0
11-22 21:20:49.776 I/AmbientMode( 1871): Dream ended: isDozing=true
11-22 21:20:50.207 D/LightsService( 1752): Excessive delay setting light: 102ms
11-22 21:20:50.207 D/SurfaceFlinger( 1417): Screen released, type=0 flinger=0xb7fc2448
11-22 21:20:50.337 D/hwcomposer( 1417): hwc_blank(0: 1)
11-22 21:20:50.337 D/SurfaceControl( 1752): Excessive delay in blankDisplay() while turning screen off: 129ms
11-22 21:20:50.357 I/DisplayManagerService( 1752): Display device changed: DisplayDeviceInfo{"Built-in Screen": 320 x 290, 45.000004 fps, density 213, 203.2 x 204.61111 dpi, touch INTERNAL, rotation 0, type BUILT_IN, state OFF, FLAG_DEFAULT_DISPLAY, FLAG_ROTATES_WITH_CONTENT, FLAG_SECURE, FLAG_SUPPORTS_PROTECTED_BUFFERS}
11-22 21:20:50.357 V/ActivityManager( 1752): Display changed displayId=0
11-22 21:20:50.377 V/WearActivity( 7636): display changed: 0, new state: 1
11-22 21:20:50.377 I/TimeWrapper( 7636): FPS: 38.992973, samples: 230
11-22 21:20:50.377 I/TimeWrapper( 7636): Min/Avg/Max frame render speed (ms): 3.814697 / 5.733722 / 46.081543
11-22 21:20:50.377 I/TimeWrapper( 7636): Waketime: 22.357489%
11-22 21:20:50.377 I/TimeWrapper( 7636): Skipped frames: 257
11-22 21:20:50.377 V/MyViewAnim( 7636): redrawSlow: resume -> 1
11-22 21:20:50.377 V/MyViewAnim( 7636): redrawSlow: display change without state change -> 2
11-22 21:20:50.377 V/MyViewAnim( 7636): redrawSlow: startHelper -> 1
11-22 21:20:50.377 V/WearActivity( 7636): onDisplayChanged: off!
11-22 21:20:50.377 V/WearActivity( 7636): stopHelper: shutting things down
11-22 21:20:50.387 D/MinnowPowerHAL( 1752): power_set_interactive: 0
11-22 21:20:50.387 D/MinnowPowerHAL( 1752): sysfs_write: /sys/devices/platform/omapdss/display0/interactivemode 0
11-22 21:20:50.387 D/MinnowPowerHAL( 1752): sysfs_write: /sys/devices/ocp.2/i2c.6/i2c-0/0-004a/interactivemode 0
11-22 21:20:50.387 D/MinnowPowerHAL( 1752): sysfs_write: /sys/class/leds/lcd-backlight/interactive 0
11-22 21:20:50.387 D/mot_vr_audio_hw( 1752): dsp_set_pm_state = off
11-22 21:20:50.397 D/ADSPD   ( 7609): Client cmd=0x4002, size=2
11-22 21:20:50.397 D/ADSPD   ( 7609): DSP_CMD_DAEMON_SET_PM_STATE : 0
11-22 21:20:50.407 V/MyViewAnim( 7636): stopping animation!
11-22 21:20:50.407 V/MyViewAnim( 7636): killDrawThread
11-22 21:20:50.407 V/WearActivity( 7636): killing alarms
11-22 21:20:50.407 I/ClockFace( 7636): Ambient mode: false
11-22 21:20:50.407 V/MyViewAnim( 7636): looper finished!
11-22 21:20:51.778 W/bt-btif (24046): dm_pm_timer expires
11-22 21:20:51.778 W/bt-btif (24046): dm_pm_timer expires 0
11-22 21:20:51.778 W/bt-btif (24046): proc dm_pm_timer expires
11-22 21:20:51.778 E/bt-btif (24046): bta_dm_pm_sniff BTM_SetPowerMode() returns ERROR status=3
11-22 21:21:00.530 E/bt-btm  (24046): btm_sec_disconnected - Clearing Pending flag
11-22 21:21:00.530 W/bt-btif (24046): invalid rfc slot id: 45, btsock_rfc_signaled
11-22 21:21:00.600 I/WearableConn( 6983): Connection closed, waiting.
11-22 21:21:00.620 I/ActivityManager( 1752): Start proc com.google.android.apps.wearable.bugreportsender for service com.google.android.apps.wearable.bugreportsender/com.google.android.clockwork.bugreportsender.ClockworkListenerService: pid=11705 uid=10002 gids={50002}
11-22 21:21:00.640 I/WearableConn( 6983): Waiting 0.1 seconds to retry connection
11-22 21:21:27.793 D/SensorHALGestureSensor( 1752): Gesture event received! time = 1416712887796413902
11-22 21:21:27.793 I/PowerManagerService( 1752): Waking up from sleep...
11-22 21:21:27.793 W/KeyguardServiceDelegate( 1752): onScreenTurnedOn(): no keyguard service!
11-22 21:21:27.803 V/WearActivity( 7636): display changed: 0, new state: 1
11-22 21:21:27.803 V/WearActivity( 7636): state didn't actually change
11-22 21:21:27.823 D/dalvikvm( 6983): GC_CONCURRENT freed 447K, 25% free 2333K/3104K, paused 2ms+2ms, total 113ms
11-22 21:21:27.893 D/MinnowPowerHAL( 1752): power_set_interactive: 1
11-22 21:21:27.893 D/MinnowPowerHAL( 1752): sysfs_write: /sys/devices/platform/omapdss/display0/interactivemode 1
11-22 21:21:27.954 D/MinnowPowerHAL( 1752): sysfs_write: /sys/devices/ocp.2/i2c.6/i2c-0/0-004a/interactivemode 1
11-22 21:21:27.954 D/MinnowPowerHAL( 1752): sysfs_write: /sys/class/leds/lcd-backlight/interactive 1
11-22 21:21:27.954 D/mot_vr_audio_hw( 1752): dsp_set_pm_state = on
11-22 21:21:27.954 D/ADSPD   ( 7609): Client cmd=0x4002, size=2
11-22 21:21:27.954 D/ADSPD   ( 7609): DSP_CMD_DAEMON_SET_PM_STATE : 1
11-22 21:21:27.954 D/PowerManagerService-JNI( 1752): Excessive delay in setInteractive(true) while turning screen on: 57ms
11-22 21:21:27.954 V/WearActivity( 7636): Resume!
11-22 21:21:27.964 D/ADSPD   ( 7609): ACK success!
11-22 21:21:27.974 D/BluetoothManagerService( 1752): checkIfCallerIsForegroundUser: valid=true callingUser=0 foregroundUser=0
11-22 21:21:27.974 W/BluetoothAdapter( 6983): getBluetoothService() called with no BluetoothManagerCallback
11-22 21:21:27.974 E/BluetoothServiceJni(24046): SOCK FLAG = 3 ***********************
11-22 21:21:27.974 I/WearableConn( 6983): Accepting connections
11-22 21:21:27.984 V/ActivityManager( 1752): Display changed displayId=0
11-22 21:21:27.984 W/InputMethodManagerService( 1752): Ignoring setImeWindowStatus of uid 1000 token: null
11-22 21:21:28.004 E/ClockworkHome( 1871): Tried to exit ambient mode, but enterAmbientMode() was never called.
11-22 21:21:28.014 I/BluetoothAdapterProperties(24046): adapterPropertyChangedCallback with type:9 len:4
11-22 21:21:28.014 D/BluetoothAdapterProperties(24046): Discoverable Timeout:0
11-22 21:21:28.014 I/BluetoothAdapterProperties(24046): adapterPropertyChangedCallback with type:7 len:4
11-22 21:21:28.024 D/BluetoothAdapterProperties(24046): Scan Mode:21
11-22 21:21:28.024 D/WearableBluetooth( 6983): set scan mode to 21 (enabled)
11-22 21:21:28.034 D/mot_vr_audio_hw( 1419): dsp_recognizer_enabled = true
11-22 21:21:28.034 D/ADSPD   ( 7609): Client cmd=0x0003, size=4
11-22 21:21:28.034 D/mot_vr_audio_hw( 1419): open_input_stream(): devices = 0x80000004, rate = 8000, channels = 0x10
11-22 21:21:28.034 D/mot_vr_audio_hw( 1419): Created resampler for 16000->8000 Hz
11-22 21:21:28.054 D/ADSPD   ( 7609): Received from DSP: cmd=0x8003, size=2
11-22 21:21:28.054 D/ADSPD   ( 7609): Client cmd=0x4003, size=2
11-22 21:21:28.054 D/mot_vr_audio_hw( 1419): received recognition control callback, status 0
11-22 21:21:28.064 D/WearableClient( 6920): WearableClientImpl.onPostInitHandler: done
11-22 21:21:28.094 D/SurfaceFlinger( 1417): Screen acquired, type=0 flinger=0xb7fc2448
11-22 21:21:28.094 D/hwcomposer( 1417): hwc_blank(0: 0)
11-22 21:21:28.104 D/mot_vr_audio_hw( 1419): in_read waiting for hotword
11-22 21:21:28.104 I/DisplayManagerService( 1752): Display device changed: DisplayDeviceInfo{"Built-in Screen": 320 x 290, 45.000004 fps, density 213, 203.2 x 204.61111 dpi, touch INTERNAL, rotation 0, type BUILT_IN, state ON, FLAG_DEFAULT_DISPLAY, FLAG_ROTATES_WITH_CONTENT, FLAG_SECURE, FLAG_SUPPORTS_PROTECTED_BUFFERS}
11-22 21:21:28.114 V/WearActivity( 7636): display changed: 0, new state: 2
11-22 21:21:28.114 V/WearActivity( 7636): onDisplayChanged: on!
11-22 21:21:28.114 V/WearActivity( 7636): killing alarms
11-22 21:21:28.114 V/WearActivity( 7636): startHelper: putting it all back together again
11-22 21:21:28.114 V/WearActivity( 7636): initAlarm: setting up
11-22 21:21:28.124 I/ClockFace( 7636): Ambient mode: false
11-22 21:21:28.124 V/MyViewAnim( 7636): resumeMaxHertz
11-22 21:21:28.124 V/ClockFace( 7636): clearing caches
11-22 21:21:28.124 V/MyViewAnim( 7636): starting new animator
11-22 21:21:28.124 V/MyViewAnim( 7636): Time listener is up!
11-22 21:21:28.124 V/MyViewAnim( 7636): starting new draw thread
11-22 21:21:28.134 V/ActivityManager( 1752): Display changed displayId=0
11-22 21:21:28.194 V/ClockFace( 7636): rendering new face, faceMode(0)
11-22 21:21:28.254 D/LightsService( 1752): Excessive delay setting light: 109ms
11-22 21:21:28.254 E/HostWithRpcCallback( 1871): Failed to send RPC
11-22 21:21:28.254 E/HostWithRpcCallback( 1871): com.google.android.wearable.gmsclient.WearableException: sendRpcAsync failed: Status{statusCode=unknown status code: 4000, resolution=null}
11-22 21:21:28.254 E/HostWithRpcCallback( 1871): 	at com.google.android.wearable.gmsclient.GoogleApiClientHelper.throwIfFailed(GoogleApiClientHelper.java:98)
11-22 21:21:28.254 E/HostWithRpcCallback( 1871): 	at com.google.android.wearable.gmsclient.MessageManager$1$1.getResult(MessageManager.java:81)
11-22 21:21:28.254 E/HostWithRpcCallback( 1871): 	at com.google.android.wearable.gmsclient.MessageManager$1$1.getResult(MessageManager.java:78)
11-22 21:21:28.254 E/HostWithRpcCallback( 1871): 	at com.google.android.clockwork.actions.WearableHostWithRpcCallback$SendRpcCallbackWithId.onSendRpc(WearableHostWithRpcCallback.java:292)
11-22 21:21:28.254 E/HostWithRpcCallback( 1871): 	at com.google.android.wearable.gmsclient.MessageManager$1.onResult(MessageManager.java:78)
11-22 21:21:28.254 E/HostWithRpcCallback( 1871): 	at com.google.android.wearable.gmsclient.MessageManager$1.onResult(MessageManager.java:75)
11-22 21:21:28.254 E/HostWithRpcCallback( 1871): 	at com.google.android.gms.common.api.BaseImplementation$CallbackHandler.deliverResultCallback(Unknown Source)
11-22 21:21:28.254 E/HostWithRpcCallback( 1871): 	at com.google.android.gms.common.api.BaseImplementation$CallbackHandler.handleMessage(Unknown Source)
11-22 21:21:28.254 E/HostWithRpcCallback( 1871): 	at android.os.Handler.dispatchMessage(Handler.java:102)
11-22 21:21:28.254 E/HostWithRpcCallback( 1871): 	at android.os.Looper.loop(Looper.java:136)
11-22 21:21:28.254 E/HostWithRpcCallback( 1871): 	at android.app.ActivityThread.main(ActivityThread.java:5026)
11-22 21:21:28.254 E/HostWithRpcCallback( 1871): 	at java.lang.reflect.Method.invokeNative(Native Method)
11-22 21:21:28.254 E/HostWithRpcCallback( 1871): 	at java.lang.reflect.Method.invoke(Method.java:515)
11-22 21:21:28.254 E/HostWithRpcCallback( 1871): 	at com.android.internal.os.ZygoteInit$MethodAndArgsCaller.run(ZygoteInit.java:777)
11-22 21:21:28.254 E/HostWithRpcCallback( 1871): 	at com.android.internal.os.ZygoteInit.main(ZygoteInit.java:602)
11-22 21:21:28.254 E/HostWithRpcCallback( 1871): 	at dalvik.system.NativeStart.main(Native Method)
11-22 21:21:28.264 V/ClockFace( 7636): fetching new battery status (24122)
11-22 21:21:28.264 V/ClockFace( 7636): battery at 0.66
11-22 21:21:28.314 D/LightsService( 1752): Excessive delay setting light: 51ms
11-22 21:21:28.344 D/WearableClient( 7196): WearableClientImpl.onPostInitHandler: done
11-22 21:21:28.374 D/LightsService( 1752): Excessive delay setting light: 62ms
11-22 21:21:28.384 D/SensorHAL( 1752): adjustSensorHandle: handle = 9 adjustedHandle = 1
11-22 21:21:28.384 D/SensorHAL( 1752): adjustSensorHandle: handle = 9 adjustedHandle = 1
11-22 21:21:28.404 D/SensorHAL( 1752): adjustSensorHandle: handle = 9 adjustedHandle = 1
11-22 21:21:28.454 D/LightsService( 1752): Excessive delay setting light: 79ms
11-22 21:21:28.524 D/ClockworkProxy( 1871): onPeerDisconnected
11-22 21:21:28.524 D/ClockworkProxy( 1871): Tearing down native proxy service...
11-22 21:21:28.524 D/NetUtils( 1752): android_net_utils_resetConnections in env=0xb8ff6d38 clazz=0x2c500001 iface=ifb0 mask=0x3
11-22 21:21:28.524 D/ConnectivityService( 1752): ConnectivityChange for PROXY: DISCONNECTED/DISCONNECTED
11-22 21:21:28.524 D/ConnectivityService( 1752): tryFailover: set mActiveDefaultNetwork=-1, prevNetType=16
11-22 21:21:28.524 D/ConnectivityService( 1752): Attempting to switch to BLUETOOTH_TETHER
11-22 21:21:28.524 D/ConnectivityService( 1752): resetConnections(ifb0, 3)
11-22 21:21:28.524 D/Nat464Xlat( 1752): requiresClat: netType=16, hasIPv4Address=false
11-22 21:21:28.564 D/LightsService( 1752): Excessive delay setting light: 109ms
11-22 21:21:28.584 D/LocationWearablesListenerService( 6978): onPeerDisconnected
11-22 21:21:28.594 D/WearableClient( 7230): WearableClientImpl.onPostInitHandler: done
11-22 21:21:28.644 D/PhoneListenerService( 7184): onPeerDisconnected
11-22 21:21:28.684 V/WearReceiverService( 7636): phone is disconnected!, e12e6647-0917-4594-a0b8-f42d78390f6d
11-22 21:21:28.824 D/ClockworkProxy( 1871): Clockwork proxy TCP relaying thread stopped
11-22 21:21:28.824 D/ClockworkProxy( 1871): Stop UDP relaying thread
11-22 21:21:28.824 D/ClockworkProxy( 1871): Clockwork proxy UDP relaying thread stopped
11-22 21:21:31.547 D/Tethering( 1752): MasterInitialState.processMessage what=3
11-22 21:21:31.547 D/CaptivePortalTracker( 1752): NoActiveNetworkState{ when=-1ms what=1 obj=NetworkInfo: type: PROXY[], state: DISCONNECTED/DISCONNECTED, reason: proxy_down, extra: (none), roaming: false, failover: false, isAvailable: true, isConnectedToProvisioningNetwork: false target=com.android.internal.util.StateMachine$SmHandler }
11-22 21:21:31.547 D/CaptivePortalTracker( 1752): NoActiveNetworkState not a wifi connectivity change, ignore
11-22 21:21:31.577 I/ActivityManager( 1752): Start proc android.process.media for broadcast com.android.providers.downloads/.DownloadReceiver: pid=11745 uid=10009 gids={50009, 1028, 1015, 1023, 1024, 2001, 3003, 3007}
11-22 21:21:31.577 E/ActivityThread( 1752): Failed to find provider info for telephony
11-22 21:21:31.957 E/SELinux (11745): SELinux: Loaded file_contexts from /file_contexts, 
11-22 21:21:31.957 E/SELinux (11745): digest=
11-22 21:21:31.957 E/SELinux (11745): 97
11-22 21:21:31.957 E/SELinux (11745): 5e
11-22 21:21:31.957 E/SELinux (11745): e9
11-22 21:21:31.957 E/SELinux (11745): e8
11-22 21:21:31.957 E/SELinux (11745): 3a
11-22 21:21:31.957 E/SELinux (11745): a5
11-22 21:21:31.957 E/SELinux (11745): b3
11-22 21:21:31.957 E/SELinux (11745): 2f
11-22 21:21:31.957 E/SELinux (11745): 7c
11-22 21:21:31.957 E/SELinux (11745): 90
11-22 21:21:31.957 E/SELinux (11745): 4c
11-22 21:21:31.957 E/SELinux (11745): 2f
11-22 21:21:31.957 E/SELinux (11745): 85
11-22 21:21:31.957 E/SELinux (11745): 1f
11-22 21:21:31.957 E/SELinux (11745): 89
11-22 21:21:31.957 E/SELinux (11745): 5a
11-22 21:21:31.957 E/SELinux (11745): 52
11-22 21:21:31.957 E/SELinux (11745): 84
11-22 21:21:31.957 E/SELinux (11745): ad
11-22 21:21:31.957 E/SELinux (11745): 40
11-22 21:21:31.957 E/SELinux (11745): 
11-22 21:21:32.058 D/GCM     ( 7004): GcmService start Intent { act=android.net.conn.CONNECTIVITY_CHANGE flg=0x4000010 cmp=com.google.android.gms/.gcm.GcmService (has extras) } android.net.conn.CONNECTIVITY_CHANGE
11-22 21:21:32.878 D/dalvikvm( 7636): GC_CONCURRENT freed 337K, 18% free 2681K/3252K, paused 3ms+7ms, total 64ms
11-22 21:21:32.978 I/PowerManagerService( 1752): Going to sleep due to screen timeout...
11-22 21:21:32.978 I/PowerManagerService( 1752): Dozing...
11-22 21:21:32.978 I/DreamController( 1752): Starting dream: name=ComponentInfo{com.google.android.wearable.app/com.google.android.clockwork.home.AmbientMode}, isTest=false, canDoze=true, userId=0
11-22 21:21:33.079 I/ActivityManager( 1752): START u0 {act=android.intent.action.MAIN cat=[android.intent.category.HOME] flg=0x10000000 cmp=com.google.android.wearable.app/com.google.android.clockwork.home.HomeActivity (has extras)} from pid 1871 on display 0
11-22 21:21:33.079 I/DreamController( 1752): Stopping dream: name=ComponentInfo{com.google.android.wearable.app/com.google.android.clockwork.home.AmbientMode}, isTest=false, canDoze=true, userId=0
11-22 21:21:33.089 I/PowerManagerService( 1752): Sleeping...
11-22 21:21:33.109 D/LightsService( 1752): Excessive delay setting light: 52ms
11-22 21:21:33.129 I/AmbientMode( 1871): Ambient mode started: canDoze=true, dozeHardware=null
11-22 21:21:33.129 D/mot_vr_audio_hw( 1419): dsp_recognizer_enabled = false
11-22 21:21:33.129 D/ADSPD   ( 7609): Client cmd=0x0003, size=4
11-22 21:21:33.139 D/mot_vr_audio_hw( 1419): Switching DSP to standby/passthrough mode
11-22 21:21:33.139 D/mot_vr_audio_hw( 1419): Input 0xb8ebf5c8 ready to read
11-22 21:21:33.149 D/ADSPD   ( 7609): Received from DSP: cmd=0x8003, size=2
11-22 21:21:33.149 D/ADSPD   ( 7609): Client cmd=0x0003, size=4
11-22 21:21:33.149 D/mot_vr_audio_hw( 1419): received recognition control callback, status 0
11-22 21:21:33.159 D/ADSPD   ( 7609): Received from DSP: cmd=0x8003, size=2
11-22 21:21:33.159 D/mot_vr_audio_hw( 1419): received recognition control callback, status 0
11-22 21:21:33.189 W/mot_vr_audio_hw( 1419): Discarded 10 buffers without finding audio data
11-22 21:21:33.199 D/ADSPD   ( 7609): Client cmd=0x0003, size=4
11-22 21:21:33.199 D/mot_vr_audio_hw( 1419): Re-arming DSP
11-22 21:21:33.199 D/mot_vr_audio_hw( 1419): Input 0xb8ebf5c8 standby complete
11-22 21:21:33.209 D/mot_vr_audio_hw( 1419): Input 0xb8ebf5c8 close complete
11-22 21:21:33.209 D/ADSPD   ( 7609): Received from DSP: cmd=0x8003, size=2
11-22 21:21:33.209 D/ADSPD   ( 7609): Client cmd=0x4003, size=2
11-22 21:21:33.209 D/mot_vr_audio_hw( 1419): received recognition control callback, status 0
11-22 21:21:33.219 D/mot_vr_audio_hw( 1419): dsp_recognizer_enabled = true
11-22 21:21:33.219 D/ADSPD   ( 7609): Client cmd=0x0003, size=4
11-22 21:21:33.219 D/mot_vr_audio_hw( 1419): open_input_stream(): devices = 0x80000004, rate = 8000, channels = 0x10
11-22 21:21:33.219 D/mot_vr_audio_hw( 1419): Created resampler for 16000->8000 Hz
11-22 21:21:33.229 D/ADSPD   ( 7609): Received from DSP: cmd=0x8003, size=2
11-22 21:21:33.229 D/ADSPD   ( 7609): Client cmd=0x4003, size=2
11-22 21:21:33.229 D/mot_vr_audio_hw( 1419): received recognition control callback, status 0
11-22 21:21:33.239 I/AmbientMode( 1871): Dream ended: isDozing=true
11-22 21:21:33.239 D/mot_vr_audio_hw( 1419): in_read waiting for hotword
11-22 21:21:33.339 E/HostWithRpcCallback( 1871): Failed to send RPC
11-22 21:21:33.339 E/HostWithRpcCallback( 1871): com.google.android.wearable.gmsclient.WearableException: sendRpcAsync failed: Status{statusCode=unknown status code: 4000, resolution=null}
11-22 21:21:33.339 E/HostWithRpcCallback( 1871): 	at com.google.android.wearable.gmsclient.GoogleApiClientHelper.throwIfFailed(GoogleApiClientHelper.java:98)
11-22 21:21:33.339 E/HostWithRpcCallback( 1871): 	at com.google.android.wearable.gmsclient.MessageManager$1$1.getResult(MessageManager.java:81)
11-22 21:21:33.339 E/HostWithRpcCallback( 1871): 	at com.google.android.wearable.gmsclient.MessageManager$1$1.getResult(MessageManager.java:78)
11-22 21:21:33.339 E/HostWithRpcCallback( 1871): 	at com.google.android.clockwork.actions.WearableHostWithRpcCallback$SendRpcCallbackWithId.onSendRpc(WearableHostWithRpcCallback.java:292)
11-22 21:21:33.339 E/HostWithRpcCallback( 1871): 	at com.google.android.wearable.gmsclient.MessageManager$1.onResult(MessageManager.java:78)
11-22 21:21:33.339 E/HostWithRpcCallback( 1871): 	at com.google.android.wearable.gmsclient.MessageManager$1.onResult(MessageManager.java:75)
11-22 21:21:33.339 E/HostWithRpcCallback( 1871): 	at com.google.android.gms.common.api.BaseImplementation$CallbackHandler.deliverResultCallback(Unknown Source)
11-22 21:21:33.339 E/HostWithRpcCallback( 1871): 	at com.google.android.gms.common.api.BaseImplementation$CallbackHandler.handleMessage(Unknown Source)
11-22 21:21:33.339 E/HostWithRpcCallback( 1871): 	at android.os.Handler.dispatchMessage(Handler.java:102)
11-22 21:21:33.339 E/HostWithRpcCallback( 1871): 	at android.os.Looper.loop(Looper.java:136)
11-22 21:21:33.339 E/HostWithRpcCallback( 1871): 	at android.app.ActivityThread.main(ActivityThread.java:5026)
11-22 21:21:33.339 E/HostWithRpcCallback( 1871): 	at java.lang.reflect.Method.invokeNative(Native Method)
11-22 21:21:33.339 E/HostWithRpcCallback( 1871): 	at java.lang.reflect.Method.invoke(Method.java:515)
11-22 21:21:33.339 E/HostWithRpcCallback( 1871): 	at com.android.internal.os.ZygoteInit$MethodAndArgsCaller.run(ZygoteInit.java:777)
11-22 21:21:33.339 E/HostWithRpcCallback( 1871): 	at com.android.internal.os.ZygoteInit.main(ZygoteInit.java:602)
11-22 21:21:33.339 E/HostWithRpcCallback( 1871): 	at dalvik.system.NativeStart.main(Native Method)
11-22 21:21:33.339 E/HostWithRpcCallback( 1871): Failed to send RPC
11-22 21:21:33.339 E/HostWithRpcCallback( 1871): com.google.android.wearable.gmsclient.WearableException: sendRpcAsync failed: Status{statusCode=unknown status code: 4000, resolution=null}
11-22 21:21:33.339 E/HostWithRpcCallback( 1871): 	at com.google.android.wearable.gmsclient.GoogleApiClientHelper.throwIfFailed(GoogleApiClientHelper.java:98)
11-22 21:21:33.339 E/HostWithRpcCallback( 1871): 	at com.google.android.wearable.gmsclient.MessageManager$1$1.getResult(MessageManager.java:81)
11-22 21:21:33.339 E/HostWithRpcCallback( 1871): 	at com.google.android.wearable.gmsclient.MessageManager$1$1.getResult(MessageManager.java:78)
11-22 21:21:33.339 E/HostWithRpcCallback( 1871): 	at com.google.android.clockwork.actions.WearableHostWithRpcCallback$SendRpcCallbackWithId.onSendRpc(WearableHostWithRpcCallback.java:292)
11-22 21:21:33.339 E/HostWithRpcCallback( 1871): 	at com.google.android.wearable.gmsclient.MessageManager$1.onResult(MessageManager.java:78)
11-22 21:21:33.339 E/HostWithRpcCallback( 1871): 	at com.google.android.wearable.gmsclient.MessageManager$1.onResult(MessageManager.java:75)
11-22 21:21:33.339 E/HostWithRpcCallback( 1871): 	at com.google.android.gms.common.api.BaseImplementation$CallbackHandler.deliverResultCallback(Unknown Source)
11-22 21:21:33.339 E/HostWithRpcCallback( 1871): 	at com.google.android.gms.common.api.BaseImplementation$CallbackHandler.handleMessage(Unknown Source)
11-22 21:21:33.339 E/HostWithRpcCallback( 1871): 	at android.os.Handler.dispatchMessage(Handler.java:102)
11-22 21:21:33.339 E/HostWithRpcCallback( 1871): 	at android.os.Looper.loop(Looper.java:136)
11-22 21:21:33.339 E/HostWithRpcCallback( 1871): 	at android.app.ActivityThread.main(ActivityThread.java:5026)
11-22 21:21:33.339 E/HostWithRpcCallback( 1871): 	at java.lang.reflect.Method.invokeNative(Native Method)
11-22 21:21:33.339 E/HostWithRpcCallback( 1871): 	at java.lang.reflect.Method.invoke(Method.java:515)
11-22 21:21:33.339 E/HostWithRpcCallback( 1871): 	at com.android.internal.os.ZygoteInit$MethodAndArgsCaller.run(ZygoteInit.java:777)
11-22 21:21:33.339 E/HostWithRpcCallback( 1871): 	at com.android.internal.os.ZygoteInit.main(ZygoteInit.java:602)
11-22 21:21:33.339 E/HostWithRpcCallback( 1871): 	at dalvik.system.NativeStart.main(Native Method)
11-22 21:21:33.729 D/LightsService( 1752): Excessive delay setting light: 72ms
11-22 21:21:33.729 D/SurfaceFlinger( 1417): Screen released, type=0 flinger=0xb7fc2448
11-22 21:21:33.869 D/hwcomposer( 1417): hwc_blank(0: 1)
11-22 21:21:33.869 D/SurfaceControl( 1752): Excessive delay in blankDisplay() while turning screen off: 143ms
11-22 21:21:33.889 I/DisplayManagerService( 1752): Display device changed: DisplayDeviceInfo{"Built-in Screen": 320 x 290, 45.000004 fps, density 213, 203.2 x 204.61111 dpi, touch INTERNAL, rotation 0, type BUILT_IN, state OFF, FLAG_DEFAULT_DISPLAY, FLAG_ROTATES_WITH_CONTENT, FLAG_SECURE, FLAG_SUPPORTS_PROTECTED_BUFFERS}
11-22 21:21:33.889 V/ActivityManager( 1752): Display changed displayId=0
11-22 21:21:33.899 V/WearActivity( 7636): display changed: 0, new state: 1
11-22 21:21:33.899 I/TimeWrapper( 7636): FPS: 34.79857, samples: 196
11-22 21:21:33.899 I/TimeWrapper( 7636): Min/Avg/Max frame render speed (ms): 3.845215 / 6.908806 / 89.44702
11-22 21:21:33.899 I/TimeWrapper( 7636): Waketime: 24.041655%
11-22 21:21:33.899 I/TimeWrapper( 7636): Skipped frames: 235
11-22 21:21:33.899 V/MyViewAnim( 7636): redrawSlow: resume -> 1
11-22 21:21:33.899 V/MyViewAnim( 7636): redrawSlow: display change without state change -> 1
11-22 21:21:33.899 V/MyViewAnim( 7636): redrawSlow: startHelper -> 1
11-22 21:21:33.899 V/WearActivity( 7636): onDisplayChanged: off!
11-22 21:21:33.899 V/WearActivity( 7636): stopHelper: shutting things down
11-22 21:21:33.919 D/MinnowPowerHAL( 1752): power_set_interactive: 0
11-22 21:21:33.919 D/MinnowPowerHAL( 1752): sysfs_write: /sys/devices/platform/omapdss/display0/interactivemode 0
11-22 21:21:33.919 D/MinnowPowerHAL( 1752): sysfs_write: /sys/devices/ocp.2/i2c.6/i2c-0/0-004a/interactivemode 0
11-22 21:21:33.919 D/MinnowPowerHAL( 1752): sysfs_write: /sys/class/leds/lcd-backlight/interactive 0
11-22 21:21:33.919 D/mot_vr_audio_hw( 1752): dsp_set_pm_state = off
11-22 21:21:33.919 D/ADSPD   ( 7609): Client cmd=0x4002, size=2
11-22 21:21:33.919 D/ADSPD   ( 7609): DSP_CMD_DAEMON_SET_PM_STATE : 0
11-22 21:21:33.919 D/ADSPD   ( 7609): DSP not turned off as still being used
11-22 21:21:33.929 D/mot_vr_audio_hw( 1419): dsp_recognizer_enabled = false
11-22 21:21:33.929 D/ADSPD   ( 7609): Client cmd=0x0003, size=4
11-22 21:21:33.929 D/ADSPD   ( 7609): Trying to send to dsp while in dsp in RESET
11-22 21:21:33.929 W/mot_vr_audio_hw( 1419): Not allowing wake() since DSP is disabled
11-22 21:21:33.939 W/mot_vr_audio_hw( 1419): Not allowing wake() since DSP is disabled
11-22 21:21:33.939 W/InputMethodManagerService( 1752): Ignoring setImeWindowStatus of uid 1000 token: null
11-22 21:21:33.949 V/MyViewAnim( 7636): stopping animation!
11-22 21:21:33.949 V/MyViewAnim( 7636): killDrawThread
11-22 21:21:33.949 V/WearActivity( 7636): killing alarms
11-22 21:21:33.949 I/ClockFace( 7636): Ambient mode: false
11-22 21:21:33.949 V/WearActivity( 7636): Pause!
11-22 21:21:33.959 D/ADSPD   ( 7609): Client cmd=0x4003, size=2
11-22 21:21:33.959 D/ADSPD   ( 7609): DSP no longer used, turned off here
11-22 21:21:33.959 D/mot_vr_audio_hw( 1419): Input 0xb8ebf5c8 close complete
11-22 21:21:33.969 V/WearActivity( 7636): Stop!
11-22 21:21:33.979 V/MyViewAnim( 7636): looper finished!
11-22 21:21:33.979 E/HostWithRpcCallback( 1871): Failed to send RPC
11-22 21:21:33.979 E/HostWithRpcCallback( 1871): com.google.android.wearable.gmsclient.WearableException: sendRpcAsync failed: Status{statusCode=unknown status code: 4000, resolution=null}
11-22 21:21:33.979 E/HostWithRpcCallback( 1871): 	at com.google.android.wearable.gmsclient.GoogleApiClientHelper.throwIfFailed(GoogleApiClientHelper.java:98)
11-22 21:21:33.979 E/HostWithRpcCallback( 1871): 	at com.google.android.wearable.gmsclient.MessageManager$1$1.getResult(MessageManager.java:81)
11-22 21:21:33.979 E/HostWithRpcCallback( 1871): 	at com.google.android.wearable.gmsclient.MessageManager$1$1.getResult(MessageManager.java:78)
11-22 21:21:33.979 E/HostWithRpcCallback( 1871): 	at com.google.android.clockwork.actions.WearableHostWithRpcCallback$SendRpcCallbackWithId.onSendRpc(WearableHostWithRpcCallback.java:292)
11-22 21:21:33.979 E/HostWithRpcCallback( 1871): 	at com.google.android.wearable.gmsclient.MessageManager$1.onResult(MessageManager.java:78)
11-22 21:21:33.979 E/HostWithRpcCallback( 1871): 	at com.google.android.wearable.gmsclient.MessageManager$1.onResult(MessageManager.java:75)
11-22 21:21:33.979 E/HostWithRpcCallback( 1871): 	at com.google.android.gms.common.api.BaseImplementation$CallbackHandler.deliverResultCallback(Unknown Source)
11-22 21:21:33.979 E/HostWithRpcCallback( 1871): 	at com.google.android.gms.common.api.BaseImplementation$CallbackHandler.handleMessage(Unknown Source)
11-22 21:21:33.979 E/HostWithRpcCallback( 1871): 	at android.os.Handler.dispatchMessage(Handler.java:102)
11-22 21:21:33.979 E/HostWithRpcCallback( 1871): 	at android.os.Looper.loop(Looper.java:136)
11-22 21:21:33.979 E/HostWithRpcCallback( 1871): 	at android.app.ActivityThread.main(ActivityThread.java:5026)
11-22 21:21:33.979 E/HostWithRpcCallback( 1871): 	at java.lang.reflect.Method.invokeNative(Native Method)
11-22 21:21:33.979 E/HostWithRpcCallback( 1871): 	at java.lang.reflect.Method.invoke(Method.java:515)
