11-22 21:38:56.269 D/mot_vr_audio_hw( 1419): Created resampler for 16000->8000 Hz
11-22 21:38:56.269 D/ADSPD   ( 7609): Client cmd=0x4003, size=2
11-22 21:38:56.289 D/mot_vr_audio_hw( 1419): in_read waiting for hotword
11-22 21:38:56.289 D/mot_vr_audio_hw( 1419): dsp_recognizer_enabled = false
11-22 21:38:56.289 D/ADSPD   ( 7609): Client cmd=0x0003, size=4
11-22 21:38:56.299 D/ADSPD   ( 7609): Trying to send to dsp while in dsp in RESET
11-22 21:38:56.299 W/mot_vr_audio_hw( 1419): Not allowing wake() since DSP is disabled
11-22 21:38:56.309 W/mot_vr_audio_hw( 1419): Not allowing wake() since DSP is disabled
11-22 21:38:56.329 D/ADSPD   ( 7609): Client cmd=0x4003, size=2
11-22 21:38:56.329 D/ADSPD   ( 7609): DSP no longer used, turned off here
11-22 21:38:56.329 D/mot_vr_audio_hw( 1419): Input 0xb8ebf5c8 close complete
11-22 21:38:56.459 I/ActivityManager( 1752): START u0 {act=android.intent.action.MAIN cat=[android.intent.category.HOME] flg=0x10000000 cmp=com.google.android.wearable.app/com.google.android.clockwork.home.HomeActivity (has extras)} from pid 1871 on display 0
11-22 21:38:56.479 D/mot_vr_audio_hw( 1419): dsp_recognizer_enabled = true
11-22 21:38:56.479 D/ADSPD   ( 7609): Client cmd=0x0003, size=4
11-22 21:38:56.489 D/ADSPD   ( 7609): Trying to send to dsp while in dsp in RESET
11-22 21:38:56.489 D/mot_vr_audio_hw( 1419): open_input_stream(): devices = 0x80000004, rate = 8000, channels = 0x10
11-22 21:38:56.489 D/mot_vr_audio_hw( 1419): Created resampler for 16000->8000 Hz
11-22 21:38:56.489 D/ADSPD   ( 7609): Client cmd=0x4003, size=2
11-22 21:38:56.499 D/mot_vr_audio_hw( 1419): in_read waiting for hotword
11-22 21:38:56.509 D/mot_vr_audio_hw( 1419): dsp_recognizer_enabled = false
11-22 21:38:56.509 D/ADSPD   ( 7609): Client cmd=0x0003, size=4
11-22 21:38:56.509 D/ADSPD   ( 7609): Trying to send to dsp while in dsp in RESET
11-22 21:38:56.509 W/mot_vr_audio_hw( 1419): Not allowing wake() since DSP is disabled
11-22 21:38:56.519 W/mot_vr_audio_hw( 1419): Not allowing wake() since DSP is disabled
11-22 21:38:56.539 D/ADSPD   ( 7609): Client cmd=0x4003, size=2
11-22 21:38:56.539 D/ADSPD   ( 7609): DSP no longer used, turned off here
11-22 21:38:56.539 D/mot_vr_audio_hw( 1419): Input 0xb8ebf5c8 close complete
11-22 21:38:58.561 W/bt-btif (24046): dm_pm_timer expires
11-22 21:38:58.561 W/bt-btif (24046): dm_pm_timer expires 0
11-22 21:38:58.561 W/bt-btif (24046): proc dm_pm_timer expires
11-22 21:39:21.189 D/dalvikvm( 1871): GC_FOR_ALLOC freed 2093K, 31% free 27064K/38808K, paused 48ms, total 48ms
11-22 21:39:21.209 I/ActivityManager( 1752): START u0 {act=android.intent.action.MAIN cat=[android.intent.category.HOME] flg=0x10000000 cmp=com.google.android.wearable.app/com.google.android.clockwork.home.HomeActivity (has extras)} from pid 1871 on display 0
11-22 21:39:21.219 W/HomeRowListAdapter( 1871): onRelease() called on an unknown row.
11-22 21:39:21.229 D/mot_vr_audio_hw( 1419): dsp_recognizer_enabled = true
11-22 21:39:21.229 D/ADSPD   ( 7609): Client cmd=0x0003, size=4
11-22 21:39:21.229 D/ADSPD   ( 7609): Trying to send to dsp while in dsp in RESET
11-22 21:39:21.229 D/mot_vr_audio_hw( 1419): open_input_stream(): devices = 0x80000004, rate = 8000, channels = 0x10
11-22 21:39:21.229 D/mot_vr_audio_hw( 1419): Created resampler for 16000->8000 Hz
11-22 21:39:21.229 D/ADSPD   ( 7609): Client cmd=0x4003, size=2
11-22 21:39:21.239 D/mot_vr_audio_hw( 1419): in_read waiting for hotword
11-22 21:39:21.249 D/mot_vr_audio_hw( 1419): dsp_recognizer_enabled = false
11-22 21:39:21.249 D/ADSPD   ( 7609): Client cmd=0x0003, size=4
11-22 21:39:21.249 D/ADSPD   ( 7609): Trying to send to dsp while in dsp in RESET
11-22 21:39:21.249 W/mot_vr_audio_hw( 1419): Not allowing wake() since DSP is disabled
11-22 21:39:21.259 D/dalvikvm( 6983): GC_FOR_ALLOC freed 233K, 24% free 2353K/3080K, paused 25ms, total 26ms
11-22 21:39:21.259 W/mot_vr_audio_hw( 1419): Not allowing wake() since DSP is disabled
11-22 21:39:21.279 D/ADSPD   ( 7609): Client cmd=0x4003, size=2
11-22 21:39:21.279 D/ADSPD   ( 7609): DSP no longer used, turned off here
11-22 21:39:21.279 D/mot_vr_audio_hw( 1419): Input 0xb8ebf5c8 close complete
11-22 21:39:21.399 D/dalvikvm( 1871): GC_CONCURRENT freed 30K, 26% free 29065K/38808K, paused 7ms+9ms, total 73ms
11-22 21:39:21.469 I/ActivityManager( 1752): START u0 {act=android.intent.action.MAIN cat=[android.intent.category.HOME] flg=0x10000000 cmp=com.google.android.wearable.app/com.google.android.clockwork.home.HomeActivity (has extras)} from pid 1871 on display 0
11-22 21:39:21.489 D/mot_vr_audio_hw( 1419): dsp_recognizer_enabled = true
11-22 21:39:21.489 D/ADSPD   ( 7609): Client cmd=0x0003, size=4
11-22 21:39:21.489 D/ADSPD   ( 7609): Trying to send to dsp while in dsp in RESET
11-22 21:39:21.499 D/mot_vr_audio_hw( 1419): open_input_stream(): devices = 0x80000004, rate = 8000, channels = 0x10
11-22 21:39:21.499 D/mot_vr_audio_hw( 1419): Created resampler for 16000->8000 Hz
11-22 21:39:21.499 D/ADSPD   ( 7609): Client cmd=0x4003, size=2
11-22 21:39:21.509 D/mot_vr_audio_hw( 1419): in_read waiting for hotword
11-22 21:39:21.519 D/mot_vr_audio_hw( 1419): dsp_recognizer_enabled = false
11-22 21:39:21.519 D/ADSPD   ( 7609): Client cmd=0x0003, size=4
11-22 21:39:21.519 D/ADSPD   ( 7609): Trying to send to dsp while in dsp in RESET
11-22 21:39:21.519 W/mot_vr_audio_hw( 1419): Not allowing wake() since DSP is disabled
11-22 21:39:21.529 W/mot_vr_audio_hw( 1419): Not allowing wake() since DSP is disabled
11-22 21:39:21.549 D/ADSPD   ( 7609): Client cmd=0x4003, size=2
11-22 21:39:21.549 D/ADSPD   ( 7609): DSP no longer used, turned off here
11-22 21:39:21.549 D/mot_vr_audio_hw( 1419): Input 0xb8ebf5c8 close complete
11-22 21:39:23.631 W/bt-btif (24046): dm_pm_timer expires
11-22 21:39:23.631 W/bt-btif (24046): dm_pm_timer expires 0
11-22 21:39:23.631 W/bt-btif (24046): proc dm_pm_timer expires
11-22 21:39:37.229 I/ActivityManager( 1752): Delay finish: com.motorola.targetnotif/com.motorola.omni.NotificationAlarmReceiver
11-22 21:39:37.239 I/ActivityManager( 1752): Resuming delayed broadcast
11-22 21:39:37.259 I/ActivityManager( 1752): Delay finish: com.google.android.gms/.checkin.CheckinService$Receiver
11-22 21:39:37.269 I/CheckinService( 7248): active receiver: enabled
11-22 21:39:37.329 I/CheckinService( 7248): Preparing to send checkin request
11-22 21:39:37.329 I/EventLogService( 7248): Accumulating logs since 1416711928754
11-22 21:39:37.389 I/GoogleHttpClient( 7248): Falling back to old SSLCertificateSocketFactory
11-22 21:39:37.419 D/dalvikvm( 7248): GC_CONCURRENT freed 405K, 20% free 2491K/3100K, paused 4ms+1ms, total 23ms
11-22 21:39:37.469 D/dalvikvm( 7004): GC_CONCURRENT freed 393K, 21% free 2821K/3552K, paused 4ms+6ms, total 26ms
11-22 21:39:37.499 E/GmsClient( 7248): unable to connect to service: com.google.android.gms.droidguard.service.START
11-22 21:39:37.549 V/wearable( 6983): ensureBuffersHaveSpace: increasing size from 237 to 353
11-22 21:39:38.250 D/ClockworkProxy( 1871): doAccept: Create socket stream 413 for TCP connection from /192.168.167.239:44904 to /74.125.225.227:443
11-22 21:39:38.260 D/ClockworkProxy( 1871): doAccept: rpc succeeded. Activate stream 413
11-22 21:39:38.280 V/wearable( 6983): ensureBuffersHaveSpace: increasing size from 353 to 504
11-22 21:39:38.510 V/wearable( 6983): ensureBuffersHaveSpace: increasing size from 992 to 1845
11-22 21:39:38.791 I/CheckinTask( 7248): Sending checkin request (2014 bytes)
11-22 21:39:38.811 D/dalvikvm( 6983): GC_FOR_ALLOC freed 202K, 25% free 2335K/3080K, paused 16ms, total 16ms
11-22 21:39:38.831 V/wearable( 6983): ensureBuffersHaveSpace: increasing size from 504 to 586
11-22 21:39:38.841 V/wearable( 6983): ensureBuffersHaveSpace: increasing size from 586 to 2505
11-22 21:39:39.301 D/dalvikvm( 7248): GC_CONCURRENT freed 379K, 20% free 2500K/3100K, paused 2ms+2ms, total 21ms
11-22 21:39:39.381 I/CheckinTask( 7248): Checkin success: https://android.clients.google.com/checkin (1 requests sent)
11-22 21:39:39.391 I/CheckinService( 7248): active receiver: disabled
11-22 21:39:39.431 I/ActivityManager( 1752): Resuming delayed broadcast
11-22 21:39:39.441 I/ActivityManager( 1752): Delay finish: com.google.android.gms/.checkin.EventLogService$Receiver
11-22 21:39:39.451 I/EventLogService( 7248): Aggregate from 1416713977346 (log), 1416711928754 (data)
11-22 21:39:39.541 I/ServiceDumpSys( 7248): dumping service [account]
11-22 21:39:39.571 I/ActivityManager( 1752): Resuming delayed broadcast
11-22 21:39:39.722 D/dalvikvm( 7209): GC_CONCURRENT freed 629K, 33% free 2243K/3312K, paused 2ms+2ms, total 19ms
11-22 21:39:39.762 D/GCM     ( 7004): GcmService start Intent { act=com.google.android.checkin.CHECKIN_COMPLETE flg=0x10 cmp=com.google.android.gms/.gcm.GcmService (has extras) } com.google.android.checkin.CHECKIN_COMPLETE
11-22 21:39:41.273 W/bt-btif (24046): dm_pm_timer expires
11-22 21:39:41.273 W/bt-btif (24046): dm_pm_timer expires 0
11-22 21:39:41.273 W/bt-btif (24046): proc dm_pm_timer expires
11-22 21:39:43.623 V/MyViewAnim( 7636): redraw called while !drawingMaxHertz (source null); ignoring
11-22 21:40:59.739 D/dalvikvm( 1871): GC_FOR_ALLOC freed 2153K, 28% free 28077K/38808K, paused 47ms, total 54ms
11-22 21:40:59.749 I/ActivityManager( 1752): START u0 {act=android.intent.action.MAIN cat=[android.intent.category.HOME] flg=0x10000000 cmp=com.google.android.wearable.app/com.google.android.clockwork.home.HomeActivity (has extras)} from pid 1871 on display 0
11-22 21:40:59.779 D/mot_vr_audio_hw( 1419): dsp_recognizer_enabled = true
11-22 21:40:59.779 D/ADSPD   ( 7609): Client cmd=0x0003, size=4
11-22 21:40:59.779 D/ADSPD   ( 7609): Trying to send to dsp while in dsp in RESET
11-22 21:40:59.779 D/mot_vr_audio_hw( 1419): open_input_stream(): devices = 0x80000004, rate = 8000, channels = 0x10
11-22 21:40:59.779 D/mot_vr_audio_hw( 1419): Created resampler for 16000->8000 Hz
11-22 21:40:59.779 D/ADSPD   ( 7609): Client cmd=0x4003, size=2
11-22 21:40:59.799 D/mot_vr_audio_hw( 1419): in_read waiting for hotword
11-22 21:40:59.799 D/mot_vr_audio_hw( 1419): dsp_recognizer_enabled = false
11-22 21:40:59.799 D/ADSPD   ( 7609): Client cmd=0x0003, size=4
11-22 21:40:59.799 D/ADSPD   ( 7609): Trying to send to dsp while in dsp in RESET
11-22 21:40:59.799 W/mot_vr_audio_hw( 1419): Not allowing wake() since DSP is disabled
11-22 21:40:59.809 W/mot_vr_audio_hw( 1419): Not allowing wake() since DSP is disabled
11-22 21:40:59.829 D/ADSPD   ( 7609): Client cmd=0x4003, size=2
11-22 21:40:59.839 D/ADSPD   ( 7609): DSP no longer used, turned off here
11-22 21:40:59.839 D/mot_vr_audio_hw( 1419): Input 0xb8ebf5c8 close complete
11-22 21:40:59.979 I/ActivityManager( 1752): START u0 {act=android.intent.action.MAIN cat=[android.intent.category.HOME] flg=0x10000000 cmp=com.google.android.wearable.app/com.google.android.clockwork.home.HomeActivity (has extras)} from pid 1871 on display 0
11-22 21:40:59.989 D/mot_vr_audio_hw( 1419): dsp_recognizer_enabled = true
11-22 21:40:59.989 D/ADSPD   ( 7609): Client cmd=0x0003, size=4
11-22 21:40:59.989 D/ADSPD   ( 7609): Trying to send to dsp while in dsp in RESET
11-22 21:40:59.999 D/mot_vr_audio_hw( 1419): open_input_stream(): devices = 0x80000004, rate = 8000, channels = 0x10
11-22 21:40:59.999 D/mot_vr_audio_hw( 1419): Created resampler for 16000->8000 Hz
11-22 21:40:59.999 D/ADSPD   ( 7609): Client cmd=0x4003, size=2
11-22 21:41:00.009 D/mot_vr_audio_hw( 1419): in_read waiting for hotword
11-22 21:41:00.019 D/mot_vr_audio_hw( 1419): dsp_recognizer_enabled = false
11-22 21:41:00.019 D/ADSPD   ( 7609): Client cmd=0x0003, size=4
11-22 21:41:00.019 D/ADSPD   ( 7609): Trying to send to dsp while in dsp in RESET
11-22 21:41:00.019 W/mot_vr_audio_hw( 1419): Not allowing wake() since DSP is disabled
11-22 21:41:00.029 W/mot_vr_audio_hw( 1419): Not allowing wake() since DSP is disabled
11-22 21:41:00.049 D/ADSPD   ( 7609): Client cmd=0x4003, size=2
11-22 21:41:00.049 D/ADSPD   ( 7609): DSP no longer used, turned off here
11-22 21:41:00.049 D/mot_vr_audio_hw( 1419): Input 0xb8ebf5c8 close complete
11-22 21:41:00.390 I/Fitness ( 6978): WearableSyncServiceReceiver.onReceive
11-22 21:41:00.400 I/ActivityManager( 1752): Delay finish: com.google.android.gms/.fitness.wearables.WearableSyncServiceReceiver
11-22 21:41:00.420 D/WearableClient( 6978): WearableClientImpl.onPostInitHandler: done
11-22 21:41:00.420 I/Fitness ( 6978): syncing to node: e12e6647-0917-4594-a0b8-f42d78390f6d
11-22 21:41:00.460 I/Fitness ( 6978): syncing: 0
11-22 21:41:00.540 I/ActivityManager( 1752): Resuming delayed broadcast
11-22 21:41:02.101 W/bt-btif (24046): dm_pm_timer expires
11-22 21:41:02.101 W/bt-btif (24046): dm_pm_timer expires 0
11-22 21:41:02.101 W/bt-btif (24046): proc dm_pm_timer expires
11-22 21:41:02.141 E/TimeWrapper( 7636): wow, lots of skipped frames!
11-22 21:41:48.709 D/dalvikvm( 1871): GC_FOR_ALLOC freed 2095K, 31% free 27066K/38808K, paused 48ms, total 48ms
11-22 21:41:48.739 I/ActivityManager( 1752): START u0 {act=android.intent.action.MAIN cat=[android.intent.category.HOME] flg=0x10000000 cmp=com.google.android.wearable.app/com.google.android.clockwork.home.HomeActivity (has extras)} from pid 1871 on display 0
11-22 21:41:48.749 W/HomeRowListAdapter( 1871): onRelease() called on an unknown row.
11-22 21:41:48.749 D/mot_vr_audio_hw( 1419): dsp_recognizer_enabled = true
11-22 21:41:48.749 D/ADSPD   ( 7609): Client cmd=0x0003, size=4
11-22 21:41:48.759 D/ADSPD   ( 7609): Trying to send to dsp while in dsp in RESET
11-22 21:41:48.759 D/mot_vr_audio_hw( 1419): open_input_stream(): devices = 0x80000004, rate = 8000, channels = 0x10
11-22 21:41:48.759 D/mot_vr_audio_hw( 1419): Created resampler for 16000->8000 Hz
11-22 21:41:48.759 D/ADSPD   ( 7609): Client cmd=0x4003, size=2
11-22 21:41:48.779 D/mot_vr_audio_hw( 1419): dsp_recognizer_enabled = false
11-22 21:41:48.779 D/ADSPD   ( 7609): Client cmd=0x0003, size=4
11-22 21:41:48.779 D/ADSPD   ( 7609): Trying to send to dsp while in dsp in RESET
11-22 21:41:48.789 W/mot_vr_audio_hw( 1419): Not allowing wake() since DSP is disabled
11-22 21:41:48.799 W/mot_vr_audio_hw( 1419): Not allowing wake() since DSP is disabled
11-22 21:41:48.869 D/dalvikvm( 1752): GC_EXPLICIT freed 606K, 69% free 5466K/17280K, paused 4ms+7ms, total 61ms
11-22 21:41:48.879 D/ADSPD   ( 7609): Client cmd=0x4003, size=2
11-22 21:41:48.879 D/ADSPD   ( 7609): DSP no longer used, turned off here
11-22 21:41:48.879 D/mot_vr_audio_hw( 1419): Input 0xb8ebf5c8 close complete
11-22 21:41:48.990 D/dalvikvm( 1871): GC_CONCURRENT freed 28K, 26% free 29069K/38808K, paused 6ms+8ms, total 195ms
11-22 21:41:49.040 I/ActivityManager( 1752): START u0 {act=android.intent.action.MAIN cat=[android.intent.category.HOME] flg=0x10000000 cmp=com.google.android.wearable.app/com.google.android.clockwork.home.HomeActivity (has extras)} from pid 1871 on display 0
11-22 21:41:49.070 D/mot_vr_audio_hw( 1419): dsp_recognizer_enabled = true
11-22 21:41:49.070 D/ADSPD   ( 7609): Client cmd=0x0003, size=4
11-22 21:41:49.070 D/ADSPD   ( 7609): Trying to send to dsp while in dsp in RESET
11-22 21:41:49.070 D/mot_vr_audio_hw( 1419): open_input_stream(): devices = 0x80000004, rate = 8000, channels = 0x10
11-22 21:41:49.070 D/mot_vr_audio_hw( 1419): Created resampler for 16000->8000 Hz
11-22 21:41:49.070 D/ADSPD   ( 7609): Client cmd=0x4003, size=2
11-22 21:41:49.090 D/mot_vr_audio_hw( 1419): in_read waiting for hotword
11-22 21:41:49.090 D/mot_vr_audio_hw( 1419): dsp_recognizer_enabled = false
11-22 21:41:49.090 D/ADSPD   ( 7609): Client cmd=0x0003, size=4
11-22 21:41:49.090 D/ADSPD   ( 7609): Trying to send to dsp while in dsp in RESET
11-22 21:41:49.090 W/mot_vr_audio_hw( 1419): Not allowing wake() since DSP is disabled
11-22 21:41:49.100 W/mot_vr_audio_hw( 1419): Not allowing wake() since DSP is disabled
11-22 21:41:49.120 D/ADSPD   ( 7609): Client cmd=0x4003, size=2
11-22 21:41:49.120 D/ADSPD   ( 7609): DSP no longer used, turned off here
11-22 21:41:49.120 D/mot_vr_audio_hw( 1419): Input 0xb8ebf5c8 close complete
11-22 21:41:49.160 D/dalvikvm( 6983): GC_FOR_ALLOC freed 221K, 24% free 2349K/3080K, paused 35ms, total 36ms
11-22 21:41:50.651 W/Searchables( 1752): No global search activity found
11-22 21:41:50.651 I/InputReader( 1752): Reconfiguring input devices.  changes=0x00000010
11-22 21:41:51.182 W/bt-btif (24046): dm_pm_timer expires
11-22 21:41:51.182 W/bt-btif (24046): dm_pm_timer expires 0
11-22 21:41:51.182 W/bt-btif (24046): proc dm_pm_timer expires
11-22 21:41:51.272 D/dalvikvm( 6983): GC_FOR_ALLOC freed 316K, 24% free 2367K/3080K, paused 14ms, total 15ms
11-22 21:43:01.799 D/ConnectivityService( 1752): Sampling interval elapsed, updating statistics ..
11-22 21:43:01.809 D/ConnectivityService( 1752): Done.
11-22 21:43:01.809 D/ConnectivityService( 1752): Setting timer for 720seconds
11-22 21:43:16.149 I/FitnessWearable( 6946): Refreshing Platform Data
11-22 21:43:16.159 I/Fitness ( 6978): Account supported from cache: true
11-22 21:43:16.169 I/Fitness ( 6978): schedule to sync accounts: [dwallach@gmail.com]
11-22 21:43:16.199 D/dalvikvm( 6978): GC_CONCURRENT freed 447K, 22% free 2577K/3296K, paused 3ms+4ms, total 44ms
11-22 21:43:16.219 I/FitnessWearable( 6946): Completed query in 51 milliseconds
11-22 21:43:18.041 W/bt-btif (24046): dm_pm_timer expires
11-22 21:43:18.041 W/bt-btif (24046): dm_pm_timer expires 0
11-22 21:43:18.041 W/bt-btif (24046): proc dm_pm_timer expires
11-22 21:43:21.031 W/bt-btif (24046): dm_pm_timer expires
11-22 21:43:21.031 W/bt-btif (24046): dm_pm_timer expires 0
11-22 21:43:21.031 W/bt-btif (24046): proc dm_pm_timer expires
11-22 21:43:41.791 I/Fitness ( 6978): WearableSyncServiceReceiver.onReceive
11-22 21:43:41.841 D/WearableClient( 6978): WearableClientImpl.onPostInitHandler: done
11-22 21:43:41.841 I/Fitness ( 6978): syncing to node: e12e6647-0917-4594-a0b8-f42d78390f6d
11-22 21:43:41.921 I/Fitness ( 6978): syncing: 0
11-22 21:43:41.941 I/Fitness ( 6978): uploading 1 changes
11-22 21:43:41.941 I/Fitness ( 6978): syncing 1 points
11-22 21:43:44.063 W/bt-btif (24046): dm_pm_timer expires
11-22 21:43:44.063 W/bt-btif (24046): dm_pm_timer expires 0
11-22 21:43:44.063 W/bt-btif (24046): proc dm_pm_timer expires
11-22 21:43:46.632 V/MyViewAnim( 7636): redraw called while !drawingMaxHertz (source null); ignoring
11-22 21:43:47.042 W/bt-btif (24046): dm_pm_timer expires
11-22 21:43:47.042 W/bt-btif (24046): dm_pm_timer expires 0
11-22 21:43:47.042 W/bt-btif (24046): proc dm_pm_timer expires
11-22 21:43:52.274 I/ActivityManager( 1752): START u0 {act=android.intent.action.MAIN cat=[android.intent.category.HOME] flg=0x10000000 cmp=com.google.android.wearable.app/com.google.android.clockwork.home.HomeActivity (has extras)} from pid 1871 on display 0
11-22 21:43:52.284 W/HomeRowListAdapter( 1871): onRelease() called on an unknown row.
11-22 21:43:52.284 D/mot_vr_audio_hw( 1419): dsp_recognizer_enabled = true
11-22 21:43:52.284 D/ADSPD   ( 7609): Client cmd=0x0003, size=4
11-22 21:43:52.294 D/ADSPD   ( 7609): Trying to send to dsp while in dsp in RESET
11-22 21:43:52.294 D/mot_vr_audio_hw( 1419): open_input_stream(): devices = 0x80000004, rate = 8000, channels = 0x10
11-22 21:43:52.294 D/mot_vr_audio_hw( 1419): Created resampler for 16000->8000 Hz
11-22 21:43:52.294 D/ADSPD   ( 7609): Client cmd=0x4003, size=2
11-22 21:43:52.304 D/mot_vr_audio_hw( 1419): in_read waiting for hotword
11-22 21:43:52.314 D/mot_vr_audio_hw( 1419): dsp_recognizer_enabled = false
11-22 21:43:52.314 D/ADSPD   ( 7609): Client cmd=0x0003, size=4
11-22 21:43:52.314 D/ADSPD   ( 7609): Trying to send to dsp while in dsp in RESET
11-22 21:43:52.314 W/mot_vr_audio_hw( 1419): Not allowing wake() since DSP is disabled
11-22 21:43:52.324 W/mot_vr_audio_hw( 1419): Not allowing wake() since DSP is disabled
11-22 21:43:52.344 D/ADSPD   ( 7609): Client cmd=0x4003, size=2
11-22 21:43:52.344 D/ADSPD   ( 7609): DSP no longer used, turned off here
11-22 21:43:52.344 D/mot_vr_audio_hw( 1419): Input 0xb8ebf5c8 close complete
11-22 21:43:54.396 W/bt-btif (24046): dm_pm_timer expires
11-22 21:43:54.396 W/bt-btif (24046): dm_pm_timer expires 0
11-22 21:43:54.396 W/bt-btif (24046): proc dm_pm_timer expires
11-22 21:43:54.416 E/TimeWrapper( 7636): wow, lots of skipped frames!
11-22 21:43:57.067 W/bt-btif (24046): dm_pm_timer expires
11-22 21:43:57.067 W/bt-btif (24046): dm_pm_timer expires 0
11-22 21:43:57.067 W/bt-btif (24046): proc dm_pm_timer expires
11-22 21:43:58.159 D/dalvikvm( 6946): GC_CONCURRENT freed 375K, 22% free 2290K/2900K, paused 2ms+1ms, total 18ms
11-22 21:43:58.159 I/FitnessWearable( 6946): Refreshing Platform Data
11-22 21:43:58.179 I/Fitness ( 6978): Account supported from cache: true
11-22 21:43:58.179 I/Fitness ( 6978): schedule to sync accounts: [dwallach@gmail.com]
11-22 21:43:58.219 I/FitnessWearable( 6946): Completed query in 34 milliseconds
11-22 21:44:00.041 W/bt-btif (24046): dm_pm_timer expires
11-22 21:44:00.041 W/bt-btif (24046): dm_pm_timer expires 0
11-22 21:44:00.041 W/bt-btif (24046): proc dm_pm_timer expires
11-22 21:44:43.789 I/Fitness ( 6978): WearableSyncServiceReceiver.onReceive
11-22 21:44:43.839 D/WearableClient( 6978): WearableClientImpl.onPostInitHandler: done
11-22 21:44:43.839 I/Fitness ( 6978): syncing to node: e12e6647-0917-4594-a0b8-f42d78390f6d
11-22 21:44:43.949 I/Fitness ( 6978): syncing: 0
11-22 21:44:43.959 D/dalvikvm( 6978): GC_CONCURRENT freed 346K, 21% free 2624K/3288K, paused 13ms+8ms, total 57ms
11-22 22:00:01.819 I/ActivityManager( 1752): Delay finish: com.motorola.targetnotif/com.motorola.omni.NotificationAlarmReceiver
11-22 22:00:01.819 I/ActivityManager( 1752): Resuming delayed broadcast
11-22 22:00:01.859 D/ConnectivityService( 1752): Sampling interval elapsed, updating statistics ..
11-22 22:00:01.859 D/ConnectivityService( 1752): Done.
11-22 22:00:01.859 D/ConnectivityService( 1752): Setting timer for 720seconds
11-22 22:00:01.869 I/Fitness ( 6978): WearableSyncServiceReceiver.onReceive
11-22 22:00:01.879 I/ActivityManager( 1752): Delay finish: com.google.android.gms/.fitness.wearables.WearableSyncServiceReceiver
11-22 22:00:01.889 D/WearableClient( 6978): WearableClientImpl.onPostInitHandler: done
11-22 22:00:01.899 I/Fitness ( 6978): syncing to node: e12e6647-0917-4594-a0b8-f42d78390f6d
11-22 22:00:01.949 I/Fitness ( 6978): syncing: 0
11-22 22:00:02.019 I/ActivityManager( 1752): Resuming delayed broadcast
11-22 22:00:02.109 V/WearReceiverService( 7636): message received!
11-22 22:00:02.119 V/ClockFace( 7636): clearing caches
11-22 22:00:02.119 V/ClockState( 7636): clipping 1 raw events to fit the screen
11-22 22:00:02.119 V/ClockState( 7636): maxLevel for new events: 10000
11-22 22:00:02.119 V/ClockState( 7636): number of new events: 0
11-22 22:00:02.119 V/MyViewAnim( 7636): update from ClockState
11-22 22:00:02.119 V/MyViewAnim( 7636): draw thread desired: true
11-22 22:00:02.119 V/ClockFace( 7636): clearing caches
11-22 22:00:02.119 V/MyViewAnim( 7636): update from ClockState
11-22 22:00:02.119 V/MyViewAnim( 7636): draw thread desired: true
11-22 22:00:02.119 V/ClockFace( 7636): clearing caches
11-22 22:00:02.119 V/MyViewAnim( 7636): update from ClockState
11-22 22:00:02.119 V/MyViewAnim( 7636): draw thread desired: true
11-22 22:00:02.119 V/ClockFace( 7636): clearing caches
11-22 22:00:02.119 V/MyViewAnim( 7636): update from ClockState
11-22 22:00:02.119 V/MyViewAnim( 7636): draw thread desired: true
11-22 22:00:02.119 V/ClockState( 7636): new calendar event list, 1 entries
11-22 22:00:02.119 V/ClockFace( 7636): clearing caches
11-22 22:00:02.119 V/MyViewAnim( 7636): update from ClockState
11-22 22:00:02.119 V/MyViewAnim( 7636): draw thread desired: true
11-22 22:00:02.119 V/ClockFace( 7636): clearing caches
11-22 22:00:02.119 V/MyViewAnim( 7636): update from ClockState
11-22 22:00:02.119 V/MyViewAnim( 7636): draw thread desired: true
11-22 22:00:02.119 V/ClockFace( 7636): clearing caches
11-22 22:00:02.119 V/MyViewAnim( 7636): update from ClockState
11-22 22:00:02.119 V/MyViewAnim( 7636): draw thread desired: true
11-22 22:00:02.119 V/ClockFace( 7636): clearing caches
11-22 22:00:02.119 V/MyViewAnim( 7636): update from ClockState
11-22 22:00:02.119 V/MyViewAnim( 7636): draw thread desired: true
11-22 22:00:02.119 V/ClockState( 7636): event update complete
11-22 22:00:02.129 V/WearReceiverService( 7636): savePreferences
11-22 22:00:02.179 D/dalvikvm( 7636): GC_CONCURRENT freed 468K, 21% free 2641K/3324K, paused 3ms+17ms, total 68ms
11-22 22:00:02.279 D/WearApiHelper( 7209): sendMessage: /SYNC_NEEDED
11-22 22:00:02.289 D/WearApiHelper( 7209): Not connected waiting connection
11-22 22:00:02.299 D/WearableClient( 7209): WearableClientImpl.onPostInitHandler: done
11-22 22:00:02.299 D/WearApiHelper( 7209): Finally connected! Sending message: /SYNC_NEEDED
11-22 22:00:02.309 D/WearApiHelper( 7209): Stack 0
11-22 22:00:02.329 D/dalvikvm( 6983): GC_CONCURRENT freed 380K, 23% free 2372K/3080K, paused 1ms+1ms, total 21ms
11-22 22:00:02.469 D/dalvikvm( 7209): GC_FOR_ALLOC freed 124K, 28% free 2226K/3056K, paused 12ms, total 12ms
11-22 22:00:02.469 I/dalvikvm-heap( 7209): Grow heap (frag case) to 2.616MB for 262160-byte allocation
11-22 22:00:02.489 D/dalvikvm( 7209): GC_FOR_ALLOC freed 2K, 26% free 2480K/3316K, paused 14ms, total 14ms
11-22 22:00:02.539 V/wearable( 6983): ensureBuffersHaveSpace: increasing size from 2505 to 13517
11-22 22:00:02.580 D/dalvikvm( 6983): GC_FOR_ALLOC freed 169K, 24% free 2369K/3080K, paused 28ms, total 29ms
11-22 22:00:02.680 D/dalvikvm( 6983): GC_FOR_ALLOC freed 95K, 24% free 2367K/3080K, paused 36ms, total 46ms
11-22 22:00:03.120 D/dalvikvm( 6983): GC_FOR_ALLOC freed 106K, 24% free 2366K/3080K, paused 147ms, total 148ms
11-22 22:00:03.350 D/dalvikvm( 6983): GC_FOR_ALLOC freed 104K, 24% free 2365K/3080K, paused 22ms, total 22ms
11-22 22:00:03.540 D/dalvikvm( 6983): GC_FOR_ALLOC freed 100K, 24% free 2365K/3080K, paused 24ms, total 25ms
11-22 22:00:03.871 V/MyViewAnim( 7636): redraw called while !drawingMaxHertz (source null); ignoring
11-22 22:00:03.971 D/dalvikvm( 6983): GC_FOR_ALLOC freed 125K, 24% free 2352K/3080K, paused 36ms, total 37ms
11-22 22:00:04.181 D/dalvikvm( 6983): GC_FOR_ALLOC freed 101K, 24% free 2364K/3080K, paused 22ms, total 23ms
11-22 22:00:04.411 D/dalvikvm( 6983): GC_FOR_ALLOC freed 100K, 24% free 2364K/3080K, paused 26ms, total 27ms
11-22 22:00:04.682 D/dalvikvm( 6983): GC_FOR_ALLOC freed 100K, 24% free 2364K/3080K, paused 39ms, total 40ms
11-22 22:00:04.902 D/dalvikvm( 6983): GC_FOR_ALLOC freed 100K, 24% free 2364K/3080K, paused 46ms, total 58ms
11-22 22:00:07.224 E/TimeWrapper( 7636): wow, lots of skipped frames!
11-22 22:00:07.294 W/bt-btif (24046): dm_pm_timer expires
11-22 22:00:07.294 W/bt-btif (24046): dm_pm_timer expires 0
11-22 22:00:07.294 W/bt-btif (24046): proc dm_pm_timer expires
11-22 22:00:07.314 D/WearApiHelper( 7209): Disconnecting
11-22 22:00:10.038 W/bt-btif (24046): dm_pm_timer expires
11-22 22:00:10.048 W/bt-btif (24046): dm_pm_timer expires 0
11-22 22:00:10.048 W/bt-btif (24046): proc dm_pm_timer expires
11-22 22:02:43.829 D/dalvikvm( 6946): GC_CONCURRENT freed 439K, 23% free 2260K/2900K, paused 1ms+1ms, total 41ms
11-22 22:13:17.178 I/FitnessWearable( 6946): Refreshing Platform Data
11-22 22:13:17.198 I/Fitness ( 6978): Account supported from server: true
11-22 22:13:17.198 I/Fitness ( 6978): schedule to sync accounts: [dwallach@gmail.com]
11-22 22:13:17.238 I/FitnessWearable( 6946): Completed query in 37 milliseconds
11-22 22:13:19.070 W/bt-btif (24046): dm_pm_timer expires
11-22 22:13:19.070 W/bt-btif (24046): dm_pm_timer expires 0
11-22 22:13:19.070 W/bt-btif (24046): proc dm_pm_timer expires
11-22 22:13:59.799 I/ActivityManager( 1752): Delay finish: com.motorola.targetnotif/com.motorola.omni.NotificationAlarmReceiver
11-22 22:13:59.809 I/ActivityManager( 1752): Resuming delayed broadcast
11-22 22:13:59.819 I/Fitness ( 6978): WearableSyncServiceReceiver.onReceive
11-22 22:13:59.819 D/ConnectivityService( 1752): Sampling interval elapsed, updating statistics ..
11-22 22:13:59.829 D/ConnectivityService( 1752): Done.
11-22 22:13:59.839 D/ConnectivityService( 1752): Setting timer for 720seconds
11-22 22:13:59.859 I/EventLogService( 7248): Aggregate from 1416713979463 (log), 1416713979463 (data)
11-22 22:13:59.889 D/WearableClient( 6978): WearableClientImpl.onPostInitHandler: done
11-22 22:13:59.899 I/Fitness ( 6978): syncing to node: e12e6647-0917-4594-a0b8-f42d78390f6d
11-22 22:13:59.989 I/Fitness ( 6978): syncing: 0
11-22 22:14:00.269 I/ServiceDumpSys( 7248): dumping service [account]
11-22 22:14:00.359 D/dalvikvm( 1752): GC_CONCURRENT freed 796K, 69% free 5493K/17280K, paused 7ms+8ms, total 91ms
11-22 22:14:43.849 D/dalvikvm( 6946): GC_CONCURRENT freed 387K, 22% free 2269K/2900K, paused 2ms+1ms, total 56ms
11-22 22:18:44.159 V/MyViewAnim( 7636): redraw called while !drawingMaxHertz (source null); ignoring
11-22 22:24:44.189 E/TimeWrapper( 7636): wow, lots of skipped frames!
11-22 22:29:30.689 D/dalvikvm( 6946): GC_CONCURRENT freed 369K, 22% free 2290K/2900K, paused 2ms+1ms, total 19ms
11-22 22:29:30.729 I/FitnessWearable( 6946): Refreshing Platform Data
11-22 22:29:30.739 I/Fitness ( 6978): Account supported from cache: true
11-22 22:29:30.739 I/Fitness ( 6978): schedule to sync accounts: [dwallach@gmail.com]
11-22 22:29:30.769 I/FitnessWearable( 6946): Completed query in 32 milliseconds
11-22 22:29:32.601 W/bt-btif (24046): dm_pm_timer expires
11-22 22:29:32.601 W/bt-btif (24046): dm_pm_timer expires 0
11-22 22:29:32.601 W/bt-btif (24046): proc dm_pm_timer expires
11-22 22:29:47.060 I/Fitness ( 6978): WearableSyncServiceReceiver.onReceive
11-22 22:29:47.090 D/WearableClient( 6978): WearableClientImpl.onPostInitHandler: done
11-22 22:29:47.101 I/Fitness ( 6978): syncing to node: e12e6647-0917-4594-a0b8-f42d78390f6d
11-22 22:29:47.151 I/Fitness ( 6978): syncing: 0
11-22 22:29:47.241 D/dalvikvm( 6978): GC_CONCURRENT freed 357K, 20% free 2660K/3288K, paused 3ms+2ms, total 55ms
11-22 22:29:47.301 I/FitnessWearable( 6946): Refreshing Platform Data
11-22 22:29:47.321 I/Fitness ( 6978): Account supported from cache: true
11-22 22:29:47.321 I/Fitness ( 6978): schedule to sync accounts: [dwallach@gmail.com]
11-22 22:29:47.331 I/FitnessWearable( 6946): Completed query in 9 milliseconds
11-22 22:29:49.092 W/bt-btif (24046): dm_pm_timer expires
11-22 22:29:49.092 W/bt-btif (24046): dm_pm_timer expires 0
11-22 22:29:49.092 W/bt-btif (24046): proc dm_pm_timer expires
11-22 22:31:47.789 I/Fitness ( 6978): WearableSyncServiceReceiver.onReceive
11-22 22:31:47.829 I/ActivityManager( 1752): Delay finish: com.motorola.targetnotif/com.motorola.omni.NotificationAlarmReceiver
11-22 22:31:47.839 I/ActivityManager( 1752): Resuming delayed broadcast
11-22 22:31:47.869 D/WearableClient( 6978): WearableClientImpl.onPostInitHandler: done
11-22 22:31:47.879 I/Fitness ( 6978): syncing to node: e12e6647-0917-4594-a0b8-f42d78390f6d
11-22 22:31:47.889 D/ConnectivityService( 1752): Sampling interval elapsed, updating statistics ..
11-22 22:31:47.929 D/ConnectivityService( 1752): Done.
11-22 22:31:47.929 D/ConnectivityService( 1752): Setting timer for 720seconds
11-22 22:31:47.999 I/Fitness ( 6978): syncing: 0
11-22 22:31:48.159 D/SensorHAL( 1752): adjustSensorHandle: handle = 9 adjustedHandle = 1
11-22 22:31:48.159 D/SensorHAL( 1752): adjustSensorHandle: handle = 9 adjustedHandle = 1
11-22 22:31:48.169 D/SensorHAL( 1752): adjustSensorHandle: handle = 9 adjustedHandle = 1
11-22 22:35:45.649 V/WearReceiverService( 7636): message received!
11-22 22:35:45.649 V/ClockFace( 7636): clearing caches
11-22 22:35:45.649 V/ClockState( 7636): clipping 1 raw events to fit the screen
11-22 22:35:45.649 V/ClockState( 7636): maxLevel for new events: 10000
11-22 22:35:45.649 V/ClockState( 7636): number of new events: 0
11-22 22:35:45.649 V/MyViewAnim( 7636): update from ClockState
11-22 22:35:45.649 V/MyViewAnim( 7636): draw thread desired: true
11-22 22:35:45.649 V/ClockFace( 7636): clearing caches
11-22 22:35:45.649 V/MyViewAnim( 7636): update from ClockState
11-22 22:35:45.649 V/MyViewAnim( 7636): draw thread desired: true
11-22 22:35:45.649 V/ClockFace( 7636): clearing caches
11-22 22:35:45.649 V/MyViewAnim( 7636): update from ClockState
11-22 22:35:45.649 V/MyViewAnim( 7636): draw thread desired: true
11-22 22:35:45.649 V/ClockFace( 7636): clearing caches
11-22 22:35:45.649 V/MyViewAnim( 7636): update from ClockState
11-22 22:35:45.649 V/MyViewAnim( 7636): draw thread desired: true
11-22 22:35:45.649 V/ClockState( 7636): new calendar event list, 1 entries
11-22 22:35:45.649 V/ClockFace( 7636): clearing caches
11-22 22:35:45.649 V/MyViewAnim( 7636): update from ClockState
11-22 22:35:45.649 V/MyViewAnim( 7636): draw thread desired: true
11-22 22:35:45.649 V/ClockFace( 7636): clearing caches
11-22 22:35:45.649 V/MyViewAnim( 7636): update from ClockState
11-22 22:35:45.649 V/MyViewAnim( 7636): draw thread desired: true
11-22 22:35:45.649 V/ClockFace( 7636): clearing caches
11-22 22:35:45.649 V/MyViewAnim( 7636): update from ClockState
11-22 22:35:45.649 V/MyViewAnim( 7636): draw thread desired: true
11-22 22:35:45.649 V/ClockFace( 7636): clearing caches
11-22 22:35:45.649 V/MyViewAnim( 7636): update from ClockState
11-22 22:35:45.649 V/MyViewAnim( 7636): draw thread desired: true
11-22 22:35:45.649 V/ClockState( 7636): event update complete
11-22 22:35:45.649 V/WearReceiverService( 7636): savePreferences
11-22 22:35:46.060 V/WearReceiverService( 7636): message received!
11-22 22:35:46.070 V/ClockFace( 7636): clearing caches
11-22 22:35:46.070 V/ClockState( 7636): clipping 1 raw events to fit the screen
11-22 22:35:46.070 V/ClockState( 7636): maxLevel for new events: 10000
11-22 22:35:46.070 V/ClockState( 7636): number of new events: 0
11-22 22:35:46.070 V/MyViewAnim( 7636): update from ClockState
11-22 22:35:46.070 V/MyViewAnim( 7636): draw thread desired: true
11-22 22:35:46.070 V/ClockFace( 7636): clearing caches
11-22 22:35:46.070 V/MyViewAnim( 7636): update from ClockState
11-22 22:35:46.070 V/MyViewAnim( 7636): draw thread desired: true
11-22 22:35:46.070 V/ClockFace( 7636): clearing caches
11-22 22:35:46.070 V/MyViewAnim( 7636): update from ClockState
11-22 22:35:46.070 V/MyViewAnim( 7636): draw thread desired: true
11-22 22:35:46.080 V/ClockFace( 7636): clearing caches
11-22 22:35:46.080 V/MyViewAnim( 7636): update from ClockState
11-22 22:35:46.080 V/MyViewAnim( 7636): draw thread desired: true
11-22 22:35:46.080 V/ClockState( 7636): new calendar event list, 1 entries
11-22 22:35:46.080 V/ClockFace( 7636): clearing caches
11-22 22:35:46.080 V/MyViewAnim( 7636): update from ClockState
11-22 22:35:46.080 V/MyViewAnim( 7636): draw thread desired: true
11-22 22:35:46.080 V/ClockFace( 7636): clearing caches
11-22 22:35:46.080 V/MyViewAnim( 7636): update from ClockState
11-22 22:35:46.080 V/MyViewAnim( 7636): draw thread desired: true
11-22 22:35:46.080 V/ClockFace( 7636): clearing caches
11-22 22:35:46.080 V/MyViewAnim( 7636): update from ClockState
11-22 22:35:46.080 V/MyViewAnim( 7636): draw thread desired: true
11-22 22:35:46.080 V/ClockFace( 7636): clearing caches
11-22 22:35:46.080 V/MyViewAnim( 7636): update from ClockState
11-22 22:35:46.080 V/MyViewAnim( 7636): draw thread desired: true
11-22 22:35:46.080 V/ClockState( 7636): event update complete
11-22 22:35:46.080 V/WearReceiverService( 7636): savePreferences
11-22 22:35:46.510 V/WearReceiverService( 7636): message received!
11-22 22:35:46.530 V/ClockFace( 7636): clearing caches
11-22 22:35:46.530 V/ClockState( 7636): clipping 1 raw events to fit the screen
11-22 22:35:46.530 V/ClockState( 7636): maxLevel for new events: 10000
11-22 22:35:46.530 V/ClockState( 7636): number of new events: 0
11-22 22:35:46.530 V/MyViewAnim( 7636): update from ClockState
11-22 22:35:46.530 V/MyViewAnim( 7636): draw thread desired: true
11-22 22:35:46.530 V/ClockFace( 7636): clearing caches
11-22 22:35:46.530 V/MyViewAnim( 7636): update from ClockState
11-22 22:35:46.530 V/MyViewAnim( 7636): draw thread desired: true
11-22 22:35:46.530 V/ClockFace( 7636): clearing caches
11-22 22:35:46.530 V/MyViewAnim( 7636): update from ClockState
11-22 22:35:46.530 V/MyViewAnim( 7636): draw thread desired: true
11-22 22:35:46.530 V/ClockFace( 7636): clearing caches
11-22 22:35:46.530 V/MyViewAnim( 7636): update from ClockState
11-22 22:35:46.530 V/MyViewAnim( 7636): draw thread desired: true
11-22 22:35:46.530 V/ClockState( 7636): new calendar event list, 1 entries
11-22 22:35:46.530 V/ClockFace( 7636): clearing caches
11-22 22:35:46.530 V/MyViewAnim( 7636): update from ClockState
11-22 22:35:46.530 V/MyViewAnim( 7636): draw thread desired: true
11-22 22:35:46.530 V/ClockFace( 7636): clearing caches
11-22 22:35:46.530 V/MyViewAnim( 7636): update from ClockState
11-22 22:35:46.530 V/MyViewAnim( 7636): draw thread desired: true
11-22 22:35:46.530 V/ClockFace( 7636): clearing caches
11-22 22:35:46.530 V/MyViewAnim( 7636): update from ClockState
11-22 22:35:46.530 V/MyViewAnim( 7636): draw thread desired: true
11-22 22:35:46.530 V/ClockFace( 7636): clearing caches
11-22 22:35:46.530 V/MyViewAnim( 7636): update from ClockState
11-22 22:35:46.530 V/MyViewAnim( 7636): draw thread desired: true
11-22 22:35:46.530 V/ClockState( 7636): event update complete
11-22 22:35:46.530 V/WearReceiverService( 7636): savePreferences
11-22 22:35:46.800 V/WearReceiverService( 7636): message received!
11-22 22:35:46.810 V/ClockFace( 7636): clearing caches
11-22 22:35:46.810 V/ClockState( 7636): clipping 1 raw events to fit the screen
11-22 22:35:46.810 V/ClockState( 7636): maxLevel for new events: 10000
11-22 22:35:46.810 V/ClockState( 7636): number of new events: 0
11-22 22:35:46.810 V/MyViewAnim( 7636): update from ClockState
11-22 22:35:46.810 V/MyViewAnim( 7636): draw thread desired: true
11-22 22:35:46.810 V/ClockFace( 7636): clearing caches
11-22 22:35:46.810 V/MyViewAnim( 7636): update from ClockState
11-22 22:35:46.810 V/MyViewAnim( 7636): draw thread desired: true
11-22 22:35:46.810 V/ClockFace( 7636): clearing caches
11-22 22:35:46.810 V/MyViewAnim( 7636): update from ClockState
11-22 22:35:46.810 V/MyViewAnim( 7636): draw thread desired: true
11-22 22:35:46.810 V/ClockFace( 7636): clearing caches
11-22 22:35:46.810 V/MyViewAnim( 7636): update from ClockState
11-22 22:35:46.810 V/MyViewAnim( 7636): draw thread desired: true
11-22 22:35:46.810 V/ClockState( 7636): new calendar event list, 1 entries
11-22 22:35:46.810 V/ClockFace( 7636): clearing caches
11-22 22:35:46.810 V/MyViewAnim( 7636): update from ClockState
11-22 22:35:46.810 V/MyViewAnim( 7636): draw thread desired: true
11-22 22:35:46.810 V/ClockFace( 7636): clearing caches
11-22 22:35:46.810 V/MyViewAnim( 7636): update from ClockState
11-22 22:35:46.810 V/MyViewAnim( 7636): draw thread desired: true
11-22 22:35:46.810 V/ClockFace( 7636): clearing caches
11-22 22:35:46.810 V/MyViewAnim( 7636): update from ClockState
11-22 22:35:46.810 V/MyViewAnim( 7636): draw thread desired: true
11-22 22:35:46.810 V/ClockFace( 7636): clearing caches
11-22 22:35:46.810 V/MyViewAnim( 7636): update from ClockState
11-22 22:35:46.810 V/MyViewAnim( 7636): draw thread desired: true
11-22 22:35:46.810 V/ClockState( 7636): event update complete
11-22 22:35:46.810 V/WearReceiverService( 7636): savePreferences
11-22 22:35:47.321 V/WearReceiverService( 7636): message received!
11-22 22:35:47.341 V/ClockFace( 7636): clearing caches
11-22 22:35:47.341 V/ClockState( 7636): clipping 1 raw events to fit the screen
11-22 22:35:47.341 V/ClockState( 7636): maxLevel for new events: 10000
11-22 22:35:47.341 V/ClockState( 7636): number of new events: 0
11-22 22:35:47.341 V/MyViewAnim( 7636): update from ClockState
11-22 22:35:47.341 V/MyViewAnim( 7636): draw thread desired: true
11-22 22:35:47.341 V/ClockFace( 7636): clearing caches
11-22 22:35:47.341 V/MyViewAnim( 7636): update from ClockState
11-22 22:35:47.341 V/MyViewAnim( 7636): draw thread desired: true
11-22 22:35:47.341 V/ClockFace( 7636): clearing caches
11-22 22:35:47.341 V/MyViewAnim( 7636): update from ClockState
11-22 22:35:47.341 V/MyViewAnim( 7636): draw thread desired: true
11-22 22:35:47.341 V/ClockFace( 7636): clearing caches
11-22 22:35:47.341 V/MyViewAnim( 7636): update from ClockState
11-22 22:35:47.341 V/MyViewAnim( 7636): draw thread desired: true
11-22 22:35:47.341 V/ClockState( 7636): new calendar event list, 1 entries
11-22 22:35:47.341 V/ClockFace( 7636): clearing caches
11-22 22:35:47.341 V/MyViewAnim( 7636): update from ClockState
11-22 22:35:47.341 V/MyViewAnim( 7636): draw thread desired: true
11-22 22:35:47.341 V/ClockFace( 7636): clearing caches
11-22 22:35:47.341 V/MyViewAnim( 7636): update from ClockState
11-22 22:35:47.341 V/MyViewAnim( 7636): draw thread desired: true
11-22 22:35:47.341 V/ClockFace( 7636): clearing caches
11-22 22:35:47.341 V/MyViewAnim( 7636): update from ClockState
11-22 22:35:47.341 V/MyViewAnim( 7636): draw thread desired: true
11-22 22:35:47.341 V/ClockFace( 7636): clearing caches
11-22 22:35:47.341 V/MyViewAnim( 7636): update from ClockState
11-22 22:35:47.341 V/MyViewAnim( 7636): draw thread desired: true
11-22 22:35:47.341 V/ClockState( 7636): event update complete
11-22 22:35:47.341 V/WearReceiverService( 7636): savePreferences
11-22 22:35:47.791 V/WearReceiverService( 7636): message received!
11-22 22:35:47.811 V/ClockFace( 7636): clearing caches
11-22 22:35:47.811 V/ClockState( 7636): clipping 1 raw events to fit the screen
11-22 22:35:47.811 V/ClockState( 7636): maxLevel for new events: 10000
11-22 22:35:47.811 V/ClockState( 7636): number of new events: 0
11-22 22:35:47.811 V/MyViewAnim( 7636): update from ClockState
11-22 22:35:47.811 V/MyViewAnim( 7636): draw thread desired: true
11-22 22:35:47.811 V/ClockFace( 7636): clearing caches
11-22 22:35:47.811 V/MyViewAnim( 7636): update from ClockState
11-22 22:35:47.811 V/MyViewAnim( 7636): draw thread desired: true
11-22 22:35:47.811 V/ClockFace( 7636): clearing caches
11-22 22:35:47.811 V/MyViewAnim( 7636): update from ClockState
11-22 22:35:47.811 V/MyViewAnim( 7636): draw thread desired: true
11-22 22:35:47.811 V/ClockFace( 7636): clearing caches
11-22 22:35:47.811 V/MyViewAnim( 7636): update from ClockState
11-22 22:35:47.811 V/MyViewAnim( 7636): draw thread desired: true
11-22 22:35:47.811 V/ClockState( 7636): new calendar event list, 1 entries
11-22 22:35:47.811 V/ClockFace( 7636): clearing caches
11-22 22:35:47.811 V/MyViewAnim( 7636): update from ClockState
11-22 22:35:47.811 V/MyViewAnim( 7636): draw thread desired: true
11-22 22:35:47.811 V/ClockFace( 7636): clearing caches
11-22 22:35:47.811 V/MyViewAnim( 7636): update from ClockState
11-22 22:35:47.811 V/MyViewAnim( 7636): draw thread desired: true
11-22 22:35:47.811 V/ClockFace( 7636): clearing caches
11-22 22:35:47.811 V/MyViewAnim( 7636): update from ClockState
11-22 22:35:47.811 V/MyViewAnim( 7636): draw thread desired: true
11-22 22:35:47.811 V/ClockFace( 7636): clearing caches
11-22 22:35:47.811 V/MyViewAnim( 7636): update from ClockState
11-22 22:35:47.811 V/MyViewAnim( 7636): draw thread desired: true
11-22 22:35:47.811 V/ClockState( 7636): event update complete
11-22 22:35:47.811 V/WearReceiverService( 7636): savePreferences
11-22 22:35:48.432 V/WearReceiverService( 7636): message received!
11-22 22:35:48.442 V/ClockFace( 7636): clearing caches
11-22 22:35:48.442 V/ClockState( 7636): clipping 1 raw events to fit the screen
11-22 22:35:48.442 V/ClockState( 7636): maxLevel for new events: 10000
11-22 22:35:48.442 V/ClockState( 7636): number of new events: 0
11-22 22:35:48.442 V/MyViewAnim( 7636): update from ClockState
11-22 22:35:48.442 V/MyViewAnim( 7636): draw thread desired: true
11-22 22:35:48.442 V/ClockFace( 7636): clearing caches
11-22 22:35:48.442 V/MyViewAnim( 7636): update from ClockState
11-22 22:35:48.442 V/MyViewAnim( 7636): draw thread desired: true
11-22 22:35:48.442 V/ClockFace( 7636): clearing caches
11-22 22:35:48.442 V/MyViewAnim( 7636): update from ClockState
11-22 22:35:48.442 V/MyViewAnim( 7636): draw thread desired: true
11-22 22:35:48.442 V/ClockFace( 7636): clearing caches
11-22 22:35:48.442 V/MyViewAnim( 7636): update from ClockState
11-22 22:35:48.442 V/MyViewAnim( 7636): draw thread desired: true
11-22 22:35:48.442 V/ClockState( 7636): new calendar event list, 1 entries
11-22 22:35:48.442 V/ClockFace( 7636): clearing caches
11-22 22:35:48.442 V/MyViewAnim( 7636): update from ClockState
11-22 22:35:48.442 V/MyViewAnim( 7636): draw thread desired: true
11-22 22:35:48.442 V/ClockFace( 7636): clearing caches
11-22 22:35:48.442 V/MyViewAnim( 7636): update from ClockState
11-22 22:35:48.442 V/MyViewAnim( 7636): draw thread desired: true
11-22 22:35:48.442 V/ClockFace( 7636): clearing caches
11-22 22:35:48.442 V/MyViewAnim( 7636): update from ClockState
11-22 22:35:48.442 V/MyViewAnim( 7636): draw thread desired: true
11-22 22:35:48.442 V/ClockFace( 7636): clearing caches
11-22 22:35:48.442 V/MyViewAnim( 7636): update from ClockState
11-22 22:35:48.442 V/MyViewAnim( 7636): draw thread desired: true
11-22 22:35:48.442 V/ClockState( 7636): event update complete
11-22 22:35:48.442 V/WearReceiverService( 7636): savePreferences
11-22 22:35:48.462 V/WearReceiverService( 7636): message received!
11-22 22:35:48.462 V/ClockFace( 7636): clearing caches
11-22 22:35:48.462 V/ClockState( 7636): clipping 1 raw events to fit the screen
11-22 22:35:48.462 V/ClockState( 7636): maxLevel for new events: 10000
11-22 22:35:48.462 V/ClockState( 7636): number of new events: 0
11-22 22:35:48.462 V/MyViewAnim( 7636): update from ClockState
11-22 22:35:48.462 V/MyViewAnim( 7636): draw thread desired: true
11-22 22:35:48.462 V/ClockFace( 7636): clearing caches
11-22 22:35:48.462 V/MyViewAnim( 7636): update from ClockState
11-22 22:35:48.462 V/MyViewAnim( 7636): draw thread desired: true
11-22 22:35:48.462 V/ClockFace( 7636): clearing caches
11-22 22:35:48.462 V/MyViewAnim( 7636): update from ClockState
11-22 22:35:48.462 V/MyViewAnim( 7636): draw thread desired: true
11-22 22:35:48.462 V/ClockFace( 7636): clearing caches
11-22 22:35:48.462 V/MyViewAnim( 7636): update from ClockState
11-22 22:35:48.462 V/MyViewAnim( 7636): draw thread desired: true
11-22 22:35:48.462 V/ClockState( 7636): new calendar event list, 1 entries
11-22 22:35:48.462 V/ClockFace( 7636): clearing caches
11-22 22:35:48.462 V/MyViewAnim( 7636): update from ClockState
11-22 22:35:48.462 V/MyViewAnim( 7636): draw thread desired: true
11-22 22:35:48.462 V/ClockFace( 7636): clearing caches
11-22 22:35:48.462 V/MyViewAnim( 7636): update from ClockState
11-22 22:35:48.462 V/MyViewAnim( 7636): draw thread desired: true
11-22 22:35:48.462 V/ClockFace( 7636): clearing caches
11-22 22:35:48.462 V/MyViewAnim( 7636): update from ClockState
11-22 22:35:48.462 V/MyViewAnim( 7636): draw thread desired: true
11-22 22:35:48.462 V/ClockFace( 7636): clearing caches
11-22 22:35:48.462 V/MyViewAnim( 7636): update from ClockState
11-22 22:35:48.462 V/MyViewAnim( 7636): draw thread desired: true
11-22 22:35:48.462 V/ClockState( 7636): event update complete
11-22 22:35:48.462 V/WearReceiverService( 7636): savePreferences
11-22 22:35:48.762 V/WearReceiverService( 7636): message received!
11-22 22:35:48.772 V/ClockFace( 7636): clearing caches
11-22 22:35:48.772 V/ClockState( 7636): clipping 1 raw events to fit the screen
11-22 22:35:48.772 V/ClockState( 7636): maxLevel for new events: 10000
11-22 22:35:48.772 V/ClockState( 7636): number of new events: 0
11-22 22:35:48.772 V/MyViewAnim( 7636): update from ClockState
11-22 22:35:48.772 V/MyViewAnim( 7636): draw thread desired: true
11-22 22:35:48.772 V/ClockFace( 7636): clearing caches
11-22 22:35:48.772 V/MyViewAnim( 7636): update from ClockState
11-22 22:35:48.772 V/MyViewAnim( 7636): draw thread desired: true
11-22 22:35:48.772 V/ClockFace( 7636): clearing caches
11-22 22:35:48.772 V/MyViewAnim( 7636): update from ClockState
11-22 22:35:48.772 V/MyViewAnim( 7636): draw thread desired: true
11-22 22:35:48.772 V/ClockFace( 7636): clearing caches
11-22 22:35:48.772 V/MyViewAnim( 7636): update from ClockState
11-22 22:35:48.772 V/MyViewAnim( 7636): draw thread desired: true
11-22 22:35:48.772 V/ClockState( 7636): new calendar event list, 1 entries
11-22 22:35:48.772 V/ClockFace( 7636): clearing caches
11-22 22:35:48.772 V/MyViewAnim( 7636): update from ClockState
11-22 22:35:48.772 V/MyViewAnim( 7636): draw thread desired: true
11-22 22:35:48.772 V/ClockFace( 7636): clearing caches
11-22 22:35:48.772 V/MyViewAnim( 7636): update from ClockState
11-22 22:35:48.772 V/MyViewAnim( 7636): draw thread desired: true
11-22 22:35:48.772 V/ClockFace( 7636): clearing caches
11-22 22:35:48.772 V/MyViewAnim( 7636): update from ClockState
11-22 22:35:48.772 V/MyViewAnim( 7636): draw thread desired: true
11-22 22:35:48.772 V/ClockFace( 7636): clearing caches
11-22 22:35:48.772 V/MyViewAnim( 7636): update from ClockState
11-22 22:35:48.772 V/MyViewAnim( 7636): draw thread desired: true
11-22 22:35:48.772 V/ClockState( 7636): event update complete
11-22 22:35:48.772 V/WearReceiverService( 7636): savePreferences
11-22 22:35:49.123 V/WearReceiverService( 7636): message received!
11-22 22:35:49.143 V/ClockFace( 7636): clearing caches
11-22 22:35:49.143 V/ClockState( 7636): clipping 1 raw events to fit the screen
11-22 22:35:49.143 V/ClockState( 7636): maxLevel for new events: 10000
11-22 22:35:49.143 V/ClockState( 7636): number of new events: 0
11-22 22:35:49.143 V/MyViewAnim( 7636): update from ClockState
11-22 22:35:49.143 V/MyViewAnim( 7636): draw thread desired: true
11-22 22:35:49.143 V/ClockFace( 7636): clearing caches
11-22 22:35:49.143 V/MyViewAnim( 7636): update from ClockState
11-22 22:35:49.143 V/MyViewAnim( 7636): draw thread desired: true
11-22 22:35:49.143 V/ClockFace( 7636): clearing caches
11-22 22:35:49.153 V/MyViewAnim( 7636): update from ClockState
11-22 22:35:49.153 V/MyViewAnim( 7636): draw thread desired: true
11-22 22:35:49.153 V/ClockFace( 7636): clearing caches
