12-07 00:07:15.473    8175-8175/? V/WearActivity﹕ display changed: 0, new state: 1
12-07 00:07:15.473    8175-8175/? I/TimeWrapper﹕ FPS: 38.959843, samples: 225
12-07 00:07:15.473    8175-8175/? I/TimeWrapper﹕ Min/Avg/Max frame render speed (ms): 3.936767 / 5.899115 / 65.76538
12-07 00:07:15.473    8175-8175/? I/TimeWrapper﹕ Waketime: 22.982862%
12-07 00:07:15.473    8175-8175/? V/MyViewAnim﹕ redrawSlow: resume -> 1
12-07 00:07:15.473    8175-8175/? V/MyViewAnim﹕ redrawSlow: view:update -> 4
12-07 00:07:15.473    8175-8175/? V/MyViewAnim﹕ redrawSlow: startHelper -> 1
12-07 00:07:15.473    8175-8175/? V/WearActivity﹕ onDisplayChanged: off!
12-07 00:07:15.473    8175-8175/? V/WearActivity﹕ stopHelper: shutting things down
12-07 00:07:15.483    1751-1781/? D/MinnowPowerHAL﹕ power_set_interactive: 0
12-07 00:07:15.483    1751-1781/? D/MinnowPowerHAL﹕ sysfs_write: /sys/devices/platform/omapdss/display0/interactivemode 0
12-07 00:07:15.483    1751-1781/? D/MinnowPowerHAL﹕ sysfs_write: /sys/devices/ocp.2/i2c.6/i2c-0/0-004a/interactivemode 0
12-07 00:07:15.493    1751-1781/? D/MinnowPowerHAL﹕ sysfs_write: /sys/class/leds/lcd-backlight/interactive 0
12-07 00:07:15.493    1751-1781/? D/mot_vr_audio_hw﹕ dsp_set_pm_state = off
12-07 00:07:15.493    1411-1411/? D/ADSPD﹕ Client cmd=0x4002, size=2
12-07 00:07:15.493    1411-1411/? D/ADSPD﹕ DSP_CMD_DAEMON_SET_PM_STATE : 0
12-07 00:07:15.503    8175-8175/? V/WearActivity﹕ killing alarms
12-07 00:07:15.503    8175-8175/? V/MyViewAnim﹕ stopping animation!
12-07 00:07:15.513    8175-8175/? V/MyViewAnim﹕ killDrawThread
12-07 00:07:15.513    8175-8175/? I/ClockFace﹕ Ambient mode: false
12-07 00:07:15.513   8175-17769/? V/MyViewAnim/PanelThread﹕ looper finished!
12-07 00:07:15.513   8175-17769/? V/MyViewAnim/PanelThread﹕ draw thread termination
12-07 00:07:49.980    8175-8175/? V/WearReceiverService﹕ starting listening service
12-07 00:07:49.980    8175-8175/? V/WearReceiverService﹕ onCreate!
12-07 00:07:49.980    8175-8175/? V/WearReceiverService﹕ Trying to connect to GoogleApi
12-07 00:07:49.990    8175-8175/? D/WearableClient﹕ WearableClientImpl.onPostInitHandler: done
12-07 00:07:50.000   8175-17772/? V/WearReceiverService﹕ message received!
12-07 00:07:50.000   8175-17772/? V/WearReceiverService﹕ message length: 89 bytes
12-07 00:07:50.000    8175-8175/? V/WearReceiverService﹕ Connected to Google Api Service
12-07 00:07:50.000    8175-8175/? V/WearReceiverService﹕ pinging phone for data
12-07 00:07:50.010   8175-17772/? V/ClockFace﹕ clearing caches
12-07 00:07:50.010   8175-17772/? V/ClockState﹕ clipping 3 raw events to fit the screen
12-07 00:07:50.020   8175-17772/? V/EventLayoutUniform﹕ Event layout success.
12-07 00:07:50.020   8175-17772/? V/EventLayoutUniform﹕ Event layout time: 7.93457 ms
12-07 00:07:50.020   8175-17772/? V/ClockState﹕ maxLevel for new events: 10000
12-07 00:07:50.020   8175-17772/? V/ClockState﹕ number of new events: 1
12-07 00:07:50.020   8175-17772/? V/MyViewAnim﹕ update from ClockState
12-07 00:07:50.020   8175-17772/? V/MyViewAnim﹕ draw thread desired: true
12-07 00:07:50.020   8175-17772/? V/ClockFace﹕ clearing caches
12-07 00:07:50.020   8175-17772/? V/MyViewAnim﹕ update from ClockState
12-07 00:07:50.020   8175-17772/? V/MyViewAnim﹕ draw thread desired: true
12-07 00:07:50.020   8175-17772/? V/ClockFace﹕ clearing caches
12-07 00:07:50.020   8175-17772/? V/MyViewAnim﹕ update from ClockState
12-07 00:07:50.020   8175-17772/? V/MyViewAnim﹕ draw thread desired: true
12-07 00:07:50.020   8175-17772/? V/ClockFace﹕ clearing caches
12-07 00:07:50.020   8175-17772/? V/MyViewAnim﹕ update from ClockState
12-07 00:07:50.020   8175-17772/? V/MyViewAnim﹕ draw thread desired: true
12-07 00:07:50.020   8175-17772/? V/ClockFace﹕ clearing caches
12-07 00:07:50.020   8175-17772/? V/MyViewAnim﹕ update from ClockState
12-07 00:07:50.020   8175-17772/? V/MyViewAnim﹕ draw thread desired: true
12-07 00:07:50.020   8175-17772/? V/MyViewAnim﹕ success getting new surface holder
12-07 00:07:50.020   8175-17772/? V/ClockFace﹕ rendering new face, faceMode(0)
12-07 00:07:50.030   8175-17772/? V/ClockFace﹕ fetching new battery status (33026)
12-07 00:07:50.030   8175-17772/? V/ClockFace﹕ battery at 0.75
12-07 00:07:50.040    8175-8315/? V/WearReceiverService﹕ Sending to node: e12e6647-0917-4594-a0b8-f42d78390f6d
12-07 00:07:50.040   8175-17772/? V/ClockState﹕ new calendar event list, 3 entries
12-07 00:07:50.040   8175-17772/? V/ClockFace﹕ clearing caches
12-07 00:07:50.040   8175-17772/? V/MyViewAnim﹕ update from ClockState
12-07 00:07:50.040   8175-17772/? V/MyViewAnim﹕ draw thread desired: true
12-07 00:07:50.050    8175-8315/? V/WearReceiverService﹕ ping delivered!
12-07 00:07:50.120   8175-17772/? V/ClockFace﹕ clearing caches
12-07 00:07:50.120   8175-17772/? V/MyViewAnim﹕ update from ClockState
12-07 00:07:50.120   8175-17772/? V/MyViewAnim﹕ draw thread desired: true
12-07 00:07:50.120   8175-17772/? V/ClockFace﹕ clearing caches
12-07 00:07:50.120   8175-17772/? V/MyViewAnim﹕ update from ClockState
12-07 00:07:50.120   8175-17772/? V/MyViewAnim﹕ draw thread desired: true
12-07 00:07:50.120   8175-17772/? V/ClockFace﹕ clearing caches
12-07 00:07:50.120   8175-17772/? V/MyViewAnim﹕ update from ClockState
12-07 00:07:50.120   8175-17772/? V/MyViewAnim﹕ draw thread desired: true
12-07 00:07:50.120   8175-17772/? V/ClockFace﹕ clearing caches
12-07 00:07:50.120   8175-17772/? V/MyViewAnim﹕ update from ClockState
12-07 00:07:50.120   8175-17772/? V/MyViewAnim﹕ draw thread desired: true
12-07 00:07:50.120   8175-17772/? V/ClockFace﹕ rendering new face, faceMode(0)
12-07 00:07:50.130   8175-17772/? V/ClockFace﹕ fetching new battery status (33027)
12-07 00:07:50.140   8175-17772/? V/ClockFace﹕ battery at 0.75
12-07 00:07:50.140   8175-17772/? V/ClockState﹕ event update complete
12-07 00:07:50.140   8175-17772/? V/WearReceiverService﹕ savePreferences: 89 bytes
12-07 00:07:50.140   8175-17772/? V/WearReceiverService﹕ message received!
12-07 00:07:50.140   8175-17772/? V/WearReceiverService﹕ message length: 89 bytes
12-07 00:07:50.140   8175-17772/? V/ClockFace﹕ clearing caches
12-07 00:07:50.140   8175-17772/? V/ClockState﹕ clipping 3 raw events to fit the screen
12-07 00:07:50.150   8175-17772/? V/EventLayoutUniform﹕ Event layout success.
12-07 00:07:50.150   8175-17772/? V/EventLayoutUniform﹕ Event layout time: 13.214111 ms
12-07 00:07:50.160   8175-17772/? V/ClockState﹕ maxLevel for new events: 10000
12-07 00:07:50.160   8175-17772/? V/ClockState﹕ number of new events: 1
12-07 00:07:50.160   8175-17772/? V/MyViewAnim﹕ update from ClockState
12-07 00:07:50.160   8175-17772/? V/MyViewAnim﹕ draw thread desired: true
12-07 00:07:50.220   8175-17772/? V/ClockFace﹕ clearing caches
12-07 00:07:50.220   8175-17772/? V/MyViewAnim﹕ update from ClockState
12-07 00:07:50.220   8175-17772/? V/MyViewAnim﹕ draw thread desired: true
12-07 00:07:50.220   8175-17772/? V/ClockFace﹕ clearing caches
12-07 00:07:50.220   8175-17772/? V/MyViewAnim﹕ update from ClockState
12-07 00:07:50.220   8175-17772/? V/MyViewAnim﹕ draw thread desired: true
12-07 00:07:50.220   8175-17772/? V/ClockFace﹕ clearing caches
12-07 00:07:50.220   8175-17772/? V/MyViewAnim﹕ update from ClockState
12-07 00:07:50.220   8175-17772/? V/MyViewAnim﹕ draw thread desired: true
12-07 00:07:50.220   8175-17772/? V/ClockFace﹕ clearing caches
12-07 00:07:50.220   8175-17772/? V/MyViewAnim﹕ update from ClockState
12-07 00:07:50.220   8175-17772/? V/MyViewAnim﹕ draw thread desired: true
12-07 00:07:50.220   8175-17772/? V/ClockFace﹕ rendering new face, faceMode(0)
12-07 00:07:50.230   8175-17772/? V/ClockFace﹕ fetching new battery status (33028)
12-07 00:07:50.230   8175-17772/? V/ClockFace﹕ battery at 0.75
12-07 00:07:50.230   8175-17772/? V/ClockState﹕ new calendar event list, 3 entries
12-07 00:07:50.230   8175-17772/? V/ClockFace﹕ clearing caches
12-07 00:07:50.230   8175-17772/? V/MyViewAnim﹕ update from ClockState
12-07 00:07:50.230   8175-17772/? V/MyViewAnim﹕ draw thread desired: true
12-07 00:07:50.320   8175-17772/? V/ClockFace﹕ clearing caches
12-07 00:07:50.320   8175-17772/? V/MyViewAnim﹕ update from ClockState
12-07 00:07:50.320   8175-17772/? V/MyViewAnim﹕ draw thread desired: true
12-07 00:07:50.320   8175-17772/? V/ClockFace﹕ clearing caches
12-07 00:07:50.320   8175-17772/? V/MyViewAnim﹕ update from ClockState
12-07 00:07:50.320   8175-17772/? V/MyViewAnim﹕ draw thread desired: true
12-07 00:07:50.320   8175-17772/? V/ClockFace﹕ clearing caches
12-07 00:07:50.320   8175-17772/? V/MyViewAnim﹕ update from ClockState
12-07 00:07:50.320   8175-17772/? V/MyViewAnim﹕ draw thread desired: true
12-07 00:07:50.320   8175-17772/? V/ClockFace﹕ clearing caches
12-07 00:07:50.320   8175-17772/? V/MyViewAnim﹕ update from ClockState
12-07 00:07:50.320   8175-17772/? V/MyViewAnim﹕ draw thread desired: true
12-07 00:07:50.320   8175-17772/? V/ClockFace﹕ rendering new face, faceMode(0)
12-07 00:07:50.330   8175-17772/? V/ClockFace﹕ fetching new battery status (33029)
12-07 00:07:50.330   8175-17772/? V/ClockFace﹕ battery at 0.75
12-07 00:07:50.330   8175-17772/? V/ClockState﹕ event update complete
12-07 00:07:50.330   8175-17772/? V/WearReceiverService﹕ savePreferences: 89 bytes
12-07 00:07:50.330   8175-17772/? V/WearReceiverService﹕ message received!
12-07 00:07:50.330   8175-17772/? V/WearReceiverService﹕ message length: 89 bytes
12-07 00:07:50.330   8175-17772/? V/ClockFace﹕ clearing caches
12-07 00:07:50.330   8175-17772/? V/ClockState﹕ clipping 3 raw events to fit the screen
12-07 00:07:50.340   8175-17772/? V/EventLayoutUniform﹕ Event layout success.
12-07 00:07:50.340   8175-17772/? V/EventLayoutUniform﹕ Event layout time: 8.972168 ms
12-07 00:07:50.340   8175-17772/? V/ClockState﹕ maxLevel for new events: 10000
12-07 00:07:50.340   8175-17772/? V/ClockState﹕ number of new events: 1
12-07 00:07:50.340   8175-17772/? V/MyViewAnim﹕ update from ClockState
12-07 00:07:50.340   8175-17772/? V/MyViewAnim﹕ draw thread desired: true
12-07 00:07:50.421   8175-17772/? V/ClockFace﹕ clearing caches
12-07 00:07:50.421   8175-17772/? V/MyViewAnim﹕ update from ClockState
12-07 00:07:50.421   8175-17772/? V/MyViewAnim﹕ draw thread desired: true
12-07 00:07:50.421   8175-17772/? V/ClockFace﹕ clearing caches
12-07 00:07:50.421   8175-17772/? V/MyViewAnim﹕ update from ClockState
12-07 00:07:50.421   8175-17772/? V/MyViewAnim﹕ draw thread desired: true
12-07 00:07:50.421   8175-17772/? V/ClockFace﹕ clearing caches
12-07 00:07:50.421   8175-17772/? V/MyViewAnim﹕ update from ClockState
12-07 00:07:50.421   8175-17772/? V/MyViewAnim﹕ draw thread desired: true
12-07 00:07:50.421   8175-17772/? V/ClockFace﹕ clearing caches
12-07 00:07:50.421   8175-17772/? V/MyViewAnim﹕ update from ClockState
12-07 00:07:50.421   8175-17772/? V/MyViewAnim﹕ draw thread desired: true
12-07 00:07:50.421   8175-17772/? V/ClockFace﹕ rendering new face, faceMode(0)
12-07 00:07:50.441   8175-17772/? V/ClockFace﹕ fetching new battery status (33030)
12-07 00:07:50.441   8175-17772/? V/ClockFace﹕ battery at 0.75
12-07 00:07:50.441   8175-17772/? V/ClockState﹕ new calendar event list, 3 entries
12-07 00:07:50.441   8175-17772/? V/ClockFace﹕ clearing caches
12-07 00:07:50.441   8175-17772/? V/MyViewAnim﹕ update from ClockState
12-07 00:07:50.441   8175-17772/? V/MyViewAnim﹕ draw thread desired: true
12-07 00:07:50.521   8175-17772/? V/ClockFace﹕ clearing caches
12-07 00:07:50.521   8175-17772/? V/MyViewAnim﹕ update from ClockState
12-07 00:07:50.521   8175-17772/? V/MyViewAnim﹕ draw thread desired: true
12-07 00:07:50.521   8175-17772/? V/ClockFace﹕ clearing caches
12-07 00:07:50.521   8175-17772/? V/MyViewAnim﹕ update from ClockState
12-07 00:07:50.521   8175-17772/? V/MyViewAnim﹕ draw thread desired: true
12-07 00:07:50.521   8175-17772/? V/ClockFace﹕ clearing caches
12-07 00:07:50.521   8175-17772/? V/MyViewAnim﹕ update from ClockState
12-07 00:07:50.521   8175-17772/? V/MyViewAnim﹕ draw thread desired: true
12-07 00:07:50.521   8175-17772/? V/ClockFace﹕ clearing caches
12-07 00:07:50.521   8175-17772/? V/MyViewAnim﹕ update from ClockState
12-07 00:07:50.521   8175-17772/? V/MyViewAnim﹕ draw thread desired: true
12-07 00:07:50.521   8175-17772/? V/ClockFace﹕ rendering new face, faceMode(0)
12-07 00:07:50.541   8175-17772/? V/ClockFace﹕ fetching new battery status (33031)
12-07 00:07:50.541   8175-17772/? V/ClockFace﹕ battery at 0.75
12-07 00:07:50.541   8175-17772/? V/ClockState﹕ event update complete
12-07 00:07:50.541   8175-17772/? V/WearReceiverService﹕ savePreferences: 89 bytes
12-07 00:07:50.561   8175-17772/? V/WearReceiverService﹕ message received!
12-07 00:07:50.561   8175-17772/? V/WearReceiverService﹕ message length: 89 bytes
12-07 00:07:50.571   8175-17772/? V/ClockFace﹕ clearing caches
12-07 00:07:50.571   8175-17772/? V/ClockState﹕ clipping 3 raw events to fit the screen
12-07 00:07:50.571   8175-17772/? V/EventLayoutUniform﹕ Event layout success.
12-07 00:07:50.571   8175-17772/? V/EventLayoutUniform﹕ Event layout time: 5.310059 ms
12-07 00:07:50.581   8175-17772/? V/ClockState﹕ maxLevel for new events: 10000
12-07 00:07:50.581   8175-17772/? V/ClockState﹕ number of new events: 1
12-07 00:07:50.581   8175-17772/? V/MyViewAnim﹕ update from ClockState
12-07 00:07:50.581   8175-17772/? V/MyViewAnim﹕ draw thread desired: true
12-07 00:07:50.621   8175-17772/? V/ClockFace﹕ clearing caches
12-07 00:07:50.621   8175-17772/? V/MyViewAnim﹕ update from ClockState
12-07 00:07:50.621   8175-17772/? V/MyViewAnim﹕ draw thread desired: true
12-07 00:07:50.621   8175-17772/? V/ClockFace﹕ clearing caches
12-07 00:07:50.621   8175-17772/? V/MyViewAnim﹕ update from ClockState
12-07 00:07:50.621   8175-17772/? V/MyViewAnim﹕ draw thread desired: true
12-07 00:07:50.621   8175-17772/? V/ClockFace﹕ clearing caches
12-07 00:07:50.621   8175-17772/? V/MyViewAnim﹕ update from ClockState
12-07 00:07:50.621   8175-17772/? V/MyViewAnim﹕ draw thread desired: true
12-07 00:07:50.621   8175-17772/? V/ClockFace﹕ clearing caches
12-07 00:07:50.621   8175-17772/? V/MyViewAnim﹕ update from ClockState
12-07 00:07:50.621   8175-17772/? V/MyViewAnim﹕ draw thread desired: true
12-07 00:07:50.621   8175-17772/? V/ClockFace﹕ rendering new face, faceMode(0)
12-07 00:07:50.631   8175-17772/? V/ClockFace﹕ fetching new battery status (33032)
12-07 00:07:50.631   8175-17772/? V/ClockFace﹕ battery at 0.75
12-07 00:07:50.631   8175-17772/? V/ClockState﹕ new calendar event list, 3 entries
12-07 00:07:50.631   8175-17772/? V/ClockFace﹕ clearing caches
12-07 00:07:50.631   8175-17772/? V/MyViewAnim﹕ update from ClockState
12-07 00:07:50.631   8175-17772/? V/MyViewAnim﹕ draw thread desired: true
12-07 00:07:50.721   8175-17772/? V/ClockFace﹕ clearing caches
12-07 00:07:50.721   8175-17772/? V/MyViewAnim﹕ update from ClockState
12-07 00:07:50.721   8175-17772/? V/MyViewAnim﹕ draw thread desired: true
12-07 00:07:50.721   8175-17772/? V/ClockFace﹕ clearing caches
12-07 00:07:50.721   8175-17772/? V/MyViewAnim﹕ update from ClockState
12-07 00:07:50.721   8175-17772/? V/MyViewAnim﹕ draw thread desired: true
12-07 00:07:50.721   8175-17772/? V/ClockFace﹕ clearing caches
12-07 00:07:50.721   8175-17772/? V/MyViewAnim﹕ update from ClockState
12-07 00:07:50.721   8175-17772/? V/MyViewAnim﹕ draw thread desired: true
12-07 00:07:50.721   8175-17772/? V/ClockFace﹕ clearing caches
12-07 00:07:50.721   8175-17772/? V/MyViewAnim﹕ update from ClockState
12-07 00:07:50.721   8175-17772/? V/MyViewAnim﹕ draw thread desired: true
12-07 00:07:50.721   8175-17772/? V/ClockFace﹕ rendering new face, faceMode(0)
12-07 00:07:50.731   8175-17772/? V/ClockFace﹕ fetching new battery status (33033)
12-07 00:07:50.731   8175-17772/? V/ClockFace﹕ battery at 0.75
12-07 00:07:50.731   8175-17772/? V/ClockState﹕ event update complete
12-07 00:07:50.731   8175-17772/? V/WearReceiverService﹕ savePreferences: 89 bytes
12-07 00:07:51.071   8175-17772/? V/WearReceiverService﹕ message received!
12-07 00:07:51.071   8175-17772/? V/WearReceiverService﹕ message length: 89 bytes
12-07 00:07:51.081   8175-17772/? V/ClockFace﹕ clearing caches
12-07 00:07:51.081   8175-17772/? V/ClockState﹕ clipping 3 raw events to fit the screen
12-07 00:07:51.091   8175-17772/? V/EventLayoutUniform﹕ Event layout success.
12-07 00:07:51.091   8175-17772/? V/EventLayoutUniform﹕ Event layout time: 5.859375 ms
12-07 00:07:51.091   8175-17772/? V/ClockState﹕ maxLevel for new events: 10000
12-07 00:07:51.091   8175-17772/? V/ClockState﹕ number of new events: 1
12-07 00:07:51.091   8175-17772/? V/MyViewAnim﹕ update from ClockState
12-07 00:07:51.091   8175-17772/? V/MyViewAnim﹕ draw thread desired: true
12-07 00:07:51.091   8175-17772/? V/ClockFace﹕ clearing caches
12-07 00:07:51.091   8175-17772/? V/MyViewAnim﹕ update from ClockState
12-07 00:07:51.091   8175-17772/? V/MyViewAnim﹕ draw thread desired: true
12-07 00:07:51.091   8175-17772/? V/ClockFace﹕ clearing caches
12-07 00:07:51.091   8175-17772/? V/MyViewAnim﹕ update from ClockState
12-07 00:07:51.091   8175-17772/? V/MyViewAnim﹕ draw thread desired: true
12-07 00:07:51.091   8175-17772/? V/ClockFace﹕ clearing caches
12-07 00:07:51.091   8175-17772/? V/MyViewAnim﹕ update from ClockState
12-07 00:07:51.091   8175-17772/? V/MyViewAnim﹕ draw thread desired: true
12-07 00:07:51.091   8175-17772/? V/ClockFace﹕ clearing caches
12-07 00:07:51.091   8175-17772/? V/MyViewAnim﹕ update from ClockState
12-07 00:07:51.091   8175-17772/? V/MyViewAnim﹕ draw thread desired: true
12-07 00:07:51.091   8175-17772/? V/ClockFace﹕ rendering new face, faceMode(0)
12-07 00:07:51.101   8175-17772/? V/ClockFace﹕ fetching new battery status (33034)
12-07 00:07:51.101   8175-17772/? V/ClockFace﹕ battery at 0.75
12-07 00:07:51.101   8175-17772/? V/ClockState﹕ new calendar event list, 3 entries
12-07 00:07:51.101   8175-17772/? V/ClockFace﹕ clearing caches
12-07 00:07:51.101   8175-17772/? V/MyViewAnim﹕ update from ClockState
12-07 00:07:51.101   8175-17772/? V/MyViewAnim﹕ draw thread desired: true
12-07 00:07:51.171    1870-1953/? W/Clockwork.Settings﹕ could not send rpc to writer
    com.google.android.wearable.gmsclient.WearableException: sendRpc failed: Status{statusCode=TIMEOUT, resolution=null}
            at com.google.android.wearable.gmsclient.MessageManager.sendMessage(MessageManager.java:65)
            at com.google.android.clockwork.settings.SettingsDataItemReader$ClockworkHandler.handleMessage(SettingsDataItemReader.java:387)
            at android.os.Handler.dispatchMessage(Handler.java:102)
            at android.os.Looper.loop(Looper.java:136)
            at android.os.HandlerThread.run(HandlerThread.java:61)
12-07 00:07:51.171    1870-1953/? I/Clockwork.Settings﹕ scheduling time sync for 64000 ms from now
12-07 00:07:51.171    1870-1953/? I/Clockwork.Settings﹕ firing a scheduled time sync now
12-07 00:07:51.171    1870-1953/? I/Clockwork.Settings﹕ sending time sync request - elapsedRealTime: 225843852
12-07 00:07:51.171    1870-1953/? I/Clockwork.Settings﹕ firing a scheduled time sync now
12-07 00:07:51.171    1870-1953/? I/Clockwork.Settings﹕ sending time sync request - elapsedRealTime: 225843853
12-07 00:07:51.171    1870-1953/? I/Clockwork.Settings﹕ firing a scheduled time sync now
12-07 00:07:51.171    1870-1953/? I/Clockwork.Settings﹕ sending time sync request - elapsedRealTime: 225843853
12-07 00:07:51.171    1870-1953/? I/Clockwork.Settings﹕ firing a scheduled time sync now
12-07 00:07:51.171    1870-1953/? I/Clockwork.Settings﹕ sending time sync request - elapsedRealTime: 225843853
12-07 00:07:51.191   8175-17772/? V/ClockFace﹕ clearing caches
12-07 00:07:51.191   8175-17772/? V/MyViewAnim﹕ update from ClockState
12-07 00:07:51.191   8175-17772/? V/MyViewAnim﹕ draw thread desired: true
12-07 00:07:51.191   8175-17772/? V/ClockFace﹕ clearing caches
12-07 00:07:51.191   8175-17772/? V/MyViewAnim﹕ update from ClockState
12-07 00:07:51.191   8175-17772/? V/MyViewAnim﹕ draw thread desired: true
12-07 00:07:51.191   8175-17772/? V/ClockFace﹕ clearing caches
12-07 00:07:51.191   8175-17772/? V/MyViewAnim﹕ update from ClockState
12-07 00:07:51.191   8175-17772/? V/MyViewAnim﹕ draw thread desired: true
12-07 00:07:51.191   8175-17772/? V/ClockFace﹕ clearing caches
12-07 00:07:51.191   8175-17772/? V/MyViewAnim﹕ update from ClockState
12-07 00:07:51.191   8175-17772/? V/MyViewAnim﹕ draw thread desired: true
12-07 00:07:51.191   8175-17772/? V/ClockFace﹕ rendering new face, faceMode(0)
12-07 00:07:51.201   8175-17772/? V/ClockFace﹕ fetching new battery status (33035)
12-07 00:07:51.201   8175-17772/? V/ClockFace﹕ battery at 0.75
12-07 00:07:51.201   8175-17772/? V/ClockState﹕ event update complete
12-07 00:07:51.201   8175-17772/? V/WearReceiverService﹕ savePreferences: 89 bytes
12-07 00:07:51.902   8175-17772/? V/WearReceiverService﹕ message received!
12-07 00:07:51.902   8175-17772/? V/WearReceiverService﹕ message length: 89 bytes
12-07 00:07:51.922   8175-17772/? V/ClockFace﹕ clearing caches
12-07 00:07:51.922   8175-17772/? V/ClockState﹕ clipping 3 raw events to fit the screen
12-07 00:07:51.932   8175-17772/? V/EventLayoutUniform﹕ Event layout success.
12-07 00:07:51.932   8175-17772/? V/EventLayoutUniform﹕ Event layout time: 15.960693 ms
12-07 00:07:51.942   8175-17772/? V/ClockState﹕ maxLevel for new events: 10000
12-07 00:07:51.942   8175-17772/? V/ClockState﹕ number of new events: 1
12-07 00:07:51.942   8175-17772/? V/MyViewAnim﹕ update from ClockState
12-07 00:07:51.942   8175-17772/? V/MyViewAnim﹕ draw thread desired: true
12-07 00:07:51.942   8175-17772/? V/ClockFace﹕ clearing caches
12-07 00:07:51.942   8175-17772/? V/MyViewAnim﹕ update from ClockState
12-07 00:07:51.942   8175-17772/? V/MyViewAnim﹕ draw thread desired: true
12-07 00:07:51.942   8175-17772/? V/ClockFace﹕ clearing caches
12-07 00:07:51.942   8175-17772/? V/MyViewAnim﹕ update from ClockState
12-07 00:07:51.942   8175-17772/? V/MyViewAnim﹕ draw thread desired: true
12-07 00:07:51.942   8175-17772/? V/ClockFace﹕ clearing caches
12-07 00:07:51.942   8175-17772/? V/MyViewAnim﹕ update from ClockState
12-07 00:07:51.942   8175-17772/? V/MyViewAnim﹕ draw thread desired: true
12-07 00:07:51.942   8175-17772/? V/ClockFace﹕ clearing caches
12-07 00:07:51.942   8175-17772/? V/MyViewAnim﹕ update from ClockState
12-07 00:07:51.942   8175-17772/? V/MyViewAnim﹕ draw thread desired: true
12-07 00:07:51.942   8175-17772/? V/ClockFace﹕ rendering new face, faceMode(0)
12-07 00:07:51.952    1870-1945/? W/NotificationBridger﹕ error getting dataItems
    com.google.android.wearable.gmsclient.WearableException: getDataItems failed: Status{statusCode=TIMEOUT, resolution=null}
            at com.google.android.wearable.gmsclient.GoogleApiClientHelper.throwIfFailed(GoogleApiClientHelper.java:98)
            at com.google.android.wearable.gmsclient.DataManager.getDataItems(DataManager.java:248)
            at com.google.android.clockwork.stream.bridger.NotificationBridger.handleFullSync(NotificationBridger.java:297)
            at com.google.android.clockwork.stream.bridger.NotificationBridger.handleMessage(NotificationBridger.java:1170)
            at android.os.Handler.dispatchMessage(Handler.java:98)
            at android.os.Looper.loop(Looper.java:136)
            at android.os.HandlerThread.run(HandlerThread.java:61)
12-07 00:07:51.952    1870-1945/? I/NotificationBridger﹕ Retry startup in 10000 ms
12-07 00:07:51.952   8175-17772/? V/ClockFace﹕ fetching new battery status (33036)
12-07 00:07:51.952   8175-17772/? V/ClockFace﹕ battery at 0.75
12-07 00:07:51.962   8175-17772/? V/ClockState﹕ new calendar event list, 3 entries
12-07 00:07:51.962   8175-17772/? V/ClockFace﹕ clearing caches
12-07 00:07:51.962   8175-17772/? V/MyViewAnim﹕ update from ClockState
12-07 00:07:51.962   8175-17772/? V/MyViewAnim﹕ draw thread desired: true
12-07 00:07:51.962    8175-8178/? D/dalvikvm﹕ GC_CONCURRENT freed 450K, 19% free 2873K/3524K, paused 3ms+3ms, total 57ms
12-07 00:07:52.042   8175-17772/? V/ClockFace﹕ clearing caches
12-07 00:07:52.042   8175-17772/? V/MyViewAnim﹕ update from ClockState
12-07 00:07:52.042   8175-17772/? V/MyViewAnim﹕ draw thread desired: true
12-07 00:07:52.042   8175-17772/? V/ClockFace﹕ clearing caches
12-07 00:07:52.042   8175-17772/? V/MyViewAnim﹕ update from ClockState
12-07 00:07:52.042   8175-17772/? V/MyViewAnim﹕ draw thread desired: true
12-07 00:07:52.042   8175-17772/? V/ClockFace﹕ clearing caches
12-07 00:07:52.042   8175-17772/? V/MyViewAnim﹕ update from ClockState
12-07 00:07:52.042   8175-17772/? V/MyViewAnim﹕ draw thread desired: true
12-07 00:07:52.042   8175-17772/? V/ClockFace﹕ clearing caches
12-07 00:07:52.042   8175-17772/? V/MyViewAnim﹕ update from ClockState
12-07 00:07:52.042   8175-17772/? V/MyViewAnim﹕ draw thread desired: true
12-07 00:07:52.042   8175-17772/? V/ClockFace﹕ rendering new face, faceMode(0)
12-07 00:07:52.062   8175-17772/? V/ClockFace﹕ fetching new battery status (33037)
12-07 00:07:52.062   8175-17772/? V/ClockFace﹕ battery at 0.75
12-07 00:07:52.062   8175-17772/? V/ClockState﹕ event update complete
12-07 00:07:52.062   8175-17772/? V/WearReceiverService﹕ savePreferences: 89 bytes
12-07 00:07:52.072   8175-17772/? V/WearReceiverService﹕ message received!
12-07 00:07:52.072   8175-17772/? V/WearReceiverService﹕ message length: 89 bytes
12-07 00:07:52.082   8175-17772/? V/ClockFace﹕ clearing caches
12-07 00:07:52.082   8175-17772/? V/ClockState﹕ clipping 3 raw events to fit the screen
12-07 00:07:52.092   8175-17772/? V/EventLayoutUniform﹕ Event layout success.
12-07 00:07:52.092   8175-17772/? V/EventLayoutUniform﹕ Event layout time: 3.448486 ms
12-07 00:07:52.092   8175-17772/? V/ClockState﹕ maxLevel for new events: 10000
12-07 00:07:52.092   8175-17772/? V/ClockState﹕ number of new events: 1
12-07 00:07:52.092   8175-17772/? V/MyViewAnim﹕ update from ClockState
12-07 00:07:52.092   8175-17772/? V/MyViewAnim﹕ draw thread desired: true
12-07 00:07:52.142   8175-17772/? V/ClockFace﹕ clearing caches
12-07 00:07:52.142   8175-17772/? V/MyViewAnim﹕ update from ClockState
12-07 00:07:52.142   8175-17772/? V/MyViewAnim﹕ draw thread desired: true
12-07 00:07:52.142   8175-17772/? V/ClockFace﹕ clearing caches
12-07 00:07:52.142   8175-17772/? V/MyViewAnim﹕ update from ClockState
12-07 00:07:52.142   8175-17772/? V/MyViewAnim﹕ draw thread desired: true
12-07 00:07:52.142   8175-17772/? V/ClockFace﹕ clearing caches
12-07 00:07:52.142   8175-17772/? V/MyViewAnim﹕ update from ClockState
12-07 00:07:52.142   8175-17772/? V/MyViewAnim﹕ draw thread desired: true
12-07 00:07:52.142   8175-17772/? V/ClockFace﹕ clearing caches
12-07 00:07:52.142   8175-17772/? V/MyViewAnim﹕ update from ClockState
12-07 00:07:52.142   8175-17772/? V/MyViewAnim﹕ draw thread desired: true
12-07 00:07:52.142   8175-17772/? V/ClockFace﹕ rendering new face, faceMode(0)
12-07 00:07:52.152   8175-17772/? V/ClockFace﹕ fetching new battery status (33038)
12-07 00:07:52.152   8175-17772/? V/ClockFace﹕ battery at 0.75
12-07 00:07:52.152   8175-17772/? V/ClockState﹕ new calendar event list, 3 entries
12-07 00:07:52.152   8175-17772/? V/ClockFace﹕ clearing caches
12-07 00:07:52.152   8175-17772/? V/MyViewAnim﹕ update from ClockState
12-07 00:07:52.152   8175-17772/? V/MyViewAnim﹕ draw thread desired: true
12-07 00:07:52.242   8175-17772/? V/ClockFace﹕ clearing caches
12-07 00:07:52.242   8175-17772/? V/MyViewAnim﹕ update from ClockState
12-07 00:07:52.242   8175-17772/? V/MyViewAnim﹕ draw thread desired: true
12-07 00:07:52.242   8175-17772/? V/ClockFace﹕ clearing caches
12-07 00:07:52.242   8175-17772/? V/MyViewAnim﹕ update from ClockState
12-07 00:07:52.242   8175-17772/? V/MyViewAnim﹕ draw thread desired: true
12-07 00:07:52.242   8175-17772/? V/ClockFace﹕ clearing caches
12-07 00:07:52.242   8175-17772/? V/MyViewAnim﹕ update from ClockState
12-07 00:07:52.242   8175-17772/? V/MyViewAnim﹕ draw thread desired: true
12-07 00:07:52.242   8175-17772/? V/ClockFace﹕ clearing caches
12-07 00:07:52.242   8175-17772/? V/MyViewAnim﹕ update from ClockState
12-07 00:07:52.242   8175-17772/? V/MyViewAnim﹕ draw thread desired: true
12-07 00:07:52.242   8175-17772/? V/ClockFace﹕ rendering new face, faceMode(0)
12-07 00:07:52.252   8175-17772/? V/ClockFace﹕ fetching new battery status (33039)
12-07 00:07:52.252   8175-17772/? V/ClockFace﹕ battery at 0.75
12-07 00:07:52.252   8175-17772/? V/ClockState﹕ event update complete
12-07 00:07:52.252   8175-17772/? V/WearReceiverService﹕ savePreferences: 89 bytes
12-07 00:07:52.973   8175-17772/? V/WearReceiverService﹕ message received!
12-07 00:07:52.973   8175-17772/? V/WearReceiverService﹕ message length: 89 bytes
12-07 00:07:52.993   8175-17772/? V/ClockFace﹕ clearing caches
12-07 00:07:52.993   8175-17772/? V/ClockState﹕ clipping 3 raw events to fit the screen
12-07 00:07:52.993   8175-17772/? V/EventLayoutUniform﹕ Event layout success.
12-07 00:07:52.993   8175-17772/? V/EventLayoutUniform﹕ Event layout time: 3.082275 ms
12-07 00:07:52.993   8175-17772/? V/ClockState﹕ maxLevel for new events: 10000
12-07 00:07:52.993   8175-17772/? V/ClockState﹕ number of new events: 1
12-07 00:07:53.003   8175-17772/? V/MyViewAnim﹕ update from ClockState
12-07 00:07:53.003   8175-17772/? V/MyViewAnim﹕ draw thread desired: true
12-07 00:07:53.003   8175-17772/? V/ClockFace﹕ clearing caches
12-07 00:07:53.003   8175-17772/? V/MyViewAnim﹕ update from ClockState
12-07 00:07:53.003   8175-17772/? V/MyViewAnim﹕ draw thread desired: true
12-07 00:07:53.003   8175-17772/? V/ClockFace﹕ clearing caches
12-07 00:07:53.003   8175-17772/? V/MyViewAnim﹕ update from ClockState
12-07 00:07:53.003   8175-17772/? V/MyViewAnim﹕ draw thread desired: true
12-07 00:07:53.003   8175-17772/? V/ClockFace﹕ clearing caches
12-07 00:07:53.003   8175-17772/? V/MyViewAnim﹕ update from ClockState
12-07 00:07:53.003   8175-17772/? V/MyViewAnim﹕ draw thread desired: true
12-07 00:07:53.003   8175-17772/? V/ClockFace﹕ clearing caches
12-07 00:07:53.003   8175-17772/? V/MyViewAnim﹕ update from ClockState
12-07 00:07:53.003   8175-17772/? V/MyViewAnim﹕ draw thread desired: true
12-07 00:07:53.003   8175-17772/? V/ClockFace﹕ rendering new face, faceMode(0)
12-07 00:07:53.013   8175-17772/? V/ClockFace﹕ fetching new battery status (33040)
12-07 00:07:53.013   8175-17772/? V/ClockFace﹕ battery at 0.75
12-07 00:07:53.013   8175-17772/? V/ClockState﹕ new calendar event list, 3 entries
12-07 00:07:53.013   8175-17772/? V/ClockFace﹕ clearing caches
12-07 00:07:53.013   8175-17772/? V/MyViewAnim﹕ update from ClockState
12-07 00:07:53.013   8175-17772/? V/MyViewAnim﹕ draw thread desired: true
12-07 00:07:53.103   8175-17772/? V/ClockFace﹕ clearing caches
12-07 00:07:53.103   8175-17772/? V/MyViewAnim﹕ update from ClockState
12-07 00:07:53.103   8175-17772/? V/MyViewAnim﹕ draw thread desired: true
12-07 00:07:53.103   8175-17772/? V/ClockFace﹕ clearing caches
12-07 00:07:53.103   8175-17772/? V/MyViewAnim﹕ update from ClockState
12-07 00:07:53.103   8175-17772/? V/MyViewAnim﹕ draw thread desired: true
12-07 00:07:53.103   8175-17772/? V/ClockFace﹕ clearing caches
12-07 00:07:53.103   8175-17772/? V/MyViewAnim﹕ update from ClockState
12-07 00:07:53.103   8175-17772/? V/MyViewAnim﹕ draw thread desired: true
12-07 00:07:53.103   8175-17772/? V/ClockFace﹕ clearing caches
12-07 00:07:53.103   8175-17772/? V/MyViewAnim﹕ update from ClockState
12-07 00:07:53.103   8175-17772/? V/MyViewAnim﹕ draw thread desired: true
12-07 00:07:53.103   8175-17772/? V/ClockFace﹕ rendering new face, faceMode(0)
12-07 00:07:53.123   8175-17772/? V/ClockFace﹕ fetching new battery status (33041)
12-07 00:07:53.123   8175-17772/? V/ClockFace﹕ battery at 0.75
12-07 00:07:53.123   8175-17772/? V/ClockState﹕ event update complete
12-07 00:07:53.123   8175-17772/? V/WearReceiverService﹕ savePreferences: 89 bytes
12-07 00:07:53.133   8175-17772/? V/WearReceiverService﹕ message received!
12-07 00:07:53.133   8175-17772/? V/WearReceiverService﹕ message length: 89 bytes
12-07 00:07:53.133   8175-17772/? V/ClockFace﹕ clearing caches
12-07 00:07:53.133   8175-17772/? V/ClockState﹕ clipping 3 raw events to fit the screen
12-07 00:07:53.143   8175-17772/? V/EventLayoutUniform﹕ Event layout success.
12-07 00:07:53.143   8175-17772/? V/EventLayoutUniform﹕ Event layout time: 8.941651 ms
12-07 00:07:53.143   8175-17772/? V/ClockState﹕ maxLevel for new events: 10000
12-07 00:07:53.143   8175-17772/? V/ClockState﹕ number of new events: 1
12-07 00:07:53.143   8175-17772/? V/MyViewAnim﹕ update from ClockState
12-07 00:07:53.143   8175-17772/? V/MyViewAnim﹕ draw thread desired: true
12-07 00:07:53.203   8175-17772/? V/ClockFace﹕ clearing caches
12-07 00:07:53.203   8175-17772/? V/MyViewAnim﹕ update from ClockState
12-07 00:07:53.203   8175-17772/? V/MyViewAnim﹕ draw thread desired: true
12-07 00:07:53.203   8175-17772/? V/ClockFace﹕ clearing caches
12-07 00:07:53.203   8175-17772/? V/MyViewAnim﹕ update from ClockState
12-07 00:07:53.203   8175-17772/? V/MyViewAnim﹕ draw thread desired: true
12-07 00:07:53.203   8175-17772/? V/ClockFace﹕ clearing caches
12-07 00:07:53.203   8175-17772/? V/MyViewAnim﹕ update from ClockState
12-07 00:07:53.203   8175-17772/? V/MyViewAnim﹕ draw thread desired: true
12-07 00:07:53.203   8175-17772/? V/ClockFace﹕ clearing caches
12-07 00:07:53.203   8175-17772/? V/MyViewAnim﹕ update from ClockState
12-07 00:07:53.203   8175-17772/? V/MyViewAnim﹕ draw thread desired: true
12-07 00:07:53.203   8175-17772/? V/ClockFace﹕ rendering new face, faceMode(0)
12-07 00:07:53.213   8175-17772/? V/ClockFace﹕ fetching new battery status (33042)
12-07 00:07:53.213   8175-17772/? V/ClockFace﹕ battery at 0.75
12-07 00:07:53.213   8175-17772/? V/ClockState﹕ new calendar event list, 3 entries
12-07 00:07:53.213   8175-17772/? V/ClockFace﹕ clearing caches
12-07 00:07:53.213   8175-17772/? V/MyViewAnim﹕ update from ClockState
12-07 00:07:53.213   8175-17772/? V/MyViewAnim﹕ draw thread desired: true
12-07 00:07:53.303   8175-17772/? V/ClockFace﹕ clearing caches
12-07 00:07:53.303   8175-17772/? V/MyViewAnim﹕ update from ClockState
12-07 00:07:53.303   8175-17772/? V/MyViewAnim﹕ draw thread desired: true
12-07 00:07:53.303   8175-17772/? V/ClockFace﹕ clearing caches
12-07 00:07:53.303   8175-17772/? V/MyViewAnim﹕ update from ClockState
12-07 00:07:53.303   8175-17772/? V/MyViewAnim﹕ draw thread desired: true
12-07 00:07:53.303   8175-17772/? V/ClockFace﹕ clearing caches
12-07 00:07:53.303   8175-17772/? V/MyViewAnim﹕ update from ClockState
12-07 00:07:53.303   8175-17772/? V/MyViewAnim﹕ draw thread desired: true
12-07 00:07:53.303   8175-17772/? V/ClockFace﹕ clearing caches
12-07 00:07:53.303   8175-17772/? V/MyViewAnim﹕ update from ClockState
12-07 00:07:53.303   8175-17772/? V/MyViewAnim﹕ draw thread desired: true
12-07 00:07:53.303   8175-17772/? V/ClockFace﹕ rendering new face, faceMode(0)
12-07 00:07:53.313   8175-17772/? V/ClockFace﹕ fetching new battery status (33043)
12-07 00:07:53.313   8175-17772/? V/ClockFace﹕ battery at 0.75
12-07 00:07:53.313   8175-17772/? V/ClockState﹕ event update complete
12-07 00:07:53.313   8175-17772/? V/WearReceiverService﹕ savePreferences: 89 bytes
12-07 00:07:54.995    2119-2176/? W/bt-btif﹕ dm_pm_timer expires
12-07 00:07:54.995    2119-2176/? W/bt-btif﹕ dm_pm_timer expires 0
12-07 00:07:54.995    2119-2176/? W/bt-btif﹕ proc dm_pm_timer expires
12-07 00:07:55.619   8175-17772/? V/WearReceiverService﹕ message received!
12-07 00:07:55.619   8175-17772/? V/WearReceiverService﹕ message length: 89 bytes
12-07 00:07:55.629   8175-17772/? V/ClockFace﹕ clearing caches
12-07 00:07:55.629   8175-17772/? V/ClockState﹕ clipping 3 raw events to fit the screen
12-07 00:07:55.629   8175-17772/? V/EventLayoutUniform﹕ Event layout success.
12-07 00:07:55.629   8175-17772/? V/EventLayoutUniform﹕ Event layout time: 5.554199 ms
12-07 00:07:55.629   8175-17772/? V/ClockState﹕ maxLevel for new events: 10000
12-07 00:07:55.629   8175-17772/? V/ClockState﹕ number of new events: 1
12-07 00:07:55.629   8175-17772/? V/MyViewAnim﹕ update from ClockState
12-07 00:07:55.629   8175-17772/? V/MyViewAnim﹕ draw thread desired: true
12-07 00:07:55.629   8175-17772/? V/ClockFace﹕ clearing caches
12-07 00:07:55.629   8175-17772/? V/MyViewAnim﹕ update from ClockState
12-07 00:07:55.629   8175-17772/? V/MyViewAnim﹕ draw thread desired: true
12-07 00:07:55.629   8175-17772/? V/ClockFace﹕ clearing caches
12-07 00:07:55.629   8175-17772/? V/MyViewAnim﹕ update from ClockState
12-07 00:07:55.629   8175-17772/? V/MyViewAnim﹕ draw thread desired: true
12-07 00:07:55.629   8175-17772/? V/ClockFace﹕ clearing caches
12-07 00:07:55.629   8175-17772/? V/MyViewAnim﹕ update from ClockState
12-07 00:07:55.629   8175-17772/? V/MyViewAnim﹕ draw thread desired: true
12-07 00:07:55.629   8175-17772/? V/ClockFace﹕ clearing caches
12-07 00:07:55.629   8175-17772/? V/MyViewAnim﹕ update from ClockState
12-07 00:07:55.629   8175-17772/? V/MyViewAnim﹕ draw thread desired: true
12-07 00:07:55.639   8175-17772/? V/ClockFace﹕ rendering new face, faceMode(0)
12-07 00:07:55.649   8175-17772/? V/ClockFace﹕ fetching new battery status (33044)
12-07 00:07:55.649   8175-17772/? V/ClockFace﹕ battery at 0.75
12-07 00:07:55.649   8175-17772/? V/ClockState﹕ new calendar event list, 3 entries
12-07 00:07:55.649   8175-17772/? V/ClockFace﹕ clearing caches
12-07 00:07:55.649   8175-17772/? V/MyViewAnim﹕ update from ClockState
12-07 00:07:55.649   8175-17772/? V/MyViewAnim﹕ draw thread desired: true
12-07 00:07:55.739   8175-17772/? V/ClockFace﹕ clearing caches
12-07 00:07:55.739   8175-17772/? V/MyViewAnim﹕ update from ClockState
12-07 00:07:55.739   8175-17772/? V/MyViewAnim﹕ draw thread desired: true
12-07 00:07:55.739   8175-17772/? V/ClockFace﹕ clearing caches
12-07 00:07:55.739   8175-17772/? V/MyViewAnim﹕ update from ClockState
12-07 00:07:55.739   8175-17772/? V/MyViewAnim﹕ draw thread desired: true
12-07 00:07:55.739   8175-17772/? V/ClockFace﹕ clearing caches
12-07 00:07:55.739   8175-17772/? V/MyViewAnim﹕ update from ClockState
12-07 00:07:55.739   8175-17772/? V/MyViewAnim﹕ draw thread desired: true
12-07 00:07:55.739   8175-17772/? V/ClockFace﹕ clearing caches
12-07 00:07:55.739   8175-17772/? V/MyViewAnim﹕ update from ClockState
12-07 00:07:55.739   8175-17772/? V/MyViewAnim﹕ draw thread desired: true
12-07 00:07:55.739   8175-17772/? V/ClockFace﹕ rendering new face, faceMode(0)
12-07 00:07:55.749   8175-17772/? V/ClockFace﹕ fetching new battery status (33045)
12-07 00:07:55.749   8175-17772/? V/ClockFace﹕ battery at 0.75
12-07 00:07:55.749   8175-17772/? V/ClockState﹕ event update complete
12-07 00:07:55.749   8175-17772/? V/WearReceiverService﹕ savePreferences: 89 bytes
12-07 00:07:55.749   8175-17772/? V/WearReceiverService﹕ message received!
12-07 00:07:55.749   8175-17772/? V/WearReceiverService﹕ message length: 89 bytes
12-07 00:07:55.749   8175-17772/? V/ClockFace﹕ clearing caches
12-07 00:07:55.749   8175-17772/? V/ClockState﹕ clipping 3 raw events to fit the screen
12-07 00:07:55.759   8175-17772/? V/EventLayoutUniform﹕ Event layout success.
12-07 00:07:55.759   8175-17772/? V/EventLayoutUniform﹕ Event layout time: 3.112793 ms
12-07 00:07:55.759   8175-17772/? V/ClockState﹕ maxLevel for new events: 10000
12-07 00:07:55.759   8175-17772/? V/ClockState﹕ number of new events: 1
12-07 00:07:55.759   8175-17772/? V/MyViewAnim﹕ update from ClockState
12-07 00:07:55.759   8175-17772/? V/MyViewAnim﹕ draw thread desired: true
12-07 00:07:55.829   8175-17772/? V/ClockFace﹕ clearing caches
12-07 00:07:55.829   8175-17772/? V/MyViewAnim﹕ update from ClockState
12-07 00:07:55.829   8175-17772/? V/MyViewAnim﹕ draw thread desired: true
12-07 00:07:55.839   8175-17772/? V/ClockFace﹕ clearing caches
12-07 00:07:55.839   8175-17772/? V/MyViewAnim﹕ update from ClockState
12-07 00:07:55.839   8175-17772/? V/MyViewAnim﹕ draw thread desired: true
12-07 00:07:55.839   8175-17772/? V/ClockFace﹕ clearing caches
12-07 00:07:55.839   8175-17772/? V/MyViewAnim﹕ update from ClockState
12-07 00:07:55.839   8175-17772/? V/MyViewAnim﹕ draw thread desired: true
12-07 00:07:55.839   8175-17772/? V/ClockFace﹕ clearing caches
12-07 00:07:55.839   8175-17772/? V/MyViewAnim﹕ update from ClockState
12-07 00:07:55.839   8175-17772/? V/MyViewAnim﹕ draw thread desired: true
12-07 00:07:55.839   8175-17772/? V/ClockFace﹕ rendering new face, faceMode(0)
12-07 00:07:55.859   8175-17772/? V/ClockFace﹕ fetching new battery status (33046)
12-07 00:07:55.859   8175-17772/? V/ClockFace﹕ battery at 0.75
12-07 00:07:55.859   8175-17772/? V/ClockState﹕ new calendar event list, 3 entries
12-07 00:07:55.859   8175-17772/? V/ClockFace﹕ clearing caches
12-07 00:07:55.859   8175-17772/? V/MyViewAnim﹕ update from ClockState
12-07 00:07:55.859   8175-17772/? V/MyViewAnim﹕ draw thread desired: true
12-07 00:07:55.939   8175-17772/? V/ClockFace﹕ clearing caches
12-07 00:07:55.939   8175-17772/? V/MyViewAnim﹕ update from ClockState
12-07 00:07:55.939   8175-17772/? V/MyViewAnim﹕ draw thread desired: true
12-07 00:07:55.939   8175-17772/? V/ClockFace﹕ clearing caches
12-07 00:07:55.939   8175-17772/? V/MyViewAnim﹕ update from ClockState
12-07 00:07:55.939   8175-17772/? V/MyViewAnim﹕ draw thread desired: true
12-07 00:07:55.939   8175-17772/? V/ClockFace﹕ clearing caches
12-07 00:07:55.939   8175-17772/? V/MyViewAnim﹕ update from ClockState
12-07 00:07:55.939   8175-17772/? V/MyViewAnim﹕ draw thread desired: true
12-07 00:07:55.939   8175-17772/? V/ClockFace﹕ clearing caches
12-07 00:07:55.939   8175-17772/? V/MyViewAnim﹕ update from ClockState
12-07 00:07:55.939   8175-17772/? V/MyViewAnim﹕ draw thread desired: true
12-07 00:07:55.939   8175-17772/? V/ClockFace﹕ rendering new face, faceMode(0)
12-07 00:07:55.959   8175-17772/? V/ClockFace﹕ fetching new battery status (33047)
12-07 00:07:55.959   8175-17772/? V/ClockFace﹕ battery at 0.75
12-07 00:07:55.959   8175-17772/? V/ClockState﹕ event update complete
12-07 00:07:55.959   8175-17772/? V/WearReceiverService﹕ savePreferences: 89 bytes
12-07 00:07:55.959   8175-17772/? V/WearReceiverService﹕ message received!
12-07 00:07:55.959   8175-17772/? V/WearReceiverService﹕ message length: 89 bytes
12-07 00:07:55.959   8175-17772/? V/ClockFace﹕ clearing caches
12-07 00:07:55.959   8175-17772/? V/ClockState﹕ clipping 3 raw events to fit the screen
12-07 00:07:55.969   8175-17772/? V/EventLayoutUniform﹕ Event layout success.
12-07 00:07:55.969   8175-17772/? V/EventLayoutUniform﹕ Event layout time: 4.516601 ms
12-07 00:07:55.969   8175-17772/? V/ClockState﹕ maxLevel for new events: 10000
12-07 00:07:55.969   8175-17772/? V/ClockState﹕ number of new events: 1
12-07 00:07:55.969   8175-17772/? V/MyViewAnim﹕ update from ClockState
12-07 00:07:55.969   8175-17772/? V/MyViewAnim﹕ draw thread desired: true
12-07 00:07:56.039   8175-17772/? V/ClockFace﹕ clearing caches
12-07 00:07:56.039   8175-17772/? V/MyViewAnim﹕ update from ClockState
12-07 00:07:56.039   8175-17772/? V/MyViewAnim﹕ draw thread desired: true
12-07 00:07:56.039   8175-17772/? V/ClockFace﹕ clearing caches
12-07 00:07:56.039   8175-17772/? V/MyViewAnim﹕ update from ClockState
12-07 00:07:56.039   8175-17772/? V/MyViewAnim﹕ draw thread desired: true
12-07 00:07:56.039   8175-17772/? V/ClockFace﹕ clearing caches
12-07 00:07:56.039   8175-17772/? V/MyViewAnim﹕ update from ClockState
12-07 00:07:56.039   8175-17772/? V/MyViewAnim﹕ draw thread desired: true
12-07 00:07:56.039   8175-17772/? V/ClockFace﹕ clearing caches
12-07 00:07:56.039   8175-17772/? V/MyViewAnim﹕ update from ClockState
12-07 00:07:56.039   8175-17772/? V/MyViewAnim﹕ draw thread desired: true
12-07 00:07:56.039   8175-17772/? V/ClockFace﹕ rendering new face, faceMode(0)
12-07 00:07:56.049   8175-17772/? V/ClockFace﹕ fetching new battery status (33048)
12-07 00:07:56.049   8175-17772/? V/ClockFace﹕ battery at 0.75
12-07 00:07:56.049   8175-17772/? V/ClockState﹕ new calendar event list, 3 entries
12-07 00:07:56.049   8175-17772/? V/ClockFace﹕ clearing caches
12-07 00:07:56.049   8175-17772/? V/MyViewAnim﹕ update from ClockState
12-07 00:07:56.049   8175-17772/? V/MyViewAnim﹕ draw thread desired: true
12-07 00:07:56.139   8175-17772/? V/ClockFace﹕ clearing caches
12-07 00:07:56.139   8175-17772/? V/MyViewAnim﹕ update from ClockState
12-07 00:07:56.139   8175-17772/? V/MyViewAnim﹕ draw thread desired: true
12-07 00:07:56.139   8175-17772/? V/ClockFace﹕ clearing caches
12-07 00:07:56.139   8175-17772/? V/MyViewAnim﹕ update from ClockState
12-07 00:07:56.139   8175-17772/? V/MyViewAnim﹕ draw thread desired: true
12-07 00:07:56.139   8175-17772/? V/ClockFace﹕ clearing caches
12-07 00:07:56.139   8175-17772/? V/MyViewAnim﹕ update from ClockState
12-07 00:07:56.139   8175-17772/? V/MyViewAnim﹕ draw thread desired: true
12-07 00:07:56.139   8175-17772/? V/ClockFace﹕ clearing caches
12-07 00:07:56.139   8175-17772/? V/MyViewAnim﹕ update from ClockState
12-07 00:07:56.139   8175-17772/? V/MyViewAnim﹕ draw thread desired: true
12-07 00:07:56.139   8175-17772/? V/ClockFace﹕ rendering new face, faceMode(0)
12-07 00:07:56.149   8175-17772/? V/ClockFace﹕ fetching new battery status (33049)
12-07 00:07:56.149   8175-17772/? V/ClockFace﹕ battery at 0.75
12-07 00:07:56.159   8175-17772/? V/ClockState﹕ event update complete
12-07 00:07:56.159   8175-17772/? V/WearReceiverService﹕ savePreferences: 89 bytes
12-07 00:07:56.159   8175-17772/? V/WearReceiverService﹕ message received!
12-07 00:07:56.159   8175-17772/? V/WearReceiverService﹕ message length: 89 bytes
12-07 00:07:56.159   8175-17772/? V/ClockFace﹕ clearing caches
12-07 00:07:56.159   8175-17772/? V/ClockState﹕ clipping 3 raw events to fit the screen
12-07 00:07:56.189   8175-17772/? V/EventLayoutUniform﹕ Event layout success.
12-07 00:07:56.189   8175-17772/? V/EventLayoutUniform﹕ Event layout time: 21.148681 ms
12-07 00:07:56.189   8175-17772/? V/ClockState﹕ maxLevel for new events: 10000
12-07 00:07:56.189   8175-17772/? V/ClockState﹕ number of new events: 1
12-07 00:07:56.189   8175-17772/? V/MyViewAnim﹕ update from ClockState
12-07 00:07:56.189   8175-17772/? V/MyViewAnim﹕ draw thread desired: true
12-07 00:07:56.199    8175-8178/? D/dalvikvm﹕ GC_CONCURRENT freed 430K, 20% free 2830K/3524K, paused 3ms+2ms, total 26ms
12-07 00:07:56.239   8175-17772/? V/ClockFace﹕ clearing caches
12-07 00:07:56.239   8175-17772/? V/MyViewAnim﹕ update from ClockState
12-07 00:07:56.239   8175-17772/? V/MyViewAnim﹕ draw thread desired: true
12-07 00:07:56.239   8175-17772/? V/ClockFace﹕ clearing caches
12-07 00:07:56.239   8175-17772/? V/MyViewAnim﹕ update from ClockState
12-07 00:07:56.239   8175-17772/? V/MyViewAnim﹕ draw thread desired: true
12-07 00:07:56.239   8175-17772/? V/ClockFace﹕ clearing caches
12-07 00:07:56.239   8175-17772/? V/MyViewAnim﹕ update from ClockState
12-07 00:07:56.239   8175-17772/? V/MyViewAnim﹕ draw thread desired: true
12-07 00:07:56.239   8175-17772/? V/ClockFace﹕ clearing caches
12-07 00:07:56.239   8175-17772/? V/MyViewAnim﹕ update from ClockState
12-07 00:07:56.239   8175-17772/? V/MyViewAnim﹕ draw thread desired: true
12-07 00:07:56.239   8175-17772/? V/ClockFace﹕ rendering new face, faceMode(0)
12-07 00:07:56.249   8175-17772/? V/ClockFace﹕ fetching new battery status (33050)
12-07 00:07:56.249   8175-17772/? V/ClockFace﹕ battery at 0.75
12-07 00:07:56.249   8175-17772/? V/ClockState﹕ new calendar event list, 3 entries
12-07 00:07:56.249   8175-17772/? V/ClockFace﹕ clearing caches
12-07 00:07:56.249   8175-17772/? V/MyViewAnim﹕ update from ClockState
12-07 00:07:56.249   8175-17772/? V/MyViewAnim﹕ draw thread desired: true
12-07 00:07:56.329   8175-17772/? V/ClockFace﹕ clearing caches
12-07 00:07:56.329   8175-17772/? V/MyViewAnim﹕ update from ClockState
12-07 00:07:56.329   8175-17772/? V/MyViewAnim﹕ draw thread desired: true
12-07 00:07:56.339   8175-17772/? V/ClockFace﹕ clearing caches
12-07 00:07:56.339   8175-17772/? V/MyViewAnim﹕ update from ClockState
12-07 00:07:56.339   8175-17772/? V/MyViewAnim﹕ draw thread desired: true
12-07 00:07:56.339   8175-17772/? V/ClockFace﹕ clearing caches
12-07 00:07:56.339   8175-17772/? V/MyViewAnim﹕ update from ClockState
12-07 00:07:56.339   8175-17772/? V/MyViewAnim﹕ draw thread desired: true
12-07 00:07:56.339   8175-17772/? V/ClockFace﹕ clearing caches
12-07 00:07:56.339   8175-17772/? V/MyViewAnim﹕ update from ClockState
12-07 00:07:56.339   8175-17772/? V/MyViewAnim﹕ draw thread desired: true
12-07 00:07:56.339   8175-17772/? V/ClockFace﹕ rendering new face, faceMode(0)
12-07 00:07:56.359   8175-17772/? V/ClockFace﹕ fetching new battery status (33051)
12-07 00:07:56.359   8175-17772/? V/ClockFace﹕ battery at 0.75
12-07 00:07:56.359   8175-17772/? V/ClockState﹕ event update complete
12-07 00:07:56.359   8175-17772/? V/WearReceiverService﹕ savePreferences: 89 bytes
12-07 00:07:57.811    2119-2176/? W/bt-btif﹕ dm_pm_timer expires
12-07 00:07:57.811    2119-2176/? W/bt-btif﹕ dm_pm_timer expires 0
12-07 00:07:57.811    2119-2176/? W/bt-btif﹕ proc dm_pm_timer expires
12-07 00:08:11.300   7702-17774/? I/FitnessWearable﹕ Refreshing Platform Data
12-07 00:08:11.310    7983-8029/? I/Fitness﹕ Account supported from cache: true
12-07 00:08:11.310    7983-8029/? I/Fitness﹕ schedule to sync accounts: [dwallach@gmail.com]
12-07 00:08:11.350   7702-17774/? I/FitnessWearable﹕ Completed query in 32 milliseconds
12-07 00:08:13.182    2119-2176/? W/bt-btif﹕ dm_pm_timer expires
12-07 00:08:13.182    2119-2176/? W/bt-btif﹕ dm_pm_timer expires 0
12-07 00:08:13.182    2119-2176/? W/bt-btif﹕ proc dm_pm_timer expires
12-07 00:08:18.600    7983-7983/? I/Fitness﹕ WearableSyncServiceReceiver.onReceive
12-07 00:08:18.640   7983-17776/? I/Fitness﹕ WearableSyncService syncing to 1 nodes.
12-07 00:08:18.720   7983-17776/? I/Fitness﹕ syncing: 0
12-07 00:08:19.021    8203-8524/? I/EventLogService﹕ Aggregate from 1417930698400 (log), 1417930698400 (data)
12-07 00:08:19.141    8203-8206/? D/dalvikvm﹕ GC_CONCURRENT freed 394K, 20% free 2482K/3084K, paused 8ms+3ms, total 33ms
