12-07 00:08:25.096    7702-7704/? D/dalvikvm﹕ GC_CONCURRENT freed 442K, 23% free 2269K/2920K, paused 4ms+1ms, total 22ms
12-07 00:08:25.116   7702-17774/? I/FitnessWearable﹕ Refreshing Platform Data
12-07 00:08:25.126    7983-8029/? I/Fitness﹕ Account supported from cache: true
12-07 00:08:25.126    7983-8029/? I/Fitness﹕ schedule to sync accounts: [dwallach@gmail.com]
12-07 00:08:25.146   7702-17774/? I/FitnessWearable﹕ Completed query in 10 milliseconds
12-07 00:08:25.196   7702-17774/? I/FitnessWearable﹕ Refreshing Platform Data
12-07 00:08:25.206    7983-8029/? I/Fitness﹕ Account supported from cache: true
12-07 00:08:25.206    7983-8029/? I/Fitness﹕ schedule to sync accounts: [dwallach@gmail.com]
12-07 00:08:25.226   7702-17774/? I/FitnessWearable﹕ Completed query in 9 milliseconds
12-07 00:08:26.567    7729-7729/? D/WearableClient﹕ WearableClientImpl.onPostInitHandler: done
12-07 00:08:28.529   1870-17756/? E/CwCal﹕ CalHomeUtil:Unable to get data items: calendar
    com.google.android.wearable.gmsclient.WearableException: getDataItems failed: Status{statusCode=TIMEOUT, resolution=null}
            at com.google.android.wearable.gmsclient.GoogleApiClientHelper.throwIfFailed(GoogleApiClientHelper.java:98)
            at com.google.android.wearable.gmsclient.DataManager.getDataItems(DataManager.java:248)
            at com.google.android.clockwork.home.calendar.CalendarHomeUtils.getAllDataItemsNullable(CalendarHomeUtils.java:168)
            at com.google.android.clockwork.home.calendar.CalendarHomeUtils.scheduleAlarmForNextEvent(CalendarHomeUtils.java:749)
            at com.google.android.clockwork.home.calendar.CalendarHomeUtils.refreshAllCards(CalendarHomeUtils.java:325)
            at com.google.android.clockwork.home.calendar.CalendarEventService.onHandleIntent(CalendarEventService.java:41)
            at android.app.IntentService$ServiceHandler.handleMessage(IntentService.java:65)
            at android.os.Handler.dispatchMessage(Handler.java:102)
            at android.os.Looper.loop(Looper.java:136)
            at android.os.HandlerThread.run(HandlerThread.java:61)
12-07 00:08:28.799    2119-2176/? W/bt-btif﹕ dm_pm_timer expires
12-07 00:08:28.799    2119-2176/? W/bt-btif﹕ dm_pm_timer expires 0
12-07 00:08:28.799    2119-2176/? W/bt-btif﹕ proc dm_pm_timer expires
12-07 00:08:31.654    2119-2176/? W/bt-btif﹕ dm_pm_timer expires
12-07 00:08:31.654    2119-2176/? W/bt-btif﹕ dm_pm_timer expires 0
12-07 00:08:31.654    2119-2176/? W/bt-btif﹕ proc dm_pm_timer expires
12-07 00:09:38.643    7983-7983/? I/Fitness﹕ WearableSyncServiceReceiver.onReceive
12-07 00:09:38.713   7983-17782/? I/Fitness﹕ WearableSyncService syncing to 1 nodes.
12-07 00:09:38.754    7983-7987/? D/dalvikvm﹕ GC_CONCURRENT freed 378K, 19% free 2671K/3292K, paused 9ms+2ms, total 59ms
12-07 00:09:38.804   7702-17774/? I/FitnessWearable﹕ Refreshing Platform Data
12-07 00:09:38.834    7983-8029/? I/Fitness﹕ Account supported from cache: true
12-07 00:09:38.834    7983-8029/? I/Fitness﹕ schedule to sync accounts: [dwallach@gmail.com]
12-07 00:09:38.834   7983-17782/? I/Fitness﹕ syncing: 0
12-07 00:09:38.874   7702-17774/? I/FitnessWearable﹕ Completed query in 34 milliseconds
12-07 00:09:40.125    7976-7977/? D/dalvikvm﹕ GC_CONCURRENT freed 454K, 24% free 2422K/3184K, paused 2ms+2ms, total 21ms
12-07 00:09:42.117    2119-2176/? W/bt-btif﹕ dm_pm_timer expires
12-07 00:09:42.117    2119-2176/? W/bt-btif﹕ dm_pm_timer expires 0
12-07 00:09:42.117    2119-2176/? W/bt-btif﹕ proc dm_pm_timer expires
12-07 00:10:18.600    7983-7983/? I/Fitness﹕ WearableSyncServiceReceiver.onReceive
12-07 00:10:18.660   7983-17786/? I/Fitness﹕ WearableSyncService syncing to 1 nodes.
12-07 00:10:18.730   7983-17786/? I/Fitness﹕ syncing: 0
12-07 00:10:53.295    1751-1768/? D/SensorHALGestureSensor﹕ Gesture event received! time = 1417932653298409927
12-07 00:10:53.295    1751-1762/? I/PowerManagerService﹕ Waking up from sleep...
12-07 00:10:53.295    1751-1775/? W/KeyguardServiceDelegate﹕ onScreenTurnedOn(): no keyguard service!
12-07 00:10:53.456    1751-1762/? D/PowerManagerService-JNI﹕ Excessive delay in autosuspend_disable() while turning screen on: 147ms
12-07 00:10:53.456    1751-1762/? D/MinnowPowerHAL﹕ power_set_interactive: 1
12-07 00:10:53.456    1751-1762/? D/MinnowPowerHAL﹕ sysfs_write: /sys/devices/platform/omapdss/display0/interactivemode 1
12-07 00:10:53.506    1751-1762/? D/MinnowPowerHAL﹕ sysfs_write: /sys/devices/ocp.2/i2c.6/i2c-0/0-004a/interactivemode 1
12-07 00:10:53.506    1751-1762/? D/MinnowPowerHAL﹕ sysfs_write: /sys/class/leds/lcd-backlight/interactive 1
12-07 00:10:53.506    1751-1762/? D/mot_vr_audio_hw﹕ dsp_set_pm_state = on
12-07 00:10:53.506    1411-1411/? D/ADSPD﹕ Client cmd=0x4002, size=2
12-07 00:10:53.506    1411-1411/? D/ADSPD﹕ DSP_CMD_DAEMON_SET_PM_STATE : 1
12-07 00:10:53.506    1751-1762/? D/PowerManagerService-JNI﹕ Excessive delay in setInteractive(true) while turning screen on: 56ms
12-07 00:10:53.526    1870-1870/? E/ClockworkHome﹕ Tried to exit ambient mode, but enterAmbientMode() was never called.
12-07 00:10:53.526    1418-1524/? D/mot_vr_audio_hw﹕ dsp_recognizer_enabled = true
12-07 00:10:53.526    1418-2875/? D/mot_vr_audio_hw﹕ open_input_stream(): devices = 0x80000004, rate = 8000, channels = 0x10
12-07 00:10:53.526    1418-2875/? D/mot_vr_audio_hw﹕ Created resampler for 16000->8000 Hz
12-07 00:10:53.536    1751-1751/? W/InputMethodManagerService﹕ Ignoring setImeWindowStatus of uid 1000 token: null
12-07 00:10:53.546    8175-8175/? V/WearActivity﹕ Resume!
12-07 00:10:53.556   1418-17788/? D/mot_vr_audio_hw﹕ in_read waiting for hotword
12-07 00:10:53.556    8175-8175/? I/TimeWrapper﹕ FPS: 0.12382882, samples: 27
12-07 00:10:53.566    8175-8175/? I/TimeWrapper﹕ Min/Avg/Max frame render speed (ms): 4.058838 / 11.67919 / 22.277832
12-07 00:10:53.566    8175-8175/? I/TimeWrapper﹕ Waketime: 0.14462203%
12-07 00:10:53.646    1416-1416/? D/SurfaceFlinger﹕ Screen acquired, type=0 flinger=0xb7fe9448
12-07 00:10:53.646    1416-1416/? D/hwcomposer﹕ hwc_blank(0: 0)
12-07 00:10:53.646    1751-8116/? D/SensorHAL﹕ adjustSensorHandle: handle = 9 adjustedHandle = 1
12-07 00:10:53.646    1751-8116/? D/SensorHAL﹕ adjustSensorHandle: handle = 9 adjustedHandle = 1
12-07 00:10:53.666    1751-2330/? D/SensorHAL﹕ adjustSensorHandle: handle = 9 adjustedHandle = 1
12-07 00:10:53.676    1751-1777/? I/DisplayManagerService﹕ Display device changed: DisplayDeviceInfo{"Built-in Screen": 320 x 290, 45.000004 fps, density 213, 203.2 x 204.61111 dpi, touch INTERNAL, rotation 0, type BUILT_IN, state ON, FLAG_DEFAULT_DISPLAY, FLAG_ROTATES_WITH_CONTENT, FLAG_SECURE, FLAG_SUPPORTS_PROTECTED_BUFFERS}
12-07 00:10:53.676    1751-1751/? V/ActivityManager﹕ Display changed displayId=0
12-07 00:10:53.686    8175-8175/? V/WearActivity﹕ display changed: 0, new state: 2
12-07 00:10:53.686    8175-8175/? V/WearActivity﹕ onDisplayChanged: on!
12-07 00:10:53.686    8175-8175/? V/WearActivity﹕ killing alarms
12-07 00:10:53.686    8175-8175/? V/WearActivity﹕ startHelper: putting it all back together again
12-07 00:10:53.686    8175-8175/? V/WearActivity﹕ initAlarm: setting up
12-07 00:10:53.706    8175-8175/? I/ClockFace﹕ Ambient mode: false
12-07 00:10:53.746    8175-8175/? V/MyViewAnim﹕ resumeMaxHertz
12-07 00:10:53.746    8175-8175/? V/ClockFace﹕ clearing caches
12-07 00:10:53.746    8175-8175/? V/MyViewAnim﹕ starting new animator
12-07 00:10:53.746    8175-8175/? V/MyViewAnim﹕ Time listener is up!
12-07 00:10:53.746    8175-8175/? V/MyViewAnim﹕ starting new draw thread
12-07 00:10:53.756    1751-1827/? D/LightsService﹕ Excessive delay setting light: 77ms
12-07 00:10:53.756   8175-17790/? V/ClockFace﹕ rendering new face, faceMode(0)
12-07 00:10:53.776   8175-17790/? V/ClockFace﹕ fetching new battery status (33054)
12-07 00:10:53.776   8175-17790/? V/ClockFace﹕ battery at 0.74
12-07 00:10:53.816    1411-1411/? E/ADSPD﹕ Timeout on select()
12-07 00:10:53.816    1411-1411/? E/ADSPD﹕ NO ACK received after loading firmware
12-07 00:10:53.816    1411-1411/? E/ADSPD﹕ Unknown ACK received 0x00
12-07 00:10:53.816    1411-1411/? D/ADSPD﹕ Client cmd=0x0003, size=4
12-07 00:10:53.826    1411-1411/? D/ADSPD﹕ Received from DSP: cmd=0x8003, size=2
12-07 00:10:53.826    1411-1411/? D/ADSPD﹕ Client cmd=0x4003, size=2
12-07 00:10:53.826    1418-2009/? D/mot_vr_audio_hw﹕ received recognition control callback, status 0
12-07 00:10:57.620   1870-16449/? W/ClockworkProxy﹕ Exception sendToOtherNode: type 6
    com.google.android.wearable.gmsclient.WearableException: sendRpc failed: Status{statusCode=TIMEOUT, resolution=null}
            at com.google.android.wearable.gmsclient.MessageManager.sendMessage(MessageManager.java:65)
            at com.google.android.clockwork.proxy.ClockworkProxy.sendToOtherNode(ClockworkProxy.java:169)
            at com.google.android.clockwork.home.proxy.UdpRelayingThread.startRelayingService(UdpRelayingThread.java:73)
            at com.google.android.clockwork.home.proxy.UdpRelayingThread.run(UdpRelayingThread.java:33)
12-07 00:10:58.520    1751-1929/? I/PowerManagerService﹕ Going to sleep due to screen timeout...
12-07 00:10:58.520    1751-1781/? I/PowerManagerService﹕ Dozing...
12-07 00:10:58.530    1751-1774/? I/DreamController﹕ Starting dream: name=ComponentInfo{com.google.android.wearable.app/com.google.android.clockwork.home.AmbientMode}, isTest=false, canDoze=true, userId=0
12-07 00:10:58.591    1751-1925/? I/ActivityManager﹕ START u0 {act=android.intent.action.MAIN cat=[android.intent.category.HOME] flg=0x10000000 cmp=com.google.android.wearable.app/com.google.android.clockwork.home.HomeActivity (has extras)} from pid 1870 on display 0
12-07 00:10:58.591    1751-1774/? I/DreamController﹕ Stopping dream: name=ComponentInfo{com.google.android.wearable.app/com.google.android.clockwork.home.AmbientMode}, isTest=false, canDoze=true, userId=0
12-07 00:10:58.601    1751-1781/? I/PowerManagerService﹕ Sleeping...
12-07 00:10:58.661    1870-1870/? I/AmbientMode﹕ Ambient mode started: canDoze=true, dozeHardware=null
12-07 00:10:58.661    1418-1524/? D/mot_vr_audio_hw﹕ dsp_recognizer_enabled = false
12-07 00:10:58.661    1411-1411/? D/ADSPD﹕ Client cmd=0x0003, size=4
12-07 00:10:58.661   1418-17788/? D/mot_vr_audio_hw﹕ Switching DSP to standby/passthrough mode
12-07 00:10:58.661   1418-17788/? D/mot_vr_audio_hw﹕ Input 0xb76ce530 ready to read
12-07 00:10:58.671    1411-1411/? D/ADSPD﹕ Received from DSP: cmd=0x8003, size=2
12-07 00:10:58.671    1411-1411/? D/ADSPD﹕ Client cmd=0x0003, size=4
12-07 00:10:58.681    1418-2009/? D/mot_vr_audio_hw﹕ received recognition control callback, status 0
12-07 00:10:58.691    1411-1411/? D/ADSPD﹕ Received from DSP: cmd=0x8003, size=2
12-07 00:10:58.691    1418-2009/? D/mot_vr_audio_hw﹕ received recognition control callback, status 0
12-07 00:10:58.711   1418-17788/? W/mot_vr_audio_hw﹕ Discarded 10 buffers without finding audio data
12-07 00:10:58.721    1411-1411/? D/ADSPD﹕ Client cmd=0x0003, size=4
12-07 00:10:58.731   1418-17788/? D/mot_vr_audio_hw﹕ Re-arming DSP
12-07 00:10:58.731   1418-17788/? D/mot_vr_audio_hw﹕ Input 0xb76ce530 standby complete
12-07 00:10:58.741    1411-1411/? D/ADSPD﹕ Received from DSP: cmd=0x8003, size=2
12-07 00:10:58.741    1418-2009/? D/mot_vr_audio_hw﹕ received recognition control callback, status 0
12-07 00:10:58.741    1411-1411/? D/ADSPD﹕ Client cmd=0x4003, size=2
12-07 00:10:58.741    1418-2875/? D/mot_vr_audio_hw﹕ Input 0xb76ce530 close complete
12-07 00:10:58.741    1418-4048/? D/mot_vr_audio_hw﹕ dsp_recognizer_enabled = true
12-07 00:10:58.741    1411-1411/? D/ADSPD﹕ Client cmd=0x0003, size=4
12-07 00:10:58.741    1418-1418/? D/mot_vr_audio_hw﹕ open_input_stream(): devices = 0x80000004, rate = 8000, channels = 0x10
12-07 00:10:58.741    1418-1418/? D/mot_vr_audio_hw﹕ Created resampler for 16000->8000 Hz
12-07 00:10:58.751    1870-1870/? I/AmbientMode﹕ Dream ended: isDozing=true
12-07 00:10:58.761    1411-1411/? D/ADSPD﹕ Received from DSP: cmd=0x8003, size=2
12-07 00:10:58.761    1411-1411/? D/ADSPD﹕ Client cmd=0x4003, size=2
12-07 00:10:58.761    1418-2009/? D/mot_vr_audio_hw﹕ received recognition control callback, status 0
12-07 00:10:58.771   1418-17791/? D/mot_vr_audio_hw﹕ in_read waiting for hotword
12-07 00:10:59.291    1751-1816/? D/LightsService﹕ Excessive delay setting light: 123ms
12-07 00:10:59.291    1416-1416/? D/SurfaceFlinger﹕ Screen released, type=0 flinger=0xb7fe9448
12-07 00:10:59.431    1416-1416/? D/hwcomposer﹕ hwc_blank(0: 1)
12-07 00:10:59.431    1751-1816/? D/SurfaceControl﹕ Excessive delay in blankDisplay() while turning screen off: 142ms
12-07 00:10:59.451    1751-1777/? I/DisplayManagerService﹕ Display device changed: DisplayDeviceInfo{"Built-in Screen": 320 x 290, 45.000004 fps, density 213, 203.2 x 204.61111 dpi, touch INTERNAL, rotation 0, type BUILT_IN, state OFF, FLAG_DEFAULT_DISPLAY, FLAG_ROTATES_WITH_CONTENT, FLAG_SECURE, FLAG_SUPPORTS_PROTECTED_BUFFERS}
12-07 00:10:59.451    1751-1751/? V/ActivityManager﹕ Display changed displayId=0
12-07 00:10:59.461    8175-8175/? V/WearActivity﹕ display changed: 0, new state: 1
12-07 00:10:59.461    8175-8175/? I/TimeWrapper﹕ FPS: 39.871376, samples: 229
12-07 00:10:59.461    8175-8175/? I/TimeWrapper﹕ Min/Avg/Max frame render speed (ms): 4.180909 / 5.789411 / 37.841797
12-07 00:10:59.461    8175-8175/? I/TimeWrapper﹕ Waketime: 23.083176%
12-07 00:10:59.461    8175-8175/? V/MyViewAnim﹕ redrawSlow: resume -> 1
12-07 00:10:59.461    8175-8175/? V/MyViewAnim﹕ redrawSlow: view:update -> 26
12-07 00:10:59.461    8175-8175/? V/MyViewAnim﹕ redrawSlow: startHelper -> 1
12-07 00:10:59.461    8175-8175/? V/WearActivity﹕ onDisplayChanged: off!
12-07 00:10:59.461    8175-8175/? V/WearActivity﹕ stopHelper: shutting things down
12-07 00:10:59.491    1751-1781/? D/MinnowPowerHAL﹕ power_set_interactive: 0
12-07 00:10:59.491    1751-1781/? D/MinnowPowerHAL﹕ sysfs_write: /sys/devices/platform/omapdss/display0/interactivemode 0
12-07 00:10:59.491    1751-1781/? D/MinnowPowerHAL﹕ sysfs_write: /sys/devices/ocp.2/i2c.6/i2c-0/0-004a/interactivemode 0
12-07 00:10:59.491    8175-8175/? V/WearActivity﹕ killing alarms
12-07 00:10:59.491    1751-1781/? D/MinnowPowerHAL﹕ sysfs_write: /sys/class/leds/lcd-backlight/interactive 0
12-07 00:10:59.491    1751-1781/? D/mot_vr_audio_hw﹕ dsp_set_pm_state = off
12-07 00:10:59.501    1411-1411/? D/ADSPD﹕ Client cmd=0x4002, size=2
12-07 00:10:59.501    1411-1411/? D/ADSPD﹕ DSP_CMD_DAEMON_SET_PM_STATE : 0
12-07 00:10:59.501    1411-1411/? D/ADSPD﹕ DSP not turned off as still being used
12-07 00:10:59.511    8175-8175/? V/MyViewAnim﹕ stopping animation!
12-07 00:10:59.511    8175-8175/? V/MyViewAnim﹕ killDrawThread
12-07 00:10:59.511    8175-8175/? I/ClockFace﹕ Ambient mode: false
12-07 00:10:59.511    8175-8175/? V/WearActivity﹕ Pause!
12-07 00:10:59.511    1418-2875/? D/mot_vr_audio_hw﹕ dsp_recognizer_enabled = false
12-07 00:10:59.511    1411-1411/? D/ADSPD﹕ Client cmd=0x0003, size=4
12-07 00:10:59.511    1411-1411/? D/ADSPD﹕ Trying to send to dsp while in dsp in RESET
12-07 00:10:59.511   1418-17791/? W/mot_vr_audio_hw﹕ Not allowing wake() since DSP is disabled
12-07 00:10:59.511    1751-1751/? W/InputMethodManagerService﹕ Ignoring setImeWindowStatus of uid 1000 token: null
12-07 00:10:59.521    8175-8175/? V/WearActivity﹕ Stop!
12-07 00:10:59.521   8175-17790/? V/MyViewAnim/PanelThread﹕ looper finished!
12-07 00:10:59.521   8175-17790/? V/MyViewAnim/PanelThread﹕ draw thread termination
12-07 00:10:59.531   1418-17791/? W/mot_vr_audio_hw﹕ Not allowing wake() since DSP is disabled
12-07 00:10:59.541    1411-1411/? D/ADSPD﹕ Client cmd=0x4003, size=2
12-07 00:10:59.541    1411-1411/? D/ADSPD﹕ DSP no longer used, turned off here
12-07 00:10:59.541    1418-2875/? D/mot_vr_audio_hw﹕ Input 0xb76ce530 close complete
12-07 00:12:18.650    7702-7704/? D/dalvikvm﹕ GC_CONCURRENT freed 398K, 23% free 2269K/2920K, paused 1ms+21ms, total 33ms
12-07 00:12:36.227   7702-17793/? I/FitnessWearable﹕ Refreshing Platform Data
12-07 00:12:36.247    7983-8029/? I/Fitness﹕ Account supported from cache: true
12-07 00:12:36.247    7983-8029/? I/Fitness﹕ schedule to sync accounts: [dwallach@gmail.com]
12-07 00:12:36.287   7702-17793/? I/FitnessWearable﹕ Completed query in 33 milliseconds
12-07 00:12:36.347   7702-17793/? I/FitnessWearable﹕ Refreshing Platform Data
12-07 00:12:36.357    7983-8029/? I/Fitness﹕ Account supported from cache: true
12-07 00:12:36.357    7983-8029/? I/Fitness﹕ schedule to sync accounts: [dwallach@gmail.com]
12-07 00:12:36.377   7702-17793/? I/FitnessWearable﹕ Completed query in 9 milliseconds
12-07 00:12:37.759    1870-1953/? W/Clockwork.Settings﹕ could not send rpc to writer
    com.google.android.wearable.gmsclient.WearableException: sendRpc failed: Status{statusCode=TIMEOUT, resolution=null}
            at com.google.android.wearable.gmsclient.MessageManager.sendMessage(MessageManager.java:65)
            at com.google.android.clockwork.settings.SettingsDataItemReader$ClockworkHandler.handleMessage(SettingsDataItemReader.java:387)
            at android.os.Handler.dispatchMessage(Handler.java:102)
            at android.os.Looper.loop(Looper.java:136)
            at android.os.HandlerThread.run(HandlerThread.java:61)
12-07 00:12:37.759    1870-1953/? I/Clockwork.Settings﹕ scheduling time sync for 128000 ms from now
12-07 00:12:38.189    2119-2176/? W/bt-btif﹕ dm_pm_timer expires
12-07 00:12:38.189    2119-2176/? W/bt-btif﹕ dm_pm_timer expires 0
12-07 00:12:38.189    2119-2176/? W/bt-btif﹕ proc dm_pm_timer expires
12-07 00:15:17.600    7983-7983/? I/Fitness﹕ WearableSyncServiceReceiver.onReceive
12-07 00:15:17.650   7983-17796/? I/Fitness﹕ WearableSyncService syncing to 1 nodes.
12-07 00:15:17.660    1751-1796/? D/ConnectivityService﹕ Sampling interval elapsed, updating statistics ..
12-07 00:15:17.680    1751-1796/? D/ConnectivityService﹕ Done.
12-07 00:15:17.680    1751-1796/? D/ConnectivityService﹕ Setting timer for 720seconds
12-07 00:15:17.741   7983-17796/? I/Fitness﹕ syncing: 0
12-07 00:15:27.440    1870-1945/? W/NotificationBridger﹕ error getting local node
    com.google.android.wearable.gmsclient.WearableException: getLocalNode failed: Status{statusCode=TIMEOUT, resolution=null}
            at com.google.android.wearable.gmsclient.GoogleApiClientHelper.throwIfFailed(GoogleApiClientHelper.java:98)
            at com.google.android.wearable.gmsclient.NodeManager.getLocalNode(NodeManager.java:69)
            at com.google.android.clockwork.stream.bridger.NotificationBridger.handleFullSync(NotificationBridger.java:283)
            at com.google.android.clockwork.stream.bridger.NotificationBridger.handleMessage(NotificationBridger.java:1170)
            at android.os.Handler.dispatchMessage(Handler.java:98)
            at android.os.Looper.loop(Looper.java:136)
            at android.os.HandlerThread.run(HandlerThread.java:61)
12-07 00:15:30.663   1870-17756/? E/CwCal﹕ CalHomeUtil:Unable to get data items: calendar
    com.google.android.wearable.gmsclient.WearableException: getDataItems failed: Status{statusCode=TIMEOUT, resolution=null}
            at com.google.android.wearable.gmsclient.GoogleApiClientHelper.throwIfFailed(GoogleApiClientHelper.java:98)
            at com.google.android.wearable.gmsclient.DataManager.getDataItems(DataManager.java:248)
            at com.google.android.clockwork.home.calendar.CalendarHomeUtils.getAllDataItemsNullable(CalendarHomeUtils.java:168)
            at com.google.android.clockwork.home.calendar.CalendarHomeUtils.getAllDataItems(CalendarHomeUtils.java:157)
            at com.google.android.clockwork.home.calendar.CalendarHomeUtils.refreshAllCards(CalendarHomeUtils.java:330)
            at com.google.android.clockwork.home.calendar.CalendarEventService.onHandleIntent(CalendarEventService.java:41)
            at android.app.IntentService$ServiceHandler.handleMessage(IntentService.java:65)
            at android.os.Handler.dispatchMessage(Handler.java:102)
            at android.os.Looper.loop(Looper.java:136)
            at android.os.HandlerThread.run(HandlerThread.java:61)
12-07 00:15:42.505   1870-16449/? W/ClockworkProxy﹕ Exception sendToOtherNode: type 6
    com.google.android.wearable.gmsclient.WearableException: sendRpc failed: Status{statusCode=TIMEOUT, resolution=null}
            at com.google.android.wearable.gmsclient.MessageManager.sendMessage(MessageManager.java:65)
            at com.google.android.clockwork.proxy.ClockworkProxy.sendToOtherNode(ClockworkProxy.java:169)
            at com.google.android.clockwork.home.proxy.UdpRelayingThread.startRelayingService(UdpRelayingThread.java:73)
            at com.google.android.clockwork.home.proxy.UdpRelayingThread.run(UdpRelayingThread.java:33)
12-07 00:15:46.659    1870-1953/? W/Clockwork.Settings﹕ could not send rpc to writer
    com.google.android.wearable.gmsclient.WearableException: sendRpc failed: Status{statusCode=TIMEOUT, resolution=null}
            at com.google.android.wearable.gmsclient.MessageManager.sendMessage(MessageManager.java:65)
            at com.google.android.clockwork.settings.SettingsDataItemReader$ClockworkHandler.handleMessage(SettingsDataItemReader.java:387)
            at android.os.Handler.dispatchMessage(Handler.java:102)
            at android.os.Looper.loop(Looper.java:136)
            at android.os.HandlerThread.run(HandlerThread.java:61)
12-07 00:15:46.659    1870-1953/? I/Clockwork.Settings﹕ scheduling time sync for 256000 ms from now
12-07 00:15:57.449    1870-1945/? W/NotificationBridger﹕ error getting dataItems
    com.google.android.wearable.gmsclient.WearableException: getDataItems failed: Status{statusCode=TIMEOUT, resolution=null}
            at com.google.android.wearable.gmsclient.GoogleApiClientHelper.throwIfFailed(GoogleApiClientHelper.java:98)
            at com.google.android.wearable.gmsclient.DataManager.getDataItems(DataManager.java:248)
            at com.google.android.clockwork.stream.bridger.NotificationBridger.handleFullSync(NotificationBridger.java:297)
            at com.google.android.clockwork.stream.bridger.NotificationBridger.handleMessage(NotificationBridger.java:1170)
            at android.os.Handler.dispatchMessage(Handler.java:98)
            at android.os.Looper.loop(Looper.java:136)
            at android.os.HandlerThread.run(HandlerThread.java:61)
12-07 00:15:57.449    1870-1945/? I/NotificationBridger﹕ Retry startup in 10000 ms
12-07 00:16:00.682    1870-2027/? E/CwCal﹕ CalHomeUtil:Unable to get data items: calendar
    com.google.android.wearable.gmsclient.WearableException: getDataItems failed: Status{statusCode=TIMEOUT, resolution=null}
            at com.google.android.wearable.gmsclient.GoogleApiClientHelper.throwIfFailed(GoogleApiClientHelper.java:98)
            at com.google.android.wearable.gmsclient.DataManager.getDataItems(DataManager.java:248)
            at com.google.android.clockwork.home.calendar.CalendarHomeUtils.getAllDataItemsNullable(CalendarHomeUtils.java:168)
            at com.google.android.clockwork.home.calendar.CalendarHomeUtils.scheduleAlarmForNextEvent(CalendarHomeUtils.java:749)
            at com.google.android.clockwork.home.calendar.CalendarHomeUtils.refreshAllCards(CalendarHomeUtils.java:325)
            at com.google.android.clockwork.home.calendar.CalendarHomeUtils.refreshOneCard(CalendarHomeUtils.java:205)
            at com.google.android.clockwork.home.calendar.CalendarClockworkListener.onDataChanged(CalendarClockworkListener.java:43)
            at com.google.android.clockwork.host.ListenerDispatcher.onDataChanged(ListenerDispatcher.java:100)
            at com.google.android.clockwork.host.DispatchingWearableListenerService.onDataChanged(DispatchingWearableListenerService.java:43)
            at com.google.android.gms.wearable.WearableListenerService$a$1.run(Unknown Source)
            at android.os.Handler.handleCallback(Handler.java:733)
            at android.os.Handler.dispatchMessage(Handler.java:95)
            at android.os.Looper.loop(Looper.java:136)
            at android.os.HandlerThread.run(HandlerThread.java:61)
12-07 00:16:12.514   1870-16449/? W/ClockworkProxy﹕ Exception sendToOtherNode: type 6
    com.google.android.wearable.gmsclient.WearableException: sendRpc failed: Status{statusCode=TIMEOUT, resolution=null}
            at com.google.android.wearable.gmsclient.MessageManager.sendMessage(MessageManager.java:65)
            at com.google.android.clockwork.proxy.ClockworkProxy.sendToOtherNode(ClockworkProxy.java:169)
            at com.google.android.clockwork.home.proxy.UdpRelayingThread.startRelayingService(UdpRelayingThread.java:73)
            at com.google.android.clockwork.home.proxy.UdpRelayingThread.run(UdpRelayingThread.java:33)
12-07 00:16:16.668    1870-1953/? W/Clockwork.Settings﹕ could not send rpc to writer
    com.google.android.wearable.gmsclient.WearableException: sendRpc failed: Status{statusCode=TIMEOUT, resolution=null}
            at com.google.android.wearable.gmsclient.MessageManager.sendMessage(MessageManager.java:65)
            at com.google.android.clockwork.settings.SettingsDataItemReader$ClockworkHandler.handleMessage(SettingsDataItemReader.java:387)
            at android.os.Handler.dispatchMessage(Handler.java:102)
            at android.os.Looper.loop(Looper.java:136)
            at android.os.HandlerThread.run(HandlerThread.java:61)
12-07 00:16:16.668    1870-1953/? I/Clockwork.Settings﹕ scheduling time sync for 512000 ms from now
12-07 00:16:18.189    8146-8152/? D/dalvikvm﹕ GC_CONCURRENT freed 341K, 23% free 2890K/3748K, paused 2ms+2ms, total 37ms
12-07 00:17:59.391    1751-1768/? D/SensorHALGestureSensor﹕ Gesture event received! time = 1417933079394204589
12-07 00:17:59.391    1751-2330/? I/PowerManagerService﹕ Waking up from sleep...
12-07 00:17:59.391    1751-1775/? W/KeyguardServiceDelegate﹕ onScreenTurnedOn(): no keyguard service!
12-07 00:17:59.521    1751-2330/? D/PowerManagerService-JNI﹕ Excessive delay in autosuspend_disable() while turning screen on: 120ms
12-07 00:17:59.521    1751-2330/? D/MinnowPowerHAL﹕ power_set_interactive: 1
12-07 00:17:59.521    1751-2330/? D/MinnowPowerHAL﹕ sysfs_write: /sys/devices/platform/omapdss/display0/interactivemode 1
12-07 00:17:59.581    1751-2330/? D/MinnowPowerHAL﹕ sysfs_write: /sys/devices/ocp.2/i2c.6/i2c-0/0-004a/interactivemode 1
12-07 00:17:59.581    1751-2330/? D/MinnowPowerHAL﹕ sysfs_write: /sys/class/leds/lcd-backlight/interactive 1
12-07 00:17:59.581    1751-2330/? D/mot_vr_audio_hw﹕ dsp_set_pm_state = on
12-07 00:17:59.581    1411-1411/? D/ADSPD﹕ Client cmd=0x4002, size=2
12-07 00:17:59.581    1411-1411/? D/ADSPD﹕ DSP_CMD_DAEMON_SET_PM_STATE : 1
12-07 00:17:59.581    1751-2330/? D/PowerManagerService-JNI﹕ Excessive delay in setInteractive(true) while turning screen on: 57ms
12-07 00:17:59.601    1870-1870/? E/ClockworkHome﹕ Tried to exit ambient mode, but enterAmbientMode() was never called.
12-07 00:17:59.601    1418-1418/? D/mot_vr_audio_hw﹕ dsp_recognizer_enabled = true
12-07 00:17:59.601    1418-4048/? D/mot_vr_audio_hw﹕ open_input_stream(): devices = 0x80000004, rate = 8000, channels = 0x10
12-07 00:17:59.601    1418-4048/? D/mot_vr_audio_hw﹕ Created resampler for 16000->8000 Hz
12-07 00:17:59.611    8175-8175/? V/WearActivity﹕ Resume!
12-07 00:17:59.611    8175-8175/? V/MyViewAnim﹕ success getting new surface holder
12-07 00:17:59.621    8175-8175/? I/TimeWrapper﹕ FPS: 0.0023801853, samples: 1
12-07 00:17:59.621    8175-8175/? I/TimeWrapper﹕ Min/Avg/Max frame render speed (ms): 5.615234 / 5.615234 / 5.615234
12-07 00:17:59.621    8175-8175/? I/TimeWrapper﹕ Waketime: 0.0013365297%
12-07 00:17:59.621   1418-17807/? D/mot_vr_audio_hw﹕ in_read waiting for hotword
12-07 00:17:59.681    1751-1751/? W/InputMethodManagerService﹕ Ignoring setImeWindowStatus of uid 1000 token: null
12-07 00:17:59.711    1416-1416/? D/SurfaceFlinger﹕ Screen acquired, type=0 flinger=0xb7fe9448
12-07 00:17:59.711    1416-1416/? D/hwcomposer﹕ hwc_blank(0: 0)
12-07 00:17:59.711    1751-1777/? I/DisplayManagerService﹕ Display device changed: DisplayDeviceInfo{"Built-in Screen": 320 x 290, 45.000004 fps, density 213, 203.2 x 204.61111 dpi, touch INTERNAL, rotation 0, type BUILT_IN, state ON, FLAG_DEFAULT_DISPLAY, FLAG_ROTATES_WITH_CONTENT, FLAG_SECURE, FLAG_SUPPORTS_PROTECTED_BUFFERS}
12-07 00:17:59.711    1751-1751/? V/ActivityManager﹕ Display changed displayId=0
12-07 00:17:59.731    8175-8175/? V/WearActivity﹕ display changed: 0, new state: 2
12-07 00:17:59.731    8175-8175/? V/WearActivity﹕ onDisplayChanged: on!
12-07 00:17:59.731    8175-8175/? V/WearActivity﹕ killing alarms
12-07 00:17:59.731    8175-8175/? V/WearActivity﹕ startHelper: putting it all back together again
12-07 00:17:59.731    8175-8175/? V/WearActivity﹕ initAlarm: setting up
12-07 00:17:59.751    8175-8175/? I/ClockFace﹕ Ambient mode: false
12-07 00:17:59.771    8175-8175/? V/MyViewAnim﹕ resumeMaxHertz
12-07 00:17:59.771    8175-8175/? V/ClockFace﹕ clearing caches
12-07 00:17:59.771    8175-8175/? V/MyViewAnim﹕ starting new animator
12-07 00:17:59.771    8175-8175/? V/MyViewAnim﹕ Time listener is up!
12-07 00:17:59.771    8175-8175/? V/MyViewAnim﹕ starting new draw thread
12-07 00:17:59.781   8175-17809/? V/ClockFace﹕ rendering new face, faceMode(0)
12-07 00:17:59.821    1751-8116/? D/SensorHAL﹕ adjustSensorHandle: handle = 9 adjustedHandle = 1
12-07 00:17:59.821    1751-8116/? D/SensorHAL﹕ adjustSensorHandle: handle = 9 adjustedHandle = 1
12-07 00:17:59.831    1751-2357/? D/SensorHAL﹕ adjustSensorHandle: handle = 9 adjustedHandle = 1
12-07 00:17:59.841   8175-17809/? V/ClockFace﹕ fetching new battery status (33286)
12-07 00:17:59.841   8175-17809/? V/ClockFace﹕ battery at 0.74
12-07 00:17:59.882    1411-1411/? E/ADSPD﹕ Timeout on select()
12-07 00:17:59.882    1411-1411/? E/ADSPD﹕ NO ACK received after loading firmware
12-07 00:17:59.882    1411-1411/? E/ADSPD﹕ Unknown ACK received 0x00
12-07 00:17:59.882    1411-1411/? D/ADSPD﹕ Client cmd=0x0003, size=4
12-07 00:17:59.892    1411-1411/? D/ADSPD﹕ Received from DSP: cmd=0x8003, size=2
12-07 00:17:59.892    1411-1411/? D/ADSPD﹕ Client cmd=0x4003, size=2
12-07 00:17:59.892    1418-2009/? D/mot_vr_audio_hw﹕ received recognition control callback, status 0
12-07 00:18:00.202    8146-8146/? D/WearApiHelper﹕ sendMessage: /SYNC_NEEDED
12-07 00:18:00.212    8146-8146/? D/WearApiHelper﹕ Not connected waiting connection
12-07 00:18:00.232    8146-8146/? D/WearableClient﹕ WearableClientImpl.onPostInitHandler: done
12-07 00:18:00.232    8146-8146/? D/WearApiHelper﹕ Finally connected! Sending message: /SYNC_NEEDED
12-07 00:18:00.242    8146-8146/? D/WearApiHelper﹕ Stack 0
12-07 00:18:00.382    7729-7732/? D/dalvikvm﹕ GC_CONCURRENT freed 487K, 25% free 2566K/3380K, paused 3ms+4ms, total 73ms
12-07 00:18:01.023   8146-17811/? D/dalvikvm﹕ GC_FOR_ALLOC freed 748K, 42% free 2200K/3748K, paused 40ms, total 41ms
12-07 00:18:01.473   7976-16329/? D/dalvikvm﹕ GC_FOR_ALLOC freed 364K, 25% free 2401K/3184K, paused 42ms, total 45ms
12-07 00:18:01.984   7976-16329/? D/dalvikvm﹕ GC_FOR_ALLOC freed 196K, 25% free 2410K/3184K, paused 65ms, total 68ms
12-07 00:18:02.444   7976-16329/? D/dalvikvm﹕ GC_FOR_ALLOC freed 202K, 25% free 2409K/3184K, paused 61ms, total 63ms
12-07 00:18:02.985   7976-16329/? D/dalvikvm﹕ GC_FOR_ALLOC freed 218K, 25% free 2397K/3184K, paused 52ms, total 55ms
12-07 00:18:03.385   7976-16329/? D/dalvikvm﹕ GC_FOR_ALLOC freed 225K, 26% free 2384K/3184K, paused 112ms, total 125ms
12-07 00:18:03.986   7976-16329/? D/dalvikvm﹕ GC_FOR_ALLOC freed 226K, 26% free 2384K/3184K, paused 49ms, total 49ms
12-07 00:18:04.606    1751-1762/? I/PowerManagerService﹕ Going to sleep due to screen timeout...
12-07 00:18:04.606    1751-1781/? I/PowerManagerService﹕ Dozing...
12-07 00:18:04.606    1751-1774/? I/DreamController﹕ Starting dream: name=ComponentInfo{com.google.android.wearable.app/com.google.android.clockwork.home.AmbientMode}, isTest=false, canDoze=true, userId=0
12-07 00:18:04.676    1751-1925/? I/ActivityManager﹕ START u0 {act=android.intent.action.MAIN cat=[android.intent.category.HOME] flg=0x10000000 cmp=com.google.android.wearable.app/com.google.android.clockwork.home.HomeActivity (has extras)} from pid 1870 on display 0
12-07 00:18:04.676    1751-1774/? I/DreamController﹕ Stopping dream: name=ComponentInfo{com.google.android.wearable.app/com.google.android.clockwork.home.AmbientMode}, isTest=false, canDoze=true, userId=0
12-07 00:18:04.696    1751-1781/? I/PowerManagerService﹕ Sleeping...
12-07 00:18:04.736    1870-1870/? I/AmbientMode﹕ Ambient mode started: canDoze=true, dozeHardware=null
12-07 00:18:04.736    1418-1418/? D/mot_vr_audio_hw﹕ dsp_recognizer_enabled = false
12-07 00:18:04.736    1411-1411/? D/ADSPD﹕ Client cmd=0x0003, size=4
12-07 00:18:04.746   1418-17807/? D/mot_vr_audio_hw﹕ Switching DSP to standby/passthrough mode
12-07 00:18:04.746   1418-17807/? D/mot_vr_audio_hw﹕ Input 0xb76ce530 ready to read
12-07 00:18:04.756    1411-1411/? D/ADSPD﹕ Received from DSP: cmd=0x8003, size=2
12-07 00:18:04.756    1411-1411/? D/ADSPD﹕ Client cmd=0x0003, size=4
12-07 00:18:04.756    1418-2009/? D/mot_vr_audio_hw﹕ received recognition control callback, status 0
12-07 00:18:04.766    1411-1411/? D/ADSPD﹕ Received from DSP: cmd=0x8003, size=2
12-07 00:18:04.766    1418-2009/? D/mot_vr_audio_hw﹕ received recognition control callback, status 0
12-07 00:18:04.796   1418-17807/? W/mot_vr_audio_hw﹕ Discarded 10 buffers without finding audio data
12-07 00:18:04.806    1411-1411/? D/ADSPD﹕ Client cmd=0x0003, size=4
12-07 00:18:04.806   1418-17807/? D/mot_vr_audio_hw﹕ Re-arming DSP
12-07 00:18:04.806   1418-17807/? D/mot_vr_audio_hw﹕ Input 0xb76ce530 standby complete
12-07 00:18:04.816    1418-4048/? D/mot_vr_audio_hw﹕ Input 0xb76ce530 close complete
12-07 00:18:04.816    1411-1411/? D/ADSPD﹕ Received from DSP: cmd=0x8003, size=2
12-07 00:18:04.816    1411-1411/? D/ADSPD﹕ Client cmd=0x4003, size=2
12-07 00:18:04.816    1418-2009/? D/mot_vr_audio_hw﹕ received recognition control callback, status 0
12-07 00:18:04.816    1418-1524/? D/mot_vr_audio_hw﹕ dsp_recognizer_enabled = true
12-07 00:18:04.816    1411-1411/? D/ADSPD﹕ Client cmd=0x0003, size=4
12-07 00:18:04.816    1418-4048/? D/mot_vr_audio_hw﹕ open_input_stream(): devices = 0x80000004, rate = 8000, channels = 0x10
12-07 00:18:04.816    1418-4048/? D/mot_vr_audio_hw﹕ Created resampler for 16000->8000 Hz
12-07 00:18:04.826    1411-1411/? D/ADSPD﹕ Received from DSP: cmd=0x8003, size=2
12-07 00:18:04.826    1411-1411/? D/ADSPD﹕ Client cmd=0x4003, size=2
12-07 00:18:04.826    1418-2009/? D/mot_vr_audio_hw﹕ received recognition control callback, status 0
12-07 00:18:04.836    1870-1870/? I/AmbientMode﹕ Dream ended: isDozing=true
12-07 00:18:04.846   1418-17814/? D/mot_vr_audio_hw﹕ in_read waiting for hotword
12-07 00:18:05.247    8146-8146/? D/WearApiHelper﹕ Disconnecting
12-07 00:18:05.357    1751-1816/? D/LightsService﹕ Excessive delay setting light: 90ms
12-07 00:18:05.357    1416-1416/? D/SurfaceFlinger﹕ Screen released, type=0 flinger=0xb7fe9448
12-07 00:18:05.497    1416-1416/? D/hwcomposer﹕ hwc_blank(0: 1)
12-07 00:18:05.497    1751-1816/? D/SurfaceControl﹕ Excessive delay in blankDisplay() while turning screen off: 143ms
12-07 00:18:05.517    1751-1777/? I/DisplayManagerService﹕ Display device changed: DisplayDeviceInfo{"Built-in Screen": 320 x 290, 45.000004 fps, density 213, 203.2 x 204.61111 dpi, touch INTERNAL, rotation 0, type BUILT_IN, state OFF, FLAG_DEFAULT_DISPLAY, FLAG_ROTATES_WITH_CONTENT, FLAG_SECURE, FLAG_SUPPORTS_PROTECTED_BUFFERS}
12-07 00:18:05.517    1751-1751/? V/ActivityManager﹕ Display changed displayId=0
12-07 00:18:05.537    8175-8175/? V/WearActivity﹕ display changed: 0, new state: 1
12-07 00:18:05.537    8175-8175/? I/TimeWrapper﹕ FPS: 26.835457, samples: 155
12-07 00:18:05.537    8175-8175/? I/TimeWrapper﹕ Min/Avg/Max frame render speed (ms): 4.028321 / 12.817579 / 64.51416
12-07 00:18:05.537    8175-8175/? I/TimeWrapper﹕ Waketime: 34.39656%
12-07 00:18:05.537    8175-8175/? V/MyViewAnim﹕ redrawSlow: resume -> 1
12-07 00:18:05.537    8175-8175/? V/MyViewAnim﹕ redrawSlow: startHelper -> 1
12-07 00:18:05.537    8175-8175/? V/WearActivity﹕ onDisplayChanged: off!
12-07 00:18:05.537    8175-8175/? V/WearActivity﹕ stopHelper: shutting things down
12-07 00:18:05.557    1751-1781/? D/MinnowPowerHAL﹕ power_set_interactive: 0
12-07 00:18:05.557    1751-1781/? D/MinnowPowerHAL﹕ sysfs_write: /sys/devices/platform/omapdss/display0/interactivemode 0
12-07 00:18:05.557    1751-1781/? D/MinnowPowerHAL﹕ sysfs_write: /sys/devices/ocp.2/i2c.6/i2c-0/0-004a/interactivemode 0
12-07 00:18:05.557    1751-1781/? D/MinnowPowerHAL﹕ sysfs_write: /sys/class/leds/lcd-backlight/interactive 0
12-07 00:18:05.557    1751-1781/? D/mot_vr_audio_hw﹕ dsp_set_pm_state = off
12-07 00:18:05.567    1411-1411/? D/ADSPD﹕ Client cmd=0x4002, size=2
12-07 00:18:05.567    1411-1411/? D/ADSPD﹕ DSP_CMD_DAEMON_SET_PM_STATE : 0
12-07 00:18:05.567    1411-1411/? D/ADSPD﹕ DSP not turned off as still being used
12-07 00:18:05.577    1418-1524/? D/mot_vr_audio_hw﹕ dsp_recognizer_enabled = false
12-07 00:18:05.577    1411-1411/? D/ADSPD﹕ Client cmd=0x0003, size=4
12-07 00:18:05.577    1411-1411/? D/ADSPD﹕ Trying to send to dsp while in dsp in RESET
12-07 00:18:05.577   1418-17814/? W/mot_vr_audio_hw﹕ Not allowing wake() since DSP is disabled
12-07 00:18:05.587    8175-8175/? V/WearActivity﹕ killing alarms
12-07 00:18:05.587    8175-8175/? V/MyViewAnim﹕ stopping animation!
12-07 00:18:05.587    8175-8175/? V/MyViewAnim﹕ killDrawThread
12-07 00:18:05.587    8175-8175/? I/ClockFace﹕ Ambient mode: false
12-07 00:18:05.587    8175-8175/? V/WearActivity﹕ Pause!
12-07 00:18:05.587    8175-8175/? V/WearActivity﹕ Stop!
12-07 00:18:05.587   8175-17809/? V/MyViewAnim/PanelThread﹕ looper finished!
12-07 00:18:05.587   8175-17809/? V/MyViewAnim/PanelThread﹕ draw thread termination
12-07 00:18:05.587   1418-17814/? W/mot_vr_audio_hw﹕ Not allowing wake() since DSP is disabled
12-07 00:18:05.587    1751-1751/? W/InputMethodManagerService﹕ Ignoring setImeWindowStatus of uid 1000 token: null
12-07 00:18:05.607    1411-1411/? D/ADSPD﹕ Client cmd=0x4003, size=2
12-07 00:18:05.607    1411-1411/? D/ADSPD﹕ DSP no longer used, turned off here
12-07 00:18:05.607    1418-4048/? D/mot_vr_audio_hw﹕ Input 0xb76ce530 close complete
12-07 00:18:05.647    8146-8152/? D/dalvikvm﹕ GC_CONCURRENT freed 61K, 27% free 2526K/3424K, paused 2ms+1ms, total 106ms
12-07 00:18:06.458    2119-2176/? W/bt-btif﹕ dm_pm_timer expires
12-07 00:18:06.458    2119-2176/? W/bt-btif﹕ dm_pm_timer expires 0
12-07 00:18:06.458    2119-2176/? W/bt-btif﹕ proc dm_pm_timer expires
12-07 00:18:27.732    2119-2176/? W/bt-btif﹕ dm_pm_timer expires
12-07 00:18:27.732    2119-2176/? W/bt-btif﹕ dm_pm_timer expires 0
12-07 00:18:27.732    2119-2176/? W/bt-btif﹕ proc dm_pm_timer expires
12-07 00:20:18.710    1751-1755/? D/dalvikvm﹕ GC_CONCURRENT freed 684K, 36% free 5071K/7912K, paused 4ms+5ms, total 121ms
12-07 00:20:18.891    1870-2027/? E/CwCal﹕ CalHomeUtil:Unable to get data items: calendar
    com.google.android.wearable.gmsclient.WearableException: getDataItems failed: Status{statusCode=TIMEOUT, resolution=null}
            at com.google.android.wearable.gmsclient.GoogleApiClientHelper.throwIfFailed(GoogleApiClientHelper.java:98)
            at com.google.android.wearable.gmsclient.DataManager.getDataItems(DataManager.java:248)
            at com.google.android.clockwork.home.calendar.CalendarHomeUtils.getAllDataItemsNullable(CalendarHomeUtils.java:168)
            at com.google.android.clockwork.home.calendar.CalendarHomeUtils.getAllDataItems(CalendarHomeUtils.java:157)
            at com.google.android.clockwork.home.calendar.CalendarHomeUtils.refreshAllCards(CalendarHomeUtils.java:330)
            at com.google.android.clockwork.home.calendar.CalendarHomeUtils.refreshOneCard(CalendarHomeUtils.java:205)
            at com.google.android.clockwork.home.calendar.CalendarClockworkListener.onDataChanged(CalendarClockworkListener.java:43)
            at com.google.android.clockwork.host.ListenerDispatcher.onDataChanged(ListenerDispatcher.java:100)
            at com.google.android.clockwork.host.DispatchingWearableListenerService.onDataChanged(DispatchingWearableListenerService.java:43)
            at com.google.android.gms.wearable.WearableListenerService$a$1.run(Unknown Source)
            at android.os.Handler.handleCallback(Handler.java:733)
            at android.os.Handler.dispatchMessage(Handler.java:95)
            at android.os.Looper.loop(Looper.java:136)
            at android.os.HandlerThread.run(HandlerThread.java:61)
12-07 00:20:31.698    7702-7704/? D/dalvikvm﹕ GC_CONCURRENT freed 422K, 23% free 2273K/2920K, paused 3ms+2ms, total 22ms
12-07 00:20:31.718   7702-17816/? I/FitnessWearable﹕ Refreshing Platform Data
12-07 00:20:31.728    7983-8029/? I/Fitness﹕ Account supported from server: true
12-07 00:20:31.738    7983-8029/? I/Fitness﹕ schedule to sync accounts: [dwallach@gmail.com]
12-07 00:20:31.798    7983-7987/? D/dalvikvm﹕ GC_CONCURRENT freed 401K, 20% free 2665K/3304K, paused 2ms+4ms, total 34ms
12-07 00:20:31.818   7702-17816/? I/FitnessWearable﹕ Completed query in 78 milliseconds
12-07 00:20:33.610    2119-2176/? W/bt-btif﹕ dm_pm_timer expires
12-07 00:20:33.610    2119-2176/? W/bt-btif﹕ dm_pm_timer expires 0
12-07 00:20:33.610    2119-2176/? W/bt-btif﹕ proc dm_pm_timer expires
12-07 00:22:18.590    7983-7983/? I/Fitness﹕ WearableSyncServiceReceiver.onReceive
12-07 00:22:18.640   7983-17818/? I/Fitness﹕ WearableSyncService syncing to 1 nodes.
12-07 00:22:18.680   7983-17818/? I/Fitness﹕ syncing: 0
12-07 00:22:22.654    1870-1945/? W/NotificationBridger﹕ error getting local node
    com.google.android.wearable.gmsclient.WearableException: getLocalNode failed: Status{statusCode=TIMEOUT, resolution=null}
            at com.google.android.wearable.gmsclient.GoogleApiClientHelper.throwIfFailed(GoogleApiClientHelper.java:98)
            at com.google.android.wearable.gmsclient.NodeManager.getLocalNode(NodeManager.java:69)
            at com.google.android.clockwork.stream.bridger.NotificationBridger.handleFullSync(NotificationBridger.java:283)
            at com.google.android.clockwork.stream.bridger.NotificationBridger.handleMessage(NotificationBridger.java:1170)
            at android.os.Handler.dispatchMessage(Handler.java:98)
            at android.os.Looper.loop(Looper.java:136)
            at android.os.HandlerThread.run(HandlerThread.java:61)
12-07 00:22:27.709   1870-16449/? W/ClockworkProxy﹕ Exception sendToOtherNode: type 6
    com.google.android.wearable.gmsclient.WearableException: sendRpc failed: Status{statusCode=TIMEOUT, resolution=null}
            at com.google.android.wearable.gmsclient.MessageManager.sendMessage(MessageManager.java:65)
            at com.google.android.clockwork.proxy.ClockworkProxy.sendToOtherNode(ClockworkProxy.java:169)
            at com.google.android.clockwork.home.proxy.UdpRelayingThread.startRelayingService(UdpRelayingThread.java:73)
            at com.google.android.clockwork.home.proxy.UdpRelayingThread.run(UdpRelayingThread.java:33)
12-07 00:22:31.863    1870-1953/? W/Clockwork.Settings﹕ could not send rpc to writer
    com.google.android.wearable.gmsclient.WearableException: sendRpc failed: Status{statusCode=TIMEOUT, resolution=null}
            at com.google.android.wearable.gmsclient.MessageManager.sendMessage(MessageManager.java:65)
            at com.google.android.clockwork.settings.SettingsDataItemReader$ClockworkHandler.handleMessage(SettingsDataItemReader.java:387)
            at android.os.Handler.dispatchMessage(Handler.java:102)
            at android.os.Looper.loop(Looper.java:136)
            at android.os.HandlerThread.run(HandlerThread.java:61)
12-07 00:22:31.863    1870-1953/? I/Clockwork.Settings﹕ scheduling time sync for 1024000 ms from now
12-07 00:22:31.863    1870-1953/? I/Clockwork.Settings﹕ firing a scheduled time sync now
12-07 00:22:31.863    1870-1953/? I/Clockwork.Settings﹕ sending time sync request - elapsedRealTime: 226724543
12-07 00:22:31.863    1870-1953/? I/Clockwork.Settings﹕ firing a scheduled time sync now
12-07 00:22:31.863    1870-1953/? I/Clockwork.Settings﹕ sending time sync request - elapsedRealTime: 226724543
12-07 00:22:31.863    1870-1953/? I/Clockwork.Settings﹕ firing a scheduled time sync now
12-07 00:22:31.863    1870-1953/? I/Clockwork.Settings﹕ sending time sync request - elapsedRealTime: 226724544
12-07 00:22:31.873    1870-1953/? I/Clockwork.Settings﹕ firing a scheduled time sync now
12-07 00:22:31.873    1870-1953/? I/Clockwork.Settings﹕ sending time sync request - elapsedRealTime: 226724545
12-07 00:22:45.887   1870-17756/? E/CwCal﹕ CalHomeUtil:Unable to get data items: calendar
    com.google.android.wearable.gmsclient.WearableException: getDataItems failed: Status{statusCode=TIMEOUT, resolution=null}
            at com.google.android.wearable.gmsclient.GoogleApiClientHelper.throwIfFailed(GoogleApiClientHelper.java:98)
            at com.google.android.wearable.gmsclient.DataManager.getDataItems(DataManager.java:248)
            at com.google.android.clockwork.home.calendar.CalendarHomeUtils.getAllDataItemsNullable(CalendarHomeUtils.java:168)
            at com.google.android.clockwork.home.calendar.CalendarHomeUtils.scheduleAlarmForNextEvent(CalendarHomeUtils.java:749)
            at com.google.android.clockwork.home.calendar.CalendarHomeUtils.refreshAllCards(CalendarHomeUtils.java:325)
            at com.google.android.clockwork.home.calendar.CalendarEventService.onHandleIntent(CalendarEventService.java:41)
            at android.app.IntentService$ServiceHandler.handleMessage(IntentService.java:65)
            at android.os.Handler.dispatchMessage(Handler.java:102)
            at android.os.Looper.loop(Looper.java:136)
            at android.os.HandlerThread.run(HandlerThread.java:61)
12-07 00:22:52.653    1870-1945/? W/NotificationBridger﹕ error getting dataItems
    com.google.android.wearable.gmsclient.WearableException: getDataItems failed: Status{statusCode=TIMEOUT, resolution=null}
            at com.google.android.wearable.gmsclient.GoogleApiClientHelper.throwIfFailed(GoogleApiClientHelper.java:98)
            at com.google.android.wearable.gmsclient.DataManager.getDataItems(DataManager.java:248)
            at com.google.android.clockwork.stream.bridger.NotificationBridger.handleFullSync(NotificationBridger.java:297)
            at com.google.android.clockwork.stream.bridger.NotificationBridger.handleMessage(NotificationBridger.java:1170)
            at android.os.Handler.dispatchMessage(Handler.java:98)
            at android.os.Looper.loop(Looper.java:136)
            at android.os.HandlerThread.run(HandlerThread.java:61)
12-07 00:22:52.663    1870-1945/? I/NotificationBridger﹕ Retry startup in 10000 ms
12-07 00:22:57.708   1870-16449/? W/ClockworkProxy﹕ Exception sendToOtherNode: type 6
    com.google.android.wearable.gmsclient.WearableException: sendRpc failed: Status{statusCode=TIMEOUT, resolution=null}
            at com.google.android.wearable.gmsclient.MessageManager.sendMessage(MessageManager.java:65)
            at com.google.android.clockwork.proxy.ClockworkProxy.sendToOtherNode(ClockworkProxy.java:169)
            at com.google.android.clockwork.home.proxy.UdpRelayingThread.startRelayingService(UdpRelayingThread.java:73)
            at com.google.android.clockwork.home.proxy.UdpRelayingThread.run(UdpRelayingThread.java:33)
12-07 00:23:01.872    1870-1953/? W/Clockwork.Settings﹕ could not send rpc to writer
    com.google.android.wearable.gmsclient.WearableException: sendRpc failed: Status{statusCode=TIMEOUT, resolution=null}
            at com.google.android.wearable.gmsclient.MessageManager.sendMessage(MessageManager.java:65)
            at com.google.android.clockwork.settings.SettingsDataItemReader$ClockworkHandler.handleMessage(SettingsDataItemReader.java:387)
            at android.os.Handler.dispatchMessage(Handler.java:102)
            at android.os.Looper.loop(Looper.java:136)
            at android.os.HandlerThread.run(HandlerThread.java:61)
12-07 00:23:01.872    1870-1953/? E/Clockwork.Settings﹕ Too many retries: 10 - stop retrying.
12-07 00:23:01.872    1870-1953/? I/Clockwork.Settings﹕ firing a scheduled time sync now
12-07 00:23:01.872    1870-1953/? I/Clockwork.Settings﹕ sending time sync request - elapsedRealTime: 226754550
12-07 00:23:01.872    1870-1953/? I/Clockwork.Settings﹕ firing a scheduled time sync now
12-07 00:23:01.872    1870-1953/? I/Clockwork.Settings﹕ sending time sync request - elapsedRealTime: 226754551
12-07 00:23:01.872    1870-1953/? I/Clockwork.Settings﹕ firing a scheduled time sync now
12-07 00:23:01.872    1870-1953/? I/Clockwork.Settings﹕ sending time sync request - elapsedRealTime: 226754551
12-07 00:23:01.872    1870-1953/? I/Clockwork.Settings﹕ firing a scheduled time sync now
12-07 00:23:01.872    1870-1953/? I/Clockwork.Settings﹕ sending time sync request - elapsedRealTime: 226754552
12-07 00:23:01.872    1870-1953/? I/Clockwork.Settings﹕ firing a scheduled time sync now
12-07 00:23:01.872    1870-1953/? I/Clockwork.Settings﹕ sending time sync request - elapsedRealTime: 226754552
12-07 00:23:15.896   1870-17756/? E/CwCal﹕ CalHomeUtil:Unable to get data items: calendar
    com.google.android.wearable.gmsclient.WearableException: getDataItems failed: Status{statusCode=TIMEOUT, resolution=null}
            at com.google.android.wearable.gmsclient.GoogleApiClientHelper.throwIfFailed(GoogleApiClientHelper.java:98)
            at com.google.android.wearable.gmsclient.DataManager.getDataItems(DataManager.java:248)
            at com.google.android.clockwork.home.calendar.CalendarHomeUtils.getAllDataItemsNullable(CalendarHomeUtils.java:168)
            at com.google.android.clockwork.home.calendar.CalendarHomeUtils.getAllDataItems(CalendarHomeUtils.java:157)
