12-06 22:48:20.903    1751-1777/? I/DisplayManagerService﹕ Display device changed: DisplayDeviceInfo{"ActivityViewVirtualDisplay": 320 x 320, 60.0 fps, density 213, 213.0 x 213.0 dpi, touch NONE, rotation 0, type VIRTUAL, state ON, owner android (uid 1000), FLAG_OWN_CONTENT_ONLY}
12-06 22:48:20.903    1751-1751/? V/ActivityManager﹕ Display changed displayId=14
12-06 22:48:21.094    1751-1925/? D/SensorHAL﹕ adjustSensorHandle: handle = 9 adjustedHandle = 1
12-06 22:48:21.094    1751-1925/? D/SensorHAL﹕ adjustSensorHandle: handle = 9 adjustedHandle = 1
12-06 22:48:21.114    1751-1931/? D/SensorHAL﹕ adjustSensorHandle: handle = 9 adjustedHandle = 1
12-06 22:48:25.558    1751-1781/? I/PowerManagerService﹕ Going to sleep due to screen timeout...
12-06 22:48:25.558    1751-1781/? I/PowerManagerService﹕ Dozing...
12-06 22:48:25.568    1751-1774/? I/DreamController﹕ Starting dream: name=ComponentInfo{com.google.android.wearable.app/com.google.android.clockwork.home.AmbientMode}, isTest=false, canDoze=true, userId=0
12-06 22:48:25.588    1751-1751/? W/InputMethodManagerService﹕ Ignoring setImeWindowStatus of uid 1000 token: null
12-06 22:48:25.728    1751-2330/? I/ActivityManager﹕ START u0 {act=android.intent.action.MAIN cat=[android.intent.category.HOME] flg=0x10000000 cmp=com.google.android.wearable.app/com.google.android.clockwork.home.HomeActivity (has extras)} from pid 1870 on display 0
12-06 22:48:25.728    1751-1774/? I/DreamController﹕ Stopping dream: name=ComponentInfo{com.google.android.wearable.app/com.google.android.clockwork.home.AmbientMode}, isTest=false, canDoze=true, userId=0
12-06 22:48:25.738    1751-1781/? I/PowerManagerService﹕ Sleeping...
12-06 22:48:26.499    1751-1777/? I/DisplayManagerService﹕ Display device changed: DisplayDeviceInfo{"Built-in Screen": 320 x 290, 45.000004 fps, density 213, 203.2 x 204.61111 dpi, touch INTERNAL, rotation 0, type BUILT_IN, state OFF, FLAG_DEFAULT_DISPLAY, FLAG_ROTATES_WITH_CONTENT, FLAG_SECURE, FLAG_SUPPORTS_PROTECTED_BUFFERS}
12-06 22:48:26.499    1751-1751/? V/ActivityManager﹕ Display changed displayId=0
12-06 22:48:30.113    1751-1768/? D/SensorHALGestureSensor﹕ Gesture event received! time = 1417927710115701525
12-06 22:48:30.113    1751-1803/? I/PowerManagerService﹕ Waking up from sleep...
12-06 22:48:30.113    1751-1775/? W/KeyguardServiceDelegate﹕ onScreenTurnedOn(): no keyguard service!
12-06 22:48:30.283    1751-1751/? V/ActivityManager﹕ Display changed displayId=0
12-06 22:48:30.283    1751-1751/? W/InputMethodManagerService﹕ Ignoring setImeWindowStatus of uid 1000 token: null
12-06 22:48:30.393    1751-1777/? I/DisplayManagerService﹕ Display device changed: DisplayDeviceInfo{"Built-in Screen": 320 x 290, 45.000004 fps, density 213, 203.2 x 204.61111 dpi, touch INTERNAL, rotation 0, type BUILT_IN, state ON, FLAG_DEFAULT_DISPLAY, FLAG_ROTATES_WITH_CONTENT, FLAG_SECURE, FLAG_SUPPORTS_PROTECTED_BUFFERS}
12-06 22:48:30.393    1751-1751/? V/ActivityManager﹕ Display changed displayId=0
12-06 22:48:30.453    1751-2330/? D/SensorHAL﹕ adjustSensorHandle: handle = 9 adjustedHandle = 1
12-06 22:48:30.453    1751-2330/? D/SensorHAL﹕ adjustSensorHandle: handle = 9 adjustedHandle = 1
12-06 22:48:30.473    1751-1929/? D/SensorHAL﹕ adjustSensorHandle: handle = 9 adjustedHandle = 1
12-06 22:48:35.258    1751-1762/? I/PowerManagerService﹕ Going to sleep due to screen timeout...
12-06 22:48:35.268    1751-1781/? I/PowerManagerService﹕ Dozing...
12-06 22:48:35.268    1751-1774/? I/DreamController﹕ Starting dream: name=ComponentInfo{com.google.android.wearable.app/com.google.android.clockwork.home.AmbientMode}, isTest=false, canDoze=true, userId=0
12-06 22:48:35.318    1751-1803/? I/ActivityManager﹕ START u0 {act=android.intent.action.MAIN cat=[android.intent.category.HOME] flg=0x10000000 cmp=com.google.android.wearable.app/com.google.android.clockwork.home.HomeActivity (has extras)} from pid 1870 on display 0
12-06 22:48:35.318    1751-1774/? I/DreamController﹕ Stopping dream: name=ComponentInfo{com.google.android.wearable.app/com.google.android.clockwork.home.AmbientMode}, isTest=false, canDoze=true, userId=0
12-06 22:48:35.318    1751-1781/? I/PowerManagerService﹕ Sleeping...
12-06 22:48:36.088    1751-1777/? I/DisplayManagerService﹕ Display device changed: DisplayDeviceInfo{"Built-in Screen": 320 x 290, 45.000004 fps, density 213, 203.2 x 204.61111 dpi, touch INTERNAL, rotation 0, type BUILT_IN, state OFF, FLAG_DEFAULT_DISPLAY, FLAG_ROTATES_WITH_CONTENT, FLAG_SECURE, FLAG_SUPPORTS_PROTECTED_BUFFERS}
12-06 22:48:36.088    1751-1751/? V/ActivityManager﹕ Display changed displayId=0
12-06 22:48:36.139    1751-1751/? W/InputMethodManagerService﹕ Ignoring setImeWindowStatus of uid 1000 token: null
12-06 22:48:48.330    1751-1768/? D/SensorHALGestureSensor﹕ Gesture event received! time = 1417927728333200301
12-06 22:48:48.330    1751-2330/? I/PowerManagerService﹕ Waking up from sleep...
12-06 22:48:48.330    1751-1775/? W/KeyguardServiceDelegate﹕ onScreenTurnedOn(): no keyguard service!
12-06 22:48:48.500    1751-1751/? W/InputMethodManagerService﹕ Ignoring setImeWindowStatus of uid 1000 token: null
12-06 22:48:48.590    1751-1777/? I/DisplayManagerService﹕ Display device changed: DisplayDeviceInfo{"Built-in Screen": 320 x 290, 45.000004 fps, density 213, 203.2 x 204.61111 dpi, touch INTERNAL, rotation 0, type BUILT_IN, state ON, FLAG_DEFAULT_DISPLAY, FLAG_ROTATES_WITH_CONTENT, FLAG_SECURE, FLAG_SUPPORTS_PROTECTED_BUFFERS}
12-06 22:48:48.590    1751-1751/? V/ActivityManager﹕ Display changed displayId=0
12-06 22:48:48.700    1751-1925/? D/SensorHAL﹕ adjustSensorHandle: handle = 9 adjustedHandle = 1
12-06 22:48:48.700    1751-1925/? D/SensorHAL﹕ adjustSensorHandle: handle = 9 adjustedHandle = 1
12-06 22:48:48.721    1751-1762/? D/SensorHAL﹕ adjustSensorHandle: handle = 9 adjustedHandle = 1
12-06 22:48:53.475    1751-2330/? I/PowerManagerService﹕ Going to sleep due to screen timeout...
12-06 22:48:53.475    1751-1781/? I/PowerManagerService﹕ Dozing...
12-06 22:48:53.475    1751-1774/? I/DreamController﹕ Starting dream: name=ComponentInfo{com.google.android.wearable.app/com.google.android.clockwork.home.AmbientMode}, isTest=false, canDoze=true, userId=0
12-06 22:48:53.535    1751-1925/? I/ActivityManager﹕ START u0 {act=android.intent.action.MAIN cat=[android.intent.category.HOME] flg=0x10000000 cmp=com.google.android.wearable.app/com.google.android.clockwork.home.HomeActivity (has extras)} from pid 1870 on display 0
12-06 22:48:53.545    1751-1774/? I/DreamController﹕ Stopping dream: name=ComponentInfo{com.google.android.wearable.app/com.google.android.clockwork.home.AmbientMode}, isTest=false, canDoze=true, userId=0
12-06 22:48:53.545    1751-1781/? I/PowerManagerService﹕ Sleeping...
12-06 22:48:54.246    1751-1777/? I/DisplayManagerService﹕ Display device changed: DisplayDeviceInfo{"Built-in Screen": 320 x 290, 45.000004 fps, density 213, 203.2 x 204.61111 dpi, touch INTERNAL, rotation 0, type BUILT_IN, state OFF, FLAG_DEFAULT_DISPLAY, FLAG_ROTATES_WITH_CONTENT, FLAG_SECURE, FLAG_SUPPORTS_PROTECTED_BUFFERS}
12-06 22:48:54.246    1751-1751/? V/ActivityManager﹕ Display changed displayId=0
12-06 22:48:54.306    1751-1751/? W/InputMethodManagerService﹕ Ignoring setImeWindowStatus of uid 1000 token: null
12-06 22:51:40.916    1751-1785/? I/PowerManagerService﹕ Waking up from sleep...
12-06 22:51:40.916    1751-1775/? W/KeyguardServiceDelegate﹕ onScreenTurnedOn(): no keyguard service!
12-06 22:51:41.176    1751-1751/? W/InputMethodManagerService﹕ Ignoring setImeWindowStatus of uid 1000 token: null
12-06 22:51:41.216    1751-1777/? I/DisplayManagerService﹕ Display device changed: DisplayDeviceInfo{"Built-in Screen": 320 x 290, 45.000004 fps, density 213, 203.2 x 204.61111 dpi, touch INTERNAL, rotation 0, type BUILT_IN, state ON, FLAG_DEFAULT_DISPLAY, FLAG_ROTATES_WITH_CONTENT, FLAG_SECURE, FLAG_SUPPORTS_PROTECTED_BUFFERS}
12-06 22:51:41.216    1751-1751/? V/ActivityManager﹕ Display changed displayId=0
12-06 22:51:41.306    1751-1925/? D/SensorHAL﹕ adjustSensorHandle: handle = 9 adjustedHandle = 1
12-06 22:51:41.306    1751-1925/? D/SensorHAL﹕ adjustSensorHandle: handle = 9 adjustedHandle = 1
12-06 22:51:41.316    1751-1931/? D/SensorHAL﹕ adjustSensorHandle: handle = 9 adjustedHandle = 1
12-06 22:51:42.687    1751-1777/? I/DisplayManagerService﹕ Display device changed: DisplayDeviceInfo{"ActivityViewVirtualDisplay": 320 x 320, 60.0 fps, density 213, 213.0 x 213.0 dpi, touch NONE, rotation 0, type VIRTUAL, state OFF, owner android (uid 1000), FLAG_OWN_CONTENT_ONLY}
12-06 22:51:42.687    1751-1751/? V/ActivityManager﹕ Display changed displayId=14
12-06 22:51:45.080    1751-1751/? V/ActivityManager﹕ Display changed displayId=0
12-06 22:51:45.110    1751-1777/? I/DisplayManagerService﹕ Display device changed: DisplayDeviceInfo{"ActivityViewVirtualDisplay": 320 x 320, 60.0 fps, density 213, 213.0 x 213.0 dpi, touch NONE, rotation 0, type VIRTUAL, state ON, owner android (uid 1000), FLAG_OWN_CONTENT_ONLY}
12-06 22:51:45.120    1751-1751/? V/ActivityManager﹕ Display changed displayId=14
12-06 22:51:46.151    1751-1777/? I/DisplayManagerService﹕ Display device changed: DisplayDeviceInfo{"ActivityViewVirtualDisplay": 320 x 320, 60.0 fps, density 213, 213.0 x 213.0 dpi, touch NONE, rotation 0, type VIRTUAL, state OFF, owner android (uid 1000), FLAG_OWN_CONTENT_ONLY}
12-06 22:51:46.151    1751-1751/? V/ActivityManager﹕ Display changed displayId=14
12-06 22:51:49.604    1751-1777/? I/DisplayManagerService﹕ Display device changed: DisplayDeviceInfo{"ActivityViewVirtualDisplay": 320 x 320, 60.0 fps, density 213, 213.0 x 213.0 dpi, touch NONE, rotation 0, type VIRTUAL, state ON, owner android (uid 1000), FLAG_OWN_CONTENT_ONLY}
12-06 22:51:49.604    1751-1751/? V/ActivityManager﹕ Display changed displayId=14
12-06 22:51:59.153    1751-1781/? I/PowerManagerService﹕ Going to sleep due to screen timeout...
12-06 22:51:59.153    1751-1781/? I/PowerManagerService﹕ Dozing...
12-06 22:51:59.173    1751-1774/? I/DreamController﹕ Starting dream: name=ComponentInfo{com.google.android.wearable.app/com.google.android.clockwork.home.AmbientMode}, isTest=false, canDoze=true, userId=0
12-06 22:51:59.183    1751-1751/? W/InputMethodManagerService﹕ Ignoring setImeWindowStatus of uid 1000 token: null
12-06 22:51:59.374    1751-2357/? I/ActivityManager﹕ START u0 {act=android.intent.action.MAIN cat=[android.intent.category.HOME] flg=0x10000000 cmp=com.google.android.wearable.app/com.google.android.clockwork.home.HomeActivity (has extras)} from pid 1870 on display 0
12-06 22:51:59.394    1751-1774/? I/DreamController﹕ Stopping dream: name=ComponentInfo{com.google.android.wearable.app/com.google.android.clockwork.home.AmbientMode}, isTest=false, canDoze=true, userId=0
12-06 22:51:59.394    1751-1781/? I/PowerManagerService﹕ Sleeping...
12-06 22:52:00.144    1751-1777/? I/DisplayManagerService﹕ Display device changed: DisplayDeviceInfo{"Built-in Screen": 320 x 290, 45.000004 fps, density 213, 203.2 x 204.61111 dpi, touch INTERNAL, rotation 0, type BUILT_IN, state OFF, FLAG_DEFAULT_DISPLAY, FLAG_ROTATES_WITH_CONTENT, FLAG_SECURE, FLAG_SUPPORTS_PROTECTED_BUFFERS}
12-06 22:52:00.144    1751-1751/? V/ActivityManager﹕ Display changed displayId=0
12-06 22:54:12.166    1751-1768/? D/SensorHALGestureSensor﹕ Gesture event received! time = 1417928052169381916
12-06 22:54:12.166    1751-1929/? I/PowerManagerService﹕ Waking up from sleep...
12-06 22:54:12.166    1751-1775/? W/KeyguardServiceDelegate﹕ onScreenTurnedOn(): no keyguard service!
12-06 22:54:12.387    1751-1751/? V/ActivityManager﹕ Display changed displayId=0
12-06 22:54:12.387    1751-1751/? W/InputMethodManagerService﹕ Ignoring setImeWindowStatus of uid 1000 token: null
12-06 22:54:12.497    1751-1803/? D/SensorHAL﹕ adjustSensorHandle: handle = 9 adjustedHandle = 1
12-06 22:54:12.497    1751-1803/? D/SensorHAL﹕ adjustSensorHandle: handle = 9 adjustedHandle = 1
12-06 22:54:12.507    1751-1777/? I/DisplayManagerService﹕ Display device changed: DisplayDeviceInfo{"Built-in Screen": 320 x 290, 45.000004 fps, density 213, 203.2 x 204.61111 dpi, touch INTERNAL, rotation 0, type BUILT_IN, state ON, FLAG_DEFAULT_DISPLAY, FLAG_ROTATES_WITH_CONTENT, FLAG_SECURE, FLAG_SUPPORTS_PROTECTED_BUFFERS}
12-06 22:54:12.507    1751-1751/? V/ActivityManager﹕ Display changed displayId=0
12-06 22:54:12.537    1751-2357/? D/SensorHAL﹕ adjustSensorHandle: handle = 9 adjustedHandle = 1
12-06 22:54:17.381    1751-2330/? I/PowerManagerService﹕ Going to sleep due to screen timeout...
12-06 22:54:17.381    1751-1781/? I/PowerManagerService﹕ Dozing...
12-06 22:54:17.381    1751-1774/? I/DreamController﹕ Starting dream: name=ComponentInfo{com.google.android.wearable.app/com.google.android.clockwork.home.AmbientMode}, isTest=false, canDoze=true, userId=0
12-06 22:54:17.431    1751-1761/? I/ActivityManager﹕ START u0 {act=android.intent.action.MAIN cat=[android.intent.category.HOME] flg=0x10000000 cmp=com.google.android.wearable.app/com.google.android.clockwork.home.HomeActivity (has extras)} from pid 1870 on display 0
12-06 22:54:17.441    1751-1774/? I/DreamController﹕ Stopping dream: name=ComponentInfo{com.google.android.wearable.app/com.google.android.clockwork.home.AmbientMode}, isTest=false, canDoze=true, userId=0
12-06 22:54:17.441    1751-1781/? I/PowerManagerService﹕ Sleeping...
12-06 22:54:17.532    1751-5562/? I/ActivityManager﹕ Delay finish: com.motorola.targetnotif/com.motorola.omni.NotificationAlarmReceiver
12-06 22:54:17.542    1751-1929/? I/ActivityManager﹕ Resuming delayed broadcast
12-06 22:54:18.202    1751-1777/? I/DisplayManagerService﹕ Display device changed: DisplayDeviceInfo{"Built-in Screen": 320 x 290, 45.000004 fps, density 213, 203.2 x 204.61111 dpi, touch INTERNAL, rotation 0, type BUILT_IN, state OFF, FLAG_DEFAULT_DISPLAY, FLAG_ROTATES_WITH_CONTENT, FLAG_SECURE, FLAG_SUPPORTS_PROTECTED_BUFFERS}
12-06 22:54:18.202    1751-1751/? V/ActivityManager﹕ Display changed displayId=0
12-06 22:54:18.272    1751-1751/? W/InputMethodManagerService﹕ Ignoring setImeWindowStatus of uid 1000 token: null
12-06 22:54:48.492    1751-1785/? I/PowerManagerService﹕ Waking up from sleep...
12-06 22:54:48.492    1751-1775/? W/KeyguardServiceDelegate﹕ onScreenTurnedOn(): no keyguard service!
12-06 22:54:48.632    1751-1751/? W/InputMethodManagerService﹕ Ignoring setImeWindowStatus of uid 1000 token: null
12-06 22:54:48.732    1751-2330/? D/SensorHAL﹕ adjustSensorHandle: handle = 9 adjustedHandle = 1
12-06 22:54:48.732    1751-2330/? D/SensorHAL﹕ adjustSensorHandle: handle = 9 adjustedHandle = 1
12-06 22:54:48.742    1751-1762/? D/SensorHAL﹕ adjustSensorHandle: handle = 9 adjustedHandle = 1
12-06 22:54:48.752    1751-1777/? I/DisplayManagerService﹕ Display device changed: DisplayDeviceInfo{"Built-in Screen": 320 x 290, 45.000004 fps, density 213, 203.2 x 204.61111 dpi, touch INTERNAL, rotation 0, type BUILT_IN, state ON, FLAG_DEFAULT_DISPLAY, FLAG_ROTATES_WITH_CONTENT, FLAG_SECURE, FLAG_SUPPORTS_PROTECTED_BUFFERS}
12-06 22:54:48.752    1751-1751/? V/ActivityManager﹕ Display changed displayId=0
12-06 22:55:02.195    1751-1781/? I/PowerManagerService﹕ Going to sleep due to screen timeout...
12-06 22:55:02.195    1751-1781/? I/PowerManagerService﹕ Dozing...
12-06 22:55:02.215    1751-1774/? I/DreamController﹕ Starting dream: name=ComponentInfo{com.google.android.wearable.app/com.google.android.clockwork.home.AmbientMode}, isTest=false, canDoze=true, userId=0
12-06 22:55:02.235    1751-1751/? W/InputMethodManagerService﹕ Ignoring setImeWindowStatus of uid 1000 token: null
12-06 22:55:02.365    1751-1761/? I/ActivityManager﹕ START u0 {act=android.intent.action.MAIN cat=[android.intent.category.HOME] flg=0x10000000 cmp=com.google.android.wearable.app/com.google.android.clockwork.home.HomeActivity (has extras)} from pid 1870 on display 0
12-06 22:55:02.365    1751-1751/? V/ActivityManager﹕ Display changed displayId=0
12-06 22:55:02.385    1751-1774/? I/DreamController﹕ Stopping dream: name=ComponentInfo{com.google.android.wearable.app/com.google.android.clockwork.home.AmbientMode}, isTest=false, canDoze=true, userId=0
12-06 22:55:02.385    1751-1781/? I/PowerManagerService﹕ Sleeping...
12-06 22:55:03.156    1751-1777/? I/DisplayManagerService﹕ Display device changed: DisplayDeviceInfo{"Built-in Screen": 320 x 290, 45.000004 fps, density 213, 203.2 x 204.61111 dpi, touch INTERNAL, rotation 0, type BUILT_IN, state OFF, FLAG_DEFAULT_DISPLAY, FLAG_ROTATES_WITH_CONTENT, FLAG_SECURE, FLAG_SUPPORTS_PROTECTED_BUFFERS}
12-06 22:55:03.156    1751-1751/? V/ActivityManager﹕ Display changed displayId=0
12-06 22:58:18.140    1751-1803/? I/ActivityManager﹕ Delay finish: com.google.android.gms/.fitness.wearables.WearableSyncServiceReceiver
12-06 22:58:18.290    1751-1925/? I/ActivityManager﹕ Resuming delayed broadcast
12-06 22:58:18.300    1751-1796/? D/ConnectivityService﹕ Sampling interval elapsed, updating statistics ..
12-06 22:58:18.300    1751-1796/? D/ConnectivityService﹕ Done.
12-06 22:58:18.300    1751-1796/? D/ConnectivityService﹕ Setting timer for 720seconds
12-06 22:58:26.088    1751-1803/? I/ActivityManager﹕ START u0 {act=android.intent.action.MAIN cat=[android.intent.category.HOME] flg=0x10000000 cmp=com.google.android.wearable.app/com.google.android.clockwork.home.HomeActivity (has extras)} from pid 1870 on display 0
12-06 22:58:26.128    1751-1751/? V/ActivityManager﹕ Display changed displayId=0
12-06 22:58:26.138    1751-8116/? I/ActivityManager﹕ START u0 {act=android.intent.action.MAIN cat=[android.intent.category.HOME] flg=0x10000000 cmp=com.google.android.wearable.app/com.google.android.clockwork.home.HomeActivity (has extras)} from pid 1870 on display 0
12-06 22:58:26.528    1751-1929/? I/ActivityManager﹕ START u0 {act=android.intent.action.MAIN cat=[android.intent.category.HOME] flg=0x10000000 cmp=com.google.android.wearable.app/com.google.android.clockwork.home.HomeActivity (has extras)} from pid 1870 on display 0
12-06 23:06:37.453    1751-1768/? D/SensorHALGestureSensor﹕ Gesture event received! time = 1417928797456369182
12-06 23:06:37.453    1751-1925/? I/PowerManagerService﹕ Waking up from sleep...
12-06 23:06:37.453    1751-1775/? W/KeyguardServiceDelegate﹕ onScreenTurnedOn(): no keyguard service!
12-06 23:06:37.654    1751-1751/? W/InputMethodManagerService﹕ Ignoring setImeWindowStatus of uid 1000 token: null
12-06 23:06:37.784    1751-2330/? D/SensorHAL﹕ adjustSensorHandle: handle = 9 adjustedHandle = 1
12-06 23:06:37.784    1751-2330/? D/SensorHAL﹕ adjustSensorHandle: handle = 9 adjustedHandle = 1
12-06 23:06:37.794    1751-1777/? I/DisplayManagerService﹕ Display device changed: DisplayDeviceInfo{"Built-in Screen": 320 x 290, 45.000004 fps, density 213, 203.2 x 204.61111 dpi, touch INTERNAL, rotation 0, type BUILT_IN, state ON, FLAG_DEFAULT_DISPLAY, FLAG_ROTATES_WITH_CONTENT, FLAG_SECURE, FLAG_SUPPORTS_PROTECTED_BUFFERS}
12-06 23:06:37.794    1751-1751/? V/ActivityManager﹕ Display changed displayId=0
12-06 23:06:37.824    1751-1929/? D/SensorHAL﹕ adjustSensorHandle: handle = 9 adjustedHandle = 1
12-06 23:06:42.658    1751-2357/? I/PowerManagerService﹕ Going to sleep due to screen timeout...
12-06 23:06:42.658    1751-1781/? I/PowerManagerService﹕ Dozing...
12-06 23:06:42.658    1751-1774/? I/DreamController﹕ Starting dream: name=ComponentInfo{com.google.android.wearable.app/com.google.android.clockwork.home.AmbientMode}, isTest=false, canDoze=true, userId=0
12-06 23:06:42.718    1751-1931/? I/ActivityManager﹕ START u0 {act=android.intent.action.MAIN cat=[android.intent.category.HOME] flg=0x10000000 cmp=com.google.android.wearable.app/com.google.android.clockwork.home.HomeActivity (has extras)} from pid 1870 on display 0
12-06 23:06:42.718    1751-1774/? I/DreamController﹕ Stopping dream: name=ComponentInfo{com.google.android.wearable.app/com.google.android.clockwork.home.AmbientMode}, isTest=false, canDoze=true, userId=0
12-06 23:06:42.718    1751-1781/? I/PowerManagerService﹕ Sleeping...
12-06 23:06:42.819    1751-1761/? I/ActivityManager﹕ Delay finish: com.google.android.gms/.checkin.EventLogService$Receiver
12-06 23:06:43.079    1751-1925/? I/ActivityManager﹕ Resuming delayed broadcast
12-06 23:06:43.469    1751-1777/? I/DisplayManagerService﹕ Display device changed: DisplayDeviceInfo{"Built-in Screen": 320 x 290, 45.000004 fps, density 213, 203.2 x 204.61111 dpi, touch INTERNAL, rotation 0, type BUILT_IN, state OFF, FLAG_DEFAULT_DISPLAY, FLAG_ROTATES_WITH_CONTENT, FLAG_SECURE, FLAG_SUPPORTS_PROTECTED_BUFFERS}
12-06 23:06:43.469    1751-1751/? V/ActivityManager﹕ Display changed displayId=0
12-06 23:06:43.549    1751-1751/? W/InputMethodManagerService﹕ Ignoring setImeWindowStatus of uid 1000 token: null
12-06 23:09:39.600    1751-5562/? I/ActivityManager﹕ Delay finish: com.motorola.targetnotif/com.motorola.omni.NotificationAlarmReceiver
12-06 23:09:39.620    1751-2357/? I/ActivityManager﹕ Resuming delayed broadcast
12-06 23:12:48.590    1751-1796/? D/ConnectivityService﹕ Sampling interval elapsed, updating statistics ..
12-06 23:12:48.600    1751-1931/? I/ActivityManager﹕ Delay finish: com.google.android.gms/.fitness.wearables.WearableSyncServiceReceiver
12-06 23:12:48.600    1751-1796/? D/ConnectivityService﹕ Done.
12-06 23:12:48.600    1751-1796/? D/ConnectivityService﹕ Setting timer for 720seconds
12-06 23:12:48.740    1751-1929/? I/ActivityManager﹕ Resuming delayed broadcast
12-06 23:19:40.057    1751-1768/? D/SensorHALGestureSensor﹕ Gesture event received! time = 1417929580059701656
12-06 23:19:40.057    1751-2357/? I/PowerManagerService﹕ Waking up from sleep...
12-06 23:19:40.057    1751-1775/? W/KeyguardServiceDelegate﹕ onScreenTurnedOn(): no keyguard service!
12-06 23:19:40.357    1751-1751/? W/InputMethodManagerService﹕ Ignoring setImeWindowStatus of uid 1000 token: null
12-06 23:19:40.387    1751-1777/? I/DisplayManagerService﹕ Display device changed: DisplayDeviceInfo{"Built-in Screen": 320 x 290, 45.000004 fps, density 213, 203.2 x 204.61111 dpi, touch INTERNAL, rotation 0, type BUILT_IN, state ON, FLAG_DEFAULT_DISPLAY, FLAG_ROTATES_WITH_CONTENT, FLAG_SECURE, FLAG_SUPPORTS_PROTECTED_BUFFERS}
12-06 23:19:40.387    1751-1751/? V/ActivityManager﹕ Display changed displayId=0
12-06 23:19:40.467    1751-1762/? D/SensorHAL﹕ adjustSensorHandle: handle = 9 adjustedHandle = 1
12-06 23:19:40.467    1751-1762/? D/SensorHAL﹕ adjustSensorHandle: handle = 9 adjustedHandle = 1
12-06 23:19:40.487    1751-5562/? D/SensorHAL﹕ adjustSensorHandle: handle = 9 adjustedHandle = 1
12-06 23:19:50.517    1751-1777/? I/DisplayManagerService﹕ Display device changed: DisplayDeviceInfo{"ActivityViewVirtualDisplay": 320 x 320, 60.0 fps, density 213, 213.0 x 213.0 dpi, touch NONE, rotation 0, type VIRTUAL, state OFF, owner android (uid 1000), FLAG_OWN_CONTENT_ONLY}
12-06 23:19:50.517    1751-1751/? V/ActivityManager﹕ Display changed displayId=14
12-06 23:19:50.577    1751-2357/? D/ActivityManager﹕ finishAllActivitiesLocked: finishing ActivityRecord{adf1d9b8 u0 org.dwallach.calwatch/.WearActivity t17} immediately
12-06 23:19:50.647    1751-1931/? I/DisplayManagerService﹕ Display device removed: DisplayDeviceInfo{"ActivityViewVirtualDisplay": 320 x 320, 60.0 fps, density 213, 213.0 x 213.0 dpi, touch NONE, rotation 0, type VIRTUAL, state OFF, owner android (uid 1000), FLAG_OWN_CONTENT_ONLY}
12-06 23:19:50.647    1751-1751/? V/ActivityManager﹕ Display removed displayId=14
12-06 23:19:50.717    1751-8116/? I/DisplayManagerService﹕ Display device added: DisplayDeviceInfo{"ActivityViewVirtualDisplay": 320 x 320, 60.0 fps, density 213, 213.0 x 213.0 dpi, touch NONE, rotation 0, type VIRTUAL, state OFF, owner android (uid 1000), FLAG_OWN_CONTENT_ONLY}
12-06 23:19:50.717    1751-1751/? V/ActivityManager﹕ Display added displayId=15
12-06 23:19:50.747    1751-1751/? V/ActivityManager﹕ Display changed displayId=15
12-06 23:19:50.757    1751-2357/? I/ActivityManager﹕ START u0 {flg=0x18010000 cmp=com.motorola.targetnotif/com.motorola.loop.PascualActivity (has extras)} from pid 1870 on display 15
12-06 23:19:50.777    1751-1751/? V/ActivityManager﹕ Display changed displayId=0
12-06 23:19:51.328    1751-1777/? I/DisplayManagerService﹕ Display device changed: DisplayDeviceInfo{"ActivityViewVirtualDisplay": 320 x 320, 60.0 fps, density 213, 213.0 x 213.0 dpi, touch NONE, rotation 0, type VIRTUAL, state ON, owner android (uid 1000), FLAG_OWN_CONTENT_ONLY}
12-06 23:19:51.368    1751-1751/? V/ActivityManager﹕ Display changed displayId=15
12-06 23:20:02.208    1751-1781/? I/PowerManagerService﹕ Going to sleep due to screen timeout...
12-06 23:20:02.208    1751-1781/? I/PowerManagerService﹕ Dozing...
12-06 23:20:02.228    1751-1774/? I/DreamController﹕ Starting dream: name=ComponentInfo{com.google.android.wearable.app/com.google.android.clockwork.home.AmbientMode}, isTest=false, canDoze=true, userId=0
12-06 23:20:02.248    1751-1751/? W/InputMethodManagerService﹕ Ignoring setImeWindowStatus of uid 1000 token: null
12-06 23:20:02.368    1751-8116/? I/ActivityManager﹕ START u0 {act=android.intent.action.MAIN cat=[android.intent.category.HOME] flg=0x10000000 cmp=com.google.android.wearable.app/com.google.android.clockwork.home.HomeActivity (has extras)} from pid 1870 on display 0
12-06 23:20:02.378    1751-1774/? I/DreamController﹕ Stopping dream: name=ComponentInfo{com.google.android.wearable.app/com.google.android.clockwork.home.AmbientMode}, isTest=false, canDoze=true, userId=0
12-06 23:20:02.388    1751-1781/? I/PowerManagerService﹕ Sleeping...
12-06 23:20:03.119    1751-1777/? I/DisplayManagerService﹕ Display device changed: DisplayDeviceInfo{"Built-in Screen": 320 x 290, 45.000004 fps, density 213, 203.2 x 204.61111 dpi, touch INTERNAL, rotation 0, type BUILT_IN, state OFF, FLAG_DEFAULT_DISPLAY, FLAG_ROTATES_WITH_CONTENT, FLAG_SECURE, FLAG_SUPPORTS_PROTECTED_BUFFERS}
12-06 23:20:03.129    1751-1751/? V/ActivityManager﹕ Display changed displayId=0
12-06 23:20:04.060    1751-1785/? I/PowerManagerService﹕ Waking up from sleep...
12-06 23:20:04.060    1751-1775/? W/KeyguardServiceDelegate﹕ onScreenTurnedOn(): no keyguard service!
12-06 23:20:04.170    1751-1751/? V/ActivityManager﹕ Display changed displayId=0
12-06 23:20:04.190    1751-1751/? W/InputMethodManagerService﹕ Ignoring setImeWindowStatus of uid 1000 token: null
12-06 23:20:04.290    1751-1929/? D/SensorHAL﹕ adjustSensorHandle: handle = 9 adjustedHandle = 1
12-06 23:20:04.290    1751-1929/? D/SensorHAL﹕ adjustSensorHandle: handle = 9 adjustedHandle = 1
12-06 23:20:04.310    1751-2330/? D/SensorHAL﹕ adjustSensorHandle: handle = 9 adjustedHandle = 1
12-06 23:20:04.320    1751-1777/? I/DisplayManagerService﹕ Display device changed: DisplayDeviceInfo{"Built-in Screen": 320 x 290, 45.000004 fps, density 213, 203.2 x 204.61111 dpi, touch INTERNAL, rotation 0, type BUILT_IN, state ON, FLAG_DEFAULT_DISPLAY, FLAG_ROTATES_WITH_CONTENT, FLAG_SECURE, FLAG_SUPPORTS_PROTECTED_BUFFERS}
12-06 23:20:04.320    1751-1751/? V/ActivityManager﹕ Display changed displayId=0
12-06 23:20:09.195    1751-1781/? I/PowerManagerService﹕ Going to sleep due to screen timeout...
12-06 23:20:09.195    1751-1781/? I/PowerManagerService﹕ Dozing...
12-06 23:20:09.195    1751-1774/? I/DreamController﹕ Starting dream: name=ComponentInfo{com.google.android.wearable.app/com.google.android.clockwork.home.AmbientMode}, isTest=false, canDoze=true, userId=0
12-06 23:20:09.215    1751-1751/? W/InputMethodManagerService﹕ Ignoring setImeWindowStatus of uid 1000 token: null
12-06 23:20:09.345    1751-5562/? I/ActivityManager﹕ START u0 {act=android.intent.action.MAIN cat=[android.intent.category.HOME] flg=0x10000000 cmp=com.google.android.wearable.app/com.google.android.clockwork.home.HomeActivity (has extras)} from pid 1870 on display 0
12-06 23:20:09.355    1751-1751/? V/ActivityManager﹕ Display changed displayId=0
12-06 23:20:09.365    1751-1774/? I/DreamController﹕ Stopping dream: name=ComponentInfo{com.google.android.wearable.app/com.google.android.clockwork.home.AmbientMode}, isTest=false, canDoze=true, userId=0
12-06 23:20:09.375    1751-1781/? I/PowerManagerService﹕ Sleeping...
12-06 23:20:10.106    1751-1777/? I/DisplayManagerService﹕ Display device changed: DisplayDeviceInfo{"Built-in Screen": 320 x 290, 45.000004 fps, density 213, 203.2 x 204.61111 dpi, touch INTERNAL, rotation 0, type BUILT_IN, state OFF, FLAG_DEFAULT_DISPLAY, FLAG_ROTATES_WITH_CONTENT, FLAG_SECURE, FLAG_SUPPORTS_PROTECTED_BUFFERS}
12-06 23:20:10.116    1751-1751/? V/ActivityManager﹕ Display changed displayId=0
12-06 23:20:13.529    1751-1785/? I/PowerManagerService﹕ Waking up from sleep...
12-06 23:20:13.529    1751-1775/? W/KeyguardServiceDelegate﹕ onScreenTurnedOn(): no keyguard service!
12-06 23:20:13.719    1751-1751/? V/ActivityManager﹕ Display changed displayId=0
12-06 23:20:13.719    1751-1751/? W/InputMethodManagerService﹕ Ignoring setImeWindowStatus of uid 1000 token: null
12-06 23:20:13.830    1751-1777/? I/DisplayManagerService﹕ Display device changed: DisplayDeviceInfo{"Built-in Screen": 320 x 290, 45.000004 fps, density 213, 203.2 x 204.61111 dpi, touch INTERNAL, rotation 0, type BUILT_IN, state ON, FLAG_DEFAULT_DISPLAY, FLAG_ROTATES_WITH_CONTENT, FLAG_SECURE, FLAG_SUPPORTS_PROTECTED_BUFFERS}
12-06 23:20:13.850    1751-1751/? V/ActivityManager﹕ Display changed displayId=0
12-06 23:20:13.880    1751-2330/? D/SensorHAL﹕ adjustSensorHandle: handle = 9 adjustedHandle = 1
12-06 23:20:13.880    1751-2330/? D/SensorHAL﹕ adjustSensorHandle: handle = 9 adjustedHandle = 1
12-06 23:20:13.890    1751-1931/? D/SensorHAL﹕ adjustSensorHandle: handle = 9 adjustedHandle = 1
12-06 23:20:14.891    1751-1777/? I/DisplayManagerService﹕ Display device changed: DisplayDeviceInfo{"ActivityViewVirtualDisplay": 320 x 320, 60.0 fps, density 213, 213.0 x 213.0 dpi, touch NONE, rotation 0, type VIRTUAL, state OFF, owner android (uid 1000), FLAG_OWN_CONTENT_ONLY}
12-06 23:20:14.891    1751-1751/? V/ActivityManager﹕ Display changed displayId=15
12-06 23:20:16.562    1751-1751/? V/ActivityManager﹕ Display changed displayId=0
12-06 23:20:16.592    1751-1777/? I/DisplayManagerService﹕ Display device changed: DisplayDeviceInfo{"ActivityViewVirtualDisplay": 320 x 320, 60.0 fps, density 213, 213.0 x 213.0 dpi, touch NONE, rotation 0, type VIRTUAL, state ON, owner android (uid 1000), FLAG_OWN_CONTENT_ONLY}
12-06 23:20:16.602    1751-1751/? V/ActivityManager﹕ Display changed displayId=15
12-06 23:20:24.500    1751-1777/? I/DisplayManagerService﹕ Display device changed: DisplayDeviceInfo{"ActivityViewVirtualDisplay": 320 x 320, 60.0 fps, density 213, 213.0 x 213.0 dpi, touch NONE, rotation 0, type VIRTUAL, state OFF, owner android (uid 1000), FLAG_OWN_CONTENT_ONLY}
12-06 23:20:24.500    1751-1751/? V/ActivityManager﹕ Display changed displayId=15
12-06 23:20:24.570    1751-2330/? D/ActivityManager﹕ finishAllActivitiesLocked: finishing ActivityRecord{ade3e378 u0 com.motorola.targetnotif/com.motorola.loop.PascualActivity t18} immediately
12-06 23:20:24.620    1751-5562/? I/DisplayManagerService﹕ Display device added: DisplayDeviceInfo{"ActivityViewVirtualDisplay": 320 x 320, 60.0 fps, density 213, 213.0 x 213.0 dpi, touch NONE, rotation 0, type VIRTUAL, state OFF, owner android (uid 1000), FLAG_OWN_CONTENT_ONLY}
12-06 23:20:24.620    1751-1751/? V/ActivityManager﹕ Display added displayId=16
12-06 23:20:24.640    1751-1751/? V/ActivityManager﹕ Display changed displayId=16
12-06 23:20:24.650    1751-8116/? I/ActivityManager﹕ START u0 {flg=0x18010000 cmp=org.dwallach.calwatch/.WearActivity (has extras)} from pid 1870 on display 16
12-06 23:20:24.830    1751-2330/? I/DisplayManagerService﹕ Display device removed: DisplayDeviceInfo{"ActivityViewVirtualDisplay": 320 x 320, 60.0 fps, density 213, 213.0 x 213.0 dpi, touch NONE, rotation 0, type VIRTUAL, state OFF, owner android (uid 1000), FLAG_OWN_CONTENT_ONLY}
12-06 23:20:24.830    1751-1751/? V/ActivityManager﹕ Display removed displayId=15
12-06 23:20:25.161    1751-1777/? I/DisplayManagerService﹕ Display device changed: DisplayDeviceInfo{"ActivityViewVirtualDisplay": 320 x 320, 60.0 fps, density 213, 213.0 x 213.0 dpi, touch NONE, rotation 0, type VIRTUAL, state ON, owner android (uid 1000), FLAG_OWN_CONTENT_ONLY}
12-06 23:20:25.161    1751-1751/? V/ActivityManager﹕ Display changed displayId=16
12-06 23:20:34.189    1751-1781/? I/PowerManagerService﹕ Going to sleep due to screen timeout...
12-06 23:20:34.189    1751-1781/? I/PowerManagerService﹕ Dozing...
12-06 23:20:34.199    1751-1774/? I/DreamController﹕ Starting dream: name=ComponentInfo{com.google.android.wearable.app/com.google.android.clockwork.home.AmbientMode}, isTest=false, canDoze=true, userId=0
12-06 23:20:34.229    1751-1751/? W/InputMethodManagerService﹕ Ignoring setImeWindowStatus of uid 1000 token: null
12-06 23:20:34.350    1751-5562/? I/ActivityManager﹕ START u0 {act=android.intent.action.MAIN cat=[android.intent.category.HOME] flg=0x10000000 cmp=com.google.android.wearable.app/com.google.android.clockwork.home.HomeActivity (has extras)} from pid 1870 on display 0
12-06 23:20:34.360    1751-1774/? I/DreamController﹕ Stopping dream: name=ComponentInfo{com.google.android.wearable.app/com.google.android.clockwork.home.AmbientMode}, isTest=false, canDoze=true, userId=0
12-06 23:20:34.360    1751-1781/? I/PowerManagerService﹕ Sleeping...
12-06 23:20:35.100    1751-1777/? I/DisplayManagerService﹕ Display device changed: DisplayDeviceInfo{"Built-in Screen": 320 x 290, 45.000004 fps, density 213, 203.2 x 204.61111 dpi, touch INTERNAL, rotation 0, type BUILT_IN, state OFF, FLAG_DEFAULT_DISPLAY, FLAG_ROTATES_WITH_CONTENT, FLAG_SECURE, FLAG_SUPPORTS_PROTECTED_BUFFERS}
12-06 23:20:35.100    1751-1751/? V/ActivityManager﹕ Display changed displayId=0
12-06 23:20:36.832    1751-1785/? I/PowerManagerService﹕ Waking up from sleep...
12-06 23:20:36.832    1751-1775/? W/KeyguardServiceDelegate﹕ onScreenTurnedOn(): no keyguard service!
12-06 23:20:36.992    1751-1751/? V/ActivityManager﹕ Display changed displayId=0
12-06 23:20:36.992    1751-1751/? W/InputMethodManagerService﹕ Ignoring setImeWindowStatus of uid 1000 token: null
12-06 23:20:37.112    1751-1777/? I/DisplayManagerService﹕ Display device changed: DisplayDeviceInfo{"Built-in Screen": 320 x 290, 45.000004 fps, density 213, 203.2 x 204.61111 dpi, touch INTERNAL, rotation 0, type BUILT_IN, state ON, FLAG_DEFAULT_DISPLAY, FLAG_ROTATES_WITH_CONTENT, FLAG_SECURE, FLAG_SUPPORTS_PROTECTED_BUFFERS}
12-06 23:20:37.112    1751-1751/? V/ActivityManager﹕ Display changed displayId=0
12-06 23:20:37.182    1751-1925/? D/SensorHAL﹕ adjustSensorHandle: handle = 9 adjustedHandle = 1
12-06 23:20:37.182    1751-1925/? D/SensorHAL﹕ adjustSensorHandle: handle = 9 adjustedHandle = 1
12-06 23:20:37.202    1751-1762/? D/SensorHAL﹕ adjustSensorHandle: handle = 9 adjustedHandle = 1
12-06 23:20:46.521    1751-1777/? I/DisplayManagerService﹕ Display device changed: DisplayDeviceInfo{"ActivityViewVirtualDisplay": 320 x 320, 60.0 fps, density 213, 213.0 x 213.0 dpi, touch NONE, rotation 0, type VIRTUAL, state OFF, owner android (uid 1000), FLAG_OWN_CONTENT_ONLY}
12-06 23:20:46.521    1751-1751/? V/ActivityManager﹕ Display changed displayId=16
12-06 23:20:46.592    1751-5562/? D/ActivityManager﹕ finishAllActivitiesLocked: finishing ActivityRecord{ade82b18 u0 org.dwallach.calwatch/.WearActivity t19} immediately
12-06 23:20:46.682    1751-1803/? I/DisplayManagerService﹕ Display device added: DisplayDeviceInfo{"ActivityViewVirtualDisplay": 320 x 320, 60.0 fps, density 213, 213.0 x 213.0 dpi, touch NONE, rotation 0, type VIRTUAL, state OFF, owner android (uid 1000), FLAG_OWN_CONTENT_ONLY}
12-06 23:20:46.682    1751-1751/? V/ActivityManager﹕ Display added displayId=17
12-06 23:20:46.712    1751-1751/? V/ActivityManager﹕ Display changed displayId=17
12-06 23:20:46.742    1751-8116/? I/ActivityManager﹕ START u0 {flg=0x18010000 cmp=com.motorola.targetnotif/com.motorola.loop.PascualActivity (has extras)} from pid 1870 on display 17
12-06 23:20:46.752    1751-1751/? V/ActivityManager﹕ Display changed displayId=0
12-06 23:20:46.802    1751-2357/? I/DisplayManagerService﹕ Display device removed: DisplayDeviceInfo{"ActivityViewVirtualDisplay": 320 x 320, 60.0 fps, density 213, 213.0 x 213.0 dpi, touch NONE, rotation 0, type VIRTUAL, state OFF, owner android (uid 1000), FLAG_OWN_CONTENT_ONLY}
12-06 23:20:46.802    1751-1751/? V/ActivityManager﹕ Display removed displayId=16
12-06 23:20:47.002    1751-1777/? I/DisplayManagerService﹕ Display device changed: DisplayDeviceInfo{"ActivityViewVirtualDisplay": 320 x 320, 60.0 fps, density 213, 213.0 x 213.0 dpi, touch NONE, rotation 0, type VIRTUAL, state ON, owner android (uid 1000), FLAG_OWN_CONTENT_ONLY}
12-06 23:20:47.012    1751-1751/? V/ActivityManager﹕ Display changed displayId=17
12-06 23:20:59.114    1751-1781/? I/PowerManagerService﹕ Going to sleep due to screen timeout...
12-06 23:20:59.114    1751-1781/? I/PowerManagerService﹕ Dozing...
12-06 23:20:59.134    1751-1774/? I/DreamController﹕ Starting dream: name=ComponentInfo{com.google.android.wearable.app/com.google.android.clockwork.home.AmbientMode}, isTest=false, canDoze=true, userId=0
12-06 23:20:59.154    1751-1751/? W/InputMethodManagerService﹕ Ignoring setImeWindowStatus of uid 1000 token: null
12-06 23:20:59.284    1751-1803/? I/ActivityManager﹕ START u0 {act=android.intent.action.MAIN cat=[android.intent.category.HOME] flg=0x10000000 cmp=com.google.android.wearable.app/com.google.android.clockwork.home.HomeActivity (has extras)} from pid 1870 on display 0
12-06 23:20:59.294    1751-1774/? I/DreamController﹕ Stopping dream: name=ComponentInfo{com.google.android.wearable.app/com.google.android.clockwork.home.AmbientMode}, isTest=false, canDoze=true, userId=0
12-06 23:20:59.294    1751-1781/? I/PowerManagerService﹕ Sleeping...
12-06 23:21:00.075    1751-1777/? I/DisplayManagerService﹕ Display device changed: DisplayDeviceInfo{"Built-in Screen": 320 x 290, 45.000004 fps, density 213, 203.2 x 204.61111 dpi, touch INTERNAL, rotation 0, type BUILT_IN, state OFF, FLAG_DEFAULT_DISPLAY, FLAG_ROTATES_WITH_CONTENT, FLAG_SECURE, FLAG_SUPPORTS_PROTECTED_BUFFERS}
12-06 23:21:00.075    1751-1751/? V/ActivityManager﹕ Display changed displayId=0
12-06 23:21:05.150    1751-1785/? I/PowerManagerService﹕ Waking up from sleep...
12-06 23:21:05.150    1751-1775/? W/KeyguardServiceDelegate﹕ onScreenTurnedOn(): no keyguard service!
12-06 23:21:05.290    1751-1751/? V/ActivityManager﹕ Display changed displayId=0
12-06 23:21:05.290    1751-1751/? W/InputMethodManagerService﹕ Ignoring setImeWindowStatus of uid 1000 token: null
12-06 23:21:05.410    1751-1929/? D/SensorHAL﹕ adjustSensorHandle: handle = 9 adjustedHandle = 1
12-06 23:21:05.410    1751-1929/? D/SensorHAL﹕ adjustSensorHandle: handle = 9 adjustedHandle = 1
12-06 23:21:05.430    1751-8116/? D/SensorHAL﹕ adjustSensorHandle: handle = 9 adjustedHandle = 1
12-06 23:21:05.440    1751-1777/? I/DisplayManagerService﹕ Display device changed: DisplayDeviceInfo{"Built-in Screen": 320 x 290, 45.000004 fps, density 213, 203.2 x 204.61111 dpi, touch INTERNAL, rotation 0, type BUILT_IN, state ON, FLAG_DEFAULT_DISPLAY, FLAG_ROTATES_WITH_CONTENT, FLAG_SECURE, FLAG_SUPPORTS_PROTECTED_BUFFERS}
12-06 23:21:05.440    1751-1751/? V/ActivityManager﹕ Display changed displayId=0
12-06 23:21:10.154    1751-1777/? I/DisplayManagerService﹕ Display device changed: DisplayDeviceInfo{"ActivityViewVirtualDisplay": 320 x 320, 60.0 fps, density 213, 213.0 x 213.0 dpi, touch NONE, rotation 0, type VIRTUAL, state OFF, owner android (uid 1000), FLAG_OWN_CONTENT_ONLY}
12-06 23:21:10.154    1751-1751/? V/ActivityManager﹕ Display changed displayId=17
12-06 23:21:10.204    1751-1762/? D/ActivityManager﹕ finishAllActivitiesLocked: finishing ActivityRecord{adf7fba0 u0 com.motorola.targetnotif/com.motorola.loop.PascualActivity t20} immediately
12-06 23:21:10.265    1751-1931/? I/DisplayManagerService﹕ Display device added: DisplayDeviceInfo{"ActivityViewVirtualDisplay": 320 x 320, 60.0 fps, density 213, 213.0 x 213.0 dpi, touch NONE, rotation 0, type VIRTUAL, state OFF, owner android (uid 1000), FLAG_OWN_CONTENT_ONLY}
12-06 23:21:10.265    1751-1751/? V/ActivityManager﹕ Display added displayId=18
12-06 23:21:10.285    1751-1751/? V/ActivityManager﹕ Display changed displayId=18
12-06 23:21:10.325    1751-1761/? I/ActivityManager﹕ START u0 {flg=0x18010000 cmp=org.dwallach.calwatch/.WearActivity (has extras)} from pid 1870 on display 18
12-06 23:21:10.345    1751-1751/? V/ActivityManager﹕ Display changed displayId=0
12-06 23:21:10.405    1751-8116/? I/DisplayManagerService﹕ Display device removed: DisplayDeviceInfo{"ActivityViewVirtualDisplay": 320 x 320, 60.0 fps, density 213, 213.0 x 213.0 dpi, touch NONE, rotation 0, type VIRTUAL, state OFF, owner android (uid 1000), FLAG_OWN_CONTENT_ONLY}
12-06 23:21:10.405    1751-1751/? V/ActivityManager﹕ Display removed displayId=17
12-06 23:21:10.645    1751-1777/? I/DisplayManagerService﹕ Display device changed: DisplayDeviceInfo{"ActivityViewVirtualDisplay": 320 x 320, 60.0 fps, density 213, 213.0 x 213.0 dpi, touch NONE, rotation 0, type VIRTUAL, state ON, owner android (uid 1000), FLAG_OWN_CONTENT_ONLY}
12-06 23:21:10.655    1751-1751/? V/ActivityManager﹕ Display changed displayId=18
12-06 23:21:19.834    1751-1781/? I/PowerManagerService﹕ Going to sleep due to screen timeout...
12-06 23:21:19.834    1751-1781/? I/PowerManagerService﹕ Dozing...
12-06 23:21:19.854    1751-1774/? I/DreamController﹕ Starting dream: name=ComponentInfo{com.google.android.wearable.app/com.google.android.clockwork.home.AmbientMode}, isTest=false, canDoze=true, userId=0
12-06 23:21:19.864    1751-1751/? W/InputMethodManagerService﹕ Ignoring setImeWindowStatus of uid 1000 token: null
12-06 23:21:19.994    1751-2357/? I/ActivityManager﹕ START u0 {act=android.intent.action.MAIN cat=[android.intent.category.HOME] flg=0x10000000 cmp=com.google.android.wearable.app/com.google.android.clockwork.home.HomeActivity (has extras)} from pid 1870 on display 0
12-06 23:21:20.004    1751-1774/? I/DreamController﹕ Stopping dream: name=ComponentInfo{com.google.android.wearable.app/com.google.android.clockwork.home.AmbientMode}, isTest=false, canDoze=true, userId=0
12-06 23:21:20.004    1751-1781/? I/PowerManagerService﹕ Sleeping...
12-06 23:21:20.735    1751-1777/? I/DisplayManagerService﹕ Display device changed: DisplayDeviceInfo{"Built-in Screen": 320 x 290, 45.000004 fps, density 213, 203.2 x 204.61111 dpi, touch INTERNAL, rotation 0, type BUILT_IN, state OFF, FLAG_DEFAULT_DISPLAY, FLAG_ROTATES_WITH_CONTENT, FLAG_SECURE, FLAG_SUPPORTS_PROTECTED_BUFFERS}
12-06 23:21:20.735    1751-1751/? V/ActivityManager﹕ Display changed displayId=0
12-06 23:21:23.829    1751-1761/? I/ActivityManager﹕ START u0 {act=android.intent.action.MAIN cat=[android.intent.category.HOME] flg=0x10000000 cmp=com.google.android.wearable.app/com.google.android.clockwork.home.HomeActivity (has extras)} from pid 1870 on display 0
12-06 23:21:23.839    1751-1751/? V/ActivityManager﹕ Display changed displayId=0
12-06 23:21:31.140    1751-1785/? I/PowerManagerService﹕ Waking up from sleep...
12-06 23:21:31.140    1751-1775/? W/KeyguardServiceDelegate﹕ onScreenTurnedOn(): no keyguard service!
12-06 23:21:31.330    1751-1751/? W/InputMethodManagerService﹕ Ignoring setImeWindowStatus of uid 1000 token: null
12-06 23:21:31.450    1751-8116/? D/SensorHAL﹕ adjustSensorHandle: handle = 9 adjustedHandle = 1
12-06 23:21:31.450    1751-8116/? D/SensorHAL﹕ adjustSensorHandle: handle = 9 adjustedHandle = 1
12-06 23:21:31.450    1751-1777/? I/DisplayManagerService﹕ Display device changed: DisplayDeviceInfo{"Built-in Screen": 320 x 290, 45.000004 fps, density 213, 203.2 x 204.61111 dpi, touch INTERNAL, rotation 0, type BUILT_IN, state ON, FLAG_DEFAULT_DISPLAY, FLAG_ROTATES_WITH_CONTENT, FLAG_SECURE, FLAG_SUPPORTS_PROTECTED_BUFFERS}
12-06 23:21:31.450    1751-1751/? V/ActivityManager﹕ Display changed displayId=0
12-06 23:21:31.480    1751-1762/? D/SensorHAL﹕ adjustSensorHandle: handle = 9 adjustedHandle = 1
12-06 23:21:36.135    1751-1781/? I/PowerManagerService﹕ Going to sleep due to screen timeout...
12-06 23:21:36.135    1751-1781/? I/PowerManagerService﹕ Dozing...
12-06 23:21:36.135    1751-1774/? I/DreamController﹕ Starting dream: name=ComponentInfo{com.google.android.wearable.app/com.google.android.clockwork.home.AmbientMode}, isTest=false, canDoze=true, userId=0
12-06 23:21:36.155    1751-1751/? W/InputMethodManagerService﹕ Ignoring setImeWindowStatus of uid 1000 token: null
12-06 23:21:36.335    1751-1929/? I/ActivityManager﹕ START u0 {act=android.intent.action.MAIN cat=[android.intent.category.HOME] flg=0x10000000 cmp=com.google.android.wearable.app/com.google.android.clockwork.home.HomeActivity (has extras)} from pid 1870 on display 0
12-06 23:21:36.345    1751-1751/? V/ActivityManager﹕ Display changed displayId=0
12-06 23:21:36.365    1751-1774/? I/DreamController﹕ Stopping dream: name=ComponentInfo{com.google.android.wearable.app/com.google.android.clockwork.home.AmbientMode}, isTest=false, canDoze=true, userId=0
12-06 23:21:36.375    1751-1781/? I/PowerManagerService﹕ Sleeping...
12-06 23:21:36.395    1751-8116/? I/ActivityManager﹕ Activity reported stop, but no longer stopping: ActivityRecord{adf19ae0 u0 com.google.android.wearable.app/com.google.android.clockwork.home.HomeActivity t1}
12-06 23:21:37.216    1751-1777/? I/DisplayManagerService﹕ Display device changed: DisplayDeviceInfo{"Built-in Screen": 320 x 290, 45.000004 fps, density 213, 203.2 x 204.61111 dpi, touch INTERNAL, rotation 0, type BUILT_IN, state OFF, FLAG_DEFAULT_DISPLAY, FLAG_ROTATES_WITH_CONTENT, FLAG_SECURE, FLAG_SUPPORTS_PROTECTED_BUFFERS}
12-06 23:21:37.216    1751-1751/? V/ActivityManager﹕ Display changed displayId=0
12-06 23:21:39.083    1751-1785/? I/PowerManagerService﹕ Waking up from sleep...
12-06 23:21:39.083    1751-1775/? W/KeyguardServiceDelegate﹕ onScreenTurnedOn(): no keyguard service!
12-06 23:21:39.233    1751-1751/? V/ActivityManager﹕ Display changed displayId=0
12-06 23:21:39.233    1751-1751/? W/InputMethodManagerService﹕ Ignoring setImeWindowStatus of uid 1000 token: null
12-06 23:21:39.364    1751-1777/? I/DisplayManagerService﹕ Display device changed: DisplayDeviceInfo{"Built-in Screen": 320 x 290, 45.000004 fps, density 213, 203.2 x 204.61111 dpi, touch INTERNAL, rotation 0, type BUILT_IN, state ON, FLAG_DEFAULT_DISPLAY, FLAG_ROTATES_WITH_CONTENT, FLAG_SECURE, FLAG_SUPPORTS_PROTECTED_BUFFERS}
12-06 23:21:39.374    1751-1751/? V/ActivityManager﹕ Display changed displayId=0
12-06 23:21:39.444    1751-1931/? D/SensorHAL﹕ adjustSensorHandle: handle = 9 adjustedHandle = 1
12-06 23:21:39.444    1751-1931/? D/SensorHAL﹕ adjustSensorHandle: handle = 9 adjustedHandle = 1
12-06 23:21:39.454    1751-1929/? D/SensorHAL﹕ adjustSensorHandle: handle = 9 adjustedHandle = 1
12-06 23:21:44.068    1751-1781/? I/PowerManagerService﹕ Going to sleep due to screen timeout...
12-06 23:21:44.068    1751-1781/? I/PowerManagerService﹕ Dozing...
12-06 23:21:44.088    1751-1774/? I/DreamController﹕ Starting dream: name=ComponentInfo{com.google.android.wearable.app/com.google.android.clockwork.home.AmbientMode}, isTest=false, canDoze=true, userId=0
12-06 23:21:44.108    1751-1751/? W/InputMethodManagerService﹕ Ignoring setImeWindowStatus of uid 1000 token: null
12-06 23:21:44.308    1751-1761/? I/ActivityManager﹕ START u0 {act=android.intent.action.MAIN cat=[android.intent.category.HOME] flg=0x10000000 cmp=com.google.android.wearable.app/com.google.android.clockwork.home.HomeActivity (has extras)} from pid 1870 on display 0
12-06 23:21:44.308    1751-1751/? V/ActivityManager﹕ Display changed displayId=0
12-06 23:21:44.328    1751-1774/? I/DreamController﹕ Stopping dream: name=ComponentInfo{com.google.android.wearable.app/com.google.android.clockwork.home.AmbientMode}, isTest=false, canDoze=true, userId=0
12-06 23:21:44.338    1751-1781/? I/PowerManagerService﹕ Sleeping...
12-06 23:21:45.109    1751-1777/? I/DisplayManagerService﹕ Display device changed: DisplayDeviceInfo{"Built-in Screen": 320 x 290, 45.000004 fps, density 213, 203.2 x 204.61111 dpi, touch INTERNAL, rotation 0, type BUILT_IN, state OFF, FLAG_DEFAULT_DISPLAY, FLAG_ROTATES_WITH_CONTENT, FLAG_SECURE, FLAG_SUPPORTS_PROTECTED_BUFFERS}
12-06 23:21:45.109    1751-1751/? V/ActivityManager﹕ Display changed displayId=0
12-06 23:25:37.610    1751-5562/? I/ActivityManager﹕ Delay finish: com.motorola.targetnotif/com.motorola.omni.NotificationAlarmReceiver
12-06 23:25:37.630    1751-8116/? I/ActivityManager﹕ Resuming delayed broadcast
12-06 23:26:17.699    1751-1796/? D/ConnectivityService﹕ Sampling interval elapsed, updating statistics ..
12-06 23:26:17.709    1751-1796/? D/ConnectivityService﹕ Done.
12-06 23:26:17.709    1751-1796/? D/ConnectivityService﹕ Setting timer for 720seconds
12-06 23:28:06.623    1751-5562/? I/ActivityManager﹕ START u0 {act=android.intent.action.MAIN cat=[android.intent.category.HOME] flg=0x10000000 cmp=com.google.android.wearable.app/com.google.android.clockwork.home.HomeActivity (has extras)} from pid 1870 on display 0
12-06 23:28:06.633    1751-1751/? V/ActivityManager﹕ Display changed displayId=0
12-06 23:28:07.444    1751-2357/? I/ActivityManager﹕ START u0 {act=android.intent.action.MAIN cat=[android.intent.category.HOME] flg=0x10000000 cmp=com.google.android.wearable.app/com.google.android.clockwork.home.HomeActivity (has extras)} from pid 1870 on display 0
12-06 23:28:07.734    1751-1761/? I/ActivityManager﹕ START u0 {act=android.intent.action.MAIN cat=[android.intent.category.HOME] flg=0x10000000 cmp=com.google.android.wearable.app/com.google.android.clockwork.home.HomeActivity (has extras)} from pid 1870 on display 0
12-06 23:38:18.128    1751-1803/? I/ActivityManager﹕ Delay finish: com.google.android.gms/.fitness.wearables.WearableSyncServiceReceiver
12-06 23:38:18.308    1751-2357/? I/ActivityManager﹕ Resuming delayed broadcast
