11-22 21:26:00.690 V/MyViewAnim( 7636): draw thread desired: true
11-22 21:26:00.690 V/ClockFace( 7636): clearing caches
11-22 21:26:00.690 V/MyViewAnim( 7636): update from ClockState
11-22 21:26:00.690 V/MyViewAnim( 7636): draw thread desired: true
11-22 21:26:00.690 V/ClockFace( 7636): clearing caches
11-22 21:26:00.690 V/MyViewAnim( 7636): update from ClockState
11-22 21:26:00.690 V/MyViewAnim( 7636): draw thread desired: true
11-22 21:26:00.690 V/ClockFace( 7636): clearing caches
11-22 21:26:00.690 V/MyViewAnim( 7636): update from ClockState
11-22 21:26:00.690 V/MyViewAnim( 7636): draw thread desired: true
11-22 21:26:00.690 V/ClockState( 7636): event update complete
11-22 21:26:00.700 V/WearReceiverService( 7636): savePreferences
11-22 21:26:00.710 I/Clockwork.Settings( 1871): time sync update time to 1416713160718, latency 184 ms
11-22 21:26:00.720 I/Clockwork.Settings( 1871): time sync timezone: America/Chicago
11-22 21:26:00.730 D/        ( 1752): Setting time of day to sec=1416713160
11-22 21:26:00.737 I/Clockwork.TimeService( 1981): set timezone to America/Chicago
11-22 21:26:00.737 D/AlarmManagerService( 1752): Kernel timezone updated to 360 minutes west of GMT
11-22 21:26:00.777 I/CheckinService( 7248): active receiver: disabled
11-22 21:26:00.827 I/CheckinService( 7248): active receiver: disabled
11-22 21:26:00.867 D/GCM     ( 7004): GcmService start Intent { act=com.google.android.checkin.CHECKIN_COMPLETE flg=0x10 cmp=com.google.android.gms/.gcm.GcmService (has extras) } com.google.android.checkin.CHECKIN_COMPLETE
11-22 21:26:01.047 I/clockwork_proxy_native( 1424): Starting UDP server at port 8282
11-22 21:26:01.047 I/clockwork_proxy_native( 1424): UDP server started
11-22 21:26:01.047 D/ClockworkProxy( 1871): Native proxy service setup completed.
11-22 21:26:01.047 D/ClockworkProxy( 1871): Start clockwork proxy TCP serving thread
11-22 21:26:01.057 D/ClockworkProxy( 1871): Start UDP relaying thread
11-22 21:26:01.057 D/ClockworkProxyUdp( 1871): Udp relaying thread started
11-22 21:26:02.708 W/bt-btif (24046): dm_pm_timer expires
11-22 21:26:02.708 W/bt-btif (24046): dm_pm_timer expires 0
11-22 21:26:02.708 W/bt-btif (24046): proc dm_pm_timer expires
11-22 21:26:04.039 D/Tethering( 1752): MasterInitialState.processMessage what=3
11-22 21:26:04.039 D/CaptivePortalTracker( 1752): NoActiveNetworkState{ when=-3ms what=1 obj=NetworkInfo: type: PROXY[], state: CONNECTED/CONNECTED, reason: enabled, extra: (none), roaming: false, failover: false, isAvailable: true, isConnectedToProvisioningNetwork: false target=com.android.internal.util.StateMachine$SmHandler }
11-22 21:26:04.039 D/CaptivePortalTracker( 1752): NoActiveNetworkState not a wifi connectivity change, ignore
11-22 21:26:04.079 E/ActivityThread( 1752): Failed to find provider info for telephony
11-22 21:26:04.099 D/GCM     ( 7004): GcmService start Intent { act=android.net.conn.CONNECTIVITY_CHANGE flg=0x4000010 cmp=com.google.android.gms/.gcm.GcmService (has extras) } android.net.conn.CONNECTIVITY_CHANGE
11-22 21:26:04.139 D/Tethering( 1752): MasterInitialState.processMessage what=3
11-22 21:26:04.139 D/CaptivePortalTracker( 1752): NoActiveNetworkState{ when=-1ms what=1 obj=NetworkInfo: type: PROXY[], state: CONNECTED/CONNECTED, reason: enabled, extra: (none), roaming: false, failover: false, isAvailable: true, isConnectedToProvisioningNetwork: false target=com.android.internal.util.StateMachine$SmHandler }
11-22 21:26:04.139 D/CaptivePortalTracker( 1752): NoActiveNetworkState not a wifi connectivity change, ignore
11-22 21:26:04.179 D/GCM     ( 7004): GcmService start Intent { act=android.net.conn.CONNECTIVITY_CHANGE flg=0x4000010 cmp=com.google.android.gms/.gcm.GcmService (has extras) } android.net.conn.CONNECTIVITY_CHANGE
11-22 21:26:04.219 E/ActivityThread( 1752): Failed to find provider info for telephony
11-22 21:26:43.789 I/Fitness ( 6978): WearableSyncServiceReceiver.onReceive
11-22 21:26:43.799 I/ActivityManager( 1752): Delay finish: com.google.android.gms/.fitness.wearables.WearableSyncServiceReceiver
11-22 21:26:43.819 D/WearableClient( 6978): WearableClientImpl.onPostInitHandler: done
11-22 21:26:43.819 I/Fitness ( 6978): syncing to node: e12e6647-0917-4594-a0b8-f42d78390f6d
11-22 21:26:43.829 I/ActivityManager( 1752): Resuming delayed broadcast
11-22 21:26:43.909 D/dalvikvm( 6946): GC_CONCURRENT freed 405K, 22% free 2275K/2888K, paused 6ms+1ms, total 65ms
11-22 21:26:43.979 I/Fitness ( 6978): syncing: 0
11-22 21:26:44.089 D/SensorHALGestureSensor( 1752): Gesture event received! time = 1416713204101192926
11-22 21:26:44.089 I/PowerManagerService( 1752): Waking up from sleep...
11-22 21:26:44.089 W/KeyguardServiceDelegate( 1752): onScreenTurnedOn(): no keyguard service!
11-22 21:26:44.109 D/MinnowPowerHAL( 1752): power_set_interactive: 1
11-22 21:26:44.109 D/MinnowPowerHAL( 1752): sysfs_write: /sys/devices/platform/omapdss/display0/interactivemode 1
11-22 21:26:44.179 D/MinnowPowerHAL( 1752): sysfs_write: /sys/devices/ocp.2/i2c.6/i2c-0/0-004a/interactivemode 1
11-22 21:26:44.179 D/MinnowPowerHAL( 1752): sysfs_write: /sys/class/leds/lcd-backlight/interactive 1
11-22 21:26:44.179 D/mot_vr_audio_hw( 1752): dsp_set_pm_state = on
11-22 21:26:44.179 D/ADSPD   ( 7609): Client cmd=0x4002, size=2
11-22 21:26:44.179 D/ADSPD   ( 7609): DSP_CMD_DAEMON_SET_PM_STATE : 1
11-22 21:26:44.179 D/PowerManagerService-JNI( 1752): Excessive delay in setInteractive(true) while turning screen on: 77ms
11-22 21:26:44.189 V/WearActivity( 7636): Resume!
11-22 21:26:44.189 E/ClockworkHome( 1871): Tried to exit ambient mode, but enterAmbientMode() was never called.
11-22 21:26:44.199 D/mot_vr_audio_hw( 1419): dsp_recognizer_enabled = true
11-22 21:26:44.199 D/mot_vr_audio_hw( 1419): open_input_stream(): devices = 0x80000004, rate = 8000, channels = 0x10
11-22 21:26:44.199 D/mot_vr_audio_hw( 1419): Created resampler for 16000->8000 Hz
11-22 21:26:44.219 W/InputMethodManagerService( 1752): Ignoring setImeWindowStatus of uid 1000 token: null
11-22 21:26:44.239 D/mot_vr_audio_hw( 1419): in_read waiting for hotword
11-22 21:26:44.279 D/ADSPD   ( 7609): ACK success!
11-22 21:26:44.279 D/ADSPD   ( 7609): Client cmd=0x0003, size=4
11-22 21:26:44.289 D/ADSPD   ( 7609): Received from DSP: cmd=0x8003, size=2
11-22 21:26:44.289 D/ADSPD   ( 7609): Client cmd=0x4003, size=2
11-22 21:26:44.289 D/mot_vr_audio_hw( 1419): received recognition control callback, status 0
11-22 21:26:44.319 D/SurfaceFlinger( 1417): Screen acquired, type=0 flinger=0xb7fc2448
11-22 21:26:44.319 D/hwcomposer( 1417): hwc_blank(0: 0)
11-22 21:26:44.319 D/SensorHAL( 1752): adjustSensorHandle: handle = 9 adjustedHandle = 1
11-22 21:26:44.319 D/SensorHAL( 1752): adjustSensorHandle: handle = 9 adjustedHandle = 1
11-22 21:26:44.339 D/SensorHAL( 1752): adjustSensorHandle: handle = 9 adjustedHandle = 1
11-22 21:26:44.359 I/DisplayManagerService( 1752): Display device changed: DisplayDeviceInfo{"Built-in Screen": 320 x 290, 45.000004 fps, density 213, 203.2 x 204.61111 dpi, touch INTERNAL, rotation 0, type BUILT_IN, state ON, FLAG_DEFAULT_DISPLAY, FLAG_ROTATES_WITH_CONTENT, FLAG_SECURE, FLAG_SUPPORTS_PROTECTED_BUFFERS}
11-22 21:26:44.359 V/ActivityManager( 1752): Display changed displayId=0
11-22 21:26:44.369 V/WearActivity( 7636): display changed: 0, new state: 2
11-22 21:26:44.369 V/WearActivity( 7636): onDisplayChanged: on!
11-22 21:26:44.369 V/WearActivity( 7636): killing alarms
11-22 21:26:44.369 V/WearActivity( 7636): startHelper: putting it all back together again
11-22 21:26:44.369 V/WearActivity( 7636): initAlarm: setting up
11-22 21:26:44.379 I/ClockFace( 7636): Ambient mode: false
11-22 21:26:44.379 V/MyViewAnim( 7636): resumeMaxHertz
11-22 21:26:44.379 V/ClockFace( 7636): clearing caches
11-22 21:26:44.379 V/MyViewAnim( 7636): starting new animator
11-22 21:26:44.379 V/MyViewAnim( 7636): Time listener is up!
11-22 21:26:44.379 V/MyViewAnim( 7636): starting new draw thread
11-22 21:26:44.409 V/ClockFace( 7636): rendering new face, faceMode(0)
11-22 21:26:44.439 V/ClockFace( 7636): fetching new battery status (24580)
11-22 21:26:44.439 V/ClockFace( 7636): battery at 0.66
11-22 21:26:44.660 D/dalvikvm( 1752): GC_CONCURRENT freed 725K, 69% free 5491K/17280K, paused 9ms+60ms, total 362ms
11-22 21:26:45.691 D/btif_config_util(24046): btif_config_save_file(L153): in file name:/data/misc/bluedroid/bt_config.new
11-22 21:26:46.621 W/bt-btif (24046): dm_pm_timer expires
11-22 21:26:46.621 W/bt-btif (24046): dm_pm_timer expires 0
11-22 21:26:46.621 W/bt-btif (24046): proc dm_pm_timer expires
11-22 21:26:48.093 V/MyViewAnim( 7636): redraw called while !drawingMaxHertz (source null); ignoring
11-22 21:26:48.463 D/PhoneListenerService( 7184): onDestroy
11-22 21:26:49.204 I/PowerManagerService( 1752): Going to sleep due to screen timeout...
11-22 21:26:49.204 I/PowerManagerService( 1752): Dozing...
11-22 21:26:49.204 I/DreamController( 1752): Starting dream: name=ComponentInfo{com.google.android.wearable.app/com.google.android.clockwork.home.AmbientMode}, isTest=false, canDoze=true, userId=0
11-22 21:26:49.284 I/ActivityManager( 1752): START u0 {act=android.intent.action.MAIN cat=[android.intent.category.HOME] flg=0x10000000 cmp=com.google.android.wearable.app/com.google.android.clockwork.home.HomeActivity (has extras)} from pid 1871 on display 0
11-22 21:26:49.294 I/DreamController( 1752): Stopping dream: name=ComponentInfo{com.google.android.wearable.app/com.google.android.clockwork.home.AmbientMode}, isTest=false, canDoze=true, userId=0
11-22 21:26:49.304 I/PowerManagerService( 1752): Sleeping...
11-22 21:26:49.384 I/AmbientMode( 1871): Ambient mode started: canDoze=true, dozeHardware=null
11-22 21:26:49.394 D/mot_vr_audio_hw( 1419): dsp_recognizer_enabled = false
11-22 21:26:49.394 D/ADSPD   ( 7609): Client cmd=0x0003, size=4
11-22 21:26:49.394 D/mot_vr_audio_hw( 1419): Switching DSP to standby/passthrough mode
11-22 21:26:49.394 D/mot_vr_audio_hw( 1419): Input 0xb8ebdfc0 ready to read
11-22 21:26:49.404 D/ADSPD   ( 7609): Received from DSP: cmd=0x8003, size=2
11-22 21:26:49.404 D/ADSPD   ( 7609): Client cmd=0x0003, size=4
11-22 21:26:49.404 D/mot_vr_audio_hw( 1419): received recognition control callback, status 0
11-22 21:26:49.424 D/ADSPD   ( 7609): Received from DSP: cmd=0x8003, size=2
11-22 21:26:49.424 D/mot_vr_audio_hw( 1419): received recognition control callback, status 0
11-22 21:26:49.444 W/mot_vr_audio_hw( 1419): Discarded 10 buffers without finding audio data
11-22 21:26:49.454 D/ADSPD   ( 7609): Client cmd=0x0003, size=4
11-22 21:26:49.454 D/mot_vr_audio_hw( 1419): Re-arming DSP
11-22 21:26:49.454 D/mot_vr_audio_hw( 1419): Input 0xb8ebdfc0 standby complete
11-22 21:26:49.464 D/ADSPD   ( 7609): Received from DSP: cmd=0x8003, size=2
11-22 21:26:49.464 D/mot_vr_audio_hw( 1419): received recognition control callback, status 0
11-22 21:26:49.474 D/ADSPD   ( 7609): Client cmd=0x4003, size=2
11-22 21:26:49.474 D/mot_vr_audio_hw( 1419): Input 0xb8ebdfc0 close complete
11-22 21:26:49.484 D/mot_vr_audio_hw( 1419): dsp_recognizer_enabled = true
11-22 21:26:49.484 D/ADSPD   ( 7609): Client cmd=0x0003, size=4
11-22 21:26:49.484 D/mot_vr_audio_hw( 1419): open_input_stream(): devices = 0x80000004, rate = 8000, channels = 0x10
11-22 21:26:49.484 D/mot_vr_audio_hw( 1419): Created resampler for 16000->8000 Hz
11-22 21:26:49.494 D/ADSPD   ( 7609): Received from DSP: cmd=0x8003, size=2
11-22 21:26:49.494 D/ADSPD   ( 7609): Client cmd=0x4003, size=2
11-22 21:26:49.494 D/mot_vr_audio_hw( 1419): received recognition control callback, status 0
11-22 21:26:49.514 I/AmbientMode( 1871): Dream ended: isDozing=true
11-22 21:26:49.524 D/mot_vr_audio_hw( 1419): in_read waiting for hotword
11-22 21:26:49.995 D/LightsService( 1752): Excessive delay setting light: 122ms
11-22 21:26:49.995 D/SurfaceFlinger( 1417): Screen released, type=0 flinger=0xb7fc2448
11-22 21:26:50.145 D/hwcomposer( 1417): hwc_blank(0: 1)
11-22 21:26:50.145 D/SurfaceControl( 1752): Excessive delay in blankDisplay() while turning screen off: 148ms
11-22 21:26:50.165 I/DisplayManagerService( 1752): Display device changed: DisplayDeviceInfo{"Built-in Screen": 320 x 290, 45.000004 fps, density 213, 203.2 x 204.61111 dpi, touch INTERNAL, rotation 0, type BUILT_IN, state OFF, FLAG_DEFAULT_DISPLAY, FLAG_ROTATES_WITH_CONTENT, FLAG_SECURE, FLAG_SUPPORTS_PROTECTED_BUFFERS}
11-22 21:26:50.175 V/ActivityManager( 1752): Display changed displayId=0
11-22 21:26:50.195 D/MinnowPowerHAL( 1752): power_set_interactive: 0
11-22 21:26:50.195 D/MinnowPowerHAL( 1752): sysfs_write: /sys/devices/platform/omapdss/display0/interactivemode 0
11-22 21:26:50.195 D/MinnowPowerHAL( 1752): sysfs_write: /sys/devices/ocp.2/i2c.6/i2c-0/0-004a/interactivemode 0
11-22 21:26:50.195 D/MinnowPowerHAL( 1752): sysfs_write: /sys/class/leds/lcd-backlight/interactive 0
11-22 21:26:50.195 D/mot_vr_audio_hw( 1752): dsp_set_pm_state = off
11-22 21:26:50.195 D/ADSPD   ( 7609): Client cmd=0x4002, size=2
11-22 21:26:50.195 D/ADSPD   ( 7609): DSP_CMD_DAEMON_SET_PM_STATE : 0
11-22 21:26:50.195 D/ADSPD   ( 7609): DSP not turned off as still being used
11-22 21:26:50.215 V/WearActivity( 7636): display changed: 0, new state: 1
11-22 21:26:50.215 I/TimeWrapper( 7636): FPS: 38.932274, samples: 225
11-22 21:26:50.215 I/TimeWrapper( 7636): Min/Avg/Max frame render speed (ms): 3.875732 / 5.729573 / 45.62378
11-22 21:26:50.215 I/TimeWrapper( 7636): Waketime: 22.306534%
11-22 21:26:50.215 I/TimeWrapper( 7636): Skipped frames: 252
11-22 21:26:50.215 V/MyViewAnim( 7636): redrawSlow: resume -> 1
11-22 21:26:50.215 V/MyViewAnim( 7636): redrawSlow: view:update -> 2
11-22 21:26:50.215 V/MyViewAnim( 7636): redrawSlow: startHelper -> 1
11-22 21:26:50.215 V/WearActivity( 7636): onDisplayChanged: off!
11-22 21:26:50.215 V/WearActivity( 7636): stopHelper: shutting things down
11-22 21:26:50.215 V/MyViewAnim( 7636): stopping animation!
11-22 21:26:50.215 V/MyViewAnim( 7636): killDrawThread
11-22 21:26:50.215 V/WearActivity( 7636): killing alarms
11-22 21:26:50.215 V/MyViewAnim( 7636): looper finished!
11-22 21:26:50.245 I/ClockFace( 7636): Ambient mode: false
11-22 21:26:50.245 V/WearActivity( 7636): Pause!
11-22 21:26:50.255 D/mot_vr_audio_hw( 1419): dsp_recognizer_enabled = false
11-22 21:26:50.255 D/ADSPD   ( 7609): Client cmd=0x0003, size=4
11-22 21:26:50.255 D/ADSPD   ( 7609): Trying to send to dsp while in dsp in RESET
11-22 21:26:50.255 W/mot_vr_audio_hw( 1419): Not allowing wake() since DSP is disabled
11-22 21:26:50.255 V/WearActivity( 7636): Stop!
11-22 21:26:50.255 W/InputMethodManagerService( 1752): Ignoring setImeWindowStatus of uid 1000 token: null
11-22 21:26:50.265 W/mot_vr_audio_hw( 1419): Not allowing wake() since DSP is disabled
11-22 21:26:50.285 D/ADSPD   ( 7609): Client cmd=0x4003, size=2
11-22 21:26:50.285 D/ADSPD   ( 7609): DSP no longer used, turned off here
11-22 21:26:50.285 D/mot_vr_audio_hw( 1419): Input 0xb8ebf5c8 close complete
11-22 21:26:52.317 W/bt-btif (24046): dm_pm_timer expires
11-22 21:26:52.317 W/bt-btif (24046): dm_pm_timer expires 0
11-22 21:26:52.317 W/bt-btif (24046): proc dm_pm_timer expires
11-22 21:28:32.130 W/CwCal   ( 1871): CalHomeUtil.updateBackground:bundle dismissed, do nothing
11-22 21:28:32.300 D/dalvikvm( 1871): GC_CONCURRENT freed 2830K, 30% free 27248K/38808K, paused 4ms+9ms, total 74ms
11-22 21:28:34.132 W/bt-btif (24046): dm_pm_timer expires
11-22 21:28:34.132 W/bt-btif (24046): dm_pm_timer expires 0
11-22 21:28:34.132 W/bt-btif (24046): proc dm_pm_timer expires
11-22 21:28:37.040 W/bt-btif (24046): dm_pm_timer expires
11-22 21:28:37.040 W/bt-btif (24046): dm_pm_timer expires 0
11-22 21:28:37.040 W/bt-btif (24046): proc dm_pm_timer expires
11-22 21:29:17.087 D/dalvikvm( 6983): GC_CONCURRENT freed 377K, 24% free 2369K/3080K, paused 3ms+7ms, total 31ms
11-22 21:29:17.297 I/ActivityManager( 1752): START u0 {act=android.intent.action.MAIN cat=[android.intent.category.HOME] flg=0x10000000 cmp=com.google.android.wearable.app/com.google.android.clockwork.home.HomeActivity (has extras)} from pid 1871 on display 0
11-22 21:29:17.307 E/ClockworkHome( 1871): Tried to exit ambient mode, but enterAmbientMode() was never called.
11-22 21:29:17.307 I/ActivityManager( 1752): START u0 {act=android.intent.action.MAIN cat=[android.intent.category.HOME] flg=0x10000000 cmp=com.google.android.wearable.app/com.google.android.clockwork.home.HomeActivity (has extras)} from pid 1871 on display 0
11-22 21:29:17.357 D/dalvikvm( 1871): GC_CONCURRENT freed 252K, 26% free 29044K/38808K, paused 6ms+8ms, total 89ms
11-22 21:29:17.357 D/dalvikvm( 1871): WAIT_FOR_CONCURRENT_GC blocked 37ms
11-22 21:29:17.377 D/mot_vr_audio_hw( 1419): dsp_recognizer_enabled = true
11-22 21:29:17.377 D/ADSPD   ( 7609): Client cmd=0x0003, size=4
11-22 21:29:17.377 D/ADSPD   ( 7609): Trying to send to dsp while in dsp in RESET
11-22 21:29:17.377 D/mot_vr_audio_hw( 1419): open_input_stream(): devices = 0x80000004, rate = 8000, channels = 0x10
11-22 21:29:17.377 D/mot_vr_audio_hw( 1419): Created resampler for 16000->8000 Hz
11-22 21:29:17.377 D/ADSPD   ( 7609): Client cmd=0x4003, size=2
11-22 21:29:17.387 D/mot_vr_audio_hw( 1419): in_read waiting for hotword
11-22 21:29:17.397 D/mot_vr_audio_hw( 1419): dsp_recognizer_enabled = false
11-22 21:29:17.397 D/ADSPD   ( 7609): Client cmd=0x0003, size=4
11-22 21:29:17.397 D/ADSPD   ( 7609): Trying to send to dsp while in dsp in RESET
11-22 21:29:17.397 W/mot_vr_audio_hw( 1419): Not allowing wake() since DSP is disabled
11-22 21:29:17.407 W/mot_vr_audio_hw( 1419): Not allowing wake() since DSP is disabled
11-22 21:29:17.437 D/ADSPD   ( 7609): Client cmd=0x4003, size=2
11-22 21:29:17.437 D/ADSPD   ( 7609): DSP no longer used, turned off here
11-22 21:29:17.437 D/mot_vr_audio_hw( 1419): Input 0xb8ebdeb8 close complete
11-22 21:29:19.469 W/bt-btif (24046): dm_pm_timer expires
11-22 21:29:19.469 W/bt-btif (24046): dm_pm_timer expires 0
11-22 21:29:19.469 W/bt-btif (24046): proc dm_pm_timer expires
11-22 21:29:49.267 D/dalvikvm( 1871): GC_FOR_ALLOC freed 1054K, 26% free 29065K/38808K, paused 47ms, total 48ms
11-22 21:29:49.277 I/ActivityManager( 1752): START u0 {act=android.intent.action.MAIN cat=[android.intent.category.HOME] flg=0x10000000 cmp=com.google.android.wearable.app/com.google.android.clockwork.home.HomeActivity (has extras)} from pid 1871 on display 0
11-22 21:29:49.287 W/HomeRowListAdapter( 1871): onRelease() called on an unknown row.
11-22 21:29:49.287 D/mot_vr_audio_hw( 1419): dsp_recognizer_enabled = true
11-22 21:29:49.287 D/ADSPD   ( 7609): Client cmd=0x0003, size=4
11-22 21:29:49.287 D/ADSPD   ( 7609): Trying to send to dsp while in dsp in RESET
11-22 21:29:49.287 D/mot_vr_audio_hw( 1419): open_input_stream(): devices = 0x80000004, rate = 8000, channels = 0x10
11-22 21:29:49.287 D/mot_vr_audio_hw( 1419): Created resampler for 16000->8000 Hz
11-22 21:29:49.287 D/ADSPD   ( 7609): Client cmd=0x4003, size=2
11-22 21:29:49.307 D/mot_vr_audio_hw( 1419): in_read waiting for hotword
11-22 21:29:49.307 D/mot_vr_audio_hw( 1419): dsp_recognizer_enabled = false
11-22 21:29:49.307 D/ADSPD   ( 7609): Client cmd=0x0003, size=4
11-22 21:29:49.307 D/ADSPD   ( 7609): Trying to send to dsp while in dsp in RESET
11-22 21:29:49.307 W/mot_vr_audio_hw( 1419): Not allowing wake() since DSP is disabled
11-22 21:29:49.317 W/mot_vr_audio_hw( 1419): Not allowing wake() since DSP is disabled
11-22 21:29:49.347 D/ADSPD   ( 7609): Client cmd=0x4003, size=2
11-22 21:29:49.347 D/ADSPD   ( 7609): DSP no longer used, turned off here
11-22 21:29:49.347 D/mot_vr_audio_hw( 1419): Input 0xb8ebdeb8 close complete
11-22 21:29:49.467 I/ActivityManager( 1752): START u0 {act=android.intent.action.MAIN cat=[android.intent.category.HOME] flg=0x10000000 cmp=com.google.android.wearable.app/com.google.android.clockwork.home.HomeActivity (has extras)} from pid 1871 on display 0
11-22 21:29:49.497 D/mot_vr_audio_hw( 1419): dsp_recognizer_enabled = true
11-22 21:29:49.497 D/ADSPD   ( 7609): Client cmd=0x0003, size=4
11-22 21:29:49.497 D/ADSPD   ( 7609): Trying to send to dsp while in dsp in RESET
11-22 21:29:49.497 D/mot_vr_audio_hw( 1419): open_input_stream(): devices = 0x80000004, rate = 8000, channels = 0x10
11-22 21:29:49.497 D/mot_vr_audio_hw( 1419): Created resampler for 16000->8000 Hz
11-22 21:29:49.497 D/ADSPD   ( 7609): Client cmd=0x4003, size=2
11-22 21:29:49.518 D/mot_vr_audio_hw( 1419): in_read waiting for hotword
11-22 21:29:49.528 D/mot_vr_audio_hw( 1419): dsp_recognizer_enabled = false
11-22 21:29:49.528 D/ADSPD   ( 7609): Client cmd=0x0003, size=4
11-22 21:29:49.528 D/ADSPD   ( 7609): Trying to send to dsp while in dsp in RESET
11-22 21:29:49.528 W/mot_vr_audio_hw( 1419): Not allowing wake() since DSP is disabled
11-22 21:29:49.538 W/mot_vr_audio_hw( 1419): Not allowing wake() since DSP is disabled
11-22 21:29:49.558 D/ADSPD   ( 7609): Client cmd=0x4003, size=2
11-22 21:29:49.558 D/ADSPD   ( 7609): DSP no longer used, turned off here
11-22 21:29:49.558 D/mot_vr_audio_hw( 1419): Input 0xb8ebdeb8 close complete
11-22 21:29:51.590 W/bt-btif (24046): dm_pm_timer expires
11-22 21:29:51.590 W/bt-btif (24046): dm_pm_timer expires 0
11-22 21:29:51.590 W/bt-btif (24046): proc dm_pm_timer expires
11-22 21:31:00.219 D/ConnectivityService( 1752): Sampling interval elapsed, updating statistics ..
11-22 21:31:00.239 D/ConnectivityService( 1752): Done.
11-22 21:31:00.239 D/ConnectivityService( 1752): Setting timer for 720seconds
11-22 21:31:40.311 D/SensorHALGestureSensor( 1752): Gesture event received! time = 1416713500314022484
11-22 21:31:40.311 I/PowerManagerService( 1752): Waking up from sleep...
11-22 21:31:40.311 W/KeyguardServiceDelegate( 1752): onScreenTurnedOn(): no keyguard service!
11-22 21:31:40.421 D/PowerManagerService-JNI( 1752): Excessive delay in autosuspend_disable() while turning screen on: 110ms
11-22 21:31:40.421 D/MinnowPowerHAL( 1752): power_set_interactive: 1
11-22 21:31:40.421 D/MinnowPowerHAL( 1752): sysfs_write: /sys/devices/platform/omapdss/display0/interactivemode 1
11-22 21:31:40.451 D/MinnowPowerHAL( 1752): sysfs_write: /sys/devices/ocp.2/i2c.6/i2c-0/0-004a/interactivemode 1
11-22 21:31:40.461 D/MinnowPowerHAL( 1752): sysfs_write: /sys/class/leds/lcd-backlight/interactive 1
11-22 21:31:40.461 D/mot_vr_audio_hw( 1752): dsp_set_pm_state = on
11-22 21:31:40.461 D/ADSPD   ( 7609): Client cmd=0x4002, size=2
11-22 21:31:40.461 D/ADSPD   ( 7609): DSP_CMD_DAEMON_SET_PM_STATE : 1
11-22 21:31:40.461 D/PowerManagerService-JNI( 1752): Excessive delay in setInteractive(true) while turning screen on: 34ms
11-22 21:31:40.461 V/WearActivity( 7636): Resume!
11-22 21:31:40.471 W/InputMethodManagerService( 1752): Ignoring setImeWindowStatus of uid 1000 token: null
11-22 21:31:40.481 D/ADSPD   ( 7609): ACK success!
11-22 21:31:40.511 D/mot_vr_audio_hw( 1419): dsp_recognizer_enabled = true
11-22 21:31:40.511 D/ADSPD   ( 7609): Client cmd=0x0003, size=4
11-22 21:31:40.511 D/mot_vr_audio_hw( 1419): open_input_stream(): devices = 0x80000004, rate = 8000, channels = 0x10
11-22 21:31:40.511 D/mot_vr_audio_hw( 1419): Created resampler for 16000->8000 Hz
11-22 21:31:40.521 D/ADSPD   ( 7609): Received from DSP: cmd=0x8003, size=2
11-22 21:31:40.521 D/ADSPD   ( 7609): Client cmd=0x4003, size=2
11-22 21:31:40.521 D/mot_vr_audio_hw( 1419): received recognition control callback, status 0
11-22 21:31:40.541 D/mot_vr_audio_hw( 1419): in_read waiting for hotword
11-22 21:31:40.601 D/SurfaceFlinger( 1417): Screen acquired, type=0 flinger=0xb7fc2448
11-22 21:31:40.601 D/hwcomposer( 1417): hwc_blank(0: 0)
11-22 21:31:40.601 D/SensorHAL( 1752): adjustSensorHandle: handle = 9 adjustedHandle = 1
11-22 21:31:40.601 D/SensorHAL( 1752): adjustSensorHandle: handle = 9 adjustedHandle = 1
11-22 21:31:40.601 I/DisplayManagerService( 1752): Display device changed: DisplayDeviceInfo{"Built-in Screen": 320 x 290, 45.000004 fps, density 213, 203.2 x 204.61111 dpi, touch INTERNAL, rotation 0, type BUILT_IN, state ON, FLAG_DEFAULT_DISPLAY, FLAG_ROTATES_WITH_CONTENT, FLAG_SECURE, FLAG_SUPPORTS_PROTECTED_BUFFERS}
11-22 21:31:40.611 V/ActivityManager( 1752): Display changed displayId=0
11-22 21:31:40.621 D/SensorHAL( 1752): adjustSensorHandle: handle = 9 adjustedHandle = 1
11-22 21:31:40.631 V/WearActivity( 7636): display changed: 0, new state: 2
11-22 21:31:40.631 V/WearActivity( 7636): onDisplayChanged: on!
11-22 21:31:40.631 V/WearActivity( 7636): killing alarms
11-22 21:31:40.631 V/WearActivity( 7636): startHelper: putting it all back together again
11-22 21:31:40.631 V/WearActivity( 7636): initAlarm: setting up
11-22 21:31:40.651 I/ClockFace( 7636): Ambient mode: false
11-22 21:31:40.651 V/MyViewAnim( 7636): resumeMaxHertz
11-22 21:31:40.651 V/ClockFace( 7636): clearing caches
11-22 21:31:40.651 V/MyViewAnim( 7636): starting new animator
11-22 21:31:40.651 V/MyViewAnim( 7636): Time listener is up!
11-22 21:31:40.651 V/MyViewAnim( 7636): starting new draw thread
11-22 21:31:40.671 V/ClockFace( 7636): rendering new face, faceMode(0)
11-22 21:31:40.701 V/ClockFace( 7636): fetching new battery status (24806)
11-22 21:31:40.701 V/ClockFace( 7636): battery at 0.64
11-22 21:31:41.062 D/dalvikvm( 6920): GC_CONCURRENT freed 383K, 25% free 2464K/3252K, paused 70ms+3ms, total 438ms
11-22 21:31:42.423 V/MyViewAnim( 7636): redraw called while !drawingMaxHertz (source null); ignoring
11-22 21:31:43.134 W/bt-btif (24046): dm_pm_timer expires
11-22 21:31:43.134 W/bt-btif (24046): dm_pm_timer expires 0
11-22 21:31:43.134 W/bt-btif (24046): proc dm_pm_timer expires
11-22 21:31:45.476 I/PowerManagerService( 1752): Going to sleep due to screen timeout...
11-22 21:31:45.486 I/PowerManagerService( 1752): Dozing...
11-22 21:31:45.486 I/DreamController( 1752): Starting dream: name=ComponentInfo{com.google.android.wearable.app/com.google.android.clockwork.home.AmbientMode}, isTest=false, canDoze=true, userId=0
11-22 21:31:45.556 I/ActivityManager( 1752): START u0 {act=android.intent.action.MAIN cat=[android.intent.category.HOME] flg=0x10000000 cmp=com.google.android.wearable.app/com.google.android.clockwork.home.HomeActivity (has extras)} from pid 1871 on display 0
11-22 21:31:45.576 I/DreamController( 1752): Stopping dream: name=ComponentInfo{com.google.android.wearable.app/com.google.android.clockwork.home.AmbientMode}, isTest=false, canDoze=true, userId=0
11-22 21:31:45.576 I/PowerManagerService( 1752): Sleeping...
11-22 21:31:45.646 I/AmbientMode( 1871): Ambient mode started: canDoze=true, dozeHardware=null
11-22 21:31:45.666 D/mot_vr_audio_hw( 1419): dsp_recognizer_enabled = false
11-22 21:31:45.666 D/ADSPD   ( 7609): Client cmd=0x0003, size=4
11-22 21:31:45.666 D/mot_vr_audio_hw( 1419): Switching DSP to standby/passthrough mode
11-22 21:31:45.666 D/mot_vr_audio_hw( 1419): Input 0xb8ebdeb8 ready to read
11-22 21:31:45.676 D/ADSPD   ( 7609): Received from DSP: cmd=0x8003, size=2
11-22 21:31:45.676 D/ADSPD   ( 7609): Client cmd=0x0003, size=4
11-22 21:31:45.676 D/mot_vr_audio_hw( 1419): received recognition control callback, status 0
11-22 21:31:45.686 D/ADSPD   ( 7609): Received from DSP: cmd=0x8003, size=2
11-22 21:31:45.686 D/mot_vr_audio_hw( 1419): received recognition control callback, status 0
11-22 21:31:45.716 W/mot_vr_audio_hw( 1419): Discarded 10 buffers without finding audio data
11-22 21:31:45.726 D/ADSPD   ( 7609): Client cmd=0x0003, size=4
11-22 21:31:45.726 D/mot_vr_audio_hw( 1419): Re-arming DSP
11-22 21:31:45.726 D/mot_vr_audio_hw( 1419): Input 0xb8ebdeb8 standby complete
11-22 21:31:45.736 D/mot_vr_audio_hw( 1419): Input 0xb8ebdeb8 close complete
11-22 21:31:45.736 D/ADSPD   ( 7609): Received from DSP: cmd=0x8003, size=2
11-22 21:31:45.736 D/ADSPD   ( 7609): Client cmd=0x4003, size=2
11-22 21:31:45.736 D/mot_vr_audio_hw( 1419): received recognition control callback, status 0
11-22 21:31:45.766 D/mot_vr_audio_hw( 1419): dsp_recognizer_enabled = true
11-22 21:31:45.766 D/ADSPD   ( 7609): Client cmd=0x0003, size=4
11-22 21:31:45.766 D/mot_vr_audio_hw( 1419): open_input_stream(): devices = 0x80000004, rate = 8000, channels = 0x10
11-22 21:31:45.766 D/mot_vr_audio_hw( 1419): Created resampler for 16000->8000 Hz
11-22 21:31:45.776 D/ADSPD   ( 7609): Received from DSP: cmd=0x8003, size=2
11-22 21:31:45.776 D/ADSPD   ( 7609): Client cmd=0x4003, size=2
11-22 21:31:45.776 D/mot_vr_audio_hw( 1419): received recognition control callback, status 0
11-22 21:31:45.786 D/mot_vr_audio_hw( 1419): in_read waiting for hotword
11-22 21:31:45.806 D/dalvikvm( 6983): GC_FOR_ALLOC freed 203K, 24% free 2346K/3080K, paused 61ms, total 61ms
11-22 21:31:45.826 I/AmbientMode( 1871): Dream ended: isDozing=true
11-22 21:31:46.357 D/LightsService( 1752): Excessive delay setting light: 237ms
11-22 21:31:46.367 D/SurfaceFlinger( 1417): Screen released, type=0 flinger=0xb7fc2448
11-22 21:31:46.537 D/hwcomposer( 1417): hwc_blank(0: 1)
11-22 21:31:46.537 D/SurfaceControl( 1752): Excessive delay in blankDisplay() while turning screen off: 175ms
11-22 21:31:46.567 I/DisplayManagerService( 1752): Display device changed: DisplayDeviceInfo{"Built-in Screen": 320 x 290, 45.000004 fps, density 213, 203.2 x 204.61111 dpi, touch INTERNAL, rotation 0, type BUILT_IN, state OFF, FLAG_DEFAULT_DISPLAY, FLAG_ROTATES_WITH_CONTENT, FLAG_SECURE, FLAG_SUPPORTS_PROTECTED_BUFFERS}
11-22 21:31:46.567 V/ActivityManager( 1752): Display changed displayId=0
11-22 21:31:46.577 V/WearActivity( 7636): display changed: 0, new state: 1
11-22 21:31:46.577 I/TimeWrapper( 7636): FPS: 40.715538, samples: 239
11-22 21:31:46.577 I/TimeWrapper( 7636): Min/Avg/Max frame render speed (ms): 3.814697 / 5.685335 / 55.29785
11-22 21:31:46.577 I/TimeWrapper( 7636): Waketime: 23.148148%
11-22 21:31:46.577 I/TimeWrapper( 7636): Skipped frames: 258
11-22 21:31:46.577 V/MyViewAnim( 7636): redrawSlow: resume -> 1
11-22 21:31:46.577 V/MyViewAnim( 7636): redrawSlow: startHelper -> 1
11-22 21:31:46.577 V/WearActivity( 7636): onDisplayChanged: off!
11-22 21:31:46.577 V/WearActivity( 7636): stopHelper: shutting things down
11-22 21:31:46.607 D/MinnowPowerHAL( 1752): power_set_interactive: 0
11-22 21:31:46.607 D/MinnowPowerHAL( 1752): sysfs_write: /sys/devices/platform/omapdss/display0/interactivemode 0
11-22 21:31:46.607 D/MinnowPowerHAL( 1752): sysfs_write: /sys/devices/ocp.2/i2c.6/i2c-0/0-004a/interactivemode 0
11-22 21:31:46.607 D/MinnowPowerHAL( 1752): sysfs_write: /sys/class/leds/lcd-backlight/interactive 0
11-22 21:31:46.607 D/mot_vr_audio_hw( 1752): dsp_set_pm_state = off
11-22 21:31:46.607 D/ADSPD   ( 7609): Client cmd=0x4002, size=2
11-22 21:31:46.607 D/ADSPD   ( 7609): DSP_CMD_DAEMON_SET_PM_STATE : 0
11-22 21:31:46.607 D/ADSPD   ( 7609): DSP not turned off as still being used
11-22 21:31:46.627 V/MyViewAnim( 7636): stopping animation!
11-22 21:31:46.627 V/MyViewAnim( 7636): killDrawThread
11-22 21:31:46.627 V/WearActivity( 7636): killing alarms
11-22 21:31:46.637 I/ClockFace( 7636): Ambient mode: false
11-22 21:31:46.637 V/WearActivity( 7636): Pause!
11-22 21:31:46.637 V/MyViewAnim( 7636): looper finished!
11-22 21:31:46.647 V/WearActivity( 7636): Stop!
11-22 21:31:46.647 D/mot_vr_audio_hw( 1419): dsp_recognizer_enabled = false
11-22 21:31:46.647 D/ADSPD   ( 7609): Client cmd=0x0003, size=4
11-22 21:31:46.647 D/ADSPD   ( 7609): Trying to send to dsp while in dsp in RESET
11-22 21:31:46.647 W/mot_vr_audio_hw( 1419): Not allowing wake() since DSP is disabled
11-22 21:31:46.657 W/mot_vr_audio_hw( 1419): Not allowing wake() since DSP is disabled
11-22 21:31:46.657 W/InputMethodManagerService( 1752): Ignoring setImeWindowStatus of uid 1000 token: null
11-22 21:31:46.677 D/ADSPD   ( 7609): Client cmd=0x4003, size=2
11-22 21:31:46.677 D/ADSPD   ( 7609): DSP no longer used, turned off here
11-22 21:31:46.677 D/mot_vr_audio_hw( 1419): Input 0xb8ebdeb8 close complete
11-22 21:31:48.749 W/bt-btif (24046): dm_pm_timer expires
11-22 21:31:48.749 W/bt-btif (24046): dm_pm_timer expires 0
11-22 21:31:48.749 W/bt-btif (24046): proc dm_pm_timer expires
11-22 21:32:00.717 D/dalvikvm( 1871): GC_FOR_ALLOC freed 3153K, 31% free 27052K/38808K, paused 43ms, total 43ms
11-22 21:32:00.757 I/ActivityManager( 1752): START u0 {act=android.intent.action.MAIN cat=[android.intent.category.HOME] flg=0x10000000 cmp=com.google.android.wearable.app/com.google.android.clockwork.home.HomeActivity (has extras)} from pid 1871 on display 0
11-22 21:32:00.767 E/ClockworkHome( 1871): Tried to exit ambient mode, but enterAmbientMode() was never called.
11-22 21:32:00.767 W/HomeRowListAdapter( 1871): onRelease() called on an unknown row.
11-22 21:32:00.767 D/mot_vr_audio_hw( 1419): dsp_recognizer_enabled = true
11-22 21:32:00.767 D/ADSPD   ( 7609): Client cmd=0x0003, size=4
11-22 21:32:00.767 D/ADSPD   ( 7609): Trying to send to dsp while in dsp in RESET
11-22 21:32:00.767 D/mot_vr_audio_hw( 1419): open_input_stream(): devices = 0x80000004, rate = 8000, channels = 0x10
11-22 21:32:00.767 D/mot_vr_audio_hw( 1419): Created resampler for 16000->8000 Hz
11-22 21:32:00.777 D/ADSPD   ( 7609): Client cmd=0x4003, size=2
11-22 21:32:00.787 D/mot_vr_audio_hw( 1419): in_read waiting for hotword
11-22 21:32:00.797 D/mot_vr_audio_hw( 1419): dsp_recognizer_enabled = false
11-22 21:32:00.797 D/ADSPD   ( 7609): Client cmd=0x0003, size=4
11-22 21:32:00.797 D/ADSPD   ( 7609): Trying to send to dsp while in dsp in RESET
11-22 21:32:00.797 W/mot_vr_audio_hw( 1419): Not allowing wake() since DSP is disabled
11-22 21:32:00.807 W/mot_vr_audio_hw( 1419): Not allowing wake() since DSP is disabled
11-22 21:32:00.827 D/ADSPD   ( 7609): Client cmd=0x4003, size=2
11-22 21:32:00.827 D/ADSPD   ( 7609): DSP no longer used, turned off here
11-22 21:32:00.827 D/mot_vr_audio_hw( 1419): Input 0xb8ebdeb8 close complete
11-22 21:32:00.917 D/dalvikvm( 1871): GC_CONCURRENT freed 46K, 26% free 29035K/38808K, paused 12ms+7ms, total 108ms
11-22 21:32:00.987 I/ActivityManager( 1752): START u0 {act=android.intent.action.MAIN cat=[android.intent.category.HOME] flg=0x10000000 cmp=com.google.android.wearable.app/com.google.android.clockwork.home.HomeActivity (has extras)} from pid 1871 on display 0
11-22 21:32:01.007 D/mot_vr_audio_hw( 1419): dsp_recognizer_enabled = true
11-22 21:32:01.007 D/ADSPD   ( 7609): Client cmd=0x0003, size=4
11-22 21:32:01.007 D/ADSPD   ( 7609): Trying to send to dsp while in dsp in RESET
11-22 21:32:01.017 D/mot_vr_audio_hw( 1419): open_input_stream(): devices = 0x80000004, rate = 8000, channels = 0x10
11-22 21:32:01.017 D/mot_vr_audio_hw( 1419): Created resampler for 16000->8000 Hz
11-22 21:32:01.017 D/ADSPD   ( 7609): Client cmd=0x4003, size=2
11-22 21:32:01.027 D/mot_vr_audio_hw( 1419): in_read waiting for hotword
11-22 21:32:01.037 D/mot_vr_audio_hw( 1419): dsp_recognizer_enabled = false
11-22 21:32:01.037 D/ADSPD   ( 7609): Client cmd=0x0003, size=4
11-22 21:32:01.037 D/ADSPD   ( 7609): Trying to send to dsp while in dsp in RESET
11-22 21:32:01.037 W/mot_vr_audio_hw( 1419): Not allowing wake() since DSP is disabled
11-22 21:32:01.047 W/mot_vr_audio_hw( 1419): Not allowing wake() since DSP is disabled
11-22 21:32:01.067 D/ADSPD   ( 7609): Client cmd=0x4003, size=2
11-22 21:32:01.067 D/ADSPD   ( 7609): DSP no longer used, turned off here
11-22 21:32:01.067 D/mot_vr_audio_hw( 1419): Input 0xb8ebdeb8 close complete
11-22 21:32:03.119 W/bt-btif (24046): dm_pm_timer expires
11-22 21:32:03.119 W/bt-btif (24046): dm_pm_timer expires 0
11-22 21:32:03.119 W/bt-btif (24046): proc dm_pm_timer expires
11-22 21:32:50.209 D/dalvikvm( 1871): GC_FOR_ALLOC freed 2047K, 28% free 28073K/38808K, paused 46ms, total 47ms
11-22 21:32:50.209 I/ActivityManager( 1752): START u0 {act=android.intent.action.MAIN cat=[android.intent.category.HOME] flg=0x10000000 cmp=com.google.android.wearable.app/com.google.android.clockwork.home.HomeActivity (has extras)} from pid 1871 on display 0
11-22 21:32:50.249 D/mot_vr_audio_hw( 1419): dsp_recognizer_enabled = true
11-22 21:32:50.249 D/ADSPD   ( 7609): Client cmd=0x0003, size=4
11-22 21:32:50.249 D/ADSPD   ( 7609): Trying to send to dsp while in dsp in RESET
11-22 21:32:50.249 D/mot_vr_audio_hw( 1419): open_input_stream(): devices = 0x80000004, rate = 8000, channels = 0x10
11-22 21:32:50.259 D/mot_vr_audio_hw( 1419): Created resampler for 16000->8000 Hz
11-22 21:32:50.259 D/ADSPD   ( 7609): Client cmd=0x4003, size=2
11-22 21:32:50.269 D/mot_vr_audio_hw( 1419): in_read waiting for hotword
11-22 21:32:50.279 D/mot_vr_audio_hw( 1419): dsp_recognizer_enabled = false
11-22 21:32:50.279 D/ADSPD   ( 7609): Client cmd=0x0003, size=4
11-22 21:32:50.279 D/ADSPD   ( 7609): Trying to send to dsp while in dsp in RESET
11-22 21:32:50.279 W/mot_vr_audio_hw( 1419): Not allowing wake() since DSP is disabled
11-22 21:32:50.289 W/mot_vr_audio_hw( 1419): Not allowing wake() since DSP is disabled
11-22 21:32:50.309 D/ADSPD   ( 7609): Client cmd=0x4003, size=2
11-22 21:32:50.309 D/ADSPD   ( 7609): DSP no longer used, turned off here
11-22 21:32:50.309 D/mot_vr_audio_hw( 1419): Input 0xb8ebdeb8 close complete
11-22 21:32:50.349 D/dalvikvm( 6983): GC_FOR_ALLOC freed 190K, 24% free 2347K/3080K, paused 31ms, total 37ms
11-22 21:32:50.449 I/ActivityManager( 1752): START u0 {act=android.intent.action.MAIN cat=[android.intent.category.HOME] flg=0x10000000 cmp=com.google.android.wearable.app/com.google.android.clockwork.home.HomeActivity (has extras)} from pid 1871 on display 0
11-22 21:32:50.469 D/mot_vr_audio_hw( 1419): dsp_recognizer_enabled = true
11-22 21:32:50.469 D/ADSPD   ( 7609): Client cmd=0x0003, size=4
11-22 21:32:50.469 D/ADSPD   ( 7609): Trying to send to dsp while in dsp in RESET
11-22 21:32:50.469 D/mot_vr_audio_hw( 1419): open_input_stream(): devices = 0x80000004, rate = 8000, channels = 0x10
11-22 21:32:50.469 D/mot_vr_audio_hw( 1419): Created resampler for 16000->8000 Hz
11-22 21:32:50.469 D/ADSPD   ( 7609): Client cmd=0x4003, size=2
11-22 21:32:50.489 D/mot_vr_audio_hw( 1419): in_read waiting for hotword
11-22 21:32:50.489 D/mot_vr_audio_hw( 1419): dsp_recognizer_enabled = false
11-22 21:32:50.489 D/ADSPD   ( 7609): Client cmd=0x0003, size=4
11-22 21:32:50.489 D/ADSPD   ( 7609): Trying to send to dsp while in dsp in RESET
11-22 21:32:50.489 W/mot_vr_audio_hw( 1419): Not allowing wake() since DSP is disabled
11-22 21:32:50.499 W/mot_vr_audio_hw( 1419): Not allowing wake() since DSP is disabled
11-22 21:32:50.519 D/ADSPD   ( 7609): Client cmd=0x4003, size=2
11-22 21:32:50.519 D/ADSPD   ( 7609): DSP no longer used, turned off here
11-22 21:32:50.519 D/mot_vr_audio_hw( 1419): Input 0xb8ebdeb8 close complete
11-22 21:32:52.611 W/bt-btif (24046): dm_pm_timer expires
11-22 21:32:52.611 W/bt-btif (24046): dm_pm_timer expires 0
11-22 21:32:52.611 W/bt-btif (24046): proc dm_pm_timer expires
11-22 21:33:55.729 D/dalvikvm( 1871): GC_FOR_ALLOC freed 2090K, 31% free 27068K/38808K, paused 46ms, total 48ms
11-22 21:33:55.749 I/ActivityManager( 1752): START u0 {act=android.intent.action.MAIN cat=[android.intent.category.HOME] flg=0x10000000 cmp=com.google.android.wearable.app/com.google.android.clockwork.home.HomeActivity (has extras)} from pid 1871 on display 0
11-22 21:33:55.759 W/HomeRowListAdapter( 1871): onRelease() called on an unknown row.
11-22 21:33:55.769 D/mot_vr_audio_hw( 1419): dsp_recognizer_enabled = true
11-22 21:33:55.769 D/ADSPD   ( 7609): Client cmd=0x0003, size=4
11-22 21:33:55.769 D/ADSPD   ( 7609): Trying to send to dsp while in dsp in RESET
11-22 21:33:55.769 D/mot_vr_audio_hw( 1419): open_input_stream(): devices = 0x80000004, rate = 8000, channels = 0x10
11-22 21:33:55.769 D/mot_vr_audio_hw( 1419): Created resampler for 16000->8000 Hz
11-22 21:33:55.769 D/ADSPD   ( 7609): Client cmd=0x4003, size=2
11-22 21:33:55.779 D/mot_vr_audio_hw( 1419): in_read waiting for hotword
11-22 21:33:55.789 D/mot_vr_audio_hw( 1419): dsp_recognizer_enabled = false
11-22 21:33:55.789 D/ADSPD   ( 7609): Client cmd=0x0003, size=4
11-22 21:33:55.789 D/ADSPD   ( 7609): Trying to send to dsp while in dsp in RESET
11-22 21:33:55.789 W/mot_vr_audio_hw( 1419): Not allowing wake() since DSP is disabled
11-22 21:33:55.799 W/mot_vr_audio_hw( 1419): Not allowing wake() since DSP is disabled
11-22 21:33:55.819 D/ADSPD   ( 7609): Client cmd=0x4003, size=2
11-22 21:33:55.819 D/ADSPD   ( 7609): DSP no longer used, turned off here
11-22 21:33:55.819 D/mot_vr_audio_hw( 1419): Input 0xb8ebdeb8 close complete
11-22 21:33:55.969 D/dalvikvm( 1871): GC_CONCURRENT freed 32K, 26% free 29065K/38808K, paused 10ms+7ms, total 79ms
11-22 21:33:56.029 I/ActivityManager( 1752): START u0 {act=android.intent.action.MAIN cat=[android.intent.category.HOME] flg=0x10000000 cmp=com.google.android.wearable.app/com.google.android.clockwork.home.HomeActivity (has extras)} from pid 1871 on display 0
11-22 21:33:56.049 D/mot_vr_audio_hw( 1419): dsp_recognizer_enabled = true
11-22 21:33:56.049 D/ADSPD   ( 7609): Client cmd=0x0003, size=4
11-22 21:33:56.049 D/ADSPD   ( 7609): Trying to send to dsp while in dsp in RESET
11-22 21:33:56.059 D/mot_vr_audio_hw( 1419): open_input_stream(): devices = 0x80000004, rate = 8000, channels = 0x10
11-22 21:33:56.059 D/mot_vr_audio_hw( 1419): Created resampler for 16000->8000 Hz
11-22 21:33:56.059 D/ADSPD   ( 7609): Client cmd=0x4003, size=2
11-22 21:33:56.129 D/dalvikvm( 1752): GC_EXPLICIT freed 534K, 69% free 5503K/17280K, paused 3ms+7ms, total 60ms
11-22 21:33:56.139 D/mot_vr_audio_hw( 1419): in_read waiting for hotword
11-22 21:33:56.149 D/mot_vr_audio_hw( 1419): dsp_recognizer_enabled = false
11-22 21:33:56.149 D/ADSPD   ( 7609): Client cmd=0x0003, size=4
11-22 21:33:56.149 D/ADSPD   ( 7609): Trying to send to dsp while in dsp in RESET
11-22 21:33:56.149 W/mot_vr_audio_hw( 1419): Not allowing wake() since DSP is disabled
11-22 21:33:56.159 W/mot_vr_audio_hw( 1419): Not allowing wake() since DSP is disabled
11-22 21:33:56.179 D/ADSPD   ( 7609): Client cmd=0x4003, size=2
11-22 21:33:56.179 D/ADSPD   ( 7609): DSP no longer used, turned off here
11-22 21:33:56.179 D/mot_vr_audio_hw( 1419): Input 0xb8ebdeb8 close complete
11-22 21:33:58.231 W/bt-btif (24046): dm_pm_timer expires
11-22 21:33:58.231 W/bt-btif (24046): dm_pm_timer expires 0
11-22 21:33:58.231 W/bt-btif (24046): proc dm_pm_timer expires
11-22 21:35:49.248 D/dalvikvm( 1871): GC_FOR_ALLOC freed 2080K, 28% free 28075K/38808K, paused 47ms, total 50ms
11-22 21:35:49.258 I/ActivityManager( 1752): START u0 {act=android.intent.action.MAIN cat=[android.intent.category.HOME] flg=0x10000000 cmp=com.google.android.wearable.app/com.google.android.clockwork.home.HomeActivity (has extras)} from pid 1871 on display 0
11-22 21:35:49.288 D/mot_vr_audio_hw( 1419): dsp_recognizer_enabled = true
11-22 21:35:49.288 D/ADSPD   ( 7609): Client cmd=0x0003, size=4
11-22 21:35:49.298 D/ADSPD   ( 7609): Trying to send to dsp while in dsp in RESET
11-22 21:35:49.298 D/mot_vr_audio_hw( 1419): open_input_stream(): devices = 0x80000004, rate = 8000, channels = 0x10
11-22 21:35:49.298 D/mot_vr_audio_hw( 1419): Created resampler for 16000->8000 Hz
11-22 21:35:49.298 D/ADSPD   ( 7609): Client cmd=0x4003, size=2
11-22 21:35:49.308 D/mot_vr_audio_hw( 1419): in_read waiting for hotword
11-22 21:35:49.318 D/mot_vr_audio_hw( 1419): dsp_recognizer_enabled = false
11-22 21:35:49.318 D/ADSPD   ( 7609): Client cmd=0x0003, size=4
11-22 21:35:49.318 D/ADSPD   ( 7609): Trying to send to dsp while in dsp in RESET
11-22 21:35:49.318 W/mot_vr_audio_hw( 1419): Not allowing wake() since DSP is disabled
11-22 21:35:49.328 W/mot_vr_audio_hw( 1419): Not allowing wake() since DSP is disabled
11-22 21:35:49.358 D/ADSPD   ( 7609): Client cmd=0x4003, size=2
11-22 21:35:49.358 D/ADSPD   ( 7609): DSP no longer used, turned off here
11-22 21:35:49.358 D/mot_vr_audio_hw( 1419): Input 0xb8ebf5c8 close complete
11-22 21:35:49.488 I/ActivityManager( 1752): START u0 {act=android.intent.action.MAIN cat=[android.intent.category.HOME] flg=0x10000000 cmp=com.google.android.wearable.app/com.google.android.clockwork.home.HomeActivity (has extras)} from pid 1871 on display 0
11-22 21:35:49.508 D/mot_vr_audio_hw( 1419): dsp_recognizer_enabled = true
11-22 21:35:49.508 D/ADSPD   ( 7609): Client cmd=0x0003, size=4
11-22 21:35:49.508 D/ADSPD   ( 7609): Trying to send to dsp while in dsp in RESET
11-22 21:35:49.508 D/mot_vr_audio_hw( 1419): open_input_stream(): devices = 0x80000004, rate = 8000, channels = 0x10
11-22 21:35:49.508 D/mot_vr_audio_hw( 1419): Created resampler for 16000->8000 Hz
11-22 21:35:49.508 D/ADSPD   ( 7609): Client cmd=0x4003, size=2
11-22 21:35:49.528 D/mot_vr_audio_hw( 1419): in_read waiting for hotword
11-22 21:35:49.528 D/mot_vr_audio_hw( 1419): dsp_recognizer_enabled = false
11-22 21:35:49.528 D/ADSPD   ( 7609): Client cmd=0x0003, size=4
11-22 21:35:49.528 D/ADSPD   ( 7609): Trying to send to dsp while in dsp in RESET
11-22 21:35:49.528 W/mot_vr_audio_hw( 1419): Not allowing wake() since DSP is disabled
11-22 21:35:49.538 W/mot_vr_audio_hw( 1419): Not allowing wake() since DSP is disabled
11-22 21:35:49.558 D/ADSPD   ( 7609): Client cmd=0x4003, size=2
11-22 21:35:49.558 D/ADSPD   ( 7609): DSP no longer used, turned off here
11-22 21:35:49.558 D/mot_vr_audio_hw( 1419): Input 0xb8ebf5c8 close complete
11-22 21:35:49.598 D/dalvikvm( 6983): GC_FOR_ALLOC freed 202K, 24% free 2348K/3080K, paused 30ms, total 31ms
11-22 21:35:51.290 V/MyViewAnim( 7636): redraw called while !drawingMaxHertz (source null); ignoring
11-22 21:35:51.670 W/bt-btif (24046): dm_pm_timer expires
11-22 21:35:51.670 W/bt-btif (24046): dm_pm_timer expires 0
11-22 21:35:51.670 W/bt-btif (24046): proc dm_pm_timer expires
11-22 21:35:54.542 W/bt-btif (24046): dm_pm_timer expires
11-22 21:35:54.542 W/bt-btif (24046): dm_pm_timer expires 0
11-22 21:35:54.542 W/bt-btif (24046): proc dm_pm_timer expires
11-22 21:36:41.919 E/TimeWrapper( 7636): wow, lots of skipped frames!
11-22 21:38:16.088 D/dalvikvm( 6946): GC_CONCURRENT freed 417K, 22% free 2261K/2880K, paused 19ms+1ms, total 44ms
11-22 21:38:16.218 D/dalvikvm( 1871): GC_FOR_ALLOC freed 2118K, 31% free 27062K/38808K, paused 48ms, total 48ms
11-22 21:38:16.228 I/ActivityManager( 1752): START u0 {act=android.intent.action.MAIN cat=[android.intent.category.HOME] flg=0x10000000 cmp=com.google.android.wearable.app/com.google.android.clockwork.home.HomeActivity (has extras)} from pid 1871 on display 0
11-22 21:38:16.238 W/HomeRowListAdapter( 1871): onRelease() called on an unknown row.
11-22 21:38:16.248 D/mot_vr_audio_hw( 1419): dsp_recognizer_enabled = true
11-22 21:38:16.248 D/ADSPD   ( 7609): Client cmd=0x0003, size=4
11-22 21:38:16.248 D/ADSPD   ( 7609): Trying to send to dsp while in dsp in RESET
11-22 21:38:16.248 D/mot_vr_audio_hw( 1419): open_input_stream(): devices = 0x80000004, rate = 8000, channels = 0x10
11-22 21:38:16.248 D/mot_vr_audio_hw( 1419): Created resampler for 16000->8000 Hz
11-22 21:38:16.248 D/ADSPD   ( 7609): Client cmd=0x4003, size=2
11-22 21:38:16.258 D/mot_vr_audio_hw( 1419): in_read waiting for hotword
11-22 21:38:16.268 D/mot_vr_audio_hw( 1419): dsp_recognizer_enabled = false
11-22 21:38:16.268 D/ADSPD   ( 7609): Client cmd=0x0003, size=4
11-22 21:38:16.268 D/ADSPD   ( 7609): Trying to send to dsp while in dsp in RESET
11-22 21:38:16.268 W/mot_vr_audio_hw( 1419): Not allowing wake() since DSP is disabled
11-22 21:38:16.278 W/mot_vr_audio_hw( 1419): Not allowing wake() since DSP is disabled
11-22 21:38:16.298 D/ADSPD   ( 7609): Client cmd=0x4003, size=2
11-22 21:38:16.298 D/ADSPD   ( 7609): DSP no longer used, turned off here
11-22 21:38:16.298 D/mot_vr_audio_hw( 1419): Input 0xb8ebf5c8 close complete
11-22 21:38:16.419 D/dalvikvm( 1871): GC_CONCURRENT freed 35K, 26% free 29060K/38808K, paused 11ms+8ms, total 75ms
11-22 21:38:16.489 I/ActivityManager( 1752): START u0 {act=android.intent.action.MAIN cat=[android.intent.category.HOME] flg=0x10000000 cmp=com.google.android.wearable.app/com.google.android.clockwork.home.HomeActivity (has extras)} from pid 1871 on display 0
11-22 21:38:16.509 D/mot_vr_audio_hw( 1419): dsp_recognizer_enabled = true
11-22 21:38:16.509 D/ADSPD   ( 7609): Client cmd=0x0003, size=4
11-22 21:38:16.509 D/ADSPD   ( 7609): Trying to send to dsp while in dsp in RESET
11-22 21:38:16.519 D/mot_vr_audio_hw( 1419): open_input_stream(): devices = 0x80000004, rate = 8000, channels = 0x10
11-22 21:38:16.519 D/mot_vr_audio_hw( 1419): Created resampler for 16000->8000 Hz
11-22 21:38:16.519 D/ADSPD   ( 7609): Client cmd=0x4003, size=2
11-22 21:38:16.529 D/mot_vr_audio_hw( 1419): in_read waiting for hotword
11-22 21:38:16.539 D/mot_vr_audio_hw( 1419): dsp_recognizer_enabled = false
11-22 21:38:16.539 D/ADSPD   ( 7609): Client cmd=0x0003, size=4
11-22 21:38:16.539 D/ADSPD   ( 7609): Trying to send to dsp while in dsp in RESET
11-22 21:38:16.539 W/mot_vr_audio_hw( 1419): Not allowing wake() since DSP is disabled
11-22 21:38:16.549 W/mot_vr_audio_hw( 1419): Not allowing wake() since DSP is disabled
11-22 21:38:16.569 D/ADSPD   ( 7609): Client cmd=0x4003, size=2
11-22 21:38:16.569 D/ADSPD   ( 7609): DSP no longer used, turned off here
11-22 21:38:16.569 D/mot_vr_audio_hw( 1419): Input 0xb8ebf5c8 close complete
11-22 21:38:18.641 W/bt-btif (24046): dm_pm_timer expires
11-22 21:38:18.641 W/bt-btif (24046): dm_pm_timer expires 0
11-22 21:38:18.641 W/bt-btif (24046): proc dm_pm_timer expires
11-22 21:38:56.249 D/dalvikvm( 1871): GC_FOR_ALLOC freed 2077K, 28% free 28069K/38808K, paused 47ms, total 48ms
11-22 21:38:56.259 I/ActivityManager( 1752): START u0 {act=android.intent.action.MAIN cat=[android.intent.category.HOME] flg=0x10000000 cmp=com.google.android.wearable.app/com.google.android.clockwork.home.HomeActivity (has extras)} from pid 1871 on display 0
11-22 21:38:56.269 W/HomeRowListAdapter( 1871): onRelease() called on an unknown row.
11-22 21:38:56.269 D/mot_vr_audio_hw( 1419): dsp_recognizer_enabled = true
11-22 21:38:56.269 D/ADSPD   ( 7609): Client cmd=0x0003, size=4
11-22 21:38:56.269 D/ADSPD   ( 7609): Trying to send to dsp while in dsp in RESET
11-22 21:38:56.269 D/mot_vr_audio_hw( 1419): open_input_stream(): devices = 0x80000004, rate = 8000, channels = 0x10
