11-28 08:26:22.416      183-183/? I/DEBUG﹕ r4 415236c8  r5 41523748  r6 00001000  r7 00000000
11-28 08:26:22.416      183-183/? I/DEBUG﹕ r8 400c1028  r9 00000000  sl 45c56194  fp 0001d7f5
11-28 08:26:22.416      183-183/? I/DEBUG﹕ ip 4151ece4  sp 711dac8c  lr 414ece13  pc 400610f4  cpsr 200a0010
11-28 08:26:22.416      183-183/? I/DEBUG﹕ d0  0000000000000000  d1  0000000000000000
11-28 08:26:22.416      183-183/? I/DEBUG﹕ d2  0000000000000000  d3  0000000000000000
11-28 08:26:22.416      183-183/? I/DEBUG﹕ d4  0000000000000000  d5  0000000000000000
11-28 08:26:22.416      183-183/? I/DEBUG﹕ d6  0000000000000000  d7  0000000000000000
11-28 08:26:22.416      183-183/? I/DEBUG﹕ d8  0000000000000000  d9  0000000000000000
11-28 08:26:22.416      183-183/? I/DEBUG﹕ d10 0000000000000000  d11 0000000000000000
11-28 08:26:22.416      183-183/? I/DEBUG﹕ d12 0000000000000000  d13 0000000000000000
11-28 08:26:22.416      183-183/? I/DEBUG﹕ d14 0000000000000000  d15 0000000000000000
11-28 08:26:22.416      183-183/? I/DEBUG﹕ d16 000000000000001c  d17 00000006ffffffff
11-28 08:26:22.416      183-183/? I/DEBUG﹕ d18 0000000000000000  d19 0000000000000000
11-28 08:26:22.416      183-183/? I/DEBUG﹕ d20 0000000000000000  d21 0002000200020002
11-28 08:26:22.416      183-183/? I/DEBUG﹕ d22 0000000000000000  d23 0000000000000000
11-28 08:26:22.416      183-183/? I/DEBUG﹕ d24 0000000000000000  d25 0002a7600002a760
11-28 08:26:22.416      183-183/? I/DEBUG﹕ d26 0707070703030303  d27 0300000004000000
11-28 08:26:22.416      183-183/? I/DEBUG﹕ d28 0800000009000000  d29 0001000000010000
11-28 08:26:22.416      183-183/? I/DEBUG﹕ d30 010b400001088000  d31 01108000010e0000
11-28 08:26:22.416      183-183/? I/DEBUG﹕ scr 80000010
11-28 08:26:22.416      183-183/? I/DEBUG﹕ backtrace:
11-28 08:26:22.416      183-183/? I/DEBUG﹕ #00  pc 000220f4  /system/lib/libc.so (memset+24)
11-28 08:26:22.416      183-183/? I/DEBUG﹕ #01  pc 00078e0f  /system/lib/libdvm.so (dvmJitResetTable+66)
11-28 08:26:22.416      183-183/? I/DEBUG﹕ #02  pc 00073777  /system/lib/libdvm.so
11-28 08:26:22.416      183-183/? I/DEBUG﹕ #03  pc 00073e6d  /system/lib/libdvm.so (dvmCompilerPerformSafePointChecks()+16)
11-28 08:26:22.416      183-183/? I/DEBUG﹕ #04  pc 00029410  /system/lib/libdvm.so (dvmCollectGarbageInternal(GcSpec const*)+400)
11-28 08:26:22.416      183-183/? I/DEBUG﹕ #05  pc 000727b9  /system/lib/libdvm.so
11-28 08:26:22.416      183-183/? I/DEBUG﹕ #06  pc 00054969  /system/lib/libdvm.so
11-28 08:26:22.416      183-183/? I/DEBUG﹕ #07  pc 0000d170  /system/lib/libc.so (__thread_entry+72)
11-28 08:26:22.416      183-183/? I/DEBUG﹕ #08  pc 0000d308  /system/lib/libc.so (pthread_create+240)
11-28 08:26:22.416      183-183/? I/DEBUG﹕ stack:
11-28 08:26:22.416      183-183/? I/DEBUG﹕ 711dac4c  00000000
11-28 08:26:22.416      183-183/? I/DEBUG﹕ 711dac50  6f3740b1  /system/framework/framework.odex
11-28 08:26:22.416      183-183/? I/DEBUG﹕ 711dac54  00000001
11-28 08:26:22.416      183-183/? I/DEBUG﹕ 711dac58  6f3740b7  /system/framework/framework.odex
11-28 08:26:22.416      183-183/? I/DEBUG﹕ 711dac5c  00000004
11-28 08:26:22.416      183-183/? I/DEBUG﹕ 711dac60  711dacac  [stack:18889]
11-28 08:26:22.416      183-183/? I/DEBUG﹕ 711dac64  6d4a31e8  /dev/ashmem/dalvik-LinearAlloc (deleted)
11-28 08:26:22.416      183-183/? I/DEBUG﹕ 711dac68  00000003
11-28 08:26:22.416      183-183/? I/DEBUG﹕ 711dac6c  4004cbf9  /system/lib/libc.so (malloc+12)
11-28 08:26:22.416      183-183/? I/DEBUG﹕ 711dac70  75295ea9  [anon:libc_malloc]
11-28 08:26:22.416      183-183/? I/DEBUG﹕ 711dac74  414d28a9  /system/lib/libdvm.so (dvmGetExpandedRegisterMap0(Method*)+340)
11-28 08:26:22.416      183-183/? I/DEBUG﹕ 711dac78  415236c8  /system/lib/libdvm.so
11-28 08:26:22.416      183-183/? I/DEBUG﹕ 711dac7c  41523748  /system/lib/libdvm.so
11-28 08:26:22.416      183-183/? I/DEBUG﹕ 711dac80  00001000
11-28 08:26:22.416      183-183/? I/DEBUG﹕ 711dac84  00000000
11-28 08:26:22.416      183-183/? I/DEBUG﹕ 711dac88  400c1028  /system/lib/libcutils.so
11-28 08:26:22.416      183-183/? I/DEBUG﹕ #00  711dac8c  00000000
11-28 08:26:22.416      183-183/? I/DEBUG﹕ #01  711dac90  00000000
11-28 08:26:22.416      183-183/? I/DEBUG﹕ 711dac94  00000006
11-28 08:26:22.416      183-183/? I/DEBUG﹕ 711dac98  41523748  /system/lib/libdvm.so
11-28 08:26:22.416      183-183/? I/DEBUG﹕ 711dac9c  415236c8  /system/lib/libdvm.so
11-28 08:26:22.416      183-183/? I/DEBUG﹕ 711daca0  00000000
11-28 08:26:22.416      183-183/? I/DEBUG﹕ 711daca4  414e777b  /system/lib/libdvm.so
11-28 08:26:22.416      183-183/? I/DEBUG﹕ #02  711daca8  4154f39c  [anon:libc_malloc]
11-28 08:26:22.416      183-183/? I/DEBUG﹕ 711dacac  414ab2f4  /system/lib/libdvm.so
11-28 08:26:22.416      183-183/? I/DEBUG﹕ 711dacb0  62550004  /dev/ashmem/dalvik-mark-stack (deleted)
11-28 08:26:22.416      183-183/? I/DEBUG﹕ 711dacb4  4154f3b0  [anon:libc_malloc]
11-28 08:26:22.416      183-183/? I/DEBUG﹕ 711dacb8  4154f3a4  [anon:libc_malloc]
11-28 08:26:22.416      183-183/? I/DEBUG﹕ 711dacbc  4154f3b0  [anon:libc_malloc]
11-28 08:26:22.416      183-183/? I/DEBUG﹕ 711dacc0  00000014
11-28 08:26:22.416      183-183/? I/DEBUG﹕ 711dacc4  415231f0  /system/lib/libdvm.so
11-28 08:26:22.416      183-183/? I/DEBUG﹕ 711dacc8  4154f39c  [anon:libc_malloc]
11-28 08:26:22.416      183-183/? I/DEBUG﹕ 711daccc  414ab970  /system/lib/libdvm.so (dvmHeapProcessReferences(Object**, bool, Object**, Object**, Object**)+276)
11-28 08:26:22.416      183-183/? I/DEBUG﹕ 711dacd0  415510e0  /dev/ashmem/dalvik-zygote (deleted)
11-28 08:26:22.416      183-183/? I/DEBUG﹕ 711dacd4  00000001
11-28 08:26:22.416      183-183/? I/DEBUG﹕ 711dacd8  00000020
11-28 08:26:22.416      183-183/? I/DEBUG﹕ 711dacdc  4154f3a0  [anon:libc_malloc]
11-28 08:26:22.416      183-183/? I/DEBUG﹕ 711dace0  4289b510  /dev/ashmem/dalvik-heap (deleted)
11-28 08:26:22.416      183-183/? I/DEBUG﹕ 711dace4  00000000
11-28 08:26:22.416      183-183/? I/DEBUG﹕ ........  ........
11-28 08:26:22.416      183-183/? I/DEBUG﹕ memory near r2:
11-28 08:26:22.416      183-183/? I/DEBUG﹕ 0000bfa0 ffffffff ffffffff ffffffff ffffffff
11-28 08:26:22.416      183-183/? I/DEBUG﹕ 0000bfb0 ffffffff ffffffff ffffffff ffffffff
11-28 08:26:22.416      183-183/? I/DEBUG﹕ 0000bfc0 ffffffff ffffffff ffffffff ffffffff
11-28 08:26:22.416      183-183/? I/DEBUG﹕ 0000bfd0 ffffffff ffffffff ffffffff ffffffff
11-28 08:26:22.416      183-183/? I/DEBUG﹕ 0000bfe0 ffffffff ffffffff ffffffff ffffffff
11-28 08:26:22.416      183-183/? I/DEBUG﹕ 0000bff0 ffffffff ffffffff ffffffff ffffffff
11-28 08:26:22.416      183-183/? I/DEBUG﹕ 0000c000 ffffffff ffffffff ffffffff ffffffff
11-28 08:26:22.416      183-183/? I/DEBUG﹕ 0000c010 ffffffff ffffffff ffffffff ffffffff
11-28 08:26:22.416      183-183/? I/DEBUG﹕ 0000c020 ffffffff ffffffff ffffffff ffffffff
11-28 08:26:22.416      183-183/? I/DEBUG﹕ 0000c030 ffffffff ffffffff ffffffff ffffffff
11-28 08:26:22.416      183-183/? I/DEBUG﹕ 0000c040 ffffffff ffffffff ffffffff ffffffff
11-28 08:26:22.416      183-183/? I/DEBUG﹕ 0000c050 ffffffff ffffffff ffffffff ffffffff
11-28 08:26:22.416      183-183/? I/DEBUG﹕ 0000c060 ffffffff ffffffff ffffffff ffffffff
11-28 08:26:22.416      183-183/? I/DEBUG﹕ 0000c070 ffffffff ffffffff ffffffff ffffffff
11-28 08:26:22.416      183-183/? I/DEBUG﹕ 0000c080 ffffffff ffffffff ffffffff ffffffff
11-28 08:26:22.416      183-183/? I/DEBUG﹕ 0000c090 ffffffff ffffffff ffffffff ffffffff
11-28 08:26:22.416      183-183/? I/DEBUG﹕ memory near r4:
11-28 08:26:22.426      183-183/? I/DEBUG﹕ 415236a8 00000000 00000000 00000000 00000000
11-28 08:26:22.426      183-183/? I/DEBUG﹕ 415236b8 00000333 00000001 00000000 00000000
11-28 08:26:22.426      183-183/? I/DEBUG﹕ 415236c8 00000001 00000000 00000000 00000000
11-28 08:26:22.426      183-183/? I/DEBUG﹕ 415236d8 00000000 00001000 00000fff 00000000
11-28 08:26:22.426      183-183/? I/DEBUG﹕ 415236e8 00177000 00000028 00000000 74893ea8
11-28 08:26:22.426      183-183/? I/DEBUG﹕ 415236f8 6e40ea58 00000002 00000000 fffffffe
11-28 08:26:22.426      183-183/? I/DEBUG﹕ 41523708 00000000 00000000 00000000 00000000
11-28 08:26:22.426      183-183/? I/DEBUG﹕ 41523718 00000000 00000000 00000000 00000000
11-28 08:26:22.426      183-183/? I/DEBUG﹕ 41523728 75394000 00000000 00000006 00001000
11-28 08:26:22.426      183-183/? I/DEBUG﹕ 41523738 00001000 00000000 00000001 00000fff
11-28 08:26:22.426      183-183/? I/DEBUG﹕ 41523748 00000000 00000005 00000000 00000000
11-28 08:26:22.426      183-183/? I/DEBUG﹕ 41523758 00000000 00000000 00000000 00000000
11-28 08:26:22.426      183-183/? I/DEBUG﹕ 41523768 00000000 00000000 00000000 00000000
11-28 08:26:22.426      183-183/? I/DEBUG﹕ 41523778 00000000 00000000 00000000 00000000
11-28 08:26:22.426      183-183/? I/DEBUG﹕ 41523788 00000000 00000000 00000000 00000000
11-28 08:26:22.426      183-183/? I/DEBUG﹕ 41523798 00000000 00000000 00000000 00000000
11-28 08:26:22.426      183-183/? I/DEBUG﹕ memory near r5:
11-28 08:26:22.426      183-183/? I/DEBUG﹕ 41523728 75394000 00000000 00000006 00001000
11-28 08:26:22.426      183-183/? I/DEBUG﹕ 41523738 00001000 00000000 00000001 00000fff
11-28 08:26:22.426      183-183/? I/DEBUG﹕ 41523748 00000000 00000005 00000000 00000000
11-28 08:26:22.426      183-183/? I/DEBUG﹕ 41523758 00000000 00000000 00000000 00000000
11-28 08:26:22.426      183-183/? I/DEBUG﹕ 41523768 00000000 00000000 00000000 00000000
11-28 08:26:22.426      183-183/? I/DEBUG﹕ 41523778 00000000 00000000 00000000 00000000
11-28 08:26:22.426      183-183/? I/DEBUG﹕ 41523788 00000000 00000000 00000000 00000000
11-28 08:26:22.426      183-183/? I/DEBUG﹕ 41523798 00000000 00000000 00000000 00000000
11-28 08:26:22.426      183-183/? I/DEBUG﹕ 415237a8 00000000 00000000 00000000 00000000
11-28 08:26:22.426      183-183/? I/DEBUG﹕ 415237b8 00000000 00000000 00000000 00000000
11-28 08:26:22.426      183-183/? I/DEBUG﹕ 415237c8 00000000 00000000 00000000 00000000
11-28 08:26:22.426      183-183/? I/DEBUG﹕ 415237d8 00000000 00000000 00000000 00000000
11-28 08:26:22.426      183-183/? I/DEBUG﹕ 415237e8 00000000 00000000 00000000 00000000
11-28 08:26:22.426      183-183/? I/DEBUG﹕ 415237f8 00000000 00000000 00000000 00000000
11-28 08:26:22.426      183-183/? I/DEBUG﹕ 41523808 00000000 00000000 00000000 00000000
11-28 08:26:22.426      183-183/? I/DEBUG﹕ 41523818 00000000 00000000 00000000 00000000
11-28 08:26:22.426      183-183/? I/DEBUG﹕ memory near r6:
11-28 08:26:22.426      183-183/? I/DEBUG﹕ 00000fe0 ffffffff ffffffff ffffffff ffffffff
11-28 08:26:22.426      183-183/? I/DEBUG﹕ 00000ff0 ffffffff ffffffff ffffffff ffffffff
11-28 08:26:22.426      183-183/? I/DEBUG﹕ 00001000 ffffffff ffffffff ffffffff ffffffff
11-28 08:26:22.426      183-183/? I/DEBUG﹕ 00001010 ffffffff ffffffff ffffffff ffffffff
11-28 08:26:22.426      183-183/? I/DEBUG﹕ 00001020 ffffffff ffffffff ffffffff ffffffff
11-28 08:26:22.426      183-183/? I/DEBUG﹕ 00001030 ffffffff ffffffff ffffffff ffffffff
11-28 08:26:22.426      183-183/? I/DEBUG﹕ 00001040 ffffffff ffffffff ffffffff ffffffff
11-28 08:26:22.426      183-183/? I/DEBUG﹕ 00001050 ffffffff ffffffff ffffffff ffffffff
11-28 08:26:22.426      183-183/? I/DEBUG﹕ 00001060 ffffffff ffffffff ffffffff ffffffff
11-28 08:26:22.426      183-183/? I/DEBUG﹕ 00001070 ffffffff ffffffff ffffffff ffffffff
11-28 08:26:22.426      183-183/? I/DEBUG﹕ 00001080 ffffffff ffffffff ffffffff ffffffff
11-28 08:26:22.426      183-183/? I/DEBUG﹕ 00001090 ffffffff ffffffff ffffffff ffffffff
11-28 08:26:22.426      183-183/? I/DEBUG﹕ 000010a0 ffffffff ffffffff ffffffff ffffffff
11-28 08:26:22.426      183-183/? I/DEBUG﹕ 000010b0 ffffffff ffffffff ffffffff ffffffff
11-28 08:26:22.426      183-183/? I/DEBUG﹕ 000010c0 ffffffff ffffffff ffffffff ffffffff
11-28 08:26:22.426      183-183/? I/DEBUG﹕ 000010d0 ffffffff ffffffff ffffffff ffffffff
11-28 08:26:22.426      183-183/? I/DEBUG﹕ memory near r8:
11-28 08:26:22.426      183-183/? I/DEBUG﹕ 400c1008 00000000 0000002c 00000001 0000002b
11-28 08:26:22.426      183-183/? I/DEBUG﹕ 400c1018 ffffffff 00000003 ffffffff 00000000
11-28 08:26:22.426      183-183/? I/DEBUG﹕ 400c1028 00000001 00000000 00000001 0000001e
11-28 08:26:22.426      183-183/? I/DEBUG﹕ 400c1038 00000018 00000019 0000001a 0000001b
11-28 08:26:22.426      183-183/? I/DEBUG﹕ 400c1048 400bd4f9 00000000 00000000 00000000
11-28 08:26:22.426      183-183/? I/DEBUG﹕ 400c1058 00000000 00000000 00000000 00000000
11-28 08:26:22.426      183-183/? I/DEBUG﹕ 400c1068 00000000 00000000 00000000 00000000
11-28 08:26:22.426      183-183/? I/DEBUG﹕ 400c1078 00000000 00000000 00000000 00000000
11-28 08:26:22.426      183-183/? I/DEBUG﹕ 400c1088 00000000 00000000 00000000 00000000
11-28 08:26:22.426      183-183/? I/DEBUG﹕ 400c1098 00000000 00000000 00000000 00000000
11-28 08:26:22.426      183-183/? I/DEBUG﹕ 400c10a8 00000000 00000000 00000002 00000000
11-28 08:26:22.426      183-183/? I/DEBUG﹕ 400c10b8 00000002 00000000 00000001 00000000
11-28 08:26:22.426      183-183/? I/DEBUG﹕ 400c10c8 00000000 00000000 00000000 00000000
11-28 08:26:22.426      183-183/? I/DEBUG﹕ 400c10d8 00000000 00000000 00000000 00000000
11-28 08:26:22.426      183-183/? I/DEBUG﹕ 400c10e8 00000000 00000000 00000000 00000000
11-28 08:26:22.426      183-183/? I/DEBUG﹕ 400c10f8 00000000 00000000 00000000 00000000
11-28 08:26:22.426      183-183/? I/DEBUG﹕ memory near sl:
11-28 08:26:22.426      183-183/? I/DEBUG﹕ 45c56174 00000000 00000000 00000000 00000000
11-28 08:26:22.426      183-183/? I/DEBUG﹕ 45c56184 00000000 00000000 00000000 00000000
11-28 08:26:22.426      183-183/? I/DEBUG﹕ 45c56194 00000000 00000000 00000000 00000000
11-28 08:26:22.426      183-183/? I/DEBUG﹕ 45c561a4 00000000 00000000 00000000 00000000
11-28 08:26:22.426      183-183/? I/DEBUG﹕ 45c561b4 00000000 00000000 00000000 00000000
11-28 08:26:22.426      183-183/? I/DEBUG﹕ 45c561c4 00000000 00000000 00000000 00000000
11-28 08:26:22.426      183-183/? I/DEBUG﹕ 45c561d4 00000000 00000000 00000000 00000000
11-28 08:26:22.426      183-183/? I/DEBUG﹕ 45c561e4 00000000 00000000 00000000 00000000
11-28 08:26:22.426      183-183/? I/DEBUG﹕ 45c561f4 00000000 00000000 00000000 00000000
11-28 08:26:22.426      183-183/? I/DEBUG﹕ 45c56204 00000000 00000000 00000000 00000000
11-28 08:26:22.426      183-183/? I/DEBUG﹕ 45c56214 00000000 00000000 00000000 00000000
11-28 08:26:22.426      183-183/? I/DEBUG﹕ 45c56224 00000000 00000000 00000000 00000000
11-28 08:26:22.426      183-183/? I/DEBUG﹕ 45c56234 00000000 00000000 00000000 00000000
11-28 08:26:22.426      183-183/? I/DEBUG﹕ 45c56244 00000000 00000000 00000000 00000000
11-28 08:26:22.426      183-183/? I/DEBUG﹕ 45c56254 00000000 00000000 00000000 00000000
11-28 08:26:22.426      183-183/? I/DEBUG﹕ 45c56264 00000000 00000000 00000000 00000000
11-28 08:26:22.426      183-183/? I/DEBUG﹕ memory near fp:
11-28 08:26:22.426      183-183/? I/DEBUG﹕ 0001d7d4 ffffffff ffffffff ffffffff ffffffff
11-28 08:26:22.426      183-183/? I/DEBUG﹕ 0001d7e4 ffffffff ffffffff ffffffff ffffffff
11-28 08:26:22.426      183-183/? I/DEBUG﹕ 0001d7f4 ffffffff ffffffff ffffffff ffffffff
11-28 08:26:22.426      183-183/? I/DEBUG﹕ 0001d804 ffffffff ffffffff ffffffff ffffffff
11-28 08:26:22.426      183-183/? I/DEBUG﹕ 0001d814 ffffffff ffffffff ffffffff ffffffff
11-28 08:26:22.426      183-183/? I/DEBUG﹕ 0001d824 ffffffff ffffffff ffffffff ffffffff
11-28 08:26:22.426      183-183/? I/DEBUG﹕ 0001d834 ffffffff ffffffff ffffffff ffffffff
11-28 08:26:22.426      183-183/? I/DEBUG﹕ 0001d844 ffffffff ffffffff ffffffff ffffffff
11-28 08:26:22.426      183-183/? I/DEBUG﹕ 0001d854 ffffffff ffffffff ffffffff ffffffff
11-28 08:26:22.426      183-183/? I/DEBUG﹕ 0001d864 ffffffff ffffffff ffffffff ffffffff
11-28 08:26:22.426      183-183/? I/DEBUG﹕ 0001d874 ffffffff ffffffff ffffffff ffffffff
11-28 08:26:22.426      183-183/? I/DEBUG﹕ 0001d884 ffffffff ffffffff ffffffff ffffffff
11-28 08:26:22.426      183-183/? I/DEBUG﹕ 0001d894 ffffffff ffffffff ffffffff ffffffff
11-28 08:26:22.426      183-183/? I/DEBUG﹕ 0001d8a4 ffffffff ffffffff ffffffff ffffffff
11-28 08:26:22.426      183-183/? I/DEBUG﹕ 0001d8b4 ffffffff ffffffff ffffffff ffffffff
11-28 08:26:22.426      183-183/? I/DEBUG﹕ 0001d8c4 ffffffff ffffffff ffffffff ffffffff
11-28 08:26:22.426      183-183/? I/DEBUG﹕ memory near ip:
11-28 08:26:22.426      183-183/? I/DEBUG﹕ 4151ecc4 400b2210 40060978 40079da8 400b2400
11-28 08:26:22.426      183-183/? I/DEBUG﹕ 4151ecd4 4004cbed 4004cc15 4004cc01 4004cc29
11-28 08:26:22.426      183-183/? I/DEBUG﹕ 4151ece4 400610dc 400bd7f9 40060fcd 4009a919
11-28 08:26:22.426      183-183/? I/DEBUG﹕ 4151ecf4 4009a927 400b0dc0 400aaf60 400a86dc
11-28 08:26:22.426      183-183/? I/DEBUG﹕ 4151ed04 4005f440 4005f4c0 4005f3f8 40065109
11-28 08:26:22.426      183-183/? I/DEBUG﹕ 4151ed14 4005f2dc 40050ef5 4004d9cc 4004d7dc
11-28 08:26:22.426      183-183/? I/DEBUG﹕ 4151ed24 4004d8e0 4007a5c8 4004dd48 400bd2bd
11-28 08:26:22.426      183-183/? I/DEBUG﹕ 4151ed34 4004df38 4004d5b8 4006228c 4023961b
11-28 08:26:22.426      183-183/? I/DEBUG﹕ 4151ed44 4024ebdd 4009a919 40061f85 4024ebe1
11-28 08:26:22.426      183-183/? I/DEBUG﹕ 4151ed54 4009a927 4005fe98 4004c218 4006e5a9
11-28 08:26:22.426      183-183/? I/DEBUG﹕ 4151ed64 40051f29 40064331 40078f0f 4004dc68
11-28 08:26:22.426      183-183/? I/DEBUG﹕ 4151ed74 400bcc79 40069e8d 40061138 40051c5d
11-28 08:26:22.426      183-183/? I/DEBUG﹕ 4151ed84 40053449 40052415 401ecc00 40060b70
11-28 08:26:22.426      183-183/? I/DEBUG﹕ 4151ed94 4006a2b1 40062283 4004dcec 4004dd50
11-28 08:26:22.426      183-183/? I/DEBUG﹕ 4151eda4 40067a27 40065167 40061c3d 4005f3b0
11-28 08:26:22.426      183-183/? I/DEBUG﹕ 4151edb4 40067535 400792b4 40067ab1 4006a219
11-28 08:26:22.426      183-183/? I/DEBUG﹕ memory near sp:
11-28 08:26:22.426      183-183/? I/DEBUG﹕ 711dac6c 4004cbf9 75295ea9 414d28a9 415236c8
11-28 08:26:22.426      183-183/? I/DEBUG﹕ 711dac7c 41523748 00001000 00000000 400c1028
11-28 08:26:22.426      183-183/? I/DEBUG﹕ 711dac8c 00000000 00000000 00000006 41523748
11-28 08:26:22.426      183-183/? I/DEBUG﹕ 711dac9c 415236c8 00000000 414e777b 4154f39c
11-28 08:26:22.426      183-183/? I/DEBUG﹕ 711dacac 414ab2f4 62550004 4154f3b0 4154f3a4
11-28 08:26:22.426      183-183/? I/DEBUG﹕ 711dacbc 4154f3b0 00000014 415231f0 4154f39c
11-28 08:26:22.426      183-183/? I/DEBUG﹕ 711daccc 414ab970 415510e0 00000001 00000020
11-28 08:26:22.426      183-183/? I/DEBUG﹕ 711dacdc 4154f3a0 4289b510 00000000 4151bc3c
11-28 08:26:22.426      183-183/? I/DEBUG﹕ 711dacec 4154f398 400c10c0 415231f0 00000001
11-28 08:26:22.426      183-183/? I/DEBUG﹕ 711dacfc 1eee2485 1eee2487 414e7e71 4151ec74
11-28 08:26:22.426      183-183/? I/DEBUG﹕ 711dad0c 4149d414 4154f3a8 711dad68 415231f0
11-28 08:26:22.426      183-183/? I/DEBUG﹕ 711dad1c 74891098 4283a5e8 4283a658 00000000
11-28 08:26:22.426      183-183/? I/DEBUG﹕ 711dad2c 4154f4a8 1eee2495 7fffffff 41525100
11-28 08:26:22.426      183-183/? I/DEBUG﹕ 711dad3c 4004ded4 00000000 00000000 00000000
11-28 08:26:22.426      183-183/? I/DEBUG﹕ 711dad4c 4151ec74 00000000 00000000 41525100
11-28 08:26:22.426      183-183/? I/DEBUG﹕ 711dad5c 41525100 41525100 4154f4a0 4008b2ec
11-28 08:26:22.426      183-183/? I/DEBUG﹕ code around pc:
11-28 08:26:22.426      183-183/? I/DEBUG﹕ 400610d4 e1a02001 e3a01000 e92d0001 eee01b10
11-28 08:26:22.426      183-183/? I/DEBUG﹕ 400610e4 e2522020 3a000003 f2202150 e2522020
11-28 08:26:22.426      183-183/? I/DEBUG﹕ 400610f4 f400020d 2afffffc e2822020 e3120010
11-28 08:26:22.426      183-183/? I/DEBUG﹕ 40061104 0a000000 f4000a0d e1b0ce82 3a000000
11-28 08:26:22.426      183-183/? I/DEBUG﹕ 40061114 f400070d aa000000 f480080d e1b0cf82
11-28 08:26:22.426      183-183/? I/DEBUG﹕ 40061124 44c01001 24c01001 24c01001 e8bd0001
11-28 08:26:22.426      183-183/? I/DEBUG﹕ 40061134 e12fff1e f5d0f000 f5d1f000 e180c001
11-28 08:26:22.426      183-183/? I/DEBUG﹕ 40061144 e31c0007 1a000013 e25dd010 e1cd40f8
11-28 08:26:22.426      183-183/? I/DEBUG﹕ 40061154 e1cd60f0 e3e06000 e3a07000 f5d0f010
11-28 08:26:22.426      183-183/? I/DEBUG﹕ 40061164 f5d1f010 e0c020d8 e0c140d8 e1520004
11-28 08:26:22.426      183-183/? I/DEBUG﹕ 40061174 e652cf96 e687cfb6 035c0000 1a000072
11-28 08:26:22.426      183-183/? I/DEBUG﹕ 40061184 e1530005 e653cf96 e687cfb6 035c0000
11-28 08:26:22.426      183-183/? I/DEBUG﹕ 40061194 1a00006a eafffff0 e210c003 0a000018
11-28 08:26:22.426      183-183/? I/DEBUG﹕ 400611a4 e3c00003 e4902004 e1b0cf8c 0a000006
11-28 08:26:22.426      183-183/? I/DEBUG﹕ 400611b4 2a00000b e4d1c001 e6ef3472 e053c00c
11-28 08:26:22.426      183-183/? I/DEBUG﹕ 400611c4 1a00000d e3530000 0a00000b e4d1c001
11-28 08:26:22.426      183-183/? I/DEBUG﹕ code around lr:
11-28 08:26:22.426      183-183/? I/DEBUG﹕ 414ecdf0 f44f2100 f7a45280 3501e9d2 d1f22d40
11-28 08:26:22.426      183-183/? I/DEBUG﹕ 414ece00 220068e3 2100601a 220c4638 f7a44372
11-28 08:26:22.426      183-183/? I/DEBUG﹕ 414ece10 4639e9c6 e0022300 f8213301 310c6c0a
11-28 08:26:22.426      183-183/? I/DEBUG﹕ 414ece20 d1f942b3 61e02000 e8bd4620 f01140f8
11-28 08:26:22.426      183-183/? I/DEBUG﹕ 414ece30 bf00b8c5 00031e9e fffffeb4 4b15b5f8
11-28 08:26:22.426      183-183/? I/DEBUG﹕ 414ece40 447b4a15 68eb589d 0a846818 eb030581
11-28 08:26:22.426      183-183/? I/DEBUG﹕ 414ece50 0d8f0284 b99b6853 6080f44f f7a42104
11-28 08:26:22.426      183-183/? I/DEBUG﹕ 414ece60 4606e98c 490db940 4a0d2006 447a4479
11-28 08:26:22.426      183-183/? I/DEBUG﹕ 414ece70 e99af7a4 ff00f7cc eb0068e8 604e0184
11-28 08:26:22.426      183-183/? I/DEBUG﹕ 414ece80 eb0368eb 681a0484 1c516860 eb006019
11-28 08:26:22.426      183-183/? I/DEBUG﹕ 414ece90 bdf80087 00031e2e fffffeb4 00015e6c
11-28 08:26:22.426      183-183/? I/DEBUG﹕ 414ecea0 00027573 00000000 0b30ec41 1b14eddf
11-28 08:26:22.426      183-183/? I/DEBUG﹕ 414eceb0 0be1eef4 eef1b508 da10fa10 0b12ed9f
11-28 08:26:22.426      183-183/? I/DEBUG﹕ 414ecec0 0bc0eef4 fa10eef1 eef4d90e eef10b60
11-28 08:26:22.426      183-183/? I/DEBUG﹕ 414eced0 d10dfa10 e932f7a4 460b4602 f04fe00a
11-28 08:26:22.426      183-183/? I/DEBUG﹕ 414ecee0 f06f32ff e0054300 f04f2200 e0014300
11-28 08:26:22.506      819-852/? I/BootReceiver﹕ Copying /data/tombstones/tombstone_01 to DropBox (SYSTEM_TOMBSTONE)
11-28 08:26:22.516  22673-22784/? W/WearableService﹕ Client died while brokering wearable service
11-28 08:26:22.516      186-186/? D/Zygote﹕ Process 18885 terminated by signal (11)
11-28 08:26:22.546     819-4544/? I/ActivityManager﹕ Process org.dwallach.calwatch (pid 18885) has died.
11-28 08:26:22.546     819-4544/? W/ActivityManager﹕ Service crashed 2 times, stopping: ServiceRecord{436f8440 u0 org.dwallach.calwatch/.WatchCalendarService}
11-28 08:26:23.256  16059-16063/? D/dalvikvm﹕ GC_CONCURRENT freed 439K, 31% free 19061K/27504K, paused 4ms+1ms, total 27ms
11-28 08:26:23.526    819-23843/? E/qcom_sensors_hal﹕ hal_process_report_ind: Bad item quality: 11
11-28 08:26:26.596    819-23843/? E/qcom_sensors_hal﹕ hal_process_report_ind: Bad item quality: 11
11-28 08:26:28.386      819-856/? W/InputMethodManagerService﹕ Window already focused, ignoring focus gain of: com.android.internal.view.IInputMethodClient$Stub$Proxy@43242ff0 attribute=android.view.inputmethod.EditorInfo@453f86a8, token = android.os.BinderProxy@437a3e70
11-28 08:26:31.716    819-23843/? E/qcom_sensors_hal﹕ hal_process_report_ind: Bad item quality: 11
11-28 08:26:32.156      186-186/? D/dalvikvm﹕ GC_EXPLICIT freed 44K, 9% free 17687K/19384K, paused 3ms+3ms, total 38ms
11-28 08:26:32.166      186-186/? D/dalvikvm﹕ GC_EXPLICIT freed <1K, 9% free 17687K/19384K, paused 1ms+1ms, total 16ms
11-28 08:26:32.186      186-186/? D/dalvikvm﹕ GC_EXPLICIT freed <1K, 9% free 17687K/19384K, paused 1ms+1ms, total 22ms
11-28 08:26:32.186      819-845/? I/ActivityManager﹕ Start proc com.facebook.orca for service com.facebook.orca/com.facebook.push.mqtt.service.MqttPushService: pid=18929 uid=10188 gids={50188, 3003, 1028, 1015}
11-28 08:26:32.296  18929-18929/? D/ACRA﹕ ACRA is enabled for com.facebook.orca, intializing...
11-28 08:26:32.296  18929-18929/? D/ACRA﹕ Looking for error files in /data/data/com.facebook.orca/app_acra-reports
11-28 08:26:32.296  18929-18929/? D/ACRA﹕ Looking for error files in /data/data/com.facebook.orca/app_minidumps
11-28 08:26:32.306  18929-18929/? D/dalvikvm﹕ Trying to load lib /data/app-lib/com.facebook.orca-1/libfb_stl_shared.so 0x42849ff0
11-28 08:26:32.316  18929-18929/? D/dalvikvm﹕ Added shared lib /data/app-lib/com.facebook.orca-1/libfb_stl_shared.so 0x42849ff0
11-28 08:26:32.316  18929-18929/? D/dalvikvm﹕ No JNI_OnLoad found in /data/app-lib/com.facebook.orca-1/libfb_stl_shared.so 0x42849ff0, skipping init
11-28 08:26:32.316  18929-18929/? D/SoLoader﹕ found fb_stl_shared in default place
11-28 08:26:32.316  18929-18929/? D/dalvikvm﹕ Trying to load lib /data/app-lib/com.facebook.orca-1/libfb_breakpad_client.so 0x42849ff0
11-28 08:26:32.326  18929-18929/? D/dalvikvm﹕ Added shared lib /data/app-lib/com.facebook.orca-1/libfb_breakpad_client.so 0x42849ff0
11-28 08:26:32.326  18929-18929/? D/SoLoader﹕ found fb_breakpad_client in default place
11-28 08:26:32.336  18929-18929/? D/dalvikvm﹕ Trying to load lib /data/app-lib/com.facebook.orca-1/libdistract.so 0x42849ff0
11-28 08:26:32.346  18929-18932/? D/dalvikvm﹕ JIT code cache reset in 0 ms (0 bytes 6/0)
11-28 08:26:32.346  18929-18929/? D/dalvikvm﹕ Added shared lib /data/app-lib/com.facebook.orca-1/libdistract.so 0x42849ff0
11-28 08:26:32.346  18929-18929/? D/dalvikvm﹕ No JNI_OnLoad found in /data/app-lib/com.facebook.orca-1/libdistract.so 0x42849ff0, skipping init
11-28 08:26:32.346  18929-18932/? D/dalvikvm﹕ GC_CONCURRENT freed 316K, 10% free 17839K/19804K, paused 1ms+1ms, total 18ms
11-28 08:26:32.346  18929-18929/? D/SoLoader﹕ found distract in default place
11-28 08:26:32.346  18929-18929/? D/dalvikvm﹕ Trying to load lib /data/app-lib/com.facebook.orca-1/libfb_dalvik-internals.so 0x42849ff0
11-28 08:26:32.346  18929-18929/? D/dalvikvm﹕ Added shared lib /data/app-lib/com.facebook.orca-1/libfb_dalvik-internals.so 0x42849ff0
11-28 08:26:32.346  18929-18929/? D/SoLoader﹕ found fb_dalvik-internals in default place
11-28 08:26:32.346  18929-18929/? I/dalvik-internals﹕ Successfully looked up JNI_GetCreatedJavaVMs: ptr=0x414c1a95 sz=0
11-28 08:26:32.346  18929-18929/? I/dalvik-internals﹕ Successfully looked up gDvm: ptr=0x415231f0 sz=0
11-28 08:26:32.346  18929-18929/? I/dalvik-internals﹕ Successfully looked up dvmResolveClass: ptr=0x414e0539 sz=196
11-28 08:26:32.346  18929-18929/? I/dalvik-internals﹕ Successfully looked up dvmFlushBreakpoints: ptr=0x4149e504 sz=172
11-28 08:26:32.346  18929-18929/? I/dalvik-internals﹕ Successfully looked up dvmSuspendAllThreads: ptr=0x414c9079 sz=0
11-28 08:26:32.346  18929-18929/? I/dalvik-internals﹕ Successfully looked up dvmResumeAllThreads: ptr=0x414c8d01 sz=0
11-28 08:26:32.346  18929-18929/? E/dalvik-internals﹕ Failed to look up ladDumpProfiles
11-28 08:26:32.346  18929-18929/? E/dalvik-internals﹕ Failed to look up ladResetProfiles
11-28 08:26:32.346  18929-18929/? E/dalvik-internals﹕ Failed to look up ladPrintHeaderInfo
11-28 08:26:32.356  18929-18929/? V/DexLibLoader﹕ about to lock odex store
11-28 08:26:32.356  18929-18929/? V/DexLibLoader﹕ locking odex store took 0 ms
11-28 08:26:32.356  18929-18929/? V/DexLibLoader﹕ Secondary program dex metadata: secondary-1.dex.jar 0058e50a60a24aba67657a5c793570adcff61cca secondary.dex01.Canary
11-28 08:26:32.356  18929-18929/? V/DexLibLoader﹕ Secondary program dex metadata: secondary-2.dex.jar 73963e3d7efd743d6f63fb04268870d728016952 secondary.dex02.Canary
11-28 08:26:32.356  18929-18929/? V/DexLibLoader﹕ directory "/data/data/com.facebook.orca/app_secondary_program_dex" contains "program-0058e50a60a24aba67657a5c793570adcff61cca857d6ea.dex.jar" as expected
11-28 08:26:32.356  18929-18929/? V/DexLibLoader﹕ directory "/data/data/com.facebook.orca/app_secondary_program_dex" contains "program-73963e3d7efd743d6f63fb04268870d728016952857d6ea.dex.jar" as expected
11-28 08:26:32.366  18929-18929/? D/DexLibLoader﹕ ignoring file "program-0058e50a60a24aba67657a5c793570adcff61cca857d6ea.dex.odex" in "/data/data/com.facebook.orca/app_secondary_program_dex"
11-28 08:26:32.366  18929-18929/? D/DexLibLoader﹕ ignoring file "program-73963e3d7efd743d6f63fb04268870d728016952857d6ea.dex.odex" in "/data/data/com.facebook.orca/app_secondary_program_dex"
11-28 08:26:32.366  18929-18929/? D/DexLibLoader﹕ directory "/data/data/com.facebook.orca/app_secondary_program_dex" is valid
11-28 08:26:32.366  18929-18929/? D/DexLibLoader﹕ ignoring file "primary_deps" in "/data/data/com.facebook.orca/app_secondary_program_dex_opt"
11-28 08:26:32.366  18929-18929/? V/DexLibLoader﹕ directory "/data/data/com.facebook.orca/app_secondary_program_dex_opt" contains "program-0058e50a60a24aba67657a5c793570adcff61cca857d6ea.dex.dex" as expected
11-28 08:26:32.366  18929-18929/? V/DexLibLoader﹕ directory "/data/data/com.facebook.orca/app_secondary_program_dex_opt" contains "program-73963e3d7efd743d6f63fb04268870d728016952857d6ea.dex.dex" as expected
11-28 08:26:32.366  18929-18929/? D/DexLibLoader﹕ directory "/data/data/com.facebook.orca/app_secondary_program_dex_opt" is valid
11-28 08:26:32.376  18929-18929/? D/DexLibLoader﹕ loading pre-built cross-dex opt odex files
11-28 08:26:32.376  18929-18929/? D/dalvik-internals﹕ successfully hooked dvmResolveClass using jump
11-28 08:26:32.376  18929-18929/? D/dalvik-internals﹕ successfully hooked dvmFlushBreakpoints using jump
11-28 08:26:32.376  18929-18929/? D/DexLibLoader﹕ released odex store lock
11-28 08:26:32.376  18929-18929/? D/DexLibLoader﹕ DexLibLoader.loadAll took 38 ms
11-28 08:26:32.426  18929-18932/? D/dalvikvm﹕ GC_CONCURRENT freed 259K, 10% free 18004K/19912K, paused 1ms+1ms, total 11ms
11-28 08:26:32.516  18929-18932/? D/dalvikvm﹕ GC_CONCURRENT freed 206K, 10% free 18233K/20088K, paused 2ms+0ms, total 14ms
11-28 08:26:32.586  18929-18932/? D/dalvikvm﹕ GC_CONCURRENT freed 191K, 10% free 18557K/20396K, paused 0ms+1ms, total 16ms
11-28 08:26:32.586  18929-18929/? D/dalvikvm﹕ WAIT_FOR_CONCURRENT_GC blocked 4ms
11-28 08:26:32.616  18929-18929/? E/ad﹕ Multi-binding Key[type=com.facebook.auth.h.a, annotation=[none]] wasn't declared.
11-28 08:26:32.616  18929-18929/? E/ad﹕ Multi-binding Key[type=com.facebook.auth.component.c, annotation=[none]] wasn't declared.
11-28 08:26:32.616  18929-18929/? E/ad﹕ Multi-binding Key[type=com.facebook.gk.t, annotation=[none]] wasn't declared.
11-28 08:26:32.616  18929-18929/? E/ad﹕ Multi-binding Key[type=com.facebook.gk.h, annotation=[none]] wasn't declared.
11-28 08:26:32.636  18929-18932/? D/dalvikvm﹕ GC_CONCURRENT freed 177K, 9% free 18831K/20656K, paused 1ms+2ms, total 17ms
11-28 08:26:32.646  18929-18929/? W/msgr(:<default>):bo﹕ Verify
11-28 08:26:32.716  18929-18932/? D/dalvikvm﹕ GC_CONCURRENT freed 403K, 10% free 18941K/20992K, paused 1ms+1ms, total 15ms
11-28 08:26:32.716  18929-18929/? D/dalvikvm﹕ WAIT_FOR_CONCURRENT_GC blocked 7ms
11-28 08:26:32.756  18929-18932/? D/dalvikvm﹕ GC_CONCURRENT freed 497K, 11% free 18949K/21100K, paused 1ms+1ms, total 15ms
11-28 08:26:32.756  18929-18929/? D/dalvikvm﹕ WAIT_FOR_CONCURRENT_GC blocked 9ms
11-28 08:26:32.796  18929-18929/? D/dalvikvm﹕ GC_FOR_ALLOC freed 379K, 11% free 18935K/21100K, paused 14ms, total 14ms
11-28 08:26:32.856  18929-18932/? D/dalvikvm﹕ GC_CONCURRENT freed 160K, 9% free 19205K/21100K, paused 2ms+3ms, total 18ms
11-28 08:26:32.886  18929-18929/? E/dalvikvm﹕ Could not find class 'org.apache.harmony.xnet.provider.jsse.OpenSSLSocketImpl', referenced from method com.facebook.ssl.openssl.a.b.<clinit>
11-28 08:26:32.886  18929-18929/? W/dalvikvm﹕ VFY: unable to resolve const-class 10691 (Lorg/apache/harmony/xnet/provider/jsse/OpenSSLSocketImpl;) in Lcom/facebook/ssl/openssl/a/b;
11-28 08:26:32.886  18929-18929/? D/dalvikvm﹕ VFY: replacing opcode 0x1c at 0x000d
11-28 08:26:32.886  18929-18929/? E/dalvikvm﹕ Could not find class 'org.apache.harmony.xnet.provider.jsse.OpenSSLSocketFactoryImpl', referenced from method com.facebook.ssl.openssl.b.b.<clinit>
11-28 08:26:32.886  18929-18929/? W/dalvikvm﹕ VFY: unable to resolve const-class 10690 (Lorg/apache/harmony/xnet/provider/jsse/OpenSSLSocketFactoryImpl;) in Lcom/facebook/ssl/openssl/b/b;
11-28 08:26:32.886  18929-18929/? D/dalvikvm﹕ VFY: replacing opcode 0x1c at 0x000d
11-28 08:26:32.886  18929-18929/? E/dalvikvm﹕ Could not find class 'org.apache.harmony.xnet.provider.jsse.SSLParametersImpl', referenced from method com.facebook.ssl.openssl.b.b.a
11-28 08:26:32.886  18929-18929/? W/dalvikvm﹕ VFY: unable to resolve check-cast 10693 (Lorg/apache/harmony/xnet/provider/jsse/SSLParametersImpl;) in Lcom/facebook/ssl/openssl/b/b;
11-28 08:26:32.886  18929-18929/? D/dalvikvm﹕ VFY: replacing opcode 0x1f at 0x0006
11-28 08:26:32.886  18929-18929/? E/dalvikvm﹕ Could not find class 'org.apache.harmony.xnet.provider.jsse.SSLParametersImpl', referenced from method com.facebook.ssl.openssl.b.c.<clinit>
11-28 08:26:32.886  18929-18929/? W/dalvikvm﹕ VFY: unable to resolve const-class 10693 (Lorg/apache/harmony/xnet/provider/jsse/SSLParametersImpl;) in Lcom/facebook/ssl/openssl/b/c;
11-28 08:26:32.886  18929-18929/? D/dalvikvm﹕ VFY: replacing opcode 0x1c at 0x000d
11-28 08:26:32.886  18929-18929/? W/dalvikvm﹕ VFY: unable to find class referenced in signature (Lorg/apache/harmony/xnet/provider/jsse/SSLParametersImpl;)
11-28 08:26:32.886  18929-18929/? E/dalvikvm﹕ Could not find class 'org.apache.harmony.xnet.provider.jsse.ClientSessionContext', referenced from method com.facebook.ssl.openssl.b.c.a
11-28 08:26:32.886  18929-18929/? W/dalvikvm﹕ VFY: unable to resolve check-cast 10689 (Lorg/apache/harmony/xnet/provider/jsse/ClientSessionContext;) in Lcom/facebook/ssl/openssl/b/c;
11-28 08:26:32.886  18929-18929/? D/dalvikvm﹕ VFY: replacing opcode 0x1f at 0x0006
11-28 08:26:32.896  18929-18929/? W/dalvikvm﹕ VFY: unable to find class referenced in signature (Lorg/apache/harmony/xnet/provider/jsse/SSLParametersImpl;)
11-28 08:26:32.896  18929-18929/? W/dalvikvm﹕ Unable to resolve superclass of Lcom/facebook/ssl/openssl/TicketEnabledOpenSSLSocketImplWrapper; (10692)
11-28 08:26:32.896  18929-18929/? W/dalvikvm﹕ Link of class 'Lcom/facebook/ssl/openssl/TicketEnabledOpenSSLSocketImplWrapper;' failed
11-28 08:26:32.896  18929-18929/? E/dalvikvm﹕ Could not find class 'com.facebook.ssl.openssl.TicketEnabledOpenSSLSocketImplWrapper', referenced from method com.facebook.ssl.openssl.b.a
11-28 08:26:32.896  18929-18929/? W/dalvikvm﹕ VFY: unable to resolve new-instance 6806 (Lcom/facebook/ssl/openssl/TicketEnabledOpenSSLSocketImplWrapper;) in Lcom/facebook/ssl/openssl/b;
11-28 08:26:32.896  18929-18929/? D/dalvikvm﹕ VFY: replacing opcode 0x22 at 0x0000
11-28 08:26:32.906  18929-18929/? W/dalvikvm﹕ Unable to resolve superclass of Lcom/facebook/ssl/openssl/TicketEnabledOpenSSLSocketImplWrapper; (10692)
11-28 08:26:32.906  18929-18929/? W/dalvikvm﹕ Link of class 'Lcom/facebook/ssl/openssl/TicketEnabledOpenSSLSocketImplWrapper;' failed
11-28 08:26:32.906  18929-18929/? D/dalvikvm﹕ DexOpt: unable to opt direct call 0x91ab at 0x08 in Lcom/facebook/ssl/openssl/b;.a
11-28 08:26:32.926  18929-18932/? D/dalvikvm﹕ GC_CONCURRENT freed 288K, 10% free 19417K/21356K, paused 3ms+4ms, total 33ms
11-28 08:26:33.026  18929-18966/? D/dalvikvm﹕ Trying to load lib /data/app-lib/com.facebook.orca-1/libfb_stl_shared.so 0x42849ff0
11-28 08:26:33.026  18929-18966/? D/dalvikvm﹕ Shared lib '/data/app-lib/com.facebook.orca-1/libfb_stl_shared.so' already loaded in same CL 0x42849ff0
11-28 08:26:33.026  18929-18966/? D/SoLoader﹕ found fb_stl_shared in default place
11-28 08:26:33.036  18929-18966/? D/dalvikvm﹕ Trying to load lib /data/app-lib/com.facebook.orca-1/libfb.so 0x42849ff0
11-28 08:26:33.036  18929-18966/? D/dalvikvm﹕ Added shared lib /data/app-lib/com.facebook.orca-1/libfb.so 0x42849ff0
11-28 08:26:33.036  18929-18966/? D/dalvikvm﹕ No JNI_OnLoad found in /data/app-lib/com.facebook.orca-1/libfb.so 0x42849ff0, skipping init
11-28 08:26:33.036  18929-18966/? D/SoLoader﹕ found fb in default place
11-28 08:26:33.036  18929-18966/? D/dalvikvm﹕ Trying to load lib /data/app-lib/com.facebook.orca-1/libfb_breakpad_client.so 0x42849ff0
11-28 08:26:33.036  18929-18966/? D/dalvikvm﹕ Shared lib '/data/app-lib/com.facebook.orca-1/libfb_breakpad_client.so' already loaded in same CL 0x42849ff0
11-28 08:26:33.036  18929-18966/? D/SoLoader﹕ found fb_breakpad_client in default place
11-28 08:26:33.036  18929-18966/? D/dalvikvm﹕ Trying to load lib /data/app-lib/com.facebook.orca-1/libfbjni.so 0x42849ff0
11-28 08:26:33.036  18929-18966/? D/dalvikvm﹕ Added shared lib /data/app-lib/com.facebook.orca-1/libfbjni.so 0x42849ff0
11-28 08:26:33.036  18929-18966/? D/SoLoader﹕ found fbjni in default place
11-28 08:26:33.036  18929-18966/? D/dalvikvm﹕ Trying to load lib /data/app-lib/com.facebook.orca-1/libheartbleed.so 0x42849ff0
11-28 08:26:33.036  18929-18966/? D/dalvikvm﹕ Added shared lib /data/app-lib/com.facebook.orca-1/libheartbleed.so 0x42849ff0
11-28 08:26:33.036  18929-18966/? D/SoLoader﹕ found heartbleed in default place
11-28 08:26:33.076  18929-18932/? D/dalvikvm﹕ GC_CONCURRENT freed 351K, 10% free 19645K/21644K, paused 2ms+1ms, total 32ms
11-28 08:26:33.076  18929-18966/? D/dalvikvm﹕ WAIT_FOR_CONCURRENT_GC blocked 6ms
11-28 08:26:33.796  18929-18932/? D/dalvikvm﹕ GC_CONCURRENT freed 487K, 10% free 19800K/21936K, paused 9ms+64ms, total 136ms
11-28 08:26:37.126      819-845/? W/BroadcastQueue﹕ Permission Denial: broadcasting Intent { act=android.net.conn.INET_CONDITION_ACTION flg=0x4000010 (has extras) } from null (pid=-1, uid=-1) requires com.facebook.permission.prod.FB_APP_COMMUNICATION due to registered receiver BroadcastFilter{43e71df8 u0 ReceiverList{43e71d98 18929 com.facebook.orca/10188/u0 remote:43e4a950}}
11-28 08:26:37.126      819-845/? W/BroadcastQueue﹕ Permission Denial: broadcasting Intent { act=android.net.conn.CONNECTIVITY_CHANGE flg=0x4000010 (has extras) } from null (pid=-1, uid=-1) requires com.facebook.permission.prod.FB_APP_COMMUNICATION due to registered receiver BroadcastFilter{43e71df8 u0 ReceiverList{43e71d98 18929 com.facebook.orca/10188/u0 remote:43e4a950}}
11-28 08:26:37.206  18929-18932/? D/dalvikvm﹕ GC_CONCURRENT freed 470K, 10% free 20018K/22136K, paused 4ms+2ms, total 59ms
11-28 08:26:37.226  18929-18929/? W/msgr(:<default>):a﹕ Attempt to start service that is already started
11-28 08:26:37.316  18929-18932/? D/dalvikvm﹕ GC_CONCURRENT freed 614K, 11% free 20167K/22436K, paused 2ms+2ms, total 23ms
11-28 08:26:37.316  18929-18929/? D/dalvikvm﹕ WAIT_FOR_CONCURRENT_GC blocked 11ms
11-28 08:26:37.386  18929-18932/? D/dalvikvm﹕ GC_CONCURRENT freed 783K, 11% free 20202K/22644K, paused 3ms+2ms, total 28ms
11-28 08:26:37.386  18929-18929/? D/dalvikvm﹕ WAIT_FOR_CONCURRENT_GC blocked 14ms
11-28 08:26:37.466      819-845/? W/BroadcastQueue﹕ Permission Denial: broadcasting Intent { act=android.net.conn.CONNECTIVITY_CHANGE flg=0x4000010 (has extras) } from null (pid=-1, uid=-1) requires com.facebook.permission.prod.FB_APP_COMMUNICATION due to registered receiver BroadcastFilter{43e17ed8 u0 ReceiverList{43e17e78 18929 com.facebook.orca/10188/u0 remote:43ccfa18}}
11-28 08:26:37.516  18929-18932/? D/dalvikvm﹕ GC_CONCURRENT freed 620K, 10% free 20424K/22692K, paused 3ms+2ms, total 34ms
11-28 08:26:37.516  18929-18960/? D/dalvikvm﹕ WAIT_FOR_CONCURRENT_GC blocked 8ms
11-28 08:26:37.516  18929-19002/? D/dalvikvm﹕ WAIT_FOR_CONCURRENT_GC blocked 8ms
11-28 08:26:37.526  18929-18962/? D/dalvikvm﹕ WAIT_FOR_CONCURRENT_GC blocked 9ms
11-28 08:26:37.526  18929-18962/? I/System.out﹕ ~~~ loading file libphone_data/PhoneNumberMetadataProto_US
11-28 08:26:37.766  18929-18932/? D/dalvikvm﹕ GC_CONCURRENT freed 531K, 10% free 20737K/22916K, paused 3ms+3ms, total 36ms
11-28 08:26:40.586      819-823/? D/dalvikvm﹕ GC_CONCURRENT freed 8188K, 26% free 62584K/83732K, paused 4ms+9ms, total 187ms
11-28 08:26:40.586     819-2232/? D/dalvikvm﹕ WAIT_FOR_CONCURRENT_GC blocked 179ms
11-28 08:26:40.606      819-869/? I/ActivityManager﹕ START u0 {act=android.intent.action.MAIN cat=[android.intent.category.HOME] flg=0x10200000 cmp=com.google.android.googlequicksearchbox/com.google.android.launcher.GEL} from pid 819
11-28 08:26:40.636    946-19024/? D/dalvikvm﹕ GC_FOR_ALLOC freed 1013K, 60% free 23262K/57360K, paused 29ms, total 30ms
11-28 08:26:40.646  21145-21145/? I/GEL﹕ handleIntent(Intent { act=android.intent.action.MAIN cat=[android.intent.category.HOME] flg=0x10600000 cmp=com.google.android.googlequicksearchbox/com.google.android.launcher.GEL })
11-28 08:26:40.676  21145-21145/? W/HandlerScheduledExecuto﹕ Task does not implement UiTask. Consider using NamedUiRunnable for eww@42ef6b00
11-28 08:26:40.686      946-950/? D/dalvikvm﹕ GC_CONCURRENT freed 30K, 57% free 25093K/57360K, paused 4ms+2ms, total 34ms
11-28 08:26:40.686      946-946/? D/dalvikvm﹕ WAIT_FOR_CONCURRENT_GC blocked 19ms
11-28 08:26:40.686    946-19024/? D/dalvikvm﹕ WAIT_FOR_CONCURRENT_GC blocked 22ms
11-28 08:26:40.726  21145-21145/? V/RenderScript﹕ Application requested CPU execution
11-28 08:26:40.726  21145-21145/? V/RenderScript﹕ 0x7750e120 Launching thread(s), CPUs 4
11-28 08:26:40.726  26312-26316/? D/dalvikvm﹕ GC_CONCURRENT freed 2460K, 26% free 25010K/33648K, paused 4ms+3ms, total 41ms
11-28 08:26:40.726  26312-26417/? D/dalvikvm﹕ WAIT_FOR_CONCURRENT_GC blocked 13ms
11-28 08:26:40.766  20665-19047/? I/MicrophoneInputStream﹕ mic_starting fib@428965f0
11-28 08:26:40.766  20665-19048/? I/HotwordRecognitionRnr﹕ Starting hotword detection.
11-28 08:26:40.796    188-19049/? D/audio_hw_primary﹕ select_devices: out_snd_device(0: ) in_snd_device(35: voice-rec-mic)
11-28 08:26:40.796    188-19049/? D/﹕ Failed to fetch the lookup information of the device 0000003E
11-28 08:26:40.796    188-19049/? E/ACDB-LOADER﹕ Error: ACDB AudProc vol returned = -19
11-28 08:26:40.856  22502-23000/? I/Icing﹕ Usage reports 1 indexed 0 rejected 0 imm upload true
11-28 08:26:40.856  21145-21145/? W/HandlerScheduledExecuto﹕ Task does not implement UiTask. Consider using NamedUiRunnable for eut
11-28 08:26:40.886  20665-20665/? I/HotwordWorker﹕ onReady
11-28 08:26:40.896  21145-21145/? W/HandlerScheduledExecuto﹕ Task does not implement UiTask. Consider using NamedUiRunnable for eut
11-28 08:26:40.916  21145-21145/? W/HandlerScheduledExecuto﹕ Task does not implement UiTask. Consider using NamedUiRunnable for eut
11-28 08:26:40.926  21145-21145/? W/HandlerScheduledExecuto﹕ Task does not implement UiTask. Consider using NamedUiRunnable for eut
11-28 08:26:40.956  21145-21145/? W/HandlerScheduledExecuto﹕ Task does not implement UiTask. Consider using NamedUiRunnable for eut
11-28 08:26:40.986  21145-21145/? W/HandlerScheduledExecuto﹕ Task does not implement UiTask. Consider using NamedUiRunnable for eut
11-28 08:26:40.996  21145-21145/? W/HandlerScheduledExecuto﹕ Task does not implement UiTask. Consider using NamedUiRunnable for eut
11-28 08:26:40.996  21145-21145/? W/HandlerScheduledExecuto﹕ Task does not implement UiTask. Consider using NamedUiRunnable for eut
11-28 08:26:41.006  21145-21145/? W/HandlerScheduledExecuto﹕ Task does not implement UiTask. Consider using NamedUiRunnable for eut
11-28 08:26:41.016  21145-21145/? W/HandlerScheduledExecuto﹕ Task does not implement UiTask. Consider using NamedUiRunnable for eut
11-28 08:26:41.026  21145-21145/? W/HandlerScheduledExecuto﹕ Task does not implement UiTask. Consider using NamedUiRunnable for eut
11-28 08:26:41.056  21145-21145/? W/HandlerScheduledExecuto﹕ Task does not implement UiTask. Consider using NamedUiRunnable for eut
11-28 08:26:41.196  16059-16063/? D/dalvikvm﹕ GC_CONCURRENT freed 378K, 31% free 19084K/27504K, paused 9ms+1ms, total 35ms
11-28 08:26:41.266  16059-16059/? W/ManagedEGLContext﹕ doTerminate failed: EGL count is 2 but managed count is 1
11-28 08:26:43.636      819-870/? I/PowerManagerService﹕ Going to sleep by user request...
11-28 08:26:44.126      185-185/? D/SurfaceFlinger﹕ Screen released, type=0 flinger=0xb7647450
11-28 08:26:44.126      185-185/? D/qdhwcomposer﹕ hwc_blank: Blanking display: 0
11-28 08:26:44.406      185-185/? D/qdhwcomposer﹕ hwc_blank: Done blanking display: 0
11-28 08:26:44.406      819-958/? D/SurfaceControl﹕ Excessive delay in blankDisplay() while turning screen off: 283ms
11-28 08:26:44.456      819-819/? W/XPrivacy/XActivityManagerService﹕ Sleeping=true
11-28 08:26:44.496      946-946/? V/KeyguardHostView﹕ Initial transport state: 0, pbstate=2
11-28 08:26:44.506  20665-20261/? I/MicrophoneInputStream﹕ mic_close fib@428965f0
11-28 08:26:44.576  21145-21145/? W/IInputConnectionWrapper﹕ getExtractedText on inactive InputConnection
11-28 08:26:44.576  20665-20264/? I/HotwordRecognitionRnr﹕ Stopping hotword detection.
11-28 08:26:44.576  20665-19048/? I/HotwordRecognitionRnr﹕ Hotword detection finished
11-28 08:26:44.576  21145-21145/? W/IInputConnectionWrapper﹕ getTextBeforeCursor on inactive InputConnection
11-28 08:26:44.576  21145-21145/? W/IInputConnectionWrapper﹕ getSelectedText on inactive InputConnection
11-28 08:26:44.576  21145-21145/? W/IInputConnectionWrapper﹕ getTextAfterCursor on inactive InputConnection
11-28 08:26:44.576  26312-26312/? E/bm﹕ onStartInput event aborted: com.touchtype.keyboard.c.ag: could not obtain extracted text (class com.touchtype.keyboard.c.ag)
11-28 08:26:44.636      946-950/? D/dalvikvm﹕ GC_CONCURRENT freed 2013K, 56% free 25519K/57360K, paused 4ms+2ms, total 26ms
11-28 08:26:44.636      946-946/? D/dalvikvm﹕ WAIT_FOR_CONCURRENT_GC blocked 22ms
11-28 08:26:44.746      946-946/? V/KeyguardHostView﹕ hide transport, gen:463
11-28 08:26:44.746      946-946/? V/KeyguardHostView﹕ music state changed: 2
11-28 08:26:44.766     819-8448/? W/XPrivacy/XActivityManagerService﹕ Lockscreen=true
11-28 08:26:44.796      946-946/? W/View﹕ requestLayout() improperly called by android.widget.TextClock{43cc7198 V.ED.... ......ID 223,0-659,320 #7f0a0047 app:id/clock_view} during layout: running second layout pass
11-28 08:26:44.796      946-946/? W/View﹕ requestLayout() improperly called by android.widget.TextClock{43df9d80 V.ED.... ......ID 288,0-593,57 #7f0a004c app:id/date_view} during layout: running second layout pass
11-28 08:26:44.796      946-946/? W/View﹕ requestLayout() improperly called by android.widget.TextClock{43f15f00 V.ED.... ......ID 0,0-110,256 #7f070010 app:id/large_time_component_1} during layout: running second layout pass
11-28 08:26:44.796      946-946/? W/View﹕ requestLayout() improperly called by android.widget.TextClock{44304030 V.ED.... ......ID 110,0-354,256 #7f070011 app:id/large_time_component_2} during layout: running second layout pass
11-28 08:26:44.796      946-946/? W/View﹕ requestLayout() improperly called by android.widget.TextClock{44559388 V.ED.... ......ID 0,0-63,57 #7f07000d app:id/date_component_1} during layout: running second layout pass
11-28 08:26:44.796      946-946/? W/View﹕ requestLayout() improperly called by android.widget.TextClock{448d2818 V.ED.... ......ID 81,0-129,57 #7f07000e app:id/date_component_2} during layout: running second layout pass
11-28 08:26:44.796      946-946/? W/View﹕ requestLayout() improperly called by android.widget.TextClock{449212e8 V.ED.... ......ID 147,0-232,57 #7f07000f app:id/date_component_3} during layout: running second layout pass
11-28 08:26:44.796      946-946/? W/View﹕ requestLayout() improperly called by android.widget.TextView{44326910 V.ED.... ......ID 108,27-170,92 #7f070039 app:id/collapsed_extension_text} during layout: running second layout pass
11-28 08:26:44.796      946-946/? W/View﹕ requestLayout() improperly called by android.widget.TextView{445d35c8 V.ED.... ......ID 108,27-220,92 #7f070039 app:id/collapsed_extension_text} during layout: running second layout pass
11-28 08:26:44.796      946-946/? W/View﹕ requestLayout() improperly called by android.widget.TextView{447b4ee0 V.ED.... ......ID 108,27-154,92 #7f070039 app:id/collapsed_extension_text} during layout: running second layout pass
11-28 08:26:44.816      946-946/? D/PhoneStatusBar﹕ disable: < EXPAND* icons alerts TICKER* system_info BACK* HOME* RECENT* CLOCK* search >
11-28 08:26:44.836  16335-16339/? D/dalvikvm﹕ GC_CONCURRENT freed 211K, 12% free 18472K/20780K, paused 3ms+3ms, total 20ms
11-28 08:26:44.846  16335-16335/? D/dalvikvm﹕ GC_FOR_ALLOC freed 258K, 13% free 18268K/20780K, paused 11ms, total 12ms
11-28 08:26:44.916      946-950/? D/dalvikvm﹕ GC_CONCURRENT freed 413K, 52% free 27623K/57360K, paused 2ms+3ms, total 24ms
11-28 08:26:44.976    1128-3909/? D/NfcService﹕ NFC-C OFF
11-28 08:26:46.476  14684-14727/? W/IdleConnectionHandler﹕ Removing a connection that never existed!
11-28 08:26:54.437  22502-22506/? D/dalvikvm﹕ GC_CONCURRENT freed 1524K, 21% free 22580K/28264K, paused 3ms+2ms, total 34ms
11-28 08:26:54.437  22502-22827/? D/dalvikvm﹕ WAIT_FOR_CONCURRENT_GC blocked 21ms
11-28 08:26:54.467  22502-22827/? W/GAV4﹕ Thread[Thread-67268,5,main]: Exception sending hit: HttpHostConnectException
11-28 08:26:54.467  22502-22827/? W/GAV4﹕ Thread[Thread-67268,5,main]: Connection to https://ssl.google-analytics.com refused
11-28 08:26:54.467  22502-22827/? W/GAV4﹕ Thread[Thread-67268,5,main]: Empty hitIds passed to deleteHits.
11-28 08:27:01.287  14106-14106/? W/ManagedEGLContext﹕ doTerminate failed: EGL count is 2 but managed count is 1
11-28 08:27:18.467  14106-14106/? W/ManagedEGLContext﹕ doTerminate failed: EGL count is 2 but managed count is 1
11-28 08:27:32.057      819-882/? D/ConnectivityService﹕ Sampling interval elapsed, updating statistics ..
11-28 08:27:32.057      819-882/? D/ConnectivityService﹕ Done.
11-28 08:27:32.057      819-882/? D/ConnectivityService﹕ Setting timer for 720seconds
11-28 08:28:09.977      198-265/? E/ThermalEngine﹕ TM Id 'battery_LCD_monitor' Sensor 'batt_therm' - alarm cleared 2 at 322.0 degC
11-28 08:28:09.977      198-265/? E/ThermalEngine﹕ override action 10000
