12-25 13:32:16.974  10620-10698/? I/AmazonVideo.media﹕ DownloadQueueManager.reload: Refreshing download queue
12-25 13:32:16.974     816-1569/? I/ActivityManager﹕ Delay finish: com.motorola.targetnotif/com.motorola.ccc.sso.app.GoogleAccountWatcherReceiver
12-25 13:32:16.984  10761-10761/? E/YouTube MDX﹕ Bogus value in shared preferences for key MdxServerSelection value , returning default value.
12-25 13:32:16.994  10847-10850/? D/dalvikvm﹕ GC_CONCURRENT freed 239K, 10% free 18074K/19996K, paused 1ms+7ms, total 20ms
12-25 13:32:16.994  26928-10906/? I/MotAcct.GoogAccWatcher﹕ account is authenticated: true
12-25 13:32:16.994  10620-10905/? I/AmazonVideo.media﹕ DownloadQueueManager$1.run: Deleting orphaned files on startup
12-25 13:32:17.004  10620-10698/? I/AmazonVideo.media﹕ MediaSystem.initialize: Initializing media component SmoothStreamingQosManager
12-25 13:32:17.014  10620-10698/? I/AmazonVideo.media﹕ MediaSystem.initialize: Initializing media component QosEventModelMediaComponent
12-25 13:32:17.014  10620-10698/? I/AmazonVideo.media﹕ MediaSystem.initialize: Initializing media component DrmLicenseCleaner
12-25 13:32:17.014  10620-10698/? I/AmazonVideo.media﹕ MediaSystem.initialize: Initializing media component LicenseManager
12-25 13:32:17.014  10620-10698/? I/AmazonVideo.media﹕ MediaSystem.initialize: Initializing media component DownloadManagerBroadcastReceiver
12-25 13:32:17.014  10620-10698/? I/AmazonVideo.media﹕ DownloadManagerBroadcastReceiver.startReceiver: Download manager receiver is registered.
12-25 13:32:17.014  10620-10698/? I/AmazonVideo.media﹕ MediaSystem.initialize: Initializing media component PlaybackNativeLibrariesLoader
12-25 13:32:17.024  10620-10915/? I/AmazonVideo.drm﹕ DrmLicenseCleaner$1.run: Deleting all expired licenses on MediaComponent initialization.
12-25 13:32:17.024  10620-10916/? I/AmazonVideo.media﹕ PlaybackNativeLibrariesLoader.loadNativeLibraries: Loading library voOSCEngine
12-25 13:32:17.024  10620-10698/? I/AmazonVideo.media﹕ MediaSystem.initialize: Initializing media component FileBackedContentStore
12-25 13:32:17.024  10620-10915/? I/AmazonVideo.drm﹕ PlayReadyDrmSystem.deleteExpiredLicenses: Deleting expired licenses from PlayReady license store
12-25 13:32:17.024  10620-10916/? D/dalvikvm﹕ Trying to load lib /data/app-lib/com.amazon.mShop.android-1/libvoOSCEngine.so 0x42f5df80
12-25 13:32:17.024  10620-10916/? D/dalvikvm﹕ Added shared lib /data/app-lib/com.amazon.mShop.android-1/libvoOSCEngine.so 0x42f5df80
12-25 13:32:17.024  10620-10916/? D/dalvikvm﹕ No JNI_OnLoad found in /data/app-lib/com.amazon.mShop.android-1/libvoOSCEngine.so 0x42f5df80, skipping init
12-25 13:32:17.024  10620-10916/? I/AmazonVideo.media﹕ PlaybackNativeLibrariesLoader.loadNativeLibraries: Loading library AIVVisualOnRenderer
12-25 13:32:17.024  10620-10916/? D/dalvikvm﹕ Trying to load lib /data/app-lib/com.amazon.mShop.android-1/libAIVVisualOnRenderer.so 0x42f5df80
12-25 13:32:17.034  10620-10916/? W/linker﹕ libAIVVisualOnRenderer.so has text relocations. This is wasting memory and is a security risk. Please fix.
12-25 13:32:17.064  10761-10765/? D/dalvikvm﹕ GC_CONCURRENT freed 363K, 10% free 19052K/21044K, paused 1ms+3ms, total 37ms
12-25 13:32:17.074  25312-25312/? W/CastMediaRouteProvider﹕ addOrUpdateDevice: device: "Downstairs Chromecast" (aa707f7398afbda358461915ee2d069e) applicationName: Pandora
12-25 13:32:17.094  10620-10916/? D/dalvikvm﹕ Added shared lib /data/app-lib/com.amazon.mShop.android-1/libAIVVisualOnRenderer.so 0x42f5df80
12-25 13:32:17.094  10620-10916/? D/dalvikvm﹕ No JNI_OnLoad found in /data/app-lib/com.amazon.mShop.android-1/libAIVVisualOnRenderer.so 0x42f5df80, skipping init
12-25 13:32:17.104      816-827/? I/ActivityManager﹕ Process com.HBO (pid 10723) has died.
12-25 13:32:17.114  10620-10625/? D/dalvikvm﹕ GC_CONCURRENT freed 1596K, 11% free 26312K/29556K, paused 1ms+2ms, total 61ms
12-25 13:32:17.114  10620-10735/? D/dalvikvm﹕ WAIT_FOR_CONCURRENT_GC blocked 30ms
12-25 13:32:17.114  10620-10916/? D/dalvikvm﹕ WAIT_FOR_CONCURRENT_GC blocked 22ms
12-25 13:32:17.114  10620-10916/? I/AmazonVideo.media﹕ PlaybackNativeLibrariesLoader.loadNativeLibraries: Loading library amzsspk
12-25 13:32:17.124  10620-10916/? D/dalvikvm﹕ Trying to load lib /data/app-lib/com.amazon.mShop.android-1/libamzsspk.so 0x42f5df80
12-25 13:32:17.124  10620-10916/? W/linker﹕ libamzsspk.so has text relocations. This is wasting memory and is a security risk. Please fix.
12-25 13:32:17.124  10620-10916/? D/dalvikvm﹕ Added shared lib /data/app-lib/com.amazon.mShop.android-1/libamzsspk.so 0x42f5df80
12-25 13:32:17.124  10620-10916/? I/AmazonVideo.media﹕ PlaybackNativeLibrariesLoader.loadNativeLibraries: Loading library voOSCEngine
12-25 13:32:17.124  10620-10916/? D/dalvikvm﹕ Trying to load lib /data/app-lib/com.amazon.mShop.android-1/libvoOSCEngine.so 0x42f5df80
12-25 13:32:17.124  10620-10916/? D/dalvikvm﹕ Shared lib '/data/app-lib/com.amazon.mShop.android-1/libvoOSCEngine.so' already loaded in same CL 0x42f5df80
12-25 13:32:17.134  10620-10916/? I/AmazonVideo.media﹕ PlaybackNativeLibrariesLoader.loadNativeLibraries: Loading library AIVVisualOnRenderer
12-25 13:32:17.134  10620-10916/? D/dalvikvm﹕ Trying to load lib /data/app-lib/com.amazon.mShop.android-1/libAIVVisualOnRenderer.so 0x42f5df80
12-25 13:32:17.134  10620-10916/? D/dalvikvm﹕ Shared lib '/data/app-lib/com.amazon.mShop.android-1/libAIVVisualOnRenderer.so' already loaded in same CL 0x42f5df80
12-25 13:32:17.134  10620-10916/? I/AmazonVideo.media﹕ PlaybackNativeLibrariesLoader.loadNativeLibraries: Loading library AIVPlayReadyLicensing
12-25 13:32:17.134  10620-10916/? D/dalvikvm﹕ Trying to load lib /data/app-lib/com.amazon.mShop.android-1/libAIVPlayReadyLicensing.so 0x42f5df80
12-25 13:32:17.134  10620-10916/? D/dalvikvm﹕ Added shared lib /data/app-lib/com.amazon.mShop.android-1/libAIVPlayReadyLicensing.so 0x42f5df80
12-25 13:32:17.134  10620-10916/? D/dalvikvm﹕ No JNI_OnLoad found in /data/app-lib/com.amazon.mShop.android-1/libAIVPlayReadyLicensing.so 0x42f5df80, skipping init
12-25 13:32:17.134  10620-10915/? I/AmazonVideo.drm﹕ SoftwarePlayReadyInitialization.initialize: DRM sub-system initializing with system path: /data/data/com.amazon.mShop.android/files/playready/system
12-25 13:32:17.134  10620-10915/? I/AmazonVideo.drm﹕ SoftwarePlayReadyInitialization.initialize: Initializing license store: /data/data/com.amazon.mShop.android/files/playready/aivdatastore.hds
12-25 13:32:17.134  10620-10915/? I/﹕ T10915: DrmContext::DrmContext: Creating context object with store path /data/data/com.amazon.mShop.android/files/playready/aivdatastore.hds and system directory /data/data/com.amazon.mShop.android/files/playready/system.
12-25 13:32:17.134  10620-10915/? I/﹕ T10915: DrmContext::initializePlayReadyInternal: Initializing DRM store /data/data/com.amazon.mShop.android/files/playready/aivdatastore.hds.
12-25 13:32:17.144  10620-10698/? I/AmazonVideo.content﹕ RuntimeDeviceCapabilityBasedBitrateResolver.getHighestSustainableBitrate: The calculated bitrate cap value is 2147483647
12-25 13:32:17.144  10620-10698/? I/AmazonVideo.content﹕ RuntimeDeviceCapabilityBasedBitrateResolver.getHighestSustainableBitrate: The calculated bitrate cap value is 2147483647
12-25 13:32:17.194  10761-10957/? E/GoogleConversionReporter﹕ Error sending ping
    org.apache.http.conn.HttpHostConnectException: Connection to https://www.googleadservices.com refused
            at org.apache.http.impl.conn.DefaultClientConnectionOperator.openConnection(DefaultClientConnectionOperator.java:183)
            at org.apache.http.impl.conn.AbstractPoolEntry.open(AbstractPoolEntry.java:164)
            at org.apache.http.impl.conn.AbstractPooledConnAdapter.open(AbstractPooledConnAdapter.java:119)
            at org.apache.http.impl.client.DefaultRequestDirector.execute(DefaultRequestDirector.java:360)
            at org.apache.http.impl.client.AbstractHttpClient.execute(AbstractHttpClient.java:555)
            at org.apache.http.impl.client.AbstractHttpClient.execute(AbstractHttpClient.java:487)
            at org.apache.http.impl.client.AbstractHttpClient.execute(AbstractHttpClient.java:465)
            at android.net.http.AndroidHttpClient.execute(AndroidHttpClient.java:252)
            at aax.a(SourceFile:217)
            at aba.run(SourceFile:173)
            at java.lang.Thread.run(Thread.java:841)
     Caused by: java.net.ConnectException: failed to connect to localhost/127.0.0.1 (port 443) after 60000ms: isConnected failed: ECONNREFUSED (Connection refused)
            at libcore.io.IoBridge.isConnected(IoBridge.java:223)
            at libcore.io.IoBridge.connectErrno(IoBridge.java:161)
            at libcore.io.IoBridge.connect(IoBridge.java:112)
            at de.robv.android.xposed.XposedBridge.invokeOriginalMethodNative(Native Method)
            at de.robv.android.xposed.XposedBridge.handleHookedMethod(XposedBridge.java:631)
            at libcore.io.IoBridge.connect(Native Method)
            at java.net.PlainSocketImpl.connect(PlainSocketImpl.java:192)
            at java.net.PlainSocketImpl.connect(PlainSocketImpl.java:459)
            at java.net.Socket.connect(Socket.java:843)
            at org.apache.http.conn.scheme.PlainSocketFactory.connectSocket(PlainSocketFactory.java:119)
            at org.apache.http.impl.conn.DefaultClientConnectionOperator.openConnection(DefaultClientConnectionOperator.java:144)
            at org.apache.http.impl.conn.AbstractPoolEntry.open(AbstractPoolEntry.java:164)
            at org.apache.http.impl.conn.AbstractPooledConnAdapter.open(AbstractPooledConnAdapter.java:119)
            at org.apache.http.impl.client.DefaultRequestDirector.execute(DefaultRequestDirector.java:360)
            at org.apache.http.impl.client.AbstractHttpClient.execute(AbstractHttpClient.java:555)
            at org.apache.http.impl.client.AbstractHttpClient.execute(AbstractHttpClient.java:487)
            at org.apache.http.impl.client.AbstractHttpClient.execute(AbstractHttpClient.java:465)
            at android.net.http.AndroidHttpClient.execute(AndroidHttpClient.java:252)
            at aax.a(SourceFile:217)
            at aba.run(SourceFile:173)
            at java.lang.Thread.run(Thread.java:841)
     Caused by: libcore.io.ErrnoException: isConnected failed: ECONNREFUSED (Connection refused)
            at libcore.io.IoBridge.isConnected(IoBridge.java:208)
            at libcore.io.IoBridge.connectErrno(IoBridge.java:161)
            at libcore.io.IoBridge.connect(IoBridge.java:112)
            at de.robv.android.xposed.XposedBridge.invokeOriginalMethodNative(Native Method)
            at de.robv.android.xposed.XposedBridge.handleHookedMethod(XposedBridge.java:631)
            at libcore.io.IoBridge.connect(Native Method)
            at java.net.PlainSocketImpl.connect(PlainSocketImpl.java:192)
            at java.net.PlainSocketImpl.connect(PlainSocketImpl.java:459)
            at java.net.Socket.connect(Socket.java:843)
            at org.apache.http.conn.scheme.PlainSocketFactory.connectSocket(PlainSocketFactory.java:119)
            at org.apache.http.impl.conn.DefaultClientConnectionOperator.openConnection(DefaultClientConnectionOperator.java:144)
            at org.apache.http.impl.conn.AbstractPoolEntry.open(AbstractPoolEntry.java:164)
            at org.apache.http.impl.conn.AbstractPooledConnAdapter.open(AbstractPooledConnAdapter.java:119)
            at org.apache.http.impl.client.DefaultRequestDirector.execute(DefaultRequestDirector.java:360)
            at org.apache.http.impl.client.AbstractHttpClient.execute(AbstractHttpClient.java:555)
            at org.apache.http.impl.client.AbstractHttpClient.execute(AbstractHttpClient.java:487)
            at org.apache.http.impl.client.AbstractHttpClient.execute(AbstractHttpClient.java:465)
            at android.net.http.AndroidHttpClient.execute(AndroidHttpClient.java:252)
            at aax.a(SourceFile:217)
            at aba.run(SourceFile:173)
            at java.lang.Thread.run(Thread.java:841)
12-25 13:32:17.204  10773-10777/? D/dalvikvm﹕ GC_CONCURRENT freed 471K, 11% free 18729K/20848K, paused 1ms+5ms, total 19ms
12-25 13:32:17.214  10761-10765/? D/dalvikvm﹕ GC_CONCURRENT freed 312K, 10% free 19146K/21108K, paused 1ms+1ms, total 22ms
12-25 13:32:17.224  10620-10698/? D/AmazonApplication﹕ loading and initializing class com.amazon.avod.playbackclient.settings.page.MobileStreamingQualitySettingsFragmentFactoryDelegate
12-25 13:32:17.224  10620-10915/? I/﹕ T10915: DrmSession::getDrmSession: Trying to get a session id: DrmLicensingSession
12-25 13:32:17.224  10620-10915/? I/﹕ T10915: DrmSession::getDrmSession: Created a new DRM Session DrmLicensingSession (0x789723b8)
12-25 13:32:17.324    1097-1097/? D/GCM﹕ GcmService start Intent { act=com.google.android.checkin.CHECKIN_COMPLETE flg=0x10 cmp=com.google.android.gms/.gcm.GcmService (has extras) } com.google.android.checkin.CHECKIN_COMPLETE
12-25 13:32:17.324     816-1555/? I/ActivityManager﹕ Process com.fidelity.android (pid 9699) has died.
12-25 13:32:17.324     816-1038/? I/ActivityManager﹕ Resuming delayed broadcast
12-25 13:32:17.354  10620-10966/? I/AmazonAppstore.ResourceCacheImpl﹕ Manually updating resource cache
12-25 13:32:17.354     816-1024/? I/ActivityManager﹕ Delay finish: com.amazon.mShop.android/com.amazon.mcc.resources.RefreshResourcesReceiver
12-25 13:32:17.384     816-1024/? I/ActivityManager﹕ Resuming delayed broadcast
12-25 13:32:17.394     816-1164/? I/ActivityManager﹕ Delay finish: com.google.android.talk/com.google.android.apps.hangouts.phone.PackageReplacedReceiver
12-25 13:32:17.394      816-827/? I/ActivityManager﹕ Resuming delayed broadcast
12-25 13:32:17.424     816-1038/? I/ActivityManager﹕ Start proc com.android.vending for broadcast com.android.vending/com.google.android.finsky.receivers.PackageMonitorReceiver$RegisteredReceiver: pid=10971 uid=10015 gids={50015, 3003, 1028, 1015}
12-25 13:32:17.454     816-7675/? I/ActivityManager﹕ Process com.android.chrome (pid 10071) has died.
12-25 13:32:17.584     816-1024/? I/ActivityManager﹕ Process com.google.zagat (pid 9767) has died.
12-25 13:32:17.584     816-1024/? A/ProcessStats﹕ Starting service ServiceState{43a44508 com.google.android.tts.service.GoogleTTSService pkg=com.google.android.tts proc=43a44508} without owner
12-25 13:32:17.604  10971-10975/? D/dalvikvm﹕ JIT code cache reset in 0 ms (0 bytes 6/0)
12-25 13:32:17.604  10971-10975/? D/dalvikvm﹕ GC_CONCURRENT freed 217K, 10% free 17982K/19848K, paused 2ms+1ms, total 20ms
12-25 13:32:17.604  10971-10986/? D/dalvikvm﹕ WAIT_FOR_CONCURRENT_GC blocked 3ms
12-25 13:32:17.604  10971-10985/? D/dalvikvm﹕ WAIT_FOR_CONCURRENT_GC blocked 19ms
12-25 13:32:17.664  10773-10773/? W/TImageLoader﹕ handleOnTrimMemory(level 60)
12-25 13:32:17.664    4240-4240/? W/ManagedEGLContext﹕ doTerminate failed: EGL count is 2 but managed count is 1
12-25 13:32:17.664    4469-4469/? W/ManagedEGLContext﹕ doTerminate failed: EGL count is 2 but managed count is 1
12-25 13:32:17.664    1158-1158/? W/ManagedEGLContext﹕ doTerminate failed: EGL count is 2 but managed count is 1
12-25 13:32:17.674  10971-10971/? D/Finsky﹕ [1] FinskyApp.onCreate: Initializing network with DFE https://android.clients.google.com/fdfe/
12-25 13:32:17.704  10971-10975/? D/dalvikvm﹕ GC_CONCURRENT freed 292K, 10% free 18115K/20056K, paused 2ms+2ms, total 16ms
12-25 13:32:17.714     816-1528/? I/ActivityManager﹕ Process com.google.android.setupwizard (pid 10048) has died.
12-25 13:32:17.744  10971-10975/? D/dalvikvm﹕ GC_CONCURRENT freed 361K, 10% free 18250K/20260K, paused 3ms+2ms, total 16ms
12-25 13:32:17.754  10971-10971/? D/Finsky﹕ [1] DailyHygiene.goMakeHygieneIfDirty: No need to run daily hygiene.
12-25 13:32:17.764  10971-10971/? W/Settings﹕ Setting download_manager_max_bytes_over_mobile has moved from android.provider.Settings.Secure to android.provider.Settings.Global.
12-25 13:32:17.764  10971-10971/? W/Settings﹕ Setting download_manager_recommended_max_bytes_over_mobile has moved from android.provider.Settings.Secure to android.provider.Settings.Global.
12-25 13:32:17.784  10971-10971/? I/dalvikvm﹕ Could not find method com.google.android.play.layout.PlayCardViewBase.setTransitionName, referenced from method com.google.android.finsky.utils.PlayCardUtils.bindCard
12-25 13:32:17.784  10971-10971/? W/dalvikvm﹕ VFY: unable to resolve virtual method 41555: Lcom/google/android/play/layout/PlayCardViewBase;.setTransitionName (Ljava/lang/String;)V
12-25 13:32:17.784  10971-10971/? D/dalvikvm﹕ VFY: replacing opcode 0x6e at 0x00cf
12-25 13:32:17.784  10971-10971/? I/dalvikvm﹕ Could not find method com.google.android.play.layout.PlayCardViewBase.setTransitionGroup, referenced from method com.google.android.finsky.utils.PlayCardUtils.bindCard
12-25 13:32:17.784  10971-10971/? W/dalvikvm﹕ VFY: unable to resolve virtual method 41554: Lcom/google/android/play/layout/PlayCardViewBase;.setTransitionGroup (Z)V
12-25 13:32:17.784  10971-10971/? D/dalvikvm﹕ VFY: replacing opcode 0x6e at 0x0201
12-25 13:32:17.794  10971-10975/? D/dalvikvm﹕ GC_CONCURRENT freed 418K, 11% free 18275K/20340K, paused 2ms+2ms, total 15ms
12-25 13:32:17.804  10971-10971/? I/dalvikvm﹕ Could not find method android.view.View.getTransitionName, referenced from method com.google.android.finsky.navigationmanager.NavigationManager.showPage
12-25 13:32:17.804  10971-10971/? W/dalvikvm﹕ VFY: unable to resolve virtual method 8592: Landroid/view/View;.getTransitionName ()Ljava/lang/String;
12-25 13:32:17.804  10971-10971/? D/dalvikvm﹕ VFY: replacing opcode 0x6e at 0x001a
12-25 13:32:17.834     816-1145/? I/ActivityManager﹕ Process ru.org.amip.ClockSync (pid 9733) has died.
12-25 13:32:17.844  10971-10975/? D/dalvikvm﹕ GC_CONCURRENT freed 220K, 10% free 18548K/20420K, paused 1ms+3ms, total 18ms
12-25 13:32:17.844  10971-10971/? D/Finsky﹕ [1] 2.run: Loaded library for account: [MPgg6BX_cyUWaqrrEnKH7f5_43E]
12-25 13:32:17.844  10971-10971/? D/Finsky﹕ [1] 2.run: Finished loading 1 libraries.
12-25 13:32:17.854  10533-10552/? I/GAV2﹕ Thread[GAThread,5,main]: No campaign data found.
12-25 13:32:17.864  25312-11007/? D/PackageBroadcastService﹕ Received broadcast action=android.intent.action.PACKAGE_CHANGED and uri=com.google.android.gms
12-25 13:32:17.864  25312-11007/? I/PackageBroadcastService﹕ Null package name or gms related package.  Ignoreing.
12-25 13:32:17.874  25312-25416/? I/Icing﹕ updateResources: need to parse e{com.google.android.gms}
12-25 13:32:17.874     816-1038/? I/ActivityManager﹕ Delay finish: com.google.android.apps.plus/.service.PackagesMediaMonitor
12-25 13:32:17.884      816-827/? I/ActivityManager﹕ Resuming delayed broadcast
12-25 13:32:17.914      816-827/? I/ActivityManager﹕ Start proc com.google.android.googlequicksearchbox:search for broadcast com.google.android.googlequicksearchbox/com.google.android.search.core.summons.icing.InternalIcingCorporaProvider$CorporaChangedReceiver: pid=11009 uid=10023 gids={50023, 3003, 3001, 1028, 3002, 1015}
12-25 13:32:17.934  10971-10975/? D/dalvikvm﹕ GC_CONCURRENT freed 185K, 9% free 18865K/20708K, paused 2ms+1ms, total 15ms
12-25 13:32:17.934  10971-11006/? D/dalvikvm﹕ WAIT_FOR_CONCURRENT_GC blocked 4ms
12-25 13:32:17.994     816-2231/? I/ActivityManager﹕ Start proc android.process.media for content provider com.android.providers.downloads/.DownloadProvider: pid=11021 uid=10005 gids={50005, 1028, 1015, 1023, 1024, 2001, 3003, 3007}
12-25 13:32:17.994     816-1528/? I/ActivityManager﹕ Process com.concur.breeze (pid 10300) has died.
12-25 13:32:17.994     816-1528/? A/ActivityManager﹕ Service ServiceRecord{43c0beb8 u0 com.concur.breeze/com.concur.mobile.core.service.ConcurService} in process ProcessRecord{42f9f5a0 10300:com.concur.breeze/u0a164} not same as in map: null
12-25 13:32:18.024  11009-11033/? I/IcingCorporaProvider﹕ Updating corpora: APPS=com.google.android.gms, CONTACTS=MAYBE
12-25 13:32:18.024    1158-1158/? W/Launcher﹕ setApplicationContext called twice! old=com.google.android.velvet.VelvetApplication@42d86dd0 new=com.google.android.velvet.VelvetApplication@42d86dd0
12-25 13:32:18.054     816-1186/? I/ActivityManager﹕ Start proc de.robv.android.xposed.installer for broadcast de.robv.android.xposed.installer/.PackageChangeReceiver: pid=11035 uid=10179 gids={50179, 1028, 1015, 3003}
12-25 13:32:18.074    1158-1158/? W/ManagedEGLContext﹕ doTerminate failed: EGL count is 2 but managed count is 1
12-25 13:32:18.074  11009-11013/? D/dalvikvm﹕ GC_CONCURRENT freed 276K, 10% free 17841K/19764K, paused 2ms+2ms, total 26ms
12-25 13:32:18.104     816-1144/? I/ActivityManager﹕ Start proc com.google.android.partnersetup for content provider com.google.android.partnersetup/.RlzAppProvider: pid=11049 uid=10011 gids={50011, 3003}
12-25 13:32:18.104     816-1541/? I/ActivityManager﹕ Process com.trello (pid 10773) has died.
12-25 13:32:18.164  11021-11025/? D/dalvikvm﹕ JIT code cache reset in 0 ms (0 bytes 6/0)
12-25 13:32:18.164  11021-11025/? D/dalvikvm﹕ GC_CONCURRENT freed 268K, 10% free 17837K/19748K, paused 3ms+1ms, total 32ms
12-25 13:32:18.164  11035-11039/? D/dalvikvm﹕ JIT code cache reset in 0 ms (0 bytes 6/0)
12-25 13:32:18.164  11035-11039/? D/dalvikvm﹕ GC_CONCURRENT freed 353K, 11% free 17847K/19848K, paused 2ms+1ms, total 25ms
12-25 13:32:18.164  11035-11035/? D/dalvikvm﹕ WAIT_FOR_CONCURRENT_GC blocked 13ms
12-25 13:32:18.194  11009-11013/? D/dalvikvm﹕ GC_CONCURRENT freed 206K, 10% free 18150K/20004K, paused 2ms+7ms, total 20ms
12-25 13:32:18.194  11009-11059/? D/dalvikvm﹕ WAIT_FOR_CONCURRENT_GC blocked 1ms
12-25 13:32:18.194     816-1186/? I/ActivityManager﹕ Delay finish: de.robv.android.xposed.installer/.PackageChangeReceiver
12-25 13:32:18.214      816-826/? I/ActivityManager﹕ Process com.nytimes.android (pid 10847) has died.
12-25 13:32:18.334  11021-11025/? D/dalvikvm﹕ GC_CONCURRENT freed 299K, 10% free 17951K/19900K, paused 1ms+1ms, total 15ms
12-25 13:32:18.364     816-1569/? D/dalvikvm﹕ GC_EXPLICIT freed 7182K, 31% free 57997K/83096K, paused 3ms+10ms, total 167ms
12-25 13:32:18.384  10971-10971/? D/Finsky﹕ [1] GmsCoreHelper.cleanupNlp: result=false type=4
12-25 13:32:18.384     816-1555/? I/ActivityManager﹕ Delaying start of: ServiceRecord{45442788 u0 com.android.vending/com.google.android.finsky.services.RestoreService}
12-25 13:32:18.394  10971-10971/? E/PlayEventLogger﹕ Invalid device id 8176d7a515b74c98
12-25 13:32:18.614  11009-11013/? D/dalvikvm﹕ GC_CONCURRENT freed 114K, 9% free 18484K/20248K, paused 2ms+1ms, total 13ms
12-25 13:32:18.624  11021-11025/? D/dalvikvm﹕ GC_CONCURRENT freed 281K, 10% free 18075K/20004K, paused 2ms+2ms, total 21ms
12-25 13:32:18.644  11009-11033/? I/IcingCorporaProvider﹕ UpdateCorporaTask done [took 477 ms] updated apps [took 477 ms]
12-25 13:32:18.644  10971-10971/? D/Finsky﹕ [1] RestoreTracker.stopServiceIfDone: Restore complete with 0 success and 0 failed.
12-25 13:32:18.654      816-827/? I/ActivityManager﹕ Resuming delayed broadcast
12-25 13:32:18.694      816-827/? I/ActivityManager﹕ Start proc com.metago.astro for broadcast com.metago.astro/com.kii.cloud.collector.Receiver: pid=11083 uid=10161 gids={50161, 3003, 1028, 1015}
12-25 13:32:18.744  11083-11083/? W/XPrivacy/XGoogleMapV2﹕ Class not found hook=location/MapV2.getPosition (com.google.android.gms.maps.model.Marker)
12-25 13:32:18.754  11083-11083/? W/XPrivacy/XGoogleMapV2﹕ dalvik.system.VMStack.getThreadStackTrace(Native Method)
    java.lang.Thread.getStackTrace(Thread.java:579)
    biz.bokhorst.xprivacy.gf.a(SourceFile:158)
    biz.bokhorst.xprivacy.gf.a(SourceFile:152)
    biz.bokhorst.xprivacy.XPrivacy.hook(SourceFile:500)
    biz.bokhorst.xprivacy.XPrivacy.hookAll(SourceFile:465)
    biz.bokhorst.xprivacy.XPrivacy.handleLoadPackage(SourceFile:409)
    biz.bokhorst.xprivacy.XPrivacy.handleLoadPackage(SourceFile:83)
    de.robv.android.xposed.IXposedHookLoadPackage$Wrapper.handleLoadPackage(IXposedHookLoadPackage.java:20)
    de.robv.android.xposed.callbacks.XC_LoadPackage.call(XC_LoadPackage.java:34)
    de.robv.android.xposed.callbacks.XCallback.callAll(XCallback.java:70)
    de.robv.android.xposed.XposedBridge$1.beforeHookedMethod(XposedBridge.java:208)
    de.robv.android.xposed.XposedBridge.handleHookedMethod(XposedBridge.java:611)
    android.app.ActivityThread.handleBindApplication(Native Method)
    android.app.ActivityThread.access$1500(ActivityThread.java:135)
    android.app.ActivityThread$H.handleMessage(ActivityThread.java:1256)
    android.os.Handler.dispatchMessage(Handler.java:102)
    android.os.Looper.loop(Looper.java:136)
    android.app.ActivityThread.main(ActivityThread.java:5001)
    java.lang.reflect.Method.invokeNative(Native Method)
    java.lang.reflect.Method.invoke(Method.java:515)
    com.android.internal.os.ZygoteInit$MethodAndArgsCaller.run(ZygoteInit.java:785)
    com.android.internal.os.ZygoteInit.main(ZygoteInit.java:601)
    de.robv.android.xposed.XposedBridge.main(XposedBridge.java:132)
    dalvik.system.NativeStart.main(Native Method)
12-25 13:32:18.824  11083-11087/? D/dalvikvm﹕ JIT code cache reset in 0 ms (0 bytes 6/0)
12-25 13:32:18.834  11083-11087/? D/dalvikvm﹕ GC_CONCURRENT freed 349K, 11% free 17821K/19828K, paused 4ms+2ms, total 29ms
12-25 13:32:18.844     816-1541/? A/ProcessStats﹕ Starting service ServiceState{43a44508 com.google.android.tts.service.GoogleTTSService pkg=com.google.android.tts proc=43a44508} without owner
12-25 13:32:18.884  11021-11025/? D/dalvikvm﹕ GC_CONCURRENT freed 293K, 10% free 18179K/20124K, paused 1ms+0ms, total 18ms
12-25 13:32:18.914  11083-11087/? D/dalvikvm﹕ GC_CONCURRENT freed 278K, 10% free 18054K/19980K, paused 2ms+4ms, total 29ms
12-25 13:32:18.914  11083-11098/? D/dalvikvm﹕ WAIT_FOR_CONCURRENT_GC blocked 19ms
12-25 13:32:18.914  25118-25122/? D/dalvikvm﹕ GC_CONCURRENT freed 346K, 13% free 18345K/21008K, paused 2ms+0ms, total 13ms
12-25 13:32:18.954     816-1024/? I/ActivityManager﹕ Delay finish: com.amazon.mShop.android/com.amazon.mcc.resources.RefreshResourcesReceiver
12-25 13:32:18.964  10620-11106/? I/AmazonAppstore.ResourceCacheImpl﹕ Manually updating resource cache
12-25 13:32:18.984    1451-1455/? D/dalvikvm﹕ GC_CONCURRENT freed 443K, 15% free 18255K/21464K, paused 1ms+1ms, total 20ms
12-25 13:32:18.984     816-1528/? I/ActivityManager﹕ Process com.google.android.youtube (pid 10761) has died.
12-25 13:32:18.984     816-1528/? A/ActivityManager﹕ Service ServiceRecord{4556c228 u0 com.google.android.youtube/com.google.android.apps.youtube.app.offline.transfer.OfflineTransferService} in process ProcessRecord{42dc01c0 10761:com.google.android.youtube/u0a73} not same as in map: null
12-25 13:32:18.994     816-1528/? A/ProcessStats﹕ Starting service ServiceState{43a44508 com.google.android.tts.service.GoogleTTSService pkg=com.google.android.tts proc=43a44508} without owner
12-25 13:32:19.014    4240-4240/? W/ManagedEGLContext﹕ doTerminate failed: EGL count is 2 but managed count is 1
12-25 13:32:19.014     816-1541/? I/ActivityManager﹕ Resuming delayed broadcast
12-25 13:32:19.024    4469-4469/? W/ManagedEGLContext﹕ doTerminate failed: EGL count is 2 but managed count is 1
12-25 13:32:19.024    1158-1158/? W/ManagedEGLContext﹕ doTerminate failed: EGL count is 2 but managed count is 1
12-25 13:32:19.154     816-1144/? A/ProcessStats﹕ Starting service ServiceState{43a44508 com.google.android.tts.service.GoogleTTSService pkg=com.google.android.tts proc=43a44508} without owner
12-25 13:32:19.164  11021-11025/? D/dalvikvm﹕ GC_CONCURRENT freed 289K, 10% free 18281K/20220K, paused 2ms+1ms, total 13ms
12-25 13:32:20.974  11009-11119/? W/HandlerScheduledExecuto﹕ Task does not implement UiTask. Consider using NamedUiRunnable for bmn@42dc2e68
12-25 13:32:20.984  11009-11118/? W/HandlerScheduledExecuto﹕ Task does not implement UiTask. Consider using NamedUiRunnable for bmn@42e02840
12-25 13:32:20.984  11009-11009/? W/HandlerScheduledExecuto﹕ Task does not implement UiTask. Consider using NamedUiRunnable for bmm@42da82c8
12-25 13:32:21.014  11009-11009/? W/HandlerScheduledExecuto﹕ Task does not implement UiTask. Consider using NamedUiRunnable for bmm@42e07258
12-25 13:32:21.054  11009-11117/? W/HandlerScheduledExecuto﹕ Task does not implement UiTask. Consider using NamedUiRunnable for bmm@42da82c8
12-25 13:32:21.064  11009-11013/? D/dalvikvm﹕ GC_CONCURRENT freed 595K, 11% free 18311K/20556K, paused 2ms+2ms, total 21ms
12-25 13:32:21.074  11009-11117/? W/HandlerScheduledExecuto﹕ Task does not implement UiTask. Consider using NamedUiRunnable for eky@42dfafc8
12-25 13:32:21.084  11009-11009/? W/GAV2﹕ Thread[main,5,main]: Need to call initialize() and be in fallback mode to start dispatch.
12-25 13:32:21.114  11009-11009/? W/HandlerScheduledExecuto﹕ Task does not implement UiTask. Consider using NamedUiRunnable for eky@42dfafc8
12-25 13:32:21.164  11009-11013/? D/dalvikvm﹕ GC_CONCURRENT freed 235K, 11% free 18468K/20556K, paused 2ms+4ms, total 21ms
12-25 13:32:21.194     816-1541/? W/InputMethodInfo﹕ Duplicated subtype definition found: , voice
12-25 13:32:22.154  11009-11015/? I/dalvikvm﹕ Total arena pages for JIT: 11
12-25 13:32:22.154  11009-11015/? I/dalvikvm﹕ Total arena pages for JIT: 12
12-25 13:32:22.154  11009-11015/? I/dalvikvm﹕ Total arena pages for JIT: 13
12-25 13:32:22.154  11009-11015/? I/dalvikvm﹕ Total arena pages for JIT: 14
12-25 13:32:22.154  11009-11015/? I/dalvikvm﹕ Total arena pages for JIT: 15
12-25 13:32:22.154  11009-11015/? I/dalvikvm﹕ Total arena pages for JIT: 16
12-25 13:32:22.154  11009-11015/? I/dalvikvm﹕ Total arena pages for JIT: 17
12-25 13:32:22.164  11009-11015/? I/dalvikvm﹕ Total arena pages for JIT: 18
12-25 13:32:22.164  11009-11015/? I/dalvikvm﹕ Total arena pages for JIT: 19
12-25 13:32:22.234    1451-1455/? D/dalvikvm﹕ GC_CONCURRENT freed 561K, 16% free 18205K/21464K, paused 1ms+1ms, total 11ms
12-25 13:32:22.234    1451-1584/? D/dalvikvm﹕ WAIT_FOR_CONCURRENT_GC blocked 5ms
12-25 13:32:22.324    4339-4342/? D/dalvikvm﹕ GC_CONCURRENT freed 510K, 12% free 18858K/21296K, paused 4ms+1ms, total 22ms
12-25 13:32:26.084  11009-11143/? I/GAV2﹕ Thread[GAThread,5,main]: No campaign data found.
12-25 13:32:27.324    2421-2508/? W/bt-btif﹕ dm_pm_timer expires
12-25 13:32:27.324    2421-2508/? W/bt-btif﹕ dm_pm_timer expires 0
12-25 13:32:27.324    2421-2508/? W/bt-btif﹕ proc dm_pm_timer expires
12-25 13:32:29.804  10620-10620/? W/CodeLoaderInitializer﹕ Nothing to see here.
12-25 13:32:29.864  10620-10620/? I/AmazonAppstore.PdiBroadcastReceiver﹕ Received Application startup broadcast. Setting cleanup intent to start in 60 seconds.
12-25 13:32:29.874  10620-10620/? I/AmazonAppstore.PdiBroadcastReceiver﹕ Received Appication startup broadcast. Wake up download service
12-25 13:32:29.874     816-1541/? I/ActivityManager﹕ Delay finish: com.amazon.mShop.android/com.amazon.mas.client.pdiservice.PdiBroadcastReceiver
12-25 13:32:29.944  10620-10620/? I/AmazonAppstore.DownloaderFactory﹕ AmazonDownloadManager not supported
12-25 13:32:29.944  10620-10620/? I/AmazonAppstore.BasicDownloader﹕ new basic downloader created
12-25 13:32:29.944  10620-10620/? I/AmazonAppstore.MinPriorityThreadFactory﹕ MinPriorityThreadFactory is created
12-25 13:32:29.954  10620-10620/? I/AmazonAppstore.BasicDownloader﹕ start reading queue
12-25 13:32:29.964  10620-10620/? I/AmazonAppstore.BasicDownloader﹕ queue read job submitted
12-25 13:32:29.974  10620-11195/? I/AmazonAppstore.BasicDownloader﹕ isIdle called
12-25 13:32:29.974  10620-11195/? I/AmazonAppstore.BasicDownloader﹕ isIdle returning false
12-25 13:32:29.994  10620-11194/? I/AmazonAppstore.QueueReaderTask﹕ callable's call called
12-25 13:32:29.994  10620-10625/? D/dalvikvm﹕ GC_CONCURRENT freed 2572K, 14% free 26597K/30816K, paused 2ms+14ms, total 68ms
12-25 13:32:30.004  10620-11194/? I/AmazonAppstore.QueueReaderTask﹕ 0rows read.
12-25 13:32:30.034  10620-11195/? I/AmazonAppstore.BasicDownloader﹕ isIdle called
12-25 13:32:30.034  10620-11195/? I/AmazonAppstore.BasicDownloader﹕ isIdle returning true
12-25 13:32:30.034     816-7675/? I/ActivityManager﹕ Resuming delayed broadcast
12-25 13:32:30.044  10620-10620/? I/AmazonAppstore.Install/InstallService﹕ Receive action: com.amazon.mas.client.install.PROCESS_ALL
12-25 13:32:30.044  10620-10620/? W/AmazonAppstore.Install/InstallService﹕ ACTION_PROCESS_ALL is supported only for silent installs.
12-25 13:32:30.054  10620-11203/? I/AmazonAppstore.Install/InstallHandler﹕ InstallService stopSelf(1)
12-25 13:32:30.064     816-1024/? I/ActivityManager﹕ Delay finish: com.amazon.mShop.android/com.amazon.client.ftue.DelayedFtueReceiver
12-25 13:32:30.074  10620-11209/? I/AmazonAppstore.AppstoreFtueService﹕ request to send FTUE broadcast ignored as we've already broadcast it
12-25 13:32:30.074     816-1528/? I/ActivityManager﹕ Resuming delayed broadcast
12-25 13:32:30.084  10620-10620/? I/AmazonAppstore.AmazonApps/CrashReporterBroadcastReceiver﹕ Starting up reporting
12-25 13:32:30.084  10620-10620/? I/AmazonAppstore.CrashReporter/CrashReportBroadcastReceiver﹕ Broadcast Receiver not in manifest; ignoring
12-25 13:32:30.104  10620-10620/? I/AmazonAppstore.CrashReporter/CrashReporterServiceDelegate﹕ Running task for: SystemJvm 10 reports (1 per task)
12-25 13:32:30.104  10620-10620/? I/AmazonAppstore.CrashReporter/CrashReporterServiceDelegate﹕ Running task for: DataJvm 10 reports (1 per task)
12-25 13:32:30.104  10620-10620/? I/AmazonAppstore.CrashReporter/CrashReporterServiceDelegate﹕ Running task for: SystemAnr 10 reports (1 per task)
12-25 13:32:30.104  10620-10620/? I/AmazonAppstore.CrashReporter/CrashReporterServiceDelegate﹕ Running task for: DataAnr 10 reports (1 per task)
12-25 13:32:30.104  10620-10620/? I/AmazonAppstore.CrashReporter/CrashReporterServiceDelegate﹕ Running task for: SystemTombstone 10 reports (1 per task)
12-25 13:32:30.104  10620-10620/? I/AmazonAppstore.CrashReporter/CrashReporterServiceDelegate﹕ Running task for: DataTombstone 10 reports (1 per task)
12-25 13:32:30.104  10620-10620/? I/AmazonAppstore.CrashReporter/CrashReporterServiceDelegate﹕ Running task for: Js 10 reports (1 per task)
12-25 13:32:30.104  10620-10620/? I/AmazonAppstore.CrashReporter/CrashReporterServiceDelegate﹕ Running task for: SelfCaught 10 reports (1 per task)
12-25 13:32:30.124      816-826/? I/ActivityManager﹕ Delay finish: com.amazon.mShop.android/com.amazon.venezia.StartupReceiver
12-25 13:32:30.134     816-1541/? I/ActivityManager﹕ Resuming delayed broadcast
12-25 13:32:30.134     816-1144/? I/ActivityManager﹕ Delay finish: com.amazon.mShop.android/com.amazon.mas.client.locker.LockerBroadcastReceiver
12-25 13:32:30.164  10620-11218/? I/AmazonAppstore.LockerSyncDecisionDelegate﹕ handling intent action 'com.amazon.mas.client.application.SCHEDULE_ALARMS'
12-25 13:32:30.164  10620-11218/? I/AmazonAppstore.LockerSyncDecisionDelegate﹕ Handling broadcast 'com.amazon.mas.client.application.SCHEDULE_ALARMS'
12-25 13:32:30.164  10620-11218/? I/AmazonAppstore.LockerSyncDecisionDelegate﹕ Locker has previously synced.  Calling SchedulePeriodicWork.scheduleWork() with previousIntervalMillis=86400000
12-25 13:32:30.184  10620-11202/? I/AvailabilitySDK﹕ scheduled configuration update @ 2014-12-25 13:35:56 (repeating)
12-25 13:32:30.184  10620-11202/? I/AvailabilitySDK﹕ created schedule @ 2014-12-25 13:32:30
12-25 13:32:30.184     816-7675/? I/ActivityManager﹕ Resuming delayed broadcast
12-25 13:32:30.194     816-2231/? I/ActivityManager﹕ Delay finish: com.amazon.mShop.android/com.amazon.mas.client.malware.blockedapp.BlockedAppScheduleReceiver
12-25 13:32:30.194      816-827/? I/ActivityManager﹕ Resuming delayed broadcast
12-25 13:32:30.204     816-1024/? I/ActivityManager﹕ Delay finish: com.amazon.mShop.android/com.amazon.mas.client.featureconfig.FeatureConfigScheduleReceiver
12-25 13:32:30.204      816-853/? I/ActivityManager﹕ Resuming delayed broadcast
12-25 13:32:30.204     816-1038/? I/ActivityManager﹕ Delay finish: com.amazon.mShop.android/com.amazon.mas.client.tokenrefresh.RefreshScheduleReceiver
12-25 13:32:30.214      816-827/? I/ActivityManager﹕ Resuming delayed broadcast
12-25 13:32:33.384   5653-11250/? I/MusicLeanback﹕ Conditions not met for autocaching.
12-25 13:32:33.384   5653-11250/? I/MusicLeanback﹕ Stop autocaching.
12-25 13:32:34.544  25312-11254/? I/CheckinService﹕ active receiver: enabled
12-25 13:32:34.574  25312-11254/? I/CheckinService﹕ Preparing to send checkin request
12-25 13:32:34.574  25312-11254/? I/EventLogService﹕ Accumulating logs since 1419535921618
12-25 13:32:34.604    1379-1379/? I/Fitness﹕ FlushServiceReceiver.onReceive
12-25 13:32:34.684  25312-11254/? I/GoogleHttpClient﹕ Falling back to old SSLCertificateSocketFactory
12-25 13:32:34.704    1379-1382/? D/dalvikvm﹕ GC_CONCURRENT freed 1638K, 24% free 22934K/29816K, paused 3ms+14ms, total 66ms
12-25 13:32:34.804     816-1528/? I/ActivityManager﹕ Start proc com.google.android.gms.unstable for service com.google.android.gms/.droidguard.DroidGuardService: pid=11270 uid=10007 gids={50007, 2001, 3003, 1007, 3006, 3007, 3002, 3001, 1028, 1015}
12-25 13:32:34.824     816-2231/? I/ActivityManager﹕ Process com.google.android.apps.plus (pid 10533) has died.
12-25 13:32:34.824     816-2231/? A/ProcessStats﹕ Starting service ServiceState{43a44508 com.google.android.tts.service.GoogleTTSService pkg=com.google.android.tts proc=43a44508} without owner
12-25 13:32:34.844    4469-4469/? W/ManagedEGLContext﹕ doTerminate failed: EGL count is 2 but managed count is 1
12-25 13:32:34.844    1158-1158/? W/ManagedEGLContext﹕ doTerminate failed: EGL count is 2 but managed count is 1
12-25 13:32:34.854    4240-4240/? W/ManagedEGLContext﹕ doTerminate failed: EGL count is 2 but managed count is 1
12-25 13:32:34.874  11270-11270/? I/MultiDex﹕ VM with version 1.6.0 does not have multidex support
12-25 13:32:34.874  11270-11270/? I/MultiDex﹕ install
12-25 13:32:34.874  11270-11270/? I/MultiDex﹕ MultiDexExtractor.load(/data/app/com.google.android.gms-2.apk, false)
12-25 13:32:34.874  11270-11270/? I/MultiDex﹕ loading existing secondary dex files
12-25 13:32:34.884  11270-11270/? I/MultiDex﹕ load found 2 secondary dex files
12-25 13:32:34.894  11270-11270/? I/MultiDex﹕ install done
12-25 13:32:35.064     816-1144/? D/dalvikvm﹕ GC_EXPLICIT freed 6342K, 31% free 58006K/83096K, paused 6ms+9ms, total 168ms
12-25 13:32:35.074  11270-11270/? I/ProviderInstaller﹕ Insert disabled by gate 'gms:security:enable_conscrypt_in_gms_application'
12-25 13:32:35.074    1097-1097/? D/GCM﹕ GcmService start Intent { act=com.google.android.gms.INITIALIZE flg=0x10 pkg=com.google.android.gms cmp=com.google.android.gms/.gcm.GcmService } com.google.android.gms.INITIALIZE
12-25 13:32:35.084  25312-11285/? D/LocationInitializer﹕ Restart initialization of location
12-25 13:32:35.084      816-853/? I/ActivityManager﹕ Delay finish: com.google.android.gms/.init.InitializeGmsReceiver
12-25 13:32:35.094    1097-1097/? D/AuthorizationBluetoothService﹕ Received GmsCore event: Intent { act=com.google.android.gms.INITIALIZE flg=0x10 pkg=com.google.android.gms cmp=com.google.android.gms/.auth.be.proximity.authorization.bt.AuthorizationBluetoothService$AutoStarter }.
12-25 13:32:35.094    1097-1097/? E/AuthorizationBluetoothService﹕ Proximity feature is not enabled.
12-25 13:32:35.094     816-1163/? I/ActivityManager﹕ Resuming delayed broadcast
12-25 13:32:35.104  25312-25312/? I/Fitness﹕ GmsCore initialized.  Initializing Fitness
12-25 13:32:35.114  11270-11274/? D/dalvikvm﹕ GC_CONCURRENT freed 327K, 11% free 17749K/19724K, paused 5ms+2ms, total 20ms
12-25 13:32:35.154     184-1238/? D/WVCdm﹕ Instantiating CDM.
12-25 13:32:35.154     184-1238/? I/WVCdm﹕ Level3 Library Nov 20 2013 18:09:31
12-25 13:32:35.164     184-1238/? D/DrmWidevineDash﹕ calling OEMCrypto_Initialize, g_qsee_apps_version = 6
12-25 13:32:35.164     184-1238/? D/DrmWidevineDash﹕ Service_Initialize: widevine DASH app is already open!
12-25 13:32:35.164     184-1238/? D/DrmWidevineDash﹕ OEMCrypto_Initialize sion_buffer g_wv_fhandle->ion_sbuffer  0x0xb5378000
12-25 13:32:35.164     184-1238/? E/DrmWidevineDash﹕ sion_buffer g_wv_fhandle->ion_sbuffer  0x0xb5378000
12-25 13:32:35.174     184-1238/? D/DrmWidevineDash﹕ OEMCrypto_Initialize exit returns 0
12-25 13:32:35.174     184-1238/? D/DrmWidevineDash﹕ calling OEMCrypto_APIVersion...
12-25 13:32:35.174     184-1238/? D/DrmWidevineDash﹕ OEMCrypto_APIVersion = 8
12-25 13:32:35.174     184-1238/? D/DrmWidevineDash﹕ calling OEMCrypto_IsKeyboxValid...
12-25 13:32:35.184     184-1238/? D/DrmWidevineDash﹕ OEMCrypto_IsKeyboxValid returns 0
12-25 13:32:35.184     184-1238/? D/WVCdm﹕ OEMCrypto_Initialize Level 1 success. I will use level 1.
12-25 13:32:35.184      184-854/? I/WVCdm﹕ CdmEngine::OpenSession
12-25 13:32:35.184      184-854/? D/DrmWidevineDash﹕ calling OEMCrypto_OpenSession...
12-25 13:32:35.184      184-854/? D/DrmWidevineDash﹕ OEMCrypto_OpenSession SID = 1
12-25 13:32:35.184      184-854/? D/DrmWidevineDash﹕ OEMCrypto_OpenSession returns 0
12-25 13:32:35.184      184-854/? D/DrmWidevineDash﹕ calling OEMCrypto_GetRandom...
12-25 13:32:35.194      184-854/? D/DrmWidevineDash﹕ OEMCrypto_GetRandom returns 0
12-25 13:32:35.194      184-854/? I/WVCdm﹕ CdmEngine::QueryKeyControlInfo
12-25 13:32:35.194      184-855/? I/WVCdm﹕ CdmEngine::CloseSession
12-25 13:32:35.194      184-855/? D/DrmWidevineDash﹕ calling OEMCrypto_CloseSession. SID = 1
12-25 13:32:35.194      184-855/? D/DrmWidevineDash﹕ OEMCrypto_CloseSession returns 0
12-25 13:32:35.244  11270-11281/? I/GoogleHttpClient﹕ Falling back to old SSLCertificateSocketFactory
12-25 13:32:35.274  11270-11281/? D/dalvikvm﹕ GC_FOR_ALLOC freed 158K, 10% free 18050K/19860K, paused 9ms, total 9ms
12-25 13:32:35.294  11270-11274/? D/dalvikvm﹕ GC_CONCURRENT freed 13K, 10% free 18143K/19940K, paused 1ms+3ms, total 13ms
12-25 13:32:35.744  11270-11274/? D/dalvikvm﹕ GC_CONCURRENT freed 389K, 11% free 18253K/20300K, paused 9ms+0ms, total 22ms
12-25 13:32:35.744  11270-11281/? D/dalvikvm﹕ WAIT_FOR_CONCURRENT_GC blocked 10ms
12-25 13:32:35.844  11270-11274/? D/dalvikvm﹕ GC_CONCURRENT freed 334K, 10% free 18382K/20368K, paused 1ms+1ms, total 12ms
12-25 13:32:35.874  11270-11274/? D/dalvikvm﹕ GC_CONCURRENT freed 173K, 9% free 18705K/20540K, paused 0ms+1ms, total 12ms
12-25 13:32:35.874  11270-11281/? D/dalvikvm﹕ WAIT_FOR_CONCURRENT_GC blocked 3ms
12-25 13:32:35.894  11270-11281/? D/dalvikvm﹕ Trying to load lib /data/data/com.google.android.gms/app_dg_cache/0F385CAA4172847B3F62BCFA0A3443A7AFBDBB36/lib/libdroidguard_3EB3FFE531475B56EDD672EE68846782A2615BD0.so 0x42d73520
12-25 13:32:35.894  11270-11281/? D/dalvikvm﹕ Added shared lib /data/data/com.google.android.gms/app_dg_cache/0F385CAA4172847B3F62BCFA0A3443A7AFBDBB36/lib/libdroidguard_3EB3FFE531475B56EDD672EE68846782A2615BD0.so 0x42d73520
12-25 13:32:35.894  11270-11281/? D/dalvikvm﹕ No JNI_OnLoad found in /data/data/com.google.android.gms/app_dg_cache/0F385CAA4172847B3F62BCFA0A3443A7AFBDBB36/lib/libdroidguard_3EB3FFE531475B56EDD672EE68846782A2615BD0.so 0x42d73520, skipping init
12-25 13:32:36.034  11270-11281/? D/dalvikvm﹕ DexOpt: --- BEGIN 'f.apk' (bootstrap=0) ---
12-25 13:32:36.064  11311-11311/? D/dalvikvm﹕ DexOpt: load 2ms, verify+opt 9ms, 123436 bytes
12-25 13:32:36.084  11270-11281/? D/dalvikvm﹕ DexOpt: --- END 'f.apk' (success) ---
12-25 13:32:36.084  11270-11281/? D/dalvikvm﹕ DEX prep '/data/data/com.google.android.gms/app_fb/f.apk': unzip in 0ms, rewrite 51ms
12-25 13:32:36.094  11270-11281/? I/Adreno-EGL﹕ <qeglDrvAPI_eglInitialize:320>: EGL 1.4 QUALCOMM Build: I0404c4692afb8623f95c43aeb6d5e13ed4b30ddbDate: 11/06/13
12-25 13:32:36.114  11270-11274/? D/dalvikvm﹕ GC_CONCURRENT freed 455K, 11% free 18743K/20852K, paused 6ms+2ms, total 30ms
12-25 13:32:36.234  11270-11281/? I/Adreno-EGL﹕ <qeglDrvAPI_eglInitialize:320>: EGL 1.4 QUALCOMM Build: I0404c4692afb8623f95c43aeb6d5e13ed4b30ddbDate: 11/06/13
12-25 13:32:36.254    184-17027/? I/WVCdm﹕ CdmEngine::OpenSession
12-25 13:32:36.254    184-17027/? D/DrmWidevineDash﹕ calling OEMCrypto_OpenSession...
12-25 13:32:36.264    184-17027/? D/DrmWidevineDash﹕ OEMCrypto_OpenSession SID = 1
12-25 13:32:36.264    184-17027/? D/DrmWidevineDash﹕ OEMCrypto_OpenSession returns 0
12-25 13:32:36.264    184-17027/? D/DrmWidevineDash﹕ calling OEMCrypto_GetRandom...
12-25 13:32:36.264    184-17027/? D/DrmWidevineDash﹕ OEMCrypto_GetRandom returns 0
12-25 13:32:36.264    184-17027/? I/WVCdm﹕ CdmEngine::QueryKeyControlInfo
12-25 13:32:36.264      184-855/? I/WVCdm﹕ CdmEngine::GenerateKeyRequest
12-25 13:32:36.264      184-855/? D/DrmWidevineDash﹕ calling OEMCrypto_LoadDeviceRSAKey. SID = 1
12-25 13:32:36.274      184-855/? D/DrmWidevineDash﹕ OEMCrypto_LoadDeviceRSAKey returns 0
12-25 13:32:36.274      184-855/? D/DrmWidevineDash﹕ calling OEMCrypto_GetDeviceID...
12-25 13:32:36.284      184-855/? D/DrmWidevineDash﹕ OEMCrypto_GetDeviceID returns 0
12-25 13:32:36.284      184-855/? D/DrmWidevineDash﹕ calling OEMCrypto_GenerateNonce. SID = 1
12-25 13:32:36.284      184-855/? D/DrmWidevineDash﹕ OEMCrypto_GenerateNonce returns 0
12-25 13:32:36.284      184-855/? D/WVCdm﹕ PrepareKeyRequest: nonce=1444978336
12-25 13:32:36.284      184-855/? D/DrmWidevineDash﹕ calling OEMCrypto_GenerateRSASignature. SID = 1
12-25 13:32:36.284      184-855/? D/DrmWidevineDash﹕ OEMCrypto_GenerateRSASignature needs buffer size = 256
12-25 13:32:36.284      184-855/? D/DrmWidevineDash﹕ OEMCrypto_GenerateRSASignature returns 7
12-25 13:32:36.284      184-855/? D/DrmWidevineDash﹕ calling OEMCrypto_GenerateRSASignature. SID = 1
12-25 13:32:36.354      184-855/? D/DrmWidevineDash﹕ OEMCrypto_GenerateRSASignature returns 0
12-25 13:32:36.354    184-17027/? I/WVCdm﹕ CdmEngine::CloseSession
12-25 13:32:36.354    184-17027/? D/DrmWidevineDash﹕ calling OEMCrypto_CloseSession. SID = 1
12-25 13:32:36.364    184-17027/? D/DrmWidevineDash﹕ OEMCrypto_CloseSession returns 0
12-25 13:32:36.464  25312-11254/? I/CheckinRequestBuilder﹕ Classify the device as Phone.
12-25 13:32:36.654  25312-11254/? I/CheckinTask﹕ Sending checkin request (7029 bytes)
12-25 13:32:36.994  25312-11254/? I/CheckinRequestBuilder﹕ Classify the device as Phone.
12-25 13:32:37.014  25312-11254/? I/CheckinTask﹕ Checkin success: https://android.clients.google.com/checkin (1 requests sent)
12-25 13:32:37.014  25312-11254/? I/CheckinService﹕ active receiver: disabled
12-25 13:32:37.074    1097-1097/? D/GCM﹕ GcmService start Intent { act=com.google.android.checkin.CHECKIN_COMPLETE flg=0x10 cmp=com.google.android.gms/.gcm.GcmService (has extras) } com.google.android.checkin.CHECKIN_COMPLETE
12-25 13:32:37.084    1097-1097/? I/GCM﹕ GCM config loaded
12-25 13:32:37.114  25312-25315/? D/dalvikvm﹕ GC_CONCURRENT freed 1493K, 22% free 22244K/28332K, paused 3ms+3ms, total 91ms
12-25 13:32:44.704      816-866/? I/InputReader﹕ Reconfiguring input devices.  changes=0x00000010
12-25 13:32:44.734     816-1163/? I/PackageManager﹕ Action: "android.intent.action.SENDTO"
12-25 13:32:44.734     816-1163/? I/PackageManager﹕ Category: "android.intent.category.DEFAULT"
12-25 13:32:44.734     816-1163/? I/PackageManager﹕ Scheme: "sms"
12-25 13:32:44.734     816-1163/? I/PackageManager﹕ Adding preferred activity ComponentInfo{com.google.android.talk/com.google.android.apps.hangouts.phone.BabelHomeActivity} for user 0 :
12-25 13:32:44.774    1113-1115/? D/dalvikvm﹕ GC_CONCURRENT freed 389K, 11% free 19104K/21324K, paused 8ms+29ms, total 60ms
12-25 13:32:44.784     816-1145/? I/PackageManager﹕ Action: "android.intent.action.SENDTO"
12-25 13:32:44.784     816-1145/? I/PackageManager﹕ Category: "android.intent.category.DEFAULT"
12-25 13:32:44.784     816-1145/? I/PackageManager﹕ Scheme: "smsto"
12-25 13:32:44.784     816-1145/? I/PackageManager﹕ Adding preferred activity ComponentInfo{com.google.android.talk/com.google.android.apps.hangouts.phone.BabelHomeActivity} for user 0 :
12-25 13:32:44.804     816-1555/? I/PackageManager﹕ Action: "android.intent.action.SENDTO"
12-25 13:32:44.804     816-1555/? I/PackageManager﹕ Category: "android.intent.category.DEFAULT"
12-25 13:32:44.804     816-1555/? I/PackageManager﹕ Scheme: "mms"
12-25 13:32:44.804     816-1555/? I/PackageManager﹕ Adding preferred activity ComponentInfo{com.google.android.talk/com.google.android.apps.hangouts.phone.BabelHomeActivity} for user 0 :
12-25 13:32:44.814    1158-1158/? I/Launcher﹕ Deferring update until onResume
12-25 13:32:44.834     816-1528/? I/PackageManager﹕ Action: "android.intent.action.SENDTO"
12-25 13:32:44.834     816-1528/? I/PackageManager﹕ Category: "android.intent.category.DEFAULT"
12-25 13:32:44.834     816-1528/? I/PackageManager﹕ Scheme: "mmsto"
12-25 13:32:44.834     816-1528/? I/PackageManager﹕ Adding preferred activity ComponentInfo{com.google.android.talk/com.google.android.apps.hangouts.phone.BabelHomeActivity} for user 0 :
12-25 13:32:44.864      816-827/? I/PackageManager﹕ Action: "android.intent.action.SENDTO"
12-25 13:32:44.864      816-827/? I/PackageManager﹕ Category: "android.intent.category.DEFAULT"
12-25 13:32:44.864      816-827/? I/PackageManager﹕ Scheme: "sms"
12-25 13:32:44.864      816-827/? I/PackageManager﹕ Adding preferred activity ComponentInfo{com.google.android.talk/com.google.android.apps.hangouts.phone.BabelHomeActivity} for user 0 :
12-25 13:32:44.874    1158-1158/? I/Launcher﹕ Deferring update until onResume
12-25 13:32:44.894     816-1163/? I/PackageManager﹕ Action: "android.intent.action.SENDTO"
12-25 13:32:44.894     816-1163/? I/PackageManager﹕ Category: "android.intent.category.DEFAULT"
12-25 13:32:44.894     816-1163/? I/PackageManager﹕ Scheme: "smsto"
12-25 13:32:44.894     816-1163/? I/PackageManager﹕ Adding preferred activity ComponentInfo{com.google.android.talk/com.google.android.apps.hangouts.phone.BabelHomeActivity} for user 0 :
12-25 13:32:44.914     816-1164/? I/PackageManager﹕ Action: "android.intent.action.SENDTO"
12-25 13:32:44.914     816-1164/? I/PackageManager﹕ Category: "android.intent.category.DEFAULT"
