12-25 13:27:52.192     816-1541/? I/ActivityManager﹕ Delay finish: com.google.android.googlequicksearchbox/com.google.android.search.core.summons.icing.InternalIcingCorporaProvider$CorporaChangedReceiver
12-25 13:27:52.672     816-1144/? I/ActivityManager﹕ Resuming delayed broadcast
12-25 13:27:52.712     816-2231/? I/ActivityManager﹕ Start proc de.robv.android.xposed.installer for broadcast de.robv.android.xposed.installer/.PackageChangeReceiver: pid=7848 uid=10179 gids={50179, 1028, 1015, 3003}
12-25 13:27:52.762     816-1569/? I/ActivityManager﹕ Killing 7024:air.WatchESPN/u0a185 (adj 15): empty #17
12-25 13:27:52.842     816-1541/? I/ActivityManager﹕ Start proc com.metago.astro for broadcast com.metago.astro/com.kii.cloud.collector.Receiver: pid=7866 uid=10161 gids={50161, 3003, 1028, 1015}
12-25 13:27:52.942     816-1145/? I/ActivityManager﹕ Killing 7106:com.expenseit/u0a247 (adj 15): empty #17
12-25 13:27:52.992     816-1144/? I/ActivityManager﹕ Killing 7128:com.fidelity.android/u0a121 (adj 15): empty #17
12-25 13:28:00.752     816-7675/? I/ActivityManager﹕ Killing 7180:com.google.android.youtube/u0a73 (adj 15): empty #17
12-25 13:28:00.762     816-1144/? W/ActivityManager﹕ Scheduling restart of crashed service com.google.android.youtube/.app.remote.YouTubeTvRouteProviderService in 1000ms
12-25 13:28:00.762     816-1144/? A/ActivityManager﹕ Service ServiceRecord{441ecdb0 u0 com.google.android.youtube/com.google.android.apps.youtube.app.offline.transfer.OfflineTransferService} in process ProcessRecord{4321fee8 7180:com.google.android.youtube/u0a73} not same as in map: null
12-25 13:28:01.862      816-842/? I/ActivityManager﹕ Start proc com.google.android.youtube for service com.google.android.youtube/.app.remote.YouTubeTvRouteProviderService: pid=7938 uid=10073 gids={50073, 3003, 1028, 1015}
12-25 13:28:02.312      816-853/? W/IntentResolver﹕ resolveIntent: multiple matches, only some with CATEGORY_DEFAULT
12-25 13:28:04.792     816-1144/? I/ActivityManager﹕ Killing 7148:com.HBO/u0a60 (adj 15): empty #17
12-25 13:28:50.912      816-842/? W/ProcessCpuTracker﹕ Skipping unknown process pid 8152
12-25 13:28:50.912      816-842/? W/ProcessCpuTracker﹕ Skipping unknown process pid 8156
12-25 13:28:51.372      816-853/? I/ActivityManager﹕ Killing 7167:ru.org.amip.ClockSync/u0a119 (adj 15): empty #17
12-25 13:29:15.384      816-866/? I/PowerManagerService﹕ Waking up from sleep...
12-25 13:29:15.484     816-1145/? I/ActivityManager﹕ Process com.google.android.tts (pid 7586) has died.
12-25 13:29:15.484     816-1145/? W/ActivityManager﹕ Scheduling restart of crashed service com.google.android.tts/.service.GoogleTTSService in 115888ms
12-25 13:29:15.514     816-1038/? I/WindowManager﹕ Lock screen displayed!
12-25 13:29:15.524      816-860/? D/DisplayPowerController﹕ Unblocked screen on after 584140802 ms
12-25 13:29:15.714     816-1541/? I/ActivityManager﹕ Process com.google.android.gms.unstable (pid 7562) has died.
12-25 13:29:15.854     816-1038/? I/ActivityManager﹕ Start proc com.android.providers.calendar for content provider com.android.providers.calendar/.CalendarProvider2: pid=8298 uid=10001 gids={50001, 3003, 1028, 1015}
12-25 13:29:16.854     816-1186/? A/ProcessStats﹕ Starting service ServiceState{43a44508 com.google.android.tts.service.GoogleTTSService pkg=com.google.android.tts proc=43a44508} without owner
12-25 13:29:16.944      816-842/? I/ActivityManager﹕ Start proc eu.chainfire.supersu for broadcast eu.chainfire.supersu/.UserPresentReceiver: pid=8326 uid=10079 gids={50079}
12-25 13:29:17.124     816-1164/? I/ActivityManager﹕ Start proc com.google.android.calendar for broadcast com.google.android.calendar/com.android.calendar.alerts.AlertReceiver: pid=8351 uid=10029 gids={50029, 3003, 1028, 1015}
12-25 13:29:17.394      816-853/? I/ActivityManager﹕ Start proc com.teslamotors.tesla for broadcast com.teslamotors.tesla/.CalendarReceiver: pid=8375 uid=10252 gids={50252, 3003, 1028, 1015, 3002}
12-25 13:29:22.944     816-1186/? I/ActivityManager﹕ Killing 7203:com.google.zagat/u0a88 (adj 15): empty #17
12-25 13:29:23.394      816-853/? I/ActivityManager﹕ Killing 7224:com.concur.breeze/u0a164 (adj 15): empty #17
12-25 13:29:23.404     816-1145/? A/ActivityManager﹕ Service ServiceRecord{448a9b20 u0 com.concur.breeze/com.concur.mobile.core.service.ConcurService} in process ProcessRecord{438bef20 7224:com.concur.breeze/u0a164} not same as in map: null
12-25 13:29:48.514      816-865/? I/ActivityManager﹕ START u0 {act=android.intent.action.MAIN cat=[android.intent.category.HOME] flg=0x10200000 cmp=com.google.android.googlequicksearchbox/com.google.android.launcher.GEL} from pid 816
12-25 13:29:48.914     816-7675/? I/ActivityManager﹕ Process com.amazon.mShop.android (pid 6520) has died.
12-25 13:29:50.064     816-1144/? I/ActivityManager﹕ START u0 {act=android.intent.action.MAIN cat=[android.intent.category.LAUNCHER] flg=0x10200000 cmp=com.facebook.katana/.LoginActivity bnds=[798,1043][1032,1305] (has extras)} from pid 1158
12-25 13:30:01.054      816-842/? I/ActivityManager﹕ Start proc com.google.android.deskclock for broadcast com.google.android.deskclock/com.android.alarmclock.DigitalAppWidgetProvider: pid=8765 uid=10035 gids={50035, 1028}
12-25 13:30:12.354      816-827/? I/ActivityManager﹕ START u0 {act=com.facebook.intent.action.prod.VIEW_PERMALINK_IMMERSIVE cmp=com.facebook.katana/.activity.ImmersiveActivity (has extras)} from pid 21228
12-25 13:30:32.434     816-1024/? I/ActivityManager﹕ Process com.google.android.youtube (pid 7938) has died.
12-25 13:30:32.434     816-1024/? A/ActivityManager﹕ Service ServiceRecord{45126d48 u0 com.google.android.youtube/com.google.android.apps.youtube.app.offline.transfer.OfflineTransferService} in process ProcessRecord{43969cd0 7938:com.google.android.youtube/u0a73} not same as in map: null
12-25 13:30:50.524      816-879/? D/ConnectivityService﹕ Sampling interval elapsed, updating statistics ..
12-25 13:30:50.544      816-879/? D/ConnectivityService﹕ Done.
12-25 13:30:50.544      816-879/? D/ConnectivityService﹕ Setting timer for 720seconds
12-25 13:30:53.434      816-853/? I/ActivityManager﹕ Process com.google.android.apps.plus (pid 7784) has died.
12-25 13:30:53.524     816-1145/? I/ActivityManager﹕ Process com.trello (pid 7335) has died.
12-25 13:30:53.814      816-842/? W/ProcessCpuTracker﹕ Skipping unknown process pid 8997
12-25 13:30:53.814      816-842/? W/ProcessCpuTracker﹕ Skipping unknown process pid 8998
12-25 13:30:53.814      816-842/? W/ProcessCpuTracker﹕ Skipping unknown process pid 9000
12-25 13:30:53.814      816-842/? W/ProcessCpuTracker﹕ Skipping unknown process pid 9004
12-25 13:30:53.814      816-842/? W/ProcessCpuTracker﹕ Skipping unknown process pid 9006
12-25 13:31:00.854     816-2231/? I/ActivityManager﹕ Process com.nytimes.android (pid 6987) has died.
12-25 13:31:00.884     816-1024/? I/ActivityManager﹕ Process com.android.vending (pid 7746) has died.
12-25 13:31:01.204     816-1541/? I/ActivityManager﹕ Process android.process.media (pid 7805) has died.
12-25 13:31:08.254     816-7675/? I/ActivityManager﹕ Process com.devhd.feedly (pid 7382) has died.
12-25 13:31:11.454      816-842/? I/ActivityManager﹕ Start proc com.google.android.tts for service com.google.android.tts/.service.GoogleTTSService: pid=9058 uid=10049 gids={50049, 3003, 1028, 1015}
12-25 13:31:11.644     816-1164/? I/ActivityManager﹕ Process com.metago.astro (pid 7866) has died.
12-25 13:31:14.314      816-826/? I/ActivityManager﹕ Process org.dwallach.calwatch (pid 18635) has died.
12-25 13:31:14.314      816-826/? W/ActivityManager﹕ Scheduling restart of crashed service org.dwallach.calwatch/.WatchCalendarService in 1000ms
12-25 13:31:14.344     816-1541/? I/ActivityManager﹕ Process eu.chainfire.supersu (pid 8326) has died.
12-25 13:31:14.344     816-1541/? A/ProcessStats﹕ Starting service ServiceState{446ff120 org.dwallach.calwatch.WatchCalendarService pkg=org.dwallach.calwatch proc=446ff120} without owner
12-25 13:31:14.464     816-1528/? I/ActivityManager﹕ Process de.robv.android.xposed.installer (pid 7848) has died.
12-25 13:31:14.564     816-1024/? I/ActivityManager﹕ Process com.google.android.partnersetup (pid 7630) has died.
12-25 13:31:14.644     816-1555/? I/ActivityManager﹕ Process com.qualcomm.qcrilmsgtunnel (pid 18956) has died.
12-25 13:31:14.644     816-1555/? W/ActivityManager﹕ Scheduling restart of crashed service com.qualcomm.qcrilmsgtunnel/.QcrilMsgTunnelService in 10670ms
12-25 13:31:15.344      816-842/? I/ActivityManager﹕ Start proc org.dwallach.calwatch for service org.dwallach.calwatch/.WatchCalendarService: pid=9115 uid=10251 gids={50251, 1028, 1015}
12-25 13:31:15.724      816-849/? I/BootReceiver﹕ Copying /data/tombstones/tombstone_03 to DropBox (SYSTEM_TOMBSTONE)
12-25 13:31:15.764     816-1186/? I/ActivityManager﹕ Process org.dwallach.calwatch (pid 9115) has died.
12-25 13:31:15.764     816-1186/? W/ActivityManager﹕ Scheduling restart of crashed service org.dwallach.calwatch/.WatchCalendarService in 19547ms
12-25 13:31:24.364      816-826/? W/InputMethodManagerService﹕ Window already focused, ignoring focus gain of: com.android.internal.view.IInputMethodClient$Stub$Proxy@42f786d0 attribute=null, token = android.os.BinderProxy@43d9c6c8
12-25 13:31:25.354      816-842/? I/ActivityManager﹕ Start proc com.qualcomm.qcrilmsgtunnel for service com.qualcomm.qcrilmsgtunnel/.QcrilMsgTunnelService: pid=9143 uid=1001 gids={41001, 3002, 3001, 3003, 2001, 1028, 1015}
12-25 13:31:33.794      816-842/? I/ActivityManager﹕ Start proc com.google.android.apps.fitness for broadcast com.google.android.apps.fitness/.wearable.WearableSyncReceiver: pid=9162 uid=10241 gids={50241, 3003, 1028, 1015, 3002, 3001}
12-25 13:31:35.354      816-842/? I/ActivityManager﹕ Start proc org.dwallach.calwatch for service org.dwallach.calwatch/.WatchCalendarService: pid=9186 uid=10251 gids={50251, 1028, 1015}
12-25 13:31:50.504      816-866/? I/PowerManagerService﹕ Going to sleep by user request...
12-25 13:31:50.654      816-861/? I/ActivityManager﹕ Start proc com.amazon.mShop.android for service com.amazon.mShop.android/com.amazon.avod.syncservice.MShopSyncServiceProxy: pid=9242 uid=10143 gids={50143, 3003, 1028, 1015}
12-25 13:31:50.654     816-1555/? I/ActivityManager﹕ Process com.teslamotors.tesla (pid 8375) has died.
12-25 13:31:51.154    9242-9286/? E/ActivityThread﹕ Failed to find provider info for com.amazon.dcp.settings
12-25 13:31:51.424      816-846/? I/ActivityManager﹕ Config changes=480 {1.0 310mcc260mnc en_US ldltr sw360dp w598dp h335dp 480dpi nrml land finger -keyb/v/h -nav/h s.132}
12-25 13:31:51.954     816-1164/? I/ActivityManager﹕ Process com.google.android.calendar (pid 8351) has died.
12-25 13:31:52.474     816-1569/? I/ActivityManager﹕ Process com.android.providers.calendar (pid 8298) has died.
12-25 13:31:52.544     816-1038/? I/ActivityManager﹕ Process com.google.android.tts (pid 9058) has died.
12-25 13:31:52.544     816-1038/? W/ActivityManager﹕ Scheduling restart of crashed service com.google.android.tts/.service.GoogleTTSService in 463552ms
12-25 13:31:52.644     816-1024/? I/ActivityManager﹕ Process com.google.android.deskclock (pid 8765) has died.
12-25 13:31:52.644     816-1024/? A/ProcessStats﹕ Starting service ServiceState{43a44508 com.google.android.tts.service.GoogleTTSService pkg=com.google.android.tts proc=43a44508} without owner
12-25 13:31:52.674      816-841/? I/WindowManager﹕ Screen frozen for +1s708ms due to Window{43769f30 u0 com.android.systemui.ImageWallpaper}
12-25 13:31:52.884     816-1086/? D/ConnectivityService﹕ startUsingNetworkFeature reconnecting to 0: enableSUPL
12-25 13:31:52.884     816-1086/? D/ConnectivityService﹕ startUsingNetworkFeature X: return APN_REQUEST_STARTED
12-25 13:31:52.904      816-816/? D/MobileDataStateTracker﹕ supl: Broadcast received: android.intent.action.ANY_DATA_STATE apnType=supl
12-25 13:31:52.904      816-816/? D/MobileDataStateTracker﹕ supl: Received state=CONNECTING, old=DISCONNECTED, reason=dataEnabled
12-25 13:31:52.904      816-816/? D/MobileDataStateTracker﹕ supl: setDetailed state, old =IDLE and new state=CONNECTING
12-25 13:31:52.904      816-816/? D/MobileDataStateTracker﹕ fota: Broadcast received: android.intent.action.ANY_DATA_STATE apnType=fota
12-25 13:31:52.904      816-816/? D/MobileDataStateTracker﹕ fota: Received state=DISCONNECTED, old=DISCONNECTED, reason=dataEnabled
12-25 13:31:52.904      816-816/? D/MobileDataStateTracker﹕ dun: Broadcast received: android.intent.action.ANY_DATA_STATE apnType=dun
12-25 13:31:52.914      816-816/? D/MobileDataStateTracker﹕ dun: Received state=DISCONNECTED, old=DISCONNECTED, reason=dataEnabled
12-25 13:31:52.914      816-816/? D/MobileDataStateTracker﹕ ia: Broadcast received: android.intent.action.ANY_DATA_STATE apnType=ia
12-25 13:31:52.914      816-816/? D/MobileDataStateTracker﹕ ia: Received state=DISCONNECTED, old=DISCONNECTED, reason=dataEnabled
12-25 13:31:52.914      816-816/? D/MobileDataStateTracker﹕ hipri: Broadcast received: android.intent.action.ANY_DATA_STATE apnType=hipri
12-25 13:31:52.914      816-816/? D/MobileDataStateTracker﹕ hipri: Received state=DISCONNECTED, old=DISCONNECTED, reason=dataEnabled
12-25 13:31:52.914      816-816/? D/MobileDataStateTracker﹕ ims: Broadcast received: android.intent.action.ANY_DATA_STATE apnType=ims
12-25 13:31:52.914      816-816/? D/MobileDataStateTracker﹕ ims: Received state=DISCONNECTED, old=DISCONNECTED, reason=dataEnabled
12-25 13:31:52.924      816-816/? D/MobileDataStateTracker﹕ default: Broadcast received: android.intent.action.ANY_DATA_STATE apnType=default
12-25 13:31:52.924      816-816/? D/MobileDataStateTracker﹕ default: Received state=DISCONNECTED, old=DISCONNECTED, reason=dataEnabled
12-25 13:31:52.924      816-816/? D/MobileDataStateTracker﹕ mms: Broadcast received: android.intent.action.ANY_DATA_STATE apnType=mms
12-25 13:31:52.924      816-816/? D/MobileDataStateTracker﹕ mms: Received state=DISCONNECTED, old=DISCONNECTED, reason=dataEnabled
12-25 13:31:52.924      816-816/? D/MobileDataStateTracker﹕ cbs: Broadcast received: android.intent.action.ANY_DATA_STATE apnType=cbs
12-25 13:31:52.924      816-816/? D/MobileDataStateTracker﹕ cbs: Received state=DISCONNECTED, old=DISCONNECTED, reason=dataEnabled
12-25 13:31:53.154      816-841/? I/ActivityManager﹕ Config changes=480 {1.0 310mcc260mnc en_US ldltr sw360dp w360dp h567dp 480dpi nrml port finger -keyb/v/h -nav/h s.133}
12-25 13:31:53.664      816-853/? A/ProcessStats﹕ Starting service ServiceState{43a44508 com.google.android.tts.service.GoogleTTSService pkg=com.google.android.tts proc=43a44508} without owner
12-25 13:31:54.954      816-816/? D/MobileDataStateTracker﹕ supl: Broadcast received: android.intent.action.ANY_DATA_STATE apnType=supl
12-25 13:31:54.954      816-816/? D/MobileDataStateTracker﹕ supl: Received state=CONNECTING, old=CONNECTING, reason=(unspecified)
12-25 13:31:58.004      816-816/? D/MobileDataStateTracker﹕ supl: Broadcast received: android.intent.action.ANY_DATA_STATE apnType=supl
12-25 13:31:58.004      816-816/? D/MobileDataStateTracker﹕ supl: Received state=CONNECTED, old=CONNECTING, reason=connected
12-25 13:31:58.004      816-816/? D/MobileDataStateTracker﹕ supl: setDetailed state, old =CONNECTING and new state=CONNECTED
12-25 13:31:58.004      816-879/? D/ConnectivityService﹕ ConnectivityChange for mobile_supl: CONNECTED/CONNECTED
12-25 13:31:58.034      816-879/? E/ConnectivityService﹕ Exception trying to remove a route: java.lang.IllegalStateException: command '11802 interface route remove rmnet0 default :: 0 2607:fb90:86a:ff1b:58aa:e404:11b6:7ef6' failed with '400 11802 Failed to remove route from default table (No such process)'
12-25 13:31:58.034      816-879/? D/Nat464Xlat﹕ requiresClat: netType=3, hasIPv4Address=false
12-25 13:31:58.044      816-879/? D/MobileDataStateTracker﹕ default: setPolicyDataEnable(enabled=true)
12-25 13:31:58.154      816-879/? D/MobileDataStateTracker﹕ default: setPolicyDataEnable(enabled=true)
12-25 13:32:01.274     816-2231/? I/ActivityManager﹕ Start proc android.process.media for broadcast com.android.providers.downloads/.DownloadReceiver: pid=9516 uid=10005 gids={50005, 1028, 1015, 1023, 1024, 2001, 3003, 3007}
12-25 13:32:01.294     816-1086/? D/ConnectivityService﹕ stopUsingNetworkFeature: teardown net 0: enableSUPL
12-25 13:32:01.444     816-7675/? I/ActivityManager﹕ Start proc com.google.android.setupwizard for broadcast com.google.android.setupwizard/.MobileConnectivityChangeReceiver: pid=9541 uid=10017 gids={50017, 3003}
12-25 13:32:01.604     816-1024/? I/ActivityManager﹕ Start proc com.android.chrome for broadcast com.android.chrome/com.google.android.apps.chrome.precache.PrecacheServiceLauncher: pid=9558 uid=10032 gids={50032, 3003, 1028, 1015}
12-25 13:32:01.764     816-1024/? I/ActivityManager﹕ Start proc com.google.android.gms.unstable for service com.google.android.gms/.droidguard.DroidGuardService: pid=9572 uid=10007 gids={50007, 2001, 3003, 1007, 3006, 3007, 3002, 3001, 1028, 1015}
12-25 13:32:01.814     816-1555/? I/ActivityManager﹕ Start proc com.google.android.apps.plus for broadcast com.google.android.apps.plus/.service.ConnectivityReceiver: pid=9585 uid=10066 gids={50066, 3003, 3002, 1028, 1015}
12-25 13:32:01.814     816-1555/? A/ProcessStats﹕ Starting service ServiceState{43a44508 com.google.android.tts.service.GoogleTTSService pkg=com.google.android.tts proc=43a44508} without owner
12-25 13:32:02.014      816-879/? D/ConnectivityService﹕ handleInetConditionHoldEnd: net=1, condition=100, published condition=100
12-25 13:32:02.484     816-1164/? I/ActivityManager﹕ Start proc air.WatchESPN for broadcast air.WatchESPN/com.espn.watchespn.NetworkChangedListener: pid=9625 uid=10185 gids={50185, 3003, 1028, 1015}
12-25 13:32:02.484      816-816/? D/MobileDataStateTracker﹕ supl: Broadcast received: android.intent.action.ANY_DATA_STATE apnType=supl
12-25 13:32:02.494      816-816/? D/MobileDataStateTracker﹕ supl: Received state=DISCONNECTED, old=CONNECTED, reason=dataDisabled
12-25 13:32:02.494      816-816/? D/MobileDataStateTracker﹕ supl: setDetailed state, old =CONNECTED and new state=DISCONNECTED
12-25 13:32:02.494      816-879/? D/ConnectivityService﹕ ConnectivityChange for mobile_supl: DISCONNECTED/DISCONNECTED
12-25 13:32:02.514      178-591/? W/FrameworkListener﹕ Handler 'interface' error (No such device)
12-25 13:32:02.514      178-591/? W/FrameworkListener﹕ Handler 'interface' error (No such device)
12-25 13:32:02.524      816-879/? D/ConnectivityService﹕ resetConnections(rmnet0, 3)
12-25 13:32:02.594      816-879/? D/Nat464Xlat﹕ requiresClat: netType=3, hasIPv4Address=false
12-25 13:32:02.604      816-879/? D/MobileDataStateTracker﹕ default: setPolicyDataEnable(enabled=true)
12-25 13:32:02.664      816-879/? D/MobileDataStateTracker﹕ default: setPolicyDataEnable(enabled=true)
12-25 13:32:02.694      816-879/? D/MobileDataStateTracker﹕ default: setPolicyDataEnable(enabled=true)
12-25 13:32:02.694      816-879/? D/MobileDataStateTracker﹕ default: setPolicyDataEnable(enabled=true)
12-25 13:32:03.064      816-853/? I/ActivityManager﹕ Start proc com.expenseit for broadcast com.expenseit/.receivers.ConnectivityReceiver: pid=9678 uid=10247 gids={50247, 3003, 1028, 1015}
12-25 13:32:03.364     816-1144/? I/ActivityManager﹕ Process com.google.android.googlequicksearchbox:search (pid 7615) has died.
12-25 13:32:03.764     816-1164/? I/ActivityManager﹕ Start proc com.fidelity.android for broadcast com.fidelity.android/.util.network.NetworkStateReceiver: pid=9699 uid=10121 gids={50121, 3003, 1028, 1015}
12-25 13:32:03.924     816-1186/? I/ActivityManager﹕ Start proc com.HBO for broadcast com.HBO/com.hbo.utils.ConnectivityReceiver: pid=9714 uid=10060 gids={50060, 1028, 1015, 3003}
12-25 13:32:04.024     816-1024/? I/ActivityManager﹕ Process com.google.android.apps.fitness (pid 9162) has died.
12-25 13:32:04.444     816-7675/? I/ActivityManager﹕ Start proc ru.org.amip.ClockSync for broadcast ru.org.amip.ClockSync/.ConnectivityReceiver: pid=9733 uid=10119 gids={50119, 3003}
12-25 13:32:04.444     816-1163/? W/ActivityManager﹕ Permission Denial: Accessing service ComponentInfo{com.google.android.music/com.google.android.music.dial.DialMediaRouteProviderService} from pid=9714, uid=10060 that is not exported from uid 10061
12-25 13:32:04.484      816-853/? I/ActivityManager﹕ Start proc com.google.android.youtube for service com.google.android.youtube/.app.remote.YouTubeTvRouteProviderService: pid=9745 uid=10073 gids={50073, 3003, 1028, 1015}
12-25 13:32:04.494     816-1569/? I/ActivityManager﹕ Process com.google.android.setupwizard (pid 9541) has died.
12-25 13:32:04.604     816-1541/? I/ActivityManager﹕ Start proc com.google.zagat for broadcast com.google.zagat/com.google.android.apps.zagat.receivers.ConnectionReceiver: pid=9767 uid=10088 gids={50088, 3003, 1028, 1015}
12-25 13:32:04.704     816-1186/? I/ActivityManager﹕ Process com.android.chrome (pid 9558) has died.
12-25 13:32:04.754      816-853/? I/ActivityManager﹕ Start proc com.concur.breeze for broadcast com.concur.breeze/com.apptentive.android.sdk.comm.NetworkStateReceiver: pid=9789 uid=10164 gids={50164, 3003, 1028, 1015}
12-25 13:32:04.824      816-853/? I/ActivityManager﹕ Process air.WatchESPN (pid 9625) has died.
12-25 13:32:04.934     816-1186/? I/ActivityManager﹕ Process android.process.media (pid 9516) has died.
12-25 13:32:05.094     816-1186/? W/IntentResolver﹕ resolveIntent: multiple matches, only some with CATEGORY_DEFAULT
12-25 13:32:06.084     816-1145/? I/ActivityManager﹕ Start proc com.trello for broadcast com.trello/.common.ConnectivityBroadcastReceiver: pid=9911 uid=10181 gids={50181, 3003, 1028, 1015}
12-25 13:32:06.114     816-1186/? I/ActivityManager﹕ Process com.expenseit (pid 9678) has died.
12-25 13:32:06.154     816-1024/? I/ActivityManager﹕ Process com.amazon.mShop.android (pid 9242) has died.
12-25 13:32:06.524     816-1163/? I/ActivityManager﹕ Start proc com.nytimes.android for broadcast com.nytimes.android/.receiver.NetworkBroadcastReceiver: pid=9957 uid=10127 gids={50127, 3003, 1028, 1015}
12-25 13:32:06.844     816-2231/? I/ActivityManager﹕ Start proc com.devhd.feedly for broadcast com.devhd.feedly/.widget.FeedlyWidgetProvider: pid=9998 uid=10140 gids={50140, 3003, 1028, 1015}
12-25 13:32:07.044      816-827/? A/ProcessStats﹕ Starting service ServiceState{43a44508 com.google.android.tts.service.GoogleTTSService pkg=com.google.android.tts proc=43a44508} without owner
12-25 13:32:07.064     816-1541/? I/ActivityManager﹕ Delay finish: com.google.android.gms/.init.InitializeGmsReceiver
12-25 13:32:07.064      816-826/? I/ActivityManager﹕ Resuming delayed broadcast
12-25 13:32:07.134     816-1163/? I/ActivityManager﹕ Start proc android.process.media for broadcast com.android.providers.downloads/.DownloadReceiver: pid=10021 uid=10005 gids={50005, 1028, 1015, 1023, 1024, 2001, 3003, 3007}
12-25 13:32:07.314      816-826/? I/ActivityManager﹕ Start proc com.google.android.setupwizard for broadcast com.google.android.setupwizard/.MobileConnectivityChangeReceiver: pid=10048 uid=10017 gids={50017, 3003}
12-25 13:32:07.324     816-1145/? I/ActivityManager﹕ Process com.HBO (pid 9714) has died.
12-25 13:32:07.324     816-1145/? A/ProcessStats﹕ Starting service ServiceState{43a44508 com.google.android.tts.service.GoogleTTSService pkg=com.google.android.tts proc=43a44508} without owner
12-25 13:32:07.374     816-1145/? A/ProcessStats﹕ Starting service ServiceState{43a44508 com.google.android.tts.service.GoogleTTSService pkg=com.google.android.tts proc=43a44508} without owner
12-25 13:32:07.444     816-2231/? I/ActivityManager﹕ Start proc com.android.chrome for broadcast com.android.chrome/com.google.android.apps.chrome.precache.PrecacheServiceLauncher: pid=10071 uid=10032 gids={50032, 3003, 1028, 1015}
12-25 13:32:07.584     816-1186/? I/ActivityManager﹕ Start proc air.WatchESPN for broadcast air.WatchESPN/com.espn.watchespn.NetworkChangedListener: pid=10087 uid=10185 gids={50185, 3003, 1028, 1015}
12-25 13:32:07.894      816-879/? D/ConnectivityService﹕ handleInetConditionHoldEnd: net=1, condition=100, published condition=100
12-25 13:32:07.914     816-1186/? I/ActivityManager﹕ Start proc com.expenseit for broadcast com.expenseit/.receivers.ConnectivityReceiver: pid=10114 uid=10247 gids={50247, 3003, 1028, 1015}
12-25 13:32:08.054     816-1024/? I/ActivityManager﹕ Process com.google.android.youtube (pid 9745) has died.
12-25 13:32:08.054     816-1024/? A/ActivityManager﹕ Service ServiceRecord{45692a68 u0 com.google.android.youtube/com.google.android.apps.youtube.app.offline.transfer.OfflineTransferService} in process ProcessRecord{446f6c20 9745:com.google.android.youtube/u0a73} not same as in map: null
12-25 13:32:08.584     816-1569/? I/ActivityManager﹕ Start proc com.amazon.mShop.android for broadcast com.amazon.mShop.android/com.amazon.clouddrive.library.device.receivers.ConnectivityReceiverProxy: pid=10138 uid=10143 gids={50143, 3003, 1028, 1015}
12-25 13:32:08.794  10138-10187/? E/ActivityThread﹕ Failed to find provider info for com.amazon.dcp.settings
12-25 13:32:08.804     816-1186/? I/ActivityManager﹕ Process com.trello (pid 9911) has died.
12-25 13:32:08.924     816-1555/? I/ActivityManager﹕ Process com.nytimes.android (pid 9957) has died.
12-25 13:32:10.124     816-1528/? I/ActivityManager﹕ Start proc com.HBO for broadcast com.HBO/com.hbo.utils.ConnectivityReceiver: pid=10258 uid=10060 gids={50060, 1028, 1015, 3003}
12-25 13:32:10.374      816-826/? I/ActivityManager﹕ Process com.concur.breeze (pid 9789) has died.
12-25 13:32:10.374      816-826/? A/ActivityManager﹕ Service ServiceRecord{45659150 u0 com.concur.breeze/com.concur.mobile.core.service.ConcurService} in process ProcessRecord{4404b9a8 9789:com.concur.breeze/u0a164} not same as in map: null
12-25 13:32:10.504     816-7675/? I/ActivityManager﹕ Start proc com.concur.breeze for broadcast com.concur.breeze/com.apptentive.android.sdk.comm.NetworkStateReceiver: pid=10300 uid=10164 gids={50164, 3003, 1028, 1015}
12-25 13:32:10.504     816-1163/? W/ActivityManager﹕ Permission Denial: Accessing service ComponentInfo{com.google.android.music/com.google.android.music.dial.DialMediaRouteProviderService} from pid=10258, uid=10060 that is not exported from uid 10061
12-25 13:32:10.554      816-826/? I/ActivityManager﹕ Start proc com.google.android.youtube for service com.google.android.youtube/.app.remote.YouTubeTvRouteProviderService: pid=10314 uid=10073 gids={50073, 3003, 1028, 1015}
12-25 13:32:10.674     816-1163/? I/ActivityManager﹕ Process com.google.android.apps.plus (pid 9585) has died.
    --------- beginning of /dev/log/main
12-25 13:32:10.724  10314-10328/? D/dalvikvm﹕ Added shared lib /data/app-lib/com.google.android.gms-2/libgmscore.so 0x42ddff38
12-25 13:32:10.724  10314-10328/? D/dalvikvm﹕ No JNI_OnLoad found in /data/app-lib/com.google.android.gms-2/libgmscore.so 0x42ddff38, skipping init
12-25 13:32:10.734  10314-10328/? D/dalvikvm﹕ Trying to load lib /data/app-lib/com.google.android.gms-2/libconscrypt_gmscore_jni.so 0x42ddff38
12-25 13:32:10.734  10314-10328/? D/dalvikvm﹕ Added shared lib /data/app-lib/com.google.android.gms-2/libconscrypt_gmscore_jni.so 0x42ddff38
12-25 13:32:10.734  10314-10328/? V/JNIHelp﹕ Registering com/google/android/gms/org/conscrypt/NativeCrypto's 235 native methods...
12-25 13:32:10.734  10138-10142/? D/dalvikvm﹕ GC_CONCURRENT freed 819K, 11% free 20304K/22780K, paused 2ms+2ms, total 22ms
12-25 13:32:10.734  10138-10233/? D/dalvikvm﹕ WAIT_FOR_CONCURRENT_GC blocked 14ms
12-25 13:32:10.734  25312-25315/? D/dalvikvm﹕ GC_CONCURRENT freed 1550K, 22% free 22204K/28332K, paused 4ms+2ms, total 36ms
12-25 13:32:10.734  25312-25312/? D/dalvikvm﹕ WAIT_FOR_CONCURRENT_GC blocked 20ms
12-25 13:32:10.744  25312-10326/? D/dalvikvm﹕ WAIT_FOR_CONCURRENT_GC blocked 18ms
12-25 13:32:10.764  10138-10233/? D/dalvikvm﹕ GC_FOR_ALLOC freed 374K, 11% free 20312K/22780K, paused 18ms, total 18ms
12-25 13:32:10.764  10138-10233/? I/dalvikvm-heap﹕ Grow heap (frag case) to 21.943MB for 524304-byte allocation
12-25 13:32:10.774  10314-10318/? D/dalvikvm﹕ GC_CONCURRENT freed 371K, 11% free 18073K/20092K, paused 2ms+18ms, total 31ms
12-25 13:32:10.774  10314-10328/? D/dalvikvm﹕ WAIT_FOR_CONCURRENT_GC blocked 5ms
12-25 13:32:10.784  10314-10328/? D/dalvikvm﹕ Trying to load lib /data/app-lib/com.google.android.gms-2/libgmscore.so 0x42ddff38
12-25 13:32:10.784  10314-10328/? D/dalvikvm﹕ Shared lib '/data/app-lib/com.google.android.gms-2/libgmscore.so' already loaded in same CL 0x42ddff38
12-25 13:32:10.784  10138-10147/? D/dalvikvm﹕ GC_FOR_ALLOC freed 0K, 11% free 20824K/23296K, paused 20ms, total 20ms
12-25 13:32:10.794  10314-10328/? D/dalvikvm﹕ Trying to load lib /data/app-lib/com.google.android.gms-2/libconscrypt_gmscore_jni.so 0x42ddff38
12-25 13:32:10.794  10314-10328/? D/dalvikvm﹕ Shared lib '/data/app-lib/com.google.android.gms-2/libconscrypt_gmscore_jni.so' already loaded in same CL 0x42ddff38
12-25 13:32:10.804  10138-10233/? D/dalvikvm﹕ GC_FOR_ALLOC freed <1K, 11% free 20824K/23296K, paused 20ms, total 20ms
12-25 13:32:10.804  10138-10233/? I/dalvikvm-heap﹕ Grow heap (frag case) to 22.443MB for 524304-byte allocation
12-25 13:32:10.824  10138-10147/? D/dalvikvm﹕ GC_FOR_ALLOC freed 0K, 11% free 21336K/23812K, paused 21ms, total 21ms
12-25 13:32:10.824  10314-10329/? I/dalvikvm﹕ Could not find method android.view.Window.setStatusBarColor, referenced from method a.a
12-25 13:32:10.824  10314-10329/? W/dalvikvm﹕ VFY: unable to resolve virtual method 5539: Landroid/view/Window;.setStatusBarColor (I)V
12-25 13:32:10.824  10314-10329/? D/dalvikvm﹕ VFY: replacing opcode 0x6e at 0x000a
12-25 13:32:10.834  10314-10329/? E/dalvikvm﹕ Could not find class 'android.app.Notification$Action$Builder', referenced from method a.a
12-25 13:32:10.834  10314-10329/? W/dalvikvm﹕ VFY: unable to resolve new-instance 390 (Landroid/app/Notification$Action$Builder;) in La;
12-25 13:32:10.834  10314-10329/? D/dalvikvm﹕ VFY: replacing opcode 0x22 at 0x0000
12-25 13:32:10.834  10138-10233/? I/AmazonVideo.media﹕ DownloadThrottle.<init>: DownloadThrottle: Disabled, factor: 1.000000, max delay: 4000ms
12-25 13:32:10.834  10314-10318/? D/dalvikvm﹕ GC_CONCURRENT freed 215K, 10% free 18283K/20212K, paused 2ms+2ms, total 14ms
12-25 13:32:10.844  10314-10328/? I/ProviderInstaller﹕ Installed default security provider GmsCore_OpenSSL
12-25 13:32:10.844  10314-10329/? W/dalvikvm﹕ Unable to resolve superclass of Lag; (699)
12-25 13:32:10.844  10314-10329/? W/dalvikvm﹕ Link of class 'Lag;' failed
12-25 13:32:10.844  10314-10329/? E/dalvikvm﹕ Could not find class 'ag', referenced from method a.a
12-25 13:32:10.844  10314-10329/? W/dalvikvm﹕ VFY: unable to resolve new-instance 169 (Lag;) in La;
12-25 13:32:10.844  10314-10329/? D/dalvikvm﹕ VFY: replacing opcode 0x22 at 0x0006
12-25 13:32:10.844  10314-10329/? W/dalvikvm﹕ Unable to resolve superclass of Lai; (699)
12-25 13:32:10.844  10314-10329/? W/dalvikvm﹕ Link of class 'Lai;' failed
12-25 13:32:10.844  10314-10329/? E/dalvikvm﹕ Could not find class 'ai', referenced from method a.a
12-25 13:32:10.844  10314-10329/? W/dalvikvm﹕ VFY: unable to resolve new-instance 223 (Lai;) in La;
12-25 13:32:10.844  10314-10329/? D/dalvikvm﹕ VFY: replacing opcode 0x22 at 0x002a
12-25 13:32:10.844  10314-10329/? I/dalvikvm﹕ Could not find method android.view.ViewGroup.isTransitionGroup, referenced from method a.a
12-25 13:32:10.844  10314-10329/? W/dalvikvm﹕ VFY: unable to resolve virtual method 5435: Landroid/view/ViewGroup;.isTransitionGroup ()Z
12-25 13:32:10.844  10314-10329/? D/dalvikvm﹕ VFY: replacing opcode 0x6e at 0x000c
12-25 13:32:10.844  10314-10329/? I/dalvikvm﹕ Could not find method android.view.View.getTransitionName, referenced from method a.a
12-25 13:32:10.844  10314-10329/? W/dalvikvm﹕ VFY: unable to resolve virtual method 5280: Landroid/view/View;.getTransitionName ()Ljava/lang/String;
12-25 13:32:10.844  10314-10329/? D/dalvikvm﹕ VFY: replacing opcode 0x6e at 0x0006
12-25 13:32:10.844  10314-10329/? W/dalvikvm﹕ VFY: unable to find class referenced in signature ([Landroid/app/RemoteInput;)
12-25 13:32:10.844  10314-10329/? E/dalvikvm﹕ Could not find class 'android.app.RemoteInput[]', referenced from method a.a
12-25 13:32:10.844  10314-10329/? W/dalvikvm﹕ VFY: unable to resolve new-array 7822 ([Landroid/app/RemoteInput;) in La;
12-25 13:32:10.844  10314-10329/? D/dalvikvm﹕ VFY: replacing opcode 0x23 at 0x0005
12-25 13:32:10.864  10314-10329/? D/dalvikvm﹕ DexOpt: unable to opt direct call 0x0abb at 0x0e in La;.a
12-25 13:32:10.864  10314-10329/? W/dalvikvm﹕ Unable to resolve superclass of Lag; (699)
12-25 13:32:10.864  10314-10329/? W/dalvikvm﹕ Link of class 'Lag;' failed
12-25 13:32:10.864  10314-10329/? D/dalvikvm﹕ DexOpt: unable to opt direct call 0x05e8 at 0x08 in La;.a
12-25 13:32:10.864  10314-10329/? W/dalvikvm﹕ Unable to resolve superclass of Lai; (699)
12-25 13:32:10.864  10314-10329/? W/dalvikvm﹕ Link of class 'Lai;' failed
12-25 13:32:10.864  10314-10329/? D/dalvikvm﹕ DexOpt: unable to opt direct call 0x06a0 at 0x2c in La;.a
12-25 13:32:10.864  10314-10329/? D/dalvikvm﹕ DexOpt: unable to opt direct call 0x0b03 at 0x13 in La;.a
12-25 13:32:10.874  10138-10233/? I/AmazonVideo.media﹕ DownloadQueueManager.reload: Refreshing download queue
12-25 13:32:10.894  10138-10142/? D/dalvikvm﹕ GC_CONCURRENT freed 1108K, 12% free 21441K/24204K, paused 1ms+1ms, total 20ms
12-25 13:32:10.894  10138-10345/? D/dalvikvm﹕ WAIT_FOR_CONCURRENT_GC blocked 10ms
12-25 13:32:10.904  10138-10233/? D/dalvikvm﹕ WAIT_FOR_CONCURRENT_GC blocked 11ms
12-25 13:32:10.904  10138-10345/? I/AmazonVideo.media﹕ DownloadQueueManager$1.run: Deleting orphaned files on startup
12-25 13:32:10.914  10138-10233/? I/AmazonVideo.media﹕ MediaSystem.initialize: Initializing media component SmoothStreamingQosManager
12-25 13:32:10.914  10138-10233/? I/AmazonVideo.media﹕ MediaSystem.initialize: Initializing media component QosEventModelMediaComponent
12-25 13:32:10.914  10138-10233/? I/AmazonVideo.media﹕ MediaSystem.initialize: Initializing media component DrmLicenseCleaner
12-25 13:32:10.914  10138-10347/? I/AmazonVideo.drm﹕ DrmLicenseCleaner$1.run: Deleting all expired licenses on MediaComponent initialization.
12-25 13:32:10.914  10138-10233/? I/AmazonVideo.media﹕ MediaSystem.initialize: Initializing media component LicenseManager
12-25 13:32:10.914  10138-10347/? I/AmazonVideo.drm﹕ PlayReadyDrmSystem.deleteExpiredLicenses: Deleting expired licenses from PlayReady license store
12-25 13:32:10.914  10138-10233/? I/AmazonVideo.media﹕ MediaSystem.initialize: Initializing media component DownloadManagerBroadcastReceiver
12-25 13:32:10.924  10138-10233/? I/AmazonVideo.media﹕ DownloadManagerBroadcastReceiver.startReceiver: Download manager receiver is registered.
12-25 13:32:10.924  10138-10233/? I/AmazonVideo.media﹕ MediaSystem.initialize: Initializing media component PlaybackNativeLibrariesLoader
12-25 13:32:10.924  10138-10233/? I/AmazonVideo.media﹕ MediaSystem.initialize: Initializing media component FileBackedContentStore
12-25 13:32:10.924  10138-10348/? I/AmazonVideo.media﹕ PlaybackNativeLibrariesLoader.loadNativeLibraries: Loading library voOSCEngine
12-25 13:32:10.924  10138-10348/? D/dalvikvm﹕ Trying to load lib /data/app-lib/com.amazon.mShop.android-1/libvoOSCEngine.so 0x42f66910
12-25 13:32:10.924  10138-10348/? D/dalvikvm﹕ Added shared lib /data/app-lib/com.amazon.mShop.android-1/libvoOSCEngine.so 0x42f66910
12-25 13:32:10.924  10138-10348/? D/dalvikvm﹕ No JNI_OnLoad found in /data/app-lib/com.amazon.mShop.android-1/libvoOSCEngine.so 0x42f66910, skipping init
12-25 13:32:10.924  10138-10348/? I/AmazonVideo.media﹕ PlaybackNativeLibrariesLoader.loadNativeLibraries: Loading library AIVVisualOnRenderer
12-25 13:32:10.924  10138-10348/? D/dalvikvm﹕ Trying to load lib /data/app-lib/com.amazon.mShop.android-1/libAIVVisualOnRenderer.so 0x42f66910
12-25 13:32:10.924  10138-10348/? W/linker﹕ libAIVVisualOnRenderer.so has text relocations. This is wasting memory and is a security risk. Please fix.
12-25 13:32:10.934  10138-10348/? D/dalvikvm﹕ Added shared lib /data/app-lib/com.amazon.mShop.android-1/libAIVVisualOnRenderer.so 0x42f66910
12-25 13:32:10.934  10138-10348/? D/dalvikvm﹕ No JNI_OnLoad found in /data/app-lib/com.amazon.mShop.android-1/libAIVVisualOnRenderer.so 0x42f66910, skipping init
12-25 13:32:10.934  10138-10348/? I/AmazonVideo.media﹕ PlaybackNativeLibrariesLoader.loadNativeLibraries: Loading library amzsspk
12-25 13:32:10.934  10138-10348/? D/dalvikvm﹕ Trying to load lib /data/app-lib/com.amazon.mShop.android-1/libamzsspk.so 0x42f66910
12-25 13:32:10.934  10138-10348/? W/linker﹕ libamzsspk.so has text relocations. This is wasting memory and is a security risk. Please fix.
12-25 13:32:10.934  10138-10348/? D/dalvikvm﹕ Added shared lib /data/app-lib/com.amazon.mShop.android-1/libamzsspk.so 0x42f66910
12-25 13:32:10.934  10138-10348/? I/AmazonVideo.media﹕ PlaybackNativeLibrariesLoader.loadNativeLibraries: Loading library voOSCEngine
12-25 13:32:10.934  10138-10348/? D/dalvikvm﹕ Trying to load lib /data/app-lib/com.amazon.mShop.android-1/libvoOSCEngine.so 0x42f66910
12-25 13:32:10.934  10138-10348/? D/dalvikvm﹕ Shared lib '/data/app-lib/com.amazon.mShop.android-1/libvoOSCEngine.so' already loaded in same CL 0x42f66910
12-25 13:32:10.934  10138-10348/? I/AmazonVideo.media﹕ PlaybackNativeLibrariesLoader.loadNativeLibraries: Loading library AIVVisualOnRenderer
12-25 13:32:10.934  10138-10348/? D/dalvikvm﹕ Trying to load lib /data/app-lib/com.amazon.mShop.android-1/libAIVVisualOnRenderer.so 0x42f66910
12-25 13:32:10.934  10138-10348/? D/dalvikvm﹕ Shared lib '/data/app-lib/com.amazon.mShop.android-1/libAIVVisualOnRenderer.so' already loaded in same CL 0x42f66910
12-25 13:32:10.934  10138-10348/? I/AmazonVideo.media﹕ PlaybackNativeLibrariesLoader.loadNativeLibraries: Loading library AIVPlayReadyLicensing
12-25 13:32:10.934  10138-10348/? D/dalvikvm﹕ Trying to load lib /data/app-lib/com.amazon.mShop.android-1/libAIVPlayReadyLicensing.so 0x42f66910
12-25 13:32:10.934  10138-10348/? D/dalvikvm﹕ Added shared lib /data/app-lib/com.amazon.mShop.android-1/libAIVPlayReadyLicensing.so 0x42f66910
12-25 13:32:10.934  10138-10348/? D/dalvikvm﹕ No JNI_OnLoad found in /data/app-lib/com.amazon.mShop.android-1/libAIVPlayReadyLicensing.so 0x42f66910, skipping init
12-25 13:32:10.944  10138-10347/? I/AmazonVideo.drm﹕ SoftwarePlayReadyInitialization.initialize: DRM sub-system initializing with system path: /data/data/com.amazon.mShop.android/files/playready/system
12-25 13:32:10.944  10138-10347/? I/AmazonVideo.drm﹕ SoftwarePlayReadyInitialization.initialize: Initializing license store: /data/data/com.amazon.mShop.android/files/playready/aivdatastore.hds
12-25 13:32:10.944  10138-10347/? I/﹕ T10347: DrmContext::DrmContext: Creating context object with store path /data/data/com.amazon.mShop.android/files/playready/aivdatastore.hds and system directory /data/data/com.amazon.mShop.android/files/playready/system.
12-25 13:32:10.944  10138-10347/? I/﹕ T10347: DrmContext::initializePlayReadyInternal: Initializing DRM store /data/data/com.amazon.mShop.android/files/playready/aivdatastore.hds.
12-25 13:32:10.944  10138-10233/? I/AmazonVideo.content﹕ RuntimeDeviceCapabilityBasedBitrateResolver.getHighestSustainableBitrate: The calculated bitrate cap value is 2147483647
12-25 13:32:10.944  10138-10233/? I/AmazonVideo.content﹕ RuntimeDeviceCapabilityBasedBitrateResolver.getHighestSustainableBitrate: The calculated bitrate cap value is 2147483647
12-25 13:32:10.984  10138-10233/? D/AmazonApplication﹕ loading and initializing class com.amazon.avod.playbackclient.settings.page.MobileStreamingQualitySettingsFragmentFactoryDelegate
12-25 13:32:11.034  10314-10318/? D/dalvikvm﹕ GC_CONCURRENT freed 284K, 10% free 18535K/20428K, paused 2ms+2ms, total 22ms
12-25 13:32:11.044  10138-10347/? I/﹕ T10347: DrmSession::getDrmSession: Trying to get a session id: DrmLicensingSession
12-25 13:32:11.044  10138-10347/? I/﹕ T10347: DrmSession::getDrmSession: Created a new DRM Session DrmLicensingSession (0x75e090b8)
12-25 13:32:11.054  10314-10314/? I/dalvikvm﹕ Could not find method android.media.MediaCodecList.<init>, referenced from method gdj.x
12-25 13:32:11.054  10314-10314/? W/dalvikvm﹕ VFY: unable to resolve direct method 3486: Landroid/media/MediaCodecList;.<init> (I)V
12-25 13:32:11.054  10314-10314/? D/dalvikvm﹕ VFY: replacing opcode 0x70 at 0x0013
12-25 13:32:11.114  10314-10318/? D/dalvikvm﹕ GC_CONCURRENT freed 317K, 10% free 18731K/20696K, paused 2ms+2ms, total 18ms
12-25 13:32:11.114  10314-10325/? D/dalvikvm﹕ WAIT_FOR_CONCURRENT_GC blocked 7ms
12-25 13:32:11.114  10314-10363/? D/dalvikvm﹕ WAIT_FOR_CONCURRENT_GC blocked 9ms
12-25 13:32:11.114  10314-10314/? D/dalvikvm﹕ WAIT_FOR_CONCURRENT_GC blocked 9ms
12-25 13:32:11.164     816-1555/? W/IntentResolver﹕ resolveIntent: multiple matches, only some with CATEGORY_DEFAULT
12-25 13:32:11.184  10314-10318/? D/dalvikvm﹕ GC_CONCURRENT freed 369K, 10% free 18875K/20892K, paused 2ms+1ms, total 20ms
12-25 13:32:11.184  10314-10314/? D/dalvikvm﹕ WAIT_FOR_CONCURRENT_GC blocked 4ms
12-25 13:32:11.184  10314-10314/? E/YouTube MDX﹕ Bogus value in shared preferences for key MdxServerSelection value , returning default value.
12-25 13:32:11.224  25312-25312/? W/CastMediaRouteProvider﹕ addOrUpdateDevice: device: "Downstairs Chromecast" (aa707f7398afbda358461915ee2d069e) applicationName: Pandora
12-25 13:32:11.254  10314-10318/? D/dalvikvm﹕ GC_CONCURRENT freed 303K, 10% free 19037K/20988K, paused 3ms+2ms, total 21ms
12-25 13:32:11.374  10314-10410/? E/GoogleConversionReporter﹕ Error sending ping
    org.apache.http.conn.HttpHostConnectException: Connection to https://www.googleadservices.com refused
            at org.apache.http.impl.conn.DefaultClientConnectionOperator.openConnection(DefaultClientConnectionOperator.java:183)
            at org.apache.http.impl.conn.AbstractPoolEntry.open(AbstractPoolEntry.java:164)
            at org.apache.http.impl.conn.AbstractPooledConnAdapter.open(AbstractPooledConnAdapter.java:119)
            at org.apache.http.impl.client.DefaultRequestDirector.execute(DefaultRequestDirector.java:360)
            at org.apache.http.impl.client.AbstractHttpClient.execute(AbstractHttpClient.java:555)
            at org.apache.http.impl.client.AbstractHttpClient.execute(AbstractHttpClient.java:487)
            at org.apache.http.impl.client.AbstractHttpClient.execute(AbstractHttpClient.java:465)
            at android.net.http.AndroidHttpClient.execute(AndroidHttpClient.java:252)
            at aax.a(SourceFile:217)
            at aba.run(SourceFile:173)
            at java.lang.Thread.run(Thread.java:841)
     Caused by: java.net.ConnectException: failed to connect to localhost/127.0.0.1 (port 443) after 60000ms: isConnected failed: ECONNREFUSED (Connection refused)
            at libcore.io.IoBridge.isConnected(IoBridge.java:223)
            at libcore.io.IoBridge.connectErrno(IoBridge.java:161)
            at libcore.io.IoBridge.connect(IoBridge.java:112)
            at de.robv.android.xposed.XposedBridge.invokeOriginalMethodNative(Native Method)
            at de.robv.android.xposed.XposedBridge.handleHookedMethod(XposedBridge.java:631)
            at libcore.io.IoBridge.connect(Native Method)
            at java.net.PlainSocketImpl.connect(PlainSocketImpl.java:192)
            at java.net.PlainSocketImpl.connect(PlainSocketImpl.java:459)
            at java.net.Socket.connect(Socket.java:843)
            at org.apache.http.conn.scheme.PlainSocketFactory.connectSocket(PlainSocketFactory.java:119)
            at org.apache.http.impl.conn.DefaultClientConnectionOperator.openConnection(DefaultClientConnectionOperator.java:144)
            at org.apache.http.impl.conn.AbstractPoolEntry.open(AbstractPoolEntry.java:164)
            at org.apache.http.impl.conn.AbstractPooledConnAdapter.open(AbstractPooledConnAdapter.java:119)
            at org.apache.http.impl.client.DefaultRequestDirector.execute(DefaultRequestDirector.java:360)
            at org.apache.http.impl.client.AbstractHttpClient.execute(AbstractHttpClient.java:555)
            at org.apache.http.impl.client.AbstractHttpClient.execute(AbstractHttpClient.java:487)
            at org.apache.http.impl.client.AbstractHttpClient.execute(AbstractHttpClient.java:465)
            at android.net.http.AndroidHttpClient.execute(AndroidHttpClient.java:252)
            at aax.a(SourceFile:217)
            at aba.run(SourceFile:173)
            at java.lang.Thread.run(Thread.java:841)
     Caused by: libcore.io.ErrnoException: isConnected failed: ECONNREFUSED (Connection refused)
            at libcore.io.IoBridge.isConnected(IoBridge.java:208)
            at libcore.io.IoBridge.connectErrno(IoBridge.java:161)
            at libcore.io.IoBridge.connect(IoBridge.java:112)
            at de.robv.android.xposed.XposedBridge.invokeOriginalMethodNative(Native Method)
            at de.robv.android.xposed.XposedBridge.handleHookedMethod(XposedBridge.java:631)
            at libcore.io.IoBridge.connect(Native Method)
            at java.net.PlainSocketImpl.connect(PlainSocketImpl.java:192)
            at java.net.PlainSocketImpl.connect(PlainSocketImpl.java:459)
            at java.net.Socket.connect(Socket.java:843)
            at org.apache.http.conn.scheme.PlainSocketFactory.connectSocket(PlainSocketFactory.java:119)
            at org.apache.http.impl.conn.DefaultClientConnectionOperator.openConnection(DefaultClientConnectionOperator.java:144)
            at org.apache.http.impl.conn.AbstractPoolEntry.open(AbstractPoolEntry.java:164)
            at org.apache.http.impl.conn.AbstractPooledConnAdapter.open(AbstractPooledConnAdapter.java:119)
            at org.apache.http.impl.client.DefaultRequestDirector.execute(DefaultRequestDirector.java:360)
            at org.apache.http.impl.client.AbstractHttpClient.execute(AbstractHttpClient.java:555)
            at org.apache.http.impl.client.AbstractHttpClient.execute(AbstractHttpClient.java:487)
            at org.apache.http.impl.client.AbstractHttpClient.execute(AbstractHttpClient.java:465)
            at android.net.http.AndroidHttpClient.execute(AndroidHttpClient.java:252)
            at aax.a(SourceFile:217)
            at aba.run(SourceFile:173)
            at java.lang.Thread.run(Thread.java:841)
12-25 13:32:11.394  10314-10318/? D/dalvikvm﹕ GC_CONCURRENT freed 304K, 10% free 19150K/21104K, paused 2ms+1ms, total 22ms
12-25 13:32:11.544  10300-10300/? D/CNQR﹕ ConcurCore.ConnectivityReceiver.writeDebugInfo: intent has EXTRA_NETWORK_INFO
12-25 13:32:11.544  10300-10300/? D/CNQR﹕ ConcurCore.ConnectivityReceiver.writeDebugInfo: extra network info -> NetworkInfo: type: WIFI[], state: CONNECTED/CONNECTED, reason: (unspecified), extra: "WallachNet", roaming: false, failover: false, isAvailable: true, isConnectedToProvisioningNetwork: false
12-25 13:32:11.544  10300-10300/? D/CNQR﹕ ConcurCore.ConnectivityReceiver.writeDebugInfo: intent missing EXTRA_OTHER_NETWORK_INFO
12-25 13:32:11.544  10300-10300/? V/CNQR﹕ ConcurCore.ConnectivityReceiver.onReceive: has network info
12-25 13:32:11.544  10300-10300/? V/CNQR﹕ ConcurCore.ConnectivityReceiver.onReceive: connection(WIFI): connected set to true
12-25 13:32:11.564     816-1186/? I/ActivityManager﹕ Start proc com.trello for broadcast com.trello/.common.ConnectivityBroadcastReceiver: pid=10420 uid=10181 gids={50181, 3003, 1028, 1015}
12-25 13:32:11.604  10300-10304/? D/dalvikvm﹕ GC_CONCURRENT freed 237K, 10% free 18044K/19928K, paused 3ms+1ms, total 30ms
12-25 13:32:11.604  10420-10420/? I/Crashlytics﹕ Initializing Crashlytics 1.1.13.29
12-25 13:32:11.634  10300-10300/? E/CNQR﹕ Bad padding during decrypt
    javax.crypto.BadPaddingException: pad block corrupted
            at com.android.org.bouncycastle.jcajce.provider.symmetric.util.BaseBlockCipher.engineDoFinal(BaseBlockCipher.java:739)
            at javax.crypto.Cipher.doFinal(Cipher.java:1239)
            at com.concur.mobile.core.c.j.c(Unknown Source)
            at com.concur.mobile.core.a.m.a(Unknown Source)
            at com.concur.mobile.core.a.m.d(Unknown Source)
            at com.concur.mobile.core.a.m.<init>(Unknown Source)
            at com.concur.mobile.core.service.ConcurService.onCreate(Unknown Source)
            at android.app.ActivityThread.handleCreateService(ActivityThread.java:2558)
            at android.app.ActivityThread.access$1800(ActivityThread.java:135)
            at android.app.ActivityThread$H.handleMessage(ActivityThread.java:1278)
            at android.os.Handler.dispatchMessage(Handler.java:102)
            at android.os.Looper.loop(Looper.java:136)
            at android.app.ActivityThread.main(ActivityThread.java:5001)
            at java.lang.reflect.Method.invokeNative(Native Method)
            at java.lang.reflect.Method.invoke(Method.java:515)
            at com.android.internal.os.ZygoteInit$MethodAndArgsCaller.run(ZygoteInit.java:785)
            at com.android.internal.os.ZygoteInit.main(ZygoteInit.java:601)
            at de.robv.android.xposed.XposedBridge.main(XposedBridge.java:132)
            at dalvik.system.NativeStart.main(Native Method)
12-25 13:32:11.634      816-866/? I/InputReader﹕ Reconfiguring input devices.  changes=0x00000010
12-25 13:32:11.644  10300-10300/? D/CNQR﹕ ConcurService.onBind:
12-25 13:32:11.654  10300-10300/? D/CNQR﹕ ConcurCore.ServiceConnection.onServiceConnected:
12-25 13:32:11.654     816-2231/? W/ActivityManager﹕ Permission Denial: Accessing service ComponentInfo{com.google.android.music/com.google.android.music.dial.DialMediaRouteProviderService} from pid=10258, uid=10060 that is not exported from uid 10061
12-25 13:32:11.664  10300-10300/? D/CNQR﹕ ConcurCore..ServiceConnection.onServiceConnected: setting database on Preferences.
