11-28 07:47:16.816      819-857/? I/ActivityManager﹕ START u0 {act=android.intent.action.MAIN cat=[android.intent.category.LAUNCHER] flg=0x10200000 cmp=com.nestlabs.android/com.obsidian.v4.activity.LoginActivity bnds=[672,781][906,1043] (has extras)} from pid 21145
11-28 07:47:17.256     819-1123/? I/ActivityManager﹕ Start proc com.nestlabs.android for activity com.nestlabs.android/com.obsidian.v4.activity.LoginActivity: pid=7676 uid=10078 gids={50078, 3003}
11-28 07:47:17.266     819-2232/? I/ActivityManager﹕ Process com.google.android.music:main (pid 3353) has died.
11-28 07:47:17.266     819-2232/? A/ActivityManager﹕ Service ServiceRecord{46253218 u0 com.google.android.music/.net.NetworkMonitor} in process ProcessRecord{428a3fc0 3353:com.google.android.music:main/u0a61} not same as in map: null
11-28 07:47:17.296     819-2232/? A/ActivityManager﹕ Service ServiceRecord{460a1e78 u0 com.google.android.music/.preferences.MusicPreferenceService$MusicPreferenceServiceBinder} in process ProcessRecord{428a3fc0 3353:com.google.android.music:main/u0a61} not same as in map: null
11-28 07:47:17.306     819-2232/? W/ActivityManager﹕ Scheduling restart of crashed service com.google.android.music/.download.artwork.ArtDownloadService in 1000ms
11-28 07:47:18.176      819-829/? I/ActivityManager﹕ Process com.google.android.talk (pid 6799) has died.
11-28 07:47:18.336      819-845/? I/ActivityManager﹕ Start proc com.google.android.music:main for service com.google.android.music/.download.artwork.ArtDownloadService: pid=7747 uid=10061 gids={50061, 3003, 1028, 1015}
11-28 07:47:19.186      819-829/? E/WifiService﹕ Multicaster binderDied
11-28 07:47:19.186     819-1171/? I/ActivityManager﹕ Process com.plexapp.android (pid 7334) has died.
11-28 07:47:19.186     819-1171/? A/ActivityManager﹕ Service ServiceRecord{4519a7a8 u0 com.plexapp.android/com.plexapp.plex.audioplayer.AudioService} in process ProcessRecord{435461f0 7334:com.plexapp.android/u0a171} not same as in map: null
11-28 07:47:19.236     819-4545/? I/ActivityManager﹕ Process com.google.android.gms.unstable (pid 6362) has died.
11-28 07:47:19.296     819-1549/? I/ActivityManager﹕ Process com.android.vending (pid 6526) has died.
11-28 07:47:19.336     819-4545/? I/ActivityManager﹕ Process com.pandora.android (pid 30554) has died.
11-28 07:47:19.336     819-4545/? W/ActivityManager﹕ Scheduling restart of crashed service com.pandora.android/.fordsync.SyncProxyAgentService in 1000ms
11-28 07:47:19.336     819-4545/? W/ActivityManager﹕ Scheduling restart of crashed service com.pandora.android/.api.bluetooth.BluetoothService in 11000ms
11-28 07:47:19.386     819-1167/? I/ActivityManager﹕ Process com.google.android.gallery3d (pid 7303) has died.
11-28 07:47:19.426     819-4545/? I/ActivityManager﹕ Process android.process.media (pid 6040) has died.
11-28 07:47:19.446     819-1127/? I/ActivityManager﹕ Process com.google.android.apps.googlevoice (pid 8008) has died.
11-28 07:47:19.446     819-1127/? W/ActivityManager﹕ Scheduling restart of crashed service com.google.android.apps.googlevoice/.VoicemailPrefetchService in 20885ms
11-28 07:47:19.446     819-1127/? W/ActivityManager﹕ Scheduling restart of crashed service com.google.android.apps.googlevoice/.UpdateService in 30885ms
11-28 07:47:19.476      819-856/? I/ActivityManager﹕ Process com.readabl.paperkarma (pid 30099) has died.
11-28 07:47:19.476      819-856/? W/ActivityManager﹕ Scheduling restart of crashed service com.readabl.paperkarma/.PollService in 40856ms
11-28 07:47:19.586     819-2232/? I/ActivityManager﹕ Process com.metago.astro (pid 4323) has died.
11-28 07:47:19.586     819-2232/? A/ProcessStats﹕ Starting service ServiceState{4356de70 com.pandora.android.api.bluetooth.BluetoothService pkg=com.pandora.android proc=4356de70} without owner
11-28 07:47:19.606     819-2232/? A/ProcessStats﹕ Starting service ServiceState{43644650 com.pandora.android.fordsync.SyncProxyAgentService pkg=com.pandora.android proc=43644650} without owner
11-28 07:47:19.616     819-2232/? A/ProcessStats﹕ Starting service ServiceState{4284bf28 com.readabl.paperkarma.PollService pkg=com.readabl.paperkarma proc=4284bf28} without owner
11-28 07:47:19.616     819-2232/? A/ProcessStats﹕ Starting service ServiceState{45144168 com.google.android.apps.googlevoice.UpdateService pkg=com.google.android.apps.googlevoice proc=45144168} without owner
11-28 07:47:19.636     819-2232/? A/ProcessStats﹕ Starting service ServiceState{443e90b8 com.google.android.apps.googlevoice.VoicemailPrefetchService pkg=com.google.android.apps.googlevoice proc=443e90b8} without owner
11-28 07:47:19.656      819-856/? I/ActivityManager﹕ Process com.android.chrome (pid 6318) has died.
11-28 07:47:19.726     819-1141/? I/ActivityManager﹕ Process com.aviary.android.feather:aviary_cds (pid 7400) has died.
11-28 07:47:19.796     819-4544/? I/ActivityManager﹕ Process org.dwallach.calwatch (pid 30293) has died.
11-28 07:47:19.796     819-4544/? W/ActivityManager﹕ Scheduling restart of crashed service org.dwallach.calwatch/.WatchCalendarService in 50538ms
11-28 07:47:20.366      819-845/? I/ActivityManager﹕ Start proc com.pandora.android for service com.pandora.android/.fordsync.SyncProxyAgentService: pid=7818 uid=10124 gids={50124, 3003, 3002, 3001, 1028, 1015}
11-28 07:47:20.866     819-4544/? W/ActivityManager﹕ Unable to start service Intent { act=com.airbiquity.hap.IHandsetApplicationProxy } U=0: not found
11-28 07:47:24.046    7747-7747/? E/ActivityThread﹕ Service com.google.android.music.download.TrackDownloadQueueService has leaked ServiceConnection com.google.android.gms.http.GoogleURLConnectionFactory$1@428e2338 that was originally bound here
    android.app.ServiceConnectionLeaked: Service com.google.android.music.download.TrackDownloadQueueService has leaked ServiceConnection com.google.android.gms.http.GoogleURLConnectionFactory$1@428e2338 that was originally bound here
            at android.app.LoadedApk$ServiceDispatcher.<init>(LoadedApk.java:970)
            at android.app.LoadedApk.getServiceDispatcher(LoadedApk.java:864)
            at android.app.ContextImpl.bindServiceCommon(ContextImpl.java:1569)
            at android.app.ContextImpl.bindService(ContextImpl.java:1552)
            at android.content.ContextWrapper.bindService(ContextWrapper.java:517)
            at com.google.android.gms.http.GoogleURLConnectionFactory.<init>(Unknown Source)
            at com.google.android.gms.http.GoogleHttpClient.<init>(Unknown Source)
            at com.google.android.music.GoogleHttpClientFactory.createGoogleHttpClient(GoogleHttpClientFactory.java:43)
            at com.google.android.music.cloudclient.MusicRequest.createHttpClient(MusicRequest.java:115)
            at com.google.android.music.cloudclient.MusicRequest.getSharedHttpClient(MusicRequest.java:105)
            at com.google.android.music.download.BaseDownloadQueueManager.<init>(BaseDownloadQueueManager.java:110)
            at com.google.android.music.download.TrackDownloadQueueManager.<init>(TrackDownloadQueueManager.java:10)
            at com.google.android.music.download.TrackDownloadQueueService.onCreate(TrackDownloadQueueService.java:25)
            at android.app.ActivityThread.handleCreateService(ActivityThread.java:2558)
            at android.app.ActivityThread.access$1800(ActivityThread.java:135)
            at android.app.ActivityThread$H.handleMessage(ActivityThread.java:1278)
            at android.os.Handler.dispatchMessage(Handler.java:102)
            at android.os.Looper.loop(Looper.java:136)
            at android.app.ActivityThread.main(ActivityThread.java:5001)
            at java.lang.reflect.Method.invokeNative(Native Method)
            at java.lang.reflect.Method.invoke(Method.java:515)
            at com.android.internal.os.ZygoteInit$MethodAndArgsCaller.run(ZygoteInit.java:785)
            at com.android.internal.os.ZygoteInit.main(ZygoteInit.java:601)
            at de.robv.android.xposed.XposedBridge.main(XposedBridge.java:132)
            at dalvik.system.NativeStart.main(Native Method)
11-28 07:47:27.406      819-865/? I/ActivityManager﹕ Start proc com.amazon.mShop.android for service com.amazon.mShop.android/com.amazon.mas.client.pdiservice.PdiService: pid=7947 uid=10143 gids={50143, 3003, 1028, 1015}
11-28 07:47:27.636    7947-8004/? E/ActivityThread﹕ Failed to find provider info for com.amazon.dcp.settings
11-28 07:47:40.436      819-845/? I/ActivityManager﹕ Start proc com.google.android.apps.googlevoice for service com.google.android.apps.googlevoice/.VoicemailPrefetchService: pid=8136 uid=10128 gids={50128, 3003, 1028, 1015}
11-28 07:47:43.126     819-1123/? I/ActivityManager﹕ Delay finish: com.amazon.mShop.android/com.amazon.mas.client.pdiservice.PdiBroadcastReceiver
11-28 07:47:43.206     819-4545/? I/ActivityManager﹕ Resuming delayed broadcast
11-28 07:47:43.246     819-1171/? I/ActivityManager﹕ Delay finish: com.amazon.mShop.android/com.amazon.client.ftue.DelayedFtueReceiver
11-28 07:47:43.256     819-1167/? I/ActivityManager﹕ Resuming delayed broadcast
11-28 07:47:43.286     819-1141/? I/ActivityManager﹕ Delay finish: com.amazon.mShop.android/com.amazon.venezia.StartupReceiver
11-28 07:47:43.296     819-1123/? I/ActivityManager﹕ Resuming delayed broadcast
11-28 07:47:43.296     819-1127/? I/ActivityManager﹕ Delay finish: com.amazon.mShop.android/com.amazon.mas.client.locker.LockerBroadcastReceiver
11-28 07:47:43.346     819-1127/? I/ActivityManager﹕ Resuming delayed broadcast
11-28 07:47:43.346     819-8448/? I/ActivityManager﹕ Delay finish: com.amazon.mShop.android/com.amazon.mas.client.pfmcor.PfmCorScheduleServiceReceiver
11-28 07:47:43.356      819-856/? I/ActivityManager﹕ Resuming delayed broadcast
11-28 07:47:43.356     819-4545/? I/ActivityManager﹕ Delay finish: com.amazon.mShop.android/com.amazon.mas.client.malware.blockedapp.BlockedAppScheduleReceiver
11-28 07:47:43.366     819-2230/? I/ActivityManager﹕ Resuming delayed broadcast
11-28 07:47:43.366     819-8448/? I/ActivityManager﹕ Delay finish: com.amazon.mShop.android/com.amazon.mas.client.featureconfig.FeatureConfigScheduleReceiver
11-28 07:47:43.366      819-856/? I/ActivityManager﹕ Resuming delayed broadcast
11-28 07:47:43.376      819-857/? I/ActivityManager﹕ Delay finish: com.amazon.mShop.android/com.amazon.mas.client.tokenrefresh.RefreshScheduleReceiver
11-28 07:47:43.386     819-1171/? I/ActivityManager﹕ Resuming delayed broadcast
11-28 07:47:58.146      819-845/? I/ActivityManager﹕ Waited long enough for: ServiceRecord{45a4d6a0 u0 com.amazon.mShop.android/com.amazon.sdk.availability.AvailabilityService}
11-28 07:48:00.366      819-845/? I/ActivityManager﹕ Start proc com.readabl.paperkarma for service com.readabl.paperkarma/.PollService: pid=8252 uid=10157 gids={50157, 3003, 1028, 1015}
11-28 07:48:10.386      819-845/? I/ActivityManager﹕ Start proc org.dwallach.calwatch for service org.dwallach.calwatch/.WatchCalendarService: pid=8293 uid=10246 gids={50246, 1028, 1015}
11-28 07:48:14.896      819-830/? I/ActivityManager﹕ START u0 {flg=0x4000000 cmp=com.nestlabs.android/com.obsidian.v4.activity.MainActivity} from pid 7676
11-28 07:48:15.856      819-856/? I/ActivityManager﹕ Process com.android.providers.calendar (pid 7366) has died.
11-28 07:48:29.216     819-8448/? I/ActivityManager﹕ Process de.robv.android.xposed.installer (pid 6849) has died.
11-28 07:48:29.346      819-857/? I/ActivityManager﹕ Process com.qualcomm.qcrilmsgtunnel (pid 30346) has died.
11-28 07:48:29.346      819-857/? W/ActivityManager﹕ Scheduling restart of crashed service com.qualcomm.qcrilmsgtunnel/.QcrilMsgTunnelService in 1000ms
11-28 07:48:30.386      819-845/? I/ActivityManager﹕ Start proc com.qualcomm.qcrilmsgtunnel for service com.qualcomm.qcrilmsgtunnel/.QcrilMsgTunnelService: pid=8398 uid=1001 gids={41001, 3002, 3001, 3003, 2001, 1028, 1015}
11-28 07:48:30.426     819-1127/? I/ActivityManager﹕ START u0 {act=notificationOpenMegalistAction dat=content://com.google.android.apps.bigtop.provider.bigtopprovider/-323338578/default?appVersion=5608659 flg=0x1000c000 cmp=com.google.android.apps.inbox/com.google.android.apps.bigtop.activities.MainActivity bnds=[0,508][1080,700] (has extras)} from pid -1
11-28 07:48:30.546     819-4545/? I/ActivityManager﹕ Start proc com.google.android.apps.inbox for activity com.google.android.apps.inbox/com.google.android.apps.bigtop.activities.MainActivity: pid=8421 uid=10232 gids={50232, 3003, 1028, 1015}
11-28 07:48:32.486      819-856/? I/ActivityManager﹕ Start proc android.process.media for content provider com.android.providers.downloads/.DownloadProvider: pid=8493 uid=10005 gids={50005, 1028, 1015, 1023, 1024, 2001, 3003, 3007}
11-28 07:48:33.826      819-856/? I/ActivityManager﹕ Process com.google.android.calendar (pid 7456) has died.
11-28 07:48:33.876    8493-8540/? W/ActivityThread﹕ ClassLoader.loadClass: The class loader returned by Thread.getContextClassLoader() may fail for processes that host multiple applications. You should explicitly specify a context class loader. For example: Thread.setContextClassLoader(getClass().getClassLoader());
11-28 07:48:38.456      819-882/? D/ConnectivityService﹕ handleInetConditionHoldEnd: net=1, condition=100, published condition=100
11-28 07:48:41.246      819-882/? D/ConnectivityService﹕ handleInetConditionHoldEnd: net=1, condition=100, published condition=100
11-28 07:48:48.046      819-857/? I/ActivityManager﹕ Process eu.chainfire.supersu (pid 7546) has died.
11-28 07:49:01.616      819-869/? I/ActivityManager﹕ START u0 {act=android.intent.action.MAIN cat=[android.intent.category.HOME] flg=0x10200000 cmp=com.google.android.googlequicksearchbox/com.google.android.launcher.GEL} from pid 819
11-28 07:49:02.416     819-1549/? W/InputMethodManagerService﹕ Starting input on non-focused client com.android.internal.view.IInputMethodClient$Stub$Proxy@436bc408 (uid=10232 pid=8421)
11-28 07:49:04.636     819-8448/? I/ActivityManager﹕ START u0 {act=android.intent.action.MAIN cat=[android.intent.category.LAUNCHER] flg=0x10200000 cmp=com.android.chrome/com.google.android.apps.chrome.Main bnds=[330,1043][564,1305] (has extras)} from pid 21145
11-28 07:49:04.856      819-857/? I/ActivityManager﹕ Start proc com.android.chrome for activity com.android.chrome/com.google.android.apps.chrome.ChromeTabbedActivity: pid=8789 uid=10032 gids={50032, 3003, 1028, 1015}
11-28 07:49:05.426     819-1123/? I/ActivityManager﹕ Start proc com.android.chrome:sandboxed_process0 for service com.android.chrome/org.chromium.content.app.SandboxedProcessService0: pid=8828 uid=99137 gids={}
11-28 07:49:06.626     819-1167/? I/ActivityManager﹕ Process com.google.android.apps.plus (pid 29522) has died.
11-28 07:49:06.626     819-2232/? I/WindowState﹕ WIN DEATH: Window{43c5bb08 u0 com.google.android.apps.plus/com.google.android.apps.photos.phone.PhotosHomeActivity}
11-28 07:49:08.656     819-1140/? I/ActivityManager﹕ Process com.classdojo.android (pid 7565) has died.
11-28 07:49:08.986      819-856/? I/ActivityManager﹕ Process com.google.android.apps.fitness (pid 7425) has died.
11-28 07:49:09.136      819-857/? I/ActivityManager﹕ Process com.google.android.gm (pid 29997) has died.
11-28 07:49:09.136     819-1140/? I/WindowState﹕ WIN DEATH: Window{43ca33f0 u0 com.google.android.gm/com.google.android.gm.ConversationListActivityGmail}
11-28 07:49:14.526     819-1123/? I/ActivityManager﹕ Process com.amazon.mShop.android (pid 7947) has died.
11-28 07:49:16.026     819-2230/? I/ActivityManager﹕ Start proc com.android.chrome:sandboxed_process1 for service com.android.chrome/org.chromium.content.app.SandboxedProcessService1: pid=9025 uid=99138 gids={}
11-28 07:49:16.166     819-4544/? I/ActivityManager﹕ Process com.android.chrome:sandboxed_process1 (pid 9025) has died.
11-28 07:49:16.176     819-4544/? W/ActivityManager﹕ Scheduling restart of crashed service com.android.chrome/org.chromium.content.app.SandboxedProcessService1 in 1000ms
11-28 07:49:16.506     819-1167/? I/ActivityManager﹕ Start proc com.android.providers.partnerbookmarks for content provider com.android.providers.partnerbookmarks/.PartnerBookmarksProvider: pid=9046 uid=10064 gids={50064}
11-28 07:49:16.586      819-829/? I/ActivityManager﹕ Process android.process.media (pid 8493) has died.
11-28 07:49:16.596     819-1549/? I/ActivityManager﹕ Process com.google.android.youtube (pid 27285) has died.
11-28 07:49:16.596     819-1549/? W/ActivityManager﹕ Scheduling restart of crashed service com.google.android.youtube/.app.remote.YouTubeTvRouteProviderService in 1000ms
11-28 07:49:16.596     819-1549/? A/ActivityManager﹕ Service ServiceRecord{44902150 u0 com.google.android.youtube/com.google.android.apps.youtube.app.offline.transfer.OfflineTransferService} in process ProcessRecord{44eaf3b0 27285:com.google.android.youtube/u0a73} not same as in map: null
11-28 07:49:16.656     819-1171/? I/WindowState﹕ WIN DEATH: Window{444dadd8 u0 com.facebook.katana/com.facebook.katana.activity.FbMainTabActivity}
11-28 07:49:16.666     819-1141/? I/ActivityManager﹕ Process com.facebook.katana (pid 17377) has died.
11-28 07:49:16.666     819-1141/? W/ActivityManager﹕ Scheduling restart of crashed service com.facebook.katana/com.facebook.push.mqtt.service.MqttPushService in 10929ms
11-28 07:49:16.666     819-1141/? W/ActivityManager﹕ Scheduling restart of crashed service com.facebook.katana/com.facebook.analytics.service.AnalyticsService in 20929ms
11-28 07:49:16.776      819-830/? I/ActivityManager﹕ Process com.nytimes.android (pid 16468) has died.
11-28 07:49:16.776     819-1140/? I/WindowState﹕ WIN DEATH: Window{43b00180 u0 com.nytimes.android/com.nytimes.android.activity.MainActivity_}
11-28 07:49:16.776      819-830/? W/ActivityManager﹕ Scheduling restart of crashed service com.nytimes.android/.service.DownloadManager in 20823ms
11-28 07:49:16.796     819-2232/? I/ActivityManager﹕ Process com.nestlabs.android (pid 7676) has died.
11-28 07:49:16.796     819-4545/? I/WindowState﹕ WIN DEATH: Window{44110410 u0 com.nestlabs.android/com.obsidian.v4.activity.MainActivity}
11-28 07:49:16.796     819-2232/? A/ActivityManager﹕ Service ServiceRecord{460a1e78 u0 com.nestlabs.android/com.obsidian.v4.data.cz.service.NestService} in process ProcessRecord{436c9018 7676:com.nestlabs.android/u0a78} not same as in map: null
11-28 07:49:16.946      819-856/? I/ActivityManager﹕ Start proc com.google.android.partnersetup for content provider com.google.android.partnersetup/.RlzAppProvider: pid=9080 uid=10011 gids={50011, 3003}
11-28 07:49:17.256     819-4544/? I/ActivityManager﹕ Start proc com.android.chrome:sandboxed_process2 for service com.android.chrome/org.chromium.content.app.SandboxedProcessService2: pid=9101 uid=99139 gids={}
11-28 07:49:17.476      819-857/? I/ActivityManager﹕ Process com.android.chrome:sandboxed_process2 (pid 9101) has died.
11-28 07:49:17.476      819-857/? W/ActivityManager﹕ Scheduling restart of crashed service com.android.chrome/org.chromium.content.app.SandboxedProcessService2 in 30118ms
11-28 07:49:17.636      819-845/? I/ActivityManager﹕ Start proc com.google.android.youtube for service com.google.android.youtube/.app.remote.YouTubeTvRouteProviderService: pid=9125 uid=10073 gids={50073, 3003, 1028, 1015}
11-28 07:49:18.166     819-1127/? W/IntentResolver﹕ resolveIntent: multiple matches, only some with CATEGORY_DEFAULT
11-28 07:49:19.096      819-845/? A/ProcessStats﹕ Starting service ServiceState{42f6ff98 com.nytimes.android.service.DownloadManager pkg=com.nytimes.android proc=42f6ff98} without owner
11-28 07:49:19.116      819-845/? A/ProcessStats﹕ Starting service ServiceState{449e7dd0 com.facebook.push.mqtt.service.MqttPushService pkg=com.facebook.katana proc=449e7dd0} without owner
11-28 07:49:20.706      819-882/? D/ConnectivityService﹕ handleInetConditionHoldEnd: net=1, condition=100, published condition=100
11-28 07:49:25.796      819-882/? D/MobileDataStateTracker﹕ default: setPolicyDataEnable(enabled=true)
11-28 07:49:27.636      819-845/? I/ActivityManager﹕ Start proc com.facebook.katana for service com.facebook.katana/com.facebook.push.mqtt.service.MqttPushService: pid=9291 uid=10110 gids={50110, 1028, 1015, 3003}
11-28 07:49:33.556      819-845/? W/BroadcastQueue﹕ Permission Denial: broadcasting Intent { act=android.net.conn.INET_CONDITION_ACTION flg=0x4000010 (has extras) } from null (pid=-1, uid=-1) requires com.facebook.permission.prod.FB_APP_COMMUNICATION due to registered receiver BroadcastFilter{44abe880 u0 ReceiverList{44ac07f0 9291 com.facebook.katana/10110/u0 remote:432ce870}}
11-28 07:49:33.556      819-845/? W/BroadcastQueue﹕ Permission Denial: broadcasting Intent { act=android.net.conn.CONNECTIVITY_CHANGE flg=0x4000010 (has extras) } from null (pid=-1, uid=-1) requires com.facebook.permission.prod.FB_APP_COMMUNICATION due to registered receiver BroadcastFilter{44abe880 u0 ReceiverList{44ac07f0 9291 com.facebook.katana/10110/u0 remote:432ce870}}
11-28 07:49:33.926      819-845/? W/BroadcastQueue﹕ Permission Denial: broadcasting Intent { act=android.net.conn.CONNECTIVITY_CHANGE flg=0x4000010 (has extras) } from null (pid=-1, uid=-1) requires com.facebook.permission.prod.FB_APP_COMMUNICATION due to registered receiver BroadcastFilter{449b0ea8 u0 ReceiverList{449a8688 9291 com.facebook.katana/10110/u0 remote:431ea9f0}}
11-28 07:49:37.696      819-845/? I/ActivityManager﹕ Start proc com.nytimes.android for service com.nytimes.android/.service.DownloadManager: pid=9386 uid=10127 gids={50127, 3003, 1028, 1015}
11-28 07:49:45.896      819-845/? W/ProcessCpuTracker﹕ Skipping unknown process pid 9446
11-28 07:49:45.896      819-845/? W/ProcessCpuTracker﹕ Skipping unknown process pid 9447
11-28 07:49:45.896      819-845/? W/ProcessCpuTracker﹕ Skipping unknown process pid 9453
11-28 07:49:45.896      819-845/? W/ProcessCpuTracker﹕ Skipping unknown process pid 9459
11-28 07:50:27.576     819-2232/? I/ActivityManager﹕ Start proc com.android.chrome:sandboxed_process3 for service com.android.chrome/org.chromium.content.app.SandboxedProcessService3: pid=9586 uid=99140 gids={}
11-28 07:50:27.586     819-1171/? I/ActivityManager﹕ Process com.android.chrome:sandboxed_process0 (pid 8828) has died.
11-28 07:50:27.586     819-1171/? W/ActivityManager﹕ Scheduling restart of crashed service com.android.chrome/org.chromium.content.app.SandboxedProcessService0 in 1000ms
11-28 07:50:55.866      819-829/? W/InputMethodManagerService﹕ Window already focused, ignoring focus gain of: com.android.internal.view.IInputMethodClient$Stub$Proxy@433b30c0 attribute=null, token = android.os.BinderProxy@444830f0
11-28 07:51:02.576      819-856/? I/ActivityManager﹕ Process com.facebook.orca (pid 4696) has died.
11-28 07:51:02.576      819-856/? W/ActivityManager﹕ Scheduling restart of crashed service com.facebook.orca/com.facebook.push.mqtt.service.MqttPushService in 1000ms
11-28 07:51:02.656     819-2230/? I/ActivityManager﹕ Process com.google.android.tts (pid 14382) has died.
11-28 07:51:02.656     819-2230/? A/ProcessStats﹕ Starting service ServiceState{43423fc8 com.facebook.push.mqtt.service.MqttPushService pkg=com.facebook.orca proc=43423fc8} without owner
11-28 07:51:02.756     819-1123/? I/ActivityManager﹕ Process com.android.providers.partnerbookmarks (pid 9046) has died.
11-28 07:51:02.856      819-857/? I/ActivityManager﹕ Process com.google.android.youtube (pid 9125) has died.
11-28 07:51:02.856      819-857/? A/ActivityManager﹕ Service ServiceRecord{46373bd0 u0 com.google.android.youtube/com.google.android.apps.youtube.app.offline.transfer.OfflineTransferService} in process ProcessRecord{45a29ac0 9125:com.google.android.youtube/u0a73} not same as in map: null
11-28 07:51:02.866      819-857/? W/ActivityManager﹕ Scheduling restart of crashed service com.google.android.youtube/.app.remote.YouTubeTvRouteProviderService in 10714ms
11-28 07:51:03.626      819-845/? I/ActivityManager﹕ Start proc com.facebook.orca for service com.facebook.orca/com.facebook.push.mqtt.service.MqttPushService: pid=9858 uid=10188 gids={50188, 3003, 1028, 1015}
11-28 07:51:03.716     819-1123/? I/ActivityManager﹕ Process com.google.android.partnersetup (pid 9080) has died.
11-28 07:51:08.806      819-845/? W/BroadcastQueue﹕ Permission Denial: broadcasting Intent { act=android.net.conn.INET_CONDITION_ACTION flg=0x4000010 (has extras) } from null (pid=-1, uid=-1) requires com.facebook.permission.prod.FB_APP_COMMUNICATION due to registered receiver BroadcastFilter{441db968 u0 ReceiverList{441db908 9858 com.facebook.orca/10188/u0 remote:4403caf8}}
11-28 07:51:08.806      819-845/? W/BroadcastQueue﹕ Permission Denial: broadcasting Intent { act=android.net.conn.CONNECTIVITY_CHANGE flg=0x4000010 (has extras) } from null (pid=-1, uid=-1) requires com.facebook.permission.prod.FB_APP_COMMUNICATION due to registered receiver BroadcastFilter{441db968 u0 ReceiverList{441db908 9858 com.facebook.orca/10188/u0 remote:4403caf8}}
11-28 07:51:09.206      819-845/? W/BroadcastQueue﹕ Permission Denial: broadcasting Intent { act=android.net.conn.CONNECTIVITY_CHANGE flg=0x4000010 (has extras) } from null (pid=-1, uid=-1) requires com.facebook.permission.prod.FB_APP_COMMUNICATION due to registered receiver BroadcastFilter{44a3a850 u0 ReceiverList{44a3a7f0 9858 com.facebook.orca/10188/u0 remote:44983e48}}
11-28 07:51:13.616      819-845/? I/ActivityManager﹕ Start proc com.google.android.youtube for service com.google.android.youtube/.app.remote.YouTubeTvRouteProviderService: pid=9974 uid=10073 gids={50073, 3003, 1028, 1015}
11-28 07:51:14.266     819-4544/? W/IntentResolver﹕ resolveIntent: multiple matches, only some with CATEGORY_DEFAULT
11-28 07:51:21.186      819-865/? I/ActivityManager﹕ Start proc com.amazon.mShop.android for service com.amazon.mShop.android/com.amazon.mcc.resources.service.ResourceUpdateService: pid=10091 uid=10143 gids={50143, 3003, 1028, 1015}
11-28 07:51:21.506  10091-10135/? E/ActivityThread﹕ Failed to find provider info for com.amazon.dcp.settings
11-28 07:51:31.956      819-882/? D/ConnectivityService﹕ Sampling interval elapsed, updating statistics ..
11-28 07:51:31.966      819-882/? D/ConnectivityService﹕ Done.
11-28 07:51:31.966      819-882/? D/ConnectivityService﹕ Setting timer for 720seconds
11-28 07:51:37.136     819-1167/? I/ActivityManager﹕ Delay finish: com.amazon.mShop.android/com.amazon.mas.client.pdiservice.PdiBroadcastReceiver
11-28 07:51:37.326      819-857/? I/ActivityManager﹕ Resuming delayed broadcast
11-28 07:51:37.356     819-2230/? I/ActivityManager﹕ Delay finish: com.amazon.mShop.android/com.amazon.client.ftue.DelayedFtueReceiver
11-28 07:51:37.366     819-8448/? I/ActivityManager﹕ Resuming delayed broadcast
11-28 07:51:37.416     819-4545/? I/ActivityManager﹕ Delay finish: com.amazon.mShop.android/com.amazon.venezia.StartupReceiver
11-28 07:51:37.436      819-856/? I/ActivityManager﹕ Resuming delayed broadcast
11-28 07:51:37.446     819-1171/? I/ActivityManager﹕ Delay finish: com.amazon.mShop.android/com.amazon.mas.client.locker.LockerBroadcastReceiver
11-28 07:51:37.526     819-1171/? I/ActivityManager﹕ Resuming delayed broadcast
11-28 07:51:37.526     819-1167/? I/ActivityManager﹕ Delay finish: com.amazon.mShop.android/com.amazon.mas.client.pfmcor.PfmCorScheduleServiceReceiver
11-28 07:51:37.536     819-2230/? I/ActivityManager﹕ Resuming delayed broadcast
11-28 07:51:37.546     819-8448/? I/ActivityManager﹕ Delay finish: com.amazon.mShop.android/com.amazon.mas.client.malware.blockedapp.BlockedAppScheduleReceiver
11-28 07:51:37.556     819-4544/? I/ActivityManager﹕ Resuming delayed broadcast
11-28 07:51:37.556      819-829/? I/ActivityManager﹕ Delay finish: com.amazon.mShop.android/com.amazon.mas.client.featureconfig.FeatureConfigScheduleReceiver
11-28 07:51:37.556     819-1549/? I/ActivityManager﹕ Resuming delayed broadcast
11-28 07:51:37.566     819-2230/? I/ActivityManager﹕ Delay finish: com.amazon.mShop.android/com.amazon.mas.client.tokenrefresh.RefreshScheduleReceiver
11-28 07:51:37.576     819-1123/? I/ActivityManager﹕ Resuming delayed broadcast
11-28 07:51:41.506     819-4545/? I/ActivityManager﹕ Process com.google.android.youtube (pid 9974) has died.
11-28 07:51:41.506     819-4545/? A/ActivityManager﹕ Service ServiceRecord{460c2338 u0 com.google.android.youtube/com.google.android.apps.youtube.app.offline.transfer.OfflineTransferService} in process ProcessRecord{43afe4c8 9974:com.google.android.youtube/u0a73} not same as in map: null
11-28 07:51:41.516     819-4545/? W/ActivityManager﹕ Scheduling restart of crashed service com.google.android.youtube/.app.remote.YouTubeTvRouteProviderService in 42856ms
11-28 07:51:52.176      819-845/? I/ActivityManager﹕ Waited long enough for: ServiceRecord{4519eb78 u0 com.amazon.mShop.android/com.amazon.sdk.availability.AvailabilityService}
11-28 07:52:16.496     819-1140/? I/ActivityManager﹕ Process com.amazon.mShop.android (pid 10091) has died.
11-28 07:52:24.416      819-845/? I/ActivityManager﹕ Start proc com.google.android.youtube for service com.google.android.youtube/.app.remote.YouTubeTvRouteProviderService: pid=10556 uid=10073 gids={50073, 3003, 1028, 1015}
11-28 07:52:25.026     819-8448/? W/IntentResolver﹕ resolveIntent: multiple matches, only some with CATEGORY_DEFAULT
11-28 07:52:37.236      819-865/? I/ActivityManager﹕ Start proc com.amazon.mShop.android for service com.amazon.mShop.android/com.amazon.avod.syncservice.MShopSyncServiceProxy: pid=10659 uid=10143 gids={50143, 3003, 1028, 1015}
11-28 07:52:37.446  10659-10715/? E/ActivityThread﹕ Failed to find provider info for com.amazon.dcp.settings
11-28 07:52:37.716     819-1167/? I/ActivityManager﹕ Process com.google.android.youtube (pid 10556) has died.
11-28 07:52:37.716     819-1167/? A/ActivityManager﹕ Service ServiceRecord{463ba208 u0 com.google.android.youtube/com.google.android.apps.youtube.app.offline.transfer.OfflineTransferService} in process ProcessRecord{428a3fc0 10556:com.google.android.youtube/u0a73} not same as in map: null
11-28 07:52:37.756     819-1167/? W/ActivityManager﹕ Scheduling restart of crashed service com.google.android.youtube/.app.remote.YouTubeTvRouteProviderService in 171424ms
11-28 07:52:39.186      819-845/? I/ActivityManager﹕ Start proc com.google.android.apps.fitness for broadcast com.google.android.apps.fitness/.api.recording.UlrSettingsReceiver: pid=10785 uid=10241 gids={50241, 3003, 1028, 1015, 3002, 3001}
11-28 07:52:40.506     819-1167/? I/ActivityManager﹕ Process com.amazon.mShop.android (pid 10659) has died.
11-28 07:52:41.796      819-845/? I/ProcessStatsService﹕ Prepared write state in 13ms
11-28 07:52:42.276      819-845/? W/ProcessCpuTracker﹕ Skipping unknown process pid 10867
11-28 07:52:59.956      819-869/? I/ActivityManager﹕ START u0 {act=android.intent.action.MAIN cat=[android.intent.category.HOME] flg=0x10200000 cmp=com.google.android.googlequicksearchbox/com.google.android.launcher.GEL} from pid 819
11-28 07:53:03.196     819-2232/? I/ActivityManager﹕ Delay finish: com.android.chrome/com.google.android.apps.chrome.snapshot.gcm.GcmReceiver$Receiver
11-28 07:53:03.196     819-4544/? I/ActivityManager﹕ Resuming delayed broadcast
11-28 07:53:03.636      819-882/? D/ConnectivityService﹕ handleInetConditionHoldEnd: net=1, condition=100, published condition=100
11-28 07:53:04.516     819-4545/? I/ActivityManager﹕ START u0 {act=android.intent.action.MAIN cat=[android.intent.category.LAUNCHER] flg=0x10200000 cmp=com.facebook.katana/.LoginActivity bnds=[798,1043][1032,1305] (has extras)} from pid 21145
11-28 07:53:12.876      819-865/? I/ActivityManager﹕ Start proc com.amazon.mShop.android for service com.amazon.mShop.android/com.amazon.avod.syncservice.MShopSyncServiceProxy: pid=11088 uid=10143 gids={50143, 3003, 1028, 1015}
11-28 07:53:13.076  11088-11150/? E/ActivityThread﹕ Failed to find provider info for com.amazon.dcp.settings
11-28 07:53:14.516      819-845/? W/ActivityManager﹕ Launch timeout has expired, giving up wake lock!
11-28 07:53:28.586     819-1140/? I/ActivityManager﹕ Delay finish: com.amazon.mShop.android/com.amazon.mas.client.pdiservice.PdiBroadcastReceiver
11-28 07:53:28.696     819-8448/? I/ActivityManager﹕ Resuming delayed broadcast
11-28 07:53:28.716      819-856/? I/ActivityManager﹕ Delay finish: com.amazon.mShop.android/com.amazon.client.ftue.DelayedFtueReceiver
11-28 07:53:28.726     819-1140/? I/ActivityManager﹕ Resuming delayed broadcast
11-28 07:53:28.756     819-4545/? I/ActivityManager﹕ Delay finish: com.amazon.mShop.android/com.amazon.venezia.StartupReceiver
11-28 07:53:28.776     819-2230/? I/ActivityManager﹕ Resuming delayed broadcast
11-28 07:53:28.796     819-1549/? I/ActivityManager﹕ Delay finish: com.amazon.mShop.android/com.amazon.mas.client.locker.LockerBroadcastReceiver
11-28 07:53:28.836     819-1141/? I/ActivityManager﹕ Resuming delayed broadcast
11-28 07:53:28.846     819-1167/? I/ActivityManager﹕ Delay finish: com.amazon.mShop.android/com.amazon.mas.client.pfmcor.PfmCorScheduleServiceReceiver
11-28 07:53:28.886     819-4545/? I/ActivityManager﹕ Resuming delayed broadcast
11-28 07:53:28.896     819-1549/? I/ActivityManager﹕ Delay finish: com.amazon.mShop.android/com.amazon.mas.client.featureconfig.FeatureConfigScheduleReceiver
11-28 07:53:28.896     819-1123/? I/ActivityManager﹕ Resuming delayed broadcast
11-28 07:53:28.906      819-856/? I/ActivityManager﹕ Delay finish: com.amazon.mShop.android/com.amazon.mas.client.tokenrefresh.RefreshScheduleReceiver
11-28 07:53:28.906     819-4545/? I/ActivityManager﹕ Resuming delayed broadcast
11-28 07:53:29.506     819-4545/? I/ActivityManager﹕ START u0 {act=com.facebook.intent.action.prod.VIEW_PERMALINK_IMMERSIVE cmp=com.facebook.katana/.activity.ImmersiveActivity (has extras)} from pid 9291
11-28 07:53:43.756      819-845/? I/ActivityManager﹕ Waited long enough for: ServiceRecord{45a11890 u0 com.amazon.mShop.android/com.amazon.sdk.availability.AvailabilityService}
11-28 07:53:49.746     819-8448/? I/ActivityManager﹕ START u0 {act=com.facebook.intent.action.prod.VIEW_PERMALINK_IMMERSIVE cmp=com.facebook.katana/.activity.ImmersiveActivity (has extras)} from pid 9291
11-28 07:53:55.496      819-882/? D/MobileDataStateTracker﹕ default: setPolicyDataEnable(enabled=true)
11-28 07:53:58.906     819-1171/? I/ActivityManager﹕ START u0 {act=com.facebook.intent.action.prod.VIEW_PERMALINK_IMMERSIVE cmp=com.facebook.katana/.activity.ImmersiveActivity (has extras)} from pid 9291
11-28 07:55:05.356     819-1140/? I/ActivityManager﹕ Start proc com.google.android.inputmethod.latin for service com.google.android.inputmethod.latin/com.android.inputmethod.latin.spellcheck.AndroidSpellCheckerService: pid=11649 uid=10055 gids={50055, 3003, 1028, 1015}
11-28 07:55:29.216      819-845/? I/ActivityManager﹕ Start proc com.google.android.youtube for service com.google.android.youtube/.app.remote.YouTubeTvRouteProviderService: pid=11735 uid=10073 gids={50073, 3003, 1028, 1015}
11-28 07:55:29.536     819-4545/? W/IntentResolver﹕ resolveIntent: multiple matches, only some with CATEGORY_DEFAULT
11-28 07:56:40.576      819-882/? D/MobileDataStateTracker﹕ default: setPolicyDataEnable(enabled=true)
11-28 07:58:05.926      819-819/? V/BackupManagerService﹕ Running a backup pass
11-28 07:58:05.936      819-941/? V/BackupManagerService﹕ clearing pending backups
11-28 07:58:05.966      819-941/? V/PerformBackupTask﹕ Beginning backup of 2 targets
11-28 07:58:05.986      819-941/? D/PerformBackupTask﹕ invokeAgentForBackup on @pm@
11-28 07:58:06.016      819-941/? I/PerformBackupTask﹕ no backup data written; not calling transport
11-28 07:58:06.016      819-941/? D/PerformBackupTask﹕ starting agent for backup of BackupRequest{pkg=android}
11-28 07:58:06.016      819-941/? D/BackupManagerService﹕ awaiting agent for ApplicationInfo{42a23d20 android}
11-28 07:58:06.016      819-819/? D/BackupManagerService﹕ agentConnected pkg=android agent=android.app.backup.BackupAgent$BackupServiceBinder@4639ebf8
11-28 07:58:06.016      819-941/? I/BackupManagerService﹕ got agent android.app.backup.BackupAgent$BackupServiceBinder@4639ebf8
11-28 07:58:06.016      819-941/? D/PerformBackupTask﹕ invokeAgentForBackup on android
11-28 07:58:06.036      819-941/? I/PerformBackupTask﹕ no backup data written; not calling transport
11-28 07:58:06.036      819-941/? D/PerformBackupTask﹕ starting agent for backup of BackupRequest{pkg=com.google.android.googlequicksearchbox}
11-28 07:58:06.036      819-941/? D/BackupManagerService﹕ awaiting agent for ApplicationInfo{4307edb0 com.google.android.googlequicksearchbox}
11-28 07:58:06.046     819-1127/? D/BackupManagerService﹕ agentConnected pkg=com.google.android.googlequicksearchbox agent=android.os.BinderProxy@43ad92e8
11-28 07:58:06.046      819-941/? I/BackupManagerService﹕ got agent android.app.IBackupAgent$Stub$Proxy@43c3ade8
11-28 07:58:06.046      819-941/? D/PerformBackupTask﹕ invokeAgentForBackup on com.google.android.googlequicksearchbox
11-28 07:58:11.926      819-941/? I/PerformBackupTask﹕ Backup pass finished.
11-28 07:58:37.686      819-857/? I/ActivityManager﹕ Start proc com.android.providers.calendar for content provider com.android.providers.calendar/.CalendarProvider2: pid=12195 uid=10001 gids={50001, 3003, 1028, 1015}
11-28 07:58:38.926      819-845/? I/ActivityManager﹕ Start proc com.google.android.calendar for broadcast com.google.android.calendar/com.android.calendar.alerts.AlertReceiver: pid=12228 uid=10029 gids={50029, 3003, 1028, 1015}
11-28 07:58:45.426     819-1127/? I/ActivityManager﹕ Process com.google.android.apps.fitness (pid 10785) has died.
11-28 07:58:52.106      819-882/? D/MobileDataStateTracker﹕ default: setPolicyDataEnable(enabled=true)
11-28 07:59:26.206     819-1171/? I/ActivityManager﹕ Start proc com.metago.astro for broadcast com.metago.astro/com.kii.cloud.collector.Receiver: pid=12341 uid=10161 gids={50161, 3003, 1028, 1015}
11-28 07:59:26.386      819-857/? I/ActivityManager﹕ Process com.google.android.inputmethod.latin (pid 11649) has died.
11-28 08:00:01.046     819-1141/? I/ActivityManager﹕ Start proc com.google.android.deskclock for broadcast com.google.android.deskclock/com.android.alarmclock.DigitalAppWidgetProvider: pid=12444 uid=10035 gids={50035, 1028}
11-28 08:00:09.496     819-1127/? I/ActivityManager﹕ Start proc com.google.android.inputmethod.latin for service com.google.android.inputmethod.latin/com.android.inputmethod.latin.spellcheck.AndroidSpellCheckerService: pid=12490 uid=10055 gids={50055, 3003, 1028, 1015}
11-28 08:01:06.166      819-865/? I/ActivityManager﹕ Start proc com.twitter.android for service com.twitter.android/com.twitter.library.platform.TwitterDataSyncService: pid=12622 uid=10148 gids={50148, 3003, 1028, 1015}
11-28 08:01:07.466     819-2232/? I/ActivityManager﹕ Process com.amazon.mShop.android (pid 11088) has died.
11-28 08:01:08.246     819-1167/? I/ActivityManager﹕ Process com.google.android.youtube (pid 11735) has died.
11-28 08:01:08.246     819-1167/? W/ActivityManager﹕ Scheduling restart of crashed service com.google.android.youtube/.app.remote.YouTubeTvRouteProviderService in 1000ms
11-28 08:01:08.246     819-1167/? A/ActivityManager﹕ Service ServiceRecord{4598af40 u0 com.google.android.youtube/com.google.android.apps.youtube.app.offline.transfer.OfflineTransferService} in process ProcessRecord{448c7968 11735:com.google.android.youtube/u0a73} not same as in map: null
11-28 08:01:08.256     819-1167/? A/ProcessStats﹕ Starting service ServiceState{44bc1218 com.google.android.youtube.app.remote.YouTubeTvRouteProviderService pkg=com.google.android.youtube proc=44bc1218} without owner
11-28 08:01:09.276      819-845/? I/ActivityManager﹕ Start proc com.google.android.youtube for service com.google.android.youtube/.app.remote.YouTubeTvRouteProviderService: pid=12688 uid=10073 gids={50073, 3003, 1028, 1015}
11-28 08:01:09.606     819-1140/? W/IntentResolver﹕ resolveIntent: multiple matches, only some with CATEGORY_DEFAULT
11-28 08:01:10.696      819-857/? I/ActivityManager﹕ Process com.android.providers.calendar (pid 12195) has died.
11-28 08:01:24.996      819-882/? D/MobileDataStateTracker﹕ default: setPolicyDataEnable(enabled=true)
11-28 08:02:04.376     819-1549/? I/ActivityManager﹕ Start proc com.amazon.mShop.android for content provider com.amazon.mShop.android/com.amazon.mShop.sso.MShopMAPInformationProvider: pid=12935 uid=10143 gids={50143, 3003, 1028, 1015}
11-28 08:02:04.586  12935-12967/? E/ActivityThread﹕ Failed to find provider info for com.amazon.dcp.settings
11-28 08:02:04.786      819-856/? I/ActivityManager﹕ Process com.google.android.calendar (pid 12228) has died.
11-28 08:02:20.226     819-1549/? I/ActivityManager﹕ Delay finish: com.amazon.mShop.android/com.amazon.mas.client.pdiservice.PdiBroadcastReceiver
11-28 08:02:20.356     819-1127/? I/ActivityManager﹕ Resuming delayed broadcast
11-28 08:02:20.396     819-1127/? I/ActivityManager﹕ Delay finish: com.amazon.mShop.android/com.amazon.client.ftue.DelayedFtueReceiver
11-28 08:02:20.416     819-2230/? I/ActivityManager﹕ Resuming delayed broadcast
11-28 08:02:20.446     819-1549/? I/ActivityManager﹕ Delay finish: com.amazon.mShop.android/com.amazon.venezia.StartupReceiver
11-28 08:02:20.466     819-1127/? I/ActivityManager﹕ Resuming delayed broadcast
11-28 08:02:20.466     819-4545/? I/ActivityManager﹕ Delay finish: com.amazon.mShop.android/com.amazon.mas.client.locker.LockerBroadcastReceiver
11-28 08:02:20.516     819-4545/? I/ActivityManager﹕ Resuming delayed broadcast
11-28 08:02:20.516      819-856/? I/ActivityManager﹕ Delay finish: com.amazon.mShop.android/com.amazon.mas.client.pfmcor.PfmCorScheduleServiceReceiver
11-28 08:02:20.526     819-1549/? I/ActivityManager﹕ Resuming delayed broadcast
11-28 08:02:20.536     819-1127/? I/ActivityManager﹕ Delay finish: com.amazon.mShop.android/com.amazon.mas.client.malware.blockedapp.BlockedAppScheduleReceiver
11-28 08:02:20.546      819-829/? I/ActivityManager﹕ Resuming delayed broadcast
11-28 08:02:20.546     819-2232/? I/ActivityManager﹕ Delay finish: com.amazon.mShop.android/com.amazon.mas.client.tokenrefresh.RefreshScheduleReceiver
11-28 08:02:20.556     819-1171/? I/ActivityManager﹕ Resuming delayed broadcast
11-28 08:02:35.276      819-845/? I/ActivityManager﹕ Waited long enough for: ServiceRecord{4540da78 u0 com.amazon.mShop.android/com.amazon.sdk.availability.AvailabilityService}
11-28 08:03:05.796      819-882/? D/MobileDataStateTracker﹕ default: setPolicyDataEnable(enabled=true)
11-28 08:03:31.976      819-882/? D/ConnectivityService﹕ Sampling interval elapsed, updating statistics ..
11-28 08:03:31.986      819-882/? D/ConnectivityService﹕ Done.
11-28 08:03:31.986      819-882/? D/ConnectivityService﹕ Setting timer for 720seconds
11-28 08:03:52.566     819-4545/? I/ActivityManager﹕ Process com.metago.astro (pid 12341) has died.
11-28 08:03:52.586      819-869/? I/ActivityManager﹕ START u0 {act=android.intent.action.MAIN cat=[android.intent.category.HOME] flg=0x10200000 cmp=com.google.android.googlequicksearchbox/com.google.android.launcher.GEL} from pid 819
11-28 08:03:54.166     819-1140/? I/ActivityManager﹕ START u0 {act=android.intent.action.MAIN cat=[android.intent.category.LAUNCHER] flg=0x10200000 cmp=com.google.android.apps.plus/.phone.HomeActivity bnds=[564,1043][798,1305] (has extras)} from pid 21145
11-28 08:03:54.296     819-2232/? I/ActivityManager﹕ Start proc com.google.android.apps.plus for activity com.google.android.apps.plus/.phone.HomeActivity: pid=13362 uid=10066 gids={50066, 3003, 3002, 1028, 1015}
11-28 08:03:54.526      819-830/? I/ActivityManager﹕ Start proc android.process.media for content provider com.android.providers.media/.MediaProvider: pid=13394 uid=10005 gids={50005, 1028, 1015, 1023, 1024, 2001, 3003, 3007}
11-28 08:03:55.426     819-2230/? W/ActivityManager﹕ Permission Denial: Accessing service ComponentInfo{com.google.android.music/com.google.android.music.dial.DialMediaRouteProviderService} from pid=13362, uid=10066 that is not exported from uid 10061
11-28 08:04:06.236     819-1141/? I/ActivityManager﹕ Process com.google.android.inputmethod.latin (pid 12490) has died.
11-28 08:04:06.266      819-857/? I/ActivityManager﹕ Process com.google.android.deskclock (pid 12444) has died.
11-28 08:04:06.406     819-1123/? I/ActivityManager﹕ Process com.amazon.mShop.android (pid 12935) has died.
11-28 08:04:11.006      819-845/? W/ProcessCpuTracker﹕ Skipping unknown process pid 13664
11-28 08:04:11.006      819-845/? W/ProcessCpuTracker﹕ Skipping unknown process pid 13665
11-28 08:04:11.006      819-845/? W/ProcessCpuTracker﹕ Skipping unknown process pid 13667
11-28 08:04:11.006      819-845/? W/ProcessCpuTracker﹕ Skipping unknown process pid 13679
11-28 08:04:11.006      819-845/? W/ProcessCpuTracker﹕ Skipping unknown process pid 13680
11-28 08:04:11.006      819-845/? W/ProcessCpuTracker﹕ Skipping unknown process pid 13690
11-28 08:04:22.266      819-882/? D/MobileDataStateTracker﹕ default: setPolicyDataEnable(enabled=true)
11-28 08:04:30.156     819-1167/? I/ActivityManager﹕ Process com.twitter.android (pid 12622) has died.
11-28 08:04:30.156     819-1167/? A/ActivityManager﹕ Service ServiceRecord{462525a8 u0 com.twitter.android/com.twitter.internal.android.service.AsyncService} in process ProcessRecord{44ca20d8 12622:com.twitter.android/u0a148} not same as in map: null
11-28 08:04:30.226     819-4544/? I/ActivityManager﹕ Process com.android.chrome (pid 8789) has died.
11-28 08:04:30.226     819-2232/? I/WindowState﹕ WIN DEATH: Window{42f759b8 u0 com.android.chrome/com.google.android.apps.chrome.ChromeTabbedActivity}
11-28 08:04:30.226     819-2232/? W/WindowManager﹕ Force-removing child win Window{43005c28 u0 SurfaceView} from container Window{42f759b8 u0 com.android.chrome/com.google.android.apps.chrome.ChromeTabbedActivity}
11-28 08:04:30.246     819-8448/? W/WindowManager﹕ Failed looking up window
    java.lang.IllegalArgumentException: Requested window android.os.BinderProxy@4446abf0 does not exist
            at com.android.server.wm.WindowManagerService.windowForClientLocked(WindowManagerService.java:7939)
            at com.android.server.wm.WindowManagerService.windowForClientLocked(WindowManagerService.java:7930)
            at com.android.server.wm.WindowState$DeathRecipient.binderDied(WindowState.java:1047)
            at android.os.BinderProxy.sendDeathNotice(Binder.java:493)
            at dalvik.system.NativeStart.run(Native Method)
11-28 08:04:30.246     819-8448/? I/WindowState﹕ WIN DEATH: null
11-28 08:04:30.246     819-4544/? I/ActivityManager﹕ Killing 9586:com.android.chrome:sandboxed_process3/u0a32i140 (adj 0): isolated not needed
11-28 08:04:30.256     819-1549/? I/ActivityManager﹕ Process com.google.android.apps.inbox (pid 8421) has died.
11-28 08:04:30.256     819-1549/? W/ActivityManager﹕ Scheduling restart of crashed service com.google.android.apps.inbox/com.google.android.apps.bigtop.service.BigTopService in 1000ms
11-28 08:04:30.256     819-4544/? I/WindowState﹕ WIN DEATH: Window{442319d8 u0 com.google.android.apps.inbox/com.google.android.apps.bigtop.activities.MainActivity}
11-28 08:04:36.536     819-1123/? I/ActivityManager﹕ START u0 {cmp=com.google.android.apps.plus/.phone.HostStreamOneUpActivity (has extras)} from pid 13362
11-28 08:04:41.146      819-845/? I/ActivityManager﹕ Start proc com.google.android.apps.fitness for broadcast com.google.android.apps.fitness/.wearable.WearableSyncReceiver: pid=13957 uid=10241 gids={50241, 3003, 1028, 1015, 3002, 3001}
11-28 08:05:05.036      819-845/? W/ProcessCpuTracker﹕ Skipping unknown process pid 14023
11-28 08:05:05.036      819-845/? W/ProcessCpuTracker﹕ Skipping unknown process pid 14026
11-28 08:05:33.266     819-1140/? I/ActivityManager﹕ START u0 {act=android.intent.action.VIEW dat=http://www.androidcentral.com/please-dont-buy-cheap-tablet-black-friday flg=0x80000 cmp=com.android.chrome/com.google.android.apps.chrome.Main (has extras)} from pid 13362
11-28 08:05:33.276      819-941/? D/BackupManagerService﹕ Now staging backup of android
11-28 08:05:33.316     819-1549/? I/ActivityManager﹕ Start proc com.android.chrome for activity com.android.chrome/com.google.android.apps.chrome.Main: pid=14106 uid=10032 gids={50032, 3003, 1028, 1015}
11-28 08:05:33.466     819-4544/? I/ActivityManager﹕ START u0 {act=android.intent.action.VIEW dat=http://www.androidcentral.com/please-dont-buy-cheap-tablet-black-friday flg=0x14002000 cmp=com.android.chrome/com.google.android.apps.chrome.ChromeTabbedActivity (has extras)} from pid 14106
11-28 08:05:33.676     819-4545/? I/ActivityManager﹕ Start proc com.android.chrome:sandboxed_process0 for service com.android.chrome/org.chromium.content.app.SandboxedProcessService0: pid=14133 uid=99141 gids={}
11-28 08:05:34.636     819-1141/? I/ActivityManager﹕ Start proc com.android.chrome:sandboxed_process1 for service com.android.chrome/org.chromium.content.app.SandboxedProcessService1: pid=14200 uid=99142 gids={}
11-28 08:05:37.366     819-8448/? I/ActivityManager﹕ Start proc com.android.providers.partnerbookmarks for content provider com.android.providers.partnerbookmarks/.PartnerBookmarksProvider: pid=14276 uid=10064 gids={50064}
11-28 08:05:37.526     819-2232/? I/ActivityManager﹕ Start proc com.google.android.partnersetup for content provider com.google.android.partnersetup/.RlzAppProvider: pid=14317 uid=10011 gids={50011, 3003}
11-28 08:05:37.636     819-2230/? I/ActivityManager﹕ Start proc com.android.chrome:sandboxed_process2 for service com.android.chrome/org.chromium.content.app.SandboxedProcessService2: pid=14333 uid=99143 gids={}
11-28 08:05:37.786     819-1140/? I/ActivityManager﹕ Process com.android.chrome:sandboxed_process2 (pid 14333) has died.
11-28 08:05:37.786     819-1140/? W/ActivityManager﹕ Scheduling restart of crashed service com.android.chrome/org.chromium.content.app.SandboxedProcessService2 in 1000ms
