11-28 07:02:54.496    2915-2956/? W/ActivityThread﹕ ClassLoader.loadClass: The class loader returned by Thread.getContextClassLoader() may fail for processes that host multiple applications. You should explicitly specify a context class loader. For example: Thread.setContextClassLoader(getClass().getClassLoader());
11-28 07:02:54.596     819-2230/? I/ActivityManager﹕ Start proc com.amazon.mShop.android for content provider com.amazon.mShop.android/com.amazon.mShop.sso.MShopMAPInformationProvider: pid=3221 uid=10143 gids={50143, 3003, 1028, 1015}
11-28 07:02:55.076    3221-3274/? E/ActivityThread﹕ Failed to find provider info for com.amazon.dcp.settings
11-28 07:02:55.296      819-857/? W/BackupManagerService﹕ dataChanged but no participant pkg='com.amazon.kindle' uid=10106
11-28 07:02:55.306     819-4544/? W/BackupManagerService﹕ dataChanged but no participant pkg='com.amazon.kindle' uid=10106
11-28 07:02:55.306     819-1167/? W/BackupManagerService﹕ dataChanged but no participant pkg='com.amazon.kindle' uid=10106
11-28 07:02:55.706     819-1127/? I/ActivityManager﹕ Process com.google.android.music:main (pid 29520) has died.
11-28 07:02:55.706     819-1127/? A/ActivityManager﹕ Service ServiceRecord{463b13e8 u0 com.google.android.music/.preferences.MusicPreferenceService$MusicPreferenceServiceBinder} in process ProcessRecord{43551840 29520:com.google.android.music:main/u0a61} not same as in map: null
11-28 07:02:55.746     819-1127/? W/ActivityManager﹕ Scheduling restart of crashed service com.google.android.music/.download.artwork.ArtDownloadService in 1000ms
11-28 07:02:55.746     819-1127/? A/ActivityManager﹕ Service ServiceRecord{4433d0b0 u0 com.google.android.music/.net.NetworkMonitor} in process ProcessRecord{43551840 29520:com.google.android.music:main/u0a61} not same as in map: null
11-28 07:02:56.706     819-1549/? W/BackupManagerService﹕ dataChanged but no participant pkg='com.amazon.kindle' uid=10106
11-28 07:02:56.736    2915-2915/? W/PackageParser﹕ No actions in intent filter at /data/app/com.amazon.kindle-1.apk Binary XML file line #230
11-28 07:02:56.776      819-845/? I/ActivityManager﹕ Start proc com.google.android.music:main for service com.google.android.music/.download.artwork.ArtDownloadService: pid=3353 uid=10061 gids={50061, 3003, 1028, 1015}
11-28 07:02:57.336     819-1123/? I/ActivityManager﹕ Delay finish: com.google.android.apps.fitness/.wearable.WearableSyncReceiver
11-28 07:02:57.416     819-1171/? I/ActivityManager﹕ Resuming delayed broadcast
11-28 07:02:58.026     819-1127/? I/ActivityManager﹕ Process com.google.android.apps.maps (pid 2675) has died.
11-28 07:02:58.066     819-2232/? I/ActivityManager﹕ Process com.google.android.videos (pid 2969) has died.
11-28 07:02:58.106     819-1127/? I/ActivityManager﹕ Process com.google.android.gms.unstable (pid 2634) has died.
11-28 07:02:58.136      819-830/? I/ActivityManager﹕ Process com.google.android.apps.magazines (pid 2599) has died.
11-28 07:03:02.536    3353-3353/? E/ActivityThread﹕ Service com.google.android.music.download.TrackDownloadQueueService has leaked ServiceConnection com.google.android.gms.http.GoogleURLConnectionFactory$1@42933400 that was originally bound here
    android.app.ServiceConnectionLeaked: Service com.google.android.music.download.TrackDownloadQueueService has leaked ServiceConnection com.google.android.gms.http.GoogleURLConnectionFactory$1@42933400 that was originally bound here
            at android.app.LoadedApk$ServiceDispatcher.<init>(LoadedApk.java:970)
            at android.app.LoadedApk.getServiceDispatcher(LoadedApk.java:864)
            at android.app.ContextImpl.bindServiceCommon(ContextImpl.java:1569)
            at android.app.ContextImpl.bindService(ContextImpl.java:1552)
            at android.content.ContextWrapper.bindService(ContextWrapper.java:517)
            at com.google.android.gms.http.GoogleURLConnectionFactory.<init>(Unknown Source)
            at com.google.android.gms.http.GoogleHttpClient.<init>(Unknown Source)
            at com.google.android.music.GoogleHttpClientFactory.createGoogleHttpClient(GoogleHttpClientFactory.java:43)
            at com.google.android.music.cloudclient.MusicRequest.createHttpClient(MusicRequest.java:115)
            at com.google.android.music.cloudclient.MusicRequest.getSharedHttpClient(MusicRequest.java:105)
            at com.google.android.music.download.BaseDownloadQueueManager.<init>(BaseDownloadQueueManager.java:110)
            at com.google.android.music.download.TrackDownloadQueueManager.<init>(TrackDownloadQueueManager.java:10)
            at com.google.android.music.download.TrackDownloadQueueService.onCreate(TrackDownloadQueueService.java:25)
            at android.app.ActivityThread.handleCreateService(ActivityThread.java:2558)
            at android.app.ActivityThread.access$1800(ActivityThread.java:135)
            at android.app.ActivityThread$H.handleMessage(ActivityThread.java:1278)
            at android.os.Handler.dispatchMessage(Handler.java:102)
            at android.os.Looper.loop(Looper.java:136)
            at android.app.ActivityThread.main(ActivityThread.java:5001)
            at java.lang.reflect.Method.invokeNative(Native Method)
            at java.lang.reflect.Method.invoke(Method.java:515)
            at com.android.internal.os.ZygoteInit$MethodAndArgsCaller.run(ZygoteInit.java:785)
            at com.android.internal.os.ZygoteInit.main(ZygoteInit.java:601)
            at de.robv.android.xposed.XposedBridge.main(XposedBridge.java:132)
            at dalvik.system.NativeStart.main(Native Method)
11-28 07:03:10.906     819-1127/? I/ActivityManager﹕ Delay finish: com.amazon.mShop.android/com.amazon.mas.client.pdiservice.PdiBroadcastReceiver
11-28 07:03:10.996     819-8448/? I/ActivityManager﹕ Resuming delayed broadcast
11-28 07:03:11.016     819-8448/? I/ActivityManager﹕ Delay finish: com.amazon.mShop.android/com.amazon.client.ftue.DelayedFtueReceiver
11-28 07:03:11.016     819-1123/? I/ActivityManager﹕ Resuming delayed broadcast
11-28 07:03:11.036     819-1140/? I/ActivityManager﹕ Delay finish: com.amazon.mShop.android/com.amazon.venezia.crashreporter.CrashReporterBroadcastReceiver
11-28 07:03:11.036      819-830/? I/ActivityManager﹕ Resuming delayed broadcast
11-28 07:03:11.056     819-2232/? I/ActivityManager﹕ Delay finish: com.amazon.mShop.android/com.amazon.venezia.StartupReceiver
11-28 07:03:11.086     819-1549/? I/ActivityManager﹕ Resuming delayed broadcast
11-28 07:03:11.086     819-4544/? I/ActivityManager﹕ Delay finish: com.amazon.mShop.android/com.amazon.mas.client.locker.LockerBroadcastReceiver
11-28 07:03:11.146     819-4544/? I/ActivityManager﹕ Resuming delayed broadcast
11-28 07:03:11.156      819-830/? I/ActivityManager﹕ Delay finish: com.amazon.mShop.android/com.amazon.mas.client.pfmcor.PfmCorScheduleServiceReceiver
11-28 07:03:11.156     819-4545/? I/ActivityManager﹕ Resuming delayed broadcast
11-28 07:03:11.166      819-829/? I/ActivityManager﹕ Delay finish: com.amazon.mShop.android/com.amazon.mas.client.malware.blockedapp.BlockedAppScheduleReceiver
11-28 07:03:11.176     819-1141/? I/ActivityManager﹕ Resuming delayed broadcast
11-28 07:03:11.186     819-8448/? I/ActivityManager﹕ Delay finish: com.amazon.mShop.android/com.amazon.mas.client.tokenrefresh.RefreshScheduleReceiver
11-28 07:03:11.186     819-1549/? I/ActivityManager﹕ Resuming delayed broadcast
11-28 07:03:11.676      819-845/? W/ProcessCpuTracker﹕ Skipping unknown process pid 3463
11-28 07:03:11.676      819-845/? W/ProcessCpuTracker﹕ Skipping unknown process pid 3466
11-28 07:03:26.087      819-845/? I/ActivityManager﹕ Waited long enough for: ServiceRecord{45229d18 u0 com.amazon.mShop.android/com.amazon.sdk.availability.AvailabilityService}
11-28 07:08:24.736      819-882/? D/ConnectivityService﹕ handleInetConditionHoldEnd: net=1, condition=100, published condition=100
11-28 07:13:37.736    6188-6188/? E/ActivityThread﹕ Failed to find provider info for com.getpebble.android.provider
11-28 07:13:37.736    6188-6188/? E/ActivityThread﹕ Failed to find provider info for com.getpebble.android.provider
11-28 07:13:37.766      819-882/? D/MobileDataStateTracker﹕ default: setPolicyDataEnable(enabled=true)
11-28 07:13:37.776      819-829/? I/ActivityManager﹕ Delay finish: com.google.android.googlequicksearchbox/com.google.android.sidekick.main.calendar.CalendarIntentService$CalendarReceiver
11-28 07:13:37.836     819-1171/? I/ActivityManager﹕ Start proc com.android.providers.calendar for content provider com.android.providers.calendar/.CalendarProvider2: pid=3788 uid=10001 gids={50001, 3003, 1028, 1015}
11-28 07:13:38.916     819-1167/? I/ActivityManager﹕ Resuming delayed broadcast
11-28 07:13:38.996     819-1167/? I/ActivityManager﹕ Start proc com.google.android.calendar for broadcast com.google.android.calendar/com.android.calendar.alerts.AlertReceiver: pid=3846 uid=10029 gids={50029, 3003, 1028, 1015}
11-28 07:13:39.216     819-1549/? I/ActivityManager﹕ Delay finish: com.google.android.calendar/com.android.calendar.alerts.AlertReceiver
11-28 07:13:44.336     819-2232/? I/ActivityManager﹕ Resuming delayed broadcast
11-28 07:13:52.796      819-882/? D/ConnectivityService﹕ Sampling interval elapsed, updating statistics ..
11-28 07:13:52.836      819-882/? D/ConnectivityService﹕ Done.
11-28 07:13:52.836      819-882/? D/ConnectivityService﹕ Setting timer for 720seconds
11-28 07:13:53.526      819-882/? D/ConnectivityService﹕ Captive portal check NetworkInfo: type: WIFI[], state: CONNECTING/CAPTIVE_PORTAL_CHECK, reason: (unspecified), extra: "az1601", roaming: false, failover: false, isAvailable: true, isConnectedToProvisioningNetwork: false
11-28 07:13:53.526      819-882/? D/ConnectivityService﹕ handleCaptivePortalTrackerCheck: call captivePortalCheckComplete ni=NetworkInfo: type: WIFI[], state: CONNECTING/CAPTIVE_PORTAL_CHECK, reason: (unspecified), extra: "az1601", roaming: false, failover: false, isAvailable: true, isConnectedToProvisioningNetwork: false
11-28 07:13:53.536      819-882/? D/ConnectivityService﹕ ConnectivityChange for WIFI: CONNECTED/CONNECTED
11-28 07:13:53.546      819-882/? E/ConnectivityService﹕ Unexpected mtu value: android.net.wifi.WifiStateTracker@431c3688
11-28 07:13:53.546      819-882/? D/ConnectivityService﹕ handleConnectivityChange: address are the same reset per doReset linkProperty[1]: resetMask=0
11-28 07:13:53.546      819-882/? D/Nat464Xlat﹕ requiresClat: netType=1, hasIPv4Address=true
11-28 07:13:53.566      819-882/? D/MobileDataStateTracker﹕ default: setPolicyDataEnable(enabled=true)
11-28 07:13:53.606      819-882/? D/MobileDataStateTracker﹕ default: setPolicyDataEnable(enabled=true)
11-28 07:13:53.646     819-1549/? I/ActivityManager﹕ Start proc com.aviary.android.feather:aviary_cds for broadcast com.aviary.android.feather/.cds.AviaryCdsReceiver: pid=3987 uid=10105 gids={50105, 3003, 1028, 1015}
11-28 07:13:54.536      819-882/? D/ConnectivityService﹕ NetTransition Wakelock for ConnectedState released by timeout
11-28 07:13:56.746     819-1167/? I/ActivityManager﹕ Start proc android.process.media for broadcast com.android.providers.downloads/.DownloadReceiver: pid=4033 uid=10005 gids={50005, 1028, 1015, 1023, 1024, 2001, 3003, 3007}
11-28 07:13:56.986      819-857/? I/ActivityManager﹕ Start proc com.google.android.setupwizard for broadcast com.google.android.setupwizard/.MobileConnectivityChangeReceiver: pid=4063 uid=10017 gids={50017, 3003}
11-28 07:13:57.086      819-856/? I/ActivityManager﹕ Start proc com.google.android.apps.magazines for broadcast com.google.android.apps.magazines/com.google.apps.dots.android.newsstand.appwidget.NewsWidgetProvider: pid=4080 uid=10058 gids={50058, 3003, 1028, 1015}
11-28 07:13:57.366     819-1123/? I/ActivityManager﹕ Start proc com.google.android.gms.unstable for service com.google.android.gms/.droidguard.DroidGuardService: pid=4103 uid=10007 gids={50007, 2001, 3003, 1007, 3006, 3007, 1028, 1015, 3002, 3001}
11-28 07:13:57.876     819-1171/? I/ActivityManager﹕ Start proc com.google.android.apps.maps for broadcast com.google.android.apps.maps/com.google.userfeedback.android.api.FeedbackConnectivityReceiver: pid=4155 uid=10059 gids={50059, 3003, 1028, 1015}
11-28 07:13:57.896     819-8448/? I/ActivityManager﹕ Killing 2771:com.devhd.feedly/u0a140 (adj 15): empty #17
11-28 07:13:58.266    4155-4178/? W/ActivityThread﹕ ClassLoader.loadClass: The class loader returned by Thread.getContextClassLoader() may fail for processes that host multiple applications. You should explicitly specify a context class loader. For example: Thread.setContextClassLoader(getClass().getClassLoader());
11-28 07:13:58.286     819-1171/? I/ActivityManager﹕ Start proc com.devhd.feedly for broadcast com.devhd.feedly/.widget.FeedlyWidgetProvider: pid=4179 uid=10140 gids={50140, 3003, 1028, 1015}
11-28 07:13:58.286     819-1171/? I/ActivityManager﹕ Killing 2903:com.google.android.apps.books/u0a26 (adj 15): empty #17
11-28 07:13:58.436      819-856/? I/ActivityManager﹕ Killing 2277:com.google.android.talk/u0a51 (adj 15): empty #17
11-28 07:13:58.626     819-2230/? I/ActivityManager﹕ Delay finish: com.android.vending/com.google.android.finsky.receivers.ConsumptionAppDataChangedReceiver
11-28 07:13:58.656     819-4545/? I/ActivityManager﹕ Resuming delayed broadcast
11-28 07:13:59.426      819-857/? I/ActivityManager﹕ Killing 3081:de.robv.android.xposed.installer/u0a179 (adj 15): empty #17
11-28 07:13:59.656      819-882/? D/ConnectivityService﹕ handleInetConditionHoldEnd: net=1, condition=100, published condition=0
11-28 07:14:03.416     819-1141/? I/ActivityManager﹕ Killing 3104:com.metago.astro/u0a161 (adj 15): empty #17
11-28 07:14:07.276     819-1141/? I/PackageManager﹕ Adding preferred activity ComponentInfo{com.google.android.talk/com.google.android.apps.hangouts.phone.BabelHomeActivity} for user 0 :
11-28 07:14:07.316      819-857/? I/PackageManager﹕ Adding preferred activity ComponentInfo{com.google.android.talk/com.google.android.apps.hangouts.phone.BabelHomeActivity} for user 0 :
11-28 07:14:07.336     819-1549/? I/PackageManager﹕ Adding preferred activity ComponentInfo{com.google.android.talk/com.google.android.apps.hangouts.phone.BabelHomeActivity} for user 0 :
11-28 07:14:07.356     819-1123/? I/PackageManager﹕ Adding preferred activity ComponentInfo{com.google.android.talk/com.google.android.apps.hangouts.phone.BabelHomeActivity} for user 0 :
11-28 07:14:07.386      819-845/? I/ActivityManager﹕ Start proc com.google.android.talk for broadcast com.google.android.talk/com.google.android.apps.hangouts.phone.PackageReplacedReceiver: pid=4248 uid=10051 gids={50051, 3003, 1028, 1015, 3002}
11-28 07:14:07.396     819-1141/? W/ActivityManager﹕ Permission Denial: Accessing service ComponentInfo{com.google.android.music/com.google.android.music.dial.DialMediaRouteProviderService} from pid=27265, uid=10060 that is not exported from uid 10061
11-28 07:14:07.396      819-829/? W/ActivityManager﹕ Permission Denial: Accessing service ComponentInfo{com.google.android.music/com.google.android.music.dial.DialMediaRouteProviderService} from pid=29522, uid=10066 that is not exported from uid 10061
11-28 07:14:07.396      819-857/? I/PackageManager﹕ Adding preferred activity ComponentInfo{com.google.android.talk/com.google.android.apps.hangouts.phone.BabelHomeActivity} for user 0 :
11-28 07:14:07.416     819-2232/? I/PackageManager﹕ Adding preferred activity ComponentInfo{com.google.android.talk/com.google.android.apps.hangouts.phone.BabelHomeActivity} for user 0 :
11-28 07:14:07.446     819-1171/? I/PackageManager﹕ Adding preferred activity ComponentInfo{com.google.android.talk/com.google.android.apps.hangouts.phone.BabelHomeActivity} for user 0 :
11-28 07:14:07.476     819-2232/? I/PackageManager﹕ Adding preferred activity ComponentInfo{com.google.android.talk/com.google.android.apps.hangouts.phone.BabelHomeActivity} for user 0 :
11-28 07:14:08.096     819-2232/? I/ActivityManager﹕ Delay finish: com.google.android.apps.plus/.service.PackagesMediaMonitor
11-28 07:14:08.166     819-2232/? I/ActivityManager﹕ Process com.google.android.apps.maps (pid 4155) has died.
11-28 07:14:08.176      819-829/? I/ActivityManager﹕ Resuming delayed broadcast
11-28 07:14:08.186     819-1127/? I/ActivityManager﹕ Delay finish: com.google.android.gms/.app.receiver.SystemBroadcastReceiver
11-28 07:14:08.406     819-1549/? I/ActivityManager﹕ Resuming delayed broadcast
11-28 07:14:08.436     819-1549/? I/ActivityManager﹕ Start proc de.robv.android.xposed.installer for broadcast de.robv.android.xposed.installer/.PackageChangeReceiver: pid=4307 uid=10179 gids={50179, 1028, 1015, 3003}
11-28 07:14:08.616     819-4544/? I/ActivityManager﹕ Start proc com.metago.astro for broadcast com.metago.astro/com.kii.cloud.collector.Receiver: pid=4323 uid=10161 gids={50161, 3003, 1028, 1015}
11-28 07:14:08.626      819-857/? I/ActivityManager﹕ Process com.trello (pid 2735) has died.
11-28 07:14:08.716     819-1141/? I/ActivityManager﹕ Process com.amazon.mShop.android (pid 3221) has died.
11-28 07:14:11.636      819-829/? W/ActivityManager﹕ Permission Denial: Accessing service ComponentInfo{com.google.android.music/com.google.android.music.dial.DialMediaRouteProviderService} from pid=20665, uid=10023 that is not exported from uid 10061
11-28 07:15:01.076     819-8448/? I/ActivityManager﹕ Start proc com.google.android.deskclock for broadcast com.google.android.deskclock/com.android.alarmclock.DigitalAppWidgetProvider: pid=4527 uid=10035 gids={50035, 1028}
11-28 07:15:01.146     819-1127/? I/ActivityManager﹕ Killing 3788:com.android.providers.calendar/u0a1 (adj 15): empty #17
11-28 07:19:14.496      819-865/? I/ActivityManager﹕ Start proc com.amazon.mShop.android for service com.amazon.mShop.android/com.amazon.avod.syncservice.MShopSyncServiceProxy: pid=4600 uid=10143 gids={50143, 3003, 1028, 1015}
11-28 07:19:14.826    4600-4648/? E/ActivityThread﹕ Failed to find provider info for com.amazon.dcp.settings
11-28 07:19:14.926     819-2232/? I/ActivityManager﹕ Process com.facebook.orca (pid 28795) has died.
11-28 07:19:14.926     819-2232/? W/ActivityManager﹕ Scheduling restart of crashed service com.facebook.orca/com.facebook.push.mqtt.service.MqttPushService in 1000ms
11-28 07:19:15.956      819-845/? I/ActivityManager﹕ Start proc com.facebook.orca for service com.facebook.orca/com.facebook.push.mqtt.service.MqttPushService: pid=4696 uid=10188 gids={50188, 3003, 1028, 1015}
11-28 07:19:16.876     819-1167/? I/ActivityManager﹕ Killing 3846:com.google.android.calendar/u0a29 (adj 15): empty #17
11-28 07:19:21.506      819-845/? W/BroadcastQueue﹕ Permission Denial: broadcasting Intent { act=android.net.conn.INET_CONDITION_ACTION flg=0x4000010 (has extras) } from null (pid=-1, uid=-1) requires com.facebook.permission.prod.FB_APP_COMMUNICATION due to registered receiver BroadcastFilter{43928a08 u0 ReceiverList{439416a8 4696 com.facebook.orca/10188/u0 remote:435f0e80}}
11-28 07:19:21.506      819-845/? W/BroadcastQueue﹕ Permission Denial: broadcasting Intent { act=android.net.conn.CONNECTIVITY_CHANGE flg=0x4000010 (has extras) } from null (pid=-1, uid=-1) requires com.facebook.permission.prod.FB_APP_COMMUNICATION due to registered receiver BroadcastFilter{43928a08 u0 ReceiverList{439416a8 4696 com.facebook.orca/10188/u0 remote:435f0e80}}
11-28 07:19:21.826      819-845/? W/BroadcastQueue﹕ Permission Denial: broadcasting Intent { act=android.net.conn.CONNECTIVITY_CHANGE flg=0x4000010 (has extras) } from null (pid=-1, uid=-1) requires com.facebook.permission.prod.FB_APP_COMMUNICATION due to registered receiver BroadcastFilter{44b68f48 u0 ReceiverList{44b68ee8 4696 com.facebook.orca/10188/u0 remote:44ba04c0}}
11-28 07:19:30.546     819-4545/? I/ActivityManager﹕ Delay finish: com.amazon.mShop.android/com.amazon.mas.client.pdiservice.PdiBroadcastReceiver
11-28 07:19:30.656     819-2230/? I/ActivityManager﹕ Resuming delayed broadcast
11-28 07:19:30.686     819-8448/? I/ActivityManager﹕ Delay finish: com.amazon.mShop.android/com.amazon.client.ftue.DelayedFtueReceiver
11-28 07:19:30.696     819-1141/? I/ActivityManager﹕ Resuming delayed broadcast
11-28 07:19:30.706     819-1140/? I/ActivityManager﹕ Delay finish: com.amazon.mShop.android/com.amazon.venezia.crashreporter.CrashReporterBroadcastReceiver
11-28 07:19:30.716     819-1171/? I/ActivityManager﹕ Resuming delayed broadcast
11-28 07:19:30.736     819-1140/? I/ActivityManager﹕ Delay finish: com.amazon.mShop.android/com.amazon.venezia.StartupReceiver
11-28 07:19:30.746      819-857/? I/ActivityManager﹕ Resuming delayed broadcast
11-28 07:19:30.766     819-4544/? I/ActivityManager﹕ Delay finish: com.amazon.mShop.android/com.amazon.mas.client.locker.LockerBroadcastReceiver
11-28 07:19:30.816     819-4544/? I/ActivityManager﹕ Resuming delayed broadcast
11-28 07:19:30.816     819-1549/? I/ActivityManager﹕ Delay finish: com.amazon.mShop.android/com.amazon.mas.client.pfmcor.PfmCorScheduleServiceReceiver
11-28 07:19:30.836     819-1171/? I/ActivityManager﹕ Resuming delayed broadcast
11-28 07:19:30.846     819-8448/? I/ActivityManager﹕ Delay finish: com.amazon.mShop.android/com.amazon.mas.client.malware.blockedapp.BlockedAppScheduleReceiver
11-28 07:19:30.846     819-1141/? I/ActivityManager﹕ Resuming delayed broadcast
11-28 07:19:30.846     819-2232/? I/ActivityManager﹕ Delay finish: com.amazon.mShop.android/com.amazon.mas.client.featureconfig.FeatureConfigScheduleReceiver
11-28 07:19:30.856     819-4545/? I/ActivityManager﹕ Resuming delayed broadcast
11-28 07:19:30.856     819-1171/? I/ActivityManager﹕ Delay finish: com.amazon.mShop.android/com.amazon.mas.client.tokenrefresh.RefreshScheduleReceiver
11-28 07:19:30.866     819-1141/? I/ActivityManager﹕ Resuming delayed broadcast
11-28 07:19:45.596      819-845/? I/ActivityManager﹕ Waited long enough for: ServiceRecord{453f8988 u0 com.amazon.mShop.android/com.amazon.sdk.availability.AvailabilityService}
11-28 07:22:41.106      819-845/? I/ProcessStatsService﹕ Prepared write state in 18ms
11-28 07:22:41.166      819-865/? I/ActivityManager﹕ Start proc com.google.android.apps.maps for service com.google.android.apps.maps/com.google.android.apps.gmm.prefetch.PrefetcherService: pid=5004 uid=10059 gids={50059, 3003, 1028, 1015}
11-28 07:22:41.756    5004-5033/? W/ActivityThread﹕ ClassLoader.loadClass: The class loader returned by Thread.getContextClassLoader() may fail for processes that host multiple applications. You should explicitly specify a context class loader. For example: Thread.setContextClassLoader(getClass().getClassLoader());
11-28 07:22:52.066     819-2230/? I/ActivityManager﹕ Killing 3987:com.aviary.android.feather:aviary_cds/u0a105 (adj 15): empty #17
11-28 07:23:24.826      819-882/? D/ConnectivityService﹕ handleInetConditionHoldEnd: net=1, condition=100, published condition=100
11-28 07:25:52.897      819-882/? D/ConnectivityService﹕ Sampling interval elapsed, updating statistics ..
11-28 07:25:52.907      819-882/? D/ConnectivityService﹕ Done.
11-28 07:25:52.907      819-882/? D/ConnectivityService﹕ Setting timer for 720seconds
11-28 07:28:37.686     819-1171/? I/ActivityManager﹕ Start proc com.android.providers.calendar for content provider com.android.providers.calendar/.CalendarProvider2: pid=5277 uid=10001 gids={50001, 3003, 1028, 1015}
11-28 07:28:38.836      819-845/? I/ActivityManager﹕ Start proc com.google.android.calendar for broadcast com.google.android.calendar/com.android.calendar.alerts.AlertReceiver: pid=5324 uid=10029 gids={50029, 3003, 1028, 1015}
11-28 07:28:38.846     819-2230/? I/ActivityManager﹕ Killing 4033:android.process.media/u0a5 (adj 15): empty #17
11-28 07:28:45.146     819-1167/? I/ActivityManager﹕ Killing 4063:com.google.android.setupwizard/u0a17 (adj 15): empty #17
11-28 07:39:31.907      819-882/? D/ConnectivityService﹕ Sampling interval elapsed, updating statistics ..
11-28 07:39:31.916      819-882/? D/ConnectivityService﹕ Done.
11-28 07:39:31.916      819-882/? D/ConnectivityService﹕ Setting timer for 720seconds
11-28 07:39:32.456      819-882/? D/ConnectivityService﹕ handleInetConditionHoldEnd: net=1, condition=100, published condition=100
11-28 07:43:37.696    6188-6188/? E/ActivityThread﹕ Failed to find provider info for com.getpebble.android.provider
11-28 07:43:37.696    6188-6188/? E/ActivityThread﹕ Failed to find provider info for com.getpebble.android.provider
11-28 07:43:37.696      819-882/? D/MobileDataStateTracker﹕ default: setPolicyDataEnable(enabled=true)
11-28 07:44:00.006      819-819/? I/ActivityManager﹕ Killing 4080:com.google.android.apps.magazines/u0a58 (adj 15): empty for 1800s
11-28 07:44:00.006      819-819/? I/ActivityManager﹕ Killing 2811:com.expenseit/u0a247 (adj 15): empty for 1801s
11-28 07:44:00.016      819-819/? I/ActivityManager﹕ Killing 4179:com.devhd.feedly/u0a140 (adj 15): empty for 1801s
11-28 07:44:00.016      819-819/? I/ActivityManager﹕ Killing 2704:air.WatchESPN/u0a185 (adj 15): empty for 1801s
11-28 07:44:00.026      819-819/? I/ActivityManager﹕ Killing 2565:com.android.chrome/u0a32 (adj 15): empty for 1802s
11-28 07:44:11.526      819-865/? I/ActivityManager﹕ Killing 2830:com.android.vending/u0a15 (adj 15): empty for 1803s
11-28 07:44:11.526      819-865/? I/ActivityManager﹕ Killing 4103:com.google.android.gms.unstable/u0a7 (adj 15): empty for 1808s
11-28 07:44:11.606      819-857/? W/ActivityManager﹕ Permission Denial: Accessing service ComponentInfo{com.google.android.music/com.google.android.music.dial.DialMediaRouteProviderService} from pid=20665, uid=10023 that is not exported from uid 10061
11-28 07:44:18.896     819-1549/? I/ActivityManager﹕ Start proc com.google.android.partnersetup for content provider com.google.android.partnersetup/.RlzAppProvider: pid=5996 uid=10011 gids={50011, 3003}
11-28 07:44:19.146     819-1123/? I/ActivityManager﹕ Killing 4307:de.robv.android.xposed.installer/u0a179 (adj 15): empty for 1810s
11-28 07:44:20.706     819-2230/? I/ActivityManager﹕ Start proc android.process.media for content provider com.android.providers.media/.MediaProvider: pid=6040 uid=10005 gids={50005, 1028, 1015, 1023, 1024, 2001, 3003, 3007}
11-28 07:44:21.626      819-856/? I/ActivityManager﹕ Killing 4248:com.google.android.talk/u0a51 (adj 15): empty for 1811s
11-28 07:45:30.696     819-1075/? D/ConnectivityService﹕ startUsingNetworkFeature reconnecting to 0: enableSUPL
11-28 07:45:30.696     819-1075/? D/ConnectivityService﹕ startUsingNetworkFeature X: return APN_REQUEST_STARTED
11-28 07:45:30.706      819-819/? D/MobileDataStateTracker﹕ supl: Broadcast received: android.intent.action.ANY_DATA_STATE apnType=supl
11-28 07:45:30.706      819-819/? D/MobileDataStateTracker﹕ supl: Received state=CONNECTING, old=DISCONNECTED, reason=dataEnabled
11-28 07:45:30.706      819-819/? D/MobileDataStateTracker﹕ supl: setDetailed state, old =IDLE and new state=CONNECTING
11-28 07:45:30.716      819-819/? D/MobileDataStateTracker﹕ fota: Broadcast received: android.intent.action.ANY_DATA_STATE apnType=fota
11-28 07:45:30.716      819-819/? D/MobileDataStateTracker﹕ fota: Received state=DISCONNECTED, old=DISCONNECTED, reason=dataEnabled
11-28 07:45:30.716      819-819/? D/MobileDataStateTracker﹕ dun: Broadcast received: android.intent.action.ANY_DATA_STATE apnType=dun
11-28 07:45:30.716      819-819/? D/MobileDataStateTracker﹕ dun: Received state=DISCONNECTED, old=DISCONNECTED, reason=dataEnabled
11-28 07:45:30.716      819-819/? D/MobileDataStateTracker﹕ ia: Broadcast received: android.intent.action.ANY_DATA_STATE apnType=ia
11-28 07:45:30.716      819-819/? D/MobileDataStateTracker﹕ ia: Received state=DISCONNECTED, old=DISCONNECTED, reason=dataEnabled
11-28 07:45:30.726      819-819/? D/MobileDataStateTracker﹕ hipri: Broadcast received: android.intent.action.ANY_DATA_STATE apnType=hipri
11-28 07:45:30.726      819-819/? D/MobileDataStateTracker﹕ hipri: Received state=DISCONNECTED, old=DISCONNECTED, reason=dataEnabled
11-28 07:45:30.726      819-819/? D/MobileDataStateTracker﹕ ims: Broadcast received: android.intent.action.ANY_DATA_STATE apnType=ims
11-28 07:45:30.726      819-819/? D/MobileDataStateTracker﹕ ims: Received state=DISCONNECTED, old=DISCONNECTED, reason=dataEnabled
11-28 07:45:30.736      819-819/? D/MobileDataStateTracker﹕ default: Broadcast received: android.intent.action.ANY_DATA_STATE apnType=default
11-28 07:45:30.736      819-819/? D/MobileDataStateTracker﹕ default: Received state=DISCONNECTED, old=DISCONNECTED, reason=dataEnabled
11-28 07:45:30.736      819-819/? D/MobileDataStateTracker﹕ mms: Broadcast received: android.intent.action.ANY_DATA_STATE apnType=mms
11-28 07:45:30.736      819-819/? D/MobileDataStateTracker﹕ mms: Received state=DISCONNECTED, old=DISCONNECTED, reason=dataEnabled
11-28 07:45:30.736      819-819/? D/MobileDataStateTracker﹕ cbs: Broadcast received: android.intent.action.ANY_DATA_STATE apnType=cbs
11-28 07:45:30.746      819-819/? D/MobileDataStateTracker﹕ cbs: Received state=DISCONNECTED, old=DISCONNECTED, reason=dataEnabled
11-28 07:45:33.766      819-819/? D/MobileDataStateTracker﹕ supl: Broadcast received: android.intent.action.ANY_DATA_STATE apnType=supl
11-28 07:45:33.776      819-819/? D/MobileDataStateTracker﹕ supl: Received state=CONNECTED, old=CONNECTING, reason=connected
11-28 07:45:33.776      819-819/? D/MobileDataStateTracker﹕ supl: setDetailed state, old =CONNECTING and new state=CONNECTED
11-28 07:45:33.776      819-882/? D/ConnectivityService﹕ ConnectivityChange for mobile_supl: CONNECTED/CONNECTED
11-28 07:45:33.846      819-882/? E/ConnectivityService﹕ Exception trying to remove a route: java.lang.IllegalStateException: command '25339 interface route remove rmnet0 default :: 0 2607:fb90:1206:d683:307d:7e66:eb6c:de82' failed with '400 25339 Failed to remove route from default table (No such process)'
11-28 07:45:33.846      819-882/? D/Nat464Xlat﹕ requiresClat: netType=3, hasIPv4Address=false
11-28 07:45:33.856      819-882/? D/MobileDataStateTracker﹕ default: setPolicyDataEnable(enabled=true)
11-28 07:45:34.076      819-882/? D/MobileDataStateTracker﹕ default: setPolicyDataEnable(enabled=true)
11-28 07:45:34.706      819-845/? W/ProcessCpuTracker﹕ Skipping unknown process pid 6227
11-28 07:45:34.706      819-845/? W/ProcessCpuTracker﹕ Skipping unknown process pid 6230
11-28 07:45:34.706      819-845/? W/ProcessCpuTracker﹕ Skipping unknown process pid 6231
11-28 07:45:34.706      819-845/? W/ProcessCpuTracker﹕ Skipping unknown process pid 6234
11-28 07:45:37.066     819-1171/? I/ActivityManager﹕ Start proc com.google.android.setupwizard for broadcast com.google.android.setupwizard/.MobileConnectivityChangeReceiver: pid=6296 uid=10017 gids={50017, 3003}
11-28 07:45:37.196     819-4544/? I/ActivityManager﹕ Start proc com.android.chrome for broadcast com.android.chrome/com.google.android.apps.chrome.precache.PrecacheServiceLauncher: pid=6318 uid=10032 gids={50032, 3003, 1028, 1015}
11-28 07:45:37.206     819-1075/? D/ConnectivityService﹕ stopUsingNetworkFeature: teardown net 0: enableSUPL
11-28 07:45:37.296      819-819/? D/MobileDataStateTracker﹕ supl: Broadcast received: android.intent.action.ANY_DATA_STATE apnType=supl
11-28 07:45:37.296      819-819/? D/MobileDataStateTracker﹕ supl: Received state=DISCONNECTED, old=CONNECTED, reason=dataDisabled
11-28 07:45:37.296      819-819/? D/MobileDataStateTracker﹕ supl: setDetailed state, old =CONNECTED and new state=DISCONNECTED
11-28 07:45:37.296      819-882/? D/ConnectivityService﹕ ConnectivityChange for mobile_supl: DISCONNECTED/DISCONNECTED
11-28 07:45:37.306      182-590/? W/FrameworkListener﹕ Handler 'interface' error (No such device)
11-28 07:45:37.316      182-590/? W/FrameworkListener﹕ Handler 'interface' error (No such device)
11-28 07:45:37.316      819-882/? D/ConnectivityService﹕ resetConnections(rmnet0, 3)
11-28 07:45:37.376      819-882/? D/Nat464Xlat﹕ requiresClat: netType=3, hasIPv4Address=false
11-28 07:45:37.396      819-882/? D/MobileDataStateTracker﹕ default: setPolicyDataEnable(enabled=true)
11-28 07:45:37.446      819-882/? D/MobileDataStateTracker﹕ default: setPolicyDataEnable(enabled=true)
11-28 07:45:37.446      819-829/? I/ActivityManager﹕ Start proc com.google.android.apps.magazines for broadcast com.google.android.apps.magazines/com.google.apps.dots.android.newsstand.appwidget.NewsWidgetProvider: pid=6349 uid=10058 gids={50058, 3003, 1028, 1015}
11-28 07:45:37.516      819-882/? D/MobileDataStateTracker﹕ default: setPolicyDataEnable(enabled=true)
11-28 07:45:37.516      819-882/? D/MobileDataStateTracker﹕ default: setPolicyDataEnable(enabled=true)
11-28 07:45:37.566     819-1123/? I/ActivityManager﹕ Start proc com.google.android.gms.unstable for service com.google.android.gms/.droidguard.DroidGuardService: pid=6362 uid=10007 gids={50007, 2001, 3003, 1007, 3006, 3007, 1028, 1015, 3002, 3001}
11-28 07:45:37.966      819-857/? I/ActivityManager﹕ Start proc air.WatchESPN for broadcast air.WatchESPN/com.espn.watchespn.NetworkChangedListener: pid=6421 uid=10185 gids={50185, 3003, 1028, 1015}
11-28 07:45:38.666     819-2230/? I/ActivityManager﹕ Start proc com.trello for broadcast com.trello/.common.ConnectivityBroadcastReceiver: pid=6450 uid=10181 gids={50181, 3003, 1028, 1015}
11-28 07:45:39.146      819-857/? I/ActivityManager﹕ Start proc com.devhd.feedly for broadcast com.devhd.feedly/.widget.FeedlyWidgetProvider: pid=6488 uid=10140 gids={50140, 3003, 1028, 1015}
11-28 07:45:39.516     819-8448/? I/ActivityManager﹕ Start proc com.expenseit for broadcast com.expenseit/.receivers.ConnectivityReceiver: pid=6505 uid=10247 gids={50247, 3003, 1028, 1015}
11-28 07:45:39.966      819-882/? D/ConnectivityService﹕ handleInetConditionHoldEnd: net=1, condition=100, published condition=100
11-28 07:45:40.086     819-2230/? I/ActivityManager﹕ Start proc com.android.vending for broadcast com.android.vending/com.google.android.finsky.receivers.ConsumptionAppDataChangedReceiver: pid=6526 uid=10015 gids={50015, 3003, 1028, 1015}
11-28 07:45:40.576     819-1140/? I/ActivityManager﹕ Killing 5277:com.android.providers.calendar/u0a1 (adj 15): empty #17
11-28 07:45:41.616     819-1167/? I/ActivityManager﹕ Process com.amazon.kindle (pid 2915) has died.
11-28 07:45:41.616     819-1167/? W/ActivityManager﹕ Scheduling restart of crashed service com.amazon.kindle/com.audible.mobile.player.service.PlayerService in 1000ms
11-28 07:45:41.666     819-8448/? I/ActivityManager﹕ Start proc com.google.android.apps.books for service com.google.android.apps.books/.service.BooksUserContentService: pid=6616 uid=10026 gids={50026, 3003, 1028, 1015}
11-28 07:45:42.276     819-4544/? I/ActivityManager﹕ Start proc com.google.android.videos for service com.google.android.videos/.store.VideoUserContentService: pid=6661 uid=10072 gids={50072, 3003, 1028, 1015, 3002}
11-28 07:45:42.676      819-845/? I/ActivityManager﹕ Start proc com.amazon.kindle for service com.amazon.kindle/com.audible.mobile.player.service.PlayerService: pid=6692 uid=10106 gids={50106, 3003, 1028, 1015, 3002}
11-28 07:45:43.176     819-2232/? I/ActivityManager﹕ Killing 5324:com.google.android.calendar/u0a29 (adj 15): empty #17
11-28 07:45:43.426      819-882/? D/ConnectivityService﹕ handleInetConditionHoldEnd: net=1, condition=100, published condition=100
11-28 07:45:43.686     819-8448/? I/ActivityManager﹕ Killing 1168:com.google.android.apps.fitness/u0a241 (adj 15): empty #17
11-28 07:45:44.036      819-856/? I/ActivityManager﹕ Killing 5996:com.google.android.partnersetup/u0a11 (adj 15): empty #17
11-28 07:45:44.566    6692-6776/? E/ActivityThread﹕ Failed to find provider info for com.amazon.dcp.settings
11-28 07:45:47.396      819-830/? I/PackageManager﹕ Adding preferred activity ComponentInfo{com.google.android.talk/com.google.android.apps.hangouts.phone.BabelHomeActivity} for user 0 :
11-28 07:45:47.426     819-2232/? I/PackageManager﹕ Adding preferred activity ComponentInfo{com.google.android.talk/com.google.android.apps.hangouts.phone.BabelHomeActivity} for user 0 :
11-28 07:45:47.456      819-856/? I/PackageManager﹕ Adding preferred activity ComponentInfo{com.google.android.talk/com.google.android.apps.hangouts.phone.BabelHomeActivity} for user 0 :
11-28 07:45:47.486     819-1167/? I/PackageManager﹕ Adding preferred activity ComponentInfo{com.google.android.talk/com.google.android.apps.hangouts.phone.BabelHomeActivity} for user 0 :
11-28 07:45:47.486      819-845/? I/ActivityManager﹕ Start proc com.google.android.talk for broadcast com.google.android.talk/com.google.android.apps.hangouts.phone.PackageReplacedReceiver: pid=6799 uid=10051 gids={50051, 3003, 1028, 1015, 3002}
11-28 07:45:47.506     819-1141/? W/ActivityManager﹕ Permission Denial: Accessing service ComponentInfo{com.google.android.music/com.google.android.music.dial.DialMediaRouteProviderService} from pid=27265, uid=10060 that is not exported from uid 10061
11-28 07:45:47.506      819-857/? W/ActivityManager﹕ Permission Denial: Accessing service ComponentInfo{com.google.android.music/com.google.android.music.dial.DialMediaRouteProviderService} from pid=29522, uid=10066 that is not exported from uid 10061
11-28 07:45:47.506     819-1127/? I/PackageManager﹕ Adding preferred activity ComponentInfo{com.google.android.talk/com.google.android.apps.hangouts.phone.BabelHomeActivity} for user 0 :
11-28 07:45:47.546     819-1171/? I/PackageManager﹕ Adding preferred activity ComponentInfo{com.google.android.talk/com.google.android.apps.hangouts.phone.BabelHomeActivity} for user 0 :
11-28 07:45:47.556      819-845/? W/BroadcastQueue﹕ Failure sending broadcast Intent { act=android.intent.action.PACKAGE_CHANGED dat=package:com.google.android.videos flg=0x4000010 (has extras) }
    android.os.TransactionTooLargeException
            at android.os.BinderProxy.transact(Native Method)
            at android.app.ApplicationThreadProxy.scheduleRegisteredReceiver(ApplicationThreadNative.java:1059)
            at com.android.server.am.BroadcastQueue.performReceiveLocked(BroadcastQueue.java:421)
            at com.android.server.am.BroadcastQueue.deliverToRegisteredReceiverLocked(BroadcastQueue.java:507)
            at com.android.server.am.BroadcastQueue.processNextBroadcast(BroadcastQueue.java:555)
            at com.android.server.am.BroadcastQueue$1.handleMessage(BroadcastQueue.java:141)
            at android.os.Handler.dispatchMessage(Handler.java:102)
            at android.os.Looper.loop(Looper.java:136)
            at com.android.server.am.ActivityManagerService$AThread.run(ActivityManagerService.java:1870)
11-28 07:45:47.576      819-830/? W/ActivityManager﹕ Permission Denial: Accessing service ComponentInfo{com.google.android.music/com.google.android.music.dial.DialMediaRouteProviderService} from pid=29522, uid=10066 that is not exported from uid 10061
11-28 07:45:47.576     819-2232/? W/ActivityManager﹕ Permission Denial: Accessing service ComponentInfo{com.google.android.music/com.google.android.music.dial.DialMediaRouteProviderService} from pid=27265, uid=10060 that is not exported from uid 10061
11-28 07:45:47.576      819-857/? I/ActivityManager﹕ Process com.amazon.mShop.android (pid 4600) has died.
11-28 07:45:47.576     819-1127/? I/PackageManager﹕ Adding preferred activity ComponentInfo{com.google.android.talk/com.google.android.apps.hangouts.phone.BabelHomeActivity} for user 0 :
11-28 07:45:47.606     819-1123/? I/PackageManager﹕ Adding preferred activity ComponentInfo{com.google.android.talk/com.google.android.apps.hangouts.phone.BabelHomeActivity} for user 0 :
11-28 07:45:47.646     819-1127/? I/PackageManager﹕ Adding preferred activity ComponentInfo{com.google.android.talk/com.google.android.apps.hangouts.phone.BabelHomeActivity} for user 0 :
11-28 07:45:47.806     819-1141/? I/PackageManager﹕ Adding preferred activity ComponentInfo{com.google.android.talk/com.google.android.apps.hangouts.phone.BabelHomeActivity} for user 0 :
11-28 07:45:47.836     819-4544/? I/PackageManager﹕ Adding preferred activity ComponentInfo{com.google.android.talk/com.google.android.apps.hangouts.phone.BabelHomeActivity} for user 0 :
11-28 07:45:47.866      819-829/? I/PackageManager﹕ Adding preferred activity ComponentInfo{com.google.android.talk/com.google.android.apps.hangouts.phone.BabelHomeActivity} for user 0 :
11-28 07:45:47.906     819-2232/? I/PackageManager﹕ Adding preferred activity ComponentInfo{com.google.android.talk/com.google.android.apps.hangouts.phone.BabelHomeActivity} for user 0 :
11-28 07:45:47.926     819-1127/? I/PackageManager﹕ Adding preferred activity ComponentInfo{com.google.android.talk/com.google.android.apps.hangouts.phone.BabelHomeActivity} for user 0 :
11-28 07:45:47.956     819-8448/? I/PackageManager﹕ Adding preferred activity ComponentInfo{com.google.android.talk/com.google.android.apps.hangouts.phone.BabelHomeActivity} for user 0 :
11-28 07:45:47.976      819-856/? I/PackageManager﹕ Adding preferred activity ComponentInfo{com.google.android.talk/com.google.android.apps.hangouts.phone.BabelHomeActivity} for user 0 :
11-28 07:45:48.266      819-830/? I/ActivityManager﹕ Delay finish: com.google.android.apps.plus/.service.PackagesMediaMonitor
11-28 07:45:48.436     819-2232/? I/ActivityManager﹕ Resuming delayed broadcast
11-28 07:45:48.486      819-829/? I/ActivityManager﹕ Start proc de.robv.android.xposed.installer for broadcast de.robv.android.xposed.installer/.PackageChangeReceiver: pid=6849 uid=10179 gids={50179, 1028, 1015, 3003}
11-28 07:45:48.626     819-2232/? I/ActivityManager﹕ Delay finish: de.robv.android.xposed.installer/.PackageChangeReceiver
11-28 07:45:48.626      819-856/? I/ActivityManager﹕ Resuming delayed broadcast
11-28 07:45:48.766     819-4545/? I/ActivityManager﹕ Process com.google.android.apps.maps (pid 5004) has died.
11-28 07:45:48.816     819-4544/? I/ActivityManager﹕ Delay finish: com.google.android.apps.plus/.service.PackagesMediaMonitor
11-28 07:45:48.826     819-1140/? I/ActivityManager﹕ Resuming delayed broadcast
11-28 07:45:48.846     819-8448/? I/ActivityManager﹕ Delay finish: com.metago.astro/com.kii.cloud.collector.Receiver
11-28 07:45:48.886     819-1171/? I/ActivityManager﹕ Resuming delayed broadcast
11-28 07:45:49.076     819-1127/? I/ActivityManager﹕ Process com.trello (pid 6450) has died.
11-28 07:45:49.956      819-857/? I/ActivityManager﹕ Process com.google.android.videos (pid 6661) has died.
11-28 07:45:54.446     819-1171/? I/ActivityManager﹕ Start proc com.amazon.mShop.android for content provider com.amazon.mShop.android/com.amazon.mShop.sso.MShopMAPInformationProvider: pid=6963 uid=10143 gids={50143, 3003, 1028, 1015}
11-28 07:45:54.666     819-4544/? I/ActivityManager﹕ Process com.google.android.apps.magazines (pid 6349) has died.
11-28 07:45:54.666    6692-6745/? W/ActivityThread﹕ ClassLoader.loadClass: The class loader returned by Thread.getContextClassLoader() may fail for processes that host multiple applications. You should explicitly specify a context class loader. For example: Thread.setContextClassLoader(getClass().getClassLoader());
11-28 07:45:54.686      819-856/? I/ActivityManager﹕ Process com.google.android.apps.books (pid 6616) has died.
11-28 07:45:54.746    6963-7017/? E/ActivityThread﹕ Failed to find provider info for com.amazon.dcp.settings
11-28 07:45:59.936     819-4545/? W/BackupManagerService﹕ dataChanged but no participant pkg='com.amazon.kindle' uid=10106
11-28 07:45:59.986    6692-6692/? W/PackageParser﹕ No actions in intent filter at /data/app/com.amazon.kindle-1.apk Binary XML file line #230
11-28 07:46:02.186     819-4545/? W/BackupManagerService﹕ dataChanged but no participant pkg='com.amazon.kindle' uid=10106
11-28 07:46:02.186     819-4544/? W/BackupManagerService﹕ dataChanged but no participant pkg='com.amazon.kindle' uid=10106
11-28 07:46:02.196      819-829/? W/BackupManagerService﹕ dataChanged but no participant pkg='com.amazon.kindle' uid=10106
11-28 07:46:10.386      819-829/? I/ActivityManager﹕ Delay finish: com.amazon.mShop.android/com.amazon.mas.client.pdiservice.PdiBroadcastReceiver
11-28 07:46:10.486     819-1123/? I/ActivityManager﹕ Resuming delayed broadcast
11-28 07:46:10.536     819-1123/? I/ActivityManager﹕ Delay finish: com.amazon.mShop.android/com.amazon.client.ftue.DelayedFtueReceiver
11-28 07:46:10.536     819-2232/? I/ActivityManager﹕ Resuming delayed broadcast
11-28 07:46:10.576      819-857/? I/ActivityManager﹕ Delay finish: com.amazon.mShop.android/com.amazon.venezia.StartupReceiver
11-28 07:46:10.616      819-856/? I/ActivityManager﹕ Resuming delayed broadcast
11-28 07:46:10.636     819-1127/? I/ActivityManager﹕ Delay finish: com.amazon.mShop.android/com.amazon.mas.client.locker.LockerBroadcastReceiver
11-28 07:46:10.656      819-856/? I/ActivityManager﹕ Resuming delayed broadcast
11-28 07:46:10.656     819-1167/? I/ActivityManager﹕ Delay finish: com.amazon.mShop.android/com.amazon.mas.client.pfmcor.PfmCorScheduleServiceReceiver
11-28 07:46:10.676     819-4544/? I/ActivityManager﹕ Resuming delayed broadcast
11-28 07:46:10.676     819-1549/? I/ActivityManager﹕ Delay finish: com.amazon.mShop.android/com.amazon.mas.client.malware.blockedapp.BlockedAppScheduleReceiver
11-28 07:46:10.676      819-856/? I/ActivityManager﹕ Resuming delayed broadcast
11-28 07:46:10.686     819-1167/? I/ActivityManager﹕ Delay finish: com.amazon.mShop.android/com.amazon.mas.client.featureconfig.FeatureConfigScheduleReceiver
11-28 07:46:10.686     819-1141/? I/ActivityManager﹕ Resuming delayed broadcast
11-28 07:46:10.696     819-4544/? I/ActivityManager﹕ Delay finish: com.amazon.mShop.android/com.amazon.mas.client.tokenrefresh.RefreshScheduleReceiver
11-28 07:46:10.696     819-1549/? I/ActivityManager﹕ Resuming delayed broadcast
11-28 07:46:25.436      819-845/? I/ActivityManager﹕ Waited long enough for: ServiceRecord{46380228 u0 com.amazon.mShop.android/com.amazon.sdk.availability.AvailabilityService}
11-28 07:47:02.886      819-864/? I/PowerManagerService﹕ Waking up from sleep...
11-28 07:47:02.936     819-1140/? I/WindowManager﹕ Lock screen displayed!
11-28 07:47:02.936      819-864/? D/DisplayPowerController﹕ Unblocked screen on after 815689265 ms
11-28 07:47:02.986     819-8448/? I/ActivityManager﹕ Start proc com.google.android.gallery3d for broadcast com.google.android.gallery3d/com.google.android.picasasync.BatteryReceiver: pid=7303 uid=10040 gids={50040, 3003, 1028, 1015}
11-28 07:47:03.526      819-829/? I/ActivityManager﹕ Start proc com.plexapp.android for broadcast com.plexapp.android/com.plexapp.plex.services.cameraupload.CameraUploadAutoStartReceiver: pid=7334 uid=10171 gids={50171, 3003, 1028, 1015}
11-28 07:47:04.026      819-829/? I/ActivityManager﹕ Start proc com.android.providers.calendar for content provider com.android.providers.calendar/.CalendarProvider2: pid=7366 uid=10001 gids={50001, 3003, 1028, 1015}
11-28 07:47:04.346     819-1171/? I/ActivityManager﹕ Start proc com.aviary.android.feather:aviary_cds for broadcast com.aviary.android.feather/.cds.AviaryCdsReceiver: pid=7400 uid=10105 gids={50105, 3003, 1028, 1015}
11-28 07:47:04.366      819-857/? W/ActivityManager﹕ Permission Denial: Accessing service ComponentInfo{com.google.android.music/com.google.android.music.dial.DialMediaRouteProviderService} from pid=7334, uid=10171 that is not exported from uid 10061
11-28 07:47:04.506     819-2230/? I/ActivityManager﹕ Start proc com.google.android.apps.fitness for broadcast com.google.android.apps.fitness/.api.recording.UlrSettingsReceiver: pid=7425 uid=10241 gids={50241, 3003, 1028, 1015, 3002, 3001}
11-28 07:47:04.936     819-1141/? I/ActivityManager﹕ Delay finish: com.google.android.apps.fitness/.wearable.WearableSyncReceiver
11-28 07:47:05.196      819-830/? I/ActivityManager﹕ Resuming delayed broadcast
11-28 07:47:05.256      819-830/? I/ActivityManager﹕ Start proc com.google.android.calendar for broadcast com.google.android.calendar/com.android.calendar.alerts.AlertReceiver: pid=7456 uid=10029 gids={50029, 3003, 1028, 1015}
11-28 07:47:05.256     819-1171/? I/ActivityManager﹕ Killing 4527:com.google.android.deskclock/u0a35 (adj 15): empty #17
11-28 07:47:11.626      819-857/? I/ActivityManager﹕ Killing 6296:com.google.android.setupwizard/u0a17 (adj 15): empty #17
11-28 07:47:12.836      819-845/? I/ActivityManager﹕ Start proc eu.chainfire.supersu for broadcast eu.chainfire.supersu/.UserPresentReceiver: pid=7546 uid=10079 gids={50079}
11-28 07:47:13.106     819-1140/? I/ActivityManager﹕ Killing 6421:air.WatchESPN/u0a185 (adj 15): empty #17
11-28 07:47:13.206     819-2232/? I/ActivityManager﹕ Start proc com.classdojo.android for broadcast com.classdojo.android/com.parse.ParseBroadcastReceiver: pid=7565 uid=10193 gids={50193, 3003, 1028, 1015}
11-28 07:47:13.846     819-1171/? I/ActivityManager﹕ Killing 6488:com.devhd.feedly/u0a140 (adj 15): empty #17
11-28 07:47:14.216      819-869/? I/ActivityManager﹕ START u0 {act=android.intent.action.MAIN cat=[android.intent.category.HOME] flg=0x10200000 cmp=com.google.android.googlequicksearchbox/com.google.android.launcher.GEL} from pid 819
11-28 07:47:14.236     819-1123/? I/ActivityManager﹕ Killing 6505:com.expenseit/u0a247 (adj 15): empty #17
11-28 07:47:14.296      819-857/? W/InputMethodManagerService﹕ Window already focused, ignoring focus gain of: com.android.internal.view.IInputMethodClient$Stub$Proxy@44b73788 attribute=android.view.inputmethod.EditorInfo@44adc9c0, token = android.os.BinderProxy@4371a348
11-28 07:47:15.296      819-869/? I/ActivityManager﹕ START u0 {act=android.intent.action.MAIN cat=[android.intent.category.HOME] flg=0x10200000 cmp=com.google.android.googlequicksearchbox/com.google.android.launcher.GEL} from pid 819
11-28 07:47:15.426     819-2232/? I/ActivityManager﹕ Process com.amazon.mShop.android (pid 6963) has died.
