At 13:31, CalWatch crashed, but it looks like lots of other stuff was being killed off / failing at the same time. Hmm.

    --------- beginning of /dev/log/system
12-25 11:06:16.038     816-1038/? I/ActivityManager﹕ Start proc ru.org.amip.ClockSync for broadcast ru.org.amip.ClockSync/.TimeChangeReceiver: pid=19836 uid=10119 gids={50119, 3003}
12-25 11:06:16.048     816-1144/? I/ActivityManager﹕ Process com.google.android.deskclock (pid 19676) has died.
12-25 11:06:16.088      816-842/? W/ProcessCpuTracker﹕ Skipping unknown process pid 19676
12-25 11:06:16.158     816-1145/? I/ActivityManager﹕ Process com.qualcomm.timeservice (pid 19696) has died.
12-25 11:06:16.208     816-1569/? I/ActivityManager﹕ Start proc com.google.android.deskclock for broadcast com.google.android.deskclock/com.android.alarmclock.DigitalAppWidgetProvider: pid=19861 uid=10035 gids={50035, 1028}
12-25 11:06:16.238      816-842/? I/ActivityManager﹕ Start proc com.google.android.tts for service com.google.android.tts/.service.GoogleTTSService: pid=19873 uid=10049 gids={50049, 3003, 1028, 1015}
12-25 11:06:16.278     816-1569/? I/ActivityManager﹕ Process com.google.android.keep (pid 19711) has died.
12-25 11:06:16.378     816-7675/? I/ActivityManager﹕ Start proc com.teslamotors.tesla for broadcast com.teslamotors.tesla/.CalendarReceiver: pid=19899 uid=10252 gids={50252, 3003, 1028, 1015, 3002}
12-25 11:06:17.288     816-1024/? I/ActivityManager﹕ Process com.verisign.mvip.main (pid 19770) has died.
12-25 11:06:19.108     816-1164/? I/ActivityManager﹕ Delay finish: com.android.providers.calendar/.CalendarProviderBroadcastReceiver
12-25 11:06:19.358     816-1541/? I/ActivityManager﹕ Resuming delayed broadcast
12-25 11:06:19.558     816-7675/? I/ActivityManager﹕ Process com.amazon.mShop.android (pid 19257) has died.
12-25 11:06:30.167      816-826/? I/ActivityManager﹕ Process com.google.android.tts (pid 19873) has died.
12-25 11:06:30.167      816-826/? W/ActivityManager﹕ Scheduling restart of crashed service com.google.android.tts/.service.GoogleTTSService in 4000ms
12-25 11:06:34.207      816-842/? I/ActivityManager﹕ Start proc com.google.android.tts for service com.google.android.tts/.service.GoogleTTSService: pid=20012 uid=10049 gids={50049, 3003, 1028, 1015}
12-25 11:06:35.197     816-2231/? I/ActivityManager﹕ Process ch.bitspin.timely (pid 19792) has died.
12-25 11:07:00.897      816-842/? I/ActivityManager﹕ Start proc com.google.android.googlequicksearchbox:search for broadcast com.google.android.googlequicksearchbox/com.google.android.velvet.location.VehicleParkReceiver: pid=20099 uid=10023 gids={50023, 3003, 3001, 1028, 3002, 1015}
12-25 11:07:01.157     816-1163/? I/ActivityManager﹕ Start proc com.google.android.partnersetup for content provider com.google.android.partnersetup/.RlzAppProvider: pid=20127 uid=10011 gids={50011, 3003}
12-25 11:07:01.407      816-826/? W/InputMethodInfo﹕ Duplicated subtype definition found: , voice
12-25 11:07:02.407     816-1145/? I/ActivityManager﹕ Process com.google.android.deskclock (pid 19861) has died.
12-25 11:07:02.437     816-1038/? I/ActivityManager﹕ Process ru.org.amip.ClockSync (pid 19836) has died.
12-25 11:07:30.977      816-865/? I/ActivityManager﹕ START u0 {act=android.intent.action.MAIN cat=[android.intent.category.HOME] flg=0x10200000 cmp=com.google.android.googlequicksearchbox/com.google.android.launcher.GEL} from pid 816
12-25 11:07:31.427     816-2231/? I/ActivityManager﹕ Process com.expenseit (pid 19817) has died.
12-25 11:07:31.467      816-827/? I/ActivityManager﹕ Process com.teslamotors.tesla (pid 19899) has died.
12-25 11:07:33.337      816-879/? D/MobileDataStateTracker﹕ default: setPolicyDataEnable(enabled=true)
12-25 11:07:33.757     816-1038/? I/ActivityManager﹕ Process com.android.providers.calendar (pid 19750) has died.
12-25 11:07:43.807     816-1163/? I/ActivityManager﹕ START u0 {act=android.intent.action.MAIN flg=0x14010000 cmp=com.google.android.googlequicksearchbox/com.google.android.velvet.ui.VelvetActivity (has extras)} from pid 1158
12-25 11:07:44.887     816-2231/? I/ActivityManager﹕ Start proc com.android.providers.calendar for content provider com.android.providers.calendar/.CalendarProvider2: pid=20674 uid=10001 gids={50001, 3003, 1028, 1015}
12-25 11:07:46.177     816-7675/? I/ActivityManager﹕ Start proc com.teslamotors.tesla for broadcast com.teslamotors.tesla/.CalendarReceiver: pid=20698 uid=10252 gids={50252, 3003, 1028, 1015, 3002}
12-25 11:07:48.317     816-1144/? I/ActivityManager﹕ START u0 {act=android.intent.action.VIEW cat=[android.intent.category.BROWSABLE] dat=http://www.countycomm.com/zulutwobuckle.html flg=0x10000000 cmp=com.android.chrome/com.google.android.apps.chrome.Main (has extras)} from pid 20099
12-25 11:07:48.377     816-1541/? I/ActivityManager﹕ Start proc com.android.chrome for activity com.android.chrome/com.google.android.apps.chrome.Main: pid=20752 uid=10032 gids={50032, 3003, 1028, 1015}
12-25 11:07:48.737     816-1186/? I/ActivityManager﹕ START u0 {act=android.intent.action.VIEW cat=[android.intent.category.BROWSABLE] dat=http://www.countycomm.com/zulutwobuckle.html flg=0x14000000 cmp=com.android.chrome/com.google.android.apps.chrome.ChromeTabbedActivity (has extras)} from pid 20752
12-25 11:07:48.737     816-1555/? W/ActivityManager﹕ Duplicate finish request for ActivityRecord{439f62e0 u0 com.android.chrome/com.google.android.apps.chrome.Main t3 f}
12-25 11:07:48.837     816-1186/? I/ActivityManager﹕ Start proc com.android.chrome:sandboxed_process0 for service com.android.chrome/org.chromium.content.app.SandboxedProcessService0: pid=20783 uid=99140 gids={}
12-25 11:07:49.847     816-1163/? I/ActivityManager﹕ Start proc com.android.chrome:sandboxed_process1 for service com.android.chrome/org.chromium.content.app.SandboxedProcessService1: pid=20847 uid=99141 gids={}
12-25 11:07:50.317     816-1163/? I/ActivityManager﹕ Process com.google.android.tts (pid 20012) has died.
12-25 11:07:50.317     816-1163/? W/ActivityManager﹕ Scheduling restart of crashed service com.google.android.tts/.service.GoogleTTSService in 1000ms
12-25 11:07:50.317     816-1163/? A/ProcessStats﹕ Starting service ServiceState{43a44508 com.google.android.tts.service.GoogleTTSService pkg=com.google.android.tts proc=43a44508} without owner
12-25 11:07:50.877     816-1144/? A/ProcessStats﹕ Starting service ServiceState{43a44508 com.google.android.tts.service.GoogleTTSService pkg=com.google.android.tts proc=43a44508} without owner
12-25 11:07:51.367      816-842/? I/ActivityManager﹕ Start proc com.google.android.tts for service com.google.android.tts/.service.GoogleTTSService: pid=20895 uid=10049 gids={50049, 3003, 1028, 1015}
12-25 11:07:51.517     816-1164/? I/ActivityManager﹕ Process com.google.android.partnersetup (pid 20127) has died.
12-25 11:07:51.677      816-826/? I/ActivityManager﹕ Process com.teslamotors.tesla (pid 20698) has died.
12-25 11:07:51.947      816-827/? I/ActivityManager﹕ Process com.android.providers.calendar (pid 20674) has died.
12-25 11:07:52.047     816-1163/? I/ActivityManager﹕ Process com.google.android.tts (pid 20895) has died.
12-25 11:07:52.047     816-1163/? W/ActivityManager﹕ Scheduling restart of crashed service com.google.android.tts/.service.GoogleTTSService in 4000ms
12-25 11:07:52.047     816-1163/? A/ProcessStats﹕ Starting service ServiceState{43a44508 com.google.android.tts.service.GoogleTTSService pkg=com.google.android.tts proc=43a44508} without owner
12-25 11:07:52.377     816-1163/? I/ActivityManager﹕ Process com.google.android.calendar (pid 19734) has died.
12-25 11:07:52.507      816-826/? I/ActivityManager﹕ Process com.nestlabs.android (pid 7458) has died.
12-25 11:07:52.507     816-7675/? I/WindowState﹕ WIN DEATH: Window{43a28408 u0 com.nestlabs.android/com.obsidian.v4.activity.MainActivity}
12-25 11:07:52.507      816-826/? A/ActivityManager﹕ Service ServiceRecord{45fd9658 u0 com.nestlabs.android/com.obsidian.v4.data.cz.service.NestService} in process ProcessRecord{42e2e160 7458:com.nestlabs.android/u0a78} not same as in map: null
12-25 11:07:53.097     816-1541/? I/ActivityManager﹕ Start proc com.android.providers.partnerbookmarks for content provider com.android.providers.partnerbookmarks/.PartnerBookmarksProvider: pid=20929 uid=10064 gids={50064}
12-25 11:07:53.447     816-1163/? I/ActivityManager﹕ Start proc com.google.android.partnersetup for content provider com.google.android.partnersetup/.RlzAppProvider: pid=20963 uid=10011 gids={50011, 3003}
12-25 11:07:53.567     816-1569/? I/ActivityManager﹕ Start proc com.android.chrome:sandboxed_process2 for service com.android.chrome/org.chromium.content.app.SandboxedProcessService2: pid=20979 uid=99142 gids={}
12-25 11:07:53.697     816-1569/? I/ActivityManager﹕ Process com.android.chrome:sandboxed_process2 (pid 20979) has died.
12-25 11:07:53.707     816-1569/? W/ActivityManager﹕ Scheduling restart of crashed service com.android.chrome/org.chromium.content.app.SandboxedProcessService2 in 12347ms
12-25 11:07:54.527     816-2231/? I/ActivityManager﹕ Start proc com.android.chrome:sandboxed_process3 for service com.android.chrome/org.chromium.content.app.SandboxedProcessService3: pid=21036 uid=99143 gids={}
12-25 11:07:54.647     816-1038/? I/ActivityManager﹕ Process com.android.chrome:sandboxed_process3 (pid 21036) has died.
12-25 11:07:54.647     816-1038/? W/ActivityManager﹕ Scheduling restart of crashed service com.android.chrome/org.chromium.content.app.SandboxedProcessService3 in 11400ms
12-25 11:07:55.447      816-879/? D/ConnectivityService﹕ handleInetConditionHoldEnd: net=1, condition=100, published condition=100
12-25 11:07:56.147      816-842/? I/ActivityManager﹕ Start proc com.google.android.tts for service com.google.android.tts/.service.GoogleTTSService: pid=21123 uid=10049 gids={50049, 3003, 1028, 1015}
12-25 11:08:00.167     816-7675/? I/ActivityManager﹕ Process com.android.providers.partnerbookmarks (pid 20929) has died.
12-25 11:08:00.207     816-1528/? I/ActivityManager﹕ Process com.google.android.partnersetup (pid 20963) has died.
12-25 11:08:00.237     816-1569/? I/ActivityManager﹕ Process com.google.android.tts (pid 21123) has died.
12-25 11:08:00.237     816-1569/? W/ActivityManager﹕ Scheduling restart of crashed service com.google.android.tts/.service.GoogleTTSService in 16000ms
12-25 11:08:01.997     816-1038/? I/ActivityManager﹕ START u0 {act=com.android.systemui.recent.action.TOGGLE_RECENTS flg=0x10800000 cmp=com.android.systemui/.recent.RecentsActivity (has extras)} from pid 944
12-25 11:08:02.497     816-1555/? I/ActivityManager﹕ Process com.facebook.katana (pid 1313) has died.
12-25 11:08:02.497     816-1555/? W/ActivityManager﹕ Scheduling restart of crashed service com.facebook.katana/com.facebook.push.mqtt.service.MqttPushService in 1000ms
12-25 11:08:02.497     816-1555/? W/ActivityManager﹕ Scheduling restart of crashed service com.facebook.katana/com.facebook.analytics.service.AnalyticsService in 23739ms
12-25 11:08:02.507     816-1528/? I/WindowState﹕ WIN DEATH: Window{43b1fa40 u0 com.facebook.katana/com.facebook.katana.activity.FbMainTabActivity}
12-25 11:08:02.517     816-1038/? I/WindowState﹕ WIN DEATH: Window{43bbe2f8 u0 com.facebook.katana/com.facebook.katana.activity.FbMainTabActivity}
12-25 11:08:03.587      816-842/? I/ActivityManager﹕ Start proc com.facebook.katana for service com.facebook.katana/com.facebook.push.mqtt.service.MqttPushService: pid=21228 uid=10110 gids={50110, 1028, 1015, 3003}
12-25 11:08:05.237     816-1164/? I/ActivityManager﹕ START u0 {cmp=com.facebook.katana/.activity.FB4ASplashScreenActivity (has extras)} from pid 21228
12-25 11:08:05.447     816-1038/? I/ActivityManager﹕ START u0 {flg=0x4000000 cmp=com.facebook.katana/.activity.FbMainTabActivity bnds=[456,870][948,1305]} from pid 21228
12-25 11:08:05.977      816-879/? D/ConnectivityService﹕ handleInetConditionHoldEnd: net=1, condition=100, published condition=100
12-25 11:08:08.777      816-842/? W/BroadcastQueue﹕ Permission Denial: broadcasting Intent { act=android.net.conn.INET_CONDITION_ACTION flg=0x4000010 (has extras) } from null (pid=-1, uid=-1) requires com.facebook.permission.prod.FB_APP_COMMUNICATION due to registered receiver BroadcastFilter{4395cd58 u0 ReceiverList{43965010 21228 com.facebook.katana/10110/u0 remote:4342c1c0}}
12-25 11:08:08.777      816-842/? W/BroadcastQueue﹕ Permission Denial: broadcasting Intent { act=android.net.conn.CONNECTIVITY_CHANGE flg=0x4000010 (has extras) } from null (pid=-1, uid=-1) requires com.facebook.permission.prod.FB_APP_COMMUNICATION due to registered receiver BroadcastFilter{4395cd58 u0 ReceiverList{43965010 21228 com.facebook.katana/10110/u0 remote:4342c1c0}}
12-25 11:08:08.807      816-827/? A/ProcessStats﹕ Starting service ServiceState{43a44508 com.google.android.tts.service.GoogleTTSService pkg=com.google.android.tts proc=43a44508} without owner
12-25 11:08:10.027      816-842/? W/BroadcastQueue﹕ Permission Denial: broadcasting Intent { act=android.net.conn.CONNECTIVITY_CHANGE flg=0x4000010 (has extras) } from null (pid=-1, uid=-1) requires com.facebook.permission.prod.FB_APP_COMMUNICATION due to registered receiver BroadcastFilter{44bda8d8 u0 ReceiverList{44beb680 21228 com.facebook.katana/10110/u0 remote:44c044c0}}
12-25 11:08:16.277      816-842/? I/ActivityManager﹕ Start proc com.google.android.tts for service com.google.android.tts/.service.GoogleTTSService: pid=21543 uid=10049 gids={50049, 3003, 1028, 1015}
12-25 11:08:26.327     816-1528/? I/ActivityManager﹕ Process com.google.android.googlequicksearchbox:search (pid 20099) has died.
12-25 11:08:26.327     816-1163/? I/WindowState﹕ WIN DEATH: Window{43fbc7d0 u0 com.google.android.googlequicksearchbox/com.google.android.velvet.ui.VelvetActivity}
12-25 11:08:26.327     816-1528/? A/ActivityManager﹕ Service ServiceRecord{455eb538 u0 com.google.android.googlequicksearchbox/com.google.android.search.core.service.SearchService} in process ProcessRecord{42e177f0 20099:com.google.android.googlequicksearchbox:search/u0a23} not same as in map: null
12-25 11:08:30.997      816-842/? I/ActivityManager﹕ Start proc com.google.android.googlequicksearchbox:search for broadcast com.google.android.googlequicksearchbox/com.google.android.velvet.location.VehicleParkReceiver: pid=21672 uid=10023 gids={50023, 3003, 3001, 1028, 3002, 1015}
12-25 11:08:31.107     816-1528/? I/ActivityManager﹕ Start proc com.google.android.partnersetup for content provider com.google.android.partnersetup/.RlzAppProvider: pid=21694 uid=10011 gids={50011, 3003}
12-25 11:08:31.167     816-1164/? I/ActivityManager﹕ Process com.android.chrome:sandboxed_process0 (pid 20783) has died.
12-25 11:08:31.167     816-1164/? W/ActivityManager﹕ Scheduling restart of crashed service com.android.chrome/org.chromium.content.app.SandboxedProcessService0 in 1000ms
12-25 11:08:31.167     816-1164/? A/ProcessStats﹕ Starting service ServiceState{43318458 org.chromium.content.app.SandboxedProcessService0 pkg=com.android.chrome proc=43318458} without owner
12-25 11:08:31.427     816-1038/? W/InputMethodInfo﹕ Duplicated subtype definition found: , voice
12-25 11:08:31.717     816-2231/? I/ActivityManager﹕ Process com.google.android.tts (pid 21543) has died.
12-25 11:08:31.717     816-2231/? W/ActivityManager﹕ Scheduling restart of crashed service com.google.android.tts/.service.GoogleTTSService in 64000ms
12-25 11:08:31.717     816-2231/? A/ProcessStats﹕ Starting service ServiceState{43a44508 com.google.android.tts.service.GoogleTTSService pkg=com.google.android.tts proc=43a44508} without owner
12-25 11:08:31.787     816-1569/? I/WindowState﹕ WIN DEATH: Window{43fd6108 u0 com.android.chrome/com.google.android.apps.chrome.ChromeTabbedActivity}
12-25 11:08:31.787     816-1186/? I/ActivityManager﹕ Process com.android.chrome (pid 20752) has died.
12-25 11:08:31.787     816-1569/? W/WindowManager﹕ Force-removing child win Window{43fe7e08 u0 SurfaceView} from container Window{43fd6108 u0 com.android.chrome/com.google.android.apps.chrome.ChromeTabbedActivity}
12-25 11:08:31.797     816-1163/? W/WindowManager﹕ Failed looking up window
    java.lang.IllegalArgumentException: Requested window android.os.BinderProxy@43a918d0 does not exist
            at com.android.server.wm.WindowManagerService.windowForClientLocked(WindowManagerService.java:7939)
            at com.android.server.wm.WindowManagerService.windowForClientLocked(WindowManagerService.java:7930)
            at com.android.server.wm.WindowState$DeathRecipient.binderDied(WindowState.java:1047)
            at android.os.BinderProxy.sendDeathNotice(Binder.java:493)
            at dalvik.system.NativeStart.run(Native Method)
12-25 11:08:31.797     816-1163/? I/WindowState﹕ WIN DEATH: null
12-25 11:08:31.797     816-1186/? I/ActivityManager﹕ Killing 20847:com.android.chrome:sandboxed_process1/u0a32i141 (adj 0): isolated not needed
12-25 11:08:50.317      816-842/? I/ActivityManager﹕ Start proc com.android.chrome for broadcast com.android.chrome/com.google.ipc.invalidation.ticl.android2.AndroidInternalScheduler$AlarmReceiver: pid=21810 uid=10032 gids={50032, 3003, 1028, 1015}
12-25 11:09:35.757      816-842/? I/ActivityManager﹕ Start proc com.google.android.tts for service com.google.android.tts/.service.GoogleTTSService: pid=21944 uid=10049 gids={50049, 3003, 1028, 1015}
12-25 11:09:49.257      816-861/? I/ActivityManager﹕ Start proc com.amazon.mShop.android for service com.amazon.mShop.android/com.amazon.avod.syncservice.MShopSyncServiceProxy: pid=22038 uid=10143 gids={50143, 3003, 1028, 1015}
12-25 11:09:49.557  22038-22077/? E/ActivityThread﹕ Failed to find provider info for com.amazon.dcp.settings
12-25 11:10:05.197     816-1569/? I/ActivityManager﹕ Delay finish: com.amazon.mShop.android/com.amazon.mas.client.pdiservice.PdiBroadcastReceiver
12-25 11:10:05.307     816-1038/? I/ActivityManager﹕ Resuming delayed broadcast
12-25 11:10:05.367     816-1038/? I/ActivityManager﹕ Delay finish: com.amazon.mShop.android/com.amazon.venezia.StartupReceiver
12-25 11:10:05.387     816-1145/? I/ActivityManager﹕ Resuming delayed broadcast
12-25 11:10:05.387      816-826/? I/ActivityManager﹕ Delay finish: com.amazon.mShop.android/com.amazon.mas.client.locker.LockerBroadcastReceiver
12-25 11:10:05.427      816-826/? I/ActivityManager﹕ Resuming delayed broadcast
12-25 11:10:05.427     816-1163/? I/ActivityManager﹕ Delay finish: com.amazon.mShop.android/com.amazon.mas.client.pfmcor.PfmCorScheduleServiceReceiver
12-25 11:10:05.447     816-2231/? I/ActivityManager﹕ Resuming delayed broadcast
12-25 11:10:05.457     816-1164/? I/ActivityManager﹕ Delay finish: com.amazon.mShop.android/com.amazon.mas.client.featureconfig.FeatureConfigScheduleReceiver
12-25 11:10:05.457     816-2231/? I/ActivityManager﹕ Resuming delayed broadcast
12-25 11:10:05.457     816-1186/? I/ActivityManager﹕ Delay finish: com.amazon.mShop.android/com.amazon.mas.client.tokenrefresh.RefreshScheduleReceiver
12-25 11:10:05.467     816-1569/? I/ActivityManager﹕ Resuming delayed broadcast
12-25 11:10:12.947      816-879/? D/MobileDataStateTracker﹕ default: setPolicyDataEnable(enabled=true)
12-25 11:10:20.237      816-842/? I/ActivityManager﹕ Waited long enough for: ServiceRecord{4524ba48 u0 com.amazon.mShop.android/com.amazon.sdk.availability.AvailabilityService}
12-25 11:11:01.877      816-866/? I/PowerManagerService﹕ Going to sleep by user request...
12-25 11:11:02.707      816-816/? W/ProcessCpuTracker﹕ Skipping unknown process pid 22383
12-25 11:13:39.462      816-827/? I/ActivityManager﹕ Start proc com.google.android.apps.fitness for broadcast com.google.android.apps.fitness/.api.services.ActivitySummaryAlarmReceiver: pid=22712 uid=10241 gids={50241, 3003, 1028, 1015, 3002, 3001}
12-25 11:13:42.072      816-842/? W/ProcessCpuTracker﹕ Skipping unknown process pid 22727
12-25 11:14:43.742      816-861/? I/ActivityManager﹕ Start proc com.fidelity.android for service com.fidelity.android/.util.pebble.WatchListRefreshService: pid=22812 uid=10121 gids={50121, 3003, 1028, 1015}
12-25 11:14:43.792      816-861/? I/ActivityManager﹕ Start proc com.twitter.android for service com.twitter.android/com.twitter.library.platform.TwitterDataSyncService: pid=22823 uid=10148 gids={50148, 3003, 1028, 1015}
12-25 11:14:43.892      816-879/? D/MobileDataStateTracker﹕ default: setPolicyDataEnable(enabled=true)
12-25 11:14:44.012  22812-22812/? E/ActivityThread﹕ Failed to find provider info for com.getpebble.android.provider
12-25 11:14:44.012  22812-22812/? E/ActivityThread﹕ Failed to find provider info for com.getpebble.android.provider
12-25 11:15:01.082      816-842/? I/ActivityManager﹕ Start proc com.google.android.deskclock for broadcast com.google.android.deskclock/com.android.alarmclock.DigitalAppWidgetProvider: pid=22941 uid=10035 gids={50035, 1028}
12-25 11:15:08.822     816-1163/? I/ActivityManager﹕ Start proc com.android.providers.calendar for content provider com.android.providers.calendar/.CalendarProvider2: pid=23013 uid=10001 gids={50001, 3003, 1028, 1015}
12-25 11:15:08.822     816-1541/? W/ActivityManager﹕ Permission Denial: Accessing service ComponentInfo{com.google.android.music/com.google.android.music.dial.DialMediaRouteProviderService} from pid=21672, uid=10023 that is not exported from uid 10061
12-25 11:15:08.852     816-1145/? I/ActivityManager﹕ Start proc com.google.android.youtube for service com.google.android.youtube/.app.remote.YouTubeTvRouteProviderService: pid=23026 uid=10073 gids={50073, 3003, 1028, 1015}
12-25 11:15:09.442     816-1541/? W/IntentResolver﹕ resolveIntent: multiple matches, only some with CATEGORY_DEFAULT
12-25 11:15:10.002      816-842/? I/ActivityManager﹕ Start proc com.google.android.calendar for broadcast com.google.android.calendar/com.android.calendar.alerts.AlertReceiver: pid=23124 uid=10029 gids={50029, 3003, 1028, 1015}
12-25 11:15:10.302      816-826/? I/ActivityManager﹕ Start proc com.teslamotors.tesla for broadcast com.teslamotors.tesla/.CalendarReceiver: pid=23151 uid=10252 gids={50252, 3003, 1028, 1015, 3002}
12-25 11:15:12.572     816-1528/? I/ActivityManager﹕ Delay finish: com.google.android.googlequicksearchbox/com.google.android.sidekick.main.calendar.CalendarIntentService$CalendarReceiver
12-25 11:15:12.652     816-1569/? I/ActivityManager﹕ Resuming delayed broadcast
12-25 11:15:15.902      816-842/? W/ProcessCpuTracker﹕ Skipping unknown process pid 23237
12-25 11:15:15.902      816-842/? W/ProcessCpuTracker﹕ Skipping unknown process pid 23238
12-25 11:15:15.902      816-842/? W/ProcessCpuTracker﹕ Skipping unknown process pid 23240
12-25 11:16:06.732      816-879/? D/ConnectivityService﹕ Sampling interval elapsed, updating statistics ..
12-25 11:16:06.742      816-879/? D/ConnectivityService﹕ Done.
12-25 11:16:06.742      816-879/? D/ConnectivityService﹕ Setting timer for 720seconds
12-25 11:16:07.262      816-879/? D/ConnectivityService﹕ handleInetConditionHoldEnd: net=1, condition=100, published condition=100
12-25 11:16:48.772     816-1528/? I/ActivityManager﹕ Start proc com.metago.astro for broadcast com.metago.astro/com.kii.cloud.collector.Receiver: pid=23328 uid=10161 gids={50161, 3003, 1028, 1015}
12-25 11:18:56.292      816-879/? D/ConnectivityService﹕ handleInetConditionHoldEnd: net=1, condition=100, published condition=100
12-25 11:21:31.742      816-842/? W/ProcessCpuTracker﹕ Skipping unknown process pid 23621
12-25 11:21:31.752      816-842/? W/ProcessCpuTracker﹕ Skipping unknown process pid 23622
12-25 11:21:31.752      816-842/? W/ProcessCpuTracker﹕ Skipping unknown process pid 23624
12-25 11:21:31.752      816-842/? W/ProcessCpuTracker﹕ Skipping unknown process pid 23625
12-25 11:21:31.752      816-842/? W/ProcessCpuTracker﹕ Skipping unknown process pid 23626
12-25 11:21:31.752      816-842/? W/ProcessCpuTracker﹕ Skipping unknown process pid 23628
12-25 11:25:45.992     816-1569/? I/PackageManager﹕ Adding preferred activity ComponentInfo{com.google.android.talk/com.google.android.apps.hangouts.phone.BabelHomeActivity} for user 0 :
12-25 11:25:46.022      816-826/? I/PackageManager﹕ Adding preferred activity ComponentInfo{com.google.android.talk/com.google.android.apps.hangouts.phone.BabelHomeActivity} for user 0 :
12-25 11:25:46.042     816-1555/? I/PackageManager﹕ Adding preferred activity ComponentInfo{com.google.android.talk/com.google.android.apps.hangouts.phone.BabelHomeActivity} for user 0 :
12-25 11:25:46.062      816-853/? I/PackageManager﹕ Adding preferred activity ComponentInfo{com.google.android.talk/com.google.android.apps.hangouts.phone.BabelHomeActivity} for user 0 :
12-25 11:25:46.112      816-842/? I/ActivityManager﹕ Start proc com.google.android.talk for broadcast com.google.android.talk/com.google.android.apps.hangouts.sms.MmsWapPushDeliverReceiver: pid=23677 uid=10051 gids={50051, 3003, 1028, 1015, 3002}
12-25 11:25:48.312     816-2231/? D/ConnectivityService﹕ startUsingNetworkFeature reconnecting to 0: enableMMS
12-25 11:25:48.312     816-2231/? D/ConnectivityService﹕ startUsingNetworkFeature X: return APN_REQUEST_STARTED
12-25 11:25:48.322      816-816/? D/MobileDataStateTracker﹕ mms: Broadcast received: android.intent.action.ANY_DATA_STATE apnType=mms
12-25 11:25:48.322      816-816/? D/MobileDataStateTracker﹕ mms: Received state=CONNECTING, old=DISCONNECTED, reason=dataEnabled
12-25 11:25:48.332      816-816/? D/MobileDataStateTracker﹕ mms: setDetailed state, old =IDLE and new state=CONNECTING
12-25 11:25:48.332      816-816/? D/MobileDataStateTracker﹕ fota: Broadcast received: android.intent.action.ANY_DATA_STATE apnType=fota
12-25 11:25:48.332      816-816/? D/MobileDataStateTracker﹕ fota: Received state=DISCONNECTED, old=DISCONNECTED, reason=dataEnabled
12-25 11:25:48.342      816-816/? D/MobileDataStateTracker﹕ dun: Broadcast received: android.intent.action.ANY_DATA_STATE apnType=dun
12-25 11:25:48.342      816-816/? D/MobileDataStateTracker﹕ dun: Received state=DISCONNECTED, old=DISCONNECTED, reason=dataEnabled
12-25 11:25:48.342      816-816/? D/MobileDataStateTracker﹕ ia: Broadcast received: android.intent.action.ANY_DATA_STATE apnType=ia
12-25 11:25:48.342      816-816/? D/MobileDataStateTracker﹕ ia: Received state=DISCONNECTED, old=DISCONNECTED, reason=dataEnabled
12-25 11:25:48.352      816-816/? D/MobileDataStateTracker﹕ supl: Broadcast received: android.intent.action.ANY_DATA_STATE apnType=supl
12-25 11:25:48.352      816-816/? D/MobileDataStateTracker﹕ supl: Received state=DISCONNECTED, old=DISCONNECTED, reason=dataEnabled
12-25 11:25:48.352      816-816/? D/MobileDataStateTracker﹕ hipri: Broadcast received: android.intent.action.ANY_DATA_STATE apnType=hipri
12-25 11:25:48.352      816-816/? D/MobileDataStateTracker﹕ hipri: Received state=DISCONNECTED, old=DISCONNECTED, reason=dataEnabled
12-25 11:25:48.362      816-816/? D/MobileDataStateTracker﹕ ims: Broadcast received: android.intent.action.ANY_DATA_STATE apnType=ims
12-25 11:25:48.372      816-816/? D/MobileDataStateTracker﹕ ims: Received state=DISCONNECTED, old=DISCONNECTED, reason=dataEnabled
12-25 11:25:48.372      816-816/? D/MobileDataStateTracker﹕ default: Broadcast received: android.intent.action.ANY_DATA_STATE apnType=default
12-25 11:25:48.372      816-816/? D/MobileDataStateTracker﹕ default: Received state=DISCONNECTED, old=DISCONNECTED, reason=dataEnabled
12-25 11:25:48.372      816-816/? D/MobileDataStateTracker﹕ cbs: Broadcast received: android.intent.action.ANY_DATA_STATE apnType=cbs
12-25 11:25:48.382      816-816/? D/MobileDataStateTracker﹕ cbs: Received state=DISCONNECTED, old=DISCONNECTED, reason=dataEnabled
12-25 11:25:50.612      816-816/? D/MobileDataStateTracker﹕ mms: Broadcast received: android.intent.action.ANY_DATA_STATE apnType=mms
12-25 11:25:50.612      816-816/? D/MobileDataStateTracker﹕ mms: Received state=CONNECTED, old=CONNECTING, reason=connected
12-25 11:25:50.612      816-816/? D/MobileDataStateTracker﹕ mms: setDetailed state, old =CONNECTING and new state=CONNECTED
12-25 11:25:50.612      816-879/? D/ConnectivityService﹕ ConnectivityChange for mobile_mms: CONNECTED/CONNECTED
12-25 11:25:50.652      816-879/? E/ConnectivityService﹕ Exception trying to remove a route: java.lang.IllegalStateException: command '11730 interface route remove rmnet0 default :: 0 2607:fb90:200e:7f14:c436:9b7c:41bf:1a38' failed with '400 11730 Failed to remove route from default table (No such process)'
12-25 11:25:50.652      816-879/? D/Nat464Xlat﹕ requiresClat: netType=2, hasIPv4Address=false
12-25 11:25:50.652      816-879/? D/MobileDataStateTracker﹕ default: setPolicyDataEnable(enabled=true)
12-25 11:25:50.772      816-879/? D/MobileDataStateTracker﹕ default: setPolicyDataEnable(enabled=true)
12-25 11:26:17.882      816-827/? I/ActivityManager﹕ Start proc android.process.media for broadcast com.android.providers.downloads/.DownloadReceiver: pid=23869 uid=10005 gids={50005, 1028, 1015, 1023, 1024, 2001, 3003, 3007}
12-25 11:26:18.082     816-1164/? I/ActivityManager﹕ Start proc com.google.android.setupwizard for broadcast com.google.android.setupwizard/.MobileConnectivityChangeReceiver: pid=23895 uid=10017 gids={50017, 3003}
12-25 11:26:18.082     816-2231/? I/ActivityManager﹕ Process com.amazon.kindle (pid 29570) has died.
12-25 11:26:18.082     816-2231/? W/ActivityManager﹕ Scheduling restart of crashed service com.amazon.kindle/com.audible.mobile.player.service.PlayerService in 1000ms
12-25 11:26:18.142     816-1145/? D/ConnectivityService﹕ requestRouteToHostAddress ok=true
12-25 11:26:18.442     816-1541/? I/ActivityManager﹕ Start proc com.google.android.apps.plus for broadcast com.google.android.apps.plus/.service.ConnectivityReceiver: pid=23914 uid=10066 gids={50066, 3003, 3002, 1028, 1015}
12-25 11:26:18.592     816-1144/? I/ActivityManager﹕ Start proc com.google.android.gms.unstable for service com.google.android.gms/.droidguard.DroidGuardService: pid=23926 uid=10007 gids={50007, 2001, 3003, 1007, 3006, 3007, 3002, 3001, 1028, 1015}
12-25 11:26:18.662      816-879/? D/ConnectivityService﹕ handleInetConditionHoldEnd: net=1, condition=100, published condition=100
12-25 11:26:19.112      816-842/? I/ActivityManager﹕ Start proc com.amazon.kindle for service com.amazon.kindle/com.audible.mobile.player.service.PlayerService: pid=23959 uid=10106 gids={50106, 3003, 1028, 1015, 3002}
12-25 11:26:19.292      816-853/? I/ActivityManager﹕ Start proc air.WatchESPN for broadcast air.WatchESPN/com.espn.watchespn.NetworkChangedListener: pid=23976 uid=10185 gids={50185, 3003, 1028, 1015}
12-25 11:26:19.812  23959-24004/? E/ActivityThread﹕ Failed to find provider info for com.amazon.dcp.settings
12-25 11:26:20.022     816-1164/? I/ActivityManager﹕ Start proc com.expenseit for broadcast com.expenseit/.receivers.ConnectivityReceiver: pid=24020 uid=10247 gids={50247, 3003, 1028, 1015}
12-25 11:26:20.022     816-1164/? I/ActivityManager﹕ Killing 21694:com.google.android.partnersetup/u0a11 (adj 15): empty #17
12-25 11:26:20.032     816-1144/? I/ActivityManager﹕ Process com.twitter.android (pid 22823) has died.
12-25 11:26:20.032     816-1144/? A/ActivityManager﹕ Service ServiceRecord{45141040 u0 com.twitter.android/com.twitter.internal.android.service.AsyncService} in process ProcessRecord{43f6ab08 22823:com.twitter.android/u0a148} not same as in map: null
12-25 11:26:20.782     816-1164/? I/ActivityManager﹕ Start proc com.HBO for broadcast com.HBO/com.hbo.utils.ConnectivityReceiver: pid=24047 uid=10060 gids={50060, 1028, 1015, 3003}
12-25 11:26:20.862     816-1024/? I/ActivityManager﹕ Process com.google.android.tts (pid 21944) has died.
12-25 11:26:20.862     816-1024/? W/ActivityManager﹕ Scheduling restart of crashed service com.google.android.tts/.service.GoogleTTSService in 1000ms
12-25 11:26:21.122      816-826/? I/ActivityManager﹕ Process com.google.android.youtube (pid 23026) has died.
12-25 11:26:21.122      816-826/? A/ActivityManager﹕ Service ServiceRecord{455b6b78 u0 com.google.android.youtube/com.google.android.apps.youtube.app.offline.transfer.OfflineTransferService} in process ProcessRecord{44e58d70 23026:com.google.android.youtube/u0a73} not same as in map: null
12-25 11:26:21.252     816-2231/? I/ActivityManager﹕ Process com.google.android.googlequicksearchbox:search (pid 21672) has died.
12-25 11:26:21.382      816-827/? I/ActivityManager﹕ Process com.google.android.apps.fitness (pid 22712) has died.
12-25 11:26:21.492     816-1555/? I/ActivityManager﹕ Start proc ru.org.amip.ClockSync for broadcast ru.org.amip.ClockSync/.ConnectivityReceiver: pid=24073 uid=10119 gids={50119, 3003}
12-25 11:26:21.502     816-1024/? W/ActivityManager﹕ Permission Denial: Accessing service ComponentInfo{com.google.android.music/com.google.android.music.dial.DialMediaRouteProviderService} from pid=24047, uid=10060 that is not exported from uid 10061
12-25 11:26:21.682     816-1569/? I/ActivityManager﹕ Start proc com.google.android.youtube for service com.google.android.youtube/.app.remote.YouTubeTvRouteProviderService: pid=24087 uid=10073 gids={50073, 3003, 1028, 1015}
12-25 11:26:21.802     816-1144/? I/ActivityManager﹕ Start proc com.google.zagat for broadcast com.google.zagat/com.google.android.apps.zagat.receivers.ConnectionReceiver: pid=24107 uid=10088 gids={50088, 3003, 1028, 1015}
12-25 11:26:21.892      816-842/? I/ActivityManager﹕ Start proc com.google.android.tts for service com.google.android.tts/.service.GoogleTTSService: pid=24122 uid=10049 gids={50049, 3003, 1028, 1015}
12-25 11:26:21.982     816-1024/? I/ActivityManager﹕ Process com.google.android.calendar (pid 23124) has died.
12-25 11:26:22.012     816-1528/? I/ActivityManager﹕ Start proc com.concur.breeze for broadcast com.concur.breeze/com.apptentive.android.sdk.comm.NetworkStateReceiver: pid=24144 uid=10164 gids={50164, 3003, 1028, 1015}
12-25 11:26:22.152     816-1555/? W/IntentResolver﹕ resolveIntent: multiple matches, only some with CATEGORY_DEFAULT
12-25 11:26:22.372     816-1186/? I/ActivityManager﹕ Process air.WatchESPN (pid 23976) has died.
12-25 11:26:22.392     816-1024/? I/ActivityManager﹕ Process com.teslamotors.tesla (pid 23151) has died.
12-25 11:26:22.462  23959-24007/? W/ActivityThread﹕ ClassLoader.loadClass: The class loader returned by Thread.getContextClassLoader() may fail for processes that host multiple applications. You should explicitly specify a context class loader. For example: Thread.setContextClassLoader(getClass().getClassLoader());
12-25 11:26:22.522      816-827/? I/ActivityManager﹕ Process com.expenseit (pid 24020) has died.
12-25 11:26:22.752     816-1024/? I/ActivityManager﹕ Process com.amazon.mShop.android (pid 22038) has died.
12-25 11:26:23.232     816-1038/? D/ConnectivityService﹕ requestRouteToHostAddress ok=true
12-25 11:26:23.262     816-1528/? I/ActivityManager﹕ Start proc com.trello for broadcast com.trello/.common.ConnectivityBroadcastReceiver: pid=24242 uid=10181 gids={50181, 3003, 1028, 1015}
12-25 11:26:23.452     816-1164/? D/ConnectivityService﹕ stopUsingNetworkFeature: teardown net 0: enableMMS
12-25 11:26:23.542      816-816/? D/MobileDataStateTracker﹕ mms: Broadcast received: android.intent.action.ANY_DATA_STATE apnType=mms
12-25 11:26:23.542      816-816/? D/MobileDataStateTracker﹕ mms: Received state=DISCONNECTED, old=CONNECTED, reason=dataDisabled
12-25 11:26:23.542      816-816/? D/MobileDataStateTracker﹕ mms: setDetailed state, old =CONNECTED and new state=DISCONNECTED
12-25 11:26:23.542      816-879/? D/ConnectivityService﹕ ConnectivityChange for mobile_mms: DISCONNECTED/DISCONNECTED
12-25 11:26:23.562      178-591/? W/FrameworkListener﹕ Handler 'interface' error (No such device)
12-25 11:26:23.582      178-591/? W/FrameworkListener﹕ Handler 'interface' error (No such device)
12-25 11:26:23.582      816-879/? D/ConnectivityService﹕ resetConnections(rmnet0, 3)
12-25 11:26:23.642      816-879/? D/Nat464Xlat﹕ requiresClat: netType=2, hasIPv4Address=false
12-25 11:26:23.662      816-879/? D/MobileDataStateTracker﹕ default: setPolicyDataEnable(enabled=true)
12-25 11:26:23.752      816-879/? D/MobileDataStateTracker﹕ default: setPolicyDataEnable(enabled=true)
12-25 11:26:23.762      816-879/? D/MobileDataStateTracker﹕ default: setPolicyDataEnable(enabled=true)
12-25 11:26:23.782      816-879/? D/MobileDataStateTracker﹕ default: setPolicyDataEnable(enabled=true)
12-25 11:26:23.972     816-1555/? I/ActivityManager﹕ Start proc com.nytimes.android for broadcast com.nytimes.android/.receiver.NetworkBroadcastReceiver: pid=24326 uid=10127 gids={50127, 3003, 1028, 1015}
12-25 11:26:24.432  23959-23959/? W/PackageParser﹕ No actions in intent filter at /data/app/com.amazon.kindle-2.apk Binary XML file line #376
12-25 11:26:24.522     816-1038/? I/ActivityManager﹕ Start proc com.devhd.feedly for broadcast com.devhd.feedly/.widget.FeedlyWidgetProvider: pid=24377 uid=10140 gids={50140, 3003, 1028, 1015}
12-25 11:26:24.732      816-853/? W/BackupManagerService﹕ dataChanged but no participant pkg='com.amazon.kindle' uid=10106
12-25 11:26:24.802     816-1144/? I/ActivityManager﹕ Killing 22941:com.google.android.deskclock/u0a35 (adj 15): empty #17
12-25 11:26:24.822     816-1186/? I/ActivityManager﹕ Process com.google.android.apps.plus (pid 23914) has died.
12-25 11:26:24.832     816-7675/? I/ActivityManager﹕ Delay finish: com.google.android.gms/.init.InitializeGmsReceiver
12-25 11:26:24.852      816-827/? I/ActivityManager﹕ Resuming delayed broadcast
12-25 11:26:24.882      816-826/? I/ActivityManager﹕ Delay finish: com.google.android.gms/.wearable.service.AutoStarterReceiver
12-25 11:26:24.892     816-1164/? I/ActivityManager﹕ Resuming delayed broadcast
12-25 11:26:24.962     816-1145/? I/ActivityManager﹕ Start proc com.google.android.googlequicksearchbox:search for broadcast com.google.android.googlequicksearchbox/com.google.android.velvet.location.LocationReceiver: pid=24418 uid=10023 gids={50023, 3003, 3001, 1028, 3002, 1015}
12-25 11:26:25.152     816-1038/? I/ActivityManager﹕ Start proc com.google.android.partnersetup for content provider com.google.android.partnersetup/.RlzAppProvider: pid=24440 uid=10011 gids={50011, 3003}
12-25 11:26:25.212     816-1528/? I/ActivityManager﹕ Start proc com.amazon.mShop.android for content provider com.amazon.mShop.android/com.amazon.mShop.sso.MShopMAPInformationProvider: pid=24456 uid=10143 gids={50143, 3003, 1028, 1015}
12-25 11:26:25.232     816-7675/? I/ActivityManager﹕ Killing 23013:com.android.providers.calendar/u0a1 (adj 15): empty #17
12-25 11:26:25.242     816-1569/? I/ActivityManager﹕ Delay finish: com.google.android.music/.leanback.AutoCacheSchedulingService$ActionReceiver
12-25 11:26:25.302     816-7675/? I/ActivityManager﹕ Resuming delayed broadcast
12-25 11:26:25.312     816-1144/? I/ActivityManager﹕ Killing 23328:com.metago.astro/u0a161 (adj 15): empty #17
12-25 11:26:25.582     816-1024/? I/ActivityManager﹕ Start proc com.android.providers.calendar for content provider com.android.providers.calendar/.CalendarProvider2: pid=24487 uid=10001 gids={50001, 3003, 1028, 1015}
12-25 11:26:25.712     816-1038/? I/ActivityManager﹕ Delay finish: com.google.android.talk/com.google.android.apps.hangouts.widget.BabelWidgetProvider
12-25 11:26:25.712      816-826/? I/ActivityManager﹕ Resuming delayed broadcast
12-25 11:26:25.772     816-1186/? I/ActivityManager﹕ Delay finish: com.google.android.wearable.app/com.google.android.clockwork.now.NowBroadcastReceiver
12-25 11:26:25.832    1367-1482/? E/AndroidRuntime﹕ FATAL EXCEPTION: NotificationBridger
    Process: com.google.android.wearable.app, PID: 1367
    java.lang.IllegalStateException: Unable to putDataItem: PutDataRequest[dataSz=1137, numAssets=5, uri=wear:/bridger/stream_item%3Ae12e6647-0917-4594-a0b8-f42d78390f6d%3Acom.google.android.talk%3A0%3Acom.google.android.talk1~3Aclient_generated~3Asms~3A541875800521305609]
            at com.google.android.gms.wearable.internal.ay.a(Unknown Source)
            at com.google.android.gms.wearable.internal.f$1.a(Unknown Source)
            at com.google.android.gms.wearable.internal.f$1.a(Unknown Source)
            at com.google.android.gms.common.api.BaseImplementation$a.b(Unknown Source)
            at com.google.android.gms.common.api.c.a(Unknown Source)
            at com.google.android.gms.common.api.c.b(Unknown Source)
            at com.google.android.gms.common.api.c.a(Unknown Source)
            at com.google.android.gms.wearable.internal.f.putDataItem(Unknown Source)
            at com.google.android.clockwork.stream.bridger.NotificationBridger.handleStreamChangeInner(NotificationBridger.java:778)
            at com.google.android.clockwork.stream.bridger.NotificationBridger.handleStreamChange(NotificationBridger.java:726)
            at com.google.android.clockwork.stream.bridger.NotificationBridger.handleMessage(NotificationBridger.java:1253)
            at android.os.Handler.dispatchMessage(Handler.java:98)
            at android.os.Looper.loop(Looper.java:136)
            at android.os.HandlerThread.run(HandlerThread.java:61)
     Caused by: java.lang.NullPointerException: FileDescriptor must not be null
            at android.os.Parcel.readException(Parcel.java:1471)
            at android.os.Parcel.readException(Parcel.java:1419)
            at com.google.android.gms.wearable.internal.af$a$a.a(Unknown Source)
            at com.google.android.gms.wearable.internal.ay.a(Unknown Source)
            at com.google.android.gms.wearable.internal.f$1.a(Unknown Source)
            at com.google.android.gms.wearable.internal.f$1.a(Unknown Source)
            at com.google.android.gms.common.api.BaseImplementation$a.b(Unknown Source)
            at com.google.android.gms.common.api.c.a(Unknown Source)
            at com.google.android.gms.common.api.c.b(Unknown Source)
            at com.google.android.gms.common.api.c.a(Unknown Source)
            at com.google.android.gms.wearable.internal.f.putDataItem(Unknown Source)
            at com.google.android.clockwork.stream.bridger.NotificationBridger.handleStreamChangeInner(NotificationBridger.java:778)
            at com.google.android.clockwork.stream.bridger.NotificationBridger.handleStreamChange(NotificationBridger.java:726)
            at com.google.android.clockwork.stream.bridger.NotificationBridger.handleMessage(NotificationBridger.java:1253)
            at android.os.Handler.dispatchMessage(Handler.java:98)
            at android.os.Looper.loop(Looper.java:136)
            at android.os.HandlerThread.run(HandlerThread.java:61)
12-25 11:26:25.902      816-853/? I/ActivityManager﹕ Process com.google.android.wearable.app (pid 1367) has died.
12-25 11:26:25.902     816-1555/? I/WindowState﹕ WIN DEATH: Window{4336c8c8 u0 com.google.android.wearable.app/com.google.android.clockwork.companion.StatusActivity}
12-25 11:26:25.902      816-816/? V/NotificationService﹕ notification listener connection lost: ComponentInfo{com.google.android.wearable.app/com.google.android.clockwork.stream.NotificationCollectorService}
12-25 11:26:25.902      816-853/? W/ActivityManager﹕ Scheduling restart of crashed service com.google.android.wearable.app/com.google.android.clockwork.stream.NotificationSideChannelService in 1000ms
12-25 11:26:25.902      816-853/? W/ActivityManager﹕ Scheduling restart of crashed service com.google.android.wearable.app/com.google.android.clockwork.host.DispatchingWearableListenerService in 11000ms
12-25 11:26:25.902      816-853/? W/ActivityManager﹕ Scheduling restart of crashed service com.google.android.wearable.app/com.google.android.clockwork.now.NowFetcherService in 21000ms
12-25 11:26:25.902      816-853/? W/ActivityManager﹕ Scheduling restart of crashed service com.google.android.wearable.app/com.google.android.clockwork.stream.NotificationCollectorService in 20999ms
12-25 11:26:25.942     816-1144/? I/ActivityManager﹕ Resuming delayed broadcast
12-25 11:26:25.952  24456-24537/? E/ActivityThread﹕ Failed to find provider info for com.amazon.dcp.settings
12-25 11:26:25.992     816-7675/? W/BackupManagerService﹕ dataChanged but no participant pkg='com.amazon.kindle' uid=10106
12-25 11:26:26.002      816-853/? W/BackupManagerService﹕ dataChanged but no participant pkg='com.amazon.kindle' uid=10106
12-25 11:26:26.002     816-2231/? W/BackupManagerService﹕ dataChanged but no participant pkg='com.amazon.kindle' uid=10106
12-25 11:26:26.002     816-1541/? W/BackupManagerService﹕ dataChanged but no participant pkg='com.amazon.kindle' uid=10106
12-25 11:26:26.002     816-1038/? W/BackupManagerService﹕ dataChanged but no participant pkg='com.amazon.kindle' uid=10106
12-25 11:26:26.012     816-2231/? W/BackupManagerService﹕ dataChanged but no participant pkg='com.amazon.kindle' uid=10106
12-25 11:26:26.012     816-1528/? W/BackupManagerService﹕ dataChanged but no participant pkg='com.amazon.kindle' uid=10106
12-25 11:26:26.012     816-7675/? W/BackupManagerService﹕ dataChanged but no participant pkg='com.amazon.kindle' uid=10106
12-25 11:26:26.012     816-1144/? W/BackupManagerService﹕ dataChanged but no participant pkg='com.amazon.kindle' uid=10106
12-25 11:26:26.012     816-1186/? W/BackupManagerService﹕ dataChanged but no participant pkg='com.amazon.kindle' uid=10106
12-25 11:26:26.012     816-1038/? W/BackupManagerService﹕ dataChanged but no participant pkg='com.amazon.kindle' uid=10106
12-25 11:26:26.012     816-1541/? W/BackupManagerService﹕ dataChanged but no participant pkg='com.amazon.kindle' uid=10106
12-25 11:26:26.012     816-2231/? W/BackupManagerService﹕ dataChanged but no participant pkg='com.amazon.kindle' uid=10106
12-25 11:26:26.022     816-1164/? W/BackupManagerService﹕ dataChanged but no participant pkg='com.amazon.kindle' uid=10106
12-25 11:26:26.032     816-2231/? W/BackupManagerService﹕ dataChanged but no participant pkg='com.amazon.kindle' uid=10106
12-25 11:26:26.032     816-1163/? W/BackupManagerService﹕ dataChanged but no participant pkg='com.amazon.kindle' uid=10106
12-25 11:26:26.032     816-1145/? W/BackupManagerService﹕ dataChanged but no participant pkg='com.amazon.kindle' uid=10106
12-25 11:26:26.042     816-1024/? W/InputMethodInfo﹕ Duplicated subtype definition found: , voice
12-25 11:26:26.232     816-1145/? I/ActivityManager﹕ Killing 23895:com.google.android.setupwizard/u0a17 (adj 15): empty #17
12-25 11:26:26.722      816-842/? I/ActivityManager﹕ Waited long enough for: ServiceRecord{4540d708 u0 com.google.android.talk/com.google.android.apps.hangouts.realtimechat.RequestWriter}
12-25 11:26:26.892     816-1569/? I/ActivityManager﹕ Start proc com.google.android.setupwizard for broadcast com.google.android.setupwizard/.MobileConnectivityChangeReceiver: pid=24584 uid=10017 gids={50017, 3003}
12-25 11:26:27.002     816-1541/? I/ActivityManager﹕ Killing 21810:com.android.chrome/u0a32 (adj 15): empty #17
12-25 11:26:27.152     816-1186/? I/ActivityManager﹕ Start proc com.android.chrome for broadcast com.android.chrome/com.google.android.apps.chrome.precache.PrecacheServiceLauncher: pid=24606 uid=10032 gids={50032, 3003, 1028, 1015}
12-25 11:26:27.282      816-826/? I/ActivityManager﹕ Start proc com.google.android.apps.plus for broadcast com.google.android.apps.plus/.service.ConnectivityReceiver: pid=24621 uid=10066 gids={50066, 3003, 3002, 1028, 1015}
12-25 11:26:27.422     816-1144/? I/ActivityManager﹕ Killing 22812:com.fidelity.android/u0a121 (adj 15): empty #17
12-25 11:26:27.592      816-879/? D/ConnectivityService﹕ handleInetConditionHoldEnd: net=1, condition=100, published condition=100
12-25 11:26:28.142     816-1164/? I/ActivityManager﹕ Start proc air.WatchESPN for broadcast air.WatchESPN/com.espn.watchespn.NetworkChangedListener: pid=24660 uid=10185 gids={50185, 3003, 1028, 1015}
12-25 11:26:28.152      816-853/? I/ActivityManager﹕ Killing 24047:com.HBO/u0a60 (adj 15): empty #17
12-25 11:26:28.462     816-1541/? I/PackageManager﹕ Adding preferred activity ComponentInfo{com.google.android.talk/com.google.android.apps.hangouts.phone.BabelHomeActivity} for user 0 :
12-25 11:26:28.492     816-1186/? I/PackageManager﹕ Adding preferred activity ComponentInfo{com.google.android.talk/com.google.android.apps.hangouts.phone.BabelHomeActivity} for user 0 :
12-25 11:26:28.512      816-826/? I/PackageManager﹕ Adding preferred activity ComponentInfo{com.google.android.talk/com.google.android.apps.hangouts.phone.BabelHomeActivity} for user 0 :
12-25 11:26:28.552     816-7675/? I/PackageManager﹕ Adding preferred activity ComponentInfo{com.google.android.talk/com.google.android.apps.hangouts.phone.BabelHomeActivity} for user 0 :
12-25 11:26:28.642      816-826/? I/PackageManager﹕ Adding preferred activity ComponentInfo{com.google.android.talk/com.google.android.apps.hangouts.phone.BabelHomeActivity} for user 0 :
12-25 11:26:28.672     816-1569/? I/PackageManager﹕ Adding preferred activity ComponentInfo{com.google.android.talk/com.google.android.apps.hangouts.phone.BabelHomeActivity} for user 0 :
12-25 11:26:28.702     816-1186/? I/PackageManager﹕ Adding preferred activity ComponentInfo{com.google.android.talk/com.google.android.apps.hangouts.phone.BabelHomeActivity} for user 0 :
12-25 11:26:28.752     816-1038/? I/PackageManager﹕ Adding preferred activity ComponentInfo{com.google.android.talk/com.google.android.apps.hangouts.phone.BabelHomeActivity} for user 0 :
12-25 11:26:28.982     816-1024/? I/ActivityManager﹕ Start proc com.expenseit for broadcast com.expenseit/.receivers.ConnectivityReceiver: pid=24695 uid=10247 gids={50247, 3003, 1028, 1015}
12-25 11:26:29.192     816-1024/? I/ActivityManager﹕ Killing 24073:ru.org.amip.ClockSync/u0a119 (adj 15): empty #17
12-25 11:26:29.602     816-7675/? I/ActivityManager﹕ Killing 24107:com.google.zagat/u0a88 (adj 15): empty #17
12-25 11:26:29.942     816-1555/? I/ActivityManager﹕ Start proc com.fidelity.android for broadcast com.fidelity.android/.util.network.NetworkStateReceiver: pid=24738 uid=10121 gids={50121, 3003, 1028, 1015}
