Saw one crash this morning on my phone, and apparently it crashed twice, here in the log. No log
entries at all, so this is pretty rough to diagnose. Seems to be related to the service, though,
and it does seem to be properly restarting.


11-28 01:44:15.127     819-1549/? I/ActivityManager﹕ Killing 12630:com.android.vending/u0a15 (adj 15): empty for 1800s
11-28 01:44:15.507      819-845/? I/ActivityManager﹕ Killing 12937:de.robv.android.xposed.installer/u0a179 (adj 15): empty for 1800s
11-28 01:44:16.697     819-1167/? I/ActivityManager﹕ Killing 12885:com.google.android.talk/u0a51 (adj 15): empty for 1800s
11-28 01:44:26.017      819-819/? I/ActivityManager﹕ Killing 13053:com.google.android.partnersetup/u0a11 (adj 15): empty for 1804s
11-28 01:51:00.107      819-845/? I/ProcessStatsService﹕ Prepared write state in 7ms
11-28 01:52:38.087      819-882/? D/ConnectivityService﹕ Sampling interval elapsed, updating statistics ..
11-28 01:52:38.137      819-882/? D/ConnectivityService﹕ Done.
11-28 01:52:38.137      819-882/? D/ConnectivityService﹕ Setting timer for 720seconds
11-28 01:55:45.097      819-819/? V/BackupManagerService﹕ Running a backup pass
11-28 01:55:45.097      819-941/? V/BackupManagerService﹕ clearing pending backups
11-28 01:55:45.097      819-941/? V/PerformBackupTask﹕ Beginning backup of 2 targets
11-28 01:55:45.127      819-941/? D/PerformBackupTask﹕ invokeAgentForBackup on @pm@
11-28 01:55:45.147      819-941/? I/PerformBackupTask﹕ no backup data written; not calling transport
11-28 01:55:45.147      819-941/? D/PerformBackupTask﹕ starting agent for backup of BackupRequest{pkg=android}
11-28 01:55:45.147      819-941/? D/BackupManagerService﹕ awaiting agent for ApplicationInfo{42a23d20 android}
11-28 01:55:45.147      819-819/? D/BackupManagerService﹕ agentConnected pkg=android agent=android.app.backup.BackupAgent$BackupServiceBinder@4571cb10
11-28 01:55:45.147      819-941/? I/BackupManagerService﹕ got agent android.app.backup.BackupAgent$BackupServiceBinder@4571cb10
11-28 01:55:45.147      819-941/? D/PerformBackupTask﹕ invokeAgentForBackup on android
11-28 01:55:45.157      819-941/? I/PerformBackupTask﹕ no backup data written; not calling transport
11-28 01:55:45.157      819-941/? D/PerformBackupTask﹕ starting agent for backup of BackupRequest{pkg=com.google.android.googlequicksearchbox}
11-28 01:55:45.157      819-941/? D/BackupManagerService﹕ awaiting agent for ApplicationInfo{4307edb0 com.google.android.googlequicksearchbox}
11-28 01:55:45.167      819-856/? D/BackupManagerService﹕ agentConnected pkg=com.google.android.googlequicksearchbox agent=android.os.BinderProxy@45a2aa08
11-28 01:55:45.167      819-941/? I/BackupManagerService﹕ got agent android.app.IBackupAgent$Stub$Proxy@45a2af00
11-28 01:55:45.167      819-941/? D/PerformBackupTask﹕ invokeAgentForBackup on com.google.android.googlequicksearchbox
11-28 01:55:45.507      819-882/? D/ConnectivityService﹕ handleInetConditionHoldEnd: net=1, condition=100, published condition=100
11-28 01:56:05.337      819-941/? I/PerformBackupTask﹕ Backup pass finished.
11-28 02:01:02.077      819-865/? I/ActivityManager﹕ Start proc com.twitter.android for service com.twitter.android/com.twitter.library.platform.TwitterDataSyncService: pid=14949 uid=10148 gids={50148, 3003, 1028, 1015}
11-28 02:01:35.527      819-882/? D/MobileDataStateTracker﹕ default: setPolicyDataEnable(enabled=true)
11-28 02:01:53.657      819-882/? D/MobileDataStateTracker﹕ default: setPolicyDataEnable(enabled=true)
11-28 02:02:14.017      819-882/? D/MobileDataStateTracker﹕ default: setPolicyDataEnable(enabled=true)
11-28 02:06:02.777      819-882/? D/ConnectivityService﹕ Sampling interval elapsed, updating statistics ..
11-28 02:06:02.787      819-882/? D/ConnectivityService﹕ Done.
11-28 02:06:02.787      819-882/? D/ConnectivityService﹕ Setting timer for 720seconds
11-28 02:11:03.547      819-882/? D/ConnectivityService﹕ handleInetConditionHoldEnd: net=1, condition=100, published condition=100
11-28 02:13:37.707    6188-6188/? E/ActivityThread﹕ Failed to find provider info for com.getpebble.android.provider
11-28 02:13:37.707    6188-6188/? E/ActivityThread﹕ Failed to find provider info for com.getpebble.android.provider
11-28 02:13:37.877      819-941/? D/BackupManagerService﹕ Now staging backup of android
11-28 02:13:38.007      819-882/? D/MobileDataStateTracker﹕ default: setPolicyDataEnable(enabled=true)
11-28 02:13:38.017      819-830/? I/ActivityManager﹕ Delay finish: com.google.android.googlequicksearchbox/com.google.android.sidekick.main.calendar.CalendarIntentService$CalendarReceiver
11-28 02:13:38.067      819-830/? I/ActivityManager﹕ Resuming delayed broadcast
11-28 02:14:00.312     819-1141/? I/ActivityManager﹕ Start proc com.qualcomm.timeservice for broadcast com.qualcomm.timeservice/.TimeServiceBroadcastReceiver: pid=15775 uid=10070 gids={50070}
11-28 02:14:00.392     819-1167/? I/ActivityManager﹕ Killing 13346:com.google.android.apps.maps/u0a59 (adj 15): empty for 3284s
11-28 02:14:00.512      819-829/? I/ActivityManager﹕ Start proc com.verisign.mvip.main for broadcast com.verisign.mvip.main/.GlobalTimeChangeReceiver: pid=15790 uid=10162 gids={50162, 3003}
11-28 02:14:00.762     819-1123/? I/ActivityManager﹕ Killing 13596:com.android.providers.calendar/u0a1 (adj 15): empty for 2716s
11-28 02:14:00.832     819-1140/? I/ActivityManager﹕ Start proc ch.bitspin.timely for broadcast ch.bitspin.timely/.alarm.AlarmBroadcastReceiver: pid=15808 uid=10103 gids={50103, 3003}
11-28 02:14:01.372     819-1171/? I/ActivityManager﹕ Start proc com.android.providers.calendar for content provider com.android.providers.calendar/.CalendarProvider2: pid=15838 uid=10001 gids={50001, 3003, 1028, 1015}
11-28 02:14:01.382     819-1140/? I/ActivityManager﹕ Killing 14224:android.process.media/u0a5 (adj 15): empty for 1896s
11-28 02:14:11.881     819-4545/? W/ActivityManager﹕ Permission Denial: Accessing service ComponentInfo{com.google.android.music/com.google.android.music.dial.DialMediaRouteProviderService} from pid=20665, uid=10023 that is not exported from uid 10061
11-28 02:14:20.951      819-845/? I/ActivityManager﹕ Start proc com.google.android.talk for broadcast com.google.android.talk/com.google.android.apps.hangouts.realtimechat.RealTimeChatService$AlarmReceiver: pid=16038 uid=10051 gids={50051, 3003, 1028, 1015, 3002}
11-28 02:18:03.051      819-882/? D/ConnectivityService﹕ Sampling interval elapsed, updating statistics ..
11-28 02:18:03.091      819-882/? D/ConnectivityService﹕ Done.
11-28 02:18:03.091      819-882/? D/ConnectivityService﹕ Setting timer for 720seconds
11-28 02:18:20.091      819-819/? I/EntropyMixer﹕ Writing entropy...
11-28 02:21:03.341      819-865/? I/ActivityManager﹕ Start proc com.google.android.apps.maps for service com.google.android.apps.maps/com.google.android.apps.gmm.prefetch.PrefetcherService: pid=16349 uid=10059 gids={50059, 3003, 1028, 1015}
11-28 02:21:03.351      819-845/? I/ProcessStatsService﹕ Prepared write state in 6ms
11-28 02:21:03.761  16349-16390/? W/ActivityThread﹕ ClassLoader.loadClass: The class loader returned by Thread.getContextClassLoader() may fail for processes that host multiple applications. You should explicitly specify a context class loader. For example: Thread.setContextClassLoader(getClass().getClassLoader());
11-28 02:21:04.671     819-2230/? I/ActivityManager﹕ Process com.amazon.kindle (pid 12974) has died.
11-28 02:21:04.671     819-2230/? W/ActivityManager﹕ Scheduling restart of crashed service com.amazon.kindle/com.audible.mobile.player.service.PlayerService in 1000ms
11-28 02:21:05.061      819-845/? W/ProcessCpuTracker﹕ Skipping unknown process pid 16361
11-28 02:21:05.071      819-845/? W/ProcessCpuTracker﹕ Skipping unknown process pid 16364
11-28 02:21:05.761      819-845/? I/ActivityManager﹕ Start proc com.amazon.kindle for service com.amazon.kindle/com.audible.mobile.player.service.PlayerService: pid=16435 uid=10106 gids={50106, 3003, 1028, 1015, 3002}
11-28 02:21:07.431  16435-16522/? E/ActivityThread﹕ Failed to find provider info for com.amazon.dcp.settings
11-28 02:21:12.181  16435-16471/? W/ActivityThread﹕ ClassLoader.loadClass: The class loader returned by Thread.getContextClassLoader() may fail for processes that host multiple applications. You should explicitly specify a context class loader. For example: Thread.setContextClassLoader(getClass().getClassLoader());
11-28 02:21:12.351      819-830/? W/BackupManagerService﹕ dataChanged but no participant pkg='com.amazon.kindle' uid=10106
11-28 02:21:12.471  16435-16435/? W/PackageParser﹕ No actions in intent filter at /data/app/com.amazon.kindle-1.apk Binary XML file line #230
11-28 02:21:12.801     819-1167/? W/BackupManagerService﹕ dataChanged but no participant pkg='com.amazon.kindle' uid=10106
11-28 02:21:12.801     819-4544/? W/BackupManagerService﹕ dataChanged but no participant pkg='com.amazon.kindle' uid=10106
11-28 02:21:12.801      819-830/? W/BackupManagerService﹕ dataChanged but no participant pkg='com.amazon.kindle' uid=10106
11-28 02:21:14.871     819-4544/? I/ActivityManager﹕ Process com.facebook.orca (pid 14060) has died.
11-28 02:21:14.871     819-4544/? W/ActivityManager﹕ Scheduling restart of crashed service com.facebook.orca/com.facebook.push.mqtt.service.MqttPushService in 1000ms
11-28 02:21:15.931      819-845/? I/ActivityManager﹕ Start proc com.facebook.orca for service com.facebook.orca/com.facebook.push.mqtt.service.MqttPushService: pid=16674 uid=10188 gids={50188, 3003, 1028, 1015}
11-28 02:21:21.001      819-845/? W/BroadcastQueue﹕ Permission Denial: broadcasting Intent { act=android.net.conn.INET_CONDITION_ACTION flg=0x4000010 (has extras) } from null (pid=-1, uid=-1) requires com.facebook.permission.prod.FB_APP_COMMUNICATION due to registered receiver BroadcastFilter{42e095d8 u0 ReceiverList{43fec7f0 16674 com.facebook.orca/10188/u0 remote:437a0ca8}}
11-28 02:21:21.001      819-845/? W/BroadcastQueue﹕ Permission Denial: broadcasting Intent { act=android.net.conn.CONNECTIVITY_CHANGE flg=0x4000010 (has extras) } from null (pid=-1, uid=-1) requires com.facebook.permission.prod.FB_APP_COMMUNICATION due to registered receiver BroadcastFilter{42e095d8 u0 ReceiverList{43fec7f0 16674 com.facebook.orca/10188/u0 remote:437a0ca8}}
11-28 02:21:21.331      819-845/? W/BroadcastQueue﹕ Permission Denial: broadcasting Intent { act=android.net.conn.CONNECTIVITY_CHANGE flg=0x4000010 (has extras) } from null (pid=-1, uid=-1) requires com.facebook.permission.prod.FB_APP_COMMUNICATION due to registered receiver BroadcastFilter{43ad5278 u0 ReceiverList{43976648 16674 com.facebook.orca/10188/u0 remote:43ab8c38}}
11-28 02:21:28.631      819-845/? W/ProcessCpuTracker﹕ Skipping unknown process pid 16770
11-28 02:21:28.651      819-845/? W/ProcessCpuTracker﹕ Skipping unknown process pid 16779
11-28 02:21:28.651      819-845/? W/ProcessCpuTracker﹕ Skipping unknown process pid 16780
11-28 02:26:04.431      819-882/? D/ConnectivityService﹕ handleInetConditionHoldEnd: net=1, condition=100, published condition=100
11-28 02:26:05.021      819-845/? W/ProcessCpuTracker﹕ Skipping unknown process pid 16957
11-28 02:26:05.021      819-845/? W/ProcessCpuTracker﹕ Skipping unknown process pid 16960
11-28 02:26:05.021      819-845/? W/ProcessCpuTracker﹕ Skipping unknown process pid 16961
11-28 02:26:05.021      819-845/? W/ProcessCpuTracker﹕ Skipping unknown process pid 16964
11-28 02:26:05.021      819-845/? W/ProcessCpuTracker﹕ Skipping unknown process pid 16965
11-28 02:26:05.031      819-845/? W/ProcessCpuTracker﹕ Skipping unknown process pid 16968
11-28 02:28:38.251     819-1127/? I/ActivityManager﹕ Process com.twitter.android (pid 14949) has died.
11-28 02:28:38.251     819-1127/? A/ActivityManager﹕ Service ServiceRecord{453df4a0 u0 com.twitter.android/com.twitter.internal.android.service.AsyncService} in process ProcessRecord{428b45e0 14949:com.twitter.android/u0a148} not same as in map: null
11-28 02:30:05.891      819-882/? D/ConnectivityService﹕ Sampling interval elapsed, updating statistics ..
11-28 02:30:05.891      819-882/? D/ConnectivityService﹕ Done.
11-28 02:30:05.891      819-882/? D/ConnectivityService﹕ Setting timer for 720seconds
11-28 02:30:06.021      819-846/? I/ActivityManager﹕ Start proc com.google.android.apps.inbox for service com.google.android.apps.inbox/com.google.android.apps.bigtop.service.BigTopSyncService: pid=17122 uid=10232 gids={50232, 3003, 1028, 1015}
11-28 02:30:06.281      819-882/? D/ConnectivityService﹕ handleInetConditionHoldEnd: net=1, condition=100, published condition=100
11-28 02:41:33.231      819-845/? W/ProcessCpuTracker﹕ Skipping unknown process pid 17708
11-28 02:41:33.231      819-845/? W/ProcessCpuTracker﹕ Skipping unknown process pid 17709
11-28 02:41:33.231      819-845/? W/ProcessCpuTracker﹕ Skipping unknown process pid 17712
11-28 02:41:33.241      819-845/? W/ProcessCpuTracker﹕ Skipping unknown process pid 17715
11-28 02:41:33.241      819-845/? W/ProcessCpuTracker﹕ Skipping unknown process pid 17718
11-28 02:42:25.282      819-882/? D/ConnectivityService﹕ Sampling interval elapsed, updating statistics ..
11-28 02:42:25.341      819-882/? D/ConnectivityService﹕ Done.
11-28 02:42:25.341      819-882/? D/ConnectivityService﹕ Setting timer for 720seconds
11-28 02:42:26.481     819-2232/? I/ActivityManager﹕ Start proc android.process.media for content provider com.android.providers.media/.MediaProvider: pid=17775 uid=10005 gids={50005, 1028, 1015, 1023, 1024, 2001, 3003, 3007}
11-28 02:43:37.961    6188-6188/? E/ActivityThread﹕ Failed to find provider info for com.getpebble.android.provider
11-28 02:43:37.961    6188-6188/? E/ActivityThread﹕ Failed to find provider info for com.getpebble.android.provider
11-28 02:43:38.001      819-882/? D/MobileDataStateTracker﹕ default: setPolicyDataEnable(enabled=true)
11-28 02:44:11.831      819-865/? I/ActivityManager﹕ Killing 15838:com.android.providers.calendar/u0a1 (adj 15): empty for 1804s
11-28 02:44:11.831      819-865/? I/ActivityManager﹕ Killing 15790:com.verisign.mvip.main/u0a162 (adj 15): empty for 1811s
11-28 02:44:11.831      819-865/? I/ActivityManager﹕ Killing 15775:com.qualcomm.timeservice/u0a70 (adj 15): empty for 1811s
11-28 02:44:11.911      819-830/? I/ActivityManager﹕ Killing 13633:com.google.android.calendar/u0a29 (adj 15): empty for 1804s
11-28 02:44:11.951     819-1167/? W/ActivityManager﹕ Permission Denial: Accessing service ComponentInfo{com.google.android.music/com.google.android.music.dial.DialMediaRouteProviderService} from pid=20665, uid=10023 that is not exported from uid 10061
11-28 02:44:14.231     819-1549/? I/ActivityManager﹕ Start proc com.google.android.partnersetup for content provider com.google.android.partnersetup/.RlzAppProvider: pid=17969 uid=10011 gids={50011, 3003}
11-28 02:45:00.001      819-819/? I/ActivityManager﹕ Killing 16038:com.google.android.talk/u0a51 (adj 15): empty for 1837s
11-28 02:45:06.481      819-882/? D/ConnectivityService﹕ handleInetConditionHoldEnd: net=1, condition=100, published condition=100
11-28 02:51:21.821      819-845/? I/ProcessStatsService﹕ Prepared write state in 49ms
11-28 02:51:21.861      819-846/? I/ProcessStatsService﹕ Pruning old procstats: /data/system/procstats/state-2014-11-26-21-34-26.bin
11-28 02:55:41.431      819-882/? D/ConnectivityService﹕ Sampling interval elapsed, updating statistics ..
11-28 02:55:41.441      819-819/? V/BackupManagerService﹕ Running a backup pass
11-28 02:55:41.451      819-941/? V/BackupManagerService﹕ clearing pending backups
11-28 02:55:41.461      819-882/? D/ConnectivityService﹕ Done.
11-28 02:55:41.461      819-882/? D/ConnectivityService﹕ Setting timer for 720seconds
11-28 02:55:41.461      819-941/? V/PerformBackupTask﹕ Beginning backup of 1 targets
11-28 02:55:41.471      819-941/? D/PerformBackupTask﹕ invokeAgentForBackup on @pm@
11-28 02:55:41.491      819-941/? I/PerformBackupTask﹕ no backup data written; not calling transport
11-28 02:55:41.491      819-941/? D/PerformBackupTask﹕ starting agent for backup of BackupRequest{pkg=android}
11-28 02:55:41.491      819-941/? D/BackupManagerService﹕ awaiting agent for ApplicationInfo{42a23d20 android}
11-28 02:55:41.491      819-819/? D/BackupManagerService﹕ agentConnected pkg=android agent=android.app.backup.BackupAgent$BackupServiceBinder@44a8b308
11-28 02:55:41.491      819-941/? I/BackupManagerService﹕ got agent android.app.backup.BackupAgent$BackupServiceBinder@44a8b308
11-28 02:55:41.491      819-941/? D/PerformBackupTask﹕ invokeAgentForBackup on android
11-28 02:55:41.501      819-941/? I/PerformBackupTask﹕ no backup data written; not calling transport
11-28 02:55:41.501      819-941/? I/PerformBackupTask﹕ Backup pass finished.
11-28 02:58:37.961     819-1127/? I/ActivityManager﹕ Start proc com.android.providers.calendar for content provider com.android.providers.calendar/.CalendarProvider2: pid=18417 uid=10001 gids={50001, 3003, 1028, 1015}
11-28 02:58:39.151      819-845/? I/ActivityManager﹕ Start proc com.google.android.calendar for broadcast com.google.android.calendar/com.android.calendar.alerts.AlertReceiver: pid=18461 uid=10029 gids={50029, 3003, 1028, 1015}
11-28 02:58:39.151     819-8448/? I/ActivityManager﹕ Killing 15808:ch.bitspin.timely/u0a103 (adj 15): empty for 2377s
11-28 02:58:42.951      819-845/? W/ProcessCpuTracker﹕ Skipping unknown process pid 18484
11-28 02:58:42.951      819-845/? W/ProcessCpuTracker﹕ Skipping unknown process pid 18485
11-28 02:58:42.951      819-845/? W/ProcessCpuTracker﹕ Skipping unknown process pid 18524
11-28 02:58:45.542      819-829/? I/ActivityManager﹕ Killing 16349:com.google.android.apps.maps/u0a59 (adj 15): empty for 2262s
11-28 02:59:01.431     819-1140/? I/ActivityManager﹕ Start proc com.npi.wearbatterystats for service com.npi.wearbatterystats/.service.WearableMessageListenerServiceDevice: pid=18536 uid=10233 gids={50233}
11-28 02:59:22.881      819-882/? D/ConnectivityService﹕ handleInetConditionHoldEnd: net=1, condition=100, published condition=100
11-28 03:01:38.641      819-865/? I/ActivityManager﹕ Start proc com.twitter.android for service com.twitter.android/com.twitter.library.platform.TwitterDataSyncService: pid=18760 uid=10148 gids={50148, 3003, 1028, 1015}
11-28 03:01:38.681      819-865/? I/ActivityManager﹕ Start proc com.android.chrome for service com.android.chrome/com.google.android.apps.chrome.omaha.OmahaClient: pid=18776 uid=10032 gids={50032, 3003, 1028, 1015}
11-28 03:04:05.011      819-845/? W/ProcessCpuTracker﹕ Skipping unknown process pid 18917
11-28 03:04:05.021      819-845/? W/ProcessCpuTracker﹕ Skipping unknown process pid 18920
11-28 03:07:44.011      819-882/? D/ConnectivityService﹕ Sampling interval elapsed, updating statistics ..
11-28 03:07:44.051      819-882/? D/ConnectivityService﹕ Done.
11-28 03:07:44.051      819-882/? D/ConnectivityService﹕ Setting timer for 720seconds
11-28 03:07:44.141      819-846/? I/ActivityManager﹕ Start proc com.trello for service com.trello/.syncadapter.TSyncService: pid=19017 uid=10181 gids={50181, 3003, 1028, 1015}
11-28 03:07:44.651      819-846/? I/ActivityManager﹕ Start proc com.expenseit for service com.expenseit/.sync.SyncService: pid=19067 uid=10247 gids={50247, 3003, 1028, 1015}
11-28 03:12:19.021      819-845/? W/ProcessCpuTracker﹕ Skipping unknown process pid 19220
11-28 03:12:19.021      819-845/? W/ProcessCpuTracker﹕ Skipping unknown process pid 19223
11-28 03:13:00.011     819-4545/? I/ActivityManager﹕ Killing 17775:android.process.media/u0a5 (adj 15): empty for 1833s
11-28 03:13:37.991      819-882/? D/MobileDataStateTracker﹕ default: setPolicyDataEnable(enabled=true)
11-28 03:13:38.001    6188-6188/? E/ActivityThread﹕ Failed to find provider info for com.getpebble.android.provider
11-28 03:13:38.001    6188-6188/? E/ActivityThread﹕ Failed to find provider info for com.getpebble.android.provider
11-28 03:14:02.231     819-4544/? I/ActivityManager﹕ Start proc com.qualcomm.timeservice for broadcast com.qualcomm.timeservice/.TimeServiceBroadcastReceiver: pid=19340 uid=10070 gids={50070}
11-28 03:14:02.411     819-1123/? I/ActivityManager﹕ Start proc com.verisign.mvip.main for broadcast com.verisign.mvip.main/.GlobalTimeChangeReceiver: pid=19357 uid=10162 gids={50162, 3003}
11-28 03:14:02.721      819-856/? I/ActivityManager﹕ Start proc ch.bitspin.timely for broadcast ch.bitspin.timely/.alarm.AlarmBroadcastReceiver: pid=19374 uid=10103 gids={50103, 3003}
11-28 03:14:03.251      819-941/? D/BackupManagerService﹕ Now staging backup of android
11-28 03:14:11.791     819-4545/? W/ActivityManager﹕ Permission Denial: Accessing service ComponentInfo{com.google.android.music/com.google.android.music.dial.DialMediaRouteProviderService} from pid=20665, uid=10023 that is not exported from uid 10061
11-28 03:14:18.811     819-1140/? I/ActivityManager﹕ Killing 17969:com.google.android.partnersetup/u0a11 (adj 15): empty for 1804s
11-28 03:14:21.721      819-845/? I/ActivityManager﹕ Start proc com.google.android.talk for broadcast com.google.android.talk/com.google.android.apps.hangouts.realtimechat.RealTimeChatService$AlarmReceiver: pid=19561 uid=10051 gids={50051, 3003, 1028, 1015, 3002}
11-28 03:14:22.281      819-856/? I/ActivityManager﹕ Process com.amazon.kindle (pid 16435) has died.
11-28 03:14:22.281      819-856/? W/ActivityManager﹕ Scheduling restart of crashed service com.amazon.kindle/com.audible.mobile.player.service.PlayerService in 1000ms
11-28 03:14:23.081      819-882/? D/ConnectivityService﹕ handleInetConditionHoldEnd: net=1, condition=100, published condition=100
11-28 03:14:23.311      819-845/? I/ActivityManager﹕ Start proc com.amazon.kindle for service com.amazon.kindle/com.audible.mobile.player.service.PlayerService: pid=19644 uid=10106 gids={50106, 3003, 1028, 1015, 3002}
11-28 03:14:24.991  19644-19695/? E/ActivityThread﹕ Failed to find provider info for com.amazon.dcp.settings
11-28 03:14:29.161  19644-19674/? W/ActivityThread﹕ ClassLoader.loadClass: The class loader returned by Thread.getContextClassLoader() may fail for processes that host multiple applications. You should explicitly specify a context class loader. For example: Thread.setContextClassLoader(getClass().getClassLoader());
11-28 03:14:29.271      819-856/? I/ActivityManager﹕ Process com.twitter.android (pid 18760) has died.
11-28 03:14:29.271      819-856/? A/ActivityManager﹕ Service ServiceRecord{4448bb70 u0 com.twitter.android/com.twitter.internal.android.service.AsyncService} in process ProcessRecord{428bc9d8 18760:com.twitter.android/u0a148} not same as in map: null
11-28 03:14:30.251     819-4545/? W/BackupManagerService﹕ dataChanged but no participant pkg='com.amazon.kindle' uid=10106
11-28 03:14:30.401  19644-19644/? W/PackageParser﹕ No actions in intent filter at /data/app/com.amazon.kindle-1.apk Binary XML file line #230
11-28 03:14:31.501     819-4544/? W/BackupManagerService﹕ dataChanged but no participant pkg='com.amazon.kindle' uid=10106
11-28 03:14:31.501     819-1167/? W/BackupManagerService﹕ dataChanged but no participant pkg='com.amazon.kindle' uid=10106
11-28 03:14:31.501      819-830/? W/BackupManagerService﹕ dataChanged but no participant pkg='com.amazon.kindle' uid=10106
11-28 03:19:43.981      819-882/? D/ConnectivityService﹕ Sampling interval elapsed, updating statistics ..
11-28 03:19:44.021      819-882/? D/ConnectivityService﹕ Done.
11-28 03:19:44.021      819-882/? D/ConnectivityService﹕ Setting timer for 720seconds
11-28 03:22:00.061      819-845/? I/ProcessStatsService﹕ Prepared write state in 51ms
11-28 03:22:14.141      819-865/? I/ActivityManager﹕ Start proc com.google.android.apps.maps for service com.google.android.apps.maps/com.google.android.apps.gmm.prefetch.PrefetcherService: pid=20079 uid=10059 gids={50059, 3003, 1028, 1015}
11-28 03:22:14.601  20079-20116/? W/ActivityThread﹕ ClassLoader.loadClass: The class loader returned by Thread.getContextClassLoader() may fail for processes that host multiple applications. You should explicitly specify a context class loader. For example: Thread.setContextClassLoader(getClass().getClassLoader());
11-28 03:22:53.781      819-856/? I/ActivityManager﹕ Process com.google.android.apps.inbox (pid 17122) has died.
11-28 03:22:53.781     819-1123/? I/ActivityManager﹕ Process com.facebook.orca (pid 16674) has died.
11-28 03:22:53.781     819-1123/? W/ActivityManager﹕ Scheduling restart of crashed service com.facebook.orca/com.facebook.push.mqtt.service.MqttPushService in 1000ms
11-28 03:22:54.881      819-845/? I/ActivityManager﹕ Start proc com.facebook.orca for service com.facebook.orca/com.facebook.push.mqtt.service.MqttPushService: pid=20220 uid=10188 gids={50188, 3003, 1028, 1015}
11-28 03:22:59.991      819-845/? W/BroadcastQueue﹕ Permission Denial: broadcasting Intent { act=android.net.conn.INET_CONDITION_ACTION flg=0x4000010 (has extras) } from null (pid=-1, uid=-1) requires com.facebook.permission.prod.FB_APP_COMMUNICATION due to registered receiver BroadcastFilter{42f6eec0 u0 ReceiverList{440fdb68 20220 com.facebook.orca/10188/u0 remote:43b58eb8}}
11-28 03:22:59.991      819-845/? W/BroadcastQueue﹕ Permission Denial: broadcasting Intent { act=android.net.conn.CONNECTIVITY_CHANGE flg=0x4000010 (has extras) } from null (pid=-1, uid=-1) requires com.facebook.permission.prod.FB_APP_COMMUNICATION due to registered receiver BroadcastFilter{42f6eec0 u0 ReceiverList{440fdb68 20220 com.facebook.orca/10188/u0 remote:43b58eb8}}
11-28 03:23:00.351      819-845/? W/BroadcastQueue﹕ Permission Denial: broadcasting Intent { act=android.net.conn.CONNECTIVITY_CHANGE flg=0x4000010 (has extras) } from null (pid=-1, uid=-1) requires com.facebook.permission.prod.FB_APP_COMMUNICATION due to registered receiver BroadcastFilter{436638b0 u0 ReceiverList{43586698 20220 com.facebook.orca/10188/u0 remote:43590b00}}
11-28 03:27:20.181     819-1140/? I/ActivityManager﹕ Start proc com.google.android.gms.unstable for service com.google.android.gms/.droidguard.DroidGuardService: pid=20446 uid=10007 gids={50007, 2001, 3003, 1007, 3006, 3007, 1028, 1015, 3002, 3001}
11-28 03:27:24.581     819-1141/? W/ActivityManager﹕ Permission Denial: Accessing service ComponentInfo{com.google.android.music/com.google.android.music.dial.DialMediaRouteProviderService} from pid=27265, uid=10060 that is not exported from uid 10061
11-28 03:27:24.591     819-1127/? I/PackageManager﹕ Adding preferred activity ComponentInfo{com.google.android.talk/com.google.android.apps.hangouts.phone.BabelHomeActivity} for user 0 :
11-28 03:27:24.641      819-829/? I/PackageManager﹕ Adding preferred activity ComponentInfo{com.google.android.talk/com.google.android.apps.hangouts.phone.BabelHomeActivity} for user 0 :
11-28 03:27:24.671      819-857/? W/ActivityManager﹕ Permission Denial: Accessing service ComponentInfo{com.google.android.music/com.google.android.music.dial.DialMediaRouteProviderService} from pid=29522, uid=10066 that is not exported from uid 10061
11-28 03:27:24.671     819-1167/? I/PackageManager﹕ Adding preferred activity ComponentInfo{com.google.android.talk/com.google.android.apps.hangouts.phone.BabelHomeActivity} for user 0 :
11-28 03:27:24.701     819-1171/? I/PackageManager﹕ Adding preferred activity ComponentInfo{com.google.android.talk/com.google.android.apps.hangouts.phone.BabelHomeActivity} for user 0 :
11-28 03:27:24.741     819-1167/? I/PackageManager﹕ Adding preferred activity ComponentInfo{com.google.android.talk/com.google.android.apps.hangouts.phone.BabelHomeActivity} for user 0 :
11-28 03:27:24.781      819-857/? I/ActivityManager﹕ Start proc com.android.vending for broadcast com.android.vending/com.google.android.finsky.receivers.PackageMonitorReceiver$RegisteredReceiver: pid=20493 uid=10015 gids={50015, 3003, 1028, 1015}
11-28 03:27:24.851      819-829/? I/PackageManager﹕ Adding preferred activity ComponentInfo{com.google.android.talk/com.google.android.apps.hangouts.phone.BabelHomeActivity} for user 0 :
11-28 03:27:24.961      819-857/? I/PackageManager﹕ Adding preferred activity ComponentInfo{com.google.android.talk/com.google.android.apps.hangouts.phone.BabelHomeActivity} for user 0 :
11-28 03:27:24.981     819-1127/? I/PackageManager﹕ Adding preferred activity ComponentInfo{com.google.android.talk/com.google.android.apps.hangouts.phone.BabelHomeActivity} for user 0 :
11-28 03:27:25.381     819-2230/? I/ActivityManager﹕ Process com.google.android.music:main (pid 7394) has died.
11-28 03:27:25.381     819-2230/? A/ActivityManager﹕ Service ServiceRecord{4595dac8 u0 com.google.android.music/.net.NetworkMonitor} in process ProcessRecord{436dcf88 7394:com.google.android.music:main/u0a61} not same as in map: null
11-28 03:27:25.401     819-2230/? A/ActivityManager﹕ Service ServiceRecord{45957f30 u0 com.google.android.music/.preferences.MusicPreferenceService$MusicPreferenceServiceBinder} in process ProcessRecord{436dcf88 7394:com.google.android.music:main/u0a61} not same as in map: null
11-28 03:27:25.411     819-2230/? W/ActivityManager﹕ Scheduling restart of crashed service com.google.android.music/.download.artwork.ArtDownloadService in 1000ms
11-28 03:27:25.671     819-1549/? I/ActivityManager﹕ Delay finish: com.google.android.apps.plus/.service.PackagesMediaMonitor
11-28 03:27:25.791     819-2232/? I/ActivityManager﹕ Start proc android.process.media for content provider com.android.providers.downloads/.DownloadProvider: pid=20553 uid=10005 gids={50005, 1028, 1015, 1023, 1024, 2001, 3003, 3007}
11-28 03:27:25.811     819-1123/? I/ActivityManager﹕ Killing 18536:com.npi.wearbatterystats/u0a233 (adj 15): empty #17
11-28 03:27:25.851      819-830/? I/ActivityManager﹕ Delaying start of: ServiceRecord{45990ad0 u0 com.android.providers.downloads/.DownloadService}
11-28 03:27:26.161     819-2232/? I/ActivityManager﹕ Delaying start of: ServiceRecord{45953350 u0 com.android.vending/com.google.android.finsky.services.RestoreService}
11-28 03:27:26.331      819-830/? I/ActivityManager﹕ Process com.trello (pid 19017) has died.
11-28 03:27:26.411     819-1141/? I/ActivityManager﹕ Resuming delayed broadcast
11-28 03:27:26.441      819-845/? I/ActivityManager﹕ Start proc com.google.android.music:main for service com.google.android.music/.download.artwork.ArtDownloadService: pid=20585 uid=10061 gids={50061, 3003, 1028, 1015}
11-28 03:27:26.531     819-2230/? I/ActivityManager﹕ Start proc de.robv.android.xposed.installer for broadcast de.robv.android.xposed.installer/.PackageChangeReceiver: pid=20601 uid=10179 gids={50179, 1028, 1015, 3003}
11-28 03:27:26.541     819-1140/? I/ActivityManager﹕ Process com.expenseit (pid 19067) has died.
11-28 03:27:26.541     819-1141/? I/ActivityManager﹕ Process com.android.providers.calendar (pid 18417) has died.
11-28 03:27:32.261  20585-20585/? E/ActivityThread﹕ Service com.google.android.music.download.TrackDownloadQueueService has leaked ServiceConnection com.google.android.gms.http.GoogleURLConnectionFactory$1@42887708 that was originally bound here
    android.app.ServiceConnectionLeaked: Service com.google.android.music.download.TrackDownloadQueueService has leaked ServiceConnection com.google.android.gms.http.GoogleURLConnectionFactory$1@42887708 that was originally bound here
            at android.app.LoadedApk$ServiceDispatcher.<init>(LoadedApk.java:970)
            at android.app.LoadedApk.getServiceDispatcher(LoadedApk.java:864)
            at android.app.ContextImpl.bindServiceCommon(ContextImpl.java:1569)
            at android.app.ContextImpl.bindService(ContextImpl.java:1552)
            at android.content.ContextWrapper.bindService(ContextWrapper.java:517)
            at com.google.android.gms.http.GoogleURLConnectionFactory.<init>(Unknown Source)
            at com.google.android.gms.http.GoogleHttpClient.<init>(Unknown Source)
            at com.google.android.music.GoogleHttpClientFactory.createGoogleHttpClient(GoogleHttpClientFactory.java:43)
            at com.google.android.music.cloudclient.MusicRequest.createHttpClient(MusicRequest.java:115)
            at com.google.android.music.cloudclient.MusicRequest.getSharedHttpClient(MusicRequest.java:105)
            at com.google.android.music.download.BaseDownloadQueueManager.<init>(BaseDownloadQueueManager.java:110)
            at com.google.android.music.download.TrackDownloadQueueManager.<init>(TrackDownloadQueueManager.java:10)
            at com.google.android.music.download.TrackDownloadQueueService.onCreate(TrackDownloadQueueService.java:25)
            at android.app.ActivityThread.handleCreateService(ActivityThread.java:2558)
            at android.app.ActivityThread.access$1800(ActivityThread.java:135)
            at android.app.ActivityThread$H.handleMessage(ActivityThread.java:1278)
            at android.os.Handler.dispatchMessage(Handler.java:102)
            at android.os.Looper.loop(Looper.java:136)
            at android.app.ActivityThread.main(ActivityThread.java:5001)
            at java.lang.reflect.Method.invokeNative(Native Method)
            at java.lang.reflect.Method.invoke(Method.java:515)
            at com.android.internal.os.ZygoteInit$MethodAndArgsCaller.run(ZygoteInit.java:785)
            at com.android.internal.os.ZygoteInit.main(ZygoteInit.java:601)
            at de.robv.android.xposed.XposedBridge.main(XposedBridge.java:132)
            at dalvik.system.NativeStart.main(Native Method)
11-28 03:27:37.431     819-1549/? I/PackageManager﹕ Adding preferred activity ComponentInfo{com.google.android.talk/com.google.android.apps.hangouts.phone.BabelHomeActivity} for user 0 :
11-28 03:27:37.461      819-829/? I/PackageManager﹕ Adding preferred activity ComponentInfo{com.google.android.talk/com.google.android.apps.hangouts.phone.BabelHomeActivity} for user 0 :
11-28 03:27:37.491     819-1141/? W/ActivityManager﹕ Permission Denial: Accessing service ComponentInfo{com.google.android.music/com.google.android.music.dial.DialMediaRouteProviderService} from pid=27265, uid=10060 that is not exported from uid 10061
11-28 03:27:37.491     819-1171/? W/ActivityManager﹕ Permission Denial: Accessing service ComponentInfo{com.google.android.music/com.google.android.music.dial.DialMediaRouteProviderService} from pid=29522, uid=10066 that is not exported from uid 10061
11-28 03:27:37.491     819-1167/? I/PackageManager﹕ Adding preferred activity ComponentInfo{com.google.android.talk/com.google.android.apps.hangouts.phone.BabelHomeActivity} for user 0 :
11-28 03:27:37.521      819-829/? I/PackageManager﹕ Adding preferred activity ComponentInfo{com.google.android.talk/com.google.android.apps.hangouts.phone.BabelHomeActivity} for user 0 :
11-28 03:27:37.561      819-857/? I/PackageManager﹕ Adding preferred activity ComponentInfo{com.google.android.talk/com.google.android.apps.hangouts.phone.BabelHomeActivity} for user 0 :
11-28 03:27:37.581     819-4544/? I/PackageManager﹕ Adding preferred activity ComponentInfo{com.google.android.talk/com.google.android.apps.hangouts.phone.BabelHomeActivity} for user 0 :
11-28 03:27:37.611     819-1549/? I/PackageManager﹕ Adding preferred activity ComponentInfo{com.google.android.talk/com.google.android.apps.hangouts.phone.BabelHomeActivity} for user 0 :
11-28 03:27:37.631     819-1549/? I/PackageManager﹕ Adding preferred activity ComponentInfo{com.google.android.talk/com.google.android.apps.hangouts.phone.BabelHomeActivity} for user 0 :
11-28 03:28:37.921     819-1171/? I/ActivityManager﹕ Start proc com.android.providers.calendar for content provider com.android.providers.calendar/.CalendarProvider2: pid=20762 uid=10001 gids={50001, 3003, 1028, 1015}
11-28 03:29:26.631      819-882/? D/ConnectivityService﹕ handleInetConditionHoldEnd: net=1, condition=100, published condition=100
11-28 03:32:00.001      819-819/? I/ActivityManager﹕ Killing 18776:com.android.chrome/u0a32 (adj 15): empty for 1821s
11-28 03:32:37.932      819-882/? D/ConnectivityService﹕ Sampling interval elapsed, updating statistics ..
11-28 03:32:37.982      819-882/? D/ConnectivityService﹕ Done.
11-28 03:32:37.982      819-882/? D/ConnectivityService﹕ Setting timer for 720seconds
11-28 03:43:37.911    6188-6188/? E/ActivityThread﹕ Failed to find provider info for com.getpebble.android.provider
11-28 03:43:37.911    6188-6188/? E/ActivityThread﹕ Failed to find provider info for com.getpebble.android.provider
11-28 03:43:37.981      819-882/? D/MobileDataStateTracker﹕ default: setPolicyDataEnable(enabled=true)
11-28 03:44:02.261     819-1549/? I/ActivityManager﹕ Killing 19340:com.qualcomm.timeservice/u0a70 (adj 15): empty for 1800s
11-28 03:44:02.661     819-1549/? I/ActivityManager﹕ Killing 19357:com.verisign.mvip.main/u0a162 (adj 15): empty for 1800s
11-28 03:44:11.771     819-2232/? W/ActivityManager﹕ Permission Denial: Accessing service ComponentInfo{com.google.android.music/com.google.android.music.dial.DialMediaRouteProviderService} from pid=20665, uid=10023 that is not exported from uid 10061
11-28 03:44:18.871      819-829/? I/ActivityManager﹕ Start proc com.google.android.partnersetup for content provider com.google.android.partnersetup/.RlzAppProvider: pid=21411 uid=10011 gids={50011, 3003}
11-28 03:44:18.871     819-1141/? I/ActivityManager﹕ Process ch.bitspin.timely (pid 19374) has died.
11-28 03:44:26.751      819-882/? D/ConnectivityService﹕ handleInetConditionHoldEnd: net=1, condition=100, published condition=100
11-28 03:44:37.992      819-882/? D/ConnectivityService﹕ Sampling interval elapsed, updating statistics ..
11-28 03:44:38.041      819-882/? D/ConnectivityService﹕ Done.
11-28 03:44:38.041      819-882/? D/ConnectivityService﹕ Setting timer for 720seconds
11-28 03:48:39.301     819-1075/? D/ConnectivityService﹕ startUsingNetworkFeature reconnecting to 0: enableSUPL
11-28 03:48:39.301     819-1075/? D/ConnectivityService﹕ startUsingNetworkFeature X: return APN_REQUEST_STARTED
11-28 03:48:39.311      819-819/? D/MobileDataStateTracker﹕ supl: Broadcast received: android.intent.action.ANY_DATA_STATE apnType=supl
11-28 03:48:39.311      819-819/? D/MobileDataStateTracker﹕ supl: Received state=CONNECTING, old=DISCONNECTED, reason=dataEnabled
11-28 03:48:39.311      819-819/? D/MobileDataStateTracker﹕ supl: setDetailed state, old =IDLE and new state=CONNECTING
11-28 03:48:39.331      819-819/? D/MobileDataStateTracker﹕ fota: Broadcast received: android.intent.action.ANY_DATA_STATE apnType=fota
11-28 03:48:39.331      819-819/? D/MobileDataStateTracker﹕ fota: Received state=DISCONNECTED, old=DISCONNECTED, reason=dataEnabled
11-28 03:48:39.331      819-819/? D/MobileDataStateTracker﹕ dun: Broadcast received: android.intent.action.ANY_DATA_STATE apnType=dun
11-28 03:48:39.341      819-819/? D/MobileDataStateTracker﹕ dun: Received state=DISCONNECTED, old=DISCONNECTED, reason=dataEnabled
11-28 03:48:39.341      819-819/? D/MobileDataStateTracker﹕ ia: Broadcast received: android.intent.action.ANY_DATA_STATE apnType=ia
11-28 03:48:39.341      819-819/? D/MobileDataStateTracker﹕ ia: Received state=DISCONNECTED, old=DISCONNECTED, reason=dataEnabled
11-28 03:48:39.341      819-819/? D/MobileDataStateTracker﹕ hipri: Broadcast received: android.intent.action.ANY_DATA_STATE apnType=hipri
11-28 03:48:39.341      819-819/? D/MobileDataStateTracker﹕ hipri: Received state=DISCONNECTED, old=DISCONNECTED, reason=dataEnabled
11-28 03:48:39.351      819-819/? D/MobileDataStateTracker﹕ ims: Broadcast received: android.intent.action.ANY_DATA_STATE apnType=ims
11-28 03:48:39.351      819-819/? D/MobileDataStateTracker﹕ ims: Received state=DISCONNECTED, old=DISCONNECTED, reason=dataEnabled
11-28 03:48:39.361      819-819/? D/MobileDataStateTracker﹕ default: Broadcast received: android.intent.action.ANY_DATA_STATE apnType=default
11-28 03:48:39.361      819-819/? D/MobileDataStateTracker﹕ default: Received state=DISCONNECTED, old=DISCONNECTED, reason=dataEnabled
11-28 03:48:39.361      819-819/? D/MobileDataStateTracker﹕ mms: Broadcast received: android.intent.action.ANY_DATA_STATE apnType=mms
11-28 03:48:39.371      819-819/? D/MobileDataStateTracker﹕ mms: Received state=DISCONNECTED, old=DISCONNECTED, reason=dataEnabled
11-28 03:48:39.371      819-819/? D/MobileDataStateTracker﹕ cbs: Broadcast received: android.intent.action.ANY_DATA_STATE apnType=cbs
11-28 03:48:39.371      819-819/? D/MobileDataStateTracker﹕ cbs: Received state=DISCONNECTED, old=DISCONNECTED, reason=dataEnabled
11-28 03:48:43.111      819-819/? D/MobileDataStateTracker﹕ supl: Broadcast received: android.intent.action.ANY_DATA_STATE apnType=supl
11-28 03:48:43.111      819-819/? D/MobileDataStateTracker﹕ supl: Received state=CONNECTED, old=CONNECTING, reason=connected
11-28 03:48:43.111      819-819/? D/MobileDataStateTracker﹕ supl: setDetailed state, old =CONNECTING and new state=CONNECTED
11-28 03:48:43.111      819-882/? D/ConnectivityService﹕ ConnectivityChange for mobile_supl: CONNECTED/CONNECTED
11-28 03:48:43.161      819-882/? E/ConnectivityService﹕ Exception trying to remove a route: java.lang.IllegalStateException: command '25245 interface route remove rmnet0 default :: 0 2607:fb90:1223:986c:b503:9865:9c54:fbe8' failed with '400 25245 Failed to remove route from default table (No such process)'
11-28 03:48:43.161      819-882/? D/Nat464Xlat﹕ requiresClat: netType=3, hasIPv4Address=false
11-28 03:48:43.171      819-882/? D/MobileDataStateTracker﹕ default: setPolicyDataEnable(enabled=true)
11-28 03:48:43.201      819-845/? W/ProcessCpuTracker﹕ Skipping unknown process pid 21610
11-28 03:48:43.301      819-882/? D/MobileDataStateTracker﹕ default: setPolicyDataEnable(enabled=true)
11-28 03:48:46.371     819-1075/? D/ConnectivityService﹕ stopUsingNetworkFeature: teardown net 0: enableSUPL
11-28 03:48:46.441      819-856/? I/ActivityManager﹕ Start proc com.google.android.setupwizard for broadcast com.google.android.setupwizard/.MobileConnectivityChangeReceiver: pid=21666 uid=10017 gids={50017, 3003}
11-28 03:48:46.461      819-819/? D/MobileDataStateTracker﹕ supl: Broadcast received: android.intent.action.ANY_DATA_STATE apnType=supl
11-28 03:48:46.471      819-819/? D/MobileDataStateTracker﹕ supl: Received state=DISCONNECTED, old=CONNECTED, reason=dataDisabled
11-28 03:48:46.471      819-819/? D/MobileDataStateTracker﹕ supl: setDetailed state, old =CONNECTED and new state=DISCONNECTED
11-28 03:48:46.471      819-882/? D/ConnectivityService﹕ ConnectivityChange for mobile_supl: DISCONNECTED/DISCONNECTED
11-28 03:48:46.481      182-590/? W/FrameworkListener﹕ Handler 'interface' error (No such device)
11-28 03:48:46.501      182-590/? W/FrameworkListener﹕ Handler 'interface' error (No such device)
11-28 03:48:46.511      819-882/? D/ConnectivityService﹕ resetConnections(rmnet0, 3)
11-28 03:48:46.571      819-882/? D/Nat464Xlat﹕ requiresClat: netType=3, hasIPv4Address=false
11-28 03:48:46.571      819-882/? D/MobileDataStateTracker﹕ default: setPolicyDataEnable(enabled=true)
11-28 03:48:46.611      819-882/? D/MobileDataStateTracker﹕ default: setPolicyDataEnable(enabled=true)
11-28 03:48:46.651     819-8448/? I/ActivityManager﹕ Start proc com.android.chrome for broadcast com.android.chrome/com.google.android.apps.chrome.precache.PrecacheServiceLauncher: pid=21700 uid=10032 gids={50032, 3003, 1028, 1015}
11-28 03:48:46.721      819-882/? D/MobileDataStateTracker﹕ default: setPolicyDataEnable(enabled=true)
11-28 03:48:46.721      819-882/? D/MobileDataStateTracker﹕ default: setPolicyDataEnable(enabled=true)
11-28 03:48:46.931     819-1549/? I/ActivityManager﹕ Start proc com.google.android.apps.magazines for broadcast com.google.android.apps.magazines/com.google.apps.dots.android.newsstand.appwidget.NewsWidgetProvider: pid=21716 uid=10058 gids={50058, 3003, 1028, 1015}
11-28 03:48:47.111      819-856/? I/ActivityManager﹕ Process com.amazon.kindle (pid 19644) has died.
11-28 03:48:47.111      819-856/? W/ActivityManager﹕ Scheduling restart of crashed service com.amazon.kindle/com.audible.mobile.player.service.PlayerService in 1000ms
11-28 03:48:47.591     819-2232/? I/ActivityManager﹕ Start proc air.WatchESPN for broadcast air.WatchESPN/com.espn.watchespn.NetworkChangedListener: pid=21777 uid=10185 gids={50185, 3003, 1028, 1015}
11-28 03:48:48.261      819-830/? I/ActivityManager﹕ Start proc com.trello for broadcast com.trello/.common.ConnectivityBroadcastReceiver: pid=21804 uid=10181 gids={50181, 3003, 1028, 1015}
11-28 03:48:48.301      819-845/? I/ActivityManager﹕ Start proc com.amazon.kindle for service com.amazon.kindle/com.audible.mobile.player.service.PlayerService: pid=21816 uid=10106 gids={50106, 3003, 1028, 1015, 3002}
11-28 03:48:48.911     819-2230/? I/ActivityManager﹕ Start proc com.devhd.feedly for broadcast com.devhd.feedly/.widget.FeedlyWidgetProvider: pid=21871 uid=10140 gids={50140, 3003, 1028, 1015}
11-28 03:48:48.911     819-2230/? I/ActivityManager﹕ Killing 19561:com.google.android.talk/u0a51 (adj 15): empty #17
11-28 03:48:49.061     819-1140/? I/ActivityManager﹕ Killing 20493:com.android.vending/u0a15 (adj 15): empty #17
11-28 03:48:49.251     819-1141/? I/ActivityManager﹕ Start proc com.expenseit for broadcast com.expenseit/.receivers.ConnectivityReceiver: pid=21896 uid=10247 gids={50247, 3003, 1028, 1015}
11-28 03:48:49.281      819-882/? D/ConnectivityService﹕ handleInetConditionHoldEnd: net=1, condition=100, published condition=100
11-28 03:48:49.881     819-8448/? I/ActivityManager﹕ Killing 20601:de.robv.android.xposed.installer/u0a179 (adj 15): empty #17
11-28 03:48:49.921     819-1549/? I/ActivityManager﹕ Start proc com.android.vending for broadcast com.android.vending/com.google.android.finsky.receivers.ConsumptionAppDataChangedReceiver: pid=21943 uid=10015 gids={50015, 3003, 1028, 1015}
11-28 03:48:50.591  21816-22001/? E/ActivityThread﹕ Failed to find provider info for com.amazon.dcp.settings
11-28 03:48:50.861     819-4545/? I/ActivityManager﹕ Killing 20762:com.android.providers.calendar/u0a1 (adj 15): empty #17
11-28 03:48:51.121     819-2232/? I/ActivityManager﹕ Start proc com.google.android.apps.books for service com.google.android.apps.books/.service.BooksUserContentService: pid=22012 uid=10026 gids={50026, 3003, 1028, 1015}
11-28 03:48:51.881      819-856/? I/ActivityManager﹕ Start proc com.google.android.videos for service com.google.android.videos/.store.VideoUserContentService: pid=22037 uid=10072 gids={50072, 3003, 1028, 1015, 3002}
11-28 03:48:52.431     819-2230/? I/ActivityManager﹕ Killing 18461:com.google.android.calendar/u0a29 (adj 15): empty #17
11-28 03:48:52.481      819-856/? I/ActivityManager﹕ Killing 14018:com.google.android.apps.fitness/u0a241 (adj 15): empty #17
11-28 03:48:52.591      819-882/? D/ConnectivityService﹕ handleInetConditionHoldEnd: net=1, condition=100, published condition=100
11-28 03:48:53.331     819-4545/? I/ActivityManager﹕ Killing 21411:com.google.android.partnersetup/u0a11 (adj 15): empty #17
11-28 03:48:54.711  21816-21838/? W/ActivityThread﹕ ClassLoader.loadClass: The class loader returned by Thread.getContextClassLoader() may fail for processes that host multiple applications. You should explicitly specify a context class loader. For example: Thread.setContextClassLoader(getClass().getClassLoader());
11-28 03:48:54.971     819-2232/? W/BackupManagerService﹕ dataChanged but no participant pkg='com.amazon.kindle' uid=10106
11-28 03:48:54.991  21816-21816/? W/PackageParser﹕ No actions in intent filter at /data/app/com.amazon.kindle-1.apk Binary XML file line #230
11-28 03:48:56.891      819-845/? I/ActivityManager﹕ Start proc com.google.android.talk for broadcast com.google.android.talk/com.google.android.apps.hangouts.phone.PackageReplacedReceiver: pid=22224 uid=10051 gids={50051, 3003, 1028, 1015, 3002}
11-28 03:48:56.911     819-1171/? W/ActivityManager﹕ Permission Denial: Accessing service ComponentInfo{com.google.android.music/com.google.android.music.dial.DialMediaRouteProviderService} from pid=27265, uid=10060 that is not exported from uid 10061
11-28 03:48:56.911     819-2230/? W/ActivityManager﹕ Permission Denial: Accessing service ComponentInfo{com.google.android.music/com.google.android.music.dial.DialMediaRouteProviderService} from pid=29522, uid=10066 that is not exported from uid 10061
11-28 03:48:56.921     819-8448/? W/ActivityManager﹕ Permission Denial: Accessing service ComponentInfo{com.google.android.music/com.google.android.music.dial.DialMediaRouteProviderService} from pid=29522, uid=10066 that is not exported from uid 10061
11-28 03:48:56.921     819-1123/? W/ActivityManager﹕ Permission Denial: Accessing service ComponentInfo{com.google.android.music/com.google.android.music.dial.DialMediaRouteProviderService} from pid=27265, uid=10060 that is not exported from uid 10061
11-28 03:48:56.941     819-2230/? I/PackageManager﹕ Adding preferred activity ComponentInfo{com.google.android.talk/com.google.android.apps.hangouts.phone.BabelHomeActivity} for user 0 :
11-28 03:48:57.041     819-1127/? I/PackageManager﹕ Adding preferred activity ComponentInfo{com.google.android.talk/com.google.android.apps.hangouts.phone.BabelHomeActivity} for user 0 :
11-28 03:48:57.121     819-1140/? I/PackageManager﹕ Adding preferred activity ComponentInfo{com.google.android.talk/com.google.android.apps.hangouts.phone.BabelHomeActivity} for user 0 :
11-28 03:48:57.151     819-2232/? I/PackageManager﹕ Adding preferred activity ComponentInfo{com.google.android.talk/com.google.android.apps.hangouts.phone.BabelHomeActivity} for user 0 :
11-28 03:48:57.181     819-4544/? I/PackageManager﹕ Adding preferred activity ComponentInfo{com.google.android.talk/com.google.android.apps.hangouts.phone.BabelHomeActivity} for user 0 :
11-28 03:48:57.211      819-830/? I/PackageManager﹕ Adding preferred activity ComponentInfo{com.google.android.talk/com.google.android.apps.hangouts.phone.BabelHomeActivity} for user 0 :
11-28 03:48:57.231     819-8448/? I/ActivityManager﹕ Process com.amazon.mShop.android (pid 8268) has died.
