            at com.google.android.gms.wearable.internal.f.putDataItem(Unknown Source)
            at com.google.android.clockwork.stream.bridger.NotificationBridger.handleFullSync(NotificationBridger.java:386)
            at com.google.android.clockwork.stream.bridger.NotificationBridger.handleMessage(NotificationBridger.java:1241)
            at android.os.Handler.dispatchMessage(Handler.java:98)
            at android.os.Looper.loop(Looper.java:136)
            at android.os.HandlerThread.run(HandlerThread.java:61)
12-25 12:30:01.832     816-1186/? W/ActivityManager﹕ Process com.google.android.wearable.app has crashed too many times: killing!
12-25 12:30:01.832     816-1186/? I/ActivityManager﹕ Killing 30024:com.google.android.wearable.app/u0a200 (adj 1): crash
12-25 12:30:01.832      816-816/? V/NotificationService﹕ notification listener connection lost: ComponentInfo{com.google.android.wearable.app/com.google.android.clockwork.stream.NotificationCollectorService}
12-25 12:30:02.282      816-842/? W/ProcessCpuTracker﹕ Skipping unknown process pid 30038
12-25 12:30:02.282      816-842/? W/ProcessCpuTracker﹕ Skipping unknown process pid 30039
12-25 12:30:02.282      816-842/? W/ProcessCpuTracker﹕ Skipping unknown process pid 30041
12-25 12:30:02.282      816-842/? W/ProcessCpuTracker﹕ Skipping unknown process pid 30042
12-25 12:30:02.282      816-842/? W/ProcessCpuTracker﹕ Skipping unknown process pid 30084
12-25 12:30:02.282      816-842/? W/ProcessCpuTracker﹕ Skipping unknown process pid 30098
12-25 12:30:10.202     816-1038/? I/PackageManager﹕ Adding preferred activity ComponentInfo{com.google.android.talk/com.google.android.apps.hangouts.phone.BabelHomeActivity} for user 0 :
12-25 12:30:10.222     816-1144/? I/PackageManager﹕ Adding preferred activity ComponentInfo{com.google.android.talk/com.google.android.apps.hangouts.phone.BabelHomeActivity} for user 0 :
12-25 12:30:10.262     816-7675/? I/PackageManager﹕ Adding preferred activity ComponentInfo{com.google.android.talk/com.google.android.apps.hangouts.phone.BabelHomeActivity} for user 0 :
12-25 12:30:10.302     816-1528/? I/PackageManager﹕ Adding preferred activity ComponentInfo{com.google.android.talk/com.google.android.apps.hangouts.phone.BabelHomeActivity} for user 0 :
12-25 12:30:10.342     816-1145/? I/PackageManager﹕ Adding preferred activity ComponentInfo{com.google.android.talk/com.google.android.apps.hangouts.phone.BabelHomeActivity} for user 0 :
12-25 12:30:10.372      816-827/? I/PackageManager﹕ Adding preferred activity ComponentInfo{com.google.android.talk/com.google.android.apps.hangouts.phone.BabelHomeActivity} for user 0 :
12-25 12:30:10.402     816-1163/? I/PackageManager﹕ Adding preferred activity ComponentInfo{com.google.android.talk/com.google.android.apps.hangouts.phone.BabelHomeActivity} for user 0 :
12-25 12:30:10.422     816-1038/? I/PackageManager﹕ Adding preferred activity ComponentInfo{com.google.android.talk/com.google.android.apps.hangouts.phone.BabelHomeActivity} for user 0 :
12-25 12:30:10.452      816-816/? V/NotificationService﹕ enabling notification listener for user 0: ComponentInfo{com.google.android.wearable.app/com.google.android.clockwork.stream.NotificationCollectorService}
12-25 12:30:10.482      816-816/? I/ActivityManager﹕ Start proc com.google.android.wearable.app for service com.google.android.wearable.app/com.google.android.clockwork.stream.NotificationCollectorService: pid=30124 uid=10200 gids={50200, 3002, 3001, 3003}
12-25 12:30:12.312  30124-30145/? E/AndroidRuntime﹕ FATAL EXCEPTION: NotificationBridger
    Process: com.google.android.wearable.app, PID: 30124
    java.lang.IllegalStateException: Unable to putDataItem: PutDataRequest[dataSz=1137, numAssets=5, uri=wear:/bridger/stream_item%3Ae12e6647-0917-4594-a0b8-f42d78390f6d%3Acom.google.android.talk%3A0%3Acom.google.android.talk1~3Aclient_generated~3Asms~3A541875800521305609]
            at com.google.android.gms.wearable.internal.ay.a(Unknown Source)
            at com.google.android.gms.wearable.internal.f$1.a(Unknown Source)
            at com.google.android.gms.wearable.internal.f$1.a(Unknown Source)
            at com.google.android.gms.common.api.BaseImplementation$a.b(Unknown Source)
            at com.google.android.gms.common.api.c.a(Unknown Source)
            at com.google.android.gms.common.api.c.b(Unknown Source)
            at com.google.android.gms.common.api.c.a(Unknown Source)
            at com.google.android.gms.wearable.internal.f.putDataItem(Unknown Source)
            at com.google.android.clockwork.stream.bridger.NotificationBridger.handleFullSync(NotificationBridger.java:386)
            at com.google.android.clockwork.stream.bridger.NotificationBridger.handleMessage(NotificationBridger.java:1241)
            at android.os.Handler.dispatchMessage(Handler.java:98)
            at android.os.Looper.loop(Looper.java:136)
            at android.os.HandlerThread.run(HandlerThread.java:61)
     Caused by: java.lang.NullPointerException: FileDescriptor must not be null
            at android.os.Parcel.readException(Parcel.java:1471)
            at android.os.Parcel.readException(Parcel.java:1419)
            at com.google.android.gms.wearable.internal.af$a$a.a(Unknown Source)
            at com.google.android.gms.wearable.internal.ay.a(Unknown Source)
            at com.google.android.gms.wearable.internal.f$1.a(Unknown Source)
            at com.google.android.gms.wearable.internal.f$1.a(Unknown Source)
            at com.google.android.gms.common.api.BaseImplementation$a.b(Unknown Source)
            at com.google.android.gms.common.api.c.a(Unknown Source)
            at com.google.android.gms.common.api.c.b(Unknown Source)
            at com.google.android.gms.common.api.c.a(Unknown Source)
            at com.google.android.gms.wearable.internal.f.putDataItem(Unknown Source)
            at com.google.android.clockwork.stream.bridger.NotificationBridger.handleFullSync(NotificationBridger.java:386)
            at com.google.android.clockwork.stream.bridger.NotificationBridger.handleMessage(NotificationBridger.java:1241)
            at android.os.Handler.dispatchMessage(Handler.java:98)
            at android.os.Looper.loop(Looper.java:136)
            at android.os.HandlerThread.run(HandlerThread.java:61)
12-25 12:30:12.332     816-1163/? I/ActivityManager﹕ Process com.google.android.wearable.app (pid 30124) has died.
12-25 12:30:12.332      816-816/? V/NotificationService﹕ notification listener connection lost: ComponentInfo{com.google.android.wearable.app/com.google.android.clockwork.stream.NotificationCollectorService}
12-25 12:30:12.332     816-1163/? W/ActivityManager﹕ Scheduling restart of crashed service com.google.android.wearable.app/com.google.android.clockwork.stream.NotificationCollectorService in 1000ms
12-25 12:30:12.332     816-1163/? W/ActivityManager﹕ Scheduling restart of crashed service com.google.android.wearable.app/com.google.android.clockwork.now.NowFetcherService in 11000ms
12-25 12:30:12.332     816-1163/? W/ActivityManager﹕ Scheduling restart of crashed service com.google.android.wearable.app/com.google.android.clockwork.companion.packagemanager.PackageUpdateService in 11000ms
12-25 12:30:12.332     816-1163/? W/ActivityManager﹕ Scheduling restart of crashed service com.google.android.wearable.app/com.google.android.clockwork.host.DispatchingWearableListenerService in 11000ms
12-25 12:30:12.332     816-1163/? W/ActivityManager﹕ Scheduling restart of crashed service com.google.android.wearable.app/com.google.android.clockwork.stream.NotificationCollectorMonitorService in 21000ms
12-25 12:30:13.432      816-842/? I/ActivityManager﹕ Start proc com.google.android.wearable.app for service com.google.android.wearable.app/com.google.android.clockwork.stream.NotificationCollectorService: pid=30187 uid=10200 gids={50200, 3002, 3001, 3003}
12-25 12:30:15.472  30187-30211/? E/AndroidRuntime﹕ FATAL EXCEPTION: NotificationBridger
    Process: com.google.android.wearable.app, PID: 30187
    java.lang.IllegalStateException: Unable to putDataItem: PutDataRequest[dataSz=1137, numAssets=5, uri=wear:/bridger/stream_item%3Ae12e6647-0917-4594-a0b8-f42d78390f6d%3Acom.google.android.talk%3A0%3Acom.google.android.talk1~3Aclient_generated~3Asms~3A541875800521305609]
            at com.google.android.gms.wearable.internal.ay.a(Unknown Source)
            at com.google.android.gms.wearable.internal.f$1.a(Unknown Source)
            at com.google.android.gms.wearable.internal.f$1.a(Unknown Source)
            at com.google.android.gms.common.api.BaseImplementation$a.b(Unknown Source)
            at com.google.android.gms.common.api.c.a(Unknown Source)
            at com.google.android.gms.common.api.c.b(Unknown Source)
            at com.google.android.gms.common.api.c.a(Unknown Source)
            at com.google.android.gms.wearable.internal.f.putDataItem(Unknown Source)
            at com.google.android.clockwork.stream.bridger.NotificationBridger.handleFullSync(NotificationBridger.java:386)
            at com.google.android.clockwork.stream.bridger.NotificationBridger.handleMessage(NotificationBridger.java:1241)
            at android.os.Handler.dispatchMessage(Handler.java:98)
            at android.os.Looper.loop(Looper.java:136)
            at android.os.HandlerThread.run(HandlerThread.java:61)
     Caused by: java.lang.NullPointerException: FileDescriptor must not be null
            at android.os.Parcel.readException(Parcel.java:1471)
            at android.os.Parcel.readException(Parcel.java:1419)
            at com.google.android.gms.wearable.internal.af$a$a.a(Unknown Source)
            at com.google.android.gms.wearable.internal.ay.a(Unknown Source)
            at com.google.android.gms.wearable.internal.f$1.a(Unknown Source)
            at com.google.android.gms.wearable.internal.f$1.a(Unknown Source)
            at com.google.android.gms.common.api.BaseImplementation$a.b(Unknown Source)
            at com.google.android.gms.common.api.c.a(Unknown Source)
            at com.google.android.gms.common.api.c.b(Unknown Source)
            at com.google.android.gms.common.api.c.a(Unknown Source)
            at com.google.android.gms.wearable.internal.f.putDataItem(Unknown Source)
            at com.google.android.clockwork.stream.bridger.NotificationBridger.handleFullSync(NotificationBridger.java:386)
            at com.google.android.clockwork.stream.bridger.NotificationBridger.handleMessage(NotificationBridger.java:1241)
            at android.os.Handler.dispatchMessage(Handler.java:98)
            at android.os.Looper.loop(Looper.java:136)
            at android.os.HandlerThread.run(HandlerThread.java:61)
12-25 12:30:15.492      816-826/? I/ActivityManager﹕ Process com.google.android.wearable.app (pid 30187) has died.
12-25 12:30:15.492      816-826/? W/ActivityManager﹕ Scheduling restart of crashed service com.google.android.wearable.app/com.google.android.clockwork.stream.NotificationCollectorMonitorService in 1000ms
12-25 12:30:15.492      816-826/? W/ActivityManager﹕ Scheduling restart of crashed service com.google.android.wearable.app/com.google.android.clockwork.companion.packagemanager.PackageUpdateService in 1000ms
12-25 12:30:15.492      816-826/? W/ActivityManager﹕ Scheduling restart of crashed service com.google.android.wearable.app/com.google.android.clockwork.now.NowFetcherService in 1000ms
12-25 12:30:15.492      816-826/? W/ActivityManager﹕ Service crashed 2 times, stopping: ServiceRecord{451b1f98 u0 com.google.android.wearable.app/com.google.android.clockwork.stream.NotificationCollectorService}
12-25 12:30:15.492      816-826/? W/ActivityManager﹕ Service crashed 2 times, stopping: ServiceRecord{441f7fb8 u0 com.google.android.wearable.app/com.google.android.clockwork.host.DispatchingWearableListenerService}
12-25 12:30:15.492      816-816/? V/NotificationService﹕ notification listener connection lost: ComponentInfo{com.google.android.wearable.app/com.google.android.clockwork.stream.NotificationCollectorService}
12-25 12:30:55.722      816-861/? I/ActivityManager﹕ Start proc com.google.android.wearable.app for service com.google.android.wearable.app/com.google.android.clockwork.stream.NotificationCollectorMonitorService: pid=30326 uid=10200 gids={50200, 3002, 3001, 3003}
12-25 12:31:06.042      816-827/? I/PackageManager﹕ Adding preferred activity ComponentInfo{com.google.android.talk/com.google.android.apps.hangouts.phone.BabelHomeActivity} for user 0 :
12-25 12:31:06.072     816-1144/? I/PackageManager﹕ Adding preferred activity ComponentInfo{com.google.android.talk/com.google.android.apps.hangouts.phone.BabelHomeActivity} for user 0 :
12-25 12:31:06.082     816-1528/? I/PackageManager﹕ Adding preferred activity ComponentInfo{com.google.android.talk/com.google.android.apps.hangouts.phone.BabelHomeActivity} for user 0 :
12-25 12:31:06.112     816-1528/? I/PackageManager﹕ Adding preferred activity ComponentInfo{com.google.android.talk/com.google.android.apps.hangouts.phone.BabelHomeActivity} for user 0 :
12-25 12:31:06.162     816-1024/? I/PackageManager﹕ Adding preferred activity ComponentInfo{com.google.android.talk/com.google.android.apps.hangouts.phone.BabelHomeActivity} for user 0 :
12-25 12:31:06.192     816-1144/? I/PackageManager﹕ Adding preferred activity ComponentInfo{com.google.android.talk/com.google.android.apps.hangouts.phone.BabelHomeActivity} for user 0 :
12-25 12:31:06.232     816-1038/? I/PackageManager﹕ Adding preferred activity ComponentInfo{com.google.android.talk/com.google.android.apps.hangouts.phone.BabelHomeActivity} for user 0 :
12-25 12:31:06.252     816-7675/? I/PackageManager﹕ Adding preferred activity ComponentInfo{com.google.android.talk/com.google.android.apps.hangouts.phone.BabelHomeActivity} for user 0 :
12-25 12:31:06.292      816-816/? V/NotificationService﹕ enabling notification listener for user 0: ComponentInfo{com.google.android.wearable.app/com.google.android.clockwork.stream.NotificationCollectorService}
12-25 12:31:07.942  30326-30353/? E/AndroidRuntime﹕ FATAL EXCEPTION: NotificationBridger
    Process: com.google.android.wearable.app, PID: 30326
    java.lang.IllegalStateException: Unable to putDataItem: PutDataRequest[dataSz=1137, numAssets=5, uri=wear:/bridger/stream_item%3Ae12e6647-0917-4594-a0b8-f42d78390f6d%3Acom.google.android.talk%3A0%3Acom.google.android.talk1~3Aclient_generated~3Asms~3A541875800521305609]
            at com.google.android.gms.wearable.internal.ay.a(Unknown Source)
            at com.google.android.gms.wearable.internal.f$1.a(Unknown Source)
            at com.google.android.gms.wearable.internal.f$1.a(Unknown Source)
            at com.google.android.gms.common.api.BaseImplementation$a.b(Unknown Source)
            at com.google.android.gms.common.api.c.a(Unknown Source)
            at com.google.android.gms.common.api.c.b(Unknown Source)
            at com.google.android.gms.common.api.c.a(Unknown Source)
            at com.google.android.gms.wearable.internal.f.putDataItem(Unknown Source)
            at com.google.android.clockwork.stream.bridger.NotificationBridger.handleFullSync(NotificationBridger.java:386)
            at com.google.android.clockwork.stream.bridger.NotificationBridger.handleMessage(NotificationBridger.java:1241)
            at android.os.Handler.dispatchMessage(Handler.java:98)
            at android.os.Looper.loop(Looper.java:136)
            at android.os.HandlerThread.run(HandlerThread.java:61)
     Caused by: java.lang.NullPointerException: FileDescriptor must not be null
            at android.os.Parcel.readException(Parcel.java:1471)
            at android.os.Parcel.readException(Parcel.java:1419)
            at com.google.android.gms.wearable.internal.af$a$a.a(Unknown Source)
            at com.google.android.gms.wearable.internal.ay.a(Unknown Source)
            at com.google.android.gms.wearable.internal.f$1.a(Unknown Source)
            at com.google.android.gms.wearable.internal.f$1.a(Unknown Source)
            at com.google.android.gms.common.api.BaseImplementation$a.b(Unknown Source)
            at com.google.android.gms.common.api.c.a(Unknown Source)
            at com.google.android.gms.common.api.c.b(Unknown Source)
            at com.google.android.gms.common.api.c.a(Unknown Source)
            at com.google.android.gms.wearable.internal.f.putDataItem(Unknown Source)
            at com.google.android.clockwork.stream.bridger.NotificationBridger.handleFullSync(NotificationBridger.java:386)
            at com.google.android.clockwork.stream.bridger.NotificationBridger.handleMessage(NotificationBridger.java:1241)
            at android.os.Handler.dispatchMessage(Handler.java:98)
            at android.os.Looper.loop(Looper.java:136)
            at android.os.HandlerThread.run(HandlerThread.java:61)
12-25 12:31:07.942     816-7675/? W/ActivityManager﹕ Process com.google.android.wearable.app has crashed too many times: killing!
12-25 12:31:07.942     816-7675/? I/ActivityManager﹕ Killing 30326:com.google.android.wearable.app/u0a200 (adj 1): crash
12-25 12:31:07.942      816-816/? V/NotificationService﹕ notification listener connection lost: ComponentInfo{com.google.android.wearable.app/com.google.android.clockwork.stream.NotificationCollectorService}
12-25 12:31:44.682      816-861/? W/ActivityManager﹕ Unable to launch app com.google.android.wearable.app/10200 for service Intent { act=com.google.android.clockwork.stream.action.MONITOR_CHECK cmp=com.google.android.wearable.app/com.google.android.clockwork.stream.NotificationCollectorMonitorService }: process is bad
12-25 12:33:51.292      816-879/? D/ConnectivityService﹕ handleInetConditionHoldEnd: net=1, condition=100, published condition=100
12-25 12:35:04.362     816-7675/? I/ActivityManager﹕ Killing 27287:com.fidelity.android/u0a121 (adj 15): empty #17
12-25 12:40:29.712      816-842/? I/ProcessStatsService﹕ Prepared write state in 28ms
12-25 12:40:29.712      816-842/? I/ProcessStatsService﹕ Prepared write state in 0ms
12-25 12:40:29.722      816-843/? I/ProcessStatsService﹕ Pruning old procstats: /data/system/procstats/state-2014-12-23-19-54-46.bin
12-25 12:42:05.692      816-879/? D/ConnectivityService﹕ Sampling interval elapsed, updating statistics ..
12-25 12:42:05.752      816-879/? D/ConnectivityService﹕ Done.
12-25 12:42:05.752      816-879/? D/ConnectivityService﹕ Setting timer for 720seconds
12-25 12:42:06.292      816-879/? D/ConnectivityService﹕ handleInetConditionHoldEnd: net=1, condition=100, published condition=100
12-25 12:44:26.032      816-879/? D/MobileDataStateTracker﹕ default: setPolicyDataEnable(enabled=true)
12-25 12:44:56.722      816-861/? I/ActivityManager﹕ Start proc com.fidelity.android for service com.fidelity.android/.util.pebble.WatchListRefreshService: pid=31509 uid=10121 gids={50121, 3003, 1028, 1015}
12-25 12:44:56.922  31509-31509/? E/ActivityThread﹕ Failed to find provider info for com.getpebble.android.provider
12-25 12:44:56.922  31509-31509/? E/ActivityThread﹕ Failed to find provider info for com.getpebble.android.provider
12-25 12:44:56.932     816-1569/? I/ActivityManager﹕ Killing 28833:com.twitter.android/u0a148 (adj 15): empty #17
12-25 12:44:56.952     816-7675/? A/ActivityManager﹕ Service ServiceRecord{45161850 u0 com.twitter.android/com.twitter.internal.android.service.AsyncService} in process ProcessRecord{4321fee8 28833:com.twitter.android/u0a148} not same as in map: null
12-25 12:45:07.192      816-853/? W/ActivityManager﹕ Permission Denial: Accessing service ComponentInfo{com.google.android.music/com.google.android.music.dial.DialMediaRouteProviderService} from pid=25132, uid=10023 that is not exported from uid 10061
12-25 12:45:08.932      816-842/? W/BroadcastQueue﹕ Unable to launch app com.google.android.wearable.app/10200 for broadcast Intent { act=com.google.android.apps.now.cards_remote_broadcast flg=0x10 (has extras) }: process is bad
12-25 12:46:44.462      816-842/? W/ProcessCpuTracker﹕ Skipping unknown process pid 31739
12-25 12:46:44.462      816-842/? W/ProcessCpuTracker﹕ Skipping unknown process pid 31748
12-25 12:46:44.472      816-842/? W/ProcessCpuTracker﹕ Skipping unknown process pid 31749
12-25 12:50:25.952      816-879/? D/ConnectivityService﹕ handleInetConditionHoldEnd: net=1, condition=100, published condition=100
12-25 12:51:15.202      816-879/? D/ConnectivityService﹕ handleInetConditionHoldEnd: net=1, condition=100, published condition=100
12-25 12:54:29.712      816-879/? D/ConnectivityService﹕ Sampling interval elapsed, updating statistics ..
12-25 12:54:29.752      816-879/? D/ConnectivityService﹕ Done.
12-25 12:54:29.752      816-879/? D/ConnectivityService﹕ Setting timer for 720seconds
12-25 12:57:36.822      816-816/? V/BackupManagerService﹕ Running a backup pass
12-25 12:57:36.822      816-939/? V/BackupManagerService﹕ clearing pending backups
12-25 12:57:36.842      816-939/? V/PerformBackupTask﹕ Beginning backup of 2 targets
12-25 12:57:36.892      816-939/? D/PerformBackupTask﹕ invokeAgentForBackup on @pm@
12-25 12:57:36.922      816-939/? I/PerformBackupTask﹕ no backup data written; not calling transport
12-25 12:57:36.922      816-939/? D/PerformBackupTask﹕ starting agent for backup of BackupRequest{pkg=android}
12-25 12:57:36.932      816-939/? D/BackupManagerService﹕ awaiting agent for ApplicationInfo{42f42568 android}
12-25 12:57:36.932      816-816/? D/BackupManagerService﹕ agentConnected pkg=android agent=android.app.backup.BackupAgent$BackupServiceBinder@43631e28
12-25 12:57:36.932      816-939/? I/BackupManagerService﹕ got agent android.app.backup.BackupAgent$BackupServiceBinder@43631e28
12-25 12:57:36.932      816-939/? D/PerformBackupTask﹕ invokeAgentForBackup on android
12-25 12:57:36.942      816-939/? I/PerformBackupTask﹕ no backup data written; not calling transport
12-25 12:57:36.942      816-939/? D/PerformBackupTask﹕ starting agent for backup of BackupRequest{pkg=com.google.android.googlequicksearchbox}
12-25 12:57:36.942      816-939/? D/BackupManagerService﹕ awaiting agent for ApplicationInfo{436755a8 com.google.android.googlequicksearchbox}
12-25 12:57:36.942      816-826/? D/BackupManagerService﹕ agentConnected pkg=com.google.android.googlequicksearchbox agent=android.os.BinderProxy@43bf13e0
12-25 12:57:36.942      816-939/? I/BackupManagerService﹕ got agent android.app.IBackupAgent$Stub$Proxy@43b0f938
12-25 12:57:36.942      816-939/? D/PerformBackupTask﹕ invokeAgentForBackup on com.google.android.googlequicksearchbox
12-25 12:57:37.972      816-939/? I/PerformBackupTask﹕ Backup pass finished.
12-25 12:59:40.162      816-842/? W/ProcessCpuTracker﹕ Skipping unknown process pid 32572
12-25 12:59:40.292      816-879/? D/ConnectivityService﹕ handleInetConditionHoldEnd: net=1, condition=100, published condition=100
12-25 13:00:01.452      816-842/? W/ProcessCpuTracker﹕ Skipping unknown process pid 32615
12-25 13:00:01.452      816-842/? W/ProcessCpuTracker﹕ Skipping unknown process pid 32616
12-25 13:00:01.452      816-842/? W/ProcessCpuTracker﹕ Skipping unknown process pid 32621
12-25 13:00:01.452      816-842/? W/ProcessCpuTracker﹕ Skipping unknown process pid 32624
12-25 13:06:09.326     816-1163/? I/ActivityManager﹕ Start proc com.qualcomm.timeservice for broadcast com.qualcomm.timeservice/.TimeServiceBroadcastReceiver: pid=657 uid=10070 gids={50070}
12-25 13:06:09.376     816-1024/? I/ActivityManager﹕ Killing 29051:com.google.android.partnersetup/u0a11 (adj 15): empty #17
12-25 13:06:09.466     816-1555/? I/ActivityManager﹕ Start proc com.google.android.keep for broadcast com.google.android.keep/.notification.AlertReceiver: pid=682 uid=10053 gids={50053, 3003, 1028, 1015}
12-25 13:06:09.776     816-1569/? I/ActivityManager﹕ Start proc com.google.android.calendar for broadcast com.google.android.calendar/com.android.calendar.widget.CalendarAppWidgetProvider: pid=705 uid=10029 gids={50029, 3003, 1028, 1015}
12-25 13:06:09.836     816-1186/? I/ActivityManager﹕ Killing 29094:com.google.android.tts/u0a49 (adj 15): empty #17
12-25 13:06:09.856     816-1024/? W/ActivityManager﹕ Scheduling restart of crashed service com.google.android.tts/.service.GoogleTTSService in 1000ms
12-25 13:06:10.016     816-1528/? I/ActivityManager﹕ Start proc com.verisign.mvip.main for broadcast com.verisign.mvip.main/.GlobalTimeChangeReceiver: pid=723 uid=10162 gids={50162, 3003}
12-25 13:06:10.016     816-1528/? I/ActivityManager﹕ Killing 29683:com.google.android.talk/u0a51 (adj 15): empty #17
12-25 13:06:10.026     816-1145/? A/ActivityManager﹕ Service ServiceRecord{450c5d68 u0 com.google.android.talk/com.google.android.libraries.hangouts.video.CallService} in process ProcessRecord{42e1f438 29683:com.google.android.talk/u0a51} not same as in map: null
12-25 13:06:10.296     816-1144/? I/ActivityManager﹕ Killing 28096:com.android.vending/u0a15 (adj 15): empty #17
12-25 13:06:10.346     816-1163/? I/ActivityManager﹕ Start proc ch.bitspin.timely for broadcast ch.bitspin.timely/.alarm.AlarmBroadcastReceiver: pid=738 uid=10103 gids={50103, 3003}
12-25 13:06:10.766      816-843/? I/ActivityManager﹕ Start proc com.trello for service com.trello/.syncadapter.TSyncService: pid=762 uid=10181 gids={50181, 3003, 1028, 1015}
12-25 13:06:10.826      816-827/? I/ActivityManager﹕ Start proc ru.org.amip.ClockSync for broadcast ru.org.amip.ClockSync/.TimeChangeReceiver: pid=781 uid=10119 gids={50119, 3003}
12-25 13:06:10.886      816-842/? I/ActivityManager﹕ Start proc com.google.android.tts for service com.google.android.tts/.service.GoogleTTSService: pid=810 uid=10049 gids={50049, 3003, 1028, 1015}
12-25 13:06:10.926     816-1541/? W/BroadcastQueue﹕ Unable to launch app com.google.android.wearable.app/10200 for broadcast Intent { act=android.intent.action.TIME_SET flg=0x24000010 }: process is bad
12-25 13:06:10.926     816-1541/? I/ActivityManager﹕ Killing 28139:de.robv.android.xposed.installer/u0a179 (adj 15): empty #17
12-25 13:06:11.106     816-1038/? I/ActivityManager﹕ Killing 25372:com.google.android.apps.plus/u0a66 (adj 15): empty #17
12-25 13:06:11.296     816-1541/? I/ActivityManager﹕ Killing 31509:com.fidelity.android/u0a121 (adj 15): empty #17
12-25 13:06:11.646     816-1145/? I/ActivityManager﹕ Killing 27383:com.google.android.youtube/u0a73 (adj 15): empty #17
12-25 13:06:11.656     816-1024/? A/ActivityManager﹕ Service ServiceRecord{44f581b0 u0 com.google.android.youtube/com.google.android.apps.youtube.app.offline.transfer.OfflineTransferService} in process ProcessRecord{43f80b78 27383:com.google.android.youtube/u0a73} not same as in map: null
12-25 13:06:40.772      816-879/? D/ConnectivityService﹕ Sampling interval elapsed, updating statistics ..
12-25 13:06:40.782      816-879/? D/ConnectivityService﹕ Done.
12-25 13:06:40.782      816-879/? D/ConnectivityService﹕ Setting timer for 720seconds
12-25 13:07:54.012      816-879/? D/ConnectivityService﹕ handleInetConditionHoldEnd: net=1, condition=100, published condition=100
12-25 13:08:23.412      816-861/? I/ActivityManager﹕ Start proc com.nytimes.android for service com.nytimes.android/.service.DownloadManager: pid=1206 uid=10127 gids={50127, 3003, 1028, 1015}
12-25 13:09:12.432    1113-1113/? D/MccTable﹕ WIFI_COUNTRY_CODE set to
12-25 13:09:12.432     816-1163/? I/WifiService﹕ WifiService trying to set country code to  with persist set to true
12-25 13:09:12.442      816-816/? D/MobileDataStateTracker﹕ fota: Broadcast received: android.intent.action.ANY_DATA_STATE apnType=fota
12-25 13:09:12.452      816-816/? D/MobileDataStateTracker﹕ fota: Received state=DISCONNECTED, old=DISCONNECTED, reason=dataDetached
12-25 13:09:12.452      816-816/? D/MobileDataStateTracker﹕ dun: Broadcast received: android.intent.action.ANY_DATA_STATE apnType=dun
12-25 13:09:12.462      816-816/? D/MobileDataStateTracker﹕ dun: Received state=DISCONNECTED, old=DISCONNECTED, reason=dataDetached
12-25 13:09:12.462      816-816/? D/MobileDataStateTracker﹕ ia: Broadcast received: android.intent.action.ANY_DATA_STATE apnType=ia
12-25 13:09:12.462      816-816/? D/MobileDataStateTracker﹕ ia: Received state=DISCONNECTED, old=DISCONNECTED, reason=dataDetached
12-25 13:09:12.462      816-816/? D/MobileDataStateTracker﹕ supl: Broadcast received: android.intent.action.ANY_DATA_STATE apnType=supl
12-25 13:09:12.472      816-816/? D/MobileDataStateTracker﹕ supl: Received state=DISCONNECTED, old=DISCONNECTED, reason=dataDetached
12-25 13:09:12.472      816-816/? D/MobileDataStateTracker﹕ hipri: Broadcast received: android.intent.action.ANY_DATA_STATE apnType=hipri
12-25 13:09:12.482      816-816/? D/MobileDataStateTracker﹕ hipri: Received state=DISCONNECTED, old=DISCONNECTED, reason=dataDetached
12-25 13:09:12.482      816-816/? D/MobileDataStateTracker﹕ ims: Broadcast received: android.intent.action.ANY_DATA_STATE apnType=ims
12-25 13:09:12.482      816-816/? D/MobileDataStateTracker﹕ ims: Received state=DISCONNECTED, old=DISCONNECTED, reason=dataDetached
12-25 13:09:12.482      816-816/? D/MobileDataStateTracker﹕ default: Broadcast received: android.intent.action.ANY_DATA_STATE apnType=default
12-25 13:09:12.482      816-816/? D/MobileDataStateTracker﹕ default: Received state=DISCONNECTED, old=DISCONNECTED, reason=dataDetached
12-25 13:09:12.482      816-816/? D/MobileDataStateTracker﹕ mms: Broadcast received: android.intent.action.ANY_DATA_STATE apnType=mms
12-25 13:09:12.482      816-816/? D/MobileDataStateTracker﹕ mms: Received state=DISCONNECTED, old=DISCONNECTED, reason=dataDetached
12-25 13:09:12.482      816-816/? D/MobileDataStateTracker﹕ cbs: Broadcast received: android.intent.action.ANY_DATA_STATE apnType=cbs
12-25 13:09:12.482      816-816/? D/MobileDataStateTracker﹕ cbs: Received state=DISCONNECTED, old=DISCONNECTED, reason=dataDetached
12-25 13:09:15.472      816-879/? D/MobileDataStateTracker﹕ default: setPolicyDataEnable(enabled=true)
12-25 13:09:33.202     816-1144/? W/BroadcastQueue﹕ Unable to launch app com.google.android.wearable.app/10200 for broadcast Intent { act=android.intent.action.TIME_SET flg=0x24000010 }: process is bad
12-25 13:09:33.452    1113-1113/? D/MccTable﹕ updateMccMncConfiguration: mcc=310, mnc=260
12-25 13:09:33.452    1113-1113/? D/MccTable﹕ getLocaleFromMcc to en_us mcc=310
12-25 13:09:33.462    1113-1113/? D/MccTable﹕ getLocaleForLanguageCountry: skipping already persisted
12-25 13:09:33.462    1113-1113/? D/MccTable﹕ getLocaleForLanguageCountry: X locale=null
12-25 13:09:33.462    1113-1113/? D/MccTable﹕ WIFI_COUNTRY_CODE set to us
12-25 13:09:33.462      816-826/? I/WifiService﹕ WifiService trying to set country code to us with persist set to true
12-25 13:09:33.472      816-816/? D/MobileDataStateTracker﹕ fota: Broadcast received: android.intent.action.ANY_DATA_STATE apnType=fota
12-25 13:09:33.472      816-816/? D/MobileDataStateTracker﹕ fota: Received state=DISCONNECTED, old=DISCONNECTED, reason=dataAttached
12-25 13:09:33.472      816-816/? D/MobileDataStateTracker﹕ dun: Broadcast received: android.intent.action.ANY_DATA_STATE apnType=dun
12-25 13:09:33.482      816-816/? D/MobileDataStateTracker﹕ dun: Received state=DISCONNECTED, old=DISCONNECTED, reason=dataAttached
12-25 13:09:33.482      816-816/? D/MobileDataStateTracker﹕ ia: Broadcast received: android.intent.action.ANY_DATA_STATE apnType=ia
12-25 13:09:33.482      816-816/? D/MobileDataStateTracker﹕ ia: Received state=DISCONNECTED, old=DISCONNECTED, reason=dataAttached
12-25 13:09:33.482      816-816/? D/MobileDataStateTracker﹕ supl: Broadcast received: android.intent.action.ANY_DATA_STATE apnType=supl
12-25 13:09:33.482      816-816/? D/MobileDataStateTracker﹕ supl: Received state=DISCONNECTED, old=DISCONNECTED, reason=dataAttached
12-25 13:09:33.482      816-816/? D/MobileDataStateTracker﹕ hipri: Broadcast received: android.intent.action.ANY_DATA_STATE apnType=hipri
12-25 13:09:33.482      816-816/? D/MobileDataStateTracker﹕ hipri: Received state=DISCONNECTED, old=DISCONNECTED, reason=dataAttached
12-25 13:09:33.492      816-816/? D/MobileDataStateTracker﹕ ims: Broadcast received: android.intent.action.ANY_DATA_STATE apnType=ims
12-25 13:09:33.492      816-816/? D/MobileDataStateTracker﹕ ims: Received state=DISCONNECTED, old=DISCONNECTED, reason=dataAttached
12-25 13:09:33.492      816-816/? D/MobileDataStateTracker﹕ default: Broadcast received: android.intent.action.ANY_DATA_STATE apnType=default
12-25 13:09:33.492      816-816/? D/MobileDataStateTracker﹕ default: Received state=DISCONNECTED, old=DISCONNECTED, reason=dataAttached
12-25 13:09:33.492      816-816/? D/MobileDataStateTracker﹕ mms: Broadcast received: android.intent.action.ANY_DATA_STATE apnType=mms
12-25 13:09:33.502      816-816/? D/MobileDataStateTracker﹕ mms: Received state=DISCONNECTED, old=DISCONNECTED, reason=dataAttached
12-25 13:09:33.502      816-816/? D/MobileDataStateTracker﹕ cbs: Broadcast received: android.intent.action.ANY_DATA_STATE apnType=cbs
12-25 13:09:33.502      816-816/? D/MobileDataStateTracker﹕ cbs: Received state=DISCONNECTED, old=DISCONNECTED, reason=dataAttached
12-25 13:09:55.002     816-1163/? I/ActivityManager﹕ Killing 29516:com.google.android.apps.inbox/u0a232 (adj 15): empty #17
12-25 13:14:40.742      816-861/? I/ActivityManager﹕ Start proc com.fidelity.android for service com.fidelity.android/.util.pebble.WatchListRefreshService: pid=2112 uid=10121 gids={50121, 3003, 1028, 1015}
12-25 13:14:40.822      816-861/? I/ActivityManager﹕ Start proc com.twitter.android for service com.twitter.android/com.twitter.library.platform.TwitterDataSyncService: pid=2127 uid=10148 gids={50148, 3003, 1028, 1015}
12-25 13:14:40.982    2112-2112/? E/ActivityThread﹕ Failed to find provider info for com.getpebble.android.provider
12-25 13:14:40.982    2112-2112/? E/ActivityThread﹕ Failed to find provider info for com.getpebble.android.provider
12-25 13:14:41.062      816-939/? D/BackupManagerService﹕ Now staging backup of android
12-25 13:14:41.072      816-879/? D/MobileDataStateTracker﹕ default: setPolicyDataEnable(enabled=true)
12-25 13:14:41.662      816-843/? I/ActivityManager﹕ Start proc com.expenseit for service com.expenseit/.sync.SyncService: pid=2201 uid=10247 gids={50247, 3003, 1028, 1015}
12-25 13:14:43.452     816-1555/? I/ActivityManager﹕ Killing 29502:com.google.android.gm/u0a42 (adj 15): empty #17
12-25 13:14:47.352     816-1541/? I/ActivityManager﹕ Killing 810:com.google.android.tts/u0a49 (adj 15): empty #17
12-25 13:14:47.352     816-2231/? W/ActivityManager﹕ Scheduling restart of crashed service com.google.android.tts/.service.GoogleTTSService in 1000ms
12-25 13:14:48.392      816-842/? I/ActivityManager﹕ Start proc com.google.android.tts for service com.google.android.tts/.service.GoogleTTSService: pid=2268 uid=10049 gids={50049, 3003, 1028, 1015}
12-25 13:14:48.562      816-827/? I/ActivityManager﹕ Killing 762:com.trello/u0a181 (adj 15): empty #17
12-25 13:14:50.692     816-1528/? I/ActivityManager﹕ Killing 1206:com.nytimes.android/u0a127 (adj 15): empty #17
12-25 13:15:07.712      816-826/? W/ActivityManager﹕ Permission Denial: Accessing service ComponentInfo{com.google.android.music/com.google.android.music.dial.DialMediaRouteProviderService} from pid=25132, uid=10023 that is not exported from uid 10061
12-25 13:15:07.762     816-1541/? I/ActivityManager﹕ Start proc com.google.android.youtube for service com.google.android.youtube/.app.remote.YouTubeTvRouteProviderService: pid=2343 uid=10073 gids={50073, 3003, 1028, 1015}
12-25 13:15:08.342     816-1555/? W/IntentResolver﹕ resolveIntent: multiple matches, only some with CATEGORY_DEFAULT
12-25 13:15:08.392      816-843/? I/ActivityManager﹕ Start proc com.google.android.apps.plus for service com.google.android.apps.plus/com.google.android.libraries.social.autobackup.AutoBackupSyncService: pid=2414 uid=10066 gids={50066, 3003, 3002, 1028, 1015}
12-25 13:15:08.472      816-843/? I/ActivityManager﹕ Start proc com.google.android.apps.docs.editors.docs for service com.google.android.apps.docs.editors.docs/com.google.android.apps.docs.sync.syncadapter.DocsSyncAdapterService: pid=2438 uid=10147 gids={50147, 3003, 1028, 1015}
12-25 13:15:08.602     816-1144/? I/ActivityManager﹕ Start proc android.process.media for content provider com.android.providers.media/.MediaProvider: pid=2471 uid=10005 gids={50005, 1028, 1015, 1023, 1024, 2001, 3003, 3007}
12-25 13:15:09.412      816-843/? I/ActivityManager﹕ Start proc com.google.android.apps.docs.editors.sheets for service com.google.android.apps.docs.editors.sheets/com.google.android.apps.docs.sync.syncadapter.DocsSyncAdapterService: pid=2571 uid=10150 gids={50150, 3003, 1028, 1015}
12-25 13:15:09.522      816-842/? W/BroadcastQueue﹕ Unable to launch app com.google.android.wearable.app/10200 for broadcast Intent { act=com.google.android.apps.now.cards_remote_broadcast flg=0x10 (has extras) }: process is bad
12-25 13:15:09.652     816-1541/? I/ActivityManager﹕ Start proc com.google.android.partnersetup for content provider com.google.android.partnersetup/.RlzAppProvider: pid=2595 uid=10011 gids={50011, 3003}
12-25 13:15:10.042     816-1186/? I/ActivityManager﹕ Start proc com.google.android.apps.docs for content provider com.google.android.apps.docs/.doclist.statesyncer.CrossAppStateProvider: pid=2632 uid=10037 gids={50037, 3003, 1028, 1015}
12-25 13:15:10.092     816-1528/? I/ActivityManager﹕ Killing 657:com.qualcomm.timeservice/u0a70 (adj 15): empty #17
12-25 13:15:10.242     816-2231/? I/ActivityManager﹕ Delay finish: com.google.android.gms/.gcm.nts.SchedulerReceiver
12-25 13:15:10.452     816-2231/? I/ActivityManager﹕ Resuming delayed broadcast
12-25 13:15:11.052      816-827/? I/ActivityManager﹕ Killing 682:com.google.android.keep/u0a53 (adj 15): empty #17
12-25 13:15:12.842     816-7675/? I/ActivityManager﹕ Killing 738:ch.bitspin.timely/u0a103 (adj 15): empty #17
12-25 13:15:12.842     816-7675/? I/ActivityManager﹕ Killing 723:com.verisign.mvip.main/u0a162 (adj 15): empty #18
12-25 13:15:14.112     816-1144/? I/ActivityManager﹕ Killing 781:ru.org.amip.ClockSync/u0a119 (adj 15): empty #17
12-25 13:15:16.842      816-827/? I/ActivityManager﹕ Killing 25067:com.android.providers.calendar/u0a1 (adj 15): empty #17
12-25 13:15:16.872     816-1555/? I/ActivityManager﹕ Killing 705:com.google.android.calendar/u0a29 (adj 15): empty #17
12-25 13:16:03.252      816-879/? D/ConnectivityService﹕ handleInetConditionHoldEnd: net=1, condition=100, published condition=100
12-25 13:16:11.262      816-843/? I/ActivityManager﹕ Start proc com.google.android.apps.genie.geniewidget for service com.google.android.apps.genie.geniewidget/.sync.SyncAdapterService: pid=3203 uid=10041 gids={50041, 3003}
12-25 13:16:14.092      816-853/? I/ActivityManager﹕ Killing 24456:com.amazon.mShop.android/u0a143 (adj 15): empty #17
12-25 13:16:46.932      816-861/? I/ActivityManager﹕ Start proc com.amazon.mShop.android for service com.amazon.mShop.android/com.amazon.avod.syncservice.MShopSyncServiceProxy: pid=3278 uid=10143 gids={50143, 3003, 1028, 1015}
12-25 13:17:12.922    3278-3355/? E/ActivityThread﹕ Failed to find provider info for com.amazon.dcp.settings
12-25 13:17:14.892     816-1144/? I/ActivityManager﹕ Killing 2112:com.fidelity.android/u0a121 (adj 15): empty #17
12-25 13:17:37.192      816-853/? I/ActivityManager﹕ Delay finish: com.amazon.mShop.android/com.amazon.mas.client.pdiservice.PdiBroadcastReceiver
12-25 13:18:13.752      816-826/? I/ActivityManager﹕ Resuming delayed broadcast
12-25 13:18:13.782     816-1555/? I/ActivityManager﹕ Delay finish: com.amazon.mShop.android/com.amazon.client.ftue.DelayedFtueReceiver
12-25 13:18:13.792     816-1164/? I/ActivityManager﹕ Resuming delayed broadcast
12-25 13:18:13.812     816-1555/? I/ActivityManager﹕ Delay finish: com.amazon.mShop.android/com.amazon.venezia.crashreporter.CrashReporterBroadcastReceiver
12-25 13:18:13.812     816-1164/? I/ActivityManager﹕ Resuming delayed broadcast
12-25 13:18:13.842      816-826/? I/ActivityManager﹕ Delay finish: com.amazon.mShop.android/com.amazon.venezia.StartupReceiver
12-25 13:18:13.862     816-1024/? I/ActivityManager﹕ Resuming delayed broadcast
12-25 13:18:13.872     816-1569/? I/ActivityManager﹕ Delay finish: com.amazon.mShop.android/com.amazon.mas.client.locker.LockerBroadcastReceiver
12-25 13:18:13.952     816-1038/? I/ActivityManager﹕ Resuming delayed broadcast
12-25 13:18:13.962      816-826/? I/ActivityManager﹕ Delay finish: com.amazon.mShop.android/com.amazon.mas.client.malware.blockedapp.BlockedAppScheduleReceiver
12-25 13:18:13.972      816-827/? I/ActivityManager﹕ Resuming delayed broadcast
12-25 13:18:13.972     816-2231/? I/ActivityManager﹕ Delay finish: com.amazon.mShop.android/com.amazon.mas.client.featureconfig.FeatureConfigScheduleReceiver
12-25 13:18:13.982     816-1144/? I/ActivityManager﹕ Resuming delayed broadcast
12-25 13:18:13.992     816-7675/? I/ActivityManager﹕ Delay finish: com.amazon.mShop.android/com.amazon.mas.client.tokenrefresh.RefreshScheduleReceiver
12-25 13:18:13.992     816-1145/? I/ActivityManager﹕ Resuming delayed broadcast
12-25 13:18:37.622      816-842/? I/ActivityManager﹕ Waited long enough for: ServiceRecord{455557a8 u0 com.amazon.mShop.android/com.amazon.sdk.availability.AvailabilityService}
12-25 13:18:41.232      816-879/? D/ConnectivityService﹕ Sampling interval elapsed, updating statistics ..
12-25 13:18:41.242      816-879/? D/ConnectivityService﹕ Done.
12-25 13:18:41.242      816-879/? D/ConnectivityService﹕ Setting timer for 720seconds
12-25 13:24:22.282      816-879/? D/ConnectivityService﹕ handleInetConditionHoldEnd: net=1, condition=100, published condition=100
12-25 13:24:39.882      816-866/? I/PowerManagerService﹕ Waking up from sleep...
12-25 13:24:40.002     816-2231/? I/WindowManager﹕ Lock screen displayed!
12-25 13:24:40.002      816-860/? D/DisplayPowerController﹕ Unblocked screen on after 583864917 ms
12-25 13:24:40.412     816-1164/? I/ActivityManager﹕ Start proc com.android.providers.calendar for content provider com.android.providers.calendar/.CalendarProvider2: pid=4097 uid=10001 gids={50001, 3003, 1028, 1015}
12-25 13:24:41.392      816-842/? I/ActivityManager﹕ Start proc eu.chainfire.supersu for broadcast eu.chainfire.supersu/.UserPresentReceiver: pid=4117 uid=10079 gids={50079}
12-25 13:24:41.502     816-1164/? I/ActivityManager﹕ Killing 25484:com.metago.astro/u0a161 (adj 15): empty #17
12-25 13:24:41.762     816-1555/? I/ActivityManager﹕ Killing 2201:com.expenseit/u0a247 (adj 15): empty #17
12-25 13:24:41.822     816-1555/? I/ActivityManager﹕ Start proc com.android.chrome for broadcast com.android.chrome/com.google.ipc.invalidation.external.client.contrib.MultiplexingGcmListener$GCMReceiver: pid=4145 uid=10032 gids={50032, 3003, 1028, 1015}
12-25 13:24:41.872     816-1555/? W/InputMethodManagerService﹕ Window already focused, ignoring focus gain of: com.android.internal.view.IInputMethodClient$Stub$Proxy@44bfbda8 attribute=android.view.inputmethod.EditorInfo@44bfbdb8, token = android.os.BinderProxy@43d9c6c8
12-25 13:24:41.912      816-879/? D/ConnectivityService﹕ handleInetConditionHoldEnd: net=1, condition=100, published condition=100
12-25 13:24:42.132     816-1163/? I/ActivityManager﹕ Start proc com.google.android.calendar for broadcast com.google.android.calendar/com.android.calendar.alerts.AlertReceiver: pid=4163 uid=10029 gids={50029, 3003, 1028, 1015}
12-25 13:24:42.132     816-1541/? I/ActivityManager﹕ Killing 2127:com.twitter.android/u0a148 (adj 15): empty #17
12-25 13:24:42.142     816-1024/? A/ActivityManager﹕ Service ServiceRecord{440a30f8 u0 com.twitter.android/com.twitter.internal.android.service.AsyncService} in process ProcessRecord{42de0570 2127:com.twitter.android/u0a148} not same as in map: null
12-25 13:24:42.632     816-2231/? W/BroadcastQueue﹕ Unable to launch app com.google.android.wearable.app/10200 for broadcast Intent { act=android.intent.action.PROVIDER_CHANGED dat=content://com.android.calendar flg=0x10 }: process is bad
12-25 13:24:42.632      816-842/? W/BroadcastQueue﹕ Unable to launch app com.google.android.wearable.app/10200 for broadcast Intent { act=android.intent.action.PROVIDER_CHANGED dat=content://com.android.calendar flg=0x10 }: process is bad
12-25 13:24:42.662      816-842/? I/ActivityManager﹕ Start proc com.teslamotors.tesla for broadcast com.teslamotors.tesla/.CalendarReceiver: pid=4190 uid=10252 gids={50252, 3003, 1028, 1015, 3002}
12-25 13:24:42.812     816-1024/? I/ActivityManager﹕ Delay finish: com.android.chrome/com.google.ipc.invalidation.ticl.android2.channel.AndroidMessageReceiverService$Receiver
12-25 13:24:42.882     816-1186/? I/ActivityManager﹕ Resuming delayed broadcast
12-25 13:24:42.882     816-1569/? I/ActivityManager﹕ Delay finish: com.android.chrome/org.chromium.components.gcm_driver.GCMListener$Receiver
12-25 13:24:42.882     816-1555/? I/ActivityManager﹕ Resuming delayed broadcast
12-25 13:24:42.882      816-853/? I/ActivityManager﹕ Delay finish: com.android.chrome/com.google.android.apps.chrome.snapshot.gcm.GcmReceiver$Receiver
12-25 13:24:42.892     816-1163/? I/ActivityManager﹕ Resuming delayed broadcast
12-25 13:24:45.702     816-2231/? I/ActivityManager﹕ START u0 {act=com.google.android.apps.hangouts.phone.conversationlist cat=[android.intent.category.LAUNCHER] flg=0x1000c000 cmp=com.google.android.talk/com.google.android.apps.hangouts.phone.BabelHomeActivity} from pid -1
12-25 13:24:45.752     816-2231/? I/ActivityManager﹕ START u0 {flg=0x14000000 cmp=com.google.android.talk/com.google.android.apps.hangouts.phone.ConversationActivity bnds=[0,153][1080,351] (has extras)} from pid -1
12-25 13:24:45.782      816-826/? I/ActivityManager﹕ Start proc com.google.android.talk for activity com.google.android.talk/com.google.android.apps.hangouts.phone.ConversationActivity: pid=4240 uid=10051 gids={50051, 3003, 1028, 1015, 3002}
12-25 13:24:47.862     816-2231/? I/ActivityManager﹕ Start proc com.google.android.wearable.app for service com.google.android.wearable.app/com.google.android.clockwork.stream.NotificationSideChannelService: pid=4339 uid=10200 gids={50200, 3002, 3001, 3003}
12-25 13:24:48.152     816-1038/? I/ActivityManager﹕ Killing 2268:com.google.android.tts/u0a49 (adj 15): empty #17
12-25 13:24:48.182     816-2231/? W/ActivityManager﹕ Scheduling restart of crashed service com.google.android.tts/.service.GoogleTTSService in 1000ms
12-25 13:24:49.222      816-842/? I/ActivityManager﹕ Start proc com.google.android.tts for service com.google.android.tts/.service.GoogleTTSService: pid=4398 uid=10049 gids={50049, 3003, 1028, 1015}
12-25 13:24:49.452     816-1145/? I/ActivityManager﹕ Killing 26026:com.google.android.deskclock/u0a35 (adj 15): empty #17
12-25 13:24:49.502      816-853/? I/ActivityManager﹕ Killing 2471:android.process.media/u0a5 (adj 15): empty #17
12-25 13:24:51.012      816-865/? I/ActivityManager﹕ START u0 {act=android.intent.action.MAIN cat=[android.intent.category.HOME] flg=0x10200000 cmp=com.google.android.googlequicksearchbox/com.google.android.launcher.GEL} from pid 816
12-25 13:24:53.222     816-1555/? I/ActivityManager﹕ START u0 {act=android.intent.action.MAIN cat=[android.intent.category.LAUNCHER] flg=0x10200000 cmp=com.google.android.gm/.ConversationListActivityGmail bnds=[501,1043][735,1305] (has extras)} from pid 1158
12-25 13:24:53.302      816-853/? I/ActivityManager﹕ Start proc com.google.android.gm for activity com.google.android.gm/.ConversationListActivityGmail: pid=4469 uid=10042 gids={50042, 3003, 1028, 1015}
12-25 13:24:53.522    4469-4499/? D/ActivityThread﹕ Loading provider com.google.android.gmail.provider;com.android.mail.notifier;com.google.android.gm.email.provider;com.google.android.gm.email.notifier: com.android.email.provider.EmailProvider
12-25 13:24:53.542      816-853/? W/ActivityManager﹕ Unable to start service Intent { act=com.google.android.gm.email.EXCHANGE_INTENT pkg=com.google.android.gm.exchange } U=0: not found
12-25 13:24:53.542     816-1555/? W/ActivityManager﹕ Unable to start service Intent { act=com.google.android.gm.email.EXCHANGE_INTENT pkg=com.google.android.gm.exchange } U=0: not found
12-25 13:24:53.542    4469-4501/? D/ActivityThread﹕ Loading provider com.google.android.gmail.provider;com.android.mail.notifier;com.google.android.gm.email.provider;com.google.android.gm.email.notifier: com.android.email.provider.EmailProvider
12-25 13:24:53.542     816-1144/? W/ActivityManager﹕ Unable to start service Intent { act=com.google.android.gm.email.EXCHANGE_INTENT pkg=com.google.android.gm.exchange } U=0: not found
12-25 13:24:53.602     816-2231/? W/ActivityManager﹕ Unable to start service Intent { cmp=com.google.android.gm/com.android.email.service.AttachmentService } U=0: not found
12-25 13:24:53.622     816-1555/? W/ActivityManager﹕ Unable to start service Intent { cmp=com.google.android.gm/com.android.email.service.AttachmentService } U=0: not found
12-25 13:24:53.622     816-1144/? W/ActivityManager﹕ Unable to start service Intent { cmp=com.google.android.gm/com.android.email.service.AttachmentService } U=0: not found
12-25 13:24:53.632     816-2231/? W/ActivityManager﹕ Unable to start service Intent { act=com.google.android.gm.email.EXCHANGE_INTENT pkg=com.google.android.gm.exchange } U=0: not found
12-25 13:24:53.632      816-853/? W/ActivityManager﹕ Unable to start service Intent { act=com.google.android.gm.email.EXCHANGE_INTENT pkg=com.google.android.gm.exchange } U=0: not found
12-25 13:24:53.642     816-1186/? W/ActivityManager﹕ Unable to start service Intent { act=com.google.android.gm.email.EXCHANGE_INTENT pkg=com.google.android.gm.exchange } U=0: not found
12-25 13:24:53.642     816-1555/? W/ActivityManager﹕ Unable to start service Intent { act=com.google.android.gm.email.EXCHANGE_INTENT pkg=com.google.android.gm.exchange } U=0: not found
