10-31 07:45:01.808    1885-1885/? I/ConfigClient﹕ service connected
10-31 07:45:01.818    1885-2450/? I/ConfigFetchService﹕ connected = true
10-31 07:45:01.818    1885-2450/? I/ConfigFetchService﹕ self-hosted config:fetch_interval = 43200
10-31 07:45:01.919    1885-2449/? W/ConfigFetchTask﹕ failed to get the device data version info from checkin service
    com.google.android.gms.common.i
            at com.google.android.gms.checkin.e.a(SourceFile:52)
            at com.google.android.gms.config.f.a(SourceFile:169)
            at com.google.android.gms.config.f.doInBackground(SourceFile:39)
            at android.os.AsyncTask$2.call(AsyncTask.java:288)
            at java.util.concurrent.FutureTask.run(FutureTask.java:237)
            at android.os.AsyncTask$SerialExecutor$1.run(AsyncTask.java:231)
            at java.util.concurrent.ThreadPoolExecutor.runWorker(ThreadPoolExecutor.java:1112)
            at java.util.concurrent.ThreadPoolExecutor$Worker.run(ThreadPoolExecutor.java:587)
            at java.lang.Thread.run(Thread.java:841)
10-31 07:45:02.009    1885-1887/? D/dalvikvm﹕ GC_CONCURRENT freed 188K, 15% free 2213K/2600K, paused 3ms+5ms, total 47ms
10-31 07:45:02.069    1885-2449/? I/GoogleHttpClient﹕ Falling back to old SSLCertificateSocketFactory
10-31 07:45:02.559    1885-2449/? W/ActivityThread﹕ ClassLoader.loadClass: The class loader returned by Thread.getContextClassLoader() may fail for processes that host multiple applications. You should explicitly specify a context class loader. For example: Thread.setContextClassLoader(getClass().getClassLoader());
10-31 07:45:03.290    2203-2454/? I/FitnessWearable﹕ Refreshing Platform Data
10-31 07:45:03.330    1969-2104/? I/Fitness﹕ Account supported from cache: true
10-31 07:45:03.330    1969-2104/? I/Fitness﹕ schedule to sync accounts: [dwallach@gmail.com]
10-31 07:45:03.380    1871-2424/? D/ClockworkProxy﹕ doAccept: Create socket stream 1 for TCP connection from /192.168.167.239:49596 to /74.125.227.98:443
10-31 07:45:03.400    1871-2424/? D/ClockworkProxy﹕ doAccept: rpc succeeded. Activate stream 1
10-31 07:45:03.460    2203-2454/? I/FitnessWearable﹕ Completed query in 120 milliseconds
10-31 07:45:03.730    1900-2188/? V/wearable﹕ ensureBuffersHaveSpace: increasing size from 2021 to 3204
10-31 07:45:04.071    1885-1887/? D/dalvikvm﹕ GC_CONCURRENT freed 274K, 17% free 2326K/2796K, paused 3ms+9ms, total 43ms
10-31 07:45:05.132    1885-1885/? I/ConfigFetchService﹕ fetch service done; releasing wakelock
10-31 07:45:05.132    1885-1885/? I/ConfigFetchService﹕ stopping self
10-31 07:45:05.132    1752-1762/? I/ActivityManager﹕ Resuming delayed broadcast
10-31 07:45:05.162    1914-1914/? I/ConfigService﹕ onDestroy
10-31 07:45:05.162    1914-1914/? V/GLSUser﹕ [LoginAccountsChangedWakefulBroadcastReceiver] recieved broadcast intent with action: android.intent.action.BOOT_COMPLETED
10-31 07:45:05.182    1752-1897/? I/ActivityManager﹕ Delay finish: com.google.android.gms/.auth.be.change.LoginAccountsChangedWakefulBroadcastReceiver
10-31 07:45:05.242    1914-2455/? V/GLSUser﹕ [ AccountStateSummary ] - get() - <StoredState>[isConsistent= true, expectedNames=null, expectedHmacs=*****]
10-31 07:45:05.252    1914-2455/? V/GLSUser﹕ AccountStateSummary - No changes.
10-31 07:45:05.252    1752-1762/? I/ActivityManager﹕ Resuming delayed broadcast
10-31 07:45:05.292    1914-1917/? D/dalvikvm﹕ GC_CONCURRENT freed 204K, 18% free 2405K/2904K, paused 3ms+35ms, total 95ms
10-31 07:45:05.312    1914-1914/? D/PersistentNotificationBroadcastReceiver﹕ Received intent: Intent { act=android.intent.action.BOOT_COMPLETED flg=0x8000010 cmp=com.google.android.gms/.common.notification.PersistentNotificationBroadcastReceiver (has extras) }
10-31 07:45:05.322    1752-2337/? W/BroadcastQueue﹕ Permission Denial: receiving Intent { act=android.intent.action.BOOT_COMPLETED flg=0x8000010 (has extras) } to com.npi.wearbatterystats/.receiver.BootReceiver requires android.permission.RECEIVE_BOOT_COMPLETED due to sender null (uid 1000)
10-31 07:45:05.432    1914-1914/? D/GCM﹕ GcmService start Intent { act=com.google.android.gms.INITIALIZE flg=0x10 pkg=com.google.android.gms cmp=com.google.android.gms/.gcm.GcmService } com.google.android.gms.INITIALIZE
10-31 07:45:05.432    1752-2337/? I/ActivityManager﹕ Delay finish: com.google.android.gms/.gcm.ServiceAutoStarter
10-31 07:45:05.432    1752-1929/? I/ActivityManager﹕ Resuming delayed broadcast
10-31 07:45:05.452    1914-1914/? D/AuthorizationBluetoothService﹕ Received GmsCore event: Intent { act=com.google.android.gms.INITIALIZE flg=0x10 pkg=com.google.android.gms cmp=com.google.android.gms/.auth.be.proximity.authorization.bt.AuthorizationBluetoothService$AutoStarter }.
10-31 07:45:05.462    1914-1914/? E/AuthorizationBluetoothService﹕ Proximity feature is not enabled.
10-31 07:45:05.472    1885-1885/? I/Fitness﹕ GmsCore initialized.  Initializing Fitness
10-31 07:45:05.542    1752-1927/? I/ActivityManager﹕ Delay finish: com.google.android.gms/.gcm.ServiceAutoStarter
10-31 07:45:05.552    1914-1914/? D/GCM﹕ GcmService start Intent { act=com.google.android.checkin.CHECKIN_COMPLETE flg=0x10 cmp=com.google.android.gms/.gcm.GcmService (has extras) } com.google.android.checkin.CHECKIN_COMPLETE
10-31 07:45:05.552    1752-1762/? I/ActivityManager﹕ Resuming delayed broadcast
10-31 07:45:05.572    1914-1914/? D/AuthorizationBluetoothService﹕ Received Bluetooth event: Intent { act=android.bluetooth.adapter.action.STATE_CHANGED flg=0x4000010 cmp=com.google.android.gms/.auth.be.proximity.authorization.bt.AuthorizationBluetoothService$BluetoothStateChangeReceiver (has extras) }.
10-31 07:45:05.592    2106-2129/? D/BluetoothAdapterService(-1379202680)﹕ Get Bonded Devices being called
10-31 07:45:05.602    2106-2129/? D/BluetoothAdapterProperties﹕ getBondedDevices: length=1
10-31 07:45:05.602    1914-1914/? D/AuthorizationBluetoothService﹕ Received Bluetooth event: Intent { act=android.bluetooth.adapter.action.STATE_CHANGED flg=0x4000010 cmp=com.google.android.gms/.auth.be.proximity.authorization.bt.AuthorizationBluetoothService$BluetoothStateChangeReceiver (has extras) }.
10-31 07:45:05.612    1914-1914/? E/AuthorizationBluetoothService﹕ Proximity feature is not enabled.
10-31 07:45:05.622    2106-2129/? D/BluetoothAdapterService(-1379202680)﹕ Get Bonded Devices being called
10-31 07:45:05.622    2106-2129/? D/BluetoothAdapterProperties﹕ getBondedDevices: length=1
10-31 07:45:05.642    1752-1929/? I/ActivityManager﹕ Delay finish: com.android.providers.calendar/.CalendarProviderBroadcastReceiver
10-31 07:45:05.822    1752-1803/? I/ActivityManager﹕ Resuming delayed broadcast
10-31 07:45:05.963    1900-1904/? D/dalvikvm﹕ GC_CONCURRENT freed 404K, 31% free 2223K/3180K, paused 2ms+2ms, total 157ms
10-31 07:45:06.073    1752-1754/? D/dalvikvm﹕ GC_CONCURRENT freed 465K, 14% free 4549K/5272K, paused 2ms+21ms, total 178ms
10-31 07:45:06.123    1914-1914/? D/GCM﹕ GcmService start Intent { act=android.net.conn.CONNECTIVITY_CHANGE flg=0x4000010 cmp=com.google.android.gms/.gcm.GcmService (has extras) } android.net.conn.CONNECTIVITY_CHANGE
10-31 07:45:06.293    1914-1914/? D/GCM﹕ GcmService start Intent { act=android.net.conn.CONNECTIVITY_CHANGE flg=0x4000010 cmp=com.google.android.gms/.gcm.GcmService (has extras) } android.net.conn.CONNECTIVITY_CHANGE
10-31 07:45:06.333    1969-1969/? I/Fitness﹕ WearableSyncServiceReceiver.onReceive
10-31 07:45:06.353    1752-1763/? I/ActivityManager﹕ Delay finish: com.google.android.gms/.fitness.wearables.WearableSyncServiceReceiver
10-31 07:45:06.363    1885-1887/? D/dalvikvm﹕ GC_CONCURRENT freed 368K, 20% free 2356K/2924K, paused 1ms+62ms, total 126ms
10-31 07:45:06.403    1969-1969/? D/WearableClient﹕ WearableClientImpl.onPostInitHandler: done
10-31 07:45:06.533    1969-2468/? I/Fitness﹕ syncing to node: e12e6647-0917-4594-a0b8-f42d78390f6d
10-31 07:45:06.543    1752-1927/? I/ActivityManager﹕ Resuming delayed broadcast
10-31 07:45:06.743    1969-1969/? I/Fitness﹕ WearableSyncServiceReceiver.onReceive
10-31 07:45:06.853    1969-1969/? I/Fitness﹕ WearableSyncServiceReceiver.onReceive
10-31 07:45:06.883    1969-2468/? I/Fitness﹕ syncing: 0
10-31 07:45:06.893    1885-2469/? I/CheckinService﹕ active receiver: disabled
10-31 07:45:07.084    1871-1875/? D/dalvikvm﹕ GC_CONCURRENT freed 1844K, 46% free 4036K/7464K, paused 5ms+13ms, total 56ms
10-31 07:45:07.354    1969-2468/? D/WearableClient﹕ WearableClientImpl.onPostInitHandler: done
10-31 07:45:07.404    1969-2468/? I/Fitness﹕ syncing to node: e12e6647-0917-4594-a0b8-f42d78390f6d
10-31 07:45:07.414    2106-2154/? W/bt-btif﹕ dm_pm_timer expires
10-31 07:45:07.414    2106-2154/? W/bt-btif﹕ dm_pm_timer expires 0
10-31 07:45:07.414    2106-2154/? W/bt-btif﹕ proc dm_pm_timer expires
10-31 07:45:07.474    1752-1762/? I/ActivityManager﹕ Delay finish: com.google.android.gms/.gcm.ServiceAutoStarter
10-31 07:45:07.534    1969-2468/? I/Fitness﹕ syncing: 0
10-31 07:45:07.544    1914-1914/? D/GCM﹕ GcmService start Intent { act=com.google.android.checkin.CHECKIN_COMPLETE flg=0x10 cmp=com.google.android.gms/.gcm.GcmService (has extras) } com.google.android.checkin.CHECKIN_COMPLETE
10-31 07:45:07.544    1752-1927/? I/ActivityManager﹕ Resuming delayed broadcast
10-31 07:45:07.654    1871-2461/? D/dalvikvm﹕ GC_FOR_ALLOC freed 177K, 45% free 4143K/7464K, paused 64ms, total 64ms
10-31 07:45:07.654    1871-2461/? I/dalvikvm-heap﹕ Grow heap (frag case) to 5.308MB for 1024016-byte allocation
10-31 07:45:07.734    1871-1871/? D/dalvikvm﹕ GC_FOR_ALLOC freed 1K, 32% free 5142K/7464K, paused 84ms, total 84ms
10-31 07:45:07.814    1969-1972/? D/dalvikvm﹕ GC_CONCURRENT freed 316K, 21% free 2654K/3352K, paused 2ms+23ms, total 129ms
10-31 07:45:07.864    1871-1875/? D/dalvikvm﹕ GC_CONCURRENT freed 7K, 31% free 5152K/7464K, paused 4ms+51ms, total 129ms
10-31 07:45:07.884    1969-2468/? D/WearableClient﹕ WearableClientImpl.onPostInitHandler: done
10-31 07:45:07.904    1969-2468/? I/Fitness﹕ syncing to node: e12e6647-0917-4594-a0b8-f42d78390f6d
10-31 07:45:07.985    1969-2468/? I/Fitness﹕ syncing: 0
10-31 07:45:08.085    1871-1875/? D/dalvikvm﹕ GC_CONCURRENT freed 99K, 19% free 6087K/7464K, paused 18ms+43ms, total 112ms
10-31 07:45:09.016    2045-2045/? V/WearActivity﹕ Pause!
10-31 07:45:09.016    1752-1778/? I/DisplayManagerService﹕ Display device changed: DisplayDeviceInfo{"ActivityViewVirtualDisplay": 320 x 320, 60.0 fps, density 213, 213.0 x 213.0 dpi, touch NONE, rotation 0, type VIRTUAL, state OFF, owner android (uid 1000), FLAG_OWN_CONTENT_ONLY}
10-31 07:45:09.016    1752-1752/? V/ActivityManager﹕ Display changed displayId=1
10-31 07:45:09.046    2045-2045/? V/WearActivity﹕ display changed: 1, new state: 1
10-31 07:45:09.046    2045-2045/? I/TimeWrapper﹕ FPS: 24.969797, samples: 989
10-31 07:45:09.046    2045-2045/? I/TimeWrapper﹕ Min/Avg/Max frame render speed (ms): 6.866455 / 16.57777 / 228.1189
10-31 07:45:09.046    2045-2045/? I/TimeWrapper﹕ Waketime: 41.394363%
10-31 07:45:09.046    2045-2045/? I/TimeWrapper﹕ Skipped frames: 3
10-31 07:45:09.046    2045-2045/? V/WearActivity﹕ onDisplayChanged: off!
10-31 07:45:09.046    2045-2045/? V/WearActivity﹕ stopHelper: shutting things down
10-31 07:45:09.076    2045-2045/? V/MyViewAnim﹕ stopping animation!
10-31 07:45:09.076    2045-2045/? V/MyViewAnim﹕ killDrawThread
10-31 07:45:09.076    2045-2045/? V/WearActivity﹕ killing alarms
10-31 07:45:09.086    2045-2045/? I/ClockFace﹕ Ambient mode: false
10-31 07:45:09.086    2045-2081/? V/MyViewAnim﹕ looper finished!
10-31 07:45:09.276    2291-2291/? D/WearApiHelper﹕ sendMessage: /SYNC_NEEDED
10-31 07:45:09.296    2291-2291/? D/WearApiHelper﹕ Not connected waiting connection
10-31 07:45:09.316    2291-2291/? D/WearableClient﹕ WearableClientImpl.onPostInitHandler: done
10-31 07:45:09.316    2291-2291/? D/WearApiHelper﹕ Finally connected! Sending message: /SYNC_NEEDED
10-31 07:45:09.356    2291-2291/? D/WearApiHelper﹕ Stack 0
10-31 07:45:09.386    2291-2292/? D/dalvikvm﹕ GC_CONCURRENT freed 193K, 17% free 2035K/2428K, paused 3ms+1ms, total 48ms
10-31 07:45:09.846    1900-1904/? D/dalvikvm﹕ GC_CONCURRENT freed 340K, 29% free 2289K/3180K, paused 5ms+2ms, total 31ms
10-31 07:45:09.906    1900-2187/? D/dalvikvm﹕ GC_FOR_ALLOC freed 180K, 30% free 2226K/3180K, paused 13ms, total 15ms
10-31 07:45:10.397    1900-2187/? D/dalvikvm﹕ GC_FOR_ALLOC freed 166K, 30% free 2236K/3180K, paused 42ms, total 45ms
10-31 07:45:10.487    1900-2187/? D/dalvikvm﹕ GC_FOR_ALLOC freed 151K, 31% free 2223K/3180K, paused 34ms, total 34ms
10-31 07:45:11.858    1411-1411/? D/ADSPD﹕ Received from DSP: cmd=0x8000, size=2
10-31 07:45:12.879    2106-2154/? W/bt-btif﹕ dm_pm_timer expires
10-31 07:45:12.879    2106-2154/? W/bt-btif﹕ dm_pm_timer expires 0
10-31 07:45:12.879    2106-2154/? W/bt-btif﹕ proc dm_pm_timer expires
10-31 07:45:14.361    2291-2291/? D/WearApiHelper﹕ Disconnecting
10-31 07:45:18.094    1752-1797/? D/ConnectivityService﹕ Sampling interval elapsed, updating statistics ..
10-31 07:45:18.114    1752-1797/? D/ConnectivityService﹕ Done.
10-31 07:45:18.114    1752-1797/? D/ConnectivityService﹕ Setting timer for 720seconds
10-31 07:45:19.045    1752-1772/? W/ActivityManager﹕ Launch timeout has expired, giving up wake lock!
10-31 07:45:20.567    1752-1890/? D/﹕ Setting time of day to sec=1414759521
10-31 07:45:22.012    1885-2476/? I/CheckinService﹕ active receiver: disabled
10-31 07:45:22.042    1914-1914/? D/GCM﹕ GcmService start Intent { act=com.google.android.checkin.CHECKIN_COMPLETE flg=0x10 cmp=com.google.android.gms/.gcm.GcmService (has extras) } com.google.android.checkin.CHECKIN_COMPLETE
10-31 07:45:22.042    1752-1762/? I/ActivityManager﹕ Delay finish: com.google.android.gms/.gcm.ServiceAutoStarter
10-31 07:45:22.042    1752-1897/? I/ActivityManager﹕ Resuming delayed broadcast
10-31 07:45:24.494    2106-2154/? W/bt-btif﹕ dm_pm_timer expires
10-31 07:45:24.494    2106-2154/? W/bt-btif﹕ dm_pm_timer expires 0
10-31 07:45:24.494    2106-2154/? W/bt-btif﹕ proc dm_pm_timer expires
10-31 07:45:25.985    2203-2205/? D/dalvikvm﹕ GC_CONCURRENT freed 364K, 21% free 2282K/2856K, paused 13ms+5ms, total 29ms
10-31 07:45:26.996    1752-1762/? I/ActivityManager﹕ Delay finish: com.android.providers.calendar/.CalendarProviderBroadcastReceiver
10-31 07:45:27.036    1752-2337/? I/ActivityManager﹕ Resuming delayed broadcast
10-31 07:45:29.073    1752-1929/? I/ActivityManager﹕ Delay finish: com.google.android.gms/.gcm.ServiceAutoStarter
10-31 07:45:29.083    1752-1897/? I/ActivityManager﹕ Resuming delayed broadcast
10-31 07:45:30.370    1871-1955/? I/Clockwork.Settings﹕ firing a scheduled time sync now
10-31 07:45:30.370    1871-1955/? I/Clockwork.Settings﹕ sending time sync request - elapsedRealTime: 91196
10-31 07:45:30.470    1871-2029/? I/Clockwork.Settings﹕ time sync update time to 1414759528954, latency 111 ms
10-31 07:45:30.490    1871-2029/? I/Clockwork.Settings﹕ time sync timezone: America/Chicago
10-31 07:45:28.973    1981-2478/? I/Clockwork.TimeService﹕ set timezone to America/Chicago
10-31 07:45:28.973    1752-1927/? D/AlarmManagerService﹕ Kernel timezone updated to 300 minutes west of GMT
10-31 07:45:29.033    1885-2479/? I/CheckinService﹕ active receiver: disabled
10-31 07:45:29.083    1914-1914/? D/GCM﹕ GcmService start Intent { act=com.google.android.checkin.CHECKIN_COMPLETE flg=0x10 cmp=com.google.android.gms/.gcm.GcmService (has extras) } com.google.android.checkin.CHECKIN_COMPLETE
10-31 07:45:30.490    1752-2337/? D/﹕ Setting time of day to sec=1414759528
10-31 07:45:30.974    2106-2154/? W/bt-btif﹕ dm_pm_timer expires
10-31 07:45:30.974    2106-2154/? W/bt-btif﹕ dm_pm_timer expires 0
10-31 07:45:30.974    2106-2154/? W/bt-btif﹕ proc dm_pm_timer expires
10-31 07:45:34.007    1752-1762/? I/ActivityManager﹕ Delay finish: com.android.providers.calendar/.CalendarProviderBroadcastReceiver
10-31 07:45:34.047    1752-1897/? I/ActivityManager﹕ Resuming delayed broadcast
10-31 07:45:39.633    1752-1782/? I/PowerManagerService﹕ Going to sleep due to screen timeout...
10-31 07:45:39.633    1752-1782/? I/PowerManagerService﹕ Dozing...
10-31 07:45:39.633    1752-1775/? I/DreamController﹕ Starting dream: name=ComponentInfo{com.google.android.wearable.app/com.google.android.clockwork.home.AmbientMode}, isTest=false, canDoze=true, userId=0
10-31 07:45:39.643    1752-1776/? W/KeyguardServiceDelegate﹕ onScreenTurnedOn(): no keyguard service!
10-31 07:45:39.663    1752-1752/? W/InputMethodManagerService﹕ Ignoring setImeWindowStatus of uid 1000 token: null
10-31 07:45:39.743    1752-1929/? I/ActivityManager﹕ START u0 {act=android.intent.action.MAIN cat=[android.intent.category.HOME] flg=0x10000000 cmp=com.google.android.wearable.app/com.google.android.clockwork.home.HomeActivity (has extras)} from pid 1871 on display 0
10-31 07:45:39.743    1752-1775/? I/DreamController﹕ Stopping dream: name=ComponentInfo{com.google.android.wearable.app/com.google.android.clockwork.home.AmbientMode}, isTest=false, canDoze=true, userId=0
10-31 07:45:39.753    1752-1782/? I/PowerManagerService﹕ Sleeping...
10-31 07:45:39.793    1871-1871/? I/AmbientMode﹕ Ambient mode started: canDoze=true, dozeHardware=null
10-31 07:45:39.803    1419-1419/? D/mot_vr_audio_hw﹕ dsp_recognizer_enabled = false
10-31 07:45:39.803    1411-1411/? D/ADSPD﹕ Client cmd=0x0003, size=4
10-31 07:45:39.803    1419-2020/? D/mot_vr_audio_hw﹕ Switching DSP to standby/passthrough mode
10-31 07:45:39.803    1419-2020/? D/mot_vr_audio_hw﹕ Input 0xb8ebb840 ready to read
10-31 07:45:39.813    1411-1411/? D/ADSPD﹕ Received from DSP: cmd=0x8003, size=2
10-31 07:45:39.813    1411-1411/? D/ADSPD﹕ Client cmd=0x0003, size=4
10-31 07:45:39.813    1419-2018/? D/mot_vr_audio_hw﹕ received recognition control callback, status 0
10-31 07:45:39.823    1411-1411/? D/ADSPD﹕ Received from DSP: cmd=0x8003, size=2
10-31 07:45:39.823    1419-2018/? D/mot_vr_audio_hw﹕ received recognition control callback, status 0
10-31 07:45:39.853    1419-2020/? W/mot_vr_audio_hw﹕ Discarded 10 buffers without finding audio data
10-31 07:45:39.863    1411-1411/? D/ADSPD﹕ Client cmd=0x0003, size=4
10-31 07:45:39.863    1419-2020/? D/mot_vr_audio_hw﹕ Re-arming DSP
10-31 07:45:39.863    1419-2020/? D/mot_vr_audio_hw﹕ Input 0xb8ebb840 standby complete
10-31 07:45:39.873    1419-1528/? D/mot_vr_audio_hw﹕ Input 0xb8ebb840 close complete
10-31 07:45:39.873    1411-1411/? D/ADSPD﹕ Received from DSP: cmd=0x8003, size=2
10-31 07:45:39.873    1411-1411/? D/ADSPD﹕ Client cmd=0x4003, size=2
10-31 07:45:39.873    1419-2018/? D/mot_vr_audio_hw﹕ received recognition control callback, status 0
10-31 07:45:39.883    1419-1528/? D/mot_vr_audio_hw﹕ dsp_recognizer_enabled = true
10-31 07:45:39.883    1411-1411/? D/ADSPD﹕ Client cmd=0x0003, size=4
10-31 07:45:39.883    1752-1762/? D/SensorHAL﹕ adjustSensorHandle: handle = 9 adjustedHandle = 1
10-31 07:45:39.883    1752-1762/? D/SensorHAL﹕ adjustSensorHandle: handle = 9 adjustedHandle = 1
10-31 07:45:39.893    1419-1804/? D/mot_vr_audio_hw﹕ open_input_stream(): devices = 0x80000004, rate = 8000, channels = 0x10
10-31 07:45:39.893    1419-1804/? D/mot_vr_audio_hw﹕ Created resampler for 16000->8000 Hz
10-31 07:45:39.893    1411-1411/? D/ADSPD﹕ Received from DSP: cmd=0x8003, size=2
10-31 07:45:39.903    1411-1411/? D/ADSPD﹕ Client cmd=0x4003, size=2
10-31 07:45:39.903    1419-2018/? D/mot_vr_audio_hw﹕ received recognition control callback, status 0
10-31 07:45:39.923    1752-1897/? D/SensorHAL﹕ adjustSensorHandle: handle = 9 adjustedHandle = 1
10-31 07:45:39.933    1419-2481/? D/mot_vr_audio_hw﹕ in_read waiting for hotword
10-31 07:45:39.943    1871-1871/? I/AmbientMode﹕ Dream ended: isDozing=true
10-31 07:45:39.943    1752-1752/? W/InputMethodManagerService﹕ Ignoring setImeWindowStatus of uid 1000 token: null
10-31 07:45:40.073    1419-1528/? D/mot_vr_audio_hw﹕ dsp_recognizer_enabled = false
10-31 07:45:40.073    1411-1411/? D/ADSPD﹕ Client cmd=0x0003, size=4
10-31 07:45:40.073    1419-2481/? D/mot_vr_audio_hw﹕ Switching DSP to standby/passthrough mode
10-31 07:45:40.073    1419-2481/? D/mot_vr_audio_hw﹕ Input 0xb8ebc898 ready to read
10-31 07:45:40.093    1411-1411/? D/ADSPD﹕ Received from DSP: cmd=0x8003, size=2
10-31 07:45:40.093    1411-1411/? D/ADSPD﹕ Client cmd=0x0003, size=4
10-31 07:45:40.093    1419-2018/? D/mot_vr_audio_hw﹕ received recognition control callback, status 0
10-31 07:45:40.103    1411-1411/? D/ADSPD﹕ Received from DSP: cmd=0x8003, size=2
10-31 07:45:40.103    1419-2018/? D/mot_vr_audio_hw﹕ received recognition control callback, status 0
10-31 07:45:40.123    1419-2481/? W/mot_vr_audio_hw﹕ Discarded 10 buffers without finding audio data
10-31 07:45:40.143    1411-1411/? D/ADSPD﹕ Client cmd=0x0003, size=4
10-31 07:45:40.143    1419-2481/? D/mot_vr_audio_hw﹕ Re-arming DSP
10-31 07:45:40.143    1419-2481/? D/mot_vr_audio_hw﹕ Input 0xb8ebc898 standby complete
10-31 07:45:40.153    1419-1419/? D/mot_vr_audio_hw﹕ Input 0xb8ebc898 close complete
10-31 07:45:40.153    1411-1411/? D/ADSPD﹕ Received from DSP: cmd=0x8003, size=2
10-31 07:45:40.153    1411-1411/? D/ADSPD﹕ Client cmd=0x4003, size=2
10-31 07:45:40.153    1419-2018/? D/mot_vr_audio_hw﹕ received recognition control callback, status 0
10-31 07:45:40.193    1752-1778/? I/DisplayManagerService﹕ Display device changed: DisplayDeviceInfo{"ActivityViewVirtualDisplay": 320 x 320, 60.0 fps, density 213, 213.0 x 213.0 dpi, touch NONE, rotation 0, type VIRTUAL, state ON, owner android (uid 1000), FLAG_OWN_CONTENT_ONLY}
10-31 07:45:40.203    1752-1752/? V/ActivityManager﹕ Display changed displayId=1
10-31 07:45:40.213    2045-2045/? V/WearActivity﹕ display changed: 1, new state: 2
10-31 07:45:40.213    2045-2045/? V/WearActivity﹕ onDisplayChanged: on!
10-31 07:45:40.213    2045-2045/? V/WearActivity﹕ killing alarms
10-31 07:45:40.213    2045-2045/? V/WearActivity﹕ startHelper: putting it all back together again
10-31 07:45:40.213    2045-2045/? V/WearActivity﹕ initAlarm: setting up
10-31 07:45:40.223    2045-2045/? I/ClockFace﹕ Ambient mode: false
10-31 07:45:40.223    2045-2045/? V/MyViewAnim﹕ resumeMaxHertz
10-31 07:45:40.223    2045-2045/? V/ClockFace﹕ clearing caches
10-31 07:45:40.223    2045-2045/? V/MyViewAnim﹕ starting new animator
10-31 07:45:40.223    2045-2045/? V/MyViewAnim﹕ Time listener is up!
10-31 07:45:40.223    2045-2045/? V/MyViewAnim﹕ starting new draw thread
10-31 07:45:40.324    2291-2292/? D/dalvikvm﹕ GC_CONCURRENT freed 137K, 13% free 2291K/2632K, paused 19ms+1ms, total 112ms
10-31 07:45:40.344    2045-2484/? V/ClockFace﹕ rendering new face, faceMode(0)
10-31 07:45:40.374    2045-2484/? V/ClockFace﹕ fetching new battery status (992)
10-31 07:45:40.374    2045-2484/? V/ClockFace﹕ battery at 0.94
10-31 07:45:40.374    1752-1762/? I/ActivityManager﹕ START u0 {act=android.intent.action.MAIN cat=[android.intent.category.HOME] flg=0x10000000 cmp=com.google.android.wearable.app/com.google.android.clockwork.home.HomeActivity (has extras)} from pid 1871 on display 0
10-31 07:45:40.424    1871-1871/? E/ClockworkHome﹕ Tried to exit ambient mode, but enterAmbientMode() was never called.
10-31 07:45:40.444    1419-1528/? D/mot_vr_audio_hw﹕ dsp_recognizer_enabled = true
10-31 07:45:40.444    1411-1411/? D/ADSPD﹕ Client cmd=0x0003, size=4
10-31 07:45:40.444    1419-1419/? D/mot_vr_audio_hw﹕ open_input_stream(): devices = 0x80000004, rate = 8000, channels = 0x10
10-31 07:45:40.444    1419-1419/? D/mot_vr_audio_hw﹕ Created resampler for 16000->8000 Hz
10-31 07:45:40.454    1411-1411/? D/ADSPD﹕ Received from DSP: cmd=0x8003, size=2
10-31 07:45:40.454    1411-1411/? D/ADSPD﹕ Client cmd=0x4003, size=2
10-31 07:45:40.454    1419-2018/? D/mot_vr_audio_hw﹕ received recognition control callback, status 0
10-31 07:45:40.464    1419-2485/? D/mot_vr_audio_hw﹕ in_read waiting for hotword
10-31 07:45:40.484    1419-1804/? D/mot_vr_audio_hw﹕ dsp_recognizer_enabled = false
10-31 07:45:40.484    1411-1411/? D/ADSPD﹕ Client cmd=0x0003, size=4
10-31 07:45:40.484    1419-2485/? D/mot_vr_audio_hw﹕ Switching DSP to standby/passthrough mode
10-31 07:45:40.484    1419-2485/? D/mot_vr_audio_hw﹕ Input 0xb8ebc898 ready to read
10-31 07:45:40.494    1411-1411/? D/ADSPD﹕ Received from DSP: cmd=0x8003, size=2
10-31 07:45:40.494    1411-1411/? D/ADSPD﹕ Client cmd=0x0003, size=4
10-31 07:45:40.494    1419-2018/? D/mot_vr_audio_hw﹕ received recognition control callback, status 0
10-31 07:45:40.504    1752-1829/? D/LightsService﹕ Excessive delay setting light: 184ms
10-31 07:45:40.504    1417-1417/? D/SurfaceFlinger﹕ Screen released, type=0 flinger=0xb7fc2448
10-31 07:45:40.504    1411-1411/? D/ADSPD﹕ Received from DSP: cmd=0x8003, size=2
10-31 07:45:40.504    1419-2018/? D/mot_vr_audio_hw﹕ received recognition control callback, status 0
10-31 07:45:40.534    1419-2485/? W/mot_vr_audio_hw﹕ Discarded 10 buffers without finding audio data
10-31 07:45:40.544    1411-1411/? D/ADSPD﹕ Client cmd=0x0003, size=4
10-31 07:45:40.544    1419-2485/? D/mot_vr_audio_hw﹕ Re-arming DSP
10-31 07:45:40.544    1419-2485/? D/mot_vr_audio_hw﹕ Input 0xb8ebc898 standby complete
10-31 07:45:40.554    1411-1411/? D/ADSPD﹕ Received from DSP: cmd=0x8003, size=2
10-31 07:45:40.554    1419-2018/? D/mot_vr_audio_hw﹕ received recognition control callback, status 0
10-31 07:45:40.564    2291-2291/? D/WearApiHelper﹕ sendMessage: /SYNC_NEEDED
10-31 07:45:40.564    1411-1411/? D/ADSPD﹕ Client cmd=0x4003, size=2
10-31 07:45:40.564    1419-2486/? D/mot_vr_audio_hw﹕ Input 0xb8ebc898 close complete
10-31 07:45:40.584    2291-2291/? D/WearApiHelper﹕ Not connected waiting connection
10-31 07:45:40.624    1417-1417/? D/hwcomposer﹕ hwc_blank(0: 1)
10-31 07:45:40.624    1752-1829/? D/SurfaceControl﹕ Excessive delay in blankDisplay() while turning screen off: 121ms
10-31 07:45:40.624    1752-1782/? D/MinnowPowerHAL﹕ power_set_interactive: 0
10-31 07:45:40.624    1752-1782/? D/MinnowPowerHAL﹕ sysfs_write: /sys/devices/platform/omapdss/display0/interactivemode 0
10-31 07:45:40.624    1752-1782/? D/MinnowPowerHAL﹕ sysfs_write: /sys/devices/ocp.2/i2c.6/i2c-0/0-004a/interactivemode 0
10-31 07:45:40.624    1752-1778/? I/DisplayManagerService﹕ Display device changed: DisplayDeviceInfo{"Built-in Screen": 320 x 290, 45.000004 fps, density 213, 203.2 x 204.61111 dpi, touch INTERNAL, rotation 0, type BUILT_IN, state OFF, FLAG_DEFAULT_DISPLAY, FLAG_ROTATES_WITH_CONTENT, FLAG_SECURE, FLAG_SUPPORTS_PROTECTED_BUFFERS}
10-31 07:45:40.634    1752-1782/? D/MinnowPowerHAL﹕ sysfs_write: /sys/class/leds/lcd-backlight/interactive 0
10-31 07:45:40.634    1752-1782/? D/mot_vr_audio_hw﹕ dsp_set_pm_state = off
10-31 07:45:40.634    1411-1411/? D/ADSPD﹕ Client cmd=0x4002, size=2
10-31 07:45:40.634    1411-1411/? D/ADSPD﹕ DSP_CMD_DAEMON_SET_PM_STATE : 0
10-31 07:45:40.654    1752-1752/? V/ActivityManager﹕ Display changed displayId=0
10-31 07:45:40.664    2045-2045/? V/WearActivity﹕ display changed: 0, new state: 1
10-31 07:45:40.664    2045-2045/? I/TimeWrapper﹕ FPS: 10.382764, samples: 3
10-31 07:45:40.664    2045-2045/? I/TimeWrapper﹕ Min/Avg/Max frame render speed (ms): 9.155274 / 23.620604 / 31.341553
10-31 07:45:40.664    2045-2045/? I/TimeWrapper﹕ Waketime: 24.524715%
10-31 07:45:40.664    2045-2045/? I/TimeWrapper﹕ Skipped frames: 1
10-31 07:45:40.664    2045-2045/? V/WearActivity﹕ onDisplayChanged: off!
10-31 07:45:40.664    2045-2045/? V/WearActivity﹕ stopHelper: shutting things down
10-31 07:45:40.684    2291-2291/? D/WearableClient﹕ WearableClientImpl.onPostInitHandler: done
10-31 07:45:40.704    2045-2045/? V/MyViewAnim﹕ stopping animation!
10-31 07:45:40.704    2045-2045/? V/MyViewAnim﹕ killDrawThread
10-31 07:45:40.704    2045-2045/? V/WearActivity﹕ killing alarms
10-31 07:45:40.714    2045-2484/? V/MyViewAnim﹕ looper finished!
10-31 07:45:40.724    2045-2045/? I/ClockFace﹕ Ambient mode: false
10-31 07:45:40.724    2045-2045/? V/WearActivity﹕ Stop!
10-31 07:45:40.744    1752-1929/? I/ActivityManager﹕ Activity reported stop, but no longer stopping: ActivityRecord{adc9b990 u0 com.google.android.wearable.app/com.google.android.clockwork.home.HomeActivity t1}
10-31 07:45:40.804    1752-1754/? D/dalvikvm﹕ GC_CONCURRENT freed 461K, 13% free 4646K/5308K, paused 4ms+17ms, total 95ms
10-31 07:45:40.854    2291-2291/? D/WearApiHelper﹕ sendMessage: /SYNC_NEEDED
10-31 07:45:40.854    2291-2291/? D/WearApiHelper﹕ Not connected waiting connection
10-31 07:45:40.864    2291-2291/? D/WearApiHelper﹕ Finally connected! Sending message: /SYNC_NEEDED
10-31 07:45:40.864    2291-2291/? D/WearApiHelper﹕ Stack 1
10-31 07:45:40.864    2291-2291/? D/WearApiHelper﹕ Finally connected! Sending message: /SYNC_NEEDED
10-31 07:45:40.864    2291-2291/? D/WearApiHelper﹕ Stack 0
10-31 07:45:41.164    1900-2039/? D/dalvikvm﹕ GC_FOR_ALLOC freed 277K, 31% free 2215K/3180K, paused 16ms, total 17ms
10-31 07:45:41.405    1900-2187/? D/dalvikvm﹕ GC_FOR_ALLOC freed 181K, 30% free 2241K/3180K, paused 17ms, total 17ms
10-31 07:45:41.735    1900-2187/? D/dalvikvm﹕ GC_FOR_ALLOC freed 194K, 31% free 2223K/3180K, paused 42ms, total 42ms
10-31 07:45:42.035    1900-2187/? D/dalvikvm﹕ GC_FOR_ALLOC freed 153K, 30% free 2233K/3180K, paused 19ms, total 19ms
10-31 07:45:44.217    2106-2154/? W/bt-btif﹕ dm_pm_timer expires
10-31 07:45:44.217    2106-2154/? W/bt-btif﹕ dm_pm_timer expires 0
10-31 07:45:44.217    2106-2154/? W/bt-btif﹕ proc dm_pm_timer expires
10-31 07:45:45.879    2291-2291/? D/WearApiHelper﹕ Disconnecting
10-31 07:45:45.919    2203-2205/? D/dalvikvm﹕ GC_CONCURRENT freed 476K, 24% free 2245K/2928K, paused 1ms+1ms, total 20ms
10-31 07:45:53.927    2203-2205/? D/dalvikvm﹕ GC_CONCURRENT freed 434K, 23% free 2249K/2920K, paused 3ms+2ms, total 26ms
10-31 07:45:55.208    1969-2427/? D/dalvikvm﹕ GC_EXPLICIT freed 440K, 25% free 2518K/3352K, paused 1ms+2ms, total 20ms
10-31 07:45:57.741    1969-1969/? I/Fitness﹕ WearableSyncServiceReceiver.onReceive
10-31 07:45:57.741    1752-1897/? I/ActivityManager﹕ Delay finish: com.google.android.gms/.fitness.wearables.WearableSyncServiceReceiver
10-31 07:45:57.761    1969-1969/? D/WearableClient﹕ WearableClientImpl.onPostInitHandler: done
10-31 07:45:57.761    1969-2489/? I/Fitness﹕ syncing to node: e12e6647-0917-4594-a0b8-f42d78390f6d
10-31 07:45:57.821    1969-2489/? I/Fitness﹕ syncing: 1
10-31 07:45:57.951    1969-2489/? I/Fitness﹕ uploading 1 changes
10-31 07:45:57.951    1969-2489/? I/Fitness﹕ syncing 1 points
10-31 07:45:58.061    1752-1803/? I/ActivityManager﹕ Resuming delayed broadcast
10-31 07:45:59.943    2203-2205/? D/dalvikvm﹕ GC_CONCURRENT freed 392K, 23% free 2241K/2896K, paused 3ms+1ms, total 15ms
10-31 07:46:00.003    2106-2154/? W/bt-btif﹕ dm_pm_timer expires
10-31 07:46:00.003    2106-2154/? W/bt-btif﹕ dm_pm_timer expires 0
10-31 07:46:00.003    2106-2154/? W/bt-btif﹕ proc dm_pm_timer expires
10-31 07:46:42.561    2203-2503/? I/FitnessWearable﹕ Refreshing Platform Data
10-31 07:46:42.571    1969-2104/? I/Fitness﹕ Account supported from cache: true
10-31 07:46:42.571    1969-2104/? I/Fitness﹕ schedule to sync accounts: [dwallach@gmail.com]
10-31 07:46:42.611    2203-2503/? I/FitnessWearable﹕ Completed query in 37 milliseconds
10-31 07:46:42.691    2203-2205/? D/dalvikvm﹕ GC_CONCURRENT freed 374K, 22% free 2273K/2896K, paused 3ms+1ms, total 19ms
10-31 07:46:42.701    2203-2503/? I/FitnessWearable﹕ Refreshing Platform Data
10-31 07:46:42.721    1969-2104/? I/Fitness﹕ Account supported from cache: true
10-31 07:46:42.721    1969-2104/? I/Fitness﹕ schedule to sync accounts: [dwallach@gmail.com]
10-31 07:46:42.731    2203-2503/? I/FitnessWearable﹕ Completed query in 8 milliseconds
10-31 07:46:44.613    2106-2154/? W/bt-btif﹕ dm_pm_timer expires
10-31 07:46:44.613    2106-2154/? W/bt-btif﹕ dm_pm_timer expires 0
10-31 07:46:44.613    2106-2154/? W/bt-btif﹕ proc dm_pm_timer expires
10-31 07:46:46.995    1969-1972/? D/dalvikvm﹕ GC_CONCURRENT freed 357K, 24% free 2552K/3352K, paused 7ms+2ms, total 52ms
10-31 07:46:47.405    2106-2154/? W/bt-btif﹕ dm_pm_timer expires
10-31 07:46:47.405    2106-2154/? W/bt-btif﹕ dm_pm_timer expires 0
10-31 07:46:47.405    2106-2154/? W/bt-btif﹕ proc dm_pm_timer expires
10-31 07:47:49.976    1969-1969/? I/Fitness﹕ WearableSyncServiceReceiver.onReceive
10-31 07:47:50.036    1969-1969/? D/WearableClient﹕ WearableClientImpl.onPostInitHandler: done
10-31 07:47:50.056    1969-2504/? I/Fitness﹕ syncing to node: e12e6647-0917-4594-a0b8-f42d78390f6d
10-31 07:47:50.136    1969-2504/? I/Fitness﹕ syncing: 0
10-31 07:48:00.106    2291-2291/? D/WearApiHelper﹕ sendMessage: /SYNC_NEEDED
10-31 07:48:00.116    2291-2291/? D/WearApiHelper﹕ Not connected waiting connection
10-31 07:48:00.116    1969-1969/? I/Fitness﹕ WearableSyncServiceReceiver.onReceive
10-31 07:48:00.136    2291-2291/? D/WearableClient﹕ WearableClientImpl.onPostInitHandler: done
10-31 07:48:00.136    2291-2291/? D/WearApiHelper﹕ Finally connected! Sending message: /SYNC_NEEDED
10-31 07:48:00.136    2291-2291/? D/WearApiHelper﹕ Stack 0
10-31 07:48:00.156    1969-2505/? D/WearableClient﹕ WearableClientImpl.onPostInitHandler: done
10-31 07:48:00.166    1969-2505/? I/Fitness﹕ syncing to node: e12e6647-0917-4594-a0b8-f42d78390f6d
10-31 07:48:00.206    1969-2505/? I/Fitness﹕ syncing: 0
10-31 07:48:00.567    2203-2205/? D/dalvikvm﹕ GC_CONCURRENT freed 427K, 22% free 2279K/2916K, paused 3ms+10ms, total 49ms
10-31 07:48:00.597    2291-2506/? D/dalvikvm﹕ GC_FOR_ALLOC freed 244K, 18% free 2396K/2892K, paused 11ms, total 13ms
10-31 07:48:00.757    1900-2187/? D/dalvikvm﹕ GC_FOR_ALLOC freed 352K, 30% free 2237K/3180K, paused 30ms, total 31ms
10-31 07:48:01.157    1900-2187/? D/dalvikvm﹕ GC_FOR_ALLOC freed 201K, 31% free 2224K/3180K, paused 18ms, total 19ms
10-31 07:48:01.548    1900-2187/? D/dalvikvm﹕ GC_FOR_ALLOC freed 152K, 30% free 2235K/3180K, paused 87ms, total 87ms
10-31 07:48:04.611    2106-2154/? W/bt-btif﹕ dm_pm_timer expires
10-31 07:48:04.611    2106-2154/? W/bt-btif﹕ dm_pm_timer expires 0
10-31 07:48:04.611    2106-2154/? W/bt-btif﹕ proc dm_pm_timer expires
10-31 07:48:38.407    2291-2291/? D/WearApiHelper﹕ Disconnecting
10-31 07:50:00.096    1969-1969/? I/Fitness﹕ WearableSyncServiceReceiver.onReceive
10-31 07:50:00.096    1752-2337/? I/ActivityManager﹕ Delay finish: com.google.android.gms/.fitness.wearables.WearableSyncServiceReceiver
10-31 07:50:00.116    1969-1969/? D/WearableClient﹕ WearableClientImpl.onPostInitHandler: done
10-31 07:50:00.126    1969-2507/? I/Fitness﹕ syncing to node: e12e6647-0917-4594-a0b8-f42d78390f6d
10-31 07:50:00.156    1969-2507/? I/Fitness﹕ syncing: 0
10-31 07:50:00.246    1969-1972/? D/dalvikvm﹕ GC_CONCURRENT freed 340K, 23% free 2606K/3352K, paused 3ms+10ms, total 27ms
10-31 07:50:00.246    1752-1803/? I/ActivityManager﹕ Resuming delayed broadcast
10-31 07:51:52.116    2203-2205/? D/dalvikvm﹕ GC_CONCURRENT freed 464K, 24% free 2249K/2924K, paused 2ms+2ms, total 27ms
10-31 07:52:00.086    1969-1969/? I/Fitness﹕ WearableSyncServiceReceiver.onReceive
10-31 07:52:00.086    1752-1927/? I/ActivityManager﹕ Delay finish: com.google.android.gms/.fitness.wearables.WearableSyncServiceReceiver
10-31 07:52:00.106    1969-2508/? D/WearableClient﹕ WearableClientImpl.onPostInitHandler: done
10-31 07:52:00.106    1969-2508/? I/Fitness﹕ syncing to node: e12e6647-0917-4594-a0b8-f42d78390f6d
10-31 07:52:00.146    1969-2508/? I/Fitness﹕ syncing: 0
10-31 07:52:00.216    1752-1927/? I/ActivityManager﹕ Resuming delayed broadcast
10-31 07:54:00.086    1969-1969/? I/Fitness﹕ WearableSyncServiceReceiver.onReceive
10-31 07:54:00.086    1752-1897/? I/ActivityManager﹕ Delay finish: com.google.android.gms/.fitness.wearables.WearableSyncServiceReceiver
10-31 07:54:00.106    1969-2509/? D/WearableClient﹕ WearableClientImpl.onPostInitHandler: done
10-31 07:54:00.106    1969-2509/? I/Fitness﹕ syncing to node: e12e6647-0917-4594-a0b8-f42d78390f6d
10-31 07:54:00.146    1969-2509/? I/Fitness﹕ syncing: 0
10-31 07:54:00.216    1752-1897/? I/ActivityManager﹕ Resuming delayed broadcast
10-31 07:57:52.026    2203-2205/? D/dalvikvm﹕ GC_CONCURRENT freed 383K, 23% free 2267K/2924K, paused 2ms+1ms, total 20ms
10-31 07:57:52.066    1969-1969/? I/Fitness﹕ WearableSyncServiceReceiver.onReceive
10-31 07:57:52.076    1752-1897/? I/ActivityManager﹕ Delay finish: com.google.android.gms/.fitness.wearables.WearableSyncServiceReceiver
10-31 07:57:52.096    1969-2510/? D/WearableClient﹕ WearableClientImpl.onPostInitHandler: done
10-31 07:57:52.096    1969-2510/? I/Fitness﹕ syncing to node: e12e6647-0917-4594-a0b8-f42d78390f6d
10-31 07:57:52.136    1969-2510/? I/Fitness﹕ syncing: 0
10-31 07:57:52.196    1752-1762/? I/ActivityManager﹕ Resuming delayed broadcast
10-31 07:59:11.397    1752-1769/? D/SensorHALGestureSensor﹕ Gesture event received! time = 1414760351399544136
10-31 07:59:11.397    1752-1929/? I/PowerManagerService﹕ Waking up from sleep...
10-31 07:59:11.397    1752-1776/? W/KeyguardServiceDelegate﹕ onScreenTurnedOn(): no keyguard service!
10-31 07:59:11.487    1752-1929/? D/MinnowPowerHAL﹕ power_set_interactive: 1
10-31 07:59:11.487    1752-1929/? D/MinnowPowerHAL﹕ sysfs_write: /sys/devices/platform/omapdss/display0/interactivemode 1
10-31 07:59:11.537    1752-1929/? D/MinnowPowerHAL﹕ sysfs_write: /sys/devices/ocp.2/i2c.6/i2c-0/0-004a/interactivemode 1
10-31 07:59:11.537    1752-1929/? D/MinnowPowerHAL﹕ sysfs_write: /sys/class/leds/lcd-backlight/interactive 1
10-31 07:59:11.537    1752-1929/? D/mot_vr_audio_hw﹕ dsp_set_pm_state = on
10-31 07:59:11.537    1411-1411/? D/ADSPD﹕ Client cmd=0x4002, size=2
10-31 07:59:11.537    1411-1411/? D/ADSPD﹕ DSP_CMD_DAEMON_SET_PM_STATE : 1
10-31 07:59:11.537    1752-1929/? D/PowerManagerService-JNI﹕ Excessive delay in setInteractive(true) while turning screen on: 56ms
10-31 07:59:11.567    2045-2045/? V/WearActivity﹕ display changed: 0, new state: 1
10-31 07:59:11.567    2045-2045/? V/WearActivity﹕ state didn't actually change
10-31 07:59:11.577    1411-1411/? D/ADSPD﹕ ACK success!
10-31 07:59:11.577    2045-2045/? V/WearActivity﹕ Resume!
10-31 07:59:11.577    1969-1969/? I/Fitness﹕ WearableSyncServiceReceiver.onReceive
10-31 07:59:11.587    1419-1804/? D/mot_vr_audio_hw﹕ dsp_recognizer_enabled = true
10-31 07:59:11.587    1411-1411/? D/ADSPD﹕ Client cmd=0x0003, size=4
10-31 07:59:11.597    1419-2486/? D/mot_vr_audio_hw﹕ open_input_stream(): devices = 0x80000004, rate = 8000, channels = 0x10
10-31 07:59:11.597    1419-2486/? D/mot_vr_audio_hw﹕ Created resampler for 16000->8000 Hz
10-31 07:59:11.607    1411-1411/? D/ADSPD﹕ Received from DSP: cmd=0x8003, size=2
10-31 07:59:11.607    1411-1411/? D/ADSPD﹕ Client cmd=0x4003, size=2
10-31 07:59:11.607    1419-2018/? D/mot_vr_audio_hw﹕ received recognition control callback, status 0
10-31 07:59:11.617    1419-2512/? D/mot_vr_audio_hw﹕ in_read waiting for hotword
10-31 07:59:11.617    1752-1752/? V/ActivityManager﹕ Display changed displayId=0
10-31 07:59:11.617    1752-1929/? I/ActivityManager﹕ Delay finish: com.google.android.gms/.fitness.wearables.WearableSyncServiceReceiver
10-31 07:59:11.647    1969-2514/? D/WearableClient﹕ WearableClientImpl.onPostInitHandler: done
10-31 07:59:11.647    1969-2514/? I/Fitness﹕ syncing to node: e12e6647-0917-4594-a0b8-f42d78390f6d
10-31 07:59:11.677    1417-1417/? D/SurfaceFlinger﹕ Screen acquired, type=0 flinger=0xb7fc2448
10-31 07:59:11.677    1417-1417/? D/hwcomposer﹕ hwc_blank(0: 0)
10-31 07:59:11.677    1752-1778/? I/DisplayManagerService﹕ Display device changed: DisplayDeviceInfo{"Built-in Screen": 320 x 290, 45.000004 fps, density 213, 203.2 x 204.61111 dpi, touch INTERNAL, rotation 0, type BUILT_IN, state ON, FLAG_DEFAULT_DISPLAY, FLAG_ROTATES_WITH_CONTENT, FLAG_SECURE, FLAG_SUPPORTS_PROTECTED_BUFFERS}
10-31 07:59:11.677    1752-1752/? V/ActivityManager﹕ Display changed displayId=0
10-31 07:59:11.697    2045-2045/? V/WearActivity﹕ display changed: 0, new state: 2
10-31 07:59:11.697    2045-2045/? V/WearActivity﹕ onDisplayChanged: on!
10-31 07:59:11.697    2045-2045/? V/WearActivity﹕ killing alarms
10-31 07:59:11.697    2045-2045/? V/WearActivity﹕ startHelper: putting it all back together again
10-31 07:59:11.697    2045-2045/? V/WearActivity﹕ initAlarm: setting up
10-31 07:59:11.697    2045-2045/? I/ClockFace﹕ Ambient mode: false
10-31 07:59:11.697    2045-2045/? V/MyViewAnim﹕ resumeMaxHertz
10-31 07:59:11.697    2045-2045/? V/ClockFace﹕ clearing caches
10-31 07:59:11.697    2045-2045/? V/MyViewAnim﹕ starting new animator
10-31 07:59:11.697    2045-2045/? V/MyViewAnim﹕ Time listener is up!
10-31 07:59:11.697    2045-2045/? V/MyViewAnim﹕ starting new draw thread
10-31 07:59:11.747    2045-2515/? V/ClockFace﹕ rendering new face, faceMode(0)
10-31 07:59:11.797    2045-2515/? V/ClockFace﹕ fetching new battery status (997)
10-31 07:59:11.797    2045-2515/? V/ClockFace﹕ battery at 0.93
10-31 07:59:11.917    1752-1752/? W/InputMethodManagerService﹕ Ignoring setImeWindowStatus of uid 1000 token: null
10-31 07:59:11.957    1969-2514/? I/Fitness﹕ syncing: 0
10-31 07:59:12.047    1752-1763/? D/SensorHAL﹕ adjustSensorHandle: handle = 9 adjustedHandle = 1
10-31 07:59:12.047    1752-1763/? D/SensorHAL﹕ adjustSensorHandle: handle = 9 adjustedHandle = 1
10-31 07:59:12.067    1752-1897/? D/SensorHAL﹕ adjustSensorHandle: handle = 9 adjustedHandle = 1
10-31 07:59:12.087    2291-2291/? D/WearApiHelper﹕ sendMessage: /SYNC_NEEDED
10-31 07:59:12.117    2291-2291/? D/WearApiHelper﹕ Not connected waiting connection
10-31 07:59:12.127    2291-2291/? D/WearableClient﹕ WearableClientImpl.onPostInitHandler: done
10-31 07:59:12.137    2291-2291/? D/WearApiHelper﹕ Finally connected! Sending message: /SYNC_NEEDED
10-31 07:59:12.147    2291-2291/? D/WearApiHelper﹕ Stack 0
10-31 07:59:12.317    1969-1972/? D/dalvikvm﹕ GC_CONCURRENT freed 367K, 22% free 2633K/3352K, paused 14ms+23ms, total 78ms
10-31 07:59:12.337    1752-1763/? I/ActivityManager﹕ Resuming delayed broadcast
10-31 07:59:12.347    1752-1797/? D/ConnectivityService﹕ Sampling interval elapsed, updating statistics ..
10-31 07:59:12.347    1752-1797/? D/ConnectivityService﹕ Done.
10-31 07:59:12.347    1752-1797/? D/ConnectivityService﹕ Setting timer for 720seconds
10-31 07:59:12.377    1752-1897/? I/ActivityManager﹕ Delay finish: com.google.android.gms/.checkin.EventLogService$Receiver
10-31 07:59:12.407    1885-2516/? I/EventLogService﹕ Aggregate from 1414758856964 (log), 1414758351040 (data)
10-31 07:59:12.698    1900-2187/? D/dalvikvm﹕ GC_FOR_ALLOC freed 326K, 30% free 2243K/3180K, paused 28ms, total 46ms
10-31 07:59:13.168    1900-2187/? D/dalvikvm﹕ GC_FOR_ALLOC freed 164K, 30% free 2236K/3180K, paused 43ms, total 44ms
10-31 07:59:14.259    1900-2187/? D/dalvikvm﹕ GC_FOR_ALLOC freed 184K, 31% free 2222K/3180K, paused 88ms, total 89ms
10-31 07:59:15.020    1885-2516/? W/EventLogAggregator﹕ Unknown tag: snet
10-31 07:59:15.020    1885-2516/? W/EventLogAggregator﹕ Unknown tag: snet_gcore
10-31 07:59:15.020    1885-2516/? W/EventLogAggregator﹕ Unknown tag: snet_launch_service
10-31 07:59:15.250    1885-2516/? I/ServiceDumpSys﹕ dumping service [account]
10-31 07:59:15.300    1752-2337/? I/ActivityManager﹕ Resuming delayed broadcast
10-31 07:59:16.271    2203-2205/? D/dalvikvm﹕ GC_CONCURRENT freed 411K, 22% free 2267K/2896K, paused 3ms+5ms, total 45ms
10-31 07:59:16.552    1752-1803/? I/PowerManagerService﹕ Going to sleep due to screen timeout...
10-31 07:59:16.552    1752-1782/? I/PowerManagerService﹕ Dozing...
10-31 07:59:16.552    1752-1775/? I/DreamController﹕ Starting dream: name=ComponentInfo{com.google.android.wearable.app/com.google.android.clockwork.home.AmbientMode}, isTest=false, canDoze=true, userId=0
10-31 07:59:16.642    1752-1927/? I/ActivityManager﹕ START u0 {act=android.intent.action.MAIN cat=[android.intent.category.HOME] flg=0x10000000 cmp=com.google.android.wearable.app/com.google.android.clockwork.home.HomeActivity (has extras)} from pid 1871 on display 0
10-31 07:59:16.642    1752-1775/? I/DreamController﹕ Stopping dream: name=ComponentInfo{com.google.android.wearable.app/com.google.android.clockwork.home.AmbientMode}, isTest=false, canDoze=true, userId=0
10-31 07:59:16.642    1752-1782/? I/PowerManagerService﹕ Sleeping...
10-31 07:59:16.682    1871-1871/? I/AmbientMode﹕ Ambient mode started: canDoze=true, dozeHardware=null
10-31 07:59:16.692    1419-2486/? D/mot_vr_audio_hw﹕ dsp_recognizer_enabled = false
10-31 07:59:16.692    1411-1411/? D/ADSPD﹕ Client cmd=0x0003, size=4
10-31 07:59:16.692    1419-2512/? D/mot_vr_audio_hw﹕ Switching DSP to standby/passthrough mode
10-31 07:59:16.692    1419-2512/? D/mot_vr_audio_hw﹕ Input 0xb8ebc058 ready to read
10-31 07:59:16.702    1411-1411/? D/ADSPD﹕ Received from DSP: cmd=0x8003, size=2
10-31 07:59:16.702    1411-1411/? D/ADSPD﹕ Client cmd=0x0003, size=4
10-31 07:59:16.702    1419-2018/? D/mot_vr_audio_hw﹕ received recognition control callback, status 0
10-31 07:59:16.722    1411-1411/? D/ADSPD﹕ Received from DSP: cmd=0x8003, size=2
10-31 07:59:16.722    1419-2018/? D/mot_vr_audio_hw﹕ received recognition control callback, status 0
10-31 07:59:16.742    1419-2512/? W/mot_vr_audio_hw﹕ Discarded 10 buffers without finding audio data
10-31 07:59:16.752    1411-1411/? D/ADSPD﹕ Client cmd=0x0003, size=4
10-31 07:59:16.752    1419-2512/? D/mot_vr_audio_hw﹕ Re-arming DSP
10-31 07:59:16.752    1419-2512/? D/mot_vr_audio_hw﹕ Input 0xb8ebc058 standby complete
10-31 07:59:16.762    1419-1528/? D/mot_vr_audio_hw﹕ Input 0xb8ebc058 close complete
10-31 07:59:16.772    1411-1411/? D/ADSPD﹕ Received from DSP: cmd=0x8003, size=2
10-31 07:59:16.772    1411-1411/? D/ADSPD﹕ Client cmd=0x4003, size=2
10-31 07:59:16.772    1419-2018/? D/mot_vr_audio_hw﹕ received recognition control callback, status 0
10-31 07:59:16.772    1419-1804/? D/mot_vr_audio_hw﹕ dsp_recognizer_enabled = true
10-31 07:59:16.772    1411-1411/? D/ADSPD﹕ Client cmd=0x0003, size=4
10-31 07:59:16.782    1419-1419/? D/mot_vr_audio_hw﹕ open_input_stream(): devices = 0x80000004, rate = 8000, channels = 0x10
10-31 07:59:16.782    1419-1419/? D/mot_vr_audio_hw﹕ Created resampler for 16000->8000 Hz
10-31 07:59:16.792    1411-1411/? D/ADSPD﹕ Received from DSP: cmd=0x8003, size=2
10-31 07:59:16.792    1411-1411/? D/ADSPD﹕ Client cmd=0x4003, size=2
10-31 07:59:16.792    1419-2018/? D/mot_vr_audio_hw﹕ received recognition control callback, status 0
10-31 07:59:16.812    1871-1871/? I/AmbientMode﹕ Dream ended: isDozing=true
10-31 07:59:16.812    1419-2518/? D/mot_vr_audio_hw﹕ in_read waiting for hotword
10-31 07:59:17.152    2291-2291/? D/WearApiHelper﹕ Disconnecting
10-31 07:59:17.302    1752-1829/? D/LightsService﹕ Excessive delay setting light: 112ms
10-31 07:59:17.302    1417-1417/? D/SurfaceFlinger﹕ Screen released, type=0 flinger=0xb7fc2448
10-31 07:59:17.442    1417-1417/? D/hwcomposer﹕ hwc_blank(0: 1)
10-31 07:59:17.442    1752-1829/? D/SurfaceControl﹕ Excessive delay in blankDisplay() while turning screen off: 134ms
10-31 07:59:17.442    1752-1782/? D/MinnowPowerHAL﹕ power_set_interactive: 0
10-31 07:59:17.442    1752-1782/? D/MinnowPowerHAL﹕ sysfs_write: /sys/devices/platform/omapdss/display0/interactivemode 0
10-31 07:59:17.442    1752-1782/? D/MinnowPowerHAL﹕ sysfs_write: /sys/devices/ocp.2/i2c.6/i2c-0/0-004a/interactivemode 0
10-31 07:59:17.442    1752-1778/? I/DisplayManagerService﹕ Display device changed: DisplayDeviceInfo{"Built-in Screen": 320 x 290, 45.000004 fps, density 213, 203.2 x 204.61111 dpi, touch INTERNAL, rotation 0, type BUILT_IN, state OFF, FLAG_DEFAULT_DISPLAY, FLAG_ROTATES_WITH_CONTENT, FLAG_SECURE, FLAG_SUPPORTS_PROTECTED_BUFFERS}
10-31 07:59:17.462    1752-1782/? D/MinnowPowerHAL﹕ sysfs_write: /sys/class/leds/lcd-backlight/interactive 0
10-31 07:59:17.462    1752-1782/? D/mot_vr_audio_hw﹕ dsp_set_pm_state = off
10-31 07:59:17.462    1411-1411/? D/ADSPD﹕ Client cmd=0x4002, size=2
10-31 07:59:17.462    1411-1411/? D/ADSPD﹕ DSP_CMD_DAEMON_SET_PM_STATE : 0
10-31 07:59:17.462    1411-1411/? D/ADSPD﹕ DSP not turned off as still being used
10-31 07:59:17.472    2045-2045/? V/WearActivity﹕ display changed: 0, new state: 1
10-31 07:59:17.472    2045-2045/? I/TimeWrapper﹕ FPS: 25.529026, samples: 145
10-31 07:59:17.472    2045-2045/? I/TimeWrapper﹕ Min/Avg/Max frame render speed (ms): 7.080078 / 16.09013 / 76.3855
10-31 07:59:17.482    2045-2045/? I/TimeWrapper﹕ Waketime: 41.076534%
10-31 07:59:17.482    2045-2045/? I/TimeWrapper﹕ Skipped frames: 1
10-31 07:59:17.482    2045-2045/? V/WearActivity﹕ onDisplayChanged: off!
10-31 07:59:17.482    2045-2045/? V/WearActivity﹕ stopHelper: shutting things down
10-31 07:59:17.492    1419-2486/? D/mot_vr_audio_hw﹕ dsp_recognizer_enabled = false
10-31 07:59:17.492    1411-1411/? D/ADSPD﹕ Client cmd=0x0003, size=4
10-31 07:59:17.502    1411-1411/? D/ADSPD﹕ Trying to send to dsp while in dsp in RESET
10-31 07:59:17.502    1419-2518/? W/mot_vr_audio_hw﹕ Not allowing wake() since DSP is disabled
10-31 07:59:17.512    1419-2518/? W/mot_vr_audio_hw﹕ Not allowing wake() since DSP is disabled
10-31 07:59:17.512    1752-1752/? V/ActivityManager﹕ Display changed displayId=0
10-31 07:59:17.512    1752-1752/? W/InputMethodManagerService﹕ Ignoring setImeWindowStatus of uid 1000 token: null
10-31 07:59:17.522    1411-1411/? D/ADSPD﹕ Client cmd=0x4003, size=2
10-31 07:59:17.522    1411-1411/? D/ADSPD﹕ DSP no longer used, turned off here
10-31 07:59:17.522    1419-1528/? D/mot_vr_audio_hw﹕ Input 0xb8ebb960 close complete
10-31 07:59:17.583    2045-2045/? V/MyViewAnim﹕ stopping animation!
10-31 07:59:17.583    2045-2045/? V/MyViewAnim﹕ killDrawThread
10-31 07:59:17.583    2045-2045/? V/WearActivity﹕ killing alarms
10-31 07:59:17.583    2045-2045/? I/ClockFace﹕ Ambient mode: false
10-31 07:59:17.583    2045-2045/? V/WearActivity﹕ Pause!
10-31 07:59:17.593    2045-2515/? V/MyViewAnim﹕ looper finished!
10-31 07:59:17.603    2045-2045/? V/WearActivity﹕ Stop!
10-31 07:59:17.663    2291-2291/? D/WearApiHelper﹕ sendMessage: /SYNC_NEEDED
10-31 07:59:17.683    2291-2291/? D/WearableClient﹕ WearableClientImpl.onPostInitHandler: done
10-31 07:59:17.693    2291-2291/? D/WearApiHelper﹕ Not connected waiting connection
