10-31 07:44:42.080    1752-1897/? I/ActivityManager﹕ Delay finish: com.google.android.deskclock/.BootCompletedReceiver
10-31 07:44:42.100    2106-2106/? I/bluedroid﹕ init
10-31 07:44:42.100    2106-2134/? I/BluetoothAdapterState﹕ Entering OffState
10-31 07:44:42.100    2106-2106/? I/bte_conf﹕ Attempt to load stack conf from /etc/bluetooth/bt_stack.conf
10-31 07:44:42.120    2106-2106/? I/bluedroid﹕ get_profile_interface socket
10-31 07:44:42.120    2106-2136/? I/GKI_LINUX﹕ gki_task_entry: gki_task_entry task_id=1 [BTIF] starting
10-31 07:44:42.120    2106-2136/? I/BluetoothAdapterProperties﹕ adapterPropertyChangedCallback with type:2 len:6
10-31 07:44:42.130    2106-2136/? D/BluetoothAdapterProperties﹕ Address is:5C:31:3E:4F:20:12
10-31 07:44:42.130    2106-2136/? I/BluetoothAdapterProperties﹕ adapterPropertyChangedCallback with type:1 len:13
10-31 07:44:42.130    1752-1752/? D/BluetoothManagerService﹕ BluetoothServiceConnection: com.android.bluetooth.btservice.AdapterService
10-31 07:44:42.130    1752-1777/? D/BluetoothManagerService﹕ Message: 40
10-31 07:44:42.130    1752-1777/? D/BluetoothManagerService﹕ MESSAGE_BLUETOOTH_SERVICE_CONNECTED: 1
10-31 07:44:42.140    1752-1752/? D/BluetoothManagerService﹕ Bluetooth Adapter name changed to Moto 360 2012
10-31 07:44:42.140    1752-1752/? D/BluetoothManagerService﹕ Stored Bluetooth name: Moto 360 2012
10-31 07:44:42.140    2106-2125/? I/bluedroid﹕ config_hci_snoop_log
10-31 07:44:42.150    1752-1777/? D/BluetoothManagerService﹕ Calling onBluetoothServiceUp callbacks
10-31 07:44:42.150    1752-1777/? D/BluetoothManagerService﹕ Broadcasting onBluetoothServiceUp() to 3 receivers.
10-31 07:44:42.150    2106-2136/? D/BluetoothAdapterProperties﹕ Name is: Moto 360 2012
10-31 07:44:42.150    2106-2134/? D/BluetoothAdapterState﹕ CURRENT_STATE=OFF, MESSAGE = USER_TURN_ON
10-31 07:44:42.150    2106-2134/? D/BluetoothAdapterProperties﹕ Setting state to 11
10-31 07:44:42.150    2106-2134/? I/BluetoothAdapterState﹕ Bluetooth adapter state changed: 10-> 11
10-31 07:44:42.150    2106-2134/? D/BluetoothAdapterService﹕ Broadcasting updateAdapterState() to 1 receivers.
10-31 07:44:42.150    2106-2134/? D/BluetoothBondStateMachine﹕ make
10-31 07:44:42.150    1752-1777/? D/BluetoothManagerService﹕ Message: 60
10-31 07:44:42.150    1752-1777/? D/BluetoothManagerService﹕ MESSAGE_BLUETOOTH_STATE_CHANGE: prevState = 10, newState=11
10-31 07:44:42.150    1752-1777/? D/BluetoothManagerService﹕ Bluetooth State Change Intent: 10 -> 11
10-31 07:44:42.180    2106-2137/? I/BluetoothBondStateMachine﹕ StableState(): Entering Off State
10-31 07:44:42.200    1752-1752/? D/BluetoothA2dp﹕ Proxy object connected
10-31 07:44:42.200    2106-2106/? D/A2dpService﹕ Received start request. Starting profile...
10-31 07:44:42.200    2106-2106/? I/BluetoothAvrcpServiceJni﹕ classInitNative: succeeds
10-31 07:44:42.200    2106-2106/? V/Avrcp﹕ make
10-31 07:44:42.200    2106-2106/? I/bluedroid﹕ get_profile_interface avrcp
10-31 07:44:42.220    2106-2134/? I/BluetoothAdapterState﹕ Entering PendingCommandState State: isTurningOn()=true, isTurningOff()=false
10-31 07:44:42.270    2118-2118/? D/WearableClient﹕ WearableClientImpl.onPostInitHandler: done
10-31 07:44:42.280    2106-2106/? I/BluetoothA2dpServiceJni﹕ classInitNative: succeeds
10-31 07:44:42.280    2106-2106/? D/A2dpStateMachine﹕ make
10-31 07:44:42.280    2106-2106/? I/bluedroid﹕ get_profile_interface a2dp
10-31 07:44:42.280    2106-2140/? I/GKI_LINUX﹕ gki_task_entry: gki_task_entry task_id=2 [A2DP-MEDIA] starting
10-31 07:44:42.290    2106-2140/? W/bt-btif﹕ overflow 0, enter 0, exit 0
10-31 07:44:42.300    2106-2106/? I/BluetoothHidServiceJni﹕ classInitNative: succeeds
10-31 07:44:42.310    2106-2139/? D/A2dpStateMachine﹕ Enter Disconnected: -2
10-31 07:44:42.320    2106-2106/? D/HidService﹕ Received start request. Starting profile...
10-31 07:44:42.320    2106-2106/? I/bluedroid﹕ get_profile_interface hidhost
10-31 07:44:42.320    2106-2106/? I/BluetoothPanServiceJni﹕ classInitNative(L105): succeeds
10-31 07:44:42.340    1752-1752/? D/BluetoothPan﹕ BluetoothPAN Proxy object connected
10-31 07:44:42.350    2106-2106/? D/PanService﹕ Received start request. Starting profile...
10-31 07:44:42.350    2106-2106/? D/BluetoothPanServiceJni﹕ initializeNative(L110): pan
10-31 07:44:42.350    2106-2106/? I/bluedroid﹕ get_profile_interface pan
10-31 07:44:42.350    1752-1797/? D/BluetoothTethering﹕ got CMD_CHANNEL_HALF_CONNECTED
10-31 07:44:42.380    2106-2106/? I/BtGatt.JNI﹕ classInitNative(L695): classInitNative: Success!
10-31 07:44:42.390    1752-1929/? I/ActivityManager﹕ Resuming delayed broadcast
10-31 07:44:42.420    2106-2106/? D/BtGatt.DebugUtils﹕ handleDebugAction() action=null
10-31 07:44:42.420    1752-1752/? I/ActivityManager﹕ Start proc com.android.providers.calendar for broadcast com.android.providers.calendar/.CalendarReceiver: pid=2145 uid=10001 gids={50001, 3003, 1028, 1015}
10-31 07:44:42.430    1871-1955/? I/Clockwork.Settings﹕ firing a scheduled time sync now
10-31 07:44:42.430    1871-1955/? I/Clockwork.Settings﹕ sending time sync request - elapsedRealTime: 44850
10-31 07:44:42.440    2106-2106/? D/BtGatt.GattService﹕ Received start request. Starting profile...
10-31 07:44:42.440    2106-2106/? D/BtGatt.GattService﹕ start()
10-31 07:44:42.440    2106-2106/? I/bluedroid﹕ get_profile_interface gatt
10-31 07:44:42.440    2106-2106/? D/BluetoothAdapterService﹕ Profile still not running:com.android.bluetooth.gatt.GattService
10-31 07:44:42.440    2106-2106/? D/BluetoothAdapterService﹕ Profile still not running:com.android.bluetooth.gatt.GattService
10-31 07:44:42.440    1871-1955/? W/Clockwork.Settings﹕ could not send rpc to writer
    com.google.android.wearable.gmsclient.WearableException: sendRpc failed: Status{statusCode=unknown status code: 4000, resolution=null}
            at com.google.android.wearable.gmsclient.MessageManager.sendMessage(MessageManager.java:65)
            at com.google.android.clockwork.settings.SettingsDataItemReader$ClockworkHandler.handleMessage(SettingsDataItemReader.java:387)
            at android.os.Handler.dispatchMessage(Handler.java:102)
            at android.os.Looper.loop(Looper.java:136)
            at android.os.HandlerThread.run(HandlerThread.java:61)
10-31 07:44:42.440    1871-1955/? I/Clockwork.Settings﹕ scheduling time sync for 16000 ms from now
10-31 07:44:42.450    1752-2144/? I/RecoverySystem﹕ No recovery log file
10-31 07:44:42.450    2106-2106/? D/BluetoothAdapterService﹕ Profile still not running:com.android.bluetooth.gatt.GattService
10-31 07:44:42.450    2106-2134/? D/BluetoothAdapterState﹕ CURRENT_STATE=PENDING, MESSAGE = STARTED, isTurningOn=true, isTurningOff=false
10-31 07:44:42.450    2106-2134/? I/bluedroid﹕ enable
10-31 07:44:42.460    2106-2134/? I/bt_hci_bdroid﹕ init
10-31 07:44:42.470    2106-2154/? I/GKI_LINUX﹕ gki_task_entry: gki_task_entry task_id=0 [BTU] starting
10-31 07:44:42.470    2106-2153/? I/bt_hci_bdroid﹕ bt_hc_worker_thread started
10-31 07:44:42.470    2106-2154/? I/bt-btu﹕ btu_task pending for preload complete event
10-31 07:44:42.580    1413-1413/? E/uim-sysfs﹕ uim: Inside st_uart_config
10-31 07:44:42.580    1413-1413/? E/uim-sysfs﹕ uim:install set to 1
10-31 07:44:42.580    1413-1413/? E/uim-sysfs﹕ uim:opening /dev/ttyO1, while already open
10-31 07:44:42.580    1413-1413/? E/uim-sysfs﹕ uim:cleanup
10-31 07:44:42.580    1413-1413/? E/uim-sysfs﹕ uim: Inside set_baud_rate
10-31 07:44:42.580    1413-1413/? E/uim-sysfs﹕ uim: set_baud_rate() done
10-31 07:44:42.580    1413-1413/? E/uim-sysfs﹕ uim: Setting speed to 3000000
10-31 07:44:42.580    1413-1413/? E/uim-sysfs﹕ uim: Inside read_command_complete
10-31 07:44:42.580    1413-1413/? E/uim-sysfs﹕ uim: Command complete started
10-31 07:44:42.580    1413-1413/? E/uim-sysfs﹕ uim: Inside read_hci_event
10-31 07:44:42.580    1413-1413/? E/uim-sysfs﹕ uim: read_hci_event
10-31 07:44:42.630    1413-1413/? E/uim-sysfs﹕ uim: Command complete done
10-31 07:44:42.630    1413-1413/? E/uim-sysfs﹕ uim: Speed changed to 3000000
10-31 07:44:42.630    1413-1413/? E/uim-sysfs﹕ uim: Inside set_custom_baud_rate
10-31 07:44:42.630    1413-1413/? E/uim-sysfs﹕ uim: Changing baud rate to 3000000, flow control to 1
10-31 07:44:42.630    1413-1413/? E/uim-sysfs﹕ uim: set_custom_baud_rate() done
10-31 07:44:42.630    1413-1413/? E/uim-sysfs﹕ uim: Installed N_TI_WL Line displine
10-31 07:44:42.660    1752-1754/? D/dalvikvm﹕ GC_CONCURRENT freed 413K, 13% free 4295K/4908K, paused 3ms+4ms, total 184ms
10-31 07:44:42.660    1752-2144/? D/dalvikvm﹕ WAIT_FOR_CONCURRENT_GC blocked 72ms
10-31 07:44:42.660    1752-1763/? D/dalvikvm﹕ WAIT_FOR_CONCURRENT_GC blocked 56ms
10-31 07:44:43.331    2145-2145/? I/CalendarProvider2﹕ Created com.android.providers.calendar.CalendarAlarmManager@adcbe360(com.android.providers.calendar.CalendarProvider2@adcb6d88)
10-31 07:44:43.411    1752-1777/? D/BluetoothManagerService﹕ Message: 20
10-31 07:44:43.411    1752-1777/? D/BluetoothManagerService﹕ Added callback: android.bluetooth.IBluetoothManagerCallback$Stub$Proxy@adf54ef0:true
10-31 07:44:43.421    2106-2154/? I/bt-btu﹕ btu_task received preload complete event
10-31 07:44:43.431    2106-2154/? I/﹕ BTE_InitTraceLevels -- TRC_HCI
10-31 07:44:43.431    2106-2154/? I/﹕ BTE_InitTraceLevels -- TRC_L2CAP
10-31 07:44:43.431    2106-2154/? I/﹕ BTE_InitTraceLevels -- TRC_RFCOMM
10-31 07:44:43.431    2106-2154/? I/﹕ BTE_InitTraceLevels -- TRC_AVDT
10-31 07:44:43.431    2106-2154/? I/﹕ BTE_InitTraceLevels -- TRC_AVRC
10-31 07:44:43.431    2106-2154/? I/﹕ BTE_InitTraceLevels -- TRC_A2D
10-31 07:44:43.431    2106-2154/? I/﹕ BTE_InitTraceLevels -- TRC_BTM
10-31 07:44:43.431    2106-2154/? I/﹕ BTE_InitTraceLevels -- TRC_GAP
10-31 07:44:43.431    2106-2154/? I/﹕ BTE_InitTraceLevels -- TRC_PAN
10-31 07:44:43.431    2106-2154/? I/﹕ BTE_InitTraceLevels -- TRC_SDP
10-31 07:44:43.431    2106-2154/? I/﹕ BTE_InitTraceLevels -- TRC_GATT
10-31 07:44:43.431    2106-2154/? I/﹕ BTE_InitTraceLevels -- TRC_SMP
10-31 07:44:43.431    2106-2154/? I/﹕ BTE_InitTraceLevels -- TRC_BTAPP
10-31 07:44:43.431    2106-2154/? I/﹕ BTE_InitTraceLevels -- TRC_BTIF
10-31 07:44:43.441    2106-2154/? E/bt-btm﹕ BTM_SecRegister:p_cb_info->p_le_callback == 0xa4503a35
10-31 07:44:43.441    2106-2154/? E/bt-btm﹕ BTM_SecRegister: btm_cb.api.p_le_callback = 0xa4503a35
10-31 07:44:43.441    2106-2136/? E/bt-btif﹕ Calling BTA_HhEnable
10-31 07:44:43.441    2106-2136/? E/bt-btif﹕ btif_storage_get_adapter_property service_mask:0x140000
10-31 07:44:43.441    2106-2136/? I/BluetoothAdapterProperties﹕ adapterPropertyChangedCallback with type:2 len:6
10-31 07:44:43.451    2106-2136/? D/BluetoothAdapterProperties﹕ Address is:5C:31:3E:4F:20:12
10-31 07:44:43.451    2106-2136/? I/BluetoothAdapterProperties﹕ adapterPropertyChangedCallback with type:1 len:13
10-31 07:44:43.451    1752-1752/? D/BluetoothManagerService﹕ Bluetooth Adapter name changed to Moto 360 2012
10-31 07:44:43.451    1752-1752/? D/BluetoothManagerService﹕ Stored Bluetooth name: Moto 360 2012
10-31 07:44:43.451    2106-2136/? D/BluetoothAdapterProperties﹕ Name is: Moto 360 2012
10-31 07:44:43.451    2106-2136/? I/BluetoothAdapterProperties﹕ adapterPropertyChangedCallback with type:7 len:4
10-31 07:44:43.451    2106-2136/? D/BluetoothAdapterProperties﹕ Scan Mode:20
10-31 07:44:43.451    2106-2136/? I/BluetoothAdapterProperties﹕ adapterPropertyChangedCallback with type:9 len:4
10-31 07:44:43.451    2106-2136/? D/BluetoothAdapterProperties﹕ Discoverable Timeout:0
10-31 07:44:43.451    2106-2136/? I/BluetoothAdapterProperties﹕ adapterPropertyChangedCallback with type:8 len:6
10-31 07:44:43.471    2106-2136/? D/BluetoothAdapterProperties﹕ Adding bonded device:BC:F5:AC:4C:56:A1
10-31 07:44:43.471    2106-2136/? I/BluetoothAdapterProperties﹕ adapterPropertyChangedCallback with type:3 len:16
10-31 07:44:43.481    2106-2136/? E/BluetoothRemoteDevices﹕ devicePropertyChangedCallback: bdDevice: BC:F5:AC:4C:56:A1, value is empty for type: 10
10-31 07:44:43.501    2106-2136/? I/bte_conf﹕ Attempt to load did conf from /etc/bluetooth/bt_did.conf
10-31 07:44:43.531    2106-2136/? I/bte_conf﹕ [1] primary_record=1 vendor_id=0x000F vendor_id_source=0x0001 product_id=0x1200 version=0x1436
10-31 07:44:43.531    2106-2136/? I/bte_conf﹕ Attempt to load did conf from /etc/bluetooth/bt_did.conf
10-31 07:44:43.531    2106-2136/? I/bte_conf﹕ Attempt to load did conf from /etc/bluetooth/bt_did.conf
10-31 07:44:43.531    2106-2134/? D/BluetoothAdapterState﹕ CURRENT_STATE=PENDING, MESSAGE = ENABLE_READY, isTurningOn=true, isTurningOff=false
10-31 07:44:43.531    2106-2134/? D/BluetoothAdapterProperties﹕ ScanMode =  20
10-31 07:44:43.531    2106-2134/? D/BluetoothAdapterProperties﹕ State =  11
10-31 07:44:43.531    2106-2134/? D/BluetoothAdapterProperties﹕ Setting state to 12
10-31 07:44:43.531    2106-2134/? I/BluetoothAdapterState﹕ Bluetooth adapter state changed: 11-> 12
10-31 07:44:43.531    2106-2134/? D/BluetoothAdapterService﹕ Broadcasting updateAdapterState() to 1 receivers.
10-31 07:44:43.531    1752-1777/? D/BluetoothManagerService﹕ Message: 60
10-31 07:44:43.531    1752-1777/? D/BluetoothManagerService﹕ MESSAGE_BLUETOOTH_STATE_CHANGE: prevState = 11, newState=12
10-31 07:44:43.531    1752-1777/? D/BluetoothManagerService﹕ Broadcasting onBluetoothStateChange(true) to 3 receivers.
10-31 07:44:43.531    1752-1777/? D/BluetoothPan﹕ onBluetoothStateChange(on) call bindService
10-31 07:44:43.531    1752-1929/? I/ActivityManager﹕ Delay finish: com.android.providers.downloads/.DownloadReceiver
10-31 07:44:43.541    2106-2134/? I/BluetoothAdapterState﹕ Entering On State
10-31 07:44:43.541    2106-2134/? D/BluetoothAdapterService(-1379202680)﹕ Get Bonded Devices being called
10-31 07:44:43.541    2106-2134/? D/BluetoothAdapterProperties﹕ getBondedDevices: length=1
10-31 07:44:43.541    2106-2134/? D/BluetoothAdapterService(-1379202680)﹕ Get Bonded Devices being called
10-31 07:44:43.541    2106-2134/? D/BluetoothAdapterProperties﹕ getBondedDevices: length=1
10-31 07:44:43.541    1752-1777/? D/BluetoothA2dp﹕ onBluetoothStateChange: up=true
10-31 07:44:43.541    1752-1777/? D/BluetoothHeadset﹕ onBluetoothStateChange: up=true
10-31 07:44:43.541    1752-1777/? E/BluetoothHeadset﹕ Could not bind to Bluetooth Headset Service with Intent { act=android.bluetooth.IBluetoothHeadset }
10-31 07:44:43.541    1752-1777/? W/ContextImpl﹕ Calling a method in the system process without a qualified user: android.app.ContextImpl.bindService:1560 android.bluetooth.BluetoothPan.doBind:149 android.bluetooth.BluetoothPan$1.onBluetoothStateChange:192 com.android.server.BluetoothManagerService.sendBluetoothStateCallback:484 com.android.server.BluetoothManagerService.bluetoothStateChangeHandler:1129
10-31 07:44:43.551    2106-2136/? D/BluetoothPanServiceJni﹕ control_state_callback(L61): state:0, local_role:3, ifname:bt-pan
10-31 07:44:43.551    2106-2136/? I/BluetoothAdapterProperties﹕ adapterPropertyChangedCallback with type:7 len:4
10-31 07:44:43.561    2106-2136/? D/BluetoothAdapterProperties﹕ Scan Mode:23
10-31 07:44:43.561    2106-2136/? I/BluetoothAdapterProperties﹕ adapterPropertyChangedCallback with type:9 len:4
10-31 07:44:43.561    2106-2136/? D/BluetoothAdapterProperties﹕ Discoverable Timeout:0
10-31 07:44:43.571    1752-1752/? D/BluetoothManagerService﹕ BluetoothServiceConnection: com.android.bluetooth.gatt.GattService
10-31 07:44:43.571    1752-1777/? D/BluetoothManagerService﹕ Bluetooth State Change Intent: 11 -> 12
10-31 07:44:43.581    1752-1777/? D/BluetoothManagerService﹕ Message: 40
10-31 07:44:43.581    1752-1777/? D/BluetoothManagerService﹕ MESSAGE_BLUETOOTH_SERVICE_CONNECTED: 2
10-31 07:44:43.641    1752-1927/? D/BluetoothManagerService﹕ checkIfCallerIsForegroundUser: valid=true callingUser=0 foregroundUser=0
10-31 07:44:43.641    1900-2174/? W/BluetoothAdapter﹕ getBluetoothService() called with no BluetoothManagerCallback
10-31 07:44:43.651    2106-2125/? E/BluetoothServiceJni﹕ SOCK FLAG = 3 ***********************
10-31 07:44:43.651    1900-2174/? I/WearableConn﹕ Accepting connections
10-31 07:44:43.681    2106-2136/? I/BluetoothAdapterProperties﹕ adapterPropertyChangedCallback with type:9 len:4
10-31 07:44:43.681    2106-2136/? D/BluetoothAdapterProperties﹕ Discoverable Timeout:0
10-31 07:44:43.681    2106-2136/? I/BluetoothAdapterProperties﹕ adapterPropertyChangedCallback with type:7 len:4
10-31 07:44:43.681    2106-2136/? D/BluetoothAdapterProperties﹕ Scan Mode:21
10-31 07:44:43.691    1900-2174/? D/WearableBluetooth﹕ set scan mode to 21 (enabled)
10-31 07:44:43.801    1752-2144/? I/BootReceiver﹕ Copying /sys/fs/pstore/console-ramoops to DropBox (SYSTEM_LAST_KMSG)
10-31 07:44:43.861    1752-2144/? D/dalvikvm﹕ GC_FOR_ALLOC freed 291K, 13% free 4474K/5108K, paused 60ms, total 60ms
10-31 07:44:43.951    1752-2144/? D/dalvikvm﹕ GC_FOR_ALLOC freed 30K, 13% free 4600K/5240K, paused 62ms, total 63ms
10-31 07:44:44.001    1752-2144/? D/dalvikvm﹕ GC_FOR_ALLOC freed 129K, 15% free 4665K/5436K, paused 44ms, total 44ms
10-31 07:44:44.031    1752-1763/? I/ActivityManager﹕ Delaying start of: ServiceRecord{adefece8 u0 com.android.providers.calendar/.EmptyService}
10-31 07:44:44.092    1752-2144/? I/BootReceiver﹕ Copying audit failures to DropBox
10-31 07:44:44.172    1752-2144/? D/dalvikvm﹕ GC_FOR_ALLOC freed 558K, 21% free 4420K/5568K, paused 66ms, total 67ms
10-31 07:44:44.202    1752-2144/? I/BootReceiver﹕ Copied 0 worth of audits to DropBox
10-31 07:44:44.222    1752-2144/? I/BootReceiver﹕ Checking for fsck errors
10-31 07:44:45.032    2145-2145/? I/CalendarProvider2﹕ Sending notification intent: Intent { act=android.intent.action.PROVIDER_CHANGED dat=content://com.android.calendar }
10-31 07:44:45.032    2145-2145/? W/ContentResolver﹕ Failed to get type for: content://com.android.calendar (Unknown URL content://com.android.calendar)
10-31 07:44:45.032    1752-1927/? I/ActivityManager﹕ Resuming delayed broadcast
10-31 07:44:45.103    1752-1803/? I/ActivityManager﹕ Delay finish: com.android.providers.media/.MediaScannerReceiver
10-31 07:44:45.443    1808-1815/? D/dalvikvm﹕ GC_CONCURRENT freed 181K, 16% free 2031K/2412K, paused 15ms+3ms, total 39ms
10-31 07:44:45.443    1808-2180/? W/MediaProfiles﹕ could not find media config xml file
10-31 07:44:45.943    1808-2180/? V/MediaScanner﹕ pruneDeadThumbnailFiles... android.database.sqlite.SQLiteCursor@adcafe28
10-31 07:44:45.953    1808-2180/? V/MediaScanner﹕ /pruneDeadThumbnailFiles... android.database.sqlite.SQLiteCursor@adcafe28
10-31 07:44:45.993    1752-1929/? I/ActivityManager﹕ Resuming delayed broadcast
10-31 07:44:46.013    1997-1997/? W/System.err﹕ java.io.FileNotFoundException: /customize/personalization.json: open failed: ENOENT (No such file or directory)
10-31 07:44:46.023    1997-1997/? W/System.err﹕ at libcore.io.IoBridge.open(IoBridge.java:407)
10-31 07:44:46.023    1997-1997/? W/System.err﹕ at java.io.FileInputStream.<init>(FileInputStream.java:78)
10-31 07:44:46.023    1997-1997/? W/System.err﹕ at java.io.FileReader.<init>(FileReader.java:42)
10-31 07:44:46.023    1997-1997/? W/System.err﹕ at com.motorola.loop.utils.CustomizationParser.parseConfigJSON(CustomizationParser.java:39)
10-31 07:44:46.023    1997-1997/? W/System.err﹕ at com.motorola.loop.BootCompleteReceiver.onReceive(BootCompleteReceiver.java:21)
10-31 07:44:46.023    1997-1997/? W/System.err﹕ at android.app.ActivityThread.handleReceiver(ActivityThread.java:2432)
10-31 07:44:46.023    1997-1997/? W/System.err﹕ at android.app.ActivityThread.access$1700(ActivityThread.java:138)
10-31 07:44:46.023    1997-1997/? W/System.err﹕ at android.app.ActivityThread$H.handleMessage(ActivityThread.java:1285)
10-31 07:44:46.023    1997-1997/? W/System.err﹕ at android.os.Handler.dispatchMessage(Handler.java:102)
10-31 07:44:46.023    1997-1997/? W/System.err﹕ at android.os.Looper.loop(Looper.java:136)
10-31 07:44:46.023    1997-1997/? W/System.err﹕ at android.app.ActivityThread.main(ActivityThread.java:5026)
10-31 07:44:46.023    1997-1997/? W/System.err﹕ at java.lang.reflect.Method.invokeNative(Native Method)
10-31 07:44:46.023    1997-1997/? W/System.err﹕ at java.lang.reflect.Method.invoke(Method.java:515)
10-31 07:44:46.023    1997-1997/? W/System.err﹕ at com.android.internal.os.ZygoteInit$MethodAndArgsCaller.run(ZygoteInit.java:777)
10-31 07:44:46.023    1997-1997/? W/System.err﹕ at com.android.internal.os.ZygoteInit.main(ZygoteInit.java:602)
10-31 07:44:46.023    1997-1997/? W/System.err﹕ at dalvik.system.NativeStart.main(Native Method)
10-31 07:44:46.023    1997-1997/? W/System.err﹕ Caused by: libcore.io.ErrnoException: open failed: ENOENT (No such file or directory)
10-31 07:44:46.033    1997-1997/? W/System.err﹕ at libcore.io.Posix.open(Native Method)
10-31 07:44:46.033    1997-1997/? W/System.err﹕ at libcore.io.BlockGuardOs.open(BlockGuardOs.java:166)
10-31 07:44:46.033    1997-1997/? W/System.err﹕ at libcore.io.IoBridge.open(IoBridge.java:393)
10-31 07:44:46.033    1997-1997/? W/System.err﹕ ... 15 more
10-31 07:44:46.033    1997-1997/? W/System.err﹕ org.json.JSONException: End of input at character 0 of
10-31 07:44:46.033    1997-1997/? W/System.err﹕ at org.json.JSONTokener.syntaxError(JSONTokener.java:450)
10-31 07:44:46.033    1997-1997/? W/System.err﹕ at org.json.JSONTokener.nextValue(JSONTokener.java:97)
10-31 07:44:46.033    1997-1997/? W/System.err﹕ at org.json.JSONObject.<init>(JSONObject.java:156)
10-31 07:44:46.033    1997-1997/? W/System.err﹕ at org.json.JSONObject.<init>(JSONObject.java:173)
10-31 07:44:46.043    1997-1997/? W/System.err﹕ at com.motorola.loop.utils.CustomizationParser.parseConfigJSON(CustomizationParser.java:52)
10-31 07:44:46.043    1997-1997/? W/System.err﹕ at com.motorola.loop.BootCompleteReceiver.onReceive(BootCompleteReceiver.java:21)
10-31 07:44:46.043    1997-1997/? W/System.err﹕ at android.app.ActivityThread.handleReceiver(ActivityThread.java:2432)
10-31 07:44:46.043    1997-1997/? W/System.err﹕ at android.app.ActivityThread.access$1700(ActivityThread.java:138)
10-31 07:44:46.043    1997-1997/? W/System.err﹕ at android.app.ActivityThread$H.handleMessage(ActivityThread.java:1285)
10-31 07:44:46.043    1997-1997/? W/System.err﹕ at android.os.Handler.dispatchMessage(Handler.java:102)
10-31 07:44:46.043    1997-1997/? W/System.err﹕ at android.os.Looper.loop(Looper.java:136)
10-31 07:44:46.043    1997-1997/? W/System.err﹕ at android.app.ActivityThread.main(ActivityThread.java:5026)
10-31 07:44:46.043    1997-1997/? W/System.err﹕ at java.lang.reflect.Method.invokeNative(Native Method)
10-31 07:44:46.043    1997-1997/? W/System.err﹕ at java.lang.reflect.Method.invoke(Method.java:515)
10-31 07:44:46.043    1997-1997/? W/System.err﹕ at com.android.internal.os.ZygoteInit$MethodAndArgsCaller.run(ZygoteInit.java:777)
10-31 07:44:46.043    1997-1997/? W/System.err﹕ at com.android.internal.os.ZygoteInit.main(ZygoteInit.java:602)
10-31 07:44:46.043    1997-1997/? W/System.err﹕ at dalvik.system.NativeStart.main(Native Method)
10-31 07:44:46.043    1752-1897/? I/ActivityManager﹕ Delay finish: com.motorola.targetnotif/com.motorola.loop.BootCompleteReceiver
10-31 07:44:46.063    1752-1803/? I/ActivityManager﹕ Resuming delayed broadcast
10-31 07:44:46.083    1752-1763/? I/ActivityManager﹕ Delay finish: com.motorola.targetnotif/com.motorola.omni.PowerupReceiver
10-31 07:44:46.204    1752-1803/? D/PermissionCache﹕ checking android.permission.BODY_SENSORS for uid=10012 => granted (1403 us)
10-31 07:44:46.224    1752-1929/? D/SensorHAL﹕ adjustSensorHandle: handle = 9 adjustedHandle = 1
10-31 07:44:46.224    1752-1929/? D/SensorHAL﹕ adjustSensorHandle: handle = 9 adjustedHandle = 1
10-31 07:44:46.284    1752-1763/? D/SensorHAL﹕ adjustSensorHandle: handle = 9 adjustedHandle = 1
10-31 07:44:46.334    2106-2154/? W/bt-btif﹕ info:x10
10-31 07:44:46.334    2106-2136/? D/﹕ remote version info [bc:f5:ac:4c:56:a1]: 6, f, 6109
10-31 07:44:46.374    1752-1777/? D/BluetoothManagerService﹕ Message: 20
10-31 07:44:46.374    1752-1777/? D/BluetoothManagerService﹕ Added callback: android.bluetooth.IBluetoothManagerCallback$Stub$Proxy@adea6540:true
10-31 07:44:46.394    1997-2000/? D/dalvikvm﹕ GC_CONCURRENT freed 297K, 19% free 2138K/2636K, paused 1ms+3ms, total 41ms
10-31 07:44:46.534    2106-2154/? W/bt-btif﹕ new conn_srvc id:26, app_id:255
10-31 07:44:46.534    2106-2154/? W/bt-btif﹕ bta_dm_pm_ssr conn_srvc id:26, app_id:255
10-31 07:44:46.534    2106-2154/? W/bt-btif﹕ bta_dm_pm_ssr:2, lat:1200
10-31 07:44:46.554    2106-2154/? E/bt-btif﹕ bta_jv_rfcomm_stop_server
10-31 07:44:46.554    2106-2136/? I/BluetoothAdapterProperties﹕ adapterPropertyChangedCallback with type:9 len:4
10-31 07:44:46.554    1900-2174/? D/WearableBluetooth﹕ set scan mode to 20 (disabled)
10-31 07:44:46.554    1900-2174/? I/WearableConn﹕ Connected, running sync loop
10-31 07:44:46.554    2106-2136/? D/BluetoothAdapterProperties﹕ Discoverable Timeout:0
10-31 07:44:46.554    2106-2136/? I/BluetoothAdapterProperties﹕ adapterPropertyChangedCallback with type:7 len:4
10-31 07:44:46.564    2106-2136/? D/BluetoothAdapterProperties﹕ Scan Mode:20
10-31 07:44:46.664    1900-2174/? D/wearable﹕ Peer handshake connect succeeded, peer version: 1
10-31 07:44:46.784    1900-1904/? D/dalvikvm﹕ GC_CONCURRENT freed 350K, 19% free 2354K/2904K, paused 9ms+2ms, total 37ms
10-31 07:44:46.994    1752-1927/? I/ActivityManager﹕ Start proc com.google.android.apps.wearable.bugreportsender for service com.google.android.apps.wearable.bugreportsender/com.google.android.clockwork.bugreportsender.ClockworkListenerService: pid=2189 uid=10002 gids={50002}
10-31 07:44:47.084    1997-1997/? D/WearableClient﹕ WearableClientImpl.onPostInitHandler: done
10-31 07:44:47.145    1752-1927/? I/ActivityManager﹕ Start proc com.google.android.apps.fitness for service com.google.android.apps.fitness/com.google.android.wearable.fitness.WearableWatcher: pid=2203 uid=10014 gids={50014}
10-31 07:44:47.265    1752-1929/? I/ActivityManager﹕ Start proc com.google.android.apps.maps for service com.google.android.apps.maps/com.google.android.apps.gmmwearable.MapsListenerService: pid=2216 uid=10020 gids={50020}
10-31 07:44:47.315    1752-1763/? I/ActivityManager﹕ Start proc me.lyft.android for service me.lyft.android/.services.PhoneListenerService: pid=2221 uid=10021 gids={50021}
10-31 07:44:47.375    1752-1762/? I/ActivityManager﹕ Start proc com.google.android.keep for service com.google.android.keep/.microapp.KeepResponseListenerService: pid=2232 uid=10018 gids={50018}
10-31 07:44:47.445    1752-1763/? I/ActivityManager﹕ Start proc com.google.android.GoogleCamera for service com.google.android.GoogleCamera/.CameraListenerService: pid=2246 uid=10019 gids={50019}
10-31 07:44:47.455    1418-1418/? D/dalvikvm﹕ GC_EXPLICIT freed 43K, 12% free 1832K/2076K, paused 1ms+1ms, total 23ms
10-31 07:44:47.475    1418-1418/? D/dalvikvm﹕ GC_EXPLICIT freed <1K, 12% free 1832K/2076K, paused 0ms+1ms, total 26ms
10-31 07:44:47.505    1418-1418/? D/dalvikvm﹕ GC_EXPLICIT freed <1K, 12% free 1832K/2076K, paused 1ms+1ms, total 26ms
10-31 07:44:47.735    2203-2203/? W/dalvikvm﹕ Unable to resolve superclass of Lae; (268)
10-31 07:44:47.735    2203-2203/? W/dalvikvm﹕ Link of class 'Lae;' failed
10-31 07:44:47.745    2203-2203/? E/dalvikvm﹕ Could not find class 'ae', referenced from method b.a
10-31 07:44:47.745    2203-2203/? W/dalvikvm﹕ VFY: unable to resolve new-instance 113 (Lae;) in Lb;
10-31 07:44:47.745    2203-2203/? D/dalvikvm﹕ VFY: replacing opcode 0x22 at 0x0006
10-31 07:44:47.745    2203-2203/? W/dalvikvm﹕ Unable to resolve superclass of Lag; (268)
10-31 07:44:47.745    2203-2203/? W/dalvikvm﹕ Link of class 'Lag;' failed
10-31 07:44:47.745    2203-2203/? E/dalvikvm﹕ Could not find class 'ag', referenced from method b.a
10-31 07:44:47.745    2203-2203/? W/dalvikvm﹕ VFY: unable to resolve new-instance 115 (Lag;) in Lb;
10-31 07:44:47.745    2203-2203/? D/dalvikvm﹕ VFY: replacing opcode 0x22 at 0x002a
10-31 07:44:47.805    2203-2203/? I/dalvikvm﹕ Could not find method android.view.ViewGroup.isTransitionGroup, referenced from method b.a
10-31 07:44:47.805    2203-2203/? W/dalvikvm﹕ VFY: unable to resolve virtual method 1834: Landroid/view/ViewGroup;.isTransitionGroup ()Z
10-31 07:44:47.805    2203-2203/? D/dalvikvm﹕ VFY: replacing opcode 0x6e at 0x000c
10-31 07:44:47.845    1752-1763/? I/ActivityManager﹕ Start proc com.trello for service com.trello/.wearable.TWearDataListenerService: pid=2270 uid=10017 gids={50017}
10-31 07:44:47.865    2203-2203/? I/dalvikvm﹕ Could not find method android.view.View.getTransitionName, referenced from method b.a
10-31 07:44:47.865    2203-2203/? W/dalvikvm﹕ VFY: unable to resolve virtual method 1754: Landroid/view/View;.getTransitionName ()Ljava/lang/String;
10-31 07:44:47.865    2203-2203/? D/dalvikvm﹕ VFY: replacing opcode 0x6e at 0x0006
10-31 07:44:47.965    2203-2203/? W/dalvikvm﹕ Unable to resolve superclass of Lae; (268)
10-31 07:44:47.965    2203-2203/? W/dalvikvm﹕ Link of class 'Lae;' failed
10-31 07:44:47.965    2203-2203/? D/dalvikvm﹕ DexOpt: unable to opt direct call 0x02c2 at 0x08 in Lb;.a
10-31 07:44:47.965    2203-2203/? W/dalvikvm﹕ Unable to resolve superclass of Lag; (268)
10-31 07:44:47.965    2203-2203/? W/dalvikvm﹕ Link of class 'Lag;' failed
10-31 07:44:47.965    2203-2203/? D/dalvikvm﹕ DexOpt: unable to opt direct call 0x02c6 at 0x2c in Lb;.a
10-31 07:44:47.965    2203-2203/? I/FitnessWearable﹕ Fitness Application Started
10-31 07:44:48.256    1900-2188/? W/wearable﹕ took 1476 ms to process the read
10-31 07:44:48.256    1900-2188/? V/wearable﹕ ensureBuffersHaveSpace: increasing size from 47 to 262
10-31 07:44:48.256    1900-2188/? V/wearable﹕ ensureBuffersHaveSpace: increasing size from 262 to 1716
10-31 07:44:48.306    1900-1904/? D/dalvikvm﹕ GC_CONCURRENT freed 468K, 22% free 2367K/3020K, paused 253ms+411ms, total 783ms
10-31 07:44:48.306    2010-2010/? D/WearableClient﹕ WearableClientImpl.onPostInitHandler: done
10-31 07:44:48.336    1752-1803/? I/ActivityManager﹕ Start proc com.npi.wearbatterystats for service com.npi.wearbatterystats/.service.WearableMessageListenerServiceWear: pid=2291 uid=10039 gids={50039}
10-31 07:44:48.346    1900-2187/? V/wearable﹕ ensureBuffersHaveSpace: increasing size from 47 to 286
10-31 07:44:48.346    2010-2010/? D/WearableClient﹕ WearableClientImpl.onPostInitHandler: done
10-31 07:44:48.376    1752-1762/? I/ActivityManager﹕ Start proc com.google.android.maps.mytracks for service com.google.android.maps.mytracks/com.google.android.apps.mytracks.services.WearListenerService: pid=2297 uid=10029 gids={50029}
10-31 07:44:48.396    1871-2029/? D/ClockworkProxy﹕ onPeerConnected
10-31 07:44:48.396    1752-1797/? D/ConnectivityService﹕ ConnectivityChange for PROXY: CONNECTED/CONNECTED
10-31 07:44:48.406    1871-1957/? D/ClockworkProxy﹕ Tearing down native proxy service...
10-31 07:44:48.406    1871-1957/? D/SocketHack﹕ Expected implementation of Socket, SockImpl and FileDescriptor
10-31 07:44:48.406    1871-1957/? D/ClockworkProxy﹕ Looking for sys uids
10-31 07:44:48.516    2045-2071/? V/WearReceiverService﹕ phone is connected!, e12e6647-0917-4594-a0b8-f42d78390f6d
10-31 07:44:48.516    2045-2071/? V/WearReceiverService﹕ pinging phone for data
10-31 07:44:48.516    1969-2213/? D/LocationWearablesListenerService﹕ onPeerConnected
10-31 07:44:48.536    2232-2232/? D/WearableClient﹕ WearableClientImpl.onPostInitHandler: done
10-31 07:44:48.556    1752-1797/? E/ConnectivityService﹕ Unexpected mtu value: android.net.ProxyDataTracker@addf7e28
10-31 07:44:48.586    1969-2213/? D/WearableClient﹕ WearableClientImpl.onPostInitHandler: done
10-31 07:44:48.646    1871-1957/? D/ClockworkProxy﹕ sys uids len: 21
10-31 07:44:48.666    2010-2010/? D/WearableClient﹕ WearableClientImpl.onPostInitHandler: done
10-31 07:44:48.706    1752-1797/? D/Nat464Xlat﹕ requiresClat: netType=16, hasIPv4Address=false
10-31 07:44:48.736    1424-1424/? D/PermissionCache﹕ checking android.permission.ACCESS_NETWORK_CONDITIONS for uid=10003 => granted (20416 us)
10-31 07:44:48.796    2232-2236/? D/dalvikvm﹕ GC_CONCURRENT freed 212K, 18% free 2014K/2428K, paused 17ms+1ms, total 276ms
10-31 07:44:48.886    2221-2223/? D/dalvikvm﹕ GC_CONCURRENT freed 233K, 18% free 2005K/2420K, paused 2ms+0ms, total 72ms
10-31 07:44:48.966    1752-1797/? D/ConnectivityService﹕ ConnectivityChange for PROXY: CONNECTED/CONNECTED
10-31 07:44:49.106    1871-1871/? I/Clockwork.Settings﹕ data item timezone: America/Chicago
10-31 07:44:49.106    1871-1871/? D/Clockwork.Settings﹕ got new locale en_US
10-31 07:44:49.136    1752-1754/? D/dalvikvm﹕ GC_CONCURRENT freed 597K, 16% free 4473K/5272K, paused 3ms+77ms, total 697ms
10-31 07:44:49.136    1752-1793/? D/dalvikvm﹕ WAIT_FOR_CONCURRENT_GC blocked 112ms
10-31 07:44:49.136    1752-1791/? D/dalvikvm﹕ WAIT_FOR_CONCURRENT_GC blocked 111ms
10-31 07:44:49.136    1752-1927/? D/dalvikvm﹕ WAIT_FOR_CONCURRENT_GC blocked 110ms
10-31 07:44:49.136    1752-1803/? D/dalvikvm﹕ WAIT_FOR_CONCURRENT_GC blocked 43ms
10-31 07:44:49.136    1752-1762/? D/dalvikvm﹕ WAIT_FOR_CONCURRENT_GC blocked 43ms
10-31 07:44:49.136    1752-1797/? D/dalvikvm﹕ WAIT_FOR_CONCURRENT_GC blocked 44ms
10-31 07:44:49.136    1752-1897/? D/dalvikvm﹕ WAIT_FOR_CONCURRENT_GC blocked 43ms
10-31 07:44:49.146    1752-1763/? D/dalvikvm﹕ WAIT_FOR_CONCURRENT_GC blocked 45ms
10-31 07:44:49.166    1871-1871/? I/Clockwork.Settings﹕ sending time sync request - elapsedRealTime: 51597
10-31 07:44:49.207    1752-1797/? E/ConnectivityService﹕ Unexpected mtu value: android.net.ProxyDataTracker@addf7e28
10-31 07:44:49.257    2045-2308/? V/WearReceiverService﹕ Sending to node: e12e6647-0917-4594-a0b8-f42d78390f6d
10-31 07:44:49.277    1752-1797/? D/ConnectivityService﹕ handleConnectivityChange: address are the same reset per doReset linkProperty[16]: resetMask=0
10-31 07:44:49.277    1752-1797/? D/Nat464Xlat﹕ requiresClat: netType=16, hasIPv4Address=false
10-31 07:44:49.407    2045-2308/? V/WearReceiverService﹕ ping delivered!
10-31 07:44:49.487    2203-2205/? D/dalvikvm﹕ GC_CONCURRENT freed 237K, 18% free 2034K/2476K, paused 254ms+383ms, total 833ms
10-31 07:44:49.487    1969-1972/? D/dalvikvm﹕ GC_CONCURRENT freed 304K, 19% free 2279K/2788K, paused 2ms+132ms, total 244ms
10-31 07:44:49.687    2216-2218/? D/dalvikvm﹕ GC_CONCURRENT freed 220K, 18% free 2025K/2448K, paused 3ms+47ms, total 156ms
10-31 07:44:49.767    2221-2278/? D/PhoneListenerService﹕ onPeerConnected
10-31 07:44:49.787    2270-2273/? D/dalvikvm﹕ GC_CONCURRENT freed 200K, 17% free 2049K/2452K, paused 2ms+75ms, total 115ms
10-31 07:44:49.857    1900-2188/? V/wearable﹕ ensureBuffersHaveSpace: increasing size from 1716 to 2021
10-31 07:44:50.197    2203-2285/? I/FitnessWearable﹕ Watch connected
10-31 07:44:50.278    2203-2285/? I/FitnessWearable﹕ DataItem : wear://e12e6647-0917-4594-a0b8-f42d78390f6d/wearable_sync_store
10-31 07:44:51.068    1424-1424/? I/clockwork_proxy_native﹕ Starting UDP server at port 8282
10-31 07:44:51.068    1424-1424/? I/clockwork_proxy_native﹕ UDP server started
10-31 07:44:51.068    1871-1957/? D/ClockworkProxy﹕ Native proxy service setup completed.
10-31 07:44:51.068    1871-1957/? D/ClockworkProxy﹕ Start clockwork proxy TCP serving thread
10-31 07:44:51.128    2045-2049/? D/dalvikvm﹕ GC_CONCURRENT freed 320K, 20% free 2222K/2744K, paused 2ms+17ms, total 91ms
10-31 07:44:51.409    1871-1957/? D/ClockworkProxy﹕ Start UDP relaying thread
10-31 07:44:51.419    1871-2425/? D/ClockworkProxyUdp﹕ Udp relaying thread started
10-31 07:44:51.439    1900-1904/? D/dalvikvm﹕ GC_CONCURRENT freed 306K, 19% free 2457K/3020K, paused 3ms+11ms, total 90ms
10-31 07:44:51.659    2203-2285/? I/FitnessWearable﹕ Refreshing Platform Data
10-31 07:44:51.709    1900-1904/? D/dalvikvm﹕ GC_CONCURRENT freed 278K, 16% free 2590K/3072K, paused 3ms+6ms, total 53ms
10-31 07:44:51.979    1752-1777/? D/Tethering﹕ MasterInitialState.processMessage what=3
10-31 07:44:51.979    1752-1862/? D/CaptivePortalTracker﹕ NoActiveNetworkState{ when=-1ms what=1 obj=NetworkInfo: type: PROXY[], state: CONNECTED/CONNECTED, reason: enabled, extra: (none), roaming: false, failover: false, isAvailable: true, isConnectedToProvisioningNetwork: false target=com.android.internal.util.StateMachine$SmHandler }
10-31 07:44:51.979    1752-1862/? D/CaptivePortalTracker﹕ NoActiveNetworkState not a wifi connectivity change, ignore
10-31 07:44:52.019    1969-2104/? I/Fitness﹕ Account supported from cache: true
10-31 07:44:52.109    1752-1771/? E/ActivityThread﹕ Failed to find provider info for telephony
10-31 07:44:52.310    1752-1777/? D/Tethering﹕ MasterInitialState.processMessage what=3
10-31 07:44:52.310    1752-1862/? D/CaptivePortalTracker﹕ NoActiveNetworkState{ when=-1ms what=1 obj=NetworkInfo: type: PROXY[], state: CONNECTED/CONNECTED, reason: enabled, extra: (none), roaming: false, failover: false, isAvailable: true, isConnectedToProvisioningNetwork: false target=com.android.internal.util.StateMachine$SmHandler }
10-31 07:44:52.310    1752-1862/? D/CaptivePortalTracker﹕ NoActiveNetworkState not a wifi connectivity change, ignore
10-31 07:44:52.350    2106-2135/? D/btif_config_util﹕ btif_config_save_file(L153): in file name:/data/misc/bluedroid/bt_config.new
10-31 07:44:52.380    1752-1777/? D/BluetoothManagerService﹕ Message: 20
10-31 07:44:52.380    1752-1777/? D/BluetoothManagerService﹕ Added callback: android.bluetooth.IBluetoothManagerCallback$Stub$Proxy@adfb1f40:true
10-31 07:44:52.460    2106-2154/? W/bt-btif﹕ dm_pm_timer expires
10-31 07:44:52.460    2106-2154/? W/bt-btif﹕ dm_pm_timer expires 0
10-31 07:44:52.460    2106-2154/? W/bt-btif﹕ proc dm_pm_timer expires
10-31 07:44:52.540    1969-1972/? D/dalvikvm﹕ GC_CONCURRENT freed 269K, 16% free 2438K/2900K, paused 5ms+2ms, total 128ms
10-31 07:44:53.020    1752-1771/? E/ActivityThread﹕ Failed to find provider info for telephony
10-31 07:44:53.381    1969-1972/? D/dalvikvm﹕ GC_CONCURRENT freed 153K, 12% free 2758K/3112K, paused 5ms+32ms, total 76ms
10-31 07:44:53.481    1969-2104/? I/Fitness﹕ schedule to sync accounts: [dwallach@gmail.com]
10-31 07:44:53.551    1914-1934/? D/dalvikvm﹕ GC_EXPLICIT freed 330K, 20% free 2196K/2724K, paused 1ms+2ms, total 42ms
10-31 07:44:53.841    2203-2285/? I/FitnessWearable﹕ Completed query in 199 milliseconds
10-31 07:44:53.911    2203-2203/? I/FitnessWearable﹕ Starting PlatformManager : dwallach@gmail.com
10-31 07:44:53.951    2203-2205/? D/dalvikvm﹕ GC_CONCURRENT freed 201K, 16% free 2221K/2624K, paused 1ms+1ms, total 31ms
10-31 07:44:53.951    2203-2211/? E/DataBuffer﹕ Internal data leak within a DataBuffer object detected!  Be sure to explicitly call release() on all DataBuffer extending objects when you are done with them. (rt@adcdbbe0)
10-31 07:44:53.991    1969-2104/? I/Fitness﹕ Account supported from cache: true
10-31 07:44:53.991    1969-2104/? I/Fitness﹕ schedule to sync accounts: [dwallach@gmail.com]
10-31 07:44:54.011    2203-2203/? I/FitnessWearable﹕ Subscribing to Platform Data
10-31 07:44:54.061    2203-2434/? I/FitnessWearable﹕ Refreshing Platform Data
10-31 07:44:54.091    1969-2104/? I/Fitness﹕ Already subscribed.  Subscribe request is a no-op
10-31 07:44:54.101    2203-2203/? I/FitnessWearable﹕ Starting to listen for real time step count delta
10-31 07:44:54.241    1969-2104/? I/Fitness﹕ Initial registration for DataType{com.google.step_count.delta[steps(i)]}
10-31 07:44:54.261    1969-2104/? I/Fitness﹕ Initial registration for DataType{com.google.step_count.cumulative[steps(i)]}
10-31 07:44:54.372    1969-2104/? I/Fitness﹕ Account supported from cache: true
10-31 07:44:54.372    1969-2104/? I/Fitness﹕ schedule to sync accounts: [dwallach@gmail.com]
10-31 07:44:54.412    2203-2434/? I/FitnessWearable﹕ Completed query in 29 milliseconds
10-31 07:44:54.732    1900-2187/? V/wearable﹕ ensureBuffersHaveSpace: increasing size from 286 to 348
10-31 07:44:54.842    1969-1972/? D/dalvikvm﹕ GC_CONCURRENT freed 577K, 24% free 2578K/3352K, paused 15ms+16ms, total 90ms
10-31 07:44:54.942    1969-2104/? I/Fitness﹕ Initial registration for DataType{com.google.step_count.cumulative[steps(i)]}
10-31 07:44:54.952    1969-2104/? I/Fitness﹕ Successfully added recording listener for c{appPackageName=com.google.android.apps.fitness, subscription=Subscription{dataSource=DataSource{raw:Device{Motorola:Moto 360:ea03edcb0052c197::3:2}:Step Counter Sensor:DataType{com.google.step_count.cumulative[steps(i)]}}, dataType=DataType{com.google.step_count.cumulative[steps(i)]}, samplingIntervalMicros=-1, accuracyMode=2}}
10-31 07:44:56.223    1900-2188/? I/DataItems﹕ maybePerformGC: complete, took 5577 ms, removed 1 of 39 files, 1 of 39 asset records
10-31 07:44:56.323    1900-2188/? W/wearable﹕ took 5931 ms to process the read
10-31 07:44:56.394    1871-1907/? D/dalvikvm﹕ GC_FOR_ALLOC freed 316K, 26% free 4085K/5464K, paused 50ms, total 67ms
10-31 07:44:56.414    1871-1907/? I/dalvikvm-heap﹕ Grow heap (frag case) to 5.155MB for 1024016-byte allocation
10-31 07:44:56.474    1871-1883/? D/dalvikvm﹕ GC_FOR_ALLOC freed 59K, 23% free 5025K/6468K, paused 61ms, total 61ms
10-31 07:44:56.484    1871-2029/? I/Clockwork.Settings﹕ Companion requested the watch start a time sync.
10-31 07:44:56.484    1871-2029/? I/Clockwork.Settings﹕ sending time sync request - elapsedRealTime: 58901
10-31 07:44:56.504    1871-2029/? I/Clockwork.Settings﹕ Companion requested the watch start a time sync.
10-31 07:44:56.504    1871-2029/? I/Clockwork.Settings﹕ sending time sync request - elapsedRealTime: 58922
10-31 07:44:56.584    1871-1875/? D/dalvikvm﹕ GC_CONCURRENT freed 8K, 23% free 5026K/6468K, paused 12ms+2ms, total 106ms
10-31 07:44:56.634    2221-2221/? D/PhoneListenerService﹕ onDestroy
10-31 07:44:56.664    2010-2010/? D/SyncService﹕ Service destroyed
10-31 07:44:56.744    1871-2029/? W/Clockwork.Settings﹕ time sync latency 7538 greater than max 2000
10-31 07:44:56.744    1871-2029/? I/Clockwork.Settings﹕ scheduling time sync for 32000 ms from now
10-31 07:44:56.744    1871-2029/? I/Clockwork.Settings﹕ time sync timezone: America/Chicago
10-31 07:44:56.764    1981-2436/? I/Clockwork.TimeService﹕ set timezone to America/Chicago
10-31 07:44:56.764    1752-1929/? D/AlarmManagerService﹕ Kernel timezone updated to 300 minutes west of GMT
10-31 07:44:56.834    2045-2071/? V/WearReceiverService﹕ message received!
10-31 07:44:56.834    1900-2187/? V/wearable﹕ ensureBuffersHaveSpace: increasing size from 348 to 13517
10-31 07:44:56.864    2045-2071/? V/ClockFace﹕ clearing caches
10-31 07:44:56.864    2045-2071/? V/ClockState﹕ clipping 7 raw events to fit the screen
10-31 07:44:57.024    1900-1904/? D/dalvikvm﹕ GC_CONCURRENT freed 630K, 27% free 2361K/3208K, paused 3ms+10ms, total 69ms
10-31 07:44:57.184    2045-2049/? D/dalvikvm﹕ GC_CONCURRENT freed 430K, 22% free 2214K/2836K, paused 3ms+11ms, total 83ms
10-31 07:44:57.334    1900-2187/? D/dalvikvm﹕ GC_FOR_ALLOC freed 132K, 27% free 2341K/3208K, paused 45ms, total 45ms
10-31 07:44:57.385    2045-2071/? V/EventLayoutUniform﹕ Event layout success.
10-31 07:44:57.385    2045-2071/? V/EventLayoutUniform﹕ Event layout time: 532.13501 ms
10-31 07:44:57.385    2045-2071/? V/ClockState﹕ maxLevel for new events: 10000
10-31 07:44:57.385    2045-2071/? V/ClockState﹕ number of new events: 7
10-31 07:44:57.385    2045-2071/? V/MyViewAnim﹕ update from ClockState
10-31 07:44:57.385    2045-2071/? V/MyViewAnim﹕ draw thread desired: true
10-31 07:44:57.395    2045-2071/? V/ClockState﹕ new calendar event list, 7 entries
10-31 07:44:57.395    2045-2071/? V/ClockFace﹕ clearing caches
10-31 07:44:57.395    2045-2071/? V/MyViewAnim﹕ update from ClockState
10-31 07:44:57.395    2045-2071/? V/MyViewAnim﹕ draw thread desired: true
10-31 07:44:57.395    2045-2071/? V/ClockState﹕ event update complete
10-31 07:44:57.395    2045-2071/? V/WearReceiverService﹕ savePreferences
10-31 07:44:57.405    2045-2081/? V/ClockFace﹕ rendering new face, faceMode(0)
10-31 07:44:57.415    1871-1907/? D/dalvikvm﹕ GC_EXPLICIT freed 113K, 24% free 4922K/6468K, paused 2ms+67ms, total 495ms
10-31 07:44:57.455    2045-2049/? D/dalvikvm﹕ GC_CONCURRENT freed 501K, 26% free 2121K/2856K, paused 9ms+2ms, total 35ms
10-31 07:44:57.455    2045-2081/? V/ClockFace﹕ fetching new battery status (683)
10-31 07:44:57.455    2045-2081/? V/ClockFace﹕ battery at 0.95
10-31 07:44:57.635    1871-1967/? D/dalvikvm﹕ GC_FOR_ALLOC freed 9K, 24% free 4929K/6468K, paused 44ms, total 45ms
10-31 07:44:57.635    1871-1967/? I/dalvikvm-heap﹕ Grow heap (frag case) to 6.075MB for 1024016-byte allocation
10-31 07:44:57.675    1871-2437/? D/dalvikvm﹕ GC_FOR_ALLOC freed 1006K, 35% free 4922K/7472K, paused 32ms, total 32ms
10-31 07:44:57.675    1871-2029/? I/Clockwork.Settings﹕ time sync update time to 1414759498391, latency 1200 ms
10-31 07:44:57.695    1871-2029/? I/Clockwork.Settings﹕ time sync timezone: America/Chicago
10-31 07:44:57.705    1871-2029/? I/Clockwork.Settings﹕ time sync update time to 1414759498410, latency 1214 ms
10-31 07:44:57.705    1871-2029/? I/Clockwork.Settings﹕ time sync timezone: America/Chicago
10-31 07:44:57.725    1752-1897/? D/﹕ Setting time of day to sec=1414759498
10-31 07:44:58.449    1981-2438/? I/Clockwork.TimeService﹕ set timezone to America/Chicago
10-31 07:44:58.449    1752-1762/? D/AlarmManagerService﹕ Kernel timezone updated to 300 minutes west of GMT
10-31 07:44:58.449    1752-1929/? D/﹕ Setting time of day to sec=1414759498
10-31 07:44:58.452    1981-2438/? I/Clockwork.TimeService﹕ set timezone to America/Chicago
10-31 07:44:58.452    1752-1803/? D/AlarmManagerService﹕ Kernel timezone updated to 300 minutes west of GMT
10-31 07:44:58.552    1871-1875/? D/dalvikvm﹕ GC_CONCURRENT freed 23K, 35% free 4930K/7472K, paused 3ms+3ms, total 182ms
10-31 07:44:58.572    1900-2030/? D/dalvikvm﹕ GC_EXPLICIT freed 195K, 32% free 2210K/3208K, paused 37ms+2ms, total 128ms
10-31 07:44:58.962    1752-1820/? D/GpsLocationProvider﹕ NTP server returned: 1414759499848 (Fri Oct 31 07:44:59 CDT 2014) reference: 60691 certainty: 262 system time offset: 884
10-31 07:44:59.142    1871-1955/? I/Clockwork.Settings﹕ firing a scheduled time sync now
10-31 07:44:59.142    1871-1955/? I/Clockwork.Settings﹕ sending time sync request - elapsedRealTime: 60870
10-31 07:44:59.212    1871-2029/? I/Clockwork.Settings﹕ time sync update time to 1414759498738, latency 70 ms
10-31 07:44:59.222    1871-2029/? I/Clockwork.Settings﹕ time sync timezone: America/Chicago
10-31 07:44:58.766    1981-2442/? I/Clockwork.TimeService﹕ set timezone to America/Chicago
10-31 07:44:58.766    1752-1927/? D/AlarmManagerService﹕ Kernel timezone updated to 300 minutes west of GMT
10-31 07:44:59.222    1752-1763/? D/﹕ Setting time of day to sec=1414759498
10-31 07:45:00.717    2106-2154/? W/bt-btif﹕ dm_pm_timer expires
10-31 07:45:00.717    2106-2154/? W/bt-btif﹕ dm_pm_timer expires 0
10-31 07:45:00.717    2106-2154/? W/bt-btif﹕ proc dm_pm_timer expires
10-31 07:45:01.288    1752-1772/? I/ActivityManager﹕ Waited long enough for: ServiceRecord{ade47530 u0 com.motorola.targetnotif/com.motorola.omni.SensorListenerService}
10-31 07:45:01.288    1752-1772/? I/ActivityManager﹕ Resuming delayed broadcast
10-31 07:45:01.358    1885-1885/? I/SystemUpdateService﹕ receiver: Intent { act=android.intent.action.BOOT_COMPLETED flg=0x8000010 cmp=com.google.android.gms/.update.SystemUpdateService$Receiver (has extras) }
10-31 07:45:01.388    1885-1885/? D/SystemUpdateService﹕ onCreate
10-31 07:45:01.388    1752-1929/? I/ActivityManager﹕ Delay finish: com.google.android.gms/.update.SystemUpdateService$Receiver
10-31 07:45:01.438    1885-1885/? D/SystemUpdateService﹕ onStartCommand: intent: Intent { cmp=com.google.android.gms/.update.SystemUpdateService (has extras) }
10-31 07:45:01.448    1885-1885/? I/dalvikvm﹕ Could not find method android.app.Notification$Builder.setColor, referenced from method com.google.android.gms.update.j.a
10-31 07:45:01.448    1885-1885/? W/dalvikvm﹕ VFY: unable to resolve virtual method 175: Landroid/app/Notification$Builder;.setColor (I)Landroid/app/Notification$Builder;
10-31 07:45:01.448    1885-1885/? D/dalvikvm﹕ VFY: replacing opcode 0x6e at 0x00a9
10-31 07:45:01.498    1885-1887/? D/dalvikvm﹕ GC_CONCURRENT freed 343K, 22% free 2009K/2548K, paused 19ms+5ms, total 89ms
10-31 07:45:01.558    1885-2101/? I/CheckinService﹕ Done disabling old GoogleServicesFramework version
10-31 07:45:01.578    1885-2446/? I/SystemUpdateService﹕ cancelUpdate (empty URL)
10-31 07:45:01.578    1885-2446/? I/SystemUpdateService﹕ active receiver: disabled
10-31 07:45:01.658    1752-1927/? I/ActivityManager﹕ Resuming delayed broadcast
10-31 07:45:01.668    1885-1885/? D/SystemUpdateService﹕ onDestroy
10-31 07:45:01.668    1885-1885/? I/ConfigFetchService﹕ PackageReceiver: Intent { act=android.intent.action.BOOT_COMPLETED flg=0x8000010 cmp=com.google.android.gms/.config.ConfigFetchService$PackageReceiver (has extras) }
10-31 07:45:01.708    1752-1929/? I/ActivityManager﹕ Delay finish: com.google.android.gms/.config.ConfigFetchService$PackageReceiver
10-31 07:45:01.728    1914-1914/? I/ConfigService﹕ onCreate
10-31 07:45:01.758    1914-1914/? I/ConfigService﹕ onBind for Intent { act=com.google.android.gms.config.UPDATE pkg=com.google.android.gms } action com.google.android.gms.config.UPDATE
10-31 07:45:01.758    1885-1885/? I/ConfigFetchService﹕ onStartCommand Intent { act=android.intent.action.BOOT_COMPLETED cmp=com.google.android.gms/.config.ConfigFetchService (has extras) }
10-31 07:45:01.768    1885-1885/? I/ConfigFetchService﹕ launchTask
10-31 07:45:01.788    1914-1914/? I/ConfigService﹕ onBind returning update interface
10-31 07:45:01.798    1885-1885/? I/ConfigFetchService﹕ service connected
10-31 07:45:01.808    1914-1914/? I/ConfigService﹕ onBind for Intent { act=com.google.android.gms.config.START pkg=com.google.android.gms } action com.google.android.gms.config.START
10-31 07:45:01.808    1914-1914/? I/ConfigService﹕ onBind returning config service
