10-31 07:59:17.693    2291-2291/? D/WearApiHelper﹕ Finally connected! Sending message: /SYNC_NEEDED
10-31 07:59:17.693    2291-2291/? D/WearApiHelper﹕ Stack 0
10-31 07:59:17.713    1900-2039/? D/dalvikvm﹕ GC_FOR_ALLOC freed 218K, 31% free 2212K/3180K, paused 12ms, total 12ms
10-31 07:59:17.793    2291-2517/? D/dalvikvm﹕ GC_FOR_ALLOC freed 377K, 21% free 2403K/3012K, paused 11ms, total 13ms
10-31 07:59:18.063    1900-2187/? D/dalvikvm﹕ GC_FOR_ALLOC freed 193K, 30% free 2239K/3180K, paused 56ms, total 58ms
10-31 07:59:18.664    1900-2187/? D/dalvikvm﹕ GC_FOR_ALLOC freed 192K, 31% free 2223K/3180K, paused 44ms, total 50ms
10-31 07:59:19.184    1900-2187/? D/dalvikvm﹕ GC_FOR_ALLOC freed 152K, 30% free 2234K/3180K, paused 48ms, total 61ms
10-31 07:59:21.446    2106-2154/? W/bt-btif﹕ dm_pm_timer expires
10-31 07:59:21.446    2106-2154/? W/bt-btif﹕ dm_pm_timer expires 0
10-31 07:59:21.446    2106-2154/? W/bt-btif﹕ proc dm_pm_timer expires
10-31 08:00:04.116    1752-1754/? D/dalvikvm﹕ GC_CONCURRENT freed 598K, 15% free 4652K/5452K, paused 4ms+4ms, total 139ms
10-31 08:00:04.156    1969-1969/? I/Fitness﹕ WearableSyncServiceReceiver.onReceive
10-31 08:00:04.166    1752-1929/? I/ActivityManager﹕ Delay finish: com.google.android.gms/.fitness.wearables.WearableSyncServiceReceiver
10-31 08:00:04.176    1969-1969/? D/WearableClient﹕ WearableClientImpl.onPostInitHandler: done
10-31 08:00:04.176    1969-2530/? I/Fitness﹕ syncing to node: e12e6647-0917-4594-a0b8-f42d78390f6d
10-31 08:00:04.236    1969-2530/? I/Fitness﹕ syncing: 0
10-31 08:00:04.316    1752-1762/? I/ActivityManager﹕ Resuming delayed broadcast
10-31 08:00:08.955    2045-2071/? V/WearReceiverService﹕ message received!
10-31 08:00:08.965    2045-2071/? V/ClockFace﹕ clearing caches
10-31 08:00:08.965    2045-2071/? V/ClockState﹕ clipping 7 raw events to fit the screen
10-31 08:00:09.035    2045-2049/? D/dalvikvm﹕ GC_CONCURRENT freed 237K, 20% free 2300K/2852K, paused 2ms+10ms, total 26ms
10-31 08:00:09.135    2291-2291/? D/WearApiHelper﹕ Disconnecting
10-31 08:00:09.185    2045-2049/? D/dalvikvm﹕ GC_CONCURRENT freed 490K, 24% free 2232K/2928K, paused 3ms+11ms, total 27ms
10-31 08:00:09.195    2045-2071/? V/EventLayoutUniform﹕ Event layout success.
10-31 08:00:09.195    2045-2071/? V/EventLayoutUniform﹕ Event layout time: 229.614258 ms
10-31 08:00:09.195    2045-2071/? V/ClockState﹕ maxLevel for new events: 10000
10-31 08:00:09.195    2045-2071/? V/ClockState﹕ number of new events: 7
10-31 08:00:09.195    2045-2071/? V/MyViewAnim﹕ update from ClockState
10-31 08:00:09.195    2045-2071/? V/MyViewAnim﹕ draw thread desired: true
10-31 08:00:09.195    2045-2071/? V/ClockState﹕ new calendar event list, 7 entries
10-31 08:00:09.195    2045-2071/? V/ClockFace﹕ clearing caches
10-31 08:00:09.195    2045-2071/? V/MyViewAnim﹕ update from ClockState
10-31 08:00:09.195    2045-2071/? V/MyViewAnim﹕ draw thread desired: true
10-31 08:00:09.195    2045-2071/? V/ClockState﹕ event update complete
10-31 08:00:09.195    2045-2071/? V/WearReceiverService﹕ savePreferences
10-31 08:00:09.695    2203-2205/? D/dalvikvm﹕ GC_CONCURRENT freed 456K, 23% free 2249K/2916K, paused 3ms+1ms, total 31ms
10-31 08:00:10.947    2106-2154/? W/bt-btif﹕ dm_pm_timer expires
10-31 08:00:10.947    2106-2154/? W/bt-btif﹕ dm_pm_timer expires 0
10-31 08:00:10.947    2106-2154/? W/bt-btif﹕ proc dm_pm_timer expires
10-31 08:01:59.976    1969-1969/? I/Fitness﹕ WearableSyncServiceReceiver.onReceive
10-31 08:01:59.996    1752-2337/? I/ActivityManager﹕ Delay finish: com.google.android.gms/.fitness.wearables.WearableSyncServiceReceiver
10-31 08:02:00.026    1969-2531/? D/WearableClient﹕ WearableClientImpl.onPostInitHandler: done
10-31 08:02:00.026    1969-2531/? I/Fitness﹕ syncing to node: e12e6647-0917-4594-a0b8-f42d78390f6d
10-31 08:02:00.066    1969-2531/? I/Fitness﹕ syncing: 0
10-31 08:02:00.146    1752-1763/? I/ActivityManager﹕ Resuming delayed broadcast
10-31 08:02:00.276    1969-1969/? I/Fitness﹕ WearableSyncServiceReceiver.onReceive
10-31 08:02:00.286    1752-1803/? I/ActivityManager﹕ Delay finish: com.google.android.gms/.fitness.wearables.WearableSyncServiceReceiver
10-31 08:02:00.306    1969-2532/? D/WearableClient﹕ WearableClientImpl.onPostInitHandler: done
10-31 08:02:00.306    1969-2532/? I/Fitness﹕ syncing to node: e12e6647-0917-4594-a0b8-f42d78390f6d
10-31 08:02:00.346    1969-2532/? I/Fitness﹕ syncing: 0
10-31 08:02:00.416    1752-2337/? I/ActivityManager﹕ Resuming delayed broadcast
10-31 08:04:00.106    1969-1969/? I/Fitness﹕ WearableSyncServiceReceiver.onReceive
10-31 08:04:00.106    1752-2337/? I/ActivityManager﹕ Delay finish: com.google.android.gms/.fitness.wearables.WearableSyncServiceReceiver
10-31 08:04:00.136    1969-2533/? D/WearableClient﹕ WearableClientImpl.onPostInitHandler: done
10-31 08:04:00.136    1969-2533/? I/Fitness﹕ syncing to node: e12e6647-0917-4594-a0b8-f42d78390f6d
10-31 08:04:00.166    1969-1972/? D/dalvikvm﹕ GC_CONCURRENT freed 400K, 22% free 2636K/3352K, paused 3ms+3ms, total 48ms
10-31 08:04:00.196    1969-2533/? I/Fitness﹕ syncing: 0
10-31 08:04:00.256    1752-1929/? I/ActivityManager﹕ Resuming delayed broadcast
10-31 08:05:00.066    2203-2205/? D/dalvikvm﹕ GC_CONCURRENT freed 388K, 23% free 2265K/2916K, paused 3ms+1ms, total 19ms
10-31 08:05:00.186    2203-2534/? I/FitnessWearable﹕ Refreshing Platform Data
10-31 08:05:00.196    1969-2104/? I/Fitness﹕ Account supported from server: true
10-31 08:05:00.196    1969-2104/? I/Fitness﹕ schedule to sync accounts: [dwallach@gmail.com]
10-31 08:05:00.236    2203-2534/? I/FitnessWearable﹕ Completed query in 33 milliseconds
10-31 08:05:02.018    2106-2154/? W/bt-btif﹕ dm_pm_timer expires
10-31 08:05:02.018    2106-2154/? W/bt-btif﹕ dm_pm_timer expires 0
10-31 08:05:02.018    2106-2154/? W/bt-btif﹕ proc dm_pm_timer expires
10-31 08:05:04.729    2203-2205/? D/dalvikvm﹕ GC_CONCURRENT freed 391K, 23% free 2271K/2916K, paused 2ms+2ms, total 22ms
10-31 08:05:04.949    2106-2154/? W/bt-btif﹕ dm_pm_timer expires
10-31 08:05:04.949    2106-2154/? W/bt-btif﹕ dm_pm_timer expires 0
10-31 08:05:04.949    2106-2154/? W/bt-btif﹕ proc dm_pm_timer expires
10-31 08:05:59.976    1969-1969/? I/Fitness﹕ WearableSyncServiceReceiver.onReceive
10-31 08:06:00.046    1969-1969/? D/WearableClient﹕ WearableClientImpl.onPostInitHandler: done
10-31 08:06:00.046    1969-2535/? I/Fitness﹕ syncing to node: e12e6647-0917-4594-a0b8-f42d78390f6d
10-31 08:06:00.126    1969-2535/? I/Fitness﹕ syncing: 0
10-31 08:06:00.156    2291-2291/? D/WearApiHelper﹕ sendMessage: /SYNC_NEEDED
10-31 08:06:00.166    2291-2291/? D/WearApiHelper﹕ Not connected waiting connection
10-31 08:06:00.176    2291-2291/? D/WearableClient﹕ WearableClientImpl.onPostInitHandler: done
10-31 08:06:00.176    2291-2291/? D/WearApiHelper﹕ Finally connected! Sending message: /SYNC_NEEDED
10-31 08:06:00.186    2291-2291/? D/WearApiHelper﹕ Stack 0
10-31 08:06:00.797    1900-2187/? D/dalvikvm﹕ GC_FOR_ALLOC freed 357K, 30% free 2247K/3180K, paused 18ms, total 18ms
10-31 08:06:01.477    1900-2187/? D/dalvikvm﹕ GC_FOR_ALLOC freed 191K, 30% free 2239K/3180K, paused 17ms, total 17ms
10-31 08:06:02.088    1900-2187/? D/dalvikvm﹕ GC_FOR_ALLOC freed 155K, 30% free 2235K/3180K, paused 41ms, total 58ms
10-31 08:06:04.761    2106-2154/? W/bt-btif﹕ dm_pm_timer expires
10-31 08:06:04.761    2106-2154/? W/bt-btif﹕ dm_pm_timer expires 0
10-31 08:06:04.761    2106-2154/? W/bt-btif﹕ proc dm_pm_timer expires
10-31 08:06:07.059    2291-2291/? D/WearApiHelper﹕ Disconnecting
10-31 08:07:50.117    1969-1969/? I/Fitness﹕ WearableSyncServiceReceiver.onReceive
10-31 08:07:50.117    2203-2205/? D/dalvikvm﹕ GC_CONCURRENT freed 407K, 22% free 2276K/2896K, paused 4ms+2ms, total 39ms
10-31 08:07:50.117    1752-2337/? I/ActivityManager﹕ Delay finish: com.google.android.gms/.fitness.wearables.WearableSyncServiceReceiver
10-31 08:07:50.137    1969-1969/? D/WearableClient﹕ WearableClientImpl.onPostInitHandler: done
10-31 08:07:50.137    1969-2538/? I/Fitness﹕ syncing to node: e12e6647-0917-4594-a0b8-f42d78390f6d
10-31 08:07:50.177    1969-2538/? I/Fitness﹕ syncing: 0
10-31 08:07:50.247    1752-2337/? I/ActivityManager﹕ Resuming delayed broadcast
10-31 08:08:00.466    1969-1972/? D/dalvikvm﹕ GC_CONCURRENT freed 436K, 24% free 2589K/3368K, paused 4ms+3ms, total 48ms
10-31 08:08:36.028    1752-1769/? D/SensorHALGestureSensor﹕ Gesture event received! time = 1414760916030617086
10-31 08:08:36.028    1752-2337/? I/PowerManagerService﹕ Waking up from sleep...
10-31 08:08:36.028    1752-1776/? W/KeyguardServiceDelegate﹕ onScreenTurnedOn(): no keyguard service!
10-31 08:08:36.128    1752-2337/? D/MinnowPowerHAL﹕ power_set_interactive: 1
10-31 08:08:36.128    1752-2337/? D/MinnowPowerHAL﹕ sysfs_write: /sys/devices/platform/omapdss/display0/interactivemode 1
10-31 08:08:36.188    1752-2337/? D/MinnowPowerHAL﹕ sysfs_write: /sys/devices/ocp.2/i2c.6/i2c-0/0-004a/interactivemode 1
10-31 08:08:36.188    1752-2337/? D/MinnowPowerHAL﹕ sysfs_write: /sys/class/leds/lcd-backlight/interactive 1
10-31 08:08:36.188    1752-2337/? D/mot_vr_audio_hw﹕ dsp_set_pm_state = on
10-31 08:08:36.188    1411-1411/? D/ADSPD﹕ Client cmd=0x4002, size=2
10-31 08:08:36.188    1411-1411/? D/ADSPD﹕ DSP_CMD_DAEMON_SET_PM_STATE : 1
10-31 08:08:36.188    1752-2337/? D/PowerManagerService-JNI﹕ Excessive delay in setInteractive(true) while turning screen on: 56ms
10-31 08:08:36.198    2045-2045/? V/WearActivity﹕ Resume!
10-31 08:08:36.198    1411-1411/? D/ADSPD﹕ ACK success!
10-31 08:08:36.208    1871-1871/? E/ClockworkHome﹕ Tried to exit ambient mode, but enterAmbientMode() was never called.
10-31 08:08:36.208    1419-1528/? D/mot_vr_audio_hw﹕ dsp_recognizer_enabled = true
10-31 08:08:36.208    1411-1411/? D/ADSPD﹕ Client cmd=0x0003, size=4
10-31 08:08:36.208    1419-1419/? D/mot_vr_audio_hw﹕ open_input_stream(): devices = 0x80000004, rate = 8000, channels = 0x10
10-31 08:08:36.208    1419-1419/? D/mot_vr_audio_hw﹕ Created resampler for 16000->8000 Hz
10-31 08:08:36.208    1752-1752/? W/InputMethodManagerService﹕ Ignoring setImeWindowStatus of uid 1000 token: null
10-31 08:08:36.218    1411-1411/? D/ADSPD﹕ Received from DSP: cmd=0x8003, size=2
10-31 08:08:36.218    1411-1411/? D/ADSPD﹕ Client cmd=0x4003, size=2
10-31 08:08:36.218    1419-2018/? D/mot_vr_audio_hw﹕ received recognition control callback, status 0
10-31 08:08:36.238    1419-2539/? D/mot_vr_audio_hw﹕ in_read waiting for hotword
10-31 08:08:36.328    1417-1417/? D/SurfaceFlinger﹕ Screen acquired, type=0 flinger=0xb7fc2448
10-31 08:08:36.328    1417-1417/? D/hwcomposer﹕ hwc_blank(0: 0)
10-31 08:08:36.328    1752-1762/? D/SensorHAL﹕ adjustSensorHandle: handle = 9 adjustedHandle = 1
10-31 08:08:36.328    1752-1762/? D/SensorHAL﹕ adjustSensorHandle: handle = 9 adjustedHandle = 1
10-31 08:08:36.328    1752-1778/? I/DisplayManagerService﹕ Display device changed: DisplayDeviceInfo{"Built-in Screen": 320 x 290, 45.000004 fps, density 213, 203.2 x 204.61111 dpi, touch INTERNAL, rotation 0, type BUILT_IN, state ON, FLAG_DEFAULT_DISPLAY, FLAG_ROTATES_WITH_CONTENT, FLAG_SECURE, FLAG_SUPPORTS_PROTECTED_BUFFERS}
10-31 08:08:36.338    2045-2045/? V/WearActivity﹕ display changed: 0, new state: 2
10-31 08:08:36.338    2045-2045/? V/WearActivity﹕ onDisplayChanged: on!
10-31 08:08:36.338    2045-2045/? V/WearActivity﹕ killing alarms
10-31 08:08:36.338    2045-2045/? V/WearActivity﹕ startHelper: putting it all back together again
10-31 08:08:36.338    2045-2045/? V/WearActivity﹕ initAlarm: setting up
10-31 08:08:36.338    1752-1752/? V/ActivityManager﹕ Display changed displayId=0
10-31 08:08:36.348    2045-2045/? I/ClockFace﹕ Ambient mode: false
10-31 08:08:36.348    2045-2045/? V/MyViewAnim﹕ resumeMaxHertz
10-31 08:08:36.348    2045-2045/? V/ClockFace﹕ clearing caches
10-31 08:08:36.348    2045-2045/? V/MyViewAnim﹕ starting new animator
10-31 08:08:36.348    2045-2045/? V/MyViewAnim﹕ Time listener is up!
10-31 08:08:36.348    2045-2045/? V/MyViewAnim﹕ starting new draw thread
10-31 08:08:36.368    1752-2337/? D/SensorHAL﹕ adjustSensorHandle: handle = 9 adjustedHandle = 1
10-31 08:08:36.438    2045-2541/? V/ClockFace﹕ rendering new face, faceMode(0)
10-31 08:08:36.468    2045-2541/? V/ClockFace﹕ fetching new battery status (1144)
10-31 08:08:36.468    2045-2541/? V/ClockFace﹕ battery at 0.92
10-31 08:08:36.548    2291-2291/? D/WearApiHelper﹕ sendMessage: /SYNC_NEEDED
10-31 08:08:36.568    2291-2291/? D/WearableClient﹕ WearableClientImpl.onPostInitHandler: done
10-31 08:08:36.568    2291-2291/? D/WearApiHelper﹕ Not connected waiting connection
10-31 08:08:36.568    2291-2291/? D/WearApiHelper﹕ Finally connected! Sending message: /SYNC_NEEDED
10-31 08:08:36.568    2291-2291/? D/WearApiHelper﹕ Stack 0
10-31 08:08:37.489    2291-2536/? D/dalvikvm﹕ GC_FOR_ALLOC freed 351K, 21% free 2403K/3012K, paused 28ms, total 30ms
10-31 08:08:37.649    1900-2187/? D/dalvikvm﹕ GC_FOR_ALLOC freed 246K, 30% free 2241K/3180K, paused 53ms, total 54ms
10-31 08:08:38.420    1900-2187/? D/dalvikvm﹕ GC_FOR_ALLOC freed 162K, 30% free 2236K/3180K, paused 70ms, total 77ms
10-31 08:08:39.391    1900-2187/? D/dalvikvm﹕ GC_FOR_ALLOC freed 184K, 31% free 2222K/3180K, paused 69ms, total 71ms
10-31 08:08:40.982    2203-2205/? D/dalvikvm﹕ GC_CONCURRENT freed 414K, 22% free 2271K/2896K, paused 3ms+1ms, total 46ms
10-31 08:08:41.213    1752-1897/? I/PowerManagerService﹕ Going to sleep due to screen timeout...
10-31 08:08:41.213    1752-1782/? I/PowerManagerService﹕ Dozing...
10-31 08:08:41.213    1752-1775/? I/DreamController﹕ Starting dream: name=ComponentInfo{com.google.android.wearable.app/com.google.android.clockwork.home.AmbientMode}, isTest=false, canDoze=true, userId=0
10-31 08:08:41.293    1752-1803/? I/ActivityManager﹕ START u0 {act=android.intent.action.MAIN cat=[android.intent.category.HOME] flg=0x10000000 cmp=com.google.android.wearable.app/com.google.android.clockwork.home.HomeActivity (has extras)} from pid 1871 on display 0
10-31 08:08:41.293    1752-1775/? I/DreamController﹕ Stopping dream: name=ComponentInfo{com.google.android.wearable.app/com.google.android.clockwork.home.AmbientMode}, isTest=false, canDoze=true, userId=0
10-31 08:08:41.303    1752-1782/? I/PowerManagerService﹕ Sleeping...
10-31 08:08:41.343    1871-1871/? I/AmbientMode﹕ Ambient mode started: canDoze=true, dozeHardware=null
10-31 08:08:41.353    1419-1419/? D/mot_vr_audio_hw﹕ dsp_recognizer_enabled = false
10-31 08:08:41.353    1411-1411/? D/ADSPD﹕ Client cmd=0x0003, size=4
10-31 08:08:41.353    1419-2539/? D/mot_vr_audio_hw﹕ Switching DSP to standby/passthrough mode
10-31 08:08:41.353    1419-2539/? D/mot_vr_audio_hw﹕ Input 0xb8ebbf80 ready to read
10-31 08:08:41.363    1411-1411/? D/ADSPD﹕ Received from DSP: cmd=0x8003, size=2
10-31 08:08:41.363    1411-1411/? D/ADSPD﹕ Client cmd=0x0003, size=4
10-31 08:08:41.363    1419-2018/? D/mot_vr_audio_hw﹕ received recognition control callback, status 0
10-31 08:08:41.383    1411-1411/? D/ADSPD﹕ Received from DSP: cmd=0x8003, size=2
10-31 08:08:41.383    1419-2018/? D/mot_vr_audio_hw﹕ received recognition control callback, status 0
10-31 08:08:41.403    1419-2539/? W/mot_vr_audio_hw﹕ Discarded 10 buffers without finding audio data
10-31 08:08:41.413    1411-1411/? D/ADSPD﹕ Client cmd=0x0003, size=4
10-31 08:08:41.413    1419-2539/? D/mot_vr_audio_hw﹕ Re-arming DSP
10-31 08:08:41.413    1419-2539/? D/mot_vr_audio_hw﹕ Input 0xb8ebbf80 standby complete
10-31 08:08:41.423    1419-2486/? D/mot_vr_audio_hw﹕ Input 0xb8ebbf80 close complete
10-31 08:08:41.433    1411-1411/? D/ADSPD﹕ Received from DSP: cmd=0x8003, size=2
10-31 08:08:41.433    1411-1411/? D/ADSPD﹕ Client cmd=0x4003, size=2
10-31 08:08:41.433    1419-2018/? D/mot_vr_audio_hw﹕ received recognition control callback, status 0
10-31 08:08:41.433    1419-1528/? D/mot_vr_audio_hw﹕ dsp_recognizer_enabled = true
10-31 08:08:41.433    1411-1411/? D/ADSPD﹕ Client cmd=0x0003, size=4
10-31 08:08:41.443    1419-2486/? D/mot_vr_audio_hw﹕ open_input_stream(): devices = 0x80000004, rate = 8000, channels = 0x10
10-31 08:08:41.443    1419-2486/? D/mot_vr_audio_hw﹕ Created resampler for 16000->8000 Hz
10-31 08:08:41.453    1411-1411/? D/ADSPD﹕ Received from DSP: cmd=0x8003, size=2
10-31 08:08:41.453    1411-1411/? D/ADSPD﹕ Client cmd=0x4003, size=2
10-31 08:08:41.453    1419-2018/? D/mot_vr_audio_hw﹕ received recognition control callback, status 0
10-31 08:08:41.463    1871-1871/? I/AmbientMode﹕ Dream ended: isDozing=true
10-31 08:08:41.463    1419-2542/? D/mot_vr_audio_hw﹕ in_read waiting for hotword
10-31 08:08:41.583    2291-2291/? D/WearApiHelper﹕ Disconnecting
10-31 08:08:41.973    1752-1829/? D/LightsService﹕ Excessive delay setting light: 118ms
10-31 08:08:41.973    1417-1417/? D/SurfaceFlinger﹕ Screen released, type=0 flinger=0xb7fc2448
10-31 08:08:42.094    1417-1417/? D/hwcomposer﹕ hwc_blank(0: 1)
10-31 08:08:42.094    1752-1829/? D/SurfaceControl﹕ Excessive delay in blankDisplay() while turning screen off: 121ms
10-31 08:08:42.094    1752-1778/? I/DisplayManagerService﹕ Display device changed: DisplayDeviceInfo{"Built-in Screen": 320 x 290, 45.000004 fps, density 213, 203.2 x 204.61111 dpi, touch INTERNAL, rotation 0, type BUILT_IN, state OFF, FLAG_DEFAULT_DISPLAY, FLAG_ROTATES_WITH_CONTENT, FLAG_SECURE, FLAG_SUPPORTS_PROTECTED_BUFFERS}
10-31 08:08:42.104    1752-1782/? D/MinnowPowerHAL﹕ power_set_interactive: 0
10-31 08:08:42.104    1752-1782/? D/MinnowPowerHAL﹕ sysfs_write: /sys/devices/platform/omapdss/display0/interactivemode 0
10-31 08:08:42.104    1752-1782/? D/MinnowPowerHAL﹕ sysfs_write: /sys/devices/ocp.2/i2c.6/i2c-0/0-004a/interactivemode 0
10-31 08:08:42.104    1752-1782/? D/MinnowPowerHAL﹕ sysfs_write: /sys/class/leds/lcd-backlight/interactive 0
10-31 08:08:42.104    1752-1782/? D/mot_vr_audio_hw﹕ dsp_set_pm_state = off
10-31 08:08:42.104    1752-1752/? V/ActivityManager﹕ Display changed displayId=0
10-31 08:08:42.114    1411-1411/? D/ADSPD﹕ Client cmd=0x4002, size=2
10-31 08:08:42.114    1411-1411/? D/ADSPD﹕ DSP_CMD_DAEMON_SET_PM_STATE : 0
10-31 08:08:42.114    1411-1411/? D/ADSPD﹕ DSP not turned off as still being used
10-31 08:08:42.134    2045-2045/? V/WearActivity﹕ display changed: 0, new state: 1
10-31 08:08:42.134    2045-2045/? I/TimeWrapper﹕ FPS: 24.748978, samples: 140
10-31 08:08:42.134    2045-2045/? I/TimeWrapper﹕ Min/Avg/Max frame render speed (ms): 6.92749 / 14.20179 / 61.828617
10-31 08:08:42.134    2045-2045/? I/TimeWrapper﹕ Waketime: 35.147984%
10-31 08:08:42.134    2045-2045/? I/TimeWrapper﹕ Skipped frames: 1
10-31 08:08:42.134    2045-2045/? V/WearActivity﹕ onDisplayChanged: off!
10-31 08:08:42.134    2045-2045/? V/WearActivity﹕ stopHelper: shutting things down
10-31 08:08:42.154    1419-1419/? D/mot_vr_audio_hw﹕ dsp_recognizer_enabled = false
10-31 08:08:42.154    1411-1411/? D/ADSPD﹕ Client cmd=0x0003, size=4
10-31 08:08:42.154    1411-1411/? D/ADSPD﹕ Trying to send to dsp while in dsp in RESET
10-31 08:08:42.154    1419-2542/? W/mot_vr_audio_hw﹕ Not allowing wake() since DSP is disabled
10-31 08:08:42.164    1419-2542/? W/mot_vr_audio_hw﹕ Not allowing wake() since DSP is disabled
10-31 08:08:42.174    1752-1752/? W/InputMethodManagerService﹕ Ignoring setImeWindowStatus of uid 1000 token: null
10-31 08:08:42.184    1411-1411/? D/ADSPD﹕ Client cmd=0x4003, size=2
10-31 08:08:42.184    1411-1411/? D/ADSPD﹕ DSP no longer used, turned off here
10-31 08:08:42.184    1419-1804/? D/mot_vr_audio_hw﹕ Input 0xb8ebc7a8 close complete
10-31 08:08:42.234    2045-2045/? V/MyViewAnim﹕ stopping animation!
10-31 08:08:42.234    2045-2045/? V/MyViewAnim﹕ killDrawThread
10-31 08:08:42.234    2045-2045/? V/WearActivity﹕ killing alarms
10-31 08:08:42.244    2045-2045/? I/ClockFace﹕ Ambient mode: false
10-31 08:08:42.244    2045-2045/? V/WearActivity﹕ Pause!
10-31 08:08:42.244    2045-2541/? V/MyViewAnim﹕ looper finished!
10-31 08:08:42.254    2045-2045/? V/WearActivity﹕ Stop!
10-31 08:08:42.334    2291-2291/? D/WearApiHelper﹕ sendMessage: /SYNC_NEEDED
10-31 08:08:42.354    2291-2291/? D/WearableClient﹕ WearableClientImpl.onPostInitHandler: done
10-31 08:08:42.354    2291-2291/? D/WearApiHelper﹕ Not connected waiting connection
10-31 08:08:42.354    2291-2291/? D/WearApiHelper﹕ Finally connected! Sending message: /SYNC_NEEDED
10-31 08:08:42.354    2291-2291/? D/WearApiHelper﹕ Stack 0
10-31 08:08:42.374    1900-2039/? D/dalvikvm﹕ GC_FOR_ALLOC freed 218K, 31% free 2212K/3180K, paused 12ms, total 12ms
10-31 08:08:42.604    1900-2187/? D/dalvikvm﹕ GC_FOR_ALLOC freed 192K, 30% free 2239K/3180K, paused 52ms, total 60ms
10-31 08:08:43.745    1900-2187/? D/dalvikvm﹕ GC_FOR_ALLOC freed 193K, 31% free 2223K/3180K, paused 35ms, total 35ms
10-31 08:08:44.296    1900-2187/? D/dalvikvm﹕ GC_FOR_ALLOC freed 152K, 30% free 2234K/3180K, paused 25ms, total 59ms
10-31 08:08:47.008    2106-2154/? W/bt-btif﹕ dm_pm_timer expires
10-31 08:08:47.008    2106-2154/? W/bt-btif﹕ dm_pm_timer expires 0
10-31 08:08:47.008    2106-2154/? W/bt-btif﹕ proc dm_pm_timer expires
10-31 08:08:49.489    2291-2291/? D/WearApiHelper﹕ Disconnecting
10-31 08:09:59.229    1752-1769/? D/SensorHALGestureSensor﹕ Gesture event received! time = 1414760999231758436
10-31 08:09:59.229    1752-1803/? I/PowerManagerService﹕ Waking up from sleep...
10-31 08:09:59.229    1752-1776/? W/KeyguardServiceDelegate﹕ onScreenTurnedOn(): no keyguard service!
10-31 08:09:59.319    1752-1803/? D/MinnowPowerHAL﹕ power_set_interactive: 1
10-31 08:09:59.319    1752-1803/? D/MinnowPowerHAL﹕ sysfs_write: /sys/devices/platform/omapdss/display0/interactivemode 1
10-31 08:09:59.369    1752-1803/? D/MinnowPowerHAL﹕ sysfs_write: /sys/devices/ocp.2/i2c.6/i2c-0/0-004a/interactivemode 1
10-31 08:09:59.369    1752-1803/? D/MinnowPowerHAL﹕ sysfs_write: /sys/class/leds/lcd-backlight/interactive 1
10-31 08:09:59.369    1752-1803/? D/mot_vr_audio_hw﹕ dsp_set_pm_state = on
10-31 08:09:59.369    1411-1411/? D/ADSPD﹕ Client cmd=0x4002, size=2
10-31 08:09:59.369    1411-1411/? D/ADSPD﹕ DSP_CMD_DAEMON_SET_PM_STATE : 1
10-31 08:09:59.369    1752-1803/? D/PowerManagerService-JNI﹕ Excessive delay in setInteractive(true) while turning screen on: 56ms
10-31 08:09:59.389    1969-1969/? I/Fitness﹕ WearableSyncServiceReceiver.onReceive
10-31 08:09:59.399    2045-2045/? V/WearActivity﹕ Resume!
10-31 08:09:59.409    1411-1411/? D/ADSPD﹕ ACK success!
10-31 08:09:59.409    1871-1871/? E/ClockworkHome﹕ Tried to exit ambient mode, but enterAmbientMode() was never called.
10-31 08:09:59.409    1752-1752/? W/InputMethodManagerService﹕ Ignoring setImeWindowStatus of uid 1000 token: null
10-31 08:09:59.419    1419-1804/? D/mot_vr_audio_hw﹕ dsp_recognizer_enabled = true
10-31 08:09:59.419    1411-1411/? D/ADSPD﹕ Client cmd=0x0003, size=4
10-31 08:09:59.419    1419-2486/? D/mot_vr_audio_hw﹕ open_input_stream(): devices = 0x80000004, rate = 8000, channels = 0x10
10-31 08:09:59.419    1419-2486/? D/mot_vr_audio_hw﹕ Created resampler for 16000->8000 Hz
10-31 08:09:59.429    1411-1411/? D/ADSPD﹕ Received from DSP: cmd=0x8003, size=2
10-31 08:09:59.429    1411-1411/? D/ADSPD﹕ Client cmd=0x4003, size=2
10-31 08:09:59.429    1419-2018/? D/mot_vr_audio_hw﹕ received recognition control callback, status 0
10-31 08:09:59.429    1752-1763/? I/ActivityManager﹕ Delay finish: com.google.android.gms/.fitness.wearables.WearableSyncServiceReceiver
10-31 08:09:59.449    1419-2554/? D/mot_vr_audio_hw﹕ in_read waiting for hotword
10-31 08:09:59.459    1969-1969/? D/WearableClient﹕ WearableClientImpl.onPostInitHandler: done
10-31 08:09:59.469    1969-2553/? I/Fitness﹕ syncing to node: e12e6647-0917-4594-a0b8-f42d78390f6d
10-31 08:09:59.509    1417-1417/? D/SurfaceFlinger﹕ Screen acquired, type=0 flinger=0xb7fc2448
10-31 08:09:59.509    1417-1417/? D/hwcomposer﹕ hwc_blank(0: 0)
10-31 08:09:59.509    1752-1778/? I/DisplayManagerService﹕ Display device changed: DisplayDeviceInfo{"Built-in Screen": 320 x 290, 45.000004 fps, density 213, 203.2 x 204.61111 dpi, touch INTERNAL, rotation 0, type BUILT_IN, state ON, FLAG_DEFAULT_DISPLAY, FLAG_ROTATES_WITH_CONTENT, FLAG_SECURE, FLAG_SUPPORTS_PROTECTED_BUFFERS}
10-31 08:09:59.509    1752-1752/? V/ActivityManager﹕ Display changed displayId=0
10-31 08:09:59.549    2045-2045/? V/WearActivity﹕ display changed: 0, new state: 2
10-31 08:09:59.549    2045-2045/? V/WearActivity﹕ onDisplayChanged: on!
10-31 08:09:59.549    2045-2045/? V/WearActivity﹕ killing alarms
10-31 08:09:59.549    2045-2045/? V/WearActivity﹕ startHelper: putting it all back together again
10-31 08:09:59.549    2045-2045/? V/WearActivity﹕ initAlarm: setting up
10-31 08:09:59.569    2045-2045/? I/ClockFace﹕ Ambient mode: false
10-31 08:09:59.569    2045-2045/? V/MyViewAnim﹕ resumeMaxHertz
10-31 08:09:59.569    2045-2045/? V/ClockFace﹕ clearing caches
10-31 08:09:59.569    2045-2045/? V/MyViewAnim﹕ starting new animator
10-31 08:09:59.569    2045-2045/? V/MyViewAnim﹕ Time listener is up!
10-31 08:09:59.569    2045-2045/? V/MyViewAnim﹕ starting new draw thread
10-31 08:09:59.619    1752-1803/? D/SensorHAL﹕ adjustSensorHandle: handle = 9 adjustedHandle = 1
10-31 08:09:59.619    1752-1803/? D/SensorHAL﹕ adjustSensorHandle: handle = 9 adjustedHandle = 1
10-31 08:09:59.629    1752-1897/? D/SensorHAL﹕ adjustSensorHandle: handle = 9 adjustedHandle = 1
10-31 08:09:59.669    2045-2556/? V/ClockFace﹕ rendering new face, faceMode(0)
10-31 08:09:59.719    2045-2556/? V/ClockFace﹕ fetching new battery status (1286)
10-31 08:09:59.719    2045-2556/? V/ClockFace﹕ battery at 0.92
10-31 08:09:59.739    2203-2205/? D/dalvikvm﹕ GC_CONCURRENT freed 431K, 22% free 2278K/2916K, paused 3ms+67ms, total 91ms
10-31 08:09:59.859    1969-2553/? I/Fitness﹕ syncing: 0
10-31 08:09:59.909    2291-2291/? D/WearApiHelper﹕ sendMessage: /SYNC_NEEDED
10-31 08:09:59.929    2291-2291/? D/WearableClient﹕ WearableClientImpl.onPostInitHandler: done
10-31 08:09:59.929    2291-2291/? D/WearApiHelper﹕ Not connected waiting connection
10-31 08:09:59.939    2291-2291/? D/WearApiHelper﹕ Finally connected! Sending message: /SYNC_NEEDED
10-31 08:09:59.939    2291-2291/? D/WearApiHelper﹕ Stack 0
10-31 08:09:59.959    1969-2553/? I/Fitness﹕ uploading 1 changes
10-31 08:09:59.959    1969-2553/? I/Fitness﹕ syncing 1 points
10-31 08:10:00.260    1752-2337/? I/ActivityManager﹕ Resuming delayed broadcast
10-31 08:10:00.470    1997-1997/? D/dalvikvm﹕ GC_FOR_ALLOC freed 208K, 16% free 2225K/2636K, paused 13ms, total 34ms
10-31 08:10:00.470    1997-1997/? I/dalvikvm-heap﹕ Grow heap (frag case) to 3.338MB for 1024016-byte allocation
10-31 08:10:00.510    1997-2183/? D/dalvikvm﹕ GC_FOR_ALLOC freed 9K, 12% free 3216K/3640K, paused 36ms, total 38ms
10-31 08:10:00.620    1997-2000/? D/dalvikvm﹕ GC_CONCURRENT freed 73K, 14% free 3165K/3640K, paused 5ms+5ms, total 111ms
10-31 08:10:00.730    2291-2536/? D/dalvikvm﹕ GC_FOR_ALLOC freed 348K, 21% free 2395K/3012K, paused 27ms, total 28ms
10-31 08:10:00.760    1871-1967/? D/dalvikvm﹕ GC_FOR_ALLOC freed 348K, 18% free 6171K/7464K, paused 70ms, total 72ms
10-31 08:10:00.760    1871-1967/? I/dalvikvm-heap﹕ Grow heap (frag case) to 7.288MB for 1024016-byte allocation
10-31 08:10:00.830    1871-1879/? D/dalvikvm﹕ GC_FOR_ALLOC freed 8K, 16% free 7163K/8468K, paused 70ms, total 70ms
10-31 08:10:01.151    1900-2187/? D/dalvikvm﹕ GC_FOR_ALLOC freed 263K, 30% free 2231K/3180K, paused 35ms, total 142ms
10-31 08:10:01.981    1900-2187/? D/dalvikvm﹕ GC_FOR_ALLOC freed 196K, 31% free 2225K/3180K, paused 39ms, total 45ms
10-31 08:10:02.662    1900-2187/? D/dalvikvm﹕ GC_FOR_ALLOC freed 152K, 30% free 2235K/3180K, paused 75ms, total 75ms
10-31 08:10:04.384    1752-1897/? I/PowerManagerService﹕ Going to sleep due to screen timeout...
10-31 08:10:04.394    1752-1782/? I/PowerManagerService﹕ Dozing...
10-31 08:10:04.394    1752-1775/? I/DreamController﹕ Starting dream: name=ComponentInfo{com.google.android.wearable.app/com.google.android.clockwork.home.AmbientMode}, isTest=false, canDoze=true, userId=0
10-31 08:10:04.564    1752-1763/? D/dalvikvm﹕ GC_EXPLICIT freed 400K, 15% free 4673K/5452K, paused 3ms+24ms, total 108ms
10-31 08:10:04.574    2045-2045/? V/WearActivity﹕ Pause!
10-31 08:10:04.584    2045-2045/? V/WearActivity﹕ Stop!
10-31 08:10:04.594    1752-1752/? W/InputMethodManagerService﹕ Ignoring setImeWindowStatus of uid 1000 token: null
10-31 08:10:04.604    1752-1803/? I/ActivityManager﹕ START u0 {act=android.intent.action.MAIN cat=[android.intent.category.HOME] flg=0x10000000 cmp=com.google.android.wearable.app/com.google.android.clockwork.home.HomeActivity (has extras)} from pid 1871 on display 0
10-31 08:10:04.604    1752-1775/? I/DreamController﹕ Stopping dream: name=ComponentInfo{com.google.android.wearable.app/com.google.android.clockwork.home.AmbientMode}, isTest=false, canDoze=true, userId=0
10-31 08:10:04.614    1752-1782/? I/PowerManagerService﹕ Sleeping...
10-31 08:10:04.664    1871-1871/? I/AmbientMode﹕ Ambient mode started: canDoze=true, dozeHardware=null
10-31 08:10:04.664    1419-1419/? D/mot_vr_audio_hw﹕ dsp_recognizer_enabled = false
10-31 08:10:04.664    1411-1411/? D/ADSPD﹕ Client cmd=0x0003, size=4
10-31 08:10:04.664    1419-2554/? D/mot_vr_audio_hw﹕ Switching DSP to standby/passthrough mode
10-31 08:10:04.664    1419-2554/? D/mot_vr_audio_hw﹕ Input 0xb8ebc7a8 ready to read
10-31 08:10:04.674    1411-1411/? D/ADSPD﹕ Received from DSP: cmd=0x8003, size=2
10-31 08:10:04.674    1411-1411/? D/ADSPD﹕ Client cmd=0x0003, size=4
10-31 08:10:04.674    1419-2018/? D/mot_vr_audio_hw﹕ received recognition control callback, status 0
10-31 08:10:04.694    1411-1411/? D/ADSPD﹕ Received from DSP: cmd=0x8003, size=2
10-31 08:10:04.694    1419-2018/? D/mot_vr_audio_hw﹕ received recognition control callback, status 0
10-31 08:10:04.714    1419-2554/? W/mot_vr_audio_hw﹕ Discarded 10 buffers without finding audio data
10-31 08:10:04.724    1411-1411/? D/ADSPD﹕ Client cmd=0x0003, size=4
10-31 08:10:04.734    1419-2554/? D/mot_vr_audio_hw﹕ Re-arming DSP
10-31 08:10:04.734    1419-2554/? D/mot_vr_audio_hw﹕ Input 0xb8ebc7a8 standby complete
10-31 08:10:04.744    1411-1411/? D/ADSPD﹕ Received from DSP: cmd=0x8003, size=2
10-31 08:10:04.744    1419-2018/? D/mot_vr_audio_hw﹕ received recognition control callback, status 0
10-31 08:10:04.754    1411-1411/? D/ADSPD﹕ Client cmd=0x4003, size=2
10-31 08:10:04.754    1419-1528/? D/mot_vr_audio_hw﹕ Input 0xb8ebc7a8 close complete
10-31 08:10:04.774    1871-1871/? I/AmbientMode﹕ Dream ended: isDozing=true
10-31 08:10:04.944    2291-2291/? D/WearApiHelper﹕ Disconnecting
10-31 08:10:05.285    1752-1820/? D/LightsService﹕ Excessive delay setting light: 79ms
10-31 08:10:05.285    1417-1417/? D/SurfaceFlinger﹕ Screen released, type=0 flinger=0xb7fc2448
10-31 08:10:05.415    1417-1417/? D/hwcomposer﹕ hwc_blank(0: 1)
10-31 08:10:05.415    1752-1820/? D/SurfaceControl﹕ Excessive delay in blankDisplay() while turning screen off: 126ms
10-31 08:10:05.415    1752-1782/? D/MinnowPowerHAL﹕ power_set_interactive: 0
10-31 08:10:05.415    1752-1782/? D/MinnowPowerHAL﹕ sysfs_write: /sys/devices/platform/omapdss/display0/interactivemode 0
10-31 08:10:05.415    1752-1778/? I/DisplayManagerService﹕ Display device changed: DisplayDeviceInfo{"Built-in Screen": 320 x 290, 45.000004 fps, density 213, 203.2 x 204.61111 dpi, touch INTERNAL, rotation 0, type BUILT_IN, state OFF, FLAG_DEFAULT_DISPLAY, FLAG_ROTATES_WITH_CONTENT, FLAG_SECURE, FLAG_SUPPORTS_PROTECTED_BUFFERS}
10-31 08:10:05.425    1752-1782/? D/MinnowPowerHAL﹕ sysfs_write: /sys/devices/ocp.2/i2c.6/i2c-0/0-004a/interactivemode 0
10-31 08:10:05.425    1752-1782/? D/MinnowPowerHAL﹕ sysfs_write: /sys/class/leds/lcd-backlight/interactive 0
10-31 08:10:05.425    1752-1782/? D/mot_vr_audio_hw﹕ dsp_set_pm_state = off
10-31 08:10:05.425    1752-1752/? V/ActivityManager﹕ Display changed displayId=0
10-31 08:10:05.435    1411-1411/? D/ADSPD﹕ Client cmd=0x4002, size=2
10-31 08:10:05.435    1411-1411/? D/ADSPD﹕ DSP_CMD_DAEMON_SET_PM_STATE : 0
10-31 08:10:05.445    2045-2045/? V/WearActivity﹕ display changed: 0, new state: 1
10-31 08:10:05.445    2045-2045/? I/TimeWrapper﹕ FPS: 24.28178, samples: 139
10-31 08:10:05.445    2045-2045/? I/TimeWrapper﹕ Min/Avg/Max frame render speed (ms): 7.202148 / 15.926223 / 65.94849
10-31 08:10:05.445    2045-2045/? I/TimeWrapper﹕ Waketime: 38.671707%
10-31 08:10:05.445    2045-2045/? I/TimeWrapper﹕ Skipped frames: 1
10-31 08:10:05.445    2045-2045/? V/WearActivity﹕ onDisplayChanged: off!
10-31 08:10:05.445    2045-2045/? V/WearActivity﹕ stopHelper: shutting things down
10-31 08:10:05.485    2045-2045/? V/MyViewAnim﹕ stopping animation!
10-31 08:10:05.485    2045-2045/? V/MyViewAnim﹕ killDrawThread
10-31 08:10:05.495    2045-2045/? V/WearActivity﹕ killing alarms
10-31 08:10:05.495    2045-2045/? I/ClockFace﹕ Ambient mode: false
10-31 08:10:05.495    2045-2556/? V/MyViewAnim﹕ looper finished!
10-31 08:10:05.555    2291-2291/? D/WearApiHelper﹕ sendMessage: /SYNC_NEEDED
10-31 08:10:05.575    2291-2291/? D/WearableClient﹕ WearableClientImpl.onPostInitHandler: done
10-31 08:10:05.575    2291-2291/? D/WearApiHelper﹕ Not connected waiting connection
10-31 08:10:05.575    2291-2291/? D/WearApiHelper﹕ Finally connected! Sending message: /SYNC_NEEDED
10-31 08:10:05.575    2291-2291/? D/WearApiHelper﹕ Stack 0
10-31 08:10:05.705    1900-2187/? D/dalvikvm﹕ GC_FOR_ALLOC freed 236K, 30% free 2228K/3180K, paused 21ms, total 21ms
10-31 08:10:05.745    1900-2187/? D/dalvikvm﹕ GC_FOR_ALLOC freed 171K, 31% free 2225K/3180K, paused 11ms, total 11ms
10-31 08:10:05.835    1871-1871/? E/StreamVibrator﹕ Found notifications that tried to vibrate, but they never made it to the top of the stream. Not vibrating.
10-31 08:10:06.866    1900-2187/? D/dalvikvm﹕ GC_FOR_ALLOC freed 193K, 31% free 2223K/3180K, paused 37ms, total 42ms
10-31 08:10:09.829    2106-2154/? W/bt-btif﹕ dm_pm_timer expires
10-31 08:10:09.829    2106-2154/? W/bt-btif﹕ dm_pm_timer expires 0
10-31 08:10:09.829    2106-2154/? W/bt-btif﹕ proc dm_pm_timer expires
10-31 08:10:16.207    2203-2569/? I/FitnessWearable﹕ Refreshing Platform Data
10-31 08:10:16.217    2291-2291/? D/WearApiHelper﹕ Disconnecting
10-31 08:10:16.237    1969-2104/? I/Fitness﹕ Account supported from cache: true
10-31 08:10:16.237    1969-2104/? I/Fitness﹕ schedule to sync accounts: [dwallach@gmail.com]
10-31 08:10:16.267    1969-1972/? D/dalvikvm﹕ GC_CONCURRENT freed 441K, 24% free 2551K/3352K, paused 5ms+10ms, total 48ms
10-31 08:10:16.297    2203-2569/? I/FitnessWearable﹕ Completed query in 60 milliseconds
10-31 08:10:16.357    2203-2569/? I/FitnessWearable﹕ Refreshing Platform Data
10-31 08:10:16.367    1969-2104/? I/Fitness﹕ Account supported from cache: true
10-31 08:10:16.367    1969-2104/? I/Fitness﹕ schedule to sync accounts: [dwallach@gmail.com]
10-31 08:10:16.377    2203-2569/? I/FitnessWearable﹕ Completed query in 8 milliseconds
10-31 08:10:18.138    2106-2154/? W/bt-btif﹕ dm_pm_timer expires
10-31 08:10:18.138    2106-2154/? W/bt-btif﹕ dm_pm_timer expires 0
10-31 08:10:18.138    2106-2154/? W/bt-btif﹕ proc dm_pm_timer expires
10-31 08:10:20.972    2106-2154/? W/bt-btif﹕ dm_pm_timer expires
10-31 08:10:20.972    2106-2154/? W/bt-btif﹕ dm_pm_timer expires 0
10-31 08:10:20.972    2106-2154/? W/bt-btif﹕ proc dm_pm_timer expires
10-31 08:11:13.996    1969-1969/? I/Fitness﹕ WearableSyncServiceReceiver.onReceive
10-31 08:11:14.016    1752-1797/? D/ConnectivityService﹕ Sampling interval elapsed, updating statistics ..
10-31 08:11:14.046    1969-1969/? D/WearableClient﹕ WearableClientImpl.onPostInitHandler: done
10-31 08:11:14.056    1969-2570/? I/Fitness﹕ syncing to node: e12e6647-0917-4594-a0b8-f42d78390f6d
10-31 08:11:14.056    1752-1797/? D/ConnectivityService﹕ Done.
10-31 08:11:14.056    1752-1797/? D/ConnectivityService﹕ Setting timer for 720seconds
10-31 08:11:14.166    1969-2570/? I/Fitness﹕ syncing: 0
10-31 08:12:34.601    2203-2205/? D/dalvikvm﹕ GC_CONCURRENT freed 460K, 23% free 2259K/2924K, paused 5ms+1ms, total 27ms
10-31 08:12:34.621    2203-2569/? I/FitnessWearable﹕ Refreshing Platform Data
10-31 08:12:34.641    1969-2104/? I/Fitness﹕ Account supported from cache: true
10-31 08:12:34.641    1969-2104/? I/Fitness﹕ schedule to sync accounts: [dwallach@gmail.com]
10-31 08:12:34.671    2203-2569/? I/FitnessWearable﹕ Completed query in 32 milliseconds
10-31 08:12:36.532    2106-2154/? W/bt-btif﹕ dm_pm_timer expires
10-31 08:12:36.532    2106-2154/? W/bt-btif﹕ dm_pm_timer expires 0
10-31 08:12:36.532    2106-2154/? W/bt-btif﹕ proc dm_pm_timer expires
10-31 08:12:39.450    2106-2154/? W/bt-btif﹕ dm_pm_timer expires
10-31 08:12:39.450    2106-2154/? W/bt-btif﹕ dm_pm_timer expires 0
10-31 08:12:39.450    2106-2154/? W/bt-btif﹕ proc dm_pm_timer expires
10-31 08:13:49.976    1969-1969/? I/Fitness﹕ WearableSyncServiceReceiver.onReceive
10-31 08:13:50.026    1969-1969/? D/WearableClient﹕ WearableClientImpl.onPostInitHandler: done
10-31 08:13:50.036    1969-2571/? I/Fitness﹕ syncing to node: e12e6647-0917-4594-a0b8-f42d78390f6d
10-31 08:13:50.076    1969-2571/? I/Fitness﹕ syncing: 0
10-31 08:14:00.096    1969-1969/? I/Fitness﹕ WearableSyncServiceReceiver.onReceive
10-31 08:14:00.106    1969-2572/? D/WearableClient﹕ WearableClientImpl.onPostInitHandler: done
10-31 08:14:00.116    1969-2572/? I/Fitness﹕ syncing to node: e12e6647-0917-4594-a0b8-f42d78390f6d
10-31 08:14:00.146    1969-1972/? D/dalvikvm﹕ GC_CONCURRENT freed 358K, 24% free 2580K/3352K, paused 3ms+3ms, total 31ms
10-31 08:14:00.176    1969-2572/? I/Fitness﹕ syncing: 0
10-31 08:14:11.649    1871-1907/? D/dalvikvm﹕ GC_FOR_ALLOC freed 152K, 15% free 7203K/8468K, paused 23ms, total 25ms
10-31 08:14:11.649    1871-1907/? I/dalvikvm-heap﹕ Grow heap (frag case) to 8.296MB for 1024016-byte allocation
10-31 08:14:11.669    1871-2076/? D/dalvikvm﹕ GC_FOR_ALLOC freed 5K, 14% free 8197K/9472K, paused 20ms, total 23ms
10-31 08:14:11.709    1752-1929/? I/ActivityManager﹕ START u0 {act=android.intent.action.MAIN cat=[android.intent.category.HOME] flg=0x10000000 cmp=com.google.android.wearable.app/com.google.android.clockwork.home.HomeActivity (has extras)} from pid 1871 on display 0
10-31 08:14:11.719    1871-1871/? E/ClockworkHome﹕ Tried to exit ambient mode, but enterAmbientMode() was never called.
10-31 08:14:11.719    1871-1871/? W/HomeRowListAdapter﹕ onRelease() called on an unknown row.
10-31 08:14:11.729    1419-1804/? D/mot_vr_audio_hw﹕ dsp_recognizer_enabled = true
10-31 08:14:11.729    1411-1411/? D/ADSPD﹕ Client cmd=0x0003, size=4
10-31 08:14:11.729    1411-1411/? D/ADSPD﹕ Trying to send to dsp while in dsp in RESET
10-31 08:14:11.729    1419-1419/? D/mot_vr_audio_hw﹕ open_input_stream(): devices = 0x80000004, rate = 8000, channels = 0x10
10-31 08:14:11.729    1419-1419/? D/mot_vr_audio_hw﹕ Created resampler for 16000->8000 Hz
10-31 08:14:11.729    1411-1411/? D/ADSPD﹕ Client cmd=0x4003, size=2
10-31 08:14:11.749    1419-2573/? D/mot_vr_audio_hw﹕ in_read waiting for hotword
10-31 08:14:11.749    1419-1528/? D/mot_vr_audio_hw﹕ dsp_recognizer_enabled = false
10-31 08:14:11.749    1411-1411/? D/ADSPD﹕ Client cmd=0x0003, size=4
10-31 08:14:11.749    1411-1411/? D/ADSPD﹕ Trying to send to dsp while in dsp in RESET
10-31 08:14:11.749    1419-2573/? W/mot_vr_audio_hw﹕ Not allowing wake() since DSP is disabled
10-31 08:14:11.759    1419-2573/? W/mot_vr_audio_hw﹕ Not allowing wake() since DSP is disabled
10-31 08:14:11.780    1411-1411/? D/ADSPD﹕ Client cmd=0x4003, size=2
10-31 08:14:11.780    1411-1411/? D/ADSPD﹕ DSP no longer used, turned off here
10-31 08:14:11.780    1419-2486/? D/mot_vr_audio_hw﹕ Input 0xb8ebc7a8 close complete
10-31 08:14:11.920    2203-2205/? D/dalvikvm﹕ GC_CONCURRENT freed 426K, 22% free 2260K/2896K, paused 3ms+2ms, total 25ms
10-31 08:14:11.930    1752-1762/? I/ActivityManager﹕ START u0 {act=android.intent.action.MAIN cat=[android.intent.category.HOME] flg=0x10000000 cmp=com.google.android.wearable.app/com.google.android.clockwork.home.HomeActivity (has extras)} from pid 1871 on display 0
10-31 08:14:11.960    1419-1528/? D/mot_vr_audio_hw﹕ dsp_recognizer_enabled = true
10-31 08:14:11.960    1411-1411/? D/ADSPD﹕ Client cmd=0x0003, size=4
10-31 08:14:11.960    1411-1411/? D/ADSPD﹕ Trying to send to dsp while in dsp in RESET
10-31 08:14:11.960    1419-1804/? D/mot_vr_audio_hw﹕ open_input_stream(): devices = 0x80000004, rate = 8000, channels = 0x10
10-31 08:14:11.960    1419-1804/? D/mot_vr_audio_hw﹕ Created resampler for 16000->8000 Hz
10-31 08:14:11.960    1411-1411/? D/ADSPD﹕ Client cmd=0x4003, size=2
10-31 08:14:11.980    1419-2575/? D/mot_vr_audio_hw﹕ in_read waiting for hotword
10-31 08:14:11.980    1419-2486/? D/mot_vr_audio_hw﹕ dsp_recognizer_enabled = false
10-31 08:14:11.980    1411-1411/? D/ADSPD﹕ Client cmd=0x0003, size=4
10-31 08:14:11.980    1411-1411/? D/ADSPD﹕ Trying to send to dsp while in dsp in RESET
10-31 08:14:11.980    1419-2575/? W/mot_vr_audio_hw﹕ Not allowing wake() since DSP is disabled
10-31 08:14:11.990    1419-2575/? W/mot_vr_audio_hw﹕ Not allowing wake() since DSP is disabled
10-31 08:14:12.010    1411-1411/? D/ADSPD﹕ Client cmd=0x4003, size=2
10-31 08:14:12.010    1411-1411/? D/ADSPD﹕ DSP no longer used, turned off here
10-31 08:14:12.010    1419-1419/? D/mot_vr_audio_hw﹕ Input 0xb8ebc7a8 close complete
10-31 08:14:12.040    1900-2039/? D/dalvikvm﹕ GC_FOR_ALLOC freed 334K, 30% free 2231K/3180K, paused 28ms, total 34ms
10-31 08:14:14.132    2106-2154/? W/bt-btif﹕ dm_pm_timer expires
10-31 08:14:14.132    2106-2154/? W/bt-btif﹕ dm_pm_timer expires 0
10-31 08:14:14.132    2106-2154/? W/bt-btif﹕ proc dm_pm_timer expires
10-31 08:16:00.086    1969-1969/? I/Fitness﹕ WearableSyncServiceReceiver.onReceive
10-31 08:16:00.086    1752-1803/? I/ActivityManager﹕ Delay finish: com.google.android.gms/.fitness.wearables.WearableSyncServiceReceiver
10-31 08:16:00.106    1969-2577/? D/WearableClient﹕ WearableClientImpl.onPostInitHandler: done
10-31 08:16:00.106    1969-2577/? I/Fitness﹕ syncing to node: e12e6647-0917-4594-a0b8-f42d78390f6d
10-31 08:16:00.146    1969-2577/? I/Fitness﹕ syncing: 0
10-31 08:16:00.206    1752-2337/? I/ActivityManager﹕ Resuming delayed broadcast
10-31 08:18:00.096    1969-1969/? I/Fitness﹕ WearableSyncServiceReceiver.onReceive
10-31 08:18:00.096    1752-1897/? I/ActivityManager﹕ Delay finish: com.google.android.gms/.fitness.wearables.WearableSyncServiceReceiver
10-31 08:18:00.116    1969-2578/? D/WearableClient﹕ WearableClientImpl.onPostInitHandler: done
10-31 08:18:00.116    1969-2578/? I/Fitness﹕ syncing to node: e12e6647-0917-4594-a0b8-f42d78390f6d
10-31 08:18:00.156    1969-2578/? I/Fitness﹕ syncing: 0
10-31 08:18:00.226    1752-1897/? I/ActivityManager﹕ Resuming delayed broadcast
10-31 08:19:52.066    1871-1871/? E/StreamVibrator﹕ Found notifications that tried to vibrate, but they never made it to the top of the stream. Not vibrating.
10-31 08:21:52.016    2203-2205/? D/dalvikvm﹕ GC_CONCURRENT freed 408K, 23% free 2252K/2896K, paused 5ms+1ms, total 37ms
10-31 08:22:00.096    1969-1969/? I/Fitness﹕ WearableSyncServiceReceiver.onReceive
10-31 08:22:00.096    1752-1803/? I/ActivityManager﹕ Delay finish: com.google.android.gms/.fitness.wearables.WearableSyncServiceReceiver
10-31 08:22:00.116    1969-2579/? D/WearableClient﹕ WearableClientImpl.onPostInitHandler: done
10-31 08:22:00.116    1969-2579/? I/Fitness﹕ syncing to node: e12e6647-0917-4594-a0b8-f42d78390f6d
10-31 08:22:00.156    1969-2579/? I/Fitness﹕ syncing: 0
10-31 08:22:00.216    1752-1803/? I/ActivityManager﹕ Resuming delayed broadcast
10-31 08:25:02.036    1969-1969/? I/Fitness﹕ WearableSyncServiceReceiver.onReceive
10-31 08:25:02.046    1752-1762/? I/ActivityManager﹕ Delay finish: com.google.android.gms/.fitness.wearables.WearableSyncServiceReceiver
10-31 08:25:02.076    1969-2580/? D/WearableClient﹕ WearableClientImpl.onPostInitHandler: done
10-31 08:25:02.086    1969-1972/? D/dalvikvm﹕ GC_CONCURRENT freed 354K, 22% free 2624K/3352K, paused 2ms+21ms, total 39ms
10-31 08:25:02.096    1969-2580/? I/Fitness﹕ syncing to node: e12e6647-0917-4594-a0b8-f42d78390f6d
10-31 08:25:02.186    1969-2580/? I/Fitness﹕ syncing: 0
10-31 08:25:02.256    1752-1897/? I/ActivityManager﹕ Resuming delayed broadcast
10-31 08:26:00.126    2291-2291/? D/WearApiHelper﹕ sendMessage: /SYNC_NEEDED
10-31 08:26:00.136    2291-2291/? D/WearApiHelper﹕ Not connected waiting connection
10-31 08:26:00.146    2291-2291/? D/WearableClient﹕ WearableClientImpl.onPostInitHandler: done
10-31 08:26:00.146    2291-2291/? D/WearApiHelper﹕ Finally connected! Sending message: /SYNC_NEEDED
10-31 08:26:00.156    2291-2291/? D/WearApiHelper﹕ Stack 0
10-31 08:26:00.396    2203-2205/? D/dalvikvm﹕ GC_CONCURRENT freed 387K, 22% free 2269K/2896K, paused 2ms+4ms, total 20ms
10-31 08:26:00.687    2291-2581/? D/dalvikvm﹕ GC_FOR_ALLOC freed 364K, 21% free 2408K/3012K, paused 11ms, total 12ms
10-31 08:26:00.937    1900-2187/? D/dalvikvm﹕ GC_FOR_ALLOC freed 322K, 30% free 2231K/3180K, paused 42ms, total 43ms
10-31 08:26:01.317    1900-2187/? D/dalvikvm﹕ GC_FOR_ALLOC freed 195K, 31% free 2224K/3180K, paused 51ms, total 55ms
10-31 08:26:01.698    1900-2187/? D/dalvikvm﹕ GC_FOR_ALLOC freed 152K, 30% free 2235K/3180K, paused 42ms, total 64ms
10-31 08:26:03.980    2106-2154/? W/bt-btif﹕ dm_pm_timer expires
10-31 08:26:03.980    2106-2154/? W/bt-btif﹕ dm_pm_timer expires 0
10-31 08:26:03.980    2106-2154/? W/bt-btif﹕ proc dm_pm_timer expires
10-31 08:26:49.535    1752-1769/? D/SensorHALGestureSensor﹕ Gesture event received! time = 1414762009537666564
10-31 08:26:49.535    1752-1762/? I/PowerManagerService﹕ Waking up from sleep...
10-31 08:26:49.535    1752-1776/? W/KeyguardServiceDelegate﹕ onScreenTurnedOn(): no keyguard service!
10-31 08:26:49.665    1752-1762/? D/PowerManagerService-JNI﹕ Excessive delay in autosuspend_disable() while turning screen on: 120ms
10-31 08:26:49.665    1752-1762/? D/MinnowPowerHAL﹕ power_set_interactive: 1
10-31 08:26:49.665    1752-1762/? D/MinnowPowerHAL﹕ sysfs_write: /sys/devices/platform/omapdss/display0/interactivemode 1
10-31 08:26:49.695    1752-1762/? D/MinnowPowerHAL﹕ sysfs_write: /sys/devices/ocp.2/i2c.6/i2c-0/0-004a/interactivemode 1
10-31 08:26:49.695    1752-1762/? D/MinnowPowerHAL﹕ sysfs_write: /sys/class/leds/lcd-backlight/interactive 1
10-31 08:26:49.695    1752-1762/? D/mot_vr_audio_hw﹕ dsp_set_pm_state = on
10-31 08:26:49.695    1411-1411/? D/ADSPD﹕ Client cmd=0x4002, size=2
10-31 08:26:49.695    1411-1411/? D/ADSPD﹕ DSP_CMD_DAEMON_SET_PM_STATE : 1
10-31 08:26:49.695    1752-1762/? D/PowerManagerService-JNI﹕ Excessive delay in setInteractive(true) while turning screen on: 34ms
10-31 08:26:49.705    2045-2045/? V/WearActivity﹕ Resume!
10-31 08:26:49.715    1411-1411/? D/ADSPD﹕ ACK success!
10-31 08:26:49.715    1752-1752/? W/InputMethodManagerService﹕ Ignoring setImeWindowStatus of uid 1000 token: null
10-31 08:26:49.735    1419-2486/? D/mot_vr_audio_hw﹕ dsp_recognizer_enabled = true
10-31 08:26:49.735    1411-1411/? D/ADSPD﹕ Client cmd=0x0003, size=4
10-31 08:26:49.735    1419-1528/? D/mot_vr_audio_hw﹕ open_input_stream(): devices = 0x80000004, rate = 8000, channels = 0x10
10-31 08:26:49.735    1419-1528/? D/mot_vr_audio_hw﹕ Created resampler for 16000->8000 Hz
10-31 08:26:49.745    1411-1411/? D/ADSPD﹕ Received from DSP: cmd=0x8003, size=2
10-31 08:26:49.745    1411-1411/? D/ADSPD﹕ Client cmd=0x4003, size=2
10-31 08:26:49.745    1419-2018/? D/mot_vr_audio_hw﹕ received recognition control callback, status 0
10-31 08:26:49.745    1419-2582/? D/mot_vr_audio_hw﹕ in_read waiting for hotword
10-31 08:26:49.835    1417-1417/? D/SurfaceFlinger﹕ Screen acquired, type=0 flinger=0xb7fc2448
10-31 08:26:49.835    1417-1417/? D/hwcomposer﹕ hwc_blank(0: 0)
10-31 08:26:49.835    1752-1778/? I/DisplayManagerService﹕ Display device changed: DisplayDeviceInfo{"Built-in Screen": 320 x 290, 45.000004 fps, density 213, 203.2 x 204.61111 dpi, touch INTERNAL, rotation 0, type BUILT_IN, state ON, FLAG_DEFAULT_DISPLAY, FLAG_ROTATES_WITH_CONTENT, FLAG_SECURE, FLAG_SUPPORTS_PROTECTED_BUFFERS}
10-31 08:26:49.835    1752-1752/? V/ActivityManager﹕ Display changed displayId=0
10-31 08:26:49.855    2045-2045/? V/WearActivity﹕ display changed: 0, new state: 2
10-31 08:26:49.855    2045-2045/? V/WearActivity﹕ onDisplayChanged: on!
10-31 08:26:49.855    2045-2045/? V/WearActivity﹕ killing alarms
10-31 08:26:49.855    2045-2045/? V/WearActivity﹕ startHelper: putting it all back together again
10-31 08:26:49.855    2045-2045/? V/WearActivity﹕ initAlarm: setting up
10-31 08:26:49.865    2045-2045/? I/ClockFace﹕ Ambient mode: false
10-31 08:26:49.865    2045-2045/? V/MyViewAnim﹕ resumeMaxHertz
10-31 08:26:49.865    2045-2045/? V/ClockFace﹕ clearing caches
10-31 08:26:49.865    2045-2045/? V/MyViewAnim﹕ starting new animator
10-31 08:26:49.865    2045-2045/? V/MyViewAnim﹕ Time listener is up!
10-31 08:26:49.865    2045-2045/? V/MyViewAnim﹕ starting new draw thread
10-31 08:26:49.895    1752-1797/? D/ConnectivityService﹕ Sampling interval elapsed, updating statistics ..
10-31 08:26:49.925    1752-1797/? D/ConnectivityService﹕ Done.
10-31 08:26:49.925    1752-1797/? D/ConnectivityService﹕ Setting timer for 720seconds
10-31 08:26:49.925    1752-1803/? D/SensorHAL﹕ adjustSensorHandle: handle = 9 adjustedHandle = 1
10-31 08:26:49.925    1752-1803/? D/SensorHAL﹕ adjustSensorHandle: handle = 9 adjustedHandle = 1
10-31 08:26:49.945    1752-1762/? D/SensorHAL﹕ adjustSensorHandle: handle = 9 adjustedHandle = 1
10-31 08:26:49.965    2045-2585/? V/ClockFace﹕ rendering new face, faceMode(0)
10-31 08:26:49.995    2045-2585/? V/ClockFace﹕ fetching new battery status (1427)
10-31 08:26:49.995    2045-2585/? V/ClockFace﹕ battery at 0.91
10-31 08:26:50.125    2291-2291/? D/WearApiHelper﹕ sendMessage: /SYNC_NEEDED
10-31 08:26:50.125    2291-2291/? D/WearApiHelper﹕ Already connected. Sending message: /SYNC_NEEDED
10-31 08:26:50.185    2291-2291/? D/WearApiHelper﹕ Disconnecting
10-31 08:26:50.255    2291-2581/? D/WearableClient﹕ WearableClientImpl.onPostInitHandler: done
