03-01 10:57:00.136 I/ActivityManager( 1737): START u0 {act=android.intent.action.MAIN cat=[android.intent.category.HOME] flg=0x10000000 cmp=com.google.android.wearable.app/com.google.android.clockwork.home.HomeActivity (has extras)} from uid 10002 on display 0
03-01 10:57:00.142 I/UsageStatsService( 1737): User[0] Flushing usage stats to disk
03-01 10:57:00.204 D/mot_vr_audio_hw( 1420): dsp_recognizer_enabled = false
03-01 10:57:00.204 D/ADSPD   ( 1413): Client cmd=0x0003, size=4
03-01 10:57:00.205 D/ADSPD   ( 1413): Trying to send to dsp while in dsp in RESET
03-01 10:57:00.205 E/audio_a2dp_hw( 1420): adev_set_parameters: ERROR: set param called even when stream out is null
03-01 10:57:08.748 I/UsageStatsDatabase( 1737): Moving file /data/system/usagestats/0/daily/1424563316380 to /data/system/usagestats/0/daily/1424563318528
03-01 10:57:08.749 I/UsageStatsDatabase( 1737): Moving file /data/system/usagestats/0/daily/1424649696995 to /data/system/usagestats/0/daily/1424649699143
03-01 10:57:08.750 I/UsageStatsDatabase( 1737): Moving file /data/system/usagestats/0/daily/1424736075506 to /data/system/usagestats/0/daily/1424736077654
03-01 10:57:08.750 I/UsageStatsDatabase( 1737): Moving file /data/system/usagestats/0/daily/1424822473364 to /data/system/usagestats/0/daily/1424822475512
03-01 10:57:08.751 I/UsageStatsDatabase( 1737): Moving file /data/system/usagestats/0/daily/1424908867678 to /data/system/usagestats/0/daily/1424908869826
03-01 10:57:08.751 I/UsageStatsDatabase( 1737): Moving file /data/system/usagestats/0/daily/1424995257420 to /data/system/usagestats/0/daily/1424995259568
03-01 10:57:08.752 I/UsageStatsDatabase( 1737): Moving file /data/system/usagestats/0/daily/1425081634352 to /data/system/usagestats/0/daily/1425081636500
03-01 10:57:08.753 I/UsageStatsDatabase( 1737): Moving file /data/system/usagestats/0/daily/1425168002188 to /data/system/usagestats/0/daily/1425168004336
03-01 10:57:08.753 I/UsageStatsDatabase( 1737): Moving file /data/system/usagestats/0/weekly/1423094899065 to /data/system/usagestats/0/weekly/1423094901213
03-01 10:57:08.754 I/UsageStatsDatabase( 1737): Moving file /data/system/usagestats/0/weekly/1423699591710 to /data/system/usagestats/0/weekly/1423699593858
03-01 10:57:08.754 I/UsageStatsDatabase( 1737): Moving file /data/system/usagestats/0/weekly/1424304222294 to /data/system/usagestats/0/weekly/1424304224442
03-01 10:57:08.755 I/UsageStatsDatabase( 1737): Moving file /data/system/usagestats/0/weekly/1424908867678 to /data/system/usagestats/0/weekly/1424908869826
03-01 10:57:08.755 I/UsageStatsDatabase( 1737): Moving file /data/system/usagestats/0/monthly/1420416605821 to /data/system/usagestats/0/monthly/1420416607969
03-01 10:57:08.756 I/UsageStatsDatabase( 1737): Moving file /data/system/usagestats/0/monthly/1423008520862 to /data/system/usagestats/0/monthly/1423008523010
03-01 10:57:08.756 I/UsageStatsDatabase( 1737): Moving file /data/system/usagestats/0/yearly/1419120605821 to /data/system/usagestats/0/yearly/1419120607969
03-01 10:57:08.922 I/UsageStatsService( 1737): User[0] Rollover scheduled @ 2015-03-01 18:00:00(1425254400000)
03-01 10:58:01.805 I/ActivityManager( 1737): START u0 {act=android.intent.action.MAIN cat=[android.intent.category.HOME] flg=0x10000000 cmp=com.google.android.wearable.app/com.google.android.clockwork.home.HomeActivity (has extras)} from uid 10002 on display 0
03-01 10:58:01.875 D/mot_vr_audio_hw( 1420): dsp_recognizer_enabled = false
03-01 10:58:01.875 D/ADSPD   ( 1413): Client cmd=0x0003, size=4
03-01 10:58:01.876 D/ADSPD   ( 1413): Trying to send to dsp while in dsp in RESET
03-01 10:58:01.876 E/audio_a2dp_hw( 1420): adev_set_parameters: ERROR: set param called even when stream out is null
03-01 10:59:01.798 I/ActivityManager( 1737): START u0 {act=android.intent.action.MAIN cat=[android.intent.category.HOME] flg=0x10000000 cmp=com.google.android.wearable.app/com.google.android.clockwork.home.HomeActivity (has extras)} from uid 10002 on display 0
03-01 10:59:01.867 D/mot_vr_audio_hw( 1420): dsp_recognizer_enabled = false
03-01 10:59:01.867 D/ADSPD   ( 1413): Client cmd=0x0003, size=4
03-01 10:59:01.868 D/ADSPD   ( 1413): Trying to send to dsp while in dsp in RESET
03-01 10:59:01.869 E/audio_a2dp_hw( 1420): adev_set_parameters: ERROR: set param called even when stream out is null
03-01 10:59:02.001 I/TimeWrapper(16903): FPS: 0.033248186, samples: 2
03-01 10:59:02.001 I/TimeWrapper(16903): Min/Avg/Max frame render speed (ms): 4.27246 / 5.477905 / 6.68335
03-01 10:59:02.001 I/TimeWrapper(16903): Waketime: 0.018213043%
03-01 10:59:33.597 E/libsuspend( 1737): Error writing to /sys/power/state: Device or resource busy
03-01 11:00:01.798 I/ActivityManager( 1737): START u0 {act=android.intent.action.MAIN cat=[android.intent.category.HOME] flg=0x10000000 cmp=com.google.android.wearable.app/com.google.android.clockwork.home.HomeActivity (has extras)} from uid 10002 on display 0
03-01 11:00:01.818 V/ClockState(16903): clipping 3 raw events to fit the screen
03-01 11:00:01.820 V/EventLayoutUniform(16903): Event layout success.
03-01 11:00:01.820 V/EventLayoutUniform(16903): Event layout time: 1.678466 ms
03-01 11:00:01.820 V/ClockState(16903): maxLevel for new events: 10000
03-01 11:00:01.820 V/ClockState(16903): number of new events: 1
03-01 11:00:01.865 D/mot_vr_audio_hw( 1420): dsp_recognizer_enabled = false
03-01 11:00:01.866 D/ADSPD   ( 1413): Client cmd=0x0003, size=4
03-01 11:00:01.867 D/ADSPD   ( 1413): Trying to send to dsp while in dsp in RESET
03-01 11:00:01.867 E/audio_a2dp_hw( 1420): adev_set_parameters: ERROR: set param called even when stream out is null
03-01 11:01:00.327 I/ActivityManager( 1737): START u0 {act=android.intent.action.MAIN cat=[android.intent.category.HOME] flg=0x10000000 cmp=com.google.android.wearable.app/com.google.android.clockwork.home.HomeActivity (has extras)} from uid 10002 on display 0
03-01 11:01:00.435 D/mot_vr_audio_hw( 1420): dsp_recognizer_enabled = false
03-01 11:01:00.435 D/ADSPD   ( 1413): Client cmd=0x0003, size=4
03-01 11:01:00.436 D/ADSPD   ( 1413): Trying to send to dsp while in dsp in RESET
03-01 11:01:00.437 E/audio_a2dp_hw( 1420): adev_set_parameters: ERROR: set param called even when stream out is null
03-01 11:02:01.798 I/ActivityManager( 1737): START u0 {act=android.intent.action.MAIN cat=[android.intent.category.HOME] flg=0x10000000 cmp=com.google.android.wearable.app/com.google.android.clockwork.home.HomeActivity (has extras)} from uid 10002 on display 0
03-01 11:02:01.827 I/TimeWrapper(16903): FPS: 0.016668765, samples: 2
03-01 11:02:01.828 I/TimeWrapper(16903): Min/Avg/Max frame render speed (ms): 4.302978 / 4.318237 / 4.333496
03-01 11:02:01.828 I/TimeWrapper(16903): Waketime: 0.007197968%
03-01 11:02:01.866 D/mot_vr_audio_hw( 1420): dsp_recognizer_enabled = false
03-01 11:02:01.866 D/ADSPD   ( 1413): Client cmd=0x0003, size=4
03-01 11:02:01.867 D/ADSPD   ( 1413): Trying to send to dsp while in dsp in RESET
03-01 11:02:01.868 E/audio_a2dp_hw( 1420): adev_set_parameters: ERROR: set param called even when stream out is null
03-01 11:03:01.797 I/ActivityManager( 1737): START u0 {act=android.intent.action.MAIN cat=[android.intent.category.HOME] flg=0x10000000 cmp=com.google.android.wearable.app/com.google.android.clockwork.home.HomeActivity (has extras)} from uid 10002 on display 0
03-01 11:03:01.823 I/AmbientMode( 1932): Already waited for 30 minutes. Start off-body detection.
03-01 11:03:01.873 D/mot_vr_audio_hw( 1420): dsp_recognizer_enabled = false
03-01 11:03:01.873 D/ADSPD   ( 1413): Client cmd=0x0003, size=4
03-01 11:03:01.874 D/ADSPD   ( 1413): Trying to send to dsp while in dsp in RESET
03-01 11:03:01.874 E/audio_a2dp_hw( 1420): adev_set_parameters: ERROR: set param called even when stream out is null
03-01 11:03:10.798 I/ActivityManager( 1737): Delay finish: com.motorola.targetnotif/com.motorola.omni.NotificationAlarmReceiver
03-01 11:03:10.843 I/ActivityManager( 1737): Resuming delayed broadcast
03-01 11:03:10.868 I/ActivityManager( 1737): Delay finish: com.google.android.gms/.checkin.EventLogService$Receiver
03-01 11:03:10.892 I/EventLogService(26940): Aggregate from 1425227413987 (log), 1425227413987 (data)
03-01 11:03:11.035 I/ActivityManager( 1737): Resuming delayed broadcast+++ LOG: write partial (71 of 72)
03-01 11:04:00.130 I/ActivityManager( 1737): START u0 {act=android.intent.action.MAIN cat=[android.intent.category.HOME] flg=0x10000000 cmp=com.google.android.wearable.app/com.google.android.clockwork.home.HomeActivity (has extras)} from uid 10002 on display 0
03-01 11:04:00.201 D/mot_vr_audio_hw( 1420): dsp_recognizer_enabled = false
03-01 11:04:00.202 D/ADSPD   ( 1413): Client cmd=0x0003, size=4
03-01 11:04:00.203 D/ADSPD   ( 1413): Trying to send to dsp while in dsp in RESET
03-01 11:04:00.203 E/audio_a2dp_hw( 1420): adev_set_parameters: ERROR: set param called even when stream out is null
03-01 11:04:44.492 I/TimeWrapper(16903): FPS: 0.029217977, samples: 3
03-01 11:04:44.492 I/TimeWrapper(16903): Min/Avg/Max frame render speed (ms): 12.60376 / 13.407389 / 14.099122
03-01 11:04:44.492 I/TimeWrapper(16903): Waketime: 0.039173678%
03-01 11:05:01.808 I/ActivityManager( 1737): START u0 {act=android.intent.action.MAIN cat=[android.intent.category.HOME] flg=0x10000000 cmp=com.google.android.wearable.app/com.google.android.clockwork.home.HomeActivity (has extras)} from uid 10002 on display 0
03-01 11:05:01.876 D/mot_vr_audio_hw( 1420): dsp_recognizer_enabled = false
03-01 11:05:01.877 D/ADSPD   ( 1413): Client cmd=0x0003, size=4
03-01 11:05:01.878 D/ADSPD   ( 1413): Trying to send to dsp while in dsp in RESET
03-01 11:05:01.878 E/audio_a2dp_hw( 1420): adev_set_parameters: ERROR: set param called even when stream out is null
03-01 11:06:01.799 I/ActivityManager( 1737): START u0 {act=android.intent.action.MAIN cat=[android.intent.category.HOME] flg=0x10000000 cmp=com.google.android.wearable.app/com.google.android.clockwork.home.HomeActivity (has extras)} from uid 10002 on display 0
03-01 11:06:01.828 I/TimeWrapper(16903): FPS: 0.03332772, samples: 2
03-01 11:06:01.828 I/TimeWrapper(16903): Min/Avg/Max frame render speed (ms): 4.302979 / 8.789062 / 13.275146
03-01 11:06:01.828 I/TimeWrapper(16903): Waketime: 0.02929194%
03-01 11:06:01.867 D/mot_vr_audio_hw( 1420): dsp_recognizer_enabled = false
03-01 11:06:01.867 D/ADSPD   ( 1413): Client cmd=0x0003, size=4
03-01 11:06:01.868 D/ADSPD   ( 1413): Trying to send to dsp while in dsp in RESET
03-01 11:06:01.869 E/audio_a2dp_hw( 1420): adev_set_parameters: ERROR: set param called even when stream out is null
03-01 11:06:39.801 W/bt-smp  (22890): Key(LSB ~ MSB) = 4f 5b ae f6 a9 35 d0 df 6e 0d fa be 31 49 e9 15 
03-01 11:06:39.801 W/bt-smp  (22890): Plain text(LSB ~ MSB) = fb 68 52 00 00 00 00 00 00 00 00 00 00 00 00 00 
03-01 11:06:39.801 W/bt-smp  (22890): Encrypted text(LSB ~ MSB) = 29 33 c3 5f 92 9e d7 32 4a 63 8e bf b7 67 4a 0f 
03-01 11:06:39.801 W/bt-btm  (22890): Stopping oneshot timer
03-01 11:06:40.283 E/libsuspend( 1737): Error writing to /sys/power/state: Device or resource busy
03-01 11:07:01.798 I/ActivityManager( 1737): START u0 {act=android.intent.action.MAIN cat=[android.intent.category.HOME] flg=0x10000000 cmp=com.google.android.wearable.app/com.google.android.clockwork.home.HomeActivity (has extras)} from uid 10002 on display 0
03-01 11:07:01.867 D/mot_vr_audio_hw( 1420): dsp_recognizer_enabled = false
03-01 11:07:01.867 D/ADSPD   ( 1413): Client cmd=0x0003, size=4
03-01 11:07:01.868 D/ADSPD   ( 1413): Trying to send to dsp while in dsp in RESET
03-01 11:07:01.868 E/audio_a2dp_hw( 1420): adev_set_parameters: ERROR: set param called even when stream out is null
03-01 11:08:01.803 I/ActivityManager( 1737): START u0 {act=android.intent.action.MAIN cat=[android.intent.category.HOME] flg=0x10000000 cmp=com.google.android.wearable.app/com.google.android.clockwork.home.HomeActivity (has extras)} from uid 10002 on display 0
03-01 11:08:01.868 D/mot_vr_audio_hw( 1420): dsp_recognizer_enabled = false
03-01 11:08:01.868 D/ADSPD   ( 1413): Client cmd=0x0003, size=4
03-01 11:08:01.869 D/ADSPD   ( 1413): Trying to send to dsp while in dsp in RESET
03-01 11:08:01.869 E/audio_a2dp_hw( 1420): adev_set_parameters: ERROR: set param called even when stream out is null
03-01 11:09:01.798 I/ActivityManager( 1737): START u0 {act=android.intent.action.MAIN cat=[android.intent.category.HOME] flg=0x10000000 cmp=com.google.android.wearable.app/com.google.android.clockwork.home.HomeActivity (has extras)} from uid 10002 on display 0
03-01 11:09:01.828 I/TimeWrapper(16903): FPS: 0.016667908, samples: 2
03-01 11:09:01.828 I/TimeWrapper(16903): Min/Avg/Max frame render speed (ms): 4.333496 / 10.513305 / 16.693115
03-01 11:09:01.828 I/TimeWrapper(16903): Waketime: 0.017523482%
03-01 11:09:01.867 D/mot_vr_audio_hw( 1420): dsp_recognizer_enabled = false
03-01 11:09:01.867 D/ADSPD   ( 1413): Client cmd=0x0003, size=4
03-01 11:09:01.868 D/ADSPD   ( 1413): Trying to send to dsp while in dsp in RESET
03-01 11:09:01.868 E/audio_a2dp_hw( 1420): adev_set_parameters: ERROR: set param called even when stream out is null
03-01 11:10:01.852 I/ActivityManager( 1737): START u0 {act=android.intent.action.MAIN cat=[android.intent.category.HOME] flg=0x10000000 cmp=com.google.android.wearable.app/com.google.android.clockwork.home.HomeActivity (has extras)} from uid 10002 on display 0
03-01 11:10:01.973 W/CwCal   ( 1932): CalHomeUtil.updateBackground:bundle dismissed, do nothing
03-01 11:10:01.976 D/mot_vr_audio_hw( 1420): dsp_recognizer_enabled = false
03-01 11:10:01.976 D/ADSPD   ( 1413): Client cmd=0x0003, size=4
03-01 11:10:01.977 D/ADSPD   ( 1413): Trying to send to dsp while in dsp in RESET
03-01 11:10:01.977 E/audio_a2dp_hw( 1420): adev_set_parameters: ERROR: set param called even when stream out is null
03-01 11:10:04.423 W/bt-btif (22890): dm_pm_timer expires
03-01 11:10:04.423 W/bt-btif (22890): dm_pm_timer expires 0
03-01 11:10:04.424 W/bt-btif (22890): proc dm_pm_timer expires
03-01 11:10:06.466 W/bt-btif (22890): dm_pm_timer expires
03-01 11:10:06.466 W/bt-btif (22890): dm_pm_timer expires 0
03-01 11:10:06.467 W/bt-btif (22890): proc dm_pm_timer expires
03-01 11:11:01.798 I/ActivityManager( 1737): START u0 {act=android.intent.action.MAIN cat=[android.intent.category.HOME] flg=0x10000000 cmp=com.google.android.wearable.app/com.google.android.clockwork.home.HomeActivity (has extras)} from uid 10002 on display 0
03-01 11:11:01.866 D/mot_vr_audio_hw( 1420): dsp_recognizer_enabled = false
03-01 11:11:01.867 D/ADSPD   ( 1413): Client cmd=0x0003, size=4
03-01 11:11:01.867 D/ADSPD   ( 1413): Trying to send to dsp while in dsp in RESET
03-01 11:11:01.868 E/audio_a2dp_hw( 1420): adev_set_parameters: ERROR: set param called even when stream out is null
03-01 11:11:11.787 E/libsuspend( 1737): Error writing to /sys/power/state: Device or resource busy
03-01 11:12:01.799 I/ActivityManager( 1737): START u0 {act=android.intent.action.MAIN cat=[android.intent.category.HOME] flg=0x10000000 cmp=com.google.android.wearable.app/com.google.android.clockwork.home.HomeActivity (has extras)} from uid 10002 on display 0
03-01 11:12:01.836 I/TimeWrapper(16903): FPS: 0.025002372, samples: 3
03-01 11:12:01.836 I/TimeWrapper(16903): Min/Avg/Max frame render speed (ms): 4.425048 / 9.918213 / 14.282227
03-01 11:12:01.836 I/TimeWrapper(16903): Waketime: 0.024797885%
03-01 11:12:01.881 D/mot_vr_audio_hw( 1420): dsp_recognizer_enabled = false
03-01 11:12:01.881 D/ADSPD   ( 1413): Client cmd=0x0003, size=4
03-01 11:12:01.882 D/ADSPD   ( 1413): Trying to send to dsp while in dsp in RESET
03-01 11:12:01.883 E/audio_a2dp_hw( 1420): adev_set_parameters: ERROR: set param called even when stream out is null
03-01 11:13:01.797 I/ActivityManager( 1737): START u0 {act=android.intent.action.MAIN cat=[android.intent.category.HOME] flg=0x10000000 cmp=com.google.android.wearable.app/com.google.android.clockwork.home.HomeActivity (has extras)} from uid 10002 on display 0
03-01 11:13:01.867 D/mot_vr_audio_hw( 1420): dsp_recognizer_enabled = false
03-01 11:13:01.867 D/ADSPD   ( 1413): Client cmd=0x0003, size=4
03-01 11:13:01.868 D/ADSPD   ( 1413): Trying to send to dsp while in dsp in RESET
03-01 11:13:01.869 E/audio_a2dp_hw( 1420): adev_set_parameters: ERROR: set param called even when stream out is null
03-01 11:14:01.799 I/ActivityManager( 1737): START u0 {act=android.intent.action.MAIN cat=[android.intent.category.HOME] flg=0x10000000 cmp=com.google.android.wearable.app/com.google.android.clockwork.home.HomeActivity (has extras)} from uid 10002 on display 0
03-01 11:14:01.874 D/mot_vr_audio_hw( 1420): dsp_recognizer_enabled = false
03-01 11:14:01.874 D/ADSPD   ( 1413): Client cmd=0x0003, size=4
03-01 11:14:01.875 D/ADSPD   ( 1413): Trying to send to dsp while in dsp in RESET
03-01 11:14:01.875 E/audio_a2dp_hw( 1420): adev_set_parameters: ERROR: set param called even when stream out is null
03-01 11:15:01.799 I/ActivityManager( 1737): START u0 {act=android.intent.action.MAIN cat=[android.intent.category.HOME] flg=0x10000000 cmp=com.google.android.wearable.app/com.google.android.clockwork.home.HomeActivity (has extras)} from uid 10002 on display 0
03-01 11:15:01.917 I/art     ( 1737): Explicit concurrent mark sweep GC freed 29814(1451KB) AllocSpace objects, 12(223KB) LOS objects, 16% free, 9MB/11MB, paused 1.708ms total 118.560ms
03-01 11:15:01.937 I/TimeWrapper(16903): FPS: 0.01665273, samples: 2
03-01 11:15:01.937 I/TimeWrapper(16903): Min/Avg/Max frame render speed (ms): 4.302979 / 7.369995 / 10.437012
03-01 11:15:01.937 I/TimeWrapper(16903): Waketime: 0.012273055%
03-01 11:15:02.023 I/art     ( 2086): Explicit concurrent mark sweep GC freed 4400(194KB) AllocSpace objects, 0(0B) LOS objects, 27% free, 1320KB/1832KB, paused 488us total 30.120ms
03-01 11:15:02.039 D/mot_vr_audio_hw( 1420): dsp_recognizer_enabled = false
03-01 11:15:02.039 D/ADSPD   ( 1413): Client cmd=0x0003, size=4
03-01 11:15:02.040 D/ADSPD   ( 1413): Trying to send to dsp while in dsp in RESET
03-01 11:15:02.040 E/audio_a2dp_hw( 1420): adev_set_parameters: ERROR: set param called even when stream out is null
03-01 11:16:01.827 I/ActivityManager( 1737): START u0 {act=android.intent.action.MAIN cat=[android.intent.category.HOME] flg=0x10000000 cmp=com.google.android.wearable.app/com.google.android.clockwork.home.HomeActivity (has extras)} from uid 10002 on display 0
03-01 11:16:01.894 I/ActivityManager( 1737): Delay finish: com.motorola.targetnotif/com.motorola.omni.NotificationAlarmReceiver
03-01 11:16:01.905 I/ActivityManager( 1737): Resuming delayed broadcast
03-01 11:16:01.918 D/mot_vr_audio_hw( 1420): dsp_recognizer_enabled = false
03-01 11:16:01.918 D/ADSPD   ( 1413): Client cmd=0x0003, size=4
03-01 11:16:01.919 D/ADSPD   ( 1413): Trying to send to dsp while in dsp in RESET
03-01 11:16:01.920 E/audio_a2dp_hw( 1420): adev_set_parameters: ERROR: set param called even when stream out is null
03-01 11:17:01.797 I/ActivityManager( 1737): START u0 {act=android.intent.action.MAIN cat=[android.intent.category.HOME] flg=0x10000000 cmp=com.google.android.wearable.app/com.google.android.clockwork.home.HomeActivity (has extras)} from uid 10002 on display 0
03-01 11:17:01.812 I/TimeWrapper(16903): FPS: 0.016721528, samples: 2
03-01 11:17:01.812 I/TimeWrapper(16903): Min/Avg/Max frame render speed (ms): 4.211426 / 4.302978 / 4.394531
03-01 11:17:01.812 I/TimeWrapper(16903): Waketime: 0.0071952376%
03-01 11:17:01.865 D/mot_vr_audio_hw( 1420): dsp_recognizer_enabled = false
03-01 11:17:01.865 D/ADSPD   ( 1413): Client cmd=0x0003, size=4
03-01 11:17:01.866 D/ADSPD   ( 1413): Trying to send to dsp while in dsp in RESET
03-01 11:17:01.866 E/audio_a2dp_hw( 1420): adev_set_parameters: ERROR: set param called even when stream out is null
03-01 11:18:01.798 I/ActivityManager( 1737): START u0 {act=android.intent.action.MAIN cat=[android.intent.category.HOME] flg=0x10000000 cmp=com.google.android.wearable.app/com.google.android.clockwork.home.HomeActivity (has extras)} from uid 10002 on display 0
03-01 11:18:01.867 D/mot_vr_audio_hw( 1420): dsp_recognizer_enabled = false
03-01 11:18:01.867 D/ADSPD   ( 1413): Client cmd=0x0003, size=4
03-01 11:18:01.868 D/ADSPD   ( 1413): Trying to send to dsp while in dsp in RESET
03-01 11:18:01.868 E/audio_a2dp_hw( 1420): adev_set_parameters: ERROR: set param called even when stream out is null
03-01 11:19:01.797 I/ActivityManager( 1737): START u0 {act=android.intent.action.MAIN cat=[android.intent.category.HOME] flg=0x10000000 cmp=com.google.android.wearable.app/com.google.android.clockwork.home.HomeActivity (has extras)} from uid 10002 on display 0
03-01 11:19:01.827 I/TimeWrapper(16903): FPS: 0.016660666, samples: 1
03-01 11:19:01.827 I/TimeWrapper(16903): Min/Avg/Max frame render speed (ms): 4.302979 / 4.302979 / 4.302979
03-01 11:19:01.827 I/TimeWrapper(16903): Waketime: 0.0071690497%
03-01 11:19:01.866 D/mot_vr_audio_hw( 1420): dsp_recognizer_enabled = false
03-01 11:19:01.866 D/ADSPD   ( 1413): Client cmd=0x0003, size=4
03-01 11:19:01.867 D/ADSPD   ( 1413): Trying to send to dsp while in dsp in RESET
03-01 11:19:01.867 E/audio_a2dp_hw( 1420): adev_set_parameters: ERROR: set param called even when stream out is null
03-01 11:20:01.798 I/ActivityManager( 1737): START u0 {act=android.intent.action.MAIN cat=[android.intent.category.HOME] flg=0x10000000 cmp=com.google.android.wearable.app/com.google.android.clockwork.home.HomeActivity (has extras)} from uid 10002 on display 0
03-01 11:20:01.867 D/mot_vr_audio_hw( 1420): dsp_recognizer_enabled = false
03-01 11:20:01.867 D/ADSPD   ( 1413): Client cmd=0x0003, size=4
03-01 11:20:01.868 D/ADSPD   ( 1413): Trying to send to dsp while in dsp in RESET
03-01 11:20:01.868 E/audio_a2dp_hw( 1420): adev_set_parameters: ERROR: set param called even when stream out is null
03-01 11:21:01.797 I/ActivityManager( 1737): START u0 {act=android.intent.action.MAIN cat=[android.intent.category.HOME] flg=0x10000000 cmp=com.google.android.wearable.app/com.google.android.clockwork.home.HomeActivity (has extras)} from uid 10002 on display 0
03-01 11:21:01.867 D/mot_vr_audio_hw( 1420): dsp_recognizer_enabled = false
03-01 11:21:01.867 D/ADSPD   ( 1413): Client cmd=0x0003, size=4
03-01 11:21:01.868 D/ADSPD   ( 1413): Trying to send to dsp while in dsp in RESET
03-01 11:21:01.868 E/audio_a2dp_hw( 1420): adev_set_parameters: ERROR: set param called even when stream out is null
03-01 11:21:10.494 D/SensorHAL( 1737): adjustSensorHandle: handle = 9 adjustedHandle = 1
03-01 11:21:10.494 D/SensorHAL( 1737): adjustSensorHandle: handle = 9 adjustedHandle = 1
03-01 11:21:10.503 D/SensorHAL( 1737): adjustSensorHandle: handle = 9 adjustedHandle = 1
03-01 11:21:10.697 I/ActivityManager( 1737): START u0 {act=android.intent.action.MAIN cat=[android.intent.category.HOME] flg=0x10000000 cmp=com.google.android.wearable.app/com.google.android.clockwork.home.HomeActivity (has extras)} from uid 10002 on display 0
03-01 11:21:10.727 W/HomeRowListAdapter( 1932): onRelease() called on an unknown row.
03-01 11:21:10.755 D/mot_vr_audio_hw( 1420): dsp_recognizer_enabled = false
03-01 11:21:10.755 D/ADSPD   ( 1413): Client cmd=0x0003, size=4
03-01 11:21:10.756 D/ADSPD   ( 1413): Trying to send to dsp while in dsp in RESET
03-01 11:21:10.757 E/audio_a2dp_hw( 1420): adev_set_parameters: ERROR: set param called even when stream out is null
03-01 11:21:10.774 D/CalWatchFaceService(16903): onPeekCardPositionUpdate: Rect(0, 0 - 0, 0) (0, 0)
03-01 11:21:10.801 I/TimeWrapper(16903): FPS: 0.028991712, samples: 2
03-01 11:21:10.801 I/TimeWrapper(16903): Min/Avg/Max frame render speed (ms): 4.425048 / 4.547119 / 4.66919
03-01 11:21:10.801 I/TimeWrapper(16903): Waketime: 0.013182877%
03-01 11:21:11.178 I/art     ( 1932): Background partial concurrent mark sweep GC freed 12727(932KB) AllocSpace objects, 3(2017KB) LOS objects, 6% free, 30MB/32MB, paused 3.143ms total 160.919ms
03-01 11:21:11.263 E/bt-btif (22890): send none, EAGAIN or EWOULDBLOCK, errno:11
03-01 11:21:11.291 V/wearable(26930): ensureBuffersHaveSpace: increasing size from 1637 to 13517
03-01 11:21:11.576 I/ActivityManager( 1737): START u0 {act=android.intent.action.MAIN cat=[android.intent.category.HOME] flg=0x10000000 cmp=com.google.android.wearable.app/com.google.android.clockwork.home.HomeActivity (has extras)} from uid 10002 on display 0
03-01 11:21:11.740 D/mot_vr_audio_hw( 1420): dsp_recognizer_enabled = false
03-01 11:21:11.740 D/ADSPD   ( 1413): Client cmd=0x0003, size=4
03-01 11:21:11.741 D/ADSPD   ( 1413): Trying to send to dsp while in dsp in RESET
03-01 11:21:11.741 E/audio_a2dp_hw( 1420): adev_set_parameters: ERROR: set param called even when stream out is null
03-01 11:21:11.858 D/CalWatchFaceService(16903): onPeekCardPositionUpdate: Rect(0, 205 - 320, 320) (320, 115)
03-01 11:21:11.899 I/art     ( 1932): Background partial concurrent mark sweep GC freed 4937(336KB) AllocSpace objects, 2(2000KB) LOS objects, 6% free, 30MB/32MB, paused 3.051ms total 196.319ms
03-01 11:21:12.111 I/ActivityManager( 1737): START u0 {act=android.intent.action.MAIN cat=[android.intent.category.HOME] flg=0x10000000 cmp=com.google.android.wearable.app/com.google.android.clockwork.home.HomeActivity (has extras)} from uid 10002 on display 0
03-01 11:21:12.203 D/mot_vr_audio_hw( 1420): dsp_recognizer_enabled = false
03-01 11:21:12.203 D/ADSPD   ( 1413): Client cmd=0x0003, size=4
03-01 11:21:12.204 D/ADSPD   ( 1413): Trying to send to dsp while in dsp in RESET
03-01 11:21:12.204 E/audio_a2dp_hw( 1420): adev_set_parameters: ERROR: set param called even when stream out is null
03-01 11:21:13.825 W/bt-btif (22890): dm_pm_timer expires
03-01 11:21:13.825 W/bt-btif (22890): dm_pm_timer expires 0
03-01 11:21:13.826 W/bt-btif (22890): proc dm_pm_timer expires
03-01 11:21:39.057 W/CwCal   ( 1932): CalHomeUtil.updateBackground:bundle dismissed, do nothing
03-01 11:21:41.003 W/bt-btif (22890): dm_pm_timer expires
03-01 11:21:41.003 W/bt-btif (22890): dm_pm_timer expires 0
03-01 11:21:41.003 W/bt-btif (22890): proc dm_pm_timer expires
03-01 11:22:00.146 I/ActivityManager( 1737): START u0 {act=android.intent.action.MAIN cat=[android.intent.category.HOME] flg=0x10000000 cmp=com.google.android.wearable.app/com.google.android.clockwork.home.HomeActivity (has extras)} from uid 10002 on display 0
03-01 11:22:00.224 D/mot_vr_audio_hw( 1420): dsp_recognizer_enabled = false
03-01 11:22:00.224 D/ADSPD   ( 1413): Client cmd=0x0003, size=4
03-01 11:22:00.226 D/ADSPD   ( 1413): Trying to send to dsp while in dsp in RESET
03-01 11:22:00.226 E/audio_a2dp_hw( 1420): adev_set_parameters: ERROR: set param called even when stream out is null
03-01 11:23:01.799 I/ActivityManager( 1737): START u0 {act=android.intent.action.MAIN cat=[android.intent.category.HOME] flg=0x10000000 cmp=com.google.android.wearable.app/com.google.android.clockwork.home.HomeActivity (has extras)} from uid 10002 on display 0
03-01 11:23:01.813 I/TimeWrapper(16903): FPS: 0.027295468, samples: 3
03-01 11:23:01.813 I/TimeWrapper(16903): Min/Avg/Max frame render speed (ms): 4.27246 / 6.388346 / 10.467529
03-01 11:23:01.813 I/TimeWrapper(16903): Waketime: 0.01743729%
03-01 11:23:01.869 D/mot_vr_audio_hw( 1420): dsp_recognizer_enabled = false
03-01 11:23:01.869 D/ADSPD   ( 1413): Client cmd=0x0003, size=4
03-01 11:23:01.870 D/ADSPD   ( 1413): Trying to send to dsp while in dsp in RESET
03-01 11:23:01.870 E/audio_a2dp_hw( 1420): adev_set_parameters: ERROR: set param called even when stream out is null
03-01 11:24:01.797 I/ActivityManager( 1737): START u0 {act=android.intent.action.MAIN cat=[android.intent.category.HOME] flg=0x10000000 cmp=com.google.android.wearable.app/com.google.android.clockwork.home.HomeActivity (has extras)} from uid 10002 on display 0
03-01 11:24:01.866 D/mot_vr_audio_hw( 1420): dsp_recognizer_enabled = false
03-01 11:24:01.866 D/ADSPD   ( 1413): Client cmd=0x0003, size=4
03-01 11:24:01.867 D/ADSPD   ( 1413): Trying to send to dsp while in dsp in RESET
03-01 11:24:01.867 E/audio_a2dp_hw( 1420): adev_set_parameters: ERROR: set param called even when stream out is null
03-01 11:25:01.798 I/ActivityManager( 1737): START u0 {act=android.intent.action.MAIN cat=[android.intent.category.HOME] flg=0x10000000 cmp=com.google.android.wearable.app/com.google.android.clockwork.home.HomeActivity (has extras)} from uid 10002 on display 0
03-01 11:25:01.859 I/art     ( 1932): Background sticky concurrent mark sweep GC freed 2759(111KB) AllocSpace objects, 1(16KB) LOS objects, 0% free, 31MB/32MB, paused 9.216ms total 54.107ms
03-01 11:25:01.885 D/mot_vr_audio_hw( 1420): dsp_recognizer_enabled = false
03-01 11:25:01.885 D/ADSPD   ( 1413): Client cmd=0x0003, size=4
03-01 11:25:01.886 D/ADSPD   ( 1413): Trying to send to dsp while in dsp in RESET
03-01 11:25:01.886 E/audio_a2dp_hw( 1420): adev_set_parameters: ERROR: set param called even when stream out is null
03-01 11:26:01.798 I/ActivityManager( 1737): START u0 {act=android.intent.action.MAIN cat=[android.intent.category.HOME] flg=0x10000000 cmp=com.google.android.wearable.app/com.google.android.clockwork.home.HomeActivity (has extras)} from uid 10002 on display 0
03-01 11:26:01.811 I/TimeWrapper(16903): FPS: 0.016668934, samples: 2
03-01 11:26:01.811 I/TimeWrapper(16903): Min/Avg/Max frame render speed (ms): 4.302978 / 4.348754 / 4.394531
03-01 11:26:01.811 I/TimeWrapper(16903): Waketime: 0.0072489106%
03-01 11:26:01.869 D/mot_vr_audio_hw( 1420): dsp_recognizer_enabled = false
03-01 11:26:01.869 D/ADSPD   ( 1413): Client cmd=0x0003, size=4
03-01 11:26:01.870 D/ADSPD   ( 1413): Trying to send to dsp while in dsp in RESET
03-01 11:26:01.870 E/audio_a2dp_hw( 1420): adev_set_parameters: ERROR: set param called even when stream out is null
03-01 11:27:01.804 I/ActivityManager( 1737): START u0 {act=android.intent.action.MAIN cat=[android.intent.category.HOME] flg=0x10000000 cmp=com.google.android.wearable.app/com.google.android.clockwork.home.HomeActivity (has extras)} from uid 10002 on display 0
03-01 11:27:01.867 D/mot_vr_audio_hw( 1420): dsp_recognizer_enabled = false
03-01 11:27:01.867 D/ADSPD   ( 1413): Client cmd=0x0003, size=4
03-01 11:27:01.868 D/ADSPD   ( 1413): Trying to send to dsp while in dsp in RESET
03-01 11:27:01.869 E/audio_a2dp_hw( 1420): adev_set_parameters: ERROR: set param called even when stream out is null
03-01 11:28:01.798 I/ActivityManager( 1737): START u0 {act=android.intent.action.MAIN cat=[android.intent.category.HOME] flg=0x10000000 cmp=com.google.android.wearable.app/com.google.android.clockwork.home.HomeActivity (has extras)} from uid 10002 on display 0
03-01 11:28:01.819 I/TimeWrapper(16903): FPS: 0.016661031, samples: 1
03-01 11:28:01.819 I/TimeWrapper(16903): Min/Avg/Max frame render speed (ms): 4.333496 / 4.333496 / 4.333496
03-01 11:28:01.819 I/TimeWrapper(16903): Waketime: 0.0072200513%
03-01 11:28:01.869 D/mot_vr_audio_hw( 1420): dsp_recognizer_enabled = false
03-01 11:28:01.869 D/ADSPD   ( 1413): Client cmd=0x0003, size=4
03-01 11:28:01.870 D/ADSPD   ( 1413): Trying to send to dsp while in dsp in RESET
03-01 11:28:01.870 E/audio_a2dp_hw( 1420): adev_set_parameters: ERROR: set param called even when stream out is null
03-01 11:29:01.797 I/ActivityManager( 1737): START u0 {act=android.intent.action.MAIN cat=[android.intent.category.HOME] flg=0x10000000 cmp=com.google.android.wearable.app/com.google.android.clockwork.home.HomeActivity (has extras)} from uid 10002 on display 0
03-01 11:29:01.890 D/mot_vr_audio_hw( 1420): dsp_recognizer_enabled = false
03-01 11:29:01.891 D/ADSPD   ( 1413): Client cmd=0x0003, size=4
03-01 11:29:01.892 D/ADSPD   ( 1413): Trying to send to dsp while in dsp in RESET
03-01 11:29:01.893 E/audio_a2dp_hw( 1420): adev_set_parameters: ERROR: set param called even when stream out is null
03-01 11:29:01.976 I/art     ( 1932): Background partial concurrent mark sweep GC freed 3253(174KB) AllocSpace objects, 4(2MB) LOS objects, 6% free, 29MB/31MB, paused 1.098ms total 138.031ms
03-01 11:29:58.499 E/libsuspend( 1737): Error writing to /sys/power/state: Device or resource busy
03-01 11:30:00.124 I/ActivityManager( 1737): START u0 {act=android.intent.action.MAIN cat=[android.intent.category.HOME] flg=0x10000000 cmp=com.google.android.wearable.app/com.google.android.clockwork.home.HomeActivity (has extras)} from uid 10002 on display 0
03-01 11:30:00.200 D/mot_vr_audio_hw( 1420): dsp_recognizer_enabled = false
03-01 11:30:00.200 D/ADSPD   ( 1413): Client cmd=0x0003, size=4
03-01 11:30:00.201 D/ADSPD   ( 1413): Trying to send to dsp while in dsp in RESET
03-01 11:30:00.201 E/audio_a2dp_hw( 1420): adev_set_parameters: ERROR: set param called even when stream out is null
03-01 11:31:00.117 I/ActivityManager( 1737): START u0 {act=android.intent.action.MAIN cat=[android.intent.category.HOME] flg=0x10000000 cmp=com.google.android.wearable.app/com.google.android.clockwork.home.HomeActivity (has extras)} from uid 10002 on display 0
03-01 11:31:00.148 I/TimeWrapper(16903): FPS: 0.025354734, samples: 3
03-01 11:31:00.148 I/TimeWrapper(16903): Min/Avg/Max frame render speed (ms): 4.425049 / 5.9611 / 7.202149
03-01 11:31:00.148 I/TimeWrapper(16903): Waketime: 0.01511421%
03-01 11:31:00.186 D/mot_vr_audio_hw( 1420): dsp_recognizer_enabled = false
03-01 11:31:00.186 D/ADSPD   ( 1413): Client cmd=0x0003, size=4
03-01 11:31:00.187 D/ADSPD   ( 1413): Trying to send to dsp while in dsp in RESET
03-01 11:31:00.187 E/audio_a2dp_hw( 1420): adev_set_parameters: ERROR: set param called even when stream out is null
03-01 11:32:01.798 I/ActivityManager( 1737): START u0 {act=android.intent.action.MAIN cat=[android.intent.category.HOME] flg=0x10000000 cmp=com.google.android.wearable.app/com.google.android.clockwork.home.HomeActivity (has extras)} from uid 10002 on display 0
03-01 11:32:01.868 D/mot_vr_audio_hw( 1420): dsp_recognizer_enabled = false
03-01 11:32:01.868 D/ADSPD   ( 1413): Client cmd=0x0003, size=4
03-01 11:32:01.869 D/ADSPD   ( 1413): Trying to send to dsp while in dsp in RESET
03-01 11:32:01.869 E/audio_a2dp_hw( 1420): adev_set_parameters: ERROR: set param called even when stream out is null
03-01 11:32:16.802 I/ActivityManager( 1737): Delay finish: com.motorola.targetnotif/com.motorola.omni.NotificationAlarmReceiver
03-01 11:32:16.812 I/ActivityManager( 1737): Resuming delayed broadcast
03-01 11:33:01.799 I/ActivityManager( 1737): START u0 {act=android.intent.action.MAIN cat=[android.intent.category.HOME] flg=0x10000000 cmp=com.google.android.wearable.app/com.google.android.clockwork.home.HomeActivity (has extras)} from uid 10002 on display 0
03-01 11:33:01.828 I/TimeWrapper(16903): FPS: 0.016662387, samples: 1
03-01 11:33:01.828 I/TimeWrapper(16903): Min/Avg/Max frame render speed (ms): 6.683349 / 6.683349 / 6.683349
03-01 11:33:01.828 I/TimeWrapper(16903): Waketime: 0.011136055%
03-01 11:33:01.875 D/mot_vr_audio_hw( 1420): dsp_recognizer_enabled = false
03-01 11:33:01.875 D/ADSPD   ( 1413): Client cmd=0x0003, size=4
03-01 11:33:01.876 D/ADSPD   ( 1413): Trying to send to dsp while in dsp in RESET
03-01 11:33:01.876 E/audio_a2dp_hw( 1420): adev_set_parameters: ERROR: set param called even when stream out is null
03-01 11:34:00.126 I/ActivityManager( 1737): START u0 {act=android.intent.action.MAIN cat=[android.intent.category.HOME] flg=0x10000000 cmp=com.google.android.wearable.app/com.google.android.clockwork.home.HomeActivity (has extras)} from uid 10002 on display 0
03-01 11:34:00.197 D/mot_vr_audio_hw( 1420): dsp_recognizer_enabled = false
03-01 11:34:00.197 D/ADSPD   ( 1413): Client cmd=0x0003, size=4
03-01 11:34:00.198 D/ADSPD   ( 1413): Trying to send to dsp while in dsp in RESET
03-01 11:34:00.199 E/audio_a2dp_hw( 1420): adev_set_parameters: ERROR: set param called even when stream out is null
03-01 11:35:01.798 I/ActivityManager( 1737): START u0 {act=android.intent.action.MAIN cat=[android.intent.category.HOME] flg=0x10000000 cmp=com.google.android.wearable.app/com.google.android.clockwork.home.HomeActivity (has extras)} from uid 10002 on display 0
03-01 11:35:01.817 I/TimeWrapper(16903): FPS: 0.016215088, samples: 1
03-01 11:35:01.817 I/TimeWrapper(16903): Min/Avg/Max frame render speed (ms): 4.455567 / 4.455567 / 4.455567
03-01 11:35:01.817 I/TimeWrapper(16903): Waketime: 0.007224741%
03-01 11:35:01.824 I/AmbientMode( 1932): Already waited for 30 minutes. Start off-body detection.
03-01 11:35:01.874 D/mot_vr_audio_hw( 1420): dsp_recognizer_enabled = false
03-01 11:35:01.874 D/ADSPD   ( 1413): Client cmd=0x0003, size=4
03-01 11:35:01.875 D/ADSPD   ( 1413): Trying to send to dsp while in dsp in RESET
03-01 11:35:01.875 E/audio_a2dp_hw( 1420): adev_set_parameters: ERROR: set param called even when stream out is null
03-01 11:35:02.007 I/art     ( 1737): Explicit concurrent mark sweep GC freed 12450(643KB) AllocSpace objects, 2(32KB) LOS objects, 17% free, 9MB/11MB, paused 1.647ms total 104.278ms
03-01 11:36:00.140 I/ActivityManager( 1737): START u0 {act=android.intent.action.MAIN cat=[android.intent.category.HOME] flg=0x10000000 cmp=com.google.android.wearable.app/com.google.android.clockwork.home.HomeActivity (has extras)} from uid 10002 on display 0
03-01 11:36:00.202 D/mot_vr_audio_hw( 1420): dsp_recognizer_enabled = false
03-01 11:36:00.202 D/ADSPD   ( 1413): Client cmd=0x0003, size=4
03-01 11:36:00.203 D/ADSPD   ( 1413): Trying to send to dsp while in dsp in RESET
03-01 11:36:00.204 E/audio_a2dp_hw( 1420): adev_set_parameters: ERROR: set param called even when stream out is null
03-01 11:36:30.802 W/bt-smp  (22890): Key(LSB ~ MSB) = 4f 5b ae f6 a9 35 d0 df 6e 0d fa be 31 49 e9 15 
03-01 11:36:30.802 W/bt-smp  (22890): Plain text(LSB ~ MSB) = 05 93 72 00 00 00 00 00 00 00 00 00 00 00 00 00 
03-01 11:36:30.802 W/bt-smp  (22890): Encrypted text(LSB ~ MSB) = 1b e9 5a 2c 02 6a 2b 96 cd 36 c5 d8 be d8 77 cd 
03-01 11:36:30.802 W/bt-btm  (22890): Stopping oneshot timer
03-01 11:36:31.280 E/libsuspend( 1737): Error writing to /sys/power/state: Device or resource busy
03-01 11:36:32.419 I/TimeWrapper(16903): FPS: 0.022158882, samples: 2
03-01 11:36:32.419 I/TimeWrapper(16903): Min/Avg/Max frame render speed (ms): 6.713867 / 9.765625 / 12.817383
03-01 11:36:32.419 I/TimeWrapper(16903): Waketime: 0.021639533%
03-01 11:37:01.798 I/ActivityManager( 1737): START u0 {act=android.intent.action.MAIN cat=[android.intent.category.HOME] flg=0x10000000 cmp=com.google.android.wearable.app/com.google.android.clockwork.home.HomeActivity (has extras)} from uid 10002 on display 0
03-01 11:37:01.867 D/mot_vr_audio_hw( 1420): dsp_recognizer_enabled = false
03-01 11:37:01.867 D/ADSPD   ( 1413): Client cmd=0x0003, size=4
03-01 11:37:01.868 D/ADSPD   ( 1413): Trying to send to dsp while in dsp in RESET
03-01 11:37:01.868 E/audio_a2dp_hw( 1420): adev_set_parameters: ERROR: set param called even when stream out is null
03-01 11:38:01.798 I/ActivityManager( 1737): START u0 {act=android.intent.action.MAIN cat=[android.intent.category.HOME] flg=0x10000000 cmp=com.google.android.wearable.app/com.google.android.clockwork.home.HomeActivity (has extras)} from uid 10002 on display 0
03-01 11:38:01.867 D/mot_vr_audio_hw( 1420): dsp_recognizer_enabled = false
03-01 11:38:01.867 D/ADSPD   ( 1413): Client cmd=0x0003, size=4
03-01 11:38:01.868 D/ADSPD   ( 1413): Trying to send to dsp while in dsp in RESET
03-01 11:38:01.869 E/audio_a2dp_hw( 1420): adev_set_parameters: ERROR: set param called even when stream out is null
03-01 11:39:01.798 I/ActivityManager( 1737): START u0 {act=android.intent.action.MAIN cat=[android.intent.category.HOME] flg=0x10000000 cmp=com.google.android.wearable.app/com.google.android.clockwork.home.HomeActivity (has extras)} from uid 10002 on display 0
03-01 11:39:01.806 I/TimeWrapper(16903): FPS: 0.016668994, samples: 2
03-01 11:39:01.806 I/TimeWrapper(16903): Min/Avg/Max frame render speed (ms): 4.302978 / 4.379272 / 4.455566
03-01 11:39:01.806 I/TimeWrapper(16903): Waketime: 0.007299806%
03-01 11:39:01.868 D/mot_vr_audio_hw( 1420): dsp_recognizer_enabled = false
03-01 11:39:01.868 D/ADSPD   ( 1413): Client cmd=0x0003, size=4
03-01 11:39:01.869 D/ADSPD   ( 1413): Trying to send to dsp while in dsp in RESET
03-01 11:39:01.869 E/audio_a2dp_hw( 1420): adev_set_parameters: ERROR: set param called even when stream out is null
03-01 11:40:00.798 I/ActivityManager( 1737): START u0 {act=android.intent.action.MAIN cat=[android.intent.category.HOME] flg=0x10000000 cmp=com.google.android.wearable.app/com.google.android.clockwork.home.HomeActivity (has extras)} from uid 10002 on display 0
03-01 11:40:00.867 D/mot_vr_audio_hw( 1420): dsp_recognizer_enabled = false
03-01 11:40:00.867 D/ADSPD   ( 1413): Client cmd=0x0003, size=4
03-01 11:40:00.868 D/ADSPD   ( 1413): Trying to send to dsp while in dsp in RESET
03-01 11:40:00.868 E/audio_a2dp_hw( 1420): adev_set_parameters: ERROR: set param called even when stream out is null
03-01 11:40:55.200 I/ActivityManager( 1737): START u0 {act=android.intent.action.MAIN cat=[android.intent.category.HOME] flg=0x10000000 cmp=com.google.android.wearable.app/com.google.android.clockwork.home.HomeActivity (has extras)} from uid 10002 on display 0
03-01 11:40:55.294 W/HomeRowListAdapter( 1932): onRelease() called on an unknown row.
03-01 11:40:55.358 D/mot_vr_audio_hw( 1420): dsp_recognizer_enabled = false
03-01 11:40:55.358 D/ADSPD   ( 1413): Client cmd=0x0003, size=4
03-01 11:40:55.359 D/ADSPD   ( 1413): Trying to send to dsp while in dsp in RESET
03-01 11:40:55.359 E/audio_a2dp_hw( 1420): adev_set_parameters: ERROR: set param called even when stream out is null
03-01 11:40:55.431 I/art     ( 1932): Background partial concurrent mark sweep GC freed 4545(339KB) AllocSpace objects, 2(2000KB) LOS objects, 6% free, 29MB/31MB, paused 1.312ms total 160.552ms
03-01 11:40:55.477 I/ActivityManager( 1737): START u0 {act=android.intent.action.MAIN cat=[android.intent.category.HOME] flg=0x10000000 cmp=com.google.android.wearable.app/com.google.android.clockwork.home.HomeActivity (has extras)} from uid 10002 on display 0
03-01 11:40:55.532 D/mot_vr_audio_hw( 1420): dsp_recognizer_enabled = false
03-01 11:40:55.533 D/ADSPD   ( 1413): Client cmd=0x0003, size=4
03-01 11:40:55.534 D/ADSPD   ( 1413): Trying to send to dsp while in dsp in RESET
03-01 11:40:55.534 E/audio_a2dp_hw( 1420): adev_set_parameters: ERROR: set param called even when stream out is null
03-01 11:40:57.083 W/bt-btif (22890): dm_pm_timer expires
03-01 11:40:57.083 W/bt-btif (22890): dm_pm_timer expires 0
03-01 11:40:57.084 W/bt-btif (22890): proc dm_pm_timer expires
03-01 11:41:00.129 I/ActivityManager( 1737): START u0 {act=android.intent.action.MAIN cat=[android.intent.category.HOME] flg=0x10000000 cmp=com.google.android.wearable.app/com.google.android.clockwork.home.HomeActivity (has extras)} from uid 10002 on display 0
03-01 11:41:00.198 D/mot_vr_audio_hw( 1420): dsp_recognizer_enabled = false
03-01 11:41:00.199 D/ADSPD   ( 1413): Client cmd=0x0003, size=4
03-01 11:41:00.200 D/ADSPD   ( 1413): Trying to send to dsp while in dsp in RESET
03-01 11:41:00.200 E/audio_a2dp_hw( 1420): adev_set_parameters: ERROR: set param called even when stream out is null
03-01 11:42:00.799 I/TimeWrapper(16903): FPS: 0.02500166, samples: 3
03-01 11:42:00.799 I/TimeWrapper(16903): Min/Avg/Max frame render speed (ms): 4.241944 / 4.302978 / 4.394531
03-01 11:42:00.799 I/TimeWrapper(16903): Waketime: 0.010758161%
03-01 11:42:00.805 I/ActivityManager( 1737): START u0 {act=android.intent.action.MAIN cat=[android.intent.category.HOME] flg=0x10000000 cmp=com.google.android.wearable.app/com.google.android.clockwork.home.HomeActivity (has extras)} from uid 10002 on display 0
03-01 11:42:00.868 D/mot_vr_audio_hw( 1420): dsp_recognizer_enabled = false
03-01 11:42:00.868 D/ADSPD   ( 1413): Client cmd=0x0003, size=4
03-01 11:42:00.869 D/ADSPD   ( 1413): Trying to send to dsp while in dsp in RESET
03-01 11:42:00.869 E/audio_a2dp_hw( 1420): adev_set_parameters: ERROR: set param called even when stream out is null
03-01 11:43:01.798 I/ActivityManager( 1737): START u0 {act=android.intent.action.MAIN cat=[android.intent.category.HOME] flg=0x10000000 cmp=com.google.android.wearable.app/com.google.android.clockwork.home.HomeActivity (has extras)} from uid 10002 on display 0
03-01 11:43:01.866 D/mot_vr_audio_hw( 1420): dsp_recognizer_enabled = false
03-01 11:43:01.866 D/ADSPD   ( 1413): Client cmd=0x0003, size=4
03-01 11:43:01.867 D/ADSPD   ( 1413): Trying to send to dsp while in dsp in RESET
03-01 11:43:01.868 E/audio_a2dp_hw( 1420): adev_set_parameters: ERROR: set param called even when stream out is null
03-01 11:43:18.602 D/RemoteShutter(21412): Camera ready for capture.
03-01 11:43:18.785 I/ActivityManager( 1737): START u0 {act=android.intent.action.MAIN cat=[android.intent.category.HOME] flg=0x10000000 cmp=com.google.android.wearable.app/com.google.android.clockwork.home.HomeActivity (has extras)} from uid 10002 on display 0
03-01 11:43:18.875 D/mot_vr_audio_hw( 1420): dsp_recognizer_enabled = false
03-01 11:43:18.875 D/ADSPD   ( 1413): Client cmd=0x0003, size=4
03-01 11:43:18.876 D/ADSPD   ( 1413): Trying to send to dsp while in dsp in RESET
03-01 11:43:18.876 E/audio_a2dp_hw( 1420): adev_set_parameters: ERROR: set param called even when stream out is null
03-01 11:43:18.900 D/CalWatchFaceService(16903): onPeekCardPositionUpdate: Rect(0, 205 - 320, 315) (320, 110)
03-01 11:43:20.790 W/bt-btif (22890): dm_pm_timer expires
03-01 11:43:20.791 W/bt-btif (22890): dm_pm_timer expires 0
03-01 11:43:20.791 W/bt-btif (22890): proc dm_pm_timer expires
03-01 11:43:36.973 D/RemoteShutter(21412): Thumbnail received
03-01 11:43:38.889 W/bt-btif (22890): dm_pm_timer expires
03-01 11:43:38.889 W/bt-btif (22890): dm_pm_timer expires 0
03-01 11:43:38.890 W/bt-btif (22890): proc dm_pm_timer expires
03-01 11:43:40.400 D/RemoteShutter(21412): Thumbnail received
03-01 11:43:41.615 D/RemoteShutter(21412): Thumbnail received
03-01 11:43:43.514 W/bt-btif (22890): dm_pm_timer expires
03-01 11:43:43.514 W/bt-btif (22890): dm_pm_timer expires 0
03-01 11:43:43.515 W/bt-btif (22890): proc dm_pm_timer expires
03-01 11:43:52.666 D/RemoteShutter(21412): Thumbnail received
03-01 11:43:54.585 W/bt-btif (22890): dm_pm_timer expires
03-01 11:43:54.585 W/bt-btif (22890): dm_pm_timer expires 0
03-01 11:43:54.585 W/bt-btif (22890): proc dm_pm_timer expires
03-01 11:43:56.103 D/RemoteShutter(21412): Thumbnail received
03-01 11:43:58.084 W/bt-btif (22890): dm_pm_timer expires
03-01 11:43:58.084 W/bt-btif (22890): dm_pm_timer expires 0
03-01 11:43:58.084 W/bt-btif (22890): proc dm_pm_timer expires
03-01 11:43:58.374 E/libsuspend( 1737): Error writing to /sys/power/state: Device or resource busy
03-01 11:44:00.130 I/ActivityManager( 1737): START u0 {act=android.intent.action.MAIN cat=[android.intent.category.HOME] flg=0x10000000 cmp=com.google.android.wearable.app/com.google.android.clockwork.home.HomeActivity (has extras)} from uid 10002 on display 0
03-01 11:44:00.199 D/mot_vr_audio_hw( 1420): dsp_recognizer_enabled = false
03-01 11:44:00.199 D/ADSPD   ( 1413): Client cmd=0x0003, size=4
03-01 11:44:00.200 D/ADSPD   ( 1413): Trying to send to dsp while in dsp in RESET
03-01 11:44:00.200 E/audio_a2dp_hw( 1420): adev_set_parameters: ERROR: set param called even when stream out is null
03-01 11:44:07.537 D/RemoteShutter(21412): Camera not ready anymore, stopping activity.
03-01 11:44:07.666 I/ActivityManager( 1737): START u0 {act=android.intent.action.MAIN cat=[android.intent.category.HOME] flg=0x10000000 cmp=com.google.android.wearable.app/com.google.android.clockwork.home.HomeActivity (has extras)} from uid 10002 on display 0
03-01 11:44:07.708 W/HomeRowListAdapter( 1932): onRelease() called on an unknown row.
03-01 11:44:07.746 D/mot_vr_audio_hw( 1420): dsp_recognizer_enabled = false
03-01 11:44:07.747 D/ADSPD   ( 1413): Client cmd=0x0003, size=4
03-01 11:44:07.748 D/ADSPD   ( 1413): Trying to send to dsp while in dsp in RESET
03-01 11:44:07.748 E/audio_a2dp_hw( 1420): adev_set_parameters: ERROR: set param called even when stream out is null
03-01 11:44:07.767 D/CalWatchFaceService(16903): onPeekCardPositionUpdate: Rect(0, 205 - 320, 320) (320, 115)
03-01 11:44:07.794 I/TimeWrapper(16903): FPS: 0.106091954, samples: 7
03-01 11:44:07.795 I/TimeWrapper(16903): Min/Avg/Max frame render speed (ms): 4.211426 / 7.014683 / 14.312744
03-01 11:44:07.795 I/TimeWrapper(16903): Waketime: 0.074420154%
03-01 11:44:09.485 W/bt-btif (22890): dm_pm_timer expires
03-01 11:44:09.485 W/bt-btif (22890): dm_pm_timer expires 0
03-01 11:44:09.485 W/bt-btif (22890): proc dm_pm_timer expires
03-01 11:44:15.527 D/RemoteShutter(21412): Camera ready for capture.
03-01 11:44:15.683 I/ActivityManager( 1737): START u0 {act=android.intent.action.MAIN cat=[android.intent.category.HOME] flg=0x10000000 cmp=com.google.android.wearable.app/com.google.android.clockwork.home.HomeActivity (has extras)} from uid 10002 on display 0
03-01 11:44:15.771 D/mot_vr_audio_hw( 1420): dsp_recognizer_enabled = false
03-01 11:44:15.772 D/ADSPD   ( 1413): Client cmd=0x0003, size=4
03-01 11:44:15.773 D/ADSPD   ( 1413): Trying to send to dsp while in dsp in RESET
03-01 11:44:15.773 E/audio_a2dp_hw( 1420): adev_set_parameters: ERROR: set param called even when stream out is null
03-01 11:44:15.804 D/CalWatchFaceService(16903): onPeekCardPositionUpdate: Rect(0, 205 - 320, 315) (320, 110)
03-01 11:44:16.823 I/ActivityManager( 1737): Delay finish: com.google.android.gms/.checkin.EventLogService$Receiver
03-01 11:44:16.859 I/EventLogService(26940): Aggregate from 1425229390892 (log), 1425229390892 (data)
03-01 11:44:17.006 I/ActivityManager( 1737): Resuming delayed broadcast
03-01 11:44:17.019 I/ActivityManager( 1737): Delay finish: com.motorola.targetnotif/com.motorola.omni.NotificationAlarmReceiver
03-01 11:44:17.034 I/ActivityManager( 1737): Resuming delayed broadcast
03-01 11:44:17.487 W/bt-btif (22890): dm_pm_timer expires
03-01 11:44:17.487 W/bt-btif (22890): dm_pm_timer expires 0
