03-01 14:04:46.644 D/mot_vr_audio_hw( 1420): dsp_recognizer_enabled = false
03-01 14:04:46.644 D/ADSPD   ( 1413): Client cmd=0x0003, size=4
03-01 14:04:46.645 E/audio_a2dp_hw( 1420): adev_set_parameters: ERROR: set param called even when stream out is null
03-01 14:04:46.658 D/ADSPD   ( 1413): Received from DSP: cmd=0x8003, size=2
03-01 14:04:46.658 D/mot_vr_audio_hw( 1420): received recognition control callback, status 0
03-01 14:04:46.704 D/mot_vr_audio_hw( 1420): dsp_recognizer_enabled = false
03-01 14:04:46.705 D/ADSPD   ( 1413): Client cmd=0x0003, size=4
03-01 14:04:46.706 E/audio_a2dp_hw( 1420): adev_set_parameters: ERROR: set param called even when stream out is null
03-01 14:04:46.718 D/ADSPD   ( 1413): Received from DSP: cmd=0x8003, size=2
03-01 14:04:46.719 D/mot_vr_audio_hw( 1420): received recognition control callback, status 0
03-01 14:04:46.751 I/AmbientMode( 1932): Ambient mode started: canDoze=true
03-01 14:04:46.757 I/ActivityManager( 1737): Activity reported stop, but no longer stopping: ActivityRecord{22d515cb u0 com.google.android.wearable.app/com.google.android.clockwork.home.HomeActivity t47}
03-01 14:04:46.885 D/MinnowPowerHAL( 1737): power_set_interactive: 0
03-01 14:04:46.885 D/MinnowPowerHAL( 1737): sysfs_write: /sys/devices/platform/omapdss/display0/interactivemode 0
03-01 14:04:46.887 D/MinnowPowerHAL( 1737): sysfs_write: /sys/devices/ocp.2/i2c.6/i2c-0/0-004a/interactivemode 0
03-01 14:04:46.889 D/MinnowPowerHAL( 1737): sysfs_write: /sys/class/leds/lcd-backlight/interactive 0
03-01 14:04:46.889 D/mot_vr_audio_hw( 1737): dsp_set_pm_state = off
03-01 14:04:46.890 D/ADSPD   ( 1413): Client cmd=0x4002, size=2
03-01 14:04:46.891 D/ADSPD   ( 1413): DSP_CMD_DAEMON_SET_PM_STATE : 0
03-01 14:04:46.901 I/DisplayManagerService( 1737): Display device changed: DisplayDeviceInfo{"Built-in Screen": 320 x 290, 45.000004 fps, supportedRefreshRates [45.000004], density 213, 203.2 x 204.61111 dpi, appVsyncOff 0, presDeadline 23222220, touch INTERNAL, rotation 0, type BUILT_IN, state DOZE_SUSPEND, FLAG_DEFAULT_DISPLAY, FLAG_ROTATES_WITH_CONTENT, FLAG_SECURE, FLAG_SUPPORTS_PROTECTED_BUFFERS}
03-01 14:04:46.903 V/ActivityManager( 1737): Display changed displayId=0
03-01 14:04:46.905 D/SurfaceFlinger( 1412): Set power mode=3, type=0 flinger=0xb7cb1550
03-01 14:04:46.905 D/hwcomposer( 1412): hwc_blank(0: 0)
03-01 14:04:48.689 W/bt-btif (22890): dm_pm_timer expires
03-01 14:04:48.689 W/bt-btif (22890): dm_pm_timer expires 0
03-01 14:04:48.690 W/bt-btif (22890): proc dm_pm_timer expires
03-01 14:05:01.585 I/ActivityManager( 1737): START u0 {act=android.intent.action.MAIN cat=[android.intent.category.HOME] flg=0x10000000 cmp=com.google.android.wearable.app/com.google.android.clockwork.home.HomeActivity (has extras)} from uid 10002 on display 0
03-01 14:05:01.594 V/ActivityManager( 1737): Display changed displayId=0
03-01 14:05:01.660 D/mot_vr_audio_hw( 1420): dsp_recognizer_enabled = false
03-01 14:05:01.660 D/ADSPD   ( 1413): Client cmd=0x0003, size=4
03-01 14:05:01.661 D/ADSPD   ( 1413): Trying to send to dsp while in dsp in RESET
03-01 14:05:01.662 E/audio_a2dp_hw( 1420): adev_set_parameters: ERROR: set param called even when stream out is null
03-01 14:05:14.484 I/TimeSyncer( 1932): Companion requested the watch start a time sync.
03-01 14:05:14.484 I/TimeSyncer( 1932): sending request - elapsedRealTime: 838649001
03-01 14:05:14.526 I/TimeSyncer( 1932): UPDATED TIME to ms 1425240315418, offset ms: 892, latency ms: 34
03-01 14:05:14.532 D/AlarmManagerService( 1737): Setting time of day to sec=1425240315
03-01 14:05:15.553 I/CheckinService(26940): Checking schedule, now: 1425240315553 next: 1425308687804
03-01 14:05:15.553 I/CheckinService(26940): active receiver: disabled
03-01 14:05:15.601 I/ActivityManager( 1737): Delay finish: com.google.android.gms/.gcm.ServiceAutoStarter
03-01 14:05:15.604 D/GCM     (26959): GcmService start Intent { act=com.google.android.checkin.CHECKIN_COMPLETE flg=0x10 cmp=com.google.android.gms/.gcm.GcmService (has extras) } com.google.android.checkin.CHECKIN_COMPLETE
03-01 14:05:15.605 I/ActivityManager( 1737): Resuming delayed broadcast
03-01 14:05:16.728 I/TimeSyncer( 1932): sending request - elapsedRealTime: 838650346
03-01 14:05:18.095 I/TimeSyncer( 1932): sending request - elapsedRealTime: 838651713
03-01 14:05:19.852 I/TimeSyncer( 1932): sending request - elapsedRealTime: 838653470
03-01 14:05:21.863 W/bt-btif (22890): dm_pm_timer expires
03-01 14:05:21.863 W/bt-btif (22890): dm_pm_timer expires 0
03-01 14:05:21.863 W/bt-btif (22890): proc dm_pm_timer expires
03-01 14:05:24.168 W/bt-btif (22890): dm_pm_timer expires
03-01 14:05:24.168 W/bt-btif (22890): dm_pm_timer expires 0
03-01 14:05:24.168 W/bt-btif (22890): proc dm_pm_timer expires
03-01 14:06:00.560 I/ActivityManager( 1737): START u0 {act=android.intent.action.MAIN cat=[android.intent.category.HOME] flg=0x10000000 cmp=com.google.android.wearable.app/com.google.android.clockwork.home.HomeActivity (has extras)} from uid 10002 on display 0
03-01 14:06:00.566 I/TimeWrapper(16903): FPS: 0.05478193, samples: 4
03-01 14:06:00.566 I/TimeWrapper(16903): Min/Avg/Max frame render speed (ms): 3.387451 / 7.019043 / 15.777588
03-01 14:06:00.566 I/TimeWrapper(16903): Waketime: 0.03845167%
03-01 14:06:00.628 D/mot_vr_audio_hw( 1420): dsp_recognizer_enabled = false
03-01 14:06:00.628 D/ADSPD   ( 1413): Client cmd=0x0003, size=4
03-01 14:06:00.629 D/ADSPD   ( 1413): Trying to send to dsp while in dsp in RESET
03-01 14:06:00.629 E/audio_a2dp_hw( 1420): adev_set_parameters: ERROR: set param called even when stream out is null
03-01 14:06:24.469 I/TimeSyncer( 1932): Companion requested the watch start a time sync.
03-01 14:06:24.469 I/TimeSyncer( 1932): sending request - elapsedRealTime: 838718087
03-01 14:06:24.545 I/TimeSyncer( 1932): UPDATED TIME to ms 1425240384975, offset ms: 430, latency ms: 68
03-01 14:06:24.551 D/AlarmManagerService( 1737): Setting time of day to sec=1425240384
03-01 14:06:25.101 I/CheckinService(26940): Checking schedule, now: 1425240385101 next: 1425308687804
03-01 14:06:25.101 I/CheckinService(26940): active receiver: disabled
03-01 14:06:25.175 I/ActivityManager( 1737): Delay finish: com.google.android.gms/.gcm.ServiceAutoStarter
03-01 14:06:25.178 D/GCM     (26959): GcmService start Intent { act=com.google.android.checkin.CHECKIN_COMPLETE flg=0x10 cmp=com.google.android.gms/.gcm.GcmService (has extras) } com.google.android.checkin.CHECKIN_COMPLETE
03-01 14:06:25.179 I/ActivityManager( 1737): Resuming delayed broadcast
03-01 14:06:26.285 I/TimeSyncer( 1932): sending request - elapsedRealTime: 838719465
03-01 14:06:26.305 I/TimeSyncer( 1932): Companion requested the watch start a time sync.
03-01 14:06:26.305 I/TimeSyncer( 1932): sending request - elapsedRealTime: 838719486
03-01 14:06:26.349 I/TimeSyncer( 1932): UPDATED TIME to ms 1425240386346, offset ms: -3, latency ms: 57
03-01 14:06:26.356 D/AlarmManagerService( 1737): Setting time of day to sec=1425240386
03-01 14:06:26.481 I/CheckinService(26940): Checking schedule, now: 1425240386481 next: 1425308687804
03-01 14:06:26.481 I/CheckinService(26940): active receiver: disabled
03-01 14:06:26.528 I/ActivityManager( 1737): Delay finish: com.google.android.gms/.gcm.ServiceAutoStarter
03-01 14:06:26.530 D/GCM     (26959): GcmService start Intent { act=com.google.android.checkin.CHECKIN_COMPLETE flg=0x10 cmp=com.google.android.gms/.gcm.GcmService (has extras) } com.google.android.checkin.CHECKIN_COMPLETE
03-01 14:06:26.531 I/ActivityManager( 1737): Resuming delayed broadcast
03-01 14:06:27.655 I/TimeSyncer( 1932): sending request - elapsedRealTime: 838720832
03-01 14:06:27.703 I/TimeSyncer( 1932): sending request - elapsedRealTime: 838720880
03-01 14:06:29.029 I/TimeSyncer( 1932): sending request - elapsedRealTime: 838722206
03-01 14:06:29.091 I/TimeSyncer( 1932): UPDATED TIME to ms 1425240389075, offset ms: -16, latency ms: 54
03-01 14:06:29.097 D/AlarmManagerService( 1737): Setting time of day to sec=1425240389
03-01 14:06:29.199 I/CheckinService(26940): Checking schedule, now: 1425240389199 next: 1425308687804
03-01 14:06:29.199 I/CheckinService(26940): active receiver: disabled
03-01 14:06:29.247 I/ActivityManager( 1737): Delay finish: com.google.android.gms/.gcm.ServiceAutoStarter
03-01 14:06:29.249 D/GCM     (26959): GcmService start Intent { act=com.google.android.checkin.CHECKIN_COMPLETE flg=0x10 cmp=com.google.android.gms/.gcm.GcmService (has extras) } com.google.android.checkin.CHECKIN_COMPLETE
03-01 14:06:29.250 I/ActivityManager( 1737): Resuming delayed broadcast
03-01 14:06:30.386 I/TimeSyncer( 1932): sending request - elapsedRealTime: 838723572
03-01 14:06:31.792 I/TimeSyncer( 1932): sending request - elapsedRealTime: 838724978
03-01 14:06:33.153 I/TimeSyncer( 1932): sending request - elapsedRealTime: 838726339
03-01 14:06:33.209 I/TimeSyncer( 1932): UPDATED TIME to ms 1425240393205, offset ms: -4, latency ms: 48
03-01 14:06:33.215 D/AlarmManagerService( 1737): Setting time of day to sec=1425240393
03-01 14:06:33.345 I/CheckinService(26940): Checking schedule, now: 1425240393345 next: 1425308687804
03-01 14:06:33.345 I/CheckinService(26940): active receiver: disabled
03-01 14:06:33.391 I/ActivityManager( 1737): Delay finish: com.google.android.gms/.gcm.ServiceAutoStarter
03-01 14:06:33.394 D/GCM     (26959): GcmService start Intent { act=com.google.android.checkin.CHECKIN_COMPLETE flg=0x10 cmp=com.google.android.gms/.gcm.GcmService (has extras) } com.google.android.checkin.CHECKIN_COMPLETE
03-01 14:06:33.395 I/ActivityManager( 1737): Resuming delayed broadcast
03-01 14:06:34.517 I/TimeSyncer( 1932): sending request - elapsedRealTime: 838727700
03-01 14:06:35.897 I/TimeSyncer( 1932): sending request - elapsedRealTime: 838729080
03-01 14:06:37.349 I/TimeSyncer( 1932): sending request - elapsedRealTime: 838730532
03-01 14:06:39.414 W/bt-btif (22890): dm_pm_timer expires
03-01 14:06:39.414 W/bt-btif (22890): dm_pm_timer expires 0
03-01 14:06:39.415 W/bt-btif (22890): proc dm_pm_timer expires
03-01 14:06:39.665 E/libsuspend( 1737): Error writing to /sys/power/state: Device or resource busy
03-01 14:06:41.839 W/bt-btif (22890): dm_pm_timer expires
03-01 14:06:41.839 W/bt-btif (22890): dm_pm_timer expires 0
03-01 14:06:41.840 W/bt-btif (22890): proc dm_pm_timer expires
03-01 14:07:00.147 I/ActivityManager( 1737): START u0 {act=android.intent.action.MAIN cat=[android.intent.category.HOME] flg=0x10000000 cmp=com.google.android.wearable.app/com.google.android.clockwork.home.HomeActivity (has extras)} from uid 10002 on display 0
03-01 14:07:00.211 D/mot_vr_audio_hw( 1420): dsp_recognizer_enabled = false
03-01 14:07:00.211 D/ADSPD   ( 1413): Client cmd=0x0003, size=4
03-01 14:07:00.212 D/ADSPD   ( 1413): Trying to send to dsp while in dsp in RESET
03-01 14:07:00.212 E/audio_a2dp_hw( 1420): adev_set_parameters: ERROR: set param called even when stream out is null
03-01 14:07:35.716 D/SensorHALGestureSensor( 1737): Gesture event received! time = 1425240455715750802
03-01 14:07:35.718 I/PowerManagerService( 1737): Waking up from dozing (uid 10002)...
03-01 14:07:35.720 W/KeyguardServiceDelegate( 1737): onScreenTurnedOn(): no keyguard service!
03-01 14:07:35.737 D/MinnowPowerHAL( 1737): power_set_interactive: 1
03-01 14:07:35.737 D/MinnowPowerHAL( 1737): sysfs_write: /sys/devices/platform/omapdss/display0/interactivemode 1
03-01 14:07:35.739 D/MinnowPowerHAL( 1737): sysfs_write: /sys/devices/ocp.2/i2c.6/i2c-0/0-004a/interactivemode 1
03-01 14:07:35.747 D/MinnowPowerHAL( 1737): sysfs_write: /sys/class/leds/lcd-backlight/interactive 1
03-01 14:07:35.747 D/mot_vr_audio_hw( 1737): dsp_set_pm_state = on
03-01 14:07:35.748 D/ADSPD   ( 1413): Client cmd=0x4002, size=2
03-01 14:07:35.748 D/ADSPD   ( 1413): DSP_CMD_DAEMON_SET_PM_STATE : 1
03-01 14:07:35.777 E/InputMethodManagerService( 1737): Ignoring setImeWindowStatus due to an invalid token. uid:1000 token:null
03-01 14:07:35.788 E/audio_a2dp_hw( 1420): adev_set_parameters: ERROR: set param called even when stream out is null
03-01 14:07:35.860 D/SensorHAL( 1737): adjustSensorHandle: handle = 9 adjustedHandle = 1
03-01 14:07:35.860 D/SensorHAL( 1737): adjustSensorHandle: handle = 9 adjustedHandle = 1
03-01 14:07:35.861 D/SurfaceFlinger( 1412): Set power mode=2, type=0 flinger=0xb7cb1550
03-01 14:07:35.861 D/hwcomposer( 1412): hwc_blank(0: 0)
03-01 14:07:35.863 I/DreamManagerService( 1737): Gently waking up from dream.
03-01 14:07:35.864 I/DisplayManagerService( 1737): Display device changed: DisplayDeviceInfo{"Built-in Screen": 320 x 290, 45.000004 fps, supportedRefreshRates [45.000004], density 213, 203.2 x 204.61111 dpi, appVsyncOff 0, presDeadline 23222220, touch INTERNAL, rotation 0, type BUILT_IN, state ON, FLAG_DEFAULT_DISPLAY, FLAG_ROTATES_WITH_CONTENT, FLAG_SECURE, FLAG_SUPPORTS_PROTECTED_BUFFERS}
03-01 14:07:35.865 I/DreamManagerService( 1737): Leaving dreamland.
03-01 14:07:35.866 V/ActivityManager( 1737): Display changed displayId=0
03-01 14:07:35.867 I/DreamController( 1737): Stopping dream: name=ComponentInfo{com.google.android.wearable.app/com.google.android.clockwork.home.AmbientMode}, isTest=false, canDoze=true, userId=0
03-01 14:07:35.888 D/SensorHAL( 1737): adjustSensorHandle: handle = 9 adjustedHandle = 1
03-01 14:07:35.892 I/AmbientMode( 1932): Dream ended: isDozing=true
03-01 14:07:35.900 D/ADSPD   ( 1413): ACK success!
03-01 14:07:35.962 D/CalWatchFaceService(16903): onAmbientModeChanged: false
03-01 14:07:35.962 I/ClockFace(16903): Ambient mode: false
03-01 14:07:35.962 V/ClockFace(16903): clearing caches
03-01 14:07:35.963 D/CalWatchFaceService(16903): updateTimer
03-01 14:07:35.969 D/mot_vr_audio_hw( 1420): dsp_recognizer_enabled = true
03-01 14:07:35.969 D/ADSPD   ( 1413): Client cmd=0x0003, size=4
03-01 14:07:35.971 E/audio_a2dp_hw( 1420): adev_set_parameters: ERROR: set param called even when stream out is null
03-01 14:07:35.974 D/mot_vr_audio_hw( 1420): open_input_stream(): devices = 0x80000004, rate = 8000, channels = 0x10
03-01 14:07:35.974 D/mot_vr_audio_hw( 1420): Created resampler for 16000->8000 Hz
03-01 14:07:35.979 V/ClockFace(16903): drawFace: cx(160), cy(160), r(160)
03-01 14:07:35.980 V/ClockFace(16903): rendering new face, faceMode(0)
03-01 14:07:35.983 D/ADSPD   ( 1413): Received from DSP: cmd=0x8003, size=2
03-01 14:07:35.983 D/ADSPD   ( 1413): Client cmd=0x4003, size=2
03-01 14:07:35.983 D/mot_vr_audio_hw( 1420): received recognition control callback, status 0
03-01 14:07:35.987 I/AudioFlinger( 1420): AudioFlinger's thread 0xb59bb008 ready to run
03-01 14:07:36.003 D/mot_vr_audio_hw( 1420): in_read waiting for hotword
03-01 14:07:36.013 V/ClockFace(16903): fetching new battery status
03-01 14:07:36.014 V/ClockFace(16903): battery at 0.79
03-01 14:07:38.962 W/bt-btif (22890): dm_pm_timer expires
03-01 14:07:38.962 W/bt-btif (22890): dm_pm_timer expires 0
03-01 14:07:38.962 W/bt-btif (22890): proc dm_pm_timer expires
03-01 14:07:40.759 I/PowerManagerService( 1737): Going to sleep due to screen timeout (uid 1000)...
03-01 14:07:40.763 I/DreamManagerService( 1737): Entering dreamland.
03-01 14:07:40.763 I/PowerManagerService( 1737): Dozing...
03-01 14:07:40.775 I/DreamController( 1737): Starting dream: name=ComponentInfo{com.google.android.wearable.app/com.google.android.clockwork.home.AmbientMode}, isTest=false, canDoze=true, userId=0
03-01 14:07:40.790 E/InputMethodManagerService( 1737): Ignoring setImeWindowStatus due to an invalid token. uid:1000 token:null
03-01 14:07:40.793 D/mot_vr_audio_hw( 1420): dsp_recognizer_enabled = false
03-01 14:07:40.793 D/ADSPD   ( 1413): Client cmd=0x0003, size=4
03-01 14:07:40.796 E/audio_a2dp_hw( 1420): adev_set_parameters: ERROR: set param called even when stream out is null
03-01 14:07:40.799 E/InputMethodManagerService( 1737): Ignoring setImeWindowStatus due to an invalid token. uid:1000 token:null
03-01 14:07:40.807 D/ADSPD   ( 1413): Received from DSP: cmd=0x8003, size=2
03-01 14:07:40.808 D/mot_vr_audio_hw( 1420): received recognition control callback, status 0
03-01 14:07:40.809 D/ADSPD   ( 1413): Client cmd=0x0003, size=4
03-01 14:07:40.810 D/mot_vr_audio_hw( 1420): Switching DSP to standby/passthrough mode
03-01 14:07:40.810 D/mot_vr_audio_hw( 1420): Input 0xb79d66e8 ready to read
03-01 14:07:40.818 E/audio_a2dp_hw( 1420): adev_set_parameters: ERROR: set param called even when stream out is null
03-01 14:07:40.822 D/ADSPD   ( 1413): Received from DSP: cmd=0x8003, size=2
03-01 14:07:40.823 D/mot_vr_audio_hw( 1420): received recognition control callback, status 0
03-01 14:07:40.871 D/mot_vr_audio_hw( 1420): Discarded 10 buffers of leading silence
03-01 14:07:40.880 D/ADSPD   ( 1413): Client cmd=0x0003, size=4
03-01 14:07:40.882 D/mot_vr_audio_hw( 1420): Re-arming DSP
03-01 14:07:40.882 D/mot_vr_audio_hw( 1420): Input 0xb79d66e8 standby complete
03-01 14:07:40.888 D/mot_vr_audio_hw( 1420): Input 0xb79d66e8 close complete
03-01 14:07:40.894 D/ADSPD   ( 1413): Received from DSP: cmd=0x8003, size=2
03-01 14:07:40.894 D/ADSPD   ( 1413): Client cmd=0x4003, size=2
03-01 14:07:40.894 D/mot_vr_audio_hw( 1420): received recognition control callback, status 0
03-01 14:07:41.158 I/art     ( 1737): Explicit concurrent mark sweep GC freed 20427(1065KB) AllocSpace objects, 0(0B) LOS objects, 16% free, 9MB/11MB, paused 1.708ms total 215.423ms
03-01 14:07:41.169 I/ActivityManager( 1737): START u0 {act=android.intent.action.MAIN cat=[android.intent.category.HOME] flg=0x10000000 cmp=com.google.android.wearable.app/com.google.android.clockwork.home.HomeActivity (has extras)} from uid 10002 on display 0
03-01 14:07:41.174 V/ActivityManager( 1737): Display changed displayId=0
03-01 14:07:41.248 I/AmbientMode( 1932): shouldBatterySaverKickIn, level 79, charging: false
03-01 14:07:41.331 D/mot_vr_audio_hw( 1420): dsp_recognizer_enabled = false
03-01 14:07:41.331 D/ADSPD   ( 1413): Client cmd=0x0003, size=4
03-01 14:07:41.332 E/audio_a2dp_hw( 1420): adev_set_parameters: ERROR: set param called even when stream out is null
03-01 14:07:41.345 D/ADSPD   ( 1413): Received from DSP: cmd=0x8003, size=2
03-01 14:07:41.346 D/mot_vr_audio_hw( 1420): received recognition control callback, status 0
03-01 14:07:41.370 D/CalWatchFaceService(16903): onAmbientModeChanged: true
03-01 14:07:41.370 I/ClockFace(16903): Ambient mode: true
03-01 14:07:41.370 V/ClockFace(16903): clearing caches
03-01 14:07:41.371 I/TimeWrapper(16903): FPS: 42.56894, samples: 228
03-01 14:07:41.371 I/TimeWrapper(16903): Min/Avg/Max frame render speed (ms): 4.272461 / 5.167509 / 17.12036
03-01 14:07:41.371 I/TimeWrapper(16903): Waketime: 21.997538%
03-01 14:07:41.371 D/CalWatchFaceService(16903): updateTimer
03-01 14:07:41.374 V/ClockFace(16903): drawFace: cx(160), cy(160), r(160)
03-01 14:07:41.374 V/ClockFace(16903): rendering new face, faceMode(0)
03-01 14:07:41.395 D/mot_vr_audio_hw( 1420): dsp_recognizer_enabled = false
03-01 14:07:41.395 D/ADSPD   ( 1413): Client cmd=0x0003, size=4
03-01 14:07:41.397 E/audio_a2dp_hw( 1420): adev_set_parameters: ERROR: set param called even when stream out is null
03-01 14:07:41.409 D/ADSPD   ( 1413): Received from DSP: cmd=0x8003, size=2
03-01 14:07:41.409 D/mot_vr_audio_hw( 1420): received recognition control callback, status 0
03-01 14:07:41.451 I/AmbientMode( 1932): Ambient mode started: canDoze=true
03-01 14:07:41.462 I/ActivityManager( 1737): Activity reported stop, but no longer stopping: ActivityRecord{22d515cb u0 com.google.android.wearable.app/com.google.android.clockwork.home.HomeActivity t47}
03-01 14:07:41.592 D/MinnowPowerHAL( 1737): power_set_interactive: 0
03-01 14:07:41.592 D/MinnowPowerHAL( 1737): sysfs_write: /sys/devices/platform/omapdss/display0/interactivemode 0
03-01 14:07:41.595 D/MinnowPowerHAL( 1737): sysfs_write: /sys/devices/ocp.2/i2c.6/i2c-0/0-004a/interactivemode 0
03-01 14:07:41.597 D/MinnowPowerHAL( 1737): sysfs_write: /sys/class/leds/lcd-backlight/interactive 0
03-01 14:07:41.598 D/mot_vr_audio_hw( 1737): dsp_set_pm_state = off
03-01 14:07:41.600 D/ADSPD   ( 1413): Client cmd=0x4002, size=2
03-01 14:07:41.601 D/ADSPD   ( 1413): DSP_CMD_DAEMON_SET_PM_STATE : 0
03-01 14:07:42.100 I/DisplayManagerService( 1737): Display device changed: DisplayDeviceInfo{"Built-in Screen": 320 x 290, 45.000004 fps, supportedRefreshRates [45.000004], density 213, 203.2 x 204.61111 dpi, appVsyncOff 0, presDeadline 23222220, touch INTERNAL, rotation 0, type BUILT_IN, state DOZE_SUSPEND, FLAG_DEFAULT_DISPLAY, FLAG_ROTATES_WITH_CONTENT, FLAG_SECURE, FLAG_SUPPORTS_PROTECTED_BUFFERS}
03-01 14:07:42.102 V/ActivityManager( 1737): Display changed displayId=0
03-01 14:07:42.104 D/SurfaceFlinger( 1412): Set power mode=3, type=0 flinger=0xb7cb1550
03-01 14:07:42.104 D/hwcomposer( 1412): hwc_blank(0: 0)
03-01 14:07:43.947 W/bt-btif (22890): dm_pm_timer expires
03-01 14:07:43.947 W/bt-btif (22890): dm_pm_timer expires 0
03-01 14:07:43.947 W/bt-btif (22890): proc dm_pm_timer expires
03-01 14:07:59.294 E/libsuspend( 1737): Error writing to /sys/power/state: Device or resource busy
03-01 14:08:00.133 I/ActivityManager( 1737): START u0 {act=android.intent.action.MAIN cat=[android.intent.category.HOME] flg=0x10000000 cmp=com.google.android.wearable.app/com.google.android.clockwork.home.HomeActivity (has extras)} from uid 10002 on display 0
03-01 14:08:00.143 V/ActivityManager( 1737): Display changed displayId=0
03-01 14:08:00.203 D/mot_vr_audio_hw( 1420): dsp_recognizer_enabled = false
03-01 14:08:00.204 D/ADSPD   ( 1413): Client cmd=0x0003, size=4
03-01 14:08:00.205 D/ADSPD   ( 1413): Trying to send to dsp while in dsp in RESET
03-01 14:08:00.205 E/audio_a2dp_hw( 1420): adev_set_parameters: ERROR: set param called even when stream out is null
03-01 14:08:01.296 E/libsuspend( 1737): Error writing to /sys/power/state: Device or resource busy
03-01 14:08:02.987 I/ActivityManager( 1737): Delay finish: com.motorola.targetnotif/com.motorola.omni.NotificationAlarmReceiver
03-01 14:08:03.001 I/ActivityManager( 1737): Resuming delayed broadcast
03-01 14:08:06.984 I/TimeSyncer( 1932): Companion requested the watch start a time sync.
03-01 14:08:06.984 I/TimeSyncer( 1932): sending request - elapsedRealTime: 838820167
03-01 14:08:07.039 I/TimeSyncer( 1932): UPDATED TIME to ms 1425240487033, offset ms: -6, latency ms: 47
03-01 14:08:07.045 D/AlarmManagerService( 1737): Setting time of day to sec=1425240487
03-01 14:08:07.157 I/CheckinService(26940): Checking schedule, now: 1425240487157 next: 1425308687804
03-01 14:08:07.157 I/CheckinService(26940): active receiver: disabled
03-01 14:08:07.208 D/GCM     (26959): GcmService start Intent { act=com.google.android.checkin.CHECKIN_COMPLETE flg=0x10 cmp=com.google.android.gms/.gcm.GcmService (has extras) } com.google.android.checkin.CHECKIN_COMPLETE
03-01 14:08:08.345 I/TimeSyncer( 1932): sending request - elapsedRealTime: 838821527
03-01 14:08:09.772 I/TimeSyncer( 1932): sending request - elapsedRealTime: 838822954
03-01 14:08:11.773 I/TimeSyncer( 1932): sending request - elapsedRealTime: 838824955
03-01 14:08:13.867 W/bt-btif (22890): dm_pm_timer expires
03-01 14:08:13.868 W/bt-btif (22890): dm_pm_timer expires 0
03-01 14:08:13.868 W/bt-btif (22890): proc dm_pm_timer expires
03-01 14:08:16.506 W/bt-btif (22890): dm_pm_timer expires
03-01 14:08:16.506 W/bt-btif (22890): dm_pm_timer expires 0
03-01 14:08:16.507 W/bt-btif (22890): proc dm_pm_timer expires
03-01 14:09:00.118 I/ActivityManager( 1737): START u0 {act=android.intent.action.MAIN cat=[android.intent.category.HOME] flg=0x10000000 cmp=com.google.android.wearable.app/com.google.android.clockwork.home.HomeActivity (has extras)} from uid 10002 on display 0
03-01 14:09:00.159 I/TimeWrapper(16903): FPS: 0.06347451, samples: 5
03-01 14:09:00.160 I/TimeWrapper(16903): Min/Avg/Max frame render speed (ms): 3.356933 / 7.904052 / 12.115478
03-01 14:09:00.160 I/TimeWrapper(16903): Waketime: 0.05017059%
03-01 14:09:00.182 D/mot_vr_audio_hw( 1420): dsp_recognizer_enabled = false
03-01 14:09:00.182 D/ADSPD   ( 1413): Client cmd=0x0003, size=4
03-01 14:09:00.183 D/ADSPD   ( 1413): Trying to send to dsp while in dsp in RESET
03-01 14:09:00.183 E/audio_a2dp_hw( 1420): adev_set_parameters: ERROR: set param called even when stream out is null
03-01 14:09:37.480 I/TimeSyncer( 1932): Companion requested the watch start a time sync.
03-01 14:09:37.480 I/TimeSyncer( 1932): sending request - elapsedRealTime: 838910662
03-01 14:09:37.523 I/TimeSyncer( 1932): UPDATED TIME to ms 1425240578222, offset ms: 699, latency ms: 35
03-01 14:09:37.529 D/AlarmManagerService( 1737): Setting time of day to sec=1425240578
03-01 14:09:38.346 I/CheckinService(26940): Checking schedule, now: 1425240578346 next: 1425308687804
03-01 14:09:38.346 I/CheckinService(26940): active receiver: disabled
03-01 14:09:38.394 I/ActivityManager( 1737): Delay finish: com.google.android.gms/.gcm.ServiceAutoStarter
03-01 14:09:38.397 D/GCM     (26959): GcmService start Intent { act=com.google.android.checkin.CHECKIN_COMPLETE flg=0x10 cmp=com.google.android.gms/.gcm.GcmService (has extras) } com.google.android.checkin.CHECKIN_COMPLETE
03-01 14:09:38.398 I/ActivityManager( 1737): Resuming delayed broadcast
03-01 14:09:39.535 I/TimeSyncer( 1932): sending request - elapsedRealTime: 838912011
03-01 14:09:41.586 I/TimeSyncer( 1932): sending request - elapsedRealTime: 838914062
03-01 14:09:42.960 I/TimeSyncer( 1932): sending request - elapsedRealTime: 838915436
03-01 14:09:45.013 W/bt-btif (22890): dm_pm_timer expires
03-01 14:09:45.013 W/bt-btif (22890): dm_pm_timer expires 0
03-01 14:09:45.013 W/bt-btif (22890): proc dm_pm_timer expires
03-01 14:10:01.557 I/ActivityManager( 1737): START u0 {act=android.intent.action.MAIN cat=[android.intent.category.HOME] flg=0x10000000 cmp=com.google.android.wearable.app/com.google.android.clockwork.home.HomeActivity (has extras)} from uid 10002 on display 0
03-01 14:10:01.569 I/UsageStatsService( 1737): User[0] Flushing usage stats to disk
03-01 14:10:01.635 D/mot_vr_audio_hw( 1420): dsp_recognizer_enabled = false
03-01 14:10:01.636 D/ADSPD   ( 1413): Client cmd=0x0003, size=4
03-01 14:10:01.637 D/ADSPD   ( 1413): Trying to send to dsp while in dsp in RESET
03-01 14:10:01.637 E/audio_a2dp_hw( 1420): adev_set_parameters: ERROR: set param called even when stream out is null
03-01 14:10:01.878 I/UsageStatsDatabase( 1737): Moving file /data/system/usagestats/0/daily/1424563323609 to /data/system/usagestats/0/daily/1424563325650
03-01 14:10:01.879 I/UsageStatsDatabase( 1737): Moving file /data/system/usagestats/0/daily/1424649704224 to /data/system/usagestats/0/daily/1424649706265
03-01 14:10:01.880 I/UsageStatsDatabase( 1737): Moving file /data/system/usagestats/0/daily/1424736082735 to /data/system/usagestats/0/daily/1424736084776
03-01 14:10:01.881 I/UsageStatsDatabase( 1737): Moving file /data/system/usagestats/0/daily/1424822480593 to /data/system/usagestats/0/daily/1424822482634
03-01 14:10:01.882 I/UsageStatsDatabase( 1737): Moving file /data/system/usagestats/0/daily/1424908874907 to /data/system/usagestats/0/daily/1424908876948
03-01 14:10:01.883 I/UsageStatsDatabase( 1737): Moving file /data/system/usagestats/0/daily/1424995264649 to /data/system/usagestats/0/daily/1424995266690
03-01 14:10:01.884 I/UsageStatsDatabase( 1737): Moving file /data/system/usagestats/0/daily/1425081641581 to /data/system/usagestats/0/daily/1425081643622
03-01 14:10:01.884 I/UsageStatsDatabase( 1737): Moving file /data/system/usagestats/0/daily/1425168009417 to /data/system/usagestats/0/daily/1425168011458
03-01 14:10:01.885 I/UsageStatsDatabase( 1737): Moving file /data/system/usagestats/0/weekly/1423094906294 to /data/system/usagestats/0/weekly/1423094908335
03-01 14:10:01.886 I/UsageStatsDatabase( 1737): Moving file /data/system/usagestats/0/weekly/1423699598939 to /data/system/usagestats/0/weekly/1423699600980
03-01 14:10:01.887 I/UsageStatsDatabase( 1737): Moving file /data/system/usagestats/0/weekly/1424304229523 to /data/system/usagestats/0/weekly/1424304231564
03-01 14:10:01.889 I/UsageStatsDatabase( 1737): Moving file /data/system/usagestats/0/weekly/1424908874907 to /data/system/usagestats/0/weekly/1424908876948
03-01 14:10:01.890 I/UsageStatsDatabase( 1737): Moving file /data/system/usagestats/0/monthly/1420416613050 to /data/system/usagestats/0/monthly/1420416615091
03-01 14:10:01.890 I/UsageStatsDatabase( 1737): Moving file /data/system/usagestats/0/monthly/1423008528091 to /data/system/usagestats/0/monthly/1423008530132
03-01 14:10:01.891 I/UsageStatsDatabase( 1737): Moving file /data/system/usagestats/0/yearly/1419120613050 to /data/system/usagestats/0/yearly/1419120615091
03-01 14:10:33.483 I/UsageStatsService( 1737): User[0] Rollover scheduled @ 2015-03-01 18:00:00(1425254400000)
03-01 14:10:54.899 I/TimeWrapper(16903): FPS: 0.026791, samples: 2
03-01 14:10:54.900 I/TimeWrapper(16903): Min/Avg/Max frame render speed (ms): 3.326416 / 3.341674 / 3.356933
03-01 14:10:54.900 I/TimeWrapper(16903): Waketime: 0.00895268%
03-01 14:11:01.564 I/ActivityManager( 1737): START u0 {act=android.intent.action.MAIN cat=[android.intent.category.HOME] flg=0x10000000 cmp=com.google.android.wearable.app/com.google.android.clockwork.home.HomeActivity (has extras)} from uid 10002 on display 0
03-01 14:11:01.634 D/mot_vr_audio_hw( 1420): dsp_recognizer_enabled = false
03-01 14:11:01.634 D/ADSPD   ( 1413): Client cmd=0x0003, size=4
03-01 14:11:01.635 D/ADSPD   ( 1413): Trying to send to dsp while in dsp in RESET
03-01 14:11:01.636 E/audio_a2dp_hw( 1420): adev_set_parameters: ERROR: set param called even when stream out is null
03-01 14:11:21.695 I/art     ( 1932): Explicit concurrent mark sweep GC freed 19507(1089KB) AllocSpace objects, 1(17KB) LOS objects, 6% free, 28MB/30MB, paused 1.098ms total 82.397ms
03-01 14:12:01.557 I/ActivityManager( 1737): START u0 {act=android.intent.action.MAIN cat=[android.intent.category.HOME] flg=0x10000000 cmp=com.google.android.wearable.app/com.google.android.clockwork.home.HomeActivity (has extras)} from uid 10002 on display 0
03-01 14:12:01.626 D/mot_vr_audio_hw( 1420): dsp_recognizer_enabled = false
03-01 14:12:01.626 D/ADSPD   ( 1413): Client cmd=0x0003, size=4
03-01 14:12:01.627 D/ADSPD   ( 1413): Trying to send to dsp while in dsp in RESET
03-01 14:12:01.627 E/audio_a2dp_hw( 1420): adev_set_parameters: ERROR: set param called even when stream out is null
03-01 14:12:58.273 E/libsuspend( 1737): Error writing to /sys/power/state: Device or resource busy
03-01 14:13:00.125 I/ActivityManager( 1737): START u0 {act=android.intent.action.MAIN cat=[android.intent.category.HOME] flg=0x10000000 cmp=com.google.android.wearable.app/com.google.android.clockwork.home.HomeActivity (has extras)} from uid 10002 on display 0
03-01 14:13:00.160 I/TimeWrapper(16903): FPS: 0.025301443, samples: 3
03-01 14:13:00.160 I/TimeWrapper(16903): Min/Avg/Max frame render speed (ms): 3.326416 / 5.818685 / 10.803222
03-01 14:13:00.161 I/TimeWrapper(16903): Waketime: 0.0147221135%
03-01 14:13:00.193 D/mot_vr_audio_hw( 1420): dsp_recognizer_enabled = false
03-01 14:13:00.193 D/ADSPD   ( 1413): Client cmd=0x0003, size=4
03-01 14:13:00.194 D/ADSPD   ( 1413): Trying to send to dsp while in dsp in RESET
03-01 14:13:00.195 E/audio_a2dp_hw( 1420): adev_set_parameters: ERROR: set param called even when stream out is null
03-01 14:14:01.557 I/ActivityManager( 1737): START u0 {act=android.intent.action.MAIN cat=[android.intent.category.HOME] flg=0x10000000 cmp=com.google.android.wearable.app/com.google.android.clockwork.home.HomeActivity (has extras)} from uid 10002 on display 0
03-01 14:14:01.653 I/art     ( 2086): Explicit concurrent mark sweep GC freed 3461(140KB) AllocSpace objects, 0(0B) LOS objects, 27% free, 1321KB/1833KB, paused 488us total 32.806ms
03-01 14:14:01.666 D/mot_vr_audio_hw( 1420): dsp_recognizer_enabled = false
03-01 14:14:01.666 D/ADSPD   ( 1413): Client cmd=0x0003, size=4
03-01 14:14:01.667 D/ADSPD   ( 1413): Trying to send to dsp while in dsp in RESET
03-01 14:14:01.667 E/audio_a2dp_hw( 1420): adev_set_parameters: ERROR: set param called even when stream out is null
03-01 14:14:07.598 I/TimeSyncer( 1932): Companion requested the watch start a time sync.
03-01 14:14:07.599 I/TimeSyncer( 1932): sending request - elapsedRealTime: 839180075
03-01 14:14:07.655 I/TimeSyncer( 1932): UPDATED TIME to ms 1425240848781, offset ms: 1126, latency ms: 47
03-01 14:14:07.674 D/AlarmManagerService( 1737): Setting time of day to sec=1425240848
03-01 14:14:08.937 I/CheckinService(26940): Checking schedule, now: 1425240848937 next: 1425308687804
03-01 14:14:08.937 I/CheckinService(26940): active receiver: disabled
03-01 14:14:08.969 I/ActivityManager( 1737): Delay finish: com.google.android.gsf/.settings.GoogleLocationSettings$LocationSettingsChangedListener
03-01 14:14:08.982 I/EventLogService(26940): Aggregate from 1425238995037 (log), 1425238995037 (data)
03-01 14:14:09.128 I/ActivityManager( 1737): Resuming delayed broadcast
03-01 14:14:09.152 I/ActivityManager( 1737): Delay finish: com.google.android.gms/.gcm.ServiceAutoStarter
03-01 14:14:09.154 D/GCM     (26959): GcmService start Intent { act=com.google.android.checkin.CHECKIN_COMPLETE flg=0x10 cmp=com.google.android.gms/.gcm.GcmService (has extras) } com.google.android.checkin.CHECKIN_COMPLETE
03-01 14:14:09.156 I/ActivityManager( 1737): Resuming delayed broadcast
03-01 14:14:10.089 I/TimeSyncer( 1932): sending request - elapsedRealTime: 839181435
03-01 14:14:10.136 I/TimeSyncer( 1932): UPDATED TIME to ms 1425240850129, offset ms: -7, latency ms: 38
03-01 14:14:10.141 D/AlarmManagerService( 1737): Setting time of day to sec=1425240850
03-01 14:14:10.254 I/CheckinService(26940): Checking schedule, now: 1425240850254 next: 1425308687804
03-01 14:14:10.254 I/CheckinService(26940): active receiver: disabled
03-01 14:14:10.302 I/ActivityManager( 1737): Delay finish: com.google.android.gms/.gcm.ServiceAutoStarter
03-01 14:14:10.305 D/GCM     (26959): GcmService start Intent { act=com.google.android.checkin.CHECKIN_COMPLETE flg=0x10 cmp=com.google.android.gms/.gcm.GcmService (has extras) } com.google.android.checkin.CHECKIN_COMPLETE
03-01 14:14:10.306 I/ActivityManager( 1737): Resuming delayed broadcast
03-01 14:14:11.439 I/TimeSyncer( 1932): sending request - elapsedRealTime: 839182784
03-01 14:14:12.791 I/TimeSyncer( 1932): sending request - elapsedRealTime: 839184135
03-01 14:14:13.204 W/ContentResolver( 1932): Failed to get type for: content://com.google.android.wearable.provider.calendar (Unknown URL content://com.google.android.wearable.provider.calendar)
03-01 14:14:13.212 V/CalendarFetcher(16903): receiver: got intent message.  action(android.intent.action.PROVIDER_CHANGED), data(content://com.google.android.wearable.provider.calendar), toString(Intent { act=android.intent.action.PROVIDER_CHANGED dat=content://com.google.android.wearable.provider.calendar flg=0x10 })
03-01 14:14:13.212 V/CalendarFetcher(16903): receiver: time to load new calendar data
03-01 14:14:13.212 V/CalendarFetcher(16903): launching calendar loader task
03-01 14:14:13.233 V/CalendarFetcher(16903): wake lock acquired
03-01 14:14:13.233 V/CalendarFetcher(16903): starting to load content
03-01 14:14:13.234 V/CalendarFetcher(16903): Query times... Now: March 1, 2:14 PM, QueryStart: March 1, 2:00 PM, QueryEnd: March 2, 2:00 PM
03-01 14:14:13.395 V/CalendarFetcher(16903): visible instances found: 4
03-01 14:14:13.401 V/CalendarFetcher(16903): wake lock released
03-01 14:14:13.402 V/ClockFace(16903): update - start, instance(1)
03-01 14:14:13.402 V/ClockFace(16903): clearing caches
03-01 14:14:13.402 V/ClockState(16903): clipping 4 raw events to fit the screen
03-01 14:14:13.402 V/ClockState(16903): maxLevel for new events: 10000
03-01 14:14:13.402 V/ClockState(16903): number of new events: 0
03-01 14:14:13.402 V/ClockFace(16903): update - end
03-01 14:14:13.402 D/CalWatchFaceService(16903): updateTimer
03-01 14:14:13.402 V/ClockState(16903): new calendar event list, 4 entries
03-01 14:14:13.433 V/ClockFace(16903): drawFace: cx(160), cy(160), r(160)
03-01 14:14:13.434 V/ClockFace(16903): rendering new face, faceMode(0)
03-01 14:14:14.140 I/TimeSyncer( 1932): sending request - elapsedRealTime: 839185484
03-01 14:14:16.225 W/bt-btif (22890): dm_pm_timer expires
03-01 14:14:16.225 W/bt-btif (22890): dm_pm_timer expires 0
03-01 14:14:16.226 W/bt-btif (22890): proc dm_pm_timer expires
03-01 14:15:00.119 I/ActivityManager( 1737): START u0 {act=android.intent.action.MAIN cat=[android.intent.category.HOME] flg=0x10000000 cmp=com.google.android.wearable.app/com.google.android.clockwork.home.HomeActivity (has extras)} from uid 10002 on display 0
03-01 14:15:00.186 D/mot_vr_audio_hw( 1420): dsp_recognizer_enabled = false
03-01 14:15:00.186 D/ADSPD   ( 1413): Client cmd=0x0003, size=4
03-01 14:15:00.187 D/ADSPD   ( 1413): Trying to send to dsp while in dsp in RESET
03-01 14:15:00.188 E/audio_a2dp_hw( 1420): adev_set_parameters: ERROR: set param called even when stream out is null
03-01 14:16:02.039 I/ActivityManager( 1737): START u0 {act=android.intent.action.MAIN cat=[android.intent.category.HOME] flg=0x10000000 cmp=com.google.android.wearable.app/com.google.android.clockwork.home.HomeActivity (has extras)} from uid 10002 on display 0
03-01 14:16:02.045 I/TimeWrapper(16903): FPS: 0.03352377, samples: 4
03-01 14:16:02.045 I/TimeWrapper(16903): Min/Avg/Max frame render speed (ms): 3.295899 / 5.531311 / 10.009766
03-01 14:16:02.045 I/TimeWrapper(16903): Waketime: 0.018543039%
03-01 14:16:02.107 D/mot_vr_audio_hw( 1420): dsp_recognizer_enabled = false
03-01 14:16:02.107 D/ADSPD   ( 1413): Client cmd=0x0003, size=4
03-01 14:16:02.108 D/ADSPD   ( 1413): Trying to send to dsp while in dsp in RESET
03-01 14:16:02.109 E/audio_a2dp_hw( 1420): adev_set_parameters: ERROR: set param called even when stream out is null
03-01 14:17:00.124 I/ActivityManager( 1737): START u0 {act=android.intent.action.MAIN cat=[android.intent.category.HOME] flg=0x10000000 cmp=com.google.android.wearable.app/com.google.android.clockwork.home.HomeActivity (has extras)} from uid 10002 on display 0
03-01 14:17:00.197 D/mot_vr_audio_hw( 1420): dsp_recognizer_enabled = false
03-01 14:17:00.197 D/ADSPD   ( 1413): Client cmd=0x0003, size=4
03-01 14:17:00.198 D/ADSPD   ( 1413): Trying to send to dsp while in dsp in RESET
03-01 14:17:00.199 E/audio_a2dp_hw( 1420): adev_set_parameters: ERROR: set param called even when stream out is null
03-01 14:17:03.605 W/TelecomManager( 1737): Telecom Service not found.
03-01 14:17:03.606 I/PowerManagerService( 1737): Waking up from dozing (uid 1000)...
03-01 14:17:03.607 W/KeyguardServiceDelegate( 1737): onScreenTurnedOn(): no keyguard service!
03-01 14:17:03.619 D/MinnowPowerHAL( 1737): power_set_interactive: 1
03-01 14:17:03.619 D/MinnowPowerHAL( 1737): sysfs_write: /sys/devices/platform/omapdss/display0/interactivemode 1
03-01 14:17:03.635 D/MinnowPowerHAL( 1737): sysfs_write: /sys/devices/ocp.2/i2c.6/i2c-0/0-004a/interactivemode 1
03-01 14:17:03.637 D/MinnowPowerHAL( 1737): sysfs_write: /sys/class/leds/lcd-backlight/interactive 1
03-01 14:17:03.637 D/mot_vr_audio_hw( 1737): dsp_set_pm_state = on
03-01 14:17:03.638 D/ADSPD   ( 1413): Client cmd=0x4002, size=2
03-01 14:17:03.638 D/ADSPD   ( 1413): DSP_CMD_DAEMON_SET_PM_STATE : 1
03-01 14:17:03.660 E/InputMethodManagerService( 1737): Ignoring setImeWindowStatus due to an invalid token. uid:1000 token:null
03-01 14:17:03.678 E/audio_a2dp_hw( 1420): adev_set_parameters: ERROR: set param called even when stream out is null
03-01 14:17:03.746 D/SensorHAL( 1737): adjustSensorHandle: handle = 9 adjustedHandle = 1
03-01 14:17:03.746 D/SensorHAL( 1737): adjustSensorHandle: handle = 9 adjustedHandle = 1
03-01 14:17:03.748 I/DisplayManagerService( 1737): Display device changed: DisplayDeviceInfo{"Built-in Screen": 320 x 290, 45.000004 fps, supportedRefreshRates [45.000004], density 213, 203.2 x 204.61111 dpi, appVsyncOff 0, presDeadline 23222220, touch INTERNAL, rotation 0, type BUILT_IN, state ON, FLAG_DEFAULT_DISPLAY, FLAG_ROTATES_WITH_CONTENT, FLAG_SECURE, FLAG_SUPPORTS_PROTECTED_BUFFERS}
03-01 14:17:03.750 V/ActivityManager( 1737): Display changed displayId=0
03-01 14:17:03.751 D/SurfaceFlinger( 1412): Set power mode=2, type=0 flinger=0xb7cb1550
03-01 14:17:03.752 D/hwcomposer( 1412): hwc_blank(0: 0)
03-01 14:17:03.763 I/DreamManagerService( 1737): Gently waking up from dream.
03-01 14:17:03.766 I/DreamManagerService( 1737): Leaving dreamland.
03-01 14:17:03.767 I/DreamController( 1737): Stopping dream: name=ComponentInfo{com.google.android.wearable.app/com.google.android.clockwork.home.AmbientMode}, isTest=false, canDoze=true, userId=0
03-01 14:17:03.774 D/SensorHAL( 1737): adjustSensorHandle: handle = 9 adjustedHandle = 1
03-01 14:17:03.785 D/ADSPD   ( 1413): ACK success!
03-01 14:17:03.793 I/AmbientMode( 1932): Dream ended: isDozing=true
03-01 14:17:03.849 D/CalWatchFaceService(16903): onAmbientModeChanged: false
03-01 14:17:03.849 I/ClockFace(16903): Ambient mode: false
03-01 14:17:03.849 V/ClockFace(16903): clearing caches
03-01 14:17:03.850 D/CalWatchFaceService(16903): updateTimer
03-01 14:17:03.853 D/mot_vr_audio_hw( 1420): dsp_recognizer_enabled = true
03-01 14:17:03.853 D/ADSPD   ( 1413): Client cmd=0x0003, size=4
03-01 14:17:03.855 E/audio_a2dp_hw( 1420): adev_set_parameters: ERROR: set param called even when stream out is null
03-01 14:17:03.859 D/mot_vr_audio_hw( 1420): open_input_stream(): devices = 0x80000004, rate = 8000, channels = 0x10
03-01 14:17:03.859 D/mot_vr_audio_hw( 1420): Created resampler for 16000->8000 Hz
03-01 14:17:03.867 D/ADSPD   ( 1413): Received from DSP: cmd=0x8003, size=2
03-01 14:17:03.867 D/ADSPD   ( 1413): Client cmd=0x4003, size=2
03-01 14:17:03.868 D/mot_vr_audio_hw( 1420): received recognition control callback, status 0
03-01 14:17:03.869 V/ClockFace(16903): drawFace: cx(160), cy(160), r(160)
03-01 14:17:03.869 V/ClockFace(16903): rendering new face, faceMode(0)
03-01 14:17:03.874 V/ClockFace(16903): fetching new battery status
03-01 14:17:03.875 I/AudioFlinger( 1420): AudioFlinger's thread 0xb59bb008 ready to run
03-01 14:17:03.889 D/mot_vr_audio_hw( 1420): in_read waiting for hotword
03-01 14:17:03.892 V/ClockFace(16903): battery at 0.78
03-01 14:17:06.949 W/bt-btif (22890): dm_pm_timer expires
03-01 14:17:06.949 W/bt-btif (22890): dm_pm_timer expires 0
03-01 14:17:06.949 W/bt-btif (22890): proc dm_pm_timer expires
03-01 14:17:08.599 I/PowerManagerService( 1737): Going to sleep due to screen timeout (uid 1000)...
03-01 14:17:08.600 I/DreamManagerService( 1737): Entering dreamland.
03-01 14:17:08.601 I/PowerManagerService( 1737): Dozing...
03-01 14:17:08.615 I/DreamController( 1737): Starting dream: name=ComponentInfo{com.google.android.wearable.app/com.google.android.clockwork.home.AmbientMode}, isTest=false, canDoze=true, userId=0
03-01 14:17:08.629 E/InputMethodManagerService( 1737): Ignoring setImeWindowStatus due to an invalid token. uid:1000 token:null
03-01 14:17:08.630 D/mot_vr_audio_hw( 1420): dsp_recognizer_enabled = false
03-01 14:17:08.630 D/ADSPD   ( 1413): Client cmd=0x0003, size=4
03-01 14:17:08.633 E/audio_a2dp_hw( 1420): adev_set_parameters: ERROR: set param called even when stream out is null
03-01 14:17:08.636 E/InputMethodManagerService( 1737): Ignoring setImeWindowStatus due to an invalid token. uid:1000 token:null
03-01 14:17:08.645 D/ADSPD   ( 1413): Received from DSP: cmd=0x8003, size=2
03-01 14:17:08.645 D/mot_vr_audio_hw( 1420): received recognition control callback, status 0
03-01 14:17:08.646 D/ADSPD   ( 1413): Client cmd=0x0003, size=4
03-01 14:17:08.648 D/mot_vr_audio_hw( 1420): Switching DSP to standby/passthrough mode
03-01 14:17:08.648 D/mot_vr_audio_hw( 1420): Input 0xb79d6e48 ready to read
03-01 14:17:08.660 D/ADSPD   ( 1413): Received from DSP: cmd=0x8003, size=2
03-01 14:17:08.661 D/mot_vr_audio_hw( 1420): received recognition control callback, status 0
03-01 14:17:08.661 E/audio_a2dp_hw( 1420): adev_set_parameters: ERROR: set param called even when stream out is null
03-01 14:17:08.709 D/mot_vr_audio_hw( 1420): Discarded 10 buffers of leading silence
03-01 14:17:08.715 D/ADSPD   ( 1413): Client cmd=0x0003, size=4
03-01 14:17:08.717 D/mot_vr_audio_hw( 1420): Re-arming DSP
03-01 14:17:08.717 D/mot_vr_audio_hw( 1420): Input 0xb79d6e48 standby complete
03-01 14:17:08.727 D/mot_vr_audio_hw( 1420): Input 0xb79d6e48 close complete
03-01 14:17:08.729 D/ADSPD   ( 1413): Received from DSP: cmd=0x8003, size=2
03-01 14:17:08.729 D/ADSPD   ( 1413): Client cmd=0x4003, size=2
03-01 14:17:08.729 D/mot_vr_audio_hw( 1420): received recognition control callback, status 0
03-01 14:17:08.784 I/art     ( 1737): Background sticky concurrent mark sweep GC freed 30220(1540KB) AllocSpace objects, 10(160KB) LOS objects, 14% free, 10MB/11MB, paused 23.010ms total 114.501ms
03-01 14:17:08.855 I/ActivityManager( 1737): START u0 {act=android.intent.action.MAIN cat=[android.intent.category.HOME] flg=0x10000000 cmp=com.google.android.wearable.app/com.google.android.clockwork.home.HomeActivity (has extras)} from uid 10002 on display 0
03-01 14:17:08.865 V/ActivityManager( 1737): Display changed displayId=0
03-01 14:17:08.898 I/AmbientMode( 1932): shouldBatterySaverKickIn, level 78, charging: false
03-01 14:17:09.020 D/mot_vr_audio_hw( 1420): dsp_recognizer_enabled = false
03-01 14:17:09.020 D/ADSPD   ( 1413): Client cmd=0x0003, size=4
03-01 14:17:09.022 E/audio_a2dp_hw( 1420): adev_set_parameters: ERROR: set param called even when stream out is null
03-01 14:17:09.034 D/ADSPD   ( 1413): Received from DSP: cmd=0x8003, size=2
03-01 14:17:09.035 D/mot_vr_audio_hw( 1420): received recognition control callback, status 0
03-01 14:17:09.055 D/CalWatchFaceService(16903): onAmbientModeChanged: true
03-01 14:17:09.056 I/ClockFace(16903): Ambient mode: true
03-01 14:17:09.056 V/ClockFace(16903): clearing caches
03-01 14:17:09.056 I/TimeWrapper(16903): FPS: 42.410477, samples: 219
03-01 14:17:09.056 I/TimeWrapper(16903): Min/Avg/Max frame render speed (ms): 4.241943 / 5.234949 / 44.433594
03-01 14:17:09.056 I/TimeWrapper(16903): Waketime: 22.201668%
03-01 14:17:09.056 D/CalWatchFaceService(16903): updateTimer
03-01 14:17:09.076 V/ClockFace(16903): drawFace: cx(160), cy(160), r(160)
03-01 14:17:09.076 V/ClockFace(16903): rendering new face, faceMode(0)
03-01 14:17:09.085 D/mot_vr_audio_hw( 1420): dsp_recognizer_enabled = false
03-01 14:17:09.085 D/ADSPD   ( 1413): Client cmd=0x0003, size=4
03-01 14:17:09.086 E/audio_a2dp_hw( 1420): adev_set_parameters: ERROR: set param called even when stream out is null
03-01 14:17:09.098 D/ADSPD   ( 1413): Received from DSP: cmd=0x8003, size=2
03-01 14:17:09.099 D/mot_vr_audio_hw( 1420): received recognition control callback, status 0
03-01 14:17:09.140 I/AmbientMode( 1932): Ambient mode started: canDoze=true
03-01 14:17:09.148 I/ActivityManager( 1737): Activity reported stop, but no longer stopping: ActivityRecord{22d515cb u0 com.google.android.wearable.app/com.google.android.clockwork.home.HomeActivity t47}
03-01 14:17:09.278 D/MinnowPowerHAL( 1737): power_set_interactive: 0
03-01 14:17:09.279 D/MinnowPowerHAL( 1737): sysfs_write: /sys/devices/platform/omapdss/display0/interactivemode 0
03-01 14:17:09.282 D/MinnowPowerHAL( 1737): sysfs_write: /sys/devices/ocp.2/i2c.6/i2c-0/0-004a/interactivemode 0
03-01 14:17:09.284 D/MinnowPowerHAL( 1737): sysfs_write: /sys/class/leds/lcd-backlight/interactive 0
03-01 14:17:09.285 D/mot_vr_audio_hw( 1737): dsp_set_pm_state = off
03-01 14:17:09.287 D/ADSPD   ( 1413): Client cmd=0x4002, size=2
03-01 14:17:09.287 D/ADSPD   ( 1413): DSP_CMD_DAEMON_SET_PM_STATE : 0
03-01 14:17:09.420 I/DisplayManagerService( 1737): Display device changed: DisplayDeviceInfo{"Built-in Screen": 320 x 290, 45.000004 fps, supportedRefreshRates [45.000004], density 213, 203.2 x 204.61111 dpi, appVsyncOff 0, presDeadline 23222220, touch INTERNAL, rotation 0, type BUILT_IN, state DOZE_SUSPEND, FLAG_DEFAULT_DISPLAY, FLAG_ROTATES_WITH_CONTENT, FLAG_SECURE, FLAG_SUPPORTS_PROTECTED_BUFFERS}
03-01 14:17:09.422 V/ActivityManager( 1737): Display changed displayId=0
03-01 14:17:09.424 D/SurfaceFlinger( 1412): Set power mode=3, type=0 flinger=0xb7cb1550
03-01 14:17:09.424 D/hwcomposer( 1412): hwc_blank(0: 0)
03-01 14:17:10.397 D/SensorHALGestureSensor( 1737): Gesture event received! time = 1425241030397055559
03-01 14:17:10.400 I/PowerManagerService( 1737): Waking up from dozing (uid 10002)...
03-01 14:17:10.401 W/KeyguardServiceDelegate( 1737): onScreenTurnedOn(): no keyguard service!
03-01 14:17:10.424 D/MinnowPowerHAL( 1737): power_set_interactive: 1
03-01 14:17:10.424 D/MinnowPowerHAL( 1737): sysfs_write: /sys/devices/platform/omapdss/display0/interactivemode 1
03-01 14:17:10.545 D/MinnowPowerHAL( 1737): sysfs_write: /sys/devices/ocp.2/i2c.6/i2c-0/0-004a/interactivemode 1
03-01 14:17:10.547 D/MinnowPowerHAL( 1737): sysfs_write: /sys/class/leds/lcd-backlight/interactive 1
03-01 14:17:10.547 D/mot_vr_audio_hw( 1737): dsp_set_pm_state = on
03-01 14:17:10.548 D/ADSPD   ( 1413): Client cmd=0x4002, size=2
03-01 14:17:10.548 D/ADSPD   ( 1413): DSP_CMD_DAEMON_SET_PM_STATE : 1
03-01 14:17:10.549 D/PowerManagerService-JNI( 1737): Excessive delay in setInteractive(true) while turning screen on: 124ms
03-01 14:17:10.557 I/DisplayManagerService( 1737): Display device changed: DisplayDeviceInfo{"Built-in Screen": 320 x 290, 45.000004 fps, supportedRefreshRates [45.000004], density 213, 203.2 x 204.61111 dpi, appVsyncOff 0, presDeadline 23222220, touch INTERNAL, rotation 0, type BUILT_IN, state ON, FLAG_DEFAULT_DISPLAY, FLAG_ROTATES_WITH_CONTENT, FLAG_SECURE, FLAG_SUPPORTS_PROTECTED_BUFFERS}
03-01 14:17:10.557 D/SurfaceFlinger( 1412): Set power mode=2, type=0 flinger=0xb7cb1550
03-01 14:17:10.557 D/hwcomposer( 1412): hwc_blank(0: 0)
03-01 14:17:10.559 I/DreamManagerService( 1737): Gently waking up from dream.
03-01 14:17:10.587 V/ActivityManager( 1737): Display changed displayId=0
