03-01 12:21:12.468 I/ActivityManager( 1737): START u0 {act=android.intent.action.MAIN cat=[android.intent.category.HOME] flg=0x10000000 cmp=com.google.android.wearable.app/com.google.android.clockwork.home.HomeActivity (has extras)} from uid 10002 on display 0
03-01 12:21:12.539 D/mot_vr_audio_hw( 1420): dsp_recognizer_enabled = false
03-01 12:21:12.539 D/ADSPD   ( 1413): Client cmd=0x0003, size=4
03-01 12:21:12.540 D/ADSPD   ( 1413): Trying to send to dsp while in dsp in RESET
03-01 12:21:12.540 E/audio_a2dp_hw( 1420): adev_set_parameters: ERROR: set param called even when stream out is null
03-01 12:21:12.571 I/ActivityManager( 1737): Activity reported stop, but no longer stopping: ActivityRecord{22d515cb u0 com.google.android.wearable.app/com.google.android.clockwork.home.HomeActivity t47}
03-01 12:21:14.433 W/bt-btif (22890): dm_pm_timer expires
03-01 12:21:14.434 W/bt-btif (22890): dm_pm_timer expires 0
03-01 12:21:14.434 W/bt-btif (22890): proc dm_pm_timer expires
03-01 12:22:01.553 I/ActivityManager( 1737): START u0 {act=android.intent.action.MAIN cat=[android.intent.category.HOME] flg=0x10000000 cmp=com.google.android.wearable.app/com.google.android.clockwork.home.HomeActivity (has extras)} from uid 10002 on display 0
03-01 12:22:01.571 I/TimeWrapper(16903): FPS: 0.029520633, samples: 3
03-01 12:22:01.572 I/TimeWrapper(16903): Min/Avg/Max frame render speed (ms): 4.15039 / 4.201253 / 4.272461
03-01 12:22:01.572 I/TimeWrapper(16903): Waketime: 0.012402365%
03-01 12:22:01.623 D/mot_vr_audio_hw( 1420): dsp_recognizer_enabled = false
03-01 12:22:01.623 D/ADSPD   ( 1413): Client cmd=0x0003, size=4
03-01 12:22:01.624 D/ADSPD   ( 1413): Trying to send to dsp while in dsp in RESET
03-01 12:22:01.624 E/audio_a2dp_hw( 1420): adev_set_parameters: ERROR: set param called even when stream out is null
03-01 12:23:02.554 I/ActivityManager( 1737): START u0 {act=android.intent.action.MAIN cat=[android.intent.category.HOME] flg=0x10000000 cmp=com.google.android.wearable.app/com.google.android.clockwork.home.HomeActivity (has extras)} from uid 10002 on display 0
03-01 12:23:02.624 D/mot_vr_audio_hw( 1420): dsp_recognizer_enabled = false
03-01 12:23:02.624 D/ADSPD   ( 1413): Client cmd=0x0003, size=4
03-01 12:23:02.625 D/ADSPD   ( 1413): Trying to send to dsp while in dsp in RESET
03-01 12:23:02.626 E/audio_a2dp_hw( 1420): adev_set_parameters: ERROR: set param called even when stream out is null
03-01 12:24:01.556 I/ActivityManager( 1737): START u0 {act=android.intent.action.MAIN cat=[android.intent.category.HOME] flg=0x10000000 cmp=com.google.android.wearable.app/com.google.android.clockwork.home.HomeActivity (has extras)} from uid 10002 on display 0
03-01 12:24:01.645 D/mot_vr_audio_hw( 1420): dsp_recognizer_enabled = false
03-01 12:24:01.645 D/ADSPD   ( 1413): Client cmd=0x0003, size=4
03-01 12:24:01.646 D/ADSPD   ( 1413): Trying to send to dsp while in dsp in RESET
03-01 12:24:01.646 E/audio_a2dp_hw( 1420): adev_set_parameters: ERROR: set param called even when stream out is null
03-01 12:25:01.447 I/ActivityManager( 1737): START u0 {act=android.intent.action.MAIN cat=[android.intent.category.HOME] flg=0x10000000 cmp=com.google.android.wearable.app/com.google.android.clockwork.home.HomeActivity (has extras)} from uid 10002 on display 0
03-01 12:25:01.477 I/TimeWrapper(16903): FPS: 0.016819628, samples: 2
03-01 12:25:01.477 I/TimeWrapper(16903): Min/Avg/Max frame render speed (ms): 4.669189 / 7.354736 / 10.040283
03-01 12:25:01.477 I/TimeWrapper(16903): Waketime: 0.012370393%
03-01 12:25:01.530 D/mot_vr_audio_hw( 1420): dsp_recognizer_enabled = false
03-01 12:25:01.530 D/ADSPD   ( 1413): Client cmd=0x0003, size=4
03-01 12:25:01.531 D/ADSPD   ( 1413): Trying to send to dsp while in dsp in RESET
03-01 12:25:01.532 E/audio_a2dp_hw( 1420): adev_set_parameters: ERROR: set param called even when stream out is null
03-01 12:25:01.930 E/libsuspend( 1737): Error writing to /sys/power/state: Device or resource busy
03-01 12:25:02.584 I/ActivityManager( 1737): Delay finish: com.google.android.gms/.checkin.EventLogService$Receiver
03-01 12:25:02.611 I/EventLogService(26940): Aggregate from 1425231856859 (log), 1425231856859 (data)
03-01 12:25:02.805 I/ActivityManager( 1737): Resuming delayed broadcast
03-01 12:25:02.824 I/ActivityManager( 1737): Delay finish: com.motorola.targetnotif/com.motorola.omni.NotificationAlarmReceiver
03-01 12:25:02.832 I/ActivityManager( 1737): Resuming delayed broadcast
03-01 12:26:01.553 I/ActivityManager( 1737): START u0 {act=android.intent.action.MAIN cat=[android.intent.category.HOME] flg=0x10000000 cmp=com.google.android.wearable.app/com.google.android.clockwork.home.HomeActivity (has extras)} from uid 10002 on display 0
03-01 12:26:01.629 D/mot_vr_audio_hw( 1420): dsp_recognizer_enabled = false
03-01 12:26:01.629 D/ADSPD   ( 1413): Client cmd=0x0003, size=4
03-01 12:26:01.630 D/ADSPD   ( 1413): Trying to send to dsp while in dsp in RESET
03-01 12:26:01.630 E/audio_a2dp_hw( 1420): adev_set_parameters: ERROR: set param called even when stream out is null
03-01 12:27:01.559 I/ActivityManager( 1737): START u0 {act=android.intent.action.MAIN cat=[android.intent.category.HOME] flg=0x10000000 cmp=com.google.android.wearable.app/com.google.android.clockwork.home.HomeActivity (has extras)} from uid 10002 on display 0
03-01 12:27:01.623 D/mot_vr_audio_hw( 1420): dsp_recognizer_enabled = false
03-01 12:27:01.623 D/ADSPD   ( 1413): Client cmd=0x0003, size=4
03-01 12:27:01.624 D/ADSPD   ( 1413): Trying to send to dsp while in dsp in RESET
03-01 12:27:01.624 E/audio_a2dp_hw( 1420): adev_set_parameters: ERROR: set param called even when stream out is null
03-01 12:28:02.193 I/ActivityManager( 1737): START u0 {act=android.intent.action.MAIN cat=[android.intent.category.HOME] flg=0x10000000 cmp=com.google.android.wearable.app/com.google.android.clockwork.home.HomeActivity (has extras)} from uid 10002 on display 0
03-01 12:28:02.219 I/TimeWrapper(16903): FPS: 0.016577518, samples: 2
03-01 12:28:02.219 I/TimeWrapper(16903): Min/Avg/Max frame render speed (ms): 4.333496 / 9.063721 / 13.793946
03-01 12:28:02.219 I/TimeWrapper(16903): Waketime: 0.0150254%
03-01 12:28:02.284 D/mot_vr_audio_hw( 1420): dsp_recognizer_enabled = false
03-01 12:28:02.284 D/ADSPD   ( 1413): Client cmd=0x0003, size=4
03-01 12:28:02.285 D/ADSPD   ( 1413): Trying to send to dsp while in dsp in RESET
03-01 12:28:02.286 E/audio_a2dp_hw( 1420): adev_set_parameters: ERROR: set param called even when stream out is null
03-01 12:29:01.563 I/ActivityManager( 1737): START u0 {act=android.intent.action.MAIN cat=[android.intent.category.HOME] flg=0x10000000 cmp=com.google.android.wearable.app/com.google.android.clockwork.home.HomeActivity (has extras)} from uid 10002 on display 0
03-01 12:29:01.639 D/mot_vr_audio_hw( 1420): dsp_recognizer_enabled = false
03-01 12:29:01.639 D/ADSPD   ( 1413): Client cmd=0x0003, size=4
03-01 12:29:01.641 D/ADSPD   ( 1413): Trying to send to dsp while in dsp in RESET
03-01 12:29:01.641 E/audio_a2dp_hw( 1420): adev_set_parameters: ERROR: set param called even when stream out is null
03-01 12:29:01.831 I/GoogleURLConnFactory(26959): binding HttpService
03-01 12:29:01.842 I/GoogleHttpClient(26959): Falling back to old SSLCertificateSocketFactory
03-01 12:29:01.979 W/Uploader(26959): No account for auth token provided
03-01 12:29:02.042 W/ActivityThread(26959): ClassLoader.loadClass: The class loader returned by Thread.getContextClassLoader() may fail for processes that host multiple applications. You should explicitly specify a context class loader. For example: Thread.setContextClassLoader(getClass().getClassLoader());
03-01 12:29:02.674 D/ClockworkProxy( 1932): doAccept: Create socket stream 119 for TCP connection from /192.168.167.239:48429 to /216.58.218.170:443
03-01 12:29:02.682 D/ClockworkProxy( 1932): doAccept: rpc succeeded. Activate stream 119
03-01 12:29:03.082 V/wearable(26930): ensureBuffersHaveSpace: increasing size from 707 to 2570
03-01 12:29:03.095 V/wearable(26930): ensureBuffersHaveSpace: increasing size from 2570 to 3869
03-01 12:29:03.307 W/Uploader(26959): No account for auth token provided
03-01 12:29:03.466 W/Uploader(26959): No account for auth token provided
03-01 12:29:03.664 W/Uploader(26959): No account for auth token provided
03-01 12:29:03.835 W/Uploader(26959): No account for auth token provided
03-01 12:29:03.875 I/ActivityManager( 1737): Delay finish: com.google.android.gms/.gcm.nts.SchedulerReceiver
03-01 12:29:04.045 I/ActivityManager( 1737): Resuming delayed broadcast
03-01 12:29:06.077 W/bt-btif (22890): dm_pm_timer expires
03-01 12:29:06.077 W/bt-btif (22890): dm_pm_timer expires 0
03-01 12:29:06.078 W/bt-btif (22890): proc dm_pm_timer expires
03-01 12:29:08.556 W/bt-btif (22890): dm_pm_timer expires
03-01 12:29:08.557 W/bt-btif (22890): dm_pm_timer expires 0
03-01 12:29:08.557 W/bt-btif (22890): proc dm_pm_timer expires
03-01 12:30:01.559 I/ActivityManager( 1737): START u0 {act=android.intent.action.MAIN cat=[android.intent.category.HOME] flg=0x10000000 cmp=com.google.android.wearable.app/com.google.android.clockwork.home.HomeActivity (has extras)} from uid 10002 on display 0
03-01 12:30:01.625 D/mot_vr_audio_hw( 1420): dsp_recognizer_enabled = false
03-01 12:30:01.626 D/ADSPD   ( 1413): Client cmd=0x0003, size=4
03-01 12:30:01.627 D/ADSPD   ( 1413): Trying to send to dsp while in dsp in RESET
03-01 12:30:01.627 E/audio_a2dp_hw( 1420): adev_set_parameters: ERROR: set param called even when stream out is null
03-01 12:31:02.553 I/ActivityManager( 1737): START u0 {act=android.intent.action.MAIN cat=[android.intent.category.HOME] flg=0x10000000 cmp=com.google.android.wearable.app/com.google.android.clockwork.home.HomeActivity (has extras)} from uid 10002 on display 0
03-01 12:31:02.588 I/TimeWrapper(16903): FPS: 0.024796948, samples: 3
03-01 12:31:02.588 I/TimeWrapper(16903): Min/Avg/Max frame render speed (ms): 4.150391 / 4.170735 / 4.180908
03-01 12:31:02.588 I/TimeWrapper(16903): Waketime: 0.010342152%
03-01 12:31:02.627 D/mot_vr_audio_hw( 1420): dsp_recognizer_enabled = false
03-01 12:31:02.627 D/ADSPD   ( 1413): Client cmd=0x0003, size=4
03-01 12:31:02.628 D/ADSPD   ( 1413): Trying to send to dsp while in dsp in RESET
03-01 12:31:02.628 E/audio_a2dp_hw( 1420): adev_set_parameters: ERROR: set param called even when stream out is null
03-01 12:32:02.554 I/ActivityManager( 1737): START u0 {act=android.intent.action.MAIN cat=[android.intent.category.HOME] flg=0x10000000 cmp=com.google.android.wearable.app/com.google.android.clockwork.home.HomeActivity (has extras)} from uid 10002 on display 0
03-01 12:32:02.623 D/mot_vr_audio_hw( 1420): dsp_recognizer_enabled = false
03-01 12:32:02.624 D/ADSPD   ( 1413): Client cmd=0x0003, size=4
03-01 12:32:02.625 D/ADSPD   ( 1413): Trying to send to dsp while in dsp in RESET
03-01 12:32:02.625 E/audio_a2dp_hw( 1420): adev_set_parameters: ERROR: set param called even when stream out is null
03-01 12:33:02.553 I/ActivityManager( 1737): START u0 {act=android.intent.action.MAIN cat=[android.intent.category.HOME] flg=0x10000000 cmp=com.google.android.wearable.app/com.google.android.clockwork.home.HomeActivity (has extras)} from uid 10002 on display 0
03-01 12:33:02.622 D/mot_vr_audio_hw( 1420): dsp_recognizer_enabled = false
03-01 12:33:02.622 D/ADSPD   ( 1413): Client cmd=0x0003, size=4
03-01 12:33:02.623 D/ADSPD   ( 1413): Trying to send to dsp while in dsp in RESET
03-01 12:33:02.624 E/audio_a2dp_hw( 1420): adev_set_parameters: ERROR: set param called even when stream out is null
03-01 12:33:05.000 I/TimeWrapper(16903): FPS: 0.032036934, samples: 2
03-01 12:33:05.001 I/TimeWrapper(16903): Min/Avg/Max frame render speed (ms): 4.180908 / 8.407592 / 12.634277
03-01 12:33:05.001 I/TimeWrapper(16903): Waketime: 0.026935346%
03-01 12:33:06.555 W/bt-btif (22890): dm_pm_timer expires
03-01 12:33:06.555 W/bt-btif (22890): dm_pm_timer expires 0
03-01 12:33:06.556 W/bt-btif (22890): proc dm_pm_timer expires
03-01 12:33:09.065 W/bt-btif (22890): dm_pm_timer expires
03-01 12:33:09.066 W/bt-btif (22890): dm_pm_timer expires 0
03-01 12:33:09.066 W/bt-btif (22890): proc dm_pm_timer expires
03-01 12:34:01.553 I/ActivityManager( 1737): START u0 {act=android.intent.action.MAIN cat=[android.intent.category.HOME] flg=0x10000000 cmp=com.google.android.wearable.app/com.google.android.clockwork.home.HomeActivity (has extras)} from uid 10002 on display 0
03-01 12:34:01.622 D/mot_vr_audio_hw( 1420): dsp_recognizer_enabled = false
03-01 12:34:01.623 D/ADSPD   ( 1413): Client cmd=0x0003, size=4
03-01 12:34:01.623 D/ADSPD   ( 1413): Trying to send to dsp while in dsp in RESET
03-01 12:34:01.624 E/audio_a2dp_hw( 1420): adev_set_parameters: ERROR: set param called even when stream out is null
03-01 12:35:02.553 I/ActivityManager( 1737): START u0 {act=android.intent.action.MAIN cat=[android.intent.category.HOME] flg=0x10000000 cmp=com.google.android.wearable.app/com.google.android.clockwork.home.HomeActivity (has extras)} from uid 10002 on display 0
03-01 12:35:02.571 I/TimeWrapper(16903): FPS: 0.01639515, samples: 1
03-01 12:35:02.571 I/TimeWrapper(16903): Min/Avg/Max frame render speed (ms): 4.15039 / 4.15039 / 4.15039
03-01 12:35:02.571 I/TimeWrapper(16903): Waketime: 0.0068046264%
03-01 12:35:02.579 I/AmbientMode( 1932): Already waited for 30 minutes. Start off-body detection.
03-01 12:35:02.629 D/mot_vr_audio_hw( 1420): dsp_recognizer_enabled = false
03-01 12:35:02.629 D/ADSPD   ( 1413): Client cmd=0x0003, size=4
03-01 12:35:02.630 D/ADSPD   ( 1413): Trying to send to dsp while in dsp in RESET
03-01 12:35:02.631 E/audio_a2dp_hw( 1420): adev_set_parameters: ERROR: set param called even when stream out is null
03-01 12:35:02.800 I/art     ( 1737): Explicit concurrent mark sweep GC freed 13057(689KB) AllocSpace objects, 1(16KB) LOS objects, 17% free, 9MB/11MB, paused 1.617ms total 108.428ms
03-01 12:35:26.594 D/SensorHALGestureSensor( 1737): Gesture event received! time = 1425234926594322693
03-01 12:35:26.595 I/PowerManagerService( 1737): Waking up from dozing (uid 10002)...
03-01 12:35:26.596 W/KeyguardServiceDelegate( 1737): onScreenTurnedOn(): no keyguard service!
03-01 12:35:26.751 D/PowerManagerService-JNI( 1737): Excessive delay in autosuspend_disable() while turning screen on: 143ms
03-01 12:35:26.752 D/MinnowPowerHAL( 1737): power_set_interactive: 1
03-01 12:35:26.752 D/MinnowPowerHAL( 1737): sysfs_write: /sys/devices/platform/omapdss/display0/interactivemode 1
03-01 12:35:26.753 D/MinnowPowerHAL( 1737): sysfs_write: /sys/devices/ocp.2/i2c.6/i2c-0/0-004a/interactivemode 1
03-01 12:35:26.755 D/MinnowPowerHAL( 1737): sysfs_write: /sys/class/leds/lcd-backlight/interactive 1
03-01 12:35:26.755 D/mot_vr_audio_hw( 1737): dsp_set_pm_state = on
03-01 12:35:26.756 D/ADSPD   ( 1413): Client cmd=0x4002, size=2
03-01 12:35:26.756 D/ADSPD   ( 1413): DSP_CMD_DAEMON_SET_PM_STATE : 1
03-01 12:35:26.759 I/DisplayManagerService( 1737): Display device changed: DisplayDeviceInfo{"Built-in Screen": 320 x 290, 45.000004 fps, supportedRefreshRates [45.000004], density 213, 203.2 x 204.61111 dpi, appVsyncOff 0, presDeadline 23222220, touch INTERNAL, rotation 0, type BUILT_IN, state ON, FLAG_DEFAULT_DISPLAY, FLAG_ROTATES_WITH_CONTENT, FLAG_SECURE, FLAG_SUPPORTS_PROTECTED_BUFFERS}
03-01 12:35:26.760 D/SurfaceFlinger( 1412): Set power mode=2, type=0 flinger=0xb7cb1550
03-01 12:35:26.760 D/hwcomposer( 1412): hwc_blank(0: 0)
03-01 12:35:26.762 I/DreamManagerService( 1737): Gently waking up from dream.
03-01 12:35:26.777 D/ADSPD   ( 1413): ACK success!
03-01 12:35:26.787 V/ActivityManager( 1737): Display changed displayId=0
03-01 12:35:26.802 E/InputMethodManagerService( 1737): Ignoring setImeWindowStatus due to an invalid token. uid:1000 token:null
03-01 12:35:26.816 E/audio_a2dp_hw( 1420): adev_set_parameters: ERROR: set param called even when stream out is null
03-01 12:35:26.842 I/DreamManagerService( 1737): Leaving dreamland.
03-01 12:35:26.843 I/DreamController( 1737): Stopping dream: name=ComponentInfo{com.google.android.wearable.app/com.google.android.clockwork.home.AmbientMode}, isTest=false, canDoze=true, userId=0
03-01 12:35:26.859 I/AmbientMode( 1932): Dream ended: isDozing=true
03-01 12:35:26.883 D/CalWatchFaceService(16903): onAmbientModeChanged: false
03-01 12:35:26.883 I/ClockFace(16903): Ambient mode: false
03-01 12:35:26.883 V/ClockFace(16903): clearing caches
03-01 12:35:26.883 D/CalWatchFaceService(16903): updateTimer
03-01 12:35:26.893 D/mot_vr_audio_hw( 1420): dsp_recognizer_enabled = true
03-01 12:35:26.893 D/ADSPD   ( 1413): Client cmd=0x0003, size=4
03-01 12:35:26.896 E/audio_a2dp_hw( 1420): adev_set_parameters: ERROR: set param called even when stream out is null
03-01 12:35:26.898 D/mot_vr_audio_hw( 1420): open_input_stream(): devices = 0x80000004, rate = 8000, channels = 0x10
03-01 12:35:26.899 D/mot_vr_audio_hw( 1420): Created resampler for 16000->8000 Hz
03-01 12:35:26.907 D/ADSPD   ( 1413): Received from DSP: cmd=0x8003, size=2
03-01 12:35:26.907 D/ADSPD   ( 1413): Client cmd=0x4003, size=2
03-01 12:35:26.907 D/mot_vr_audio_hw( 1420): received recognition control callback, status 0
03-01 12:35:26.909 V/ClockFace(16903): drawFace: cx(160), cy(160), r(160)
03-01 12:35:26.909 V/ClockFace(16903): rendering new face, faceMode(0)
03-01 12:35:26.912 I/AudioFlinger( 1420): AudioFlinger's thread 0xb59bb008 ready to run
03-01 12:35:26.943 D/mot_vr_audio_hw( 1420): in_read waiting for hotword
03-01 12:35:26.964 V/ClockFace(16903): fetching new battery status
03-01 12:35:26.966 V/ClockFace(16903): battery at 0.87
03-01 12:35:26.997 D/SensorHAL( 1737): adjustSensorHandle: handle = 9 adjustedHandle = 1
03-01 12:35:26.997 D/SensorHAL( 1737): adjustSensorHandle: handle = 9 adjustedHandle = 1
03-01 12:35:27.007 D/SensorHAL( 1737): adjustSensorHandle: handle = 9 adjustedHandle = 1
03-01 12:35:29.485 W/bt-btif (22890): dm_pm_timer expires
03-01 12:35:29.485 W/bt-btif (22890): dm_pm_timer expires 0
03-01 12:35:29.485 W/bt-btif (22890): proc dm_pm_timer expires
03-01 12:35:31.762 I/PowerManagerService( 1737): Going to sleep due to screen timeout (uid 1000)...
03-01 12:35:31.766 I/DreamManagerService( 1737): Entering dreamland.
03-01 12:35:31.766 I/PowerManagerService( 1737): Dozing...
03-01 12:35:31.773 I/DreamController( 1737): Starting dream: name=ComponentInfo{com.google.android.wearable.app/com.google.android.clockwork.home.AmbientMode}, isTest=false, canDoze=true, userId=0
03-01 12:35:31.790 E/InputMethodManagerService( 1737): Ignoring setImeWindowStatus due to an invalid token. uid:1000 token:null
03-01 12:35:31.792 D/mot_vr_audio_hw( 1420): dsp_recognizer_enabled = false
03-01 12:35:31.792 D/ADSPD   ( 1413): Client cmd=0x0003, size=4
03-01 12:35:31.796 E/audio_a2dp_hw( 1420): adev_set_parameters: ERROR: set param called even when stream out is null
03-01 12:35:31.799 E/InputMethodManagerService( 1737): Ignoring setImeWindowStatus due to an invalid token. uid:1000 token:null
03-01 12:35:31.807 D/ADSPD   ( 1413): Received from DSP: cmd=0x8003, size=2
03-01 12:35:31.808 D/mot_vr_audio_hw( 1420): received recognition control callback, status 0
03-01 12:35:31.809 D/ADSPD   ( 1413): Client cmd=0x0003, size=4
03-01 12:35:31.810 D/mot_vr_audio_hw( 1420): Switching DSP to standby/passthrough mode
03-01 12:35:31.810 D/mot_vr_audio_hw( 1420): Input 0xb79dcde8 ready to read
03-01 12:35:31.820 E/audio_a2dp_hw( 1420): adev_set_parameters: ERROR: set param called even when stream out is null
03-01 12:35:31.823 D/ADSPD   ( 1413): Received from DSP: cmd=0x8003, size=2
03-01 12:35:31.823 D/mot_vr_audio_hw( 1420): received recognition control callback, status 0
03-01 12:35:31.871 D/mot_vr_audio_hw( 1420): Discarded 10 buffers of leading silence
03-01 12:35:31.877 D/ADSPD   ( 1413): Client cmd=0x0003, size=4
03-01 12:35:31.879 D/mot_vr_audio_hw( 1420): Re-arming DSP
03-01 12:35:31.879 D/mot_vr_audio_hw( 1420): Input 0xb79dcde8 standby complete
03-01 12:35:31.883 D/mot_vr_audio_hw( 1420): Input 0xb79dcde8 close complete
03-01 12:35:31.891 D/ADSPD   ( 1413): Received from DSP: cmd=0x8003, size=2
03-01 12:35:31.891 D/ADSPD   ( 1413): Client cmd=0x4003, size=2
03-01 12:35:31.892 D/mot_vr_audio_hw( 1420): received recognition control callback, status 0
03-01 12:35:31.967 I/ActivityManager( 1737): START u0 {act=android.intent.action.MAIN cat=[android.intent.category.HOME] flg=0x10000000 cmp=com.google.android.wearable.app/com.google.android.clockwork.home.HomeActivity (has extras)} from uid 10002 on display 0
03-01 12:35:31.980 V/ActivityManager( 1737): Display changed displayId=0
03-01 12:35:32.019 I/AmbientMode( 1932): shouldBatterySaverKickIn, level 87, charging: false
03-01 12:35:32.082 D/CalWatchFaceService(16903): onAmbientModeChanged: true
03-01 12:35:32.082 I/ClockFace(16903): Ambient mode: true
03-01 12:35:32.082 V/ClockFace(16903): clearing caches
03-01 12:35:32.082 I/TimeWrapper(16903): FPS: 42.61144, samples: 218
03-01 12:35:32.082 I/TimeWrapper(16903): Min/Avg/Max frame render speed (ms): 5.065918 / 6.754323 / 41.778564
03-01 12:35:32.082 I/TimeWrapper(16903): Waketime: 28.781147%
03-01 12:35:32.082 D/CalWatchFaceService(16903): updateTimer
03-01 12:35:32.084 D/mot_vr_audio_hw( 1420): dsp_recognizer_enabled = false
03-01 12:35:32.084 D/ADSPD   ( 1413): Client cmd=0x0003, size=4
03-01 12:35:32.086 E/audio_a2dp_hw( 1420): adev_set_parameters: ERROR: set param called even when stream out is null
03-01 12:35:32.098 D/ADSPD   ( 1413): Received from DSP: cmd=0x8003, size=2
03-01 12:35:32.099 D/mot_vr_audio_hw( 1420): received recognition control callback, status 0
03-01 12:35:32.103 V/ClockFace(16903): drawFace: cx(160), cy(160), r(160)
03-01 12:35:32.103 V/ClockFace(16903): rendering new face, faceMode(0)
03-01 12:35:32.141 D/mot_vr_audio_hw( 1420): dsp_recognizer_enabled = false
03-01 12:35:32.142 D/ADSPD   ( 1413): Client cmd=0x0003, size=4
03-01 12:35:32.143 E/audio_a2dp_hw( 1420): adev_set_parameters: ERROR: set param called even when stream out is null
03-01 12:35:32.155 D/ADSPD   ( 1413): Received from DSP: cmd=0x8003, size=2
03-01 12:35:32.156 D/mot_vr_audio_hw( 1420): received recognition control callback, status 0
03-01 12:35:32.189 I/AmbientMode( 1932): Ambient mode started: canDoze=true
03-01 12:35:32.195 I/ActivityManager( 1737): Activity reported stop, but no longer stopping: ActivityRecord{22d515cb u0 com.google.android.wearable.app/com.google.android.clockwork.home.HomeActivity t47}
03-01 12:35:32.324 D/MinnowPowerHAL( 1737): power_set_interactive: 0
03-01 12:35:32.324 D/MinnowPowerHAL( 1737): sysfs_write: /sys/devices/platform/omapdss/display0/interactivemode 0
03-01 12:35:32.327 D/MinnowPowerHAL( 1737): sysfs_write: /sys/devices/ocp.2/i2c.6/i2c-0/0-004a/interactivemode 0
03-01 12:35:32.330 D/MinnowPowerHAL( 1737): sysfs_write: /sys/class/leds/lcd-backlight/interactive 0
03-01 12:35:32.331 D/mot_vr_audio_hw( 1737): dsp_set_pm_state = off
03-01 12:35:32.332 D/ADSPD   ( 1413): Client cmd=0x4002, size=2
03-01 12:35:32.332 D/ADSPD   ( 1413): DSP_CMD_DAEMON_SET_PM_STATE : 0
03-01 12:35:32.344 D/SurfaceFlinger( 1412): Set power mode=3, type=0 flinger=0xb7cb1550
03-01 12:35:32.345 D/hwcomposer( 1412): hwc_blank(0: 0)
03-01 12:35:32.345 I/DisplayManagerService( 1737): Display device changed: DisplayDeviceInfo{"Built-in Screen": 320 x 290, 45.000004 fps, supportedRefreshRates [45.000004], density 213, 203.2 x 204.61111 dpi, appVsyncOff 0, presDeadline 23222220, touch INTERNAL, rotation 0, type BUILT_IN, state DOZE_SUSPEND, FLAG_DEFAULT_DISPLAY, FLAG_ROTATES_WITH_CONTENT, FLAG_SECURE, FLAG_SUPPORTS_PROTECTED_BUFFERS}
03-01 12:35:32.347 V/ActivityManager( 1737): Display changed displayId=0
03-01 12:35:34.036 W/bt-btif (22890): dm_pm_timer expires
03-01 12:35:34.036 W/bt-btif (22890): dm_pm_timer expires 0
03-01 12:35:34.037 W/bt-btif (22890): proc dm_pm_timer expires
03-01 12:35:34.230 E/libsuspend( 1737): Error writing to /sys/power/state: Device or resource busy
03-01 12:35:36.233 E/libsuspend( 1737): Error writing to /sys/power/state: Device or resource busy
03-01 12:35:38.646 D/SensorHALGestureSensor( 1737): Gesture event received! time = 1425234938646111021
03-01 12:35:38.647 I/PowerManagerService( 1737): Waking up from dozing (uid 10002)...
03-01 12:35:38.648 W/KeyguardServiceDelegate( 1737): onScreenTurnedOn(): no keyguard service!
03-01 12:35:38.833 D/PowerManagerService-JNI( 1737): Excessive delay in autosuspend_disable() while turning screen on: 168ms
03-01 12:35:38.833 D/MinnowPowerHAL( 1737): power_set_interactive: 1
03-01 12:35:38.833 D/MinnowPowerHAL( 1737): sysfs_write: /sys/devices/platform/omapdss/display0/interactivemode 1
03-01 12:35:38.834 D/MinnowPowerHAL( 1737): sysfs_write: /sys/devices/ocp.2/i2c.6/i2c-0/0-004a/interactivemode 1
03-01 12:35:38.836 D/MinnowPowerHAL( 1737): sysfs_write: /sys/class/leds/lcd-backlight/interactive 1
03-01 12:35:38.836 D/mot_vr_audio_hw( 1737): dsp_set_pm_state = on
03-01 12:35:38.837 D/ADSPD   ( 1413): Client cmd=0x4002, size=2
03-01 12:35:38.837 D/ADSPD   ( 1413): DSP_CMD_DAEMON_SET_PM_STATE : 1
03-01 12:35:38.839 D/SurfaceFlinger( 1412): Set power mode=2, type=0 flinger=0xb7cb1550
03-01 12:35:38.839 D/hwcomposer( 1412): hwc_blank(0: 0)
03-01 12:35:38.843 I/DisplayManagerService( 1737): Display device changed: DisplayDeviceInfo{"Built-in Screen": 320 x 290, 45.000004 fps, supportedRefreshRates [45.000004], density 213, 203.2 x 204.61111 dpi, appVsyncOff 0, presDeadline 23222220, touch INTERNAL, rotation 0, type BUILT_IN, state ON, FLAG_DEFAULT_DISPLAY, FLAG_ROTATES_WITH_CONTENT, FLAG_SECURE, FLAG_SUPPORTS_PROTECTED_BUFFERS}
03-01 12:35:38.852 I/DreamManagerService( 1737): Gently waking up from dream.
03-01 12:35:38.874 V/ActivityManager( 1737): Display changed displayId=0
03-01 12:35:38.875 V/ActivityManager( 1737): Display changed displayId=0
03-01 12:35:38.890 E/InputMethodManagerService( 1737): Ignoring setImeWindowStatus due to an invalid token. uid:1000 token:null
03-01 12:35:38.901 E/audio_a2dp_hw( 1420): adev_set_parameters: ERROR: set param called even when stream out is null
03-01 12:35:38.925 I/DreamManagerService( 1737): Leaving dreamland.
03-01 12:35:38.926 I/DreamController( 1737): Stopping dream: name=ComponentInfo{com.google.android.wearable.app/com.google.android.clockwork.home.AmbientMode}, isTest=false, canDoze=true, userId=0
03-01 12:35:38.945 I/AmbientMode( 1932): Dream ended: isDozing=true
03-01 12:35:38.966 D/CalWatchFaceService(16903): onAmbientModeChanged: false
03-01 12:35:38.966 I/ClockFace(16903): Ambient mode: false
03-01 12:35:38.966 V/ClockFace(16903): clearing caches
03-01 12:35:38.966 D/CalWatchFaceService(16903): updateTimer
03-01 12:35:38.970 D/mot_vr_audio_hw( 1420): dsp_recognizer_enabled = true
03-01 12:35:38.970 E/audio_a2dp_hw( 1420): adev_set_parameters: ERROR: set param called even when stream out is null
03-01 12:35:38.972 D/mot_vr_audio_hw( 1420): open_input_stream(): devices = 0x80000004, rate = 8000, channels = 0x10
03-01 12:35:38.972 D/mot_vr_audio_hw( 1420): Created resampler for 16000->8000 Hz
03-01 12:35:38.979 V/ClockFace(16903): drawFace: cx(160), cy(160), r(160)
03-01 12:35:38.980 V/ClockFace(16903): rendering new face, faceMode(0)
03-01 12:35:38.984 I/AudioFlinger( 1420): AudioFlinger's thread 0xb59bb008 ready to run
03-01 12:35:38.997 V/ClockFace(16903): fetching new battery status
03-01 12:35:38.999 D/mot_vr_audio_hw( 1420): in_read waiting for hotword
03-01 12:35:39.004 V/ClockFace(16903): battery at 0.87
03-01 12:35:39.045 D/SensorHAL( 1737): adjustSensorHandle: handle = 9 adjustedHandle = 1
03-01 12:35:39.045 D/SensorHAL( 1737): adjustSensorHandle: handle = 9 adjustedHandle = 1
03-01 12:35:39.050 D/SensorHAL( 1737): adjustSensorHandle: handle = 9 adjustedHandle = 1
03-01 12:35:39.139 E/ADSPD   ( 1413): Timeout on select()
03-01 12:35:39.139 E/ADSPD   ( 1413): NO ACK received after loading firmware
03-01 12:35:39.139 E/ADSPD   ( 1413): Unknown ACK received 0x00
03-01 12:35:39.139 D/ADSPD   ( 1413): Client cmd=0x0003, size=4
03-01 12:35:39.153 D/ADSPD   ( 1413): Received from DSP: cmd=0x8003, size=2
03-01 12:35:39.153 D/ADSPD   ( 1413): Client cmd=0x4003, size=2
03-01 12:35:39.154 D/mot_vr_audio_hw( 1420): received recognition control callback, status 0
03-01 12:35:41.604 W/bt-btif (22890): dm_pm_timer expires
03-01 12:35:41.605 W/bt-btif (22890): dm_pm_timer expires 0
03-01 12:35:41.605 W/bt-btif (22890): proc dm_pm_timer expires
03-01 12:35:43.863 I/PowerManagerService( 1737): Going to sleep due to screen timeout (uid 1000)...
03-01 12:35:43.869 I/DreamManagerService( 1737): Entering dreamland.
03-01 12:35:43.869 I/PowerManagerService( 1737): Dozing...
03-01 12:35:43.878 I/DreamController( 1737): Starting dream: name=ComponentInfo{com.google.android.wearable.app/com.google.android.clockwork.home.AmbientMode}, isTest=false, canDoze=true, userId=0
03-01 12:35:43.894 E/InputMethodManagerService( 1737): Ignoring setImeWindowStatus due to an invalid token. uid:1000 token:null
03-01 12:35:43.896 D/mot_vr_audio_hw( 1420): dsp_recognizer_enabled = false
03-01 12:35:43.896 D/ADSPD   ( 1413): Client cmd=0x0003, size=4
03-01 12:35:43.898 E/audio_a2dp_hw( 1420): adev_set_parameters: ERROR: set param called even when stream out is null
03-01 12:35:43.900 E/InputMethodManagerService( 1737): Ignoring setImeWindowStatus due to an invalid token. uid:1000 token:null
03-01 12:35:43.910 D/ADSPD   ( 1413): Received from DSP: cmd=0x8003, size=2
03-01 12:35:43.910 D/mot_vr_audio_hw( 1420): received recognition control callback, status 0
03-01 12:35:43.911 D/ADSPD   ( 1413): Client cmd=0x0003, size=4
03-01 12:35:43.912 D/mot_vr_audio_hw( 1420): Switching DSP to standby/passthrough mode
03-01 12:35:43.912 D/mot_vr_audio_hw( 1420): Input 0xb79dcde8 ready to read
03-01 12:35:43.917 E/audio_a2dp_hw( 1420): adev_set_parameters: ERROR: set param called even when stream out is null
03-01 12:35:43.924 D/ADSPD   ( 1413): Received from DSP: cmd=0x8003, size=2
03-01 12:35:43.925 D/mot_vr_audio_hw( 1420): received recognition control callback, status 0
03-01 12:35:43.973 D/mot_vr_audio_hw( 1420): Discarded 10 buffers of leading silence
03-01 12:35:43.979 D/ADSPD   ( 1413): Client cmd=0x0003, size=4
03-01 12:35:43.981 D/mot_vr_audio_hw( 1420): Re-arming DSP
03-01 12:35:43.981 D/mot_vr_audio_hw( 1420): Input 0xb79dcde8 standby complete
03-01 12:35:43.988 D/mot_vr_audio_hw( 1420): Input 0xb79dcde8 close complete
03-01 12:35:43.993 D/ADSPD   ( 1413): Received from DSP: cmd=0x8003, size=2
03-01 12:35:43.993 D/ADSPD   ( 1413): Client cmd=0x4003, size=2
03-01 12:35:43.994 D/mot_vr_audio_hw( 1420): received recognition control callback, status 0
03-01 12:35:44.066 I/ActivityManager( 1737): START u0 {act=android.intent.action.MAIN cat=[android.intent.category.HOME] flg=0x10000000 cmp=com.google.android.wearable.app/com.google.android.clockwork.home.HomeActivity (has extras)} from uid 10002 on display 0
03-01 12:35:44.072 V/ActivityManager( 1737): Display changed displayId=0
03-01 12:35:44.127 I/AmbientMode( 1932): shouldBatterySaverKickIn, level 87, charging: false
03-01 12:35:44.188 D/mot_vr_audio_hw( 1420): dsp_recognizer_enabled = false
03-01 12:35:44.189 D/ADSPD   ( 1413): Client cmd=0x0003, size=4
03-01 12:35:44.190 E/audio_a2dp_hw( 1420): adev_set_parameters: ERROR: set param called even when stream out is null
03-01 12:35:44.202 D/ADSPD   ( 1413): Received from DSP: cmd=0x8003, size=2
03-01 12:35:44.203 D/mot_vr_audio_hw( 1420): received recognition control callback, status 0
03-01 12:35:44.213 D/CalWatchFaceService(16903): onAmbientModeChanged: true
03-01 12:35:44.213 I/ClockFace(16903): Ambient mode: true
03-01 12:35:44.213 V/ClockFace(16903): clearing caches
03-01 12:35:44.213 I/TimeWrapper(16903): FPS: 42.04324, samples: 219
03-01 12:35:44.213 I/TimeWrapper(16903): Min/Avg/Max frame render speed (ms): 5.249023 / 6.409806 / 34.79004
03-01 12:35:44.213 I/TimeWrapper(16903): Waketime: 26.9489%
03-01 12:35:44.213 D/CalWatchFaceService(16903): updateTimer
03-01 12:35:44.225 V/ClockFace(16903): drawFace: cx(160), cy(160), r(160)
03-01 12:35:44.225 V/ClockFace(16903): rendering new face, faceMode(0)
03-01 12:35:44.253 D/mot_vr_audio_hw( 1420): dsp_recognizer_enabled = false
03-01 12:35:44.253 D/ADSPD   ( 1413): Client cmd=0x0003, size=4
03-01 12:35:44.254 E/audio_a2dp_hw( 1420): adev_set_parameters: ERROR: set param called even when stream out is null
03-01 12:35:44.266 D/ADSPD   ( 1413): Received from DSP: cmd=0x8003, size=2
03-01 12:35:44.267 D/mot_vr_audio_hw( 1420): received recognition control callback, status 0
03-01 12:35:44.298 I/AmbientMode( 1932): Ambient mode started: canDoze=true
03-01 12:35:44.305 I/ActivityManager( 1737): Activity reported stop, but no longer stopping: ActivityRecord{22d515cb u0 com.google.android.wearable.app/com.google.android.clockwork.home.HomeActivity t47}
03-01 12:35:44.433 D/MinnowPowerHAL( 1737): power_set_interactive: 0
03-01 12:35:44.433 D/MinnowPowerHAL( 1737): sysfs_write: /sys/devices/platform/omapdss/display0/interactivemode 0
03-01 12:35:44.435 D/MinnowPowerHAL( 1737): sysfs_write: /sys/devices/ocp.2/i2c.6/i2c-0/0-004a/interactivemode 0
03-01 12:35:44.437 D/MinnowPowerHAL( 1737): sysfs_write: /sys/class/leds/lcd-backlight/interactive 0
03-01 12:35:44.437 D/mot_vr_audio_hw( 1737): dsp_set_pm_state = off
03-01 12:35:44.439 D/ADSPD   ( 1413): Client cmd=0x4002, size=2
03-01 12:35:44.440 D/ADSPD   ( 1413): DSP_CMD_DAEMON_SET_PM_STATE : 0
03-01 12:35:44.449 I/DisplayManagerService( 1737): Display device changed: DisplayDeviceInfo{"Built-in Screen": 320 x 290, 45.000004 fps, supportedRefreshRates [45.000004], density 213, 203.2 x 204.61111 dpi, appVsyncOff 0, presDeadline 23222220, touch INTERNAL, rotation 0, type BUILT_IN, state DOZE_SUSPEND, FLAG_DEFAULT_DISPLAY, FLAG_ROTATES_WITH_CONTENT, FLAG_SECURE, FLAG_SUPPORTS_PROTECTED_BUFFERS}
03-01 12:35:44.452 V/ActivityManager( 1737): Display changed displayId=0
03-01 12:35:44.453 D/SurfaceFlinger( 1412): Set power mode=3, type=0 flinger=0xb7cb1550
03-01 12:35:44.453 D/hwcomposer( 1412): hwc_blank(0: 0)
03-01 12:35:46.539 W/bt-btif (22890): dm_pm_timer expires
03-01 12:35:46.540 W/bt-btif (22890): dm_pm_timer expires 0
03-01 12:35:46.540 W/bt-btif (22890): proc dm_pm_timer expires
03-01 12:35:49.061 W/bt-btif (22890): dm_pm_timer expires
03-01 12:35:49.061 W/bt-btif (22890): dm_pm_timer expires 0
03-01 12:35:49.062 W/bt-btif (22890): proc dm_pm_timer expires
03-01 12:36:01.559 I/ActivityManager( 1737): START u0 {act=android.intent.action.MAIN cat=[android.intent.category.HOME] flg=0x10000000 cmp=com.google.android.wearable.app/com.google.android.clockwork.home.HomeActivity (has extras)} from uid 10002 on display 0
03-01 12:36:01.569 V/ActivityManager( 1737): Display changed displayId=0
03-01 12:36:01.640 D/mot_vr_audio_hw( 1420): dsp_recognizer_enabled = false
03-01 12:36:01.640 D/ADSPD   ( 1413): Client cmd=0x0003, size=4
03-01 12:36:01.641 D/ADSPD   ( 1413): Trying to send to dsp while in dsp in RESET
03-01 12:36:01.642 E/audio_a2dp_hw( 1420): adev_set_parameters: ERROR: set param called even when stream out is null
03-01 12:36:11.717 D/SensorHALGestureSensor( 1737): Gesture event received! time = 1425234971717766280
03-01 12:36:11.719 I/PowerManagerService( 1737): Waking up from dozing (uid 10002)...
03-01 12:36:11.719 W/KeyguardServiceDelegate( 1737): onScreenTurnedOn(): no keyguard service!
03-01 12:36:11.880 D/PowerManagerService-JNI( 1737): Excessive delay in autosuspend_disable() while turning screen on: 148ms
03-01 12:36:11.881 D/MinnowPowerHAL( 1737): power_set_interactive: 1
03-01 12:36:11.881 D/MinnowPowerHAL( 1737): sysfs_write: /sys/devices/platform/omapdss/display0/interactivemode 1
03-01 12:36:11.882 D/MinnowPowerHAL( 1737): sysfs_write: /sys/devices/ocp.2/i2c.6/i2c-0/0-004a/interactivemode 1
03-01 12:36:11.884 D/MinnowPowerHAL( 1737): sysfs_write: /sys/class/leds/lcd-backlight/interactive 1
03-01 12:36:11.884 D/mot_vr_audio_hw( 1737): dsp_set_pm_state = on
03-01 12:36:11.885 D/ADSPD   ( 1413): Client cmd=0x4002, size=2
03-01 12:36:11.885 D/ADSPD   ( 1413): DSP_CMD_DAEMON_SET_PM_STATE : 1
03-01 12:36:11.888 I/DisplayManagerService( 1737): Display device changed: DisplayDeviceInfo{"Built-in Screen": 320 x 290, 45.000004 fps, supportedRefreshRates [45.000004], density 213, 203.2 x 204.61111 dpi, appVsyncOff 0, presDeadline 23222220, touch INTERNAL, rotation 0, type BUILT_IN, state ON, FLAG_DEFAULT_DISPLAY, FLAG_ROTATES_WITH_CONTENT, FLAG_SECURE, FLAG_SUPPORTS_PROTECTED_BUFFERS}
03-01 12:36:11.889 D/SurfaceFlinger( 1412): Set power mode=2, type=0 flinger=0xb7cb1550
03-01 12:36:11.889 D/hwcomposer( 1412): hwc_blank(0: 0)
03-01 12:36:11.891 I/DreamManagerService( 1737): Gently waking up from dream.
03-01 12:36:11.901 D/ADSPD   ( 1413): ACK success!
03-01 12:36:11.921 V/ActivityManager( 1737): Display changed displayId=0
03-01 12:36:11.924 E/InputMethodManagerService( 1737): Ignoring setImeWindowStatus due to an invalid token. uid:1000 token:null
03-01 12:36:11.946 E/audio_a2dp_hw( 1420): adev_set_parameters: ERROR: set param called even when stream out is null
03-01 12:36:11.966 I/DreamManagerService( 1737): Leaving dreamland.
03-01 12:36:11.967 I/DreamController( 1737): Stopping dream: name=ComponentInfo{com.google.android.wearable.app/com.google.android.clockwork.home.AmbientMode}, isTest=false, canDoze=true, userId=0
03-01 12:36:11.986 I/AmbientMode( 1932): Dream ended: isDozing=true
03-01 12:36:12.009 D/CalWatchFaceService(16903): onAmbientModeChanged: false
03-01 12:36:12.009 I/ClockFace(16903): Ambient mode: false
03-01 12:36:12.009 V/ClockFace(16903): clearing caches
03-01 12:36:12.009 D/CalWatchFaceService(16903): updateTimer
03-01 12:36:12.012 D/mot_vr_audio_hw( 1420): dsp_recognizer_enabled = true
03-01 12:36:12.013 D/ADSPD   ( 1413): Client cmd=0x0003, size=4
03-01 12:36:12.014 E/audio_a2dp_hw( 1420): adev_set_parameters: ERROR: set param called even when stream out is null
03-01 12:36:12.016 D/mot_vr_audio_hw( 1420): open_input_stream(): devices = 0x80000004, rate = 8000, channels = 0x10
03-01 12:36:12.016 D/mot_vr_audio_hw( 1420): Created resampler for 16000->8000 Hz
03-01 12:36:12.026 D/ADSPD   ( 1413): Received from DSP: cmd=0x8003, size=2
03-01 12:36:12.027 D/ADSPD   ( 1413): Client cmd=0x4003, size=2
03-01 12:36:12.027 D/mot_vr_audio_hw( 1420): received recognition control callback, status 0
03-01 12:36:12.028 V/ClockFace(16903): drawFace: cx(160), cy(160), r(160)
03-01 12:36:12.028 V/ClockFace(16903): rendering new face, faceMode(0)
03-01 12:36:12.030 I/AudioFlinger( 1420): AudioFlinger's thread 0xb59bb008 ready to run
03-01 12:36:12.045 D/mot_vr_audio_hw( 1420): in_read waiting for hotword
03-01 12:36:12.057 V/ClockFace(16903): fetching new battery status
03-01 12:36:12.058 V/ClockFace(16903): battery at 0.87
03-01 12:36:12.096 D/SensorHAL( 1737): adjustSensorHandle: handle = 9 adjustedHandle = 1
03-01 12:36:12.096 D/SensorHAL( 1737): adjustSensorHandle: handle = 9 adjustedHandle = 1
03-01 12:36:12.104 D/SensorHAL( 1737): adjustSensorHandle: handle = 9 adjustedHandle = 1
03-01 12:36:14.362 W/bt-btif (22890): dm_pm_timer expires
03-01 12:36:14.362 W/bt-btif (22890): dm_pm_timer expires 0
03-01 12:36:14.362 W/bt-btif (22890): proc dm_pm_timer expires
03-01 12:36:16.511 W/bt-btif (22890): dm_pm_timer expires
03-01 12:36:16.511 W/bt-btif (22890): dm_pm_timer expires 0
03-01 12:36:16.511 W/bt-btif (22890): proc dm_pm_timer expires
03-01 12:36:16.890 I/PowerManagerService( 1737): Going to sleep due to screen timeout (uid 1000)...
03-01 12:36:16.894 I/DreamManagerService( 1737): Entering dreamland.
03-01 12:36:16.894 I/PowerManagerService( 1737): Dozing...
03-01 12:36:16.901 I/DreamController( 1737): Starting dream: name=ComponentInfo{com.google.android.wearable.app/com.google.android.clockwork.home.AmbientMode}, isTest=false, canDoze=true, userId=0
03-01 12:36:16.917 E/InputMethodManagerService( 1737): Ignoring setImeWindowStatus due to an invalid token. uid:1000 token:null
03-01 12:36:16.919 D/mot_vr_audio_hw( 1420): dsp_recognizer_enabled = false
03-01 12:36:16.919 D/ADSPD   ( 1413): Client cmd=0x0003, size=4
03-01 12:36:16.921 E/audio_a2dp_hw( 1420): adev_set_parameters: ERROR: set param called even when stream out is null
03-01 12:36:16.923 E/InputMethodManagerService( 1737): Ignoring setImeWindowStatus due to an invalid token. uid:1000 token:null
03-01 12:36:16.933 D/ADSPD   ( 1413): Received from DSP: cmd=0x8003, size=2
03-01 12:36:16.934 D/mot_vr_audio_hw( 1420): received recognition control callback, status 0
03-01 12:36:16.934 D/ADSPD   ( 1413): Client cmd=0x0003, size=4
03-01 12:36:16.935 D/mot_vr_audio_hw( 1420): Switching DSP to standby/passthrough mode
03-01 12:36:16.935 D/mot_vr_audio_hw( 1420): Input 0xb79dcde8 ready to read
03-01 12:36:16.948 D/ADSPD   ( 1413): Received from DSP: cmd=0x8003, size=2
03-01 12:36:16.948 D/mot_vr_audio_hw( 1420): received recognition control callback, status 0
03-01 12:36:16.949 E/audio_a2dp_hw( 1420): adev_set_parameters: ERROR: set param called even when stream out is null
03-01 12:36:16.996 D/mot_vr_audio_hw( 1420): Discarded 10 buffers of leading silence
03-01 12:36:17.003 D/ADSPD   ( 1413): Client cmd=0x0003, size=4
03-01 12:36:17.004 D/mot_vr_audio_hw( 1420): Re-arming DSP
03-01 12:36:17.004 D/mot_vr_audio_hw( 1420): Input 0xb79dcde8 standby complete
03-01 12:36:17.009 D/mot_vr_audio_hw( 1420): Input 0xb79dcde8 close complete
03-01 12:36:17.016 D/ADSPD   ( 1413): Received from DSP: cmd=0x8003, size=2
03-01 12:36:17.017 D/ADSPD   ( 1413): Client cmd=0x4003, size=2
03-01 12:36:17.019 D/mot_vr_audio_hw( 1420): received recognition control callback, status 0
03-01 12:36:17.064 I/ActivityManager( 1737): START u0 {act=android.intent.action.MAIN cat=[android.intent.category.HOME] flg=0x10000000 cmp=com.google.android.wearable.app/com.google.android.clockwork.home.HomeActivity (has extras)} from uid 10002 on display 0
03-01 12:36:17.075 V/ActivityManager( 1737): Display changed displayId=0
03-01 12:36:17.123 I/AmbientMode( 1932): shouldBatterySaverKickIn, level 87, charging: false
03-01 12:36:17.232 D/CalWatchFaceService(16903): onAmbientModeChanged: true
03-01 12:36:17.232 I/ClockFace(16903): Ambient mode: true
03-01 12:36:17.232 V/ClockFace(16903): clearing caches
03-01 12:36:17.232 I/TimeWrapper(16903): FPS: 42.913074, samples: 222
03-01 12:36:17.232 I/TimeWrapper(16903): Min/Avg/Max frame render speed (ms): 4.943848 / 6.331022 / 78.24707
03-01 12:36:17.232 I/TimeWrapper(16903): Waketime: 27.168365%
03-01 12:36:17.232 D/CalWatchFaceService(16903): updateTimer
03-01 12:36:17.234 D/mot_vr_audio_hw( 1420): dsp_recognizer_enabled = false
03-01 12:36:17.235 D/ADSPD   ( 1413): Client cmd=0x0003, size=4
03-01 12:36:17.236 E/audio_a2dp_hw( 1420): adev_set_parameters: ERROR: set param called even when stream out is null
03-01 12:36:17.245 V/ClockFace(16903): drawFace: cx(160), cy(160), r(160)
03-01 12:36:17.245 V/ClockFace(16903): rendering new face, faceMode(0)
03-01 12:36:17.248 D/ADSPD   ( 1413): Received from DSP: cmd=0x8003, size=2
03-01 12:36:17.249 D/mot_vr_audio_hw( 1420): received recognition control callback, status 0
03-01 12:36:17.292 D/mot_vr_audio_hw( 1420): dsp_recognizer_enabled = false
03-01 12:36:17.292 D/ADSPD   ( 1413): Client cmd=0x0003, size=4
03-01 12:36:17.293 E/audio_a2dp_hw( 1420): adev_set_parameters: ERROR: set param called even when stream out is null
03-01 12:36:17.305 D/ADSPD   ( 1413): Received from DSP: cmd=0x8003, size=2
03-01 12:36:17.306 D/mot_vr_audio_hw( 1420): received recognition control callback, status 0
03-01 12:36:17.338 I/AmbientMode( 1932): Ambient mode started: canDoze=true
03-01 12:36:17.344 I/ActivityManager( 1737): Activity reported stop, but no longer stopping: ActivityRecord{22d515cb u0 com.google.android.wearable.app/com.google.android.clockwork.home.HomeActivity t47}
03-01 12:36:17.473 D/MinnowPowerHAL( 1737): power_set_interactive: 0
03-01 12:36:17.473 D/MinnowPowerHAL( 1737): sysfs_write: /sys/devices/platform/omapdss/display0/interactivemode 0
03-01 12:36:17.476 D/MinnowPowerHAL( 1737): sysfs_write: /sys/devices/ocp.2/i2c.6/i2c-0/0-004a/interactivemode 0
03-01 12:36:17.478 D/MinnowPowerHAL( 1737): sysfs_write: /sys/class/leds/lcd-backlight/interactive 0
03-01 12:36:17.478 D/mot_vr_audio_hw( 1737): dsp_set_pm_state = off
03-01 12:36:17.481 D/ADSPD   ( 1413): Client cmd=0x4002, size=2
03-01 12:36:17.482 D/ADSPD   ( 1413): DSP_CMD_DAEMON_SET_PM_STATE : 0
03-01 12:36:17.495 I/DisplayManagerService( 1737): Display device changed: DisplayDeviceInfo{"Built-in Screen": 320 x 290, 45.000004 fps, supportedRefreshRates [45.000004], density 213, 203.2 x 204.61111 dpi, appVsyncOff 0, presDeadline 23222220, touch INTERNAL, rotation 0, type BUILT_IN, state DOZE_SUSPEND, FLAG_DEFAULT_DISPLAY, FLAG_ROTATES_WITH_CONTENT, FLAG_SECURE, FLAG_SUPPORTS_PROTECTED_BUFFERS}
03-01 12:36:17.497 V/ActivityManager( 1737): Display changed displayId=0
03-01 12:36:17.505 D/SurfaceFlinger( 1412): Set power mode=3, type=0 flinger=0xb7cb1550
03-01 12:36:17.505 D/hwcomposer( 1412): hwc_blank(0: 0)
03-01 12:36:20.032 W/bt-btif (22890): dm_pm_timer expires
03-01 12:36:20.032 W/bt-btif (22890): dm_pm_timer expires 0
03-01 12:36:20.033 W/bt-btif (22890): proc dm_pm_timer expires
03-01 12:37:02.553 I/ActivityManager( 1737): START u0 {act=android.intent.action.MAIN cat=[android.intent.category.HOME] flg=0x10000000 cmp=com.google.android.wearable.app/com.google.android.clockwork.home.HomeActivity (has extras)} from uid 10002 on display 0
03-01 12:37:02.564 V/ActivityManager( 1737): Display changed displayId=0
03-01 12:37:02.633 D/mot_vr_audio_hw( 1420): dsp_recognizer_enabled = false
03-01 12:37:02.634 D/ADSPD   ( 1413): Client cmd=0x0003, size=4
03-01 12:37:02.635 D/ADSPD   ( 1413): Trying to send to dsp while in dsp in RESET
03-01 12:37:02.635 E/audio_a2dp_hw( 1420): adev_set_parameters: ERROR: set param called even when stream out is null
03-01 12:38:02.562 I/ActivityManager( 1737): START u0 {act=android.intent.action.MAIN cat=[android.intent.category.HOME] flg=0x10000000 cmp=com.google.android.wearable.app/com.google.android.clockwork.home.HomeActivity (has extras)} from uid 10002 on display 0
03-01 12:38:02.572 I/TimeWrapper(16903): FPS: 0.018990476, samples: 2
03-01 12:38:02.572 I/TimeWrapper(16903): Min/Avg/Max frame render speed (ms): 8.575439 / 9.231567 / 9.887695
03-01 12:38:02.573 I/TimeWrapper(16903): Waketime: 0.017531184%
03-01 12:38:02.632 D/mot_vr_audio_hw( 1420): dsp_recognizer_enabled = false
03-01 12:38:02.632 D/ADSPD   ( 1413): Client cmd=0x0003, size=4
03-01 12:38:02.633 D/ADSPD   ( 1413): Trying to send to dsp while in dsp in RESET
03-01 12:38:02.633 E/audio_a2dp_hw( 1420): adev_set_parameters: ERROR: set param called even when stream out is null
03-01 12:39:02.553 I/ActivityManager( 1737): START u0 {act=android.intent.action.MAIN cat=[android.intent.category.HOME] flg=0x10000000 cmp=com.google.android.wearable.app/com.google.android.clockwork.home.HomeActivity (has extras)} from uid 10002 on display 0
03-01 12:39:02.622 D/mot_vr_audio_hw( 1420): dsp_recognizer_enabled = false
03-01 12:39:02.622 D/ADSPD   ( 1413): Client cmd=0x0003, size=4
03-01 12:39:02.623 D/ADSPD   ( 1413): Trying to send to dsp while in dsp in RESET
03-01 12:39:02.624 E/audio_a2dp_hw( 1420): adev_set_parameters: ERROR: set param called even when stream out is null
03-01 12:40:02.552 I/ActivityManager( 1737): START u0 {act=android.intent.action.MAIN cat=[android.intent.category.HOME] flg=0x10000000 cmp=com.google.android.wearable.app/com.google.android.clockwork.home.HomeActivity (has extras)} from uid 10002 on display 0
03-01 12:40:02.599 I/TimeWrapper(16903): FPS: 0.033317827, samples: 2
03-01 12:40:02.599 I/TimeWrapper(16903): Min/Avg/Max frame render speed (ms): 10.345459 / 29766.541 / 59522.734
03-01 12:40:02.599 I/TimeWrapper(16903): Waketime: 99.175644%
03-01 12:40:02.629 D/mot_vr_audio_hw( 1420): dsp_recognizer_enabled = false
03-01 12:40:02.630 D/ADSPD   ( 1413): Client cmd=0x0003, size=4
03-01 12:40:02.631 D/ADSPD   ( 1413): Trying to send to dsp while in dsp in RESET
03-01 12:40:02.631 E/audio_a2dp_hw( 1420): adev_set_parameters: ERROR: set param called even when stream out is null
03-01 12:41:02.553 I/ActivityManager( 1737): START u0 {act=android.intent.action.MAIN cat=[android.intent.category.HOME] flg=0x10000000 cmp=com.google.android.wearable.app/com.google.android.clockwork.home.HomeActivity (has extras)} from uid 10002 on display 0
03-01 12:41:02.622 D/mot_vr_audio_hw( 1420): dsp_recognizer_enabled = false
03-01 12:41:02.623 D/ADSPD   ( 1413): Client cmd=0x0003, size=4
03-01 12:41:02.624 D/ADSPD   ( 1413): Trying to send to dsp while in dsp in RESET
03-01 12:41:02.624 E/audio_a2dp_hw( 1420): adev_set_parameters: ERROR: set param called even when stream out is null
03-01 12:41:15.696 I/art     ( 1932): Explicit concurrent mark sweep GC freed 16191(745KB) AllocSpace objects, 1(1000KB) LOS objects, 6% free, 28MB/30MB, paused 1.190ms total 80.444ms
03-01 12:42:02.553 I/ActivityManager( 1737): START u0 {act=android.intent.action.MAIN cat=[android.intent.category.HOME] flg=0x10000000 cmp=com.google.android.wearable.app/com.google.android.clockwork.home.HomeActivity (has extras)} from uid 10002 on display 0
03-01 12:42:02.567 I/TimeWrapper(16903): FPS: 0.016666133, samples: 1
03-01 12:42:02.568 I/TimeWrapper(16903): Min/Avg/Max frame render speed (ms): 4.241943 / 4.241943 / 4.241943
03-01 12:42:02.568 I/TimeWrapper(16903): Waketime: 0.0070696785%
03-01 12:42:02.623 D/mot_vr_audio_hw( 1420): dsp_recognizer_enabled = false
03-01 12:42:02.623 D/ADSPD   ( 1413): Client cmd=0x0003, size=4
03-01 12:42:02.624 D/ADSPD   ( 1413): Trying to send to dsp while in dsp in RESET
03-01 12:42:02.625 E/audio_a2dp_hw( 1420): adev_set_parameters: ERROR: set param called even when stream out is null
