03-01 12:43:02.576 I/ActivityManager( 1737): START u0 {act=android.intent.action.MAIN cat=[android.intent.category.HOME] flg=0x10000000 cmp=com.google.android.wearable.app/com.google.android.clockwork.home.HomeActivity (has extras)} from uid 10002 on display 0
03-01 12:43:02.629 I/ActivityManager( 1737): Delay finish: com.motorola.targetnotif/com.motorola.omni.NotificationAlarmReceiver
03-01 12:43:02.649 I/ActivityManager( 1737): Resuming delayed broadcast
03-01 12:43:02.667 D/mot_vr_audio_hw( 1420): dsp_recognizer_enabled = false
03-01 12:43:02.668 D/ADSPD   ( 1413): Client cmd=0x0003, size=4
03-01 12:43:02.669 D/ADSPD   ( 1413): Trying to send to dsp while in dsp in RESET
03-01 12:43:02.669 E/audio_a2dp_hw( 1420): adev_set_parameters: ERROR: set param called even when stream out is null
03-01 12:44:01.553 I/ActivityManager( 1737): START u0 {act=android.intent.action.MAIN cat=[android.intent.category.HOME] flg=0x10000000 cmp=com.google.android.wearable.app/com.google.android.clockwork.home.HomeActivity (has extras)} from uid 10002 on display 0
03-01 12:44:01.622 D/mot_vr_audio_hw( 1420): dsp_recognizer_enabled = false
03-01 12:44:01.623 D/ADSPD   ( 1413): Client cmd=0x0003, size=4
03-01 12:44:01.624 D/ADSPD   ( 1413): Trying to send to dsp while in dsp in RESET
03-01 12:44:01.624 E/audio_a2dp_hw( 1420): adev_set_parameters: ERROR: set param called even when stream out is null
03-01 12:45:01.557 I/TimeWrapper(16903): FPS: 0.016811814, samples: 2
03-01 12:45:01.558 I/TimeWrapper(16903): Min/Avg/Max frame render speed (ms): 4.02832 / 4.058837 / 4.089355
03-01 12:45:01.558 I/TimeWrapper(16903): Waketime: 0.006823642%
03-01 12:45:01.561 I/ActivityManager( 1737): START u0 {act=android.intent.action.MAIN cat=[android.intent.category.HOME] flg=0x10000000 cmp=com.google.android.wearable.app/com.google.android.clockwork.home.HomeActivity (has extras)} from uid 10002 on display 0
03-01 12:45:01.702 I/art     ( 1737): Explicit concurrent mark sweep GC freed 19580(1056KB) AllocSpace objects, 1(16KB) LOS objects, 17% free, 9MB/11MB, paused 1.617ms total 105.743ms
03-01 12:45:01.754 D/mot_vr_audio_hw( 1420): dsp_recognizer_enabled = false
03-01 12:45:01.755 D/ADSPD   ( 1413): Client cmd=0x0003, size=4
03-01 12:45:01.756 D/ADSPD   ( 1413): Trying to send to dsp while in dsp in RESET
03-01 12:45:01.756 E/audio_a2dp_hw( 1420): adev_set_parameters: ERROR: set param called even when stream out is null
03-01 12:46:01.554 I/ActivityManager( 1737): START u0 {act=android.intent.action.MAIN cat=[android.intent.category.HOME] flg=0x10000000 cmp=com.google.android.wearable.app/com.google.android.clockwork.home.HomeActivity (has extras)} from uid 10002 on display 0
03-01 12:46:01.623 D/mot_vr_audio_hw( 1420): dsp_recognizer_enabled = false
03-01 12:46:01.623 D/ADSPD   ( 1413): Client cmd=0x0003, size=4
03-01 12:46:01.624 D/ADSPD   ( 1413): Trying to send to dsp while in dsp in RESET
03-01 12:46:01.625 E/audio_a2dp_hw( 1420): adev_set_parameters: ERROR: set param called even when stream out is null
03-01 12:47:01.554 I/ActivityManager( 1737): START u0 {act=android.intent.action.MAIN cat=[android.intent.category.HOME] flg=0x10000000 cmp=com.google.android.wearable.app/com.google.android.clockwork.home.HomeActivity (has extras)} from uid 10002 on display 0
03-01 12:47:01.582 I/TimeWrapper(16903): FPS: 0.033324823, samples: 2
03-01 12:47:01.582 I/TimeWrapper(16903): Min/Avg/Max frame render speed (ms): 4.211425 / 4.241943 / 4.272461
03-01 12:47:01.582 I/TimeWrapper(16903): Waketime: 0.014136201%
03-01 12:47:01.623 D/mot_vr_audio_hw( 1420): dsp_recognizer_enabled = false
03-01 12:47:01.623 D/ADSPD   ( 1413): Client cmd=0x0003, size=4
03-01 12:47:01.624 D/ADSPD   ( 1413): Trying to send to dsp while in dsp in RESET
03-01 12:47:01.624 E/audio_a2dp_hw( 1420): adev_set_parameters: ERROR: set param called even when stream out is null
03-01 12:47:10.566 I/TimeSyncer( 1932): Companion requested the watch start a time sync.
03-01 12:47:10.567 I/TimeSyncer( 1932): sending request - elapsedRealTime: 833968923
03-01 12:47:10.633 I/TimeSyncer( 1932): UPDATED TIME to ms 1425235631235, offset ms: 602, latency ms: 58
03-01 12:47:10.639 D/AlarmManagerService( 1737): Setting time of day to sec=1425235631
03-01 12:47:11.362 I/CheckinService(26940): Checking schedule, now: 1425235631362 next: 1425308687804
03-01 12:47:11.362 I/CheckinService(26940): active receiver: disabled
03-01 12:47:11.409 I/ActivityManager( 1737): Delay finish: com.google.android.gms/.gcm.ServiceAutoStarter
03-01 12:47:11.412 D/GCM     (26959): GcmService start Intent { act=com.google.android.checkin.CHECKIN_COMPLETE flg=0x10 cmp=com.google.android.gms/.gcm.GcmService (has extras) } com.google.android.checkin.CHECKIN_COMPLETE
03-01 12:47:11.413 I/ActivityManager( 1737): Resuming delayed broadcast
03-01 12:47:12.544 I/TimeSyncer( 1932): sending request - elapsedRealTime: 833970291
03-01 12:47:13.924 I/TimeSyncer( 1932): sending request - elapsedRealTime: 833971671
03-01 12:47:15.653 I/TimeSyncer( 1932): sending request - elapsedRealTime: 833973400
03-01 12:47:15.715 I/TimeSyncer( 1932): UPDATED TIME to ms 1425235635703, offset ms: -12, latency ms: 53
03-01 12:47:15.721 D/AlarmManagerService( 1737): Setting time of day to sec=1425235635
03-01 12:47:15.827 I/CheckinService(26940): Checking schedule, now: 1425235635827 next: 1425308687804
03-01 12:47:15.827 I/CheckinService(26940): active receiver: disabled
03-01 12:47:15.875 I/ActivityManager( 1737): Delay finish: com.google.android.gms/.gcm.ServiceAutoStarter
03-01 12:47:15.877 D/GCM     (26959): GcmService start Intent { act=com.google.android.checkin.CHECKIN_COMPLETE flg=0x10 cmp=com.google.android.gms/.gcm.GcmService (has extras) } com.google.android.checkin.CHECKIN_COMPLETE
03-01 12:47:15.878 I/ActivityManager( 1737): Resuming delayed broadcast
03-01 12:47:17.014 I/TimeSyncer( 1932): sending request - elapsedRealTime: 833974766
03-01 12:47:17.070 I/TimeSyncer( 1932): UPDATED TIME to ms 1425235637056, offset ms: -14, latency ms: 44
03-01 12:47:17.076 D/AlarmManagerService( 1737): Setting time of day to sec=1425235637
03-01 12:47:17.187 I/CheckinService(26940): Checking schedule, now: 1425235637187 next: 1425308687804
03-01 12:47:17.188 I/CheckinService(26940): active receiver: disabled
03-01 12:47:17.234 I/ActivityManager( 1737): Delay finish: com.google.android.gms/.gcm.ServiceAutoStarter
03-01 12:47:17.237 D/GCM     (26959): GcmService start Intent { act=com.google.android.checkin.CHECKIN_COMPLETE flg=0x10 cmp=com.google.android.gms/.gcm.GcmService (has extras) } com.google.android.checkin.CHECKIN_COMPLETE
03-01 12:47:17.238 I/ActivityManager( 1737): Resuming delayed broadcast
03-01 12:47:18.370 I/TimeSyncer( 1932): sending request - elapsedRealTime: 833976125
03-01 12:47:19.735 I/TimeSyncer( 1932): sending request - elapsedRealTime: 833977490
03-01 12:47:21.113 I/TimeSyncer( 1932): sending request - elapsedRealTime: 833978869
03-01 12:47:23.262 W/bt-btif (22890): dm_pm_timer expires
03-01 12:47:23.262 W/bt-btif (22890): dm_pm_timer expires 0
03-01 12:47:23.263 W/bt-btif (22890): proc dm_pm_timer expires
03-01 12:47:23.503 E/libsuspend( 1737): Error writing to /sys/power/state: Device or resource busy
03-01 12:47:30.645 D/SensorHALGestureSensor( 1737): Gesture event received! time = 1425235650645561577
03-01 12:47:30.647 I/PowerManagerService( 1737): Waking up from dozing (uid 10002)...
03-01 12:47:30.647 W/KeyguardServiceDelegate( 1737): onScreenTurnedOn(): no keyguard service!
03-01 12:47:30.806 D/PowerManagerService-JNI( 1737): Excessive delay in autosuspend_disable() while turning screen on: 146ms
03-01 12:47:30.806 D/MinnowPowerHAL( 1737): power_set_interactive: 1
03-01 12:47:30.806 D/MinnowPowerHAL( 1737): sysfs_write: /sys/devices/platform/omapdss/display0/interactivemode 1
03-01 12:47:30.807 D/MinnowPowerHAL( 1737): sysfs_write: /sys/devices/ocp.2/i2c.6/i2c-0/0-004a/interactivemode 1
03-01 12:47:30.809 D/MinnowPowerHAL( 1737): sysfs_write: /sys/class/leds/lcd-backlight/interactive 1
03-01 12:47:30.809 D/mot_vr_audio_hw( 1737): dsp_set_pm_state = on
03-01 12:47:30.810 D/ADSPD   ( 1413): Client cmd=0x4002, size=2
03-01 12:47:30.810 D/ADSPD   ( 1413): DSP_CMD_DAEMON_SET_PM_STATE : 1
03-01 12:47:30.813 I/DisplayManagerService( 1737): Display device changed: DisplayDeviceInfo{"Built-in Screen": 320 x 290, 45.000004 fps, supportedRefreshRates [45.000004], density 213, 203.2 x 204.61111 dpi, appVsyncOff 0, presDeadline 23222220, touch INTERNAL, rotation 0, type BUILT_IN, state ON, FLAG_DEFAULT_DISPLAY, FLAG_ROTATES_WITH_CONTENT, FLAG_SECURE, FLAG_SUPPORTS_PROTECTED_BUFFERS}
03-01 12:47:30.814 D/SurfaceFlinger( 1412): Set power mode=2, type=0 flinger=0xb7cb1550
03-01 12:47:30.814 D/hwcomposer( 1412): hwc_blank(0: 0)
03-01 12:47:30.816 I/DreamManagerService( 1737): Gently waking up from dream.
03-01 12:47:30.827 D/ADSPD   ( 1413): ACK success!
03-01 12:47:30.853 V/ActivityManager( 1737): Display changed displayId=0
03-01 12:47:30.861 E/InputMethodManagerService( 1737): Ignoring setImeWindowStatus due to an invalid token. uid:1000 token:null
03-01 12:47:30.876 E/audio_a2dp_hw( 1420): adev_set_parameters: ERROR: set param called even when stream out is null
03-01 12:47:30.898 I/DreamManagerService( 1737): Leaving dreamland.
03-01 12:47:30.899 I/DreamController( 1737): Stopping dream: name=ComponentInfo{com.google.android.wearable.app/com.google.android.clockwork.home.AmbientMode}, isTest=false, canDoze=true, userId=0
03-01 12:47:30.913 I/AmbientMode( 1932): Dream ended: isDozing=true
03-01 12:47:30.946 D/CalWatchFaceService(16903): onAmbientModeChanged: false
03-01 12:47:30.946 I/ClockFace(16903): Ambient mode: false
03-01 12:47:30.946 V/ClockFace(16903): clearing caches
03-01 12:47:30.946 D/CalWatchFaceService(16903): updateTimer
03-01 12:47:30.950 D/mot_vr_audio_hw( 1420): dsp_recognizer_enabled = true
03-01 12:47:30.950 D/ADSPD   ( 1413): Client cmd=0x0003, size=4
03-01 12:47:30.951 E/audio_a2dp_hw( 1420): adev_set_parameters: ERROR: set param called even when stream out is null
03-01 12:47:30.953 D/mot_vr_audio_hw( 1420): open_input_stream(): devices = 0x80000004, rate = 8000, channels = 0x10
03-01 12:47:30.953 D/mot_vr_audio_hw( 1420): Created resampler for 16000->8000 Hz
03-01 12:47:30.961 I/AudioFlinger( 1420): AudioFlinger's thread 0xb59bb008 ready to run
03-01 12:47:30.964 D/ADSPD   ( 1413): Received from DSP: cmd=0x8003, size=2
03-01 12:47:30.964 D/ADSPD   ( 1413): Client cmd=0x4003, size=2
03-01 12:47:30.964 D/mot_vr_audio_hw( 1420): received recognition control callback, status 0
03-01 12:47:30.970 V/ClockFace(16903): drawFace: cx(160), cy(160), r(160)
03-01 12:47:30.970 V/ClockFace(16903): rendering new face, faceMode(0)
03-01 12:47:30.987 D/mot_vr_audio_hw( 1420): in_read waiting for hotword
03-01 12:47:30.996 V/ClockFace(16903): fetching new battery status
03-01 12:47:30.998 V/ClockFace(16903): battery at 0.86
03-01 12:47:31.141 D/SensorHAL( 1737): adjustSensorHandle: handle = 9 adjustedHandle = 1
03-01 12:47:31.141 D/SensorHAL( 1737): adjustSensorHandle: handle = 9 adjustedHandle = 1
03-01 12:47:31.155 D/SensorHAL( 1737): adjustSensorHandle: handle = 9 adjustedHandle = 1
03-01 12:47:33.434 W/bt-btif (22890): dm_pm_timer expires
03-01 12:47:33.434 W/bt-btif (22890): dm_pm_timer expires 0
03-01 12:47:33.434 W/bt-btif (22890): proc dm_pm_timer expires
03-01 12:47:35.816 I/PowerManagerService( 1737): Going to sleep due to screen timeout (uid 1000)...
03-01 12:47:35.821 I/DreamManagerService( 1737): Entering dreamland.
03-01 12:47:35.821 I/PowerManagerService( 1737): Dozing...
03-01 12:47:35.823 I/DreamController( 1737): Starting dream: name=ComponentInfo{com.google.android.wearable.app/com.google.android.clockwork.home.AmbientMode}, isTest=false, canDoze=true, userId=0
03-01 12:47:35.838 E/InputMethodManagerService( 1737): Ignoring setImeWindowStatus due to an invalid token. uid:1000 token:null
03-01 12:47:35.848 E/InputMethodManagerService( 1737): Ignoring setImeWindowStatus due to an invalid token. uid:1000 token:null
03-01 12:47:35.862 E/audio_a2dp_hw( 1420): adev_set_parameters: ERROR: set param called even when stream out is null
03-01 12:47:35.893 I/ActivityManager( 1737): START u0 {act=android.intent.action.MAIN cat=[android.intent.category.HOME] flg=0x10000000 cmp=com.google.android.wearable.app/com.google.android.clockwork.home.HomeActivity (has extras)} from uid 10002 on display 0
03-01 12:47:35.896 I/AmbientMode( 1932): shouldBatterySaverKickIn, level 86, charging: false
03-01 12:47:35.924 D/CalWatchFaceService(16903): onAmbientModeChanged: true
03-01 12:47:35.925 I/ClockFace(16903): Ambient mode: true
03-01 12:47:35.925 V/ClockFace(16903): clearing caches
03-01 12:47:35.925 I/TimeWrapper(16903): FPS: 42.824966, samples: 211
03-01 12:47:35.925 I/TimeWrapper(16903): Min/Avg/Max frame render speed (ms): 5.065918 / 6.310196 / 24.32251
03-01 12:47:35.925 I/TimeWrapper(16903): Waketime: 27.023396%
03-01 12:47:35.925 D/CalWatchFaceService(16903): updateTimer
03-01 12:47:35.935 V/ClockFace(16903): drawFace: cx(160), cy(160), r(160)
03-01 12:47:35.935 V/ClockFace(16903): rendering new face, faceMode(0)
03-01 12:47:35.937 D/mot_vr_audio_hw( 1420): dsp_recognizer_enabled = false
03-01 12:47:35.937 D/ADSPD   ( 1413): Client cmd=0x0003, size=4
03-01 12:47:35.939 E/audio_a2dp_hw( 1420): adev_set_parameters: ERROR: set param called even when stream out is null
03-01 12:47:35.950 D/ADSPD   ( 1413): Received from DSP: cmd=0x8003, size=2
03-01 12:47:35.951 D/mot_vr_audio_hw( 1420): received recognition control callback, status 0
03-01 12:47:35.951 D/ADSPD   ( 1413): Client cmd=0x0003, size=4
03-01 12:47:35.953 D/mot_vr_audio_hw( 1420): Switching DSP to standby/passthrough mode
03-01 12:47:35.953 D/mot_vr_audio_hw( 1420): Input 0xb79dcde8 ready to read
03-01 12:47:35.965 D/ADSPD   ( 1413): Received from DSP: cmd=0x8003, size=2
03-01 12:47:35.965 D/mot_vr_audio_hw( 1420): received recognition control callback, status 0
03-01 12:47:36.014 D/mot_vr_audio_hw( 1420): Discarded 10 buffers of leading silence
03-01 12:47:36.020 D/ADSPD   ( 1413): Client cmd=0x0003, size=4
03-01 12:47:36.021 D/mot_vr_audio_hw( 1420): Re-arming DSP
03-01 12:47:36.021 D/mot_vr_audio_hw( 1420): Input 0xb79dcde8 standby complete
03-01 12:47:36.026 D/mot_vr_audio_hw( 1420): Input 0xb79dcde8 close complete
03-01 12:47:36.033 D/ADSPD   ( 1413): Received from DSP: cmd=0x8003, size=2
03-01 12:47:36.034 D/ADSPD   ( 1413): Client cmd=0x4003, size=2
03-01 12:47:36.034 D/mot_vr_audio_hw( 1420): received recognition control callback, status 0
03-01 12:47:36.042 D/mot_vr_audio_hw( 1420): dsp_recognizer_enabled = false
03-01 12:47:36.043 D/ADSPD   ( 1413): Client cmd=0x0003, size=4
03-01 12:47:36.044 E/audio_a2dp_hw( 1420): adev_set_parameters: ERROR: set param called even when stream out is null
03-01 12:47:36.056 D/ADSPD   ( 1413): Received from DSP: cmd=0x8003, size=2
03-01 12:47:36.056 D/mot_vr_audio_hw( 1420): received recognition control callback, status 0
03-01 12:47:36.145 I/AmbientMode( 1932): Ambient mode started: canDoze=true
03-01 12:47:36.286 D/MinnowPowerHAL( 1737): power_set_interactive: 0
03-01 12:47:36.286 D/MinnowPowerHAL( 1737): sysfs_write: /sys/devices/platform/omapdss/display0/interactivemode 0
03-01 12:47:36.288 D/MinnowPowerHAL( 1737): sysfs_write: /sys/devices/ocp.2/i2c.6/i2c-0/0-004a/interactivemode 0
03-01 12:47:36.290 D/MinnowPowerHAL( 1737): sysfs_write: /sys/class/leds/lcd-backlight/interactive 0
03-01 12:47:36.290 D/mot_vr_audio_hw( 1737): dsp_set_pm_state = off
03-01 12:47:36.292 D/ADSPD   ( 1413): Client cmd=0x4002, size=2
03-01 12:47:36.293 D/ADSPD   ( 1413): DSP_CMD_DAEMON_SET_PM_STATE : 0
03-01 12:47:37.113 I/DisplayManagerService( 1737): Display device changed: DisplayDeviceInfo{"Built-in Screen": 320 x 290, 45.000004 fps, supportedRefreshRates [45.000004], density 213, 203.2 x 204.61111 dpi, appVsyncOff 0, presDeadline 23222220, touch INTERNAL, rotation 0, type BUILT_IN, state DOZE_SUSPEND, FLAG_DEFAULT_DISPLAY, FLAG_ROTATES_WITH_CONTENT, FLAG_SECURE, FLAG_SUPPORTS_PROTECTED_BUFFERS}
03-01 12:47:37.115 D/SurfaceFlinger( 1412): Set power mode=3, type=0 flinger=0xb7cb1550
03-01 12:47:37.115 D/hwcomposer( 1412): hwc_blank(0: 0)
03-01 12:47:37.116 V/ActivityManager( 1737): Display changed displayId=0
03-01 12:47:38.587 W/bt-btif (22890): dm_pm_timer expires
03-01 12:47:38.587 W/bt-btif (22890): dm_pm_timer expires 0
03-01 12:47:38.588 W/bt-btif (22890): proc dm_pm_timer expires
03-01 12:47:43.178 D/SensorHALGestureSensor( 1737): Gesture event received! time = 1425235663177879685
03-01 12:47:43.179 I/PowerManagerService( 1737): Waking up from dozing (uid 10002)...
03-01 12:47:43.179 W/KeyguardServiceDelegate( 1737): onScreenTurnedOn(): no keyguard service!
03-01 12:47:43.335 D/PowerManagerService-JNI( 1737): Excessive delay in autosuspend_disable() while turning screen on: 143ms
03-01 12:47:43.335 D/MinnowPowerHAL( 1737): power_set_interactive: 1
03-01 12:47:43.335 D/MinnowPowerHAL( 1737): sysfs_write: /sys/devices/platform/omapdss/display0/interactivemode 1
03-01 12:47:43.336 D/MinnowPowerHAL( 1737): sysfs_write: /sys/devices/ocp.2/i2c.6/i2c-0/0-004a/interactivemode 1
03-01 12:47:43.338 D/MinnowPowerHAL( 1737): sysfs_write: /sys/class/leds/lcd-backlight/interactive 1
03-01 12:47:43.338 D/mot_vr_audio_hw( 1737): dsp_set_pm_state = on
03-01 12:47:43.339 D/ADSPD   ( 1413): Client cmd=0x4002, size=2
03-01 12:47:43.339 D/ADSPD   ( 1413): DSP_CMD_DAEMON_SET_PM_STATE : 1
03-01 12:47:43.342 I/DisplayManagerService( 1737): Display device changed: DisplayDeviceInfo{"Built-in Screen": 320 x 290, 45.000004 fps, supportedRefreshRates [45.000004], density 213, 203.2 x 204.61111 dpi, appVsyncOff 0, presDeadline 23222220, touch INTERNAL, rotation 0, type BUILT_IN, state ON, FLAG_DEFAULT_DISPLAY, FLAG_ROTATES_WITH_CONTENT, FLAG_SECURE, FLAG_SUPPORTS_PROTECTED_BUFFERS}
03-01 12:47:43.343 D/SurfaceFlinger( 1412): Set power mode=2, type=0 flinger=0xb7cb1550
03-01 12:47:43.343 D/hwcomposer( 1412): hwc_blank(0: 0)
03-01 12:47:43.344 I/DreamManagerService( 1737): Gently waking up from dream.
03-01 12:47:43.362 D/ADSPD   ( 1413): ACK success!
03-01 12:47:43.371 V/ActivityManager( 1737): Display changed displayId=0
03-01 12:47:43.377 E/InputMethodManagerService( 1737): Ignoring setImeWindowStatus due to an invalid token. uid:1000 token:null
03-01 12:47:43.401 E/audio_a2dp_hw( 1420): adev_set_parameters: ERROR: set param called even when stream out is null
03-01 12:47:43.418 I/DreamManagerService( 1737): Leaving dreamland.
03-01 12:47:43.419 I/DreamController( 1737): Stopping dream: name=ComponentInfo{com.google.android.wearable.app/com.google.android.clockwork.home.AmbientMode}, isTest=false, canDoze=true, userId=0
03-01 12:47:43.440 I/AmbientMode( 1932): Dream ended: isDozing=true
03-01 12:47:43.474 D/CalWatchFaceService(16903): onAmbientModeChanged: false
03-01 12:47:43.474 I/ClockFace(16903): Ambient mode: false
03-01 12:47:43.474 V/ClockFace(16903): clearing caches
03-01 12:47:43.474 D/CalWatchFaceService(16903): updateTimer
03-01 12:47:43.478 D/mot_vr_audio_hw( 1420): dsp_recognizer_enabled = true
03-01 12:47:43.478 D/ADSPD   ( 1413): Client cmd=0x0003, size=4
03-01 12:47:43.479 E/audio_a2dp_hw( 1420): adev_set_parameters: ERROR: set param called even when stream out is null
03-01 12:47:43.481 D/mot_vr_audio_hw( 1420): open_input_stream(): devices = 0x80000004, rate = 8000, channels = 0x10
03-01 12:47:43.481 D/mot_vr_audio_hw( 1420): Created resampler for 16000->8000 Hz
03-01 12:47:43.489 I/AudioFlinger( 1420): AudioFlinger's thread 0xb59bb008 ready to run
03-01 12:47:43.492 D/ADSPD   ( 1413): Received from DSP: cmd=0x8003, size=2
03-01 12:47:43.492 D/ADSPD   ( 1413): Client cmd=0x4003, size=2
03-01 12:47:43.492 D/mot_vr_audio_hw( 1420): received recognition control callback, status 0
03-01 12:47:43.505 V/ClockFace(16903): drawFace: cx(160), cy(160), r(160)
03-01 12:47:43.505 V/ClockFace(16903): rendering new face, faceMode(0)
03-01 12:47:43.506 D/mot_vr_audio_hw( 1420): in_read waiting for hotword
03-01 12:47:43.515 V/ClockFace(16903): fetching new battery status
03-01 12:47:43.529 V/ClockFace(16903): battery at 0.86
03-01 12:47:43.637 D/SensorHAL( 1737): adjustSensorHandle: handle = 9 adjustedHandle = 1
03-01 12:47:43.637 D/SensorHAL( 1737): adjustSensorHandle: handle = 9 adjustedHandle = 1
03-01 12:47:43.652 D/SensorHAL( 1737): adjustSensorHandle: handle = 9 adjustedHandle = 1
03-01 12:47:46.019 W/bt-btif (22890): dm_pm_timer expires
03-01 12:47:46.019 W/bt-btif (22890): dm_pm_timer expires 0
03-01 12:47:46.019 W/bt-btif (22890): proc dm_pm_timer expires
03-01 12:47:48.345 I/PowerManagerService( 1737): Going to sleep due to screen timeout (uid 1000)...
03-01 12:47:48.348 I/DreamManagerService( 1737): Entering dreamland.
03-01 12:47:48.349 I/PowerManagerService( 1737): Dozing...
03-01 12:47:48.361 I/DreamController( 1737): Starting dream: name=ComponentInfo{com.google.android.wearable.app/com.google.android.clockwork.home.AmbientMode}, isTest=false, canDoze=true, userId=0
03-01 12:47:48.378 D/mot_vr_audio_hw( 1420): dsp_recognizer_enabled = false
03-01 12:47:48.378 D/ADSPD   ( 1413): Client cmd=0x0003, size=4
03-01 12:47:48.381 E/InputMethodManagerService( 1737): Ignoring setImeWindowStatus due to an invalid token. uid:1000 token:null
03-01 12:47:48.382 E/audio_a2dp_hw( 1420): adev_set_parameters: ERROR: set param called even when stream out is null
03-01 12:47:48.385 E/InputMethodManagerService( 1737): Ignoring setImeWindowStatus due to an invalid token. uid:1000 token:null
03-01 12:47:48.392 D/ADSPD   ( 1413): Received from DSP: cmd=0x8003, size=2
03-01 12:47:48.393 D/mot_vr_audio_hw( 1420): received recognition control callback, status 0
03-01 12:47:48.394 D/ADSPD   ( 1413): Client cmd=0x0003, size=4
03-01 12:47:48.395 D/mot_vr_audio_hw( 1420): Switching DSP to standby/passthrough mode
03-01 12:47:48.395 D/mot_vr_audio_hw( 1420): Input 0xb79dcde8 ready to read
03-01 12:47:48.403 E/audio_a2dp_hw( 1420): adev_set_parameters: ERROR: set param called even when stream out is null
03-01 12:47:48.407 D/ADSPD   ( 1413): Received from DSP: cmd=0x8003, size=2
03-01 12:47:48.408 D/mot_vr_audio_hw( 1420): received recognition control callback, status 0
03-01 12:47:48.456 D/mot_vr_audio_hw( 1420): Discarded 10 buffers of leading silence
03-01 12:47:48.462 D/ADSPD   ( 1413): Client cmd=0x0003, size=4
03-01 12:47:48.464 D/mot_vr_audio_hw( 1420): Re-arming DSP
03-01 12:47:48.464 D/mot_vr_audio_hw( 1420): Input 0xb79dcde8 standby complete
03-01 12:47:48.470 D/mot_vr_audio_hw( 1420): Input 0xb79dcde8 close complete
03-01 12:47:48.476 D/ADSPD   ( 1413): Received from DSP: cmd=0x8003, size=2
03-01 12:47:48.476 D/ADSPD   ( 1413): Client cmd=0x4003, size=2
03-01 12:47:48.476 D/mot_vr_audio_hw( 1420): received recognition control callback, status 0
03-01 12:47:48.524 I/ActivityManager( 1737): START u0 {act=android.intent.action.MAIN cat=[android.intent.category.HOME] flg=0x10000000 cmp=com.google.android.wearable.app/com.google.android.clockwork.home.HomeActivity (has extras)} from uid 10002 on display 0
03-01 12:47:48.529 V/ActivityManager( 1737): Display changed displayId=0
03-01 12:47:48.561 I/AmbientMode( 1932): shouldBatterySaverKickIn, level 86, charging: false
03-01 12:47:48.726 I/art     ( 2086): Explicit concurrent mark sweep GC freed 3082(120KB) AllocSpace objects, 0(0B) LOS objects, 27% free, 1322KB/1834KB, paused 579us total 68.634ms
03-01 12:47:48.752 D/mot_vr_audio_hw( 1420): dsp_recognizer_enabled = false
03-01 12:47:48.752 D/ADSPD   ( 1413): Client cmd=0x0003, size=4
03-01 12:47:48.756 E/audio_a2dp_hw( 1420): adev_set_parameters: ERROR: set param called even when stream out is null
03-01 12:47:48.765 D/CalWatchFaceService(16903): onAmbientModeChanged: true
03-01 12:47:48.765 I/ClockFace(16903): Ambient mode: true
03-01 12:47:48.765 V/ClockFace(16903): clearing caches
03-01 12:47:48.765 I/TimeWrapper(16903): FPS: 42.031567, samples: 220
03-01 12:47:48.765 I/TimeWrapper(16903): Min/Avg/Max frame render speed (ms): 4.882813 / 6.318803 / 69.122314
03-01 12:47:48.765 I/TimeWrapper(16903): Waketime: 26.55892%
03-01 12:47:48.765 D/CalWatchFaceService(16903): updateTimer
03-01 12:47:48.768 D/ADSPD   ( 1413): Received from DSP: cmd=0x8003, size=2
03-01 12:47:48.769 D/mot_vr_audio_hw( 1420): received recognition control callback, status 0
03-01 12:47:48.782 V/ClockFace(16903): drawFace: cx(160), cy(160), r(160)
03-01 12:47:48.782 V/ClockFace(16903): rendering new face, faceMode(0)
03-01 12:47:48.823 D/mot_vr_audio_hw( 1420): dsp_recognizer_enabled = false
03-01 12:47:48.824 D/ADSPD   ( 1413): Client cmd=0x0003, size=4
03-01 12:47:48.827 E/audio_a2dp_hw( 1420): adev_set_parameters: ERROR: set param called even when stream out is null
03-01 12:47:48.839 D/ADSPD   ( 1413): Received from DSP: cmd=0x8003, size=2
03-01 12:47:48.839 D/mot_vr_audio_hw( 1420): received recognition control callback, status 0
03-01 12:47:48.875 I/AmbientMode( 1932): Ambient mode started: canDoze=true
03-01 12:47:48.881 I/ActivityManager( 1737): Activity reported stop, but no longer stopping: ActivityRecord{22d515cb u0 com.google.android.wearable.app/com.google.android.clockwork.home.HomeActivity t47}
03-01 12:47:49.008 D/MinnowPowerHAL( 1737): power_set_interactive: 0
03-01 12:47:49.008 D/MinnowPowerHAL( 1737): sysfs_write: /sys/devices/platform/omapdss/display0/interactivemode 0
03-01 12:47:49.011 D/MinnowPowerHAL( 1737): sysfs_write: /sys/devices/ocp.2/i2c.6/i2c-0/0-004a/interactivemode 0
03-01 12:47:49.014 D/MinnowPowerHAL( 1737): sysfs_write: /sys/class/leds/lcd-backlight/interactive 0
03-01 12:47:49.014 D/mot_vr_audio_hw( 1737): dsp_set_pm_state = off
03-01 12:47:49.016 D/ADSPD   ( 1413): Client cmd=0x4002, size=2
03-01 12:47:49.016 D/ADSPD   ( 1413): DSP_CMD_DAEMON_SET_PM_STATE : 0
03-01 12:47:49.494 I/DisplayManagerService( 1737): Display device changed: DisplayDeviceInfo{"Built-in Screen": 320 x 290, 45.000004 fps, supportedRefreshRates [45.000004], density 213, 203.2 x 204.61111 dpi, appVsyncOff 0, presDeadline 23222220, touch INTERNAL, rotation 0, type BUILT_IN, state DOZE_SUSPEND, FLAG_DEFAULT_DISPLAY, FLAG_ROTATES_WITH_CONTENT, FLAG_SECURE, FLAG_SUPPORTS_PROTECTED_BUFFERS}
03-01 12:47:49.496 D/SurfaceFlinger( 1412): Set power mode=3, type=0 flinger=0xb7cb1550
03-01 12:47:49.496 D/hwcomposer( 1412): hwc_blank(0: 0)
03-01 12:47:49.499 V/ActivityManager( 1737): Display changed displayId=0
03-01 12:47:50.949 W/bt-btif (22890): dm_pm_timer expires
03-01 12:47:50.949 W/bt-btif (22890): dm_pm_timer expires 0
03-01 12:47:50.949 W/bt-btif (22890): proc dm_pm_timer expires
03-01 12:48:01.499 I/ActivityManager( 1737): START u0 {act=android.intent.action.MAIN cat=[android.intent.category.HOME] flg=0x10000000 cmp=com.google.android.wearable.app/com.google.android.clockwork.home.HomeActivity (has extras)} from uid 10002 on display 0
03-01 12:48:01.510 V/ActivityManager( 1737): Display changed displayId=0
03-01 12:48:01.578 D/mot_vr_audio_hw( 1420): dsp_recognizer_enabled = false
03-01 12:48:01.578 D/ADSPD   ( 1413): Client cmd=0x0003, size=4
03-01 12:48:01.579 D/ADSPD   ( 1413): Trying to send to dsp while in dsp in RESET
03-01 12:48:01.580 E/audio_a2dp_hw( 1420): adev_set_parameters: ERROR: set param called even when stream out is null
03-01 12:49:01.499 I/ActivityManager( 1737): START u0 {act=android.intent.action.MAIN cat=[android.intent.category.HOME] flg=0x10000000 cmp=com.google.android.wearable.app/com.google.android.clockwork.home.HomeActivity (has extras)} from uid 10002 on display 0
03-01 12:49:01.538 I/TimeWrapper(16903): FPS: 0.041237615, samples: 3
03-01 12:49:01.538 I/TimeWrapper(16903): Min/Avg/Max frame render speed (ms): 4.119873 / 7.802327 / 10.131836
03-01 12:49:01.538 I/TimeWrapper(16903): Waketime: 0.032174937%
03-01 12:49:01.564 D/mot_vr_audio_hw( 1420): dsp_recognizer_enabled = false
03-01 12:49:01.564 D/ADSPD   ( 1413): Client cmd=0x0003, size=4
03-01 12:49:01.565 D/ADSPD   ( 1413): Trying to send to dsp while in dsp in RESET
03-01 12:49:01.565 E/audio_a2dp_hw( 1420): adev_set_parameters: ERROR: set param called even when stream out is null
03-01 12:49:59.794 E/libsuspend( 1737): Error writing to /sys/power/state: Device or resource busy
03-01 12:50:00.134 I/ActivityManager( 1737): START u0 {act=android.intent.action.MAIN cat=[android.intent.category.HOME] flg=0x10000000 cmp=com.google.android.wearable.app/com.google.android.clockwork.home.HomeActivity (has extras)} from uid 10002 on display 0
03-01 12:50:00.201 D/mot_vr_audio_hw( 1420): dsp_recognizer_enabled = false
03-01 12:50:00.201 D/ADSPD   ( 1413): Client cmd=0x0003, size=4
03-01 12:50:00.202 D/ADSPD   ( 1413): Trying to send to dsp while in dsp in RESET
03-01 12:50:00.202 E/audio_a2dp_hw( 1420): adev_set_parameters: ERROR: set param called even when stream out is null
03-01 12:51:01.509 I/ActivityManager( 1737): START u0 {act=android.intent.action.MAIN cat=[android.intent.category.HOME] flg=0x10000000 cmp=com.google.android.wearable.app/com.google.android.clockwork.home.HomeActivity (has extras)} from uid 10002 on display 0
03-01 12:51:01.536 I/TimeWrapper(16903): FPS: 0.03257085, samples: 2
03-01 12:51:01.536 I/TimeWrapper(16903): Min/Avg/Max frame render speed (ms): 4.211426 / 8.407592 / 12.603759
03-01 12:51:01.536 I/TimeWrapper(16903): Waketime: 0.02738424%
03-01 12:51:01.587 D/mot_vr_audio_hw( 1420): dsp_recognizer_enabled = false
03-01 12:51:01.587 D/ADSPD   ( 1413): Client cmd=0x0003, size=4
03-01 12:51:01.588 D/ADSPD   ( 1413): Trying to send to dsp while in dsp in RESET
03-01 12:51:01.589 E/audio_a2dp_hw( 1420): adev_set_parameters: ERROR: set param called even when stream out is null
03-01 12:51:13.205 I/ActivityManager( 1737): START u0 {act=android.intent.action.MAIN cat=[android.intent.category.HOME] flg=0x10000000 cmp=com.google.android.wearable.app/com.google.android.clockwork.home.HomeActivity (has extras)} from uid 10002 on display 0
03-01 12:51:13.354 D/mot_vr_audio_hw( 1420): dsp_recognizer_enabled = false
03-01 12:51:13.354 D/ADSPD   ( 1413): Client cmd=0x0003, size=4
03-01 12:51:13.355 D/ADSPD   ( 1413): Trying to send to dsp while in dsp in RESET
03-01 12:51:13.356 E/audio_a2dp_hw( 1420): adev_set_parameters: ERROR: set param called even when stream out is null
03-01 12:51:13.432 I/ActivityManager( 1737): START u0 {act=android.intent.action.MAIN cat=[android.intent.category.HOME] flg=0x10000000 cmp=com.google.android.wearable.app/com.google.android.clockwork.home.HomeActivity (has extras)} from uid 10002 on display 0
03-01 12:51:13.449 I/art     ( 1932): Background partial concurrent mark sweep GC freed 9031(766KB) AllocSpace objects, 1(1000KB) LOS objects, 6% free, 29MB/31MB, paused 1.220ms total 164.306ms
03-01 12:51:13.499 D/mot_vr_audio_hw( 1420): dsp_recognizer_enabled = false
03-01 12:51:13.499 D/ADSPD   ( 1413): Client cmd=0x0003, size=4
03-01 12:51:13.500 D/ADSPD   ( 1413): Trying to send to dsp while in dsp in RESET
03-01 12:51:13.500 E/audio_a2dp_hw( 1420): adev_set_parameters: ERROR: set param called even when stream out is null
03-01 12:51:13.530 I/ActivityManager( 1737): Activity reported stop, but no longer stopping: ActivityRecord{22d515cb u0 com.google.android.wearable.app/com.google.android.clockwork.home.HomeActivity t47}
03-01 12:51:15.026 W/bt-btif (22890): dm_pm_timer expires
03-01 12:51:15.026 W/bt-btif (22890): dm_pm_timer expires 0
03-01 12:51:15.026 W/bt-btif (22890): proc dm_pm_timer expires
03-01 12:52:01.498 I/ActivityManager( 1737): START u0 {act=android.intent.action.MAIN cat=[android.intent.category.HOME] flg=0x10000000 cmp=com.google.android.wearable.app/com.google.android.clockwork.home.HomeActivity (has extras)} from uid 10002 on display 0
03-01 12:52:01.567 D/mot_vr_audio_hw( 1420): dsp_recognizer_enabled = false
03-01 12:52:01.567 D/ADSPD   ( 1413): Client cmd=0x0003, size=4
03-01 12:52:01.569 D/ADSPD   ( 1413): Trying to send to dsp while in dsp in RESET
03-01 12:52:01.569 E/audio_a2dp_hw( 1420): adev_set_parameters: ERROR: set param called even when stream out is null
03-01 12:53:00.344 I/ActivityManager( 1737): START u0 {act=android.intent.action.MAIN cat=[android.intent.category.HOME] flg=0x10000000 cmp=com.google.android.wearable.app/com.google.android.clockwork.home.HomeActivity (has extras)} from uid 10002 on display 0
03-01 12:53:00.363 I/TimeWrapper(16903): FPS: 0.018985871, samples: 2
03-01 12:53:00.363 I/TimeWrapper(16903): Min/Avg/Max frame render speed (ms): 4.211426 / 4.974365 / 5.737304
03-01 12:53:00.363 I/TimeWrapper(16903): Waketime: 0.009444266%
03-01 12:53:00.568 I/art     ( 1737): Explicit concurrent mark sweep GC freed 18491(961KB) AllocSpace objects, 1(16KB) LOS objects, 17% free, 9MB/11MB, paused 2.624ms total 104.095ms
03-01 12:53:00.596 D/mot_vr_audio_hw( 1420): dsp_recognizer_enabled = false
03-01 12:53:00.596 D/ADSPD   ( 1413): Client cmd=0x0003, size=4
03-01 12:53:00.597 D/ADSPD   ( 1413): Trying to send to dsp while in dsp in RESET
03-01 12:53:00.598 E/audio_a2dp_hw( 1420): adev_set_parameters: ERROR: set param called even when stream out is null
03-01 12:54:01.499 I/ActivityManager( 1737): START u0 {act=android.intent.action.MAIN cat=[android.intent.category.HOME] flg=0x10000000 cmp=com.google.android.wearable.app/com.google.android.clockwork.home.HomeActivity (has extras)} from uid 10002 on display 0
03-01 12:54:01.569 D/mot_vr_audio_hw( 1420): dsp_recognizer_enabled = false
03-01 12:54:01.569 D/ADSPD   ( 1413): Client cmd=0x0003, size=4
03-01 12:54:01.570 D/ADSPD   ( 1413): Trying to send to dsp while in dsp in RESET
03-01 12:54:01.571 E/audio_a2dp_hw( 1420): adev_set_parameters: ERROR: set param called even when stream out is null
03-01 12:55:01.506 I/ActivityManager( 1737): START u0 {act=android.intent.action.MAIN cat=[android.intent.category.HOME] flg=0x10000000 cmp=com.google.android.wearable.app/com.google.android.clockwork.home.HomeActivity (has extras)} from uid 10002 on display 0
03-01 12:55:01.568 D/mot_vr_audio_hw( 1420): dsp_recognizer_enabled = false
03-01 12:55:01.568 D/ADSPD   ( 1413): Client cmd=0x0003, size=4
03-01 12:55:01.569 D/ADSPD   ( 1413): Trying to send to dsp while in dsp in RESET
03-01 12:55:01.570 E/audio_a2dp_hw( 1420): adev_set_parameters: ERROR: set param called even when stream out is null
03-01 12:56:03.500 I/ActivityManager( 1737): START u0 {act=android.intent.action.MAIN cat=[android.intent.category.HOME] flg=0x10000000 cmp=com.google.android.wearable.app/com.google.android.clockwork.home.HomeActivity (has extras)} from uid 10002 on display 0
03-01 12:56:03.528 I/TimeWrapper(16903): FPS: 0.016394533, samples: 2
03-01 12:56:03.528 I/TimeWrapper(16903): Min/Avg/Max frame render speed (ms): 4.180908 / 4.196167 / 4.211426
03-01 12:56:03.528 I/TimeWrapper(16903): Waketime: 0.00687942%
03-01 12:56:03.569 D/mot_vr_audio_hw( 1420): dsp_recognizer_enabled = false
03-01 12:56:03.569 D/ADSPD   ( 1413): Client cmd=0x0003, size=4
03-01 12:56:03.570 D/ADSPD   ( 1413): Trying to send to dsp while in dsp in RESET
03-01 12:56:03.571 E/audio_a2dp_hw( 1420): adev_set_parameters: ERROR: set param called even when stream out is null
03-01 12:57:03.498 I/ActivityManager( 1737): START u0 {act=android.intent.action.MAIN cat=[android.intent.category.HOME] flg=0x10000000 cmp=com.google.android.wearable.app/com.google.android.clockwork.home.HomeActivity (has extras)} from uid 10002 on display 0
03-01 12:57:03.567 D/mot_vr_audio_hw( 1420): dsp_recognizer_enabled = false
03-01 12:57:03.568 D/ADSPD   ( 1413): Client cmd=0x0003, size=4
03-01 12:57:03.569 D/ADSPD   ( 1413): Trying to send to dsp while in dsp in RESET
03-01 12:57:03.569 E/audio_a2dp_hw( 1420): adev_set_parameters: ERROR: set param called even when stream out is null
03-01 12:58:01.499 I/ActivityManager( 1737): START u0 {act=android.intent.action.MAIN cat=[android.intent.category.HOME] flg=0x10000000 cmp=com.google.android.wearable.app/com.google.android.clockwork.home.HomeActivity (has extras)} from uid 10002 on display 0
03-01 12:58:01.568 D/mot_vr_audio_hw( 1420): dsp_recognizer_enabled = false
03-01 12:58:01.568 D/ADSPD   ( 1413): Client cmd=0x0003, size=4
03-01 12:58:01.569 D/ADSPD   ( 1413): Trying to send to dsp while in dsp in RESET
03-01 12:58:01.569 E/audio_a2dp_hw( 1420): adev_set_parameters: ERROR: set param called even when stream out is null
03-01 12:59:03.500 I/ActivityManager( 1737): START u0 {act=android.intent.action.MAIN cat=[android.intent.category.HOME] flg=0x10000000 cmp=com.google.android.wearable.app/com.google.android.clockwork.home.HomeActivity (has extras)} from uid 10002 on display 0
03-01 12:59:03.507 I/TimeWrapper(16903): FPS: 0.016667528, samples: 2
03-01 12:59:03.508 I/TimeWrapper(16903): Min/Avg/Max frame render speed (ms): 4.180908 / 4.196167 / 4.211426
03-01 12:59:03.508 I/TimeWrapper(16903): Waketime: 0.0069939727%
03-01 12:59:03.569 D/mot_vr_audio_hw( 1420): dsp_recognizer_enabled = false
03-01 12:59:03.570 D/ADSPD   ( 1413): Client cmd=0x0003, size=4
03-01 12:59:03.571 D/ADSPD   ( 1413): Trying to send to dsp while in dsp in RESET
03-01 12:59:03.571 E/audio_a2dp_hw( 1420): adev_set_parameters: ERROR: set param called even when stream out is null
03-01 13:00:03.498 I/ActivityManager( 1737): START u0 {act=android.intent.action.MAIN cat=[android.intent.category.HOME] flg=0x10000000 cmp=com.google.android.wearable.app/com.google.android.clockwork.home.HomeActivity (has extras)} from uid 10002 on display 0
03-01 13:00:03.527 V/ClockState(16903): clipping 4 raw events to fit the screen
03-01 13:00:03.528 V/EventLayoutUniform(16903): Event layout success.
03-01 13:00:03.528 V/EventLayoutUniform(16903): Event layout time: 1.617431 ms
03-01 13:00:03.529 V/ClockState(16903): maxLevel for new events: 10000
03-01 13:00:03.529 V/ClockState(16903): number of new events: 1
03-01 13:00:03.569 D/mot_vr_audio_hw( 1420): dsp_recognizer_enabled = false
03-01 13:00:03.570 D/ADSPD   ( 1413): Client cmd=0x0003, size=4
03-01 13:00:03.571 D/ADSPD   ( 1413): Trying to send to dsp while in dsp in RESET
03-01 13:00:03.571 E/audio_a2dp_hw( 1420): adev_set_parameters: ERROR: set param called even when stream out is null
03-01 13:01:03.499 I/ActivityManager( 1737): START u0 {act=android.intent.action.MAIN cat=[android.intent.category.HOME] flg=0x10000000 cmp=com.google.android.wearable.app/com.google.android.clockwork.home.HomeActivity (has extras)} from uid 10002 on display 0
03-01 13:01:03.567 D/mot_vr_audio_hw( 1420): dsp_recognizer_enabled = false
03-01 13:01:03.567 D/ADSPD   ( 1413): Client cmd=0x0003, size=4
03-01 13:01:03.568 D/ADSPD   ( 1413): Trying to send to dsp while in dsp in RESET
03-01 13:01:03.569 E/audio_a2dp_hw( 1420): adev_set_parameters: ERROR: set param called even when stream out is null
03-01 13:01:03.930 I/TimeWrapper(16903): FPS: 0.033124954, samples: 2
03-01 13:01:03.930 I/TimeWrapper(16903): Min/Avg/Max frame render speed (ms): 3.814698 / 8.346558 / 12.878418
03-01 13:01:03.930 I/TimeWrapper(16903): Waketime: 0.027647937%
03-01 13:01:13.265 E/libsuspend( 1737): Error writing to /sys/power/state: Device or resource busy
03-01 13:02:02.506 I/ActivityManager( 1737): START u0 {act=android.intent.action.MAIN cat=[android.intent.category.HOME] flg=0x10000000 cmp=com.google.android.wearable.app/com.google.android.clockwork.home.HomeActivity (has extras)} from uid 10002 on display 0
03-01 13:02:02.577 D/mot_vr_audio_hw( 1420): dsp_recognizer_enabled = false
03-01 13:02:02.577 D/ADSPD   ( 1413): Client cmd=0x0003, size=4
03-01 13:02:02.578 D/ADSPD   ( 1413): Trying to send to dsp while in dsp in RESET
03-01 13:02:02.579 E/audio_a2dp_hw( 1420): adev_set_parameters: ERROR: set param called even when stream out is null
03-01 13:02:24.549 D/PhoneStateListener( 1932): onDataChanged: com.google.android.gms.wearable.internal.o@218ef88b for com.google.android.wearable.app
03-01 13:02:26.510 W/bt-btif (22890): dm_pm_timer expires
03-01 13:02:26.510 W/bt-btif (22890): dm_pm_timer expires 0
03-01 13:02:26.511 W/bt-btif (22890): proc dm_pm_timer expires
03-01 13:03:01.501 I/ActivityManager( 1737): START u0 {act=android.intent.action.MAIN cat=[android.intent.category.HOME] flg=0x10000000 cmp=com.google.android.wearable.app/com.google.android.clockwork.home.HomeActivity (has extras)} from uid 10002 on display 0
03-01 13:03:01.636 D/mot_vr_audio_hw( 1420): dsp_recognizer_enabled = false
03-01 13:03:01.636 D/ADSPD   ( 1413): Client cmd=0x0003, size=4
03-01 13:03:01.637 D/ADSPD   ( 1413): Trying to send to dsp while in dsp in RESET
03-01 13:03:01.638 E/audio_a2dp_hw( 1420): adev_set_parameters: ERROR: set param called even when stream out is null
03-01 13:03:01.665 I/ActivityManager( 1737): Delay finish: com.motorola.targetnotif/com.motorola.omni.NotificationAlarmReceiver
03-01 13:03:01.678 I/ActivityManager( 1737): Resuming delayed broadcast
03-01 13:03:01.702 I/ActivityManager( 1737): Delay finish: com.google.android.gms/.checkin.EventLogService$Receiver
03-01 13:03:01.728 I/EventLogService(26940): Aggregate from 1425234302611 (log), 1425234302611 (data)
03-01 13:03:01.871 I/ActivityManager( 1737): Resuming delayed broadcast
03-01 13:03:10.550 D/PhoneStateListener( 1932): onDataChanged: com.google.android.gms.wearable.internal.o@1bfc5354 for com.google.android.wearable.app
03-01 13:03:12.501 W/bt-btif (22890): dm_pm_timer expires
03-01 13:03:12.501 W/bt-btif (22890): dm_pm_timer expires 0
03-01 13:03:12.501 W/bt-btif (22890): proc dm_pm_timer expires
03-01 13:03:17.995 I/TimeSyncer( 1932): Companion requested the watch start a time sync.
03-01 13:03:17.995 I/TimeSyncer( 1932): sending request - elapsedRealTime: 834935750
03-01 13:03:18.038 I/TimeSyncer( 1932): UPDATED TIME to ms 1425236598541, offset ms: 503, latency ms: 35
03-01 13:03:18.044 D/AlarmManagerService( 1737): Setting time of day to sec=1425236598
03-01 13:03:18.666 I/CheckinService(26940): Checking schedule, now: 1425236598666 next: 1425308687804
03-01 13:03:18.666 I/CheckinService(26940): active receiver: disabled
03-01 13:03:18.714 I/ActivityManager( 1737): Delay finish: com.google.android.gms/.gcm.ServiceAutoStarter
03-01 13:03:18.716 D/GCM     (26959): GcmService start Intent { act=com.google.android.checkin.CHECKIN_COMPLETE flg=0x10 cmp=com.google.android.gms/.gcm.GcmService (has extras) } com.google.android.checkin.CHECKIN_COMPLETE
03-01 13:03:18.717 I/ActivityManager( 1737): Resuming delayed broadcast
03-01 13:03:19.647 I/TimeWrapper(16903): FPS: 0.039162647, samples: 3
03-01 13:03:19.647 I/TimeWrapper(16903): Min/Avg/Max frame render speed (ms): 3.814697 / 6.347656 / 11.413574
03-01 13:03:19.647 I/TimeWrapper(16903): Waketime: 0.024859102%
03-01 13:03:19.853 I/TimeSyncer( 1932): sending request - elapsedRealTime: 834937097
03-01 13:03:21.211 I/TimeSyncer( 1932): sending request - elapsedRealTime: 834938456
03-01 13:03:21.483 D/SensorHALGestureSensor( 1737): Gesture event received! time = 1425236601483588867
03-01 13:03:21.485 I/PowerManagerService( 1737): Waking up from dozing (uid 10002)...
03-01 13:03:21.486 W/KeyguardServiceDelegate( 1737): onScreenTurnedOn(): no keyguard service!
03-01 13:03:21.499 D/MinnowPowerHAL( 1737): power_set_interactive: 1
03-01 13:03:21.499 D/MinnowPowerHAL( 1737): sysfs_write: /sys/devices/platform/omapdss/display0/interactivemode 1
03-01 13:03:21.502 I/UsageStatsService( 1737): User[0] Flushing usage stats to disk
03-01 13:03:21.514 D/MinnowPowerHAL( 1737): sysfs_write: /sys/devices/ocp.2/i2c.6/i2c-0/0-004a/interactivemode 1
03-01 13:03:21.515 D/MinnowPowerHAL( 1737): sysfs_write: /sys/class/leds/lcd-backlight/interactive 1
03-01 13:03:21.516 D/mot_vr_audio_hw( 1737): dsp_set_pm_state = on
03-01 13:03:21.517 D/ADSPD   ( 1413): Client cmd=0x4002, size=2
03-01 13:03:21.517 D/ADSPD   ( 1413): DSP_CMD_DAEMON_SET_PM_STATE : 1
03-01 13:03:21.531 E/InputMethodManagerService( 1737): Ignoring setImeWindowStatus due to an invalid token. uid:1000 token:null
03-01 13:03:21.551 E/audio_a2dp_hw( 1420): adev_set_parameters: ERROR: set param called even when stream out is null
03-01 13:03:21.625 I/DisplayManagerService( 1737): Display device changed: DisplayDeviceInfo{"Built-in Screen": 320 x 290, 45.000004 fps, supportedRefreshRates [45.000004], density 213, 203.2 x 204.61111 dpi, appVsyncOff 0, presDeadline 23222220, touch INTERNAL, rotation 0, type BUILT_IN, state ON, FLAG_DEFAULT_DISPLAY, FLAG_ROTATES_WITH_CONTENT, FLAG_SECURE, FLAG_SUPPORTS_PROTECTED_BUFFERS}
03-01 13:03:21.632 V/ActivityManager( 1737): Display changed displayId=0
03-01 13:03:21.633 D/SurfaceFlinger( 1412): Set power mode=2, type=0 flinger=0xb7cb1550
03-01 13:03:21.633 D/hwcomposer( 1412): hwc_blank(0: 0)
03-01 13:03:21.644 I/DreamManagerService( 1737): Gently waking up from dream.
03-01 13:03:21.645 I/DreamManagerService( 1737): Leaving dreamland.
03-01 13:03:21.646 I/DreamController( 1737): Stopping dream: name=ComponentInfo{com.google.android.wearable.app/com.google.android.clockwork.home.AmbientMode}, isTest=false, canDoze=true, userId=0
03-01 13:03:21.650 I/AmbientMode( 1932): Dream ended: isDozing=true
03-01 13:03:21.665 D/ADSPD   ( 1413): ACK success!
03-01 13:03:21.683 D/CalWatchFaceService(16903): onAmbientModeChanged: false
03-01 13:03:21.683 I/ClockFace(16903): Ambient mode: false
03-01 13:03:21.683 V/ClockFace(16903): clearing caches
03-01 13:03:21.683 D/CalWatchFaceService(16903): updateTimer
03-01 13:03:21.687 D/mot_vr_audio_hw( 1420): dsp_recognizer_enabled = true
03-01 13:03:21.687 D/ADSPD   ( 1413): Client cmd=0x0003, size=4
03-01 13:03:21.688 E/audio_a2dp_hw( 1420): adev_set_parameters: ERROR: set param called even when stream out is null
03-01 13:03:21.690 D/mot_vr_audio_hw( 1420): open_input_stream(): devices = 0x80000004, rate = 8000, channels = 0x10
03-01 13:03:21.690 D/mot_vr_audio_hw( 1420): Created resampler for 16000->8000 Hz
03-01 13:03:21.698 I/AudioFlinger( 1420): AudioFlinger's thread 0xb59bb008 ready to run
03-01 13:03:21.701 D/ADSPD   ( 1413): Received from DSP: cmd=0x8003, size=2
03-01 13:03:21.701 D/ADSPD   ( 1413): Client cmd=0x4003, size=2
03-01 13:03:21.701 D/mot_vr_audio_hw( 1420): received recognition control callback, status 0
03-01 13:03:21.714 V/ClockFace(16903): drawFace: cx(160), cy(160), r(160)
03-01 13:03:21.715 V/ClockFace(16903): rendering new face, faceMode(0)
03-01 13:03:21.720 V/ClockFace(16903): fetching new battery status
03-01 13:03:21.733 D/mot_vr_audio_hw( 1420): in_read waiting for hotword
03-01 13:03:21.749 V/ClockFace(16903): battery at 0.85
03-01 13:03:21.980 I/UsageStatsDatabase( 1737): Moving file /data/system/usagestats/0/daily/1424563318528 to /data/system/usagestats/0/daily/1424563320881
03-01 13:03:21.981 I/UsageStatsDatabase( 1737): Moving file /data/system/usagestats/0/daily/1424649699143 to /data/system/usagestats/0/daily/1424649701496
03-01 13:03:21.982 I/UsageStatsDatabase( 1737): Moving file /data/system/usagestats/0/daily/1424736077654 to /data/system/usagestats/0/daily/1424736080007
03-01 13:03:21.982 I/UsageStatsDatabase( 1737): Moving file /data/system/usagestats/0/daily/1424822475512 to /data/system/usagestats/0/daily/1424822477865
03-01 13:03:21.983 I/UsageStatsDatabase( 1737): Moving file /data/system/usagestats/0/daily/1424908869826 to /data/system/usagestats/0/daily/1424908872179
03-01 13:03:21.984 I/UsageStatsDatabase( 1737): Moving file /data/system/usagestats/0/daily/1424995259568 to /data/system/usagestats/0/daily/1424995261921
03-01 13:03:21.985 I/UsageStatsDatabase( 1737): Moving file /data/system/usagestats/0/daily/1425081636500 to /data/system/usagestats/0/daily/1425081638853
03-01 13:03:21.985 I/UsageStatsDatabase( 1737): Moving file /data/system/usagestats/0/daily/1425168004336 to /data/system/usagestats/0/daily/1425168006689
03-01 13:03:21.986 I/UsageStatsDatabase( 1737): Moving file /data/system/usagestats/0/weekly/1423094901213 to /data/system/usagestats/0/weekly/1423094903566
03-01 13:03:21.986 I/UsageStatsDatabase( 1737): Moving file /data/system/usagestats/0/weekly/1423699593858 to /data/system/usagestats/0/weekly/1423699596211
03-01 13:03:21.996 I/UsageStatsDatabase( 1737): Moving file /data/system/usagestats/0/weekly/1424304224442 to /data/system/usagestats/0/weekly/1424304226795
03-01 13:03:21.997 I/UsageStatsDatabase( 1737): Moving file /data/system/usagestats/0/weekly/1424908869826 to /data/system/usagestats/0/weekly/1424908872179
03-01 13:03:22.003 I/UsageStatsDatabase( 1737): Moving file /data/system/usagestats/0/monthly/1420416607969 to /data/system/usagestats/0/monthly/1420416610322
03-01 13:03:22.004 I/UsageStatsDatabase( 1737): Moving file /data/system/usagestats/0/monthly/1423008523010 to /data/system/usagestats/0/monthly/1423008525363
03-01 13:03:22.004 I/UsageStatsDatabase( 1737): Moving file /data/system/usagestats/0/yearly/1419120607969 to /data/system/usagestats/0/yearly/1419120610322
03-01 13:03:22.404 I/UsageStatsService( 1737): User[0] Rollover scheduled @ 2015-03-01 18:00:00(1425254400000)
03-01 13:03:22.447 D/SensorHAL( 1737): adjustSensorHandle: handle = 9 adjustedHandle = 1
03-01 13:03:22.448 D/SensorHAL( 1737): adjustSensorHandle: handle = 9 adjustedHandle = 1
03-01 13:03:22.453 D/SensorHAL( 1737): adjustSensorHandle: handle = 9 adjustedHandle = 1
03-01 13:03:23.013 I/TimeSyncer( 1932): sending request - elapsedRealTime: 834940257
03-01 13:03:25.058 W/bt-btif (22890): dm_pm_timer expires
03-01 13:03:25.058 W/bt-btif (22890): dm_pm_timer expires 0
03-01 13:03:25.058 W/bt-btif (22890): proc dm_pm_timer expires
03-01 13:03:26.524 I/PowerManagerService( 1737): Going to sleep due to screen timeout (uid 1000)...
03-01 13:03:26.529 I/DreamManagerService( 1737): Entering dreamland.
03-01 13:03:26.530 I/PowerManagerService( 1737): Dozing...
03-01 13:03:26.537 I/DreamController( 1737): Starting dream: name=ComponentInfo{com.google.android.wearable.app/com.google.android.clockwork.home.AmbientMode}, isTest=false, canDoze=true, userId=0
03-01 13:03:26.551 D/mot_vr_audio_hw( 1420): dsp_recognizer_enabled = false
03-01 13:03:26.552 D/ADSPD   ( 1413): Client cmd=0x0003, size=4
