12-05 13:12:32.896 D/mot_vr_audio_hw( 1418): Created resampler for 16000->8000 Hz
12-05 13:12:32.896 D/ADSPD   ( 1411): Client cmd=0x4003, size=2
12-05 13:12:32.916 D/mot_vr_audio_hw( 1418): in_read waiting for hotword
12-05 13:12:32.956 D/mot_vr_audio_hw( 1418): dsp_recognizer_enabled = false
12-05 13:12:32.956 D/ADSPD   ( 1411): Client cmd=0x0003, size=4
12-05 13:12:32.956 D/ADSPD   ( 1411): Trying to send to dsp while in dsp in RESET
12-05 13:12:32.956 W/mot_vr_audio_hw( 1418): Not allowing wake() since DSP is disabled
12-05 13:12:32.966 W/mot_vr_audio_hw( 1418): Not allowing wake() since DSP is disabled
12-05 13:12:32.986 D/ADSPD   ( 1411): Client cmd=0x4003, size=2
12-05 13:12:32.986 D/ADSPD   ( 1411): DSP no longer used, turned off here
12-05 13:12:32.986 D/mot_vr_audio_hw( 1418): Input 0xb76ce858 close complete
12-05 13:12:32.996 D/dalvikvm( 1899): GC_FOR_ALLOC freed 170K, 28% free 2291K/3180K, paused 26ms, total 26ms
12-05 13:12:35.859 W/bt-btif ( 2119): dm_pm_timer expires
12-05 13:12:35.859 W/bt-btif ( 2119): dm_pm_timer expires 0
12-05 13:12:35.859 W/bt-btif ( 2119): proc dm_pm_timer expires
12-05 13:13:00.543 I/ActivityManager( 1751): START u0 {act=android.intent.action.MAIN cat=[android.intent.category.HOME] flg=0x10000000 cmp=com.google.android.wearable.app/com.google.android.clockwork.home.HomeActivity (has extras)} from pid 1870 on display 0
12-05 13:13:00.563 W/HomeRowListAdapter( 1870): onRelease() called on an unknown row.
12-05 13:13:00.563 W/HomeRowListAdapter( 1870): onRelease() called on an unknown row.
12-05 13:13:00.563 D/mot_vr_audio_hw( 1418): dsp_recognizer_enabled = true
12-05 13:13:00.563 D/ADSPD   ( 1411): Client cmd=0x0003, size=4
12-05 13:13:00.563 D/ADSPD   ( 1411): Trying to send to dsp while in dsp in RESET
12-05 13:13:00.563 D/mot_vr_audio_hw( 1418): open_input_stream(): devices = 0x80000004, rate = 8000, channels = 0x10
12-05 13:13:00.563 D/mot_vr_audio_hw( 1418): Created resampler for 16000->8000 Hz
12-05 13:13:00.563 D/ADSPD   ( 1411): Client cmd=0x4003, size=2
12-05 13:13:00.583 D/mot_vr_audio_hw( 1418): in_read waiting for hotword
12-05 13:13:00.583 D/mot_vr_audio_hw( 1418): dsp_recognizer_enabled = false
12-05 13:13:00.583 D/ADSPD   ( 1411): Client cmd=0x0003, size=4
12-05 13:13:00.583 D/ADSPD   ( 1411): Trying to send to dsp while in dsp in RESET
12-05 13:13:00.583 W/mot_vr_audio_hw( 1418): Not allowing wake() since DSP is disabled
12-05 13:13:00.593 W/mot_vr_audio_hw( 1418): Not allowing wake() since DSP is disabled
12-05 13:13:00.613 D/ADSPD   ( 1411): Client cmd=0x4003, size=2
12-05 13:13:00.613 D/ADSPD   ( 1411): DSP no longer used, turned off here
12-05 13:13:00.613 D/mot_vr_audio_hw( 1418): Input 0xb76ce858 close complete
12-05 13:13:01.554 D/dalvikvm( 1870): GC_FOR_ALLOC freed 3800K, 25% free 23334K/31068K, paused 55ms, total 58ms
12-05 13:13:01.684 I/ActivityManager( 1751): START u0 {act=android.intent.action.MAIN cat=[android.intent.category.HOME] flg=0x10000000 cmp=com.google.android.wearable.app/com.google.android.clockwork.home.HomeActivity (has extras)} from pid 1870 on display 0
12-05 13:13:01.774 D/mot_vr_audio_hw( 1418): dsp_recognizer_enabled = true
12-05 13:13:01.774 D/ADSPD   ( 1411): Client cmd=0x0003, size=4
12-05 13:13:01.774 D/ADSPD   ( 1411): Trying to send to dsp while in dsp in RESET
12-05 13:13:01.774 D/mot_vr_audio_hw( 1418): open_input_stream(): devices = 0x80000004, rate = 8000, channels = 0x10
12-05 13:13:01.774 D/mot_vr_audio_hw( 1418): Created resampler for 16000->8000 Hz
12-05 13:13:01.774 D/ADSPD   ( 1411): Client cmd=0x4003, size=2
12-05 13:13:01.784 D/dalvikvm( 1899): GC_FOR_ALLOC freed 261K, 28% free 2296K/3180K, paused 59ms, total 60ms
12-05 13:13:01.804 D/mot_vr_audio_hw( 1418): in_read waiting for hotword
12-05 13:13:01.824 D/mot_vr_audio_hw( 1418): dsp_recognizer_enabled = false
12-05 13:13:01.824 D/ADSPD   ( 1411): Client cmd=0x0003, size=4
12-05 13:13:01.824 D/ADSPD   ( 1411): Trying to send to dsp while in dsp in RESET
12-05 13:13:01.824 W/mot_vr_audio_hw( 1418): Not allowing wake() since DSP is disabled
12-05 13:13:01.834 W/mot_vr_audio_hw( 1418): Not allowing wake() since DSP is disabled
12-05 13:13:01.864 D/ADSPD   ( 1411): Client cmd=0x4003, size=2
12-05 13:13:01.864 D/ADSPD   ( 1411): DSP no longer used, turned off here
12-05 13:13:01.864 D/mot_vr_audio_hw( 1418): Input 0xb76ce858 close complete
12-05 13:13:02.044 D/dalvikvm( 1899): GC_FOR_ALLOC freed 195K, 29% free 2277K/3180K, paused 27ms, total 27ms
12-05 13:13:02.214 D/dalvikvm( 1870): GC_FOR_ALLOC freed 1083K, 25% free 23331K/31064K, paused 41ms, total 48ms
12-05 13:13:02.355 D/dalvikvm( 1870): GC_CONCURRENT freed 25K, 19% free 25337K/31064K, paused 8ms+6ms, total 71ms
12-05 13:13:02.435 I/ActivityManager( 1751): START u0 {act=android.intent.action.MAIN cat=[android.intent.category.HOME] flg=0x10000000 cmp=com.google.android.wearable.app/com.google.android.clockwork.home.HomeActivity (has extras)} from pid 1870 on display 0
12-05 13:13:02.465 D/mot_vr_audio_hw( 1418): dsp_recognizer_enabled = true
12-05 13:13:02.465 D/ADSPD   ( 1411): Client cmd=0x0003, size=4
12-05 13:13:02.475 D/ADSPD   ( 1411): Trying to send to dsp while in dsp in RESET
12-05 13:13:02.475 D/mot_vr_audio_hw( 1418): open_input_stream(): devices = 0x80000004, rate = 8000, channels = 0x10
12-05 13:13:02.475 D/mot_vr_audio_hw( 1418): Created resampler for 16000->8000 Hz
12-05 13:13:02.475 D/ADSPD   ( 1411): Client cmd=0x4003, size=2
12-05 13:13:02.475 D/mot_vr_audio_hw( 1418): in_read waiting for hotword
12-05 13:13:02.495 D/mot_vr_audio_hw( 1418): dsp_recognizer_enabled = false
12-05 13:13:02.495 D/ADSPD   ( 1411): Client cmd=0x0003, size=4
12-05 13:13:02.505 D/ADSPD   ( 1411): Trying to send to dsp while in dsp in RESET
12-05 13:13:02.505 W/mot_vr_audio_hw( 1418): Not allowing wake() since DSP is disabled
12-05 13:13:02.515 W/mot_vr_audio_hw( 1418): Not allowing wake() since DSP is disabled
12-05 13:13:02.535 D/ADSPD   ( 1411): Client cmd=0x4003, size=2
12-05 13:13:02.535 D/ADSPD   ( 1411): DSP no longer used, turned off here
12-05 13:13:02.535 D/mot_vr_audio_hw( 1418): Input 0xb76ce858 close complete
12-05 13:13:02.625 D/dalvikvm( 1899): GC_FOR_ALLOC freed 184K, 28% free 2307K/3180K, paused 32ms, total 33ms
12-05 13:13:02.925 D/dalvikvm( 1899): GC_FOR_ALLOC freed 165K, 29% free 2276K/3180K, paused 17ms, total 17ms
12-05 13:13:05.027 W/bt-btif ( 2119): dm_pm_timer expires
12-05 13:13:05.027 W/bt-btif ( 2119): dm_pm_timer expires 0
12-05 13:13:05.027 W/bt-btif ( 2119): proc dm_pm_timer expires
12-05 13:13:26.544 I/ActivityManager( 1751): START u0 {act=android.intent.action.MAIN cat=[android.intent.category.HOME] flg=0x10000000 cmp=com.google.android.wearable.app/com.google.android.clockwork.home.HomeActivity (has extras)} from pid 1870 on display 0
12-05 13:13:26.564 W/HomeRowListAdapter( 1870): onRelease() called on an unknown row.
12-05 13:13:26.564 W/HomeRowListAdapter( 1870): onRelease() called on an unknown row.
12-05 13:13:26.564 D/mot_vr_audio_hw( 1418): dsp_recognizer_enabled = true
12-05 13:13:26.564 D/ADSPD   ( 1411): Client cmd=0x0003, size=4
12-05 13:13:26.564 D/ADSPD   ( 1411): Trying to send to dsp while in dsp in RESET
12-05 13:13:26.564 D/mot_vr_audio_hw( 1418): open_input_stream(): devices = 0x80000004, rate = 8000, channels = 0x10
12-05 13:13:26.564 D/mot_vr_audio_hw( 1418): Created resampler for 16000->8000 Hz
12-05 13:13:26.564 D/ADSPD   ( 1411): Client cmd=0x4003, size=2
12-05 13:13:26.584 D/mot_vr_audio_hw( 1418): in_read waiting for hotword
12-05 13:13:26.584 D/mot_vr_audio_hw( 1418): dsp_recognizer_enabled = false
12-05 13:13:26.584 D/ADSPD   ( 1411): Client cmd=0x0003, size=4
12-05 13:13:26.584 D/ADSPD   ( 1411): Trying to send to dsp while in dsp in RESET
12-05 13:13:26.584 W/mot_vr_audio_hw( 1418): Not allowing wake() since DSP is disabled
12-05 13:13:26.594 W/mot_vr_audio_hw( 1418): Not allowing wake() since DSP is disabled
12-05 13:13:26.614 D/ADSPD   ( 1411): Client cmd=0x4003, size=2
12-05 13:13:26.614 D/ADSPD   ( 1411): DSP no longer used, turned off here
12-05 13:13:26.614 D/mot_vr_audio_hw( 1418): Input 0xb76ce858 close complete
12-05 13:13:27.495 D/dalvikvm( 1870): GC_FOR_ALLOC freed 3798K, 25% free 23335K/31064K, paused 63ms, total 67ms
12-05 13:13:27.585 D/dalvikvm( 1899): GC_FOR_ALLOC freed 212K, 28% free 2302K/3180K, paused 18ms, total 18ms
12-05 13:13:27.635 I/ActivityManager( 1751): START u0 {act=android.intent.action.MAIN cat=[android.intent.category.HOME] flg=0x10000000 cmp=com.google.android.wearable.app/com.google.android.clockwork.home.HomeActivity (has extras)} from pid 1870 on display 0
12-05 13:13:27.685 D/mot_vr_audio_hw( 1418): dsp_recognizer_enabled = true
12-05 13:13:27.685 D/ADSPD   ( 1411): Client cmd=0x0003, size=4
12-05 13:13:27.685 D/ADSPD   ( 1411): Trying to send to dsp while in dsp in RESET
12-05 13:13:27.695 D/mot_vr_audio_hw( 1418): open_input_stream(): devices = 0x80000004, rate = 8000, channels = 0x10
12-05 13:13:27.695 D/mot_vr_audio_hw( 1418): Created resampler for 16000->8000 Hz
12-05 13:13:27.695 D/ADSPD   ( 1411): Client cmd=0x4003, size=2
12-05 13:13:27.705 D/mot_vr_audio_hw( 1418): in_read waiting for hotword
12-05 13:13:27.715 D/mot_vr_audio_hw( 1418): dsp_recognizer_enabled = false
12-05 13:13:27.715 D/ADSPD   ( 1411): Client cmd=0x0003, size=4
12-05 13:13:27.715 D/ADSPD   ( 1411): Trying to send to dsp while in dsp in RESET
12-05 13:13:27.715 W/mot_vr_audio_hw( 1418): Not allowing wake() since DSP is disabled
12-05 13:13:27.725 W/mot_vr_audio_hw( 1418): Not allowing wake() since DSP is disabled
12-05 13:13:27.756 D/ADSPD   ( 1411): Client cmd=0x4003, size=2
12-05 13:13:27.756 D/ADSPD   ( 1411): DSP no longer used, turned off here
12-05 13:13:27.756 D/mot_vr_audio_hw( 1418): Input 0xb76ce858 close complete
12-05 13:13:27.936 D/dalvikvm( 1899): GC_FOR_ALLOC freed 197K, 28% free 2294K/3180K, paused 23ms, total 23ms
12-05 13:13:28.196 D/dalvikvm( 1870): GC_FOR_ALLOC freed 1084K, 25% free 23331K/31064K, paused 38ms, total 38ms
12-05 13:13:28.346 D/dalvikvm( 1870): GC_CONCURRENT freed 24K, 19% free 25338K/31064K, paused 3ms+11ms, total 90ms
12-05 13:13:28.406 I/ActivityManager( 1751): START u0 {act=android.intent.action.MAIN cat=[android.intent.category.HOME] flg=0x10000000 cmp=com.google.android.wearable.app/com.google.android.clockwork.home.HomeActivity (has extras)} from pid 1870 on display 0
12-05 13:13:28.466 D/mot_vr_audio_hw( 1418): dsp_recognizer_enabled = true
12-05 13:13:28.466 D/ADSPD   ( 1411): Client cmd=0x0003, size=4
12-05 13:13:28.466 D/ADSPD   ( 1411): Trying to send to dsp while in dsp in RESET
12-05 13:13:28.466 D/mot_vr_audio_hw( 1418): open_input_stream(): devices = 0x80000004, rate = 8000, channels = 0x10
12-05 13:13:28.466 D/mot_vr_audio_hw( 1418): Created resampler for 16000->8000 Hz
12-05 13:13:28.466 D/ADSPD   ( 1411): Client cmd=0x4003, size=2
12-05 13:13:28.476 D/dalvikvm( 1899): GC_FOR_ALLOC freed 195K, 28% free 2294K/3180K, paused 29ms, total 40ms
12-05 13:13:28.476 D/mot_vr_audio_hw( 1418): in_read waiting for hotword
12-05 13:13:28.506 D/mot_vr_audio_hw( 1418): dsp_recognizer_enabled = false
12-05 13:13:28.506 D/ADSPD   ( 1411): Client cmd=0x0003, size=4
12-05 13:13:28.506 D/ADSPD   ( 1411): Trying to send to dsp while in dsp in RESET
12-05 13:13:28.506 W/mot_vr_audio_hw( 1418): Not allowing wake() since DSP is disabled
12-05 13:13:28.516 W/mot_vr_audio_hw( 1418): Not allowing wake() since DSP is disabled
12-05 13:13:28.556 D/ADSPD   ( 1411): Client cmd=0x4003, size=2
12-05 13:13:28.556 D/ADSPD   ( 1411): DSP no longer used, turned off here
12-05 13:13:28.556 D/mot_vr_audio_hw( 1418): Input 0xb76ce858 close complete
12-05 13:13:28.556 I/Fitness ( 1967): WearableSyncServiceReceiver.onReceive
12-05 13:13:28.586 I/ActivityManager( 1751): Delay finish: com.google.android.gms/.fitness.wearables.WearableSyncServiceReceiver
12-05 13:13:28.626 I/Fitness ( 1967): WearableSyncService syncing to 1 nodes.
12-05 13:13:28.706 I/Fitness ( 1967): syncing: 0
12-05 13:13:28.887 I/ActivityManager( 1751): Resuming delayed broadcast
12-05 13:13:28.967 D/dalvikvm( 1899): GC_FOR_ALLOC freed 200K, 29% free 2278K/3180K, paused 42ms, total 42ms
12-05 13:13:29.167 D/WearApiHelper( 2226): sendMessage: /SYNC_NEEDED
12-05 13:13:29.177 D/WearApiHelper( 2226): Not connected waiting connection
12-05 13:13:29.187 D/WearableClient( 2226): WearableClientImpl.onPostInitHandler: done
12-05 13:13:29.187 D/WearApiHelper( 2226): Finally connected! Sending message: /SYNC_NEEDED
12-05 13:13:29.197 D/WearApiHelper( 2226): Stack 0
12-05 13:13:29.577 D/dalvikvm( 2226): GC_FOR_ALLOC freed 320K, 26% free 2553K/3412K, paused 12ms, total 13ms
12-05 13:13:29.577 I/dalvikvm-heap( 2226): Grow heap (frag case) to 2.995MB for 323600-byte allocation
12-05 13:13:29.597 D/dalvikvm( 2226): GC_FOR_ALLOC freed 2K, 24% free 2866K/3732K, paused 14ms, total 14ms
12-05 13:13:29.697 D/dalvikvm( 1899): GC_FOR_ALLOC freed 228K, 28% free 2308K/3180K, paused 44ms, total 48ms
12-05 13:13:30.258 D/dalvikvm( 1899): GC_FOR_ALLOC freed 175K, 28% free 2296K/3180K, paused 38ms, total 60ms
12-05 13:13:30.528 I/ActivityManager( 1751): START u0 {act=android.intent.action.MAIN cat=[android.intent.category.HOME] flg=0x10000000 cmp=com.google.android.wearable.app/com.google.android.clockwork.home.HomeActivity (has extras)} from pid 1870 on display 0
12-05 13:13:30.588 W/HomeRowListAdapter( 1870): onRelease() called on an unknown row.
12-05 13:13:30.618 W/HomeRowListAdapter( 1870): onRelease() called on an unknown row.
12-05 13:13:30.618 D/mot_vr_audio_hw( 1418): dsp_recognizer_enabled = true
12-05 13:13:30.618 D/ADSPD   ( 1411): Client cmd=0x0003, size=4
12-05 13:13:30.618 D/ADSPD   ( 1411): Trying to send to dsp while in dsp in RESET
12-05 13:13:30.618 D/mot_vr_audio_hw( 1418): open_input_stream(): devices = 0x80000004, rate = 8000, channels = 0x10
12-05 13:13:30.618 D/mot_vr_audio_hw( 1418): Created resampler for 16000->8000 Hz
12-05 13:13:30.618 D/ADSPD   ( 1411): Client cmd=0x4003, size=2
12-05 13:13:30.638 D/mot_vr_audio_hw( 1418): in_read waiting for hotword
12-05 13:13:30.658 D/mot_vr_audio_hw( 1418): dsp_recognizer_enabled = false
12-05 13:13:30.658 D/ADSPD   ( 1411): Client cmd=0x0003, size=4
12-05 13:13:30.658 D/ADSPD   ( 1411): Trying to send to dsp while in dsp in RESET
12-05 13:13:30.658 W/mot_vr_audio_hw( 1418): Not allowing wake() since DSP is disabled
12-05 13:13:30.668 W/mot_vr_audio_hw( 1418): Not allowing wake() since DSP is disabled
12-05 13:13:30.698 D/ADSPD   ( 1411): Client cmd=0x4003, size=2
12-05 13:13:30.698 D/ADSPD   ( 1411): DSP no longer used, turned off here
12-05 13:13:30.698 D/mot_vr_audio_hw( 1418): Input 0xb76ce858 close complete
12-05 13:13:30.818 I/ActivityManager( 1751): START u0 {act=android.intent.action.MAIN cat=[android.intent.category.HOME] flg=0x10000000 cmp=com.google.android.wearable.app/com.google.android.clockwork.home.HomeActivity (has extras)} from pid 1870 on display 0
12-05 13:13:30.839 D/mot_vr_audio_hw( 1418): dsp_recognizer_enabled = true
12-05 13:13:30.839 D/ADSPD   ( 1411): Client cmd=0x0003, size=4
12-05 13:13:30.849 D/ADSPD   ( 1411): Trying to send to dsp while in dsp in RESET
12-05 13:13:30.849 D/mot_vr_audio_hw( 1418): open_input_stream(): devices = 0x80000004, rate = 8000, channels = 0x10
12-05 13:13:30.849 D/mot_vr_audio_hw( 1418): Created resampler for 16000->8000 Hz
12-05 13:13:30.849 D/ADSPD   ( 1411): Client cmd=0x4003, size=2
12-05 13:13:30.869 D/mot_vr_audio_hw( 1418): dsp_recognizer_enabled = false
12-05 13:13:30.869 D/ADSPD   ( 1411): Client cmd=0x0003, size=4
12-05 13:13:30.869 D/ADSPD   ( 1411): Trying to send to dsp while in dsp in RESET
12-05 13:13:30.879 W/mot_vr_audio_hw( 1418): Not allowing wake() since DSP is disabled
12-05 13:13:30.889 W/mot_vr_audio_hw( 1418): Not allowing wake() since DSP is disabled
12-05 13:13:30.909 D/ADSPD   ( 1411): Client cmd=0x4003, size=2
12-05 13:13:30.909 D/ADSPD   ( 1411): DSP no longer used, turned off here
12-05 13:13:30.909 D/mot_vr_audio_hw( 1418): Input 0xb76ce858 close complete
12-05 13:13:30.959 D/dalvikvm( 1899): GC_FOR_ALLOC freed 173K, 28% free 2310K/3180K, paused 83ms, total 83ms
12-05 13:13:31.319 D/dalvikvm( 1899): GC_FOR_ALLOC freed 140K, 28% free 2316K/3180K, paused 66ms, total 69ms
12-05 13:13:31.860 D/dalvikvm( 1899): GC_FOR_ALLOC freed 165K, 28% free 2307K/3180K, paused 46ms, total 87ms
12-05 13:13:32.130 D/dalvikvm( 1899): GC_FOR_ALLOC freed 149K, 28% free 2304K/3180K, paused 27ms, total 28ms
12-05 13:13:32.440 D/dalvikvm( 1899): GC_FOR_ALLOC freed 148K, 28% free 2316K/3180K, paused 21ms, total 25ms
12-05 13:13:32.720 D/dalvikvm( 1899): GC_FOR_ALLOC freed 148K, 28% free 2309K/3180K, paused 108ms, total 110ms
12-05 13:13:32.750 D/dalvikvm( 1870): GC_FOR_ALLOC freed 3115K, 23% free 24027K/31064K, paused 64ms, total 65ms
12-05 13:13:32.820 D/dalvikvm( 1899): GC_FOR_ALLOC freed 160K, 28% free 2307K/3180K, paused 17ms, total 18ms
12-05 13:13:32.881 I/ActivityManager( 1751): START u0 {act=android.intent.action.MAIN cat=[android.intent.category.HOME] flg=0x10000000 cmp=com.google.android.wearable.app/com.google.android.clockwork.home.HomeActivity (has extras)} from pid 1870 on display 0
12-05 13:13:33.001 D/mot_vr_audio_hw( 1418): dsp_recognizer_enabled = true
12-05 13:13:33.001 D/ADSPD   ( 1411): Client cmd=0x0003, size=4
12-05 13:13:33.001 D/ADSPD   ( 1411): Trying to send to dsp while in dsp in RESET
12-05 13:13:33.001 D/mot_vr_audio_hw( 1418): open_input_stream(): devices = 0x80000004, rate = 8000, channels = 0x10
12-05 13:13:33.001 D/mot_vr_audio_hw( 1418): Created resampler for 16000->8000 Hz
12-05 13:13:33.001 D/ADSPD   ( 1411): Client cmd=0x4003, size=2
12-05 13:13:33.021 D/mot_vr_audio_hw( 1418): in_read waiting for hotword
12-05 13:13:33.051 D/mot_vr_audio_hw( 1418): dsp_recognizer_enabled = false
12-05 13:13:33.051 D/ADSPD   ( 1411): Client cmd=0x0003, size=4
12-05 13:13:33.051 D/ADSPD   ( 1411): Trying to send to dsp while in dsp in RESET
12-05 13:13:33.051 W/mot_vr_audio_hw( 1418): Not allowing wake() since DSP is disabled
12-05 13:13:33.061 W/mot_vr_audio_hw( 1418): Not allowing wake() since DSP is disabled
12-05 13:13:33.071 W/mot_vr_audio_hw( 1418): Not allowing wake() since DSP is disabled
12-05 13:13:33.091 D/ADSPD   ( 1411): Client cmd=0x4003, size=2
12-05 13:13:33.091 D/ADSPD   ( 1411): DSP no longer used, turned off here
12-05 13:13:33.091 D/mot_vr_audio_hw( 1418): Input 0xb76ce858 close complete
12-05 13:13:33.471 D/dalvikvm( 1899): GC_FOR_ALLOC freed 160K, 27% free 2324K/3180K, paused 71ms, total 87ms
12-05 13:13:33.481 D/dalvikvm( 1870): GC_FOR_ALLOC freed 1093K, 23% free 24021K/31064K, paused 51ms, total 53ms
12-05 13:13:33.771 D/dalvikvm( 1899): GC_FOR_ALLOC freed 186K, 28% free 2291K/3180K, paused 22ms, total 23ms
12-05 13:13:34.182 D/dalvikvm( 1870): GC_CONCURRENT freed 27K, 17% free 26029K/31064K, paused 8ms+5ms, total 96ms
12-05 13:13:34.192 D/WearApiHelper( 2226): Disconnecting
12-05 13:13:34.222 I/ActivityManager( 1751): START u0 {act=android.intent.action.MAIN cat=[android.intent.category.HOME] flg=0x10000000 cmp=com.google.android.wearable.app/com.google.android.clockwork.home.HomeActivity (has extras)} from pid 1870 on display 0
12-05 13:13:34.262 D/mot_vr_audio_hw( 1418): dsp_recognizer_enabled = true
12-05 13:13:34.262 D/ADSPD   ( 1411): Client cmd=0x0003, size=4
12-05 13:13:34.262 D/ADSPD   ( 1411): Trying to send to dsp while in dsp in RESET
12-05 13:13:34.262 D/mot_vr_audio_hw( 1418): open_input_stream(): devices = 0x80000004, rate = 8000, channels = 0x10
12-05 13:13:34.262 D/mot_vr_audio_hw( 1418): Created resampler for 16000->8000 Hz
12-05 13:13:34.272 D/ADSPD   ( 1411): Client cmd=0x4003, size=2
12-05 13:13:34.272 D/mot_vr_audio_hw( 1418): in_read waiting for hotword
12-05 13:13:34.292 D/mot_vr_audio_hw( 1418): dsp_recognizer_enabled = false
12-05 13:13:34.292 D/ADSPD   ( 1411): Client cmd=0x0003, size=4
12-05 13:13:34.292 D/ADSPD   ( 1411): Trying to send to dsp while in dsp in RESET
12-05 13:13:34.292 W/mot_vr_audio_hw( 1418): Not allowing wake() since DSP is disabled
12-05 13:13:34.302 W/mot_vr_audio_hw( 1418): Not allowing wake() since DSP is disabled
12-05 13:13:34.322 D/ADSPD   ( 1411): Client cmd=0x4003, size=2
12-05 13:13:34.322 D/ADSPD   ( 1411): DSP no longer used, turned off here
12-05 13:13:34.322 D/mot_vr_audio_hw( 1418): Input 0xb76ce858 close complete
12-05 13:13:34.362 D/dalvikvm( 1899): GC_FOR_ALLOC freed 205K, 29% free 2282K/3180K, paused 32ms, total 34ms
12-05 13:13:36.394 W/bt-btif ( 2119): dm_pm_timer expires
12-05 13:13:36.394 W/bt-btif ( 2119): dm_pm_timer expires 0
12-05 13:13:36.394 W/bt-btif ( 2119): proc dm_pm_timer expires
12-05 13:13:58.696 D/SensorHALGestureSensor( 1751): Gesture event received! time = 1417806838698600806
12-05 13:13:58.696 I/PowerManagerService( 1751): Waking up from sleep...
12-05 13:13:58.696 W/KeyguardServiceDelegate( 1751): onScreenTurnedOn(): no keyguard service!
12-05 13:13:58.716 D/mot_vr_audio_hw( 1418): dsp_recognizer_enabled = true
12-05 13:13:58.716 D/ADSPD   ( 1411): Client cmd=0x0003, size=4
12-05 13:13:58.716 D/ADSPD   ( 1411): Trying to send to dsp while in dsp in RESET
12-05 13:13:58.716 D/mot_vr_audio_hw( 1418): open_input_stream(): devices = 0x80000004, rate = 8000, channels = 0x10
12-05 13:13:58.716 D/mot_vr_audio_hw( 1418): Created resampler for 16000->8000 Hz
12-05 13:13:58.716 D/ADSPD   ( 1411): Client cmd=0x4003, size=2
12-05 13:13:58.836 D/PowerManagerService-JNI( 1751): Excessive delay in autosuspend_disable() while turning screen on: 135ms
12-05 13:13:58.836 D/MinnowPowerHAL( 1751): power_set_interactive: 1
12-05 13:13:58.836 D/MinnowPowerHAL( 1751): sysfs_write: /sys/devices/platform/omapdss/display0/interactivemode 1
12-05 13:13:58.876 D/MinnowPowerHAL( 1751): sysfs_write: /sys/devices/ocp.2/i2c.6/i2c-0/0-004a/interactivemode 1
12-05 13:13:58.876 D/MinnowPowerHAL( 1751): sysfs_write: /sys/class/leds/lcd-backlight/interactive 1
12-05 13:13:58.876 D/mot_vr_audio_hw( 1751): dsp_set_pm_state = on
12-05 13:13:58.876 D/ADSPD   ( 1411): Client cmd=0x4002, size=2
12-05 13:13:58.876 D/ADSPD   ( 1411): DSP_CMD_DAEMON_SET_PM_STATE : 1
12-05 13:13:58.876 D/PowerManagerService-JNI( 1751): Excessive delay in setInteractive(true) while turning screen on: 34ms
12-05 13:13:58.876 D/mot_vr_audio_hw( 1418): in_read waiting for hotword
12-05 13:13:58.926 D/dalvikvm( 1751): GC_EXPLICIT freed 425K, 30% free 4870K/6916K, paused 3ms+5ms, total 50ms
12-05 13:13:58.936 V/WearActivity( 2051): Resume!
12-05 13:13:58.946 W/InputMethodManagerService( 1751): Ignoring setImeWindowStatus of uid 1000 token: null
12-05 13:13:58.976 I/TimeWrapper( 2051): FPS: 0.0011942822, samples: 1
12-05 13:13:58.976 I/TimeWrapper( 2051): Min/Avg/Max frame render speed (ms): 43.45703 / 43.45703 / 43.45703
12-05 13:13:58.976 I/TimeWrapper( 2051): Waketime: 0.005189996%
12-05 13:13:59.046 D/SurfaceFlinger( 1416): Screen acquired, type=0 flinger=0xb7fe9448
12-05 13:13:59.046 D/hwcomposer( 1416): hwc_blank(0: 0)
12-05 13:13:59.046 I/DisplayManagerService( 1751): Display device changed: DisplayDeviceInfo{"Built-in Screen": 320 x 290, 45.000004 fps, density 213, 203.2 x 204.61111 dpi, touch INTERNAL, rotation 0, type BUILT_IN, state ON, FLAG_DEFAULT_DISPLAY, FLAG_ROTATES_WITH_CONTENT, FLAG_SECURE, FLAG_SUPPORTS_PROTECTED_BUFFERS}
12-05 13:13:59.056 V/ActivityManager( 1751): Display changed displayId=0
12-05 13:13:59.066 V/WearActivity( 2051): display changed: 0, new state: 2
12-05 13:13:59.066 V/WearActivity( 2051): onDisplayChanged: on!
12-05 13:13:59.066 V/WearActivity( 2051): killing alarms
12-05 13:13:59.066 V/WearActivity( 2051): startHelper: putting it all back together again
12-05 13:13:59.066 V/WearActivity( 2051): initAlarm: setting up
12-05 13:13:59.076 I/ClockFace( 2051): Ambient mode: false
12-05 13:13:59.116 V/MyViewAnim( 2051): resumeMaxHertz
12-05 13:13:59.116 V/ClockFace( 2051): clearing caches
12-05 13:13:59.116 V/MyViewAnim( 2051): starting new animator
12-05 13:13:59.116 V/MyViewAnim( 2051): Time listener is up!
12-05 13:13:59.116 V/MyViewAnim( 2051): starting new draw thread
12-05 13:13:59.146 V/ClockFace( 2051): rendering new face, faceMode(0)
12-05 13:13:59.166 V/ClockFace( 2051): fetching new battery status (34397)
12-05 13:13:59.166 V/ClockFace( 2051): battery at 0.75
12-05 13:13:59.176 E/ADSPD   ( 1411): Timeout on select()
12-05 13:13:59.176 E/ADSPD   ( 1411): NO ACK received after loading firmware
12-05 13:13:59.176 E/ADSPD   ( 1411): Unknown ACK received 0x00
12-05 13:13:59.176 D/ADSPD   ( 1411): Enabling VR when bringing up DSP
12-05 13:13:59.256 D/SensorHAL( 1751): adjustSensorHandle: handle = 9 adjustedHandle = 1
12-05 13:13:59.256 D/SensorHAL( 1751): adjustSensorHandle: handle = 9 adjustedHandle = 1
12-05 13:13:59.276 D/SensorHAL( 1751): adjustSensorHandle: handle = 9 adjustedHandle = 1
12-05 13:13:59.296 D/LightsService( 1751): Excessive delay setting light: 59ms
12-05 13:14:01.138 W/HomeRowListAdapter( 1870): onRelease() called on an unknown row.
12-05 13:14:01.138 W/HomeRowListAdapter( 1870): onRelease() called on an unknown row.
12-05 13:14:02.569 D/dalvikvm( 1870): GC_FOR_ALLOC freed 3810K, 26% free 23000K/30752K, paused 167ms, total 172ms
12-05 13:14:02.649 E/bt-btif ( 2119): send none, EAGAIN or EWOULDBLOCK, errno:11
12-05 13:14:02.900 D/dalvikvm( 1899): GC_FOR_ALLOC freed 221K, 28% free 2304K/3180K, paused 65ms, total 67ms
12-05 13:14:03.100 E/bt-btif ( 2119): send none, EAGAIN or EWOULDBLOCK, errno:11
12-05 13:14:03.220 D/dalvikvm( 1870): GC_CONCURRENT freed 32K, 19% free 24998K/30752K, paused 12ms+13ms, total 155ms
12-05 13:14:03.730 D/dalvikvm( 1899): GC_FOR_ALLOC freed 202K, 28% free 2293K/3180K, paused 147ms, total 148ms
12-05 13:14:03.730 E/bt-btif ( 2119): send none, EAGAIN or EWOULDBLOCK, errno:11
12-05 13:14:03.961 I/PowerManagerService( 1751): Going to sleep due to screen timeout...
12-05 13:14:03.961 I/PowerManagerService( 1751): Dozing...
12-05 13:14:03.971 I/DreamController( 1751): Starting dream: name=ComponentInfo{com.google.android.wearable.app/com.google.android.clockwork.home.AmbientMode}, isTest=false, canDoze=true, userId=0
12-05 13:14:04.051 D/LightsService( 1751): Excessive delay setting light: 62ms
12-05 13:14:04.141 I/ActivityManager( 1751): START u0 {act=android.intent.action.MAIN cat=[android.intent.category.HOME] flg=0x10000000 cmp=com.google.android.wearable.app/com.google.android.clockwork.home.HomeActivity (has extras)} from pid 1870 on display 0
12-05 13:14:04.151 I/DreamController( 1751): Stopping dream: name=ComponentInfo{com.google.android.wearable.app/com.google.android.clockwork.home.AmbientMode}, isTest=false, canDoze=true, userId=0
12-05 13:14:04.151 I/PowerManagerService( 1751): Sleeping...
12-05 13:14:04.181 D/dalvikvm( 1899): GC_FOR_ALLOC freed 178K, 29% free 2276K/3180K, paused 14ms, total 64ms
12-05 13:14:04.221 I/AmbientMode( 1870): Ambient mode started: canDoze=true, dozeHardware=null
12-05 13:14:04.221 D/mot_vr_audio_hw( 1418): dsp_recognizer_enabled = false
12-05 13:14:04.221 D/ADSPD   ( 1411): Client cmd=0x0003, size=4
12-05 13:14:04.221 D/mot_vr_audio_hw( 1418): Switching DSP to standby/passthrough mode
12-05 13:14:04.221 D/mot_vr_audio_hw( 1418): Input 0xb76ce858 ready to read
12-05 13:14:04.241 D/ADSPD   ( 1411): Received from DSP: cmd=0x8003, size=2
12-05 13:14:04.241 D/ADSPD   ( 1411): Client cmd=0x0003, size=4
12-05 13:14:04.241 D/mot_vr_audio_hw( 1418): received recognition control callback, status 0
12-05 13:14:04.251 D/ADSPD   ( 1411): Received from DSP: cmd=0x8003, size=2
12-05 13:14:04.251 D/mot_vr_audio_hw( 1418): received recognition control callback, status 0
12-05 13:14:04.281 W/mot_vr_audio_hw( 1418): Discarded 10 buffers without finding audio data
12-05 13:14:04.291 D/ADSPD   ( 1411): Client cmd=0x0003, size=4
12-05 13:14:04.291 D/mot_vr_audio_hw( 1418): Re-arming DSP
12-05 13:14:04.291 D/mot_vr_audio_hw( 1418): Input 0xb76ce858 standby complete
12-05 13:14:04.291 D/mot_vr_audio_hw( 1418): Input 0xb76ce858 close complete
12-05 13:14:04.301 D/ADSPD   ( 1411): Received from DSP: cmd=0x8003, size=2
12-05 13:14:04.301 D/ADSPD   ( 1411): Client cmd=0x4003, size=2
12-05 13:14:04.301 D/mot_vr_audio_hw( 1418): received recognition control callback, status 0
12-05 13:14:04.321 D/mot_vr_audio_hw( 1418): dsp_recognizer_enabled = true
12-05 13:14:04.321 D/ADSPD   ( 1411): Client cmd=0x0003, size=4
12-05 13:14:04.321 D/mot_vr_audio_hw( 1418): open_input_stream(): devices = 0x80000004, rate = 8000, channels = 0x10
12-05 13:14:04.321 D/mot_vr_audio_hw( 1418): Created resampler for 16000->8000 Hz
12-05 13:14:04.331 D/ADSPD   ( 1411): Received from DSP: cmd=0x8003, size=2
12-05 13:14:04.331 D/ADSPD   ( 1411): Client cmd=0x4003, size=2
12-05 13:14:04.331 D/mot_vr_audio_hw( 1418): received recognition control callback, status 0
12-05 13:14:04.341 I/AmbientMode( 1870): Dream ended: isDozing=true
12-05 13:14:04.351 D/mot_vr_audio_hw( 1418): in_read waiting for hotword
12-05 13:14:04.581 D/dalvikvm( 1870): GC_FOR_ALLOC freed 2090K, 22% free 24017K/30752K, paused 108ms, total 109ms
12-05 13:14:04.872 D/LightsService( 1751): Excessive delay setting light: 160ms
12-05 13:14:04.872 D/SurfaceFlinger( 1416): Screen released, type=0 flinger=0xb7fe9448
12-05 13:14:04.992 D/hwcomposer( 1416): hwc_blank(0: 1)
12-05 13:14:04.992 D/SurfaceControl( 1751): Excessive delay in blankDisplay() while turning screen off: 123ms
12-05 13:14:05.002 I/DisplayManagerService( 1751): Display device changed: DisplayDeviceInfo{"Built-in Screen": 320 x 290, 45.000004 fps, density 213, 203.2 x 204.61111 dpi, touch INTERNAL, rotation 0, type BUILT_IN, state OFF, FLAG_DEFAULT_DISPLAY, FLAG_ROTATES_WITH_CONTENT, FLAG_SECURE, FLAG_SUPPORTS_PROTECTED_BUFFERS}
12-05 13:14:05.012 V/ActivityManager( 1751): Display changed displayId=0
12-05 13:14:05.042 V/WearActivity( 2051): display changed: 0, new state: 1
12-05 13:14:05.042 I/TimeWrapper( 2051): FPS: 29.46051, samples: 175
12-05 13:14:05.042 I/TimeWrapper( 2051): Min/Avg/Max frame render speed (ms): 5.401611 / 12.923409 / 71.68579
12-05 13:14:05.042 I/TimeWrapper( 2051): Waketime: 38.073025%
12-05 13:14:05.042 V/MyViewAnim( 2051): redrawSlow: resume -> 1
12-05 13:14:05.042 V/MyViewAnim( 2051): redrawSlow: view:update -> 2
12-05 13:14:05.042 V/MyViewAnim( 2051): redrawSlow: startHelper -> 1
12-05 13:14:05.042 V/WearActivity( 2051): onDisplayChanged: off!
12-05 13:14:05.042 V/WearActivity( 2051): stopHelper: shutting things down
12-05 13:14:05.042 V/WearActivity( 2051): killing alarms
12-05 13:14:05.052 V/MyViewAnim( 2051): stopping animation!
12-05 13:14:05.052 V/MyViewAnim( 2051): killDrawThread
12-05 13:14:05.052 I/ClockFace( 2051): Ambient mode: false
12-05 13:14:05.052 V/MyViewAnim/PanelThread( 2051): looper finished!
12-05 13:14:05.052 V/MyViewAnim/PanelThread( 2051): draw thread termination
12-05 13:14:05.092 D/MinnowPowerHAL( 1751): power_set_interactive: 0
12-05 13:14:05.092 D/MinnowPowerHAL( 1751): sysfs_write: /sys/devices/platform/omapdss/display0/interactivemode 0
12-05 13:14:05.092 D/MinnowPowerHAL( 1751): sysfs_write: /sys/devices/ocp.2/i2c.6/i2c-0/0-004a/interactivemode 0
12-05 13:14:05.102 D/MinnowPowerHAL( 1751): sysfs_write: /sys/class/leds/lcd-backlight/interactive 0
12-05 13:14:05.102 D/mot_vr_audio_hw( 1751): dsp_set_pm_state = off
12-05 13:14:05.102 D/ADSPD   ( 1411): Client cmd=0x4002, size=2
12-05 13:14:05.102 D/ADSPD   ( 1411): DSP_CMD_DAEMON_SET_PM_STATE : 0
12-05 13:14:05.102 D/ADSPD   ( 1411): DSP not turned off as still being used
12-05 13:14:05.102 V/WearActivity( 2051): Pause!
12-05 13:14:05.112 V/WearActivity( 2051): Stop!
12-05 13:14:05.112 D/mot_vr_audio_hw( 1418): dsp_recognizer_enabled = false
12-05 13:14:05.112 D/ADSPD   ( 1411): Client cmd=0x0003, size=4
12-05 13:14:05.112 D/ADSPD   ( 1411): Trying to send to dsp while in dsp in RESET
12-05 13:14:05.112 W/mot_vr_audio_hw( 1418): Not allowing wake() since DSP is disabled
12-05 13:14:05.112 W/InputMethodManagerService( 1751): Ignoring setImeWindowStatus of uid 1000 token: null
12-05 13:14:05.122 W/mot_vr_audio_hw( 1418): Not allowing wake() since DSP is disabled
12-05 13:14:05.142 D/ADSPD   ( 1411): Client cmd=0x4003, size=2
12-05 13:14:05.142 D/ADSPD   ( 1411): DSP no longer used, turned off here
12-05 13:14:05.142 D/mot_vr_audio_hw( 1418): Input 0xb76ce858 close complete
12-05 13:14:07.204 W/bt-btif ( 2119): dm_pm_timer expires
12-05 13:14:07.204 W/bt-btif ( 2119): dm_pm_timer expires 0
12-05 13:14:07.204 W/bt-btif ( 2119): proc dm_pm_timer expires
12-05 13:14:09.929 W/bt-btif ( 2119): dm_pm_timer expires
12-05 13:14:09.929 W/bt-btif ( 2119): dm_pm_timer expires 0
12-05 13:14:09.929 W/bt-btif ( 2119): proc dm_pm_timer expires
12-05 13:15:24.079 I/ActivityManager( 1751): START u0 {act=android.intent.action.MAIN cat=[android.intent.category.HOME] flg=0x10000000 cmp=com.google.android.wearable.app/com.google.android.clockwork.home.HomeActivity (has extras)} from pid 1870 on display 0
12-05 13:15:24.099 E/ClockworkHome( 1870): Tried to exit ambient mode, but enterAmbientMode() was never called.
12-05 13:15:24.099 W/HomeRowListAdapter( 1870): onRelease() called on an unknown row.
12-05 13:15:24.099 W/HomeRowListAdapter( 1870): onRelease() called on an unknown row.
12-05 13:15:24.099 D/mot_vr_audio_hw( 1418): dsp_recognizer_enabled = true
12-05 13:15:24.099 D/ADSPD   ( 1411): Client cmd=0x0003, size=4
12-05 13:15:24.099 D/ADSPD   ( 1411): Trying to send to dsp while in dsp in RESET
12-05 13:15:24.099 D/mot_vr_audio_hw( 1418): open_input_stream(): devices = 0x80000004, rate = 8000, channels = 0x10
12-05 13:15:24.099 D/mot_vr_audio_hw( 1418): Created resampler for 16000->8000 Hz
12-05 13:15:24.099 D/ADSPD   ( 1411): Client cmd=0x4003, size=2
12-05 13:15:24.109 D/mot_vr_audio_hw( 1418): in_read waiting for hotword
12-05 13:15:24.119 D/mot_vr_audio_hw( 1418): dsp_recognizer_enabled = false
12-05 13:15:24.119 D/ADSPD   ( 1411): Client cmd=0x0003, size=4
12-05 13:15:24.119 D/ADSPD   ( 1411): Trying to send to dsp while in dsp in RESET
12-05 13:15:24.119 W/mot_vr_audio_hw( 1418): Not allowing wake() since DSP is disabled
12-05 13:15:24.129 W/mot_vr_audio_hw( 1418): Not allowing wake() since DSP is disabled
12-05 13:15:24.149 D/ADSPD   ( 1411): Client cmd=0x4003, size=2
12-05 13:15:24.149 D/ADSPD   ( 1411): DSP no longer used, turned off here
12-05 13:15:24.149 D/mot_vr_audio_hw( 1418): Input 0xb76ce858 close complete
12-05 13:15:25.180 D/dalvikvm( 1899): GC_FOR_ALLOC freed 230K, 28% free 2291K/3180K, paused 45ms, total 46ms
12-05 13:15:25.230 D/dalvikvm( 1870): GC_FOR_ALLOC freed 2806K, 26% free 23003K/30752K, paused 94ms, total 98ms
12-05 13:15:25.500 D/dalvikvm( 1870): GC_CONCURRENT freed 28K, 19% free 25004K/30752K, paused 7ms+15ms, total 138ms
12-05 13:15:25.530 I/ActivityManager( 1751): START u0 {act=android.intent.action.MAIN cat=[android.intent.category.HOME] flg=0x10000000 cmp=com.google.android.wearable.app/com.google.android.clockwork.home.HomeActivity (has extras)} from pid 1870 on display 0
12-05 13:15:25.560 D/dalvikvm( 1899): GC_FOR_ALLOC freed 189K, 29% free 2280K/3180K, paused 61ms, total 61ms
12-05 13:15:25.600 D/mot_vr_audio_hw( 1418): dsp_recognizer_enabled = true
12-05 13:15:25.600 D/ADSPD   ( 1411): Client cmd=0x0003, size=4
12-05 13:15:25.600 D/ADSPD   ( 1411): Trying to send to dsp while in dsp in RESET
12-05 13:15:25.600 D/mot_vr_audio_hw( 1418): open_input_stream(): devices = 0x80000004, rate = 8000, channels = 0x10
12-05 13:15:25.600 D/mot_vr_audio_hw( 1418): Created resampler for 16000->8000 Hz
12-05 13:15:25.600 D/ADSPD   ( 1411): Client cmd=0x4003, size=2
12-05 13:15:25.620 D/mot_vr_audio_hw( 1418): in_read waiting for hotword
12-05 13:15:25.620 D/mot_vr_audio_hw( 1418): dsp_recognizer_enabled = false
12-05 13:15:25.620 D/ADSPD   ( 1411): Client cmd=0x0003, size=4
12-05 13:15:25.620 D/ADSPD   ( 1411): Trying to send to dsp while in dsp in RESET
12-05 13:15:25.620 W/mot_vr_audio_hw( 1418): Not allowing wake() since DSP is disabled
12-05 13:15:25.630 W/mot_vr_audio_hw( 1418): Not allowing wake() since DSP is disabled
12-05 13:15:25.660 D/ADSPD   ( 1411): Client cmd=0x4003, size=2
12-05 13:15:25.660 D/ADSPD   ( 1411): DSP no longer used, turned off here
12-05 13:15:25.660 D/mot_vr_audio_hw( 1418): Input 0xb76ce858 close complete
12-05 13:15:25.960 D/dalvikvm( 1899): GC_FOR_ALLOC freed 229K, 29% free 2286K/3180K, paused 50ms, total 52ms
12-05 13:15:26.000 D/dalvikvm( 1870): GC_FOR_ALLOC freed 1074K, 19% free 25015K/30752K, paused 91ms, total 92ms
12-05 13:15:26.141 I/ActivityManager( 1751): START u0 {act=android.intent.action.MAIN cat=[android.intent.category.HOME] flg=0x10000000 cmp=com.google.android.wearable.app/com.google.android.clockwork.home.HomeActivity (has extras)} from pid 1870 on display 0
12-05 13:15:26.181 D/mot_vr_audio_hw( 1418): dsp_recognizer_enabled = true
12-05 13:15:26.181 D/ADSPD   ( 1411): Client cmd=0x0003, size=4
12-05 13:15:26.191 D/ADSPD   ( 1411): Trying to send to dsp while in dsp in RESET
12-05 13:15:26.191 D/mot_vr_audio_hw( 1418): open_input_stream(): devices = 0x80000004, rate = 8000, channels = 0x10
12-05 13:15:26.191 D/mot_vr_audio_hw( 1418): Created resampler for 16000->8000 Hz
12-05 13:15:26.191 D/ADSPD   ( 1411): Client cmd=0x4003, size=2
12-05 13:15:26.201 D/mot_vr_audio_hw( 1418): in_read waiting for hotword
12-05 13:15:26.251 D/dalvikvm( 1899): GC_FOR_ALLOC freed 162K, 28% free 2303K/3180K, paused 35ms, total 36ms
12-05 13:15:26.271 D/mot_vr_audio_hw( 1418): dsp_recognizer_enabled = false
12-05 13:15:26.271 D/ADSPD   ( 1411): Client cmd=0x0003, size=4
12-05 13:15:26.271 D/ADSPD   ( 1411): Trying to send to dsp while in dsp in RESET
12-05 13:15:26.271 W/mot_vr_audio_hw( 1418): Not allowing wake() since DSP is disabled
12-05 13:15:26.281 W/mot_vr_audio_hw( 1418): Not allowing wake() since DSP is disabled
12-05 13:15:26.311 D/ADSPD   ( 1411): Client cmd=0x4003, size=2
12-05 13:15:26.311 D/ADSPD   ( 1411): DSP no longer used, turned off here
12-05 13:15:26.311 D/mot_vr_audio_hw( 1418): Input 0xb76ce858 close complete
12-05 13:15:29.194 W/bt-btif ( 2119): dm_pm_timer expires
12-05 13:15:29.194 W/bt-btif ( 2119): dm_pm_timer expires 0
12-05 13:15:29.194 W/bt-btif ( 2119): proc dm_pm_timer expires
12-05 13:18:03.526 I/ActivityManager( 1751): START u0 {act=android.intent.action.MAIN cat=[android.intent.category.HOME] flg=0x10000000 cmp=com.google.android.wearable.app/com.google.android.clockwork.home.HomeActivity (has extras)} from pid 1870 on display 0
12-05 13:18:03.546 W/HomeRowListAdapter( 1870): onRelease() called on an unknown row.
12-05 13:18:03.546 W/HomeRowListAdapter( 1870): onRelease() called on an unknown row.
12-05 13:18:03.546 D/mot_vr_audio_hw( 1418): dsp_recognizer_enabled = true
12-05 13:18:03.546 D/ADSPD   ( 1411): Client cmd=0x0003, size=4
12-05 13:18:03.546 D/ADSPD   ( 1411): Trying to send to dsp while in dsp in RESET
12-05 13:18:03.546 D/mot_vr_audio_hw( 1418): open_input_stream(): devices = 0x80000004, rate = 8000, channels = 0x10
12-05 13:18:03.546 D/mot_vr_audio_hw( 1418): Created resampler for 16000->8000 Hz
12-05 13:18:03.546 D/ADSPD   ( 1411): Client cmd=0x4003, size=2
12-05 13:18:03.566 D/mot_vr_audio_hw( 1418): in_read waiting for hotword
12-05 13:18:03.566 D/mot_vr_audio_hw( 1418): dsp_recognizer_enabled = false
12-05 13:18:03.566 D/ADSPD   ( 1411): Client cmd=0x0003, size=4
12-05 13:18:03.566 D/ADSPD   ( 1411): Trying to send to dsp while in dsp in RESET
12-05 13:18:03.566 W/mot_vr_audio_hw( 1418): Not allowing wake() since DSP is disabled
12-05 13:18:03.576 W/mot_vr_audio_hw( 1418): Not allowing wake() since DSP is disabled
12-05 13:18:03.596 D/ADSPD   ( 1411): Client cmd=0x4003, size=2
12-05 13:18:03.596 D/ADSPD   ( 1411): DSP no longer used, turned off here
12-05 13:18:03.596 D/mot_vr_audio_hw( 1418): Input 0xb76ce858 close complete
12-05 13:18:04.807 D/dalvikvm( 1899): GC_FOR_ALLOC freed 210K, 28% free 2290K/3180K, paused 34ms, total 38ms
12-05 13:18:04.847 D/dalvikvm( 1870): GC_FOR_ALLOC freed 3815K, 26% free 23004K/30752K, paused 81ms, total 84ms
12-05 13:18:05.067 D/dalvikvm( 1870): GC_CONCURRENT freed 29K, 19% free 25005K/30752K, paused 10ms+15ms, total 139ms
12-05 13:18:05.097 I/ActivityManager( 1751): START u0 {act=android.intent.action.MAIN cat=[android.intent.category.HOME] flg=0x10000000 cmp=com.google.android.wearable.app/com.google.android.clockwork.home.HomeActivity (has extras)} from pid 1870 on display 0
12-05 13:18:05.158 D/mot_vr_audio_hw( 1418): dsp_recognizer_enabled = true
12-05 13:18:05.158 D/ADSPD   ( 1411): Client cmd=0x0003, size=4
12-05 13:18:05.158 D/ADSPD   ( 1411): Trying to send to dsp while in dsp in RESET
12-05 13:18:05.158 D/mot_vr_audio_hw( 1418): open_input_stream(): devices = 0x80000004, rate = 8000, channels = 0x10
12-05 13:18:05.168 D/mot_vr_audio_hw( 1418): Created resampler for 16000->8000 Hz
12-05 13:18:05.168 D/ADSPD   ( 1411): Client cmd=0x4003, size=2
12-05 13:18:05.188 D/mot_vr_audio_hw( 1418): in_read waiting for hotword
12-05 13:18:05.198 D/mot_vr_audio_hw( 1418): dsp_recognizer_enabled = false
12-05 13:18:05.208 D/ADSPD   ( 1411): Client cmd=0x0003, size=4
12-05 13:18:05.208 D/ADSPD   ( 1411): Trying to send to dsp while in dsp in RESET
12-05 13:18:05.208 W/mot_vr_audio_hw( 1418): Not allowing wake() since DSP is disabled
12-05 13:18:05.218 E/bt-btif ( 2119): send none, EAGAIN or EWOULDBLOCK, errno:11
12-05 13:18:05.218 W/mot_vr_audio_hw( 1418): Not allowing wake() since DSP is disabled
12-05 13:18:05.248 D/ADSPD   ( 1411): Client cmd=0x4003, size=2
12-05 13:18:05.248 D/ADSPD   ( 1411): DSP no longer used, turned off here
12-05 13:18:05.248 D/mot_vr_audio_hw( 1418): Input 0xb76ce858 close complete
12-05 13:18:05.318 D/dalvikvm( 1899): GC_FOR_ALLOC freed 228K, 29% free 2285K/3180K, paused 13ms, total 14ms
12-05 13:18:05.568 D/dalvikvm( 1899): GC_FOR_ALLOC freed 199K, 28% free 2291K/3180K, paused 18ms, total 21ms
12-05 13:18:05.728 D/dalvikvm( 1870): GC_FOR_ALLOC freed 1074K, 19% free 25016K/30752K, paused 62ms, total 63ms
12-05 13:18:05.798 D/dalvikvm( 1899): GC_FOR_ALLOC freed 155K, 28% free 2290K/3180K, paused 11ms, total 11ms
12-05 13:18:05.868 I/ActivityManager( 1751): START u0 {act=android.intent.action.MAIN cat=[android.intent.category.HOME] flg=0x10000000 cmp=com.google.android.wearable.app/com.google.android.clockwork.home.HomeActivity (has extras)} from pid 1870 on display 0
12-05 13:18:05.918 D/mot_vr_audio_hw( 1418): dsp_recognizer_enabled = true
12-05 13:18:05.918 D/ADSPD   ( 1411): Client cmd=0x0003, size=4
12-05 13:18:05.918 D/ADSPD   ( 1411): Trying to send to dsp while in dsp in RESET
12-05 13:18:05.928 D/mot_vr_audio_hw( 1418): open_input_stream(): devices = 0x80000004, rate = 8000, channels = 0x10
12-05 13:18:05.928 D/mot_vr_audio_hw( 1418): Created resampler for 16000->8000 Hz
12-05 13:18:05.928 D/ADSPD   ( 1411): Client cmd=0x4003, size=2
12-05 13:18:05.938 D/mot_vr_audio_hw( 1418): in_read waiting for hotword
12-05 13:18:05.978 D/mot_vr_audio_hw( 1418): dsp_recognizer_enabled = false
12-05 13:18:05.978 D/ADSPD   ( 1411): Client cmd=0x0003, size=4
12-05 13:18:05.978 D/ADSPD   ( 1411): Trying to send to dsp while in dsp in RESET
12-05 13:18:05.978 W/mot_vr_audio_hw( 1418): Not allowing wake() since DSP is disabled
12-05 13:18:05.988 W/mot_vr_audio_hw( 1418): Not allowing wake() since DSP is disabled
12-05 13:18:06.008 D/ADSPD   ( 1411): Client cmd=0x4003, size=2
12-05 13:18:06.008 D/ADSPD   ( 1411): DSP no longer used, turned off here
12-05 13:18:06.018 D/mot_vr_audio_hw( 1418): Input 0xb76ce858 close complete
12-05 13:18:07.330 I/ActivityManager( 1751): START u0 {act=android.intent.action.MAIN cat=[android.intent.category.HOME] flg=0x10000000 cmp=com.google.android.wearable.app/com.google.android.clockwork.home.HomeActivity (has extras)} from pid 1870 on display 0
12-05 13:18:07.350 W/HomeRowListAdapter( 1870): onRelease() called on an unknown row.
12-05 13:18:07.350 W/HomeRowListAdapter( 1870): onRelease() called on an unknown row.
12-05 13:18:07.350 D/mot_vr_audio_hw( 1418): dsp_recognizer_enabled = true
12-05 13:18:07.350 D/ADSPD   ( 1411): Client cmd=0x0003, size=4
12-05 13:18:07.350 D/ADSPD   ( 1411): Trying to send to dsp while in dsp in RESET
12-05 13:18:07.350 D/mot_vr_audio_hw( 1418): open_input_stream(): devices = 0x80000004, rate = 8000, channels = 0x10
12-05 13:18:07.360 D/mot_vr_audio_hw( 1418): Created resampler for 16000->8000 Hz
12-05 13:18:07.360 D/ADSPD   ( 1411): Client cmd=0x4003, size=2
12-05 13:18:07.360 D/mot_vr_audio_hw( 1418): in_read waiting for hotword
12-05 13:18:07.370 D/mot_vr_audio_hw( 1418): dsp_recognizer_enabled = false
12-05 13:18:07.370 D/ADSPD   ( 1411): Client cmd=0x0003, size=4
12-05 13:18:07.370 D/ADSPD   ( 1411): Trying to send to dsp while in dsp in RESET
12-05 13:18:07.370 W/mot_vr_audio_hw( 1418): Not allowing wake() since DSP is disabled
12-05 13:18:07.390 W/mot_vr_audio_hw( 1418): Not allowing wake() since DSP is disabled
12-05 13:18:07.400 D/ADSPD   ( 1411): Client cmd=0x4003, size=2
12-05 13:18:07.400 D/ADSPD   ( 1411): DSP no longer used, turned off here
12-05 13:18:07.400 D/mot_vr_audio_hw( 1418): Input 0xb76ce858 close complete
12-05 13:18:07.440 D/dalvikvm( 1899): GC_FOR_ALLOC freed 219K, 29% free 2284K/3180K, paused 31ms, total 31ms
12-05 13:18:08.331 D/dalvikvm( 1870): GC_FOR_ALLOC freed 3804K, 26% free 23004K/30752K, paused 64ms, total 68ms
12-05 13:18:08.551 D/dalvikvm( 1870): GC_CONCURRENT freed 29K, 19% free 25005K/30752K, paused 14ms+12ms, total 141ms
12-05 13:18:08.581 I/ActivityManager( 1751): START u0 {act=android.intent.action.MAIN cat=[android.intent.category.HOME] flg=0x10000000 cmp=com.google.android.wearable.app/com.google.android.clockwork.home.HomeActivity (has extras)} from pid 1870 on display 0
12-05 13:18:08.671 D/mot_vr_audio_hw( 1418): dsp_recognizer_enabled = true
12-05 13:18:08.671 D/ADSPD   ( 1411): Client cmd=0x0003, size=4
12-05 13:18:08.671 D/ADSPD   ( 1411): Trying to send to dsp while in dsp in RESET
12-05 13:18:08.671 D/mot_vr_audio_hw( 1418): open_input_stream(): devices = 0x80000004, rate = 8000, channels = 0x10
12-05 13:18:08.671 D/mot_vr_audio_hw( 1418): Created resampler for 16000->8000 Hz
12-05 13:18:08.671 D/ADSPD   ( 1411): Client cmd=0x4003, size=2
12-05 13:18:08.691 D/mot_vr_audio_hw( 1418): in_read waiting for hotword
12-05 13:18:08.691 D/dalvikvm( 1899): GC_FOR_ALLOC freed 185K, 28% free 2295K/3180K, paused 70ms, total 71ms
12-05 13:18:08.711 D/mot_vr_audio_hw( 1418): dsp_recognizer_enabled = false
12-05 13:18:08.711 D/ADSPD   ( 1411): Client cmd=0x0003, size=4
12-05 13:18:08.711 D/ADSPD   ( 1411): Trying to send to dsp while in dsp in RESET
12-05 13:18:08.721 W/mot_vr_audio_hw( 1418): Not allowing wake() since DSP is disabled
12-05 13:18:08.731 W/mot_vr_audio_hw( 1418): Not allowing wake() since DSP is disabled
12-05 13:18:08.751 D/ADSPD   ( 1411): Client cmd=0x4003, size=2
12-05 13:18:08.751 D/ADSPD   ( 1411): DSP no longer used, turned off here
12-05 13:18:08.751 D/mot_vr_audio_hw( 1418): Input 0xb76ce858 close complete
12-05 13:18:09.041 D/dalvikvm( 1870): GC_FOR_ALLOC freed 1071K, 19% free 25018K/30752K, paused 32ms, total 33ms
12-05 13:18:09.171 I/ActivityManager( 1751): START u0 {act=android.intent.action.MAIN cat=[android.intent.category.HOME] flg=0x10000000 cmp=com.google.android.wearable.app/com.google.android.clockwork.home.HomeActivity (has extras)} from pid 1870 on display 0
12-05 13:18:09.191 D/mot_vr_audio_hw( 1418): dsp_recognizer_enabled = true
12-05 13:18:09.191 D/ADSPD   ( 1411): Client cmd=0x0003, size=4
12-05 13:18:09.191 D/ADSPD   ( 1411): Trying to send to dsp while in dsp in RESET
12-05 13:18:09.201 D/mot_vr_audio_hw( 1418): open_input_stream(): devices = 0x80000004, rate = 8000, channels = 0x10
12-05 13:18:09.201 D/mot_vr_audio_hw( 1418): Created resampler for 16000->8000 Hz
12-05 13:18:09.201 D/ADSPD   ( 1411): Client cmd=0x4003, size=2
12-05 13:18:09.201 D/mot_vr_audio_hw( 1418): in_read waiting for hotword
12-05 13:18:09.222 D/mot_vr_audio_hw( 1418): dsp_recognizer_enabled = false
12-05 13:18:09.222 D/ADSPD   ( 1411): Client cmd=0x0003, size=4
12-05 13:18:09.222 D/ADSPD   ( 1411): Trying to send to dsp while in dsp in RESET
12-05 13:18:09.222 W/mot_vr_audio_hw( 1418): Not allowing wake() since DSP is disabled
12-05 13:18:09.232 W/mot_vr_audio_hw( 1418): Not allowing wake() since DSP is disabled
12-05 13:18:09.252 D/ADSPD   ( 1411): Client cmd=0x4003, size=2
12-05 13:18:09.252 D/ADSPD   ( 1411): DSP no longer used, turned off here
12-05 13:18:09.252 D/mot_vr_audio_hw( 1418): Input 0xb76ce858 close complete
12-05 13:18:09.292 D/dalvikvm( 1899): GC_FOR_ALLOC freed 226K, 29% free 2284K/3180K, paused 32ms, total 38ms
12-05 13:18:11.314 W/bt-btif ( 2119): dm_pm_timer expires
12-05 13:18:11.314 W/bt-btif ( 2119): dm_pm_timer expires 0
12-05 13:18:11.314 W/bt-btif ( 2119): proc dm_pm_timer expires
12-05 13:18:14.430 W/bt-btif ( 2119): dm_pm_timer expires
12-05 13:18:14.430 W/bt-btif ( 2119): dm_pm_timer expires 0
12-05 13:18:14.430 W/bt-btif ( 2119): proc dm_pm_timer expires
12-05 13:19:15.056 I/FitnessWearable( 2237): Refreshing Platform Data
12-05 13:19:15.066 I/Fitness ( 1967): Account supported from cache: true
12-05 13:19:15.066 I/Fitness ( 1967): schedule to sync accounts: [dwallach@gmail.com]
12-05 13:19:15.106 I/FitnessWearable( 2237): Completed query in 32 milliseconds
12-05 13:19:16.938 W/bt-btif ( 2119): dm_pm_timer expires
12-05 13:19:16.938 W/bt-btif ( 2119): dm_pm_timer expires 0
12-05 13:19:16.938 W/bt-btif ( 2119): proc dm_pm_timer expires
12-05 13:19:30.000 I/Fitness ( 1967): WearableSyncServiceReceiver.onReceive
12-05 13:19:30.040 I/Fitness ( 1967): WearableSyncService syncing to 1 nodes.
12-05 13:19:30.120 I/Fitness ( 1967): syncing: 0
12-05 13:20:55.075 I/ActivityManager( 1751): START u0 {act=android.intent.action.MAIN cat=[android.intent.category.HOME] flg=0x10000000 cmp=com.google.android.wearable.app/com.google.android.clockwork.home.HomeActivity (has extras)} from pid 1870 on display 0
