12-05 13:28:57.642 V/ActivityManager( 1751): Display changed displayId=0
12-05 13:28:57.652 V/WearActivity( 2051): display changed: 0, new state: 2
12-05 13:28:57.652 V/WearActivity( 2051): onDisplayChanged: on!
12-05 13:28:57.652 V/WearActivity( 2051): killing alarms
12-05 13:28:57.652 V/WearActivity( 2051): startHelper: putting it all back together again
12-05 13:28:57.652 V/WearActivity( 2051): initAlarm: setting up
12-05 13:28:57.672 I/ClockFace( 2051): Ambient mode: false
12-05 13:28:57.712 D/SensorHAL( 1751): adjustSensorHandle: handle = 9 adjustedHandle = 1
12-05 13:28:57.712 D/SensorHAL( 1751): adjustSensorHandle: handle = 9 adjustedHandle = 1
12-05 13:28:57.722 D/SensorHAL( 1751): adjustSensorHandle: handle = 9 adjustedHandle = 1
12-05 13:28:57.732 V/MyViewAnim( 2051): resumeMaxHertz
12-05 13:28:57.732 V/ClockFace( 2051): clearing caches
12-05 13:28:57.732 V/MyViewAnim( 2051): starting new animator
12-05 13:28:57.732 V/MyViewAnim( 2051): Time listener is up!
12-05 13:28:57.732 V/MyViewAnim( 2051): starting new draw thread
12-05 13:28:57.762 D/LightsService( 1751): Excessive delay setting light: 67ms
12-05 13:28:57.782 V/ClockFace( 2051): rendering new face, faceMode(0)
12-05 13:28:57.792 V/ClockFace( 2051): fetching new battery status (34798)
12-05 13:28:57.792 V/ClockFace( 2051): battery at 0.74
12-05 13:28:59.764 D/dalvikvm( 2051): GC_CONCURRENT freed 483K, 22% free 2587K/3316K, paused 2ms+19ms, total 59ms
12-05 13:29:00.415 W/bt-btif ( 2119): dm_pm_timer expires
12-05 13:29:00.415 W/bt-btif ( 2119): dm_pm_timer expires 0
12-05 13:29:00.415 W/bt-btif ( 2119): proc dm_pm_timer expires
12-05 13:29:02.517 I/PowerManagerService( 1751): Going to sleep due to screen timeout...
12-05 13:29:02.517 I/PowerManagerService( 1751): Dozing...
12-05 13:29:02.527 I/DreamController( 1751): Starting dream: name=ComponentInfo{com.google.android.wearable.app/com.google.android.clockwork.home.AmbientMode}, isTest=false, canDoze=true, userId=0
12-05 13:29:02.587 I/ActivityManager( 1751): START u0 {act=android.intent.action.MAIN cat=[android.intent.category.HOME] flg=0x10000000 cmp=com.google.android.wearable.app/com.google.android.clockwork.home.HomeActivity (has extras)} from pid 1870 on display 0
12-05 13:29:02.597 I/DreamController( 1751): Stopping dream: name=ComponentInfo{com.google.android.wearable.app/com.google.android.clockwork.home.AmbientMode}, isTest=false, canDoze=true, userId=0
12-05 13:29:02.597 I/PowerManagerService( 1751): Sleeping...
12-05 13:29:02.677 I/AmbientMode( 1870): Ambient mode started: canDoze=true, dozeHardware=null
12-05 13:29:02.677 D/mot_vr_audio_hw( 1418): dsp_recognizer_enabled = false
12-05 13:29:02.677 D/ADSPD   ( 1411): Client cmd=0x0003, size=4
12-05 13:29:02.677 D/mot_vr_audio_hw( 1418): Switching DSP to standby/passthrough mode
12-05 13:29:02.677 D/mot_vr_audio_hw( 1418): Input 0xb76ce858 ready to read
12-05 13:29:02.687 D/ADSPD   ( 1411): Received from DSP: cmd=0x8003, size=2
12-05 13:29:02.687 D/ADSPD   ( 1411): Client cmd=0x0003, size=4
12-05 13:29:02.687 D/mot_vr_audio_hw( 1418): received recognition control callback, status 0
12-05 13:29:02.707 D/ADSPD   ( 1411): Received from DSP: cmd=0x8003, size=2
12-05 13:29:02.707 D/mot_vr_audio_hw( 1418): received recognition control callback, status 0
12-05 13:29:02.727 W/mot_vr_audio_hw( 1418): Discarded 10 buffers without finding audio data
12-05 13:29:02.737 D/ADSPD   ( 1411): Client cmd=0x0003, size=4
12-05 13:29:02.737 D/mot_vr_audio_hw( 1418): Re-arming DSP
12-05 13:29:02.737 D/mot_vr_audio_hw( 1418): Input 0xb76ce858 standby complete
12-05 13:29:02.747 D/mot_vr_audio_hw( 1418): Input 0xb76ce858 close complete
12-05 13:29:02.757 D/ADSPD   ( 1411): Received from DSP: cmd=0x8003, size=2
12-05 13:29:02.757 D/ADSPD   ( 1411): Client cmd=0x4003, size=2
12-05 13:29:02.757 D/mot_vr_audio_hw( 1418): received recognition control callback, status 0
12-05 13:29:02.767 D/mot_vr_audio_hw( 1418): dsp_recognizer_enabled = true
12-05 13:29:02.767 D/ADSPD   ( 1411): Client cmd=0x0003, size=4
12-05 13:29:02.767 D/mot_vr_audio_hw( 1418): open_input_stream(): devices = 0x80000004, rate = 8000, channels = 0x10
12-05 13:29:02.767 D/mot_vr_audio_hw( 1418): Created resampler for 16000->8000 Hz
12-05 13:29:02.777 D/ADSPD   ( 1411): Received from DSP: cmd=0x8003, size=2
12-05 13:29:02.777 D/ADSPD   ( 1411): Client cmd=0x4003, size=2
12-05 13:29:02.777 D/mot_vr_audio_hw( 1418): received recognition control callback, status 0
12-05 13:29:02.787 I/AmbientMode( 1870): Dream ended: isDozing=true
12-05 13:29:02.807 D/mot_vr_audio_hw( 1418): in_read waiting for hotword
12-05 13:29:03.278 D/LightsService( 1751): Excessive delay setting light: 145ms
12-05 13:29:03.278 D/SurfaceFlinger( 1416): Screen released, type=0 flinger=0xb7fe9448
12-05 13:29:03.438 D/hwcomposer( 1416): hwc_blank(0: 1)
12-05 13:29:03.438 D/SurfaceControl( 1751): Excessive delay in blankDisplay() while turning screen off: 157ms
12-05 13:29:03.458 I/DisplayManagerService( 1751): Display device changed: DisplayDeviceInfo{"Built-in Screen": 320 x 290, 45.000004 fps, density 213, 203.2 x 204.61111 dpi, touch INTERNAL, rotation 0, type BUILT_IN, state OFF, FLAG_DEFAULT_DISPLAY, FLAG_ROTATES_WITH_CONTENT, FLAG_SECURE, FLAG_SUPPORTS_PROTECTED_BUFFERS}
12-05 13:29:03.478 V/WearActivity( 2051): display changed: 0, new state: 1
12-05 13:29:03.478 I/TimeWrapper( 2051): FPS: 37.816906, samples: 218
12-05 13:29:03.478 I/TimeWrapper( 2051): Min/Avg/Max frame render speed (ms): 5.371094 / 7.661871 / 51.51367
12-05 13:29:03.478 I/TimeWrapper( 2051): Waketime: 28.97483%
12-05 13:29:03.478 V/MyViewAnim( 2051): redrawSlow: resume -> 1
12-05 13:29:03.478 V/MyViewAnim( 2051): redrawSlow: startHelper -> 1
12-05 13:29:03.478 V/WearActivity( 2051): onDisplayChanged: off!
12-05 13:29:03.478 V/WearActivity( 2051): stopHelper: shutting things down
12-05 13:29:03.478 V/ActivityManager( 1751): Display changed displayId=0
12-05 13:29:03.498 D/MinnowPowerHAL( 1751): power_set_interactive: 0
12-05 13:29:03.498 D/MinnowPowerHAL( 1751): sysfs_write: /sys/devices/platform/omapdss/display0/interactivemode 0
12-05 13:29:03.498 D/MinnowPowerHAL( 1751): sysfs_write: /sys/devices/ocp.2/i2c.6/i2c-0/0-004a/interactivemode 0
12-05 13:29:03.498 D/MinnowPowerHAL( 1751): sysfs_write: /sys/class/leds/lcd-backlight/interactive 0
12-05 13:29:03.498 D/mot_vr_audio_hw( 1751): dsp_set_pm_state = off
12-05 13:29:03.498 D/ADSPD   ( 1411): Client cmd=0x4002, size=2
12-05 13:29:03.498 D/ADSPD   ( 1411): DSP_CMD_DAEMON_SET_PM_STATE : 0
12-05 13:29:03.498 D/ADSPD   ( 1411): DSP not turned off as still being used
12-05 13:29:03.518 W/InputMethodManagerService( 1751): Ignoring setImeWindowStatus of uid 1000 token: null
12-05 13:29:03.528 D/mot_vr_audio_hw( 1418): dsp_recognizer_enabled = false
12-05 13:29:03.528 D/ADSPD   ( 1411): Client cmd=0x0003, size=4
12-05 13:29:03.528 D/ADSPD   ( 1411): Trying to send to dsp while in dsp in RESET
12-05 13:29:03.528 W/mot_vr_audio_hw( 1418): Not allowing wake() since DSP is disabled
12-05 13:29:03.538 V/WearActivity( 2051): killing alarms
12-05 13:29:03.538 V/MyViewAnim( 2051): stopping animation!
12-05 13:29:03.538 V/MyViewAnim( 2051): killDrawThread
12-05 13:29:03.538 I/ClockFace( 2051): Ambient mode: false
12-05 13:29:03.538 V/WearActivity( 2051): Pause!
12-05 13:29:03.538 W/mot_vr_audio_hw( 1418): Not allowing wake() since DSP is disabled
12-05 13:29:03.548 V/WearActivity( 2051): Stop!
12-05 13:29:03.548 V/MyViewAnim/PanelThread( 2051): looper finished!
12-05 13:29:03.548 V/MyViewAnim/PanelThread( 2051): draw thread termination
12-05 13:29:03.558 D/ADSPD   ( 1411): Client cmd=0x4003, size=2
12-05 13:29:03.558 D/ADSPD   ( 1411): DSP no longer used, turned off here
12-05 13:29:03.558 D/mot_vr_audio_hw( 1418): Input 0xb76ce858 close complete
12-05 13:29:05.920 W/bt-btif ( 2119): dm_pm_timer expires
12-05 13:29:05.920 W/bt-btif ( 2119): dm_pm_timer expires 0
12-05 13:29:05.920 W/bt-btif ( 2119): proc dm_pm_timer expires
12-05 13:29:08.931 W/bt-btif ( 2119): dm_pm_timer expires
12-05 13:29:08.931 W/bt-btif ( 2119): dm_pm_timer expires 0
12-05 13:29:08.931 W/bt-btif ( 2119): proc dm_pm_timer expires
12-05 13:29:45.038 I/ActivityManager( 1751): START u0 {act=android.intent.action.MAIN cat=[android.intent.category.HOME] flg=0x10000000 cmp=com.google.android.wearable.app/com.google.android.clockwork.home.HomeActivity (has extras)} from pid 1870 on display 0
12-05 13:29:45.058 E/ClockworkHome( 1870): Tried to exit ambient mode, but enterAmbientMode() was never called.
12-05 13:29:45.058 W/HomeRowListAdapter( 1870): onRelease() called on an unknown row.
12-05 13:29:45.068 W/HomeRowListAdapter( 1870): onRelease() called on an unknown row.
12-05 13:29:45.068 D/mot_vr_audio_hw( 1418): dsp_recognizer_enabled = true
12-05 13:29:45.068 D/ADSPD   ( 1411): Client cmd=0x0003, size=4
12-05 13:29:45.068 D/ADSPD   ( 1411): Trying to send to dsp while in dsp in RESET
12-05 13:29:45.068 D/mot_vr_audio_hw( 1418): open_input_stream(): devices = 0x80000004, rate = 8000, channels = 0x10
12-05 13:29:45.068 D/mot_vr_audio_hw( 1418): Created resampler for 16000->8000 Hz
12-05 13:29:45.068 D/ADSPD   ( 1411): Client cmd=0x4003, size=2
12-05 13:29:45.078 D/mot_vr_audio_hw( 1418): in_read waiting for hotword
12-05 13:29:45.088 D/mot_vr_audio_hw( 1418): dsp_recognizer_enabled = false
12-05 13:29:45.088 D/ADSPD   ( 1411): Client cmd=0x0003, size=4
12-05 13:29:45.088 D/ADSPD   ( 1411): Trying to send to dsp while in dsp in RESET
12-05 13:29:45.088 W/mot_vr_audio_hw( 1418): Not allowing wake() since DSP is disabled
12-05 13:29:45.098 W/mot_vr_audio_hw( 1418): Not allowing wake() since DSP is disabled
12-05 13:29:45.118 D/ADSPD   ( 1411): Client cmd=0x4003, size=2
12-05 13:29:45.118 D/ADSPD   ( 1411): DSP no longer used, turned off here
12-05 13:29:45.118 D/mot_vr_audio_hw( 1418): Input 0xb76ce858 close complete
12-05 13:29:45.378 I/FitnessWearable( 2237): Refreshing Platform Data
12-05 13:29:45.388 I/Fitness ( 1967): Account supported from cache: true
12-05 13:29:45.408 I/Fitness ( 1967): schedule to sync accounts: [dwallach@gmail.com]
12-05 13:29:45.438 D/dalvikvm( 1967): GC_CONCURRENT freed 402K, 23% free 2644K/3400K, paused 2ms+3ms, total 40ms
12-05 13:29:45.458 I/FitnessWearable( 2237): Completed query in 48 milliseconds
12-05 13:29:45.778 D/dalvikvm( 2237): GC_CONCURRENT freed 377K, 22% free 2287K/2932K, paused 2ms+2ms, total 18ms
12-05 13:29:46.439 D/dalvikvm( 1870): GC_FOR_ALLOC freed 3836K, 26% free 23027K/30752K, paused 55ms, total 59ms
12-05 13:29:46.599 D/dalvikvm( 1870): GC_CONCURRENT freed 40K, 19% free 25016K/30752K, paused 6ms+9ms, total 90ms
12-05 13:29:46.659 I/ActivityManager( 1751): START u0 {act=android.intent.action.MAIN cat=[android.intent.category.HOME] flg=0x10000000 cmp=com.google.android.wearable.app/com.google.android.clockwork.home.HomeActivity (has extras)} from pid 1870 on display 0
12-05 13:29:46.719 D/mot_vr_audio_hw( 1418): dsp_recognizer_enabled = true
12-05 13:29:46.729 D/ADSPD   ( 1411): Client cmd=0x0003, size=4
12-05 13:29:46.729 D/ADSPD   ( 1411): Trying to send to dsp while in dsp in RESET
12-05 13:29:46.729 D/mot_vr_audio_hw( 1418): open_input_stream(): devices = 0x80000004, rate = 8000, channels = 0x10
12-05 13:29:46.729 D/mot_vr_audio_hw( 1418): Created resampler for 16000->8000 Hz
12-05 13:29:46.729 D/ADSPD   ( 1411): Client cmd=0x4003, size=2
12-05 13:29:46.759 D/mot_vr_audio_hw( 1418): in_read waiting for hotword
12-05 13:29:46.759 D/dalvikvm( 1899): GC_FOR_ALLOC freed 259K, 28% free 2306K/3180K, paused 42ms, total 79ms
12-05 13:29:46.789 D/mot_vr_audio_hw( 1418): dsp_recognizer_enabled = false
12-05 13:29:46.789 D/ADSPD   ( 1411): Client cmd=0x0003, size=4
12-05 13:29:46.789 D/ADSPD   ( 1411): Trying to send to dsp while in dsp in RESET
12-05 13:29:46.789 W/mot_vr_audio_hw( 1418): Not allowing wake() since DSP is disabled
12-05 13:29:46.799 W/mot_vr_audio_hw( 1418): Not allowing wake() since DSP is disabled
12-05 13:29:46.889 D/dalvikvm( 1751): GC_EXPLICIT freed 526K, 30% free 4860K/6916K, paused 5ms+9ms, total 74ms
12-05 13:29:46.899 D/ADSPD   ( 1411): Client cmd=0x4003, size=2
12-05 13:29:46.899 D/ADSPD   ( 1411): DSP no longer used, turned off here
12-05 13:29:46.899 D/mot_vr_audio_hw( 1418): Input 0xb76ce858 close complete
12-05 13:29:47.110 D/dalvikvm( 1899): GC_FOR_ALLOC freed 200K, 28% free 2295K/3180K, paused 18ms, total 18ms
12-05 13:29:47.480 D/dalvikvm( 1870): GC_FOR_ALLOC freed 1072K, 19% free 25029K/30752K, paused 50ms, total 53ms
12-05 13:29:47.620 I/ActivityManager( 1751): START u0 {act=android.intent.action.MAIN cat=[android.intent.category.HOME] flg=0x10000000 cmp=com.google.android.wearable.app/com.google.android.clockwork.home.HomeActivity (has extras)} from pid 1870 on display 0
12-05 13:29:47.670 D/mot_vr_audio_hw( 1418): dsp_recognizer_enabled = true
12-05 13:29:47.670 D/ADSPD   ( 1411): Client cmd=0x0003, size=4
12-05 13:29:47.670 D/ADSPD   ( 1411): Trying to send to dsp while in dsp in RESET
12-05 13:29:47.670 D/mot_vr_audio_hw( 1418): open_input_stream(): devices = 0x80000004, rate = 8000, channels = 0x10
12-05 13:29:47.670 D/mot_vr_audio_hw( 1418): Created resampler for 16000->8000 Hz
12-05 13:29:47.670 D/ADSPD   ( 1411): Client cmd=0x4003, size=2
12-05 13:29:47.680 D/mot_vr_audio_hw( 1418): in_read waiting for hotword
12-05 13:29:47.680 D/dalvikvm( 1899): GC_FOR_ALLOC freed 195K, 28% free 2294K/3180K, paused 59ms, total 60ms
12-05 13:29:47.710 D/mot_vr_audio_hw( 1418): dsp_recognizer_enabled = false
12-05 13:29:47.710 D/ADSPD   ( 1411): Client cmd=0x0003, size=4
12-05 13:29:47.710 D/ADSPD   ( 1411): Trying to send to dsp while in dsp in RESET
12-05 13:29:47.720 W/mot_vr_audio_hw( 1418): Not allowing wake() since DSP is disabled
12-05 13:29:47.730 W/mot_vr_audio_hw( 1418): Not allowing wake() since DSP is disabled
12-05 13:29:47.750 D/ADSPD   ( 1411): Client cmd=0x4003, size=2
12-05 13:29:47.750 D/ADSPD   ( 1411): DSP no longer used, turned off here
12-05 13:29:47.750 D/mot_vr_audio_hw( 1418): Input 0xb76ce858 close complete
12-05 13:29:48.131 D/dalvikvm( 1899): GC_FOR_ALLOC freed 183K, 29% free 2278K/3180K, paused 14ms, total 15ms
12-05 13:29:50.243 W/bt-btif ( 2119): dm_pm_timer expires
12-05 13:29:50.243 W/bt-btif ( 2119): dm_pm_timer expires 0
12-05 13:29:50.243 W/bt-btif ( 2119): proc dm_pm_timer expires
12-05 13:29:52.014 I/Fitness ( 1967): WearableSyncServiceReceiver.onReceive
12-05 13:29:52.054 I/Fitness ( 1967): FlushServiceReceiver.onReceive
12-05 13:29:52.104 I/Fitness ( 1967): WearableSyncService syncing to 1 nodes.
12-05 13:29:52.345 I/Fitness ( 1967): syncing: 0
12-05 13:29:52.425 I/Fitness ( 1967): syncing 3 points
12-05 13:29:54.477 W/bt-btif ( 2119): dm_pm_timer expires
12-05 13:29:54.477 W/bt-btif ( 2119): dm_pm_timer expires 0
12-05 13:29:54.477 W/bt-btif ( 2119): proc dm_pm_timer expires
12-05 13:30:09.068 I/FitnessWearable( 2237): Refreshing Platform Data
12-05 13:30:09.078 I/Fitness ( 1967): Account supported from cache: true
12-05 13:30:09.078 I/Fitness ( 1967): schedule to sync accounts: [dwallach@gmail.com]
12-05 13:30:09.118 I/FitnessWearable( 2237): Completed query in 31 milliseconds
12-05 13:30:10.319 I/ActivityManager( 1751): START u0 {act=android.intent.action.MAIN cat=[android.intent.category.HOME] flg=0x10000000 cmp=com.google.android.wearable.app/com.google.android.clockwork.home.HomeActivity (has extras)} from pid 1870 on display 0
12-05 13:30:10.329 W/HomeRowListAdapter( 1870): onRelease() called on an unknown row.
12-05 13:30:10.329 W/HomeRowListAdapter( 1870): onRelease() called on an unknown row.
12-05 13:30:10.329 D/mot_vr_audio_hw( 1418): dsp_recognizer_enabled = true
12-05 13:30:10.339 D/ADSPD   ( 1411): Client cmd=0x0003, size=4
12-05 13:30:10.339 D/ADSPD   ( 1411): Trying to send to dsp while in dsp in RESET
12-05 13:30:10.339 D/mot_vr_audio_hw( 1418): open_input_stream(): devices = 0x80000004, rate = 8000, channels = 0x10
12-05 13:30:10.339 D/mot_vr_audio_hw( 1418): Created resampler for 16000->8000 Hz
12-05 13:30:10.339 D/ADSPD   ( 1411): Client cmd=0x4003, size=2
12-05 13:30:10.349 D/mot_vr_audio_hw( 1418): in_read waiting for hotword
12-05 13:30:10.359 D/mot_vr_audio_hw( 1418): dsp_recognizer_enabled = false
12-05 13:30:10.359 D/ADSPD   ( 1411): Client cmd=0x0003, size=4
12-05 13:30:10.359 D/ADSPD   ( 1411): Trying to send to dsp while in dsp in RESET
12-05 13:30:10.359 W/mot_vr_audio_hw( 1418): Not allowing wake() since DSP is disabled
12-05 13:30:10.369 W/mot_vr_audio_hw( 1418): Not allowing wake() since DSP is disabled
12-05 13:30:10.389 D/ADSPD   ( 1411): Client cmd=0x4003, size=2
12-05 13:30:10.389 D/ADSPD   ( 1411): DSP no longer used, turned off here
12-05 13:30:10.389 D/mot_vr_audio_hw( 1418): Input 0xb76ce858 close complete
12-05 13:30:11.781 D/dalvikvm( 1870): GC_FOR_ALLOC freed 3815K, 26% free 23007K/30752K, paused 43ms, total 43ms
12-05 13:30:11.891 D/dalvikvm( 1870): GC_CONCURRENT freed 28K, 19% free 25011K/30752K, paused 3ms+8ms, total 68ms
12-05 13:30:11.971 I/ActivityManager( 1751): START u0 {act=android.intent.action.MAIN cat=[android.intent.category.HOME] flg=0x10000000 cmp=com.google.android.wearable.app/com.google.android.clockwork.home.HomeActivity (has extras)} from pid 1870 on display 0
12-05 13:30:12.011 D/mot_vr_audio_hw( 1418): dsp_recognizer_enabled = true
12-05 13:30:12.011 D/ADSPD   ( 1411): Client cmd=0x0003, size=4
12-05 13:30:12.011 D/ADSPD   ( 1411): Trying to send to dsp while in dsp in RESET
12-05 13:30:12.011 D/mot_vr_audio_hw( 1418): open_input_stream(): devices = 0x80000004, rate = 8000, channels = 0x10
12-05 13:30:12.011 D/mot_vr_audio_hw( 1418): Created resampler for 16000->8000 Hz
12-05 13:30:12.011 D/ADSPD   ( 1411): Client cmd=0x4003, size=2
12-05 13:30:12.031 D/mot_vr_audio_hw( 1418): in_read waiting for hotword
12-05 13:30:12.031 D/mot_vr_audio_hw( 1418): dsp_recognizer_enabled = false
12-05 13:30:12.031 D/ADSPD   ( 1411): Client cmd=0x0003, size=4
12-05 13:30:12.031 D/ADSPD   ( 1411): Trying to send to dsp while in dsp in RESET
12-05 13:30:12.031 W/mot_vr_audio_hw( 1418): Not allowing wake() since DSP is disabled
12-05 13:30:12.041 W/mot_vr_audio_hw( 1418): Not allowing wake() since DSP is disabled
12-05 13:30:12.061 D/ADSPD   ( 1411): Client cmd=0x4003, size=2
12-05 13:30:12.061 D/ADSPD   ( 1411): DSP no longer used, turned off here
12-05 13:30:12.061 D/mot_vr_audio_hw( 1418): Input 0xb76ce858 close complete
12-05 13:30:12.391 D/dalvikvm( 1899): GC_FOR_ALLOC freed 290K, 28% free 2295K/3180K, paused 18ms, total 19ms
12-05 13:30:12.952 D/dalvikvm( 1899): GC_FOR_ALLOC freed 199K, 28% free 2295K/3180K, paused 20ms, total 20ms
12-05 13:30:13.392 D/dalvikvm( 1870): GC_FOR_ALLOC freed 1075K, 19% free 25022K/30752K, paused 37ms, total 39ms
12-05 13:30:13.522 D/dalvikvm( 1899): GC_FOR_ALLOC freed 195K, 29% free 2282K/3180K, paused 20ms, total 21ms
12-05 13:30:13.532 I/ActivityManager( 1751): START u0 {act=android.intent.action.MAIN cat=[android.intent.category.HOME] flg=0x10000000 cmp=com.google.android.wearable.app/com.google.android.clockwork.home.HomeActivity (has extras)} from pid 1870 on display 0
12-05 13:30:13.562 D/mot_vr_audio_hw( 1418): dsp_recognizer_enabled = true
12-05 13:30:13.562 D/ADSPD   ( 1411): Client cmd=0x0003, size=4
12-05 13:30:13.572 D/ADSPD   ( 1411): Trying to send to dsp while in dsp in RESET
12-05 13:30:13.572 D/mot_vr_audio_hw( 1418): open_input_stream(): devices = 0x80000004, rate = 8000, channels = 0x10
12-05 13:30:13.572 D/mot_vr_audio_hw( 1418): Created resampler for 16000->8000 Hz
12-05 13:30:13.572 D/ADSPD   ( 1411): Client cmd=0x4003, size=2
12-05 13:30:13.572 D/mot_vr_audio_hw( 1418): in_read waiting for hotword
12-05 13:30:13.602 D/mot_vr_audio_hw( 1418): dsp_recognizer_enabled = false
12-05 13:30:13.602 D/ADSPD   ( 1411): Client cmd=0x0003, size=4
12-05 13:30:13.602 D/ADSPD   ( 1411): Trying to send to dsp while in dsp in RESET
12-05 13:30:13.602 W/mot_vr_audio_hw( 1418): Not allowing wake() since DSP is disabled
12-05 13:30:13.612 W/mot_vr_audio_hw( 1418): Not allowing wake() since DSP is disabled
12-05 13:30:13.632 D/ADSPD   ( 1411): Client cmd=0x4003, size=2
12-05 13:30:13.632 D/ADSPD   ( 1411): DSP no longer used, turned off here
12-05 13:30:13.632 D/mot_vr_audio_hw( 1418): Input 0xb76ce858 close complete
12-05 13:30:14.433 D/dalvikvm( 1899): GC_FOR_ALLOC freed 183K, 29% free 2278K/3180K, paused 12ms, total 12ms
12-05 13:30:16.896 W/bt-btif ( 2119): dm_pm_timer expires
12-05 13:30:16.896 W/bt-btif ( 2119): dm_pm_timer expires 0
12-05 13:30:16.896 W/bt-btif ( 2119): proc dm_pm_timer expires
12-05 13:30:17.530 D/SensorHALGestureSensor( 1751): Gesture event received! time = 1417807817533348013
12-05 13:30:17.530 I/PowerManagerService( 1751): Waking up from sleep...
12-05 13:30:17.530 W/KeyguardServiceDelegate( 1751): onScreenTurnedOn(): no keyguard service!
12-05 13:30:17.670 D/PowerManagerService-JNI( 1751): Excessive delay in autosuspend_disable() while turning screen on: 139ms
12-05 13:30:17.670 D/MinnowPowerHAL( 1751): power_set_interactive: 1
12-05 13:30:17.670 D/MinnowPowerHAL( 1751): sysfs_write: /sys/devices/platform/omapdss/display0/interactivemode 1
12-05 13:30:17.710 D/MinnowPowerHAL( 1751): sysfs_write: /sys/devices/ocp.2/i2c.6/i2c-0/0-004a/interactivemode 1
12-05 13:30:17.710 D/MinnowPowerHAL( 1751): sysfs_write: /sys/class/leds/lcd-backlight/interactive 1
12-05 13:30:17.710 D/mot_vr_audio_hw( 1751): dsp_set_pm_state = on
12-05 13:30:17.710 D/ADSPD   ( 1411): Client cmd=0x4002, size=2
12-05 13:30:17.710 D/ADSPD   ( 1411): DSP_CMD_DAEMON_SET_PM_STATE : 1
12-05 13:30:17.710 D/PowerManagerService-JNI( 1751): Excessive delay in setInteractive(true) while turning screen on: 34ms
12-05 13:30:17.721 V/WearActivity( 2051): Resume!
12-05 13:30:17.721 V/MyViewAnim( 2051): success getting new surface holder
12-05 13:30:17.721 I/TimeWrapper( 2051): FPS: 0.013476571, samples: 1
12-05 13:30:17.721 I/TimeWrapper( 2051): Min/Avg/Max frame render speed (ms): 5.432129 / 5.432129 / 5.432129
12-05 13:30:17.721 I/TimeWrapper( 2051): Waketime: 0.007320648%
12-05 13:30:17.731 W/InputMethodManagerService( 1751): Ignoring setImeWindowStatus of uid 1000 token: null
12-05 13:30:17.781 D/mot_vr_audio_hw( 1418): dsp_recognizer_enabled = true
12-05 13:30:17.781 D/mot_vr_audio_hw( 1418): open_input_stream(): devices = 0x80000004, rate = 8000, channels = 0x10
12-05 13:30:17.781 D/mot_vr_audio_hw( 1418): Created resampler for 16000->8000 Hz
12-05 13:30:17.801 D/mot_vr_audio_hw( 1418): in_read waiting for hotword
12-05 13:30:17.841 D/SurfaceFlinger( 1416): Screen acquired, type=0 flinger=0xb7fe9448
12-05 13:30:17.841 D/hwcomposer( 1416): hwc_blank(0: 0)
12-05 13:30:17.841 I/DisplayManagerService( 1751): Display device changed: DisplayDeviceInfo{"Built-in Screen": 320 x 290, 45.000004 fps, density 213, 203.2 x 204.61111 dpi, touch INTERNAL, rotation 0, type BUILT_IN, state ON, FLAG_DEFAULT_DISPLAY, FLAG_ROTATES_WITH_CONTENT, FLAG_SECURE, FLAG_SUPPORTS_PROTECTED_BUFFERS}
12-05 13:30:17.841 V/ActivityManager( 1751): Display changed displayId=0
12-05 13:30:17.861 V/WearActivity( 2051): display changed: 0, new state: 2
12-05 13:30:17.861 V/WearActivity( 2051): onDisplayChanged: on!
12-05 13:30:17.861 V/WearActivity( 2051): killing alarms
12-05 13:30:17.861 V/WearActivity( 2051): startHelper: putting it all back together again
12-05 13:30:17.861 V/WearActivity( 2051): initAlarm: setting up
12-05 13:30:17.861 I/ClockFace( 2051): Ambient mode: false
12-05 13:30:17.911 V/MyViewAnim( 2051): resumeMaxHertz
12-05 13:30:17.911 V/ClockFace( 2051): clearing caches
12-05 13:30:17.921 D/SensorHAL( 1751): adjustSensorHandle: handle = 9 adjustedHandle = 1
12-05 13:30:17.921 D/SensorHAL( 1751): adjustSensorHandle: handle = 9 adjustedHandle = 1
12-05 13:30:17.931 V/MyViewAnim( 2051): starting new animator
12-05 13:30:17.931 V/MyViewAnim( 2051): Time listener is up!
12-05 13:30:17.931 V/MyViewAnim( 2051): starting new draw thread
12-05 13:30:17.941 D/LightsService( 1751): Excessive delay setting light: 55ms
12-05 13:30:17.941 D/SensorHAL( 1751): adjustSensorHandle: handle = 9 adjustedHandle = 1
12-05 13:30:17.951 V/ClockFace( 2051): rendering new face, faceMode(0)
12-05 13:30:17.971 V/ClockFace( 2051): fetching new battery status (35019)
12-05 13:30:17.971 V/ClockFace( 2051): battery at 0.74
12-05 13:30:18.011 E/ADSPD   ( 1411): Timeout on select()
12-05 13:30:18.011 E/ADSPD   ( 1411): NO ACK received after loading firmware
12-05 13:30:18.011 E/ADSPD   ( 1411): Unknown ACK received 0x00
12-05 13:30:18.011 D/ADSPD   ( 1411): Client cmd=0x0003, size=4
12-05 13:30:18.021 D/ADSPD   ( 1411): Received from DSP: cmd=0x8003, size=2
12-05 13:30:18.021 D/ADSPD   ( 1411): Client cmd=0x4003, size=2
12-05 13:30:18.021 D/mot_vr_audio_hw( 1418): received recognition control callback, status 0
12-05 13:30:21.424 W/bt-btif ( 2119): dm_pm_timer expires
12-05 13:30:21.424 W/bt-btif ( 2119): dm_pm_timer expires 0
12-05 13:30:21.424 W/bt-btif ( 2119): proc dm_pm_timer expires
12-05 13:30:22.755 I/PowerManagerService( 1751): Going to sleep due to screen timeout...
12-05 13:30:22.755 I/PowerManagerService( 1751): Dozing...
12-05 13:30:22.765 I/DreamController( 1751): Starting dream: name=ComponentInfo{com.google.android.wearable.app/com.google.android.clockwork.home.AmbientMode}, isTest=false, canDoze=true, userId=0
12-05 13:30:22.835 I/ActivityManager( 1751): START u0 {act=android.intent.action.MAIN cat=[android.intent.category.HOME] flg=0x10000000 cmp=com.google.android.wearable.app/com.google.android.clockwork.home.HomeActivity (has extras)} from pid 1870 on display 0
12-05 13:30:22.846 I/DreamController( 1751): Stopping dream: name=ComponentInfo{com.google.android.wearable.app/com.google.android.clockwork.home.AmbientMode}, isTest=false, canDoze=true, userId=0
12-05 13:30:22.856 I/PowerManagerService( 1751): Sleeping...
12-05 13:30:22.876 I/Fitness ( 1967): WearableSyncServiceReceiver.onReceive
12-05 13:30:22.896 I/ActivityManager( 1751): Delay finish: com.google.android.gms/.fitness.wearables.WearableSyncServiceReceiver
12-05 13:30:22.936 I/AmbientMode( 1870): Ambient mode started: canDoze=true, dozeHardware=null
12-05 13:30:22.936 D/mot_vr_audio_hw( 1418): dsp_recognizer_enabled = false
12-05 13:30:22.946 D/ADSPD   ( 1411): Client cmd=0x0003, size=4
12-05 13:30:22.946 D/mot_vr_audio_hw( 1418): Switching DSP to standby/passthrough mode
12-05 13:30:22.946 D/mot_vr_audio_hw( 1418): Input 0xb76ce858 ready to read
12-05 13:30:22.946 I/Fitness ( 1967): WearableSyncService syncing to 1 nodes.
12-05 13:30:22.956 D/ADSPD   ( 1411): Received from DSP: cmd=0x8003, size=2
12-05 13:30:22.956 D/ADSPD   ( 1411): Client cmd=0x0003, size=4
12-05 13:30:22.956 D/mot_vr_audio_hw( 1418): received recognition control callback, status 0
12-05 13:30:22.966 D/ADSPD   ( 1411): Received from DSP: cmd=0x8003, size=2
12-05 13:30:22.966 D/mot_vr_audio_hw( 1418): received recognition control callback, status 0
12-05 13:30:22.996 W/mot_vr_audio_hw( 1418): Discarded 10 buffers without finding audio data
12-05 13:30:23.006 D/ADSPD   ( 1411): Client cmd=0x0003, size=4
12-05 13:30:23.006 D/mot_vr_audio_hw( 1418): Re-arming DSP
12-05 13:30:23.006 D/mot_vr_audio_hw( 1418): Input 0xb76ce858 standby complete
12-05 13:30:23.016 D/mot_vr_audio_hw( 1418): Input 0xb76ce858 close complete
12-05 13:30:23.016 D/ADSPD   ( 1411): Received from DSP: cmd=0x8003, size=2
12-05 13:30:23.016 D/ADSPD   ( 1411): Client cmd=0x4003, size=2
12-05 13:30:23.016 D/mot_vr_audio_hw( 1418): received recognition control callback, status 0
12-05 13:30:23.036 D/mot_vr_audio_hw( 1418): dsp_recognizer_enabled = true
12-05 13:30:23.036 D/ADSPD   ( 1411): Client cmd=0x0003, size=4
12-05 13:30:23.036 D/mot_vr_audio_hw( 1418): open_input_stream(): devices = 0x80000004, rate = 8000, channels = 0x10
12-05 13:30:23.036 D/mot_vr_audio_hw( 1418): Created resampler for 16000->8000 Hz
12-05 13:30:23.046 D/ADSPD   ( 1411): Received from DSP: cmd=0x8003, size=2
12-05 13:30:23.046 D/ADSPD   ( 1411): Client cmd=0x4003, size=2
12-05 13:30:23.046 D/mot_vr_audio_hw( 1418): received recognition control callback, status 0
12-05 13:30:23.076 D/mot_vr_audio_hw( 1418): in_read waiting for hotword
12-05 13:30:23.076 I/AmbientMode( 1870): Dream ended: isDozing=true
12-05 13:30:23.186 I/Fitness ( 1967): syncing: 0
12-05 13:30:23.446 D/dalvikvm( 1967): GC_CONCURRENT freed 380K, 22% free 2655K/3400K, paused 5ms+43ms, total 93ms
12-05 13:30:23.596 I/ActivityManager( 1751): Resuming delayed broadcast
12-05 13:30:23.676 D/LightsService( 1751): Excessive delay setting light: 268ms
12-05 13:30:23.676 D/SurfaceFlinger( 1416): Screen released, type=0 flinger=0xb7fe9448
12-05 13:30:23.816 D/hwcomposer( 1416): hwc_blank(0: 1)
12-05 13:30:23.816 D/SurfaceControl( 1751): Excessive delay in blankDisplay() while turning screen off: 141ms
12-05 13:30:23.846 I/DisplayManagerService( 1751): Display device changed: DisplayDeviceInfo{"Built-in Screen": 320 x 290, 45.000004 fps, density 213, 203.2 x 204.61111 dpi, touch INTERNAL, rotation 0, type BUILT_IN, state OFF, FLAG_DEFAULT_DISPLAY, FLAG_ROTATES_WITH_CONTENT, FLAG_SECURE, FLAG_SUPPORTS_PROTECTED_BUFFERS}
12-05 13:30:23.846 V/ActivityManager( 1751): Display changed displayId=0
12-05 13:30:23.856 V/WearActivity( 2051): display changed: 0, new state: 1
12-05 13:30:23.856 I/TimeWrapper( 2051): FPS: 37.23846, samples: 222
12-05 13:30:23.856 I/TimeWrapper( 2051): Min/Avg/Max frame render speed (ms): 5.340576 / 7.9123 / 40.222168
12-05 13:30:23.856 I/TimeWrapper( 2051): Waketime: 29.46419%
12-05 13:30:23.856 V/MyViewAnim( 2051): redrawSlow: resume -> 1
12-05 13:30:23.856 V/MyViewAnim( 2051): redrawSlow: startHelper -> 1
12-05 13:30:23.856 V/WearActivity( 2051): onDisplayChanged: off!
12-05 13:30:23.856 V/WearActivity( 2051): stopHelper: shutting things down
12-05 13:30:23.887 V/WearActivity( 2051): killing alarms
12-05 13:30:23.887 V/MyViewAnim( 2051): stopping animation!
12-05 13:30:23.887 V/MyViewAnim( 2051): killDrawThread
12-05 13:30:23.887 I/ClockFace( 2051): Ambient mode: false
12-05 13:30:23.887 V/MyViewAnim/PanelThread( 2051): looper finished!
12-05 13:30:23.887 V/MyViewAnim/PanelThread( 2051): draw thread termination
12-05 13:30:24.017 D/MinnowPowerHAL( 1751): power_set_interactive: 0
12-05 13:30:24.017 D/MinnowPowerHAL( 1751): sysfs_write: /sys/devices/platform/omapdss/display0/interactivemode 0
12-05 13:30:24.017 D/MinnowPowerHAL( 1751): sysfs_write: /sys/devices/ocp.2/i2c.6/i2c-0/0-004a/interactivemode 0
12-05 13:30:24.017 D/MinnowPowerHAL( 1751): sysfs_write: /sys/class/leds/lcd-backlight/interactive 0
12-05 13:30:24.017 D/mot_vr_audio_hw( 1751): dsp_set_pm_state = off
12-05 13:30:24.017 D/ADSPD   ( 1411): Client cmd=0x4002, size=2
12-05 13:30:24.017 D/ADSPD   ( 1411): DSP_CMD_DAEMON_SET_PM_STATE : 0
12-05 13:30:24.017 D/ADSPD   ( 1411): DSP not turned off as still being used
12-05 13:30:24.017 V/WearActivity( 2051): Pause!
12-05 13:30:24.027 V/WearActivity( 2051): Stop!
12-05 13:30:24.027 D/mot_vr_audio_hw( 1418): dsp_recognizer_enabled = false
12-05 13:30:24.027 D/ADSPD   ( 1411): Client cmd=0x0003, size=4
12-05 13:30:24.027 D/ADSPD   ( 1411): Trying to send to dsp while in dsp in RESET
12-05 13:30:24.027 W/mot_vr_audio_hw( 1418): Not allowing wake() since DSP is disabled
12-05 13:30:24.037 W/mot_vr_audio_hw( 1418): Not allowing wake() since DSP is disabled
12-05 13:30:24.037 W/InputMethodManagerService( 1751): Ignoring setImeWindowStatus of uid 1000 token: null
12-05 13:30:24.057 D/ADSPD   ( 1411): Client cmd=0x4003, size=2
12-05 13:30:24.057 D/ADSPD   ( 1411): DSP no longer used, turned off here
12-05 13:30:24.057 D/mot_vr_audio_hw( 1418): Input 0xb76ce858 close complete
12-05 13:30:25.108 D/dalvikvm( 2237): GC_CONCURRENT freed 448K, 24% free 2269K/2972K, paused 3ms+1ms, total 25ms
12-05 13:30:26.099 W/bt-btif ( 2119): dm_pm_timer expires
12-05 13:30:26.099 W/bt-btif ( 2119): dm_pm_timer expires 0
12-05 13:30:26.099 W/bt-btif ( 2119): proc dm_pm_timer expires
12-05 13:30:41.038 I/ActivityManager( 1751): START u0 {act=android.intent.action.MAIN cat=[android.intent.category.HOME] flg=0x10000000 cmp=com.google.android.wearable.app/com.google.android.clockwork.home.HomeActivity (has extras)} from pid 1870 on display 0
12-05 13:30:41.058 E/ClockworkHome( 1870): Tried to exit ambient mode, but enterAmbientMode() was never called.
12-05 13:30:41.058 W/HomeRowListAdapter( 1870): onRelease() called on an unknown row.
12-05 13:30:41.058 W/HomeRowListAdapter( 1870): onRelease() called on an unknown row.
12-05 13:30:41.058 D/mot_vr_audio_hw( 1418): dsp_recognizer_enabled = true
12-05 13:30:41.058 D/ADSPD   ( 1411): Client cmd=0x0003, size=4
12-05 13:30:41.058 D/ADSPD   ( 1411): Trying to send to dsp while in dsp in RESET
12-05 13:30:41.058 D/mot_vr_audio_hw( 1418): open_input_stream(): devices = 0x80000004, rate = 8000, channels = 0x10
12-05 13:30:41.058 D/mot_vr_audio_hw( 1418): Created resampler for 16000->8000 Hz
12-05 13:30:41.058 D/ADSPD   ( 1411): Client cmd=0x4003, size=2
12-05 13:30:41.078 D/mot_vr_audio_hw( 1418): in_read waiting for hotword
12-05 13:30:41.078 D/mot_vr_audio_hw( 1418): dsp_recognizer_enabled = false
12-05 13:30:41.078 D/ADSPD   ( 1411): Client cmd=0x0003, size=4
12-05 13:30:41.078 D/ADSPD   ( 1411): Trying to send to dsp while in dsp in RESET
12-05 13:30:41.078 W/mot_vr_audio_hw( 1418): Not allowing wake() since DSP is disabled
12-05 13:30:41.098 W/mot_vr_audio_hw( 1418): Not allowing wake() since DSP is disabled
12-05 13:30:41.108 D/ADSPD   ( 1411): Client cmd=0x4003, size=2
12-05 13:30:41.108 D/ADSPD   ( 1411): DSP no longer used, turned off here
12-05 13:30:41.108 D/mot_vr_audio_hw( 1418): Input 0xb76ce858 close complete
12-05 13:30:43.170 W/bt-btif ( 2119): dm_pm_timer expires
12-05 13:30:43.170 W/bt-btif ( 2119): dm_pm_timer expires 0
12-05 13:30:43.170 W/bt-btif ( 2119): proc dm_pm_timer expires
12-05 13:30:44.098 D/dalvikvm( 1870): GC_FOR_ALLOC freed 3844K, 26% free 23025K/30752K, paused 49ms, total 54ms
12-05 13:30:44.108 D/dalvikvm( 1899): GC_FOR_ALLOC freed 251K, 28% free 2301K/3180K, paused 40ms, total 43ms
12-05 13:30:44.278 D/dalvikvm( 1870): GC_CONCURRENT freed 42K, 19% free 25015K/30752K, paused 10ms+7ms, total 88ms
12-05 13:30:44.338 I/ActivityManager( 1751): START u0 {act=android.intent.action.MAIN cat=[android.intent.category.HOME] flg=0x10000000 cmp=com.google.android.wearable.app/com.google.android.clockwork.home.HomeActivity (has extras)} from pid 1870 on display 0
12-05 13:30:44.388 D/mot_vr_audio_hw( 1418): dsp_recognizer_enabled = true
12-05 13:30:44.388 D/ADSPD   ( 1411): Client cmd=0x0003, size=4
12-05 13:30:44.388 D/ADSPD   ( 1411): Trying to send to dsp while in dsp in RESET
12-05 13:30:44.388 D/mot_vr_audio_hw( 1418): open_input_stream(): devices = 0x80000004, rate = 8000, channels = 0x10
12-05 13:30:44.388 D/mot_vr_audio_hw( 1418): Created resampler for 16000->8000 Hz
12-05 13:30:44.388 D/ADSPD   ( 1411): Client cmd=0x4003, size=2
12-05 13:30:44.398 D/mot_vr_audio_hw( 1418): in_read waiting for hotword
12-05 13:30:44.408 D/mot_vr_audio_hw( 1418): dsp_recognizer_enabled = false
12-05 13:30:44.408 D/ADSPD   ( 1411): Client cmd=0x0003, size=4
12-05 13:30:44.408 D/ADSPD   ( 1411): Trying to send to dsp while in dsp in RESET
12-05 13:30:44.408 W/mot_vr_audio_hw( 1418): Not allowing wake() since DSP is disabled
12-05 13:30:44.418 W/mot_vr_audio_hw( 1418): Not allowing wake() since DSP is disabled
12-05 13:30:44.438 D/ADSPD   ( 1411): Client cmd=0x4003, size=2
12-05 13:30:44.438 D/ADSPD   ( 1411): DSP no longer used, turned off here
12-05 13:30:44.438 D/mot_vr_audio_hw( 1418): Input 0xb76ce858 close complete
12-05 13:30:44.518 D/dalvikvm( 1899): GC_FOR_ALLOC freed 167K, 28% free 2293K/3180K, paused 20ms, total 20ms
12-05 13:30:45.059 D/dalvikvm( 1899): GC_FOR_ALLOC freed 221K, 29% free 2285K/3180K, paused 18ms, total 21ms
12-05 13:30:45.179 D/dalvikvm( 1870): GC_FOR_ALLOC freed 1075K, 19% free 25025K/30752K, paused 52ms, total 54ms
12-05 13:30:45.309 I/ActivityManager( 1751): START u0 {act=android.intent.action.MAIN cat=[android.intent.category.HOME] flg=0x10000000 cmp=com.google.android.wearable.app/com.google.android.clockwork.home.HomeActivity (has extras)} from pid 1870 on display 0
12-05 13:30:45.349 D/mot_vr_audio_hw( 1418): dsp_recognizer_enabled = true
12-05 13:30:45.349 D/ADSPD   ( 1411): Client cmd=0x0003, size=4
12-05 13:30:45.349 D/ADSPD   ( 1411): Trying to send to dsp while in dsp in RESET
12-05 13:30:45.349 D/mot_vr_audio_hw( 1418): open_input_stream(): devices = 0x80000004, rate = 8000, channels = 0x10
12-05 13:30:45.349 D/mot_vr_audio_hw( 1418): Created resampler for 16000->8000 Hz
12-05 13:30:45.349 D/ADSPD   ( 1411): Client cmd=0x4003, size=2
12-05 13:30:45.359 D/mot_vr_audio_hw( 1418): in_read waiting for hotword
12-05 13:30:45.389 D/mot_vr_audio_hw( 1418): dsp_recognizer_enabled = false
12-05 13:30:45.389 D/ADSPD   ( 1411): Client cmd=0x0003, size=4
12-05 13:30:45.389 D/ADSPD   ( 1411): Trying to send to dsp while in dsp in RESET
12-05 13:30:45.389 W/mot_vr_audio_hw( 1418): Not allowing wake() since DSP is disabled
12-05 13:30:45.399 W/mot_vr_audio_hw( 1418): Not allowing wake() since DSP is disabled
12-05 13:30:45.419 D/ADSPD   ( 1411): Client cmd=0x4003, size=2
12-05 13:30:45.419 D/ADSPD   ( 1411): DSP no longer used, turned off here
12-05 13:30:45.419 D/mot_vr_audio_hw( 1418): Input 0xb76ce858 close complete
12-05 13:30:45.569 D/dalvikvm( 1899): GC_FOR_ALLOC freed 192K, 29% free 2279K/3180K, paused 18ms, total 18ms
12-05 13:30:47.932 D/dalvikvm( 2237): GC_CONCURRENT freed 424K, 24% free 2257K/2952K, paused 2ms+1ms, total 20ms
12-05 13:30:47.942 W/bt-btif ( 2119): dm_pm_timer expires
12-05 13:30:47.942 W/bt-btif ( 2119): dm_pm_timer expires 0
12-05 13:30:47.942 W/bt-btif ( 2119): proc dm_pm_timer expires
12-05 13:31:18.983 I/Clockwork.Settings( 1870): Companion requested the watch start a time sync.
12-05 13:31:18.983 I/Clockwork.Settings( 1870): sending time sync request - elapsedRealTime: 101252321
12-05 13:31:19.053 I/Clockwork.Settings( 1870): time sync update time to 1417807879248, latency 68 ms
12-05 13:31:19.053 I/Clockwork.Settings( 1870): time sync timezone: America/Chicago
12-05 13:31:19.063 D/        ( 1751): Setting time of day to sec=1417807879
12-05 13:31:19.261 I/Clockwork.TimeService( 1974): set timezone to America/Chicago
12-05 13:31:19.261 D/AlarmManagerService( 1751): Kernel timezone updated to 360 minutes west of GMT
12-05 13:31:19.301 I/CheckinService( 1884): active receiver: disabled
12-05 13:31:19.321 I/ActivityManager( 1751): Delay finish: com.google.android.gms/.gcm.ServiceAutoStarter
12-05 13:31:19.331 D/GCM     ( 1911): GcmService start Intent { act=com.google.android.checkin.CHECKIN_COMPLETE flg=0x10 cmp=com.google.android.gms/.gcm.GcmService (has extras) } com.google.android.checkin.CHECKIN_COMPLETE
12-05 13:31:19.331 I/ActivityManager( 1751): Resuming delayed broadcast
12-05 13:31:21.252 W/bt-btif ( 2119): dm_pm_timer expires
12-05 13:31:21.252 W/bt-btif ( 2119): dm_pm_timer expires 0
12-05 13:31:21.252 W/bt-btif ( 2119): proc dm_pm_timer expires
12-05 13:31:21.534 I/Clockwork.Settings( 1870): Companion requested the watch start a time sync.
12-05 13:31:21.534 I/Clockwork.Settings( 1870): sending time sync request - elapsedRealTime: 101254680
12-05 13:31:22.104 I/Clockwork.Settings( 1870): time sync update time to 1417807882447, latency 577 ms
12-05 13:31:22.114 I/Clockwork.Settings( 1870): time sync timezone: America/Chicago
12-05 13:31:22.124 D/        ( 1751): Setting time of day to sec=1417807882
12-05 13:31:22.460 I/Clockwork.TimeService( 1974): set timezone to America/Chicago
12-05 13:31:22.460 D/AlarmManagerService( 1751): Kernel timezone updated to 360 minutes west of GMT
12-05 13:31:22.500 I/CheckinService( 1884): active receiver: disabled
12-05 13:31:22.520 D/GCM     ( 1911): GcmService start Intent { act=com.google.android.checkin.CHECKIN_COMPLETE flg=0x10 cmp=com.google.android.gms/.gcm.GcmService (has extras) } com.google.android.checkin.CHECKIN_COMPLETE
12-05 13:31:22.520 I/ActivityManager( 1751): Delay finish: com.google.android.gms/.gcm.ServiceAutoStarter
12-05 13:31:22.530 I/ActivityManager( 1751): Resuming delayed broadcast
12-05 13:31:23.280 I/FitnessWearable( 2237): Refreshing Platform Data
12-05 13:31:23.300 I/Fitness ( 1967): Account supported from cache: true
12-05 13:31:23.300 I/Fitness ( 1967): schedule to sync accounts: [dwallach@gmail.com]
12-05 13:31:23.330 I/FitnessWearable( 2237): Completed query in 33 milliseconds
12-05 13:31:25.162 W/bt-btif ( 2119): dm_pm_timer expires
12-05 13:31:25.162 W/bt-btif ( 2119): dm_pm_timer expires 0
12-05 13:31:25.162 W/bt-btif ( 2119): proc dm_pm_timer expires
12-05 13:31:28.563 I/Fitness ( 1967): WearableSyncServiceReceiver.onReceive
12-05 13:31:28.573 I/Fitness ( 1967): FlushServiceReceiver.onReceive
12-05 13:31:28.623 I/Fitness ( 1967): WearableSyncService syncing to 1 nodes.
12-05 13:31:28.873 I/Fitness ( 1967): syncing: 0
12-05 13:31:28.924 I/Fitness ( 1967): syncing 2 points
12-05 13:31:28.984 D/dalvikvm( 1751): GC_EXPLICIT freed 530K, 30% free 4868K/6916K, paused 2ms+5ms, total 47ms
12-05 13:31:31.486 W/bt-btif ( 2119): dm_pm_timer expires
12-05 13:31:31.486 W/bt-btif ( 2119): dm_pm_timer expires 0
12-05 13:31:31.486 W/bt-btif ( 2119): proc dm_pm_timer expires
12-05 13:31:47.038 I/FitnessWearable( 2237): Refreshing Platform Data
12-05 13:31:47.048 I/Fitness ( 1967): Account supported from cache: true
12-05 13:31:47.048 I/Fitness ( 1967): schedule to sync accounts: [dwallach@gmail.com]
12-05 13:31:47.058 I/FitnessWearable( 2237): Completed query in 9 milliseconds
12-05 13:31:47.198 I/Fitness ( 1967): WearableSyncServiceReceiver.onReceive
12-05 13:31:47.248 I/Fitness ( 1967): WearableSyncService syncing to 1 nodes.
12-05 13:31:47.268 D/dalvikvm( 2237): GC_CONCURRENT freed 376K, 23% free 2265K/2932K, paused 3ms+1ms, total 46ms
12-05 13:31:47.278 D/dalvikvm( 1967): GC_CONCURRENT freed 422K, 22% free 2641K/3376K, paused 13ms+6ms, total 90ms
12-05 13:31:47.318 I/Fitness ( 1967): syncing: 0
12-05 13:31:48.950 W/bt-btif ( 2119): dm_pm_timer expires
12-05 13:31:48.950 W/bt-btif ( 2119): dm_pm_timer expires 0
12-05 13:31:48.950 W/bt-btif ( 2119): proc dm_pm_timer expires
12-05 13:31:51.930 W/bt-btif ( 2119): dm_pm_timer expires
12-05 13:31:51.930 W/bt-btif ( 2119): dm_pm_timer expires 0
12-05 13:31:51.930 W/bt-btif ( 2119): proc dm_pm_timer expires
12-05 13:32:04.098 I/ActivityManager( 1751): START u0 {act=android.intent.action.MAIN cat=[android.intent.category.HOME] flg=0x10000000 cmp=com.google.android.wearable.app/com.google.android.clockwork.home.HomeActivity (has extras)} from pid 1870 on display 0
12-05 13:32:04.108 W/HomeRowListAdapter( 1870): onRelease() called on an unknown row.
12-05 13:32:04.108 W/HomeRowListAdapter( 1870): onRelease() called on an unknown row.
12-05 13:32:04.118 D/mot_vr_audio_hw( 1418): dsp_recognizer_enabled = true
12-05 13:32:04.118 D/ADSPD   ( 1411): Client cmd=0x0003, size=4
12-05 13:32:04.118 D/ADSPD   ( 1411): Trying to send to dsp while in dsp in RESET
12-05 13:32:04.118 D/mot_vr_audio_hw( 1418): open_input_stream(): devices = 0x80000004, rate = 8000, channels = 0x10
12-05 13:32:04.118 D/mot_vr_audio_hw( 1418): Created resampler for 16000->8000 Hz
12-05 13:32:04.118 D/ADSPD   ( 1411): Client cmd=0x4003, size=2
12-05 13:32:04.128 D/mot_vr_audio_hw( 1418): in_read waiting for hotword
12-05 13:32:04.138 D/mot_vr_audio_hw( 1418): dsp_recognizer_enabled = false
12-05 13:32:04.138 D/ADSPD   ( 1411): Client cmd=0x0003, size=4
12-05 13:32:04.138 D/ADSPD   ( 1411): Trying to send to dsp while in dsp in RESET
12-05 13:32:04.138 W/mot_vr_audio_hw( 1418): Not allowing wake() since DSP is disabled
12-05 13:32:04.148 D/dalvikvm( 1899): GC_FOR_ALLOC freed 305K, 28% free 2292K/3180K, paused 23ms, total 24ms
12-05 13:32:04.148 W/mot_vr_audio_hw( 1418): Not allowing wake() since DSP is disabled
12-05 13:32:04.168 D/ADSPD   ( 1411): Client cmd=0x4003, size=2
12-05 13:32:04.168 D/ADSPD   ( 1411): DSP no longer used, turned off here
12-05 13:32:04.168 D/mot_vr_audio_hw( 1418): Input 0xb76ce858 close complete
12-05 13:32:05.550 D/dalvikvm( 1870): GC_FOR_ALLOC freed 3836K, 26% free 23014K/30752K, paused 55ms, total 58ms
12-05 13:32:05.720 D/dalvikvm( 1870): GC_CONCURRENT freed 33K, 19% free 25011K/30752K, paused 6ms+13ms, total 100ms
12-05 13:32:05.760 I/ActivityManager( 1751): START u0 {act=android.intent.action.MAIN cat=[android.intent.category.HOME] flg=0x10000000 cmp=com.google.android.wearable.app/com.google.android.clockwork.home.HomeActivity (has extras)} from pid 1870 on display 0
12-05 13:32:05.820 D/mot_vr_audio_hw( 1418): dsp_recognizer_enabled = true
12-05 13:32:05.820 D/ADSPD   ( 1411): Client cmd=0x0003, size=4
12-05 13:32:05.820 D/ADSPD   ( 1411): Trying to send to dsp while in dsp in RESET
12-05 13:32:05.820 D/mot_vr_audio_hw( 1418): open_input_stream(): devices = 0x80000004, rate = 8000, channels = 0x10
12-05 13:32:05.820 D/mot_vr_audio_hw( 1418): Created resampler for 16000->8000 Hz
12-05 13:32:05.820 D/ADSPD   ( 1411): Client cmd=0x4003, size=2
12-05 13:32:05.840 D/mot_vr_audio_hw( 1418): in_read waiting for hotword
12-05 13:32:05.850 D/mot_vr_audio_hw( 1418): dsp_recognizer_enabled = false
12-05 13:32:05.850 D/ADSPD   ( 1411): Client cmd=0x0003, size=4
12-05 13:32:05.850 D/ADSPD   ( 1411): Trying to send to dsp while in dsp in RESET
12-05 13:32:05.850 W/mot_vr_audio_hw( 1418): Not allowing wake() since DSP is disabled
12-05 13:32:05.860 W/mot_vr_audio_hw( 1418): Not allowing wake() since DSP is disabled
12-05 13:32:05.880 D/ADSPD   ( 1411): Client cmd=0x4003, size=2
12-05 13:32:05.880 D/ADSPD   ( 1411): DSP no longer used, turned off here
12-05 13:32:05.880 D/mot_vr_audio_hw( 1418): Input 0xb76ce858 close complete
12-05 13:32:05.960 D/dalvikvm( 1899): GC_FOR_ALLOC freed 198K, 28% free 2297K/3180K, paused 32ms, total 33ms
12-05 13:32:06.400 D/dalvikvm( 1899): GC_FOR_ALLOC freed 175K, 28% free 2294K/3180K, paused 21ms, total 21ms
12-05 13:32:06.581 D/dalvikvm( 1870): GC_FOR_ALLOC freed 1074K, 19% free 25022K/30752K, paused 47ms, total 48ms
12-05 13:32:06.721 I/ActivityManager( 1751): START u0 {act=android.intent.action.MAIN cat=[android.intent.category.HOME] flg=0x10000000 cmp=com.google.android.wearable.app/com.google.android.clockwork.home.HomeActivity (has extras)} from pid 1870 on display 0
12-05 13:32:06.751 D/mot_vr_audio_hw( 1418): dsp_recognizer_enabled = true
12-05 13:32:06.761 D/ADSPD   ( 1411): Client cmd=0x0003, size=4
12-05 13:32:06.761 D/ADSPD   ( 1411): Trying to send to dsp while in dsp in RESET
12-05 13:32:06.761 D/mot_vr_audio_hw( 1418): open_input_stream(): devices = 0x80000004, rate = 8000, channels = 0x10
12-05 13:32:06.761 D/mot_vr_audio_hw( 1418): Created resampler for 16000->8000 Hz
12-05 13:32:06.761 D/ADSPD   ( 1411): Client cmd=0x4003, size=2
12-05 13:32:06.771 D/mot_vr_audio_hw( 1418): in_read waiting for hotword
12-05 13:32:06.791 D/mot_vr_audio_hw( 1418): dsp_recognizer_enabled = false
12-05 13:32:06.791 D/ADSPD   ( 1411): Client cmd=0x0003, size=4
12-05 13:32:06.791 D/ADSPD   ( 1411): Trying to send to dsp while in dsp in RESET
12-05 13:32:06.791 W/mot_vr_audio_hw( 1418): Not allowing wake() since DSP is disabled
12-05 13:32:06.801 W/mot_vr_audio_hw( 1418): Not allowing wake() since DSP is disabled
12-05 13:32:06.831 D/ADSPD   ( 1411): Client cmd=0x4003, size=2
12-05 13:32:06.831 D/ADSPD   ( 1411): DSP no longer used, turned off here
12-05 13:32:06.831 D/mot_vr_audio_hw( 1418): Input 0xb76ce858 close complete
12-05 13:32:06.921 D/dalvikvm( 1899): GC_FOR_ALLOC freed 202K, 28% free 2296K/3180K, paused 19ms, total 20ms
12-05 13:32:07.501 D/dalvikvm( 1899): GC_FOR_ALLOC freed 186K, 29% free 2280K/3180K, paused 11ms, total 12ms
12-05 13:32:09.513 W/bt-btif ( 2119): dm_pm_timer expires
12-05 13:32:09.513 W/bt-btif ( 2119): dm_pm_timer expires 0
12-05 13:32:09.513 W/bt-btif ( 2119): proc dm_pm_timer expires
12-05 13:32:19.569 D/SensorHALGestureSensor( 1751): Gesture event received! time = 1417807939572135814
12-05 13:32:19.569 I/PowerManagerService( 1751): Waking up from sleep...
12-05 13:32:19.569 W/KeyguardServiceDelegate( 1751): onScreenTurnedOn(): no keyguard service!
12-05 13:32:19.709 D/PowerManagerService-JNI( 1751): Excessive delay in autosuspend_disable() while turning screen on: 130ms
12-05 13:32:19.709 D/MinnowPowerHAL( 1751): power_set_interactive: 1
12-05 13:32:19.709 D/MinnowPowerHAL( 1751): sysfs_write: /sys/devices/platform/omapdss/display0/interactivemode 1
12-05 13:32:19.739 D/MinnowPowerHAL( 1751): sysfs_write: /sys/devices/ocp.2/i2c.6/i2c-0/0-004a/interactivemode 1
12-05 13:32:19.739 D/MinnowPowerHAL( 1751): sysfs_write: /sys/class/leds/lcd-backlight/interactive 1
12-05 13:32:19.739 D/mot_vr_audio_hw( 1751): dsp_set_pm_state = on
12-05 13:32:19.739 D/ADSPD   ( 1411): Client cmd=0x4002, size=2
12-05 13:32:19.739 D/ADSPD   ( 1411): DSP_CMD_DAEMON_SET_PM_STATE : 1
12-05 13:32:19.739 D/PowerManagerService-JNI( 1751): Excessive delay in setInteractive(true) while turning screen on: 34ms
12-05 13:32:19.739 D/ADSPD   ( 1411): ACK success!
12-05 13:32:19.749 V/WearActivity( 2051): Resume!
12-05 13:32:19.749 V/MyViewAnim( 2051): success getting new surface holder
12-05 13:32:19.779 I/TimeWrapper( 2051): FPS: 0.008667808, samples: 1
12-05 13:32:19.779 I/TimeWrapper( 2051): Min/Avg/Max frame render speed (ms): 25.57373 / 25.57373 / 25.57373
12-05 13:32:19.779 I/TimeWrapper( 2051): Waketime: 0.022166817%
12-05 13:32:19.779 W/InputMethodManagerService( 1751): Ignoring setImeWindowStatus of uid 1000 token: null
12-05 13:32:19.829 D/mot_vr_audio_hw( 1418): dsp_recognizer_enabled = true
12-05 13:32:19.829 D/ADSPD   ( 1411): Client cmd=0x0003, size=4
12-05 13:32:19.829 D/mot_vr_audio_hw( 1418): open_input_stream(): devices = 0x80000004, rate = 8000, channels = 0x10
12-05 13:32:19.829 D/mot_vr_audio_hw( 1418): Created resampler for 16000->8000 Hz
12-05 13:32:19.839 D/ADSPD   ( 1411): Received from DSP: cmd=0x8003, size=2
