12-05 13:20:55.085 W/HomeRowListAdapter( 1870): onRelease() called on an unknown row.
12-05 13:20:55.085 W/HomeRowListAdapter( 1870): onRelease() called on an unknown row.
12-05 13:20:55.085 D/mot_vr_audio_hw( 1418): dsp_recognizer_enabled = true
12-05 13:20:55.085 D/ADSPD   ( 1411): Client cmd=0x0003, size=4
12-05 13:20:55.085 D/ADSPD   ( 1411): Trying to send to dsp while in dsp in RESET
12-05 13:20:55.085 D/mot_vr_audio_hw( 1418): open_input_stream(): devices = 0x80000004, rate = 8000, channels = 0x10
12-05 13:20:55.085 D/mot_vr_audio_hw( 1418): Created resampler for 16000->8000 Hz
12-05 13:20:55.085 D/ADSPD   ( 1411): Client cmd=0x4003, size=2
12-05 13:20:55.105 D/mot_vr_audio_hw( 1418): in_read waiting for hotword
12-05 13:20:55.105 D/mot_vr_audio_hw( 1418): dsp_recognizer_enabled = false
12-05 13:20:55.105 D/ADSPD   ( 1411): Client cmd=0x0003, size=4
12-05 13:20:55.105 D/ADSPD   ( 1411): Trying to send to dsp while in dsp in RESET
12-05 13:20:55.115 W/mot_vr_audio_hw( 1418): Not allowing wake() since DSP is disabled
12-05 13:20:55.135 W/mot_vr_audio_hw( 1418): Not allowing wake() since DSP is disabled
12-05 13:20:55.145 D/ADSPD   ( 1411): Client cmd=0x4003, size=2
12-05 13:20:55.145 D/ADSPD   ( 1411): DSP no longer used, turned off here
12-05 13:20:55.145 D/mot_vr_audio_hw( 1418): Input 0xb76ce858 close complete
12-05 13:20:56.006 D/dalvikvm( 1751): GC_EXPLICIT freed 514K, 30% free 4877K/6916K, paused 7ms+13ms, total 124ms
12-05 13:20:56.136 D/dalvikvm( 1870): GC_FOR_ALLOC freed 3809K, 26% free 23007K/30752K, paused 99ms, total 103ms
12-05 13:20:56.206 D/dalvikvm( 1899): GC_FOR_ALLOC freed 264K, 28% free 2303K/3180K, paused 27ms, total 28ms
12-05 13:20:56.427 D/dalvikvm( 1870): GC_CONCURRENT freed 30K, 19% free 25007K/30752K, paused 11ms+12ms, total 144ms
12-05 13:20:56.447 I/ActivityManager( 1751): START u0 {act=android.intent.action.MAIN cat=[android.intent.category.HOME] flg=0x10000000 cmp=com.google.android.wearable.app/com.google.android.clockwork.home.HomeActivity (has extras)} from pid 1870 on display 0
12-05 13:20:56.467 D/mot_vr_audio_hw( 1418): dsp_recognizer_enabled = true
12-05 13:20:56.467 D/ADSPD   ( 1411): Client cmd=0x0003, size=4
12-05 13:20:56.467 D/ADSPD   ( 1411): Trying to send to dsp while in dsp in RESET
12-05 13:20:56.477 D/mot_vr_audio_hw( 1418): open_input_stream(): devices = 0x80000004, rate = 8000, channels = 0x10
12-05 13:20:56.477 D/mot_vr_audio_hw( 1418): Created resampler for 16000->8000 Hz
12-05 13:20:56.477 D/ADSPD   ( 1411): Client cmd=0x4003, size=2
12-05 13:20:56.497 D/mot_vr_audio_hw( 1418): in_read waiting for hotword
12-05 13:20:56.497 D/mot_vr_audio_hw( 1418): dsp_recognizer_enabled = false
12-05 13:20:56.497 D/ADSPD   ( 1411): Client cmd=0x0003, size=4
12-05 13:20:56.497 D/ADSPD   ( 1411): Trying to send to dsp while in dsp in RESET
12-05 13:20:56.497 W/mot_vr_audio_hw( 1418): Not allowing wake() since DSP is disabled
12-05 13:20:56.507 W/mot_vr_audio_hw( 1418): Not allowing wake() since DSP is disabled
12-05 13:20:56.527 D/ADSPD   ( 1411): Client cmd=0x4003, size=2
12-05 13:20:56.527 D/ADSPD   ( 1411): DSP no longer used, turned off here
12-05 13:20:56.527 D/mot_vr_audio_hw( 1418): Input 0xb76ce858 close complete
12-05 13:20:56.587 D/dalvikvm( 1899): GC_FOR_ALLOC freed 202K, 29% free 2285K/3180K, paused 38ms, total 38ms
12-05 13:20:56.717 D/dalvikvm( 1870): GC_FOR_ALLOC freed 1077K, 19% free 25014K/30752K, paused 32ms, total 32ms
12-05 13:20:56.857 I/ActivityManager( 1751): START u0 {act=android.intent.action.MAIN cat=[android.intent.category.HOME] flg=0x10000000 cmp=com.google.android.wearable.app/com.google.android.clockwork.home.HomeActivity (has extras)} from pid 1870 on display 0
12-05 13:20:56.877 D/mot_vr_audio_hw( 1418): dsp_recognizer_enabled = true
12-05 13:20:56.877 D/ADSPD   ( 1411): Client cmd=0x0003, size=4
12-05 13:20:56.877 D/ADSPD   ( 1411): Trying to send to dsp while in dsp in RESET
12-05 13:20:56.877 D/mot_vr_audio_hw( 1418): open_input_stream(): devices = 0x80000004, rate = 8000, channels = 0x10
12-05 13:20:56.877 D/mot_vr_audio_hw( 1418): Created resampler for 16000->8000 Hz
12-05 13:20:56.887 D/ADSPD   ( 1411): Client cmd=0x4003, size=2
12-05 13:20:56.887 D/mot_vr_audio_hw( 1418): in_read waiting for hotword
12-05 13:20:56.917 D/mot_vr_audio_hw( 1418): dsp_recognizer_enabled = false
12-05 13:20:56.917 D/ADSPD   ( 1411): Client cmd=0x0003, size=4
12-05 13:20:56.917 D/ADSPD   ( 1411): Trying to send to dsp while in dsp in RESET
12-05 13:20:56.917 W/mot_vr_audio_hw( 1418): Not allowing wake() since DSP is disabled
12-05 13:20:56.927 W/mot_vr_audio_hw( 1418): Not allowing wake() since DSP is disabled
12-05 13:20:56.937 D/ADSPD   ( 1411): Client cmd=0x4003, size=2
12-05 13:20:56.937 D/ADSPD   ( 1411): DSP no longer used, turned off here
12-05 13:20:56.937 D/mot_vr_audio_hw( 1418): Input 0xb76ce858 close complete
12-05 13:20:58.999 W/bt-btif ( 2119): dm_pm_timer expires
12-05 13:20:58.999 W/bt-btif ( 2119): dm_pm_timer expires 0
12-05 13:20:58.999 W/bt-btif ( 2119): proc dm_pm_timer expires
12-05 13:22:01.090 I/ActivityManager( 1751): START u0 {act=android.intent.action.MAIN cat=[android.intent.category.HOME] flg=0x10000000 cmp=com.google.android.wearable.app/com.google.android.clockwork.home.HomeActivity (has extras)} from pid 1870 on display 0
12-05 13:22:01.111 W/HomeRowListAdapter( 1870): onRelease() called on an unknown row.
12-05 13:22:01.111 W/HomeRowListAdapter( 1870): onRelease() called on an unknown row.
12-05 13:22:01.111 D/mot_vr_audio_hw( 1418): dsp_recognizer_enabled = true
12-05 13:22:01.111 D/ADSPD   ( 1411): Client cmd=0x0003, size=4
12-05 13:22:01.111 D/ADSPD   ( 1411): Trying to send to dsp while in dsp in RESET
12-05 13:22:01.111 D/mot_vr_audio_hw( 1418): open_input_stream(): devices = 0x80000004, rate = 8000, channels = 0x10
12-05 13:22:01.111 D/mot_vr_audio_hw( 1418): Created resampler for 16000->8000 Hz
12-05 13:22:01.111 D/ADSPD   ( 1411): Client cmd=0x4003, size=2
12-05 13:22:01.131 D/mot_vr_audio_hw( 1418): in_read waiting for hotword
12-05 13:22:01.131 D/mot_vr_audio_hw( 1418): dsp_recognizer_enabled = false
12-05 13:22:01.131 D/ADSPD   ( 1411): Client cmd=0x0003, size=4
12-05 13:22:01.131 D/ADSPD   ( 1411): Trying to send to dsp while in dsp in RESET
12-05 13:22:01.131 W/mot_vr_audio_hw( 1418): Not allowing wake() since DSP is disabled
12-05 13:22:01.141 W/mot_vr_audio_hw( 1418): Not allowing wake() since DSP is disabled
12-05 13:22:01.161 D/ADSPD   ( 1411): Client cmd=0x4003, size=2
12-05 13:22:01.161 D/ADSPD   ( 1411): DSP no longer used, turned off here
12-05 13:22:01.161 D/mot_vr_audio_hw( 1418): Input 0xb76ce858 close complete
12-05 13:22:01.821 D/dalvikvm( 1870): GC_FOR_ALLOC freed 3810K, 26% free 23004K/30752K, paused 74ms, total 74ms
12-05 13:22:01.941 D/dalvikvm( 1899): GC_FOR_ALLOC freed 259K, 28% free 2294K/3180K, paused 25ms, total 26ms
12-05 13:22:02.111 D/dalvikvm( 1870): GC_CONCURRENT freed 28K, 19% free 25006K/30752K, paused 10ms+12ms, total 139ms
12-05 13:22:02.142 I/ActivityManager( 1751): START u0 {act=android.intent.action.MAIN cat=[android.intent.category.HOME] flg=0x10000000 cmp=com.google.android.wearable.app/com.google.android.clockwork.home.HomeActivity (has extras)} from pid 1870 on display 0
12-05 13:22:02.192 E/bt-btif ( 2119): send none, EAGAIN or EWOULDBLOCK, errno:11
12-05 13:22:02.212 D/mot_vr_audio_hw( 1418): dsp_recognizer_enabled = true
12-05 13:22:02.212 D/ADSPD   ( 1411): Client cmd=0x0003, size=4
12-05 13:22:02.212 D/ADSPD   ( 1411): Trying to send to dsp while in dsp in RESET
12-05 13:22:02.212 D/mot_vr_audio_hw( 1418): open_input_stream(): devices = 0x80000004, rate = 8000, channels = 0x10
12-05 13:22:02.212 D/mot_vr_audio_hw( 1418): Created resampler for 16000->8000 Hz
12-05 13:22:02.212 D/ADSPD   ( 1411): Client cmd=0x4003, size=2
12-05 13:22:02.222 D/mot_vr_audio_hw( 1418): in_read waiting for hotword
12-05 13:22:02.232 D/mot_vr_audio_hw( 1418): dsp_recognizer_enabled = false
12-05 13:22:02.232 D/ADSPD   ( 1411): Client cmd=0x0003, size=4
12-05 13:22:02.232 D/ADSPD   ( 1411): Trying to send to dsp while in dsp in RESET
12-05 13:22:02.232 W/mot_vr_audio_hw( 1418): Not allowing wake() since DSP is disabled
12-05 13:22:02.242 W/mot_vr_audio_hw( 1418): Not allowing wake() since DSP is disabled
12-05 13:22:02.262 D/ADSPD   ( 1411): Client cmd=0x4003, size=2
12-05 13:22:02.262 D/ADSPD   ( 1411): DSP no longer used, turned off here
12-05 13:22:02.262 D/mot_vr_audio_hw( 1418): Input 0xb76ce858 close complete
12-05 13:22:02.352 D/dalvikvm( 1899): GC_FOR_ALLOC freed 203K, 28% free 2297K/3180K, paused 13ms, total 14ms
12-05 13:22:02.662 D/dalvikvm( 1870): GC_FOR_ALLOC freed 1075K, 19% free 25016K/30752K, paused 66ms, total 67ms
12-05 13:22:02.732 D/dalvikvm( 1899): GC_FOR_ALLOC freed 200K, 28% free 2294K/3180K, paused 35ms, total 35ms
12-05 13:22:02.812 I/ActivityManager( 1751): START u0 {act=android.intent.action.MAIN cat=[android.intent.category.HOME] flg=0x10000000 cmp=com.google.android.wearable.app/com.google.android.clockwork.home.HomeActivity (has extras)} from pid 1870 on display 0
12-05 13:22:02.862 D/mot_vr_audio_hw( 1418): dsp_recognizer_enabled = true
12-05 13:22:02.862 D/ADSPD   ( 1411): Client cmd=0x0003, size=4
12-05 13:22:02.862 D/ADSPD   ( 1411): Trying to send to dsp while in dsp in RESET
12-05 13:22:02.862 D/mot_vr_audio_hw( 1418): open_input_stream(): devices = 0x80000004, rate = 8000, channels = 0x10
12-05 13:22:02.862 D/mot_vr_audio_hw( 1418): Created resampler for 16000->8000 Hz
12-05 13:22:02.862 D/ADSPD   ( 1411): Client cmd=0x4003, size=2
12-05 13:22:02.882 D/mot_vr_audio_hw( 1418): in_read waiting for hotword
12-05 13:22:02.922 D/mot_vr_audio_hw( 1418): dsp_recognizer_enabled = false
12-05 13:22:02.922 D/ADSPD   ( 1411): Client cmd=0x0003, size=4
12-05 13:22:02.922 D/ADSPD   ( 1411): Trying to send to dsp while in dsp in RESET
12-05 13:22:02.922 W/mot_vr_audio_hw( 1418): Not allowing wake() since DSP is disabled
12-05 13:22:02.932 W/mot_vr_audio_hw( 1418): Not allowing wake() since DSP is disabled
12-05 13:22:02.962 D/ADSPD   ( 1411): Client cmd=0x4003, size=2
12-05 13:22:02.962 D/ADSPD   ( 1411): DSP no longer used, turned off here
12-05 13:22:02.962 D/mot_vr_audio_hw( 1418): Input 0xb76ce858 close complete
12-05 13:22:02.972 D/dalvikvm( 1899): GC_FOR_ALLOC freed 168K, 28% free 2291K/3180K, paused 33ms, total 34ms
12-05 13:22:05.044 W/bt-btif ( 2119): dm_pm_timer expires
12-05 13:22:05.044 W/bt-btif ( 2119): dm_pm_timer expires 0
12-05 13:22:05.044 W/bt-btif ( 2119): proc dm_pm_timer expires
12-05 13:23:32.527 I/ActivityManager( 1751): START u0 {act=android.intent.action.MAIN cat=[android.intent.category.HOME] flg=0x10000000 cmp=com.google.android.wearable.app/com.google.android.clockwork.home.HomeActivity (has extras)} from pid 1870 on display 0
12-05 13:23:32.547 W/HomeRowListAdapter( 1870): onRelease() called on an unknown row.
12-05 13:23:32.547 W/HomeRowListAdapter( 1870): onRelease() called on an unknown row.
12-05 13:23:32.547 D/mot_vr_audio_hw( 1418): dsp_recognizer_enabled = true
12-05 13:23:32.547 D/ADSPD   ( 1411): Client cmd=0x0003, size=4
12-05 13:23:32.547 D/ADSPD   ( 1411): Trying to send to dsp while in dsp in RESET
12-05 13:23:32.547 D/mot_vr_audio_hw( 1418): open_input_stream(): devices = 0x80000004, rate = 8000, channels = 0x10
12-05 13:23:32.547 D/mot_vr_audio_hw( 1418): Created resampler for 16000->8000 Hz
12-05 13:23:32.547 D/ADSPD   ( 1411): Client cmd=0x4003, size=2
12-05 13:23:32.567 D/mot_vr_audio_hw( 1418): in_read waiting for hotword
12-05 13:23:32.567 D/mot_vr_audio_hw( 1418): dsp_recognizer_enabled = false
12-05 13:23:32.567 D/ADSPD   ( 1411): Client cmd=0x0003, size=4
12-05 13:23:32.567 D/ADSPD   ( 1411): Trying to send to dsp while in dsp in RESET
12-05 13:23:32.567 W/mot_vr_audio_hw( 1418): Not allowing wake() since DSP is disabled
12-05 13:23:32.577 W/mot_vr_audio_hw( 1418): Not allowing wake() since DSP is disabled
12-05 13:23:32.597 D/ADSPD   ( 1411): Client cmd=0x4003, size=2
12-05 13:23:32.597 D/ADSPD   ( 1411): DSP no longer used, turned off here
12-05 13:23:32.597 D/mot_vr_audio_hw( 1418): Input 0xb76ce858 close complete
12-05 13:23:33.458 D/dalvikvm( 1870): GC_FOR_ALLOC freed 3807K, 26% free 23005K/30752K, paused 62ms, total 63ms
12-05 13:23:33.718 D/dalvikvm( 1870): GC_CONCURRENT freed 28K, 19% free 25007K/30752K, paused 11ms+18ms, total 140ms
12-05 13:23:33.738 I/ActivityManager( 1751): START u0 {act=android.intent.action.MAIN cat=[android.intent.category.HOME] flg=0x10000000 cmp=com.google.android.wearable.app/com.google.android.clockwork.home.HomeActivity (has extras)} from pid 1870 on display 0
12-05 13:23:33.758 D/dalvikvm( 1899): GC_FOR_ALLOC freed 230K, 28% free 2290K/3180K, paused 55ms, total 59ms
12-05 13:23:33.818 D/mot_vr_audio_hw( 1418): dsp_recognizer_enabled = true
12-05 13:23:33.818 D/ADSPD   ( 1411): Client cmd=0x0003, size=4
12-05 13:23:33.818 D/ADSPD   ( 1411): Trying to send to dsp while in dsp in RESET
12-05 13:23:33.818 D/mot_vr_audio_hw( 1418): open_input_stream(): devices = 0x80000004, rate = 8000, channels = 0x10
12-05 13:23:33.818 D/mot_vr_audio_hw( 1418): Created resampler for 16000->8000 Hz
12-05 13:23:33.818 D/ADSPD   ( 1411): Client cmd=0x4003, size=2
12-05 13:23:33.848 D/mot_vr_audio_hw( 1418): in_read waiting for hotword
12-05 13:23:33.858 D/mot_vr_audio_hw( 1418): dsp_recognizer_enabled = false
12-05 13:23:33.858 D/ADSPD   ( 1411): Client cmd=0x0003, size=4
12-05 13:23:33.858 D/ADSPD   ( 1411): Trying to send to dsp while in dsp in RESET
12-05 13:23:33.858 W/mot_vr_audio_hw( 1418): Not allowing wake() since DSP is disabled
12-05 13:23:33.868 W/mot_vr_audio_hw( 1418): Not allowing wake() since DSP is disabled
12-05 13:23:33.898 D/ADSPD   ( 1411): Client cmd=0x4003, size=2
12-05 13:23:33.898 D/ADSPD   ( 1411): DSP no longer used, turned off here
12-05 13:23:33.898 D/mot_vr_audio_hw( 1418): Input 0xb76ce858 close complete
12-05 13:23:33.978 D/dalvikvm( 1899): GC_FOR_ALLOC freed 187K, 29% free 2279K/3180K, paused 16ms, total 16ms
12-05 13:23:34.169 D/dalvikvm( 1870): GC_FOR_ALLOC freed 1072K, 19% free 25019K/30752K, paused 31ms, total 32ms
12-05 13:23:34.299 I/ActivityManager( 1751): START u0 {act=android.intent.action.MAIN cat=[android.intent.category.HOME] flg=0x10000000 cmp=com.google.android.wearable.app/com.google.android.clockwork.home.HomeActivity (has extras)} from pid 1870 on display 0
12-05 13:23:34.329 D/mot_vr_audio_hw( 1418): dsp_recognizer_enabled = true
12-05 13:23:34.329 D/ADSPD   ( 1411): Client cmd=0x0003, size=4
12-05 13:23:34.329 D/ADSPD   ( 1411): Trying to send to dsp while in dsp in RESET
12-05 13:23:34.329 D/mot_vr_audio_hw( 1418): open_input_stream(): devices = 0x80000004, rate = 8000, channels = 0x10
12-05 13:23:34.329 D/mot_vr_audio_hw( 1418): Created resampler for 16000->8000 Hz
12-05 13:23:34.339 D/ADSPD   ( 1411): Client cmd=0x4003, size=2
12-05 13:23:34.339 D/mot_vr_audio_hw( 1418): in_read waiting for hotword
12-05 13:23:34.359 D/mot_vr_audio_hw( 1418): dsp_recognizer_enabled = false
12-05 13:23:34.359 D/ADSPD   ( 1411): Client cmd=0x0003, size=4
12-05 13:23:34.359 D/ADSPD   ( 1411): Trying to send to dsp while in dsp in RESET
12-05 13:23:34.359 W/mot_vr_audio_hw( 1418): Not allowing wake() since DSP is disabled
12-05 13:23:34.369 W/mot_vr_audio_hw( 1418): Not allowing wake() since DSP is disabled
12-05 13:23:34.389 D/ADSPD   ( 1411): Client cmd=0x4003, size=2
12-05 13:23:34.389 D/ADSPD   ( 1411): DSP no longer used, turned off here
12-05 13:23:34.389 D/mot_vr_audio_hw( 1418): Input 0xb76ce858 close complete
12-05 13:23:36.421 W/bt-btif ( 2119): dm_pm_timer expires
12-05 13:23:36.421 W/bt-btif ( 2119): dm_pm_timer expires 0
12-05 13:23:36.421 W/bt-btif ( 2119): proc dm_pm_timer expires
12-05 13:23:39.430 W/bt-btif ( 2119): dm_pm_timer expires
12-05 13:23:39.430 W/bt-btif ( 2119): dm_pm_timer expires 0
12-05 13:23:39.430 W/bt-btif ( 2119): proc dm_pm_timer expires
12-05 13:25:29.020 D/dalvikvm( 2237): GC_CONCURRENT freed 424K, 23% free 2271K/2932K, paused 12ms+1ms, total 29ms
12-05 13:27:30.000 I/ActivityManager( 1751): Delay finish: com.motorola.targetnotif/com.motorola.omni.NotificationAlarmReceiver
12-05 13:27:30.010 I/ActivityManager( 1751): Resuming delayed broadcast
12-05 13:27:30.020 D/ConnectivityService( 1751): Sampling interval elapsed, updating statistics ..
12-05 13:27:30.040 D/ConnectivityService( 1751): Done.
12-05 13:27:30.040 D/ConnectivityService( 1751): Setting timer for 720seconds
12-05 13:27:30.080 I/ActivityManager( 1751): Delay finish: com.google.android.gms/.checkin.EventLogService$Receiver
12-05 13:27:30.100 I/EventLogService( 1884): Aggregate from 1417805171213 (log), 1417805171213 (data)
12-05 13:27:30.211 I/ActivityManager( 1751): Resuming delayed broadcast
12-05 13:27:46.038 I/ActivityManager( 1751): START u0 {act=android.intent.action.MAIN cat=[android.intent.category.HOME] flg=0x10000000 cmp=com.google.android.wearable.app/com.google.android.clockwork.home.HomeActivity (has extras)} from pid 1870 on display 0
12-05 13:27:46.058 W/HomeRowListAdapter( 1870): onRelease() called on an unknown row.
12-05 13:27:46.058 W/HomeRowListAdapter( 1870): onRelease() called on an unknown row.
12-05 13:27:46.058 D/mot_vr_audio_hw( 1418): dsp_recognizer_enabled = true
12-05 13:27:46.058 D/ADSPD   ( 1411): Client cmd=0x0003, size=4
12-05 13:27:46.058 D/ADSPD   ( 1411): Trying to send to dsp while in dsp in RESET
12-05 13:27:46.058 D/mot_vr_audio_hw( 1418): open_input_stream(): devices = 0x80000004, rate = 8000, channels = 0x10
12-05 13:27:46.058 D/mot_vr_audio_hw( 1418): Created resampler for 16000->8000 Hz
12-05 13:27:46.058 D/ADSPD   ( 1411): Client cmd=0x4003, size=2
12-05 13:27:46.078 D/mot_vr_audio_hw( 1418): in_read waiting for hotword
12-05 13:27:46.078 D/mot_vr_audio_hw( 1418): dsp_recognizer_enabled = false
12-05 13:27:46.078 D/ADSPD   ( 1411): Client cmd=0x0003, size=4
12-05 13:27:46.078 D/ADSPD   ( 1411): Trying to send to dsp while in dsp in RESET
12-05 13:27:46.078 W/mot_vr_audio_hw( 1418): Not allowing wake() since DSP is disabled
12-05 13:27:46.088 W/mot_vr_audio_hw( 1418): Not allowing wake() since DSP is disabled
12-05 13:27:46.108 D/ADSPD   ( 1411): Client cmd=0x4003, size=2
12-05 13:27:46.108 D/ADSPD   ( 1411): DSP no longer used, turned off here
12-05 13:27:46.108 D/mot_vr_audio_hw( 1418): Input 0xb76ce858 close complete
12-05 13:27:47.600 D/dalvikvm( 1870): GC_FOR_ALLOC freed 3817K, 26% free 23007K/30752K, paused 46ms, total 46ms
12-05 13:27:47.720 D/dalvikvm( 1870): GC_CONCURRENT freed 27K, 19% free 25010K/30752K, paused 4ms+7ms, total 63ms
12-05 13:27:47.780 I/ActivityManager( 1751): START u0 {act=android.intent.action.MAIN cat=[android.intent.category.HOME] flg=0x10000000 cmp=com.google.android.wearable.app/com.google.android.clockwork.home.HomeActivity (has extras)} from pid 1870 on display 0
12-05 13:27:47.810 D/mot_vr_audio_hw( 1418): dsp_recognizer_enabled = true
12-05 13:27:47.810 D/ADSPD   ( 1411): Client cmd=0x0003, size=4
12-05 13:27:47.810 D/ADSPD   ( 1411): Trying to send to dsp while in dsp in RESET
12-05 13:27:47.810 D/mot_vr_audio_hw( 1418): open_input_stream(): devices = 0x80000004, rate = 8000, channels = 0x10
12-05 13:27:47.810 D/mot_vr_audio_hw( 1418): Created resampler for 16000->8000 Hz
12-05 13:27:47.810 D/ADSPD   ( 1411): Client cmd=0x4003, size=2
12-05 13:27:47.830 D/mot_vr_audio_hw( 1418): in_read waiting for hotword
12-05 13:27:47.830 D/mot_vr_audio_hw( 1418): dsp_recognizer_enabled = false
12-05 13:27:47.830 D/ADSPD   ( 1411): Client cmd=0x0003, size=4
12-05 13:27:47.830 D/ADSPD   ( 1411): Trying to send to dsp while in dsp in RESET
12-05 13:27:47.830 W/mot_vr_audio_hw( 1418): Not allowing wake() since DSP is disabled
12-05 13:27:47.840 W/mot_vr_audio_hw( 1418): Not allowing wake() since DSP is disabled
12-05 13:27:47.860 D/ADSPD   ( 1411): Client cmd=0x4003, size=2
12-05 13:27:47.860 D/ADSPD   ( 1411): DSP no longer used, turned off here
12-05 13:27:47.860 D/mot_vr_audio_hw( 1418): Input 0xb76ce858 close complete
12-05 13:27:48.000 D/dalvikvm( 1899): GC_FOR_ALLOC freed 246K, 28% free 2310K/3180K, paused 23ms, total 23ms
12-05 13:27:48.370 D/dalvikvm( 1899): GC_FOR_ALLOC freed 203K, 28% free 2294K/3180K, paused 15ms, total 15ms
12-05 13:27:49.011 D/dalvikvm( 1870): GC_FOR_ALLOC freed 1074K, 19% free 25021K/30752K, paused 32ms, total 33ms
12-05 13:27:49.141 I/ActivityManager( 1751): START u0 {act=android.intent.action.MAIN cat=[android.intent.category.HOME] flg=0x10000000 cmp=com.google.android.wearable.app/com.google.android.clockwork.home.HomeActivity (has extras)} from pid 1870 on display 0
12-05 13:27:49.171 D/mot_vr_audio_hw( 1418): dsp_recognizer_enabled = true
12-05 13:27:49.171 D/ADSPD   ( 1411): Client cmd=0x0003, size=4
12-05 13:27:49.171 D/ADSPD   ( 1411): Trying to send to dsp while in dsp in RESET
12-05 13:27:49.171 D/mot_vr_audio_hw( 1418): open_input_stream(): devices = 0x80000004, rate = 8000, channels = 0x10
12-05 13:27:49.171 D/mot_vr_audio_hw( 1418): Created resampler for 16000->8000 Hz
12-05 13:27:49.171 D/ADSPD   ( 1411): Client cmd=0x4003, size=2
12-05 13:27:49.181 D/mot_vr_audio_hw( 1418): in_read waiting for hotword
12-05 13:27:49.201 D/mot_vr_audio_hw( 1418): dsp_recognizer_enabled = false
12-05 13:27:49.201 D/ADSPD   ( 1411): Client cmd=0x0003, size=4
12-05 13:27:49.201 D/ADSPD   ( 1411): Trying to send to dsp while in dsp in RESET
12-05 13:27:49.201 W/mot_vr_audio_hw( 1418): Not allowing wake() since DSP is disabled
12-05 13:27:49.211 W/mot_vr_audio_hw( 1418): Not allowing wake() since DSP is disabled
12-05 13:27:49.231 D/ADSPD   ( 1411): Client cmd=0x4003, size=2
12-05 13:27:49.231 D/ADSPD   ( 1411): DSP no longer used, turned off here
12-05 13:27:49.231 D/mot_vr_audio_hw( 1418): Input 0xb76ce858 close complete
12-05 13:27:49.291 D/dalvikvm( 1899): GC_FOR_ALLOC freed 188K, 28% free 2308K/3180K, paused 33ms, total 33ms
12-05 13:27:49.902 D/dalvikvm( 1899): GC_FOR_ALLOC freed 165K, 29% free 2289K/3180K, paused 13ms, total 14ms
12-05 13:27:50.432 I/ActivityManager( 1751): START u0 {act=android.intent.action.MAIN cat=[android.intent.category.HOME] flg=0x10000000 cmp=com.google.android.wearable.app/com.google.android.clockwork.home.HomeActivity (has extras)} from pid 1870 on display 0
12-05 13:27:50.442 W/HomeRowListAdapter( 1870): onRelease() called on an unknown row.
12-05 13:27:50.442 W/HomeRowListAdapter( 1870): onRelease() called on an unknown row.
12-05 13:27:50.442 D/mot_vr_audio_hw( 1418): dsp_recognizer_enabled = true
12-05 13:27:50.442 D/ADSPD   ( 1411): Client cmd=0x0003, size=4
12-05 13:27:50.442 D/ADSPD   ( 1411): Trying to send to dsp while in dsp in RESET
12-05 13:27:50.452 D/mot_vr_audio_hw( 1418): open_input_stream(): devices = 0x80000004, rate = 8000, channels = 0x10
12-05 13:27:50.452 D/mot_vr_audio_hw( 1418): Created resampler for 16000->8000 Hz
12-05 13:27:50.452 D/ADSPD   ( 1411): Client cmd=0x4003, size=2
12-05 13:27:50.462 D/mot_vr_audio_hw( 1418): in_read waiting for hotword
12-05 13:27:50.462 D/mot_vr_audio_hw( 1418): dsp_recognizer_enabled = false
12-05 13:27:50.462 D/ADSPD   ( 1411): Client cmd=0x0003, size=4
12-05 13:27:50.472 D/ADSPD   ( 1411): Trying to send to dsp while in dsp in RESET
12-05 13:27:50.472 W/mot_vr_audio_hw( 1418): Not allowing wake() since DSP is disabled
12-05 13:27:50.482 W/mot_vr_audio_hw( 1418): Not allowing wake() since DSP is disabled
12-05 13:27:50.503 D/ADSPD   ( 1411): Client cmd=0x4003, size=2
12-05 13:27:50.503 D/ADSPD   ( 1411): DSP no longer used, turned off here
12-05 13:27:50.503 D/mot_vr_audio_hw( 1418): Input 0xb76ce858 close complete
12-05 13:27:52.074 D/dalvikvm( 1870): GC_FOR_ALLOC freed 3806K, 26% free 23008K/30752K, paused 40ms, total 40ms
12-05 13:27:52.174 D/dalvikvm( 1870): GC_CONCURRENT freed 28K, 19% free 25010K/30752K, paused 10ms+6ms, total 60ms
12-05 13:27:52.254 I/ActivityManager( 1751): START u0 {act=android.intent.action.MAIN cat=[android.intent.category.HOME] flg=0x10000000 cmp=com.google.android.wearable.app/com.google.android.clockwork.home.HomeActivity (has extras)} from pid 1870 on display 0
12-05 13:27:52.304 D/mot_vr_audio_hw( 1418): dsp_recognizer_enabled = true
12-05 13:27:52.304 D/ADSPD   ( 1411): Client cmd=0x0003, size=4
12-05 13:27:52.304 D/ADSPD   ( 1411): Trying to send to dsp while in dsp in RESET
12-05 13:27:52.304 D/mot_vr_audio_hw( 1418): open_input_stream(): devices = 0x80000004, rate = 8000, channels = 0x10
12-05 13:27:52.304 D/mot_vr_audio_hw( 1418): Created resampler for 16000->8000 Hz
12-05 13:27:52.304 D/ADSPD   ( 1411): Client cmd=0x4003, size=2
12-05 13:27:52.324 D/mot_vr_audio_hw( 1418): in_read waiting for hotword
12-05 13:27:52.334 D/mot_vr_audio_hw( 1418): dsp_recognizer_enabled = false
12-05 13:27:52.334 D/ADSPD   ( 1411): Client cmd=0x0003, size=4
12-05 13:27:52.334 D/ADSPD   ( 1411): Trying to send to dsp while in dsp in RESET
12-05 13:27:52.344 W/mot_vr_audio_hw( 1418): Not allowing wake() since DSP is disabled
12-05 13:27:52.354 W/mot_vr_audio_hw( 1418): Not allowing wake() since DSP is disabled
12-05 13:27:52.374 D/ADSPD   ( 1411): Client cmd=0x4003, size=2
12-05 13:27:52.374 D/ADSPD   ( 1411): DSP no longer used, turned off here
12-05 13:27:52.374 D/mot_vr_audio_hw( 1418): Input 0xb76ce858 close complete
12-05 13:27:52.424 D/dalvikvm( 1899): GC_FOR_ALLOC freed 225K, 28% free 2291K/3180K, paused 44ms, total 47ms
12-05 13:27:53.085 D/dalvikvm( 1899): GC_FOR_ALLOC freed 207K, 29% free 2282K/3180K, paused 34ms, total 46ms
12-05 13:27:53.545 D/dalvikvm( 1751): GC_EXPLICIT freed 603K, 30% free 4902K/6916K, paused 5ms+9ms, total 84ms
12-05 13:27:53.646 D/dalvikvm( 1899): GC_FOR_ALLOC freed 192K, 28% free 2291K/3180K, paused 58ms, total 67ms
12-05 13:27:53.666 D/dalvikvm( 1870): GC_FOR_ALLOC freed 2096K, 22% free 24008K/30752K, paused 108ms, total 109ms
12-05 13:27:53.816 I/ActivityManager( 1751): START u0 {act=android.intent.action.MAIN cat=[android.intent.category.HOME] flg=0x10000000 cmp=com.google.android.wearable.app/com.google.android.clockwork.home.HomeActivity (has extras)} from pid 1870 on display 0
12-05 13:27:53.856 D/mot_vr_audio_hw( 1418): dsp_recognizer_enabled = true
12-05 13:27:53.856 D/ADSPD   ( 1411): Client cmd=0x0003, size=4
12-05 13:27:53.856 D/ADSPD   ( 1411): Trying to send to dsp while in dsp in RESET
12-05 13:27:53.866 D/mot_vr_audio_hw( 1418): open_input_stream(): devices = 0x80000004, rate = 8000, channels = 0x10
12-05 13:27:53.866 D/mot_vr_audio_hw( 1418): Created resampler for 16000->8000 Hz
12-05 13:27:53.866 D/ADSPD   ( 1411): Client cmd=0x4003, size=2
12-05 13:27:53.876 D/mot_vr_audio_hw( 1418): in_read waiting for hotword
12-05 13:27:53.896 D/mot_vr_audio_hw( 1418): dsp_recognizer_enabled = false
12-05 13:27:53.896 D/ADSPD   ( 1411): Client cmd=0x0003, size=4
12-05 13:27:53.906 D/ADSPD   ( 1411): Trying to send to dsp while in dsp in RESET
12-05 13:27:53.906 W/mot_vr_audio_hw( 1418): Not allowing wake() since DSP is disabled
12-05 13:27:53.916 W/mot_vr_audio_hw( 1418): Not allowing wake() since DSP is disabled
12-05 13:27:53.936 D/ADSPD   ( 1411): Client cmd=0x4003, size=2
12-05 13:27:53.936 D/ADSPD   ( 1411): DSP no longer used, turned off here
12-05 13:27:53.936 D/mot_vr_audio_hw( 1418): Input 0xb76ce858 close complete
12-05 13:27:54.186 D/dalvikvm( 1899): GC_FOR_ALLOC freed 184K, 29% free 2279K/3180K, paused 18ms, total 18ms
12-05 13:27:56.398 W/bt-btif ( 2119): dm_pm_timer expires
12-05 13:27:56.398 W/bt-btif ( 2119): dm_pm_timer expires 0
12-05 13:27:56.398 W/bt-btif ( 2119): proc dm_pm_timer expires
12-05 13:28:31.010 I/Fitness ( 1967): FlushServiceReceiver.onReceive
12-05 13:28:31.020 I/ActivityManager( 1751): Delay finish: com.google.android.gms/.fitness.store.buffer.FlushServiceReceiver
12-05 13:28:31.191 I/ActivityManager( 1751): Resuming delayed broadcast
12-05 13:28:36.552 D/SensorHALGestureSensor( 1751): Gesture event received! time = 1417807716554557758
12-05 13:28:36.552 I/PowerManagerService( 1751): Waking up from sleep...
12-05 13:28:36.552 W/KeyguardServiceDelegate( 1751): onScreenTurnedOn(): no keyguard service!
12-05 13:28:36.692 D/PowerManagerService-JNI( 1751): Excessive delay in autosuspend_disable() while turning screen on: 131ms
12-05 13:28:36.692 D/MinnowPowerHAL( 1751): power_set_interactive: 1
12-05 13:28:36.692 D/MinnowPowerHAL( 1751): sysfs_write: /sys/devices/platform/omapdss/display0/interactivemode 1
12-05 13:28:36.722 D/MinnowPowerHAL( 1751): sysfs_write: /sys/devices/ocp.2/i2c.6/i2c-0/0-004a/interactivemode 1
12-05 13:28:36.722 D/MinnowPowerHAL( 1751): sysfs_write: /sys/class/leds/lcd-backlight/interactive 1
12-05 13:28:36.722 D/mot_vr_audio_hw( 1751): dsp_set_pm_state = on
12-05 13:28:36.722 D/ADSPD   ( 1411): Client cmd=0x4002, size=2
12-05 13:28:36.722 D/ADSPD   ( 1411): DSP_CMD_DAEMON_SET_PM_STATE : 1
12-05 13:28:36.722 D/PowerManagerService-JNI( 1751): Excessive delay in setInteractive(true) while turning screen on: 34ms
12-05 13:28:36.732 V/WearActivity( 2051): Resume!
12-05 13:28:36.732 V/MyViewAnim( 2051): success getting new surface holder
12-05 13:28:36.742 W/InputMethodManagerService( 1751): Ignoring setImeWindowStatus of uid 1000 token: null
12-05 13:28:36.792 D/mot_vr_audio_hw( 1418): dsp_recognizer_enabled = true
12-05 13:28:36.792 D/mot_vr_audio_hw( 1418): open_input_stream(): devices = 0x80000004, rate = 8000, channels = 0x10
12-05 13:28:36.792 D/mot_vr_audio_hw( 1418): Created resampler for 16000->8000 Hz
12-05 13:28:36.822 D/mot_vr_audio_hw( 1418): in_read waiting for hotword
12-05 13:28:36.862 D/SurfaceFlinger( 1416): Screen acquired, type=0 flinger=0xb7fe9448
12-05 13:28:36.862 D/hwcomposer( 1416): hwc_blank(0: 0)
12-05 13:28:36.862 I/DisplayManagerService( 1751): Display device changed: DisplayDeviceInfo{"Built-in Screen": 320 x 290, 45.000004 fps, density 213, 203.2 x 204.61111 dpi, touch INTERNAL, rotation 0, type BUILT_IN, state ON, FLAG_DEFAULT_DISPLAY, FLAG_ROTATES_WITH_CONTENT, FLAG_SECURE, FLAG_SUPPORTS_PROTECTED_BUFFERS}
12-05 13:28:36.862 V/ActivityManager( 1751): Display changed displayId=0
12-05 13:28:36.882 V/WearActivity( 2051): display changed: 0, new state: 2
12-05 13:28:36.882 V/WearActivity( 2051): onDisplayChanged: on!
12-05 13:28:36.882 V/WearActivity( 2051): killing alarms
12-05 13:28:36.882 V/WearActivity( 2051): startHelper: putting it all back together again
12-05 13:28:36.882 V/WearActivity( 2051): initAlarm: setting up
12-05 13:28:36.892 I/ClockFace( 2051): Ambient mode: false
12-05 13:28:36.932 V/MyViewAnim( 2051): resumeMaxHertz
12-05 13:28:36.932 V/ClockFace( 2051): clearing caches
12-05 13:28:36.932 V/MyViewAnim( 2051): starting new animator
12-05 13:28:36.932 V/MyViewAnim( 2051): Time listener is up!
12-05 13:28:36.932 V/MyViewAnim( 2051): starting new draw thread
12-05 13:28:36.952 D/SensorHAL( 1751): adjustSensorHandle: handle = 9 adjustedHandle = 1
12-05 13:28:36.952 D/SensorHAL( 1751): adjustSensorHandle: handle = 9 adjustedHandle = 1
12-05 13:28:36.982 V/ClockFace( 2051): rendering new face, faceMode(0)
12-05 13:28:37.002 V/ClockFace( 2051): fetching new battery status (34574)
12-05 13:28:37.002 V/ClockFace( 2051): battery at 0.74
12-05 13:28:37.022 E/ADSPD   ( 1411): Timeout on select()
12-05 13:28:37.022 E/ADSPD   ( 1411): NO ACK received after loading firmware
12-05 13:28:37.022 E/ADSPD   ( 1411): Unknown ACK received 0x00
12-05 13:28:37.022 D/ADSPD   ( 1411): Client cmd=0x0003, size=4
12-05 13:28:37.042 D/ADSPD   ( 1411): Received from DSP: cmd=0x8003, size=2
12-05 13:28:37.042 D/ADSPD   ( 1411): Client cmd=0x4003, size=2
12-05 13:28:37.042 D/mot_vr_audio_hw( 1418): received recognition control callback, status 0
12-05 13:28:37.322 D/SensorHAL( 1751): adjustSensorHandle: handle = 9 adjustedHandle = 1
12-05 13:28:38.944 W/bt-btif ( 2119): dm_pm_timer expires
12-05 13:28:38.944 W/bt-btif ( 2119): dm_pm_timer expires 0
12-05 13:28:38.944 W/bt-btif ( 2119): proc dm_pm_timer expires
12-05 13:28:41.677 W/HomeRowListAdapter( 1870): onRelease() called on an unknown row.
12-05 13:28:41.687 W/HomeRowListAdapter( 1870): onRelease() called on an unknown row.
12-05 13:28:41.747 I/PowerManagerService( 1751): Going to sleep due to screen timeout...
12-05 13:28:41.747 I/PowerManagerService( 1751): Dozing...
12-05 13:28:41.757 I/DreamController( 1751): Starting dream: name=ComponentInfo{com.google.android.wearable.app/com.google.android.clockwork.home.AmbientMode}, isTest=false, canDoze=true, userId=0
12-05 13:28:41.817 I/ActivityManager( 1751): START u0 {act=android.intent.action.MAIN cat=[android.intent.category.HOME] flg=0x10000000 cmp=com.google.android.wearable.app/com.google.android.clockwork.home.HomeActivity (has extras)} from pid 1870 on display 0
12-05 13:28:41.817 I/DreamController( 1751): Stopping dream: name=ComponentInfo{com.google.android.wearable.app/com.google.android.clockwork.home.AmbientMode}, isTest=false, canDoze=true, userId=0
12-05 13:28:41.827 I/PowerManagerService( 1751): Sleeping...
12-05 13:28:41.907 I/AmbientMode( 1870): Ambient mode started: canDoze=true, dozeHardware=null
12-05 13:28:41.907 D/mot_vr_audio_hw( 1418): dsp_recognizer_enabled = false
12-05 13:28:41.907 D/ADSPD   ( 1411): Client cmd=0x0003, size=4
12-05 13:28:41.907 D/mot_vr_audio_hw( 1418): Switching DSP to standby/passthrough mode
12-05 13:28:41.907 D/mot_vr_audio_hw( 1418): Input 0xb76ce858 ready to read
12-05 13:28:41.927 D/ADSPD   ( 1411): Received from DSP: cmd=0x8003, size=2
12-05 13:28:41.927 D/ADSPD   ( 1411): Client cmd=0x0003, size=4
12-05 13:28:41.927 D/mot_vr_audio_hw( 1418): received recognition control callback, status 0
12-05 13:28:41.937 D/ADSPD   ( 1411): Received from DSP: cmd=0x8003, size=2
12-05 13:28:41.937 D/mot_vr_audio_hw( 1418): received recognition control callback, status 0
12-05 13:28:41.957 W/mot_vr_audio_hw( 1418): Discarded 10 buffers without finding audio data
12-05 13:28:41.977 D/ADSPD   ( 1411): Client cmd=0x0003, size=4
12-05 13:28:41.977 D/mot_vr_audio_hw( 1418): Re-arming DSP
12-05 13:28:41.977 D/mot_vr_audio_hw( 1418): Input 0xb76ce858 standby complete
12-05 13:28:41.987 D/mot_vr_audio_hw( 1418): Input 0xb76ce858 close complete
12-05 13:28:41.987 D/ADSPD   ( 1411): Received from DSP: cmd=0x8003, size=2
12-05 13:28:41.987 D/ADSPD   ( 1411): Client cmd=0x4003, size=2
12-05 13:28:41.987 D/mot_vr_audio_hw( 1418): received recognition control callback, status 0
12-05 13:28:41.997 D/mot_vr_audio_hw( 1418): dsp_recognizer_enabled = true
12-05 13:28:41.997 D/ADSPD   ( 1411): Client cmd=0x0003, size=4
12-05 13:28:41.997 D/mot_vr_audio_hw( 1418): open_input_stream(): devices = 0x80000004, rate = 8000, channels = 0x10
12-05 13:28:41.997 D/mot_vr_audio_hw( 1418): Created resampler for 16000->8000 Hz
12-05 13:28:42.007 D/ADSPD   ( 1411): Received from DSP: cmd=0x8003, size=2
12-05 13:28:42.007 D/ADSPD   ( 1411): Client cmd=0x4003, size=2
12-05 13:28:42.007 D/mot_vr_audio_hw( 1418): received recognition control callback, status 0
12-05 13:28:42.017 I/AmbientMode( 1870): Dream ended: isDozing=true
12-05 13:28:42.027 D/mot_vr_audio_hw( 1418): in_read waiting for hotword
12-05 13:28:42.467 D/LightsService( 1751): Excessive delay setting light: 104ms
12-05 13:28:42.467 D/SurfaceFlinger( 1416): Screen released, type=0 flinger=0xb7fe9448
12-05 13:28:42.607 D/hwcomposer( 1416): hwc_blank(0: 1)
12-05 13:28:42.607 D/SurfaceControl( 1751): Excessive delay in blankDisplay() while turning screen off: 140ms
12-05 13:28:42.627 I/DisplayManagerService( 1751): Display device changed: DisplayDeviceInfo{"Built-in Screen": 320 x 290, 45.000004 fps, density 213, 203.2 x 204.61111 dpi, touch INTERNAL, rotation 0, type BUILT_IN, state OFF, FLAG_DEFAULT_DISPLAY, FLAG_ROTATES_WITH_CONTENT, FLAG_SECURE, FLAG_SUPPORTS_PROTECTED_BUFFERS}
12-05 13:28:42.627 V/ActivityManager( 1751): Display changed displayId=0
12-05 13:28:42.637 V/WearActivity( 2051): display changed: 0, new state: 1
12-05 13:28:42.637 I/TimeWrapper( 2051): FPS: 38.54936, samples: 221
12-05 13:28:42.637 I/TimeWrapper( 2051): Min/Avg/Max frame render speed (ms): 5.401611 / 7.577749 / 67.65747
12-05 13:28:42.637 I/TimeWrapper( 2051): Waketime: 29.211739%
12-05 13:28:42.637 V/MyViewAnim( 2051): redrawSlow: resume -> 1
12-05 13:28:42.637 V/MyViewAnim( 2051): redrawSlow: startHelper -> 1
12-05 13:28:42.637 V/WearActivity( 2051): onDisplayChanged: off!
12-05 13:28:42.637 V/WearActivity( 2051): stopHelper: shutting things down
12-05 13:28:42.678 V/WearActivity( 2051): killing alarms
12-05 13:28:42.678 V/MyViewAnim( 2051): stopping animation!
12-05 13:28:42.678 V/MyViewAnim( 2051): killDrawThread
12-05 13:28:42.678 I/ClockFace( 2051): Ambient mode: false
12-05 13:28:42.688 V/MyViewAnim/PanelThread( 2051): looper finished!
12-05 13:28:42.688 V/MyViewAnim/PanelThread( 2051): draw thread termination
12-05 13:28:42.868 D/MinnowPowerHAL( 1751): power_set_interactive: 0
12-05 13:28:42.868 D/MinnowPowerHAL( 1751): sysfs_write: /sys/devices/platform/omapdss/display0/interactivemode 0
12-05 13:28:42.878 D/MinnowPowerHAL( 1751): sysfs_write: /sys/devices/ocp.2/i2c.6/i2c-0/0-004a/interactivemode 0
12-05 13:28:42.878 D/MinnowPowerHAL( 1751): sysfs_write: /sys/class/leds/lcd-backlight/interactive 0
12-05 13:28:42.878 D/mot_vr_audio_hw( 1751): dsp_set_pm_state = off
12-05 13:28:42.878 D/ADSPD   ( 1411): Client cmd=0x4002, size=2
12-05 13:28:42.878 D/ADSPD   ( 1411): DSP_CMD_DAEMON_SET_PM_STATE : 0
12-05 13:28:42.878 D/ADSPD   ( 1411): DSP not turned off as still being used
12-05 13:28:42.878 V/WearActivity( 2051): Pause!
12-05 13:28:42.888 V/WearActivity( 2051): Stop!
12-05 13:28:42.898 D/mot_vr_audio_hw( 1418): dsp_recognizer_enabled = false
12-05 13:28:42.898 D/ADSPD   ( 1411): Client cmd=0x0003, size=4
12-05 13:28:42.898 D/ADSPD   ( 1411): Trying to send to dsp while in dsp in RESET
12-05 13:28:42.898 W/mot_vr_audio_hw( 1418): Not allowing wake() since DSP is disabled
12-05 13:28:42.898 W/InputMethodManagerService( 1751): Ignoring setImeWindowStatus of uid 1000 token: null
12-05 13:28:42.908 W/mot_vr_audio_hw( 1418): Not allowing wake() since DSP is disabled
12-05 13:28:42.928 D/ADSPD   ( 1411): Client cmd=0x4003, size=2
12-05 13:28:42.928 D/ADSPD   ( 1411): DSP no longer used, turned off here
12-05 13:28:42.928 D/mot_vr_audio_hw( 1418): Input 0xb76ce858 close complete
12-05 13:28:43.398 D/dalvikvm( 1870): GC_FOR_ALLOC freed 2819K, 26% free 23021K/30752K, paused 51ms, total 51ms
12-05 13:28:43.578 D/dalvikvm( 1870): GC_CONCURRENT freed 41K, 19% free 25012K/30752K, paused 9ms+9ms, total 82ms
12-05 13:28:43.618 D/dalvikvm( 1899): GC_FOR_ALLOC freed 266K, 28% free 2296K/3180K, paused 16ms, total 17ms
12-05 13:28:43.648 I/ActivityManager( 1751): START u0 {act=android.intent.action.MAIN cat=[android.intent.category.HOME] flg=0x10000000 cmp=com.google.android.wearable.app/com.google.android.clockwork.home.HomeActivity (has extras)} from pid 1870 on display 0
12-05 13:28:43.658 E/ClockworkHome( 1870): Tried to exit ambient mode, but enterAmbientMode() was never called.
12-05 13:28:43.688 D/mot_vr_audio_hw( 1418): dsp_recognizer_enabled = true
12-05 13:28:43.688 D/ADSPD   ( 1411): Client cmd=0x0003, size=4
12-05 13:28:43.688 D/ADSPD   ( 1411): Trying to send to dsp while in dsp in RESET
12-05 13:28:43.688 D/mot_vr_audio_hw( 1418): open_input_stream(): devices = 0x80000004, rate = 8000, channels = 0x10
12-05 13:28:43.688 D/mot_vr_audio_hw( 1418): Created resampler for 16000->8000 Hz
12-05 13:28:43.688 D/ADSPD   ( 1411): Client cmd=0x4003, size=2
12-05 13:28:43.709 D/mot_vr_audio_hw( 1418): in_read waiting for hotword
12-05 13:28:43.719 D/mot_vr_audio_hw( 1418): dsp_recognizer_enabled = false
12-05 13:28:43.719 D/ADSPD   ( 1411): Client cmd=0x0003, size=4
12-05 13:28:43.719 D/ADSPD   ( 1411): Trying to send to dsp while in dsp in RESET
12-05 13:28:43.719 W/mot_vr_audio_hw( 1418): Not allowing wake() since DSP is disabled
12-05 13:28:43.729 W/mot_vr_audio_hw( 1418): Not allowing wake() since DSP is disabled
12-05 13:28:43.759 D/ADSPD   ( 1411): Client cmd=0x4003, size=2
12-05 13:28:43.759 D/ADSPD   ( 1411): DSP no longer used, turned off here
12-05 13:28:43.759 D/mot_vr_audio_hw( 1418): Input 0xb76ce858 close complete
12-05 13:28:44.069 D/dalvikvm( 1899): GC_FOR_ALLOC freed 194K, 29% free 2278K/3180K, paused 21ms, total 21ms
12-05 13:28:44.479 D/dalvikvm( 1870): GC_FOR_ALLOC freed 1075K, 19% free 25022K/30752K, paused 47ms, total 47ms
12-05 13:28:44.609 I/ActivityManager( 1751): START u0 {act=android.intent.action.MAIN cat=[android.intent.category.HOME] flg=0x10000000 cmp=com.google.android.wearable.app/com.google.android.clockwork.home.HomeActivity (has extras)} from pid 1870 on display 0
12-05 13:28:44.629 D/dalvikvm( 1899): GC_FOR_ALLOC freed 190K, 28% free 2294K/3180K, paused 37ms, total 38ms
12-05 13:28:44.649 D/mot_vr_audio_hw( 1418): dsp_recognizer_enabled = true
12-05 13:28:44.649 D/ADSPD   ( 1411): Client cmd=0x0003, size=4
12-05 13:28:44.649 D/ADSPD   ( 1411): Trying to send to dsp while in dsp in RESET
12-05 13:28:44.649 D/mot_vr_audio_hw( 1418): open_input_stream(): devices = 0x80000004, rate = 8000, channels = 0x10
12-05 13:28:44.649 D/mot_vr_audio_hw( 1418): Created resampler for 16000->8000 Hz
12-05 13:28:44.649 D/ADSPD   ( 1411): Client cmd=0x4003, size=2
12-05 13:28:44.659 D/mot_vr_audio_hw( 1418): in_read waiting for hotword
12-05 13:28:44.679 D/mot_vr_audio_hw( 1418): dsp_recognizer_enabled = false
12-05 13:28:44.679 D/ADSPD   ( 1411): Client cmd=0x0003, size=4
12-05 13:28:44.679 D/ADSPD   ( 1411): Trying to send to dsp while in dsp in RESET
12-05 13:28:44.679 W/mot_vr_audio_hw( 1418): Not allowing wake() since DSP is disabled
12-05 13:28:44.689 W/mot_vr_audio_hw( 1418): Not allowing wake() since DSP is disabled
12-05 13:28:44.709 D/ADSPD   ( 1411): Client cmd=0x4003, size=2
12-05 13:28:44.709 D/ADSPD   ( 1411): DSP no longer used, turned off here
12-05 13:28:44.709 D/mot_vr_audio_hw( 1418): Input 0xb76ce858 close complete
12-05 13:28:45.170 D/dalvikvm( 1899): GC_FOR_ALLOC freed 159K, 28% free 2290K/3180K, paused 14ms, total 14ms
12-05 13:28:45.610 I/ActivityManager( 1751): START u0 {act=android.intent.action.MAIN cat=[android.intent.category.HOME] flg=0x10000000 cmp=com.google.android.wearable.app/com.google.android.clockwork.home.HomeActivity (has extras)} from pid 1870 on display 0
12-05 13:28:45.620 W/HomeRowListAdapter( 1870): onRelease() called on an unknown row.
12-05 13:28:45.620 W/HomeRowListAdapter( 1870): onRelease() called on an unknown row.
12-05 13:28:45.630 D/mot_vr_audio_hw( 1418): dsp_recognizer_enabled = true
12-05 13:28:45.630 D/ADSPD   ( 1411): Client cmd=0x0003, size=4
12-05 13:28:45.630 D/ADSPD   ( 1411): Trying to send to dsp while in dsp in RESET
12-05 13:28:45.630 D/mot_vr_audio_hw( 1418): open_input_stream(): devices = 0x80000004, rate = 8000, channels = 0x10
12-05 13:28:45.630 D/mot_vr_audio_hw( 1418): Created resampler for 16000->8000 Hz
12-05 13:28:45.630 D/ADSPD   ( 1411): Client cmd=0x4003, size=2
12-05 13:28:45.640 D/mot_vr_audio_hw( 1418): in_read waiting for hotword
12-05 13:28:45.650 D/mot_vr_audio_hw( 1418): dsp_recognizer_enabled = false
12-05 13:28:45.650 D/ADSPD   ( 1411): Client cmd=0x0003, size=4
12-05 13:28:45.650 D/ADSPD   ( 1411): Trying to send to dsp while in dsp in RESET
12-05 13:28:45.650 W/mot_vr_audio_hw( 1418): Not allowing wake() since DSP is disabled
12-05 13:28:45.660 W/mot_vr_audio_hw( 1418): Not allowing wake() since DSP is disabled
12-05 13:28:45.680 D/ADSPD   ( 1411): Client cmd=0x4003, size=2
12-05 13:28:45.680 D/ADSPD   ( 1411): DSP no longer used, turned off here
12-05 13:28:45.680 D/mot_vr_audio_hw( 1418): Input 0xb76ce858 close complete
12-05 13:28:46.491 D/dalvikvm( 1870): GC_FOR_ALLOC freed 3805K, 26% free 23009K/30752K, paused 68ms, total 74ms
12-05 13:28:46.501 D/dalvikvm( 1899): GC_FOR_ALLOC freed 208K, 28% free 2300K/3180K, paused 31ms, total 34ms
12-05 13:28:46.681 D/dalvikvm( 1870): GC_CONCURRENT freed 28K, 19% free 25011K/30752K, paused 3ms+11ms, total 95ms
12-05 13:28:46.751 I/ActivityManager( 1751): START u0 {act=android.intent.action.MAIN cat=[android.intent.category.HOME] flg=0x10000000 cmp=com.google.android.wearable.app/com.google.android.clockwork.home.HomeActivity (has extras)} from pid 1870 on display 0
12-05 13:28:46.792 D/mot_vr_audio_hw( 1418): dsp_recognizer_enabled = true
12-05 13:28:46.792 D/ADSPD   ( 1411): Client cmd=0x0003, size=4
12-05 13:28:46.792 D/ADSPD   ( 1411): Trying to send to dsp while in dsp in RESET
12-05 13:28:46.802 D/mot_vr_audio_hw( 1418): open_input_stream(): devices = 0x80000004, rate = 8000, channels = 0x10
12-05 13:28:46.802 D/mot_vr_audio_hw( 1418): Created resampler for 16000->8000 Hz
12-05 13:28:46.802 D/ADSPD   ( 1411): Client cmd=0x4003, size=2
12-05 13:28:46.822 D/mot_vr_audio_hw( 1418): in_read waiting for hotword
12-05 13:28:46.822 D/mot_vr_audio_hw( 1418): dsp_recognizer_enabled = false
12-05 13:28:46.822 D/ADSPD   ( 1411): Client cmd=0x0003, size=4
12-05 13:28:46.822 D/ADSPD   ( 1411): Trying to send to dsp while in dsp in RESET
12-05 13:28:46.822 W/mot_vr_audio_hw( 1418): Not allowing wake() since DSP is disabled
12-05 13:28:46.832 W/mot_vr_audio_hw( 1418): Not allowing wake() since DSP is disabled
12-05 13:28:46.862 D/ADSPD   ( 1411): Client cmd=0x4003, size=2
12-05 13:28:46.862 D/ADSPD   ( 1411): DSP no longer used, turned off here
12-05 13:28:46.862 D/mot_vr_audio_hw( 1418): Input 0xb76ce858 close complete
12-05 13:28:46.942 D/dalvikvm( 1899): GC_FOR_ALLOC freed 165K, 28% free 2293K/3180K, paused 19ms, total 19ms
12-05 13:28:47.562 D/dalvikvm( 1870): GC_FOR_ALLOC freed 1074K, 19% free 25022K/30752K, paused 34ms, total 35ms
12-05 13:28:47.692 I/ActivityManager( 1751): START u0 {act=android.intent.action.MAIN cat=[android.intent.category.HOME] flg=0x10000000 cmp=com.google.android.wearable.app/com.google.android.clockwork.home.HomeActivity (has extras)} from pid 1870 on display 0
12-05 13:28:47.722 D/mot_vr_audio_hw( 1418): dsp_recognizer_enabled = true
12-05 13:28:47.722 D/ADSPD   ( 1411): Client cmd=0x0003, size=4
12-05 13:28:47.722 D/ADSPD   ( 1411): Trying to send to dsp while in dsp in RESET
12-05 13:28:47.722 D/mot_vr_audio_hw( 1418): open_input_stream(): devices = 0x80000004, rate = 8000, channels = 0x10
12-05 13:28:47.722 D/mot_vr_audio_hw( 1418): Created resampler for 16000->8000 Hz
12-05 13:28:47.722 D/ADSPD   ( 1411): Client cmd=0x4003, size=2
12-05 13:28:47.732 D/mot_vr_audio_hw( 1418): in_read waiting for hotword
12-05 13:28:47.752 D/mot_vr_audio_hw( 1418): dsp_recognizer_enabled = false
12-05 13:28:47.752 D/ADSPD   ( 1411): Client cmd=0x0003, size=4
12-05 13:28:47.752 D/ADSPD   ( 1411): Trying to send to dsp while in dsp in RESET
12-05 13:28:47.752 W/mot_vr_audio_hw( 1418): Not allowing wake() since DSP is disabled
12-05 13:28:47.762 W/mot_vr_audio_hw( 1418): Not allowing wake() since DSP is disabled
12-05 13:28:47.782 D/ADSPD   ( 1411): Client cmd=0x4003, size=2
12-05 13:28:47.782 D/ADSPD   ( 1411): DSP no longer used, turned off here
12-05 13:28:47.782 D/mot_vr_audio_hw( 1418): Input 0xb76ce858 close complete
12-05 13:28:47.823 D/dalvikvm( 1899): GC_FOR_ALLOC freed 214K, 29% free 2284K/3180K, paused 32ms, total 37ms
12-05 13:28:49.855 W/bt-btif ( 2119): dm_pm_timer expires
12-05 13:28:49.855 W/bt-btif ( 2119): dm_pm_timer expires 0
12-05 13:28:49.855 W/bt-btif ( 2119): proc dm_pm_timer expires
12-05 13:28:52.433 W/bt-btif ( 2119): dm_pm_timer expires
12-05 13:28:52.433 W/bt-btif ( 2119): dm_pm_timer expires 0
12-05 13:28:52.433 W/bt-btif ( 2119): proc dm_pm_timer expires
12-05 13:28:57.332 D/SensorHALGestureSensor( 1751): Gesture event received! time = 1417807737334983774
12-05 13:28:57.332 I/PowerManagerService( 1751): Waking up from sleep...
12-05 13:28:57.332 W/KeyguardServiceDelegate( 1751): onScreenTurnedOn(): no keyguard service!
12-05 13:28:57.472 D/PowerManagerService-JNI( 1751): Excessive delay in autosuspend_disable() while turning screen on: 128ms
12-05 13:28:57.472 D/MinnowPowerHAL( 1751): power_set_interactive: 1
12-05 13:28:57.472 D/MinnowPowerHAL( 1751): sysfs_write: /sys/devices/platform/omapdss/display0/interactivemode 1
12-05 13:28:57.502 D/MinnowPowerHAL( 1751): sysfs_write: /sys/devices/ocp.2/i2c.6/i2c-0/0-004a/interactivemode 1
12-05 13:28:57.502 D/MinnowPowerHAL( 1751): sysfs_write: /sys/class/leds/lcd-backlight/interactive 1
12-05 13:28:57.502 D/mot_vr_audio_hw( 1751): dsp_set_pm_state = on
12-05 13:28:57.502 D/ADSPD   ( 1411): Client cmd=0x4002, size=2
12-05 13:28:57.502 D/ADSPD   ( 1411): DSP_CMD_DAEMON_SET_PM_STATE : 1
12-05 13:28:57.502 D/PowerManagerService-JNI( 1751): Excessive delay in setInteractive(true) while turning screen on: 34ms
12-05 13:28:57.512 D/ADSPD   ( 1411): ACK success!
12-05 13:28:57.512 V/WearActivity( 2051): Resume!
12-05 13:28:57.512 V/MyViewAnim( 2051): success getting new surface holder
12-05 13:28:57.512 W/InputMethodManagerService( 1751): Ignoring setImeWindowStatus of uid 1000 token: null
12-05 13:28:57.582 D/mot_vr_audio_hw( 1418): dsp_recognizer_enabled = true
12-05 13:28:57.582 D/ADSPD   ( 1411): Client cmd=0x0003, size=4
12-05 13:28:57.582 D/mot_vr_audio_hw( 1418): open_input_stream(): devices = 0x80000004, rate = 8000, channels = 0x10
12-05 13:28:57.582 D/mot_vr_audio_hw( 1418): Created resampler for 16000->8000 Hz
12-05 13:28:57.592 D/ADSPD   ( 1411): Received from DSP: cmd=0x8003, size=2
12-05 13:28:57.592 D/ADSPD   ( 1411): Client cmd=0x4003, size=2
12-05 13:28:57.592 D/mot_vr_audio_hw( 1418): received recognition control callback, status 0
12-05 13:28:57.602 D/mot_vr_audio_hw( 1418): in_read waiting for hotword
12-05 13:28:57.642 D/SurfaceFlinger( 1416): Screen acquired, type=0 flinger=0xb7fe9448
12-05 13:28:57.642 D/hwcomposer( 1416): hwc_blank(0: 0)
12-05 13:28:57.642 I/DisplayManagerService( 1751): Display device changed: DisplayDeviceInfo{"Built-in Screen": 320 x 290, 45.000004 fps, density 213, 203.2 x 204.61111 dpi, touch INTERNAL, rotation 0, type BUILT_IN, state ON, FLAG_DEFAULT_DISPLAY, FLAG_ROTATES_WITH_CONTENT, FLAG_SECURE, FLAG_SUPPORTS_PROTECTED_BUFFERS}
