12-05 13:43:53.576 D/dalvikvm( 1899): GC_FOR_ALLOC freed 159K, 28% free 2290K/3172K, paused 48ms, total 49ms
12-05 13:43:53.867 D/dalvikvm( 1899): GC_FOR_ALLOC freed 131K, 28% free 2314K/3172K, paused 45ms, total 47ms
12-05 13:43:54.177 D/dalvikvm( 1899): GC_FOR_ALLOC freed 126K, 28% free 2301K/3172K, paused 44ms, total 44ms
12-05 13:43:54.467 D/dalvikvm( 1899): GC_FOR_ALLOC freed 125K, 28% free 2313K/3172K, paused 103ms, total 105ms
12-05 13:43:54.758 D/dalvikvm( 1899): GC_FOR_ALLOC freed 151K, 28% free 2289K/3172K, paused 53ms, total 55ms
12-05 13:43:55.098 D/dalvikvm( 1899): GC_FOR_ALLOC freed 151K, 28% free 2289K/3172K, paused 111ms, total 112ms
12-05 13:43:55.468 D/dalvikvm( 1899): GC_FOR_ALLOC freed 151K, 28% free 2289K/3172K, paused 38ms, total 58ms
12-05 13:43:55.819 D/dalvikvm( 1899): GC_FOR_ALLOC freed 150K, 28% free 2289K/3172K, paused 15ms, total 15ms
12-05 13:43:56.219 D/dalvikvm( 1899): GC_FOR_ALLOC freed 150K, 28% free 2289K/3172K, paused 67ms, total 68ms
12-05 13:43:56.940 I/PowerManagerService( 1751): Going to sleep due to screen timeout...
12-05 13:43:56.940 I/PowerManagerService( 1751): Dozing...
12-05 13:43:56.950 I/DreamController( 1751): Starting dream: name=ComponentInfo{com.google.android.wearable.app/com.google.android.clockwork.home.AmbientMode}, isTest=false, canDoze=true, userId=0
12-05 13:43:57.020 I/ActivityManager( 1751): START u0 {act=android.intent.action.MAIN cat=[android.intent.category.HOME] flg=0x10000000 cmp=com.google.android.wearable.app/com.google.android.clockwork.home.HomeActivity (has extras)} from pid 1870 on display 0
12-05 13:43:57.020 I/DreamController( 1751): Stopping dream: name=ComponentInfo{com.google.android.wearable.app/com.google.android.clockwork.home.AmbientMode}, isTest=false, canDoze=true, userId=0
12-05 13:43:57.020 I/PowerManagerService( 1751): Sleeping...
12-05 13:43:57.100 I/AmbientMode( 1870): Ambient mode started: canDoze=true, dozeHardware=null
12-05 13:43:57.100 D/mot_vr_audio_hw( 1418): dsp_recognizer_enabled = false
12-05 13:43:57.110 D/ADSPD   ( 1411): Client cmd=0x0003, size=4
12-05 13:43:57.110 D/mot_vr_audio_hw( 1418): Switching DSP to standby/passthrough mode
12-05 13:43:57.110 D/mot_vr_audio_hw( 1418): Input 0xb76ce858 ready to read
12-05 13:43:57.120 D/ADSPD   ( 1411): Received from DSP: cmd=0x8003, size=2
12-05 13:43:57.120 D/ADSPD   ( 1411): Client cmd=0x0003, size=4
12-05 13:43:57.120 D/mot_vr_audio_hw( 1418): received recognition control callback, status 0
12-05 13:43:57.130 D/ADSPD   ( 1411): Received from DSP: cmd=0x8003, size=2
12-05 13:43:57.130 D/mot_vr_audio_hw( 1418): received recognition control callback, status 0
12-05 13:43:57.150 I/Fitness ( 1967): WearableSyncServiceReceiver.onReceive
12-05 13:43:57.150 I/ActivityManager( 1751): Delay finish: com.google.android.gms/.fitness.wearables.WearableSyncServiceReceiver
12-05 13:43:57.160 W/mot_vr_audio_hw( 1418): Discarded 10 buffers without finding audio data
12-05 13:43:57.170 D/ADSPD   ( 1411): Client cmd=0x0003, size=4
12-05 13:43:57.170 D/mot_vr_audio_hw( 1418): Re-arming DSP
12-05 13:43:57.170 D/mot_vr_audio_hw( 1418): Input 0xb76ce858 standby complete
12-05 13:43:57.180 D/ADSPD   ( 1411): Received from DSP: cmd=0x8003, size=2
12-05 13:43:57.180 D/mot_vr_audio_hw( 1418): received recognition control callback, status 0
12-05 13:43:57.190 D/ADSPD   ( 1411): Client cmd=0x4003, size=2
12-05 13:43:57.190 D/mot_vr_audio_hw( 1418): Input 0xb76ce858 close complete
12-05 13:43:57.210 D/mot_vr_audio_hw( 1418): dsp_recognizer_enabled = true
12-05 13:43:57.210 D/ADSPD   ( 1411): Client cmd=0x0003, size=4
12-05 13:43:57.210 D/mot_vr_audio_hw( 1418): open_input_stream(): devices = 0x80000004, rate = 8000, channels = 0x10
12-05 13:43:57.210 D/mot_vr_audio_hw( 1418): Created resampler for 16000->8000 Hz
12-05 13:43:57.220 D/ADSPD   ( 1411): Received from DSP: cmd=0x8003, size=2
12-05 13:43:57.220 D/ADSPD   ( 1411): Client cmd=0x4003, size=2
12-05 13:43:57.220 D/mot_vr_audio_hw( 1418): received recognition control callback, status 0
12-05 13:43:57.240 I/AmbientMode( 1870): Dream ended: isDozing=true
12-05 13:43:57.240 I/Fitness ( 1967): WearableSyncService syncing to 1 nodes.
12-05 13:43:57.260 D/mot_vr_audio_hw( 1418): in_read waiting for hotword
12-05 13:43:57.310 D/LightsService( 1751): Excessive delay setting light: 73ms
12-05 13:43:57.530 D/dalvikvm( 1967): GC_CONCURRENT freed 427K, 22% free 2667K/3388K, paused 21ms+29ms, total 129ms
12-05 13:43:57.580 D/WearApiHelper( 2226): Disconnecting
12-05 13:43:57.750 I/Fitness ( 1967): syncing: 0
12-05 13:43:57.901 I/Fitness ( 1967): syncing 5 points
12-05 13:43:57.971 D/LightsService( 1751): Excessive delay setting light: 369ms
12-05 13:43:57.971 D/SurfaceFlinger( 1416): Screen released, type=0 flinger=0xb7fe9448
12-05 13:43:58.051 I/ActivityManager( 1751): Resuming delayed broadcast
12-05 13:43:58.131 D/hwcomposer( 1416): hwc_blank(0: 1)
12-05 13:43:58.131 D/SurfaceControl( 1751): Excessive delay in blankDisplay() while turning screen off: 155ms
12-05 13:43:58.161 I/DisplayManagerService( 1751): Display device changed: DisplayDeviceInfo{"Built-in Screen": 320 x 290, 45.000004 fps, density 213, 203.2 x 204.61111 dpi, touch INTERNAL, rotation 0, type BUILT_IN, state OFF, FLAG_DEFAULT_DISPLAY, FLAG_ROTATES_WITH_CONTENT, FLAG_SECURE, FLAG_SUPPORTS_PROTECTED_BUFFERS}
12-05 13:43:58.161 V/ActivityManager( 1751): Display changed displayId=0
12-05 13:43:58.171 V/WearActivity( 2051): display changed: 0, new state: 1
12-05 13:43:58.171 I/TimeWrapper( 2051): FPS: 24.249094, samples: 146
12-05 13:43:58.171 I/TimeWrapper( 2051): Min/Avg/Max frame render speed (ms): 5.279541 / 15.671612 / 65.03296
12-05 13:43:58.171 I/TimeWrapper( 2051): Waketime: 38.002243%
12-05 13:43:58.171 V/MyViewAnim( 2051): redrawSlow: resume -> 1
12-05 13:43:58.171 V/MyViewAnim( 2051): redrawSlow: display change without state change -> 1
12-05 13:43:58.171 V/MyViewAnim( 2051): redrawSlow: view:update -> 4
12-05 13:43:58.171 V/MyViewAnim( 2051): redrawSlow: startHelper -> 1
12-05 13:43:58.171 V/WearActivity( 2051): onDisplayChanged: off!
12-05 13:43:58.171 V/WearActivity( 2051): stopHelper: shutting things down
12-05 13:43:58.201 D/MinnowPowerHAL( 1751): power_set_interactive: 0
12-05 13:43:58.201 D/MinnowPowerHAL( 1751): sysfs_write: /sys/devices/platform/omapdss/display0/interactivemode 0
12-05 13:43:58.201 D/MinnowPowerHAL( 1751): sysfs_write: /sys/devices/ocp.2/i2c.6/i2c-0/0-004a/interactivemode 0
12-05 13:43:58.201 D/MinnowPowerHAL( 1751): sysfs_write: /sys/class/leds/lcd-backlight/interactive 0
12-05 13:43:58.201 D/mot_vr_audio_hw( 1751): dsp_set_pm_state = off
12-05 13:43:58.201 D/ADSPD   ( 1411): Client cmd=0x4002, size=2
12-05 13:43:58.201 D/ADSPD   ( 1411): DSP_CMD_DAEMON_SET_PM_STATE : 0
12-05 13:43:58.201 D/ADSPD   ( 1411): DSP not turned off as still being used
12-05 13:43:58.221 D/mot_vr_audio_hw( 1418): dsp_recognizer_enabled = false
12-05 13:43:58.221 D/ADSPD   ( 1411): Client cmd=0x0003, size=4
12-05 13:43:58.221 D/ADSPD   ( 1411): Trying to send to dsp while in dsp in RESET
12-05 13:43:58.221 W/mot_vr_audio_hw( 1418): Not allowing wake() since DSP is disabled
12-05 13:43:58.221 W/InputMethodManagerService( 1751): Ignoring setImeWindowStatus of uid 1000 token: null
12-05 13:43:58.231 W/mot_vr_audio_hw( 1418): Not allowing wake() since DSP is disabled
12-05 13:43:58.231 V/WearActivity( 2051): killing alarms
12-05 13:43:58.231 V/MyViewAnim( 2051): stopping animation!
12-05 13:43:58.231 V/MyViewAnim( 2051): killDrawThread
12-05 13:43:58.231 I/ClockFace( 2051): Ambient mode: false
12-05 13:43:58.231 V/WearActivity( 2051): Pause!
12-05 13:43:58.231 V/WearActivity( 2051): Stop!
12-05 13:43:58.251 D/ADSPD   ( 1411): Client cmd=0x4003, size=2
12-05 13:43:58.251 D/ADSPD   ( 1411): DSP no longer used, turned off here
12-05 13:43:58.251 D/mot_vr_audio_hw( 1418): Input 0xb76ce858 close complete
12-05 13:43:58.261 V/MyViewAnim/PanelThread( 2051): looper finished!
12-05 13:43:58.261 V/MyViewAnim/PanelThread( 2051): draw thread termination
12-05 13:44:00.283 W/bt-btif ( 2119): dm_pm_timer expires
12-05 13:44:00.283 W/bt-btif ( 2119): dm_pm_timer expires 0
12-05 13:44:00.283 W/bt-btif ( 2119): proc dm_pm_timer expires
12-05 13:44:22.955 D/SensorHALGestureSensor( 1751): Gesture event received! time = 1417808662958213592
12-05 13:44:22.955 I/PowerManagerService( 1751): Waking up from sleep...
12-05 13:44:22.955 W/KeyguardServiceDelegate( 1751): onScreenTurnedOn(): no keyguard service!
12-05 13:44:23.155 D/PowerManagerService-JNI( 1751): Excessive delay in autosuspend_disable() while turning screen on: 199ms
12-05 13:44:23.155 D/MinnowPowerHAL( 1751): power_set_interactive: 1
12-05 13:44:23.155 D/MinnowPowerHAL( 1751): sysfs_write: /sys/devices/platform/omapdss/display0/interactivemode 1
12-05 13:44:23.215 D/MinnowPowerHAL( 1751): sysfs_write: /sys/devices/ocp.2/i2c.6/i2c-0/0-004a/interactivemode 1
12-05 13:44:23.215 D/MinnowPowerHAL( 1751): sysfs_write: /sys/class/leds/lcd-backlight/interactive 1
12-05 13:44:23.215 D/mot_vr_audio_hw( 1751): dsp_set_pm_state = on
12-05 13:44:23.215 D/ADSPD   ( 1411): Client cmd=0x4002, size=2
12-05 13:44:23.215 D/ADSPD   ( 1411): DSP_CMD_DAEMON_SET_PM_STATE : 1
12-05 13:44:23.215 D/PowerManagerService-JNI( 1751): Excessive delay in setInteractive(true) while turning screen on: 57ms
12-05 13:44:23.225 V/WearActivity( 2051): Resume!
12-05 13:44:23.225 V/MyViewAnim( 2051): success getting new surface holder
12-05 13:44:23.225 E/ClockworkHome( 1870): Tried to exit ambient mode, but enterAmbientMode() was never called.
12-05 13:44:23.235 D/mot_vr_audio_hw( 1418): dsp_recognizer_enabled = true
12-05 13:44:23.235 D/mot_vr_audio_hw( 1418): open_input_stream(): devices = 0x80000004, rate = 8000, channels = 0x10
12-05 13:44:23.235 D/mot_vr_audio_hw( 1418): Created resampler for 16000->8000 Hz
12-05 13:44:23.245 W/InputMethodManagerService( 1751): Ignoring setImeWindowStatus of uid 1000 token: null
12-05 13:44:23.275 D/mot_vr_audio_hw( 1418): in_read waiting for hotword
12-05 13:44:23.356 D/SurfaceFlinger( 1416): Screen acquired, type=0 flinger=0xb7fe9448
12-05 13:44:23.356 D/hwcomposer( 1416): hwc_blank(0: 0)
12-05 13:44:23.356 D/SensorHAL( 1751): adjustSensorHandle: handle = 9 adjustedHandle = 1
12-05 13:44:23.356 D/SensorHAL( 1751): adjustSensorHandle: handle = 9 adjustedHandle = 1
12-05 13:44:23.376 I/DisplayManagerService( 1751): Display device changed: DisplayDeviceInfo{"Built-in Screen": 320 x 290, 45.000004 fps, density 213, 203.2 x 204.61111 dpi, touch INTERNAL, rotation 0, type BUILT_IN, state ON, FLAG_DEFAULT_DISPLAY, FLAG_ROTATES_WITH_CONTENT, FLAG_SECURE, FLAG_SUPPORTS_PROTECTED_BUFFERS}
12-05 13:44:23.386 V/WearActivity( 2051): display changed: 0, new state: 2
12-05 13:44:23.386 V/WearActivity( 2051): onDisplayChanged: on!
12-05 13:44:23.386 V/WearActivity( 2051): killing alarms
12-05 13:44:23.386 V/WearActivity( 2051): startHelper: putting it all back together again
12-05 13:44:23.386 V/ActivityManager( 1751): Display changed displayId=0
12-05 13:44:23.396 V/WearActivity( 2051): initAlarm: setting up
12-05 13:44:23.396 I/ClockFace( 2051): Ambient mode: false
12-05 13:44:23.416 V/MyViewAnim( 2051): resumeMaxHertz
12-05 13:44:23.416 V/ClockFace( 2051): clearing caches
12-05 13:44:23.416 V/MyViewAnim( 2051): starting new animator
12-05 13:44:23.416 V/MyViewAnim( 2051): Time listener is up!
12-05 13:44:23.416 V/MyViewAnim( 2051): starting new draw thread
12-05 13:44:23.466 V/ClockFace( 2051): rendering new face, faceMode(0)
12-05 13:44:23.506 D/dalvikvm( 2226): GC_CONCURRENT freed 112K, 33% free 2516K/3724K, paused 2ms+1ms, total 57ms
12-05 13:44:23.506 V/ClockFace( 2051): fetching new battery status (36274)
12-05 13:44:23.506 V/ClockFace( 2051): battery at 0.72
12-05 13:44:23.516 E/ADSPD   ( 1411): Timeout on select()
12-05 13:44:23.516 E/ADSPD   ( 1411): NO ACK received after loading firmware
12-05 13:44:23.516 E/ADSPD   ( 1411): Unknown ACK received 0x00
12-05 13:44:23.516 D/ADSPD   ( 1411): Client cmd=0x0003, size=4
12-05 13:44:23.526 D/ADSPD   ( 1411): Received from DSP: cmd=0x8003, size=2
12-05 13:44:23.526 D/ADSPD   ( 1411): Client cmd=0x4003, size=2
12-05 13:44:23.526 D/mot_vr_audio_hw( 1418): received recognition control callback, status 0
12-05 13:44:23.586 D/dalvikvm( 1751): GC_CONCURRENT freed 623K, 30% free 4870K/6916K, paused 2ms+21ms, total 254ms
12-05 13:44:23.746 D/SensorHAL( 1751): adjustSensorHandle: handle = 9 adjustedHandle = 1
12-05 13:44:24.066 I/FitnessWearable( 2237): Refreshing Platform Data
12-05 13:44:24.096 D/dalvikvm( 2237): GC_CONCURRENT freed 409K, 22% free 2287K/2932K, paused 2ms+5ms, total 44ms
12-05 13:44:24.126 I/Fitness ( 1967): Account supported from server: true
12-05 13:44:24.126 I/Fitness ( 1967): schedule to sync accounts: [dwallach@gmail.com]
12-05 13:44:24.226 I/FitnessWearable( 2237): Completed query in 89 milliseconds
12-05 13:44:25.828 W/bt-btif ( 2119): dm_pm_timer expires
12-05 13:44:25.828 W/bt-btif ( 2119): dm_pm_timer expires 0
12-05 13:44:25.828 W/bt-btif ( 2119): proc dm_pm_timer expires
12-05 13:44:25.988 D/dalvikvm( 2051): GC_CONCURRENT freed 471K, 23% free 2571K/3332K, paused 3ms+17ms, total 54ms
12-05 13:44:28.240 I/PowerManagerService( 1751): Going to sleep due to screen timeout...
12-05 13:44:28.240 I/PowerManagerService( 1751): Dozing...
12-05 13:44:28.240 I/DreamController( 1751): Starting dream: name=ComponentInfo{com.google.android.wearable.app/com.google.android.clockwork.home.AmbientMode}, isTest=false, canDoze=true, userId=0
12-05 13:44:28.320 I/ActivityManager( 1751): START u0 {act=android.intent.action.MAIN cat=[android.intent.category.HOME] flg=0x10000000 cmp=com.google.android.wearable.app/com.google.android.clockwork.home.HomeActivity (has extras)} from pid 1870 on display 0
12-05 13:44:28.320 I/DreamController( 1751): Stopping dream: name=ComponentInfo{com.google.android.wearable.app/com.google.android.clockwork.home.AmbientMode}, isTest=false, canDoze=true, userId=0
12-05 13:44:28.330 I/PowerManagerService( 1751): Sleeping...
12-05 13:44:28.370 I/AmbientMode( 1870): Ambient mode started: canDoze=true, dozeHardware=null
12-05 13:44:28.380 D/mot_vr_audio_hw( 1418): dsp_recognizer_enabled = false
12-05 13:44:28.380 D/ADSPD   ( 1411): Client cmd=0x0003, size=4
12-05 13:44:28.380 D/mot_vr_audio_hw( 1418): Switching DSP to standby/passthrough mode
12-05 13:44:28.380 D/mot_vr_audio_hw( 1418): Input 0xb76ce858 ready to read
12-05 13:44:28.390 D/ADSPD   ( 1411): Received from DSP: cmd=0x8003, size=2
12-05 13:44:28.390 D/ADSPD   ( 1411): Client cmd=0x0003, size=4
12-05 13:44:28.390 D/mot_vr_audio_hw( 1418): received recognition control callback, status 0
12-05 13:44:28.400 I/Fitness ( 1967): WearableSyncServiceReceiver.onReceive
12-05 13:44:28.400 D/ADSPD   ( 1411): Received from DSP: cmd=0x8003, size=2
12-05 13:44:28.400 D/mot_vr_audio_hw( 1418): received recognition control callback, status 0
12-05 13:44:28.421 W/bt-btif ( 2119): dm_pm_timer expires
12-05 13:44:28.421 W/bt-btif ( 2119): dm_pm_timer expires 0
12-05 13:44:28.421 W/bt-btif ( 2119): proc dm_pm_timer expires
12-05 13:44:28.431 W/mot_vr_audio_hw( 1418): Discarded 10 buffers without finding audio data
12-05 13:44:28.441 D/ADSPD   ( 1411): Client cmd=0x0003, size=4
12-05 13:44:28.441 D/mot_vr_audio_hw( 1418): Re-arming DSP
12-05 13:44:28.441 D/mot_vr_audio_hw( 1418): Input 0xb76ce858 standby complete
12-05 13:44:28.451 D/ADSPD   ( 1411): Received from DSP: cmd=0x8003, size=2
12-05 13:44:28.451 D/mot_vr_audio_hw( 1418): received recognition control callback, status 0
12-05 13:44:28.461 D/ADSPD   ( 1411): Client cmd=0x4003, size=2
12-05 13:44:28.461 D/mot_vr_audio_hw( 1418): Input 0xb76ce858 close complete
12-05 13:44:28.471 I/Fitness ( 1967): WearableSyncService syncing to 1 nodes.
12-05 13:44:28.471 D/mot_vr_audio_hw( 1418): dsp_recognizer_enabled = true
12-05 13:44:28.471 D/ADSPD   ( 1411): Client cmd=0x0003, size=4
12-05 13:44:28.471 D/mot_vr_audio_hw( 1418): open_input_stream(): devices = 0x80000004, rate = 8000, channels = 0x10
12-05 13:44:28.471 D/mot_vr_audio_hw( 1418): Created resampler for 16000->8000 Hz
12-05 13:44:28.481 D/ADSPD   ( 1411): Received from DSP: cmd=0x8003, size=2
12-05 13:44:28.491 D/ADSPD   ( 1411): Client cmd=0x4003, size=2
12-05 13:44:28.491 D/mot_vr_audio_hw( 1418): received recognition control callback, status 0
12-05 13:44:28.511 I/AmbientMode( 1870): Dream ended: isDozing=true
12-05 13:44:28.521 D/mot_vr_audio_hw( 1418): in_read waiting for hotword
12-05 13:44:28.731 I/Fitness ( 1967): syncing: 0
12-05 13:44:29.011 D/LightsService( 1751): Excessive delay setting light: 137ms
12-05 13:44:29.011 D/SurfaceFlinger( 1416): Screen released, type=0 flinger=0xb7fe9448
12-05 13:44:29.161 D/hwcomposer( 1416): hwc_blank(0: 1)
12-05 13:44:29.161 D/SurfaceControl( 1751): Excessive delay in blankDisplay() while turning screen off: 143ms
12-05 13:44:29.181 I/DisplayManagerService( 1751): Display device changed: DisplayDeviceInfo{"Built-in Screen": 320 x 290, 45.000004 fps, density 213, 203.2 x 204.61111 dpi, touch INTERNAL, rotation 0, type BUILT_IN, state OFF, FLAG_DEFAULT_DISPLAY, FLAG_ROTATES_WITH_CONTENT, FLAG_SECURE, FLAG_SUPPORTS_PROTECTED_BUFFERS}
12-05 13:44:29.181 V/ActivityManager( 1751): Display changed displayId=0
12-05 13:44:29.191 V/WearActivity( 2051): display changed: 0, new state: 1
12-05 13:44:29.191 I/TimeWrapper( 2051): FPS: 36.396755, samples: 210
12-05 13:44:29.191 I/TimeWrapper( 2051): Min/Avg/Max frame render speed (ms): 5.279541 / 8.195713 / 63.354492
12-05 13:44:29.191 I/TimeWrapper( 2051): Waketime: 29.82974%
12-05 13:44:29.191 V/MyViewAnim( 2051): redrawSlow: resume -> 1
12-05 13:44:29.191 V/MyViewAnim( 2051): redrawSlow: startHelper -> 1
12-05 13:44:29.191 V/WearActivity( 2051): onDisplayChanged: off!
12-05 13:44:29.191 V/WearActivity( 2051): stopHelper: shutting things down
12-05 13:44:29.201 D/MinnowPowerHAL( 1751): power_set_interactive: 0
12-05 13:44:29.201 D/MinnowPowerHAL( 1751): sysfs_write: /sys/devices/platform/omapdss/display0/interactivemode 0
12-05 13:44:29.201 D/MinnowPowerHAL( 1751): sysfs_write: /sys/devices/ocp.2/i2c.6/i2c-0/0-004a/interactivemode 0
12-05 13:44:29.201 D/MinnowPowerHAL( 1751): sysfs_write: /sys/class/leds/lcd-backlight/interactive 0
12-05 13:44:29.201 D/mot_vr_audio_hw( 1751): dsp_set_pm_state = off
12-05 13:44:29.211 D/ADSPD   ( 1411): Client cmd=0x4002, size=2
12-05 13:44:29.211 D/ADSPD   ( 1411): DSP_CMD_DAEMON_SET_PM_STATE : 0
12-05 13:44:29.211 D/ADSPD   ( 1411): DSP not turned off as still being used
12-05 13:44:29.211 D/mot_vr_audio_hw( 1418): dsp_recognizer_enabled = false
12-05 13:44:29.211 D/ADSPD   ( 1411): Client cmd=0x0003, size=4
12-05 13:44:29.211 D/ADSPD   ( 1411): Trying to send to dsp while in dsp in RESET
12-05 13:44:29.211 W/mot_vr_audio_hw( 1418): Not allowing wake() since DSP is disabled
12-05 13:44:29.221 W/mot_vr_audio_hw( 1418): Not allowing wake() since DSP is disabled
12-05 13:44:29.221 W/InputMethodManagerService( 1751): Ignoring setImeWindowStatus of uid 1000 token: null
12-05 13:44:29.231 V/WearActivity( 2051): killing alarms
12-05 13:44:29.241 D/ADSPD   ( 1411): Client cmd=0x4003, size=2
12-05 13:44:29.241 D/ADSPD   ( 1411): DSP no longer used, turned off here
12-05 13:44:29.241 D/mot_vr_audio_hw( 1418): Input 0xb76ce858 close complete
12-05 13:44:29.261 V/MyViewAnim( 2051): stopping animation!
12-05 13:44:29.261 V/MyViewAnim( 2051): killDrawThread
12-05 13:44:29.261 I/ClockFace( 2051): Ambient mode: false
12-05 13:44:29.261 V/WearActivity( 2051): Pause!
12-05 13:44:29.271 V/WearActivity( 2051): Stop!
12-05 13:44:29.271 V/MyViewAnim/PanelThread( 2051): looper finished!
12-05 13:44:29.271 V/MyViewAnim/PanelThread( 2051): draw thread termination
12-05 13:44:31.453 W/bt-btif ( 2119): dm_pm_timer expires
12-05 13:44:31.453 W/bt-btif ( 2119): dm_pm_timer expires 0
12-05 13:44:31.453 W/bt-btif ( 2119): proc dm_pm_timer expires
12-05 13:44:45.677 D/dalvikvm( 1899): GC_FOR_ALLOC freed 256K, 29% free 2283K/3172K, paused 20ms, total 23ms
12-05 13:44:46.177 D/dalvikvm( 1899): GC_FOR_ALLOC freed 185K, 29% free 2276K/3172K, paused 15ms, total 16ms
12-05 13:44:46.758 D/dalvikvm( 1899): GC_FOR_ALLOC freed 192K, 28% free 2285K/3172K, paused 13ms, total 14ms
12-05 13:44:47.208 D/dalvikvm( 1899): GC_FOR_ALLOC freed 186K, 28% free 2293K/3172K, paused 17ms, total 17ms
12-05 13:44:47.849 D/dalvikvm( 1899): GC_FOR_ALLOC freed 155K, 29% free 2274K/3172K, paused 19ms, total 19ms
12-05 13:44:48.189 D/dalvikvm( 1870): GC_CONCURRENT freed 3216K, 23% free 23955K/30752K, paused 7ms+10ms, total 69ms
12-05 13:44:48.189 D/dalvikvm( 1870): WAIT_FOR_CONCURRENT_GC blocked 63ms
12-05 13:44:48.199 D/dalvikvm( 1870): WAIT_FOR_CONCURRENT_GC blocked 63ms
12-05 13:44:48.239 I/ActivityManager( 1751): START u0 {act=android.intent.action.MAIN cat=[android.intent.category.HOME] flg=0x10000000 cmp=com.google.android.wearable.app/com.google.android.clockwork.home.HomeActivity (has extras)} from pid 1870 on display 0
12-05 13:44:48.249 E/ClockworkHome( 1870): Tried to exit ambient mode, but enterAmbientMode() was never called.
12-05 13:44:48.369 D/mot_vr_audio_hw( 1418): dsp_recognizer_enabled = true
12-05 13:44:48.369 D/ADSPD   ( 1411): Client cmd=0x0003, size=4
12-05 13:44:48.379 D/ADSPD   ( 1411): Trying to send to dsp while in dsp in RESET
12-05 13:44:48.379 D/mot_vr_audio_hw( 1418): open_input_stream(): devices = 0x80000004, rate = 8000, channels = 0x10
12-05 13:44:48.379 D/mot_vr_audio_hw( 1418): Created resampler for 16000->8000 Hz
12-05 13:44:48.379 D/ADSPD   ( 1411): Client cmd=0x4003, size=2
12-05 13:44:48.389 D/mot_vr_audio_hw( 1418): in_read waiting for hotword
12-05 13:44:48.409 D/dalvikvm( 1899): GC_FOR_ALLOC freed 216K, 29% free 2282K/3172K, paused 27ms, total 27ms
12-05 13:44:48.429 D/mot_vr_audio_hw( 1418): dsp_recognizer_enabled = false
12-05 13:44:48.429 D/ADSPD   ( 1411): Client cmd=0x0003, size=4
12-05 13:44:48.429 D/ADSPD   ( 1411): Trying to send to dsp while in dsp in RESET
12-05 13:44:48.429 W/mot_vr_audio_hw( 1418): Not allowing wake() since DSP is disabled
12-05 13:44:48.439 W/mot_vr_audio_hw( 1418): Not allowing wake() since DSP is disabled
12-05 13:44:48.459 D/ADSPD   ( 1411): Client cmd=0x4003, size=2
12-05 13:44:48.459 D/ADSPD   ( 1411): DSP no longer used, turned off here
12-05 13:44:48.459 D/mot_vr_audio_hw( 1418): Input 0xb76ce858 close complete
12-05 13:44:48.970 D/dalvikvm( 1899): GC_FOR_ALLOC freed 156K, 28% free 2289K/3172K, paused 19ms, total 20ms
12-05 13:44:49.771 D/dalvikvm( 1899): GC_FOR_ALLOC freed 147K, 28% free 2288K/3172K, paused 20ms, total 20ms
12-05 13:44:50.592 D/dalvikvm( 1899): GC_FOR_ALLOC freed 169K, 29% free 2277K/3172K, paused 19ms, total 20ms
12-05 13:44:52.864 W/bt-btif ( 2119): dm_pm_timer expires
12-05 13:44:52.864 W/bt-btif ( 2119): dm_pm_timer expires 0
12-05 13:44:52.864 W/bt-btif ( 2119): proc dm_pm_timer expires
12-05 13:44:54.479 I/ActivityManager( 1751): START u0 {act=android.intent.action.MAIN cat=[android.intent.category.HOME] flg=0x10000000 cmp=com.google.android.wearable.app/com.google.android.clockwork.home.HomeActivity (has extras)} from pid 1870 on display 0
12-05 13:44:54.499 W/HomeRowListAdapter( 1870): onRelease() called on an unknown row.
12-05 13:44:54.499 D/mot_vr_audio_hw( 1418): dsp_recognizer_enabled = true
12-05 13:44:54.499 D/ADSPD   ( 1411): Client cmd=0x0003, size=4
12-05 13:44:54.499 D/ADSPD   ( 1411): Trying to send to dsp while in dsp in RESET
12-05 13:44:54.499 D/mot_vr_audio_hw( 1418): open_input_stream(): devices = 0x80000004, rate = 8000, channels = 0x10
12-05 13:44:54.499 D/mot_vr_audio_hw( 1418): Created resampler for 16000->8000 Hz
12-05 13:44:54.499 D/ADSPD   ( 1411): Client cmd=0x4003, size=2
12-05 13:44:54.519 D/mot_vr_audio_hw( 1418): in_read waiting for hotword
12-05 13:44:54.519 D/mot_vr_audio_hw( 1418): dsp_recognizer_enabled = false
12-05 13:44:54.519 D/ADSPD   ( 1411): Client cmd=0x0003, size=4
12-05 13:44:54.519 D/ADSPD   ( 1411): Trying to send to dsp while in dsp in RESET
12-05 13:44:54.519 W/mot_vr_audio_hw( 1418): Not allowing wake() since DSP is disabled
12-05 13:44:54.529 W/mot_vr_audio_hw( 1418): Not allowing wake() since DSP is disabled
12-05 13:44:54.549 D/ADSPD   ( 1411): Client cmd=0x4003, size=2
12-05 13:44:54.549 D/ADSPD   ( 1411): DSP no longer used, turned off here
12-05 13:44:54.549 D/mot_vr_audio_hw( 1418): Input 0xb76ce858 close complete
12-05 13:44:56.621 W/bt-btif ( 2119): dm_pm_timer expires
12-05 13:44:56.621 W/bt-btif ( 2119): dm_pm_timer expires 0
12-05 13:44:56.621 W/bt-btif ( 2119): proc dm_pm_timer expires
12-05 13:44:58.212 I/ActivityManager( 1751): START u0 {act=android.intent.action.MAIN cat=[android.intent.category.HOME] flg=0x10000000 cmp=com.google.android.wearable.app/com.google.android.clockwork.home.HomeActivity (has extras)} from pid 1870 on display 0
12-05 13:44:58.262 D/mot_vr_audio_hw( 1418): dsp_recognizer_enabled = true
12-05 13:44:58.262 D/ADSPD   ( 1411): Client cmd=0x0003, size=4
12-05 13:44:58.262 D/ADSPD   ( 1411): Trying to send to dsp while in dsp in RESET
12-05 13:44:58.262 D/mot_vr_audio_hw( 1418): open_input_stream(): devices = 0x80000004, rate = 8000, channels = 0x10
12-05 13:44:58.262 D/mot_vr_audio_hw( 1418): Created resampler for 16000->8000 Hz
12-05 13:44:58.262 D/ADSPD   ( 1411): Client cmd=0x4003, size=2
12-05 13:44:58.282 D/mot_vr_audio_hw( 1418): in_read waiting for hotword
12-05 13:44:58.282 D/mot_vr_audio_hw( 1418): dsp_recognizer_enabled = false
12-05 13:44:58.282 D/ADSPD   ( 1411): Client cmd=0x0003, size=4
12-05 13:44:58.282 D/ADSPD   ( 1411): Trying to send to dsp while in dsp in RESET
12-05 13:44:58.282 W/mot_vr_audio_hw( 1418): Not allowing wake() since DSP is disabled
12-05 13:44:58.292 W/mot_vr_audio_hw( 1418): Not allowing wake() since DSP is disabled
12-05 13:44:58.322 D/ADSPD   ( 1411): Client cmd=0x4003, size=2
12-05 13:44:58.322 D/ADSPD   ( 1411): DSP no longer used, turned off here
12-05 13:44:58.322 D/mot_vr_audio_hw( 1418): Input 0xb76ce858 close complete
12-05 13:45:00.364 W/bt-btif ( 2119): dm_pm_timer expires
12-05 13:45:00.364 W/bt-btif ( 2119): dm_pm_timer expires 0
12-05 13:45:00.364 W/bt-btif ( 2119): proc dm_pm_timer expires
12-05 13:45:02.934 W/bt-btif ( 2119): dm_pm_timer expires
12-05 13:45:02.934 W/bt-btif ( 2119): dm_pm_timer expires 0
12-05 13:45:02.934 W/bt-btif ( 2119): proc dm_pm_timer expires
12-05 13:45:10.773 I/Fitness ( 1967): FlushServiceReceiver.onReceive
12-05 13:45:10.783 I/ActivityManager( 1751): Delay finish: com.google.android.gms/.fitness.store.buffer.FlushServiceReceiver
12-05 13:45:10.793 I/ActivityManager( 1751): Resuming delayed broadcast
12-05 13:45:41.478 I/Clockwork.Settings( 1870): Companion requested the watch start a time sync.
12-05 13:45:41.478 I/Clockwork.Settings( 1870): sending time sync request - elapsedRealTime: 102114077
12-05 13:45:41.558 I/Clockwork.Settings( 1870): time sync update time to 1417808741910, latency 72 ms
12-05 13:45:41.558 I/Clockwork.Settings( 1870): time sync timezone: America/Chicago
12-05 13:45:41.568 D/        ( 1751): Setting time of day to sec=1417808741
12-05 13:45:41.923 I/Clockwork.TimeService( 1974): set timezone to America/Chicago
12-05 13:45:41.923 D/AlarmManagerService( 1751): Kernel timezone updated to 360 minutes west of GMT
12-05 13:45:41.963 I/CheckinService( 1884): active receiver: disabled
12-05 13:45:41.993 D/GCM     ( 1911): GcmService start Intent { act=com.google.android.checkin.CHECKIN_COMPLETE flg=0x10 cmp=com.google.android.gms/.gcm.GcmService (has extras) } com.google.android.checkin.CHECKIN_COMPLETE
12-05 13:45:41.993 I/ActivityManager( 1751): Delay finish: com.google.android.gms/.gcm.ServiceAutoStarter
12-05 13:45:41.993 I/ActivityManager( 1751): Resuming delayed broadcast
12-05 13:45:43.904 W/bt-btif ( 2119): dm_pm_timer expires
12-05 13:45:43.904 W/bt-btif ( 2119): dm_pm_timer expires 0
12-05 13:45:43.904 W/bt-btif ( 2119): proc dm_pm_timer expires
12-05 13:48:58.613 D/dalvikvm( 1870): GC_FOR_ALLOC freed 1618K, 22% free 24043K/30752K, paused 33ms, total 34ms
12-05 13:48:58.743 I/ActivityManager( 1751): START u0 {act=android.intent.action.MAIN cat=[android.intent.category.HOME] flg=0x10000000 cmp=com.google.android.wearable.app/com.google.android.clockwork.home.HomeActivity (has extras)} from pid 1870 on display 0
12-05 13:48:58.823 D/mot_vr_audio_hw( 1418): dsp_recognizer_enabled = true
12-05 13:48:58.823 D/ADSPD   ( 1411): Client cmd=0x0003, size=4
12-05 13:48:58.823 D/ADSPD   ( 1411): Trying to send to dsp while in dsp in RESET
12-05 13:48:58.823 D/mot_vr_audio_hw( 1418): open_input_stream(): devices = 0x80000004, rate = 8000, channels = 0x10
12-05 13:48:58.823 D/mot_vr_audio_hw( 1418): Created resampler for 16000->8000 Hz
12-05 13:48:58.823 D/ADSPD   ( 1411): Client cmd=0x4003, size=2
12-05 13:48:58.843 D/mot_vr_audio_hw( 1418): in_read waiting for hotword
12-05 13:48:58.843 D/mot_vr_audio_hw( 1418): dsp_recognizer_enabled = false
12-05 13:48:58.843 D/ADSPD   ( 1411): Client cmd=0x0003, size=4
12-05 13:48:58.843 D/ADSPD   ( 1411): Trying to send to dsp while in dsp in RESET
12-05 13:48:58.843 W/mot_vr_audio_hw( 1418): Not allowing wake() since DSP is disabled
12-05 13:48:58.853 D/dalvikvm( 1899): GC_FOR_ALLOC freed 254K, 28% free 2295K/3172K, paused 22ms, total 23ms
12-05 13:48:58.863 W/mot_vr_audio_hw( 1418): Not allowing wake() since DSP is disabled
12-05 13:48:58.893 D/ADSPD   ( 1411): Client cmd=0x4003, size=2
12-05 13:48:58.893 D/ADSPD   ( 1411): DSP no longer used, turned off here
12-05 13:48:58.893 D/mot_vr_audio_hw( 1418): Input 0xb76ce858 close complete
12-05 13:48:59.764 D/dalvikvm( 1899): GC_FOR_ALLOC freed 204K, 29% free 2281K/3172K, paused 19ms, total 19ms
12-05 13:49:00.245 D/dalvikvm( 1899): GC_FOR_ALLOC freed 152K, 28% free 2289K/3172K, paused 16ms, total 17ms
12-05 13:49:00.765 D/dalvikvm( 1899): GC_FOR_ALLOC freed 147K, 29% free 2277K/3172K, paused 15ms, total 16ms
12-05 13:49:00.945 D/dalvikvm( 1870): GC_FOR_ALLOC freed 555K, 19% free 25173K/30752K, paused 59ms, total 63ms
12-05 13:49:01.156 I/ActivityManager( 1751): START u0 {act=android.intent.action.MAIN cat=[android.intent.category.HOME] flg=0x10000000 cmp=com.google.android.wearable.app/com.google.android.clockwork.home.HomeActivity (has extras)} from pid 1870 on display 0
12-05 13:49:01.246 D/mot_vr_audio_hw( 1418): dsp_recognizer_enabled = true
12-05 13:49:01.246 D/ADSPD   ( 1411): Client cmd=0x0003, size=4
12-05 13:49:01.246 D/ADSPD   ( 1411): Trying to send to dsp while in dsp in RESET
12-05 13:49:01.246 D/mot_vr_audio_hw( 1418): open_input_stream(): devices = 0x80000004, rate = 8000, channels = 0x10
12-05 13:49:01.246 D/mot_vr_audio_hw( 1418): Created resampler for 16000->8000 Hz
12-05 13:49:01.246 D/ADSPD   ( 1411): Client cmd=0x4003, size=2
12-05 13:49:01.266 D/mot_vr_audio_hw( 1418): in_read waiting for hotword
12-05 13:49:01.276 D/mot_vr_audio_hw( 1418): dsp_recognizer_enabled = false
12-05 13:49:01.276 D/ADSPD   ( 1411): Client cmd=0x0003, size=4
12-05 13:49:01.276 D/ADSPD   ( 1411): Trying to send to dsp while in dsp in RESET
12-05 13:49:01.276 W/mot_vr_audio_hw( 1418): Not allowing wake() since DSP is disabled
12-05 13:49:01.286 W/mot_vr_audio_hw( 1418): Not allowing wake() since DSP is disabled
12-05 13:49:01.316 D/ADSPD   ( 1411): Client cmd=0x4003, size=2
12-05 13:49:01.316 D/ADSPD   ( 1411): DSP no longer used, turned off here
12-05 13:49:01.316 D/mot_vr_audio_hw( 1418): Input 0xb76ce858 close complete
12-05 13:49:01.416 D/dalvikvm( 1899): GC_FOR_ALLOC freed 206K, 29% free 2282K/3172K, paused 20ms, total 20ms
12-05 13:49:02.107 D/dalvikvm( 1899): GC_FOR_ALLOC freed 153K, 28% free 2288K/3172K, paused 19ms, total 20ms
12-05 13:49:02.597 D/dalvikvm( 1899): GC_FOR_ALLOC freed 147K, 29% free 2276K/3172K, paused 14ms, total 15ms
12-05 13:49:04.859 W/bt-btif ( 2119): dm_pm_timer expires
12-05 13:49:04.859 W/bt-btif ( 2119): dm_pm_timer expires 0
12-05 13:49:04.859 W/bt-btif ( 2119): proc dm_pm_timer expires
12-05 13:49:07.463 W/bt-btif ( 2119): dm_pm_timer expires
12-05 13:49:07.463 W/bt-btif ( 2119): dm_pm_timer expires 0
12-05 13:49:07.463 W/bt-btif ( 2119): proc dm_pm_timer expires
12-05 13:50:00.630 I/Fitness ( 1967): FlushServiceReceiver.onReceive
12-05 13:50:00.640 D/dalvikvm( 2237): GC_CONCURRENT freed 415K, 23% free 2260K/2932K, paused 2ms+1ms, total 37ms
12-05 13:50:00.640 I/ActivityManager( 1751): Delay finish: com.google.android.gms/.fitness.store.buffer.FlushServiceReceiver
12-05 13:50:00.710 D/dalvikvm( 1967): GC_CONCURRENT freed 392K, 22% free 2677K/3412K, paused 5ms+2ms, total 42ms
12-05 13:50:00.840 I/ActivityManager( 1751): Resuming delayed broadcast
12-05 13:51:48.580 D/ConnectivityService( 1751): Sampling interval elapsed, updating statistics ..
12-05 13:51:48.620 D/ConnectivityService( 1751): Done.
12-05 13:51:48.620 D/ConnectivityService( 1751): Setting timer for 720seconds
12-05 13:52:46.630 D/dalvikvm( 1870): GC_FOR_ALLOC freed 2118K, 21% free 24565K/30752K, paused 32ms, total 34ms
12-05 13:52:46.760 I/ActivityManager( 1751): START u0 {act=android.intent.action.MAIN cat=[android.intent.category.HOME] flg=0x10000000 cmp=com.google.android.wearable.app/com.google.android.clockwork.home.HomeActivity (has extras)} from pid 1870 on display 0
12-05 13:52:46.840 D/mot_vr_audio_hw( 1418): dsp_recognizer_enabled = true
12-05 13:52:46.840 D/ADSPD   ( 1411): Client cmd=0x0003, size=4
12-05 13:52:46.840 D/ADSPD   ( 1411): Trying to send to dsp while in dsp in RESET
12-05 13:52:46.840 D/mot_vr_audio_hw( 1418): open_input_stream(): devices = 0x80000004, rate = 8000, channels = 0x10
12-05 13:52:46.840 D/mot_vr_audio_hw( 1418): Created resampler for 16000->8000 Hz
12-05 13:52:46.840 D/ADSPD   ( 1411): Client cmd=0x4003, size=2
12-05 13:52:46.850 D/mot_vr_audio_hw( 1418): in_read waiting for hotword
12-05 13:52:46.860 D/mot_vr_audio_hw( 1418): dsp_recognizer_enabled = false
12-05 13:52:46.860 D/ADSPD   ( 1411): Client cmd=0x0003, size=4
12-05 13:52:46.860 D/ADSPD   ( 1411): Trying to send to dsp while in dsp in RESET
12-05 13:52:46.860 W/mot_vr_audio_hw( 1418): Not allowing wake() since DSP is disabled
12-05 13:52:46.870 W/mot_vr_audio_hw( 1418): Not allowing wake() since DSP is disabled
12-05 13:52:46.900 D/ADSPD   ( 1411): Client cmd=0x4003, size=2
12-05 13:52:46.900 D/ADSPD   ( 1411): DSP no longer used, turned off here
12-05 13:52:46.900 D/mot_vr_audio_hw( 1418): Input 0xb76ce858 close complete
12-05 13:52:47.371 D/dalvikvm( 1899): GC_FOR_ALLOC freed 223K, 29% free 2283K/3172K, paused 15ms, total 16ms
12-05 13:52:47.881 D/dalvikvm( 1899): GC_FOR_ALLOC freed 185K, 29% free 2280K/3172K, paused 18ms, total 18ms
12-05 13:52:48.121 D/dalvikvm( 1870): GC_CONCURRENT freed 1076K, 17% free 25526K/30752K, paused 5ms+20ms, total 113ms
12-05 13:52:48.292 I/ActivityManager( 1751): START u0 {act=android.intent.action.MAIN cat=[android.intent.category.HOME] flg=0x10000000 cmp=com.google.android.wearable.app/com.google.android.clockwork.home.HomeActivity (has extras)} from pid 1870 on display 0
12-05 13:52:48.402 D/dalvikvm( 1899): GC_FOR_ALLOC freed 187K, 28% free 2294K/3172K, paused 33ms, total 36ms
12-05 13:52:48.432 D/mot_vr_audio_hw( 1418): dsp_recognizer_enabled = true
12-05 13:52:48.432 D/ADSPD   ( 1411): Client cmd=0x0003, size=4
12-05 13:52:48.432 D/ADSPD   ( 1411): Trying to send to dsp while in dsp in RESET
12-05 13:52:48.432 D/mot_vr_audio_hw( 1418): open_input_stream(): devices = 0x80000004, rate = 8000, channels = 0x10
12-05 13:52:48.432 D/mot_vr_audio_hw( 1418): Created resampler for 16000->8000 Hz
12-05 13:52:48.432 D/ADSPD   ( 1411): Client cmd=0x4003, size=2
12-05 13:52:48.452 D/mot_vr_audio_hw( 1418): in_read waiting for hotword
12-05 13:52:48.462 D/mot_vr_audio_hw( 1418): dsp_recognizer_enabled = false
12-05 13:52:48.462 D/ADSPD   ( 1411): Client cmd=0x0003, size=4
12-05 13:52:48.462 D/ADSPD   ( 1411): Trying to send to dsp while in dsp in RESET
12-05 13:52:48.462 W/mot_vr_audio_hw( 1418): Not allowing wake() since DSP is disabled
12-05 13:52:48.472 W/mot_vr_audio_hw( 1418): Not allowing wake() since DSP is disabled
12-05 13:52:48.492 D/ADSPD   ( 1411): Client cmd=0x4003, size=2
12-05 13:52:48.492 D/ADSPD   ( 1411): DSP no longer used, turned off here
12-05 13:52:48.492 D/mot_vr_audio_hw( 1418): Input 0xb76ce858 close complete
12-05 13:52:48.942 D/dalvikvm( 1899): GC_FOR_ALLOC freed 156K, 29% free 2276K/3172K, paused 19ms, total 19ms
12-05 13:52:51.024 W/bt-btif ( 2119): dm_pm_timer expires
12-05 13:52:51.024 W/bt-btif ( 2119): dm_pm_timer expires 0
12-05 13:52:51.024 W/bt-btif ( 2119): proc dm_pm_timer expires
12-05 13:52:53.963 W/bt-btif ( 2119): dm_pm_timer expires
12-05 13:52:53.963 W/bt-btif ( 2119): dm_pm_timer expires 0
12-05 13:52:53.963 W/bt-btif ( 2119): proc dm_pm_timer expires
12-05 13:53:41.380 I/PowerManagerService( 1751): Waking up from sleep...
12-05 13:53:41.380 W/KeyguardServiceDelegate( 1751): onScreenTurnedOn(): no keyguard service!
12-05 13:53:41.510 D/PowerManagerService-JNI( 1751): Excessive delay in autosuspend_disable() while turning screen on: 133ms
12-05 13:53:41.510 D/MinnowPowerHAL( 1751): power_set_interactive: 1
12-05 13:53:41.510 D/MinnowPowerHAL( 1751): sysfs_write: /sys/devices/platform/omapdss/display0/interactivemode 1
12-05 13:53:41.540 D/MinnowPowerHAL( 1751): sysfs_write: /sys/devices/ocp.2/i2c.6/i2c-0/0-004a/interactivemode 1
12-05 13:53:41.550 D/MinnowPowerHAL( 1751): sysfs_write: /sys/class/leds/lcd-backlight/interactive 1
12-05 13:53:41.550 D/mot_vr_audio_hw( 1751): dsp_set_pm_state = on
12-05 13:53:41.550 D/ADSPD   ( 1411): Client cmd=0x4002, size=2
12-05 13:53:41.550 D/ADSPD   ( 1411): DSP_CMD_DAEMON_SET_PM_STATE : 1
12-05 13:53:41.550 D/PowerManagerService-JNI( 1751): Excessive delay in setInteractive(true) while turning screen on: 35ms
12-05 13:53:41.550 V/WearActivity( 2051): Resume!
12-05 13:53:41.550 V/MyViewAnim( 2051): success getting new surface holder
12-05 13:53:41.560 I/TimeWrapper( 2051): FPS: 0.0018116205, samples: 1
12-05 13:53:41.560 I/TimeWrapper( 2051): Min/Avg/Max frame render speed (ms): 5.432129 / 5.432129 / 5.432129
12-05 13:53:41.560 I/TimeWrapper( 2051): Waketime: 9.840957E-4%
12-05 13:53:41.560 D/ADSPD   ( 1411): ACK success!
12-05 13:53:41.570 W/InputMethodManagerService( 1751): Ignoring setImeWindowStatus of uid 1000 token: null
12-05 13:53:41.620 D/mot_vr_audio_hw( 1418): dsp_recognizer_enabled = true
12-05 13:53:41.620 D/ADSPD   ( 1411): Client cmd=0x0003, size=4
12-05 13:53:41.620 D/mot_vr_audio_hw( 1418): open_input_stream(): devices = 0x80000004, rate = 8000, channels = 0x10
12-05 13:53:41.620 D/mot_vr_audio_hw( 1418): Created resampler for 16000->8000 Hz
12-05 13:53:41.630 D/ADSPD   ( 1411): Received from DSP: cmd=0x8003, size=2
12-05 13:53:41.630 D/ADSPD   ( 1411): Client cmd=0x4003, size=2
12-05 13:53:41.630 D/mot_vr_audio_hw( 1418): received recognition control callback, status 0
12-05 13:53:41.650 D/mot_vr_audio_hw( 1418): in_read waiting for hotword
12-05 13:53:41.690 D/SurfaceFlinger( 1416): Screen acquired, type=0 flinger=0xb7fe9448
12-05 13:53:41.690 D/hwcomposer( 1416): hwc_blank(0: 0)
12-05 13:53:41.690 I/DisplayManagerService( 1751): Display device changed: DisplayDeviceInfo{"Built-in Screen": 320 x 290, 45.000004 fps, density 213, 203.2 x 204.61111 dpi, touch INTERNAL, rotation 0, type BUILT_IN, state ON, FLAG_DEFAULT_DISPLAY, FLAG_ROTATES_WITH_CONTENT, FLAG_SECURE, FLAG_SUPPORTS_PROTECTED_BUFFERS}
12-05 13:53:41.690 V/ActivityManager( 1751): Display changed displayId=0
12-05 13:53:41.700 V/WearActivity( 2051): display changed: 0, new state: 2
12-05 13:53:41.700 V/WearActivity( 2051): onDisplayChanged: on!
12-05 13:53:41.700 V/WearActivity( 2051): killing alarms
12-05 13:53:41.700 V/WearActivity( 2051): startHelper: putting it all back together again
12-05 13:53:41.700 V/WearActivity( 2051): initAlarm: setting up
12-05 13:53:41.721 I/ClockFace( 2051): Ambient mode: false
12-05 13:53:41.741 D/SensorHAL( 1751): adjustSensorHandle: handle = 9 adjustedHandle = 1
12-05 13:53:41.741 D/SensorHAL( 1751): adjustSensorHandle: handle = 9 adjustedHandle = 1
12-05 13:53:41.761 D/SensorHAL( 1751): adjustSensorHandle: handle = 9 adjustedHandle = 1
12-05 13:53:41.771 V/MyViewAnim( 2051): resumeMaxHertz
12-05 13:53:41.771 V/ClockFace( 2051): clearing caches
12-05 13:53:41.771 V/MyViewAnim( 2051): starting new animator
12-05 13:53:41.771 V/MyViewAnim( 2051): Time listener is up!
12-05 13:53:41.771 V/MyViewAnim( 2051): starting new draw thread
12-05 13:53:41.801 V/ClockFace( 2051): rendering new face, faceMode(0)
12-05 13:53:41.821 V/ClockFace( 2051): fetching new battery status (36487)
12-05 13:53:41.821 V/ClockFace( 2051): battery at 0.71
12-05 13:53:43.953 W/bt-btif ( 2119): dm_pm_timer expires
12-05 13:53:43.953 W/bt-btif ( 2119): dm_pm_timer expires 0
12-05 13:53:43.963 W/bt-btif ( 2119): proc dm_pm_timer expires
12-05 13:53:46.465 V/WearActivity( 2051): Pause!
12-05 13:53:46.465 I/PowerManagerService( 1751): Going to sleep due to screen timeout...
12-05 13:53:46.465 I/PowerManagerService( 1751): Dozing...
12-05 13:53:46.475 I/DreamController( 1751): Starting dream: name=ComponentInfo{com.google.android.wearable.app/com.google.android.clockwork.home.AmbientMode}, isTest=false, canDoze=true, userId=0
12-05 13:53:46.485 V/WearActivity( 2051): Stop!
12-05 13:53:46.495 D/mot_vr_audio_hw( 1418): dsp_recognizer_enabled = false
12-05 13:53:46.495 D/ADSPD   ( 1411): Client cmd=0x0003, size=4
12-05 13:53:46.495 W/InputMethodManagerService( 1751): Ignoring setImeWindowStatus of uid 1000 token: null
12-05 13:53:46.505 D/mot_vr_audio_hw( 1418): Switching DSP to standby/passthrough mode
12-05 13:53:46.505 D/mot_vr_audio_hw( 1418): Input 0xb76ce858 ready to read
12-05 13:53:46.515 D/ADSPD   ( 1411): Received from DSP: cmd=0x8003, size=2
12-05 13:53:46.515 D/ADSPD   ( 1411): Client cmd=0x0003, size=4
12-05 13:53:46.515 D/mot_vr_audio_hw( 1418): received recognition control callback, status 0
12-05 13:53:46.525 D/ADSPD   ( 1411): Received from DSP: cmd=0x8003, size=2
12-05 13:53:46.525 D/mot_vr_audio_hw( 1418): received recognition control callback, status 0
12-05 13:53:46.555 W/mot_vr_audio_hw( 1418): Discarded 10 buffers without finding audio data
12-05 13:53:46.565 D/ADSPD   ( 1411): Client cmd=0x0003, size=4
12-05 13:53:46.565 D/mot_vr_audio_hw( 1418): Re-arming DSP
12-05 13:53:46.565 D/mot_vr_audio_hw( 1418): Input 0xb76ce858 standby complete
12-05 13:53:46.575 D/ADSPD   ( 1411): Received from DSP: cmd=0x8003, size=2
12-05 13:53:46.575 D/mot_vr_audio_hw( 1418): received recognition control callback, status 0
12-05 13:53:46.575 D/ADSPD   ( 1411): Client cmd=0x4003, size=2
12-05 13:53:46.575 D/mot_vr_audio_hw( 1418): Input 0xb76ce858 close complete
12-05 13:53:46.685 I/ActivityManager( 1751): START u0 {act=android.intent.action.MAIN cat=[android.intent.category.HOME] flg=0x10000000 cmp=com.google.android.wearable.app/com.google.android.clockwork.home.HomeActivity (has extras)} from pid 1870 on display 0
12-05 13:53:46.695 V/ActivityManager( 1751): Display changed displayId=0
12-05 13:53:46.705 V/WearActivity( 2051): display changed: 0, new state: 2
12-05 13:53:46.705 V/WearActivity( 2051): state didn't actually change
12-05 13:53:46.725 I/DreamController( 1751): Stopping dream: name=ComponentInfo{com.google.android.wearable.app/com.google.android.clockwork.home.AmbientMode}, isTest=false, canDoze=true, userId=0
12-05 13:53:46.725 I/PowerManagerService( 1751): Sleeping...
12-05 13:53:46.765 I/ActivityManager( 1751): Activity reported stop, but no longer stopping: ActivityRecord{adf19ae0 u0 com.google.android.wearable.app/com.google.android.clockwork.home.HomeActivity t1}
12-05 13:53:46.775 I/AmbientMode( 1870): Ambient mode started: canDoze=true, dozeHardware=null
12-05 13:53:46.785 D/mot_vr_audio_hw( 1418): dsp_recognizer_enabled = true
12-05 13:53:46.785 D/ADSPD   ( 1411): Client cmd=0x0003, size=4
12-05 13:53:46.785 D/mot_vr_audio_hw( 1418): open_input_stream(): devices = 0x80000004, rate = 8000, channels = 0x10
12-05 13:53:46.785 D/mot_vr_audio_hw( 1418): Created resampler for 16000->8000 Hz
12-05 13:53:46.795 D/ADSPD   ( 1411): Received from DSP: cmd=0x8003, size=2
12-05 13:53:46.795 D/ADSPD   ( 1411): Client cmd=0x4003, size=2
12-05 13:53:46.795 D/mot_vr_audio_hw( 1418): received recognition control callback, status 0
12-05 13:53:46.805 D/mot_vr_audio_hw( 1418): in_read waiting for hotword
12-05 13:53:46.815 D/mot_vr_audio_hw( 1418): dsp_recognizer_enabled = false
12-05 13:53:46.815 D/ADSPD   ( 1411): Client cmd=0x0003, size=4
12-05 13:53:46.815 D/mot_vr_audio_hw( 1418): Switching DSP to standby/passthrough mode
12-05 13:53:46.815 D/mot_vr_audio_hw( 1418): Input 0xb76ce858 ready to read
12-05 13:53:46.825 D/ADSPD   ( 1411): Received from DSP: cmd=0x8003, size=2
12-05 13:53:46.825 D/ADSPD   ( 1411): Client cmd=0x0003, size=4
12-05 13:53:46.825 D/mot_vr_audio_hw( 1418): received recognition control callback, status 0
12-05 13:53:46.835 D/ADSPD   ( 1411): Received from DSP: cmd=0x8003, size=2
12-05 13:53:46.835 D/mot_vr_audio_hw( 1418): received recognition control callback, status 0
12-05 13:53:46.856 D/dalvikvm( 1751): GC_CONCURRENT freed 602K, 29% free 4941K/6916K, paused 3ms+10ms, total 259ms
12-05 13:53:46.866 W/mot_vr_audio_hw( 1418): Discarded 10 buffers without finding audio data
12-05 13:53:46.876 D/ADSPD   ( 1411): Client cmd=0x0003, size=4
12-05 13:53:46.876 D/mot_vr_audio_hw( 1418): Re-arming DSP
12-05 13:53:46.876 D/mot_vr_audio_hw( 1418): Input 0xb76ce858 standby complete
12-05 13:53:46.886 D/ADSPD   ( 1411): Received from DSP: cmd=0x8003, size=2
12-05 13:53:46.886 D/mot_vr_audio_hw( 1418): received recognition control callback, status 0
12-05 13:53:46.896 D/ADSPD   ( 1411): Client cmd=0x4003, size=2
12-05 13:53:46.896 D/mot_vr_audio_hw( 1418): Input 0xb76ce858 close complete
12-05 13:53:46.896 I/AmbientMode( 1870): Dream ended: isDozing=true
12-05 13:53:47.436 D/LightsService( 1751): Excessive delay setting light: 145ms
12-05 13:53:47.436 D/SurfaceFlinger( 1416): Screen released, type=0 flinger=0xb7fe9448
12-05 13:53:47.576 D/hwcomposer( 1416): hwc_blank(0: 1)
12-05 13:53:47.576 D/SurfaceControl( 1751): Excessive delay in blankDisplay() while turning screen off: 145ms
12-05 13:53:47.606 I/DisplayManagerService( 1751): Display device changed: DisplayDeviceInfo{"Built-in Screen": 320 x 290, 45.000004 fps, density 213, 203.2 x 204.61111 dpi, touch INTERNAL, rotation 0, type BUILT_IN, state OFF, FLAG_DEFAULT_DISPLAY, FLAG_ROTATES_WITH_CONTENT, FLAG_SECURE, FLAG_SUPPORTS_PROTECTED_BUFFERS}
12-05 13:53:47.606 V/ActivityManager( 1751): Display changed displayId=0
12-05 13:53:47.616 V/WearActivity( 2051): display changed: 0, new state: 1
12-05 13:53:47.616 I/TimeWrapper( 2051): FPS: 39.45236, samples: 231
12-05 13:53:47.616 I/TimeWrapper( 2051): Min/Avg/Max frame render speed (ms): 5.462646 / 7.521063 / 51.971436
12-05 13:53:47.616 I/TimeWrapper( 2051): Waketime: 29.67237%
12-05 13:53:47.616 I/TimeWrapper( 2051): Skipped frames: 1
12-05 13:53:47.616 V/MyViewAnim( 2051): redrawSlow: display change without state change -> 1
12-05 13:53:47.616 V/MyViewAnim( 2051): redrawSlow: resume -> 1
12-05 13:53:47.616 V/MyViewAnim( 2051): redrawSlow: startHelper -> 1
12-05 13:53:47.616 V/WearActivity( 2051): onDisplayChanged: off!
12-05 13:53:47.616 V/WearActivity( 2051): stopHelper: shutting things down
12-05 13:53:47.646 D/MinnowPowerHAL( 1751): power_set_interactive: 0
12-05 13:53:47.646 D/MinnowPowerHAL( 1751): sysfs_write: /sys/devices/platform/omapdss/display0/interactivemode 0
12-05 13:53:47.646 D/MinnowPowerHAL( 1751): sysfs_write: /sys/devices/ocp.2/i2c.6/i2c-0/0-004a/interactivemode 0
12-05 13:53:47.646 D/MinnowPowerHAL( 1751): sysfs_write: /sys/class/leds/lcd-backlight/interactive 0
12-05 13:53:47.646 D/mot_vr_audio_hw( 1751): dsp_set_pm_state = off
12-05 13:53:47.646 D/ADSPD   ( 1411): Client cmd=0x4002, size=2
12-05 13:53:47.646 D/ADSPD   ( 1411): DSP_CMD_DAEMON_SET_PM_STATE : 0
12-05 13:53:47.656 V/WearActivity( 2051): killing alarms
12-05 13:53:47.656 V/MyViewAnim( 2051): stopping animation!
12-05 13:53:47.656 V/MyViewAnim( 2051): killDrawThread
12-05 13:53:47.656 I/ClockFace( 2051): Ambient mode: false
12-05 13:53:47.666 V/MyViewAnim/PanelThread( 2051): looper finished!
12-05 13:53:47.666 V/MyViewAnim/PanelThread( 2051): draw thread termination
12-05 13:53:48.097 D/SensorHALGestureSensor( 1751): Gesture event received! time = 1417809228109580716
12-05 13:53:48.097 I/PowerManagerService( 1751): Waking up from sleep...
12-05 13:53:48.107 W/KeyguardServiceDelegate( 1751): onScreenTurnedOn(): no keyguard service!
12-05 13:53:48.117 D/MinnowPowerHAL( 1751): power_set_interactive: 1
12-05 13:53:48.117 D/MinnowPowerHAL( 1751): sysfs_write: /sys/devices/platform/omapdss/display0/interactivemode 1
12-05 13:53:48.207 D/MinnowPowerHAL( 1751): sysfs_write: /sys/devices/ocp.2/i2c.6/i2c-0/0-004a/interactivemode 1
12-05 13:53:48.207 D/MinnowPowerHAL( 1751): sysfs_write: /sys/class/leds/lcd-backlight/interactive 1
12-05 13:53:48.207 D/mot_vr_audio_hw( 1751): dsp_set_pm_state = on
12-05 13:53:48.207 D/ADSPD   ( 1411): Client cmd=0x4002, size=2
12-05 13:53:48.207 D/PowerManagerService-JNI( 1751): Excessive delay in setInteractive(true) while turning screen on: 89ms
12-05 13:53:48.207 D/ADSPD   ( 1411): DSP_CMD_DAEMON_SET_PM_STATE : 1
12-05 13:53:48.217 V/WearActivity( 2051): Resume!
12-05 13:53:48.217 V/MyViewAnim( 2051): success getting new surface holder
12-05 13:53:48.237 V/ActivityManager( 1751): Display changed displayId=0
12-05 13:53:48.247 E/ClockworkHome( 1870): Tried to exit ambient mode, but enterAmbientMode() was never called.
12-05 13:53:48.247 D/mot_vr_audio_hw( 1418): dsp_recognizer_enabled = true
12-05 13:53:48.247 D/mot_vr_audio_hw( 1418): open_input_stream(): devices = 0x80000004, rate = 8000, channels = 0x10
12-05 13:53:48.247 D/mot_vr_audio_hw( 1418): Created resampler for 16000->8000 Hz
12-05 13:53:48.247 W/InputMethodManagerService( 1751): Ignoring setImeWindowStatus of uid 1000 token: null
