11-16 18:40:04.331 D/mot_vr_audio_hw( 1419): Input 0xb8ebc420 standby complete
11-16 18:40:04.341 D/mot_vr_audio_hw( 1419): Input 0xb8ebc420 close complete
11-16 18:40:04.341 D/ADSPD   ( 7609): Received from DSP: cmd=0x8003, size=2
11-16 18:40:04.341 D/ADSPD   ( 7609): Client cmd=0x4003, size=2
11-16 18:40:04.341 D/mot_vr_audio_hw( 1419): received recognition control callback, status 0
11-16 18:40:04.452 I/ActivityManager( 1752): START u0 {act=android.intent.action.MAIN cat=[android.intent.category.HOME] flg=0x10000000 cmp=com.google.android.wearable.app/com.google.android.clockwork.home.HomeActivity (has extras)} from pid 1871 on display 0
11-16 18:40:04.452 I/DreamController( 1752): Stopping dream: name=ComponentInfo{com.google.android.wearable.app/com.google.android.clockwork.home.AmbientMode}, isTest=false, canDoze=true, userId=0
11-16 18:40:04.472 I/PowerManagerService( 1752): Sleeping...
11-16 18:40:04.522 I/AmbientMode( 1871): Ambient mode started: canDoze=true, dozeHardware=null
11-16 18:40:04.522 I/ActivityManager( 1752): Activity reported stop, but no longer stopping: ActivityRecord{adc9b990 u0 com.google.android.wearable.app/com.google.android.clockwork.home.HomeActivity t1}
11-16 18:40:04.532 D/mot_vr_audio_hw( 1419): dsp_recognizer_enabled = true
11-16 18:40:04.532 D/ADSPD   ( 7609): Client cmd=0x0003, size=4
11-16 18:40:04.542 D/mot_vr_audio_hw( 1419): open_input_stream(): devices = 0x80000004, rate = 8000, channels = 0x10
11-16 18:40:04.542 D/mot_vr_audio_hw( 1419): Created resampler for 16000->8000 Hz
11-16 18:40:04.552 D/ADSPD   ( 7609): Received from DSP: cmd=0x8003, size=2
11-16 18:40:04.552 D/ADSPD   ( 7609): Client cmd=0x4003, size=2
11-16 18:40:04.552 D/mot_vr_audio_hw( 1419): received recognition control callback, status 0
11-16 18:40:04.552 D/mot_vr_audio_hw( 1419): in_read waiting for hotword
11-16 18:40:04.562 D/mot_vr_audio_hw( 1419): dsp_recognizer_enabled = false
11-16 18:40:04.562 D/ADSPD   ( 7609): Client cmd=0x0003, size=4
11-16 18:40:04.562 D/mot_vr_audio_hw( 1419): Switching DSP to standby/passthrough mode
11-16 18:40:04.562 D/mot_vr_audio_hw( 1419): Input 0xb8ebc420 ready to read
11-16 18:40:04.572 D/ADSPD   ( 7609): Received from DSP: cmd=0x8003, size=2
11-16 18:40:04.572 D/ADSPD   ( 7609): Client cmd=0x0003, size=4
11-16 18:40:04.572 D/mot_vr_audio_hw( 1419): received recognition control callback, status 0
11-16 18:40:04.592 D/ADSPD   ( 7609): Received from DSP: cmd=0x8003, size=2
11-16 18:40:04.592 D/mot_vr_audio_hw( 1419): received recognition control callback, status 0
11-16 18:40:04.612 W/mot_vr_audio_hw( 1419): Discarded 10 buffers without finding audio data
11-16 18:40:04.622 D/ADSPD   ( 7609): Client cmd=0x0003, size=4
11-16 18:40:04.622 D/mot_vr_audio_hw( 1419): Re-arming DSP
11-16 18:40:04.622 D/mot_vr_audio_hw( 1419): Input 0xb8ebc420 standby complete
11-16 18:40:04.632 D/mot_vr_audio_hw( 1419): Input 0xb8ebc420 close complete
11-16 18:40:04.642 D/ADSPD   ( 7609): Received from DSP: cmd=0x8003, size=2
11-16 18:40:04.642 D/ADSPD   ( 7609): Client cmd=0x4003, size=2
11-16 18:40:04.642 D/mot_vr_audio_hw( 1419): received recognition control callback, status 0
11-16 18:40:04.652 I/AmbientMode( 1871): Dream ended: isDozing=true
11-16 18:40:05.072 D/SurfaceFlinger( 1417): Screen released, type=0 flinger=0xb7fc2448
11-16 18:40:05.222 D/hwcomposer( 1417): hwc_blank(0: 1)
11-16 18:40:05.222 D/SurfaceControl( 1752): Excessive delay in blankDisplay() while turning screen off: 143ms
11-16 18:40:05.232 I/DisplayManagerService( 1752): Display device changed: DisplayDeviceInfo{"Built-in Screen": 320 x 290, 45.000004 fps, density 213, 203.2 x 204.61111 dpi, touch INTERNAL, rotation 0, type BUILT_IN, state OFF, FLAG_DEFAULT_DISPLAY, FLAG_ROTATES_WITH_CONTENT, FLAG_SECURE, FLAG_SUPPORTS_PROTECTED_BUFFERS}
11-16 18:40:05.232 V/ActivityManager( 1752): Display changed displayId=0
11-16 18:40:05.252 V/WearActivity(18425): display changed: 0, new state: 1
11-16 18:40:05.252 I/TimeWrapper(18425): FPS: 42.247704, samples: 422
11-16 18:40:05.252 I/TimeWrapper(18425): Min/Avg/Max frame render speed (ms): 4.608155 / 5.561358 / 37.384033
11-16 18:40:05.252 I/TimeWrapper(18425): Waketime: 23.495462%
11-16 18:40:05.252 I/TimeWrapper(18425): Skipped frames: 1
11-16 18:40:05.252 V/MyViewAnim(18425): redrawSlow: view:surfaceChanged -> 1
11-16 18:40:05.252 V/MyViewAnim(18425): redrawSlow: view:surfaceCreated -> 1
11-16 18:40:05.252 V/MyViewAnim(18425): redrawSlow: startHelper -> 1
11-16 18:40:05.252 V/WearActivity(18425): onDisplayChanged: off!
11-16 18:40:05.252 V/WearActivity(18425): stopHelper: shutting things down
11-16 18:40:05.262 D/MinnowPowerHAL( 1752): power_set_interactive: 0
11-16 18:40:05.262 D/MinnowPowerHAL( 1752): sysfs_write: /sys/devices/platform/omapdss/display0/interactivemode 0
11-16 18:40:05.262 D/MinnowPowerHAL( 1752): sysfs_write: /sys/devices/ocp.2/i2c.6/i2c-0/0-004a/interactivemode 0
11-16 18:40:05.262 D/MinnowPowerHAL( 1752): sysfs_write: /sys/class/leds/lcd-backlight/interactive 0
11-16 18:40:05.262 D/mot_vr_audio_hw( 1752): dsp_set_pm_state = off
11-16 18:40:05.262 D/ADSPD   ( 7609): Client cmd=0x4002, size=2
11-16 18:40:05.262 D/ADSPD   ( 7609): DSP_CMD_DAEMON_SET_PM_STATE : 0
11-16 18:40:05.272 V/MyViewAnim(18425): stopping animation!
11-16 18:40:05.272 V/MyViewAnim(18425): killDrawThread
11-16 18:40:05.272 V/WearActivity(18425): killing alarms
11-16 18:40:05.272 I/ClockFace(18425): Ambient mode: false
11-16 18:40:05.272 V/MyViewAnim(18425): looper finished!
11-16 18:40:07.595 W/bt-btif (19562): dm_pm_timer expires
11-16 18:40:07.595 W/bt-btif (19562): dm_pm_timer expires 0
11-16 18:40:07.595 W/bt-btif (19562): proc dm_pm_timer expires
11-16 18:40:12.249 D/SensorHALGestureSensor( 1752): Gesture event received! time = 1416181212252387801
11-16 18:40:12.249 I/PowerManagerService( 1752): Waking up from sleep...
11-16 18:40:12.249 W/KeyguardServiceDelegate( 1752): onScreenTurnedOn(): no keyguard service!
11-16 18:40:12.269 V/WearActivity(18425): display changed: 0, new state: 1
11-16 18:40:12.269 V/WearActivity(18425): state didn't actually change
11-16 18:40:12.369 D/PowerManagerService-JNI( 1752): Excessive delay in autosuspend_disable() while turning screen on: 114ms
11-16 18:40:12.369 D/MinnowPowerHAL( 1752): power_set_interactive: 1
11-16 18:40:12.369 D/MinnowPowerHAL( 1752): sysfs_write: /sys/devices/platform/omapdss/display0/interactivemode 1
11-16 18:40:12.420 D/MinnowPowerHAL( 1752): sysfs_write: /sys/devices/ocp.2/i2c.6/i2c-0/0-004a/interactivemode 1
11-16 18:40:12.420 D/MinnowPowerHAL( 1752): sysfs_write: /sys/class/leds/lcd-backlight/interactive 1
11-16 18:40:12.420 D/mot_vr_audio_hw( 1752): dsp_set_pm_state = on
11-16 18:40:12.430 D/ADSPD   ( 7609): Client cmd=0x4002, size=2
11-16 18:40:12.430 D/ADSPD   ( 7609): DSP_CMD_DAEMON_SET_PM_STATE : 1
11-16 18:40:12.430 D/PowerManagerService-JNI( 1752): Excessive delay in setInteractive(true) while turning screen on: 56ms
11-16 18:40:12.430 V/WearActivity(18425): Resume!
11-16 18:40:12.440 E/ClockworkHome( 1871): Tried to exit ambient mode, but enterAmbientMode() was never called.
11-16 18:40:12.440 V/ActivityManager( 1752): Display changed displayId=0
11-16 18:40:12.440 W/InputMethodManagerService( 1752): Ignoring setImeWindowStatus of uid 1000 token: null
11-16 18:40:12.450 D/mot_vr_audio_hw( 1419): dsp_recognizer_enabled = true
11-16 18:40:12.450 D/mot_vr_audio_hw( 1419): open_input_stream(): devices = 0x80000004, rate = 8000, channels = 0x10
11-16 18:40:12.450 D/mot_vr_audio_hw( 1419): Created resampler for 16000->8000 Hz
11-16 18:40:12.470 D/mot_vr_audio_hw( 1419): in_read waiting for hotword
11-16 18:40:12.560 D/SurfaceFlinger( 1417): Screen acquired, type=0 flinger=0xb7fc2448
11-16 18:40:12.560 D/hwcomposer( 1417): hwc_blank(0: 0)
11-16 18:40:12.560 D/SensorHAL( 1752): adjustSensorHandle: handle = 9 adjustedHandle = 1
11-16 18:40:12.560 D/SensorHAL( 1752): adjustSensorHandle: handle = 9 adjustedHandle = 1
11-16 18:40:12.560 I/DisplayManagerService( 1752): Display device changed: DisplayDeviceInfo{"Built-in Screen": 320 x 290, 45.000004 fps, density 213, 203.2 x 204.61111 dpi, touch INTERNAL, rotation 0, type BUILT_IN, state ON, FLAG_DEFAULT_DISPLAY, FLAG_ROTATES_WITH_CONTENT, FLAG_SECURE, FLAG_SUPPORTS_PROTECTED_BUFFERS}
11-16 18:40:12.560 V/ActivityManager( 1752): Display changed displayId=0
11-16 18:40:12.590 V/WearActivity(18425): display changed: 0, new state: 2
11-16 18:40:12.590 V/WearActivity(18425): onDisplayChanged: on!
11-16 18:40:12.590 V/WearActivity(18425): killing alarms
11-16 18:40:12.590 V/WearActivity(18425): startHelper: putting it all back together again
11-16 18:40:12.590 V/WearActivity(18425): initAlarm: setting up
11-16 18:40:12.590 D/SensorHAL( 1752): adjustSensorHandle: handle = 9 adjustedHandle = 1
11-16 18:40:12.610 I/ClockFace(18425): Ambient mode: false
11-16 18:40:12.610 V/MyViewAnim(18425): resumeMaxHertz
11-16 18:40:12.610 V/ClockFace(18425): clearing caches
11-16 18:40:12.610 V/MyViewAnim(18425): starting new animator
11-16 18:40:12.610 V/MyViewAnim(18425): Time listener is up!
11-16 18:40:12.610 V/MyViewAnim(18425): starting new draw thread
11-16 18:40:12.630 V/ClockFace(18425): rendering new face, faceMode(0)
11-16 18:40:12.650 V/ClockFace(18425): fetching new battery status (14879)
11-16 18:40:12.650 V/ClockFace(18425): battery at 0.85
11-16 18:40:12.730 E/ADSPD   ( 7609): Timeout on select()
11-16 18:40:12.730 E/ADSPD   ( 7609): NO ACK received after loading firmware
11-16 18:40:12.730 E/ADSPD   ( 7609): Unknown ACK received 0x00
11-16 18:40:12.730 D/ADSPD   ( 7609): Client cmd=0x0003, size=4
11-16 18:40:12.740 D/ADSPD   ( 7609): Received from DSP: cmd=0x8003, size=2
11-16 18:40:12.740 D/ADSPD   ( 7609): Client cmd=0x4003, size=2
11-16 18:40:12.740 D/mot_vr_audio_hw( 1419): received recognition control callback, status 0
11-16 18:40:15.583 W/bt-btif (19562): dm_pm_timer expires
11-16 18:40:15.583 W/bt-btif (19562): dm_pm_timer expires 0
11-16 18:40:15.583 W/bt-btif (19562): proc dm_pm_timer expires
11-16 18:40:17.444 I/PowerManagerService( 1752): Going to sleep due to screen timeout...
11-16 18:40:17.444 I/PowerManagerService( 1752): Dozing...
11-16 18:40:17.444 I/DreamController( 1752): Starting dream: name=ComponentInfo{com.google.android.wearable.app/com.google.android.clockwork.home.AmbientMode}, isTest=false, canDoze=true, userId=0
11-16 18:40:17.504 V/WearActivity(18425): Pause!
11-16 18:40:17.504 V/WearActivity(18425): Stop!
11-16 18:40:17.514 W/InputMethodManagerService( 1752): Ignoring setImeWindowStatus of uid 1000 token: null
11-16 18:40:17.555 I/ActivityManager( 1752): START u0 {act=android.intent.action.MAIN cat=[android.intent.category.HOME] flg=0x10000000 cmp=com.google.android.wearable.app/com.google.android.clockwork.home.HomeActivity (has extras)} from pid 1871 on display 0
11-16 18:40:17.555 I/DreamController( 1752): Stopping dream: name=ComponentInfo{com.google.android.wearable.app/com.google.android.clockwork.home.AmbientMode}, isTest=false, canDoze=true, userId=0
11-16 18:40:17.565 I/PowerManagerService( 1752): Sleeping...
11-16 18:40:17.645 D/mot_vr_audio_hw( 1419): dsp_recognizer_enabled = false
11-16 18:40:17.645 D/ADSPD   ( 7609): Client cmd=0x0003, size=4
11-16 18:40:17.645 D/mot_vr_audio_hw( 1419): Switching DSP to standby/passthrough mode
11-16 18:40:17.645 D/mot_vr_audio_hw( 1419): Input 0xb8ebc420 ready to read
11-16 18:40:17.655 D/ADSPD   ( 7609): Received from DSP: cmd=0x8003, size=2
11-16 18:40:17.655 D/ADSPD   ( 7609): Client cmd=0x0003, size=4
11-16 18:40:17.655 D/mot_vr_audio_hw( 1419): received recognition control callback, status 0
11-16 18:40:17.665 D/ADSPD   ( 7609): Received from DSP: cmd=0x8003, size=2
11-16 18:40:17.665 D/mot_vr_audio_hw( 1419): received recognition control callback, status 0
11-16 18:40:17.695 W/mot_vr_audio_hw( 1419): Discarded 10 buffers without finding audio data
11-16 18:40:17.705 D/ADSPD   ( 7609): Client cmd=0x0003, size=4
11-16 18:40:17.705 D/mot_vr_audio_hw( 1419): Re-arming DSP
11-16 18:40:17.705 D/mot_vr_audio_hw( 1419): Input 0xb8ebc420 standby complete
11-16 18:40:17.715 D/mot_vr_audio_hw( 1419): Input 0xb8ebc420 close complete
11-16 18:40:17.715 D/ADSPD   ( 7609): Received from DSP: cmd=0x8003, size=2
11-16 18:40:17.715 D/ADSPD   ( 7609): Client cmd=0x4003, size=2
11-16 18:40:17.715 D/mot_vr_audio_hw( 1419): received recognition control callback, status 0
11-16 18:40:17.725 I/AmbientMode( 1871): Ambient mode started: canDoze=true, dozeHardware=null
11-16 18:40:17.745 I/AmbientMode( 1871): Dream ended: isDozing=true
11-16 18:40:18.155 D/SurfaceFlinger( 1417): Screen released, type=0 flinger=0xb7fc2448
11-16 18:40:18.315 D/hwcomposer( 1417): hwc_blank(0: 1)
11-16 18:40:18.315 D/SurfaceControl( 1752): Excessive delay in blankDisplay() while turning screen off: 159ms
11-16 18:40:18.325 I/DisplayManagerService( 1752): Display device changed: DisplayDeviceInfo{"Built-in Screen": 320 x 290, 45.000004 fps, density 213, 203.2 x 204.61111 dpi, touch INTERNAL, rotation 0, type BUILT_IN, state OFF, FLAG_DEFAULT_DISPLAY, FLAG_ROTATES_WITH_CONTENT, FLAG_SECURE, FLAG_SUPPORTS_PROTECTED_BUFFERS}
11-16 18:40:18.325 V/ActivityManager( 1752): Display changed displayId=0
11-16 18:40:18.335 V/WearActivity(18425): display changed: 0, new state: 1
11-16 18:40:18.335 I/TimeWrapper(18425): FPS: 40.56532, samples: 231
11-16 18:40:18.335 I/TimeWrapper(18425): Min/Avg/Max frame render speed (ms): 4.547119 / 5.714845 / 30.48706
11-16 18:40:18.335 I/TimeWrapper(18425): Waketime: 23.182455%
11-16 18:40:18.335 I/TimeWrapper(18425): Skipped frames: 1
11-16 18:40:18.335 V/MyViewAnim(18425): redrawSlow: resume -> 1
11-16 18:40:18.335 V/MyViewAnim(18425): redrawSlow: display change without state change -> 1
11-16 18:40:18.335 V/MyViewAnim(18425): redrawSlow: startHelper -> 1
11-16 18:40:18.335 V/WearActivity(18425): onDisplayChanged: off!
11-16 18:40:18.335 V/WearActivity(18425): stopHelper: shutting things down
11-16 18:40:18.375 D/MinnowPowerHAL( 1752): power_set_interactive: 0
11-16 18:40:18.375 D/MinnowPowerHAL( 1752): sysfs_write: /sys/devices/platform/omapdss/display0/interactivemode 0
11-16 18:40:18.375 D/MinnowPowerHAL( 1752): sysfs_write: /sys/devices/ocp.2/i2c.6/i2c-0/0-004a/interactivemode 0
11-16 18:40:18.375 D/MinnowPowerHAL( 1752): sysfs_write: /sys/class/leds/lcd-backlight/interactive 0
11-16 18:40:18.375 D/mot_vr_audio_hw( 1752): dsp_set_pm_state = off
11-16 18:40:18.375 D/ADSPD   ( 7609): Client cmd=0x4002, size=2
11-16 18:40:18.375 D/ADSPD   ( 7609): DSP_CMD_DAEMON_SET_PM_STATE : 0
11-16 18:40:18.385 V/MyViewAnim(18425): stopping animation!
11-16 18:40:18.385 V/MyViewAnim(18425): killDrawThread
11-16 18:40:18.385 V/WearActivity(18425): killing alarms
11-16 18:40:18.385 I/ClockFace(18425): Ambient mode: false
11-16 18:40:18.385 V/MyViewAnim(18425): looper finished!
11-16 18:40:20.127 W/bt-btif (19562): dm_pm_timer expires
11-16 18:40:20.127 W/bt-btif (19562): dm_pm_timer expires 0
11-16 18:40:20.127 W/bt-btif (19562): proc dm_pm_timer expires
11-16 18:40:23.104 W/bt-btif (19562): dm_pm_timer expires
11-16 18:40:23.104 W/bt-btif (19562): dm_pm_timer expires 0
11-16 18:40:23.104 W/bt-btif (19562): proc dm_pm_timer expires
11-16 18:40:32.112 I/Clockwork.Settings( 1871): Companion requested the watch start a time sync.
11-16 18:40:32.112 I/Clockwork.Settings( 1871): sending time sync request - elapsedRealTime: 1421479241
11-16 18:40:32.192 I/Clockwork.Settings( 1871): data item timezone: America/New_York
11-16 18:40:32.202 I/PowerManagerService( 1752): Waking up from sleep...
11-16 18:40:32.202 W/KeyguardServiceDelegate( 1752): onScreenTurnedOn(): no keyguard service!
11-16 18:40:32.212 D/MinnowPowerHAL( 1752): power_set_interactive: 1
11-16 18:40:32.212 D/MinnowPowerHAL( 1752): sysfs_write: /sys/devices/platform/omapdss/display0/interactivemode 1
11-16 18:40:32.222 I/Clockwork.TimeService( 1981): set timezone to America/New_York
11-16 18:40:32.222 D/AlarmManagerService( 1752): Kernel timezone updated to 300 minutes west of GMT
11-16 18:40:32.342 D/MinnowPowerHAL( 1752): sysfs_write: /sys/devices/ocp.2/i2c.6/i2c-0/0-004a/interactivemode 1
11-16 18:40:32.342 D/MinnowPowerHAL( 1752): sysfs_write: /sys/class/leds/lcd-backlight/interactive 1
11-16 18:40:32.342 D/mot_vr_audio_hw( 1752): dsp_set_pm_state = on
11-16 18:40:32.342 D/ADSPD   ( 7609): Client cmd=0x4002, size=2
11-16 18:40:32.342 D/ADSPD   ( 7609): DSP_CMD_DAEMON_SET_PM_STATE : 1
11-16 18:40:32.342 D/PowerManagerService-JNI( 1752): Excessive delay in setInteractive(true) while turning screen on: 132ms
11-16 18:40:32.352 V/WearActivity(18425): Resume!
11-16 18:40:32.352 E/ClockworkHome( 1871): Tried to exit ambient mode, but enterAmbientMode() was never called.
11-16 18:40:32.352 D/mot_vr_audio_hw( 1419): dsp_recognizer_enabled = true
11-16 18:40:32.352 D/mot_vr_audio_hw( 1419): open_input_stream(): devices = 0x80000004, rate = 8000, channels = 0x10
11-16 18:40:32.352 D/mot_vr_audio_hw( 1419): Created resampler for 16000->8000 Hz
11-16 18:40:32.392 D/CwAlarmTzListener(18677): onReceive=Intent { act=android.intent.action.TIMEZONE_CHANGED flg=0x20000010 cmp=com.google.android.deskclock/.TimeZoneChangeListener (has extras) }
11-16 18:40:32.402 W/InputMethodManagerService( 1752): Ignoring setImeWindowStatus of uid 1000 token: null
11-16 18:40:32.412 D/Clockwork.Settings( 1871): got new locale en_US
11-16 18:40:32.422 D/mot_vr_audio_hw( 1419): in_read waiting for hotword
11-16 18:40:32.422 I/ActivityManager( 1752): Delay finish: com.google.android.apps.wearable.settings/com.google.android.clockwork.settings.BluetoothCompanionReceiver
11-16 18:40:32.472 D/dalvikvm(12260): GC_FOR_ALLOC freed 387K, 27% free 2331K/3176K, paused 121ms, total 122ms
11-16 18:40:32.482 D/SurfaceFlinger( 1417): Screen acquired, type=0 flinger=0xb7fc2448
11-16 18:40:32.482 D/hwcomposer( 1417): hwc_blank(0: 0)
11-16 18:40:32.492 I/DisplayManagerService( 1752): Display device changed: DisplayDeviceInfo{"Built-in Screen": 320 x 290, 45.000004 fps, density 213, 203.2 x 204.61111 dpi, touch INTERNAL, rotation 0, type BUILT_IN, state ON, FLAG_DEFAULT_DISPLAY, FLAG_ROTATES_WITH_CONTENT, FLAG_SECURE, FLAG_SUPPORTS_PROTECTED_BUFFERS}
11-16 18:40:32.492 V/ActivityManager( 1752): Display changed displayId=0
11-16 18:40:32.512 V/WearActivity(18425): display changed: 0, new state: 2
11-16 18:40:32.512 V/WearActivity(18425): onDisplayChanged: on!
11-16 18:40:32.512 V/WearActivity(18425): killing alarms
11-16 18:40:32.512 V/WearActivity(18425): startHelper: putting it all back together again
11-16 18:40:32.512 V/WearActivity(18425): initAlarm: setting up
11-16 18:40:32.512 I/ClockFace(18425): Ambient mode: false
11-16 18:40:32.512 V/MyViewAnim(18425): resumeMaxHertz
11-16 18:40:32.512 V/ClockFace(18425): clearing caches
11-16 18:40:32.512 V/MyViewAnim(18425): starting new animator
11-16 18:40:32.512 V/MyViewAnim(18425): Time listener is up!
11-16 18:40:32.512 V/MyViewAnim(18425): starting new draw thread
11-16 18:40:32.532 D/ADSPD   ( 7609): ACK success!
11-16 18:40:32.532 D/ADSPD   ( 7609): Client cmd=0x0003, size=4
11-16 18:40:32.552 D/ADSPD   ( 7609): Received from DSP: cmd=0x8003, size=2
11-16 18:40:32.552 D/ADSPD   ( 7609): Client cmd=0x4003, size=2
11-16 18:40:32.552 D/mot_vr_audio_hw( 1419): received recognition control callback, status 0
11-16 18:40:32.552 V/ClockFace(18425): rendering new face, faceMode(0)
11-16 18:40:32.592 D/LightsService( 1752): Excessive delay setting light: 97ms
11-16 18:40:32.622 I/Clockwork.Settings( 1871): time sync update time to 1416181232922, latency 502 ms
11-16 18:40:32.643 I/Clockwork.Settings( 1871): time sync timezone: America/New_York
11-16 18:40:32.643 D/SensorHAL( 1752): adjustSensorHandle: handle = 9 adjustedHandle = 1
11-16 18:40:32.643 D/SensorHAL( 1752): adjustSensorHandle: handle = 9 adjustedHandle = 1
11-16 18:40:32.643 D/SensorHAL( 1752): adjustSensorHandle: handle = 9 adjustedHandle = 1
11-16 18:40:32.663 D/WearableClient(18677): WearableClientImpl.onPostInitHandler: done
11-16 18:40:32.673 D/        ( 1752): Setting time of day to sec=1416181232
11-16 18:40:32.963 D/LightsService( 1752): Excessive delay setting light: 82ms
11-16 18:40:32.973 I/Clockwork.TimeService( 1981): set timezone to America/New_York
11-16 18:40:32.973 D/AlarmManagerService( 1752): Kernel timezone updated to 300 minutes west of GMT
11-16 18:40:33.023 I/ActivityManager( 1752): Resuming delayed broadcast
11-16 18:40:33.073 V/ClockFace(18425): fetching new battery status (15112)
11-16 18:40:33.073 V/ClockFace(18425): battery at 0.85
11-16 18:40:33.213 I/CheckinService(12241): active receiver: disabled
11-16 18:40:33.273 D/GCM     (12290): GcmService start Intent { act=com.google.android.checkin.CHECKIN_COMPLETE flg=0x10 cmp=com.google.android.gms/.gcm.GcmService (has extras) } com.google.android.checkin.CHECKIN_COMPLETE
11-16 18:40:34.984 W/bt-btif (19562): dm_pm_timer expires
11-16 18:40:34.984 W/bt-btif (19562): dm_pm_timer expires 0
11-16 18:40:34.984 W/bt-btif (19562): proc dm_pm_timer expires
11-16 18:40:37.697 I/PowerManagerService( 1752): Going to sleep due to screen timeout...
11-16 18:40:37.697 I/PowerManagerService( 1752): Dozing...
11-16 18:40:37.697 I/DreamController( 1752): Starting dream: name=ComponentInfo{com.google.android.wearable.app/com.google.android.clockwork.home.AmbientMode}, isTest=false, canDoze=true, userId=0
11-16 18:40:37.707 V/WearActivity(18425): Pause!
11-16 18:40:37.717 V/WearActivity(18425): Stop!
11-16 18:40:37.717 W/InputMethodManagerService( 1752): Ignoring setImeWindowStatus of uid 1000 token: null
11-16 18:40:37.767 D/mot_vr_audio_hw( 1419): dsp_recognizer_enabled = false
11-16 18:40:37.767 D/ADSPD   ( 7609): Client cmd=0x0003, size=4
11-16 18:40:37.767 D/mot_vr_audio_hw( 1419): Switching DSP to standby/passthrough mode
11-16 18:40:37.767 D/mot_vr_audio_hw( 1419): Input 0xb8ebc420 ready to read
11-16 18:40:37.787 D/ADSPD   ( 7609): Received from DSP: cmd=0x8003, size=2
11-16 18:40:37.787 D/ADSPD   ( 7609): Client cmd=0x0003, size=4
11-16 18:40:37.787 D/mot_vr_audio_hw( 1419): received recognition control callback, status 0
11-16 18:40:37.797 D/ADSPD   ( 7609): Received from DSP: cmd=0x8003, size=2
11-16 18:40:37.797 D/mot_vr_audio_hw( 1419): received recognition control callback, status 0
11-16 18:40:37.827 W/mot_vr_audio_hw( 1419): Discarded 10 buffers without finding audio data
11-16 18:40:37.837 D/ADSPD   ( 7609): Client cmd=0x0003, size=4
11-16 18:40:37.837 D/mot_vr_audio_hw( 1419): Re-arming DSP
11-16 18:40:37.837 D/mot_vr_audio_hw( 1419): Input 0xb8ebc420 standby complete
11-16 18:40:37.847 D/mot_vr_audio_hw( 1419): Input 0xb8ebc420 close complete
11-16 18:40:37.847 D/ADSPD   ( 7609): Received from DSP: cmd=0x8003, size=2
11-16 18:40:37.847 D/ADSPD   ( 7609): Client cmd=0x4003, size=2
11-16 18:40:37.847 D/mot_vr_audio_hw( 1419): received recognition control callback, status 0
11-16 18:40:37.907 I/ActivityManager( 1752): START u0 {act=android.intent.action.MAIN cat=[android.intent.category.HOME] flg=0x10000000 cmp=com.google.android.wearable.app/com.google.android.clockwork.home.HomeActivity (has extras)} from pid 1871 on display 0
11-16 18:40:37.917 V/WearActivity(18425): display changed: 0, new state: 2
11-16 18:40:37.917 V/WearActivity(18425): state didn't actually change
11-16 18:40:37.917 V/ActivityManager( 1752): Display changed displayId=0
11-16 18:40:37.937 I/DreamController( 1752): Stopping dream: name=ComponentInfo{com.google.android.wearable.app/com.google.android.clockwork.home.AmbientMode}, isTest=false, canDoze=true, userId=0
11-16 18:40:37.947 I/PowerManagerService( 1752): Sleeping...
11-16 18:40:37.987 I/AmbientMode( 1871): Ambient mode started: canDoze=true, dozeHardware=null
11-16 18:40:37.997 D/mot_vr_audio_hw( 1419): dsp_recognizer_enabled = true
11-16 18:40:37.997 D/ADSPD   ( 7609): Client cmd=0x0003, size=4
11-16 18:40:37.997 D/mot_vr_audio_hw( 1419): open_input_stream(): devices = 0x80000004, rate = 8000, channels = 0x10
11-16 18:40:37.997 D/mot_vr_audio_hw( 1419): Created resampler for 16000->8000 Hz
11-16 18:40:37.997 I/ActivityManager( 1752): Activity reported stop, but no longer stopping: ActivityRecord{adc9b990 u0 com.google.android.wearable.app/com.google.android.clockwork.home.HomeActivity t1}
11-16 18:40:38.007 D/ADSPD   ( 7609): Received from DSP: cmd=0x8003, size=2
11-16 18:40:38.007 D/ADSPD   ( 7609): Client cmd=0x4003, size=2
11-16 18:40:38.007 D/mot_vr_audio_hw( 1419): received recognition control callback, status 0
11-16 18:40:38.027 D/mot_vr_audio_hw( 1419): in_read waiting for hotword
11-16 18:40:38.037 D/mot_vr_audio_hw( 1419): dsp_recognizer_enabled = false
11-16 18:40:38.037 D/ADSPD   ( 7609): Client cmd=0x0003, size=4
11-16 18:40:38.037 D/mot_vr_audio_hw( 1419): Switching DSP to standby/passthrough mode
11-16 18:40:38.037 D/mot_vr_audio_hw( 1419): Input 0xb8ebc420 ready to read
11-16 18:40:38.047 D/ADSPD   ( 7609): Received from DSP: cmd=0x8003, size=2
11-16 18:40:38.047 D/ADSPD   ( 7609): Client cmd=0x0003, size=4
11-16 18:40:38.047 D/mot_vr_audio_hw( 1419): received recognition control callback, status 0
11-16 18:40:38.067 D/ADSPD   ( 7609): Received from DSP: cmd=0x8003, size=2
11-16 18:40:38.067 D/mot_vr_audio_hw( 1419): received recognition control callback, status 0
11-16 18:40:38.088 W/mot_vr_audio_hw( 1419): Discarded 10 buffers without finding audio data
11-16 18:40:38.098 D/ADSPD   ( 7609): Client cmd=0x0003, size=4
11-16 18:40:38.098 D/mot_vr_audio_hw( 1419): Re-arming DSP
11-16 18:40:38.098 D/mot_vr_audio_hw( 1419): Input 0xb8ebc420 standby complete
11-16 18:40:38.108 D/mot_vr_audio_hw( 1419): Input 0xb8ebc420 close complete
11-16 18:40:38.108 D/ADSPD   ( 7609): Received from DSP: cmd=0x8003, size=2
11-16 18:40:38.118 D/ADSPD   ( 7609): Client cmd=0x4003, size=2
11-16 18:40:38.118 D/mot_vr_audio_hw( 1419): received recognition control callback, status 0
11-16 18:40:38.128 I/AmbientMode( 1871): Dream ended: isDozing=true
11-16 18:40:38.548 D/SurfaceFlinger( 1417): Screen released, type=0 flinger=0xb7fc2448
11-16 18:40:38.698 D/hwcomposer( 1417): hwc_blank(0: 1)
11-16 18:40:38.698 D/SurfaceControl( 1752): Excessive delay in blankDisplay() while turning screen off: 146ms
11-16 18:40:38.708 I/DisplayManagerService( 1752): Display device changed: DisplayDeviceInfo{"Built-in Screen": 320 x 290, 45.000004 fps, density 213, 203.2 x 204.61111 dpi, touch INTERNAL, rotation 0, type BUILT_IN, state OFF, FLAG_DEFAULT_DISPLAY, FLAG_ROTATES_WITH_CONTENT, FLAG_SECURE, FLAG_SUPPORTS_PROTECTED_BUFFERS}
11-16 18:40:38.718 V/ActivityManager( 1752): Display changed displayId=0
11-16 18:40:38.728 V/WearActivity(18425): display changed: 0, new state: 1
11-16 18:40:38.728 I/TimeWrapper(18425): FPS: 40.123287, samples: 227
11-16 18:40:38.728 I/TimeWrapper(18425): Min/Avg/Max frame render speed (ms): 4.547119 / 5.971496 / 44.34204
11-16 18:40:38.728 I/TimeWrapper(18425): Waketime: 23.959608%
11-16 18:40:38.728 I/TimeWrapper(18425): Skipped frames: 2
11-16 18:40:38.728 V/MyViewAnim(18425): redrawSlow: display change without state change -> 1
11-16 18:40:38.728 V/MyViewAnim(18425): redrawSlow: resume -> 1
11-16 18:40:38.728 V/MyViewAnim(18425): redrawSlow: startHelper -> 1
11-16 18:40:38.728 V/WearActivity(18425): onDisplayChanged: off!
11-16 18:40:38.728 V/WearActivity(18425): stopHelper: shutting things down
11-16 18:40:38.758 D/MinnowPowerHAL( 1752): power_set_interactive: 0
11-16 18:40:38.758 D/MinnowPowerHAL( 1752): sysfs_write: /sys/devices/platform/omapdss/display0/interactivemode 0
11-16 18:40:38.758 D/MinnowPowerHAL( 1752): sysfs_write: /sys/devices/ocp.2/i2c.6/i2c-0/0-004a/interactivemode 0
11-16 18:40:38.768 D/MinnowPowerHAL( 1752): sysfs_write: /sys/class/leds/lcd-backlight/interactive 0
11-16 18:40:38.768 D/mot_vr_audio_hw( 1752): dsp_set_pm_state = off
11-16 18:40:38.768 D/ADSPD   ( 7609): Client cmd=0x4002, size=2
11-16 18:40:38.768 D/ADSPD   ( 7609): DSP_CMD_DAEMON_SET_PM_STATE : 0
11-16 18:40:38.778 V/MyViewAnim(18425): stopping animation!
11-16 18:40:38.778 V/MyViewAnim(18425): killDrawThread
11-16 18:40:38.778 V/WearActivity(18425): killing alarms
11-16 18:40:38.778 I/ClockFace(18425): Ambient mode: false
11-16 18:40:38.778 V/MyViewAnim(18425): looper finished!
11-16 18:40:38.798 D/dalvikvm( 6238): GC_CONCURRENT freed 587K, 31% free 2215K/3200K, paused 2ms+3ms, total 53ms
11-16 18:40:41.100 W/bt-btif (19562): dm_pm_timer expires
11-16 18:40:41.100 W/bt-btif (19562): dm_pm_timer expires 0
11-16 18:40:41.100 W/bt-btif (19562): proc dm_pm_timer expires
11-16 18:40:43.717 I/PowerManagerService( 1752): Waking up from sleep...
11-16 18:40:43.717 W/KeyguardServiceDelegate( 1752): onScreenTurnedOn(): no keyguard service!
11-16 18:40:43.737 E/ClockworkHome( 1871): Tried to exit ambient mode, but enterAmbientMode() was never called.
11-16 18:40:43.737 V/WearActivity(18425): display changed: 0, new state: 1
11-16 18:40:43.737 V/WearActivity(18425): state didn't actually change
11-16 18:40:43.747 D/mot_vr_audio_hw( 1419): dsp_recognizer_enabled = true
11-16 18:40:43.747 D/ADSPD   ( 7609): Client cmd=0x0003, size=4
11-16 18:40:43.747 D/ADSPD   ( 7609): Trying to send to dsp while in dsp in RESET
11-16 18:40:43.747 D/mot_vr_audio_hw( 1419): open_input_stream(): devices = 0x80000004, rate = 8000, channels = 0x10
11-16 18:40:43.747 D/mot_vr_audio_hw( 1419): Created resampler for 16000->8000 Hz
11-16 18:40:43.747 D/ADSPD   ( 7609): Client cmd=0x4003, size=2
11-16 18:40:43.877 D/PowerManagerService-JNI( 1752): Excessive delay in autosuspend_disable() while turning screen on: 157ms
11-16 18:40:43.877 D/MinnowPowerHAL( 1752): power_set_interactive: 1
11-16 18:40:43.877 D/MinnowPowerHAL( 1752): sysfs_write: /sys/devices/platform/omapdss/display0/interactivemode 1
11-16 18:40:43.907 D/MinnowPowerHAL( 1752): sysfs_write: /sys/devices/ocp.2/i2c.6/i2c-0/0-004a/interactivemode 1
11-16 18:40:43.907 D/MinnowPowerHAL( 1752): sysfs_write: /sys/class/leds/lcd-backlight/interactive 1
11-16 18:40:43.907 D/mot_vr_audio_hw( 1752): dsp_set_pm_state = on
11-16 18:40:43.907 D/ADSPD   ( 7609): Client cmd=0x4002, size=2
11-16 18:40:43.907 D/ADSPD   ( 7609): DSP_CMD_DAEMON_SET_PM_STATE : 1
11-16 18:40:43.907 D/PowerManagerService-JNI( 1752): Excessive delay in setInteractive(true) while turning screen on: 33ms
11-16 18:40:43.917 V/WearActivity(18425): Resume!
11-16 18:40:43.917 D/mot_vr_audio_hw( 1419): in_read waiting for hotword
11-16 18:40:43.917 V/ActivityManager( 1752): Display changed displayId=0
11-16 18:40:43.927 W/InputMethodManagerService( 1752): Ignoring setImeWindowStatus of uid 1000 token: null
11-16 18:40:44.048 D/SensorHAL( 1752): adjustSensorHandle: handle = 9 adjustedHandle = 1
11-16 18:40:44.048 D/SensorHAL( 1752): adjustSensorHandle: handle = 9 adjustedHandle = 1
11-16 18:40:44.058 D/SurfaceFlinger( 1417): Screen acquired, type=0 flinger=0xb7fc2448
11-16 18:40:44.058 D/hwcomposer( 1417): hwc_blank(0: 0)
11-16 18:40:44.058 I/DisplayManagerService( 1752): Display device changed: DisplayDeviceInfo{"Built-in Screen": 320 x 290, 45.000004 fps, density 213, 203.2 x 204.61111 dpi, touch INTERNAL, rotation 0, type BUILT_IN, state ON, FLAG_DEFAULT_DISPLAY, FLAG_ROTATES_WITH_CONTENT, FLAG_SECURE, FLAG_SUPPORTS_PROTECTED_BUFFERS}
11-16 18:40:44.058 V/ActivityManager( 1752): Display changed displayId=0
11-16 18:40:44.078 V/WearActivity(18425): display changed: 0, new state: 2
11-16 18:40:44.078 V/WearActivity(18425): onDisplayChanged: on!
11-16 18:40:44.078 V/WearActivity(18425): killing alarms
11-16 18:40:44.078 V/WearActivity(18425): startHelper: putting it all back together again
11-16 18:40:44.078 V/WearActivity(18425): initAlarm: setting up
11-16 18:40:44.088 D/SensorHAL( 1752): adjustSensorHandle: handle = 9 adjustedHandle = 1
11-16 18:40:44.098 I/ClockFace(18425): Ambient mode: false
11-16 18:40:44.098 V/MyViewAnim(18425): resumeMaxHertz
11-16 18:40:44.098 V/ClockFace(18425): clearing caches
11-16 18:40:44.098 V/MyViewAnim(18425): starting new animator
11-16 18:40:44.098 V/MyViewAnim(18425): Time listener is up!
11-16 18:40:44.098 V/MyViewAnim(18425): starting new draw thread
11-16 18:40:44.148 V/ClockFace(18425): rendering new face, faceMode(0)
11-16 18:40:44.148 D/LightsService( 1752): Excessive delay setting light: 85ms
11-16 18:40:44.168 V/ClockFace(18425): fetching new battery status (15341)
11-16 18:40:44.168 V/ClockFace(18425): battery at 0.85
11-16 18:40:44.208 E/ADSPD   ( 7609): Timeout on select()
11-16 18:40:44.208 E/ADSPD   ( 7609): NO ACK received after loading firmware
11-16 18:40:44.208 E/ADSPD   ( 7609): Unknown ACK received 0x00
11-16 18:40:44.208 D/ADSPD   ( 7609): Enabling VR when bringing up DSP
11-16 18:40:46.120 W/bt-btif (19562): dm_pm_timer expires
11-16 18:40:46.120 W/bt-btif (19562): dm_pm_timer expires 0
11-16 18:40:46.120 W/bt-btif (19562): proc dm_pm_timer expires
11-16 18:40:46.560 D/dalvikvm(18425): GC_CONCURRENT freed 338K, 18% free 2519K/3068K, paused 3ms+20ms, total 65ms
11-16 18:40:48.702 I/PowerManagerService( 1752): Going to sleep due to screen timeout...
11-16 18:40:48.702 I/PowerManagerService( 1752): Dozing...
11-16 18:40:48.712 I/DreamController( 1752): Starting dream: name=ComponentInfo{com.google.android.wearable.app/com.google.android.clockwork.home.AmbientMode}, isTest=false, canDoze=true, userId=0
11-16 18:40:48.722 V/WearActivity(18425): Pause!
11-16 18:40:48.732 V/WearActivity(18425): Stop!
11-16 18:40:48.742 W/InputMethodManagerService( 1752): Ignoring setImeWindowStatus of uid 1000 token: null
11-16 18:40:48.772 D/mot_vr_audio_hw( 1419): dsp_recognizer_enabled = false
11-16 18:40:48.772 D/ADSPD   ( 7609): Client cmd=0x0003, size=4
11-16 18:40:48.772 D/mot_vr_audio_hw( 1419): Switching DSP to standby/passthrough mode
11-16 18:40:48.772 D/mot_vr_audio_hw( 1419): Input 0xb8ebc420 ready to read
11-16 18:40:48.782 D/ADSPD   ( 7609): Received from DSP: cmd=0x8003, size=2
11-16 18:40:48.782 D/ADSPD   ( 7609): Client cmd=0x0003, size=4
11-16 18:40:48.782 D/mot_vr_audio_hw( 1419): received recognition control callback, status 0
11-16 18:40:48.792 D/ADSPD   ( 7609): Received from DSP: cmd=0x8003, size=2
11-16 18:40:48.792 D/mot_vr_audio_hw( 1419): received recognition control callback, status 0
11-16 18:40:48.822 W/mot_vr_audio_hw( 1419): Discarded 10 buffers without finding audio data
11-16 18:40:48.832 D/ADSPD   ( 7609): Client cmd=0x0003, size=4
11-16 18:40:48.832 D/mot_vr_audio_hw( 1419): Re-arming DSP
11-16 18:40:48.832 D/mot_vr_audio_hw( 1419): Input 0xb8ebc420 standby complete
11-16 18:40:48.842 D/mot_vr_audio_hw( 1419): Input 0xb8ebc420 close complete
11-16 18:40:48.842 D/ADSPD   ( 7609): Received from DSP: cmd=0x8003, size=2
11-16 18:40:48.842 D/ADSPD   ( 7609): Client cmd=0x4003, size=2
11-16 18:40:48.842 D/mot_vr_audio_hw( 1419): received recognition control callback, status 0
11-16 18:40:48.922 I/ActivityManager( 1752): START u0 {act=android.intent.action.MAIN cat=[android.intent.category.HOME] flg=0x10000000 cmp=com.google.android.wearable.app/com.google.android.clockwork.home.HomeActivity (has extras)} from pid 1871 on display 0
11-16 18:40:48.932 V/ActivityManager( 1752): Display changed displayId=0
11-16 18:40:48.952 V/WearActivity(18425): display changed: 0, new state: 2
11-16 18:40:48.952 V/WearActivity(18425): state didn't actually change
11-16 18:40:48.962 I/DreamController( 1752): Stopping dream: name=ComponentInfo{com.google.android.wearable.app/com.google.android.clockwork.home.AmbientMode}, isTest=false, canDoze=true, userId=0
11-16 18:40:48.962 I/PowerManagerService( 1752): Sleeping...
11-16 18:40:48.992 I/AmbientMode( 1871): Ambient mode started: canDoze=true, dozeHardware=null
11-16 18:40:48.992 I/ActivityManager( 1752): Activity reported stop, but no longer stopping: ActivityRecord{adc9b990 u0 com.google.android.wearable.app/com.google.android.clockwork.home.HomeActivity t1}
11-16 18:40:49.012 D/mot_vr_audio_hw( 1419): dsp_recognizer_enabled = true
11-16 18:40:49.012 D/ADSPD   ( 7609): Client cmd=0x0003, size=4
11-16 18:40:49.022 D/mot_vr_audio_hw( 1419): open_input_stream(): devices = 0x80000004, rate = 8000, channels = 0x10
11-16 18:40:49.022 D/mot_vr_audio_hw( 1419): Created resampler for 16000->8000 Hz
11-16 18:40:49.032 D/ADSPD   ( 7609): Received from DSP: cmd=0x8003, size=2
11-16 18:40:49.032 D/ADSPD   ( 7609): Client cmd=0x4003, size=2
11-16 18:40:49.032 D/mot_vr_audio_hw( 1419): received recognition control callback, status 0
11-16 18:40:49.042 D/mot_vr_audio_hw( 1419): in_read waiting for hotword
11-16 18:40:49.052 D/mot_vr_audio_hw( 1419): dsp_recognizer_enabled = false
11-16 18:40:49.052 D/ADSPD   ( 7609): Client cmd=0x0003, size=4
11-16 18:40:49.062 D/mot_vr_audio_hw( 1419): Switching DSP to standby/passthrough mode
11-16 18:40:49.062 D/mot_vr_audio_hw( 1419): Input 0xb8ebc420 ready to read
11-16 18:40:49.072 D/ADSPD   ( 7609): Received from DSP: cmd=0x8003, size=2
11-16 18:40:49.072 D/ADSPD   ( 7609): Client cmd=0x0003, size=4
11-16 18:40:49.072 D/mot_vr_audio_hw( 1419): received recognition control callback, status 0
11-16 18:40:49.082 D/ADSPD   ( 7609): Received from DSP: cmd=0x8003, size=2
11-16 18:40:49.082 D/mot_vr_audio_hw( 1419): received recognition control callback, status 0
11-16 18:40:49.113 W/mot_vr_audio_hw( 1419): Discarded 10 buffers without finding audio data
11-16 18:40:49.123 D/ADSPD   ( 7609): Client cmd=0x0003, size=4
11-16 18:40:49.123 D/mot_vr_audio_hw( 1419): Re-arming DSP
11-16 18:40:49.123 D/mot_vr_audio_hw( 1419): Input 0xb8ebc420 standby complete
11-16 18:40:49.133 D/mot_vr_audio_hw( 1419): Input 0xb8ebc420 close complete
11-16 18:40:49.133 D/ADSPD   ( 7609): Received from DSP: cmd=0x8003, size=2
11-16 18:40:49.133 D/ADSPD   ( 7609): Client cmd=0x4003, size=2
11-16 18:40:49.133 D/mot_vr_audio_hw( 1419): received recognition control callback, status 0
11-16 18:40:49.143 I/AmbientMode( 1871): Dream ended: isDozing=true
11-16 18:40:49.643 D/LightsService( 1752): Excessive delay setting light: 103ms
11-16 18:40:49.643 D/SurfaceFlinger( 1417): Screen released, type=0 flinger=0xb7fc2448
11-16 18:40:49.783 D/hwcomposer( 1417): hwc_blank(0: 1)
11-16 18:40:49.783 D/SurfaceControl( 1752): Excessive delay in blankDisplay() while turning screen off: 140ms
11-16 18:40:49.803 I/DisplayManagerService( 1752): Display device changed: DisplayDeviceInfo{"Built-in Screen": 320 x 290, 45.000004 fps, density 213, 203.2 x 204.61111 dpi, touch INTERNAL, rotation 0, type BUILT_IN, state OFF, FLAG_DEFAULT_DISPLAY, FLAG_ROTATES_WITH_CONTENT, FLAG_SECURE, FLAG_SUPPORTS_PROTECTED_BUFFERS}
11-16 18:40:49.803 V/ActivityManager( 1752): Display changed displayId=0
11-16 18:40:49.823 V/WearActivity(18425): display changed: 0, new state: 1
11-16 18:40:49.823 I/TimeWrapper(18425): FPS: 39.73891, samples: 225
11-16 18:40:49.823 I/TimeWrapper(18425): Min/Avg/Max frame render speed (ms): 4.516602 / 6.125623 / 30.914309
11-16 18:40:49.823 I/TimeWrapper(18425): Waketime: 24.342562%
11-16 18:40:49.823 I/TimeWrapper(18425): Skipped frames: 2
11-16 18:40:49.823 V/MyViewAnim(18425): redrawSlow: resume -> 1
11-16 18:40:49.823 V/MyViewAnim(18425): redrawSlow: display change without state change -> 2
11-16 18:40:49.823 V/MyViewAnim(18425): redrawSlow: startHelper -> 1
11-16 18:40:49.823 V/WearActivity(18425): onDisplayChanged: off!
11-16 18:40:49.823 V/WearActivity(18425): stopHelper: shutting things down
11-16 18:40:49.843 D/MinnowPowerHAL( 1752): power_set_interactive: 0
11-16 18:40:49.843 D/MinnowPowerHAL( 1752): sysfs_write: /sys/devices/platform/omapdss/display0/interactivemode 0
11-16 18:40:49.843 D/MinnowPowerHAL( 1752): sysfs_write: /sys/devices/ocp.2/i2c.6/i2c-0/0-004a/interactivemode 0
11-16 18:40:49.843 D/MinnowPowerHAL( 1752): sysfs_write: /sys/class/leds/lcd-backlight/interactive 0
11-16 18:40:49.843 D/mot_vr_audio_hw( 1752): dsp_set_pm_state = off
11-16 18:40:49.853 D/ADSPD   ( 7609): Client cmd=0x4002, size=2
11-16 18:40:49.853 D/ADSPD   ( 7609): DSP_CMD_DAEMON_SET_PM_STATE : 0
11-16 18:40:49.863 V/MyViewAnim(18425): stopping animation!
11-16 18:40:49.863 V/MyViewAnim(18425): killDrawThread
11-16 18:40:49.863 V/WearActivity(18425): killing alarms
11-16 18:40:49.863 I/ClockFace(18425): Ambient mode: false
11-16 18:40:49.863 V/MyViewAnim(18425): looper finished!
11-16 18:40:51.175 W/bt-btif (19562): dm_pm_timer expires
11-16 18:40:51.175 W/bt-btif (19562): dm_pm_timer expires 0
11-16 18:40:51.175 W/bt-btif (19562): proc dm_pm_timer expires
11-16 18:40:51.945 I/PowerManagerService( 1752): Waking up from sleep...
11-16 18:40:51.945 W/KeyguardServiceDelegate( 1752): onScreenTurnedOn(): no keyguard service!
11-16 18:40:51.955 V/WearActivity(18425): display changed: 0, new state: 1
11-16 18:40:51.955 V/WearActivity(18425): state didn't actually change
11-16 18:40:52.065 D/PowerManagerService-JNI( 1752): Excessive delay in autosuspend_disable() while turning screen on: 129ms
11-16 18:40:52.065 D/MinnowPowerHAL( 1752): power_set_interactive: 1
11-16 18:40:52.065 D/MinnowPowerHAL( 1752): sysfs_write: /sys/devices/platform/omapdss/display0/interactivemode 1
11-16 18:40:52.125 D/MinnowPowerHAL( 1752): sysfs_write: /sys/devices/ocp.2/i2c.6/i2c-0/0-004a/interactivemode 1
11-16 18:40:52.125 D/MinnowPowerHAL( 1752): sysfs_write: /sys/class/leds/lcd-backlight/interactive 1
11-16 18:40:52.125 D/mot_vr_audio_hw( 1752): dsp_set_pm_state = on
11-16 18:40:52.125 D/ADSPD   ( 7609): Client cmd=0x4002, size=2
11-16 18:40:52.125 D/ADSPD   ( 7609): DSP_CMD_DAEMON_SET_PM_STATE : 1
11-16 18:40:52.125 D/PowerManagerService-JNI( 1752): Excessive delay in setInteractive(true) while turning screen on: 55ms
11-16 18:40:52.135 V/WearActivity(18425): Resume!
11-16 18:40:52.135 E/ClockworkHome( 1871): Tried to exit ambient mode, but enterAmbientMode() was never called.
11-16 18:40:52.135 D/mot_vr_audio_hw( 1419): dsp_recognizer_enabled = true
11-16 18:40:52.135 D/mot_vr_audio_hw( 1419): open_input_stream(): devices = 0x80000004, rate = 8000, channels = 0x10
11-16 18:40:52.135 D/mot_vr_audio_hw( 1419): Created resampler for 16000->8000 Hz
11-16 18:40:52.155 V/ActivityManager( 1752): Display changed displayId=0
11-16 18:40:52.155 W/InputMethodManagerService( 1752): Ignoring setImeWindowStatus of uid 1000 token: null
11-16 18:40:52.175 D/mot_vr_audio_hw( 1419): in_read waiting for hotword
11-16 18:40:52.265 D/SurfaceFlinger( 1417): Screen acquired, type=0 flinger=0xb7fc2448
11-16 18:40:52.265 D/hwcomposer( 1417): hwc_blank(0: 0)
11-16 18:40:52.265 D/SensorHAL( 1752): adjustSensorHandle: handle = 9 adjustedHandle = 1
11-16 18:40:52.265 D/SensorHAL( 1752): adjustSensorHandle: handle = 9 adjustedHandle = 1
11-16 18:40:52.265 I/DisplayManagerService( 1752): Display device changed: DisplayDeviceInfo{"Built-in Screen": 320 x 290, 45.000004 fps, density 213, 203.2 x 204.61111 dpi, touch INTERNAL, rotation 0, type BUILT_IN, state ON, FLAG_DEFAULT_DISPLAY, FLAG_ROTATES_WITH_CONTENT, FLAG_SECURE, FLAG_SUPPORTS_PROTECTED_BUFFERS}
11-16 18:40:52.265 V/ActivityManager( 1752): Display changed displayId=0
11-16 18:40:52.285 V/WearActivity(18425): display changed: 0, new state: 2
11-16 18:40:52.285 V/WearActivity(18425): onDisplayChanged: on!
11-16 18:40:52.285 V/WearActivity(18425): killing alarms
11-16 18:40:52.285 V/WearActivity(18425): startHelper: putting it all back together again
11-16 18:40:52.285 V/WearActivity(18425): initAlarm: setting up
11-16 18:40:52.295 I/ClockFace(18425): Ambient mode: false
11-16 18:40:52.295 V/MyViewAnim(18425): resumeMaxHertz
11-16 18:40:52.295 V/ClockFace(18425): clearing caches
11-16 18:40:52.295 V/MyViewAnim(18425): starting new animator
11-16 18:40:52.295 V/MyViewAnim(18425): Time listener is up!
11-16 18:40:52.295 V/MyViewAnim(18425): starting new draw thread
11-16 18:40:52.295 D/SensorHAL( 1752): adjustSensorHandle: handle = 9 adjustedHandle = 1
11-16 18:40:52.335 V/ClockFace(18425): rendering new face, faceMode(0)
11-16 18:40:52.355 V/ClockFace(18425): fetching new battery status (15568)
11-16 18:40:52.355 V/ClockFace(18425): battery at 0.85
11-16 18:40:52.375 D/LightsService( 1752): Excessive delay setting light: 55ms
11-16 18:40:52.425 E/ADSPD   ( 7609): Timeout on select()
11-16 18:40:52.425 E/ADSPD   ( 7609): NO ACK received after loading firmware
11-16 18:40:52.425 E/ADSPD   ( 7609): Unknown ACK received 0x00
11-16 18:40:52.425 D/ADSPD   ( 7609): Client cmd=0x0003, size=4
11-16 18:40:52.435 D/ADSPD   ( 7609): Received from DSP: cmd=0x8003, size=2
11-16 18:40:52.435 D/ADSPD   ( 7609): Client cmd=0x4003, size=2
11-16 18:40:52.435 D/mot_vr_audio_hw( 1419): received recognition control callback, status 0
11-16 18:40:55.068 V/WearReceiverService(18425): message received!
11-16 18:40:55.078 V/ClockFace(18425): clearing caches
11-16 18:40:55.078 V/ClockState(18425): clipping 10 raw events to fit the screen
11-16 18:40:55.088 V/EventLayoutUniform(18425): Event layout success.
11-16 18:40:55.088 V/EventLayoutUniform(18425): Event layout time: 5.493164 ms
11-16 18:40:55.088 V/ClockState(18425): maxLevel for new events: 10000
11-16 18:40:55.088 V/ClockState(18425): number of new events: 2
11-16 18:40:55.088 V/MyViewAnim(18425): update from ClockState
11-16 18:40:55.088 V/MyViewAnim(18425): draw thread desired: true
11-16 18:40:55.088 V/ClockFace(18425): clearing caches
11-16 18:40:55.088 V/MyViewAnim(18425): update from ClockState
11-16 18:40:55.088 V/MyViewAnim(18425): draw thread desired: true
11-16 18:40:55.088 V/ClockFace(18425): clearing caches
11-16 18:40:55.088 V/MyViewAnim(18425): update from ClockState
11-16 18:40:55.088 V/MyViewAnim(18425): draw thread desired: true
11-16 18:40:55.088 V/ClockState(18425): new calendar event list, 10 entries
11-16 18:40:55.088 V/ClockFace(18425): clearing caches
11-16 18:40:55.088 V/MyViewAnim(18425): update from ClockState
11-16 18:40:55.088 V/MyViewAnim(18425): draw thread desired: true
11-16 18:40:55.088 V/ClockFace(18425): clearing caches
11-16 18:40:55.088 V/MyViewAnim(18425): update from ClockState
11-16 18:40:55.088 V/MyViewAnim(18425): draw thread desired: true
11-16 18:40:55.088 V/ClockFace(18425): clearing caches
11-16 18:40:55.088 V/MyViewAnim(18425): update from ClockState
11-16 18:40:55.088 V/MyViewAnim(18425): draw thread desired: true
11-16 18:40:55.088 V/ClockState(18425): event update complete
11-16 18:40:55.098 V/ClockFace(18425): rendering new face, faceMode(0)
11-16 18:40:55.098 V/WearReceiverService(18425): savePreferences
11-16 18:40:55.108 V/ClockFace(18425): fetching new battery status (15685)
11-16 18:40:55.108 V/ClockFace(18425): battery at 0.85
11-16 18:40:55.108 V/WearReceiverService(18425): message received!
11-16 18:40:55.128 V/ClockFace(18425): clearing caches
11-16 18:40:55.128 V/ClockState(18425): clipping 10 raw events to fit the screen
11-16 18:40:55.138 V/EventLayoutUniform(18425): Event layout success.
11-16 18:40:55.138 V/EventLayoutUniform(18425): Event layout time: 11.016846 ms
11-16 18:40:55.138 V/ClockState(18425): maxLevel for new events: 10000
11-16 18:40:55.138 V/ClockState(18425): number of new events: 2
11-16 18:40:55.138 V/MyViewAnim(18425): update from ClockState
11-16 18:40:55.138 V/MyViewAnim(18425): draw thread desired: true
11-16 18:40:55.138 V/ClockFace(18425): clearing caches
11-16 18:40:55.138 V/MyViewAnim(18425): update from ClockState
11-16 18:40:55.138 V/MyViewAnim(18425): draw thread desired: true
11-16 18:40:55.138 V/ClockFace(18425): clearing caches
11-16 18:40:55.138 V/MyViewAnim(18425): update from ClockState
11-16 18:40:55.138 V/MyViewAnim(18425): draw thread desired: true
11-16 18:40:55.138 V/ClockState(18425): new calendar event list, 10 entries
11-16 18:40:55.138 V/ClockFace(18425): clearing caches
11-16 18:40:55.138 V/MyViewAnim(18425): update from ClockState
11-16 18:40:55.138 V/MyViewAnim(18425): draw thread desired: true
11-16 18:40:55.138 V/ClockFace(18425): clearing caches
11-16 18:40:55.138 V/MyViewAnim(18425): update from ClockState
11-16 18:40:55.138 V/MyViewAnim(18425): draw thread desired: true
11-16 18:40:55.138 V/ClockFace(18425): clearing caches
11-16 18:40:55.138 V/MyViewAnim(18425): update from ClockState
11-16 18:40:55.138 V/MyViewAnim(18425): draw thread desired: true
11-16 18:40:55.138 V/ClockState(18425): event update complete
11-16 18:40:55.148 V/ClockFace(18425): rendering new face, faceMode(0)
11-16 18:40:55.148 V/WearReceiverService(18425): savePreferences
11-16 18:40:55.148 V/ClockFace(18425): fetching new battery status (15686)
11-16 18:40:55.148 V/ClockFace(18425): battery at 0.85
11-16 18:40:56.209 V/WearReceiverService(18425): message received!
11-16 18:40:56.219 V/ClockFace(18425): clearing caches
11-16 18:40:56.219 V/ClockState(18425): clipping 10 raw events to fit the screen
11-16 18:40:56.219 V/EventLayoutUniform(18425): Event layout success.
11-16 18:40:56.219 V/EventLayoutUniform(18425): Event layout time: 5.523681 ms
11-16 18:40:56.219 V/ClockState(18425): maxLevel for new events: 10000
11-16 18:40:56.219 V/ClockState(18425): number of new events: 2
11-16 18:40:56.219 V/MyViewAnim(18425): update from ClockState
11-16 18:40:56.219 V/MyViewAnim(18425): draw thread desired: true
11-16 18:40:56.219 V/ClockFace(18425): clearing caches
11-16 18:40:56.219 V/MyViewAnim(18425): update from ClockState
11-16 18:40:56.219 V/MyViewAnim(18425): draw thread desired: true
11-16 18:40:56.219 V/ClockFace(18425): clearing caches
11-16 18:40:56.219 V/MyViewAnim(18425): update from ClockState
11-16 18:40:56.219 V/MyViewAnim(18425): draw thread desired: true
11-16 18:40:56.219 V/ClockState(18425): new calendar event list, 10 entries
11-16 18:40:56.219 V/ClockFace(18425): clearing caches
11-16 18:40:56.219 V/MyViewAnim(18425): update from ClockState
11-16 18:40:56.219 V/MyViewAnim(18425): draw thread desired: true
11-16 18:40:56.219 V/ClockFace(18425): clearing caches
11-16 18:40:56.219 V/MyViewAnim(18425): update from ClockState
11-16 18:40:56.219 V/MyViewAnim(18425): draw thread desired: true
11-16 18:40:56.219 V/ClockFace(18425): clearing caches
11-16 18:40:56.219 V/MyViewAnim(18425): update from ClockState
