11-16 18:36:38.688 D/ADSPD   ( 7609): DSP_CMD_DAEMON_SET_PM_STATE : 0
11-16 18:36:38.688 V/MyViewAnim(18425): stopping animation!
11-16 18:36:38.688 V/MyViewAnim(18425): killDrawThread
11-16 18:36:38.688 V/WearActivity(18425): killing alarms
11-16 18:36:38.698 I/ClockFace(18425): Ambient mode: false
11-16 18:36:38.698 V/MyViewAnim(18425): looper finished!
11-16 18:37:03.762 W/bt-btif (19562): info:x10
11-16 18:37:03.762 D/        (19562): remote version info [bc:f5:ac:4c:56:a1]: 6, f, 6109
11-16 18:37:03.883 D/WearApiHelper( 6238): sendMessage: /SYNC_NEEDED
11-16 18:37:03.883 D/WearApiHelper( 6238): Already connected. Sending message: /SYNC_NEEDED
11-16 18:37:04.573 W/bt-btif (19562): new conn_srvc id:26, app_id:255
11-16 18:37:04.573 W/bt-btif (19562): bta_dm_pm_ssr conn_srvc id:26, app_id:255
11-16 18:37:04.573 W/bt-btif (19562): bta_dm_pm_ssr:2, lat:1200
11-16 18:37:04.573 E/bt-btif (19562): bta_jv_rfcomm_stop_server
11-16 18:37:04.583 I/BluetoothAdapterProperties(19562): adapterPropertyChangedCallback with type:9 len:4
11-16 18:37:04.583 D/BluetoothAdapterProperties(19562): Discoverable Timeout:0
11-16 18:37:04.583 I/BluetoothAdapterProperties(19562): adapterPropertyChangedCallback with type:7 len:4
11-16 18:37:04.593 D/BluetoothAdapterProperties(19562): Scan Mode:20
11-16 18:37:04.593 D/BluetoothAdapterService(-1379173752)(19562): Get Bonded Devices being called
11-16 18:37:04.593 D/BluetoothAdapterProperties(19562): getBondedDevices: length=1
11-16 18:37:04.593 D/WearableBluetooth(12260): set scan mode to 20 (disabled)
11-16 18:37:04.593 I/WearableConn(12260): Connected, running sync loop
11-16 18:37:05.004 D/ClockworkProxy( 1871): onPeerConnected
11-16 18:37:05.004 D/ClockworkProxy( 1871): Tearing down native proxy service...
11-16 18:37:05.004 D/SocketHack( 1871): Expected implementation of Socket, SockImpl and FileDescriptor
11-16 18:37:05.004 D/ConnectivityService( 1752): ConnectivityChange for PROXY: CONNECTED/CONNECTED
11-16 18:37:05.024 D/ClockworkProxy( 1871): Cached sys uids len: 21
11-16 18:37:05.024 V/wearable(12260): ensureBuffersHaveSpace: increasing size from 47 to 286
11-16 18:37:05.064 E/ConnectivityService( 1752): Unexpected mtu value: android.net.ProxyDataTracker@addf7e28
11-16 18:37:05.074 D/LocationWearablesListenerService(12255): onPeerConnected
11-16 18:37:05.084 D/WearableClient(12255): WearableClientImpl.onPostInitHandler: done
11-16 18:37:05.164 V/WearReceiverService(18425): phone is connected!, e12e6647-0917-4594-a0b8-f42d78390f6d
11-16 18:37:05.164 V/WearReceiverService(18425): pinging phone for data
11-16 18:37:05.174 D/Nat464Xlat( 1752): requiresClat: netType=16, hasIPv4Address=false
11-16 18:37:05.184 D/ConnectivityService( 1752): ConnectivityChange for PROXY: CONNECTED/CONNECTED
11-16 18:37:05.194 V/wearable(12260): ensureBuffersHaveSpace: increasing size from 47 to 1142
11-16 18:37:05.224 D/WearableClient( 8316): WearableClientImpl.onPostInitHandler: done
11-16 18:37:05.234 E/ConnectivityService( 1752): Unexpected mtu value: android.net.ProxyDataTracker@addf7e28
11-16 18:37:05.244 D/ConnectivityService( 1752): handleConnectivityChange: address are the same reset per doReset linkProperty[16]: resetMask=0
11-16 18:37:05.254 D/Nat464Xlat( 1752): requiresClat: netType=16, hasIPv4Address=false
11-16 18:37:05.264 D/PhoneListenerService(12002): onPeerConnected
11-16 18:37:05.284 I/Clockwork.Settings( 1871): data item timezone: America/Chicago
11-16 18:37:05.284 D/Clockwork.Settings( 1871): got new locale en_US
11-16 18:37:05.284 V/wearable(12260): ensureBuffersHaveSpace: increasing size from 286 to 1011
11-16 18:37:05.514 I/FitnessWearable( 9182): Refreshing Platform Data
11-16 18:37:05.554 I/Fitness (12255): Account supported from server: true
11-16 18:37:05.564 I/Fitness (12255): schedule to sync accounts: [dwallach@gmail.com]
11-16 18:37:05.584 D/dalvikvm(12260): GC_CONCURRENT freed 381K, 27% free 2344K/3176K, paused 5ms+1ms, total 78ms
11-16 18:37:05.684 I/FitnessWearable( 9182): Completed query in 121 milliseconds
11-16 18:37:05.724 D/dalvikvm(12255): GC_CONCURRENT freed 431K, 22% free 2585K/3288K, paused 2ms+2ms, total 74ms
11-16 18:37:05.764 V/WearReceiverService(18425): Sending to node: e12e6647-0917-4594-a0b8-f42d78390f6d
11-16 18:37:05.794 V/WearReceiverService(18425): ping delivered!
11-16 18:37:05.985 W/CwCal   ( 1871): CalHomeUtil.updateBackground:bundle dismissed, do nothing
11-16 18:37:06.095 V/wearable(12260): ensureBuffersHaveSpace: increasing size from 1142 to 1785
11-16 18:37:06.185 I/clockwork_proxy_native( 1424): Starting UDP server at port 8282
11-16 18:37:06.185 I/clockwork_proxy_native( 1424): UDP server started
11-16 18:37:06.185 D/ClockworkProxy( 1871): Native proxy service setup completed.
11-16 18:37:06.185 D/ClockworkProxy( 1871): Start clockwork proxy TCP serving thread
11-16 18:37:06.205 D/ClockworkProxy( 1871): Start UDP relaying thread
11-16 18:37:06.205 D/ClockworkProxyUdp( 1871): Udp relaying thread started
11-16 18:37:06.225 W/CwCal   ( 1871): CalHomeUtil.updateBackground:bundle dismissed, do nothing
11-16 18:37:06.325 D/dalvikvm(12260): GC_CONCURRENT freed 446K, 26% free 2362K/3176K, paused 7ms+2ms, total 43ms
11-16 18:37:06.425 D/dalvikvm( 1871): GC_CONCURRENT freed 2020K, 37% free 27172K/42808K, paused 7ms+9ms, total 84ms
11-16 18:37:06.525 I/Clockwork.Settings( 1871): Companion requested the watch start a time sync.
11-16 18:37:06.525 I/Clockwork.Settings( 1871): sending time sync request - elapsedRealTime: 1421274752
11-16 18:37:06.565 D/LocationWearablesListenerService(12255): onDataChanged
11-16 18:37:06.585 D/dalvikvm(12255): GC_FOR_ALLOC freed 129K, 24% free 2503K/3288K, paused 17ms, total 18ms
11-16 18:37:06.845 I/Clockwork.Settings( 1871): time sync update time to 1416181027959, latency 323 ms
11-16 18:37:06.855 I/Clockwork.Settings( 1871): time sync timezone: America/Chicago
11-16 18:37:06.866 D/        ( 1752): Setting time of day to sec=1416181027
11-16 18:37:07.980 I/Clockwork.TimeService( 1981): set timezone to America/Chicago
11-16 18:37:07.980 D/AlarmManagerService( 1752): Kernel timezone updated to 360 minutes west of GMT
11-16 18:37:08.020 I/CheckinService(12241): active receiver: enabled
11-16 18:37:08.020 I/CheckinService(12241): Preparing to send checkin request
11-16 18:37:08.020 I/EventLogService(12241): Accumulating logs since 1416179458508
11-16 18:37:08.080 I/GoogleHttpClient(12241): Falling back to old SSLCertificateSocketFactory
11-16 18:37:08.140 E/GmsClient(12241): unable to connect to service: com.google.android.gms.droidguard.service.START
11-16 18:37:09.301 D/Tethering( 1752): MasterInitialState.processMessage what=3
11-16 18:37:09.301 D/CaptivePortalTracker( 1752): NoActiveNetworkState{ when=-4ms what=1 obj=NetworkInfo: type: PROXY[], state: CONNECTED/CONNECTED, reason: enabled, extra: (none), roaming: false, failover: false, isAvailable: true, isConnectedToProvisioningNetwork: false target=com.android.internal.util.StateMachine$SmHandler }
11-16 18:37:09.301 D/CaptivePortalTracker( 1752): NoActiveNetworkState not a wifi connectivity change, ignore
11-16 18:37:09.371 D/Tethering( 1752): MasterInitialState.processMessage what=3
11-16 18:37:09.371 D/CaptivePortalTracker( 1752): NoActiveNetworkState{ when=0 what=1 obj=NetworkInfo: type: PROXY[], state: CONNECTED/CONNECTED, reason: enabled, extra: (none), roaming: false, failover: false, isAvailable: true, isConnectedToProvisioningNetwork: false target=com.android.internal.util.StateMachine$SmHandler }
11-16 18:37:09.371 D/CaptivePortalTracker( 1752): NoActiveNetworkState not a wifi connectivity change, ignore
11-16 18:37:09.381 E/ActivityThread( 1752): Failed to find provider info for telephony
11-16 18:37:09.391 D/GCM     (12290): GcmService start Intent { act=android.net.conn.CONNECTIVITY_CHANGE flg=0x4000010 cmp=com.google.android.gms/.gcm.GcmService (has extras) } android.net.conn.CONNECTIVITY_CHANGE
11-16 18:37:09.461 E/ActivityThread( 1752): Failed to find provider info for telephony
11-16 18:37:09.481 D/GCM     (12290): GcmService start Intent { act=android.net.conn.CONNECTIVITY_CHANGE flg=0x4000010 cmp=com.google.android.gms/.gcm.GcmService (has extras) } android.net.conn.CONNECTIVITY_CHANGE
11-16 18:37:10.272 W/bt-btif (19562): dm_pm_timer expires
11-16 18:37:10.272 W/bt-btif (19562): dm_pm_timer expires 0
11-16 18:37:10.272 W/bt-btif (19562): proc dm_pm_timer expires
11-16 18:37:10.872 D/btif_config_util(19562): btif_config_save_file(L153): in file name:/data/misc/bluedroid/bt_config.new
11-16 18:37:14.246 D/SyncService( 8316): Service destroyed
11-16 18:37:14.276 D/PhoneListenerService(12002): onDestroy
11-16 18:37:16.248 W/bt-btif (19562): dm_pm_timer expires
11-16 18:37:16.248 W/bt-btif (19562): dm_pm_timer expires 0
11-16 18:37:16.248 W/bt-btif (19562): proc dm_pm_timer expires
11-16 18:37:20.722 W/bt-btif (19562): dm_pm_timer expires
11-16 18:37:20.722 W/bt-btif (19562): dm_pm_timer expires 0
11-16 18:37:20.722 W/bt-btif (19562): proc dm_pm_timer expires
11-16 18:37:23.004 I/ActivityManager( 1752): Waited long enough for: ServiceRecord{adfc83d0 u0 com.google.android.gms/.checkin.CheckinService}
11-16 18:37:26.688 W/bt-btif (19562): dm_pm_timer expires
11-16 18:37:26.688 W/bt-btif (19562): dm_pm_timer expires 0
11-16 18:37:26.688 W/bt-btif (19562): proc dm_pm_timer expires
11-16 18:37:31.192 W/bt-btif (19562): dm_pm_timer expires
11-16 18:37:31.192 W/bt-btif (19562): dm_pm_timer expires 0
11-16 18:37:31.192 W/bt-btif (19562): proc dm_pm_timer expires
11-16 18:37:35.276 W/bt-btif (19562): dm_pm_timer expires
11-16 18:37:35.276 W/bt-btif (19562): dm_pm_timer expires 0
11-16 18:37:35.276 W/bt-btif (19562): proc dm_pm_timer expires
11-16 18:37:38.609 I/ActivityManager( 1752): Delay finish: com.motorola.targetnotif/com.motorola.omni.NotificationAlarmReceiver
11-16 18:37:38.629 I/ActivityManager( 1752): Resuming delayed broadcast
11-16 18:37:38.639 I/Fitness (12255): WearableSyncServiceReceiver.onReceive
11-16 18:37:38.649 I/ActivityManager( 1752): Delay finish: com.google.android.gms/.fitness.wearables.WearableSyncServiceReceiver
11-16 18:37:38.669 D/WearableClient(12255): WearableClientImpl.onPostInitHandler: done
11-16 18:37:38.669 I/Fitness (12255): syncing to node: e12e6647-0917-4594-a0b8-f42d78390f6d
11-16 18:37:38.719 I/Fitness (12255): syncing: 0
11-16 18:37:38.770 I/ActivityManager( 1752): Resuming delayed broadcast
11-16 18:37:41.222 W/bt-btif (19562): dm_pm_timer expires
11-16 18:37:41.222 W/bt-btif (19562): dm_pm_timer expires 0
11-16 18:37:41.222 W/bt-btif (19562): proc dm_pm_timer expires
11-16 18:37:45.726 W/bt-btif (19562): dm_pm_timer expires
11-16 18:37:45.726 W/bt-btif (19562): dm_pm_timer expires 0
11-16 18:37:45.726 W/bt-btif (19562): proc dm_pm_timer expires
11-16 18:37:48.229 E/CheckinTask(12241): Checkin failed: https://android.clients.google.com/checkin (request #0): java.net.UnknownHostException: Unable to resolve host "android.clients.google.com": No address associated with hostname
11-16 18:37:48.249 I/CheckinService(12241): active receiver: disabled
11-16 18:37:48.289 I/CheckinService(12241): active receiver: disabled
11-16 18:37:48.329 I/ActivityManager( 1752): Delay finish: com.google.android.gms/.gcm.ServiceAutoStarter
11-16 18:37:48.339 D/GCM     (12290): GcmService start Intent { act=com.google.android.checkin.CHECKIN_COMPLETE flg=0x10 cmp=com.google.android.gms/.gcm.GcmService (has extras) } com.google.android.checkin.CHECKIN_COMPLETE
11-16 18:37:48.339 I/ActivityManager( 1752): Resuming delayed broadcast
11-16 18:37:48.699 W/bt-btif (19562): dm_pm_timer expires
11-16 18:37:48.699 W/bt-btif (19562): dm_pm_timer expires 0
11-16 18:37:48.699 W/bt-btif (19562): proc dm_pm_timer expires
11-16 18:38:01.623 I/PowerManagerService( 1752): Waking up from sleep...
11-16 18:38:01.633 W/KeyguardServiceDelegate( 1752): onScreenTurnedOn(): no keyguard service!
11-16 18:38:01.763 D/PowerManagerService-JNI( 1752): Excessive delay in autosuspend_disable() while turning screen on: 133ms
11-16 18:38:01.763 D/MinnowPowerHAL( 1752): power_set_interactive: 1
11-16 18:38:01.763 D/MinnowPowerHAL( 1752): sysfs_write: /sys/devices/platform/omapdss/display0/interactivemode 1
11-16 18:38:01.813 D/MinnowPowerHAL( 1752): sysfs_write: /sys/devices/ocp.2/i2c.6/i2c-0/0-004a/interactivemode 1
11-16 18:38:01.813 D/MinnowPowerHAL( 1752): sysfs_write: /sys/class/leds/lcd-backlight/interactive 1
11-16 18:38:01.813 D/mot_vr_audio_hw( 1752): dsp_set_pm_state = on
11-16 18:38:01.813 D/ADSPD   ( 7609): Client cmd=0x4002, size=2
11-16 18:38:01.813 D/ADSPD   ( 7609): DSP_CMD_DAEMON_SET_PM_STATE : 1
11-16 18:38:01.813 D/PowerManagerService-JNI( 1752): Excessive delay in setInteractive(true) while turning screen on: 56ms
11-16 18:38:01.843 V/WearActivity(18425): display changed: 0, new state: 1
11-16 18:38:01.843 V/WearActivity(18425): state didn't actually change
11-16 18:38:01.853 E/ClockworkHome( 1871): Tried to exit ambient mode, but enterAmbientMode() was never called.
11-16 18:38:01.853 D/mot_vr_audio_hw( 1419): dsp_recognizer_enabled = true
11-16 18:38:01.853 D/mot_vr_audio_hw( 1419): open_input_stream(): devices = 0x80000004, rate = 8000, channels = 0x10
11-16 18:38:01.853 D/mot_vr_audio_hw( 1419): Created resampler for 16000->8000 Hz
11-16 18:38:01.873 V/ActivityManager( 1752): Display changed displayId=0
11-16 18:38:01.873 W/InputMethodManagerService( 1752): Ignoring setImeWindowStatus of uid 1000 token: null
11-16 18:38:01.893 V/WearActivity(18425): Resume!
11-16 18:38:01.903 D/mot_vr_audio_hw( 1419): in_read waiting for hotword
11-16 18:38:01.963 D/SurfaceFlinger( 1417): Screen acquired, type=0 flinger=0xb7fc2448
11-16 18:38:01.963 D/hwcomposer( 1417): hwc_blank(0: 0)
11-16 18:38:01.973 I/DisplayManagerService( 1752): Display device changed: DisplayDeviceInfo{"Built-in Screen": 320 x 290, 45.000004 fps, density 213, 203.2 x 204.61111 dpi, touch INTERNAL, rotation 0, type BUILT_IN, state ON, FLAG_DEFAULT_DISPLAY, FLAG_ROTATES_WITH_CONTENT, FLAG_SECURE, FLAG_SUPPORTS_PROTECTED_BUFFERS}
11-16 18:38:01.973 V/ActivityManager( 1752): Display changed displayId=0
11-16 18:38:01.993 V/WearActivity(18425): display changed: 0, new state: 2
11-16 18:38:01.993 V/WearActivity(18425): onDisplayChanged: on!
11-16 18:38:01.993 V/WearActivity(18425): killing alarms
11-16 18:38:01.993 V/WearActivity(18425): startHelper: putting it all back together again
11-16 18:38:01.993 V/WearActivity(18425): initAlarm: setting up
11-16 18:38:01.993 I/ClockFace(18425): Ambient mode: false
11-16 18:38:01.993 V/MyViewAnim(18425): resumeMaxHertz
11-16 18:38:01.993 V/ClockFace(18425): clearing caches
11-16 18:38:01.993 V/MyViewAnim(18425): starting new animator
11-16 18:38:01.993 V/MyViewAnim(18425): Time listener is up!
11-16 18:38:01.993 V/MyViewAnim(18425): starting new draw thread
11-16 18:38:02.013 D/SensorHAL( 1752): adjustSensorHandle: handle = 9 adjustedHandle = 1
11-16 18:38:02.013 D/SensorHAL( 1752): adjustSensorHandle: handle = 9 adjustedHandle = 1
11-16 18:38:02.023 D/SensorHAL( 1752): adjustSensorHandle: handle = 9 adjustedHandle = 1
11-16 18:38:02.043 V/ClockFace(18425): rendering new face, faceMode(0)
11-16 18:38:02.063 V/ClockFace(18425): fetching new battery status (12127)
11-16 18:38:02.063 V/ClockFace(18425): battery at 0.86
11-16 18:38:02.103 E/ADSPD   ( 7609): Timeout on select()
11-16 18:38:02.103 E/ADSPD   ( 7609): NO ACK received after loading firmware
11-16 18:38:02.103 E/ADSPD   ( 7609): Unknown ACK received 0x00
11-16 18:38:02.113 D/ADSPD   ( 7609): Client cmd=0x0003, size=4
11-16 18:38:02.123 D/ADSPD   ( 7609): Received from DSP: cmd=0x8003, size=2
11-16 18:38:02.123 D/ADSPD   ( 7609): Client cmd=0x4003, size=2
11-16 18:38:02.123 D/mot_vr_audio_hw( 1419): received recognition control callback, status 0
11-16 18:38:02.294 D/WearApiHelper( 6238): sendMessage: /SYNC_NEEDED
11-16 18:38:02.294 D/WearApiHelper( 6238): Already connected. Sending message: /SYNC_NEEDED
11-16 18:38:02.554 D/dalvikvm( 6238): GC_FOR_ALLOC freed 232K, 27% free 2184K/2956K, paused 30ms, total 37ms
11-16 18:38:02.554 I/dalvikvm-heap( 6238): Grow heap (frag case) to 2.633MB for 225296-byte allocation
11-16 18:38:02.564 D/dalvikvm( 6238): GC_FOR_ALLOC freed 1K, 25% free 2402K/3180K, paused 14ms, total 14ms
11-16 18:38:02.654 V/wearable(12260): ensureBuffersHaveSpace: increasing size from 1011 to 13517
11-16 18:38:02.704 D/dalvikvm(12260): GC_FOR_ALLOC freed 370K, 26% free 2364K/3176K, paused 40ms, total 45ms
11-16 18:38:03.164 D/dalvikvm(12260): GC_FOR_ALLOC freed 189K, 26% free 2362K/3176K, paused 45ms, total 46ms
11-16 18:38:03.495 D/dalvikvm(12260): GC_FOR_ALLOC freed 178K, 27% free 2347K/3176K, paused 35ms, total 36ms
11-16 18:38:03.945 D/dalvikvm(12260): GC_FOR_ALLOC freed 200K, 27% free 2335K/3176K, paused 92ms, total 92ms
11-16 18:38:04.326 D/dalvikvm(12260): GC_FOR_ALLOC freed 177K, 27% free 2346K/3176K, paused 84ms, total 86ms
11-16 18:38:05.036 D/dalvikvm(12260): GC_FOR_ALLOC freed 175K, 27% free 2346K/3176K, paused 110ms, total 110ms
11-16 18:38:06.618 V/WearActivity(18425): Pause!
11-16 18:38:06.618 I/PowerManagerService( 1752): Going to sleep due to screen timeout...
11-16 18:38:06.618 I/PowerManagerService( 1752): Dozing...
11-16 18:38:06.628 I/DreamController( 1752): Starting dream: name=ComponentInfo{com.google.android.wearable.app/com.google.android.clockwork.home.AmbientMode}, isTest=false, canDoze=true, userId=0
11-16 18:38:06.638 V/WearActivity(18425): Stop!
11-16 18:38:06.638 W/InputMethodManagerService( 1752): Ignoring setImeWindowStatus of uid 1000 token: null
11-16 18:38:06.658 D/mot_vr_audio_hw( 1419): dsp_recognizer_enabled = false
11-16 18:38:06.658 D/ADSPD   ( 7609): Client cmd=0x0003, size=4
11-16 18:38:06.658 D/mot_vr_audio_hw( 1419): Switching DSP to standby/passthrough mode
11-16 18:38:06.658 D/mot_vr_audio_hw( 1419): Input 0xb8ebc420 ready to read
11-16 18:38:06.678 D/ADSPD   ( 7609): Received from DSP: cmd=0x8003, size=2
11-16 18:38:06.678 D/ADSPD   ( 7609): Client cmd=0x0003, size=4
11-16 18:38:06.678 D/mot_vr_audio_hw( 1419): received recognition control callback, status 0
11-16 18:38:06.688 D/ADSPD   ( 7609): Received from DSP: cmd=0x8003, size=2
11-16 18:38:06.688 D/mot_vr_audio_hw( 1419): received recognition control callback, status 0
11-16 18:38:06.718 W/mot_vr_audio_hw( 1419): Discarded 10 buffers without finding audio data
11-16 18:38:06.728 D/ADSPD   ( 7609): Client cmd=0x0003, size=4
11-16 18:38:06.728 D/mot_vr_audio_hw( 1419): Re-arming DSP
11-16 18:38:06.728 D/mot_vr_audio_hw( 1419): Input 0xb8ebc420 standby complete
11-16 18:38:06.738 D/ADSPD   ( 7609): Received from DSP: cmd=0x8003, size=2
11-16 18:38:06.738 D/mot_vr_audio_hw( 1419): received recognition control callback, status 0
11-16 18:38:06.748 D/ADSPD   ( 7609): Client cmd=0x4003, size=2
11-16 18:38:06.748 D/mot_vr_audio_hw( 1419): Input 0xb8ebc420 close complete
11-16 18:38:06.838 I/ActivityManager( 1752): START u0 {act=android.intent.action.MAIN cat=[android.intent.category.HOME] flg=0x10000000 cmp=com.google.android.wearable.app/com.google.android.clockwork.home.HomeActivity (has extras)} from pid 1871 on display 0
11-16 18:38:06.838 V/ActivityManager( 1752): Display changed displayId=0
11-16 18:38:06.848 V/WearActivity(18425): display changed: 0, new state: 2
11-16 18:38:06.848 V/WearActivity(18425): state didn't actually change
11-16 18:38:06.868 I/DreamController( 1752): Stopping dream: name=ComponentInfo{com.google.android.wearable.app/com.google.android.clockwork.home.AmbientMode}, isTest=false, canDoze=true, userId=0
11-16 18:38:06.878 I/PowerManagerService( 1752): Sleeping...
11-16 18:38:06.908 I/ActivityManager( 1752): Activity reported stop, but no longer stopping: ActivityRecord{adc9b990 u0 com.google.android.wearable.app/com.google.android.clockwork.home.HomeActivity t1}
11-16 18:38:06.928 I/AmbientMode( 1871): Ambient mode started: canDoze=true, dozeHardware=null
11-16 18:38:06.938 D/mot_vr_audio_hw( 1419): dsp_recognizer_enabled = true
11-16 18:38:06.938 D/ADSPD   ( 7609): Client cmd=0x0003, size=4
11-16 18:38:06.938 D/mot_vr_audio_hw( 1419): open_input_stream(): devices = 0x80000004, rate = 8000, channels = 0x10
11-16 18:38:06.938 D/mot_vr_audio_hw( 1419): Created resampler for 16000->8000 Hz
11-16 18:38:06.948 D/ADSPD   ( 7609): Received from DSP: cmd=0x8003, size=2
11-16 18:38:06.948 D/ADSPD   ( 7609): Client cmd=0x4003, size=2
11-16 18:38:06.948 D/mot_vr_audio_hw( 1419): received recognition control callback, status 0
11-16 18:38:06.958 D/mot_vr_audio_hw( 1419): in_read waiting for hotword
11-16 18:38:06.968 D/mot_vr_audio_hw( 1419): dsp_recognizer_enabled = false
11-16 18:38:06.968 D/ADSPD   ( 7609): Client cmd=0x0003, size=4
11-16 18:38:06.968 D/mot_vr_audio_hw( 1419): Switching DSP to standby/passthrough mode
11-16 18:38:06.968 D/mot_vr_audio_hw( 1419): Input 0xb8ebc420 ready to read
11-16 18:38:06.988 D/ADSPD   ( 7609): Received from DSP: cmd=0x8003, size=2
11-16 18:38:06.988 D/ADSPD   ( 7609): Client cmd=0x0003, size=4
11-16 18:38:06.988 D/mot_vr_audio_hw( 1419): received recognition control callback, status 0
11-16 18:38:06.998 D/ADSPD   ( 7609): Received from DSP: cmd=0x8003, size=2
11-16 18:38:06.998 D/mot_vr_audio_hw( 1419): received recognition control callback, status 0
11-16 18:38:07.028 W/mot_vr_audio_hw( 1419): Discarded 10 buffers without finding audio data
11-16 18:38:07.028 I/ActivityManager( 1752): Delay finish: com.google.android.gms/.checkin.CheckinService$Receiver
11-16 18:38:07.038 D/ADSPD   ( 7609): Client cmd=0x0003, size=4
11-16 18:38:07.038 D/mot_vr_audio_hw( 1419): Re-arming DSP
11-16 18:38:07.038 D/mot_vr_audio_hw( 1419): Input 0xb8ebc420 standby complete
11-16 18:38:07.038 D/mot_vr_audio_hw( 1419): Input 0xb8ebc420 close complete
11-16 18:38:07.048 D/ADSPD   ( 7609): Received from DSP: cmd=0x8003, size=2
11-16 18:38:07.048 D/ADSPD   ( 7609): Client cmd=0x4003, size=2
11-16 18:38:07.048 D/mot_vr_audio_hw( 1419): received recognition control callback, status 0
11-16 18:38:07.058 I/AmbientMode( 1871): Dream ended: isDozing=true
11-16 18:38:07.168 I/CheckinService(12241): active receiver: enabled
11-16 18:38:07.278 I/CheckinService(12241): Preparing to send checkin request
11-16 18:38:07.278 I/EventLogService(12241): Accumulating logs since 1416181028033
11-16 18:38:07.389 D/dalvikvm( 1752): GC_CONCURRENT freed 834K, 70% free 5202K/17296K, paused 36ms+9ms, total 221ms
11-16 18:38:07.619 D/LightsService( 1752): Excessive delay setting light: 167ms
11-16 18:38:07.619 D/SurfaceFlinger( 1417): Screen released, type=0 flinger=0xb7fc2448
11-16 18:38:07.659 I/GoogleHttpClient(12241): Falling back to old SSLCertificateSocketFactory
11-16 18:38:07.759 D/hwcomposer( 1417): hwc_blank(0: 1)
11-16 18:38:07.759 D/SurfaceControl( 1752): Excessive delay in blankDisplay() while turning screen off: 143ms
11-16 18:38:07.769 I/DisplayManagerService( 1752): Display device changed: DisplayDeviceInfo{"Built-in Screen": 320 x 290, 45.000004 fps, density 213, 203.2 x 204.61111 dpi, touch INTERNAL, rotation 0, type BUILT_IN, state OFF, FLAG_DEFAULT_DISPLAY, FLAG_ROTATES_WITH_CONTENT, FLAG_SECURE, FLAG_SUPPORTS_PROTECTED_BUFFERS}
11-16 18:38:07.779 V/ActivityManager( 1752): Display changed displayId=0
11-16 18:38:07.789 V/WearActivity(18425): display changed: 0, new state: 1
11-16 18:38:07.799 I/TimeWrapper(18425): FPS: 27.076082, samples: 155
11-16 18:38:07.799 I/TimeWrapper(18425): Min/Avg/Max frame render speed (ms): 4.577636 / 12.042236 / 53.40576
11-16 18:38:07.799 I/TimeWrapper(18425): Waketime: 32.60566%
11-16 18:38:07.799 I/TimeWrapper(18425): Skipped frames: 2
11-16 18:38:07.799 V/MyViewAnim(18425): redrawSlow: resume -> 1
11-16 18:38:07.799 V/MyViewAnim(18425): redrawSlow: display change without state change -> 2
11-16 18:38:07.799 V/MyViewAnim(18425): redrawSlow: startHelper -> 1
11-16 18:38:07.799 V/WearActivity(18425): onDisplayChanged: off!
11-16 18:38:07.799 V/WearActivity(18425): stopHelper: shutting things down
11-16 18:38:07.819 D/MinnowPowerHAL( 1752): power_set_interactive: 0
11-16 18:38:07.819 D/MinnowPowerHAL( 1752): sysfs_write: /sys/devices/platform/omapdss/display0/interactivemode 0
11-16 18:38:07.819 D/MinnowPowerHAL( 1752): sysfs_write: /sys/devices/ocp.2/i2c.6/i2c-0/0-004a/interactivemode 0
11-16 18:38:07.819 D/MinnowPowerHAL( 1752): sysfs_write: /sys/class/leds/lcd-backlight/interactive 0
11-16 18:38:07.819 D/mot_vr_audio_hw( 1752): dsp_set_pm_state = off
11-16 18:38:07.819 D/ADSPD   ( 7609): Client cmd=0x4002, size=2
11-16 18:38:07.819 D/ADSPD   ( 7609): DSP_CMD_DAEMON_SET_PM_STATE : 0
11-16 18:38:07.829 V/MyViewAnim(18425): stopping animation!
11-16 18:38:07.829 V/MyViewAnim(18425): killDrawThread
11-16 18:38:07.829 V/WearActivity(18425): killing alarms
11-16 18:38:07.829 I/ClockFace(18425): Ambient mode: false
11-16 18:38:07.839 V/MyViewAnim(18425): looper finished!
11-16 18:38:07.959 E/GmsClient(12241): unable to connect to service: com.google.android.gms.droidguard.service.START
11-16 18:38:10.061 W/bt-btif (19562): dm_pm_timer expires
11-16 18:38:10.061 W/bt-btif (19562): dm_pm_timer expires 0
11-16 18:38:10.061 W/bt-btif (19562): proc dm_pm_timer expires
11-16 18:38:10.772 W/Searchables( 1752): No global search activity found
11-16 18:38:10.782 I/InputReader( 1752): Reconfiguring input devices.  changes=0x00000010
11-16 18:38:15.116 W/bt-btif (19562): dm_pm_timer expires
11-16 18:38:15.116 W/bt-btif (19562): dm_pm_timer expires 0
11-16 18:38:15.116 W/bt-btif (19562): proc dm_pm_timer expires
11-16 18:38:19.530 V/WearReceiverService(18425): message received!
11-16 18:38:19.550 V/ClockFace(18425): clearing caches
11-16 18:38:19.550 V/ClockState(18425): clipping 0 raw events to fit the screen
11-16 18:38:19.550 V/ClockState(18425): maxLevel for new events: 10000
11-16 18:38:19.550 V/ClockState(18425): number of new events: 0
11-16 18:38:19.550 V/MyViewAnim(18425): update from ClockState
11-16 18:38:19.550 V/MyViewAnim(18425): draw thread desired: true
11-16 18:38:19.550 V/ClockState(18425): new calendar event list, 0 entries
11-16 18:38:19.550 V/ClockFace(18425): clearing caches
11-16 18:38:19.550 V/MyViewAnim(18425): update from ClockState
11-16 18:38:19.550 V/MyViewAnim(18425): draw thread desired: true
11-16 18:38:19.550 V/ClockState(18425): event update complete
11-16 18:38:19.550 V/WearReceiverService(18425): savePreferences
11-16 18:38:19.580 D/dalvikvm(18425): GC_CONCURRENT freed 362K, 21% free 2460K/3076K, paused 3ms+5ms, total 41ms
11-16 18:38:19.961 V/WearReceiverService(18425): message received!
11-16 18:38:19.971 V/ClockFace(18425): clearing caches
11-16 18:38:19.971 V/ClockState(18425): clipping 10 raw events to fit the screen
11-16 18:38:19.981 V/EventLayoutUniform(18425): Event layout success.
11-16 18:38:19.981 V/EventLayoutUniform(18425): Event layout time: 8.911132 ms
11-16 18:38:19.981 V/ClockState(18425): maxLevel for new events: 10000
11-16 18:38:19.981 V/ClockState(18425): number of new events: 2
11-16 18:38:19.981 V/MyViewAnim(18425): update from ClockState
11-16 18:38:19.981 V/MyViewAnim(18425): draw thread desired: true
11-16 18:38:19.981 V/ClockState(18425): new calendar event list, 10 entries
11-16 18:38:19.981 V/ClockFace(18425): clearing caches
11-16 18:38:19.981 V/MyViewAnim(18425): update from ClockState
11-16 18:38:19.981 V/MyViewAnim(18425): draw thread desired: true
11-16 18:38:19.981 V/ClockState(18425): event update complete
11-16 18:38:19.981 V/WearReceiverService(18425): savePreferences
11-16 18:38:21.973 W/bt-btif (19562): dm_pm_timer expires
11-16 18:38:21.973 W/bt-btif (19562): dm_pm_timer expires 0
11-16 18:38:21.973 W/bt-btif (19562): proc dm_pm_timer expires
11-16 18:38:22.033 I/ActivityManager( 1752): Waited long enough for: ServiceRecord{adea2f80 u0 com.google.android.gms/.checkin.CheckinService}
11-16 18:38:22.033 I/ActivityManager( 1752): Resuming delayed broadcast
11-16 18:38:22.423 D/dalvikvm(12260): GC_FOR_ALLOC freed 314K, 27% free 2339K/3176K, paused 12ms, total 13ms
11-16 18:38:24.015 D/SensorHALGestureSensor( 1752): Gesture event received! time = 1416181104026435673
11-16 18:38:24.015 I/PowerManagerService( 1752): Waking up from sleep...
11-16 18:38:24.015 W/KeyguardServiceDelegate( 1752): onScreenTurnedOn(): no keyguard service!
11-16 18:38:24.035 D/MinnowPowerHAL( 1752): power_set_interactive: 1
11-16 18:38:24.035 D/MinnowPowerHAL( 1752): sysfs_write: /sys/devices/platform/omapdss/display0/interactivemode 1
11-16 18:38:24.165 D/MinnowPowerHAL( 1752): sysfs_write: /sys/devices/ocp.2/i2c.6/i2c-0/0-004a/interactivemode 1
11-16 18:38:24.165 D/MinnowPowerHAL( 1752): sysfs_write: /sys/class/leds/lcd-backlight/interactive 1
11-16 18:38:24.165 D/mot_vr_audio_hw( 1752): dsp_set_pm_state = on
11-16 18:38:24.165 D/ADSPD   ( 7609): Client cmd=0x4002, size=2
11-16 18:38:24.165 D/PowerManagerService-JNI( 1752): Excessive delay in setInteractive(true) while turning screen on: 126ms
11-16 18:38:24.165 D/ADSPD   ( 7609): DSP_CMD_DAEMON_SET_PM_STATE : 1
11-16 18:38:24.185 V/WearActivity(18425): display changed: 0, new state: 1
11-16 18:38:24.185 V/WearActivity(18425): state didn't actually change
11-16 18:38:24.185 V/WearActivity(18425): Resume!
11-16 18:38:24.195 D/ADSPD   ( 7609): ACK success!
11-16 18:38:24.195 V/ActivityManager( 1752): Display changed displayId=0
11-16 18:38:24.195 W/InputMethodManagerService( 1752): Ignoring setImeWindowStatus of uid 1000 token: null
11-16 18:38:24.205 E/ClockworkHome( 1871): Tried to exit ambient mode, but enterAmbientMode() was never called.
11-16 18:38:24.205 D/mot_vr_audio_hw( 1419): dsp_recognizer_enabled = true
11-16 18:38:24.205 D/ADSPD   ( 7609): Client cmd=0x0003, size=4
11-16 18:38:24.205 D/mot_vr_audio_hw( 1419): open_input_stream(): devices = 0x80000004, rate = 8000, channels = 0x10
11-16 18:38:24.205 D/mot_vr_audio_hw( 1419): Created resampler for 16000->8000 Hz
11-16 18:38:24.225 D/ADSPD   ( 7609): Received from DSP: cmd=0x8003, size=2
11-16 18:38:24.225 D/ADSPD   ( 7609): Client cmd=0x4003, size=2
11-16 18:38:24.225 D/mot_vr_audio_hw( 1419): received recognition control callback, status 0
11-16 18:38:24.235 D/mot_vr_audio_hw( 1419): in_read waiting for hotword
11-16 18:38:24.305 D/SensorHAL( 1752): adjustSensorHandle: handle = 9 adjustedHandle = 1
11-16 18:38:24.305 D/SensorHAL( 1752): adjustSensorHandle: handle = 9 adjustedHandle = 1
11-16 18:38:24.315 D/SurfaceFlinger( 1417): Screen acquired, type=0 flinger=0xb7fc2448
11-16 18:38:24.315 D/hwcomposer( 1417): hwc_blank(0: 0)
11-16 18:38:24.315 I/DisplayManagerService( 1752): Display device changed: DisplayDeviceInfo{"Built-in Screen": 320 x 290, 45.000004 fps, density 213, 203.2 x 204.61111 dpi, touch INTERNAL, rotation 0, type BUILT_IN, state ON, FLAG_DEFAULT_DISPLAY, FLAG_ROTATES_WITH_CONTENT, FLAG_SECURE, FLAG_SUPPORTS_PROTECTED_BUFFERS}
11-16 18:38:24.325 V/ActivityManager( 1752): Display changed displayId=0
11-16 18:38:24.335 V/WearActivity(18425): display changed: 0, new state: 2
11-16 18:38:24.335 V/WearActivity(18425): onDisplayChanged: on!
11-16 18:38:24.335 V/WearActivity(18425): killing alarms
11-16 18:38:24.335 V/WearActivity(18425): startHelper: putting it all back together again
11-16 18:38:24.335 V/WearActivity(18425): initAlarm: setting up
11-16 18:38:24.345 I/ClockFace(18425): Ambient mode: false
11-16 18:38:24.345 V/MyViewAnim(18425): resumeMaxHertz
11-16 18:38:24.345 V/ClockFace(18425): clearing caches
11-16 18:38:24.345 V/MyViewAnim(18425): starting new animator
11-16 18:38:24.345 V/MyViewAnim(18425): Time listener is up!
11-16 18:38:24.345 V/MyViewAnim(18425): starting new draw thread
11-16 18:38:24.345 D/SensorHAL( 1752): adjustSensorHandle: handle = 9 adjustedHandle = 1
11-16 18:38:24.375 V/ClockFace(18425): rendering new face, faceMode(0)
11-16 18:38:24.405 V/ClockFace(18425): fetching new battery status (12284)
11-16 18:38:24.405 V/ClockFace(18425): battery at 0.86
11-16 18:38:24.796 D/dalvikvm(26229): GC_CONCURRENT freed 349K, 67% free 2794K/8292K, paused 18ms+2ms, total 105ms
11-16 18:38:26.287 W/bt-btif (19562): dm_pm_timer expires
11-16 18:38:26.287 W/bt-btif (19562): dm_pm_timer expires 0
11-16 18:38:26.287 W/bt-btif (19562): proc dm_pm_timer expires
11-16 18:38:28.689 D/ClockworkProxy( 1871): doAccept: Create socket stream 267 for TCP connection from /192.168.167.239:57802 to /74.125.226.163:443
11-16 18:38:28.709 D/ClockworkProxy( 1871): doAccept: rpc succeeded. Activate stream 267
11-16 18:38:28.739 D/dalvikvm(12260): GC_CONCURRENT freed 369K, 26% free 2362K/3176K, paused 1ms+14ms, total 44ms
11-16 18:38:28.819 D/dalvikvm(12241): GC_CONCURRENT freed 351K, 21% free 2584K/3260K, paused 2ms+2ms, total 66ms
11-16 18:38:29.190 I/PowerManagerService( 1752): Going to sleep due to screen timeout...
11-16 18:38:29.200 I/PowerManagerService( 1752): Dozing...
11-16 18:38:29.200 I/DreamController( 1752): Starting dream: name=ComponentInfo{com.google.android.wearable.app/com.google.android.clockwork.home.AmbientMode}, isTest=false, canDoze=true, userId=0
11-16 18:38:29.220 V/wearable(12260): ensureBuffersHaveSpace: increasing size from 1785 to 3540
11-16 18:38:29.280 I/ActivityManager( 1752): START u0 {act=android.intent.action.MAIN cat=[android.intent.category.HOME] flg=0x10000000 cmp=com.google.android.wearable.app/com.google.android.clockwork.home.HomeActivity (has extras)} from pid 1871 on display 0
11-16 18:38:29.280 I/DreamController( 1752): Stopping dream: name=ComponentInfo{com.google.android.wearable.app/com.google.android.clockwork.home.AmbientMode}, isTest=false, canDoze=true, userId=0
11-16 18:38:29.280 I/PowerManagerService( 1752): Sleeping...
11-16 18:38:29.350 I/AmbientMode( 1871): Ambient mode started: canDoze=true, dozeHardware=null
11-16 18:38:29.360 D/mot_vr_audio_hw( 1419): dsp_recognizer_enabled = false
11-16 18:38:29.360 D/ADSPD   ( 7609): Client cmd=0x0003, size=4
11-16 18:38:29.360 D/mot_vr_audio_hw( 1419): Switching DSP to standby/passthrough mode
11-16 18:38:29.360 D/mot_vr_audio_hw( 1419): Input 0xb8ebc420 ready to read
11-16 18:38:29.370 D/ADSPD   ( 7609): Received from DSP: cmd=0x8003, size=2
11-16 18:38:29.370 D/ADSPD   ( 7609): Client cmd=0x0003, size=4
11-16 18:38:29.370 D/mot_vr_audio_hw( 1419): received recognition control callback, status 0
11-16 18:38:29.380 D/ADSPD   ( 7609): Received from DSP: cmd=0x8003, size=2
11-16 18:38:29.380 D/mot_vr_audio_hw( 1419): received recognition control callback, status 0
11-16 18:38:29.410 W/mot_vr_audio_hw( 1419): Discarded 10 buffers without finding audio data
11-16 18:38:29.420 D/ADSPD   ( 7609): Client cmd=0x0003, size=4
11-16 18:38:29.420 D/mot_vr_audio_hw( 1419): Re-arming DSP
11-16 18:38:29.420 D/mot_vr_audio_hw( 1419): Input 0xb8ebc420 standby complete
11-16 18:38:29.430 D/mot_vr_audio_hw( 1419): Input 0xb8ebc420 close complete
11-16 18:38:29.430 D/ADSPD   ( 7609): Received from DSP: cmd=0x8003, size=2
11-16 18:38:29.430 D/ADSPD   ( 7609): Client cmd=0x4003, size=2
11-16 18:38:29.430 D/mot_vr_audio_hw( 1419): received recognition control callback, status 0
11-16 18:38:29.450 D/mot_vr_audio_hw( 1419): dsp_recognizer_enabled = true
11-16 18:38:29.450 D/ADSPD   ( 7609): Client cmd=0x0003, size=4
11-16 18:38:29.450 D/mot_vr_audio_hw( 1419): open_input_stream(): devices = 0x80000004, rate = 8000, channels = 0x10
11-16 18:38:29.450 D/mot_vr_audio_hw( 1419): Created resampler for 16000->8000 Hz
11-16 18:38:29.460 D/ADSPD   ( 7609): Received from DSP: cmd=0x8003, size=2
11-16 18:38:29.460 D/ADSPD   ( 7609): Client cmd=0x4003, size=2
11-16 18:38:29.460 D/mot_vr_audio_hw( 1419): received recognition control callback, status 0
11-16 18:38:29.470 D/mot_vr_audio_hw( 1419): in_read waiting for hotword
11-16 18:38:29.470 I/AmbientMode( 1871): Dream ended: isDozing=true
11-16 18:38:30.091 D/LightsService( 1752): Excessive delay setting light: 236ms
11-16 18:38:30.091 D/SurfaceFlinger( 1417): Screen released, type=0 flinger=0xb7fc2448
11-16 18:38:30.121 I/CheckinTask(12241): Sending checkin request (2070 bytes)
11-16 18:38:30.241 D/hwcomposer( 1417): hwc_blank(0: 1)
11-16 18:38:30.241 D/SurfaceControl( 1752): Excessive delay in blankDisplay() while turning screen off: 144ms
11-16 18:38:30.251 I/DisplayManagerService( 1752): Display device changed: DisplayDeviceInfo{"Built-in Screen": 320 x 290, 45.000004 fps, density 213, 203.2 x 204.61111 dpi, touch INTERNAL, rotation 0, type BUILT_IN, state OFF, FLAG_DEFAULT_DISPLAY, FLAG_ROTATES_WITH_CONTENT, FLAG_SECURE, FLAG_SUPPORTS_PROTECTED_BUFFERS}
11-16 18:38:30.251 V/ActivityManager( 1752): Display changed displayId=0
11-16 18:38:30.261 V/WearActivity(18425): display changed: 0, new state: 1
11-16 18:38:30.261 I/TimeWrapper(18425): FPS: 39.11812, samples: 229
11-16 18:38:30.261 I/TimeWrapper(18425): Min/Avg/Max frame render speed (ms): 4.821777 / 7.033835 / 38.42163
11-16 18:38:30.261 I/TimeWrapper(18425): Waketime: 27.515038%
11-16 18:38:30.261 I/TimeWrapper(18425): Skipped frames: 1
11-16 18:38:30.261 V/MyViewAnim(18425): redrawSlow: resume -> 1
11-16 18:38:30.261 V/MyViewAnim(18425): redrawSlow: display change without state change -> 1
11-16 18:38:30.261 V/MyViewAnim(18425): redrawSlow: view:update -> 4
11-16 18:38:30.261 V/MyViewAnim(18425): redrawSlow: startHelper -> 1
11-16 18:38:30.261 V/WearActivity(18425): onDisplayChanged: off!
11-16 18:38:30.261 V/WearActivity(18425): stopHelper: shutting things down
11-16 18:38:30.291 D/MinnowPowerHAL( 1752): power_set_interactive: 0
11-16 18:38:30.291 D/MinnowPowerHAL( 1752): sysfs_write: /sys/devices/platform/omapdss/display0/interactivemode 0
11-16 18:38:30.291 D/MinnowPowerHAL( 1752): sysfs_write: /sys/devices/ocp.2/i2c.6/i2c-0/0-004a/interactivemode 0
11-16 18:38:30.301 D/MinnowPowerHAL( 1752): sysfs_write: /sys/class/leds/lcd-backlight/interactive 0
11-16 18:38:30.301 D/mot_vr_audio_hw( 1752): dsp_set_pm_state = off
11-16 18:38:30.301 D/ADSPD   ( 7609): Client cmd=0x4002, size=2
11-16 18:38:30.301 D/ADSPD   ( 7609): DSP_CMD_DAEMON_SET_PM_STATE : 0
11-16 18:38:30.301 D/ADSPD   ( 7609): DSP not turned off as still being used
11-16 18:38:30.311 D/mot_vr_audio_hw( 1419): dsp_recognizer_enabled = false
11-16 18:38:30.311 D/ADSPD   ( 7609): Client cmd=0x0003, size=4
11-16 18:38:30.311 D/ADSPD   ( 7609): Trying to send to dsp while in dsp in RESET
11-16 18:38:30.311 W/mot_vr_audio_hw( 1419): Not allowing wake() since DSP is disabled
11-16 18:38:30.321 V/MyViewAnim(18425): stopping animation!
11-16 18:38:30.321 V/MyViewAnim(18425): killDrawThread
11-16 18:38:30.321 V/WearActivity(18425): killing alarms
11-16 18:38:30.321 I/ClockFace(18425): Ambient mode: false
11-16 18:38:30.321 V/WearActivity(18425): Pause!
11-16 18:38:30.321 W/mot_vr_audio_hw( 1419): Not allowing wake() since DSP is disabled
11-16 18:38:30.321 W/InputMethodManagerService( 1752): Ignoring setImeWindowStatus of uid 1000 token: null
11-16 18:38:30.331 V/WearActivity(18425): Stop!
11-16 18:38:30.331 V/MyViewAnim(18425): looper finished!
11-16 18:38:30.341 D/ADSPD   ( 7609): Client cmd=0x4003, size=2
11-16 18:38:30.341 D/ADSPD   ( 7609): DSP no longer used, turned off here
11-16 18:38:30.341 D/mot_vr_audio_hw( 1419): Input 0xb8ebc420 close complete
11-16 18:38:30.932 I/CheckinTask(12241): Checkin success: https://android.clients.google.com/checkin (1 requests sent)
11-16 18:38:30.952 D/dalvikvm(12241): GC_CONCURRENT freed 432K, 21% free 2590K/3260K, paused 2ms+3ms, total 27ms
11-16 18:38:30.972 I/CheckinService(12241): active receiver: disabled
11-16 18:38:31.022 D/GCM     (12290): GcmService start Intent { act=com.google.android.checkin.CHECKIN_COMPLETE flg=0x10 cmp=com.google.android.gms/.gcm.GcmService (has extras) } com.google.android.checkin.CHECKIN_COMPLETE
11-16 18:38:31.022 I/ActivityManager( 1752): Delay finish: com.google.android.gms/.gcm.ServiceAutoStarter
11-16 18:38:31.022 I/ActivityManager( 1752): Resuming delayed broadcast
11-16 18:38:33.454 W/bt-btif (19562): dm_pm_timer expires
11-16 18:38:33.454 W/bt-btif (19562): dm_pm_timer expires 0
11-16 18:38:33.454 W/bt-btif (19562): proc dm_pm_timer expires
11-16 18:38:33.614 V/WearReceiverService(18425): message received!
11-16 18:38:33.624 V/ClockFace(18425): clearing caches
11-16 18:38:33.624 V/ClockState(18425): clipping 10 raw events to fit the screen
11-16 18:38:33.624 V/EventLayoutUniform(18425): Event layout success.
11-16 18:38:33.624 V/EventLayoutUniform(18425): Event layout time: 5.310059 ms
11-16 18:38:33.624 V/ClockState(18425): maxLevel for new events: 10000
11-16 18:38:33.624 V/ClockState(18425): number of new events: 2
11-16 18:38:33.624 V/MyViewAnim(18425): update from ClockState
11-16 18:38:33.624 V/MyViewAnim(18425): draw thread desired: true
11-16 18:38:33.624 V/ClockState(18425): new calendar event list, 10 entries
11-16 18:38:33.624 V/ClockFace(18425): clearing caches
11-16 18:38:33.624 V/MyViewAnim(18425): update from ClockState
11-16 18:38:33.624 V/MyViewAnim(18425): draw thread desired: true
11-16 18:38:33.624 V/ClockState(18425): event update complete
11-16 18:38:33.624 V/WearReceiverService(18425): savePreferences
11-16 18:38:36.197 D/MinnowPowerHAL( 1752): power_set_interactive: 1
11-16 18:38:36.197 D/MinnowPowerHAL( 1752): sysfs_write: /sys/devices/platform/omapdss/display0/interactivemode 1
11-16 18:38:36.197 I/PowerManagerService( 1752): Waking up from sleep...
11-16 18:38:36.197 W/KeyguardServiceDelegate( 1752): onScreenTurnedOn(): no keyguard service!
11-16 18:38:36.287 D/MinnowPowerHAL( 1752): sysfs_write: /sys/devices/ocp.2/i2c.6/i2c-0/0-004a/interactivemode 1
11-16 18:38:36.287 D/MinnowPowerHAL( 1752): sysfs_write: /sys/class/leds/lcd-backlight/interactive 1
11-16 18:38:36.287 D/mot_vr_audio_hw( 1752): dsp_set_pm_state = on
11-16 18:38:36.287 D/ADSPD   ( 7609): Client cmd=0x4002, size=2
11-16 18:38:36.287 D/PowerManagerService-JNI( 1752): Excessive delay in setInteractive(true) while turning screen on: 96ms
11-16 18:38:36.287 D/ADSPD   ( 7609): DSP_CMD_DAEMON_SET_PM_STATE : 1
11-16 18:38:36.297 W/InputMethodManagerService( 1752): Ignoring setImeWindowStatus of uid 1000 token: null
11-16 18:38:36.307 V/WearActivity(18425): Resume!
11-16 18:38:36.317 E/ClockworkHome( 1871): Tried to exit ambient mode, but enterAmbientMode() was never called.
11-16 18:38:36.317 D/mot_vr_audio_hw( 1419): dsp_recognizer_enabled = true
11-16 18:38:36.317 D/mot_vr_audio_hw( 1419): open_input_stream(): devices = 0x80000004, rate = 8000, channels = 0x10
11-16 18:38:36.317 D/mot_vr_audio_hw( 1419): Created resampler for 16000->8000 Hz
11-16 18:38:36.327 D/mot_vr_audio_hw( 1419): in_read waiting for hotword
11-16 18:38:36.377 D/ADSPD   ( 7609): ACK success!
11-16 18:38:36.377 D/ADSPD   ( 7609): Client cmd=0x0003, size=4
11-16 18:38:36.397 D/ADSPD   ( 7609): Received from DSP: cmd=0x8003, size=2
11-16 18:38:36.397 D/ADSPD   ( 7609): Client cmd=0x4003, size=2
11-16 18:38:36.397 D/mot_vr_audio_hw( 1419): received recognition control callback, status 0
11-16 18:38:36.447 D/SurfaceFlinger( 1417): Screen acquired, type=0 flinger=0xb7fc2448
11-16 18:38:36.447 D/hwcomposer( 1417): hwc_blank(0: 0)
11-16 18:38:36.447 D/SensorHAL( 1752): adjustSensorHandle: handle = 9 adjustedHandle = 1
11-16 18:38:36.447 D/SensorHAL( 1752): adjustSensorHandle: handle = 9 adjustedHandle = 1
11-16 18:38:36.457 I/DisplayManagerService( 1752): Display device changed: DisplayDeviceInfo{"Built-in Screen": 320 x 290, 45.000004 fps, density 213, 203.2 x 204.61111 dpi, touch INTERNAL, rotation 0, type BUILT_IN, state ON, FLAG_DEFAULT_DISPLAY, FLAG_ROTATES_WITH_CONTENT, FLAG_SECURE, FLAG_SUPPORTS_PROTECTED_BUFFERS}
11-16 18:38:36.457 V/ActivityManager( 1752): Display changed displayId=0
11-16 18:38:36.477 V/WearActivity(18425): display changed: 0, new state: 2
11-16 18:38:36.477 V/WearActivity(18425): onDisplayChanged: on!
11-16 18:38:36.477 V/WearActivity(18425): killing alarms
11-16 18:38:36.477 V/WearActivity(18425): startHelper: putting it all back together again
11-16 18:38:36.477 V/WearActivity(18425): initAlarm: setting up
11-16 18:38:36.487 I/ClockFace(18425): Ambient mode: false
11-16 18:38:36.487 V/MyViewAnim(18425): resumeMaxHertz
11-16 18:38:36.487 V/ClockFace(18425): clearing caches
11-16 18:38:36.487 V/MyViewAnim(18425): starting new animator
11-16 18:38:36.487 V/MyViewAnim(18425): Time listener is up!
11-16 18:38:36.487 V/MyViewAnim(18425): starting new draw thread
11-16 18:38:36.487 D/SensorHAL( 1752): adjustSensorHandle: handle = 9 adjustedHandle = 1
11-16 18:38:36.517 V/ClockFace(18425): rendering new face, faceMode(0)
11-16 18:38:36.537 V/ClockFace(18425): fetching new battery status (12515)
11-16 18:38:36.537 V/ClockFace(18425): battery at 0.86
11-16 18:38:37.718 D/LocationWearablesListenerService(12255): onDataChanged
11-16 18:38:37.768 D/dalvikvm(12255): GC_FOR_ALLOC freed 140K, 24% free 2524K/3288K, paused 37ms, total 38ms
11-16 18:38:39.730 W/CwCal   ( 1871): CalHomeUtil.updateBackground:bundle dismissed, do nothing
11-16 18:38:39.960 D/dalvikvm(12260): GC_CONCURRENT freed 440K, 26% free 2379K/3176K, paused 17ms+24ms, total 77ms
11-16 18:38:40.080 W/CwCal   ( 1871): CalHomeUtil.updateBackground:bundle dismissed, do nothing
11-16 18:38:40.461 W/CwCal   ( 1871): CalHomeUtil.updateBackground:bundle dismissed, do nothing
11-16 18:38:40.661 D/dalvikvm(12260): GC_CONCURRENT freed 495K, 26% free 2350K/3176K, paused 3ms+2ms, total 50ms
11-16 18:38:41.051 W/Searchables( 1752): No global search activity found
11-16 18:38:41.061 I/InputReader( 1752): Reconfiguring input devices.  changes=0x00000010
11-16 18:38:41.192 I/PowerManagerService( 1752): Going to sleep due to screen timeout...
11-16 18:38:41.192 I/PowerManagerService( 1752): Dozing...
11-16 18:38:41.202 V/WearActivity(18425): Pause!
11-16 18:38:41.202 I/DreamController( 1752): Starting dream: name=ComponentInfo{com.google.android.wearable.app/com.google.android.clockwork.home.AmbientMode}, isTest=false, canDoze=true, userId=0
11-16 18:38:41.212 V/WearActivity(18425): Stop!
11-16 18:38:41.232 W/InputMethodManagerService( 1752): Ignoring setImeWindowStatus of uid 1000 token: null
11-16 18:38:41.252 D/mot_vr_audio_hw( 1419): dsp_recognizer_enabled = false
11-16 18:38:41.252 D/ADSPD   ( 7609): Client cmd=0x0003, size=4
11-16 18:38:41.252 D/mot_vr_audio_hw( 1419): Switching DSP to standby/passthrough mode
11-16 18:38:41.252 D/mot_vr_audio_hw( 1419): Input 0xb8ebc420 ready to read
11-16 18:38:41.262 D/ADSPD   ( 7609): Received from DSP: cmd=0x8003, size=2
11-16 18:38:41.262 D/ADSPD   ( 7609): Client cmd=0x0003, size=4
11-16 18:38:41.272 D/mot_vr_audio_hw( 1419): received recognition control callback, status 0
11-16 18:38:41.282 D/ADSPD   ( 7609): Received from DSP: cmd=0x8003, size=2
11-16 18:38:41.282 D/mot_vr_audio_hw( 1419): received recognition control callback, status 0
11-16 18:38:41.302 W/mot_vr_audio_hw( 1419): Discarded 10 buffers without finding audio data
11-16 18:38:41.322 D/ADSPD   ( 7609): Client cmd=0x0003, size=4
11-16 18:38:41.322 D/mot_vr_audio_hw( 1419): Re-arming DSP
11-16 18:38:41.322 D/mot_vr_audio_hw( 1419): Input 0xb8ebc420 standby complete
11-16 18:38:41.332 D/ADSPD   ( 7609): Received from DSP: cmd=0x8003, size=2
11-16 18:38:41.332 D/mot_vr_audio_hw( 1419): received recognition control callback, status 0
11-16 18:38:41.332 D/ADSPD   ( 7609): Client cmd=0x4003, size=2
11-16 18:38:41.332 D/mot_vr_audio_hw( 1419): Input 0xb8ebc420 close complete
11-16 18:38:41.462 I/ActivityManager( 1752): START u0 {act=android.intent.action.MAIN cat=[android.intent.category.HOME] flg=0x10000000 cmp=com.google.android.wearable.app/com.google.android.clockwork.home.HomeActivity (has extras)} from pid 1871 on display 0
11-16 18:38:41.472 V/WearActivity(18425): display changed: 0, new state: 2
11-16 18:38:41.472 V/WearActivity(18425): state didn't actually change
11-16 18:38:41.472 V/ActivityManager( 1752): Display changed displayId=0
11-16 18:38:41.542 I/DreamController( 1752): Stopping dream: name=ComponentInfo{com.google.android.wearable.app/com.google.android.clockwork.home.AmbientMode}, isTest=false, canDoze=true, userId=0
11-16 18:38:41.552 I/PowerManagerService( 1752): Sleeping...
11-16 18:38:41.642 D/dalvikvm( 1871): GC_CONCURRENT freed 1865K, 37% free 27311K/42808K, paused 28ms+68ms, total 513ms
11-16 18:38:41.652 I/ActivityManager( 1752): Activity reported stop, but no longer stopping: ActivityRecord{adc9b990 u0 com.google.android.wearable.app/com.google.android.clockwork.home.HomeActivity t1}
11-16 18:38:41.682 I/AmbientMode( 1871): Ambient mode started: canDoze=true, dozeHardware=null
11-16 18:38:41.692 D/mot_vr_audio_hw( 1419): dsp_recognizer_enabled = true
11-16 18:38:41.692 D/ADSPD   ( 7609): Client cmd=0x0003, size=4
11-16 18:38:41.702 D/mot_vr_audio_hw( 1419): open_input_stream(): devices = 0x80000004, rate = 8000, channels = 0x10
11-16 18:38:41.702 D/mot_vr_audio_hw( 1419): Created resampler for 16000->8000 Hz
11-16 18:38:41.712 D/ADSPD   ( 7609): Received from DSP: cmd=0x8003, size=2
11-16 18:38:41.712 D/ADSPD   ( 7609): Client cmd=0x4003, size=2
11-16 18:38:41.712 D/mot_vr_audio_hw( 1419): received recognition control callback, status 0
11-16 18:38:41.712 D/mot_vr_audio_hw( 1419): in_read waiting for hotword
11-16 18:38:41.722 D/dalvikvm(12260): GC_CONCURRENT freed 440K, 27% free 2348K/3176K, paused 3ms+1ms, total 128ms
11-16 18:38:41.752 D/mot_vr_audio_hw( 1419): dsp_recognizer_enabled = false
11-16 18:38:41.752 D/ADSPD   ( 7609): Client cmd=0x0003, size=4
11-16 18:38:41.752 D/mot_vr_audio_hw( 1419): Switching DSP to standby/passthrough mode
11-16 18:38:41.752 D/mot_vr_audio_hw( 1419): Input 0xb8ebc420 ready to read
11-16 18:38:41.762 D/ADSPD   ( 7609): Received from DSP: cmd=0x8003, size=2
11-16 18:38:41.762 D/ADSPD   ( 7609): Client cmd=0x0003, size=4
11-16 18:38:41.762 D/mot_vr_audio_hw( 1419): received recognition control callback, status 0
11-16 18:38:41.772 D/ADSPD   ( 7609): Received from DSP: cmd=0x8003, size=2
11-16 18:38:41.782 D/mot_vr_audio_hw( 1419): received recognition control callback, status 0
11-16 18:38:41.802 W/mot_vr_audio_hw( 1419): Discarded 10 buffers without finding audio data
11-16 18:38:41.812 D/ADSPD   ( 7609): Client cmd=0x0003, size=4
