11-16 19:25:07.756 I/Clockwork.TimeService( 1981): set timezone to America/New_York
11-16 19:25:07.756 D/AlarmManagerService( 1752): Kernel timezone updated to 300 minutes west of GMT
11-16 19:25:07.846 D/dalvikvm( 1752): GC_CONCURRENT freed 742K, 70% free 5283K/17296K, paused 2ms+6ms, total 89ms
11-16 19:25:07.856 I/CheckinService(12241): active receiver: disabled
11-16 19:25:07.886 I/ActivityManager( 1752): Delay finish: com.google.android.gms/.gcm.ServiceAutoStarter
11-16 19:25:07.896 D/GCM     (12290): GcmService start Intent { act=com.google.android.checkin.CHECKIN_COMPLETE flg=0x10 cmp=com.google.android.gms/.gcm.GcmService (has extras) } com.google.android.checkin.CHECKIN_COMPLETE
11-16 19:25:07.896 I/ActivityManager( 1752): Resuming delayed broadcast
11-16 19:25:09.747 W/bt-btif (19562): dm_pm_timer expires
11-16 19:25:09.747 W/bt-btif (19562): dm_pm_timer expires 0
11-16 19:25:09.747 W/bt-btif (19562): proc dm_pm_timer expires
11-16 19:25:33.126 I/Clockwork.Settings( 1871): Companion requested the watch start a time sync.
11-16 19:25:33.126 I/Clockwork.Settings( 1871): sending time sync request - elapsedRealTime: 1424171982
11-16 19:25:33.166 I/Clockwork.Settings( 1871): time sync update time to 1416183934048, latency 40 ms
11-16 19:25:33.166 I/Clockwork.Settings( 1871): time sync timezone: America/New_York
11-16 19:25:33.176 D/        ( 1752): Setting time of day to sec=1416183934
11-16 19:25:34.060 I/Clockwork.TimeService( 1981): set timezone to America/New_York
11-16 19:25:34.060 D/AlarmManagerService( 1752): Kernel timezone updated to 300 minutes west of GMT
11-16 19:25:34.110 D/dalvikvm(12241): GC_CONCURRENT freed 415K, 22% free 2568K/3284K, paused 1ms+8ms, total 33ms
11-16 19:25:34.130 I/CheckinService(12241): active receiver: disabled
11-16 19:25:34.150 D/GCM     (12290): GcmService start Intent { act=com.google.android.checkin.CHECKIN_COMPLETE flg=0x10 cmp=com.google.android.gms/.gcm.GcmService (has extras) } com.google.android.checkin.CHECKIN_COMPLETE
11-16 19:25:34.150 I/ActivityManager( 1752): Delay finish: com.google.android.gms/.gcm.ServiceAutoStarter
11-16 19:25:34.160 I/ActivityManager( 1752): Resuming delayed broadcast
11-16 19:25:36.051 W/bt-btif (19562): dm_pm_timer expires
11-16 19:25:36.051 W/bt-btif (19562): dm_pm_timer expires 0
11-16 19:25:36.051 W/bt-btif (19562): proc dm_pm_timer expires
11-16 19:27:02.135 I/Clockwork.Settings( 1871): Companion requested the watch start a time sync.
11-16 19:27:02.135 I/Clockwork.Settings( 1871): sending time sync request - elapsedRealTime: 1424260118
11-16 19:27:02.195 I/Clockwork.Settings( 1871): time sync update time to 1416184022664, latency 56 ms
11-16 19:27:02.195 I/Clockwork.Settings( 1871): time sync timezone: America/New_York
11-16 19:27:02.215 D/        ( 1752): Setting time of day to sec=1416184022
11-16 19:27:02.681 I/Clockwork.TimeService( 1981): set timezone to America/New_York
11-16 19:27:02.681 D/AlarmManagerService( 1752): Kernel timezone updated to 300 minutes west of GMT
11-16 19:27:02.751 I/CheckinService(12241): active receiver: disabled
11-16 19:27:02.761 D/dalvikvm( 1871): GC_CONCURRENT freed 1953K, 35% free 27999K/42808K, paused 2ms+7ms, total 102ms
11-16 19:27:02.791 D/GCM     (12290): GcmService start Intent { act=com.google.android.checkin.CHECKIN_COMPLETE flg=0x10 cmp=com.google.android.gms/.gcm.GcmService (has extras) } com.google.android.checkin.CHECKIN_COMPLETE
11-16 19:27:02.791 I/ActivityManager( 1752): Delay finish: com.google.android.gms/.gcm.ServiceAutoStarter
11-16 19:27:02.791 I/ActivityManager( 1752): Resuming delayed broadcast
11-16 19:27:04.662 W/bt-btif (19562): dm_pm_timer expires
11-16 19:27:04.662 W/bt-btif (19562): dm_pm_timer expires 0
11-16 19:27:04.662 W/bt-btif (19562): proc dm_pm_timer expires
11-16 19:27:22.625 I/Clockwork.Settings( 1871): Companion requested the watch start a time sync.
11-16 19:27:22.625 I/Clockwork.Settings( 1871): sending time sync request - elapsedRealTime: 1424280141
11-16 19:27:22.645 D/dalvikvm(12260): GC_FOR_ALLOC freed 269K, 27% free 2335K/3176K, paused 15ms, total 16ms
11-16 19:27:22.655 I/Clockwork.Settings( 1871): Companion requested the watch start a time sync.
11-16 19:27:22.655 I/Clockwork.Settings( 1871): sending time sync request - elapsedRealTime: 1424280171
11-16 19:27:22.705 I/Clockwork.Settings( 1871): time sync update time to 1416184043896, latency 81 ms
11-16 19:27:22.715 I/Clockwork.Settings( 1871): time sync timezone: America/New_York
11-16 19:27:22.715 D/        ( 1752): Setting time of day to sec=1416184043
11-16 19:27:23.920 I/Clockwork.TimeService( 1981): set timezone to America/New_York
11-16 19:27:23.920 D/AlarmManagerService( 1752): Kernel timezone updated to 300 minutes west of GMT
11-16 19:27:23.960 I/Clockwork.Settings( 1871): time sync update time to 1416184043916, latency 119 ms
11-16 19:27:23.960 I/Clockwork.Settings( 1871): time sync timezone: America/New_York
11-16 19:27:23.931 I/Clockwork.TimeService( 1981): set timezone to America/New_York
11-16 19:27:23.931 D/AlarmManagerService( 1752): Kernel timezone updated to 300 minutes west of GMT
11-16 19:27:23.961 I/CheckinService(12241): active receiver: disabled
11-16 19:27:23.970 D/        ( 1752): Setting time of day to sec=1416184043
11-16 19:27:23.981 I/CheckinService(12241): active receiver: disabled
11-16 19:27:24.011 D/GCM     (12290): GcmService start Intent { act=com.google.android.checkin.CHECKIN_COMPLETE flg=0x10 cmp=com.google.android.gms/.gcm.GcmService (has extras) } com.google.android.checkin.CHECKIN_COMPLETE
11-16 19:27:24.011 I/ActivityManager( 1752): Delay finish: com.google.android.gms/.gcm.ServiceAutoStarter
11-16 19:27:24.011 I/ActivityManager( 1752): Resuming delayed broadcast
11-16 19:27:25.912 W/bt-btif (19562): dm_pm_timer expires
11-16 19:27:25.912 W/bt-btif (19562): dm_pm_timer expires 0
11-16 19:27:25.912 W/bt-btif (19562): proc dm_pm_timer expires
11-16 19:30:13.116 I/Clockwork.Settings( 1871): Companion requested the watch start a time sync.
11-16 19:30:13.116 I/Clockwork.Settings( 1871): sending time sync request - elapsedRealTime: 1424449503
11-16 19:30:13.176 I/Clockwork.Settings( 1871): time sync update time to 1416184214007, latency 59 ms
11-16 19:30:13.186 I/Clockwork.Settings( 1871): time sync timezone: America/New_York
11-16 19:30:13.186 D/        ( 1752): Setting time of day to sec=1416184214
11-16 19:30:14.039 I/Clockwork.TimeService( 1981): set timezone to America/New_York
11-16 19:30:14.039 D/AlarmManagerService( 1752): Kernel timezone updated to 300 minutes west of GMT
11-16 19:30:14.059 I/CheckinService(12241): active receiver: disabled
11-16 19:30:14.089 D/GCM     (12290): GcmService start Intent { act=com.google.android.checkin.CHECKIN_COMPLETE flg=0x10 cmp=com.google.android.gms/.gcm.GcmService (has extras) } com.google.android.checkin.CHECKIN_COMPLETE
11-16 19:30:14.089 I/ActivityManager( 1752): Delay finish: com.google.android.gms/.gcm.ServiceAutoStarter
11-16 19:30:14.089 I/ActivityManager( 1752): Resuming delayed broadcast
11-16 19:30:16.000 W/bt-btif (19562): dm_pm_timer expires
11-16 19:30:16.000 W/bt-btif (19562): dm_pm_timer expires 0
11-16 19:30:16.000 W/bt-btif (19562): proc dm_pm_timer expires
11-16 19:30:27.234 D/dalvikvm( 9182): GC_CONCURRENT freed 372K, 21% free 2399K/3012K, paused 3ms+2ms, total 21ms
11-16 19:30:27.404 I/Fitness (12255): WearableSyncServiceReceiver.onReceive
11-16 19:30:27.414 I/ActivityManager( 1752): Delay finish: com.google.android.gms/.fitness.wearables.WearableSyncServiceReceiver
11-16 19:30:27.434 D/WearableClient(12255): WearableClientImpl.onPostInitHandler: done
11-16 19:30:27.434 I/Fitness (12255): syncing to node: e12e6647-0917-4594-a0b8-f42d78390f6d
11-16 19:30:27.454 I/Fitness (12255): syncing: 0
11-16 19:30:27.494 I/ActivityManager( 1752): Resuming delayed broadcast
11-16 19:33:37.414 D/SensorHALGestureSensor( 1752): Gesture event received! time = 1416184417416785731
11-16 19:33:37.414 I/PowerManagerService( 1752): Waking up from sleep...
11-16 19:33:37.414 W/KeyguardServiceDelegate( 1752): onScreenTurnedOn(): no keyguard service!
11-16 19:33:37.554 D/PowerManagerService-JNI( 1752): Excessive delay in autosuspend_disable() while turning screen on: 129ms
11-16 19:33:37.554 D/MinnowPowerHAL( 1752): power_set_interactive: 1
11-16 19:33:37.554 D/MinnowPowerHAL( 1752): sysfs_write: /sys/devices/platform/omapdss/display0/interactivemode 1
11-16 19:33:37.584 D/MinnowPowerHAL( 1752): sysfs_write: /sys/devices/ocp.2/i2c.6/i2c-0/0-004a/interactivemode 1
11-16 19:33:37.584 D/MinnowPowerHAL( 1752): sysfs_write: /sys/class/leds/lcd-backlight/interactive 1
11-16 19:33:37.584 D/mot_vr_audio_hw( 1752): dsp_set_pm_state = on
11-16 19:33:37.584 D/ADSPD   ( 7609): Client cmd=0x4002, size=2
11-16 19:33:37.584 D/ADSPD   ( 7609): DSP_CMD_DAEMON_SET_PM_STATE : 1
11-16 19:33:37.584 D/PowerManagerService-JNI( 1752): Excessive delay in setInteractive(true) while turning screen on: 34ms
11-16 19:33:37.594 V/WearActivity(18425): Resume!
11-16 19:33:37.674 D/mot_vr_audio_hw( 1419): dsp_recognizer_enabled = true
11-16 19:33:37.674 D/mot_vr_audio_hw( 1419): open_input_stream(): devices = 0x80000004, rate = 8000, channels = 0x10
11-16 19:33:37.674 D/mot_vr_audio_hw( 1419): Created resampler for 16000->8000 Hz
11-16 19:33:37.694 D/mot_vr_audio_hw( 1419): in_read waiting for hotword
11-16 19:33:37.724 D/SurfaceFlinger( 1417): Screen acquired, type=0 flinger=0xb7fc2448
11-16 19:33:37.724 D/hwcomposer( 1417): hwc_blank(0: 0)
11-16 19:33:37.734 I/DisplayManagerService( 1752): Display device changed: DisplayDeviceInfo{"Built-in Screen": 320 x 290, 45.000004 fps, density 213, 203.2 x 204.61111 dpi, touch INTERNAL, rotation 0, type BUILT_IN, state ON, FLAG_DEFAULT_DISPLAY, FLAG_ROTATES_WITH_CONTENT, FLAG_SECURE, FLAG_SUPPORTS_PROTECTED_BUFFERS}
11-16 19:33:37.734 V/ActivityManager( 1752): Display changed displayId=0
11-16 19:33:37.744 V/WearActivity(18425): display changed: 0, new state: 2
11-16 19:33:37.744 V/WearActivity(18425): onDisplayChanged: on!
11-16 19:33:37.744 V/WearActivity(18425): killing alarms
11-16 19:33:37.744 V/WearActivity(18425): startHelper: putting it all back together again
11-16 19:33:37.744 V/WearActivity(18425): initAlarm: setting up
11-16 19:33:37.764 I/ClockFace(18425): Ambient mode: false
11-16 19:33:37.764 V/MyViewAnim(18425): resumeMaxHertz
11-16 19:33:37.764 V/ClockFace(18425): clearing caches
11-16 19:33:37.764 V/MyViewAnim(18425): starting new animator
11-16 19:33:37.764 V/MyViewAnim(18425): Time listener is up!
11-16 19:33:37.764 V/MyViewAnim(18425): starting new draw thread
11-16 19:33:37.784 V/ClockFace(18425): rendering new face, faceMode(0)
11-16 19:33:37.804 W/InputMethodManagerService( 1752): Ignoring setImeWindowStatus of uid 1000 token: null
11-16 19:33:37.814 V/ClockFace(18425): fetching new battery status (16778)
11-16 19:33:37.814 V/ClockFace(18425): battery at 0.81
11-16 19:33:37.884 E/ADSPD   ( 7609): Timeout on select()
11-16 19:33:37.884 E/ADSPD   ( 7609): NO ACK received after loading firmware
11-16 19:33:37.884 E/ADSPD   ( 7609): Unknown ACK received 0x00
11-16 19:33:37.884 D/ADSPD   ( 7609): Client cmd=0x0003, size=4
11-16 19:33:37.904 D/ADSPD   ( 7609): Received from DSP: cmd=0x8003, size=2
11-16 19:33:37.904 D/ADSPD   ( 7609): Client cmd=0x4003, size=2
11-16 19:33:37.904 D/mot_vr_audio_hw( 1419): received recognition control callback, status 0
11-16 19:33:37.904 D/SensorHAL( 1752): adjustSensorHandle: handle = 9 adjustedHandle = 1
11-16 19:33:37.904 D/SensorHAL( 1752): adjustSensorHandle: handle = 9 adjustedHandle = 1
11-16 19:33:37.914 D/SensorHAL( 1752): adjustSensorHandle: handle = 9 adjustedHandle = 1
11-16 19:33:37.944 D/LightsService( 1752): Excessive delay setting light: 67ms
11-16 19:33:38.485 D/dalvikvm(26229): GC_FOR_ALLOC freed 356K, 64% free 3039K/8292K, paused 86ms, total 87ms
11-16 19:33:38.485 I/dalvikvm-heap(26229): Grow heap (frag case) to 3.771MB for 640016-byte allocation
11-16 19:33:38.545 D/dalvikvm(26229): GC_FOR_ALLOC freed 1K, 56% free 3662K/8292K, paused 51ms, total 51ms
11-16 19:33:38.635 D/dalvikvm(26229): GC_CONCURRENT freed 90K, 57% free 3573K/8292K, paused 19ms+2ms, total 90ms
11-16 19:33:40.226 W/bt-btif (19562): dm_pm_timer expires
11-16 19:33:40.226 W/bt-btif (19562): dm_pm_timer expires 0
11-16 19:33:40.226 W/bt-btif (19562): proc dm_pm_timer expires
11-16 19:33:49.035 I/PowerManagerService( 1752): Going to sleep due to screen timeout...
11-16 19:33:49.035 I/PowerManagerService( 1752): Dozing...
11-16 19:33:49.055 I/DreamController( 1752): Starting dream: name=ComponentInfo{com.google.android.wearable.app/com.google.android.clockwork.home.AmbientMode}, isTest=false, canDoze=true, userId=0
11-16 19:33:49.065 V/WearActivity(18425): Pause!
11-16 19:33:49.065 V/WearActivity(18425): Stop!
11-16 19:33:49.075 D/mot_vr_audio_hw( 1419): dsp_recognizer_enabled = false
11-16 19:33:49.075 D/ADSPD   ( 7609): Client cmd=0x0003, size=4
11-16 19:33:49.075 D/mot_vr_audio_hw( 1419): Switching DSP to standby/passthrough mode
11-16 19:33:49.075 D/mot_vr_audio_hw( 1419): Input 0xb8ebc420 ready to read
11-16 19:33:49.075 W/InputMethodManagerService( 1752): Ignoring setImeWindowStatus of uid 1000 token: null
11-16 19:33:49.095 D/ADSPD   ( 7609): Received from DSP: cmd=0x8003, size=2
11-16 19:33:49.095 D/ADSPD   ( 7609): Client cmd=0x0003, size=4
11-16 19:33:49.095 D/mot_vr_audio_hw( 1419): received recognition control callback, status 0
11-16 19:33:49.105 D/ADSPD   ( 7609): Received from DSP: cmd=0x8003, size=2
11-16 19:33:49.105 D/mot_vr_audio_hw( 1419): received recognition control callback, status 0
11-16 19:33:49.135 W/mot_vr_audio_hw( 1419): Discarded 10 buffers without finding audio data
11-16 19:33:49.145 D/ADSPD   ( 7609): Client cmd=0x0003, size=4
11-16 19:33:49.145 D/mot_vr_audio_hw( 1419): Re-arming DSP
11-16 19:33:49.145 D/mot_vr_audio_hw( 1419): Input 0xb8ebc420 standby complete
11-16 19:33:49.155 D/ADSPD   ( 7609): Received from DSP: cmd=0x8003, size=2
11-16 19:33:49.155 D/mot_vr_audio_hw( 1419): received recognition control callback, status 0
11-16 19:33:49.155 D/ADSPD   ( 7609): Client cmd=0x4003, size=2
11-16 19:33:49.155 D/mot_vr_audio_hw( 1419): Input 0xb8ebc420 close complete
11-16 19:33:49.255 I/ActivityManager( 1752): START u0 {act=android.intent.action.MAIN cat=[android.intent.category.HOME] flg=0x10000000 cmp=com.google.android.wearable.app/com.google.android.clockwork.home.HomeActivity (has extras)} from pid 1871 on display 0
11-16 19:33:49.255 V/ActivityManager( 1752): Display changed displayId=0
11-16 19:33:49.265 V/WearActivity(18425): display changed: 0, new state: 2
11-16 19:33:49.265 V/WearActivity(18425): state didn't actually change
11-16 19:33:49.275 I/DreamController( 1752): Stopping dream: name=ComponentInfo{com.google.android.wearable.app/com.google.android.clockwork.home.AmbientMode}, isTest=false, canDoze=true, userId=0
11-16 19:33:49.285 I/PowerManagerService( 1752): Sleeping...
11-16 19:33:49.325 I/AmbientMode( 1871): Ambient mode started: canDoze=true, dozeHardware=null
11-16 19:33:49.325 I/ActivityManager( 1752): Activity reported stop, but no longer stopping: ActivityRecord{adc9b990 u0 com.google.android.wearable.app/com.google.android.clockwork.home.HomeActivity t1}
11-16 19:33:49.335 D/mot_vr_audio_hw( 1419): dsp_recognizer_enabled = true
11-16 19:33:49.335 D/ADSPD   ( 7609): Client cmd=0x0003, size=4
11-16 19:33:49.335 D/mot_vr_audio_hw( 1419): open_input_stream(): devices = 0x80000004, rate = 8000, channels = 0x10
11-16 19:33:49.335 D/mot_vr_audio_hw( 1419): Created resampler for 16000->8000 Hz
11-16 19:33:49.355 D/ADSPD   ( 7609): Received from DSP: cmd=0x8003, size=2
11-16 19:33:49.355 D/ADSPD   ( 7609): Client cmd=0x4003, size=2
11-16 19:33:49.355 D/mot_vr_audio_hw( 1419): received recognition control callback, status 0
11-16 19:33:49.355 D/mot_vr_audio_hw( 1419): in_read waiting for hotword
11-16 19:33:49.365 D/mot_vr_audio_hw( 1419): dsp_recognizer_enabled = false
11-16 19:33:49.365 D/ADSPD   ( 7609): Client cmd=0x0003, size=4
11-16 19:33:49.365 D/mot_vr_audio_hw( 1419): Switching DSP to standby/passthrough mode
11-16 19:33:49.365 D/mot_vr_audio_hw( 1419): Input 0xb8ebc420 ready to read
11-16 19:33:49.375 D/ADSPD   ( 7609): Received from DSP: cmd=0x8003, size=2
11-16 19:33:49.375 D/ADSPD   ( 7609): Client cmd=0x0003, size=4
11-16 19:33:49.375 D/mot_vr_audio_hw( 1419): received recognition control callback, status 0
11-16 19:33:49.395 D/ADSPD   ( 7609): Received from DSP: cmd=0x8003, size=2
11-16 19:33:49.395 D/mot_vr_audio_hw( 1419): received recognition control callback, status 0
11-16 19:33:49.415 W/mot_vr_audio_hw( 1419): Discarded 10 buffers without finding audio data
11-16 19:33:49.425 D/ADSPD   ( 7609): Client cmd=0x0003, size=4
11-16 19:33:49.425 D/mot_vr_audio_hw( 1419): Re-arming DSP
11-16 19:33:49.425 D/mot_vr_audio_hw( 1419): Input 0xb8ebc420 standby complete
11-16 19:33:49.445 D/ADSPD   ( 7609): Received from DSP: cmd=0x8003, size=2
11-16 19:33:49.445 D/mot_vr_audio_hw( 1419): received recognition control callback, status 0
11-16 19:33:49.445 D/ADSPD   ( 7609): Client cmd=0x4003, size=2
11-16 19:33:49.445 D/mot_vr_audio_hw( 1419): Input 0xb8ebc420 close complete
11-16 19:33:49.455 I/AmbientMode( 1871): Dream ended: isDozing=true
11-16 19:33:49.816 D/dalvikvm(18425): GC_CONCURRENT freed 428K, 21% free 2469K/3108K, paused 2ms+3ms, total 45ms
11-16 19:33:49.996 D/LightsService( 1752): Excessive delay setting light: 148ms
11-16 19:33:49.996 D/SurfaceFlinger( 1417): Screen released, type=0 flinger=0xb7fc2448
11-16 19:33:50.146 D/hwcomposer( 1417): hwc_blank(0: 1)
11-16 19:33:50.146 D/SurfaceControl( 1752): Excessive delay in blankDisplay() while turning screen off: 152ms
11-16 19:33:50.176 I/DisplayManagerService( 1752): Display device changed: DisplayDeviceInfo{"Built-in Screen": 320 x 290, 45.000004 fps, density 213, 203.2 x 204.61111 dpi, touch INTERNAL, rotation 0, type BUILT_IN, state OFF, FLAG_DEFAULT_DISPLAY, FLAG_ROTATES_WITH_CONTENT, FLAG_SECURE, FLAG_SUPPORTS_PROTECTED_BUFFERS}
11-16 19:33:50.176 V/ActivityManager( 1752): Display changed displayId=0
11-16 19:33:50.186 V/WearActivity(18425): display changed: 0, new state: 1
11-16 19:33:50.186 I/TimeWrapper(18425): FPS: 41.3964, samples: 512
11-16 19:33:50.186 I/TimeWrapper(18425): Min/Avg/Max frame render speed (ms): 3.78418 / 5.228161 / 44.036865
11-16 19:33:50.186 I/TimeWrapper(18425): Waketime: 21.642708%
11-16 19:33:50.186 I/TimeWrapper(18425): Skipped frames: 2
11-16 19:33:50.186 V/MyViewAnim(18425): redrawSlow: display change without state change -> 1
11-16 19:33:50.186 V/MyViewAnim(18425): redrawSlow: resume -> 1
11-16 19:33:50.186 V/MyViewAnim(18425): redrawSlow: startHelper -> 1
11-16 19:33:50.186 V/WearActivity(18425): onDisplayChanged: off!
11-16 19:33:50.186 V/WearActivity(18425): stopHelper: shutting things down
11-16 19:33:50.206 D/MinnowPowerHAL( 1752): power_set_interactive: 0
11-16 19:33:50.206 D/MinnowPowerHAL( 1752): sysfs_write: /sys/devices/platform/omapdss/display0/interactivemode 0
11-16 19:33:50.216 D/MinnowPowerHAL( 1752): sysfs_write: /sys/devices/ocp.2/i2c.6/i2c-0/0-004a/interactivemode 0
11-16 19:33:50.216 D/MinnowPowerHAL( 1752): sysfs_write: /sys/class/leds/lcd-backlight/interactive 0
11-16 19:33:50.216 D/mot_vr_audio_hw( 1752): dsp_set_pm_state = off
11-16 19:33:50.216 D/ADSPD   ( 7609): Client cmd=0x4002, size=2
11-16 19:33:50.216 D/ADSPD   ( 7609): DSP_CMD_DAEMON_SET_PM_STATE : 0
11-16 19:33:50.226 V/MyViewAnim(18425): stopping animation!
11-16 19:33:50.226 V/MyViewAnim(18425): killDrawThread
11-16 19:33:50.226 V/WearActivity(18425): killing alarms
11-16 19:33:50.226 I/ClockFace(18425): Ambient mode: false
11-16 19:33:50.226 V/MyViewAnim(18425): looper finished!
11-16 19:33:51.648 W/bt-btif (19562): dm_pm_timer expires
11-16 19:33:51.648 W/bt-btif (19562): dm_pm_timer expires 0
11-16 19:33:51.648 W/bt-btif (19562): proc dm_pm_timer expires
11-16 19:34:09.125 D/SensorHALGestureSensor( 1752): Gesture event received! time = 1416184449127753742
11-16 19:34:09.125 I/PowerManagerService( 1752): Waking up from sleep...
11-16 19:34:09.125 W/KeyguardServiceDelegate( 1752): onScreenTurnedOn(): no keyguard service!
11-16 19:34:09.285 D/PowerManagerService-JNI( 1752): Excessive delay in autosuspend_disable() while turning screen on: 149ms
11-16 19:34:09.285 D/MinnowPowerHAL( 1752): power_set_interactive: 1
11-16 19:34:09.285 D/MinnowPowerHAL( 1752): sysfs_write: /sys/devices/platform/omapdss/display0/interactivemode 1
11-16 19:34:09.335 D/MinnowPowerHAL( 1752): sysfs_write: /sys/devices/ocp.2/i2c.6/i2c-0/0-004a/interactivemode 1
11-16 19:34:09.335 D/MinnowPowerHAL( 1752): sysfs_write: /sys/class/leds/lcd-backlight/interactive 1
11-16 19:34:09.335 D/mot_vr_audio_hw( 1752): dsp_set_pm_state = on
11-16 19:34:09.335 D/ADSPD   ( 7609): Client cmd=0x4002, size=2
11-16 19:34:09.335 D/ADSPD   ( 7609): DSP_CMD_DAEMON_SET_PM_STATE : 1
11-16 19:34:09.335 D/PowerManagerService-JNI( 1752): Excessive delay in setInteractive(true) while turning screen on: 56ms
11-16 19:34:09.355 V/WearActivity(18425): display changed: 0, new state: 1
11-16 19:34:09.355 V/WearActivity(18425): state didn't actually change
11-16 19:34:09.365 V/WearActivity(18425): Resume!
11-16 19:34:09.375 E/ClockworkHome( 1871): Tried to exit ambient mode, but enterAmbientMode() was never called.
11-16 19:34:09.375 D/ConnectivityService( 1752): Sampling interval elapsed, updating statistics ..
11-16 19:34:09.375 D/ConnectivityService( 1752): Done.
11-16 19:34:09.375 D/ConnectivityService( 1752): Setting timer for 720seconds
11-16 19:34:09.385 D/mot_vr_audio_hw( 1419): dsp_recognizer_enabled = true
11-16 19:34:09.385 D/mot_vr_audio_hw( 1419): open_input_stream(): devices = 0x80000004, rate = 8000, channels = 0x10
11-16 19:34:09.385 D/mot_vr_audio_hw( 1419): Created resampler for 16000->8000 Hz
11-16 19:34:09.385 V/ActivityManager( 1752): Display changed displayId=0
11-16 19:34:09.405 D/mot_vr_audio_hw( 1419): in_read waiting for hotword
11-16 19:34:09.425 W/InputMethodManagerService( 1752): Ignoring setImeWindowStatus of uid 1000 token: null
11-16 19:34:09.485 D/SurfaceFlinger( 1417): Screen acquired, type=0 flinger=0xb7fc2448
11-16 19:34:09.485 D/hwcomposer( 1417): hwc_blank(0: 0)
11-16 19:34:09.485 D/SensorHAL( 1752): adjustSensorHandle: handle = 9 adjustedHandle = 1
11-16 19:34:09.485 D/SensorHAL( 1752): adjustSensorHandle: handle = 9 adjustedHandle = 1
11-16 19:34:09.495 D/SensorHAL( 1752): adjustSensorHandle: handle = 9 adjustedHandle = 1
11-16 19:34:09.495 I/DisplayManagerService( 1752): Display device changed: DisplayDeviceInfo{"Built-in Screen": 320 x 290, 45.000004 fps, density 213, 203.2 x 204.61111 dpi, touch INTERNAL, rotation 0, type BUILT_IN, state ON, FLAG_DEFAULT_DISPLAY, FLAG_ROTATES_WITH_CONTENT, FLAG_SECURE, FLAG_SUPPORTS_PROTECTED_BUFFERS}
11-16 19:34:09.495 V/ActivityManager( 1752): Display changed displayId=0
11-16 19:34:09.515 V/WearActivity(18425): display changed: 0, new state: 2
11-16 19:34:09.515 V/WearActivity(18425): onDisplayChanged: on!
11-16 19:34:09.515 V/WearActivity(18425): killing alarms
11-16 19:34:09.515 V/WearActivity(18425): startHelper: putting it all back together again
11-16 19:34:09.515 V/WearActivity(18425): initAlarm: setting up
11-16 19:34:09.515 I/ClockFace(18425): Ambient mode: false
11-16 19:34:09.515 V/MyViewAnim(18425): resumeMaxHertz
11-16 19:34:09.515 V/ClockFace(18425): clearing caches
11-16 19:34:09.515 V/MyViewAnim(18425): starting new animator
11-16 19:34:09.515 V/MyViewAnim(18425): Time listener is up!
11-16 19:34:09.515 V/MyViewAnim(18425): starting new draw thread
11-16 19:34:09.545 V/ClockFace(18425): rendering new face, faceMode(0)
11-16 19:34:09.575 V/ClockFace(18425): fetching new battery status (17292)
11-16 19:34:09.575 V/ClockFace(18425): battery at 0.81
11-16 19:34:09.635 E/ADSPD   ( 7609): Timeout on select()
11-16 19:34:09.635 E/ADSPD   ( 7609): NO ACK received after loading firmware
11-16 19:34:09.635 E/ADSPD   ( 7609): Unknown ACK received 0x00
11-16 19:34:09.635 D/ADSPD   ( 7609): Client cmd=0x0003, size=4
11-16 19:34:09.655 D/ADSPD   ( 7609): Received from DSP: cmd=0x8003, size=2
11-16 19:34:09.655 D/ADSPD   ( 7609): Client cmd=0x4003, size=2
11-16 19:34:09.655 D/mot_vr_audio_hw( 1419): received recognition control callback, status 0
11-16 19:34:12.488 D/dalvikvm(12255): GC_CONCURRENT freed 365K, 20% free 2650K/3288K, paused 1ms+3ms, total 58ms
11-16 19:34:12.488 W/Fitness (12255): Failed to flush data points buffer to store, dropping buffered data points
11-16 19:34:12.488 W/Fitness (12255): android.database.sqlite.SQLiteConstraintException: foreign key constraint failed (code 19)
11-16 19:34:12.488 W/Fitness (12255): 	at android.database.sqlite.SQLiteConnection.nativeExecuteForLastInsertedRowId(Native Method)
11-16 19:34:12.488 W/Fitness (12255): 	at android.database.sqlite.SQLiteConnection.executeForLastInsertedRowId(SQLiteConnection.java:782)
11-16 19:34:12.488 W/Fitness (12255): 	at android.database.sqlite.SQLiteSession.executeForLastInsertedRowId(SQLiteSession.java:788)
11-16 19:34:12.488 W/Fitness (12255): 	at android.database.sqlite.SQLiteStatement.executeInsert(SQLiteStatement.java:86)
11-16 19:34:12.488 W/Fitness (12255): 	at com.google.android.gms.fitness.m.al.a(SourceFile:1755)
11-16 19:34:12.488 W/Fitness (12255): 	at com.google.android.gms.fitness.m.al.a(SourceFile:1656)
11-16 19:34:12.488 W/Fitness (12255): 	at com.google.android.gms.fitness.m.e.run(SourceFile:137)
11-16 19:34:12.488 W/Fitness (12255): 	at android.os.Handler.handleCallback(Handler.java:733)
11-16 19:34:12.488 W/Fitness (12255): 	at android.os.Handler.dispatchMessage(Handler.java:95)
11-16 19:34:12.488 W/Fitness (12255): 	at android.os.Looper.loop(Looper.java:136)
11-16 19:34:12.488 W/Fitness (12255): 	at android.os.HandlerThread.run(HandlerThread.java:61)
11-16 19:34:12.598 W/bt-btif (19562): dm_pm_timer expires
11-16 19:34:12.598 W/bt-btif (19562): dm_pm_timer expires 0
11-16 19:34:12.598 W/bt-btif (19562): proc dm_pm_timer expires
11-16 19:34:14.350 I/PowerManagerService( 1752): Going to sleep due to screen timeout...
11-16 19:34:14.350 I/PowerManagerService( 1752): Dozing...
11-16 19:34:14.360 I/DreamController( 1752): Starting dream: name=ComponentInfo{com.google.android.wearable.app/com.google.android.clockwork.home.AmbientMode}, isTest=false, canDoze=true, userId=0
11-16 19:34:14.430 I/ActivityManager( 1752): START u0 {act=android.intent.action.MAIN cat=[android.intent.category.HOME] flg=0x10000000 cmp=com.google.android.wearable.app/com.google.android.clockwork.home.HomeActivity (has extras)} from pid 1871 on display 0
11-16 19:34:14.440 I/DreamController( 1752): Stopping dream: name=ComponentInfo{com.google.android.wearable.app/com.google.android.clockwork.home.AmbientMode}, isTest=false, canDoze=true, userId=0
11-16 19:34:14.450 I/PowerManagerService( 1752): Sleeping...
11-16 19:34:14.530 I/AmbientMode( 1871): Ambient mode started: canDoze=true, dozeHardware=null
11-16 19:34:14.540 D/mot_vr_audio_hw( 1419): dsp_recognizer_enabled = false
11-16 19:34:14.540 D/ADSPD   ( 7609): Client cmd=0x0003, size=4
11-16 19:34:14.540 D/mot_vr_audio_hw( 1419): Switching DSP to standby/passthrough mode
11-16 19:34:14.540 D/mot_vr_audio_hw( 1419): Input 0xb8ebc420 ready to read
11-16 19:34:14.550 D/ADSPD   ( 7609): Received from DSP: cmd=0x8003, size=2
11-16 19:34:14.550 D/ADSPD   ( 7609): Client cmd=0x0003, size=4
11-16 19:34:14.550 D/mot_vr_audio_hw( 1419): received recognition control callback, status 0
11-16 19:34:14.560 D/ADSPD   ( 7609): Received from DSP: cmd=0x8003, size=2
11-16 19:34:14.560 D/mot_vr_audio_hw( 1419): received recognition control callback, status 0
11-16 19:34:14.590 W/mot_vr_audio_hw( 1419): Discarded 10 buffers without finding audio data
11-16 19:34:14.600 D/ADSPD   ( 7609): Client cmd=0x0003, size=4
11-16 19:34:14.600 D/mot_vr_audio_hw( 1419): Re-arming DSP
11-16 19:34:14.600 D/mot_vr_audio_hw( 1419): Input 0xb8ebc420 standby complete
11-16 19:34:14.610 D/ADSPD   ( 7609): Received from DSP: cmd=0x8003, size=2
11-16 19:34:14.610 D/mot_vr_audio_hw( 1419): received recognition control callback, status 0
11-16 19:34:14.620 D/ADSPD   ( 7609): Client cmd=0x4003, size=2
11-16 19:34:14.620 D/mot_vr_audio_hw( 1419): Input 0xb8ebc420 close complete
11-16 19:34:14.630 D/mot_vr_audio_hw( 1419): dsp_recognizer_enabled = true
11-16 19:34:14.640 D/ADSPD   ( 7609): Client cmd=0x0003, size=4
11-16 19:34:14.640 D/mot_vr_audio_hw( 1419): open_input_stream(): devices = 0x80000004, rate = 8000, channels = 0x10
11-16 19:34:14.640 D/mot_vr_audio_hw( 1419): Created resampler for 16000->8000 Hz
11-16 19:34:14.650 D/ADSPD   ( 7609): Received from DSP: cmd=0x8003, size=2
11-16 19:34:14.650 D/ADSPD   ( 7609): Client cmd=0x4003, size=2
11-16 19:34:14.650 D/mot_vr_audio_hw( 1419): received recognition control callback, status 0
11-16 19:34:14.660 D/mot_vr_audio_hw( 1419): in_read waiting for hotword
11-16 19:34:14.670 I/AmbientMode( 1871): Dream ended: isDozing=true
11-16 19:34:15.111 D/LightsService( 1752): Excessive delay setting light: 124ms
11-16 19:34:15.111 D/SurfaceFlinger( 1417): Screen released, type=0 flinger=0xb7fc2448
11-16 19:34:15.251 D/hwcomposer( 1417): hwc_blank(0: 1)
11-16 19:34:15.251 D/SurfaceControl( 1752): Excessive delay in blankDisplay() while turning screen off: 135ms
11-16 19:34:15.281 I/DisplayManagerService( 1752): Display device changed: DisplayDeviceInfo{"Built-in Screen": 320 x 290, 45.000004 fps, density 213, 203.2 x 204.61111 dpi, touch INTERNAL, rotation 0, type BUILT_IN, state OFF, FLAG_DEFAULT_DISPLAY, FLAG_ROTATES_WITH_CONTENT, FLAG_SECURE, FLAG_SUPPORTS_PROTECTED_BUFFERS}
11-16 19:34:15.281 V/ActivityManager( 1752): Display changed displayId=0
11-16 19:34:15.291 V/WearActivity(18425): display changed: 0, new state: 1
11-16 19:34:15.291 I/TimeWrapper(18425): FPS: 41.079742, samples: 235
11-16 19:34:15.291 I/TimeWrapper(18425): Min/Avg/Max frame render speed (ms): 3.753662 / 4.931121 / 28.74756
11-16 19:34:15.291 I/TimeWrapper(18425): Waketime: 20.256918%
11-16 19:34:15.291 I/TimeWrapper(18425): Skipped frames: 1
11-16 19:34:15.291 V/MyViewAnim(18425): redrawSlow: resume -> 1
11-16 19:34:15.291 V/MyViewAnim(18425): redrawSlow: display change without state change -> 1
11-16 19:34:15.291 V/MyViewAnim(18425): redrawSlow: startHelper -> 1
11-16 19:34:15.291 V/WearActivity(18425): onDisplayChanged: off!
11-16 19:34:15.291 V/WearActivity(18425): stopHelper: shutting things down
11-16 19:34:15.321 D/MinnowPowerHAL( 1752): power_set_interactive: 0
11-16 19:34:15.321 D/MinnowPowerHAL( 1752): sysfs_write: /sys/devices/platform/omapdss/display0/interactivemode 0
11-16 19:34:15.321 D/MinnowPowerHAL( 1752): sysfs_write: /sys/devices/ocp.2/i2c.6/i2c-0/0-004a/interactivemode 0
11-16 19:34:15.321 D/MinnowPowerHAL( 1752): sysfs_write: /sys/class/leds/lcd-backlight/interactive 0
11-16 19:34:15.321 D/mot_vr_audio_hw( 1752): dsp_set_pm_state = off
11-16 19:34:15.321 D/ADSPD   ( 7609): Client cmd=0x4002, size=2
11-16 19:34:15.321 D/ADSPD   ( 7609): DSP_CMD_DAEMON_SET_PM_STATE : 0
11-16 19:34:15.321 D/ADSPD   ( 7609): DSP not turned off as still being used
11-16 19:34:15.331 D/mot_vr_audio_hw( 1419): dsp_recognizer_enabled = false
11-16 19:34:15.331 D/ADSPD   ( 7609): Client cmd=0x0003, size=4
11-16 19:34:15.331 D/ADSPD   ( 7609): Trying to send to dsp while in dsp in RESET
11-16 19:34:15.331 W/mot_vr_audio_hw( 1419): Not allowing wake() since DSP is disabled
11-16 19:34:15.331 W/InputMethodManagerService( 1752): Ignoring setImeWindowStatus of uid 1000 token: null
11-16 19:34:15.341 V/MyViewAnim(18425): stopping animation!
11-16 19:34:15.341 V/MyViewAnim(18425): killDrawThread
11-16 19:34:15.341 V/WearActivity(18425): killing alarms
11-16 19:34:15.341 W/mot_vr_audio_hw( 1419): Not allowing wake() since DSP is disabled
11-16 19:34:15.351 I/ClockFace(18425): Ambient mode: false
11-16 19:34:15.351 V/WearActivity(18425): Pause!
11-16 19:34:15.351 V/WearActivity(18425): Stop!
11-16 19:34:15.361 D/ADSPD   ( 7609): Client cmd=0x4003, size=2
11-16 19:34:15.361 D/ADSPD   ( 7609): DSP no longer used, turned off here
11-16 19:34:15.361 D/mot_vr_audio_hw( 1419): Input 0xb8ebc420 close complete
11-16 19:34:15.371 V/MyViewAnim(18425): looper finished!
11-16 19:34:17.463 W/bt-btif (19562): dm_pm_timer expires
11-16 19:34:17.463 W/bt-btif (19562): dm_pm_timer expires 0
11-16 19:34:17.463 W/bt-btif (19562): proc dm_pm_timer expires
11-16 19:35:15.029 D/SensorHALGestureSensor( 1752): Gesture event received! time = 1416184515032081127
11-16 19:35:15.029 I/PowerManagerService( 1752): Waking up from sleep...
11-16 19:35:15.029 W/KeyguardServiceDelegate( 1752): onScreenTurnedOn(): no keyguard service!
11-16 19:35:15.039 E/ClockworkHome( 1871): Tried to exit ambient mode, but enterAmbientMode() was never called.
11-16 19:35:15.049 D/mot_vr_audio_hw( 1419): dsp_recognizer_enabled = true
11-16 19:35:15.049 D/ADSPD   ( 7609): Client cmd=0x0003, size=4
11-16 19:35:15.049 D/ADSPD   ( 7609): Trying to send to dsp while in dsp in RESET
11-16 19:35:15.049 D/mot_vr_audio_hw( 1419): open_input_stream(): devices = 0x80000004, rate = 8000, channels = 0x10
11-16 19:35:15.049 D/mot_vr_audio_hw( 1419): Created resampler for 16000->8000 Hz
11-16 19:35:15.049 D/ADSPD   ( 7609): Client cmd=0x4003, size=2
11-16 19:35:15.179 D/PowerManagerService-JNI( 1752): Excessive delay in autosuspend_disable() while turning screen on: 136ms
11-16 19:35:15.179 D/MinnowPowerHAL( 1752): power_set_interactive: 1
11-16 19:35:15.179 D/MinnowPowerHAL( 1752): sysfs_write: /sys/devices/platform/omapdss/display0/interactivemode 1
11-16 19:35:15.209 D/MinnowPowerHAL( 1752): sysfs_write: /sys/devices/ocp.2/i2c.6/i2c-0/0-004a/interactivemode 1
11-16 19:35:15.209 D/MinnowPowerHAL( 1752): sysfs_write: /sys/class/leds/lcd-backlight/interactive 1
11-16 19:35:15.209 D/mot_vr_audio_hw( 1752): dsp_set_pm_state = on
11-16 19:35:15.209 D/ADSPD   ( 7609): Client cmd=0x4002, size=2
11-16 19:35:15.209 D/ADSPD   ( 7609): DSP_CMD_DAEMON_SET_PM_STATE : 1
11-16 19:35:15.209 D/PowerManagerService-JNI( 1752): Excessive delay in setInteractive(true) while turning screen on: 34ms
11-16 19:35:15.219 D/mot_vr_audio_hw( 1419): in_read waiting for hotword
11-16 19:35:15.219 V/WearActivity(18425): Resume!
11-16 19:35:15.319 W/InputMethodManagerService( 1752): Ignoring setImeWindowStatus of uid 1000 token: null
11-16 19:35:15.329 I/ActivityManager( 1752): Delay finish: com.motorola.targetnotif/com.motorola.omni.NotificationAlarmReceiver
11-16 19:35:15.349 D/SurfaceFlinger( 1417): Screen acquired, type=0 flinger=0xb7fc2448
11-16 19:35:15.349 D/hwcomposer( 1417): hwc_blank(0: 0)
11-16 19:35:15.359 I/DisplayManagerService( 1752): Display device changed: DisplayDeviceInfo{"Built-in Screen": 320 x 290, 45.000004 fps, density 213, 203.2 x 204.61111 dpi, touch INTERNAL, rotation 0, type BUILT_IN, state ON, FLAG_DEFAULT_DISPLAY, FLAG_ROTATES_WITH_CONTENT, FLAG_SECURE, FLAG_SUPPORTS_PROTECTED_BUFFERS}
11-16 19:35:15.369 V/WearActivity(18425): display changed: 0, new state: 2
11-16 19:35:15.369 V/WearActivity(18425): onDisplayChanged: on!
11-16 19:35:15.369 V/WearActivity(18425): killing alarms
11-16 19:35:15.369 V/WearActivity(18425): startHelper: putting it all back together again
11-16 19:35:15.369 V/WearActivity(18425): initAlarm: setting up
11-16 19:35:15.379 I/ClockFace(18425): Ambient mode: false
11-16 19:35:15.379 V/MyViewAnim(18425): resumeMaxHertz
11-16 19:35:15.379 V/ClockFace(18425): clearing caches
11-16 19:35:15.379 V/MyViewAnim(18425): starting new animator
11-16 19:35:15.379 V/MyViewAnim(18425): Time listener is up!
11-16 19:35:15.379 V/MyViewAnim(18425): starting new draw thread
11-16 19:35:15.389 V/ActivityManager( 1752): Display changed displayId=0
11-16 19:35:15.409 I/ActivityManager( 1752): Resuming delayed broadcast
11-16 19:35:15.419 I/Fitness (12255): WearableSyncServiceReceiver.onReceive
11-16 19:35:15.429 V/ClockFace(18425): rendering new face, faceMode(0)
11-16 19:35:15.429 I/ActivityManager( 1752): Delay finish: com.google.android.gms/.fitness.wearables.WearableSyncServiceReceiver
11-16 19:35:15.479 D/LightsService( 1752): Excessive delay setting light: 91ms
11-16 19:35:15.500 D/WearableClient(12255): WearableClientImpl.onPostInitHandler: done
11-16 19:35:15.500 D/SensorHAL( 1752): adjustSensorHandle: handle = 9 adjustedHandle = 1
11-16 19:35:15.500 D/SensorHAL( 1752): adjustSensorHandle: handle = 9 adjustedHandle = 1
11-16 19:35:15.510 D/SensorHAL( 1752): adjustSensorHandle: handle = 9 adjustedHandle = 1
11-16 19:35:15.520 E/ADSPD   ( 7609): Timeout on select()
11-16 19:35:15.520 E/ADSPD   ( 7609): NO ACK received after loading firmware
11-16 19:35:15.520 E/ADSPD   ( 7609): Unknown ACK received 0x00
11-16 19:35:15.520 D/ADSPD   ( 7609): Enabling VR when bringing up DSP
11-16 19:35:15.520 V/ClockFace(18425): fetching new battery status (17529)
11-16 19:35:15.520 V/ClockFace(18425): battery at 0.81
11-16 19:35:15.520 I/Fitness (12255): syncing to node: e12e6647-0917-4594-a0b8-f42d78390f6d
11-16 19:35:15.550 D/LightsService( 1752): Excessive delay setting light: 66ms
11-16 19:35:15.720 I/Fitness (12255): syncing: 0
11-16 19:35:15.920 I/ActivityManager( 1752): Resuming delayed broadcast
11-16 19:35:17.702 W/bt-btif (19562): dm_pm_timer expires
11-16 19:35:17.702 W/bt-btif (19562): dm_pm_timer expires 0
11-16 19:35:17.702 W/bt-btif (19562): proc dm_pm_timer expires
11-16 19:35:20.234 I/PowerManagerService( 1752): Going to sleep due to screen timeout...
11-16 19:35:20.234 I/PowerManagerService( 1752): Dozing...
11-16 19:35:20.234 I/DreamController( 1752): Starting dream: name=ComponentInfo{com.google.android.wearable.app/com.google.android.clockwork.home.AmbientMode}, isTest=false, canDoze=true, userId=0
11-16 19:35:20.304 I/ActivityManager( 1752): START u0 {act=android.intent.action.MAIN cat=[android.intent.category.HOME] flg=0x10000000 cmp=com.google.android.wearable.app/com.google.android.clockwork.home.HomeActivity (has extras)} from pid 1871 on display 0
11-16 19:35:20.304 I/DreamController( 1752): Stopping dream: name=ComponentInfo{com.google.android.wearable.app/com.google.android.clockwork.home.AmbientMode}, isTest=false, canDoze=true, userId=0
11-16 19:35:20.314 I/PowerManagerService( 1752): Sleeping...
11-16 19:35:20.384 I/AmbientMode( 1871): Ambient mode started: canDoze=true, dozeHardware=null
11-16 19:35:20.394 D/mot_vr_audio_hw( 1419): dsp_recognizer_enabled = false
11-16 19:35:20.394 D/ADSPD   ( 7609): Client cmd=0x0003, size=4
11-16 19:35:20.394 D/mot_vr_audio_hw( 1419): Switching DSP to standby/passthrough mode
11-16 19:35:20.394 D/mot_vr_audio_hw( 1419): Input 0xb8ebc420 ready to read
11-16 19:35:20.404 D/ADSPD   ( 7609): Received from DSP: cmd=0x8003, size=2
11-16 19:35:20.404 D/ADSPD   ( 7609): Client cmd=0x0003, size=4
11-16 19:35:20.404 D/mot_vr_audio_hw( 1419): received recognition control callback, status 0
11-16 19:35:20.414 D/ADSPD   ( 7609): Received from DSP: cmd=0x8003, size=2
11-16 19:35:20.414 D/mot_vr_audio_hw( 1419): received recognition control callback, status 0
11-16 19:35:20.444 W/mot_vr_audio_hw( 1419): Discarded 10 buffers without finding audio data
11-16 19:35:20.454 D/ADSPD   ( 7609): Client cmd=0x0003, size=4
11-16 19:35:20.454 D/mot_vr_audio_hw( 1419): Re-arming DSP
11-16 19:35:20.454 D/mot_vr_audio_hw( 1419): Input 0xb8ebc420 standby complete
11-16 19:35:20.464 D/mot_vr_audio_hw( 1419): Input 0xb8ebc420 close complete
11-16 19:35:20.464 D/ADSPD   ( 7609): Received from DSP: cmd=0x8003, size=2
11-16 19:35:20.464 D/ADSPD   ( 7609): Client cmd=0x4003, size=2
11-16 19:35:20.464 D/mot_vr_audio_hw( 1419): received recognition control callback, status 0
11-16 19:35:20.474 D/mot_vr_audio_hw( 1419): dsp_recognizer_enabled = true
11-16 19:35:20.474 D/ADSPD   ( 7609): Client cmd=0x0003, size=4
11-16 19:35:20.484 D/mot_vr_audio_hw( 1419): open_input_stream(): devices = 0x80000004, rate = 8000, channels = 0x10
11-16 19:35:20.484 D/mot_vr_audio_hw( 1419): Created resampler for 16000->8000 Hz
11-16 19:35:20.494 D/ADSPD   ( 7609): Received from DSP: cmd=0x8003, size=2
11-16 19:35:20.494 D/ADSPD   ( 7609): Client cmd=0x4003, size=2
11-16 19:35:20.494 D/mot_vr_audio_hw( 1419): received recognition control callback, status 0
11-16 19:35:20.504 I/AmbientMode( 1871): Dream ended: isDozing=true
11-16 19:35:20.514 D/mot_vr_audio_hw( 1419): in_read waiting for hotword
11-16 19:35:20.975 D/LightsService( 1752): Excessive delay setting light: 102ms
11-16 19:35:20.975 D/SurfaceFlinger( 1417): Screen released, type=0 flinger=0xb7fc2448
11-16 19:35:21.105 D/hwcomposer( 1417): hwc_blank(0: 1)
11-16 19:35:21.105 D/SurfaceControl( 1752): Excessive delay in blankDisplay() while turning screen off: 135ms
11-16 19:35:21.125 I/DisplayManagerService( 1752): Display device changed: DisplayDeviceInfo{"Built-in Screen": 320 x 290, 45.000004 fps, density 213, 203.2 x 204.61111 dpi, touch INTERNAL, rotation 0, type BUILT_IN, state OFF, FLAG_DEFAULT_DISPLAY, FLAG_ROTATES_WITH_CONTENT, FLAG_SECURE, FLAG_SUPPORTS_PROTECTED_BUFFERS}
11-16 19:35:21.135 V/ActivityManager( 1752): Display changed displayId=0
11-16 19:35:21.145 V/WearActivity(18425): display changed: 0, new state: 1
11-16 19:35:21.145 I/TimeWrapper(18425): FPS: 40.135536, samples: 226
11-16 19:35:21.145 I/TimeWrapper(18425): Min/Avg/Max frame render speed (ms): 3.814698 / 5.481686 / 62.164307
11-16 19:35:21.145 I/TimeWrapper(18425): Waketime: 22.001041%
11-16 19:35:21.145 I/TimeWrapper(18425): Skipped frames: 1
11-16 19:35:21.145 V/MyViewAnim(18425): redrawSlow: resume -> 1
11-16 19:35:21.145 V/MyViewAnim(18425): redrawSlow: startHelper -> 1
11-16 19:35:21.145 V/WearActivity(18425): onDisplayChanged: off!
11-16 19:35:21.145 V/WearActivity(18425): stopHelper: shutting things down
11-16 19:35:21.165 D/MinnowPowerHAL( 1752): power_set_interactive: 0
11-16 19:35:21.165 D/MinnowPowerHAL( 1752): sysfs_write: /sys/devices/platform/omapdss/display0/interactivemode 0
11-16 19:35:21.165 D/MinnowPowerHAL( 1752): sysfs_write: /sys/devices/ocp.2/i2c.6/i2c-0/0-004a/interactivemode 0
11-16 19:35:21.175 D/MinnowPowerHAL( 1752): sysfs_write: /sys/class/leds/lcd-backlight/interactive 0
11-16 19:35:21.175 D/mot_vr_audio_hw( 1752): dsp_set_pm_state = off
11-16 19:35:21.175 D/ADSPD   ( 7609): Client cmd=0x4002, size=2
11-16 19:35:21.175 D/ADSPD   ( 7609): DSP_CMD_DAEMON_SET_PM_STATE : 0
11-16 19:35:21.175 D/ADSPD   ( 7609): DSP not turned off as still being used
11-16 19:35:21.185 W/InputMethodManagerService( 1752): Ignoring setImeWindowStatus of uid 1000 token: null
11-16 19:35:21.195 D/mot_vr_audio_hw( 1419): dsp_recognizer_enabled = false
11-16 19:35:21.195 D/ADSPD   ( 7609): Client cmd=0x0003, size=4
11-16 19:35:21.195 D/ADSPD   ( 7609): Trying to send to dsp while in dsp in RESET
11-16 19:35:21.195 W/mot_vr_audio_hw( 1419): Not allowing wake() since DSP is disabled
11-16 19:35:21.195 V/MyViewAnim(18425): stopping animation!
11-16 19:35:21.195 V/MyViewAnim(18425): killDrawThread
11-16 19:35:21.195 V/WearActivity(18425): killing alarms
11-16 19:35:21.205 V/MyViewAnim(18425): looper finished!
11-16 19:35:21.205 I/ClockFace(18425): Ambient mode: false
11-16 19:35:21.205 V/WearActivity(18425): Pause!
11-16 19:35:21.205 W/mot_vr_audio_hw( 1419): Not allowing wake() since DSP is disabled
11-16 19:35:21.205 V/WearActivity(18425): Stop!
11-16 19:35:21.225 D/ADSPD   ( 7609): Client cmd=0x4003, size=2
11-16 19:35:21.225 D/ADSPD   ( 7609): DSP no longer used, turned off here
11-16 19:35:21.225 D/mot_vr_audio_hw( 1419): Input 0xb8ebc420 close complete
11-16 19:35:23.367 W/bt-btif (19562): dm_pm_timer expires
11-16 19:35:23.367 W/bt-btif (19562): dm_pm_timer expires 0
11-16 19:35:23.367 W/bt-btif (19562): proc dm_pm_timer expires
11-16 19:35:32.846 D/SensorHALGestureSensor( 1752): Gesture event received! time = 1416184532849402898
11-16 19:35:32.846 I/PowerManagerService( 1752): Waking up from sleep...
11-16 19:35:32.846 W/KeyguardServiceDelegate( 1752): onScreenTurnedOn(): no keyguard service!
11-16 19:35:32.987 D/PowerManagerService-JNI( 1752): Excessive delay in autosuspend_disable() while turning screen on: 131ms
11-16 19:35:32.987 D/MinnowPowerHAL( 1752): power_set_interactive: 1
11-16 19:35:32.987 D/MinnowPowerHAL( 1752): sysfs_write: /sys/devices/platform/omapdss/display0/interactivemode 1
11-16 19:35:33.047 D/MinnowPowerHAL( 1752): sysfs_write: /sys/devices/ocp.2/i2c.6/i2c-0/0-004a/interactivemode 1
11-16 19:35:33.047 D/MinnowPowerHAL( 1752): sysfs_write: /sys/class/leds/lcd-backlight/interactive 1
11-16 19:35:33.047 D/mot_vr_audio_hw( 1752): dsp_set_pm_state = on
11-16 19:35:33.047 D/ADSPD   ( 7609): Client cmd=0x4002, size=2
11-16 19:35:33.047 D/ADSPD   ( 7609): DSP_CMD_DAEMON_SET_PM_STATE : 1
11-16 19:35:33.047 D/PowerManagerService-JNI( 1752): Excessive delay in setInteractive(true) while turning screen on: 57ms
11-16 19:35:33.047 V/WearActivity(18425): Resume!
11-16 19:35:33.057 E/ClockworkHome( 1871): Tried to exit ambient mode, but enterAmbientMode() was never called.
11-16 19:35:33.057 W/InputMethodManagerService( 1752): Ignoring setImeWindowStatus of uid 1000 token: null
11-16 19:35:33.067 D/mot_vr_audio_hw( 1419): dsp_recognizer_enabled = true
11-16 19:35:33.067 D/mot_vr_audio_hw( 1419): open_input_stream(): devices = 0x80000004, rate = 8000, channels = 0x10
11-16 19:35:33.067 D/mot_vr_audio_hw( 1419): Created resampler for 16000->8000 Hz
11-16 19:35:33.087 D/mot_vr_audio_hw( 1419): i