11-16 18:42:32.987 V/WearActivity(18425): Pause!
11-16 18:42:32.987 V/WearActivity(18425): Stop!
11-16 18:42:32.997 D/ADSPD   ( 7609): Client cmd=0x4003, size=2
11-16 18:42:32.997 D/ADSPD   ( 7609): DSP no longer used, turned off here
11-16 18:42:32.997 D/mot_vr_audio_hw( 1419): Input 0xb8ebc420 close complete
11-16 18:42:33.017 V/MyViewAnim(18425): looper finished!
11-16 18:42:35.129 W/bt-btif (19562): dm_pm_timer expires
11-16 18:42:35.129 W/bt-btif (19562): dm_pm_timer expires 0
11-16 18:42:35.129 W/bt-btif (19562): proc dm_pm_timer expires
11-16 18:43:38.730 D/dalvikvm( 9182): GC_CONCURRENT freed 397K, 22% free 2387K/3048K, paused 2ms+1ms, total 38ms
11-16 18:49:21.644 V/WearReceiverService(18425): message received!
11-16 18:49:21.644 V/ClockFace(18425): clearing caches
11-16 18:49:21.644 V/ClockState(18425): clipping 10 raw events to fit the screen
11-16 18:49:21.654 V/EventLayoutUniform(18425): Event layout success.
11-16 18:49:21.654 V/EventLayoutUniform(18425): Event layout time: 6.591797 ms
11-16 18:49:21.654 V/ClockState(18425): maxLevel for new events: 10000
11-16 18:49:21.654 V/ClockState(18425): number of new events: 2
11-16 18:49:21.654 V/MyViewAnim(18425): update from ClockState
11-16 18:49:21.654 V/MyViewAnim(18425): draw thread desired: true
11-16 18:49:21.654 V/ClockFace(18425): clearing caches
11-16 18:49:21.654 V/MyViewAnim(18425): update from ClockState
11-16 18:49:21.654 V/MyViewAnim(18425): draw thread desired: true
11-16 18:49:21.654 V/ClockFace(18425): clearing caches
11-16 18:49:21.654 V/MyViewAnim(18425): update from ClockState
11-16 18:49:21.654 V/MyViewAnim(18425): draw thread desired: true
11-16 18:49:21.654 V/ClockState(18425): new calendar event list, 10 entries
11-16 18:49:21.654 V/ClockFace(18425): clearing caches
11-16 18:49:21.654 V/MyViewAnim(18425): update from ClockState
11-16 18:49:21.654 V/MyViewAnim(18425): draw thread desired: true
11-16 18:49:21.654 V/ClockFace(18425): clearing caches
11-16 18:49:21.654 V/MyViewAnim(18425): update from ClockState
11-16 18:49:21.654 V/MyViewAnim(18425): draw thread desired: true
11-16 18:49:21.654 V/ClockFace(18425): clearing caches
11-16 18:49:21.654 V/MyViewAnim(18425): update from ClockState
11-16 18:49:21.654 V/MyViewAnim(18425): draw thread desired: true
11-16 18:49:21.654 V/ClockState(18425): event update complete
11-16 18:49:21.654 V/WearReceiverService(18425): savePreferences
11-16 18:49:23.636 W/bt-btif (19562): dm_pm_timer expires
11-16 18:49:23.636 W/bt-btif (19562): dm_pm_timer expires 0
11-16 18:49:23.636 W/bt-btif (19562): proc dm_pm_timer expires
11-16 18:50:13.840 D/dalvikvm( 9182): GC_CONCURRENT freed 436K, 23% free 2385K/3096K, paused 2ms+2ms, total 38ms
11-16 18:50:13.890 I/Fitness (12255): WearableSyncServiceReceiver.onReceive
11-16 18:50:13.890 I/ActivityManager( 1752): Delay finish: com.google.android.gms/.fitness.wearables.WearableSyncServiceReceiver
11-16 18:50:13.910 D/WearableClient(12255): WearableClientImpl.onPostInitHandler: done
11-16 18:50:13.910 I/Fitness (12255): syncing to node: e12e6647-0917-4594-a0b8-f42d78390f6d
11-16 18:50:13.960 I/Fitness (12255): syncing: 0
11-16 18:50:14.000 I/ActivityManager( 1752): Resuming delayed broadcast
11-16 18:51:39.740 D/dalvikvm( 6238): GC_CONCURRENT freed 405K, 32% free 2199K/3200K, paused 1ms+2ms, total 36ms
11-16 18:53:39.690 D/ConnectivityService( 1752): Sampling interval elapsed, updating statistics ..
11-16 18:53:39.690 D/ConnectivityService( 1752): Done.
11-16 18:53:39.690 D/ConnectivityService( 1752): Setting timer for 720seconds
11-16 18:53:39.730 I/ActivityManager( 1752): Delay finish: com.motorola.targetnotif/com.motorola.omni.NotificationAlarmReceiver
11-16 18:53:39.740 I/ActivityManager( 1752): Resuming delayed broadcast
11-16 18:53:39.780 I/Fitness (12255): WearableSyncServiceReceiver.onReceive
11-16 18:53:39.780 I/ActivityManager( 1752): Delay finish: com.google.android.gms/.fitness.wearables.WearableSyncServiceReceiver
11-16 18:53:39.800 D/WearableClient(12255): WearableClientImpl.onPostInitHandler: done
11-16 18:53:39.800 I/Fitness (12255): syncing to node: e12e6647-0917-4594-a0b8-f42d78390f6d
11-16 18:53:39.820 I/Fitness (12255): syncing: 0
11-16 18:53:39.860 I/ActivityManager( 1752): Resuming delayed broadcast
11-16 18:53:39.910 I/Fitness (12255): WearableSyncServiceReceiver.onReceive
11-16 18:53:39.910 I/ActivityManager( 1752): Delay finish: com.google.android.gms/.fitness.wearables.WearableSyncServiceReceiver
11-16 18:53:39.920 D/WearableClient(12255): WearableClientImpl.onPostInitHandler: done
11-16 18:53:39.930 I/Fitness (12255): syncing to node: e12e6647-0917-4594-a0b8-f42d78390f6d
11-16 18:53:39.950 I/Fitness (12255): syncing: 0
11-16 18:53:39.990 I/ActivityManager( 1752): Resuming delayed broadcast
11-16 18:57:39.870 I/Fitness (12255): WearableSyncServiceReceiver.onReceive
11-16 18:57:39.880 I/ActivityManager( 1752): Delay finish: com.google.android.gms/.fitness.wearables.WearableSyncServiceReceiver
11-16 18:57:39.900 D/WearableClient(12255): WearableClientImpl.onPostInitHandler: done
11-16 18:57:39.900 I/Fitness (12255): syncing to node: e12e6647-0917-4594-a0b8-f42d78390f6d
11-16 18:57:39.920 I/Fitness (12255): syncing: 0
11-16 18:57:39.960 I/ActivityManager( 1752): Resuming delayed broadcast
11-16 18:59:20.137 V/WearReceiverService(18425): message received!
11-16 18:59:20.167 V/ClockFace(18425): clearing caches
11-16 18:59:20.167 V/ClockState(18425): clipping 10 raw events to fit the screen
11-16 18:59:20.197 V/EventLayoutUniform(18425): Event layout success.
11-16 18:59:20.197 V/EventLayoutUniform(18425): Event layout time: 31.982421 ms
11-16 18:59:20.197 V/ClockState(18425): maxLevel for new events: 10000
11-16 18:59:20.207 V/ClockState(18425): number of new events: 2
11-16 18:59:20.207 V/MyViewAnim(18425): update from ClockState
11-16 18:59:20.207 V/MyViewAnim(18425): draw thread desired: true
11-16 18:59:20.207 V/ClockFace(18425): clearing caches
11-16 18:59:20.207 V/MyViewAnim(18425): update from ClockState
11-16 18:59:20.207 V/MyViewAnim(18425): draw thread desired: true
11-16 18:59:20.207 V/ClockFace(18425): clearing caches
11-16 18:59:20.207 V/MyViewAnim(18425): update from ClockState
11-16 18:59:20.207 V/MyViewAnim(18425): draw thread desired: true
11-16 18:59:20.207 V/ClockState(18425): new calendar event list, 10 entries
11-16 18:59:20.207 V/ClockFace(18425): clearing caches
11-16 18:59:20.207 V/MyViewAnim(18425): update from ClockState
11-16 18:59:20.207 V/MyViewAnim(18425): draw thread desired: true
11-16 18:59:20.207 V/ClockFace(18425): clearing caches
11-16 18:59:20.207 V/MyViewAnim(18425): update from ClockState
11-16 18:59:20.207 V/MyViewAnim(18425): draw thread desired: true
11-16 18:59:20.207 V/ClockFace(18425): clearing caches
11-16 18:59:20.207 V/MyViewAnim(18425): update from ClockState
11-16 18:59:20.207 V/MyViewAnim(18425): draw thread desired: true
11-16 18:59:20.207 V/ClockState(18425): event update complete
11-16 18:59:20.207 V/WearReceiverService(18425): savePreferences
11-16 18:59:20.207 V/WearReceiverService(18425): message received!
11-16 18:59:20.227 D/dalvikvm(18425): GC_CONCURRENT freed 298K, 20% free 2513K/3108K, paused 3ms+27ms, total 81ms
11-16 18:59:20.227 V/ClockFace(18425): clearing caches
11-16 18:59:20.227 V/ClockState(18425): clipping 10 raw events to fit the screen
11-16 18:59:20.257 V/EventLayoutUniform(18425): Event layout success.
11-16 18:59:20.257 V/EventLayoutUniform(18425): Event layout time: 28.411865 ms
11-16 18:59:20.257 V/ClockState(18425): maxLevel for new events: 10000
11-16 18:59:20.257 V/ClockState(18425): number of new events: 2
11-16 18:59:20.257 V/MyViewAnim(18425): update from ClockState
11-16 18:59:20.257 V/MyViewAnim(18425): draw thread desired: true
11-16 18:59:20.257 V/ClockFace(18425): clearing caches
11-16 18:59:20.257 V/MyViewAnim(18425): update from ClockState
11-16 18:59:20.257 V/MyViewAnim(18425): draw thread desired: true
11-16 18:59:20.257 V/ClockFace(18425): clearing caches
11-16 18:59:20.257 V/MyViewAnim(18425): update from ClockState
11-16 18:59:20.257 V/MyViewAnim(18425): draw thread desired: true
11-16 18:59:20.257 V/ClockState(18425): new calendar event list, 10 entries
11-16 18:59:20.257 V/ClockFace(18425): clearing caches
11-16 18:59:20.257 V/MyViewAnim(18425): update from ClockState
11-16 18:59:20.257 V/MyViewAnim(18425): draw thread desired: true
11-16 18:59:20.257 V/ClockFace(18425): clearing caches
11-16 18:59:20.257 V/MyViewAnim(18425): update from ClockState
11-16 18:59:20.257 V/MyViewAnim(18425): draw thread desired: true
11-16 18:59:20.257 V/ClockFace(18425): clearing caches
11-16 18:59:20.257 V/MyViewAnim(18425): update from ClockState
11-16 18:59:20.257 V/MyViewAnim(18425): draw thread desired: true
11-16 18:59:20.257 V/ClockState(18425): event update complete
11-16 18:59:20.257 V/WearReceiverService(18425): savePreferences
11-16 18:59:20.477 D/dalvikvm( 9182): GC_CONCURRENT freed 388K, 23% free 2400K/3096K, paused 3ms+1ms, total 43ms
11-16 18:59:20.487 D/dalvikvm(12290): GC_CONCURRENT freed 388K, 20% free 2956K/3664K, paused 6ms+3ms, total 25ms
11-16 18:59:22.178 W/bt-btif (19562): dm_pm_timer expires
11-16 18:59:22.178 W/bt-btif (19562): dm_pm_timer expires 0
11-16 18:59:22.178 W/bt-btif (19562): proc dm_pm_timer expires
11-16 19:00:10.118 V/WearReceiverService(18425): message received!
11-16 19:00:10.128 V/ClockFace(18425): clearing caches
11-16 19:00:10.128 V/ClockState(18425): clipping 8 raw events to fit the screen
11-16 19:00:10.128 V/ClockState(18425): maxLevel for new events: 10000
11-16 19:00:10.128 V/ClockState(18425): number of new events: 0
11-16 19:00:10.128 V/MyViewAnim(18425): update from ClockState
11-16 19:00:10.128 V/MyViewAnim(18425): draw thread desired: true
11-16 19:00:10.128 V/ClockFace(18425): clearing caches
11-16 19:00:10.128 V/MyViewAnim(18425): update from ClockState
11-16 19:00:10.128 V/MyViewAnim(18425): draw thread desired: true
11-16 19:00:10.128 V/ClockFace(18425): clearing caches
11-16 19:00:10.128 V/MyViewAnim(18425): update from ClockState
11-16 19:00:10.128 V/MyViewAnim(18425): draw thread desired: true
11-16 19:00:10.128 V/ClockState(18425): new calendar event list, 8 entries
11-16 19:00:10.128 V/ClockFace(18425): clearing caches
11-16 19:00:10.128 V/MyViewAnim(18425): update from ClockState
11-16 19:00:10.128 V/MyViewAnim(18425): draw thread desired: true
11-16 19:00:10.128 V/ClockFace(18425): clearing caches
11-16 19:00:10.128 V/MyViewAnim(18425): update from ClockState
11-16 19:00:10.128 V/MyViewAnim(18425): draw thread desired: true
11-16 19:00:10.128 V/ClockFace(18425): clearing caches
11-16 19:00:10.128 V/MyViewAnim(18425): update from ClockState
11-16 19:00:10.128 V/MyViewAnim(18425): draw thread desired: true
11-16 19:00:10.128 V/ClockState(18425): event update complete
11-16 19:00:10.128 V/WearReceiverService(18425): savePreferences
11-16 19:00:12.120 W/bt-btif (19562): dm_pm_timer expires
11-16 19:00:12.120 W/bt-btif (19562): dm_pm_timer expires 0
11-16 19:00:12.120 W/bt-btif (19562): proc dm_pm_timer expires
11-16 19:00:13.321 I/Fitness (12255): WearableSyncServiceReceiver.onReceive
11-16 19:00:13.331 I/ActivityManager( 1752): Delay finish: com.google.android.gms/.fitness.wearables.WearableSyncServiceReceiver
11-16 19:00:13.351 D/WearableClient(12255): WearableClientImpl.onPostInitHandler: done
11-16 19:00:13.351 I/Fitness (12255): syncing to node: e12e6647-0917-4594-a0b8-f42d78390f6d
11-16 19:00:13.371 D/dalvikvm(12255): GC_CONCURRENT freed 315K, 21% free 2619K/3288K, paused 1ms+2ms, total 50ms
11-16 19:00:13.381 I/Fitness (12255): syncing: 0
11-16 19:00:13.421 I/ActivityManager( 1752): Resuming delayed broadcast
11-16 19:00:15.113 W/bt-btif (19562): dm_pm_timer expires
11-16 19:00:15.113 W/bt-btif (19562): dm_pm_timer expires 0
11-16 19:00:15.113 W/bt-btif (19562): proc dm_pm_timer expires
11-16 19:00:24.178 W/CwCal   ( 1871): CalHomeUtil.updateBackground:bundle dismissed, do nothing
11-16 19:00:24.278 D/dalvikvm(12260): GC_CONCURRENT freed 517K, 26% free 2364K/3176K, paused 4ms+11ms, total 47ms
11-16 19:00:24.378 D/dalvikvm( 9182): GC_CONCURRENT freed 387K, 23% free 2401K/3112K, paused 2ms+17ms, total 34ms
11-16 19:00:24.398 W/CwCal   ( 1871): CalHomeUtil.updateBackground:bundle dismissed, do nothing
11-16 19:00:24.629 D/dalvikvm( 1871): GC_CONCURRENT freed 5858K, 37% free 27200K/42808K, paused 14ms+10ms, total 102ms
11-16 19:00:24.629 D/dalvikvm( 1871): WAIT_FOR_CONCURRENT_GC blocked 36ms
11-16 19:00:24.679 W/CwCal   ( 1871): CalHomeUtil.updateBackground:bundle dismissed, do nothing
11-16 19:00:24.809 D/dalvikvm(12260): GC_CONCURRENT freed 434K, 26% free 2362K/3176K, paused 3ms+2ms, total 39ms
11-16 19:00:26.891 W/bt-btif (19562): dm_pm_timer expires
11-16 19:00:26.891 W/bt-btif (19562): dm_pm_timer expires 0
11-16 19:00:26.891 W/bt-btif (19562): proc dm_pm_timer expires
11-16 19:01:05.752 D/SensorHALGestureSensor( 1752): Gesture event received! time = 1416182465755134285
11-16 19:01:05.752 I/PowerManagerService( 1752): Waking up from sleep...
11-16 19:01:05.752 W/KeyguardServiceDelegate( 1752): onScreenTurnedOn(): no keyguard service!
11-16 19:01:05.902 D/PowerManagerService-JNI( 1752): Excessive delay in autosuspend_disable() while turning screen on: 148ms
11-16 19:01:05.902 D/MinnowPowerHAL( 1752): power_set_interactive: 1
11-16 19:01:05.902 D/MinnowPowerHAL( 1752): sysfs_write: /sys/devices/platform/omapdss/display0/interactivemode 1
11-16 19:01:05.962 D/MinnowPowerHAL( 1752): sysfs_write: /sys/devices/ocp.2/i2c.6/i2c-0/0-004a/interactivemode 1
11-16 19:01:05.962 D/MinnowPowerHAL( 1752): sysfs_write: /sys/class/leds/lcd-backlight/interactive 1
11-16 19:01:05.962 D/mot_vr_audio_hw( 1752): dsp_set_pm_state = on
11-16 19:01:05.962 D/ADSPD   ( 7609): Client cmd=0x4002, size=2
11-16 19:01:05.962 D/ADSPD   ( 7609): DSP_CMD_DAEMON_SET_PM_STATE : 1
11-16 19:01:05.962 D/PowerManagerService-JNI( 1752): Excessive delay in setInteractive(true) while turning screen on: 56ms
11-16 19:01:05.972 V/WearActivity(18425): Resume!
11-16 19:01:05.992 E/ClockworkHome( 1871): Tried to exit ambient mode, but enterAmbientMode() was never called.
11-16 19:01:05.992 D/mot_vr_audio_hw( 1419): dsp_recognizer_enabled = true
11-16 19:01:05.992 D/mot_vr_audio_hw( 1419): open_input_stream(): devices = 0x80000004, rate = 8000, channels = 0x10
11-16 19:01:05.992 D/mot_vr_audio_hw( 1419): Created resampler for 16000->8000 Hz
11-16 19:01:06.012 D/mot_vr_audio_hw( 1419): in_read waiting for hotword
11-16 19:01:06.032 W/InputMethodManagerService( 1752): Ignoring setImeWindowStatus of uid 1000 token: null
11-16 19:01:06.102 D/SurfaceFlinger( 1417): Screen acquired, type=0 flinger=0xb7fc2448
11-16 19:01:06.102 D/hwcomposer( 1417): hwc_blank(0: 0)
11-16 19:01:06.102 D/SensorHAL( 1752): adjustSensorHandle: handle = 9 adjustedHandle = 1
11-16 19:01:06.102 D/SensorHAL( 1752): adjustSensorHandle: handle = 9 adjustedHandle = 1
11-16 19:01:06.112 I/DisplayManagerService( 1752): Display device changed: DisplayDeviceInfo{"Built-in Screen": 320 x 290, 45.000004 fps, density 213, 203.2 x 204.61111 dpi, touch INTERNAL, rotation 0, type BUILT_IN, state ON, FLAG_DEFAULT_DISPLAY, FLAG_ROTATES_WITH_CONTENT, FLAG_SECURE, FLAG_SUPPORTS_PROTECTED_BUFFERS}
11-16 19:01:06.112 V/ActivityManager( 1752): Display changed displayId=0
11-16 19:01:06.122 V/WearActivity(18425): display changed: 0, new state: 2
11-16 19:01:06.122 V/WearActivity(18425): onDisplayChanged: on!
11-16 19:01:06.122 V/WearActivity(18425): killing alarms
11-16 19:01:06.122 V/WearActivity(18425): startHelper: putting it all back together again
11-16 19:01:06.122 V/WearActivity(18425): initAlarm: setting up
11-16 19:01:06.152 I/ClockFace(18425): Ambient mode: false
11-16 19:01:06.152 V/MyViewAnim(18425): resumeMaxHertz
11-16 19:01:06.152 V/ClockFace(18425): clearing caches
11-16 19:01:06.152 V/MyViewAnim(18425): starting new animator
11-16 19:01:06.152 V/MyViewAnim(18425): Time listener is up!
11-16 19:01:06.152 V/MyViewAnim(18425): starting new draw thread
11-16 19:01:06.182 V/ClockFace(18425): rendering new face, faceMode(0)
11-16 19:01:06.203 D/SensorHAL( 1752): adjustSensorHandle: handle = 9 adjustedHandle = 1
11-16 19:01:06.223 D/LightsService( 1752): Excessive delay setting light: 59ms
11-16 19:01:06.223 V/ClockFace(18425): fetching new battery status (16545)
11-16 19:01:06.223 V/ClockFace(18425): battery at 0.82
11-16 19:01:06.263 E/ADSPD   ( 7609): Timeout on select()
11-16 19:01:06.263 E/ADSPD   ( 7609): NO ACK received after loading firmware
11-16 19:01:06.263 E/ADSPD   ( 7609): Unknown ACK received 0x00
11-16 19:01:06.263 D/ADSPD   ( 7609): Client cmd=0x0003, size=4
11-16 19:01:06.283 D/ADSPD   ( 7609): Received from DSP: cmd=0x8003, size=2
11-16 19:01:06.283 D/ADSPD   ( 7609): Client cmd=0x4003, size=2
11-16 19:01:06.283 D/mot_vr_audio_hw( 1419): received recognition control callback, status 0
11-16 19:01:08.134 W/bt-btif (19562): dm_pm_timer expires
11-16 19:01:08.134 W/bt-btif (19562): dm_pm_timer expires 0
11-16 19:01:08.134 W/bt-btif (19562): proc dm_pm_timer expires
11-16 19:01:10.977 I/PowerManagerService( 1752): Going to sleep due to screen timeout...
11-16 19:01:10.977 I/PowerManagerService( 1752): Dozing...
11-16 19:01:10.977 I/DreamController( 1752): Starting dream: name=ComponentInfo{com.google.android.wearable.app/com.google.android.clockwork.home.AmbientMode}, isTest=false, canDoze=true, userId=0
11-16 19:01:11.057 I/ActivityManager( 1752): START u0 {act=android.intent.action.MAIN cat=[android.intent.category.HOME] flg=0x10000000 cmp=com.google.android.wearable.app/com.google.android.clockwork.home.HomeActivity (has extras)} from pid 1871 on display 0
11-16 19:01:11.067 I/DreamController( 1752): Stopping dream: name=ComponentInfo{com.google.android.wearable.app/com.google.android.clockwork.home.AmbientMode}, isTest=false, canDoze=true, userId=0
11-16 19:01:11.067 I/PowerManagerService( 1752): Sleeping...
11-16 19:01:11.117 I/AmbientMode( 1871): Ambient mode started: canDoze=true, dozeHardware=null
11-16 19:01:11.127 D/mot_vr_audio_hw( 1419): dsp_recognizer_enabled = false
11-16 19:01:11.127 D/ADSPD   ( 7609): Client cmd=0x0003, size=4
11-16 19:01:11.127 D/mot_vr_audio_hw( 1419): Switching DSP to standby/passthrough mode
11-16 19:01:11.127 D/mot_vr_audio_hw( 1419): Input 0xb8ebc420 ready to read
11-16 19:01:11.147 D/ADSPD   ( 7609): Received from DSP: cmd=0x8003, size=2
11-16 19:01:11.147 D/ADSPD   ( 7609): Client cmd=0x0003, size=4
11-16 19:01:11.147 D/mot_vr_audio_hw( 1419): received recognition control callback, status 0
11-16 19:01:11.157 D/ADSPD   ( 7609): Received from DSP: cmd=0x8003, size=2
11-16 19:01:11.157 D/mot_vr_audio_hw( 1419): received recognition control callback, status 0
11-16 19:01:11.187 W/mot_vr_audio_hw( 1419): Discarded 10 buffers without finding audio data
11-16 19:01:11.197 D/ADSPD   ( 7609): Client cmd=0x0003, size=4
11-16 19:01:11.197 D/mot_vr_audio_hw( 1419): Re-arming DSP
11-16 19:01:11.197 D/mot_vr_audio_hw( 1419): Input 0xb8ebc420 standby complete
11-16 19:01:11.207 D/ADSPD   ( 7609): Received from DSP: cmd=0x8003, size=2
11-16 19:01:11.207 D/mot_vr_audio_hw( 1419): received recognition control callback, status 0
11-16 19:01:11.207 D/ADSPD   ( 7609): Client cmd=0x4003, size=2
11-16 19:01:11.207 D/mot_vr_audio_hw( 1419): Input 0xb8ebc420 close complete
11-16 19:01:11.217 D/mot_vr_audio_hw( 1419): dsp_recognizer_enabled = true
11-16 19:01:11.217 D/ADSPD   ( 7609): Client cmd=0x0003, size=4
11-16 19:01:11.217 D/mot_vr_audio_hw( 1419): open_input_stream(): devices = 0x80000004, rate = 8000, channels = 0x10
11-16 19:01:11.217 D/mot_vr_audio_hw( 1419): Created resampler for 16000->8000 Hz
11-16 19:01:11.237 D/ADSPD   ( 7609): Received from DSP: cmd=0x8003, size=2
11-16 19:01:11.237 D/ADSPD   ( 7609): Client cmd=0x4003, size=2
11-16 19:01:11.237 D/mot_vr_audio_hw( 1419): received recognition control callback, status 0
11-16 19:01:11.237 I/AmbientMode( 1871): Dream ended: isDozing=true
11-16 19:01:11.257 D/mot_vr_audio_hw( 1419): in_read waiting for hotword
11-16 19:01:11.738 D/LightsService( 1752): Excessive delay setting light: 97ms
11-16 19:01:11.738 D/SurfaceFlinger( 1417): Screen released, type=0 flinger=0xb7fc2448
11-16 19:01:11.888 D/hwcomposer( 1417): hwc_blank(0: 1)
11-16 19:01:11.888 D/SurfaceControl( 1752): Excessive delay in blankDisplay() while turning screen off: 149ms
11-16 19:01:11.908 I/DisplayManagerService( 1752): Display device changed: DisplayDeviceInfo{"Built-in Screen": 320 x 290, 45.000004 fps, density 213, 203.2 x 204.61111 dpi, touch INTERNAL, rotation 0, type BUILT_IN, state OFF, FLAG_DEFAULT_DISPLAY, FLAG_ROTATES_WITH_CONTENT, FLAG_SECURE, FLAG_SUPPORTS_PROTECTED_BUFFERS}
11-16 19:01:11.908 V/ActivityManager( 1752): Display changed displayId=0
11-16 19:01:11.938 V/WearActivity(18425): display changed: 0, new state: 1
11-16 19:01:11.938 I/TimeWrapper(18425): FPS: 40.404655, samples: 231
11-16 19:01:11.938 I/TimeWrapper(18425): Min/Avg/Max frame render speed (ms): 3.814698 / 5.113477 / 39.215088
11-16 19:01:11.938 I/TimeWrapper(18425): Waketime: 20.660831%
11-16 19:01:11.938 I/TimeWrapper(18425): Skipped frames: 1
11-16 19:01:11.938 V/MyViewAnim(18425): redrawSlow: resume -> 1
11-16 19:01:11.938 V/MyViewAnim(18425): redrawSlow: view:update -> 8
11-16 19:01:11.938 V/MyViewAnim(18425): redrawSlow: startHelper -> 1
11-16 19:01:11.938 V/WearActivity(18425): onDisplayChanged: off!
11-16 19:01:11.938 V/WearActivity(18425): stopHelper: shutting things down
11-16 19:01:11.948 D/MinnowPowerHAL( 1752): power_set_interactive: 0
11-16 19:01:11.948 D/MinnowPowerHAL( 1752): sysfs_write: /sys/devices/platform/omapdss/display0/interactivemode 0
11-16 19:01:11.948 D/MinnowPowerHAL( 1752): sysfs_write: /sys/devices/ocp.2/i2c.6/i2c-0/0-004a/interactivemode 0
11-16 19:01:11.948 D/MinnowPowerHAL( 1752): sysfs_write: /sys/class/leds/lcd-backlight/interactive 0
11-16 19:01:11.948 D/mot_vr_audio_hw( 1752): dsp_set_pm_state = off
11-16 19:01:11.958 D/ADSPD   ( 7609): Client cmd=0x4002, size=2
11-16 19:01:11.958 D/ADSPD   ( 7609): DSP_CMD_DAEMON_SET_PM_STATE : 0
11-16 19:01:11.958 D/ADSPD   ( 7609): DSP not turned off as still being used
11-16 19:01:11.978 D/mot_vr_audio_hw( 1419): dsp_recognizer_enabled = false
11-16 19:01:11.978 D/ADSPD   ( 7609): Client cmd=0x0003, size=4
11-16 19:01:11.978 D/ADSPD   ( 7609): Trying to send to dsp while in dsp in RESET
11-16 19:01:11.978 W/mot_vr_audio_hw( 1419): Not allowing wake() since DSP is disabled
11-16 19:01:11.978 V/MyViewAnim(18425): stopping animation!
11-16 19:01:11.978 V/MyViewAnim(18425): killDrawThread
11-16 19:01:11.978 V/WearActivity(18425): killing alarms
11-16 19:01:11.978 W/InputMethodManagerService( 1752): Ignoring setImeWindowStatus of uid 1000 token: null
11-16 19:01:11.988 I/ClockFace(18425): Ambient mode: false
11-16 19:01:11.988 V/WearActivity(18425): Pause!
11-16 19:01:11.988 W/mot_vr_audio_hw( 1419): Not allowing wake() since DSP is disabled
11-16 19:01:11.988 V/WearActivity(18425): Stop!
11-16 19:01:11.988 V/MyViewAnim(18425): looper finished!
11-16 19:01:12.008 D/ADSPD   ( 7609): Client cmd=0x4003, size=2
11-16 19:01:12.008 D/ADSPD   ( 7609): DSP no longer used, turned off here
11-16 19:01:12.008 D/mot_vr_audio_hw( 1419): Input 0xb8ebc420 close complete
11-16 19:01:12.008 I/UsageStats( 1752): Deleting usage file : usage-20141112
11-16 19:01:14.601 W/bt-btif (19562): dm_pm_timer expires
11-16 19:01:14.601 W/bt-btif (19562): dm_pm_timer expires 0
11-16 19:01:14.601 W/bt-btif (19562): proc dm_pm_timer expires
11-16 19:01:17.610 W/bt-btif (19562): dm_pm_timer expires
11-16 19:01:17.610 W/bt-btif (19562): dm_pm_timer expires 0
11-16 19:01:17.610 W/bt-btif (19562): proc dm_pm_timer expires
11-16 19:02:17.138 I/Clockwork.Settings( 1871): Companion requested the watch start a time sync.
11-16 19:02:17.138 I/Clockwork.Settings( 1871): sending time sync request - elapsedRealTime: 1422783984
11-16 19:02:17.198 I/Clockwork.Settings( 1871): time sync update time to 1416182537809, latency 61 ms
11-16 19:02:17.208 I/Clockwork.Settings( 1871): time sync timezone: America/New_York
11-16 19:02:17.208 D/        ( 1752): Setting time of day to sec=1416182537
11-16 19:02:17.831 I/Clockwork.TimeService( 1981): set timezone to America/New_York
11-16 19:02:17.831 D/AlarmManagerService( 1752): Kernel timezone updated to 300 minutes west of GMT
11-16 19:02:17.861 I/CheckinService(12241): active receiver: disabled
11-16 19:02:17.891 D/GCM     (12290): GcmService start Intent { act=com.google.android.checkin.CHECKIN_COMPLETE flg=0x10 cmp=com.google.android.gms/.gcm.GcmService (has extras) } com.google.android.checkin.CHECKIN_COMPLETE
11-16 19:02:17.891 I/ActivityManager( 1752): Delay finish: com.google.android.gms/.gcm.ServiceAutoStarter
11-16 19:02:17.891 I/ActivityManager( 1752): Resuming delayed broadcast
11-16 19:02:19.812 W/bt-btif (19562): dm_pm_timer expires
11-16 19:02:19.812 W/bt-btif (19562): dm_pm_timer expires 0
11-16 19:02:19.812 W/bt-btif (19562): proc dm_pm_timer expires
11-16 19:04:05.118 I/Clockwork.Settings( 1871): Companion requested the watch start a time sync.
11-16 19:04:05.118 I/Clockwork.Settings( 1871): sending time sync request - elapsedRealTime: 1422891368
11-16 19:04:05.158 I/Clockwork.Settings( 1871): time sync update time to 1416182645987, latency 33 ms
11-16 19:04:05.158 I/Clockwork.Settings( 1871): time sync timezone: America/New_York
11-16 19:04:05.168 D/        ( 1752): Setting time of day to sec=1416182645
11-16 19:04:05.999 I/Clockwork.TimeService( 1981): set timezone to America/New_York
11-16 19:04:05.999 D/AlarmManagerService( 1752): Kernel timezone updated to 300 minutes west of GMT
11-16 19:04:06.039 I/CheckinService(12241): active receiver: disabled
11-16 19:04:06.069 D/GCM     (12290): GcmService start Intent { act=com.google.android.checkin.CHECKIN_COMPLETE flg=0x10 cmp=com.google.android.gms/.gcm.GcmService (has extras) } com.google.android.checkin.CHECKIN_COMPLETE
11-16 19:04:06.069 I/ActivityManager( 1752): Delay finish: com.google.android.gms/.gcm.ServiceAutoStarter
11-16 19:04:06.069 I/ActivityManager( 1752): Resuming delayed broadcast
11-16 19:04:07.990 W/bt-btif (19562): dm_pm_timer expires
11-16 19:04:07.990 W/bt-btif (19562): dm_pm_timer expires 0
11-16 19:04:07.990 W/bt-btif (19562): proc dm_pm_timer expires
11-16 19:04:10.275 W/bt-btif (19562): dm_pm_timer expires
11-16 19:04:10.275 W/bt-btif (19562): dm_pm_timer expires 0
11-16 19:04:10.275 W/bt-btif (19562): proc dm_pm_timer expires
11-16 19:05:43.211 I/ActivityManager( 1752): Delay finish: com.motorola.targetnotif/com.motorola.omni.NotificationAlarmReceiver
11-16 19:05:43.211 I/ActivityManager( 1752): Resuming delayed broadcast
11-16 19:06:00.628 I/Clockwork.Settings( 1871): Companion requested the watch start a time sync.
11-16 19:06:00.628 I/Clockwork.Settings( 1871): sending time sync request - elapsedRealTime: 1423006056
11-16 19:06:00.668 I/Clockwork.Settings( 1871): time sync update time to 1416182761907, latency 36 ms
11-16 19:06:00.668 I/Clockwork.Settings( 1871): time sync timezone: America/New_York
11-16 19:06:00.678 D/        ( 1752): Setting time of day to sec=1416182761
11-16 19:06:01.929 I/Clockwork.TimeService( 1981): set timezone to America/New_York
11-16 19:06:01.939 D/AlarmManagerService( 1752): Kernel timezone updated to 300 minutes west of GMT
11-16 19:06:01.959 D/ConnectivityService( 1752): Sampling interval elapsed, updating statistics ..
11-16 19:06:01.979 D/ConnectivityService( 1752): Done.
11-16 19:06:01.979 D/ConnectivityService( 1752): Setting timer for 720seconds
11-16 19:06:02.009 I/CheckinService(12241): active receiver: disabled
11-16 19:06:02.119 D/GCM     (12290): GcmService start Intent { act=com.google.android.checkin.CHECKIN_COMPLETE flg=0x10 cmp=com.google.android.gms/.gcm.GcmService (has extras) } com.google.android.checkin.CHECKIN_COMPLETE
11-16 19:06:02.119 I/ActivityManager( 1752): Delay finish: com.google.android.gms/.gcm.ServiceAutoStarter
11-16 19:06:02.119 I/ActivityManager( 1752): Resuming delayed broadcast
11-16 19:06:03.900 W/bt-btif (19562): dm_pm_timer expires
11-16 19:06:03.900 W/bt-btif (19562): dm_pm_timer expires 0
11-16 19:06:03.900 W/bt-btif (19562): proc dm_pm_timer expires
11-16 19:06:32.128 I/Clockwork.Settings( 1871): Companion requested the watch start a time sync.
11-16 19:06:32.128 I/Clockwork.Settings( 1871): sending time sync request - elapsedRealTime: 1423036320
11-16 19:06:32.138 I/Clockwork.Settings( 1871): Companion requested the watch start a time sync.
11-16 19:06:32.138 I/Clockwork.Settings( 1871): sending time sync request - elapsedRealTime: 1423036332
11-16 19:06:32.168 I/Clockwork.Settings( 1871): time sync update time to 1416182792664, latency 36 ms
11-16 19:06:32.168 I/Clockwork.Settings( 1871): time sync timezone: America/New_York
11-16 19:06:32.178 D/        ( 1752): Setting time of day to sec=1416182792
11-16 19:06:32.678 I/Clockwork.TimeService( 1981): set timezone to America/New_York
11-16 19:06:32.678 I/Clockwork.Settings( 1871): time sync update time to 1416182792675, latency 49 ms
11-16 19:06:32.678 I/Clockwork.Settings( 1871): time sync timezone: America/New_York
11-16 19:06:32.688 D/AlarmManagerService( 1752): Kernel timezone updated to 300 minutes west of GMT
11-16 19:06:32.684 I/Clockwork.TimeService( 1981): set timezone to America/New_York
11-16 19:06:32.684 D/AlarmManagerService( 1752): Kernel timezone updated to 300 minutes west of GMT
11-16 19:06:32.688 D/        ( 1752): Setting time of day to sec=1416182792
11-16 19:06:32.784 I/CheckinService(12241): active receiver: disabled
11-16 19:06:32.814 D/dalvikvm( 1752): GC_CONCURRENT freed 735K, 70% free 5279K/17296K, paused 19ms+8ms, total 155ms
11-16 19:06:32.834 I/CheckinService(12241): active receiver: disabled
11-16 19:06:32.864 D/GCM     (12290): GcmService start Intent { act=com.google.android.checkin.CHECKIN_COMPLETE flg=0x10 cmp=com.google.android.gms/.gcm.GcmService (has extras) } com.google.android.checkin.CHECKIN_COMPLETE
11-16 19:06:32.864 I/ActivityManager( 1752): Delay finish: com.google.android.gms/.gcm.ServiceAutoStarter
11-16 19:06:32.864 I/ActivityManager( 1752): Resuming delayed broadcast
11-16 19:06:34.715 W/bt-btif (19562): dm_pm_timer expires
11-16 19:06:34.715 W/bt-btif (19562): dm_pm_timer expires 0
11-16 19:06:34.715 W/bt-btif (19562): proc dm_pm_timer expires
11-16 19:06:37.588 W/bt-btif (19562): dm_pm_timer expires
11-16 19:06:37.588 W/bt-btif (19562): dm_pm_timer expires 0
11-16 19:06:37.588 W/bt-btif (19562): proc dm_pm_timer expires
11-16 19:07:40.271 I/Fitness (12255): WearableSyncServiceReceiver.onReceive
11-16 19:07:40.281 I/ActivityManager( 1752): Delay finish: com.google.android.gms/.fitness.wearables.WearableSyncServiceReceiver
11-16 19:07:40.301 D/WearableClient(12255): WearableClientImpl.onPostInitHandler: done
11-16 19:07:40.311 I/Fitness (12255): syncing to node: e12e6647-0917-4594-a0b8-f42d78390f6d
11-16 19:07:40.331 I/Fitness (12255): syncing: 0
11-16 19:07:40.381 I/ActivityManager( 1752): Resuming delayed broadcast
11-16 19:08:15.129 I/Clockwork.Settings( 1871): Companion requested the watch start a time sync.
11-16 19:08:15.129 I/Clockwork.Settings( 1871): sending time sync request - elapsedRealTime: 1423138839
11-16 19:08:15.139 I/Clockwork.Settings( 1871): Companion requested the watch start a time sync.
11-16 19:08:15.139 I/Clockwork.Settings( 1871): sending time sync request - elapsedRealTime: 1423138853
11-16 19:08:15.159 I/Clockwork.Settings( 1871): time sync update time to 1416182895253, latency 39 ms
11-16 19:08:15.169 I/Clockwork.Settings( 1871): time sync timezone: America/New_York
11-16 19:08:15.179 D/        ( 1752): Setting time of day to sec=1416182895
11-16 19:08:15.264 I/Clockwork.TimeService( 1981): set timezone to America/New_York
11-16 19:08:15.264 D/AlarmManagerService( 1752): Kernel timezone updated to 300 minutes west of GMT
11-16 19:08:15.304 I/Clockwork.Settings( 1871): time sync update time to 1416182895286, latency 91 ms
11-16 19:08:15.314 I/Clockwork.Settings( 1871): time sync timezone: America/New_York
11-16 19:08:15.296 I/Clockwork.TimeService( 1981): set timezone to America/New_York
11-16 19:08:15.296 D/AlarmManagerService( 1752): Kernel timezone updated to 300 minutes west of GMT
11-16 19:08:15.314 D/        ( 1752): Setting time of day to sec=1416182895
11-16 19:08:15.326 I/CheckinService(12241): active receiver: disabled
11-16 19:08:15.336 I/CheckinService(12241): active receiver: disabled
11-16 19:08:15.366 D/GCM     (12290): GcmService start Intent { act=com.google.android.checkin.CHECKIN_COMPLETE flg=0x10 cmp=com.google.android.gms/.gcm.GcmService (has extras) } com.google.android.checkin.CHECKIN_COMPLETE
11-16 19:08:15.366 I/ActivityManager( 1752): Delay finish: com.google.android.gms/.gcm.ServiceAutoStarter
11-16 19:08:15.366 I/ActivityManager( 1752): Resuming delayed broadcast
11-16 19:08:17.277 W/bt-btif (19562): dm_pm_timer expires
11-16 19:08:17.277 W/bt-btif (19562): dm_pm_timer expires 0
11-16 19:08:17.277 W/bt-btif (19562): proc dm_pm_timer expires
11-16 19:08:20.113 W/bt-btif (19562): dm_pm_timer expires
11-16 19:08:20.113 W/bt-btif (19562): dm_pm_timer expires 0
11-16 19:08:20.113 W/bt-btif (19562): proc dm_pm_timer expires
11-16 19:08:58.120 I/Clockwork.Settings( 1871): Companion requested the watch start a time sync.
11-16 19:08:58.120 I/Clockwork.Settings( 1871): sending time sync request - elapsedRealTime: 1423181783
11-16 19:08:58.160 I/Clockwork.Settings( 1871): time sync update time to 1416182938960, latency 41 ms
11-16 19:08:58.160 I/Clockwork.Settings( 1871): time sync timezone: America/New_York
11-16 19:08:58.170 D/        ( 1752): Setting time of day to sec=1416182938
11-16 19:08:58.993 I/Clockwork.TimeService( 1981): set timezone to America/New_York
11-16 19:08:58.993 D/AlarmManagerService( 1752): Kernel timezone updated to 300 minutes west of GMT
11-16 19:08:59.013 I/CheckinService(12241): active receiver: disabled
11-16 19:08:59.043 D/GCM     (12290): GcmService start Intent { act=com.google.android.checkin.CHECKIN_COMPLETE flg=0x10 cmp=com.google.android.gms/.gcm.GcmService (has extras) } com.google.android.checkin.CHECKIN_COMPLETE
11-16 19:08:59.043 I/ActivityManager( 1752): Delay finish: com.google.android.gms/.gcm.ServiceAutoStarter
11-16 19:08:59.043 I/ActivityManager( 1752): Resuming delayed broadcast
11-16 19:09:00.964 W/bt-btif (19562): dm_pm_timer expires
11-16 19:09:00.964 W/bt-btif (19562): dm_pm_timer expires 0
11-16 19:09:00.964 W/bt-btif (19562): proc dm_pm_timer expires
11-16 19:09:03.200 D/dalvikvm(12260): GC_FOR_ALLOC freed 272K, 26% free 2356K/3176K, paused 21ms, total 24ms
11-16 19:09:03.491 D/dalvikvm(12260): GC_FOR_ALLOC freed 161K, 27% free 2333K/3176K, paused 23ms, total 24ms
11-16 19:09:03.901 D/dalvikvm( 1871): GC_FOR_ALLOC freed 629K, 35% free 28030K/42808K, paused 88ms, total 89ms
11-16 19:09:03.941 D/dalvikvm(12260): GC_FOR_ALLOC freed 217K, 27% free 2340K/3176K, paused 45ms, total 50ms
11-16 19:09:04.051 I/ActivityManager( 1752): START u0 {act=android.intent.action.MAIN cat=[android.intent.category.HOME] flg=0x10000000 cmp=com.google.android.wearable.app/com.google.android.clockwork.home.HomeActivity (has extras)} from pid 1871 on display 0
11-16 19:09:04.071 E/ClockworkHome( 1871): Tried to exit ambient mode, but enterAmbientMode() was never called.
11-16 19:09:04.111 D/mot_vr_audio_hw( 1419): dsp_recognizer_enabled = true
11-16 19:09:04.111 D/ADSPD   ( 7609): Client cmd=0x0003, size=4
11-16 19:09:04.111 D/ADSPD   ( 7609): Trying to send to dsp while in dsp in RESET
11-16 19:09:04.111 D/mot_vr_audio_hw( 1419): open_input_stream(): devices = 0x80000004, rate = 8000, channels = 0x10
11-16 19:09:04.111 D/mot_vr_audio_hw( 1419): Created resampler for 16000->8000 Hz
11-16 19:09:04.111 D/ADSPD   ( 7609): Client cmd=0x4003, size=2
11-16 19:09:04.131 D/mot_vr_audio_hw( 1419): in_read waiting for hotword
11-16 19:09:04.171 D/mot_vr_audio_hw( 1419): dsp_recognizer_enabled = false
11-16 19:09:04.171 D/ADSPD   ( 7609): Client cmd=0x0003, size=4
11-16 19:09:04.171 D/ADSPD   ( 7609): Trying to send to dsp while in dsp in RESET
11-16 19:09:04.171 W/mot_vr_audio_hw( 1419): Not allowing wake() since DSP is disabled
11-16 19:09:04.181 W/mot_vr_audio_hw( 1419): Not allowing wake() since DSP is disabled
11-16 19:09:04.211 D/ADSPD   ( 7609): Client cmd=0x4003, size=2
11-16 19:09:04.211 D/ADSPD   ( 7609): DSP no longer used, turned off here
11-16 19:09:04.211 D/mot_vr_audio_hw( 1419): Input 0xb8ebc420 close complete
11-16 19:09:04.261 D/dalvikvm(12260): GC_FOR_ALLOC freed 200K, 27% free 2334K/3176K, paused 44ms, total 44ms
11-16 19:09:05.172 W/Fitness (12255): Failed to flush data points buffer to store, dropping buffered data points
11-16 19:09:05.172 W/Fitness (12255): android.database.sqlite.SQLiteConstraintException: foreign key constraint failed (code 19)
11-16 19:09:05.172 W/Fitness (12255): 	at android.database.sqlite.SQLiteConnection.nativeExecuteForLastInsertedRowId(Native Method)
11-16 19:09:05.172 W/Fitness (12255): 	at android.database.sqlite.SQLiteConnection.executeForLastInsertedRowId(SQLiteConnection.java:782)
11-16 19:09:05.172 W/Fitness (12255): 	at android.database.sqlite.SQLiteSession.executeForLastInsertedRowId(SQLiteSession.java:788)
11-16 19:09:05.172 W/Fitness (12255): 	at android.database.sqlite.SQLiteStatement.executeInsert(SQLiteStatement.java:86)
11-16 19:09:05.172 W/Fitness (12255): 	at com.google.android.gms.fitness.m.al.a(SourceFile:1755)
11-16 19:09:05.172 W/Fitness (12255): 	at com.google.android.gms.fitness.m.al.a(SourceFile:1656)
11-16 19:09:05.172 W/Fitness (12255): 	at com.google.android.gms.fitness.m.e.run(SourceFile:137)
11-16 19:09:05.172 W/Fitness (12255): 	at android.os.Handler.handleCallback(Handler.java:733)
11-16 19:09:05.172 W/Fitness (12255): 	at android.os.Handler.dispatchMessage(Handler.java:95)
11-16 19:09:05.172 W/Fitness (12255): 	at android.os.Looper.loop(Looper.java:136)
11-16 19:09:05.172 W/Fitness (12255): 	at android.os.HandlerThread.run(HandlerThread.java:61)
11-16 19:09:07.224 W/bt-btif (19562): dm_pm_timer expires
11-16 19:09:07.224 W/bt-btif (19562): dm_pm_timer expires 0
11-16 19:09:07.224 W/bt-btif (19562): proc dm_pm_timer expires
11-16 19:11:01.164 I/Clockwork.Settings( 1871): Companion requested the watch start a time sync.
11-16 19:11:01.164 I/Clockwork.Settings( 1871): sending time sync request - elapsedRealTime: 1423304043
11-16 19:11:01.174 D/dalvikvm( 9182): GC_CONCURRENT freed 414K, 24% free 2384K/3104K, paused 2ms+1ms, total 35ms
11-16 19:11:01.314 I/Clockwork.Settings( 1871): time sync update time to 1416183062172, latency 144 ms
11-16 19:11:01.324 I/Clockwork.Settings( 1871): time sync timezone: America/New_York
11-16 19:11:01.324 D/        ( 1752): Setting time of day to sec=1416183062
11-16 19:11:02.190 I/Clockwork.TimeService( 1981): set timezone to America/New_York
11-16 19:11:02.190 D/AlarmManagerService( 1752): Kernel timezone updated to 300 minutes west of GMT
11-16 19:11:02.230 I/CheckinService(12241): active receiver: disabled
11-16 19:11:02.260 D/GCM     (12290): GcmService start Intent { act=com.google.android.checkin.CHECKIN_COMPLETE flg=0x10 cmp=com.google.android.gms/.gcm.GcmService (has extras) } com.google.android.checkin.CHECKIN_COMPLETE
11-16 19:11:02.260 I/ActivityManager( 1752): Delay finish: com.google.android.gms/.gcm.ServiceAutoStarter
11-16 19:11:02.260 I/ActivityManager( 1752): Resuming delayed broadcast
11-16 19:11:04.171 W/bt-btif (19562): dm_pm_timer expires
11-16 19:11:04.171 W/bt-btif (19562): dm_pm_timer expires 0
11-16 19:11:04.171 W/bt-btif (19562): proc dm_pm_timer expires
11-16 19:11:21.120 I/Clockwork.Settings( 1871): Companion requested the watch start a time sync.
11-16 19:11:21.120 I/Clockwork.Settings( 1871): sending time sync request - elapsedRealTime: 1423323140
11-16 19:11:21.140 I/Clockwork.Settings( 1871): Companion requested the watch start a time sync.
11-16 19:11:21.140 I/Clockwork.Settings( 1871): sending time sync request - elapsedRealTime: 1423323159
11-16 19:11:21.160 I/Clockwork.Settings( 1871): time sync update time to 1416183081782, latency 43 ms
11-16 19:11:21.160 I/Clockwork.Settings( 1871): time sync timezone: America/New_York
11-16 19:11:21.170 D/        ( 1752): Setting time of day to sec=1416183081
11-16 19:11:21.794 I/Clockwork.TimeService( 1981): set timezone to America/New_York
11-16 19:11:21.794 D/AlarmManagerService( 1752): Kernel timezone updated to 300 minutes west of GMT
11-16 19:11:21.834 I/Clockwork.Settings( 1871): time sync update time to 1416183081810, latency 87 ms
11-16 19:11:21.844 I/Clockwork.Settings( 1871): time sync timezone: America/New_York
11-16 19:11:21.832 I/Clockwork.TimeService( 1981): set timezone to America/New_York
11-16 19:11:21.832 D/AlarmManagerService( 1752): Kernel timezone updated to 300 minutes west of GMT
11-16 19:11:21.844 D/        ( 1752): Setting time of day to sec=1416183081
11-16 19:11:21.862 I/CheckinService(12241): active receiver: disabled
11-16 19:11:21.872 I/CheckinService(12241): active receiver: disabled
11-16 19:11:21.892 I/ActivityManager( 1752): Delay finish: com.google.android.gms/.gcm.ServiceAutoStarter
11-16 19:11:21.902 D/GCM     (12290): GcmService start Intent { act=com.google.android.checkin.CHECKIN_COMPLETE flg=0x10 cmp=com.google.android.gms/.gcm.GcmService (has extras) } com.google.android.checkin.CHECKIN_COMPLETE
11-16 19:11:21.902 I/ActivityManager( 1752): Resuming delayed broadcast
11-16 19:11:23.793 W/bt-btif (19562): dm_pm_timer expires
11-16 19:11:23.793 W/bt-btif (19562): dm_pm_timer expires 0
11-16 19:11:23.793 W/bt-btif (19562): proc dm_pm_timer expires
11-16 19:11:40.286 I/EventLogService(12241): Aggregate from 1416181292500 (log), 1416181292500 (data)
11-16 19:11:40.296 I/ActivityManager( 1752): Delay finish: com.google.android.gms/.checkin.EventLogService$Receiver
11-16 19:11:40.386 I/ServiceDumpSys(12241): dumping service [account]
11-16 19:11:40.426 I/ActivityManager( 1752): Resuming delayed broadcast
11-16 19:13:40.316 I/Fitness (12255): WearableSyncServiceReceiver.onReceive
11-16 19:13:40.326 I/ActivityManager( 1752): Delay finish: com.google.android.gms/.fitness.wearables.WearableSyncServiceReceiver
11-16 19:13:40.346 D/WearableClient(12255): WearableClientImpl.onPostInitHandler: done
11-16 19:13:40.346 I/Fitness (12255): syncing to node: e12e6647-0917-4594-a0b8-f42d78390f6d
11-16 19:13:40.366 I/Fitness (12255): syncing: 0
11-16 19:13:40.406 I/ActivityManager( 1752): Resuming delayed broadcast
11-16 19:17:40.426 D/WearApiHelper( 6238): sendMessage: /SYNC_NEEDED
11-16 19:17:40.426 D/WearApiHelper( 6238): Already connected. Sending message: /SYNC_NEEDED
11-16 19:17:40.926 D/dalvikvm( 6238): GC_CONCURRENT freed 180K, 24% free 2421K/3152K, paused 2ms+2ms, total 30ms
11-16 19:17:41.006 D/dalvikvm(12260): GC_FOR_ALLOC freed 244K, 26% free 2364K/3176K, paused 34ms, total 37ms
11-16 19:17:41.357 D/dalvikvm(12260): GC_FOR_ALLOC freed 180K, 26% free 2361K/3176K, paused 20ms, total 20ms
11-16 19:17:41.647 D/dalvikvm(12260): GC_FOR_ALLOC freed 154K, 26% free 2369K/3176K, paused 19ms, total 19ms
11-16 19:17:41.917 D/dalvikvm(12260): GC_FOR_ALLOC freed 158K, 26% free 2357K/3176K, paused 40ms, total 41ms
11-16 19:17:42.308 D/dalvikvm(12260): GC_FOR_ALLOC freed 177K, 27% free 2344K/3176K, paused 25ms, total 25ms
11-16 19:17:42.628 D/dalvikvm(12260): GC_FOR_ALLOC freed 175K, 27% free 2344K/3176K, paused 36ms, total 37ms
11-16 19:17:44.900 W/bt-btif (19562): dm_pm_timer expires
11-16 19:17:44.900 W/bt-btif (19562): dm_pm_timer expires 0
11-16 19:17:44.900 W/bt-btif (19562): proc dm_pm_timer expires
11-16 19:20:20.296 D/dalvikvm( 9182): GC_CONCURRENT freed 409K, 21% free 2375K/3004K, paused 1ms+31ms, total 44ms
11-16 19:21:49.626 I/Clockwork.Settings( 1871): Companion requested the watch start a time sync.
11-16 19:21:49.626 I/Clockwork.Settings( 1871): sending time sync request - elapsedRealTime: 1423951073
11-16 19:21:49.666 I/Clockwork.Settings( 1871): time sync update time to 1416183709999, latency 40 ms
11-16 19:21:49.676 I/Clockwork.Settings( 1871): time sync timezone: America/New_York
11-16 19:21:49.686 D/        ( 1752): Setting time of day to sec=1416183710
11-16 19:21:50.022 I/Clockwork.TimeService( 1981): set timezone to America/New_York
11-16 19:21:50.022 D/AlarmManagerService( 1752): Kernel timezone updated to 300 minutes west of GMT
11-16 19:21:50.042 D/ConnectivityService( 1752): Sampling interval elapsed, updating statistics ..
11-16 19:21:50.052 I/CheckinService(12241): active receiver: disabled
11-16 19:21:50.052 D/ConnectivityService( 1752): Done.
11-16 19:21:50.052 D/ConnectivityService( 1752): Setting timer for 720seconds
11-16 19:21:50.082 D/GCM     (12290): GcmService start Intent { act=com.google.android.checkin.CHECKIN_COMPLETE flg=0x10 cmp=com.google.android.gms/.gcm.GcmService (has extras) } com.google.android.checkin.CHECKIN_COMPLETE
11-16 19:21:50.082 I/ActivityManager( 1752): Delay finish: com.google.android.gms/.gcm.ServiceAutoStarter
11-16 19:21:50.082 I/ActivityManager( 1752): Resuming delayed broadcast
11-16 19:21:52.003 W/bt-btif (19562): dm_pm_timer expires
11-16 19:21:52.003 W/bt-btif (19562): dm_pm_timer expires 0
11-16 19:21:52.003 W/bt-btif (19562): proc dm_pm_timer expires
11-16 19:21:54.618 W/bt-btif (19562): dm_pm_timer expires
11-16 19:21:54.618 W/bt-btif (19562): dm_pm_timer expires 0
11-16 19:21:54.618 W/bt-btif (19562): proc dm_pm_timer expires
11-16 19:22:01.624 I/Clockwork.Settings( 1871): Companion requested the watch start a time sync.
11-16 19:22:01.624 I/Clockwork.Settings( 1871): sending time sync request - elapsedRealTime: 1423962744
11-16 19:22:01.644 I/Clockwork.Settings( 1871): Companion requested the watch start a time sync.
11-16 19:22:01.644 I/Clockwork.Settings( 1871): sending time sync request - elapsedRealTime: 1423962763
11-16 19:22:01.694 I/Clockwork.Settings( 1871): time sync update time to 1416183722590, latency 74 ms
11-16 19:22:01.704 I/Clockwork.Settings( 1871): time sync timezone: America/New_York
11-16 19:22:01.714 D/        ( 1752): Setting time of day to sec=1416183722
11-16 19:22:02.603 I/Clockwork.TimeService( 1981): set timezone to America/New_York
11-16 19:22:02.603 D/AlarmManagerService( 1752): Kernel timezone updated to 300 minutes west of GMT
11-16 19:22:02.643 I/Clockwork.Settings( 1871): time sync update time to 1416183722613, latency 120 ms
11-16 19:22:02.643 I/Clockwork.Settings( 1871): time sync timezone: America/New_York
11-16 19:22:02.625 I/Clockwork.TimeService( 1981): set timezone to America/New_York
11-16 19:22:02.625 D/AlarmManagerService( 1752): Kernel timezone updated to 300 minutes west of GMT
11-16 19:22:02.653 D/        ( 1752): Setting time of day to sec=1416183722
11-16 19:22:02.655 I/CheckinService(12241): active receiver: disabled
11-16 19:22:02.665 I/CheckinService(12241): active receiver: disabled
11-16 19:22:02.695 D/GCM     (12290): GcmService start Intent { act=com.google.android.checkin.CHECKIN_COMPLETE flg=0x10 cmp=com.google.android.gms/.gcm.GcmService (has extras) } com.google.android.checkin.CHECKIN_COMPLETE
11-16 19:22:02.695 I/ActivityManager( 1752): Delay finish: com.google.android.gms/.gcm.ServiceAutoStarter
11-16 19:22:02.695 I/ActivityManager( 1752): Resuming delayed broadcast
11-16 19:22:04.606 W/bt-btif (19562): dm_pm_timer expires
11-16 19:22:04.606 W/bt-btif (19562): dm_pm_timer expires 0
11-16 19:22:04.606 W/bt-btif (19562): proc dm_pm_timer expires
11-16 19:23:26.634 I/Clockwork.Settings( 1871): Companion requested the watch start a time sync.
11-16 19:23:26.634 I/Clockwork.Settings( 1871): sending time sync request - elapsedRealTime: 1424046912
11-16 19:23:26.644 I/ActivityManager( 1752): Delay finish: com.motorola.targetnotif/com.motorola.omni.NotificationAlarmReceiver
11-16 19:23:26.654 I/ActivityManager( 1752): Resuming delayed broadcast
11-16 19:23:26.694 I/Fitness (12255): WearableSyncServiceReceiver.onReceive
11-16 19:23:26.694 I/ActivityManager( 1752): Delay finish: com.google.android.gms/.fitness.wearables.WearableSyncServiceReceiver
11-16 19:23:26.714 D/WearableClient(12255): WearableClientImpl.onPostInitHandler: done
11-16 19:23:26.724 I/Clockwork.Settings( 1871): time sync update time to 1416183807585, latency 88 ms
11-16 19:23:26.724 I/Clockwork.Settings( 1871): time sync timezone: America/New_York
11-16 19:23:26.734 I/Fitness (12255): syncing to node: e12e6647-0917-4594-a0b8-f42d78390f6d
11-16 19:23:26.744 D/        ( 1752): Setting time of day to sec=1416183807
11-16 19:23:27.607 I/Clockwork.TimeService( 1981): set timezone to America/New_York
11-16 19:23:27.607 D/AlarmManagerService( 1752): Kernel timezone updated to 300 minutes west of GMT
11-16 19:23:27.617 I/Fitness (12255): syncing: 0
11-16 19:23:27.657 I/ActivityManager( 1752): Resuming delayed broadcast
11-16 19:23:27.707 I/CheckinService(12241): active receiver: disabled
11-16 19:23:27.737 D/GCM     (12290): GcmService start Intent { act=com.google.android.checkin.CHECKIN_COMPLETE flg=0x10 cmp=com.google.android.gms/.gcm.GcmService (has extras) } com.google.android.checkin.CHECKIN_COMPLETE
11-16 19:23:29.558 W/bt-btif (19562): dm_pm_timer expires
11-16 19:23:29.558 W/bt-btif (19562): dm_pm_timer expires 0
11-16 19:23:29.558 W/bt-btif (19562): proc dm_pm_timer expires
11-16 19:23:31.848 W/bt-btif (19562): dm_pm_timer expires
11-16 19:23:31.848 W/bt-btif (19562): dm_pm_timer expires 0
11-16 19:23:31.848 W/bt-btif (19562): proc dm_pm_timer expires
11-16 19:25:07.136 I/Clockwork.Settings( 1871): Companion requested the watch start a time sync.
11-16 19:25:07.136 I/Clockwork.Settings( 1871): sending time sync request - elapsedRealTime: 1424146564
11-16 19:25:07.166 I/Clockwork.Settings( 1871): time sync update time to 1416183907745, latency 31 ms
11-16 19:25:07.176 I/Clockwork.Settings( 1871): time sync timezone: America/New_York
11-16 19:25:07.186 D/        ( 1752): Setting time of day to sec=1416183907
