12-04 10:02:01.662 D/ADSPD   ( 1411): Client cmd=0x0003, size=4
12-04 10:02:01.662 D/ADSPD   ( 1411): Trying to send to dsp while in dsp in RESET
12-04 10:02:01.662 W/mot_vr_audio_hw( 1418): Not allowing wake() since DSP is disabled
12-04 10:02:01.672 W/mot_vr_audio_hw( 1418): Not allowing wake() since DSP is disabled
12-04 10:02:01.692 D/ADSPD   ( 1411): Client cmd=0x4003, size=2
12-04 10:02:01.692 D/ADSPD   ( 1411): DSP no longer used, turned off here
12-04 10:02:01.692 D/mot_vr_audio_hw( 1418): Input 0xb76cca98 close complete
12-04 10:02:03.734 W/bt-btif ( 2119): dm_pm_timer expires
12-04 10:02:03.734 W/bt-btif ( 2119): dm_pm_timer expires 0
12-04 10:02:03.734 W/bt-btif ( 2119): proc dm_pm_timer expires
12-04 10:02:19.820 V/wearable( 1899): ensureBuffersHaveSpace: increasing size from 3454 to 13517
12-04 10:02:20.071 D/dalvikvm( 1899): GC_CONCURRENT freed 380K, 26% free 2306K/3096K, paused 4ms+4ms, total 36ms
12-04 10:02:21.992 D/dalvikvm( 1870): GC_CONCURRENT freed 417K, 18% free 8709K/10572K, paused 3ms+3ms, total 42ms
12-04 10:02:21.992 D/dalvikvm( 1870): WAIT_FOR_CONCURRENT_GC blocked 15ms
12-04 10:02:22.083 D/dalvikvm( 1751): GC_FOR_ALLOC freed 475K, 15% free 4858K/5652K, paused 34ms, total 39ms
12-04 10:02:22.123 D/dalvikvm( 1751): GC_FOR_ALLOC freed 30K, 15% free 4974K/5800K, paused 40ms, total 40ms
12-04 10:02:22.153 D/dalvikvm( 1751): GC_FOR_ALLOC freed 29K, 15% free 5089K/5948K, paused 32ms, total 32ms
12-04 10:02:22.203 D/dalvikvm( 1751): GC_FOR_ALLOC freed 27K, 15% free 5213K/6096K, paused 36ms, total 36ms
12-04 10:02:22.233 W/bt-btif ( 2119): dm_pm_timer expires
12-04 10:02:22.233 W/bt-btif ( 2119): dm_pm_timer expires 0
12-04 10:02:22.233 W/bt-btif ( 2119): proc dm_pm_timer expires
12-04 10:02:22.233 D/dalvikvm( 1751): GC_FOR_ALLOC freed <1K, 15% free 5357K/6244K, paused 32ms, total 33ms
12-04 10:02:22.273 D/dalvikvm( 1751): GC_FOR_ALLOC freed 1K, 15% free 5440K/6328K, paused 31ms, total 32ms
12-04 10:02:22.303 D/dalvikvm( 1751): GC_FOR_ALLOC freed <1K, 14% free 5586K/6476K, paused 32ms, total 32ms
12-04 10:02:22.343 D/dalvikvm( 1751): GC_FOR_ALLOC freed <1K, 14% free 5732K/6624K, paused 33ms, total 34ms
12-04 10:02:22.473 I/ActivityManager( 1751): START u0 {act=android.intent.action.MAIN cat=[android.intent.category.HOME] flg=0x10000000 cmp=com.google.android.wearable.app/com.google.android.clockwork.home.HomeActivity (has extras)} from pid 1870 on display 0
12-04 10:02:22.523 D/mot_vr_audio_hw( 1418): dsp_recognizer_enabled = true
12-04 10:02:22.523 D/ADSPD   ( 1411): Client cmd=0x0003, size=4
12-04 10:02:22.523 D/ADSPD   ( 1411): Trying to send to dsp while in dsp in RESET
12-04 10:02:22.523 D/mot_vr_audio_hw( 1418): open_input_stream(): devices = 0x80000004, rate = 8000, channels = 0x10
12-04 10:02:22.523 D/mot_vr_audio_hw( 1418): Created resampler for 16000->8000 Hz
12-04 10:02:22.523 D/ADSPD   ( 1411): Client cmd=0x4003, size=2
12-04 10:02:22.543 D/mot_vr_audio_hw( 1418): in_read waiting for hotword
12-04 10:02:22.543 D/mot_vr_audio_hw( 1418): dsp_recognizer_enabled = false
12-04 10:02:22.543 D/ADSPD   ( 1411): Client cmd=0x0003, size=4
12-04 10:02:22.543 D/ADSPD   ( 1411): Trying to send to dsp while in dsp in RESET
12-04 10:02:22.553 W/mot_vr_audio_hw( 1418): Not allowing wake() since DSP is disabled
12-04 10:02:22.563 W/mot_vr_audio_hw( 1418): Not allowing wake() since DSP is disabled
12-04 10:02:22.573 W/mot_vr_audio_hw( 1418): Not allowing wake() since DSP is disabled
12-04 10:02:22.573 D/dalvikvm( 1870): GC_FOR_ALLOC freed 2161K, 27% free 7958K/10868K, paused 26ms, total 26ms
12-04 10:02:22.583 D/ADSPD   ( 1411): Client cmd=0x4003, size=2
12-04 10:02:22.583 D/ADSPD   ( 1411): DSP no longer used, turned off here
12-04 10:02:22.593 D/mot_vr_audio_hw( 1418): Input 0xb76cdae0 close complete
12-04 10:02:22.723 D/dalvikvm( 1870): GC_CONCURRENT freed 17K, 24% free 8362K/10868K, paused 3ms+5ms, total 46ms
12-04 10:02:25.326 W/bt-btif ( 2119): dm_pm_timer expires
12-04 10:02:25.326 W/bt-btif ( 2119): dm_pm_timer expires 0
12-04 10:02:25.326 W/bt-btif ( 2119): proc dm_pm_timer expires
12-04 10:02:39.637 I/ActivityManager( 1751): Delay finish: com.motorola.targetnotif/com.motorola.omni.NotificationAlarmReceiver
12-04 10:02:39.647 I/ActivityManager( 1751): Resuming delayed broadcast
12-04 10:02:40.232 D/SensorHALGestureSensor( 1751): Gesture event received! time = 1417708960235464178
12-04 10:02:40.232 I/PowerManagerService( 1751): Waking up from sleep...
12-04 10:02:40.232 W/KeyguardServiceDelegate( 1751): onScreenTurnedOn(): no keyguard service!
12-04 10:02:40.383 D/PowerManagerService-JNI( 1751): Excessive delay in autosuspend_disable() while turning screen on: 138ms
12-04 10:02:40.383 D/MinnowPowerHAL( 1751): power_set_interactive: 1
12-04 10:02:40.383 D/MinnowPowerHAL( 1751): sysfs_write: /sys/devices/platform/omapdss/display0/interactivemode 1
12-04 10:02:40.413 D/MinnowPowerHAL( 1751): sysfs_write: /sys/devices/ocp.2/i2c.6/i2c-0/0-004a/interactivemode 1
12-04 10:02:40.413 D/MinnowPowerHAL( 1751): sysfs_write: /sys/class/leds/lcd-backlight/interactive 1
12-04 10:02:40.413 D/mot_vr_audio_hw( 1751): dsp_set_pm_state = on
12-04 10:02:40.413 D/ADSPD   ( 1411): Client cmd=0x4002, size=2
12-04 10:02:40.413 D/ADSPD   ( 1411): DSP_CMD_DAEMON_SET_PM_STATE : 1
12-04 10:02:40.413 D/PowerManagerService-JNI( 1751): Excessive delay in setInteractive(true) while turning screen on: 34ms
12-04 10:02:40.423 V/WearActivity( 2051): Resume!
12-04 10:02:40.423 W/InputMethodManagerService( 1751): Ignoring setImeWindowStatus of uid 1000 token: null
12-04 10:02:40.473 D/mot_vr_audio_hw( 1418): dsp_recognizer_enabled = true
12-04 10:02:40.473 D/mot_vr_audio_hw( 1418): open_input_stream(): devices = 0x80000004, rate = 8000, channels = 0x10
12-04 10:02:40.473 D/mot_vr_audio_hw( 1418): Created resampler for 16000->8000 Hz
12-04 10:02:40.493 D/mot_vr_audio_hw( 1418): in_read waiting for hotword
12-04 10:02:40.553 D/SurfaceFlinger( 1416): Screen acquired, type=0 flinger=0xb7fe9448
12-04 10:02:40.553 D/hwcomposer( 1416): hwc_blank(0: 0)
12-04 10:02:40.553 I/DisplayManagerService( 1751): Display device changed: DisplayDeviceInfo{"Built-in Screen": 320 x 290, 45.000004 fps, density 213, 203.2 x 204.61111 dpi, touch INTERNAL, rotation 0, type BUILT_IN, state ON, FLAG_DEFAULT_DISPLAY, FLAG_ROTATES_WITH_CONTENT, FLAG_SECURE, FLAG_SUPPORTS_PROTECTED_BUFFERS}
12-04 10:02:40.563 V/ActivityManager( 1751): Display changed displayId=0
12-04 10:02:40.583 V/WearActivity( 2051): display changed: 0, new state: 2
12-04 10:02:40.583 V/WearActivity( 2051): onDisplayChanged: on!
12-04 10:02:40.583 V/WearActivity( 2051): killing alarms
12-04 10:02:40.583 V/WearActivity( 2051): startHelper: putting it all back together again
12-04 10:02:40.583 V/WearActivity( 2051): initAlarm: setting up
12-04 10:02:40.593 I/ClockFace( 2051): Ambient mode: false
12-04 10:02:40.613 D/SensorHAL( 1751): adjustSensorHandle: handle = 9 adjustedHandle = 1
12-04 10:02:40.613 D/SensorHAL( 1751): adjustSensorHandle: handle = 9 adjustedHandle = 1
12-04 10:02:40.653 V/MyViewAnim( 2051): resumeMaxHertz
12-04 10:02:40.653 V/ClockFace( 2051): clearing caches
12-04 10:02:40.653 V/MyViewAnim( 2051): starting new animator
12-04 10:02:40.653 V/MyViewAnim( 2051): Time listener is up!
12-04 10:02:40.653 V/MyViewAnim( 2051): starting new draw thread
12-04 10:02:40.673 V/ClockFace( 2051): rendering new face, faceMode(0)
12-04 10:02:40.683 V/ClockFace( 2051): fetching new battery status (1968)
12-04 10:02:40.683 V/ClockFace( 2051): battery at 0.87
12-04 10:02:40.713 E/ADSPD   ( 1411): Timeout on select()
12-04 10:02:40.713 E/ADSPD   ( 1411): NO ACK received after loading firmware
12-04 10:02:40.713 E/ADSPD   ( 1411): Unknown ACK received 0x00
12-04 10:02:40.713 D/ADSPD   ( 1411): Client cmd=0x0003, size=4
12-04 10:02:40.733 D/ADSPD   ( 1411): Received from DSP: cmd=0x8003, size=2
12-04 10:02:40.733 D/ADSPD   ( 1411): Client cmd=0x4003, size=2
12-04 10:02:40.733 D/mot_vr_audio_hw( 1418): received recognition control callback, status 0
12-04 10:02:40.863 D/SensorHAL( 1751): adjustSensorHandle: handle = 9 adjustedHandle = 1
12-04 10:02:42.835 W/bt-btif ( 2119): dm_pm_timer expires
12-04 10:02:42.835 W/bt-btif ( 2119): dm_pm_timer expires 0
12-04 10:02:42.835 W/bt-btif ( 2119): proc dm_pm_timer expires
12-04 10:02:45.438 I/PowerManagerService( 1751): Going to sleep due to screen timeout...
12-04 10:02:45.438 I/PowerManagerService( 1751): Dozing...
12-04 10:02:45.438 I/DreamController( 1751): Starting dream: name=ComponentInfo{com.google.android.wearable.app/com.google.android.clockwork.home.AmbientMode}, isTest=false, canDoze=true, userId=0
12-04 10:02:45.508 I/ActivityManager( 1751): START u0 {act=android.intent.action.MAIN cat=[android.intent.category.HOME] flg=0x10000000 cmp=com.google.android.wearable.app/com.google.android.clockwork.home.HomeActivity (has extras)} from pid 1870 on display 0
12-04 10:02:45.508 I/DreamController( 1751): Stopping dream: name=ComponentInfo{com.google.android.wearable.app/com.google.android.clockwork.home.AmbientMode}, isTest=false, canDoze=true, userId=0
12-04 10:02:45.528 V/WearActivity( 2051): Pause!
12-04 10:02:45.528 V/WearActivity( 2051): Stop!
12-04 10:02:45.528 I/PowerManagerService( 1751): Sleeping...
12-04 10:02:45.548 W/InputMethodManagerService( 1751): Ignoring setImeWindowStatus of uid 1000 token: null
12-04 10:02:45.598 I/AmbientMode( 1870): Ambient mode started: canDoze=true, dozeHardware=null
12-04 10:02:45.608 D/mot_vr_audio_hw( 1418): dsp_recognizer_enabled = false
12-04 10:02:45.608 D/ADSPD   ( 1411): Client cmd=0x0003, size=4
12-04 10:02:45.608 D/mot_vr_audio_hw( 1418): Switching DSP to standby/passthrough mode
12-04 10:02:45.608 D/mot_vr_audio_hw( 1418): Input 0xb76cd420 ready to read
12-04 10:02:45.618 D/ADSPD   ( 1411): Received from DSP: cmd=0x8003, size=2
12-04 10:02:45.618 D/ADSPD   ( 1411): Client cmd=0x0003, size=4
12-04 10:02:45.618 D/mot_vr_audio_hw( 1418): received recognition control callback, status 0
12-04 10:02:45.638 D/ADSPD   ( 1411): Received from DSP: cmd=0x8003, size=2
12-04 10:02:45.638 D/mot_vr_audio_hw( 1418): received recognition control callback, status 0
12-04 10:02:45.658 W/mot_vr_audio_hw( 1418): Discarded 10 buffers without finding audio data
12-04 10:02:45.678 D/ADSPD   ( 1411): Client cmd=0x0003, size=4
12-04 10:02:45.678 D/mot_vr_audio_hw( 1418): Re-arming DSP
12-04 10:02:45.678 D/mot_vr_audio_hw( 1418): Input 0xb76cd420 standby complete
12-04 10:02:45.688 D/mot_vr_audio_hw( 1418): Input 0xb76cd420 close complete
12-04 10:02:45.688 D/ADSPD   ( 1411): Received from DSP: cmd=0x8003, size=2
12-04 10:02:45.688 D/ADSPD   ( 1411): Client cmd=0x4003, size=2
12-04 10:02:45.688 D/mot_vr_audio_hw( 1418): received recognition control callback, status 0
12-04 10:02:45.698 D/mot_vr_audio_hw( 1418): dsp_recognizer_enabled = true
12-04 10:02:45.698 D/ADSPD   ( 1411): Client cmd=0x0003, size=4
12-04 10:02:45.698 D/mot_vr_audio_hw( 1418): open_input_stream(): devices = 0x80000004, rate = 8000, channels = 0x10
12-04 10:02:45.698 D/mot_vr_audio_hw( 1418): Created resampler for 16000->8000 Hz
12-04 10:02:45.708 D/ADSPD   ( 1411): Received from DSP: cmd=0x8003, size=2
12-04 10:02:45.718 D/ADSPD   ( 1411): Client cmd=0x4003, size=2
12-04 10:02:45.718 D/mot_vr_audio_hw( 1418): received recognition control callback, status 0
12-04 10:02:45.728 D/mot_vr_audio_hw( 1418): in_read waiting for hotword
12-04 10:02:45.728 I/AmbientMode( 1870): Dream ended: isDozing=true
12-04 10:02:45.798 D/mot_vr_audio_hw( 1418): dsp_recognizer_enabled = false
12-04 10:02:45.798 D/ADSPD   ( 1411): Client cmd=0x0003, size=4
12-04 10:02:45.798 D/mot_vr_audio_hw( 1418): Switching DSP to standby/passthrough mode
12-04 10:02:45.798 D/mot_vr_audio_hw( 1418): Input 0xb76cd420 ready to read
12-04 10:02:45.818 D/ADSPD   ( 1411): Received from DSP: cmd=0x8003, size=2
12-04 10:02:45.818 D/ADSPD   ( 1411): Client cmd=0x0003, size=4
12-04 10:02:45.818 D/mot_vr_audio_hw( 1418): received recognition control callback, status 0
12-04 10:02:45.828 D/ADSPD   ( 1411): Received from DSP: cmd=0x8003, size=2
12-04 10:02:45.828 D/mot_vr_audio_hw( 1418): received recognition control callback, status 0
12-04 10:02:45.858 W/mot_vr_audio_hw( 1418): Discarded 10 buffers without finding audio data
12-04 10:02:45.868 D/ADSPD   ( 1411): Client cmd=0x0003, size=4
12-04 10:02:45.868 D/mot_vr_audio_hw( 1418): Re-arming DSP
12-04 10:02:45.868 D/mot_vr_audio_hw( 1418): Input 0xb76cd420 standby complete
12-04 10:02:45.878 D/ADSPD   ( 1411): Received from DSP: cmd=0x8003, size=2
12-04 10:02:45.878 D/mot_vr_audio_hw( 1418): received recognition control callback, status 0
12-04 10:02:45.878 D/ADSPD   ( 1411): Client cmd=0x4003, size=2
12-04 10:02:45.878 D/mot_vr_audio_hw( 1418): Input 0xb76cd420 close complete
12-04 10:02:45.978 D/dalvikvm( 1899): GC_FOR_ALLOC freed 237K, 27% free 2282K/3108K, paused 97ms, total 99ms
12-04 10:02:46.168 D/LightsService( 1751): Excessive delay setting light: 69ms
12-04 10:02:46.168 D/SurfaceFlinger( 1416): Screen released, type=0 flinger=0xb7fe9448
12-04 10:02:46.308 D/hwcomposer( 1416): hwc_blank(0: 1)
12-04 10:02:46.308 D/SurfaceControl( 1751): Excessive delay in blankDisplay() while turning screen off: 138ms
12-04 10:02:46.308 I/DisplayManagerService( 1751): Display device changed: DisplayDeviceInfo{"Built-in Screen": 320 x 290, 45.000004 fps, density 213, 203.2 x 204.61111 dpi, touch INTERNAL, rotation 0, type BUILT_IN, state OFF, FLAG_DEFAULT_DISPLAY, FLAG_ROTATES_WITH_CONTENT, FLAG_SECURE, FLAG_SUPPORTS_PROTECTED_BUFFERS}
12-04 10:02:46.318 D/MinnowPowerHAL( 1751): power_set_interactive: 0
12-04 10:02:46.318 D/MinnowPowerHAL( 1751): sysfs_write: /sys/devices/platform/omapdss/display0/interactivemode 0
12-04 10:02:46.318 D/MinnowPowerHAL( 1751): sysfs_write: /sys/devices/ocp.2/i2c.6/i2c-0/0-004a/interactivemode 0
12-04 10:02:46.318 D/MinnowPowerHAL( 1751): sysfs_write: /sys/class/leds/lcd-backlight/interactive 0
12-04 10:02:46.318 D/mot_vr_audio_hw( 1751): dsp_set_pm_state = off
12-04 10:02:46.318 V/ActivityManager( 1751): Display changed displayId=0
12-04 10:02:46.328 D/ADSPD   ( 1411): Client cmd=0x4002, size=2
12-04 10:02:46.328 D/ADSPD   ( 1411): DSP_CMD_DAEMON_SET_PM_STATE : 0
12-04 10:02:46.348 V/WearActivity( 2051): display changed: 0, new state: 1
12-04 10:02:46.348 I/TimeWrapper( 2051): FPS: 38.64669, samples: 220
12-04 10:02:46.348 I/TimeWrapper( 2051): Min/Avg/Max frame render speed (ms): 6.530761 / 8.625238 / 86.82251
12-04 10:02:46.348 I/TimeWrapper( 2051): Waketime: 33.33369%
12-04 10:02:46.348 V/MyViewAnim( 2051): redrawSlow: resume -> 1
12-04 10:02:46.348 V/MyViewAnim( 2051): redrawSlow: view:update -> 6
12-04 10:02:46.348 V/MyViewAnim( 2051): redrawSlow: startHelper -> 1
12-04 10:02:46.348 V/WearActivity( 2051): onDisplayChanged: off!
12-04 10:02:46.348 V/WearActivity( 2051): stopHelper: shutting things down
12-04 10:02:46.388 V/WearActivity( 2051): killing alarms
12-04 10:02:46.388 V/MyViewAnim( 2051): stopping animation!
12-04 10:02:46.388 V/MyViewAnim( 2051): killDrawThread
12-04 10:02:46.388 I/ClockFace( 2051): Ambient mode: false
12-04 10:02:46.398 V/MyViewAnim/PanelThread( 2051): looper finished!
12-04 10:02:46.398 V/MyViewAnim/PanelThread( 2051): draw thread termination
12-04 10:02:48.070 W/bt-btif ( 2119): dm_pm_timer expires
12-04 10:02:48.070 W/bt-btif ( 2119): dm_pm_timer expires 0
12-04 10:02:48.070 W/bt-btif ( 2119): proc dm_pm_timer expires
12-04 10:02:55.611 D/dalvikvm( 1751): GC_FOR_ALLOC freed 154K, 13% free 5906K/6772K, paused 32ms, total 34ms
12-04 10:02:55.651 D/dalvikvm( 1751): GC_FOR_ALLOC freed 456K, 19% free 5743K/7068K, paused 31ms, total 32ms
12-04 10:02:55.691 D/dalvikvm( 1751): GC_FOR_ALLOC freed 2K, 14% free 6116K/7068K, paused 36ms, total 36ms
12-04 10:02:55.831 I/ActivityManager( 1751): START u0 {act=android.intent.action.MAIN cat=[android.intent.category.HOME] flg=0x10000000 cmp=com.google.android.wearable.app/com.google.android.clockwork.home.HomeActivity (has extras)} from pid 1870 on display 0
12-04 10:02:55.841 E/ClockworkHome( 1870): Tried to exit ambient mode, but enterAmbientMode() was never called.
12-04 10:02:55.901 D/dalvikvm( 1870): GC_FOR_ALLOC freed 1278K, 19% free 8836K/10816K, paused 30ms, total 30ms
12-04 10:02:55.931 I/PowerManagerService( 1751): Waking up from sleep...
12-04 10:02:55.931 W/KeyguardServiceDelegate( 1751): onScreenTurnedOn(): no keyguard service!
12-04 10:02:55.931 W/InputMethodManagerService( 1751): Ignoring setImeWindowStatus of uid 1000 token: null
12-04 10:02:55.941 D/MinnowPowerHAL( 1751): power_set_interactive: 1
12-04 10:02:55.941 D/MinnowPowerHAL( 1751): sysfs_write: /sys/devices/platform/omapdss/display0/interactivemode 1
12-04 10:02:56.041 D/MinnowPowerHAL( 1751): sysfs_write: /sys/devices/ocp.2/i2c.6/i2c-0/0-004a/interactivemode 1
12-04 10:02:56.051 D/MinnowPowerHAL( 1751): sysfs_write: /sys/class/leds/lcd-backlight/interactive 1
12-04 10:02:56.051 D/mot_vr_audio_hw( 1751): dsp_set_pm_state = on
12-04 10:02:56.051 D/ADSPD   ( 1411): Client cmd=0x4002, size=2
12-04 10:02:56.051 D/ADSPD   ( 1411): DSP_CMD_DAEMON_SET_PM_STATE : 1
12-04 10:02:56.051 D/PowerManagerService-JNI( 1751): Excessive delay in setInteractive(true) while turning screen on: 107ms
12-04 10:02:56.061 D/mot_vr_audio_hw( 1418): dsp_recognizer_enabled = true
12-04 10:02:56.061 D/mot_vr_audio_hw( 1418): open_input_stream(): devices = 0x80000004, rate = 8000, channels = 0x10
12-04 10:02:56.061 D/mot_vr_audio_hw( 1418): Created resampler for 16000->8000 Hz
12-04 10:02:56.071 D/mot_vr_audio_hw( 1418): in_read waiting for hotword
12-04 10:02:56.081 D/mot_vr_audio_hw( 1418): dsp_recognizer_enabled = false
12-04 10:02:56.081 D/mot_vr_audio_hw( 1418): Switching DSP to standby/passthrough mode
12-04 10:02:56.081 D/mot_vr_audio_hw( 1418): Input 0xb76ccf70 ready to read
12-04 10:02:56.081 D/dalvikvm( 1870): GC_CONCURRENT freed 34K, 16% free 9156K/10816K, paused 3ms+14ms, total 104ms
12-04 10:02:56.131 W/mot_vr_audio_hw( 1418): Discarded 10 buffers without finding audio data
12-04 10:02:56.141 D/mot_vr_audio_hw( 1418): Re-arming DSP
12-04 10:02:56.141 D/mot_vr_audio_hw( 1418): Input 0xb76ccf70 standby complete
12-04 10:02:56.161 D/mot_vr_audio_hw( 1418): Input 0xb76ccf70 close complete
12-04 10:02:56.171 V/WearActivity( 2051): Resume!
12-04 10:02:56.171 V/MyViewAnim( 2051): success getting new surface holder
12-04 10:02:56.181 D/SurfaceFlinger( 1416): Screen acquired, type=0 flinger=0xb7fe9448
12-04 10:02:56.181 D/hwcomposer( 1416): hwc_blank(0: 0)
12-04 10:02:56.181 I/DisplayManagerService( 1751): Display device changed: DisplayDeviceInfo{"Built-in Screen": 320 x 290, 45.000004 fps, density 213, 203.2 x 204.61111 dpi, touch INTERNAL, rotation 0, type BUILT_IN, state ON, FLAG_DEFAULT_DISPLAY, FLAG_ROTATES_WITH_CONTENT, FLAG_SECURE, FLAG_SUPPORTS_PROTECTED_BUFFERS}
12-04 10:02:56.181 V/ActivityManager( 1751): Display changed displayId=0
12-04 10:02:56.241 V/WearActivity( 2051): display changed: 0, new state: 2
12-04 10:02:56.241 V/WearActivity( 2051): onDisplayChanged: on!
12-04 10:02:56.241 V/WearActivity( 2051): killing alarms
12-04 10:02:56.241 V/WearActivity( 2051): startHelper: putting it all back together again
12-04 10:02:56.241 V/WearActivity( 2051): initAlarm: setting up
12-04 10:02:56.241 I/ClockFace( 2051): Ambient mode: false
12-04 10:02:56.261 D/ADSPD   ( 1411): ACK success!
12-04 10:02:56.261 D/ADSPD   ( 1411): Client cmd=0x0003, size=4
12-04 10:02:56.271 D/ADSPD   ( 1411): Received from DSP: cmd=0x8003, size=2
12-04 10:02:56.271 D/ADSPD   ( 1411): Client cmd=0x4003, size=2
12-04 10:02:56.271 D/ADSPD   ( 1411): Client cmd=0x0003, size=4
12-04 10:02:56.271 D/mot_vr_audio_hw( 1418): received recognition control callback, status 0
12-04 10:02:56.281 V/MyViewAnim( 2051): resumeMaxHertz
12-04 10:02:56.281 V/ClockFace( 2051): clearing caches
12-04 10:02:56.281 V/MyViewAnim( 2051): starting new animator
12-04 10:02:56.281 V/MyViewAnim( 2051): Time listener is up!
12-04 10:02:56.281 V/MyViewAnim( 2051): starting new draw thread
12-04 10:02:56.291 D/ADSPD   ( 1411): Received from DSP: cmd=0x8003, size=2
12-04 10:02:56.291 D/ADSPD   ( 1411): Client cmd=0x0003, size=4
12-04 10:02:56.291 D/mot_vr_audio_hw( 1418): received recognition control callback, status 0
12-04 10:02:56.301 D/ADSPD   ( 1411): Received from DSP: cmd=0x8003, size=2
12-04 10:02:56.301 D/ADSPD   ( 1411): Client cmd=0x0003, size=4
12-04 10:02:56.301 D/mot_vr_audio_hw( 1418): received recognition control callback, status 0
12-04 10:02:56.311 D/ADSPD   ( 1411): Received from DSP: cmd=0x8003, size=2
12-04 10:02:56.311 D/ADSPD   ( 1411): Client cmd=0x4003, size=2
12-04 10:02:56.311 D/mot_vr_audio_hw( 1418): received recognition control callback, status 0
12-04 10:02:56.321 V/ClockFace( 2051): rendering new face, faceMode(0)
12-04 10:02:56.361 V/ClockFace( 2051): fetching new battery status (2191)
12-04 10:02:56.361 V/ClockFace( 2051): battery at 0.87
12-04 10:02:56.421 D/dalvikvm( 2051): GC_CONCURRENT freed 592K, 27% free 2203K/3000K, paused 2ms+31ms, total 67ms
12-04 10:02:56.442 W/WindowManager( 1751): Timeout waiting for drawn: undrawn=[Window{adce7988 u0 com.google.android.wearable.app/com.google.android.clockwork.home.HomeActivity}]
12-04 10:02:56.562 D/mot_vr_audio_hw( 1418): dsp_recognizer_enabled = true
12-04 10:02:56.562 D/ADSPD   ( 1411): Client cmd=0x0003, size=4
12-04 10:02:56.562 D/mot_vr_audio_hw( 1418): open_input_stream(): devices = 0x80000004, rate = 8000, channels = 0x10
12-04 10:02:56.562 D/mot_vr_audio_hw( 1418): Created resampler for 16000->8000 Hz
12-04 10:02:56.572 D/ADSPD   ( 1411): Received from DSP: cmd=0x8003, size=2
12-04 10:02:56.572 D/ADSPD   ( 1411): Client cmd=0x4003, size=2
12-04 10:02:56.572 D/mot_vr_audio_hw( 1418): received recognition control callback, status 0
12-04 10:02:56.582 D/mot_vr_audio_hw( 1418): in_read waiting for hotword
12-04 10:02:56.602 I/DisplayManagerService( 1751): Display device changed: DisplayDeviceInfo{"ActivityViewVirtualDisplay": 320 x 320, 60.0 fps, density 213, 213.0 x 213.0 dpi, touch NONE, rotation 0, type VIRTUAL, state OFF, owner android (uid 1000), FLAG_OWN_CONTENT_ONLY}
12-04 10:02:56.602 V/ActivityManager( 1751): Display changed displayId=1
12-04 10:02:56.612 V/WearActivity( 2051): display changed: 1, new state: 1
12-04 10:02:56.612 I/TimeWrapper( 2051): FPS: 14.65212, samples: 5
12-04 10:02:56.612 I/TimeWrapper( 2051): Min/Avg/Max frame render speed (ms): 16.082764 / 29.949951 / 48.675537
12-04 10:02:56.612 I/TimeWrapper( 2051): Waketime: 43.88303%
12-04 10:02:56.612 V/MyViewAnim( 2051): redrawSlow: resume -> 1
12-04 10:02:56.612 V/MyViewAnim( 2051): redrawSlow: startHelper -> 1
12-04 10:02:56.612 V/WearActivity( 2051): onDisplayChanged: off!
12-04 10:02:56.612 V/WearActivity( 2051): stopHelper: shutting things down
12-04 10:02:56.642 V/WearActivity( 2051): killing alarms
12-04 10:02:56.662 V/MyViewAnim( 2051): stopping animation!
12-04 10:02:56.662 V/MyViewAnim( 2051): killDrawThread
12-04 10:02:56.662 I/ClockFace( 2051): Ambient mode: false
12-04 10:02:56.662 V/WearActivity( 2051): Pause!
12-04 10:02:56.662 V/MyViewAnim/PanelThread( 2051): looper finished!
12-04 10:02:56.662 V/MyViewAnim/PanelThread( 2051): draw thread termination
12-04 10:02:56.882 D/SensorHAL( 1751): adjustSensorHandle: handle = 9 adjustedHandle = 1
12-04 10:02:56.882 D/SensorHAL( 1751): adjustSensorHandle: handle = 9 adjustedHandle = 1
12-04 10:02:56.882 D/SensorHAL( 1751): adjustSensorHandle: handle = 9 adjustedHandle = 1
12-04 10:02:58.644 W/bt-btif ( 2119): dm_pm_timer expires
12-04 10:02:58.644 W/bt-btif ( 2119): dm_pm_timer expires 0
12-04 10:02:58.644 W/bt-btif ( 2119): proc dm_pm_timer expires
12-04 10:03:02.047 I/PowerManagerService( 1751): Going to sleep due to screen timeout...
12-04 10:03:02.057 I/PowerManagerService( 1751): Dozing...
12-04 10:03:02.067 D/mot_vr_audio_hw( 1418): dsp_recognizer_enabled = false
12-04 10:03:02.067 I/DreamController( 1751): Starting dream: name=ComponentInfo{com.google.android.wearable.app/com.google.android.clockwork.home.AmbientMode}, isTest=false, canDoze=true, userId=0
12-04 10:03:02.077 D/ADSPD   ( 1411): Client cmd=0x0003, size=4
12-04 10:03:02.077 D/mot_vr_audio_hw( 1418): Switching DSP to standby/passthrough mode
12-04 10:03:02.077 D/mot_vr_audio_hw( 1418): Input 0xb76ccdc8 ready to read
12-04 10:03:02.077 W/InputMethodManagerService( 1751): Ignoring setImeWindowStatus of uid 1000 token: null
12-04 10:03:02.087 D/ADSPD   ( 1411): Received from DSP: cmd=0x8003, size=2
12-04 10:03:02.087 D/ADSPD   ( 1411): Client cmd=0x0003, size=4
12-04 10:03:02.087 D/mot_vr_audio_hw( 1418): received recognition control callback, status 0
12-04 10:03:02.097 D/ADSPD   ( 1411): Received from DSP: cmd=0x8003, size=2
12-04 10:03:02.097 D/mot_vr_audio_hw( 1418): received recognition control callback, status 0
12-04 10:03:02.137 W/mot_vr_audio_hw( 1418): Discarded 10 buffers without finding audio data
12-04 10:03:02.137 D/ADSPD   ( 1411): Client cmd=0x0003, size=4
12-04 10:03:02.137 D/mot_vr_audio_hw( 1418): Re-arming DSP
12-04 10:03:02.137 D/mot_vr_audio_hw( 1418): Input 0xb76ccdc8 standby complete
12-04 10:03:02.147 D/mot_vr_audio_hw( 1418): Input 0xb76ccdc8 close complete
12-04 10:03:02.147 D/ADSPD   ( 1411): Received from DSP: cmd=0x8003, size=2
12-04 10:03:02.147 D/ADSPD   ( 1411): Client cmd=0x4003, size=2
12-04 10:03:02.147 D/mot_vr_audio_hw( 1418): received recognition control callback, status 0
12-04 10:03:02.187 V/WearActivity( 2051): Stop!
12-04 10:03:02.217 I/ActivityManager( 1751): START u0 {act=android.intent.action.MAIN cat=[android.intent.category.HOME] flg=0x10000000 cmp=com.google.android.wearable.app/com.google.android.clockwork.home.HomeActivity (has extras)} from pid 1870 on display 0
12-04 10:03:02.227 V/WearActivity( 2051): display changed: 0, new state: 2
12-04 10:03:02.227 V/WearActivity( 2051): onDisplayChanged: on!
12-04 10:03:02.227 V/WearActivity( 2051): killing alarms
12-04 10:03:02.227 V/WearActivity( 2051): startHelper: putting it all back together again
12-04 10:03:02.227 V/WearActivity( 2051): initAlarm: setting up
12-04 10:03:02.227 V/ActivityManager( 1751): Display changed displayId=0
12-04 10:03:02.247 I/ClockFace( 2051): Ambient mode: false
12-04 10:03:02.247 V/MyViewAnim( 2051): success getting new surface holder
12-04 10:03:02.257 I/DreamController( 1751): Stopping dream: name=ComponentInfo{com.google.android.wearable.app/com.google.android.clockwork.home.AmbientMode}, isTest=false, canDoze=true, userId=0
12-04 10:03:02.267 I/PowerManagerService( 1751): Sleeping...
12-04 10:03:02.307 I/AmbientMode( 1870): Ambient mode started: canDoze=true, dozeHardware=null
12-04 10:03:02.317 V/MyViewAnim( 2051): resumeMaxHertz
12-04 10:03:02.317 V/ClockFace( 2051): clearing caches
12-04 10:03:02.317 V/MyViewAnim( 2051): starting new animator
12-04 10:03:02.317 V/MyViewAnim( 2051): Time listener is up!
12-04 10:03:02.317 V/MyViewAnim( 2051): starting new draw thread
12-04 10:03:02.317 D/mot_vr_audio_hw( 1418): dsp_recognizer_enabled = true
12-04 10:03:02.317 D/ADSPD   ( 1411): Client cmd=0x0003, size=4
12-04 10:03:02.327 D/mot_vr_audio_hw( 1418): open_input_stream(): devices = 0x80000004, rate = 8000, channels = 0x10
12-04 10:03:02.327 D/mot_vr_audio_hw( 1418): Created resampler for 16000->8000 Hz
12-04 10:03:02.337 D/ADSPD   ( 1411): Received from DSP: cmd=0x8003, size=2
12-04 10:03:02.337 D/ADSPD   ( 1411): Client cmd=0x4003, size=2
12-04 10:03:02.337 D/mot_vr_audio_hw( 1418): received recognition control callback, status 0
12-04 10:03:02.337 D/mot_vr_audio_hw( 1418): in_read waiting for hotword
12-04 10:03:02.357 D/mot_vr_audio_hw( 1418): dsp_recognizer_enabled = false
12-04 10:03:02.357 D/ADSPD   ( 1411): Client cmd=0x0003, size=4
12-04 10:03:02.357 D/mot_vr_audio_hw( 1418): Switching DSP to standby/passthrough mode
12-04 10:03:02.357 D/mot_vr_audio_hw( 1418): Input 0xb76cc838 ready to read
12-04 10:03:02.367 V/ClockFace( 2051): rendering new face, faceMode(0)
12-04 10:03:02.367 D/ADSPD   ( 1411): Received from DSP: cmd=0x8003, size=2
12-04 10:03:02.367 D/ADSPD   ( 1411): Client cmd=0x0003, size=4
12-04 10:03:02.367 D/mot_vr_audio_hw( 1418): received recognition control callback, status 0
12-04 10:03:02.377 V/ClockFace( 2051): fetching new battery status (2198)
12-04 10:03:02.387 V/ClockFace( 2051): battery at 0.87
12-04 10:03:02.387 D/ADSPD   ( 1411): Received from DSP: cmd=0x8003, size=2
12-04 10:03:02.387 D/mot_vr_audio_hw( 1418): received recognition control callback, status 0
12-04 10:03:02.407 W/mot_vr_audio_hw( 1418): Discarded 10 buffers without finding audio data
12-04 10:03:02.417 D/ADSPD   ( 1411): Client cmd=0x0003, size=4
12-04 10:03:02.417 D/mot_vr_audio_hw( 1418): Re-arming DSP
12-04 10:03:02.417 D/mot_vr_audio_hw( 1418): Input 0xb76cc838 standby complete
12-04 10:03:02.437 D/ADSPD   ( 1411): Received from DSP: cmd=0x8003, size=2
12-04 10:03:02.437 D/mot_vr_audio_hw( 1418): received recognition control callback, status 0
12-04 10:03:02.437 D/ADSPD   ( 1411): Client cmd=0x4003, size=2
12-04 10:03:02.437 D/mot_vr_audio_hw( 1418): Input 0xb76cc838 close complete
12-04 10:03:02.447 I/AmbientMode( 1870): Dream ended: isDozing=true
12-04 10:03:02.577 I/DisplayManagerService( 1751): Display device changed: DisplayDeviceInfo{"ActivityViewVirtualDisplay": 320 x 320, 60.0 fps, density 213, 213.0 x 213.0 dpi, touch NONE, rotation 0, type VIRTUAL, state ON, owner android (uid 1000), FLAG_OWN_CONTENT_ONLY}
12-04 10:03:02.588 V/WearActivity( 2051): display changed: 1, new state: 2
12-04 10:03:02.588 V/WearActivity( 2051): state didn't actually change
12-04 10:03:02.588 V/ActivityManager( 1751): Display changed displayId=1
12-04 10:03:02.978 D/LightsService( 1751): Excessive delay setting light: 131ms
12-04 10:03:02.978 D/SurfaceFlinger( 1416): Screen released, type=0 flinger=0xb7fe9448
12-04 10:03:03.118 D/hwcomposer( 1416): hwc_blank(0: 1)
12-04 10:03:03.118 D/SurfaceControl( 1751): Excessive delay in blankDisplay() while turning screen off: 135ms
12-04 10:03:03.118 I/DisplayManagerService( 1751): Display device changed: DisplayDeviceInfo{"Built-in Screen": 320 x 290, 45.000004 fps, density 213, 203.2 x 204.61111 dpi, touch INTERNAL, rotation 0, type BUILT_IN, state OFF, FLAG_DEFAULT_DISPLAY, FLAG_ROTATES_WITH_CONTENT, FLAG_SECURE, FLAG_SUPPORTS_PROTECTED_BUFFERS}
12-04 10:03:03.128 D/MinnowPowerHAL( 1751): power_set_interactive: 0
12-04 10:03:03.128 D/MinnowPowerHAL( 1751): sysfs_write: /sys/devices/platform/omapdss/display0/interactivemode 0
12-04 10:03:03.128 D/MinnowPowerHAL( 1751): sysfs_write: /sys/devices/ocp.2/i2c.6/i2c-0/0-004a/interactivemode 0
12-04 10:03:03.128 D/MinnowPowerHAL( 1751): sysfs_write: /sys/class/leds/lcd-backlight/interactive 0
12-04 10:03:03.128 D/mot_vr_audio_hw( 1751): dsp_set_pm_state = off
12-04 10:03:03.128 D/ADSPD   ( 1411): Client cmd=0x4002, size=2
12-04 10:03:03.128 D/ADSPD   ( 1411): DSP_CMD_DAEMON_SET_PM_STATE : 0
12-04 10:03:03.128 V/ActivityManager( 1751): Display changed displayId=0
12-04 10:03:03.148 V/WearActivity( 2051): display changed: 0, new state: 1
12-04 10:03:03.148 I/TimeWrapper( 2051): FPS: 16.653429, samples: 14
12-04 10:03:03.148 I/TimeWrapper( 2051): Min/Avg/Max frame render speed (ms): 7.354736 / 14.907837 / 35.003662
12-04 10:03:03.148 I/TimeWrapper( 2051): Waketime: 24.82666%
12-04 10:03:03.148 I/TimeWrapper( 2051): Skipped frames: 1
12-04 10:03:03.148 V/MyViewAnim( 2051): redrawSlow: display change without state change -> 1
12-04 10:03:03.148 V/MyViewAnim( 2051): redrawSlow: startHelper -> 1
12-04 10:03:03.148 V/WearActivity( 2051): onDisplayChanged: off!
12-04 10:03:03.148 V/WearActivity( 2051): stopHelper: shutting things down
12-04 10:03:03.188 V/WearActivity( 2051): killing alarms
12-04 10:03:03.188 V/MyViewAnim( 2051): stopping animation!
12-04 10:03:03.188 V/MyViewAnim( 2051): killDrawThread
12-04 10:03:03.188 I/ClockFace( 2051): Ambient mode: false
12-04 10:03:03.188 V/MyViewAnim/PanelThread( 2051): looper finished!
12-04 10:03:03.188 V/MyViewAnim/PanelThread( 2051): draw thread termination
12-04 10:03:04.539 W/bt-btif ( 2119): dm_pm_timer expires
12-04 10:03:04.539 W/bt-btif ( 2119): dm_pm_timer expires 0
12-04 10:03:04.539 W/bt-btif ( 2119): proc dm_pm_timer expires
12-04 10:03:06.302 I/ActivityManager( 1751): START u0 {act=android.intent.action.MAIN cat=[android.intent.category.HOME] flg=0x10000000 cmp=com.google.android.wearable.app/com.google.android.clockwork.home.HomeActivity (has extras)} from pid 1870 on display 0
12-04 10:03:06.312 V/WearActivity( 2051): display changed: 0, new state: 1
12-04 10:03:06.312 V/WearActivity( 2051): state didn't actually change
12-04 10:03:06.312 V/MyViewAnim( 2051): success getting new surface holder
12-04 10:03:06.312 V/ActivityManager( 1751): Display changed displayId=0
12-04 10:03:06.332 E/ClockworkHome( 1870): Tried to exit ambient mode, but enterAmbientMode() was never called.
12-04 10:03:06.362 W/HomeRowListAdapter( 1870): onRelease() called on an unknown row.
12-04 10:03:06.362 W/HomeRowListAdapter( 1870): onRelease() called on an unknown row.
12-04 10:03:06.362 D/mot_vr_audio_hw( 1418): dsp_recognizer_enabled = true
12-04 10:03:06.362 D/ADSPD   ( 1411): Client cmd=0x0003, size=4
12-04 10:03:06.362 D/ADSPD   ( 1411): Trying to send to dsp while in dsp in RESET
12-04 10:03:06.372 D/mot_vr_audio_hw( 1418): open_input_stream(): devices = 0x80000004, rate = 8000, channels = 0x10
12-04 10:03:06.372 D/mot_vr_audio_hw( 1418): Created resampler for 16000->8000 Hz
12-04 10:03:06.372 D/ADSPD   ( 1411): Client cmd=0x4003, size=2
12-04 10:03:06.382 D/mot_vr_audio_hw( 1418): in_read waiting for hotword
12-04 10:03:06.382 D/mot_vr_audio_hw( 1418): dsp_recognizer_enabled = false
12-04 10:03:06.382 D/ADSPD   ( 1411): Client cmd=0x0003, size=4
12-04 10:03:06.382 D/ADSPD   ( 1411): Trying to send to dsp while in dsp in RESET
12-04 10:03:06.382 W/mot_vr_audio_hw( 1418): Not allowing wake() since DSP is disabled
12-04 10:03:06.392 W/mot_vr_audio_hw( 1418): Not allowing wake() since DSP is disabled
12-04 10:03:06.432 D/ADSPD   ( 1411): Client cmd=0x4003, size=2
12-04 10:03:06.432 D/ADSPD   ( 1411): DSP no longer used, turned off here
12-04 10:03:06.432 D/mot_vr_audio_hw( 1418): Input 0xb76cc890 close complete
12-04 10:03:08.474 W/bt-btif ( 2119): dm_pm_timer expires
12-04 10:03:08.474 W/bt-btif ( 2119): dm_pm_timer expires 0
12-04 10:03:08.474 W/bt-btif ( 2119): proc dm_pm_timer expires
12-04 10:05:52.625 D/ConnectivityService( 1751): Sampling interval elapsed, updating statistics ..
12-04 10:05:52.635 D/ConnectivityService( 1751): Done.
12-04 10:05:52.635 D/ConnectivityService( 1751): Setting timer for 720seconds
12-04 10:05:52.855 D/WearApiHelper( 2226): sendMessage: /SYNC_NEEDED
12-04 10:05:52.855 D/WearApiHelper( 2226): Not connected waiting connection
12-04 10:05:52.875 D/WearableClient( 2226): WearableClientImpl.onPostInitHandler: done
12-04 10:05:52.875 D/WearApiHelper( 2226): Finally connected! Sending message: /SYNC_NEEDED
12-04 10:05:52.875 D/WearApiHelper( 2226): Stack 0
12-04 10:05:53.666 D/dalvikvm( 2226): GC_FOR_ALLOC freed 585K, 29% free 2204K/3068K, paused 11ms, total 13ms
12-04 10:05:53.716 D/dalvikvm( 1899): GC_FOR_ALLOC freed 362K, 27% free 2290K/3108K, paused 12ms, total 13ms
12-04 10:05:53.946 D/dalvikvm( 1899): GC_FOR_ALLOC freed 171K, 27% free 2287K/3108K, paused 24ms, total 24ms
12-04 10:05:54.227 D/dalvikvm( 1899): GC_FOR_ALLOC freed 134K, 27% free 2297K/3108K, paused 39ms, total 40ms
12-04 10:05:54.517 D/dalvikvm( 1899): GC_FOR_ALLOC freed 126K, 27% free 2296K/3108K, paused 47ms, total 51ms
12-04 10:05:54.777 D/dalvikvm( 1899): GC_FOR_ALLOC freed 125K, 27% free 2296K/3108K, paused 43ms, total 43ms
12-04 10:05:55.017 D/dalvikvm( 1899): GC_FOR_ALLOC freed 125K, 27% free 2296K/3108K, paused 40ms, total 41ms
12-04 10:05:55.288 D/dalvikvm( 1899): GC_FOR_ALLOC freed 143K, 27% free 2284K/3108K, paused 18ms, total 18ms
12-04 10:05:55.598 D/dalvikvm( 1899): GC_FOR_ALLOC freed 126K, 27% free 2296K/3108K, paused 25ms, total 26ms
12-04 10:05:55.868 D/dalvikvm( 1899): GC_FOR_ALLOC freed 125K, 27% free 2296K/3108K, paused 35ms, total 36ms
12-04 10:05:56.138 D/dalvikvm( 1899): GC_FOR_ALLOC freed 125K, 27% free 2296K/3108K, paused 20ms, total 21ms
12-04 10:05:56.379 D/dalvikvm( 1899): GC_FOR_ALLOC freed 125K, 27% free 2296K/3108K, paused 41ms, total 43ms
12-04 10:05:57.890 D/WearApiHelper( 2226): Disconnecting
12-04 10:05:58.020 D/dalvikvm( 1911): GC_CONCURRENT freed 369K, 21% free 2562K/3228K, paused 3ms+7ms, total 34ms
12-04 10:05:58.571 W/bt-btif ( 2119): dm_pm_timer expires
12-04 10:05:58.571 W/bt-btif ( 2119): dm_pm_timer expires 0
12-04 10:05:58.571 W/bt-btif ( 2119): proc dm_pm_timer expires
12-04 10:07:05.473 I/FitnessWearable( 2237): Refreshing Platform Data
12-04 10:07:05.483 I/Fitness ( 1967): Account supported from cache: true
12-04 10:07:05.483 I/Fitness ( 1967): schedule to sync accounts: [dwallach@gmail.com]
12-04 10:07:05.523 I/FitnessWearable( 2237): Completed query in 32 milliseconds
12-04 10:07:07.335 W/bt-btif ( 2119): dm_pm_timer expires
12-04 10:07:07.335 W/bt-btif ( 2119): dm_pm_timer expires 0
12-04 10:07:07.335 W/bt-btif ( 2119): proc dm_pm_timer expires
12-04 10:07:08.908 I/ActivityManager( 1751): START u0 {act=android.intent.action.MAIN cat=[android.intent.category.HOME] flg=0x10000000 cmp=com.google.android.wearable.app/com.google.android.clockwork.home.HomeActivity (has extras)} from pid 1870 on display 0
12-04 10:07:08.928 W/HomeRowListAdapter( 1870): onRelease() called on an unknown row.
12-04 10:07:08.928 W/HomeRowListAdapter( 1870): onRelease() called on an unknown row.
12-04 10:07:08.938 D/mot_vr_audio_hw( 1418): dsp_recognizer_enabled = true
12-04 10:07:08.938 D/ADSPD   ( 1411): Client cmd=0x0003, size=4
12-04 10:07:08.938 D/ADSPD   ( 1411): Trying to send to dsp while in dsp in RESET
12-04 10:07:08.938 D/mot_vr_audio_hw( 1418): open_input_stream(): devices = 0x80000004, rate = 8000, channels = 0x10
12-04 10:07:08.938 D/mot_vr_audio_hw( 1418): Created resampler for 16000->8000 Hz
12-04 10:07:08.938 D/ADSPD   ( 1411): Client cmd=0x4003, size=2
12-04 10:07:08.948 D/mot_vr_audio_hw( 1418): in_read waiting for hotword
12-04 10:07:08.958 D/mot_vr_audio_hw( 1418): dsp_recognizer_enabled = false
12-04 10:07:08.958 D/ADSPD   ( 1411): Client cmd=0x0003, size=4
12-04 10:07:08.958 D/ADSPD   ( 1411): Trying to send to dsp while in dsp in RESET
12-04 10:07:08.958 W/mot_vr_audio_hw( 1418): Not allowing wake() since DSP is disabled
12-04 10:07:08.968 W/mot_vr_audio_hw( 1418): Not allowing wake() since DSP is disabled
12-04 10:07:08.988 D/ADSPD   ( 1411): Client cmd=0x4003, size=2
12-04 10:07:08.988 D/ADSPD   ( 1411): DSP no longer used, turned off here
12-04 10:07:08.988 D/mot_vr_audio_hw( 1418): Input 0xb76cc838 close complete
12-04 10:07:09.048 D/dalvikvm( 1870): GC_FOR_ALLOC freed 2327K, 35% free 7113K/10816K, paused 45ms, total 45ms
12-04 10:07:09.148 D/dalvikvm( 1870): GC_FOR_ALLOC freed 58K, 26% free 8085K/10816K, paused 29ms, total 29ms
12-04 10:07:09.188 D/dalvikvm( 1870): GC_FOR_ALLOC freed 1027K, 26% free 8070K/10816K, paused 23ms, total 24ms
12-04 10:07:09.258 D/dalvikvm( 1870): GC_FOR_ALLOC freed 11K, 17% free 9077K/10816K, paused 24ms, total 25ms
12-04 10:07:09.258 I/dalvikvm-heap( 1870): Grow heap (frag case) to 10.126MB for 1024016-byte allocation
12-04 10:07:09.288 D/dalvikvm( 1870): GC_FOR_ALLOC freed 1003K, 24% free 9073K/11820K, paused 24ms, total 24ms
12-04 10:07:09.288 I/ActivityManager( 1751): START u0 {act=android.intent.action.MAIN cat=[android.intent.category.HOME] flg=0x10000000 cmp=com.google.android.wearable.app/com.google.android.clockwork.home.HomeActivity (has extras)} from pid 1870 on display 0
12-04 10:07:09.348 D/mot_vr_audio_hw( 1418): dsp_recognizer_enabled = true
12-04 10:07:09.348 D/ADSPD   ( 1411): Client cmd=0x0003, size=4
12-04 10:07:09.348 D/ADSPD   ( 1411): Trying to send to dsp while in dsp in RESET
12-04 10:07:09.348 D/mot_vr_audio_hw( 1418): open_input_stream(): devices = 0x80000004, rate = 8000, channels = 0x10
12-04 10:07:09.348 D/mot_vr_audio_hw( 1418): Created resampler for 16000->8000 Hz
12-04 10:07:09.348 D/ADSPD   ( 1411): Client cmd=0x4003, size=2
12-04 10:07:09.358 D/mot_vr_audio_hw( 1418): in_read waiting for hotword
12-04 10:07:09.368 D/mot_vr_audio_hw( 1418): dsp_recognizer_enabled = false
12-04 10:07:09.368 D/ADSPD   ( 1411): Client cmd=0x0003, size=4
12-04 10:07:09.368 D/ADSPD   ( 1411): Trying to send to dsp while in dsp in RESET
12-04 10:07:09.368 W/mot_vr_audio_hw( 1418): Not allowing wake() since DSP is disabled
12-04 10:07:09.378 W/mot_vr_audio_hw( 1418): Not allowing wake() since DSP is disabled
12-04 10:07:09.408 D/ADSPD   ( 1411): Client cmd=0x4003, size=2
12-04 10:07:09.408 D/ADSPD   ( 1411): DSP no longer used, turned off here
12-04 10:07:09.408 D/mot_vr_audio_hw( 1418): Input 0xb76cc838 close complete
12-04 10:07:09.548 I/ActivityManager( 1751): START u0 {act=android.intent.action.MAIN cat=[android.intent.category.HOME] flg=0x10000000 cmp=com.google.android.wearable.app/com.google.android.clockwork.home.HomeActivity (has extras)} from pid 1870 on display 0
12-04 10:07:09.568 D/mot_vr_audio_hw( 1418): dsp_recognizer_enabled = true
12-04 10:07:09.568 D/ADSPD   ( 1411): Client cmd=0x0003, size=4
12-04 10:07:09.568 D/ADSPD   ( 1411): Trying to send to dsp while in dsp in RESET
12-04 10:07:09.568 D/mot_vr_audio_hw( 1418): open_input_stream(): devices = 0x80000004, rate = 8000, channels = 0x10
12-04 10:07:09.568 D/mot_vr_audio_hw( 1418): Created resampler for 16000->8000 Hz
12-04 10:07:09.568 D/ADSPD   ( 1411): Client cmd=0x4003, size=2
12-04 10:07:09.588 D/mot_vr_audio_hw( 1418): in_read waiting for hotword
12-04 10:07:09.588 D/mot_vr_audio_hw( 1418): dsp_recognizer_enabled = false
12-04 10:07:09.588 D/ADSPD   ( 1411): Client cmd=0x0003, size=4
12-04 10:07:09.588 D/ADSPD   ( 1411): Trying to send to dsp while in dsp in RESET
12-04 10:07:09.588 W/mot_vr_audio_hw( 1418): Not allowing wake() since DSP is disabled
12-04 10:07:09.598 W/mot_vr_audio_hw( 1418): Not allowing wake() since DSP is disabled
12-04 10:07:09.618 D/ADSPD   ( 1411): Client cmd=0x4003, size=2
12-04 10:07:09.618 D/ADSPD   ( 1411): DSP no longer used, turned off here
12-04 10:07:09.618 D/mot_vr_audio_hw( 1418): Input 0xb76cc838 close complete
12-04 10:07:11.670 W/bt-btif ( 2119): dm_pm_timer expires
12-04 10:07:11.670 W/bt-btif ( 2119): dm_pm_timer expires 0
12-04 10:07:11.670 W/bt-btif ( 2119): proc dm_pm_timer expires
12-04 10:07:19.931 I/ActivityManager( 1751): Delay finish: com.google.android.gms/.gcm.ServiceAutoStarter
12-04 10:07:19.941 I/ActivityManager( 1751): Resuming delayed broadcast
12-04 10:07:20.756 I/ActivityManager( 1751): Delay finish: com.google.android.gms/.gcm.ServiceAutoStarter
12-04 10:07:20.766 I/ActivityManager( 1751): Resuming delayed broadcast
12-04 10:07:20.802 I/Clockwork.Settings( 1870): Companion requested the watch start a time sync.
12-04 10:07:20.802 I/Clockwork.Settings( 1870): sending time sync request - elapsedRealTime: 2621293
12-04 10:07:20.822 I/Clockwork.Settings( 1870): Companion requested the watch start a time sync.
12-04 10:07:20.822 I/Clockwork.Settings( 1870): sending time sync request - elapsedRealTime: 2621315
12-04 10:07:20.842 D/dalvikvm( 1899): GC_FOR_ALLOC freed 255K, 27% free 2296K/3108K, paused 14ms, total 16ms
12-04 10:07:20.862 I/Clockwork.Settings( 1870): time sync update time to 1417709239766, latency 52 ms
12-04 10:07:20.862 I/Clockwork.Settings( 1870): time sync timezone: America/Chicago
12-04 10:07:19.779 I/Clockwork.TimeService( 1974): set timezone to America/Chicago
12-04 10:07:19.779 D/AlarmManagerService( 1751): Kernel timezone updated to 360 minutes west of GMT
12-04 10:07:19.839 I/Clockwork.Settings( 1870): time sync update time to 1417709239842, latency 112 ms
12-04 10:07:19.839 I/Clockwork.Settings( 1870): time sync timezone: America/Chicago
12-04 10:07:19.849 D/        ( 1751): Setting time of day to sec=1417709239
12-04 10:07:19.851 I/Clockwork.TimeService( 1974): set timezone to America/Chicago
12-04 10:07:19.851 D/AlarmManagerService( 1751): Kernel timezone updated to 360 minutes west of GMT
12-04 10:07:19.881 I/CheckinService( 1884): active receiver: disabled
12-04 10:07:19.911 I/CheckinService( 1884): active receiver: disabled
12-04 10:07:19.941 D/GCM     ( 1911): GcmService start Intent { act=com.google.android.checkin.CHECKIN_COMPLETE flg=0x10 cmp=com.google.android.gms/.gcm.GcmService (has extras) } com.google.android.checkin.CHECKIN_COMPLETE
12-04 10:07:20.521 I/Clockwork.Settings( 1870): Companion requested the watch start a time sync.
12-04 10:07:20.521 I/Clockwork.Settings( 1870): sending time sync request - elapsedRealTime: 2622124
12-04 10:07:20.541 I/Clockwork.Settings( 1870): Companion requested the watch start a time sync.
12-04 10:07:20.541 I/Clockwork.Settings( 1870): sending time sync request - elapsedRealTime: 2622141
12-04 10:07:20.571 I/Clockwork.Settings( 1870): time sync update time to 1417709240596, latency 46 ms
12-04 10:07:20.571 I/Clockwork.Settings( 1870): time sync timezone: America/Chicago
12-04 10:07:20.581 D/        ( 1751): Setting time of day to sec=1417709240
12-04 10:07:20.609 I/Clockwork.TimeService( 1974): set timezone to America/Chicago
12-04 10:07:20.609 D/AlarmManagerService( 1751): Kernel timezone updated to 360 minutes west of GMT
12-04 10:07:20.649 I/Clockwork.Settings( 1870): time sync update time to 1417709240623, latency 90 ms
12-04 10:07:20.659 I/Clockwork.Settings( 1870): time sync timezone: America/Chicago
12-04 10:07:20.669 D/        ( 1751): Setting time of day to sec=1417709240
12-04 10:07:20.646 I/Clockwork.TimeService( 1974): set timezone to America/Chicago
12-04 10:07:20.646 D/AlarmManagerService( 1751): Kernel timezone updated to 360 minutes west of GMT
12-04 10:07:20.666 I/Clockwork.Settings( 1870): Companion requested the watch start a time sync.
12-04 10:07:20.666 I/Clockwork.Settings( 1870): sending time sync request - elapsedRealTime: 2622280
12-04 10:07:20.706 I/CheckinService( 1884): active receiver: disabled
12-04 10:07:20.716 I/CheckinService( 1884): active receiver: disabled
12-04 10:07:20.746 I/Clockwork.Settings( 1870): time sync update time to 1417709240782, latency 79 ms
12-04 10:07:20.756 I/Clockwork.Settings( 1870): time sync timezone: America/Chicago
12-04 10:07:20.766 D/GCM     ( 1911): GcmService start Intent { act=com.google.android.checkin.CHECKIN_COMPLETE flg=0x10 cmp=com.google.android.gms/.gcm.GcmService (has extras) } com.google.android.checkin.CHECKIN_COMPLETE
12-04 10:07:20.776 D/        ( 1751): Setting time of day to sec=1417709240
12-04 10:07:20.809 I/Clockwork.TimeService( 1974): set timezone to America/Chicago
12-04 10:07:20.809 D/AlarmManagerService( 1751): Kernel timezone updated to 360 minutes west of GMT
12-04 10:07:20.849 I/CheckinService( 1884): active receiver: disabled
12-04 10:07:20.872 D/        ( 1751): Setting time of day to sec=1417709239
12-04 10:07:20.879 D/GCM     ( 1911): GcmService start Intent { act=com.google.android.checkin.CHECKIN_COMPLETE flg=0x10 cmp=com.google.android.gms/.gcm.GcmService (has extras) } com.google.android.checkin.CHECKIN_COMPLETE
12-04 10:07:20.879 I/ActivityManager( 1751): Delay finish: com.google.android.gms/.gcm.ServiceAutoStarter
12-04 10:07:20.879 I/ActivityManager( 1751): Resuming delayed broadcast
12-04 10:07:20.899 D/dalvikvm( 1884): GC_CONCURRENT freed 323K, 18% free 2466K/3000K, paused 11ms+2ms, total 51ms
12-04 10:07:21.860 E/StreamVibrator( 1870): Found notifications that tried to vibrate, but they never made it to the top of the stream. Not vibrating.
12-04 10:07:22.790 W/bt-btif ( 2119): dm_pm_timer expires
12-04 10:07:22.790 W/bt-btif ( 2119): dm_pm_timer expires 0
12-04 10:07:22.790 W/bt-btif ( 2119): proc dm_pm_timer expires
12-04 10:07:24.802 I/Fitness ( 1967): WearableSyncServiceReceiver.onReceive
12-04 10:07:24.812 I/ActivityManager( 1751): Delay finish: com.google.android.gms/.fitness.wearables.WearableSyncServiceReceiver
12-04 10:07:24.832 I/Fitness ( 1967): WearableSyncService syncing to 1 nodes.
12-04 10:07:24.872 I/Fitness ( 1967): syncing: 0
12-04 10:07:24.983 I/ActivityManager( 1751): Resuming delayed broadcast
12-04 10:07:24.993 I/ActivityManager( 1751): Delay finish: com.android.providers.calendar/.CalendarProviderBroadcastReceiver
12-04 10:07:25.033 I/ActivityManager( 1751): Resuming delayed broadcast
12-04 10:07:25.893 D/dalvikvm( 1751): GC_FOR_ALLOC freed 1515K, 26% free 5487K/7364K, paused 41ms, total 42ms
12-04 10:07:25.974 I/ActivityManager( 1751): START u0 {act=android.intent.action.MAIN cat=[android.intent.category.HOME] flg=0x10000000 cmp=com.google.android.wearable.app/com.google.android.clockwork.home.HomeActivity (has extras)} from pid 1870 on display 0
12-04 10:07:25.984 D/mot_vr_audio_hw( 1418): dsp_recognizer_enabled = true
12-04 10:07:25.984 D/ADSPD   ( 1411): Client cmd=0x0003, size=4
12-04 10:07:25.984 D/ADSPD   ( 1411): Trying to send to dsp while in dsp in RESET
12-04 10:07:25.984 D/mot_vr_audio_hw( 1418): open_input_stream(): devices = 0x80000004, rate = 8000, channels = 0x10
12-04 10:07:25.984 D/mot_vr_audio_hw( 1418): Created resampler for 16000->8000 Hz
12-04 10:07:25.984 D/ADSPD   ( 1411): Client cmd=0x4003, size=2
12-04 10:07:26.004 D/mot_vr_audio_hw( 1418): in_read waiting for hotword
12-04 10:07:26.004 D/mot_vr_audio_hw( 1418): dsp_recognizer_enabled = false
12-04 10:07:26.004 D/ADSPD   ( 1411): Client cmd=0x0003, size=4
12-04 10:07:26.004 D/ADSPD   ( 1411): Trying to send to dsp while in dsp in RESET
12-04 10:07:26.014 W/mot_vr_audio_hw( 1418): Not allowing wake() since DSP is disabled
12-04 10:07:26.014 I/Clockwork.Settings( 1870): Companion requested the watch start a time sync.
12-04 10:07:26.014 I/Clockwork.Settings( 1870): sending time sync request - elapsedRealTime: 2627599
12-04 10:07:26.024 W/mot_vr_audio_hw( 1418): Not allowing wake() since DSP is disabled
