12-04 09:24:22.250 E/SoundPool( 1751): error loading /system/media/audio/ui/Effect_Tick.ogg
12-04 09:24:22.250 W/AudioService( 1751): Soundpool could not load file: /system/media/audio/ui/Effect_Tick.ogg
12-04 09:24:22.250 E/SoundPool( 1751): error loading /system/media/audio/ui/Effect_Tick.ogg
12-04 09:24:22.250 W/AudioService( 1751): Soundpool could not load file: /system/media/audio/ui/Effect_Tick.ogg
12-04 09:24:22.250 E/SoundPool( 1751): error loading /system/media/audio/ui/Effect_Tick.ogg
12-04 09:24:22.250 W/AudioService( 1751): Soundpool could not load file: /system/media/audio/ui/Effect_Tick.ogg
12-04 09:24:22.250 E/SoundPool( 1751): error loading /system/media/audio/ui/KeypressStandard.ogg
12-04 09:24:22.250 W/AudioService( 1751): Soundpool could not load file: /system/media/audio/ui/KeypressStandard.ogg
12-04 09:24:22.260 I/ActivityManager( 1751): Start proc com.google.android.deskclock for broadcast com.google.android.deskclock/.BootCompletedReceiver: pid=2129 uid=10016 gids={50016}
12-04 09:24:22.270 E/SoundPool( 1751): error loading /system/media/audio/ui/KeypressSpacebar.ogg
12-04 09:24:22.270 W/AudioService( 1751): Soundpool could not load file: /system/media/audio/ui/KeypressSpacebar.ogg
12-04 09:24:22.270 E/SoundPool( 1751): error loading /system/media/audio/ui/KeypressDelete.ogg
12-04 09:24:22.270 W/AudioService( 1751): Soundpool could not load file: /system/media/audio/ui/KeypressDelete.ogg
12-04 09:24:22.270 E/SoundPool( 1751): error loading /system/media/audio/ui/KeypressReturn.ogg
12-04 09:24:22.270 W/AudioService( 1751): Soundpool could not load file: /system/media/audio/ui/KeypressReturn.ogg
12-04 09:24:22.270 E/SoundPool( 1751): error loading /system/media/audio/ui/KeypressInvalid.ogg
12-04 09:24:22.270 W/AudioService( 1751): Soundpool could not load file: /system/media/audio/ui/KeypressInvalid.ogg
12-04 09:24:22.270 W/AudioService( 1751): onLoadSoundEffects(), Error -1 while loading samples
12-04 09:24:22.360 W/Searchables( 1751): No global search activity found
12-04 09:24:22.370 D/dalvikvm( 1751): GC_CONCURRENT freed 444K, 14% free 4272K/4916K, paused 14ms+13ms, total 244ms
12-04 09:24:22.500 D/AdapterServiceConfig( 2119): Adding A2dpService
12-04 09:24:22.500 D/AdapterServiceConfig( 2119): Adding HidService
12-04 09:24:22.500 D/AdapterServiceConfig( 2119): Adding PanService
12-04 09:24:22.500 D/AdapterServiceConfig( 2119): Adding GattService
12-04 09:24:22.560 D/BluetoothAdapterService( 2119): REFCOUNT: CREATED. INSTANCE_COUNT1
12-04 09:24:22.560 I/ActivityManager( 1751): Delay finish: com.google.android.deskclock/.BootCompletedReceiver
12-04 09:24:22.580 D/BluetoothManagerService( 1751): Message: 20
12-04 09:24:22.580 D/BluetoothManagerService( 1751): Added callback: android.bluetooth.IBluetoothManagerCallback$Stub$Proxy@adf3a848:true
12-04 09:24:22.580 D/BluetoothAdapterState( 2119): make
12-04 09:24:22.600 I/bluedroid( 2119): init
12-04 09:24:22.600 I/BluetoothAdapterState( 2119): Entering OffState
12-04 09:24:22.600 I/bte_conf( 2119): Attempt to load stack conf from /etc/bluetooth/bt_stack.conf
12-04 09:24:22.610 I/bluedroid( 2119): get_profile_interface socket
12-04 09:24:22.620 D/BluetoothManagerService( 1751): BluetoothServiceConnection: com.android.bluetooth.btservice.AdapterService
12-04 09:24:22.620 D/BluetoothManagerService( 1751): Message: 40
12-04 09:24:22.620 D/BluetoothManagerService( 1751): MESSAGE_BLUETOOTH_SERVICE_CONNECTED: 1
12-04 09:24:22.620 I/bluedroid( 2119): config_hci_snoop_log
12-04 09:24:22.630 D/BluetoothManagerService( 1751): Calling onBluetoothServiceUp callbacks
12-04 09:24:22.630 D/BluetoothManagerService( 1751): Broadcasting onBluetoothServiceUp() to 3 receivers.
12-04 09:24:22.630 D/BluetoothAdapterState( 2119): CURRENT_STATE=OFF, MESSAGE = USER_TURN_ON
12-04 09:24:22.630 D/BluetoothAdapterProperties( 2119): Setting state to 11
12-04 09:24:22.630 I/BluetoothAdapterState( 2119): Bluetooth adapter state changed: 10-> 11
12-04 09:24:22.630 D/BluetoothAdapterService( 2119): Broadcasting updateAdapterState() to 1 receivers.
12-04 09:24:22.630 D/BluetoothBondStateMachine( 2119): make
12-04 09:24:22.630 D/BluetoothManagerService( 1751): Message: 60
12-04 09:24:22.630 D/BluetoothManagerService( 1751): MESSAGE_BLUETOOTH_STATE_CHANGE: prevState = 10, newState=11
12-04 09:24:22.630 D/BluetoothManagerService( 1751): Bluetooth State Change Intent: 10 -> 11
12-04 09:24:22.640 I/GKI_LINUX( 2119): gki_task_entry: gki_task_entry task_id=1 [BTIF] starting
12-04 09:24:22.640 I/BluetoothAdapterProperties( 2119): adapterPropertyChangedCallback with type:2 len:6
12-04 09:24:22.650 I/BluetoothBondStateMachine( 2119): StableState(): Entering Off State
12-04 09:24:22.650 D/BluetoothAdapterProperties( 2119): Address is:5C:31:3E:4F:20:12
12-04 09:24:22.650 I/BluetoothAdapterProperties( 2119): adapterPropertyChangedCallback with type:1 len:13
12-04 09:24:22.670 D/BluetoothAdapterProperties( 2119): Name is: Moto 360 2012
12-04 09:24:22.670 D/BluetoothManagerService( 1751): Bluetooth Adapter name changed to Moto 360 2012
12-04 09:24:22.670 D/BluetoothManagerService( 1751): Stored Bluetooth name: Moto 360 2012
12-04 09:24:22.670 D/BluetoothA2dp( 1751): Proxy object connected
12-04 09:24:22.690 I/BluetoothAdapterState( 2119): Entering PendingCommandState State: isTurningOn()=true, isTurningOff()=false
12-04 09:24:22.690 D/A2dpService( 2119): Received start request. Starting profile...
12-04 09:24:22.690 I/BluetoothAvrcpServiceJni( 2119): classInitNative: succeeds
12-04 09:24:22.690 V/Avrcp   ( 2119): make
12-04 09:24:22.690 I/bluedroid( 2119): get_profile_interface avrcp
12-04 09:24:22.740 I/BluetoothA2dpServiceJni( 2119): classInitNative: succeeds
12-04 09:24:22.740 D/A2dpStateMachine( 2119): make
12-04 09:24:22.760 D/WearableClient( 2129): WearableClientImpl.onPostInitHandler: done
12-04 09:24:22.770 I/bluedroid( 2119): get_profile_interface a2dp
12-04 09:24:22.800 I/GKI_LINUX( 2119): gki_task_entry: gki_task_entry task_id=2 [A2DP-MEDIA] starting
12-04 09:24:22.800 W/bt-btif ( 2119): overflow 0, enter 0, exit 0
12-04 09:24:22.810 D/A2dpStateMachine( 2119): Enter Disconnected: -2
12-04 09:24:22.810 I/BluetoothHidServiceJni( 2119): classInitNative: succeeds
12-04 09:24:22.820 D/HidService( 2119): Received start request. Starting profile...
12-04 09:24:22.820 I/bluedroid( 2119): get_profile_interface hidhost
12-04 09:24:22.820 I/BluetoothPanServiceJni( 2119): classInitNative(L105): succeeds
12-04 09:24:22.830 I/ActivityManager( 1751): Resuming delayed broadcast
12-04 09:24:22.860 D/PanService( 2119): Received start request. Starting profile...
12-04 09:24:22.860 D/BluetoothPanServiceJni( 2119): initializeNative(L110): pan
12-04 09:24:22.860 I/bluedroid( 2119): get_profile_interface pan
12-04 09:24:22.870 I/ActivityManager( 1751): Start proc com.android.providers.calendar for broadcast com.android.providers.calendar/.CalendarReceiver: pid=2161 uid=10001 gids={50001, 3003, 1028, 1015}
12-04 09:24:22.880 I/RecoverySystem( 1751): No recovery log file
12-04 09:24:22.890 D/BluetoothPan( 1751): BluetoothPAN Proxy object connected
12-04 09:24:22.890 D/BluetoothTethering( 1751): got CMD_CHANNEL_HALF_CONNECTED
12-04 09:24:22.910 I/BtGatt.JNI( 2119): classInitNative(L695): classInitNative: Success!
12-04 09:24:22.950 D/BtGatt.DebugUtils( 2119): handleDebugAction() action=null
12-04 09:24:22.950 D/BtGatt.GattService( 2119): Received start request. Starting profile...
12-04 09:24:22.950 D/BtGatt.GattService( 2119): start()
12-04 09:24:22.960 I/bluedroid( 2119): get_profile_interface gatt
12-04 09:24:22.960 D/BluetoothAdapterService( 2119): Profile still not running:com.android.bluetooth.gatt.GattService
12-04 09:24:22.960 D/BluetoothAdapterService( 2119): Profile still not running:com.android.bluetooth.gatt.GattService
12-04 09:24:22.960 D/BluetoothAdapterService( 2119): Profile still not running:com.android.bluetooth.gatt.GattService
12-04 09:24:22.960 D/BluetoothAdapterState( 2119): CURRENT_STATE=PENDING, MESSAGE = STARTED, isTurningOn=true, isTurningOff=false
12-04 09:24:22.960 I/bluedroid( 2119): enable
12-04 09:24:22.960 I/bt_hci_bdroid( 2119): init
12-04 09:24:22.970 I/GKI_LINUX( 2119): gki_task_entry: gki_task_entry task_id=0 [BTU] starting
12-04 09:24:22.970 I/bt-btu  ( 2119): btu_task pending for preload complete event
12-04 09:24:22.970 I/bt_hci_bdroid( 2119): bt_hc_worker_thread started
12-04 09:24:23.091 E/uim-sysfs( 1413): uim: Inside st_uart_config
12-04 09:24:23.091 E/uim-sysfs( 1413): uim:install set to 1
12-04 09:24:23.091 E/uim-sysfs( 1413): uim:opening /dev/ttyO1, while already open
12-04 09:24:23.091 E/uim-sysfs( 1413): uim:cleanup
12-04 09:24:23.091 E/uim-sysfs( 1413): uim: Inside set_baud_rate
12-04 09:24:23.091 E/uim-sysfs( 1413): uim: set_baud_rate() done
12-04 09:24:23.091 E/uim-sysfs( 1413): uim: Setting speed to 3000000
12-04 09:24:23.091 E/uim-sysfs( 1413): uim: Inside read_command_complete
12-04 09:24:23.091 E/uim-sysfs( 1413): uim: Command complete started
12-04 09:24:23.091 E/uim-sysfs( 1413): uim: Inside read_hci_event
12-04 09:24:23.091 E/uim-sysfs( 1413): uim: read_hci_event
12-04 09:24:23.141 E/uim-sysfs( 1413): uim: Command complete done
12-04 09:24:23.141 E/uim-sysfs( 1413): uim: Speed changed to 3000000
12-04 09:24:23.141 E/uim-sysfs( 1413): uim: Inside set_custom_baud_rate
12-04 09:24:23.141 E/uim-sysfs( 1413): uim: Changing baud rate to 3000000, flow control to 1
12-04 09:24:23.141 E/uim-sysfs( 1413): uim: set_custom_baud_rate() done
12-04 09:24:23.141 E/uim-sysfs( 1413): uim: Installed N_TI_WL Line displine
12-04 09:24:23.831 I/CalendarProvider2( 2161): Created com.android.providers.calendar.CalendarAlarmManager@add0a360(com.android.providers.calendar.CalendarProvider2@add02d88)
12-04 09:24:23.891 D/BluetoothManagerService( 1751): Message: 20
12-04 09:24:23.891 D/BluetoothManagerService( 1751): Added callback: android.bluetooth.IBluetoothManagerCallback$Stub$Proxy@adf9a030:true
12-04 09:24:23.911 I/BootReceiver( 1751): Copying /sys/fs/pstore/console-ramoops to DropBox (SYSTEM_LAST_KMSG)
12-04 09:24:23.941 I/bt-btu  ( 2119): btu_task received preload complete event
12-04 09:24:23.951 I/        ( 2119): BTE_InitTraceLevels -- TRC_HCI
12-04 09:24:23.951 I/        ( 2119): BTE_InitTraceLevels -- TRC_L2CAP
12-04 09:24:23.951 I/        ( 2119): BTE_InitTraceLevels -- TRC_RFCOMM
12-04 09:24:23.951 I/        ( 2119): BTE_InitTraceLevels -- TRC_AVDT
12-04 09:24:23.951 I/        ( 2119): BTE_InitTraceLevels -- TRC_AVRC
12-04 09:24:23.951 I/        ( 2119): BTE_InitTraceLevels -- TRC_A2D
12-04 09:24:23.951 I/        ( 2119): BTE_InitTraceLevels -- TRC_BTM
12-04 09:24:23.951 I/        ( 2119): BTE_InitTraceLevels -- TRC_GAP
12-04 09:24:23.951 I/        ( 2119): BTE_InitTraceLevels -- TRC_PAN
12-04 09:24:23.951 I/        ( 2119): BTE_InitTraceLevels -- TRC_SDP
12-04 09:24:23.951 I/        ( 2119): BTE_InitTraceLevels -- TRC_GATT
12-04 09:24:23.951 I/        ( 2119): BTE_InitTraceLevels -- TRC_SMP
12-04 09:24:23.951 I/        ( 2119): BTE_InitTraceLevels -- TRC_BTAPP
12-04 09:24:23.951 I/        ( 2119): BTE_InitTraceLevels -- TRC_BTIF
12-04 09:24:23.961 E/bt-btm  ( 2119): BTM_SecRegister:p_cb_info->p_le_callback == 0xa454fa35 
12-04 09:24:23.961 E/bt-btm  ( 2119): BTM_SecRegister: btm_cb.api.p_le_callback = 0xa454fa35 
12-04 09:24:23.971 E/bt-btif ( 2119): Calling BTA_HhEnable
12-04 09:24:23.971 E/bt-btif ( 2119): btif_storage_get_adapter_property service_mask:0x140000
12-04 09:24:23.971 I/BluetoothAdapterProperties( 2119): adapterPropertyChangedCallback with type:2 len:6
12-04 09:24:23.971 D/BluetoothAdapterProperties( 2119): Address is:5C:31:3E:4F:20:12
12-04 09:24:23.971 I/BluetoothAdapterProperties( 2119): adapterPropertyChangedCallback with type:1 len:13
12-04 09:24:23.971 D/BluetoothManagerService( 1751): Bluetooth Adapter name changed to Moto 360 2012
12-04 09:24:23.971 D/BluetoothManagerService( 1751): Stored Bluetooth name: Moto 360 2012
12-04 09:24:23.971 D/BluetoothAdapterProperties( 2119): Name is: Moto 360 2012
12-04 09:24:23.971 I/BluetoothAdapterProperties( 2119): adapterPropertyChangedCallback with type:7 len:4
12-04 09:24:23.971 D/BluetoothAdapterProperties( 2119): Scan Mode:20
12-04 09:24:23.981 I/BluetoothAdapterProperties( 2119): adapterPropertyChangedCallback with type:9 len:4
12-04 09:24:23.981 D/BluetoothAdapterProperties( 2119): Discoverable Timeout:0
12-04 09:24:23.981 I/BluetoothAdapterProperties( 2119): adapterPropertyChangedCallback with type:8 len:6
12-04 09:24:23.991 D/BluetoothAdapterProperties( 2119): Adding bonded device:BC:F5:AC:4C:56:A1
12-04 09:24:23.991 I/BluetoothAdapterProperties( 2119): adapterPropertyChangedCallback with type:3 len:16
12-04 09:24:23.991 E/BluetoothRemoteDevices( 2119): devicePropertyChangedCallback: bdDevice: BC:F5:AC:4C:56:A1, value is empty for type: 10
12-04 09:24:24.001 I/ActivityManager( 1751): Delay finish: com.android.providers.downloads/.DownloadReceiver
12-04 09:24:24.031 I/bte_conf( 2119): Attempt to load did conf from /etc/bluetooth/bt_did.conf
12-04 09:24:24.041 I/bte_conf( 2119): [1] primary_record=1 vendor_id=0x000F vendor_id_source=0x0001 product_id=0x1200 version=0x1436
12-04 09:24:24.041 I/bte_conf( 2119): Attempt to load did conf from /etc/bluetooth/bt_did.conf
12-04 09:24:24.041 I/bte_conf( 2119): Attempt to load did conf from /etc/bluetooth/bt_did.conf
12-04 09:24:24.052 D/BluetoothAdapterState( 2119): CURRENT_STATE=PENDING, MESSAGE = ENABLE_READY, isTurningOn=true, isTurningOff=false
12-04 09:24:24.052 D/BluetoothAdapterProperties( 2119): ScanMode =  20
12-04 09:24:24.062 D/BluetoothAdapterProperties( 2119): State =  11
12-04 09:24:24.062 D/BluetoothAdapterProperties( 2119): Setting state to 12
12-04 09:24:24.062 I/BluetoothAdapterState( 2119): Bluetooth adapter state changed: 11-> 12
12-04 09:24:24.062 D/BluetoothAdapterService( 2119): Broadcasting updateAdapterState() to 1 receivers.
12-04 09:24:24.062 D/BluetoothManagerService( 1751): Message: 60
12-04 09:24:24.062 D/BluetoothManagerService( 1751): MESSAGE_BLUETOOTH_STATE_CHANGE: prevState = 11, newState=12
12-04 09:24:24.062 D/BluetoothManagerService( 1751): Broadcasting onBluetoothStateChange(true) to 3 receivers.
12-04 09:24:24.062 D/BluetoothPan( 1751): onBluetoothStateChange(on) call bindService
12-04 09:24:24.062 W/ContextImpl( 1751): Calling a method in the system process without a qualified user: android.app.ContextImpl.bindService:1560 android.bluetooth.BluetoothPan.doBind:149 android.bluetooth.BluetoothPan$1.onBluetoothStateChange:192 com.android.server.BluetoothManagerService.sendBluetoothStateCallback:484 com.android.server.BluetoothManagerService.bluetoothStateChangeHandler:1129 
12-04 09:24:24.072 D/BluetoothHeadset( 1751): onBluetoothStateChange: up=true
12-04 09:24:24.072 E/BluetoothHeadset( 1751): Could not bind to Bluetooth Headset Service with Intent { act=android.bluetooth.IBluetoothHeadset }
12-04 09:24:24.072 D/BluetoothA2dp( 1751): onBluetoothStateChange: up=true
12-04 09:24:24.072 I/BluetoothAdapterState( 2119): Entering On State
12-04 09:24:24.072 D/BluetoothAdapterService(-1378891376)( 2119): Get Bonded Devices being called
12-04 09:24:24.072 D/BluetoothAdapterProperties( 2119): getBondedDevices: length=1
12-04 09:24:24.072 D/BluetoothAdapterService(-1378891376)( 2119): Get Bonded Devices being called
12-04 09:24:24.072 D/BluetoothAdapterProperties( 2119): getBondedDevices: length=1
12-04 09:24:24.072 D/BluetoothPanServiceJni( 2119): control_state_callback(L61): state:0, local_role:3, ifname:bt-pan
12-04 09:24:24.072 I/BluetoothAdapterProperties( 2119): adapterPropertyChangedCallback with type:7 len:4
12-04 09:24:24.082 D/BluetoothManagerService( 1751): BluetoothServiceConnection: com.android.bluetooth.gatt.GattService
12-04 09:24:24.082 D/BluetoothAdapterProperties( 2119): Scan Mode:23
12-04 09:24:24.082 I/BluetoothAdapterProperties( 2119): adapterPropertyChangedCallback with type:9 len:4
12-04 09:24:24.082 D/BluetoothAdapterProperties( 2119): Discoverable Timeout:0
12-04 09:24:24.082 D/BluetoothManagerService( 1751): Bluetooth State Change Intent: 11 -> 12
12-04 09:24:24.102 D/BluetoothManagerService( 1751): Message: 40
12-04 09:24:24.102 D/BluetoothManagerService( 1751): MESSAGE_BLUETOOTH_SERVICE_CONNECTED: 2
12-04 09:24:24.202 D/BluetoothManagerService( 1751): checkIfCallerIsForegroundUser: valid=true callingUser=0 foregroundUser=0
12-04 09:24:24.212 W/BluetoothAdapter( 1899): getBluetoothService() called with no BluetoothManagerCallback
12-04 09:24:24.212 E/BluetoothServiceJni( 2119): SOCK FLAG = 3 ***********************
12-04 09:24:24.212 I/WearableConn( 1899): Accepting connections
12-04 09:24:24.232 D/dalvikvm( 1751): GC_CONCURRENT freed 382K, 12% free 4475K/5060K, paused 12ms+33ms, total 324ms
12-04 09:24:24.232 D/dalvikvm( 1751): WAIT_FOR_CONCURRENT_GC blocked 317ms
12-04 09:24:24.252 I/BluetoothAdapterProperties( 2119): adapterPropertyChangedCallback with type:9 len:4
12-04 09:24:24.252 D/BluetoothAdapterProperties( 2119): Discoverable Timeout:0
12-04 09:24:24.262 I/BluetoothAdapterProperties( 2119): adapterPropertyChangedCallback with type:7 len:4
12-04 09:24:24.262 D/BluetoothAdapterProperties( 2119): Scan Mode:21
12-04 09:24:24.262 D/WearableBluetooth( 1899): set scan mode to 21 (enabled)
12-04 09:24:24.332 D/dalvikvm( 1751): GC_FOR_ALLOC freed 83K, 13% free 4665K/5324K, paused 72ms, total 72ms
12-04 09:24:24.412 D/dalvikvm( 1751): GC_FOR_ALLOC freed 129K, 15% free 4728K/5520K, paused 72ms, total 72ms
12-04 09:24:24.432 I/ActivityManager( 1751): Resuming delayed broadcast
12-04 09:24:24.502 I/BootReceiver( 1751): Copying audit failures to DropBox
12-04 09:24:24.572 D/dalvikvm( 1751): GC_FOR_ALLOC freed 557K, 21% free 4483K/5652K, paused 66ms, total 67ms
12-04 09:24:24.602 I/BootReceiver( 1751): Copied 0 worth of audits to DropBox
12-04 09:24:24.622 I/BootReceiver( 1751): Checking for fsck errors
12-04 09:24:24.882 I/ActivityManager( 1751): Delay finish: com.google.android.gsf/.usagestats.StatsUploadService$Receiver
12-04 09:24:25.022 D/dalvikvm( 1967): GC_CONCURRENT freed 289K, 18% free 2315K/2808K, paused 4ms+3ms, total 60ms
12-04 09:24:25.633 W/bt-btif ( 2119): info:x10
12-04 09:24:25.633 D/        ( 2119): remote version info [bc:f5:ac:4c:56:a1]: 6, f, 6109
12-04 09:24:25.643 I/CalendarProvider2( 2161): Sending notification intent: Intent { act=android.intent.action.PROVIDER_CHANGED dat=content://com.android.calendar }
12-04 09:24:25.643 W/ContentResolver( 2161): Failed to get type for: content://com.android.calendar (Unknown URL content://com.android.calendar)
12-04 09:24:25.653 I/ActivityManager( 1751): Resuming delayed broadcast
12-04 09:24:25.663 D/BluetoothManagerService( 1751): Message: 20
12-04 09:24:25.663 D/BluetoothManagerService( 1751): Added callback: android.bluetooth.IBluetoothManagerCallback$Stub$Proxy@adf7ea40:true
12-04 09:24:25.693 I/ActivityManager( 1751): Delay finish: com.android.providers.media/.MediaScannerReceiver
12-04 09:24:25.983 W/MediaProfiles( 1807): could not find media config xml file
12-04 09:24:26.003 D/dalvikvm( 1807): GC_CONCURRENT freed 182K, 16% free 2032K/2412K, paused 3ms+10ms, total 34ms
12-04 09:24:26.214 I/Clockwork.Settings( 1870): firing a scheduled time sync now
12-04 09:24:26.214 I/Clockwork.Settings( 1870): sending time sync request - elapsedRealTime: 48647
12-04 09:24:26.234 W/Clockwork.Settings( 1870): could not send rpc to writer
12-04 09:24:26.234 W/Clockwork.Settings( 1870): com.google.android.wearable.gmsclient.WearableException: sendRpc failed: Status{statusCode=unknown status code: 4000, resolution=null}
12-04 09:24:26.234 W/Clockwork.Settings( 1870): 	at com.google.android.wearable.gmsclient.MessageManager.sendMessage(MessageManager.java:65)
12-04 09:24:26.234 W/Clockwork.Settings( 1870): 	at com.google.android.clockwork.settings.SettingsDataItemReader$ClockworkHandler.handleMessage(SettingsDataItemReader.java:387)
12-04 09:24:26.234 W/Clockwork.Settings( 1870): 	at android.os.Handler.dispatchMessage(Handler.java:102)
12-04 09:24:26.234 W/Clockwork.Settings( 1870): 	at android.os.Looper.loop(Looper.java:136)
12-04 09:24:26.234 W/Clockwork.Settings( 1870): 	at android.os.HandlerThread.run(HandlerThread.java:61)
12-04 09:24:26.234 I/Clockwork.Settings( 1870): scheduling time sync for 16000 ms from now
12-04 09:24:26.364 V/MediaScanner( 1807): pruneDeadThumbnailFiles... android.database.sqlite.SQLiteCursor@add251a0
12-04 09:24:26.384 V/MediaScanner( 1807): /pruneDeadThumbnailFiles... android.database.sqlite.SQLiteCursor@add251a0
12-04 09:24:26.474 I/ActivityManager( 1751): Resuming delayed broadcast
12-04 09:24:26.574 I/SystemUpdateService( 1884): receiver: Intent { act=android.intent.action.BOOT_COMPLETED flg=0x8000010 cmp=com.google.android.gms/.update.SystemUpdateService$Receiver (has extras) }
12-04 09:24:26.614 D/SystemUpdateService( 1884): onCreate
12-04 09:24:26.614 I/ActivityManager( 1751): Delay finish: com.google.android.gms/.update.SystemUpdateService$Receiver
12-04 09:24:26.674 D/dalvikvm( 1884): GC_CONCURRENT freed 287K, 20% free 2031K/2516K, paused 12ms+1ms, total 39ms
12-04 09:24:26.674 D/SystemUpdateService( 1884): onStartCommand: intent: Intent { cmp=com.google.android.gms/.update.SystemUpdateService (has extras) }
12-04 09:24:26.684 I/dalvikvm( 1884): Could not find method android.app.Notification$Builder.setColor, referenced from method com.google.android.gms.update.j.a
12-04 09:24:26.684 W/dalvikvm( 1884): VFY: unable to resolve virtual method 188: Landroid/app/Notification$Builder;.setColor (I)Landroid/app/Notification$Builder;
12-04 09:24:26.684 D/dalvikvm( 1884): VFY: replacing opcode 0x6e at 0x00ab
12-04 09:24:26.794 I/SystemUpdateService( 1884): cancelUpdate (empty URL)
12-04 09:24:26.794 I/SystemUpdateService( 1884): active receiver: disabled
12-04 09:24:26.834 W/bt-btif ( 2119): new conn_srvc id:26, app_id:255
12-04 09:24:26.834 W/bt-btif ( 2119): bta_dm_pm_ssr conn_srvc id:26, app_id:255
12-04 09:24:26.834 W/bt-btif ( 2119): bta_dm_pm_ssr:2, lat:1200
12-04 09:24:26.834 I/ActivityManager( 1751): Resuming delayed broadcast
12-04 09:24:26.854 E/bt-btif ( 2119): bta_jv_rfcomm_stop_server
12-04 09:24:26.854 I/BluetoothAdapterProperties( 2119): adapterPropertyChangedCallback with type:9 len:4
12-04 09:24:26.864 D/BluetoothAdapterProperties( 2119): Discoverable Timeout:0
12-04 09:24:26.864 I/BluetoothAdapterProperties( 2119): adapterPropertyChangedCallback with type:7 len:4
12-04 09:24:26.864 D/BluetoothAdapterProperties( 2119): Scan Mode:20
12-04 09:24:26.864 D/WearableBluetooth( 1899): set scan mode to 20 (disabled)
12-04 09:24:26.864 I/WearableConn( 1899): Connected, running sync loop
12-04 09:24:26.874 D/SystemUpdateService( 1884): onDestroy
12-04 09:24:26.874 I/ConfigFetchService( 1884): PackageReceiver: Intent { act=android.intent.action.BOOT_COMPLETED flg=0x8000010 cmp=com.google.android.gms/.config.ConfigFetchService$PackageReceiver (has extras) }
12-04 09:24:26.904 I/ActivityManager( 1751): Delay finish: com.google.android.gms/.config.ConfigFetchService$PackageReceiver
12-04 09:24:26.944 I/ConfigService( 1911): onCreate
12-04 09:24:26.994 I/ConfigFetchService( 1884): onStartCommand Intent { act=android.intent.action.BOOT_COMPLETED cmp=com.google.android.gms/.config.ConfigFetchService (has extras) }
12-04 09:24:26.994 I/ConfigFetchService( 1884): launchTask
12-04 09:24:27.014 I/ConfigService( 1911): onBind for Intent { act=com.google.android.gms.config.UPDATE pkg=com.google.android.gms } action com.google.android.gms.config.UPDATE
12-04 09:24:27.054 D/wearable( 1899): Peer handshake connect succeeded, peer version: 1
12-04 09:24:27.145 D/dalvikvm( 1899): GC_CONCURRENT freed 362K, 24% free 2373K/3096K, paused 3ms+17ms, total 70ms
12-04 09:24:27.255 I/ConfigService( 1911): onBind returning update interface
12-04 09:24:27.255 I/ConfigService( 1911): onBind for Intent { act=com.google.android.gms.config.START pkg=com.google.android.gms } action com.google.android.gms.config.START
12-04 09:24:27.255 I/ConfigService( 1911): onBind returning config service
12-04 09:24:27.275 I/ConfigFetchService( 1884): service connected
12-04 09:24:27.275 I/ConfigClient( 1884): service connected
12-04 09:24:27.285 I/ConfigFetchService( 1884): connected = true
12-04 09:24:27.285 I/ConfigFetchService( 1884): self-hosted config:fetch_interval = 43200
12-04 09:24:27.485 I/ActivityManager( 1751): Start proc com.google.android.maps.mytracks for service com.google.android.maps.mytracks/com.google.android.apps.mytracks.services.WearListenerService: pid=2207 uid=10029 gids={50029}
12-04 09:24:27.545 I/ActivityManager( 1751): Start proc me.lyft.android for service me.lyft.android/.services.PhoneListenerService: pid=2214 uid=10021 gids={50021}
12-04 09:24:27.585 I/ActivityManager( 1751): Start proc com.npi.wearbatterystats for service com.npi.wearbatterystats/.service.WearableMessageListenerServiceWear: pid=2226 uid=10039 gids={50039}
12-04 09:24:27.635 I/ActivityManager( 1751): Start proc com.google.android.apps.fitness for service com.google.android.apps.fitness/com.google.android.wearable.fitness.WearableWatcher: pid=2237 uid=10014 gids={50014}
12-04 09:24:27.675 I/ActivityManager( 1751): Start proc com.google.android.apps.wearable.bugreportsender for service com.google.android.apps.wearable.bugreportsender/com.google.android.clockwork.bugreportsender.ClockworkListenerService: pid=2251 uid=10002 gids={50002}
12-04 09:24:27.765 I/ActivityManager( 1751): Start proc com.google.android.apps.maps for service com.google.android.apps.maps/com.google.android.apps.gmmwearable.MapsListenerService: pid=2263 uid=10020 gids={50020}
12-04 09:24:27.785 D/dalvikvm( 1417): GC_EXPLICIT freed 43K, 12% free 1832K/2076K, paused 1ms+1ms, total 27ms
12-04 09:24:27.805 D/dalvikvm( 1417): GC_EXPLICIT freed <1K, 12% free 1832K/2076K, paused 1ms+1ms, total 27ms
12-04 09:24:27.825 D/dalvikvm( 1417): GC_EXPLICIT freed <1K, 12% free 1832K/2076K, paused 1ms+1ms, total 24ms
12-04 09:24:27.825 V/ConfigFetchTask( 1884): ConfigFetchTask getDeviceDataVersionInfo(): ABFEt1VZzKJ09Fl1EltAyqytRn5pmkvDu7jIRAbTTDA6pRu1T4PPnB_nRHLBNRMam08NbjK8zxGTbnbK8dEuJvI2ssPg-BBteYK108f303O6jQ4RXHd3zu7BfomTuwFO-YP42BZ88-lk
12-04 09:24:28.095 I/ActivityManager( 1751): Start proc com.google.android.keep for service com.google.android.keep/.microapp.KeepResponseListenerService: pid=2282 uid=10018 gids={50018}
12-04 09:24:28.105 D/WearableClient( 2011): WearableClientImpl.onPostInitHandler: done
12-04 09:24:28.216 I/ActivityManager( 1751): Start proc com.trello for service com.trello/.wearable.TWearDataListenerService: pid=2293 uid=10017 gids={50017}
12-04 09:24:28.246 I/ActivityManager( 1751): Start proc com.google.android.GoogleCamera for service com.google.android.GoogleCamera/.CameraListenerService: pid=2298 uid=10019 gids={50019}
12-04 09:24:28.346 W/wearable( 1899): took 1049 ms to process the read
12-04 09:24:28.346 V/wearable( 1899): ensureBuffersHaveSpace: increasing size from 47 to 1506
12-04 09:24:28.356 D/App     ( 2214): onCreate
12-04 09:24:28.366 D/dalvikvm( 1899): GC_CONCURRENT freed 475K, 23% free 2389K/3096K, paused 139ms+94ms, total 436ms
12-04 09:24:28.366 V/wearable( 1899): ensureBuffersHaveSpace: increasing size from 47 to 330
12-04 09:24:28.376 D/dalvikvm( 1884): GC_CONCURRENT freed 219K, 16% free 2202K/2620K, paused 4ms+10ms, total 138ms
12-04 09:24:28.506 D/WearableClient( 1995): WearableClientImpl.onPostInitHandler: done
12-04 09:24:28.636 V/WearReceiverService( 2051): phone is connected!, e12e6647-0917-4594-a0b8-f42d78390f6d
12-04 09:24:28.636 V/WearReceiverService( 2051): pinging phone for data
12-04 09:24:28.636 D/ClockworkProxy( 1870): onPeerConnected
12-04 09:24:28.696 W/dalvikvm( 2237): Unable to resolve superclass of Laf; (316)
12-04 09:24:28.696 W/dalvikvm( 2237): Link of class 'Laf;' failed
12-04 09:24:28.696 E/dalvikvm( 2237): Could not find class 'af', referenced from method b.a
12-04 09:24:28.696 W/dalvikvm( 2237): VFY: unable to resolve new-instance 142 (Laf;) in Lb;
12-04 09:24:28.696 D/dalvikvm( 2237): VFY: replacing opcode 0x22 at 0x0006
12-04 09:24:28.696 W/dalvikvm( 2237): Unable to resolve superclass of Lah; (316)
12-04 09:24:28.696 W/dalvikvm( 2237): Link of class 'Lah;' failed
12-04 09:24:28.696 E/dalvikvm( 2237): Could not find class 'ah', referenced from method b.a
12-04 09:24:28.696 W/dalvikvm( 2237): VFY: unable to resolve new-instance 156 (Lah;) in Lb;
12-04 09:24:28.696 D/dalvikvm( 2237): VFY: replacing opcode 0x22 at 0x002a
12-04 09:24:28.756 D/ConnectivityService( 1751): ConnectivityChange for PROXY: CONNECTED/CONNECTED
12-04 09:24:28.766 D/ClockworkProxy( 1870): Tearing down native proxy service...
12-04 09:24:28.766 D/SocketHack( 1870): Expected implementation of Socket, SockImpl and FileDescriptor
12-04 09:24:28.776 D/ClockworkProxy( 1870): Looking for sys uids
12-04 09:24:28.846 D/LocationWearablesListenerService( 1967): onPeerConnected
12-04 09:24:28.866 E/ConnectivityService( 1751): Unexpected mtu value: android.net.ProxyDataTracker@ade58818
12-04 09:24:28.926 D/WearableClient( 2011): WearableClientImpl.onPostInitHandler: done
12-04 09:24:28.986 I/dalvikvm( 2237): Could not find method android.view.ViewGroup.isTransitionGroup, referenced from method b.a
12-04 09:24:28.986 W/dalvikvm( 2237): VFY: unable to resolve virtual method 2220: Landroid/view/ViewGroup;.isTransitionGroup ()Z
12-04 09:24:28.986 D/dalvikvm( 2237): VFY: replacing opcode 0x6e at 0x000c
12-04 09:24:28.986 I/dalvikvm( 2237): Could not find method android.view.View.getTransitionName, referenced from method b.a
12-04 09:24:28.986 W/dalvikvm( 2237): VFY: unable to resolve virtual method 2128: Landroid/view/View;.getTransitionName ()Ljava/lang/String;
12-04 09:24:28.986 D/dalvikvm( 2237): VFY: replacing opcode 0x6e at 0x0006
12-04 09:24:29.036 D/dalvikvm( 2051): GC_CONCURRENT freed 225K, 16% free 2242K/2668K, paused 3ms+245ms, total 408ms
12-04 09:24:29.036 V/WearReceiverService( 2051): Sending to node: e12e6647-0917-4594-a0b8-f42d78390f6d
12-04 09:24:29.036 D/Nat464Xlat( 1751): requiresClat: netType=16, hasIPv4Address=false
12-04 09:24:29.046 D/dalvikvm( 2011): GC_CONCURRENT freed 286K, 19% free 2212K/2700K, paused 1ms+2ms, total 302ms
12-04 09:24:29.076 D/ClockworkProxy( 1870): sys uids len: 21
12-04 09:24:29.076 D/PermissionCache( 1423): checking android.permission.ACCESS_NETWORK_CONDITIONS for uid=10003 => granted (732 us)
12-04 09:24:29.247 W/dalvikvm( 2237): Unable to resolve superclass of Laf; (316)
12-04 09:24:29.247 W/dalvikvm( 2237): Link of class 'Laf;' failed
12-04 09:24:29.247 D/dalvikvm( 2237): DexOpt: unable to opt direct call 0x034e at 0x08 in Lb;.a
12-04 09:24:29.247 W/dalvikvm( 2237): Unable to resolve superclass of Lah; (316)
12-04 09:24:29.247 W/dalvikvm( 2237): Link of class 'Lah;' failed
12-04 09:24:29.247 D/dalvikvm( 2237): DexOpt: unable to opt direct call 0x03b2 at 0x2c in Lb;.a
12-04 09:24:29.247 I/FitnessWearable( 2237): Fitness Application Started
12-04 09:24:29.427 W/wearable( 1899): took 1078 ms to process the read
12-04 09:24:29.527 D/dalvikvm( 1751): GC_CONCURRENT freed 609K, 20% free 4538K/5652K, paused 44ms+72ms, total 768ms
12-04 09:24:29.527 D/dalvikvm( 1751): WAIT_FOR_CONCURRENT_GC blocked 328ms
12-04 09:24:29.527 D/dalvikvm( 1751): WAIT_FOR_CONCURRENT_GC blocked 288ms
12-04 09:24:29.527 D/dalvikvm( 1751): WAIT_FOR_CONCURRENT_GC blocked 289ms
12-04 09:24:29.527 D/dalvikvm( 1751): WAIT_FOR_CONCURRENT_GC blocked 283ms
12-04 09:24:29.527 D/dalvikvm( 1751): WAIT_FOR_CONCURRENT_GC blocked 183ms
12-04 09:24:29.527 D/dalvikvm( 1751): WAIT_FOR_CONCURRENT_GC blocked 180ms
12-04 09:24:29.527 D/dalvikvm( 1751): WAIT_FOR_CONCURRENT_GC blocked 181ms
12-04 09:24:29.537 D/dalvikvm( 1751): WAIT_FOR_CONCURRENT_GC blocked 182ms
12-04 09:24:29.537 D/dalvikvm( 1751): WAIT_FOR_CONCURRENT_GC blocked 38ms
12-04 09:24:29.647 D/PhoneListenerService( 2214): onPeerConnected
12-04 09:24:29.787 D/dalvikvm( 2263): GC_CONCURRENT freed 208K, 17% free 2027K/2436K, paused 3ms+188ms, total 275ms
12-04 09:24:29.807 D/dalvikvm( 2214): GC_CONCURRENT freed 216K, 18% free 2017K/2432K, paused 2ms+1ms, total 197ms
12-04 09:24:30.067 D/WearableClient( 2282): WearableClientImpl.onPostInitHandler: done
12-04 09:24:30.077 D/dalvikvm( 1899): GC_EXPLICIT freed 259K, 27% free 2279K/3096K, paused 2ms+272ms, total 422ms
12-04 09:24:30.338 D/dalvikvm( 2237): GC_CONCURRENT freed 224K, 18% free 2036K/2464K, paused 5ms+141ms, total 224ms
12-04 09:24:30.448 D/dalvikvm( 2293): GC_CONCURRENT freed 209K, 17% free 2049K/2460K, paused 3ms+47ms, total 95ms
12-04 09:24:30.558 I/GoogleHttpClient( 1884): Falling back to old SSLCertificateSocketFactory
12-04 09:24:30.828 I/Clockwork.Settings( 1870): data item timezone: America/Chicago
12-04 09:24:30.828 D/Clockwork.Settings( 1870): got new locale en_US
12-04 09:24:30.858 I/Clockwork.Settings( 1870): sending time sync request - elapsedRealTime: 53290
12-04 09:24:30.878 I/Clockwork.Settings( 1870): Companion requested the watch start a time sync.
12-04 09:24:30.878 I/Clockwork.Settings( 1870): sending time sync request - elapsedRealTime: 53310
12-04 09:24:30.918 V/WearReceiverService( 2051): ping delivered!
12-04 09:24:30.928 D/dalvikvm( 1911): GC_CONCURRENT freed 271K, 16% free 2489K/2956K, paused 2ms+2ms, total 149ms
12-04 09:24:30.928 D/dalvikvm( 1911): WAIT_FOR_CONCURRENT_GC blocked 107ms
12-04 09:24:31.038 I/Clockwork.Settings( 1870): Companion requested the watch start a time sync.
12-04 09:24:31.038 I/Clockwork.Settings( 1870): sending time sync request - elapsedRealTime: 53471
12-04 09:24:31.178 I/FitnessWearable( 2237): Refreshing Platform Data
12-04 09:24:31.198 I/clockwork_proxy_native( 1423): Starting UDP server at port 8282
12-04 09:24:31.198 I/clockwork_proxy_native( 1423): UDP server started
12-04 09:24:31.208 I/FitnessWearable( 2237): Watch connected
12-04 09:24:31.208 V/WearReceiverService( 2051): message received!
12-04 09:24:31.218 D/ClockworkProxy( 1870): Native proxy service setup completed.
12-04 09:24:31.218 D/ClockworkProxy( 1870): Start clockwork proxy TCP serving thread
12-04 09:24:31.299 V/ClockFace( 2051): clearing caches
12-04 09:24:31.299 V/ClockState( 2051): clipping 7 raw events to fit the screen
12-04 09:24:31.429 D/dalvikvm( 2237): GC_CONCURRENT freed 217K, 16% free 2206K/2624K, paused 133ms+1ms, total 177ms
12-04 09:24:31.469 I/FitnessWearable( 2237): DataItem : wear://17f6774c-d8de-4d4a-9d8b-8caa1784b6f8/fit_data_importer
12-04 09:24:31.469 I/FitnessWearable( 2237): DataItem : wear://e12e6647-0917-4594-a0b8-f42d78390f6d/wearable_sync_store
12-04 09:24:31.499 D/dalvikvm( 1870): GC_EXPLICIT freed 581K, 21% free 5121K/6476K, paused 33ms+51ms, total 256ms
12-04 09:24:31.519 I/Clockwork.Settings( 1870): time sync update time to 1417706672798, latency 358 ms
12-04 09:24:31.559 V/EventLayoutUniform( 2051): Event layout success.
12-04 09:24:31.559 V/EventLayoutUniform( 2051): Event layout time: 253.753662 ms
12-04 09:24:31.559 V/ClockState( 2051): maxLevel for new events: 10000
12-04 09:24:31.559 V/ClockState( 2051): number of new events: 6
12-04 09:24:31.559 V/MyViewAnim( 2051): update from ClockState
12-04 09:24:31.559 V/MyViewAnim( 2051): draw thread desired: true
12-04 09:24:31.559 V/ClockState( 2051): new calendar event list, 7 entries
12-04 09:24:31.559 V/ClockFace( 2051): clearing caches
12-04 09:24:31.559 V/MyViewAnim( 2051): update from ClockState
12-04 09:24:31.559 V/MyViewAnim( 2051): draw thread desired: true
12-04 09:24:31.559 V/ClockState( 2051): event update complete
12-04 09:24:31.569 V/WearReceiverService( 2051): savePreferences
12-04 09:24:31.579 I/Clockwork.Settings( 1870): time sync timezone: America/Chicago
12-04 09:24:31.599 D/        ( 1751): Setting time of day to sec=1417706672
12-04 09:24:32.865 I/Clockwork.Settings( 1870): time sync update time to 1417706673171, latency 728 ms
12-04 09:24:32.865 I/Clockwork.TimeService( 1974): set timezone to America/Chicago
12-04 09:24:32.875 D/AlarmManagerService( 1751): Kernel timezone updated to 360 minutes west of GMT
12-04 09:24:32.875 D/        ( 1751): Setting time of day to sec=1417706673
12-04 09:24:33.186 I/Clockwork.Settings( 1870): time sync timezone: America/Chicago
12-04 09:24:33.186 D/btif_config_util( 2119): btif_config_save_file(L153): in file name:/data/misc/bluedroid/bt_config.new
12-04 09:24:33.206 D/ClockworkProxy( 1870): Start UDP relaying thread
12-04 09:24:33.206 I/Clockwork.Settings( 1870): time sync update time to 1417706673244, latency 618 ms
12-04 09:24:33.216 I/Clockwork.TimeService( 1974): set timezone to America/Chicago
12-04 09:24:33.216 D/ClockworkProxyUdp( 1870): Udp relaying thread started
12-04 09:24:33.216 V/ClockFace( 2051): rendering new face, faceMode(0)
12-04 09:24:33.236 D/AlarmManagerService( 1751): Kernel timezone updated to 360 minutes west of GMT
12-04 09:24:33.246 I/Clockwork.Settings( 1870): time sync timezone: America/Chicago
12-04 09:24:33.256 V/ClockFace( 2051): fetching new battery status (490)
12-04 09:24:33.256 V/ClockFace( 2051): battery at 0.9
12-04 09:24:33.266 D/        ( 1751): Setting time of day to sec=1417706673
12-04 09:24:33.336 I/Clockwork.TimeService( 1974): set timezone to America/Chicago
12-04 09:24:33.336 D/AlarmManagerService( 1751): Kernel timezone updated to 360 minutes west of GMT
12-04 09:24:33.426 I/Fitness ( 1967): Account supported from cache: true
12-04 09:24:33.716 D/Tethering( 1751): MasterInitialState.processMessage what=3
12-04 09:24:33.716 D/CaptivePortalTracker( 1751): NoActiveNetworkState{ when=-1ms what=1 obj=NetworkInfo: type: PROXY[], state: CONNECTED/CONNECTED, reason: enabled, extra: (none), roaming: false, failover: false, isAvailable: true, isConnectedToProvisioningNetwork: false target=com.android.internal.util.StateMachine$SmHandler }
12-04 09:24:33.716 D/CaptivePortalTracker( 1751): NoActiveNetworkState not a wifi connectivity change, ignore
12-04 09:24:33.786 I/FitnessWearable( 2237): Refreshing Platform Data
12-04 09:24:33.806 D/dalvikvm( 1967): GC_CONCURRENT freed 286K, 17% free 2444K/2928K, paused 2ms+14ms, total 67ms
12-04 09:24:33.836 E/ActivityThread( 1751): Failed to find provider info for telephony
12-04 09:24:33.856 D/BluetoothManagerService( 1751): Message: 20
12-04 09:24:33.856 D/BluetoothManagerService( 1751): Added callback: android.bluetooth.IBluetoothManagerCallback$Stub$Proxy@adf85100:true
12-04 09:24:34.316 D/dalvikvm( 1911): GC_EXPLICIT freed 188K, 19% free 2407K/2956K, paused 3ms+35ms, total 96ms
12-04 09:24:34.847 D/GpsLocationProvider( 1751): NTP server returned: 1417706675227 (Thu Dec 04 09:24:35 CST 2014) reference: 55705 certainty: 300 system time offset: 371
12-04 09:24:34.877 D/dalvikvm( 1967): GC_CONCURRENT freed 210K, 13% free 2746K/3152K, paused 16ms+2ms, total 96ms
12-04 09:24:34.877 D/dalvikvm( 1967): WAIT_FOR_CONCURRENT_GC blocked 14ms
12-04 09:24:35.017 I/Fitness ( 1967): schedule to sync accounts: [dwallach@gmail.com]
12-04 09:24:35.097 I/Fitness ( 1967): Account supported from cache: true
12-04 09:24:35.107 I/Fitness ( 1967): schedule to sync accounts: [dwallach@gmail.com]
12-04 09:24:35.348 I/FitnessWearable( 2237): Completed query in 260 milliseconds
12-04 09:24:35.398 I/FitnessWearable( 2237): Completed query in 282 milliseconds
12-04 09:24:35.428 I/FitnessWearable( 2237): Starting PlatformManager : dwallach@gmail.com
12-04 09:24:35.468 I/Fitness ( 1967): Account supported from cache: true
12-04 09:24:35.478 I/Fitness ( 1967): schedule to sync accounts: [dwallach@gmail.com]
12-04 09:24:35.508 I/FitnessWearable( 2237): Subscribing to Platform Data
12-04 09:24:35.558 I/FitnessWearable( 2237): Refreshing Platform Data
12-04 09:24:35.588 I/Fitness ( 1967): Already subscribed.  Subscribe request is a no-op
12-04 09:24:35.598 I/FitnessWearable( 2237): Starting to listen for real time step count delta
12-04 09:24:35.708 I/Fitness ( 1967): Initial registration for DataType{com.google.step_count.delta[steps(i)]}
12-04 09:24:35.718 I/Fitness ( 1967): Initial registration for DataType{com.google.step_count.cumulative[steps(i)]}
12-04 09:24:35.818 I/Fitness ( 1967): Account supported from cache: true
12-04 09:24:35.818 I/Fitness ( 1967): schedule to sync accounts: [dwallach@gmail.com]
12-04 09:24:35.848 D/dalvikvm( 1967): GC_CONCURRENT freed 541K, 23% free 2602K/3340K, paused 16ms+11ms, total 63ms
12-04 09:24:35.888 I/FitnessWearable( 2237): Completed query in 46 milliseconds
12-04 09:24:35.898 W/ActivityThread( 1884): ClassLoader.loadClass: The class loader returned by Thread.getContextClassLoader() may fail for processes that host multiple applications. You should explicitly specify a context class loader. For example: Thread.setContextClassLoader(getClass().getClassLoader());
12-04 09:24:36.469 I/Fitness ( 1967): Initial registration for DataType{com.google.step_count.cumulative[steps(i)]}
12-04 09:24:36.479 I/Fitness ( 1967): Successfully added recording listener for c{appPackageName=com.google.android.apps.fitness, subscription=Subscription{dataSource=DataSource{raw:Device{Motorola:Moto 360:ea03edcb0052c197::3:2}:Step Counter Sensor:DataType{com.google.step_count.cumulative[steps(i)]}}, dataType=DataType{com.google.step_count.cumulative[steps(i)]}, samplingIntervalMicros=-1, accuracyMode=2}}
12-04 09:24:36.899 D/ClockworkProxy( 1870): doAccept: Create socket stream 1 for TCP connection from /192.168.167.239:42807 to /64.233.160.139:443
12-04 09:24:36.919 D/ClockworkProxy( 1870): doAccept: rpc succeeded. Activate stream 1
12-04 09:24:36.969 V/wearable( 1899): ensureBuffersHaveSpace: increasing size from 330 to 502
12-04 09:24:37.069 V/wearable( 1899): ensureBuffersHaveSpace: increasing size from 1506 to 1844
12-04 09:24:37.119 V/wearable( 1899): ensureBuffersHaveSpace: increasing size from 1844 to 3454
12-04 09:24:37.369 D/dalvikvm( 1884): GC_CONCURRENT freed 255K, 17% free 2336K/2788K, paused 10ms+1ms, total 43ms
12-04 09:24:37.850 V/wearable( 1899): ensureBuffersHaveSpace: increasing size from 502 to 1401
12-04 09:24:38.090 D/dalvikvm( 1899): GC_FOR_ALLOC freed 308K, 26% free 2291K/3096K, paused 38ms, total 40ms
12-04 09:24:38.230 I/ConfigFetchService( 1884): fetch service done; releasing wakelock
12-04 09:24:38.230 I/ConfigFetchService( 1884): stopping self
12-04 09:24:38.230 I/ActivityManager( 1751): Resuming delayed broadcast
12-04 09:24:38.250 I/ConfigService( 1911): onDestroy
12-04 09:24:38.280 I/ActivityManager( 1751): Delay finish: com.google.android.gms/.playlog.service.MonitorAlarmReceiver
12-04 09:24:38.741 I/ActivityManager( 1751): Resuming delayed broadcast
12-04 09:24:38.821 V/GLSUser ( 1911): [LoginAccountsChangedWakefulBroadcastReceiver] recieved broadcast intent with action: android.intent.action.BOOT_COMPLETED
12-04 09:24:38.851 I/ActivityManager( 1751): Delay finish: com.google.android.gms/.auth.be.change.LoginAccountsChangedWakefulBroadcastReceiver
12-04 09:24:38.941 V/GLSUser ( 1911): [ AccountStateSummary ] - get() - <StoredState>[isConsistent= true, expectedNames=null, expectedHmacs=*****]
12-04 09:24:38.951 V/GLSUser ( 1911): AccountStateSummary - No changes.
12-04 09:24:38.971 I/ActivityManager( 1751): Resuming delayed broadcast
12-04 09:24:39.021 D/PersistentNotificationBroadcastReceiver( 1911): Received intent: Intent { act=android.intent.action.BOOT_COMPLETED flg=0x8000010 cmp=com.google.android.gms/.common.notification.PersistentNotificationBroadcastReceiver (has extras) }
12-04 09:24:39.061 D/dalvikvm( 1911): GC_CONCURRENT freed 309K, 20% free 2532K/3136K, paused 8ms+8ms, total 140ms
12-04 09:24:39.081 I/ActivityManager( 1751): Delay finish: com.motorola.targetnotif/com.motorola.loop.BootCompleteReceiver
12-04 09:24:39.091 I/ActivityManager( 1751): Resuming delayed broadcast
12-04 09:24:39.121 D/PhoneListenerService( 2214): onDestroy
12-04 09:24:39.141 I/ActivityManager( 1751): Delay finish: com.motorola.targetnotif/com.motorola.omni.PowerupReceiver
12-04 09:24:39.151 D/PermissionCache( 1751): checking android.permission.BODY_SENSORS for uid=10012 => granted (335 us)
12-04 09:24:39.161 D/SensorHAL( 1751): adjustSensorHandle: handle = 10 adjustedHandle = 1
12-04 09:24:39.161 D/SensorHAL( 1751): adjustSensorHandle: handle = 10 adjustedHandle = 1
12-04 09:24:39.161 D/SensorHALPedometerSensor( 1751): setDelay: ID_USER_PROFILE: 92b86050 19641426000 mask: 19641426
12-04 09:24:39.161 D/SensorHALPedometerSensor( 1751): setDelay: gender: 1 age: 43 height: 180 weight: 82
12-04 09:24:39.161 D/SensorHALPedometerSensor( 1751): Writing to /sys/bus/iio/devices/iio:device0/userdata: 0x01,0x2b,0xb4,0x52
12-04 09:24:39.171 D/SensorHAL( 1751): adjustSensorHandle: handle = 10 adjustedHandle = 1
12-04 09:24:39.281 D/SensorHAL( 1751): adjustSensorHandle: handle = 9 adjustedHandle = 1
12-04 09:24:39.281 D/SensorHAL( 1751): adjustSensorHandle: handle = 9 adjustedHandle = 1
12-04 09:24:39.361 D/SensorHAL( 1751): adjustSensorHandle: handle = 9 adjustedHandle = 1
12-04 09:24:39.391 D/dalvikvm( 1995): GC_CONCURRENT freed 312K, 19% free 2238K/2748K, paused 17ms+32ms, total 80ms
12-04 09:24:39.592 D/dalvikvm( 1995): GC_FOR_ALLOC freed 198K, 21% free 2186K/2748K, paused 27ms, total 39ms
12-04 09:24:39.592 I/dalvikvm-heap( 1995): Grow heap (frag case) to 2.934MB for 640016-byte allocation
12-04 09:24:39.622 D/dalvikvm( 1995): GC_FOR_ALLOC freed 13K, 18% free 2797K/3376K, paused 30ms, total 30ms
12-04 09:24:39.722 D/dalvikvm( 1995): GC_CONCURRENT freed 1K, 18% free 2798K/3376K, paused 18ms+35ms, total 94ms
12-04 09:24:39.852 D/dalvikvm( 1884): GC_CONCURRENT freed 341K, 19% free 2403K/2940K, paused 7ms+8ms, total 76ms
12-04 09:24:39.982 D/dalvikvm( 1995): GC_FOR_ALLOC freed 628K, 36% free 2173K/3376K, paused 221ms, total 222ms
12-04 09:24:39.982 I/dalvikvm-heap( 1995): Grow heap (frag case) to 2.922MB for 640016-byte allocation
12-04 09:24:40.012 D/dalvikvm( 1995): GC_FOR_ALLOC freed 2K, 18% free 2796K/3376K, paused 35ms, total 35ms
12-04 09:24:40.042 D/dalvikvm( 1995): GC_CONCURRENT freed <1K, 18% free 2796K/3376K, paused 3ms+11ms, total 25ms
12-04 09:24:40.212 W/bt-btif ( 2119): dm_pm_timer expires
12-04 09:24:40.212 W/bt-btif ( 2119): dm_pm_timer expires 0
12-04 09:24:40.212 W/bt-btif ( 2119): proc dm_pm_timer expires
12-04 09:24:43.365 I/CheckinService( 1884): Done disabling old GoogleServicesFramework version
12-04 09:24:43.816 I/Clockwork.Settings( 1870): firing a scheduled time sync now
12-04 09:24:43.816 I/Clockwork.Settings( 1870): sending time sync request - elapsedRealTime: 64672
12-04 09:24:43.996 I/Clockwork.Settings( 1870): time sync update time to 1417706683956, latency 185 ms
12-04 09:24:44.006 I/Clockwork.Settings( 1870): time sync timezone: America/Chicago
12-04 09:24:43.989 I/Clockwork.TimeService( 1974): set timezone to America/Chicago
12-04 09:24:43.989 D/AlarmManagerService( 1751): Kernel timezone updated to 360 minutes west of GMT
12-04 09:24:44.026 D/        ( 1751): Setting time of day to sec=1417706683
12-04 09:24:45.930 W/bt-btif ( 2119): dm_pm_timer expires
12-04 09:24:45.930 W/bt-btif ( 2119): dm_pm_timer expires 0
12-04 09:24:45.930 W/bt-btif ( 2119): proc dm_pm_timer expires
12-04 09:24:49.424 D/dalvikvm( 2051): GC_CONCURRENT freed 365K, 21% free 2260K/2828K, paused 3ms+3ms, total 29ms
12-04 09:24:53.137 D/ADSPD   ( 1411): Received from DSP: cmd=0x8000, size=2
12-04 09:24:53.748 I/PowerManagerService( 1751): Going to sleep due to screen timeout...
12-04 09:24:53.758 W/KeyguardServiceDelegate( 1751): onScreenTurnedOn(): no keyguard service!
12-04 09:24:53.758 I/PowerManagerService( 1751): Dozing...
12-04 09:24:53.768 I/DreamController( 1751): Starting dream: name=ComponentInfo{com.google.android.wearable.app/com.google.android.clockwork.home.AmbientMode}, isTest=false, canDoze=true, userId=0
12-04 09:24:53.778 W/InputMethodManagerService( 1751): Ignoring setImeWindowStatus of uid 1000 token: null
12-04 09:24:53.968 I/ActivityManager( 1751): START u0 {act=android.intent.action.MAIN cat=[android.intent.category.HOME] flg=0x10000000 cmp=com.google.android.wearable.app/com.google.android.clockwork.home.HomeActivity (has extras)} from pid 1870 on display 0
12-04 09:24:53.968 I/DreamController( 1751): Stopping dream: name=ComponentInfo{com.google.android.wearable.app/com.google.android.clockwork.home.AmbientMode}, isTest=false, canDoze=true, userId=0
12-04 09:24:53.988 I/PowerManagerService( 1751): Sleeping...
12-04 09:24:54.018 I/AmbientMode( 1870): Ambient mode started: canDoze=true, dozeHardware=null
12-04 09:24:54.048 D/mot_vr_audio_hw( 1418): dsp_recognizer_enabled = false
12-04 09:24:54.048 D/ADSPD   ( 1411): Client cmd=0x0003, size=4
12-04 09:24:54.048 D/mot_vr_audio_hw( 1418): Switching DSP to standby/passthrough mode
12-04 09:24:54.048 D/mot_vr_audio_hw( 1418): Input 0xb76cc838 ready to read
12-04 09:24:54.068 D/ADSPD   ( 1411): Received from DSP: cmd=0x8003, size=2
12-04 09:24:54.068 D/ADSPD   ( 1411): Client cmd=0x0003, size=4
12-04 09:24:54.068 D/mot_vr_audio_hw( 1418): received recognition control callback, status 0
12-04 09:24:54.078 D/ADSPD   ( 1411): Received from DSP: cmd=0x8003, size=2
12-04 09:24:54.078 D/mot_vr_audio_hw( 1418): received recognition control callback, status 0
12-04 09:24:54.078 I/ActivityManager( 1751): Waited long enough for: ServiceRecord{adf96de0 u0 com.motorola.targetnotif/com.motorola.omni.SensorListenerService}
12-04 09:24:54.078 I/ActivityManager( 1751): Resuming delayed broadcast
12-04 09:24:54.078 W/BroadcastQueue( 1751): Permission Denial: receiving Intent { act=android.intent.action.BOOT_COMPLETED flg=0x8000010 (has extras) } to com.npi.wearbatterystats/.receiver.BootReceiver requires android.permission.RECEIVE_BOOT_COMPLETED due to sender null (uid 1000)
12-04 09:24:54.098 W/mot_vr_audio_hw( 1418): Discarded 10 buffers without finding audio data
12-04 09:24:54.118 D/ADSPD   ( 1411): Client cmd=0x0003, size=4
12-04 09:24:54.118 D/mot_vr_audio_hw( 1418): Re-arming DSP
12-04 09:24:54.118 D/mot_vr_audio_hw( 1418): Input 0xb76cc838 standby complete
12-04 09:24:54.118 D/SensorHAL( 1751): adjustSensorHandle: handle = 9 adjustedHandle = 1
