12-04 09:23:58.216 W/ContextImpl( 1751): Calling a method in the system process without a qualified user: android.app.ContextImpl.bindService:1560 android.bluetooth.BluetoothPan.doBind:149 android.bluetooth.BluetoothPan.<init>:141 android.bluetooth.BluetoothAdapter.getProfileProxy:1370 android.bluetooth.BluetoothTetheringDataTracker.startMonitoring:119 
12-04 09:23:58.226 W/ProxyDataTracker( 1751): Reconnect requested even though proxy service is not up. Bailing.
12-04 09:23:58.246 I/WifiService( 1751): WifiService starting up with Wi-Fi disabled
12-04 09:23:58.286 D/WifiWatchdogStateMachine( 1751): Disabling poor network avoidance for wi-fi only device
12-04 09:23:58.296 I/SystemServer( 1751): Network Service Discovery Service
12-04 09:23:58.296 D/NsdService( 1751): Network service discovery enabled true
12-04 09:23:58.306 I/SystemServer( 1751): UpdateLock Service
12-04 09:23:58.406 I/SystemServiceManager( 1751): Starting com.android.server.notification.NotificationManagerService
12-04 09:23:58.427 I/SystemServiceManager( 1751): Starting com.android.server.storage.DeviceStorageMonitorService
12-04 09:23:58.437 I/SystemServer( 1751): Location Manager
12-04 09:23:58.447 I/SystemServer( 1751): Country Detector
12-04 09:23:58.447 I/SystemServer( 1751): Search Service
12-04 09:23:58.467 I/SystemServer( 1751): DropBox Service
12-04 09:23:58.467 I/SystemServer( 1751): Audio Service
12-04 09:23:58.767 D/dalvikvm( 1751): GC_CONCURRENT freed 261K, 12% free 3707K/4172K, paused 3ms+37ms, total 167ms
12-04 09:23:58.787 I/SystemServiceManager( 1751): Starting com.android.server.DockObserver
12-04 09:23:58.797 I/SystemServer( 1751): Wired Accessory Manager
12-04 09:23:58.797 W/WiredAccessoryManager( 1751): This kernel does not have wired headset support
12-04 09:23:58.797 W/WiredAccessoryManager( 1751): This kernel does not have usb audio support
12-04 09:23:58.797 W/WiredAccessoryManager( 1751): This kernel does not have HDMI audio support
12-04 09:23:58.797 I/SystemServiceManager( 1751): Starting com.android.server.usb.UsbService$Lifecycle
12-04 09:23:58.837 I/SystemServer( 1751): Serial Service
12-04 09:23:58.837 I/SystemServiceManager( 1751): Starting com.android.server.twilight.TwilightService
12-04 09:23:58.847 I/SystemServiceManager( 1751): Starting com.android.server.UiModeManagerService
12-04 09:23:58.857 I/SystemServer( 1751): Recognition Service
12-04 09:23:58.867 I/SystemServer( 1751): DiskStats Service
12-04 09:23:58.867 I/SystemServer( 1751): SamplingProfiler Service
12-04 09:23:58.877 I/SystemServer( 1751): NetworkTimeUpdateService
12-04 09:23:58.877 I/SystemServer( 1751): CommonTimeManagementService
12-04 09:23:58.887 I/SystemServer( 1751): CertBlacklister
12-04 09:23:58.887 I/SystemServiceManager( 1751): Starting com.android.server.dreams.DreamManagerService
12-04 09:23:58.897 E/McuHal  ( 1751): Couldn't load mcu module (No such file or directory)
12-04 09:23:58.897 E/HdmiCecJni( 1751): Error acquiring hardware module: -2
12-04 09:23:58.897 I/SystemServer( 1751): Assets Atlas Service
12-04 09:23:58.897 I/SystemServer( 1751): IdleMaintenanceService
12-04 09:23:58.897 I/SystemServiceManager( 1751): Starting com.android.server.hdmi.HdmiCecService
12-04 09:23:58.897 I/SystemServer( 1751): Media Router Service
12-04 09:23:58.917 I/WindowManager( 1751): SAFE MODE not enabled
12-04 09:23:58.917 D/Atlas   ( 1751): Loaded configuration: SliceMinArea (768x768) flags=0x2 count=4
12-04 09:23:58.917 D/dalvikvm( 1751): JIT started for system_server
12-04 09:23:59.017 I/SystemServiceManager( 1751): Starting phase 480
12-04 09:23:59.017 I/SystemServiceManager( 1751): Starting phase 500
12-04 09:23:59.037 I/ActivityManager( 1751): Config changes=200 {1.0 ?mcc?mnc en_US ldltr sw217dp w240dp h193dp 213dpi smll land watch finger -keyb/h/h -nav/h s.4}
12-04 09:23:59.087 V/KeyguardServiceDelegate( 1751): *** Keyguard: can't bind to com.android.keyguard.KeyguardService
12-04 09:23:59.087 V/KeyguardServiceDelegate( 1751): onSystemReady() called before keyguard service was ready
12-04 09:23:59.087 W/ActivityManager( 1751): Unable to start service Intent { cmp=com.android.keyguard/.KeyguardService } U=0: not found
12-04 09:23:59.187 I/AppOps  ( 1751): Pruning old package media/1013: new uid=-1
12-04 09:23:59.187 I/ActivityManager( 1751): System now ready
12-04 09:23:59.207 I/SystemServer( 1751): Making services ready
12-04 09:23:59.207 I/SystemServiceManager( 1751): Starting phase 550
12-04 09:23:59.217 I/Zygote  ( 1751): Process: zygote socket opened
12-04 09:23:59.237 I/ActivityManager( 1751): Start proc android.process.media for broadcast com.android.providers.media/.MtpReceiver: pid=1807 uid=10009 gids={50009, 1028, 1015, 1023, 1024, 2001, 3003, 3007}
12-04 09:23:59.237 W/ActivityManager( 1751): Unable to start service Intent { cmp=com.android.systemui/.SystemUIService } U=0: not found
12-04 09:23:59.237 D/NetworkManagementService( 1751): enabling bandwidth control
12-04 09:23:59.237 W/MountService( 1751): Duplicate state transition (mounted -> mounted) for /storage/emulated/0
12-04 09:23:59.287 D/SurfaceFlinger( 1416): Screen acquired, type=0 flinger=0xb7fe9448
12-04 09:23:59.287 D/SurfaceFlinger( 1416):  screen was previously acquired
12-04 09:23:59.287 I/DisplayManagerService( 1751): Display device changed: DisplayDeviceInfo{"Built-in Screen": 320 x 290, 45.000004 fps, density 213, 203.2 x 204.61111 dpi, touch INTERNAL, rotation 0, type BUILT_IN, state ON, FLAG_DEFAULT_DISPLAY, FLAG_ROTATES_WITH_CONTENT, FLAG_SECURE, FLAG_SUPPORTS_PROTECTED_BUFFERS}
12-04 09:23:59.327 D/Atlas   ( 1751): Rendered atlas in 293.46ms (0.31+293.15ms)
12-04 09:23:59.818 E/NetdConnector( 1751): NDC Command {1 bandwidth enable} took too long (582ms)
12-04 09:24:00.348 D/dalvikvm( 1751): GC_CONCURRENT freed 323K, 12% free 3888K/4412K, paused 4ms+3ms, total 304ms
12-04 09:24:00.418 W/RecognitionManagerService( 1751): no available voice recognition services found for user 0
12-04 09:24:00.428 I/SystemServiceManager( 1751): Starting phase 600
12-04 09:24:00.428 V/NotificationService( 1751): enabling notification listener for user 0: ComponentInfo{com.google.android.wearable.app/com.google.android.clockwork.stream.NotificationCollectorService}
12-04 09:24:00.448 I/ActivityManager( 1751): Start proc com.google.android.wearable.app for service com.google.android.wearable.app/com.google.android.clockwork.stream.NotificationCollectorService: pid=1870 uid=10003 gids={50003, 3002, 3001, 3003, 1028, 1015}
12-04 09:24:00.448 W/InputMethodManagerService( 1751): Ignoring setImeWindowStatus of uid 1000 token: null
12-04 09:24:00.448 W/InputMethodManagerService( 1751): Reset the default IME as "Resource" is ready here.
12-04 09:24:00.479 W/InputMethodUtils( 1751): NameNotFoundException: com.android.inputmethod.latin
12-04 09:24:00.479 W/InputMethodUtils( 1751): android.content.pm.PackageManager$NameNotFoundException: com.android.inputmethod.latin
12-04 09:24:00.479 W/InputMethodUtils( 1751): 	at android.app.ApplicationPackageManager.getApplicationInfo(ApplicationPackageManager.java:246)
12-04 09:24:00.479 W/InputMethodUtils( 1751): 	at com.android.internal.inputmethod.InputMethodUtils.setNonSelectedSystemImesDisabledUntilUsed(InputMethodUtils.java:441)
12-04 09:24:00.479 W/InputMethodUtils( 1751): 	at com.android.server.InputMethodManagerService.systemRunning(InputMethodManagerService.java:854)
12-04 09:24:00.479 W/InputMethodUtils( 1751): 	at com.android.server.SystemServer$2.run(SystemServer.java:1067)
12-04 09:24:00.479 W/InputMethodUtils( 1751): 	at com.android.server.am.ActivityManagerService.systemReady(ActivityManagerService.java:9226)
12-04 09:24:00.479 W/InputMethodUtils( 1751): 	at com.android.server.SystemServer.startOtherServices(SystemServer.java:1002)
12-04 09:24:00.479 W/InputMethodUtils( 1751): 	at com.android.server.SystemServer.run(SystemServer.java:223)
12-04 09:24:00.479 W/InputMethodUtils( 1751): 	at com.android.server.SystemServer.main(SystemServer.java:142)
12-04 09:24:00.479 W/InputMethodUtils( 1751): 	at java.lang.reflect.Method.invokeNative(Native Method)
12-04 09:24:00.479 W/InputMethodUtils( 1751): 	at java.lang.reflect.Method.invoke(Method.java:515)
12-04 09:24:00.479 W/InputMethodUtils( 1751): 	at com.android.internal.os.ZygoteInit$MethodAndArgsCaller.run(ZygoteInit.java:777)
12-04 09:24:00.479 W/InputMethodUtils( 1751): 	at com.android.internal.os.ZygoteInit.main(ZygoteInit.java:602)
12-04 09:24:00.479 W/InputMethodUtils( 1751): 	at dalvik.system.NativeStart.main(Native Method)
12-04 09:24:00.509 W/GpsLocationProvider( 1751): Could not open GPS configuration file /etc/gps.conf
12-04 09:24:00.529 W/LocationProviderProxy-network( 1751): com.google.android.gms resolves service com.android.location.service.v3.NetworkLocationProvider, but has wrong signature, ignoring
12-04 09:24:00.529 W/LocationManagerService( 1751): no network location provider found
12-04 09:24:00.549 W/GeocoderProxy( 1751): com.google.android.gms resolves service com.android.location.service.GeocodeProvider, but has wrong signature, ignoring
12-04 09:24:00.549 E/SELinux ( 1807): SELinux: Loaded file_contexts from /file_contexts, 
12-04 09:24:00.549 E/SELinux ( 1807): digest=
12-04 09:24:00.549 E/SELinux ( 1807): 97
12-04 09:24:00.549 E/SELinux ( 1807): 5e
12-04 09:24:00.549 E/SELinux ( 1807): e9
12-04 09:24:00.549 E/SELinux ( 1807): e8
12-04 09:24:00.549 E/SELinux ( 1807): 3a
12-04 09:24:00.549 E/SELinux ( 1807): a5
12-04 09:24:00.549 E/SELinux ( 1807): b3
12-04 09:24:00.549 E/SELinux ( 1807): 2f
12-04 09:24:00.549 E/SELinux ( 1807): 7c
12-04 09:24:00.549 E/SELinux ( 1807): 90
12-04 09:24:00.549 E/SELinux ( 1807): 4c
12-04 09:24:00.549 E/SELinux ( 1807): 2f
12-04 09:24:00.549 E/SELinux ( 1807): 85
12-04 09:24:00.549 E/SELinux ( 1807): 1f
12-04 09:24:00.549 E/SELinux ( 1807): 89
12-04 09:24:00.549 E/SELinux ( 1807): 5a
12-04 09:24:00.549 E/SELinux ( 1807): 52
12-04 09:24:00.549 E/SELinux ( 1807): 84
12-04 09:24:00.549 E/SELinux ( 1807): ad
12-04 09:24:00.549 E/SELinux ( 1807): 40
12-04 09:24:00.549 E/SELinux ( 1807): 
12-04 09:24:00.549 E/FlpHardwareProvider( 1751): Error hw_get_module 'flp': -2
12-04 09:24:00.549 E/LocationManagerService( 1751): no geocoder provider found
12-04 09:24:00.559 W/FusedProxy( 1751): com.google.android.gms resolves service com.android.location.service.FusedProvider, but has wrong signature, ignoring
12-04 09:24:00.559 E/FlpHardwareProvider( 1751): Error hw_get_module 'flp': -2
12-04 09:24:00.559 E/LocationManagerService( 1751): No FusedProvider found.
12-04 09:24:00.589 W/GeofenceProxy( 1751): com.google.android.gms resolves service com.android.location.service.GeofenceProvider, but has wrong signature, ignoring
12-04 09:24:00.589 E/LocationManagerService( 1751): no geofence provider found
12-04 09:24:00.629 I/CommonTimeManagementService( 1751): No common time service detected on this platform.  Common time services will be unavailable.
12-04 09:24:00.639 I/InputReader( 1751): Reconfiguring input devices.  changes=0x00000020
12-04 09:24:00.639 I/ActivityManager( 1751): Start proc com.google.android.gms for broadcast com.google.android.gms/com.google.android.location.internal.NlpNetworkProviderSettingsUpdateReceiver: pid=1884 uid=10010 gids={50010, 3003, 3002, 3001, 1028, 1015, 1007, 2001, 3006}
12-04 09:24:00.649 I/InputReader( 1751): Reconfiguring input devices.  changes=0x00000010
12-04 09:24:00.649 I/SystemServiceManager( 1751): Starting phase 1000
12-04 09:24:00.659 I/ActivityManager( 1751): START u0 {act=android.intent.action.MAIN cat=[android.intent.category.HOME] flg=0x10000000 cmp=com.google.android.wearable.app/com.google.android.clockwork.home.HomeActivity} from pid 0 on display 0
12-04 09:24:00.799 V/ActivityManager( 1751): Display changed displayId=0
12-04 09:24:00.799 V/ActivityManager( 1751): Display changed displayId=0
12-04 09:24:00.819 I/Choreographer( 1751): Skipped 78 frames!  The application may be doing too much work on its main thread.
12-04 09:24:00.839 W/InputMethodManagerService( 1751): Focus gain on non-focused client android.view.inputmethod.InputMethodManager$1@adef8838 (uid=1000 pid=1751)
12-04 09:24:00.839 V/ActivityManager( 1751): Display changed displayId=0
12-04 09:24:00.839 V/ActivityManager( 1751): Display changed displayId=0
12-04 09:24:00.949 V/NotificationService( 1751): enabling notification listener for user 0: ComponentInfo{com.google.android.wearable.app/com.google.android.clockwork.stream.NotificationCollectorService}
12-04 09:24:00.959 D/BluetoothManagerService( 1751): Message: 300
12-04 09:24:00.959 D/BluetoothManagerService( 1751): MESSAGE_USER_SWITCHED
12-04 09:24:01.039 I/MultiDex( 1884): VM with version 1.6.0 does not have multidex support
12-04 09:24:01.039 I/MultiDex( 1884): install
12-04 09:24:01.069 I/MultiDex( 1884): MultiDexExtractor.load(/data/app/com.google.android.gms-1.apk, false)
12-04 09:24:01.089 I/ActivityManager( 1751): Start proc com.google.android.gms.wearable for service com.google.android.gms/.wearable.service.WearableService: pid=1899 uid=10010 gids={50010, 3003, 3002, 3001, 1028, 1015, 1007, 2001, 3006}
12-04 09:24:01.119 I/MultiDex( 1884): loading existing secondary dex files
12-04 09:24:01.119 I/MultiDex( 1884): load found 1 secondary dex files
12-04 09:24:01.169 I/MultiDex( 1884): install done
12-04 09:24:01.179 I/ActivityManager( 1751): Start proc com.google.process.gapps for content provider com.google.android.gsf/.gservices.GservicesProvider: pid=1911 uid=10010 gids={50010, 3003, 3002, 3001, 1028, 1015, 1007, 2001, 3006}
12-04 09:24:01.209 I/FusedLocation( 1751): engine started (com.android.location.fused)
12-04 09:24:01.379 I/MultiDex( 1899): VM with version 1.6.0 does not have multidex support
12-04 09:24:01.379 I/MultiDex( 1899): install
12-04 09:24:01.379 I/MultiDex( 1899): MultiDexExtractor.load(/data/app/com.google.android.gms-1.apk, false)
12-04 09:24:01.419 I/MultiDex( 1899): loading existing secondary dex files
12-04 09:24:01.419 I/MultiDex( 1899): load found 1 secondary dex files
12-04 09:24:01.429 I/MultiDex( 1899): install done
12-04 09:24:01.700 I/GservicesProvider( 1911): Gservices pushing to system: true; secure/global: true
12-04 09:24:01.870 D/dalvikvm( 1911): GC_CONCURRENT freed 180K, 16% free 2048K/2424K, paused 3ms+15ms, total 53ms
12-04 09:24:02.040 I/ProviderInstaller( 1884): Insert disabled by gate 'gms:security:enable_conscrypt_in_gms_application'
12-04 09:24:02.040 I/ProviderInstaller( 1899): Insert disabled by gate 'gms:security:enable_conscrypt_in_gms_application'
12-04 09:24:02.100 I/dalvikvm( 1899): Could not find method android.os.UserManager.getUserProfiles, referenced from method com.google.android.gms.wearable.service.y.a
12-04 09:24:02.100 W/dalvikvm( 1899): VFY: unable to resolve virtual method 569: Landroid/os/UserManager;.getUserProfiles ()Ljava/util/List;
12-04 09:24:02.100 D/dalvikvm( 1899): VFY: replacing opcode 0x6e at 0x0035
12-04 09:24:02.270 D/dalvikvm( 1870): GC_CONCURRENT freed 212K, 17% free 2125K/2532K, paused 3ms+24ms, total 145ms
12-04 09:24:02.270 D/dalvikvm( 1870): WAIT_FOR_CONCURRENT_GC blocked 12ms
12-04 09:24:02.280 D/dalvikvm( 1870): WAIT_FOR_CONCURRENT_GC blocked 14ms
12-04 09:24:02.320 I/ActivityManager( 1751): Start proc com.google.android.gms.ui for broadcast com.google.android.gms/com.google.android.location.network.LocationProviderChangeReceiver: pid=1939 uid=10010 gids={50010, 3003, 3002, 3001, 1028, 1015, 1007, 2001, 3006}
12-04 09:24:02.380 D/dalvikvm( 1751): GC_CONCURRENT freed 246K, 10% free 4047K/4492K, paused 7ms+3ms, total 335ms
12-04 09:24:02.541 I/MultiDex( 1939): VM with version 1.6.0 does not have multidex support
12-04 09:24:02.541 I/MultiDex( 1939): install
12-04 09:24:02.571 I/MultiDex( 1939): MultiDexExtractor.load(/data/app/com.google.android.gms-1.apk, false)
12-04 09:24:02.571 I/AudioInjector( 1870): Not enabling AudioInjector
12-04 09:24:02.591 I/str_params( 1418): key: 'dsp_recognizer_supported' value: ''
12-04 09:24:02.631 I/MultiDex( 1939): loading existing secondary dex files
12-04 09:24:02.631 I/MultiDex( 1939): load found 1 secondary dex files
12-04 09:24:02.641 I/MultiDex( 1939): install done
12-04 09:24:02.741 I/ProviderInstaller( 1939): Insert disabled by gate 'gms:security:enable_conscrypt_in_gms_application'
12-04 09:24:02.851 D/dalvikvm( 1899): GC_CONCURRENT freed 379K, 23% free 1929K/2500K, paused 19ms+20ms, total 117ms
12-04 09:24:02.861 I/GCoreNlp( 1939): shouldConfirmNlp, NLP off. Ensuring opt-in disabled
12-04 09:24:02.921 E/dalvikvm( 1899): Could not find class 'android.telecom.TelecomManager', referenced from method com.google.android.gms.wearable.service.o.e
12-04 09:24:02.921 W/dalvikvm( 1899): VFY: unable to resolve check-cast 176 (Landroid/telecom/TelecomManager;) in Lcom/google/android/gms/wearable/service/o;
12-04 09:24:02.921 D/dalvikvm( 1899): VFY: replacing opcode 0x1f at 0x0054
12-04 09:24:02.921 W/dalvikvm( 1899): VFY: unable to find class referenced in signature (Landroid/telecom/TelecomManager;)
12-04 09:24:03.061 I/ActivityManager( 1751): Start proc com.google.process.location for broadcast com.google.android.gms/com.google.android.location.reporting.service.ExternalChangeReceiver: pid=1967 uid=10010 gids={50010, 3003, 3002, 3001, 1028, 1015, 1007, 2001, 3006}
12-04 09:24:03.081 D/dalvikvm( 1870): GC_CONCURRENT freed 237K, 17% free 2288K/2724K, paused 3ms+25ms, total 122ms
12-04 09:24:03.111 I/ActivityManager( 1751): Start proc com.google.android.apps.wearable.settings for content provider com.google.android.apps.wearable.settings/com.google.android.clockwork.settings.SettingsProvider: pid=1974 uid=1000 gids={41000, 3002, 3001, 3003}
12-04 09:24:03.271 I/MultiDex( 1967): VM with version 1.6.0 does not have multidex support
12-04 09:24:03.271 I/MultiDex( 1967): install
12-04 09:24:03.301 I/MultiDex( 1967): MultiDexExtractor.load(/data/app/com.google.android.gms-1.apk, false)
12-04 09:24:03.361 I/MultiDex( 1967): loading existing secondary dex files
12-04 09:24:03.361 I/MultiDex( 1967): load found 1 secondary dex files
12-04 09:24:03.371 I/MultiDex( 1967): install done
12-04 09:24:03.511 I/ProviderInstaller( 1967): Insert disabled by gate 'gms:security:enable_conscrypt_in_gms_application'
12-04 09:24:03.531 I/GCoreUlr( 1967): Not starting ULR on wearable device.
12-04 09:24:03.552 I/GCoreUlr( 1967): Not starting ULR on wearable device.
12-04 09:24:03.592 I/ActivityManager( 1751): Start proc com.motorola.targetnotif for broadcast com.motorola.targetnotif/com.motorola.loop.NagAlarmReceiver: pid=1995 uid=10012 gids={50012, 3002}
12-04 09:24:03.612 D/dalvikvm( 1417): GC_EXPLICIT freed 42K, 12% free 1832K/2072K, paused 1ms+1ms, total 29ms
12-04 09:24:03.632 D/dalvikvm( 1417): GC_EXPLICIT freed <1K, 12% free 1832K/2072K, paused 1ms+4ms, total 24ms
12-04 09:24:03.662 D/dalvikvm( 1417): GC_EXPLICIT freed <1K, 12% free 1832K/2072K, paused 1ms+8ms, total 26ms
12-04 09:24:04.102 D/dalvikvm( 1899): GC_CONCURRENT freed 312K, 21% free 2005K/2516K, paused 2ms+12ms, total 65ms
12-04 09:24:04.332 D/mot_vr_audio_hw( 1418): dsp_recognizer_enabled = true
12-04 09:24:04.332 D/mot_vr_audio_hw( 1418): ADSPD connection is stale.  Reconnecting...
12-04 09:24:04.332 D/ADSPD   ( 1411): Incoming connection from client
12-04 09:24:04.342 D/mot_vr_audio_hw( 1418): ADSPD connected successfully
12-04 09:24:04.342 D/ADSPD   ( 1411): Client cmd=0x0003, size=4
12-04 09:24:04.342 D/mot_vr_audio_hw( 1418): open_input_stream(): devices = 0x80000004, rate = 8000, channels = 0x10
12-04 09:24:04.342 D/mot_vr_audio_hw( 1418): Created resampler for 16000->8000 Hz
12-04 09:24:04.352 D/ADSPD   ( 1411): Received from DSP: cmd=0x8003, size=2
12-04 09:24:04.352 D/ADSPD   ( 1411): Client cmd=0x4003, size=2
12-04 09:24:04.352 D/mot_vr_audio_hw( 1418): received recognition control callback, status 0
12-04 09:24:04.372 I/ActivityManager( 1751): Start proc com.google.android.music for broadcast com.google.android.music/com.google.android.wearable.datatransfer.DataSyncEventReceiver: pid=2011 uid=10038 gids={50038, 3003}
12-04 09:24:04.382 D/mot_vr_audio_hw( 1418): in_read waiting for hotword
12-04 09:24:04.392 D/dalvikvm( 1995): GC_CONCURRENT freed 192K, 16% free 2039K/2424K, paused 4ms+32ms, total 132ms
12-04 09:24:04.532 W/ServiceManager( 1751): Permission failure: android.permission.BODY_SENSORS from uid=10003 pid=1870
12-04 09:24:04.532 D/PermissionCache( 1751): checking android.permission.BODY_SENSORS for uid=10003 => denied (335 us)
12-04 09:24:04.532 I/SensorService( 1751): Skipped sensor Heart Rate Sensor because it requires permission android.permission.BODY_SENSORS
12-04 09:24:04.673 D/CodecAvailabilityUtils( 2011): Found codec for MPEG: OMX.google.mp3.decoder
12-04 09:24:04.813 D/dalvikvm( 1870): GC_CONCURRENT freed 176K, 13% free 2523K/2896K, paused 3ms+32ms, total 123ms
12-04 09:24:04.923 W/dalvikvm( 1899): VFY: unable to find class referenced in signature (Landroid/telecom/TelecomManager;)
12-04 09:24:04.923 W/dalvikvm( 1899): VFY: unable to find class referenced in signature (Landroid/telecom/TelecomManager;)
12-04 09:24:04.943 I/GCoreNlp( 1939): shouldConfirmNlp, NLP off. Ensuring opt-in disabled
12-04 09:24:05.063 I/GCoreUlr( 1967): Not starting ULR on wearable device.
12-04 09:24:05.073 I/ActivityManager( 1751): Delay finish: com.google.android.gms/.wearable.init.InitializeGmsWearableReceiver
12-04 09:24:05.113 D/WearableClient( 2011): WearableClientImpl.onPostInitHandler: done
12-04 09:24:05.113 D/WearableClient( 1870): WearableClientImpl.onPostInitHandler: done
12-04 09:24:05.113 D/WearableClient( 1995): WearableClientImpl.onPostInitHandler: done
12-04 09:24:05.123 I/Choreographer( 1870): Skipped 48 frames!  The application may be doing too much work on its main thread.
12-04 09:24:05.453 D/dalvikvm( 2011): GC_CONCURRENT freed 168K, 15% free 2095K/2464K, paused 4ms+30ms, total 110ms
12-04 09:24:05.523 D/WearableClient( 2011): WearableClientImpl.onPostInitHandler: done
12-04 09:24:05.694 D/WearableClient( 2011): WearableClientImpl.onPostInitHandler: done
12-04 09:24:05.724 D/OpenGLRenderer( 1870): Enabling debug mode 0
12-04 09:24:05.764 D/dalvikvm( 1899): GC_CONCURRENT freed 329K, 21% free 2078K/2604K, paused 2ms+27ms, total 91ms
12-04 09:24:06.074 I/WearableClient( 1870): onConnected: null
12-04 09:24:06.074 I/Choreographer( 1870): Skipped 42 frames!  The application may be doing too much work on its main thread.
12-04 09:24:06.104 D/WearableClient( 1995): WearableClientImpl.onPostInitHandler: done
12-04 09:24:06.254 I/ActivityManager( 1751): Displayed com.google.android.wearable.app/com.google.android.clockwork.home.HomeActivity: +5s521ms
12-04 09:24:06.294 D/dalvikvm( 1899): GC_CONCURRENT freed 215K, 16% free 2295K/2708K, paused 2ms+56ms, total 90ms
12-04 09:24:06.364 E/HostWithRpcCallback( 1870): Failed to send RPC
12-04 09:24:06.364 E/HostWithRpcCallback( 1870): com.google.android.wearable.gmsclient.WearableException: sendRpcAsync failed: Status{statusCode=unknown status code: 4000, resolution=null}
12-04 09:24:06.364 E/HostWithRpcCallback( 1870): 	at com.google.android.wearable.gmsclient.GoogleApiClientHelper.throwIfFailed(GoogleApiClientHelper.java:98)
12-04 09:24:06.364 E/HostWithRpcCallback( 1870): 	at com.google.android.wearable.gmsclient.MessageManager$1$1.getResult(MessageManager.java:81)
12-04 09:24:06.364 E/HostWithRpcCallback( 1870): 	at com.google.android.wearable.gmsclient.MessageManager$1$1.getResult(MessageManager.java:78)
12-04 09:24:06.364 E/HostWithRpcCallback( 1870): 	at com.google.android.clockwork.actions.WearableHostWithRpcCallback$SendRpcCallbackWithId.onSendRpc(WearableHostWithRpcCallback.java:292)
12-04 09:24:06.364 E/HostWithRpcCallback( 1870): 	at com.google.android.wearable.gmsclient.MessageManager$1.onResult(MessageManager.java:78)
12-04 09:24:06.364 E/HostWithRpcCallback( 1870): 	at com.google.android.wearable.gmsclient.MessageManager$1.onResult(MessageManager.java:75)
12-04 09:24:06.364 E/HostWithRpcCallback( 1870): 	at com.google.android.gms.common.api.BaseImplementation$CallbackHandler.deliverResultCallback(Unknown Source)
12-04 09:24:06.364 E/HostWithRpcCallback( 1870): 	at com.google.android.gms.common.api.BaseImplementation$CallbackHandler.handleMessage(Unknown Source)
12-04 09:24:06.364 E/HostWithRpcCallback( 1870): 	at android.os.Handler.dispatchMessage(Handler.java:102)
12-04 09:24:06.364 E/HostWithRpcCallback( 1870): 	at android.os.Looper.loop(Looper.java:136)
12-04 09:24:06.364 E/HostWithRpcCallback( 1870): 	at android.app.ActivityThread.main(ActivityThread.java:5026)
12-04 09:24:06.364 E/HostWithRpcCallback( 1870): 	at java.lang.reflect.Method.invokeNative(Native Method)
12-04 09:24:06.364 E/HostWithRpcCallback( 1870): 	at java.lang.reflect.Method.invoke(Method.java:515)
12-04 09:24:06.364 E/HostWithRpcCallback( 1870): 	at com.android.internal.os.ZygoteInit$MethodAndArgsCaller.run(ZygoteInit.java:777)
12-04 09:24:06.364 E/HostWithRpcCallback( 1870): 	at com.android.internal.os.ZygoteInit.main(ZygoteInit.java:602)
12-04 09:24:06.364 E/HostWithRpcCallback( 1870): 	at dalvik.system.NativeStart.main(Native Method)
12-04 09:24:06.584 D/dalvikvm( 1870): GC_CONCURRENT freed 306K, 16% free 2720K/3224K, paused 10ms+17ms, total 79ms
12-04 09:24:06.584 D/dalvikvm( 1870): WAIT_FOR_CONCURRENT_GC blocked 12ms
12-04 09:24:06.735 I/DisplayManagerService( 1751): Display device added: DisplayDeviceInfo{"ActivityViewVirtualDisplay": 320 x 320, 60.0 fps, density 213, 213.0 x 213.0 dpi, touch NONE, rotation 0, type VIRTUAL, state OFF, owner android (uid 1000), FLAG_OWN_CONTENT_ONLY}
12-04 09:24:06.745 V/ActivityManager( 1751): Display added displayId=1
12-04 09:24:06.755 V/ActivityManager( 1751): Display changed displayId=1
12-04 09:24:06.765 I/ActivityManager( 1751): START u0 {flg=0x18010000 cmp=org.dwallach.calwatch/.WearActivity (has extras)} from pid 1870 on display 1
12-04 09:24:06.805 I/ActivityManager( 1751): Start proc org.dwallach.calwatch for activity org.dwallach.calwatch/.WearActivity: pid=2051 uid=10046 gids={50046, 1028, 1015}
12-04 09:24:06.895 I/SurfaceFlinger( 1416): Boot is finished (25995 ms)
12-04 09:24:06.925 V/ActivityManager( 1751): Display changed displayId=0
12-04 09:24:06.995 I/sh      ( 2059): could not open /customize/personalization.json, No such file or directory
12-04 09:24:06.995 I/sh      ( 2059): /init.mmi.boot.sh[22]: cut: not found
12-04 09:24:07.035 I/sh      ( 2059): usage: setprop <key> <value>
12-04 09:24:07.215 V/WearActivity( 2051): starting onCreate
12-04 09:24:07.215 I/VersionWrapper( 2051): Version: release1b-10-g209404f (304)
12-04 09:24:07.245 V/WearNotificationHelper( 2051): init: active=true
12-04 09:24:07.305 D/WearableConn( 1899): adding a name to a ROLE_SERVER config that has no name
12-04 09:24:07.345 D/dalvikvm( 1870): GC_CONCURRENT freed 426K, 19% free 2777K/3400K, paused 21ms+12ms, total 146ms
12-04 09:24:07.355 D/WearableConn( 1899): adding a name to a ROLE_SERVER config that has no name
12-04 09:24:07.365 V/WearActivity( 2051): initAmbientWatcher: starting
12-04 09:24:07.365 V/WearActivity( 2051): initializing tickReceiver
12-04 09:24:07.395 V/WearActivity( 2051): initializing displayListener
12-04 09:24:07.395 V/WearActivity( 2051): initAmbientWatcher: complete
12-04 09:24:07.405 V/WearActivity( 2051): Resume!
12-04 09:24:07.435 V/WearReceiverService( 2051): starting listening service
12-04 09:24:07.435 V/WearReceiverService( 2051): onCreate!
12-04 09:24:07.435 V/WearReceiverService( 2051): Trying to connect to GoogleApi
12-04 09:24:07.475 D/dalvikvm( 1899): GC_CONCURRENT freed 381K, 21% free 2307K/2884K, paused 2ms+27ms, total 54ms
12-04 09:24:07.485 E/HostWithRpcCallback( 1870): Failed to send RPC
12-04 09:24:07.485 E/HostWithRpcCallback( 1870): com.google.android.wearable.gmsclient.WearableException: sendRpcAsync failed: Status{statusCode=unknown status code: 4000, resolution=null}
12-04 09:24:07.485 E/HostWithRpcCallback( 1870): 	at com.google.android.wearable.gmsclient.GoogleApiClientHelper.throwIfFailed(GoogleApiClientHelper.java:98)
12-04 09:24:07.485 E/HostWithRpcCallback( 1870): 	at com.google.android.wearable.gmsclient.MessageManager$1$1.getResult(MessageManager.java:81)
12-04 09:24:07.485 E/HostWithRpcCallback( 1870): 	at com.google.android.wearable.gmsclient.MessageManager$1$1.getResult(MessageManager.java:78)
12-04 09:24:07.485 E/HostWithRpcCallback( 1870): 	at com.google.android.clockwork.actions.WearableHostWithRpcCallback$SendRpcCallbackWithId.onSendRpc(WearableHostWithRpcCallback.java:292)
12-04 09:24:07.485 E/HostWithRpcCallback( 1870): 	at com.google.android.wearable.gmsclient.MessageManager$1.onResult(MessageManager.java:78)
12-04 09:24:07.485 E/HostWithRpcCallback( 1870): 	at com.google.android.wearable.gmsclient.MessageManager$1.onResult(MessageManager.java:75)
12-04 09:24:07.485 E/HostWithRpcCallback( 1870): 	at com.google.android.gms.common.api.BaseImplementation$CallbackHandler.deliverResultCallback(Unknown Source)
12-04 09:24:07.485 E/HostWithRpcCallback( 1870): 	at com.google.android.gms.common.api.BaseImplementation$CallbackHandler.handleMessage(Unknown Source)
12-04 09:24:07.485 E/HostWithRpcCallback( 1870): 	at android.os.Handler.dispatchMessage(Handler.java:102)
12-04 09:24:07.485 E/HostWithRpcCallback( 1870): 	at android.os.Looper.loop(Looper.java:136)
12-04 09:24:07.485 E/HostWithRpcCallback( 1870): 	at android.app.ActivityThread.main(ActivityThread.java:5026)
12-04 09:24:07.485 E/HostWithRpcCallback( 1870): 	at java.lang.reflect.Method.invokeNative(Native Method)
12-04 09:24:07.485 E/HostWithRpcCallback( 1870): 	at java.lang.reflect.Method.invoke(Method.java:515)
12-04 09:24:07.485 E/HostWithRpcCallback( 1870): 	at com.android.internal.os.ZygoteInit$MethodAndArgsCaller.run(ZygoteInit.java:777)
12-04 09:24:07.485 E/HostWithRpcCallback( 1870): 	at com.android.internal.os.ZygoteInit.main(ZygoteInit.java:602)
12-04 09:24:07.485 E/HostWithRpcCallback( 1870): 	at dalvik.system.NativeStart.main(Native Method)
12-04 09:24:07.485 W/RemoteResources( 1870): unable to get resource strings
12-04 09:24:07.545 V/WearReceiverService( 2051): service starting!
12-04 09:24:07.545 V/BatteryWrapper( 2051): Hmm, a new context
12-04 09:24:07.555 V/WearReceiverService( 2051): loadPreferences
12-04 09:24:07.565 V/WearNotificationHelper( 2051): nuking any notifications, just in case
12-04 09:24:07.635 V/ClockState( 2051): new calendar event list, 7 entries
12-04 09:24:07.635 V/ClockState( 2051): event update complete
12-04 09:24:07.645 D/dalvikvm( 2051): GC_CONCURRENT freed 192K, 16% free 2078K/2472K, paused 13ms+1ms, total 53ms
12-04 09:24:07.666 V/MyViewAnim( 2051): setup! numViewAnims: 1
12-04 09:24:07.666 V/MyViewAnim( 2051): initializing ClockFace
12-04 09:24:07.666 V/ClockFace( 2051): ClockFace setup!
12-04 09:24:07.666 V/ClockFace( 2051): clearing caches
12-04 09:24:07.666 V/ClockState( 2051): clipping 7 raw events to fit the screen
12-04 09:24:07.806 V/EventLayoutUniform( 2051): Event layout success.
12-04 09:24:07.806 V/EventLayoutUniform( 2051): Event layout time: 137.023926 ms
12-04 09:24:07.806 V/ClockState( 2051): maxLevel for new events: 10000
12-04 09:24:07.806 V/ClockState( 2051): number of new events: 6
12-04 09:24:07.806 V/ClockFace( 2051): Moto 360 detected. Flat bottom hack enabled.
12-04 09:24:07.806 V/MyViewAnim( 2051): draw thread desired: true
12-04 09:24:07.806 V/WearActivity( 2051): starting data API receiver
12-04 09:24:08.036 D/OpenGLRenderer( 2051): Enabling debug mode 0
12-04 09:24:08.086 D/dalvikvm( 1870): GC_CONCURRENT freed 415K, 18% free 2810K/3424K, paused 2ms+42ms, total 82ms
12-04 09:24:08.126 I/WearablePkgInstaller( 1870): Fingerprint and forceInstall are unchanged for com.amazon.mShop.android
12-04 09:24:08.136 I/WearablePkgInstaller( 1870): Fingerprint and forceInstall are unchanged for com.google.android.GoogleCamera
12-04 09:24:08.136 I/WearablePkgInstaller( 1870): Fingerprint and forceInstall are unchanged for com.google.android.apps.fitness
12-04 09:24:08.136 I/WearablePkgInstaller( 1870): Fingerprint and forceInstall are unchanged for com.google.android.apps.maps
12-04 09:24:08.136 I/WearablePkgInstaller( 1870): Fingerprint and forceInstall are unchanged for com.google.android.keep
12-04 09:24:08.166 V/MyViewAnim( 2051): Drawing surface created!
12-04 09:24:08.166 V/MyViewAnim( 2051): success getting new surface holder
12-04 09:24:08.176 V/ClockFace( 2051): rendering new face, faceMode(0)
12-04 09:24:08.206 I/WearablePkgInstaller( 1870): Fingerprint and forceInstall are unchanged for com.google.android.maps.mytracks
12-04 09:24:08.226 I/WearablePkgInstaller( 1870): Fingerprint and forceInstall are unchanged for com.google.android.music
12-04 09:24:08.246 I/WearablePkgInstaller( 1870): Fingerprint and forceInstall are unchanged for com.google.android.wearable.app
12-04 09:24:08.246 I/WearablePkgInstaller( 1870): Fingerprint and forceInstall are unchanged for com.motorola.targetnotif
12-04 09:24:08.256 I/WearablePkgInstaller( 1870): Fingerprint and forceInstall are unchanged for com.npi.wearbatterystats
12-04 09:24:08.256 I/WearablePkgInstaller( 1870): Fingerprint and forceInstall are unchanged for com.trello
12-04 09:24:08.256 I/WearablePkgInstaller( 1870): Fingerprint and forceInstall are unchanged for me.lyft.android
12-04 09:24:08.276 I/WearablePkgInstaller( 1870): Fingerprint and forceInstall are unchanged for org.dwallach.calwatch
12-04 09:24:08.276 I/WearablePkgInstaller( 1870): Fingerprint and forceInstall are unchanged for wearablesoftware.weartimer
12-04 09:24:08.296 V/ClockFace( 2051): fetching new battery status (1)
12-04 09:24:08.296 V/ClockFace( 2051): battery at 0.9
12-04 09:24:08.306 V/MyViewAnim( 2051): Drawing surface changed!
12-04 09:24:08.306 V/ClockFace( 2051): clearing caches
12-04 09:24:08.336 V/ClockFace( 2051): rendering new face, faceMode(0)
12-04 09:24:08.396 V/ClockFace( 2051): fetching new battery status (2)
12-04 09:24:08.396 V/ClockFace( 2051): battery at 0.9
12-04 09:24:08.396 D/dalvikvm( 1899): GC_CONCURRENT freed 478K, 23% free 2292K/2968K, paused 2ms+7ms, total 49ms
12-04 09:24:08.526 D/WearableClient( 2051): WearableClientImpl.onPostInitHandler: done
12-04 09:24:08.526 I/Choreographer( 2051): Skipped 38 frames!  The application may be doing too much work on its main thread.
12-04 09:24:08.636 D/dalvikvm( 1870): GC_CONCURRENT freed 478K, 20% free 2800K/3476K, paused 2ms+18ms, total 114ms
12-04 09:24:08.787 I/Clockwork.Settings( 1870): data item timezone: America/Chicago
12-04 09:24:08.827 D/Clockwork.Settings( 1870): got new locale en_US
12-04 09:24:08.827 D/Clockwork.Settings( 1870): starting locale service
12-04 09:24:08.827 I/Clockwork.TimeService( 1974): set timezone to America/Chicago
12-04 09:24:08.847 D/AlarmManagerService( 1751): Kernel timezone updated to 360 minutes west of GMT
12-04 09:24:08.867 I/Clockwork.Settings( 1870): sending time sync request - elapsedRealTime: 31304
12-04 09:24:08.887 I/Clockwork.LocaleService( 1974): changed system locale to en_US
12-04 09:24:09.147 D/dalvikvm( 1899): GC_CONCURRENT freed 299K, 17% free 2505K/3000K, paused 2ms+20ms, total 114ms
12-04 09:24:09.147 D/dalvikvm( 1899): WAIT_FOR_CONCURRENT_GC blocked 99ms
12-04 09:24:09.177 D/dalvikvm( 1751): GC_CONCURRENT freed 296K, 11% free 4182K/4680K, paused 6ms+22ms, total 278ms
12-04 09:24:09.177 I/DisplayManagerService( 1751): Display device changed: DisplayDeviceInfo{"ActivityViewVirtualDisplay": 320 x 320, 60.0 fps, density 213, 213.0 x 213.0 dpi, touch NONE, rotation 0, type VIRTUAL, state ON, owner android (uid 1000), FLAG_OWN_CONTENT_ONLY}
12-04 09:24:09.177 V/ActivityManager( 1751): Display changed displayId=1
12-04 09:24:09.197 V/WearReceiverService( 2051): Connected to Google Api Service
12-04 09:24:09.197 V/WearReceiverService( 2051): pinging phone for data
12-04 09:24:09.217 I/ActivityManager( 1751): Displayed org.dwallach.calwatch/.WearActivity: +2s434ms
12-04 09:24:09.237 V/WearActivity( 2051): display changed: 1, new state: 2
12-04 09:24:09.237 V/WearActivity( 2051): onDisplayChanged: on!
12-04 09:24:09.237 V/WearActivity( 2051): killing alarms
12-04 09:24:09.247 V/WearActivity( 2051): startHelper: putting it all back together again
12-04 09:24:09.247 V/WearActivity( 2051): initAlarm: setting up
12-04 09:24:09.357 I/ClockFace( 2051): Ambient mode: false
12-04 09:24:09.427 D/dalvikvm( 1870): GC_FOR_ALLOC freed 274K, 24% free 2654K/3476K, paused 61ms, total 167ms
12-04 09:24:09.427 I/dalvikvm-heap( 1870): Grow heap (frag case) to 3.757MB for 1024016-byte allocation
12-04 09:24:09.437 V/MyViewAnim( 2051): resumeMaxHertz
12-04 09:24:09.437 V/ClockFace( 2051): clearing caches
12-04 09:24:09.437 V/MyViewAnim( 2051): starting new animator
12-04 09:24:09.437 V/MyViewAnim( 2051): Time listener is up!
12-04 09:24:09.437 V/MyViewAnim( 2051): starting new draw thread
12-04 09:24:09.517 V/ClockFace( 2051): rendering new face, faceMode(0)
12-04 09:24:09.577 D/dalvikvm( 1870): GC_FOR_ALLOC freed 14K, 19% free 3639K/4480K, paused 150ms, total 150ms
12-04 09:24:09.577 V/ClockFace( 2051): fetching new battery status (4)
12-04 09:24:09.577 V/ClockFace( 2051): battery at 0.9
12-04 09:24:09.738 D/dalvikvm( 1870): GC_CONCURRENT freed 20K, 20% free 3620K/4480K, paused 36ms+33ms, total 158ms
12-04 09:24:11.739 I/DataItems( 1899): maybePerformGC: complete, took 2990 ms, removed 0 of 44 files, 0 of 44 asset records
12-04 09:24:11.800 D/dalvikvm( 1870): GC_FOR_ALLOC freed 15K, 19% free 3630K/4480K, paused 53ms, total 55ms
12-04 09:24:11.800 I/dalvikvm-heap( 1870): Grow heap (frag case) to 4.711MB for 1024016-byte allocation
12-04 09:24:11.930 D/dalvikvm( 1899): GC_CONCURRENT freed 620K, 27% free 2276K/3096K, paused 2ms+1ms, total 114ms
12-04 09:24:11.930 D/dalvikvm( 1870): GC_FOR_ALLOC freed 1003K, 34% free 3627K/5484K, paused 124ms, total 124ms
12-04 09:24:12.000 D/WearableClient( 2011): WearableClientImpl.onPostInitHandler: done
12-04 09:24:12.050 D/WearableClient( 2011): WearableClientImpl.onPostInitHandler: done
12-04 09:24:12.190 W/Clockwork.Settings( 1870): could not send rpc to writer
12-04 09:24:12.190 W/Clockwork.Settings( 1870): com.google.android.wearable.gmsclient.WearableException: sendRpc failed: Status{statusCode=unknown status code: 4000, resolution=null}
12-04 09:24:12.190 W/Clockwork.Settings( 1870): 	at com.google.android.wearable.gmsclient.MessageManager.sendMessage(MessageManager.java:65)
12-04 09:24:12.190 W/Clockwork.Settings( 1870): 	at com.google.android.clockwork.settings.SettingsDataItemReader$ClockworkHandler.handleMessage(SettingsDataItemReader.java:387)
12-04 09:24:12.190 W/Clockwork.Settings( 1870): 	at android.os.Handler.dispatchMessage(Handler.java:102)
12-04 09:24:12.190 W/Clockwork.Settings( 1870): 	at android.os.Looper.loop(Looper.java:136)
12-04 09:24:12.190 W/Clockwork.Settings( 1870): 	at android.os.HandlerThread.run(HandlerThread.java:61)
12-04 09:24:12.190 I/Clockwork.Settings( 1870): scheduling time sync for 2000 ms from now
12-04 09:24:12.350 D/dalvikvm( 1870): GC_CONCURRENT freed 35K, 34% free 3668K/5484K, paused 261ms+24ms, total 428ms
12-04 09:24:12.360 D/dalvikvm( 1870): WAIT_FOR_CONCURRENT_GC blocked 134ms
12-04 09:24:12.360 I/dalvikvm-heap( 1870): Grow heap (frag case) to 4.750MB for 1024016-byte allocation
12-04 09:24:12.420 D/dalvikvm( 1870): GC_FOR_ALLOC freed 11K, 16% free 4658K/5484K, paused 62ms, total 62ms
12-04 09:24:13.131 D/dalvikvm( 1899): GC_CONCURRENT freed 375K, 25% free 2323K/3096K, paused 10ms+38ms, total 62ms
12-04 09:24:13.271 I/Choreographer( 1870): Skipped 32 frames!  The application may be doing too much work on its main thread.
12-04 09:24:13.421 D/dalvikvm( 1870): GC_FOR_ALLOC freed 357K, 13% free 4839K/5504K, paused 50ms, total 51ms
12-04 09:24:13.421 I/dalvikvm-heap( 1870): Grow heap (frag case) to 5.891MB for 1024016-byte allocation
12-04 09:24:13.481 D/dalvikvm( 1870): GC_FOR_ALLOC freed 1018K, 26% free 4821K/6508K, paused 53ms, total 53ms
12-04 09:24:13.591 D/dalvikvm( 1870): GC_CONCURRENT freed 94K, 26% free 4873K/6508K, paused 21ms+27ms, total 107ms
12-04 09:24:14.192 I/Clockwork.Settings( 1870): firing a scheduled time sync now
12-04 09:24:14.192 I/Clockwork.Settings( 1870): sending time sync request - elapsedRealTime: 36624
12-04 09:24:14.192 W/Clockwork.Settings( 1870): could not send rpc to writer
12-04 09:24:14.192 W/Clockwork.Settings( 1870): com.google.android.wearable.gmsclient.WearableException: sendRpc failed: Status{statusCode=unknown status code: 4000, resolution=null}
12-04 09:24:14.192 W/Clockwork.Settings( 1870): 	at com.google.android.wearable.gmsclient.MessageManager.sendMessage(MessageManager.java:65)
12-04 09:24:14.192 W/Clockwork.Settings( 1870): 	at com.google.android.clockwork.settings.SettingsDataItemReader$ClockworkHandler.handleMessage(SettingsDataItemReader.java:387)
12-04 09:24:14.192 W/Clockwork.Settings( 1870): 	at android.os.Handler.dispatchMessage(Handler.java:102)
12-04 09:24:14.192 W/Clockwork.Settings( 1870): 	at android.os.Looper.loop(Looper.java:136)
12-04 09:24:14.192 W/Clockwork.Settings( 1870): 	at android.os.HandlerThread.run(HandlerThread.java:61)
12-04 09:24:14.192 I/Clockwork.Settings( 1870): scheduling time sync for 4000 ms from now
12-04 09:24:14.782 D/dalvikvm( 1870): GC_CONCURRENT freed 741K, 23% free 5021K/6508K, paused 3ms+2ms, total 105ms
12-04 09:24:14.843 D/dalvikvm( 1899): GC_CONCURRENT freed 379K, 25% free 2329K/3096K, paused 2ms+5ms, total 85ms
12-04 09:24:18.196 I/Clockwork.Settings( 1870): firing a scheduled time sync now
12-04 09:24:18.196 I/Clockwork.Settings( 1870): sending time sync request - elapsedRealTime: 40635
12-04 09:24:18.206 W/Clockwork.Settings( 1870): could not send rpc to writer
12-04 09:24:18.206 W/Clockwork.Settings( 1870): com.google.android.wearable.gmsclient.WearableException: sendRpc failed: Status{statusCode=unknown status code: 4000, resolution=null}
12-04 09:24:18.206 W/Clockwork.Settings( 1870): 	at com.google.android.wearable.gmsclient.MessageManager.sendMessage(MessageManager.java:65)
12-04 09:24:18.206 W/Clockwork.Settings( 1870): 	at com.google.android.clockwork.settings.SettingsDataItemReader$ClockworkHandler.handleMessage(SettingsDataItemReader.java:387)
12-04 09:24:18.206 W/Clockwork.Settings( 1870): 	at android.os.Handler.dispatchMessage(Handler.java:102)
12-04 09:24:18.206 W/Clockwork.Settings( 1870): 	at android.os.Looper.loop(Looper.java:136)
12-04 09:24:18.206 W/Clockwork.Settings( 1870): 	at android.os.HandlerThread.run(HandlerThread.java:61)
12-04 09:24:18.206 I/Clockwork.Settings( 1870): scheduling time sync for 8000 ms from now
12-04 09:24:18.536 E/StreamVibrator( 1870): Found notifications that tried to vibrate, but they never made it to the top of the stream. Not vibrating.
12-04 09:24:20.318 I/ActivityManager( 1751): Waited long enough for: ServiceRecord{adf41560 u0 com.motorola.targetnotif/com.motorola.loop.analytics.WAService}
12-04 09:24:20.318 I/ActivityManager( 1751): Resuming delayed broadcast
12-04 09:24:20.358 I/MultiDex( 1911): VM with version 1.6.0 does not have multidex support
12-04 09:24:20.358 I/MultiDex( 1911): install
12-04 09:24:20.368 I/MultiDex( 1911): MultiDexExtractor.load(/data/app/com.google.android.gms-1.apk, false)
12-04 09:24:20.408 I/MultiDex( 1911): loading existing secondary dex files
12-04 09:24:20.408 I/MultiDex( 1911): load found 1 secondary dex files
12-04 09:24:20.418 I/MultiDex( 1911): install done
12-04 09:24:20.428 I/ProviderInstaller( 1911): Insert disabled by gate 'gms:security:enable_conscrypt_in_gms_application'
12-04 09:24:20.458 D/GCM     ( 1911): COMPAT: Multi user not supported
12-04 09:24:20.468 I/ActivityManager( 1751): Delay finish: com.google.android.gms/.gcm.ServiceAutoStarter
12-04 09:24:20.538 D/dalvikvm( 1911): GC_CONCURRENT freed 191K, 15% free 2249K/2636K, paused 2ms+5ms, total 45ms
12-04 09:24:20.628 D/GCM     ( 1911): GcmService start Intent { act=com.google.android.gms.INITIALIZE flg=0x10 pkg=com.google.android.gms cmp=com.google.android.gms/.gcm.GcmService } com.google.android.gms.INITIALIZE
12-04 09:24:20.628 I/ActivityManager( 1751): Resuming delayed broadcast
12-04 09:24:20.668 D/AuthorizationBluetoothService( 1911): Received GmsCore event: Intent { act=com.google.android.gms.INITIALIZE flg=0x10 pkg=com.google.android.gms cmp=com.google.android.gms/.auth.be.proximity.authorization.bt.AuthorizationBluetoothService$AutoStarter }.
12-04 09:24:20.698 E/AuthorizationBluetoothService( 1911): Proximity feature is not enabled.
12-04 09:24:20.778 I/Fitness ( 1884): GmsCore initialized.  Initializing Fitness
12-04 09:24:20.788 I/ActivityManager( 1751): Delay finish: com.google.android.gms/.fitness.service.FitnessInitReceiver
12-04 09:24:20.848 I/ActivityManager( 1751): Resuming delayed broadcast
12-04 09:24:20.898 D/PermissionCache( 1751): checking android.permission.BODY_SENSORS for uid=10010 => granted (213 us)
12-04 09:24:20.918 I/ActivityManager( 1751): Delay finish: com.google.android.gms/.wearable.init.InitializeGmsWearableReceiver
12-04 09:24:20.938 I/ActivityManager( 1751): Resuming delayed broadcast
12-04 09:24:20.958 D/GCM     ( 1911): GcmService start Intent { act=com.google.android.gms.INITIALIZE flg=0x10 pkg=com.google.android.gms cmp=com.google.android.gms/.gcm.GcmService } com.google.android.gms.INITIALIZE
12-04 09:24:21.009 D/dalvikvm( 1884): GC_CONCURRENT freed 289K, 21% free 1933K/2420K, paused 3ms+1ms, total 129ms
12-04 09:24:21.029 D/AuthorizationBluetoothService( 1911): Received GmsCore event: Intent { act=com.google.android.gms.INITIALIZE flg=0x10 pkg=com.google.android.gms cmp=com.google.android.gms/.auth.be.proximity.authorization.bt.AuthorizationBluetoothService$AutoStarter }.
12-04 09:24:21.029 E/AuthorizationBluetoothService( 1911): Proximity feature is not enabled.
12-04 09:24:21.069 D/BluetoothManagerService( 1751): Message: 20
12-04 09:24:21.069 D/BluetoothManagerService( 1751): Added callback: android.bluetooth.IBluetoothManagerCallback$Stub$Proxy@adf5fdd8:true
12-04 09:24:21.069 D/BluetoothAdapter( 1899): -1378176000: getState() :  mService = null. Returning STATE_OFF
12-04 09:24:21.079 I/Fitness ( 1884): GmsCore initialized.  Initializing Fitness
12-04 09:24:21.099 D/dalvikvm( 1967): GC_CONCURRENT freed 255K, 19% free 1961K/2416K, paused 2ms+47ms, total 62ms
12-04 09:24:21.119 I/ActivityManager( 1751): Delay finish: com.google.android.gms/.wearable.init.InitializeGmsWearableReceiver
12-04 09:24:21.149 I/ActivityManager( 1751): Resuming delayed broadcast
12-04 09:24:21.169 D/GCM     ( 1911): GcmService start Intent { act=com.google.android.gms.INITIALIZE flg=0x10 pkg=com.google.android.gms cmp=com.google.android.gms/.gcm.GcmService } com.google.android.gms.INITIALIZE
12-04 09:24:21.199 D/AuthorizationBluetoothService( 1911): Received GmsCore event: Intent { act=com.google.android.gms.INITIALIZE flg=0x10 pkg=com.google.android.gms cmp=com.google.android.gms/.auth.be.proximity.authorization.bt.AuthorizationBluetoothService$AutoStarter }.
12-04 09:24:21.199 E/AuthorizationBluetoothService( 1911): Proximity feature is not enabled.
12-04 09:24:21.229 I/Fitness ( 1884): GmsCore initialized.  Initializing Fitness
12-04 09:24:21.279 I/ActivityManager( 1751): Delay finish: com.google.android.gms/.wearable.init.InitializeGmsWearableReceiver
12-04 09:24:21.309 I/ActivityManager( 1751): Resuming delayed broadcast
12-04 09:24:21.329 D/GCM     ( 1911): GcmService start Intent { act=com.google.android.gms.INITIALIZE flg=0x10 pkg=com.google.android.gms cmp=com.google.android.gms/.gcm.GcmService } com.google.android.gms.INITIALIZE
12-04 09:24:21.339 D/AuthorizationBluetoothService( 1911): Received GmsCore event: Intent { act=com.google.android.gms.INITIALIZE flg=0x10 pkg=com.google.android.gms cmp=com.google.android.gms/.auth.be.proximity.authorization.bt.AuthorizationBluetoothService$AutoStarter }.
12-04 09:24:21.339 E/AuthorizationBluetoothService( 1911): Proximity feature is not enabled.
12-04 09:24:21.359 I/Fitness ( 1884): GmsCore initialized.  Initializing Fitness
12-04 09:24:21.459 I/ActivityManager( 1751): Delay finish: com.google.android.gms/.checkin.CheckinService$Receiver
12-04 09:24:21.599 I/CheckinService( 1884): Disabling old GoogleServicesFramework version
12-04 09:24:21.829 D/dalvikvm( 1967): GC_CONCURRENT freed 166K, 15% free 2191K/2556K, paused 3ms+4ms, total 16ms
12-04 09:24:22.080 I/CheckinService( 1884): active receiver: disabled
12-04 09:24:22.160 D/BluetoothManagerService( 1751): Auto-enabling Bluetooth.
12-04 09:24:22.160 D/BluetoothManagerService( 1751): Message: 1
12-04 09:24:22.160 D/BluetoothManagerService( 1751): MESSAGE_ENABLE: mBluetooth = null
12-04 09:24:22.160 I/ActivityManager( 1751): Resuming delayed broadcast
12-04 09:24:22.200 I/ActivityManager( 1751): Start proc com.android.bluetooth for service com.android.bluetooth/.btservice.AdapterService: pid=2119 uid=1002 gids={41002, 3003, 3002, 3001, 1028, 1015, 3005, 1016, 3008}
12-04 09:24:22.210 E/BluetoothHeadset( 1751): Could not bind to Bluetooth Headset Service with Intent { act=android.bluetooth.IBluetoothHeadset }
12-04 09:24:22.210 D/BluetoothManagerService( 1751): Message: 30
12-04 09:24:22.210 D/BluetoothManagerService( 1751): Message: 30
12-04 09:24:22.220 W/ContextImpl( 1751): Calling a method in the system process without a qualified user: android.app.ContextImpl.bindService:1560 android.bluetooth.BluetoothA2dp.doBind:165 android.bluetooth.BluetoothA2dp.<init>:158 android.bluetooth.BluetoothAdapter.getProfileProxy:1364 android.media.AudioService$AudioServiceBroadcastReceiver.onReceive:4175 
12-04 09:24:22.220 V/WiredAccessoryManager( 1751): init()
12-04 09:24:22.230 I/PowerManagerService( 1751): Boot animation finished.
12-04 09:24:22.250 E/SoundPool( 1751): error loading /system/media/audio/ui/Effect_Tick.ogg
12-04 09:24:22.250 W/AudioService( 1751): Soundpool could not load file: /system/media/audio/ui/Effect_Tick.ogg
12-04 09:24:22.250 E/SoundPool( 1751): error loading /system/media/audio/ui/Effect_Tick.ogg
12-04 09:24:22.250 W/AudioService( 1751): Soundpool could not load file: /system/media/audio/ui/Effect_Tick.ogg
