Watch blew up, but logs don't say anything about why. Sigh.

--------- beginning of main
12-31 18:00:02.742 I/lowmemorykiller( 1408): Using in-kernel low memory killer interface
12-31 18:00:02.782 I/ADSPD   ( 1411): DSP daemon started (version c294b45)
12-31 18:00:02.782 E/uim-sysfs( 1413): uim: Inside main
12-31 18:00:02.782 E/uim-sysfs( 1413): uim:ST built into the kernel ?
12-31 18:00:02.782 E/uim-sysfs( 1413): uim:BT driver module un-available... 
12-31 18:00:02.782 E/uim-sysfs( 1413): uim:BT driver built into the kernel ?
12-31 18:00:02.782 E/uim-sysfs( 1413): uim:FM driver module un-available... 
12-31 18:00:02.782 E/uim-sysfs( 1413): uim:FM driver built into the kernel ?
12-31 18:00:02.782 E/uim-sysfs( 1413): uim:GPS driver module un-available... 
12-31 18:00:02.782 E/uim-sysfs( 1413): uim:GPS driver built into the kernel ?
12-31 18:00:02.782 E/uim-sysfs( 1413): uim:FM V4L2 driver module un-available... 
12-31 18:00:02.782 E/uim-sysfs( 1413): uim:FM V4L2 driver built into the kernel ?
12-31 18:00:02.782 E/uim-sysfs( 1413): uim:open(/sys/class/rfkill/rfkill0/type) failed: No such file or directory (2)
12-31 18:00:02.782 E/uim-sysfs( 1413): 
12-31 18:00:02.782 E/uim-sysfs( 1413): uim:open(/sys/class/rfkill/rfkill1/type) failed: No such file or directory (2)
12-31 18:00:02.782 E/uim-sysfs( 1413): 
12-31 18:00:02.782 E/uim-sysfs( 1413): uim:open(/sys/class/rfkill/rfkill2/type) failed: No such file or directory (2)
12-31 18:00:02.782 E/uim-sysfs( 1413): 
12-31 18:00:02.782 E/uim-sysfs( 1413): uim:open(/sys/class/rfkill/rfkill3/type) failed: No such file or directory (2)
12-31 18:00:02.782 E/uim-sysfs( 1413): 
12-31 18:00:02.782 E/uim-sysfs( 1413): uim:open(/sys/class/rfkill/rfkill4/type) failed: No such file or directory (2)
12-31 18:00:02.782 E/uim-sysfs( 1413): 
12-31 18:00:02.782 E/uim-sysfs( 1413): uim:open(/sys/class/rfkill/rfkill5/type) failed: No such file or directory (2)
12-31 18:00:02.782 E/uim-sysfs( 1413): 
12-31 18:00:02.782 E/uim-sysfs( 1413): uim:open(/sys/class/rfkill/rfkill6/type) failed: No such file or directory (2)
12-31 18:00:02.782 E/uim-sysfs( 1413): 
12-31 18:00:02.782 E/uim-sysfs( 1413): uim:open(/sys/class/rfkill/rfkill7/type) failed: No such file or directory (2)
12-31 18:00:02.782 E/uim-sysfs( 1413): 
12-31 18:00:02.782 E/uim-sysfs( 1413): uim:open(/sys/class/rfkill/rfkill8/type) failed: No such file or directory (2)
12-31 18:00:02.782 E/uim-sysfs( 1413): 
12-31 18:00:02.782 E/uim-sysfs( 1413): uim:open(/sys/class/rfkill/rfkill9/type) failed: No such file or directory (2)
12-31 18:00:02.782 E/uim-sysfs( 1413): 
12-31 18:00:02.782 E/uim-sysfs( 1413): uim:open(/sys/class/rfkill/rfkill10/type) failed: No such file or directory (2)
12-31 18:00:02.782 E/uim-sysfs( 1413): 
12-31 18:00:02.782 E/uim-sysfs( 1413): uim:open(/sys/class/rfkill/rfkill11/type) failed: No such file or directory (2)
12-31 18:00:02.782 E/uim-sysfs( 1413): 
12-31 18:00:02.782 E/uim-sysfs( 1413): uim:open(/sys/class/rfkill/rfkill12/type) failed: No such file or directory (2)
12-31 18:00:02.782 E/uim-sysfs( 1413): 
12-31 18:00:02.782 E/uim-sysfs( 1413): uim:open(/sys/class/rfkill/rfkill13/type) failed: No such file or directory (2)
12-31 18:00:02.782 E/uim-sysfs( 1413): 
12-31 18:00:02.782 E/uim-sysfs( 1413): uim:open(/sys/class/rfkill/rfkill14/type) failed: No such file or directory (2)
12-31 18:00:02.782 E/uim-sysfs( 1413): 
12-31 18:00:02.782 E/uim-sysfs( 1413): uim:open(/sys/class/rfkill/rfkill15/type) failed: No such file or directory (2)
12-31 18:00:02.782 E/uim-sysfs( 1413): 
12-31 18:00:02.782 E/uim-sysfs( 1413): uim:open(/sys/class/rfkill/rfkill16/type) failed: No such file or directory (2)
12-31 18:00:02.782 E/uim-sysfs( 1413): 
12-31 18:00:02.782 E/uim-sysfs( 1413): uim:open(/sys/class/rfkill/rfkill17/type) failed: No such file or directory (2)
12-31 18:00:02.782 E/uim-sysfs( 1413): 
12-31 18:00:02.782 E/uim-sysfs( 1413): uim:open(/sys/class/rfkill/rfkill18/type) failed: No such file or directory (2)
12-31 18:00:02.782 E/uim-sysfs( 1413): 
12-31 18:00:02.782 E/uim-sysfs( 1413): uim:open(/sys/class/rfkill/rfkill19/type) failed: No such file or directory (2)
12-31 18:00:02.782 E/uim-sysfs( 1413): 
12-31 18:00:02.782 E/uim-sysfs( 1413): uim:open(/sys/class/rfkill/rfkill20/type) failed: No such file or directory (2)
12-31 18:00:02.782 E/uim-sysfs( 1413): 
12-31 18:00:02.782 E/uim-sysfs( 1413): uim:open(/sys/class/rfkill/rfkill21/type) failed: No such file or directory (2)
12-31 18:00:02.782 E/uim-sysfs( 1413): 
12-31 18:00:02.782 E/uim-sysfs( 1413): uim:open(/sys/class/rfkill/rfkill22/type) failed: No such file or directory (2)
12-31 18:00:02.782 E/uim-sysfs( 1413): 
12-31 18:00:02.782 E/uim-sysfs( 1413): uim:open(/sys/class/rfkill/rfkill23/type) failed: No such file or directory (2)
12-31 18:00:02.782 E/uim-sysfs( 1413): 
12-31 18:00:02.782 E/uim-sysfs( 1413): uim:open(/sys/class/rfkill/rfkill24/type) failed: No such file or directory (2)
12-31 18:00:02.782 E/uim-sysfs( 1413): 
12-31 18:00:02.782 E/uim-sysfs( 1413): uim:open(/sys/class/rfkill/rfkill25/type) failed: No such file or directory (2)
12-31 18:00:02.782 E/uim-sysfs( 1413): 
12-31 18:00:02.782 E/uim-sysfs( 1413): uim:open(/sys/class/rfkill/rfkill26/type) failed: No such file or directory (2)
12-31 18:00:02.782 E/uim-sysfs( 1413): 
12-31 18:00:02.782 E/uim-sysfs( 1413): uim:open(/sys/class/rfkill/rfkill27/type) failed: No such file or directory (2)
12-31 18:00:02.782 E/uim-sysfs( 1413): 
12-31 18:00:02.782 E/uim-sysfs( 1413): uim:open(/sys/class/rfkill/rfkill28/type) failed: No such file or directory (2)
12-31 18:00:02.782 E/uim-sysfs( 1413): 
12-31 18:00:02.782 E/uim-sysfs( 1413): uim:open(/sys/class/rfkill/rfkill29/type) failed: No such file or directory (2)
12-31 18:00:02.782 E/uim-sysfs( 1413): 
12-31 18:00:02.782 E/uim-sysfs( 1413): uim:open(/sys/class/rfkill/rfkill30/type) failed: No such file or directory (2)
12-31 18:00:02.782 E/uim-sysfs( 1413): 
12-31 18:00:02.782 E/uim-sysfs( 1413): uim:open(/sys/class/rfkill/rfkill31/type) failed: No such file or directory (2)
12-31 18:00:02.782 E/uim-sysfs( 1413): 
12-31 18:00:02.782 E/uim-sysfs( 1413): uim:open(/sys/class/rfkill/rfkill32/type) failed: No such file or directory (2)
12-31 18:00:02.782 E/uim-sysfs( 1413): 
12-31 18:00:02.782 E/uim-sysfs( 1413): uim:open(/sys/class/rfkill/rfkill33/type) failed: No such file or directory (2)
12-31 18:00:02.782 E/uim-sysfs( 1413): 
12-31 18:00:02.782 E/uim-sysfs( 1413): uim:open(/sys/class/rfkill/rfkill34/type) failed: No such file or directory (2)
12-31 18:00:02.782 E/uim-sysfs( 1413): 
12-31 18:00:02.782 E/uim-sysfs( 1413): uim:open(/sys/class/rfkill/rfkill35/type) failed: No such file or directory (2)
12-31 18:00:02.782 E/uim-sysfs( 1413): 
12-31 18:00:02.782 E/uim-sysfs( 1413): uim:open(/sys/class/rfkill/rfkill36/type) failed: No such file or directory (2)
12-31 18:00:02.782 E/uim-sysfs( 1413): 
12-31 18:00:02.782 E/uim-sysfs( 1413): uim:open(/sys/class/rfkill/rfkill37/type) failed: No such file or directory (2)
12-31 18:00:02.782 E/uim-sysfs( 1413): 
12-31 18:00:02.782 E/uim-sysfs( 1413): uim:open(/sys/class/rfkill/rfkill38/type) failed: No such file or directory (2)
12-31 18:00:02.782 E/uim-sysfs( 1413): 
12-31 18:00:02.782 E/uim-sysfs( 1413): uim:open(/sys/class/rfkill/rfkill39/type) failed: No such file or directory (2)
12-31 18:00:02.782 E/uim-sysfs( 1413): 
12-31 18:00:02.782 E/uim-sysfs( 1413): uim:open(/sys/class/rfkill/rfkill40/type) failed: No such file or directory (2)
12-31 18:00:02.782 E/uim-sysfs( 1413): 
12-31 18:00:02.782 E/uim-sysfs( 1413): uim:open(/sys/class/rfkill/rfkill41/type) failed: No such file or directory (2)
12-31 18:00:02.782 E/uim-sysfs( 1413): 
12-31 18:00:02.802 E/uim-sysfs( 1413): uim:open(/sys/class/rfkill/rfkill42/type) failed: No such file or directory (2)
12-31 18:00:02.802 E/uim-sysfs( 1413): 
12-31 18:00:02.802 E/uim-sysfs( 1413): uim:open(/sys/class/rfkill/rfkill43/type) failed: No such file or directory (2)
12-31 18:00:02.802 E/uim-sysfs( 1413): 
12-31 18:00:02.802 E/uim-sysfs( 1413): uim:open(/sys/class/rfkill/rfkill44/type) failed: No such file or directory (2)
12-31 18:00:02.802 E/uim-sysfs( 1413): 
12-31 18:00:02.802 E/uim-sysfs( 1413): uim:open(/sys/class/rfkill/rfkill45/type) failed: No such file or directory (2)
12-31 18:00:02.802 E/uim-sysfs( 1413): 
12-31 18:00:02.802 E/uim-sysfs( 1413): uim:open(/sys/class/rfkill/rfkill46/type) failed: No such file or directory (2)
12-31 18:00:02.802 E/uim-sysfs( 1413): 
12-31 18:00:02.802 E/uim-sysfs( 1413): uim:open(/sys/class/rfkill/rfkill47/type) failed: No such file or directory (2)
12-31 18:00:02.802 E/uim-sysfs( 1413): 
12-31 18:00:02.802 E/uim-sysfs( 1413): uim:open(/sys/class/rfkill/rfkill48/type) failed: No such file or directory (2)
12-31 18:00:02.802 E/uim-sysfs( 1413): 
12-31 18:00:02.802 E/uim-sysfs( 1413): uim:open(/sys/class/rfkill/rfkill49/type) failed: No such file or directory (2)
12-31 18:00:02.802 E/uim-sysfs( 1413): 
12-31 18:00:02.802 E/uim-sysfs( 1413): uim:rfkill not enabled in st_drv - BT on from UI might fail
12-31 18:00:02.802 E/uim-sysfs( 1413): 
12-31 18:00:02.852 I/DEBUG   ( 1415): debuggerd: Oct 18 2014 00:39:28
12-31 18:00:02.872 I/installd( 1419): installd firing up
--------- beginning of system
12-31 18:00:02.902 I/Vold    ( 1410): Vold 2.1 (the revenge) firing up
12-31 18:00:02.962 I/Netd    ( 1414): Netd 1.0 starting
12-31 18:00:02.972 W/InterfaceController( 1414): Warning (dlopen failed: library "/system/lib/libnetcmdiface.so" not found) while opening the net interface command library
12-31 18:00:02.972 E/IMGSRV  ( 1422): :0: SetupuKernel : EDM status value DevVAddr: 0x0F004000 pvLinAddrKM: 0x0xe0b7c000
12-31 18:00:02.982 I/clockwork_proxy_native_service_main( 1423): ClockworkProxyNativeService is now ready
12-31 18:00:03.322 I/SurfaceFlinger( 1416): SurfaceFlinger is starting
12-31 18:00:03.332 I/SurfaceFlinger( 1416): SurfaceFlinger's main thread ready to run. Initializing graphics H/W...
12-31 18:00:03.332 D/libEGL  ( 1416): loaded /system/lib/egl/libEGL_POWERVR_SGX530_125.so
12-31 18:00:03.393 D/libEGL  ( 1416): loaded /system/lib/egl/libGLESv1_CM_POWERVR_SGX530_125.so
12-04 09:23:41.020 D/libEGL  ( 1416): loaded /system/lib/egl/libGLESv2_POWERVR_SGX530_125.so
12-04 09:23:41.150 I/SurfaceFlinger( 1416): Using composer version 1.0
12-04 09:23:41.150 W/SurfaceFlinger( 1416): getting VSYNC period from fb HAL: 22222220
12-04 09:23:41.150 I/SurfaceFlinger( 1416): EGL information:
12-04 09:23:41.160 I/SurfaceFlinger( 1416): vendor    : Android
12-04 09:23:41.160 I/SurfaceFlinger( 1416): version   : 1.4 Android META-EGL
12-04 09:23:41.160 I/SurfaceFlinger( 1416): extensions: EGL_KHR_get_all_proc_addresses EGL_ANDROID_presentation_time EGL_KHR_image EGL_KHR_image_base EGL_KHR_gl_texture_2D_image EGL_KHR_gl_texture_cubemap_image EGL_KHR_gl_renderbuffer_image EGL_KHR_fence_sync EGL_KHR_create_context EGL_ANDROID_image_native_buffer EGL_KHR_wait_sync EGL_ANDROID_recordable 
12-04 09:23:41.160 I/SurfaceFlinger( 1416): Client API: OpenGL_ES
12-04 09:23:41.160 I/SurfaceFlinger( 1416): EGLSurface: 8-8-8-8, config=0xf
12-04 09:23:41.160 W/SurfaceFlinger( 1416): Ignoring duplicate VSYNC event from HWC (t=0)
12-04 09:23:41.170 I/SurfaceFlinger( 1416): OpenGL ES informations:
12-04 09:23:41.170 I/SurfaceFlinger( 1416): vendor    : Imagination Technologies
12-04 09:23:41.170 I/SurfaceFlinger( 1416): renderer  : PowerVR SGX 530
12-04 09:23:41.170 I/SurfaceFlinger( 1416): version   : OpenGL ES 2.0 build 1.12@2917986.3
12-04 09:23:41.170 I/SurfaceFlinger( 1416): extensions: GL_EXT_debug_marker GL_OES_rgb8_rgba8 GL_OES_depth24 GL_OES_vertex_half_float GL_OES_texture_float GL_OES_texture_half_float GL_OES_element_index_uint GL_OES_mapbuffer GL_OES_fragment_precision_high GL_OES_compressed_ETC1_RGB8_texture GL_OES_EGL_image GL_OES_EGL_image_external GL_OES_required_internalformat GL_OES_depth_texture GL_OES_get_program_binary GL_OES_packed_depth_stencil GL_OES_standard_derivatives GL_OES_vertex_array_object GL_OES_egl_sync GL_OES_surfaceless_context GL_EXT_discard_framebuffer GL_EXT_blend_minmax GL_EXT_multi_draw_arrays GL_EXT_multisampled_render_to_texture GL_EXT_shader_texture_lod GL_EXT_texture_format_BGRA8888 GL_EXT_texture_rg GL_IMG_shader_binary GL_IMG_texture_compression_pvrtc GL_IMG_texture_npot GL_IMG_texture_format_BGRA8888 GL_IMG_read_format GL_IMG_program_binary GL_IMG_uniform_buffer_object GL_IMG_multisampled_render_to_texture GL_KHR_debug
12-04 09:23:41.170 I/SurfaceFlinger( 1416): GL_MAX_TEXTURE_SIZE = 2048
12-04 09:23:41.170 I/SurfaceFlinger( 1416): GL_MAX_VIEWPORT_DIMS = 2048
12-04 09:23:41.230 D/SurfaceFlinger( 1416): Screen acquired, type=0 flinger=0xb7fe9448
12-04 09:23:41.230 D/hwcomposer( 1416): hwc_blank(0: 0)
12-04 09:23:41.590 D/libEGL  ( 1502): loaded /system/lib/egl/libEGL_POWERVR_SGX530_125.so
12-04 09:23:41.650 D/libEGL  ( 1502): loaded /system/lib/egl/libGLESv1_CM_POWERVR_SGX530_125.so
12-04 09:23:41.690 D/libEGL  ( 1502): loaded /system/lib/egl/libGLESv2_POWERVR_SGX530_125.so
12-04 09:23:41.890 I/mediaserver( 1418): ServiceManager: 0xb76c7468
12-04 09:23:41.890 I/AudioFlinger( 1418): Using default 3000 mSec as standby time.
12-04 09:23:41.890 I/CameraService( 1418): CameraService started (pid=1418)
12-04 09:23:41.890 E/CameraService( 1418): Could not load camera HAL module
12-04 09:23:41.890 I/AudioPolicyManagerBase( 1418): loadAudioPolicyConfig() loaded /system/etc/audio_policy.conf
12-04 09:23:41.900 D/mot_vr_audio_hw( 1418): Opening MotVR hardware device
12-04 09:23:41.900 E/mot_vr_audio_hw( 1418): Error -1 connecting to ADSPD
12-04 09:23:41.900 D/mot_vr_audio_hw( 1418): MotVR device 0xb76c8838 opened successfully
12-04 09:23:41.900 I/AudioFlinger( 1418): loadHwModule() Loaded primary audio interface from Motorola VR Audio Hardware HAL (audio) handle 1
12-04 09:23:41.900 I/AudioFlinger( 1418): HAL output buffer size 1024 frames, normal mix buffer size 1024 frames
12-04 09:23:41.910 E/AudioMixer( 1418): unable to find downmix effect
12-04 09:23:41.910 I/AudioFlinger( 1418): Using module 1 has the primary audio interface
12-04 09:23:41.920 I/AudioFlinger( 1418): AudioFlinger's thread 0xb60ce008 ready to run
12-04 09:23:41.920 W/AudioFlinger( 1418): Thread AudioOut_2 cannot connect to the power manager service
12-04 09:23:41.920 W/AudioFlinger( 1418): Thread AudioOut_2 cannot connect to the power manager service
12-04 09:23:41.920 W/AudioFlinger( 1418): Thread AudioOut_2 cannot connect to the power manager service
12-04 09:23:41.920 E/AudioFlinger( 1418): no wake lock to update!
12-04 09:23:41.920 I/audio_a2dp_hw( 1418): adev_open:  adev_open in A2dp_hw module
12-04 09:23:41.920 I/AudioFlinger( 1418): loadHwModule() Loaded a2dp audio interface from A2DP Audio HW HAL (audio) handle 3
12-04 09:23:41.920 I/AudioPolicyService( 1418): Loaded audio policy from LEGACY Audio Policy HAL (audio_policy)
12-04 09:23:42.000 D/AndroidRuntime( 1417): 
12-04 09:23:42.000 D/AndroidRuntime( 1417): >>>>>> AndroidRuntime START com.android.internal.os.ZygoteInit <<<<<<
12-04 09:23:42.010 D/AndroidRuntime( 1417): CheckJNI is OFF
12-04 09:23:42.101 I/recovery( 1530): Recovery image already installed 
12-04 09:23:42.281 D/dalvikvm( 1417): Trying to load lib libjavacore.so 0x0
12-04 09:23:42.311 D/dalvikvm( 1417): Added shared lib libjavacore.so 0x0
12-04 09:23:42.371 D/dalvikvm( 1417): Trying to load lib libnativehelper.so 0x0
12-04 09:23:42.371 D/dalvikvm( 1417): Added shared lib libnativehelper.so 0x0
12-04 09:23:42.371 D/dalvikvm( 1417): No JNI_OnLoad found in libnativehelper.so 0x0, skipping init
12-04 09:23:42.771 D/dalvikvm( 1417): Note: class Landroid/app/ActivityManagerNative; has 179 unimplemented (abstract) methods
12-04 09:23:43.572 E/memtrack( 1417): Couldn't load memtrack module (No such file or directory)
12-04 09:23:43.572 E/android.os.Debug( 1417): failed to load memtrack module: -2
12-04 09:23:43.842 I/SamplingProfilerIntegration( 1417): Profiling disabled.
12-04 09:23:43.872 I/Zygote  ( 1417): Preloading classes...
12-04 09:23:43.902 D/dalvikvm( 1417): GC_EXPLICIT freed 40K, 8% free 528K/572K, paused 0ms+0ms, total 29ms
12-04 09:23:44.022 D/dalvikvm( 1417): GC_EXPLICIT freed 3K, 4% free 604K/624K, paused 1ms+0ms, total 13ms
12-04 09:23:44.413 D/dalvikvm( 1417): GC_EXPLICIT freed 13K, 3% free 649K/668K, paused 1ms+0ms, total 22ms
12-04 09:23:44.593 D/dalvikvm( 1417): GC_EXPLICIT freed 13K, 2% free 705K/720K, paused 1ms+1ms, total 22ms
12-04 09:23:44.783 D/dalvikvm( 1417): GC_EXPLICIT freed 31K, 5% free 730K/764K, paused 1ms+0ms, total 16ms
12-04 09:23:45.204 D/dalvikvm( 1417): GC_EXPLICIT freed 9K, 2% free 780K/792K, paused 0ms+0ms, total 27ms
12-04 09:23:45.704 D/dalvikvm( 1417): GC_EXPLICIT freed 29K, 4% free 807K/840K, paused 1ms+1ms, total 34ms
12-04 09:23:46.064 D/TextLayoutCache( 1417): Using debug level = 0 - Debug Enabled = 0
12-04 09:23:46.265 I/dalvikvm( 1417): threadid=1: recursive native library load attempt (/system/lib/libmedia_jni.so)
12-04 09:23:46.265 D/MtpDeviceJNI( 1417): register_android_mtp_MtpDevice
12-04 09:23:46.275 I/dalvikvm( 1417): threadid=1: recursive native library load attempt (/system/lib/libmedia_jni.so)
12-04 09:23:46.275 I/dalvikvm( 1417): threadid=1: recursive native library load attempt (/system/lib/libmedia_jni.so)
12-04 09:23:46.295 D/dalvikvm( 1417): GC_EXPLICIT freed 9K, 2% free 854K/868K, paused 1ms+7ms, total 16ms
12-04 09:23:46.435 D/dalvikvm( 1417): GC_EXPLICIT freed 31K, 4% free 877K/912K, paused 0ms+28ms, total 32ms
12-04 09:23:46.455 V/NatController( 1414): runCmd(/system/bin/iptables -F natctrl_FORWARD) res=0
12-04 09:23:46.485 V/NatController( 1414): runCmd(/system/bin/iptables -A natctrl_FORWARD -j DROP) res=0
12-04 09:23:46.505 D/dalvikvm( 1417): GC_EXPLICIT freed 12K, 2% free 938K/952K, paused 0ms+10ms, total 51ms
12-04 09:23:46.525 V/NatController( 1414): runCmd(/system/bin/iptables -t nat -F natctrl_nat_POSTROUTING) res=0
12-04 09:23:46.545 V/NatController( 1414): runCmd(/system/bin/ip rule flush) res=0
12-04 09:23:46.565 V/NatController( 1414): runCmd(/system/bin/ip -6 rule flush) res=0
12-04 09:23:46.575 E/EmojiFactory_jni( 1417): Failed to load libemoji.so: dlopen failed: library "libemoji.so" not found
12-04 09:23:46.595 V/NatController( 1414): runCmd(/system/bin/ip rule add from all lookup default prio 32767) res=0
12-04 09:23:46.655 V/NatController( 1414): runCmd(/system/bin/ip rule add from all lookup main prio 32766) res=0
12-04 09:23:46.685 V/NatController( 1414): runCmd(/system/bin/ip -6 rule add from all lookup default prio 32767) res=0
12-04 09:23:46.705 D/dalvikvm( 1417): GC_EXPLICIT freed 29K, 4% free 963K/996K, paused 7ms+1ms, total 27ms
12-04 09:23:46.725 V/NatController( 1414): runCmd(/system/bin/ip -6 rule add from all lookup main prio 32766) res=0
12-04 09:23:46.745 V/NatController( 1414): runCmd(/system/bin/ip route flush cache) res=0
12-04 09:23:46.765 V/NatController( 1414): runCmd(/system/bin/iptables -F natctrl_tether_counters) res=1
12-04 09:23:46.805 V/NatController( 1414): runCmd(/system/bin/iptables -X natctrl_tether_counters) res=1
12-04 09:23:46.845 V/NatController( 1414): runCmd(/system/bin/iptables -N natctrl_tether_counters) res=0
12-04 09:23:47.045 D/dalvikvm( 1417): GC_EXPLICIT freed 30K, 4% free 987K/1020K, paused 0ms+11ms, total 35ms
12-04 09:23:47.466 D/dalvikvm( 1417): GC_EXPLICIT freed 27K, 3% free 1013K/1044K, paused 0ms+2ms, total 32ms
12-04 09:23:47.566 D/dalvikvm( 1417): GC_EXPLICIT freed 21K, 3% free 1048K/1072K, paused 1ms+0ms, total 23ms
12-04 09:23:47.636 D/dalvikvm( 1417): GC_EXPLICIT freed 15K, 2% free 1093K/1112K, paused 0ms+0ms, total 37ms
12-04 09:23:47.746 D/dalvikvm( 1417): GC_EXPLICIT freed 79K, 7% free 1124K/1208K, paused 0ms+0ms, total 43ms
12-04 09:23:47.846 D/dalvikvm( 1417): GC_EXPLICIT freed 25K, 4% free 1168K/1208K, paused 1ms+1ms, total 35ms
12-04 09:23:47.916 D/dalvikvm( 1417): GC_EXPLICIT freed 47K, 5% free 1185K/1236K, paused 1ms+0ms, total 17ms
12-04 09:23:47.996 D/dalvikvm( 1417): GC_EXPLICIT freed 53K, 6% free 1197K/1268K, paused 1ms+1ms, total 30ms
12-04 09:23:48.377 I/System  ( 1417): Loaded time zone names for "" in 298ms (270ms in ICU)
12-04 09:23:48.617 I/System  ( 1417): Loaded time zone names for "en_US" in 246ms (201ms in ICU)
12-04 09:23:48.657 D/dalvikvm( 1417): GC_EXPLICIT freed 253K, 16% free 1357K/1616K, paused 1ms+1ms, total 34ms
12-04 09:23:48.927 D/dalvikvm( 1417): GC_FOR_ALLOC freed 238K, 13% free 1631K/1872K, paused 37ms, total 47ms
12-04 09:23:48.967 D/MDnsDS  ( 1414): MDnsSdListener::Hander starting up
12-04 09:23:48.977 D/MDnsDS  ( 1414): MDnsSdListener starting to monitor
12-04 09:23:48.977 D/MDnsDS  ( 1414): Going to poll with pollCount 1
12-04 09:23:49.117 D/dalvikvm( 1417): GC_EXPLICIT freed 232K, 12% free 1782K/2020K, paused 4ms+1ms, total 33ms
12-04 09:23:49.147 I/Zygote  ( 1417): ...preloaded 1482 classes in 5284ms.
12-04 09:23:49.928 D/dalvikvm( 1417): GC_EXPLICIT freed 18K, 11% free 1801K/2020K, paused 4ms+1ms, total 30ms
12-04 09:23:49.938 I/Zygote  ( 1417): Preloading resources...
12-04 09:23:49.948 I/Zygote  ( 1417): ...preloaded 1 resources in 18ms.
12-04 09:23:49.988 I/Zygote  ( 1417): ...preloaded 31 resources in 35ms.
12-04 09:23:49.988 D/libEGL  ( 1417): loaded /system/lib/egl/libEGL_POWERVR_SGX530_125.so
12-04 09:23:49.988 D/libEGL  ( 1417): loaded /system/lib/egl/libGLESv1_CM_POWERVR_SGX530_125.so
12-04 09:23:49.998 D/libEGL  ( 1417): loaded /system/lib/egl/libGLESv2_POWERVR_SGX530_125.so
12-04 09:23:50.048 D/dalvikvm( 1417): GC_EXPLICIT freed 11K, 10% free 1830K/2020K, paused 1ms+1ms, total 29ms
12-04 09:23:50.078 D/dalvikvm( 1417): GC_EXPLICIT freed 10K, 10% free 1820K/2020K, paused 1ms+4ms, total 26ms
12-04 09:23:50.098 D/dalvikvm( 1417): GC_EXPLICIT freed <1K, 10% free 1820K/2020K, paused 1ms+1ms, total 27ms
12-04 09:23:50.128 I/dalvikvm( 1417): System server process 1751 has been created
12-04 09:23:50.128 I/Zygote  ( 1417): Accepting command socket connections
12-04 09:23:50.168 I/SystemServer( 1751): Entered the Android system server!
12-04 09:23:50.269 D/SensorService( 1751): nuSensorService starting...
12-04 09:23:50.269 D/SensorHAL( 1751): Starting M4 poll thread
12-04 09:23:50.269 D/SensorHAL( 1751): about to wait on condition
12-04 09:23:50.279 D/SensorHAL( 1751): threadFunction
12-04 09:23:50.279 D/SensorHAL( 1751): pollM4Thread: opening device: /sys/bus/i2c/drivers/m4sensorhub/1-0039/download_status
12-04 09:23:52.281 D/SensorHAL( 1751): pollM4Thread: Download M4 complete
12-04 09:23:52.281 D/SensorHAL( 1751): pollM4Thread: Property set successfully
12-04 09:23:52.281 D/SensorHAL( 1751): pollM4Thread: Waiting for m4setup to complete
12-04 09:23:52.291 D/m4setup ( 1764): Sensorhub Path: /sys/devices/m4sensor.28
12-04 09:23:52.291 D/m4setup ( 1764): lightsensor sensor name: lightsensor.36
12-04 09:23:52.291 D/m4setup ( 1764): als_setrate path: /sys/devices/m4sensor.28/lightsensor.36/als_setrate
12-04 09:23:52.291 D/m4setup ( 1764): mpu9150 sensor name: mpu9150.29
12-04 09:23:52.291 D/m4setup ( 1764): accel_setdelay path: /sys/devices/m4sensor.28/mpu9150.29/accel_setdelay
12-04 09:23:52.291 D/m4setup ( 1764): mpu9150 sensor name: mpu9150.29
12-04 09:23:52.291 D/m4setup ( 1764): compass_setdelay path: /sys/devices/m4sensor.28/mpu9150.29/compass_setdelay
12-04 09:23:52.291 D/m4setup ( 1764): mpu9150 sensor name: mpu9150.29
12-04 09:23:52.291 D/m4setup ( 1764): gyro_setdelay path: /sys/devices/m4sensor.28/mpu9150.29/gyro_setdelay
12-04 09:23:52.291 D/m4setup ( 1764): HeartRate data Path: /dev/iio:device3
12-04 09:23:52.291 D/m4setup ( 1764): m4sensorhub_heartrate setdelay Path: /sys/bus/iio/devices/iio:device3/setrate
12-04 09:23:52.291 D/m4setup ( 1764): Opening /sys/bus/iio/devices/iio:device3/buffer/length
12-04 09:23:52.291 D/m4setup ( 1764): Opening /sys/bus/iio/devices/iio:device3/buffer/enable
12-04 09:23:52.311 D/m4setup ( 1764): HeartRate data Path: /dev/iio:device0
12-04 09:23:52.311 D/m4setup ( 1764): m4sensorhub_pedometer enable Path: /sys/bus/iio/devices/iio:device0/userdata
12-04 09:23:52.311 D/m4setup ( 1764): m4sensorhub_pedometer setdelay Path: /sys/bus/iio/devices/iio:device0/setrate
12-04 09:23:52.311 D/m4setup ( 1764): Opening /sys/bus/iio/devices/iio:device0/buffer/length
12-04 09:23:52.311 D/m4setup ( 1764): Opening /sys/bus/iio/devices/iio:device0/buffer/enable
12-04 09:23:52.311 D/m4setup ( 1764): HeartRate data Path: /dev/iio:device1
12-04 09:23:52.311 D/m4setup ( 1764): m4sensorhub_gesture setdelay Path: /sys/bus/iio/devices/iio:device1/setrate
12-04 09:23:52.311 D/m4setup ( 1764): Opening /sys/bus/iio/devices/iio:device1/buffer/length
12-04 09:23:52.311 D/m4setup ( 1764): Opening /sys/bus/iio/devices/iio:device1/buffer/enable
12-04 09:23:52.311 D/m4setup ( 1764): HeartRate data Path: /dev/iio:device4
12-04 09:23:52.311 D/m4setup ( 1764): m4sensorhub_fusion setdelay Path: /sys/bus/iio/devices/iio:device4/setrate
12-04 09:23:52.311 D/m4setup ( 1764): Opening /sys/bus/iio/devices/iio:device4/buffer/length
12-04 09:23:52.311 D/m4setup ( 1764): Opening /sys/bus/iio/devices/iio:device4/buffer/enable
12-04 09:23:52.311 D/m4setup ( 1764): HeartRate data Path: /dev/iio:device2
12-04 09:23:52.311 D/m4setup ( 1764): m4sensorhub_passive setdelay Path: /sys/bus/iio/devices/iio:device2/setrate
12-04 09:23:52.311 D/m4setup ( 1764): Opening /sys/bus/iio/devices/iio:device2/buffer/length
12-04 09:23:52.311 D/m4setup ( 1764): Opening /sys/bus/iio/devices/iio:device2/buffer/enable
12-04 09:23:52.311 D/m4setup ( 1764): m4setup Done. Setting property
12-04 09:23:52.311 D/m4setup ( 1764): Property set successfully
12-04 09:23:52.471 D/ADSPD   ( 1411): Flash verified.. all images are good.
12-04 09:23:52.581 D/ADSPD   ( 1411): ACK success!
12-04 09:23:53.281 D/SensorHAL( 1751): woken from the condition wait
12-04 09:23:53.281 I/SensorHALSensorBase( 1751): opened input device event0 for mpDataName m4sensorhub_mpu9150
12-04 09:23:53.281 D/SensorHALSensorBase( 1751): Successfully opened input driver for m4sensorhub_mpu9150 
12-04 09:23:53.281 D/IioSensorHALSensorBase( 1751): IioId for m4sensorhub_pedometer = 0
12-04 09:23:53.281 D/IioSensorHALSensorBase( 1751): Device Path: /dev/iio:device0 for m4sensorhub_pedometer
12-04 09:23:53.281 D/SensorHALSensorBase( 1751): Successfully opened input driver for m4sensorhub_pedometer 
12-04 09:23:53.281 D/IioSensorHALSensorBase( 1751): IioId for m4sensorhub_gesture = 1
12-04 09:23:53.281 D/IioSensorHALSensorBase( 1751): Device Path: /dev/iio:device1 for m4sensorhub_gesture
12-04 09:23:53.281 D/SensorHALSensorBase( 1751): Successfully opened input driver for m4sensorhub_gesture 
12-04 09:23:53.281 I/SensorHALSensorBase( 1751): opened input device event0 for mpDataName m4sensorhub_mpu9150
12-04 09:23:53.281 D/SensorHALSensorBase( 1751): Successfully opened input driver for m4sensorhub_mpu9150 
12-04 09:23:53.281 I/SensorHALSensorBase( 1751): opened input device event0 for mpDataName m4sensorhub_mpu9150
12-04 09:23:53.281 D/SensorHALSensorBase( 1751): Successfully opened input driver for m4sensorhub_mpu9150 
12-04 09:23:53.281 I/SensorHALSensorBase( 1751): opened input device event3 for mpDataName m4sensorhub_als
12-04 09:23:53.281 D/SensorHALSensorBase( 1751): Successfully opened input driver for m4sensorhub_als 
12-04 09:23:53.281 D/IioSensorHALSensorBase( 1751): IioId for m4sensorhub_heartrate = 3
12-04 09:23:53.281 D/IioSensorHALSensorBase( 1751): Device Path: /dev/iio:device3 for m4sensorhub_heartrate
12-04 09:23:53.281 D/SensorHALSensorBase( 1751): Successfully opened input driver for m4sensorhub_heartrate 
12-04 09:23:53.281 D/IioSensorHALSensorBase( 1751): IioId for m4sensorhub_fusion = 4
12-04 09:23:53.281 D/IioSensorHALSensorBase( 1751): Device Path: /dev/iio:device4 for m4sensorhub_fusion
12-04 09:23:53.281 D/SensorHALSensorBase( 1751): Successfully opened input driver for m4sensorhub_fusion 
12-04 09:23:53.291 D/IioSensorHALSensorBase( 1751): IioId for m4sensorhub_passive = 2
12-04 09:23:53.291 D/IioSensorHALSensorBase( 1751): Device Path: /dev/iio:device2 for m4sensorhub_passive
12-04 09:23:53.291 D/SensorHALSensorBase( 1751): Successfully opened input driver for m4sensorhub_passive 
12-04 09:23:53.291 D/SensorHAL( 1751): adjustSensorHandle: handle = 9 adjustedHandle = 1
12-04 09:23:53.422 I/SensorService( 1751): Accelerometer Sensor
12-04 09:23:53.422 I/SensorService( 1751): Step Counter Sensor
12-04 09:23:53.422 I/SensorService( 1751): Gesture Sensor
12-04 09:23:53.422 I/SensorService( 1751): Detailed Step Counter Sensor
12-04 09:23:53.422 I/SensorService( 1751): Gyro Sensor
12-04 09:23:53.422 I/SensorService( 1751): Compass Sensor
12-04 09:23:53.422 I/SensorService( 1751): Light Sensor
12-04 09:23:53.422 I/SensorService( 1751): Heart Rate Sensor
12-04 09:23:53.422 I/SensorService( 1751): Rotation Vector Sensor
12-04 09:23:53.422 I/SensorService( 1751): Wellness Passive Sensor
12-04 09:23:53.422 I/SensorService( 1751): User Profile Sensor
12-04 09:23:53.422 I/SensorService( 1751): Orientation Sensor
12-04 09:23:53.422 I/SensorService( 1751): Gravity Sensor
12-04 09:23:53.422 I/SensorService( 1751): Linear Acceleration Sensor
12-04 09:23:53.422 D/SensorService( 1751): Max socket buffer size 163840
12-04 09:23:53.422 I/installd( 1419): new connection
12-04 09:23:53.422 D/SensorHAL( 1751): adjustSensorHandle: handle = 10 adjustedHandle = 1
12-04 09:23:53.422 D/SensorHAL( 1751): adjustSensorHandle: handle = 11 adjustedHandle = 7
12-04 09:23:53.422 D/SensorHAL( 1751): adjustSensorHandle: handle = 12 adjustedHandle = 7
12-04 09:23:53.422 D/SensorHAL( 1751): adjustSensorHandle: handle = 13 adjustedHandle = 7
12-04 09:23:53.422 I/SystemServiceManager( 1751): Starting com.android.server.pm.Installer
12-04 09:23:53.422 I/Installer( 1751): Waiting for installd to be ready.
12-04 09:23:53.422 I/Installer( 1751): connecting...
12-04 09:23:53.422 I/SystemServiceManager( 1751): Starting com.android.server.power.PowerManagerService
12-04 09:23:53.432 D/MinnowPowerHAL( 1751): power_init
12-04 09:23:53.432 D/mot_vr_audio_hw( 1751): Opening MotVR hardware device
12-04 09:23:53.432 D/ADSPD   ( 1411): Incoming connection from client
12-04 09:23:53.432 D/SensorService( 1751): nuSensorService thread starting...
12-04 09:23:53.432 D/mot_vr_audio_hw( 1751): ADSPD connected successfully
12-04 09:23:53.432 D/mot_vr_audio_hw( 1751): MotVR device 0xb7ff2f78 opened successfully
12-04 09:23:53.432 W/libsuspend( 1751): Error writing 'on' to /sys/power/state: Invalid argument
12-04 09:23:53.432 I/libsuspend( 1751): Selected autosleep
12-04 09:23:53.432 D/MinnowPowerHAL( 1751): power_set_interactive: 1
12-04 09:23:53.432 D/MinnowPowerHAL( 1751): sysfs_write: /sys/devices/platform/omapdss/display0/interactivemode 1
12-04 09:23:53.432 D/MinnowPowerHAL( 1751): sysfs_write: /sys/devices/ocp.2/i2c.6/i2c-0/0-004a/interactivemode 1
12-04 09:23:53.432 D/MinnowPowerHAL( 1751): sysfs_write: /sys/class/leds/lcd-backlight/interactive 1
12-04 09:23:53.432 D/mot_vr_audio_hw( 1751): dsp_set_pm_state = on
12-04 09:23:53.432 D/ADSPD   ( 1411): Client cmd=0x4002, size=2
12-04 09:23:53.432 D/ADSPD   ( 1411): DSP_CMD_DAEMON_SET_PM_STATE : 1
12-04 09:23:53.442 I/SystemServiceManager( 1751): Starting com.android.server.am.ActivityManagerService$Lifecycle
12-04 09:23:53.462 I/ActivityManager( 1751): Memory class: 48
12-04 09:23:53.582 D/dalvikvm( 1751): GC_CONCURRENT freed 113K, 13% free 2165K/2476K, paused 3ms+16ms, total 48ms
12-04 09:23:53.612 I/IntentFirewall( 1751): Read new rules (A:0 B:0 S:0)
12-04 09:23:53.632 I/SystemServiceManager( 1751): Starting com.android.server.display.DisplayManagerService
12-04 09:23:53.642 I/SystemServer( 1751): Telephony Registry
12-04 09:23:53.642 I/DisplayManagerService( 1751): Display device added: DisplayDeviceInfo{"Built-in Screen": 320 x 290, 45.000004 fps, density 213, 203.2 x 204.61111 dpi, touch INTERNAL, rotation 0, type BUILT_IN, state UNKNOWN, FLAG_DEFAULT_DISPLAY, FLAG_ROTATES_WITH_CONTENT, FLAG_SECURE, FLAG_SUPPORTS_PROTECTED_BUFFERS}
12-04 09:23:53.652 I/SystemServer( 1751): Scheduling Policy
12-04 09:23:53.652 I/SystemServiceManager( 1751): Starting phase 100
12-04 09:23:53.652 I/SystemServer( 1751): Package Manager
12-04 09:23:53.722 D/dalvikvm( 1751): GC_CONCURRENT freed 411K, 22% free 2253K/2868K, paused 3ms+1ms, total 29ms
12-04 09:23:53.722 D/dalvikvm( 1751): WAIT_FOR_CONCURRENT_GC blocked 5ms
12-04 09:23:53.732 E/ADSPD   ( 1411): Timeout on select()
12-04 09:23:53.732 E/ADSPD   ( 1411): NO ACK received after loading firmware
12-04 09:23:53.732 E/ADSPD   ( 1411): Unknown ACK received 0x00
12-04 09:23:53.742 D/SELinuxMMAC( 1751): Couldn't find install policy /data/security/mac_permissions.xml
12-04 09:23:53.752 D/SELinuxMMAC( 1751): Using install policy file /system/etc/security/mac_permissions.xml
12-04 09:23:53.882 D/dalvikvm( 1751): GC_CONCURRENT freed 305K, 18% free 2370K/2872K, paused 2ms+2ms, total 33ms
12-04 09:23:54.182 D/dalvikvm( 1751): GC_CONCURRENT freed 242K, 15% free 2557K/2996K, paused 3ms+2ms, total 32ms
12-04 09:23:54.333 I/PackageManager( 1751): Replacing default ResolverActivity with custom activity: ComponentInfo{com.google.android.apps.wearable.settings/com.google.android.apps.wearable.resolver.ResolverActivity}
12-04 09:23:54.513 D/dalvikvm( 1751): GC_CONCURRENT freed 134K, 11% free 2855K/3188K, paused 2ms+12ms, total 48ms
12-04 09:23:54.543 I/PackageManager( 1751): Package com.motorola.targetnotif at /system/priv-app/MotoManagerPrebuilt.apk ignored: updated version 1010024 better than this 1000043
12-04 09:23:54.663 W/ResourceType( 1751): Failure getting entry for 0x7f11019d (t=16 e=413) in package 0 (error -75)
12-04 09:23:54.663 W/ResourceType( 1751): Failure getting entry for 0x7f11019d (t=16 e=413) in package 0 (error -75)
12-04 09:23:54.713 I/PackageManager( 1751): Package com.google.android.gms at /system/priv-app/PrebuiltGmsCoreForClockworkWearable.apk ignored: updated version 6590534 better than this 6174534
12-04 09:23:54.763 W/PackageParser( 1751): No actions in intent filter at /system/app/Bluetooth.apk Binary XML file line #212
12-04 09:23:54.803 I/PackageManager( 1751): Package com.google.android.apps.fitness at /system/app/ClockworkFitness.apk ignored: updated version 2015068500 better than this 2014061201
12-04 09:23:54.883 D/PackageManager( 1751): No files in app dir /vendor/app
12-04 09:23:54.893 D/dalvikvm( 1751): GC_CONCURRENT freed 215K, 12% free 3059K/3472K, paused 2ms+4ms, total 47ms
12-04 09:23:54.913 E/SELinux ( 1751): SELinux: Loaded file_contexts from /file_contexts, 
12-04 09:23:54.913 E/SELinux ( 1751): digest=
12-04 09:23:54.913 E/SELinux ( 1751): 97
12-04 09:23:54.913 E/SELinux ( 1751): 5e
12-04 09:23:54.913 E/SELinux ( 1751): e9
12-04 09:23:54.913 E/SELinux ( 1751): e8
12-04 09:23:54.913 E/SELinux ( 1751): 3a
12-04 09:23:54.913 E/SELinux ( 1751): a5
12-04 09:23:54.913 E/SELinux ( 1751): b3
12-04 09:23:54.913 E/SELinux ( 1751): 2f
12-04 09:23:54.913 E/SELinux ( 1751): 7c
12-04 09:23:54.913 E/SELinux ( 1751): 90
12-04 09:23:54.913 E/SELinux ( 1751): 4c
12-04 09:23:54.913 E/SELinux ( 1751): 2f
12-04 09:23:54.913 E/SELinux ( 1751): 85
12-04 09:23:54.913 E/SELinux ( 1751): 1f
12-04 09:23:54.913 E/SELinux ( 1751): 89
12-04 09:23:54.913 E/SELinux ( 1751): 5a
12-04 09:23:54.913 E/SELinux ( 1751): 52
12-04 09:23:54.913 E/SELinux ( 1751): 84
12-04 09:23:54.913 E/SELinux ( 1751): ad
12-04 09:23:54.913 E/SELinux ( 1751): 40
12-04 09:23:54.913 E/SELinux ( 1751): 
12-04 09:23:55.424 W/Resources( 1751): Converting to boolean: TypedValue{t=0x3/d=0xf10 "false" a=2 r=0x7f100461}
12-04 09:23:55.434 W/ResourceType( 1751): Failure getting entry for 0x7f1101a6 (t=16 e=422) in package 0 (error -75)
12-04 09:23:55.434 W/ResourceType( 1751): Failure getting entry for 0x7f1101a6 (t=16 e=422) in package 0 (error -75)
12-04 09:23:55.464 W/PackageManager( 1751): Package com.google.android.gms desires unavailable shared library com.google.android.ble; ignoring!
12-04 09:23:55.584 W/PackageManager( 1751): Package com.google.android.gms declares lib com.google.android.gms that is not declared on system image; skipping
12-04 09:23:56.455 W/PackageManager( 1751): Package com.google.android.gms desires unavailable shared library com.google.android.ble; ignoring!
12-04 09:23:56.455 I/PackageManager( 1751): Time to scan packages: 2.41 seconds
12-04 09:23:56.465 W/PackageManager( 1751): Unknown permission com.google.android.gallery3d.permission.GALLERY_PROVIDER in package com.android.bluetooth
12-04 09:23:56.465 W/PackageManager( 1751): Unknown permission com.android.gallery3d.permission.GALLERY_PROVIDER in package com.android.bluetooth
12-04 09:23:56.465 W/PackageManager( 1751): Unknown permission android.permission.MMS_SEND_OUTBOX_MSG in package com.android.bluetooth
12-04 09:23:56.465 W/PackageManager( 1751): Unknown permission android.permission.RECOVERY in package com.google.android.gms
12-04 09:23:56.465 W/PackageManager( 1751): Unknown permission android.permission.PROVIDE_TRUST_AGENT in package com.google.android.gms
12-04 09:23:56.475 D/dalvikvm( 1751): GC_CONCURRENT freed 171K, 10% free 3297K/3660K, paused 2ms+2ms, total 104ms
12-04 09:23:56.475 W/PackageManager( 1751): Unknown permission com.google.android.apps.enterprise.dmagent.permission.AutoSyncPermission in package com.google.android.gms
12-04 09:23:56.475 W/PackageManager( 1751): Unknown permission com.google.android.googlequicksearchbox.permission.PAUSE_HOTWORD in package com.google.android.gms
12-04 09:23:56.475 W/PackageManager( 1751): Unknown permission android.permission.MANAGE_VOICE_KEYPHRASES in package com.google.android.gms
12-04 09:23:56.475 W/PackageManager( 1751): Unknown permission android.permission.REAL_GET_TASKS in package com.google.android.gms
12-04 09:23:56.475 W/PackageManager( 1751): Unknown permission com.google.android.hangouts.START_HANGOUT in package com.google.android.gms
12-04 09:23:56.475 W/PackageManager( 1751): Unknown permission android.permission.READ_WIFI_CREDENTIAL in package com.google.android.gms
12-04 09:23:56.475 W/PackageManager( 1751): Unknown permission android.permission.CONTROL_INCALL_EXPERIENCE in package com.google.android.gms
12-04 09:23:56.475 W/PackageManager( 1751): Unknown permission android.permission.USER_ACTIVITY in package com.google.android.gms
12-04 09:23:56.475 W/PackageManager( 1751): Unknown permission android.permission.SCORE_NETWORKS in package com.google.android.gms
12-04 09:23:56.475 W/PackageManager( 1751): Not granting permission android.permission.MODIFY_NETWORK_ACCOUNTING to package com.google.android.gms (protectionLevel=18 flags=0x40483ec5)
12-04 09:23:56.475 W/PackageManager( 1751): Not granting permission android.permission.BROADCAST_PACKAGE_REMOVED to package com.google.android.wearable.app (protectionLevel=2 flags=0x40183e45)
12-04 09:23:56.475 W/PackageManager( 1751): Not granting permission com.google.android.permission.PROVIDE_BACKGROUND to package org.dwallach.calwatch (protectionLevel=18 flags=0x8be44)
12-04 09:23:56.485 W/PackageManager( 1751): Unknown permission com.google.android.googleapps.permission.ACCESS_GOOGLE_PASSWORD in package com.google.android.gsf
12-04 09:23:56.485 W/PackageManager( 1751): Unknown permission com.google.android.googleapps.permission.GOOGLE_MAIL_SWITCH in package com.google.android.gsf
12-04 09:23:56.775 D/dalvikvm( 1751): GC_EXPLICIT freed 364K, 17% free 3182K/3832K, paused 2ms+8ms, total 72ms
12-04 09:23:56.795 I/lowmemorykiller( 1408): ActivityManager connected
12-04 09:23:56.795 I/SystemServer( 1751): Entropy Mixer
12-04 09:23:56.815 I/EntropyMixer( 1751): Writing entropy...
12-04 09:23:56.835 I/SystemServer( 1751): User Service
12-04 09:23:56.835 I/SystemServer( 1751): Account Manager
12-04 09:23:56.865 I/SystemServer( 1751): Content Manager
12-04 09:23:56.865 I/SystemServer( 1751): System Content Providers
12-04 09:23:56.985 I/SystemServiceManager( 1751): Starting com.android.server.lights.LightsService
12-04 09:23:57.015 I/SystemServer( 1751): Battery Service
12-04 09:23:57.095 I/SystemServer( 1751): Vibrator Service
12-04 09:23:57.105 E/ConsumerIrService( 1751): Can't open consumer IR HW Module, error: -2
12-04 09:23:57.105 D/AlarmManagerService( 1751): Kernel timezone updated to 360 minutes west of GMT
12-04 09:23:57.105 I/SystemServer( 1751): Consumer IR Service
12-04 09:23:57.105 I/SystemServiceManager( 1751): Starting com.android.server.AlarmManagerService
12-04 09:23:57.125 I/SystemServer( 1751): Init Watchdog
12-04 09:23:57.125 I/SystemServer( 1751): Input Manager
12-04 09:23:57.125 I/InputManager( 1751): Initializing input manager, mUseDevInputEventForAudioJack=false
12-04 09:23:57.135 I/SystemServer( 1751): Window Manager
12-04 09:23:57.155 D/PermissionCache( 1416): checking android.permission.ACCESS_SURFACE_FLINGER for uid=1000 => granted (579 us)
12-04 09:23:57.245 I/InputManager( 1751): Starting input manager
12-04 09:23:57.255 I/SystemServer( 1751): Bluetooth Manager Service
12-04 09:23:57.265 D/BluetoothManagerService( 1751): Loading stored name and address
12-04 09:23:57.265 D/BluetoothManagerService( 1751): Stored bluetooth Name=Moto 360 2012,Address=5C:31:3E:4F:20:12
12-04 09:23:57.275 D/EventHub( 1751): No input device configuration file found for device 'm4sensorhub_als'.
12-04 09:23:57.275 D/EventHub( 1751): No input device configuration file found for device 'tps65912-key'.
12-04 09:23:57.275 I/SystemServer( 1751): Input Method Service
12-04 09:23:57.285 W/EventHub( 1751): Unable to disable kernel key repeat for /dev/input/event1: Function not implemented
12-04 09:23:57.285 I/EventHub( 1751): New device: id=2, fd=98, path='/dev/input/event1', name='tps65912-key', classes=0x1, configuration='', keyLayout='/system/usr/keylayout/Generic.kl', keyCharacterMap='/system/usr/keychars/Generic.kcm', builtinKeyboard=false, usingSuspendBlockIoctl=true, usingClockIoctl=true
12-04 09:23:57.285 D/EventHub( 1751): No input device configuration file found for device 'm4sensorhub_mpu9150'.
12-04 09:23:57.295 W/EventHub( 1751): Unable to disable kernel key repeat for /dev/input/event2: Function not implemented
12-04 09:23:57.295 I/EventHub( 1751): New device: id=4, fd=96, path='/dev/input/event2', name='atmxt-i2c', classes=0x15, configuration='/system/usr/idc/atmxt-i2c.idc', keyLayout='/system/usr/keylayout/atmxt-i2c.kl', keyCharacterMap='/system/usr/keychars/Generic.kcm', builtinKeyboard=false, usingSuspendBlockIoctl=true, usingClockIoctl=true
12-04 09:23:57.315 I/InputReader( 1751): Device added: id=-1, name='Virtual', sources=0x00000301
12-04 09:23:57.315 I/InputReader( 1751):   Touch device 'atmxt-i2c' could not query the properties of its associated display.  The device will be inoperable until the display size becomes available.
12-04 09:23:57.315 I/InputReader( 1751): Device added: id=4, name='atmxt-i2c', sources=0x00001103
12-04 09:23:57.315 I/InputReader( 1751): Device added: id=2, name='tps65912-key', sources=0x00000101
12-04 09:23:57.325 W/InputMethodManagerService( 1751): Couldn't create dir.: /data/system/inputmethod
12-04 09:23:57.335 W/InputMethodManagerService( 1751): No IME selected. Choose the most applicable IME.
12-04 09:23:57.345 I/SystemServer( 1751): Accessibility Manager
12-04 09:23:57.375 I/ActivityManager( 1751): Config changes=1df8 {1.0 ?mcc?mnc en_US ldltr sw217dp w240dp h217dp 213dpi smll land ?uimode ?night -touch -keyb/h/h -nav/h s.2}
12-04 09:23:57.385 I/InputReader( 1751): Reconfiguring input devices.  changes=0x00000004
12-04 09:23:57.385 I/InputReader( 1751): Device reconfigured: id=4, name='atmxt-i2c', size 320x290, orientation 0, mode 1, display id 0
12-04 09:23:57.395 D/dalvikvm( 1751): GC_CONCURRENT freed 335K, 14% free 3332K/3860K, paused 2ms+3ms, total 150ms
12-04 09:23:57.395 I/ActivityManager( 1751): Config changes=408 {1.0 ?mcc?mnc en_US ldltr sw217dp w240dp h193dp 213dpi smll land ?uimode ?night finger -keyb/h/h -nav/h s.3}
12-04 09:23:57.395 I/SystemServer( 1751): Mount Service
12-04 09:23:57.406 D/MountService( 1751): got storage path: null description: Internal storage primary: false removable: false emulated: true mtpReserve: 100 allowMassStorage: false maxFileSize: 0
12-04 09:23:57.406 D/MountService( 1751): addVolumeLocked() StorageVolume:
12-04 09:23:57.406 D/MountService( 1751):     mStorageId=65537 mPath=/storage/emulated/0 mDescriptionId=17040671 
12-04 09:23:57.406 D/MountService( 1751):     mPrimary=true mRemovable=false mEmulated=true mMtpReserveSpace=100 
12-04 09:23:57.406 D/MountService( 1751):     mAllowMassStorage=false mMaxFileSize=0 mOwner=UserHandle{0} mUuid=null 
12-04 09:23:57.406 D/MountService( 1751):     mUserLabel=null mState=null 
12-04 09:23:57.426 I/SystemServer( 1751): LockSettingsService
12-04 09:23:57.436 I/SystemServiceManager( 1751): Starting com.android.server.devicepolicy.DevicePolicyManagerService$Lifecycle
12-04 09:23:57.436 I/SystemServer( 1751): Status Bar
12-04 09:23:57.436 I/SystemServer( 1751): Clipboard Service
12-04 09:23:57.446 I/SystemServer( 1751): NetworkManagement Service
12-04 09:23:57.466 I/PackageManager( 1751): No secure containers on sdcard
12-04 09:23:57.466 I/SystemServer( 1751): Text Service Manager Service
12-04 09:23:57.466 W/TextServicesManagerService( 1751): no available spell checker services found
12-04 09:23:57.476 I/SystemServer( 1751): NetworkStats Service
12-04 09:23:57.476 W/PackageManager( 1751): Unknown permission com.google.android.gallery3d.permission.GALLERY_PROVIDER in package com.android.bluetooth
12-04 09:23:57.476 W/PackageManager( 1751): Unknown permission com.android.gallery3d.permission.GALLERY_PROVIDER in package com.android.bluetooth
12-04 09:23:57.476 W/PackageManager( 1751): Unknown permission android.permission.MMS_SEND_OUTBOX_MSG in package com.android.bluetooth
12-04 09:23:57.476 W/PackageManager( 1751): Unknown permission android.permission.RECOVERY in package com.google.android.gms
12-04 09:23:57.476 W/PackageManager( 1751): Unknown permission android.permission.PROVIDE_TRUST_AGENT in package com.google.android.gms
12-04 09:23:57.476 W/PackageManager( 1751): Unknown permission com.google.android.apps.enterprise.dmagent.permission.AutoSyncPermission in package com.google.android.gms
12-04 09:23:57.476 W/PackageManager( 1751): Unknown permission com.google.android.googlequicksearchbox.permission.PAUSE_HOTWORD in package com.google.android.gms
12-04 09:23:57.476 W/PackageManager( 1751): Unknown permission android.permission.MANAGE_VOICE_KEYPHRASES in package com.google.android.gms
12-04 09:23:57.476 W/PackageManager( 1751): Unknown permission android.permission.REAL_GET_TASKS in package com.google.android.gms
12-04 09:23:57.476 W/PackageManager( 1751): Unknown permission com.google.android.hangouts.START_HANGOUT in package com.google.android.gms
12-04 09:23:57.476 W/PackageManager( 1751): Unknown permission android.permission.READ_WIFI_CREDENTIAL in package com.google.android.gms
12-04 09:23:57.486 W/PackageManager( 1751): Unknown permission android.permission.CONTROL_INCALL_EXPERIENCE in package com.google.android.gms
12-04 09:23:57.486 W/PackageManager( 1751): Unknown permission android.permission.USER_ACTIVITY in package com.google.android.gms
12-04 09:23:57.496 W/PackageManager( 1751): Unknown permission android.permission.SCORE_NETWORKS in package com.google.android.gms
12-04 09:23:57.496 W/PackageManager( 1751): Not granting permission android.permission.MODIFY_NETWORK_ACCOUNTING to package com.google.android.gms (protectionLevel=18 flags=0x40483ec5)
12-04 09:23:57.506 I/SystemServer( 1751): NetworkPolicy Service
12-04 09:23:57.516 I/SystemServer( 1751): Wi-Fi P2pService
12-04 09:23:57.516 W/PackageManager( 1751): Not granting permission android.permission.BROADCAST_PACKAGE_REMOVED to package com.google.android.wearable.app (protectionLevel=2 flags=0x40183e45)
12-04 09:23:57.526 W/PackageManager( 1751): Not granting permission com.google.android.permission.PROVIDE_BACKGROUND to package org.dwallach.calwatch (protectionLevel=18 flags=0x8be44)
12-04 09:23:57.526 W/PackageManager( 1751): Unknown permission com.google.android.googleapps.permission.ACCESS_GOOGLE_PASSWORD in package com.google.android.gsf
12-04 09:23:57.526 W/PackageManager( 1751): Unknown permission com.google.android.googleapps.permission.GOOGLE_MAIL_SWITCH in package com.google.android.gsf
12-04 09:23:57.756 W/WindowManager( 1751): Timeout waiting for drawn: undrawn=[]
12-04 09:23:57.886 I/SystemServer( 1751): Wi-Fi Service
12-04 09:23:58.126 D/WifiController( 1751): isAirplaneModeOn = false, isWifiEnabled = false, isScanningAvailable = false
12-04 09:23:58.136 I/SystemServer( 1751): Connectivity Service
12-04 09:23:58.146 D/ConnectivityService( 1751): ConnectivityService starting up
12-04 09:23:58.176 D/ConnectivityService( 1751): wifiOnly=false
12-04 09:23:58.176 E/ConnectivityService( 1751): Ignoring protectedNetwork 10
12-04 09:23:58.176 E/ConnectivityService( 1751): Ignoring protectedNetwork 11
12-04 09:23:58.176 E/ConnectivityService( 1751): Ignoring protectedNetwork 12
12-04 09:23:58.176 E/ConnectivityService( 1751): Ignoring protectedNetwork 14
12-04 09:23:58.196 D/dalvikvm( 1751): GC_CONCURRENT freed 265K, 12% free 3501K/3972K, paused 3ms+29ms, total 117ms
12-04 09:23:58.196 D/BluetoothTethering( 1751): startMonitoring: target: Handler (com.android.server.ConnectivityService$NetworkStateTrackerHandler) {adec9f48}
12-04 09:23:58.196 D/BluetoothTethering( 1751): startMonitoring: mCsHandler: Handler (com.android.server.ConnectivityService$NetworkStateTrackerHandler) {adec9f48}
12-04 09:23:58.206 D/BluetoothManagerService( 1751): Message: 20
12-04 09:23:58.206 D/BluetoothManagerService( 1751): Added callback: android.bluetooth.BluetoothAdapter$2@adeaeb08:true
12-04 09:23:58.206 D/BluetoothManagerService( 1751): Message: 30
